[2023-09-28T18:03:02.237+0200][gc,heap] Heap region size: 1M
[2023-09-28T18:03:02.249+0200][gc     ] Using G1
[2023-09-28T18:03:02.249+0200][gc,heap,coops] Heap address: 0x00000000c0000000, size: 1024 MB, Compressed Oops mode: 32-bit
[2023-09-28T18:03:02.249+0200][gc,cds       ] Mark closed archive regions in map: [0x00000000fff00000, 0x00000000fff6aff8]
[2023-09-28T18:03:02.249+0200][gc,cds       ] Mark open archive regions in map: [0x00000000ffe00000, 0x00000000ffe46ff8]
[2023-09-28T18:03:02.917+0200][gc,start     ] GC(0) Pause Young (Normal) (G1 Evacuation Pause)
[2023-09-28T18:03:02.918+0200][gc,task      ] GC(0) Using 13 workers of 13 for evacuation
[2023-09-28T18:03:02.924+0200][gc,phases    ] GC(0)   Pre Evacuate Collection Set: 0,0ms
[2023-09-28T18:03:02.924+0200][gc,phases    ] GC(0)   Evacuate Collection Set: 5,2ms
[2023-09-28T18:03:02.924+0200][gc,phases    ] GC(0)   Post Evacuate Collection Set: 0,6ms
[2023-09-28T18:03:02.924+0200][gc,phases    ] GC(0)   Other: 1,3ms
[2023-09-28T18:03:02.924+0200][gc,heap      ] GC(0) Eden regions: 51->0(44)
[2023-09-28T18:03:02.924+0200][gc,heap      ] GC(0) Survivor regions: 0->7(7)
[2023-09-28T18:03:02.924+0200][gc,heap      ] GC(0) Old regions: 2->2
[2023-09-28T18:03:02.924+0200][gc,heap      ] GC(0) Humongous regions: 0->0
[2023-09-28T18:03:02.924+0200][gc,metaspace ] GC(0) Metaspace: 14284K(15104K)->14284K(15104K) NonClass: 12540K(13056K)->12540K(13056K) Class: 1744K(2048K)->1744K(2048K)
[2023-09-28T18:03:02.924+0200][gc           ] GC(0) Pause Young (Normal) (G1 Evacuation Pause) 51M->7M(1024M) 7,203ms
[2023-09-28T18:03:02.924+0200][gc,cpu       ] GC(0) User=0,06s Sys=0,01s Real=0,01s
[2023-09-28T18:03:03.305+0200][gc,start     ] GC(1) Pause Young (Concurrent Start) (Metadata GC Threshold)
[2023-09-28T18:03:03.305+0200][gc,task      ] GC(1) Using 13 workers of 13 for evacuation
[2023-09-28T18:03:03.312+0200][gc,phases    ] GC(1)   Pre Evacuate Collection Set: 0,1ms
[2023-09-28T18:03:03.312+0200][gc,phases    ] GC(1)   Evacuate Collection Set: 6,9ms
[2023-09-28T18:03:03.312+0200][gc,phases    ] GC(1)   Post Evacuate Collection Set: 0,3ms
[2023-09-28T18:03:03.312+0200][gc,phases    ] GC(1)   Other: 0,3ms
[2023-09-28T18:03:03.312+0200][gc,heap      ] GC(1) Eden regions: 28->0(49)
[2023-09-28T18:03:03.312+0200][gc,heap      ] GC(1) Survivor regions: 7->2(7)
[2023-09-28T18:03:03.312+0200][gc,heap      ] GC(1) Old regions: 2->9
[2023-09-28T18:03:03.312+0200][gc,heap      ] GC(1) Humongous regions: 0->0
[2023-09-28T18:03:03.312+0200][gc,metaspace ] GC(1) Metaspace: 20468K(21248K)->20468K(21248K) NonClass: 18003K(18432K)->18003K(18432K) Class: 2464K(2816K)->2464K(2816K)
[2023-09-28T18:03:03.312+0200][gc           ] GC(1) Pause Young (Concurrent Start) (Metadata GC Threshold) 34M->8M(1024M) 7,544ms
[2023-09-28T18:03:03.312+0200][gc,cpu       ] GC(1) User=0,05s Sys=0,00s Real=0,00s
[2023-09-28T18:03:03.312+0200][gc           ] GC(2) Concurrent Cycle
[2023-09-28T18:03:03.312+0200][gc,marking   ] GC(2) Concurrent Clear Claimed Marks
[2023-09-28T18:03:03.312+0200][gc,marking   ] GC(2) Concurrent Clear Claimed Marks 0,060ms
[2023-09-28T18:03:03.312+0200][gc,marking   ] GC(2) Concurrent Scan Root Regions
[2023-09-28T18:03:03.313+0200][gc,marking   ] GC(2) Concurrent Scan Root Regions 1,036ms
[2023-09-28T18:03:03.314+0200][gc,marking   ] GC(2) Concurrent Mark (1,082s)
[2023-09-28T18:03:03.314+0200][gc,marking   ] GC(2) Concurrent Mark From Roots
[2023-09-28T18:03:03.314+0200][gc,task      ] GC(2) Using 3 workers of 3 for marking
[2023-09-28T18:03:03.318+0200][gc,marking   ] GC(2) Concurrent Mark From Roots 4,910ms
[2023-09-28T18:03:03.318+0200][gc,marking   ] GC(2) Concurrent Preclean
[2023-09-28T18:03:03.319+0200][gc,marking   ] GC(2) Concurrent Preclean 0,160ms
[2023-09-28T18:03:03.319+0200][gc,marking   ] GC(2) Concurrent Mark (1,082s, 1,087s) 5,128ms
[2023-09-28T18:03:03.319+0200][gc,start     ] GC(2) Pause Remark
[2023-09-28T18:03:03.321+0200][gc,stringtable] GC(2) Cleaned string and symbol table, strings: 5297 processed, 0 removed, symbols: 52339 processed, 48 removed
[2023-09-28T18:03:03.321+0200][gc            ] GC(2) Pause Remark 9M->9M(1024M) 2,094ms
[2023-09-28T18:03:03.321+0200][gc,cpu        ] GC(2) User=0,02s Sys=0,00s Real=0,00s
[2023-09-28T18:03:03.321+0200][gc,marking    ] GC(2) Concurrent Rebuild Remembered Sets
[2023-09-28T18:03:03.324+0200][gc,marking    ] GC(2) Concurrent Rebuild Remembered Sets 3,050ms
[2023-09-28T18:03:03.324+0200][gc,start      ] GC(2) Pause Cleanup
[2023-09-28T18:03:03.324+0200][gc            ] GC(2) Pause Cleanup 9M->9M(1024M) 0,255ms
[2023-09-28T18:03:03.324+0200][gc,cpu        ] GC(2) User=0,00s Sys=0,00s Real=0,00s
[2023-09-28T18:03:03.324+0200][gc,marking    ] GC(2) Concurrent Cleanup for Next Mark
[2023-09-28T18:03:03.327+0200][gc,marking    ] GC(2) Concurrent Cleanup for Next Mark 2,370ms
[2023-09-28T18:03:03.327+0200][gc            ] GC(2) Concurrent Cycle 14,577ms
[2023-09-28T18:03:03.804+0200][gc,start      ] GC(3) Pause Young (Normal) (G1 Evacuation Pause)
[2023-09-28T18:03:03.804+0200][gc,task       ] GC(3) Using 13 workers of 13 for evacuation
[2023-09-28T18:03:03.808+0200][gc,phases     ] GC(3)   Pre Evacuate Collection Set: 0,0ms
[2023-09-28T18:03:03.808+0200][gc,phases     ] GC(3)   Evacuate Collection Set: 3,5ms
[2023-09-28T18:03:03.808+0200][gc,phases     ] GC(3)   Post Evacuate Collection Set: 0,5ms
[2023-09-28T18:03:03.809+0200][gc,phases     ] GC(3)   Other: 0,2ms
[2023-09-28T18:03:03.809+0200][gc,heap       ] GC(3) Eden regions: 49->0(46)
[2023-09-28T18:03:03.809+0200][gc,heap       ] GC(3) Survivor regions: 2->5(7)
[2023-09-28T18:03:03.809+0200][gc,heap       ] GC(3) Old regions: 9->9
[2023-09-28T18:03:03.809+0200][gc,heap       ] GC(3) Humongous regions: 129->129
[2023-09-28T18:03:03.809+0200][gc,metaspace  ] GC(3) Metaspace: 28535K(29696K)->28535K(29696K) NonClass: 25241K(25856K)->25241K(25856K) Class: 3294K(3840K)->3294K(3840K)
[2023-09-28T18:03:03.809+0200][gc            ] GC(3) Pause Young (Normal) (G1 Evacuation Pause) 186M->140M(1024M) 4,307ms
[2023-09-28T18:03:03.809+0200][gc,cpu        ] GC(3) User=0,04s Sys=0,00s Real=0,00s
[2023-09-28T18:03:04.083+0200][gc,start      ] GC(4) Pause Young (Concurrent Start) (Metadata GC Threshold)
[2023-09-28T18:03:04.083+0200][gc,task       ] GC(4) Using 13 workers of 13 for evacuation
[2023-09-28T18:03:04.088+0200][gc,phases     ] GC(4)   Pre Evacuate Collection Set: 0,1ms
[2023-09-28T18:03:04.089+0200][gc,phases     ] GC(4)   Evacuate Collection Set: 4,4ms
[2023-09-28T18:03:04.089+0200][gc,phases     ] GC(4)   Post Evacuate Collection Set: 0,5ms
[2023-09-28T18:03:04.089+0200][gc,phases     ] GC(4)   Other: 0,2ms
[2023-09-28T18:03:04.089+0200][gc,heap       ] GC(4) Eden regions: 30->0(48)
[2023-09-28T18:03:04.089+0200][gc,heap       ] GC(4) Survivor regions: 5->3(7)
[2023-09-28T18:03:04.089+0200][gc,heap       ] GC(4) Old regions: 9->13
[2023-09-28T18:03:04.089+0200][gc,heap       ] GC(4) Humongous regions: 129->129
[2023-09-28T18:03:04.089+0200][gc,metaspace  ] GC(4) Metaspace: 34309K(35840K)->34309K(35840K) NonClass: 30309K(31232K)->30309K(31232K) Class: 3999K(4608K)->3999K(4608K)
[2023-09-28T18:03:04.089+0200][gc            ] GC(4) Pause Young (Concurrent Start) (Metadata GC Threshold) 170M->142M(1024M) 5,339ms
[2023-09-28T18:03:04.089+0200][gc,cpu        ] GC(4) User=0,04s Sys=0,01s Real=0,00s
[2023-09-28T18:03:04.089+0200][gc            ] GC(5) Concurrent Cycle
[2023-09-28T18:03:04.089+0200][gc,marking    ] GC(5) Concurrent Clear Claimed Marks
[2023-09-28T18:03:04.089+0200][gc,marking    ] GC(5) Concurrent Clear Claimed Marks 0,153ms
[2023-09-28T18:03:04.089+0200][gc,marking    ] GC(5) Concurrent Scan Root Regions
[2023-09-28T18:03:04.090+0200][gc,marking    ] GC(5) Concurrent Scan Root Regions 0,977ms
[2023-09-28T18:03:04.090+0200][gc,marking    ] GC(5) Concurrent Mark (1,858s)
[2023-09-28T18:03:04.090+0200][gc,marking    ] GC(5) Concurrent Mark From Roots
[2023-09-28T18:03:04.090+0200][gc,task       ] GC(5) Using 3 workers of 3 for marking
[2023-09-28T18:03:04.096+0200][gc,marking    ] GC(5) Concurrent Mark From Roots 5,982ms
[2023-09-28T18:03:04.096+0200][gc,marking    ] GC(5) Concurrent Preclean
[2023-09-28T18:03:04.096+0200][gc,marking    ] GC(5) Concurrent Preclean 0,137ms
[2023-09-28T18:03:04.096+0200][gc,marking    ] GC(5) Concurrent Mark (1,858s, 1,864s) 6,183ms
[2023-09-28T18:03:04.096+0200][gc,start      ] GC(5) Pause Remark
[2023-09-28T18:03:04.099+0200][gc,stringtable] GC(5) Cleaned string and symbol table, strings: 10491 processed, 13 removed, symbols: 84895 processed, 15 removed
[2023-09-28T18:03:04.100+0200][gc            ] GC(5) Pause Remark 143M->143M(1024M) 3,387ms
[2023-09-28T18:03:04.100+0200][gc,cpu        ] GC(5) User=0,03s Sys=0,00s Real=0,00s
[2023-09-28T18:03:04.100+0200][gc,marking    ] GC(5) Concurrent Rebuild Remembered Sets
[2023-09-28T18:03:04.104+0200][gc,marking    ] GC(5) Concurrent Rebuild Remembered Sets 4,113ms
[2023-09-28T18:03:04.104+0200][gc,start      ] GC(5) Pause Cleanup
[2023-09-28T18:03:04.104+0200][gc            ] GC(5) Pause Cleanup 143M->143M(1024M) 0,211ms
[2023-09-28T18:03:04.104+0200][gc,cpu        ] GC(5) User=0,00s Sys=0,00s Real=0,00s
[2023-09-28T18:03:04.104+0200][gc,marking    ] GC(5) Concurrent Cleanup for Next Mark
[2023-09-28T18:03:04.107+0200][gc,marking    ] GC(5) Concurrent Cleanup for Next Mark 2,574ms
[2023-09-28T18:03:04.107+0200][gc            ] GC(5) Concurrent Cycle 18,290ms
[2023-09-28T18:22:28.453+0200][gc,heap,exit  ] Heap
[2023-09-28T18:22:28.453+0200][gc,heap,exit  ]  garbage-first heap   total 1048576K, used 191278K [0x00000000c0000000, 0x0000000100000000)
[2023-09-28T18:22:28.453+0200][gc,heap,exit  ]   region size 1024K, 49 young (50176K), 3 survivors (3072K)
[2023-09-28T18:22:28.453+0200][gc,heap,exit  ]  Metaspace       used 40348K, capacity 42782K, committed 42880K, reserved 1085440K
[2023-09-28T18:22:28.453+0200][gc,heap,exit  ]   class space    used 5299K, capacity 6492K, committed 6528K, reserved 1048576K
