[2023-10-21T12:03:48.554+0200][gc,heap] Heap region size: 1M
[2023-10-21T12:03:48.567+0200][gc     ] Using G1
[2023-10-21T12:03:48.567+0200][gc,heap,coops] Heap address: 0x00000000c0000000, size: 1024 MB, Compressed Oops mode: 32-bit
[2023-10-21T12:03:48.567+0200][gc,cds       ] Mark closed archive regions in map: [0x00000000fff00000, 0x00000000fff6aff8]
[2023-10-21T12:03:48.567+0200][gc,cds       ] Mark open archive regions in map: [0x00000000ffe00000, 0x00000000ffe46ff8]
[2023-10-21T12:03:49.725+0200][gc,start     ] GC(0) Pause Young (Normal) (G1 Evacuation Pause)
[2023-10-21T12:03:49.727+0200][gc,task      ] GC(0) Using 13 workers of 13 for evacuation
[2023-10-21T12:03:49.737+0200][gc,phases    ] GC(0)   Pre Evacuate Collection Set: 0,0ms
[2023-10-21T12:03:49.737+0200][gc,phases    ] GC(0)   Evacuate Collection Set: 8,7ms
[2023-10-21T12:03:49.737+0200][gc,phases    ] GC(0)   Post Evacuate Collection Set: 0,8ms
[2023-10-21T12:03:49.737+0200][gc,phases    ] GC(0)   Other: 2,0ms
[2023-10-21T12:03:49.737+0200][gc,heap      ] GC(0) Eden regions: 51->0(44)
[2023-10-21T12:03:49.737+0200][gc,heap      ] GC(0) Survivor regions: 0->7(7)
[2023-10-21T12:03:49.737+0200][gc,heap      ] GC(0) Old regions: 2->2
[2023-10-21T12:03:49.737+0200][gc,heap      ] GC(0) Humongous regions: 0->0
[2023-10-21T12:03:49.737+0200][gc,metaspace ] GC(0) Metaspace: 14229K(15104K)->14229K(15104K) NonClass: 12492K(13056K)->12492K(13056K) Class: 1737K(2048K)->1737K(2048K)
[2023-10-21T12:03:49.737+0200][gc           ] GC(0) Pause Young (Normal) (G1 Evacuation Pause) 51M->7M(1024M) 11,714ms
[2023-10-21T12:03:49.737+0200][gc,cpu       ] GC(0) User=0,09s Sys=0,02s Real=0,01s
[2023-10-21T12:03:50.153+0200][gc,start     ] GC(1) Pause Young (Concurrent Start) (Metadata GC Threshold)
[2023-10-21T12:03:50.153+0200][gc,task      ] GC(1) Using 13 workers of 13 for evacuation
[2023-10-21T12:03:50.163+0200][gc,phases    ] GC(1)   Pre Evacuate Collection Set: 0,1ms
[2023-10-21T12:03:50.163+0200][gc,phases    ] GC(1)   Evacuate Collection Set: 8,9ms
[2023-10-21T12:03:50.163+0200][gc,phases    ] GC(1)   Post Evacuate Collection Set: 0,7ms
[2023-10-21T12:03:50.163+0200][gc,phases    ] GC(1)   Other: 0,4ms
[2023-10-21T12:03:50.163+0200][gc,heap      ] GC(1) Eden regions: 28->0(49)
[2023-10-21T12:03:50.163+0200][gc,heap      ] GC(1) Survivor regions: 7->2(7)
[2023-10-21T12:03:50.163+0200][gc,heap      ] GC(1) Old regions: 2->9
[2023-10-21T12:03:50.163+0200][gc,heap      ] GC(1) Humongous regions: 0->0
[2023-10-21T12:03:50.163+0200][gc,metaspace ] GC(1) Metaspace: 20459K(21248K)->20459K(21248K) NonClass: 17996K(18432K)->17996K(18432K) Class: 2463K(2816K)->2463K(2816K)
[2023-10-21T12:03:50.163+0200][gc           ] GC(1) Pause Young (Concurrent Start) (Metadata GC Threshold) 34M->8M(1024M) 10,283ms
[2023-10-21T12:03:50.163+0200][gc,cpu       ] GC(1) User=0,05s Sys=0,01s Real=0,01s
[2023-10-21T12:03:50.163+0200][gc           ] GC(2) Concurrent Cycle
[2023-10-21T12:03:50.163+0200][gc,marking   ] GC(2) Concurrent Clear Claimed Marks
[2023-10-21T12:03:50.164+0200][gc,marking   ] GC(2) Concurrent Clear Claimed Marks 0,099ms
[2023-10-21T12:03:50.164+0200][gc,marking   ] GC(2) Concurrent Scan Root Regions
[2023-10-21T12:03:50.165+0200][gc,marking   ] GC(2) Concurrent Scan Root Regions 1,223ms
[2023-10-21T12:03:50.165+0200][gc,marking   ] GC(2) Concurrent Mark (1,616s)
[2023-10-21T12:03:50.165+0200][gc,marking   ] GC(2) Concurrent Mark From Roots
[2023-10-21T12:03:50.165+0200][gc,task      ] GC(2) Using 3 workers of 3 for marking
[2023-10-21T12:03:50.170+0200][gc,marking   ] GC(2) Concurrent Mark From Roots 4,675ms
[2023-10-21T12:03:50.170+0200][gc,marking   ] GC(2) Concurrent Preclean
[2023-10-21T12:03:50.170+0200][gc,marking   ] GC(2) Concurrent Preclean 0,230ms
[2023-10-21T12:03:50.170+0200][gc,marking   ] GC(2) Concurrent Mark (1,616s, 1,621s) 5,000ms
[2023-10-21T12:03:50.170+0200][gc,start     ] GC(2) Pause Remark
[2023-10-21T12:03:50.172+0200][gc,stringtable] GC(2) Cleaned string and symbol table, strings: 5241 processed, 0 removed, symbols: 52049 processed, 47 removed
[2023-10-21T12:03:50.172+0200][gc            ] GC(2) Pause Remark 9M->9M(1024M) 2,022ms
[2023-10-21T12:03:50.172+0200][gc,cpu        ] GC(2) User=0,01s Sys=0,00s Real=0,00s
[2023-10-21T12:03:50.172+0200][gc,marking    ] GC(2) Concurrent Rebuild Remembered Sets
[2023-10-21T12:03:50.175+0200][gc,marking    ] GC(2) Concurrent Rebuild Remembered Sets 2,475ms
[2023-10-21T12:03:50.175+0200][gc,start      ] GC(2) Pause Cleanup
[2023-10-21T12:03:50.175+0200][gc            ] GC(2) Pause Cleanup 9M->9M(1024M) 0,279ms
[2023-10-21T12:03:50.175+0200][gc,cpu        ] GC(2) User=0,00s Sys=0,00s Real=0,00s
[2023-10-21T12:03:50.175+0200][gc,marking    ] GC(2) Concurrent Cleanup for Next Mark
[2023-10-21T12:03:50.178+0200][gc,marking    ] GC(2) Concurrent Cleanup for Next Mark 2,495ms
[2023-10-21T12:03:50.178+0200][gc            ] GC(2) Concurrent Cycle 14,359ms
[2023-10-21T12:03:51.081+0200][gc,start      ] GC(3) Pause Young (Normal) (G1 Evacuation Pause)
[2023-10-21T12:03:51.081+0200][gc,task       ] GC(3) Using 13 workers of 13 for evacuation
[2023-10-21T12:03:51.084+0200][gc,phases     ] GC(3)   Pre Evacuate Collection Set: 0,0ms
[2023-10-21T12:03:51.084+0200][gc,phases     ] GC(3)   Evacuate Collection Set: 2,6ms
[2023-10-21T12:03:51.084+0200][gc,phases     ] GC(3)   Post Evacuate Collection Set: 0,6ms
[2023-10-21T12:03:51.084+0200][gc,phases     ] GC(3)   Other: 0,3ms
[2023-10-21T12:03:51.084+0200][gc,heap       ] GC(3) Eden regions: 49->0(47)
[2023-10-21T12:03:51.084+0200][gc,heap       ] GC(3) Survivor regions: 2->4(7)
[2023-10-21T12:03:51.084+0200][gc,heap       ] GC(3) Old regions: 9->9
[2023-10-21T12:03:51.084+0200][gc,heap       ] GC(3) Humongous regions: 129->129
[2023-10-21T12:03:51.084+0200][gc,metaspace  ] GC(3) Metaspace: 28312K(29568K)->28312K(29568K) NonClass: 25041K(25856K)->25041K(25856K) Class: 3271K(3712K)->3271K(3712K)
[2023-10-21T12:03:51.084+0200][gc            ] GC(3) Pause Young (Normal) (G1 Evacuation Pause) 186M->139M(1024M) 3,670ms
[2023-10-21T12:03:51.084+0200][gc,cpu        ] GC(3) User=0,03s Sys=0,01s Real=0,00s
[2023-10-21T12:03:51.493+0200][gc,start      ] GC(4) Pause Young (Concurrent Start) (Metadata GC Threshold)
[2023-10-21T12:03:51.493+0200][gc,task       ] GC(4) Using 13 workers of 13 for evacuation
[2023-10-21T12:03:51.499+0200][gc,phases     ] GC(4)   Pre Evacuate Collection Set: 0,2ms
[2023-10-21T12:03:51.499+0200][gc,phases     ] GC(4)   Evacuate Collection Set: 4,7ms
[2023-10-21T12:03:51.499+0200][gc,phases     ] GC(4)   Post Evacuate Collection Set: 0,7ms
[2023-10-21T12:03:51.499+0200][gc,phases     ] GC(4)   Other: 0,3ms
[2023-10-21T12:03:51.499+0200][gc,heap       ] GC(4) Eden regions: 39->0(44)
[2023-10-21T12:03:51.499+0200][gc,heap       ] GC(4) Survivor regions: 4->7(7)
[2023-10-21T12:03:51.499+0200][gc,heap       ] GC(4) Old regions: 9->9
[2023-10-21T12:03:51.499+0200][gc,heap       ] GC(4) Humongous regions: 129->129
[2023-10-21T12:03:51.499+0200][gc,metaspace  ] GC(4) Metaspace: 34490K(35840K)->34490K(35840K) NonClass: 30497K(31232K)->30497K(31232K) Class: 3992K(4608K)->3992K(4608K)
[2023-10-21T12:03:51.499+0200][gc            ] GC(4) Pause Young (Concurrent Start) (Metadata GC Threshold) 177M->142M(1024M) 6,013ms
[2023-10-21T12:03:51.499+0200][gc,cpu        ] GC(4) User=0,05s Sys=0,00s Real=0,00s
[2023-10-21T12:03:51.500+0200][gc            ] GC(5) Concurrent Cycle
[2023-10-21T12:03:51.500+0200][gc,marking    ] GC(5) Concurrent Clear Claimed Marks
[2023-10-21T12:03:51.500+0200][gc,marking    ] GC(5) Concurrent Clear Claimed Marks 0,157ms
[2023-10-21T12:03:51.500+0200][gc,marking    ] GC(5) Concurrent Scan Root Regions
[2023-10-21T12:03:51.502+0200][gc,marking    ] GC(5) Concurrent Scan Root Regions 2,614ms
[2023-10-21T12:03:51.502+0200][gc,marking    ] GC(5) Concurrent Mark (2,953s)
[2023-10-21T12:03:51.502+0200][gc,marking    ] GC(5) Concurrent Mark From Roots
[2023-10-21T12:03:51.502+0200][gc,task       ] GC(5) Using 3 workers of 3 for marking
[2023-10-21T12:03:51.507+0200][gc,marking    ] GC(5) Concurrent Mark From Roots 4,791ms
[2023-10-21T12:03:51.507+0200][gc,marking    ] GC(5) Concurrent Preclean
[2023-10-21T12:03:51.507+0200][gc,marking    ] GC(5) Concurrent Preclean 0,183ms
[2023-10-21T12:03:51.507+0200][gc,marking    ] GC(5) Concurrent Mark (2,953s, 2,958s) 5,071ms
[2023-10-21T12:03:51.508+0200][gc,start      ] GC(5) Pause Remark
[2023-10-21T12:03:51.510+0200][gc,stringtable] GC(5) Cleaned string and symbol table, strings: 10767 processed, 11 removed, symbols: 83931 processed, 16 removed
[2023-10-21T12:03:51.510+0200][gc            ] GC(5) Pause Remark 144M->144M(1024M) 2,653ms
[2023-10-21T12:03:51.510+0200][gc,cpu        ] GC(5) User=0,03s Sys=0,00s Real=0,00s
[2023-10-21T12:03:51.510+0200][gc,marking    ] GC(5) Concurrent Rebuild Remembered Sets
[2023-10-21T12:03:51.514+0200][gc,marking    ] GC(5) Concurrent Rebuild Remembered Sets 3,199ms
[2023-10-21T12:03:51.514+0200][gc,start      ] GC(5) Pause Cleanup
[2023-10-21T12:03:51.514+0200][gc            ] GC(5) Pause Cleanup 144M->144M(1024M) 0,250ms
[2023-10-21T12:03:51.514+0200][gc,cpu        ] GC(5) User=0,00s Sys=0,00s Real=0,00s
[2023-10-21T12:03:51.514+0200][gc,marking    ] GC(5) Concurrent Cleanup for Next Mark
[2023-10-21T12:03:51.519+0200][gc,marking    ] GC(5) Concurrent Cleanup for Next Mark 5,041ms
[2023-10-21T12:03:51.519+0200][gc            ] GC(5) Concurrent Cycle 19,798ms
[2023-10-21T12:03:56.673+0200][gc,start      ] GC(6) Pause Young (Normal) (G1 Evacuation Pause)
[2023-10-21T12:03:56.673+0200][gc,task       ] GC(6) Using 13 workers of 13 for evacuation
[2023-10-21T12:03:56.681+0200][gc,phases     ] GC(6)   Pre Evacuate Collection Set: 0,0ms
[2023-10-21T12:03:56.681+0200][gc,phases     ] GC(6)   Evacuate Collection Set: 6,5ms
[2023-10-21T12:03:56.681+0200][gc,phases     ] GC(6)   Post Evacuate Collection Set: 1,1ms
[2023-10-21T12:03:56.681+0200][gc,phases     ] GC(6)   Other: 0,3ms
[2023-10-21T12:03:56.681+0200][gc,heap       ] GC(6) Eden regions: 44->0(48)
[2023-10-21T12:03:56.681+0200][gc,heap       ] GC(6) Survivor regions: 7->3(7)
[2023-10-21T12:03:56.681+0200][gc,heap       ] GC(6) Old regions: 9->16
[2023-10-21T12:03:56.681+0200][gc,heap       ] GC(6) Humongous regions: 141->129
[2023-10-21T12:03:56.681+0200][gc,metaspace  ] GC(6) Metaspace: 41834K(44492K)->41834K(44492K) NonClass: 36402K(37836K)->36402K(37836K) Class: 5432K(6656K)->5432K(6656K)
[2023-10-21T12:03:56.681+0200][gc            ] GC(6) Pause Young (Normal) (G1 Evacuation Pause) 198M->145M(1024M) 8,112ms
[2023-10-21T12:03:56.681+0200][gc,cpu        ] GC(6) User=0,07s Sys=0,00s Real=0,01s
[2023-10-21T12:05:49.923+0200][gc,heap,exit  ] Heap
[2023-10-21T12:05:49.933+0200][gc,heap,exit  ]  garbage-first heap   total 1048576K, used 170490K [0x00000000c0000000, 0x0000000100000000)
[2023-10-21T12:05:49.933+0200][gc,heap,exit  ]   region size 1024K, 25 young (25600K), 3 survivors (3072K)
[2023-10-21T12:05:49.933+0200][gc,heap,exit  ]  Metaspace       used 43821K, capacity 46765K, committed 46924K, reserved 1089536K
[2023-10-21T12:05:49.933+0200][gc,heap,exit  ]   class space    used 5784K, capacity 7190K, committed 7296K, reserved 1048576K
