[2023-10-21T11:17:53.287+0200][gc,heap] Heap region size: 1M
[2023-10-21T11:17:53.299+0200][gc     ] Using G1
[2023-10-21T11:17:53.299+0200][gc,heap,coops] Heap address: 0x00000000c0000000, size: 1024 MB, Compressed Oops mode: 32-bit
[2023-10-21T11:17:53.299+0200][gc,cds       ] Mark closed archive regions in map: [0x00000000fff00000, 0x00000000fff6aff8]
[2023-10-21T11:17:53.299+0200][gc,cds       ] Mark open archive regions in map: [0x00000000ffe00000, 0x00000000ffe46ff8]
[2023-10-21T11:17:54.464+0200][gc,start     ] GC(0) Pause Young (Normal) (G1 Evacuation Pause)
[2023-10-21T11:17:54.465+0200][gc,task      ] GC(0) Using 13 workers of 13 for evacuation
[2023-10-21T11:17:54.477+0200][gc,phases    ] GC(0)   Pre Evacuate Collection Set: 0,0ms
[2023-10-21T11:17:54.477+0200][gc,phases    ] GC(0)   Evacuate Collection Set: 10,8ms
[2023-10-21T11:17:54.477+0200][gc,phases    ] GC(0)   Post Evacuate Collection Set: 1,1ms
[2023-10-21T11:17:54.477+0200][gc,phases    ] GC(0)   Other: 1,4ms
[2023-10-21T11:17:54.477+0200][gc,heap      ] GC(0) Eden regions: 51->0(44)
[2023-10-21T11:17:54.477+0200][gc,heap      ] GC(0) Survivor regions: 0->7(7)
[2023-10-21T11:17:54.477+0200][gc,heap      ] GC(0) Old regions: 2->2
[2023-10-21T11:17:54.477+0200][gc,heap      ] GC(0) Humongous regions: 0->0
[2023-10-21T11:17:54.477+0200][gc,metaspace ] GC(0) Metaspace: 14277K(15104K)->14277K(15104K) NonClass: 12533K(13056K)->12533K(13056K) Class: 1744K(2048K)->1744K(2048K)
[2023-10-21T11:17:54.477+0200][gc           ] GC(0) Pause Young (Normal) (G1 Evacuation Pause) 51M->7M(1024M) 13,466ms
[2023-10-21T11:17:54.477+0200][gc,cpu       ] GC(0) User=0,08s Sys=0,02s Real=0,01s
[2023-10-21T11:17:55.053+0200][gc,start     ] GC(1) Pause Young (Concurrent Start) (Metadata GC Threshold)
[2023-10-21T11:17:55.053+0200][gc,task      ] GC(1) Using 13 workers of 13 for evacuation
[2023-10-21T11:17:55.065+0200][gc,phases    ] GC(1)   Pre Evacuate Collection Set: 0,1ms
[2023-10-21T11:17:55.065+0200][gc,phases    ] GC(1)   Evacuate Collection Set: 10,7ms
[2023-10-21T11:17:55.065+0200][gc,phases    ] GC(1)   Post Evacuate Collection Set: 0,8ms
[2023-10-21T11:17:55.065+0200][gc,phases    ] GC(1)   Other: 0,5ms
[2023-10-21T11:17:55.065+0200][gc,heap      ] GC(1) Eden regions: 28->0(49)
[2023-10-21T11:17:55.065+0200][gc,heap      ] GC(1) Survivor regions: 7->2(7)
[2023-10-21T11:17:55.065+0200][gc,heap      ] GC(1) Old regions: 2->9
[2023-10-21T11:17:55.065+0200][gc,heap      ] GC(1) Humongous regions: 0->0
[2023-10-21T11:17:55.065+0200][gc,metaspace ] GC(1) Metaspace: 20517K(21248K)->20517K(21248K) NonClass: 18043K(18432K)->18043K(18432K) Class: 2474K(2816K)->2474K(2816K)
[2023-10-21T11:17:55.065+0200][gc           ] GC(1) Pause Young (Concurrent Start) (Metadata GC Threshold) 35M->8M(1024M) 12,337ms
[2023-10-21T11:17:55.065+0200][gc,cpu       ] GC(1) User=0,08s Sys=0,01s Real=0,01s
[2023-10-21T11:17:55.065+0200][gc           ] GC(2) Concurrent Cycle
[2023-10-21T11:17:55.065+0200][gc,marking   ] GC(2) Concurrent Clear Claimed Marks
[2023-10-21T11:17:55.066+0200][gc,marking   ] GC(2) Concurrent Clear Claimed Marks 0,110ms
[2023-10-21T11:17:55.066+0200][gc,marking   ] GC(2) Concurrent Scan Root Regions
[2023-10-21T11:17:55.067+0200][gc,marking   ] GC(2) Concurrent Scan Root Regions 1,314ms
[2023-10-21T11:17:55.067+0200][gc,marking   ] GC(2) Concurrent Mark (1,786s)
[2023-10-21T11:17:55.067+0200][gc,marking   ] GC(2) Concurrent Mark From Roots
[2023-10-21T11:17:55.067+0200][gc,task      ] GC(2) Using 3 workers of 3 for marking
[2023-10-21T11:17:55.071+0200][gc,marking   ] GC(2) Concurrent Mark From Roots 4,507ms
[2023-10-21T11:17:55.072+0200][gc,marking   ] GC(2) Concurrent Preclean
[2023-10-21T11:17:55.072+0200][gc,marking   ] GC(2) Concurrent Preclean 0,251ms
[2023-10-21T11:17:55.072+0200][gc,marking   ] GC(2) Concurrent Mark (1,786s, 1,791s) 4,851ms
[2023-10-21T11:17:55.072+0200][gc,start     ] GC(2) Pause Remark
[2023-10-21T11:17:55.075+0200][gc,stringtable] GC(2) Cleaned string and symbol table, strings: 5245 processed, 0 removed, symbols: 52955 processed, 46 removed
[2023-10-21T11:17:55.075+0200][gc            ] GC(2) Pause Remark 8M->8M(1024M) 3,087ms
[2023-10-21T11:17:55.075+0200][gc,cpu        ] GC(2) User=0,02s Sys=0,00s Real=0,01s
[2023-10-21T11:17:55.075+0200][gc,marking    ] GC(2) Concurrent Rebuild Remembered Sets
[2023-10-21T11:17:55.079+0200][gc,marking    ] GC(2) Concurrent Rebuild Remembered Sets 3,345ms
[2023-10-21T11:17:55.079+0200][gc,start      ] GC(2) Pause Cleanup
[2023-10-21T11:17:55.079+0200][gc            ] GC(2) Pause Cleanup 8M->8M(1024M) 0,338ms
[2023-10-21T11:17:55.079+0200][gc,cpu        ] GC(2) User=0,00s Sys=0,00s Real=0,00s
[2023-10-21T11:17:55.079+0200][gc,marking    ] GC(2) Concurrent Cleanup for Next Mark
[2023-10-21T11:17:55.083+0200][gc,marking    ] GC(2) Concurrent Cleanup for Next Mark 3,676ms
[2023-10-21T11:17:55.083+0200][gc            ] GC(2) Concurrent Cycle 17,660ms
[2023-10-21T11:17:55.759+0200][gc,start      ] GC(3) Pause Young (Normal) (G1 Evacuation Pause)
[2023-10-21T11:17:55.759+0200][gc,task       ] GC(3) Using 13 workers of 13 for evacuation
[2023-10-21T11:17:55.762+0200][gc,phases     ] GC(3)   Pre Evacuate Collection Set: 0,0ms
[2023-10-21T11:17:55.762+0200][gc,phases     ] GC(3)   Evacuate Collection Set: 2,4ms
[2023-10-21T11:17:55.762+0200][gc,phases     ] GC(3)   Post Evacuate Collection Set: 0,6ms
[2023-10-21T11:17:55.762+0200][gc,phases     ] GC(3)   Other: 0,2ms
[2023-10-21T11:17:55.762+0200][gc,heap       ] GC(3) Eden regions: 49->0(46)
[2023-10-21T11:17:55.762+0200][gc,heap       ] GC(3) Survivor regions: 2->5(7)
[2023-10-21T11:17:55.762+0200][gc,heap       ] GC(3) Old regions: 9->9
[2023-10-21T11:17:55.762+0200][gc,heap       ] GC(3) Humongous regions: 129->129
[2023-10-21T11:17:55.762+0200][gc,metaspace  ] GC(3) Metaspace: 28823K(30336K)->28823K(30336K) NonClass: 25435K(26368K)->25435K(26368K) Class: 3387K(3968K)->3387K(3968K)
[2023-10-21T11:17:55.762+0200][gc            ] GC(3) Pause Young (Normal) (G1 Evacuation Pause) 186M->140M(1024M) 3,422ms
[2023-10-21T11:17:55.762+0200][gc,cpu        ] GC(3) User=0,03s Sys=0,00s Real=0,01s
[2023-10-21T11:17:56.097+0200][gc,start      ] GC(4) Pause Young (Concurrent Start) (Metadata GC Threshold)
[2023-10-21T11:17:56.097+0200][gc,task       ] GC(4) Using 13 workers of 13 for evacuation
[2023-10-21T11:17:56.104+0200][gc,phases     ] GC(4)   Pre Evacuate Collection Set: 0,1ms
[2023-10-21T11:17:56.104+0200][gc,phases     ] GC(4)   Evacuate Collection Set: 5,9ms
[2023-10-21T11:17:56.104+0200][gc,phases     ] GC(4)   Post Evacuate Collection Set: 0,5ms
[2023-10-21T11:17:56.104+0200][gc,phases     ] GC(4)   Other: 0,3ms
[2023-10-21T11:17:56.104+0200][gc,heap       ] GC(4) Eden regions: 28->0(48)
[2023-10-21T11:17:56.104+0200][gc,heap       ] GC(4) Survivor regions: 5->3(7)
[2023-10-21T11:17:56.104+0200][gc,heap       ] GC(4) Old regions: 9->13
[2023-10-21T11:17:56.104+0200][gc,heap       ] GC(4) Humongous regions: 129->129
[2023-10-21T11:17:56.104+0200][gc,metaspace  ] GC(4) Metaspace: 34377K(35840K)->34377K(35840K) NonClass: 30385K(31232K)->30385K(31232K) Class: 3992K(4608K)->3992K(4608K)
[2023-10-21T11:17:56.104+0200][gc            ] GC(4) Pause Young (Concurrent Start) (Metadata GC Threshold) 168M->142M(1024M) 6,961ms
[2023-10-21T11:17:56.104+0200][gc,cpu        ] GC(4) User=0,07s Sys=0,01s Real=0,01s
[2023-10-21T11:17:56.104+0200][gc            ] GC(5) Concurrent Cycle
[2023-10-21T11:17:56.105+0200][gc,marking    ] GC(5) Concurrent Clear Claimed Marks
[2023-10-21T11:17:56.105+0200][gc,marking    ] GC(5) Concurrent Clear Claimed Marks 0,254ms
[2023-10-21T11:17:56.105+0200][gc,marking    ] GC(5) Concurrent Scan Root Regions
[2023-10-21T11:17:56.106+0200][gc,marking    ] GC(5) Concurrent Scan Root Regions 1,612ms
[2023-10-21T11:17:56.106+0200][gc,marking    ] GC(5) Concurrent Mark (2,825s)
[2023-10-21T11:17:56.106+0200][gc,marking    ] GC(5) Concurrent Mark From Roots
[2023-10-21T11:17:56.106+0200][gc,task       ] GC(5) Using 3 workers of 3 for marking
[2023-10-21T11:17:56.114+0200][gc,marking    ] GC(5) Concurrent Mark From Roots 7,689ms
[2023-10-21T11:17:56.114+0200][gc,marking    ] GC(5) Concurrent Preclean
[2023-10-21T11:17:56.114+0200][gc,marking    ] GC(5) Concurrent Preclean 0,195ms
[2023-10-21T11:17:56.114+0200][gc,marking    ] GC(5) Concurrent Mark (2,825s, 2,833s) 7,962ms
[2023-10-21T11:17:56.115+0200][gc,start      ] GC(5) Pause Remark
[2023-10-21T11:17:56.116+0200][gc,stringtable] GC(5) Cleaned string and symbol table, strings: 10478 processed, 13 removed, symbols: 86635 processed, 17 removed
[2023-10-21T11:17:56.117+0200][gc            ] GC(5) Pause Remark 143M->143M(1024M) 2,101ms
[2023-10-21T11:17:56.117+0200][gc,cpu        ] GC(5) User=0,02s Sys=0,00s Real=0,00s
[2023-10-21T11:17:56.117+0200][gc,marking    ] GC(5) Concurrent Rebuild Remembered Sets
[2023-10-21T11:17:56.123+0200][gc,marking    ] GC(5) Concurrent Rebuild Remembered Sets 5,766ms
[2023-10-21T11:17:56.123+0200][gc,start      ] GC(5) Pause Cleanup
[2023-10-21T11:17:56.123+0200][gc            ] GC(5) Pause Cleanup 144M->144M(1024M) 0,229ms
[2023-10-21T11:17:56.123+0200][gc,cpu        ] GC(5) User=0,00s Sys=0,00s Real=0,00s
[2023-10-21T11:17:56.123+0200][gc,marking    ] GC(5) Concurrent Cleanup for Next Mark
[2023-10-21T11:17:56.126+0200][gc,marking    ] GC(5) Concurrent Cleanup for Next Mark 2,817ms
[2023-10-21T11:17:56.126+0200][gc            ] GC(5) Concurrent Cycle 21,789ms
[2023-10-21T11:38:41.400+0200][gc,start      ] GC(6) Pause Young (Normal) (G1 Evacuation Pause)
[2023-10-21T11:38:41.400+0200][gc,task       ] GC(6) Using 13 workers of 13 for evacuation
[2023-10-21T11:38:41.406+0200][gc,phases     ] GC(6)   Pre Evacuate Collection Set: 0,1ms
[2023-10-21T11:38:41.406+0200][gc,phases     ] GC(6)   Evacuate Collection Set: 3,8ms
[2023-10-21T11:38:41.406+0200][gc,phases     ] GC(6)   Post Evacuate Collection Set: 1,4ms
[2023-10-21T11:38:41.406+0200][gc,phases     ] GC(6)   Other: 0,4ms
[2023-10-21T11:38:41.406+0200][gc,heap       ] GC(6) Eden regions: 48->0(47)
[2023-10-21T11:38:41.406+0200][gc,heap       ] GC(6) Survivor regions: 3->4(7)
[2023-10-21T11:38:41.406+0200][gc,heap       ] GC(6) Old regions: 13->13
[2023-10-21T11:38:41.406+0200][gc,heap       ] GC(6) Humongous regions: 129->129
[2023-10-21T11:38:41.406+0200][gc,metaspace  ] GC(6) Metaspace: 40697K(43084K)->40697K(43084K) NonClass: 35407K(36608K)->35407K(36608K) Class: 5289K(6476K)->5289K(6476K)
[2023-10-21T11:38:41.406+0200][gc            ] GC(6) Pause Young (Normal) (G1 Evacuation Pause) 190M->144M(1024M) 5,915ms
[2023-10-21T11:38:41.406+0200][gc,cpu        ] GC(6) User=0,05s Sys=0,01s Real=0,01s
[2023-10-21T11:45:31.400+0200][gc,start      ] GC(7) Pause Young (Normal) (G1 Evacuation Pause)
[2023-10-21T11:45:31.411+0200][gc,task       ] GC(7) Using 13 workers of 13 for evacuation
[2023-10-21T11:45:31.419+0200][gc,phases     ] GC(7)   Pre Evacuate Collection Set: 0,0ms
[2023-10-21T11:45:31.419+0200][gc,phases     ] GC(7)   Evacuate Collection Set: 5,2ms
[2023-10-21T11:45:31.419+0200][gc,phases     ] GC(7)   Post Evacuate Collection Set: 2,6ms
[2023-10-21T11:45:31.419+0200][gc,phases     ] GC(7)   Other: 11,0ms
[2023-10-21T11:45:31.419+0200][gc,heap       ] GC(7) Eden regions: 47->0(44)
[2023-10-21T11:45:31.419+0200][gc,heap       ] GC(7) Survivor regions: 4->7(7)
[2023-10-21T11:45:31.419+0200][gc,heap       ] GC(7) Old regions: 13->13
[2023-10-21T11:45:31.419+0200][gc,heap       ] GC(7) Humongous regions: 129->129
[2023-10-21T11:45:31.419+0200][gc,metaspace  ] GC(7) Metaspace: 43812K(46796K)->43812K(46796K) NonClass: 38141K(39680K)->38141K(39680K) Class: 5670K(7116K)->5670K(7116K)
[2023-10-21T11:45:31.419+0200][gc            ] GC(7) Pause Young (Normal) (G1 Evacuation Pause) 191M->147M(1024M) 19,084ms
[2023-10-21T11:45:31.419+0200][gc,cpu        ] GC(7) User=0,08s Sys=0,01s Real=0,02s
[2023-10-21T11:52:31.438+0200][gc,heap,exit  ] Heap
[2023-10-21T11:52:31.439+0200][gc,heap,exit  ]  garbage-first heap   total 1048576K, used 184788K [0x00000000c0000000, 0x0000000100000000)
[2023-10-21T11:52:31.439+0200][gc,heap,exit  ]   region size 1024K, 42 young (43008K), 7 survivors (7168K)
[2023-10-21T11:52:31.439+0200][gc,heap,exit  ]  Metaspace       used 44470K, capacity 47364K, committed 47436K, reserved 1089536K
[2023-10-21T11:52:31.439+0200][gc,heap,exit  ]   class space    used 5814K, capacity 7220K, committed 7244K, reserved 1048576K
