[2023-10-21T11:16:57.667+0200][gc,heap] Heap region size: 1M
[2023-10-21T11:16:57.675+0200][gc     ] Using G1
[2023-10-21T11:16:57.675+0200][gc,heap,coops] Heap address: 0x00000000e0000000, size: 512 MB, Compressed Oops mode: 32-bit
[2023-10-21T11:16:57.675+0200][gc,cds       ] Mark closed archive regions in map: [0x00000000fff00000, 0x00000000fff6aff8]
[2023-10-21T11:16:57.675+0200][gc,cds       ] Mark open archive regions in map: [0x00000000ffe00000, 0x00000000ffe46ff8]
[2023-10-21T11:16:58.352+0200][gc,start     ] GC(0) Pause Young (Normal) (G1 Evacuation Pause)
[2023-10-21T11:16:58.354+0200][gc,task      ] GC(0) Using 12 workers of 13 for evacuation
[2023-10-21T11:16:58.367+0200][gc,phases    ] GC(0)   Pre Evacuate Collection Set: 0,0ms
[2023-10-21T11:16:58.367+0200][gc,phases    ] GC(0)   Evacuate Collection Set: 11,7ms
[2023-10-21T11:16:58.367+0200][gc,phases    ] GC(0)   Post Evacuate Collection Set: 0,7ms
[2023-10-21T11:16:58.367+0200][gc,phases    ] GC(0)   Other: 2,2ms
[2023-10-21T11:16:58.367+0200][gc,heap      ] GC(0) Eden regions: 25->0(21)
[2023-10-21T11:16:58.367+0200][gc,heap      ] GC(0) Survivor regions: 0->4(4)
[2023-10-21T11:16:58.367+0200][gc,heap      ] GC(0) Old regions: 2->5
[2023-10-21T11:16:58.367+0200][gc,heap      ] GC(0) Humongous regions: 0->0
[2023-10-21T11:16:58.367+0200][gc,metaspace ] GC(0) Metaspace: 7448K(7936K)->7448K(7936K) NonClass: 6622K(6912K)->6622K(6912K) Class: 825K(1024K)->825K(1024K)
[2023-10-21T11:16:58.367+0200][gc           ] GC(0) Pause Young (Normal) (G1 Evacuation Pause) 25M->7M(512M) 14,665ms
[2023-10-21T11:16:58.367+0200][gc,cpu       ] GC(0) User=0,11s Sys=0,02s Real=0,02s
[2023-10-21T12:05:49.448+0200][gc,heap,exit ] Heap
[2023-10-21T12:05:49.456+0200][gc,heap,exit ]  garbage-first heap   total 524288K, used 25170K [0x00000000e0000000, 0x0000000100000000)
[2023-10-21T12:05:49.456+0200][gc,heap,exit ]   region size 1024K, 22 young (22528K), 4 survivors (4096K)
[2023-10-21T12:05:49.456+0200][gc,heap,exit ]  Metaspace       used 9403K, capacity 9824K, committed 10240K, reserved 1058816K
[2023-10-21T12:05:49.456+0200][gc,heap,exit ]   class space    used 983K, capacity 1153K, committed 1280K, reserved 1048576K
