[2023-09-28T18:00:24.632+0200][gc,heap] Heap region size: 1M
[2023-09-28T18:00:24.639+0200][gc     ] Using G1
[2023-09-28T18:00:24.639+0200][gc,heap,coops] Heap address: 0x00000000e0000000, size: 512 MB, Compressed Oops mode: 32-bit
[2023-09-28T18:00:24.639+0200][gc,cds       ] Mark closed archive regions in map: [0x00000000fff00000, 0x00000000fff6aff8]
[2023-09-28T18:00:24.639+0200][gc,cds       ] Mark open archive regions in map: [0x00000000ffe00000, 0x00000000ffe46ff8]
[2023-09-28T18:00:25.086+0200][gc,start     ] GC(0) Pause Young (Normal) (G1 Evacuation Pause)
[2023-09-28T18:00:25.087+0200][gc,task      ] GC(0) Using 12 workers of 13 for evacuation
[2023-09-28T18:00:25.093+0200][gc,phases    ] GC(0)   Pre Evacuate Collection Set: 0,0ms
[2023-09-28T18:00:25.093+0200][gc,phases    ] GC(0)   Evacuate Collection Set: 5,3ms
[2023-09-28T18:00:25.093+0200][gc,phases    ] GC(0)   Post Evacuate Collection Set: 0,3ms
[2023-09-28T18:00:25.093+0200][gc,phases    ] GC(0)   Other: 0,9ms
[2023-09-28T18:00:25.093+0200][gc,heap      ] GC(0) Eden regions: 25->0(21)
[2023-09-28T18:00:25.093+0200][gc,heap      ] GC(0) Survivor regions: 0->4(4)
[2023-09-28T18:00:25.093+0200][gc,heap      ] GC(0) Old regions: 2->6
[2023-09-28T18:00:25.093+0200][gc,heap      ] GC(0) Humongous regions: 0->0
[2023-09-28T18:00:25.093+0200][gc,metaspace ] GC(0) Metaspace: 7456K(7936K)->7456K(7936K) NonClass: 6630K(6912K)->6630K(6912K) Class: 825K(1024K)->825K(1024K)
[2023-09-28T18:00:25.093+0200][gc           ] GC(0) Pause Young (Normal) (G1 Evacuation Pause) 25M->7M(512M) 6,588ms
[2023-09-28T18:00:25.093+0200][gc,cpu       ] GC(0) User=0,04s Sys=0,00s Real=0,00s
[2023-09-28T18:22:34.004+0200][gc,heap,exit ] Heap
[2023-09-28T18:22:34.004+0200][gc,heap,exit ]  garbage-first heap   total 524288K, used 20225K [0x00000000e0000000, 0x0000000100000000)
[2023-09-28T18:22:34.004+0200][gc,heap,exit ]   region size 1024K, 17 young (17408K), 4 survivors (4096K)
[2023-09-28T18:22:34.004+0200][gc,heap,exit ]  Metaspace       used 9140K, capacity 9564K, committed 9984K, reserved 1058816K
[2023-09-28T18:22:34.005+0200][gc,heap,exit ]   class space    used 981K, capacity 1153K, committed 1280K, reserved 1048576K
