[2023-10-30T18:19:30.447+0100][gc,heap] Heap region size: 1M
[2023-10-30T18:19:30.456+0100][gc     ] Using G1
[2023-10-30T18:19:30.456+0100][gc,heap,coops] Heap address: 0x00000000c0000000, size: 1024 MB, Compressed Oops mode: 32-bit
[2023-10-30T18:19:30.457+0100][gc,cds       ] Mark closed archive regions in map: [0x00000000fff00000, 0x00000000fff6aff8]
[2023-10-30T18:19:30.457+0100][gc,cds       ] Mark open archive regions in map: [0x00000000ffe00000, 0x00000000ffe46ff8]
[2023-10-30T18:19:31.575+0100][gc,start     ] GC(0) Pause Young (Normal) (G1 Evacuation Pause)
[2023-10-30T18:19:31.577+0100][gc,task      ] GC(0) Using 13 workers of 13 for evacuation
[2023-10-30T18:19:31.590+0100][gc,phases    ] GC(0)   Pre Evacuate Collection Set: 0,0ms
[2023-10-30T18:19:31.590+0100][gc,phases    ] GC(0)   Evacuate Collection Set: 12,1ms
[2023-10-30T18:19:31.590+0100][gc,phases    ] GC(0)   Post Evacuate Collection Set: 0,7ms
[2023-10-30T18:19:31.590+0100][gc,phases    ] GC(0)   Other: 1,9ms
[2023-10-30T18:19:31.590+0100][gc,heap      ] GC(0) Eden regions: 51->0(44)
[2023-10-30T18:19:31.590+0100][gc,heap      ] GC(0) Survivor regions: 0->7(7)
[2023-10-30T18:19:31.590+0100][gc,heap      ] GC(0) Old regions: 2->2
[2023-10-30T18:19:31.590+0100][gc,heap      ] GC(0) Humongous regions: 0->0
[2023-10-30T18:19:31.590+0100][gc,metaspace ] GC(0) Metaspace: 14141K(14848K)->14141K(14848K) NonClass: 12409K(12800K)->12409K(12800K) Class: 1731K(2048K)->1731K(2048K)
[2023-10-30T18:19:31.590+0100][gc           ] GC(0) Pause Young (Normal) (G1 Evacuation Pause) 51M->7M(1024M) 14,879ms
[2023-10-30T18:19:31.590+0100][gc,cpu       ] GC(0) User=0,12s Sys=0,03s Real=0,01s
[2023-10-30T18:19:32.154+0100][gc,start     ] GC(1) Pause Young (Concurrent Start) (Metadata GC Threshold)
[2023-10-30T18:19:32.154+0100][gc,task      ] GC(1) Using 13 workers of 13 for evacuation
[2023-10-30T18:19:32.166+0100][gc,phases    ] GC(1)   Pre Evacuate Collection Set: 0,1ms
[2023-10-30T18:19:32.166+0100][gc,phases    ] GC(1)   Evacuate Collection Set: 10,2ms
[2023-10-30T18:19:32.166+0100][gc,phases    ] GC(1)   Post Evacuate Collection Set: 0,6ms
[2023-10-30T18:19:32.166+0100][gc,phases    ] GC(1)   Other: 0,4ms
[2023-10-30T18:19:32.166+0100][gc,heap      ] GC(1) Eden regions: 28->0(49)
[2023-10-30T18:19:32.166+0100][gc,heap      ] GC(1) Survivor regions: 7->2(7)
[2023-10-30T18:19:32.166+0100][gc,heap      ] GC(1) Old regions: 2->9
[2023-10-30T18:19:32.166+0100][gc,heap      ] GC(1) Humongous regions: 0->0
[2023-10-30T18:19:32.166+0100][gc,metaspace ] GC(1) Metaspace: 20479K(21248K)->20479K(21248K) NonClass: 18013K(18432K)->18013K(18432K) Class: 2466K(2816K)->2466K(2816K)
[2023-10-30T18:19:32.166+0100][gc           ] GC(1) Pause Young (Concurrent Start) (Metadata GC Threshold) 34M->8M(1024M) 11,524ms
[2023-10-30T18:19:32.166+0100][gc,cpu       ] GC(1) User=0,08s Sys=0,01s Real=0,02s
[2023-10-30T18:19:32.166+0100][gc           ] GC(2) Concurrent Cycle
[2023-10-30T18:19:32.166+0100][gc,marking   ] GC(2) Concurrent Clear Claimed Marks
[2023-10-30T18:19:32.166+0100][gc,marking   ] GC(2) Concurrent Clear Claimed Marks 0,089ms
[2023-10-30T18:19:32.166+0100][gc,marking   ] GC(2) Concurrent Scan Root Regions
[2023-10-30T18:19:32.167+0100][gc,marking   ] GC(2) Concurrent Scan Root Regions 1,367ms
[2023-10-30T18:19:32.167+0100][gc,marking   ] GC(2) Concurrent Mark (1,726s)
[2023-10-30T18:19:32.167+0100][gc,marking   ] GC(2) Concurrent Mark From Roots
[2023-10-30T18:19:32.168+0100][gc,task      ] GC(2) Using 3 workers of 3 for marking
[2023-10-30T18:19:32.173+0100][gc,marking   ] GC(2) Concurrent Mark From Roots 5,774ms
[2023-10-30T18:19:32.173+0100][gc,marking   ] GC(2) Concurrent Preclean
[2023-10-30T18:19:32.173+0100][gc,marking   ] GC(2) Concurrent Preclean 0,173ms
[2023-10-30T18:19:32.173+0100][gc,marking   ] GC(2) Concurrent Mark (1,726s, 1,732s) 6,032ms
[2023-10-30T18:19:32.174+0100][gc,start     ] GC(2) Pause Remark
[2023-10-30T18:19:32.176+0100][gc,stringtable] GC(2) Cleaned string and symbol table, strings: 5262 processed, 0 removed, symbols: 52277 processed, 48 removed
[2023-10-30T18:19:32.177+0100][gc            ] GC(2) Pause Remark 9M->9M(1024M) 2,926ms
[2023-10-30T18:19:32.177+0100][gc,cpu        ] GC(2) User=0,03s Sys=0,00s Real=0,01s
[2023-10-30T18:19:32.177+0100][gc,marking    ] GC(2) Concurrent Rebuild Remembered Sets
[2023-10-30T18:19:32.180+0100][gc,marking    ] GC(2) Concurrent Rebuild Remembered Sets 3,222ms
[2023-10-30T18:19:32.180+0100][gc,start      ] GC(2) Pause Cleanup
[2023-10-30T18:19:32.180+0100][gc            ] GC(2) Pause Cleanup 10M->10M(1024M) 0,210ms
[2023-10-30T18:19:32.180+0100][gc,cpu        ] GC(2) User=0,00s Sys=0,00s Real=0,00s
[2023-10-30T18:19:32.180+0100][gc,marking    ] GC(2) Concurrent Cleanup for Next Mark
[2023-10-30T18:19:32.184+0100][gc,marking    ] GC(2) Concurrent Cleanup for Next Mark 3,726ms
[2023-10-30T18:19:32.184+0100][gc            ] GC(2) Concurrent Cycle 18,184ms
[2023-10-30T18:19:32.799+0100][gc,start      ] GC(3) Pause Young (Normal) (G1 Evacuation Pause)
[2023-10-30T18:19:32.799+0100][gc,task       ] GC(3) Using 13 workers of 13 for evacuation
[2023-10-30T18:19:32.803+0100][gc,phases     ] GC(3)   Pre Evacuate Collection Set: 0,0ms
[2023-10-30T18:19:32.803+0100][gc,phases     ] GC(3)   Evacuate Collection Set: 2,8ms
[2023-10-30T18:19:32.803+0100][gc,phases     ] GC(3)   Post Evacuate Collection Set: 0,6ms
[2023-10-30T18:19:32.803+0100][gc,phases     ] GC(3)   Other: 0,2ms
[2023-10-30T18:19:32.803+0100][gc,heap       ] GC(3) Eden regions: 49->0(46)
[2023-10-30T18:19:32.803+0100][gc,heap       ] GC(3) Survivor regions: 2->5(7)
[2023-10-30T18:19:32.803+0100][gc,heap       ] GC(3) Old regions: 9->9
[2023-10-30T18:19:32.803+0100][gc,heap       ] GC(3) Humongous regions: 129->129
[2023-10-30T18:19:32.803+0100][gc,metaspace  ] GC(3) Metaspace: 28632K(29952K)->28632K(29952K) NonClass: 25320K(26112K)->25320K(26112K) Class: 3311K(3840K)->3311K(3840K)
[2023-10-30T18:19:32.803+0100][gc            ] GC(3) Pause Young (Normal) (G1 Evacuation Pause) 186M->140M(1024M) 3,853ms
[2023-10-30T18:19:32.803+0100][gc,cpu        ] GC(3) User=0,03s Sys=0,00s Real=0,01s
[2023-10-30T18:19:33.094+0100][gc,start      ] GC(4) Pause Young (Concurrent Start) (Metadata GC Threshold)
[2023-10-30T18:19:33.094+0100][gc,task       ] GC(4) Using 13 workers of 13 for evacuation
[2023-10-30T18:19:33.101+0100][gc,phases     ] GC(4)   Pre Evacuate Collection Set: 0,1ms
[2023-10-30T18:19:33.101+0100][gc,phases     ] GC(4)   Evacuate Collection Set: 5,3ms
[2023-10-30T18:19:33.101+0100][gc,phases     ] GC(4)   Post Evacuate Collection Set: 0,5ms
[2023-10-30T18:19:33.101+0100][gc,phases     ] GC(4)   Other: 0,3ms
[2023-10-30T18:19:33.101+0100][gc,heap       ] GC(4) Eden regions: 30->0(48)
[2023-10-30T18:19:33.101+0100][gc,heap       ] GC(4) Survivor regions: 5->3(7)
[2023-10-30T18:19:33.101+0100][gc,heap       ] GC(4) Old regions: 9->14
[2023-10-30T18:19:33.101+0100][gc,heap       ] GC(4) Humongous regions: 129->129
[2023-10-30T18:19:33.101+0100][gc,metaspace  ] GC(4) Metaspace: 34285K(35840K)->34285K(35840K) NonClass: 30286K(31232K)->30286K(31232K) Class: 3999K(4608K)->3999K(4608K)
[2023-10-30T18:19:33.101+0100][gc            ] GC(4) Pause Young (Concurrent Start) (Metadata GC Threshold) 170M->143M(1024M) 6,216ms
[2023-10-30T18:19:33.101+0100][gc,cpu        ] GC(4) User=0,05s Sys=0,01s Real=0,01s
[2023-10-30T18:19:33.101+0100][gc            ] GC(5) Concurrent Cycle
[2023-10-30T18:19:33.101+0100][gc,marking    ] GC(5) Concurrent Clear Claimed Marks
[2023-10-30T18:19:33.101+0100][gc,marking    ] GC(5) Concurrent Clear Claimed Marks 0,177ms
[2023-10-30T18:19:33.101+0100][gc,marking    ] GC(5) Concurrent Scan Root Regions
[2023-10-30T18:19:33.105+0100][gc,marking    ] GC(5) Concurrent Scan Root Regions 3,669ms
[2023-10-30T18:19:33.105+0100][gc,marking    ] GC(5) Concurrent Mark (2,663s)
[2023-10-30T18:19:33.105+0100][gc,marking    ] GC(5) Concurrent Mark From Roots
[2023-10-30T18:19:33.105+0100][gc,task       ] GC(5) Using 3 workers of 3 for marking
[2023-10-30T18:19:33.114+0100][gc,marking    ] GC(5) Concurrent Mark From Roots 9,755ms
[2023-10-30T18:19:33.115+0100][gc,marking    ] GC(5) Concurrent Preclean
[2023-10-30T18:19:33.115+0100][gc,marking    ] GC(5) Concurrent Preclean 0,215ms
[2023-10-30T18:19:33.115+0100][gc,marking    ] GC(5) Concurrent Mark (2,663s, 2,673s) 10,074ms
[2023-10-30T18:19:33.115+0100][gc,start      ] GC(5) Pause Remark
[2023-10-30T18:19:33.117+0100][gc,stringtable] GC(5) Cleaned string and symbol table, strings: 10525 processed, 14 removed, symbols: 85184 processed, 14 removed
[2023-10-30T18:19:33.117+0100][gc            ] GC(5) Pause Remark 145M->145M(1024M) 2,417ms
[2023-10-30T18:19:33.117+0100][gc,cpu        ] GC(5) User=0,02s Sys=0,01s Real=0,00s
[2023-10-30T18:19:33.117+0100][gc,marking    ] GC(5) Concurrent Rebuild Remembered Sets
[2023-10-30T18:19:33.122+0100][gc,marking    ] GC(5) Concurrent Rebuild Remembered Sets 5,028ms
[2023-10-30T18:19:33.123+0100][gc,start      ] GC(5) Pause Cleanup
[2023-10-30T18:19:33.123+0100][gc            ] GC(5) Pause Cleanup 146M->146M(1024M) 0,188ms
[2023-10-30T18:19:33.123+0100][gc,cpu        ] GC(5) User=0,00s Sys=0,00s Real=0,00s
[2023-10-30T18:19:33.123+0100][gc,marking    ] GC(5) Concurrent Cleanup for Next Mark
[2023-10-30T18:19:33.126+0100][gc,marking    ] GC(5) Concurrent Cleanup for Next Mark 3,156ms
[2023-10-30T18:19:33.126+0100][gc            ] GC(5) Concurrent Cycle 25,368ms
[2023-10-30T18:32:32.535+0100][gc,start      ] GC(6) Pause Young (Normal) (G1 Evacuation Pause)
[2023-10-30T18:32:32.535+0100][gc,task       ] GC(6) Using 13 workers of 13 for evacuation
[2023-10-30T18:32:32.540+0100][gc,phases     ] GC(6)   Pre Evacuate Collection Set: 0,0ms
[2023-10-30T18:32:32.540+0100][gc,phases     ] GC(6)   Evacuate Collection Set: 4,6ms
[2023-10-30T18:32:32.540+0100][gc,phases     ] GC(6)   Post Evacuate Collection Set: 0,8ms
[2023-10-30T18:32:32.541+0100][gc,phases     ] GC(6)   Other: 0,2ms
[2023-10-30T18:32:32.541+0100][gc,heap       ] GC(6) Eden regions: 48->0(46)
[2023-10-30T18:32:32.541+0100][gc,heap       ] GC(6) Survivor regions: 3->5(7)
[2023-10-30T18:32:32.541+0100][gc,heap       ] GC(6) Old regions: 14->14
[2023-10-30T18:32:32.541+0100][gc,heap       ] GC(6) Humongous regions: 129->129
[2023-10-30T18:32:32.541+0100][gc,metaspace  ] GC(6) Metaspace: 40526K(43008K)->40526K(43008K) NonClass: 35358K(36608K)->35358K(36608K) Class: 5167K(6400K)->5167K(6400K)
[2023-10-30T18:32:32.541+0100][gc            ] GC(6) Pause Young (Normal) (G1 Evacuation Pause) 191M->145M(1024M) 5,833ms
[2023-10-30T18:32:32.541+0100][gc,cpu        ] GC(6) User=0,06s Sys=0,01s Real=0,00s
[2023-10-30T18:38:28.729+0100][gc,start      ] GC(7) Pause Young (Normal) (G1 Evacuation Pause)
[2023-10-30T18:38:28.729+0100][gc,task       ] GC(7) Using 13 workers of 13 for evacuation
[2023-10-30T18:38:28.735+0100][gc,phases     ] GC(7)   Pre Evacuate Collection Set: 0,0ms
[2023-10-30T18:38:28.735+0100][gc,phases     ] GC(7)   Evacuate Collection Set: 4,5ms
[2023-10-30T18:38:28.735+0100][gc,phases     ] GC(7)   Post Evacuate Collection Set: 1,6ms
[2023-10-30T18:38:28.735+0100][gc,phases     ] GC(7)   Other: 0,4ms
[2023-10-30T18:38:28.735+0100][gc,heap       ] GC(7) Eden regions: 46->0(45)
[2023-10-30T18:38:28.735+0100][gc,heap       ] GC(7) Survivor regions: 5->6(7)
[2023-10-30T18:38:28.735+0100][gc,heap       ] GC(7) Old regions: 14->16
[2023-10-30T18:38:28.735+0100][gc,heap       ] GC(7) Humongous regions: 129->129
[2023-10-30T18:38:28.735+0100][gc,metaspace  ] GC(7) Metaspace: 43702K(46720K)->43702K(46720K) NonClass: 38086K(39680K)->38086K(39680K) Class: 5615K(7040K)->5615K(7040K)
[2023-10-30T18:38:28.735+0100][gc            ] GC(7) Pause Young (Normal) (G1 Evacuation Pause) 191M->147M(1024M) 6,671ms
[2023-10-30T18:38:28.735+0100][gc,cpu        ] GC(7) User=0,06s Sys=0,00s Real=0,01s
[2023-10-30T18:47:02.519+0100][gc,start      ] GC(8) Pause Young (Normal) (G1 Evacuation Pause)
[2023-10-30T18:47:02.519+0100][gc,task       ] GC(8) Using 13 workers of 13 for evacuation
[2023-10-30T18:47:02.526+0100][gc,phases     ] GC(8)   Pre Evacuate Collection Set: 0,0ms
[2023-10-30T18:47:02.526+0100][gc,phases     ] GC(8)   Evacuate Collection Set: 6,0ms
[2023-10-30T18:47:02.526+0100][gc,phases     ] GC(8)   Post Evacuate Collection Set: 1,0ms
[2023-10-30T18:47:02.526+0100][gc,phases     ] GC(8)   Other: 0,3ms
[2023-10-30T18:47:02.526+0100][gc,heap       ] GC(8) Eden regions: 45->0(46)
[2023-10-30T18:47:02.526+0100][gc,heap       ] GC(8) Survivor regions: 6->5(7)
[2023-10-30T18:47:02.526+0100][gc,heap       ] GC(8) Old regions: 16->18
[2023-10-30T18:47:02.526+0100][gc,heap       ] GC(8) Humongous regions: 129->129
[2023-10-30T18:47:02.526+0100][gc,metaspace  ] GC(8) Metaspace: 44022K(46976K)->44022K(46976K) NonClass: 38382K(39936K)->38382K(39936K) Class: 5640K(7040K)->5640K(7040K)
[2023-10-30T18:47:02.526+0100][gc            ] GC(8) Pause Young (Normal) (G1 Evacuation Pause) 192M->149M(1024M) 7,519ms
[2023-10-30T18:47:02.526+0100][gc,cpu        ] GC(8) User=0,07s Sys=0,01s Real=0,01s
[2023-10-30T18:55:05.369+0100][gc,start      ] GC(9) Pause Young (Normal) (G1 Evacuation Pause)
[2023-10-30T18:55:05.369+0100][gc,task       ] GC(9) Using 13 workers of 13 for evacuation
[2023-10-30T18:55:05.376+0100][gc,phases     ] GC(9)   Pre Evacuate Collection Set: 0,0ms
[2023-10-30T18:55:05.376+0100][gc,phases     ] GC(9)   Evacuate Collection Set: 5,5ms
[2023-10-30T18:55:05.376+0100][gc,phases     ] GC(9)   Post Evacuate Collection Set: 0,7ms
[2023-10-30T18:55:05.376+0100][gc,phases     ] GC(9)   Other: 0,3ms
[2023-10-30T18:55:05.376+0100][gc,heap       ] GC(9) Eden regions: 46->0(49)
[2023-10-30T18:55:05.376+0100][gc,heap       ] GC(9) Survivor regions: 5->4(7)
[2023-10-30T18:55:05.376+0100][gc,heap       ] GC(9) Old regions: 18->19
[2023-10-30T18:55:05.376+0100][gc,heap       ] GC(9) Humongous regions: 129->129
[2023-10-30T18:55:05.376+0100][gc,metaspace  ] GC(9) Metaspace: 44240K(47232K)->44240K(47232K) NonClass: 38600K(40192K)->38600K(40192K) Class: 5640K(7040K)->5640K(7040K)
[2023-10-30T18:55:05.376+0100][gc            ] GC(9) Pause Young (Normal) (G1 Evacuation Pause) 195M->149M(1024M) 6,760ms
[2023-10-30T18:55:05.376+0100][gc,cpu        ] GC(9) User=0,04s Sys=0,00s Real=0,01s
[2023-10-30T19:04:34.669+0100][gc,start      ] GC(10) Pause Young (Normal) (G1 Evacuation Pause)
[2023-10-30T19:04:34.669+0100][gc,task       ] GC(10) Using 13 workers of 13 for evacuation
[2023-10-30T19:04:34.674+0100][gc,phases     ] GC(10)   Pre Evacuate Collection Set: 0,0ms
[2023-10-30T19:04:34.674+0100][gc,phases     ] GC(10)   Evacuate Collection Set: 3,3ms
[2023-10-30T19:04:34.674+0100][gc,phases     ] GC(10)   Post Evacuate Collection Set: 0,9ms
[2023-10-30T19:04:34.674+0100][gc,phases     ] GC(10)   Other: 0,4ms
[2023-10-30T19:04:34.674+0100][gc,heap       ] GC(10) Eden regions: 49->0(69)
[2023-10-30T19:04:34.674+0100][gc,heap       ] GC(10) Survivor regions: 4->4(7)
[2023-10-30T19:04:34.674+0100][gc,heap       ] GC(10) Old regions: 19->19
[2023-10-30T19:04:34.674+0100][gc,heap       ] GC(10) Humongous regions: 129->129
[2023-10-30T19:04:34.674+0100][gc,metaspace  ] GC(10) Metaspace: 44503K(47488K)->44503K(47488K) NonClass: 38862K(40448K)->38862K(40448K) Class: 5640K(7040K)->5640K(7040K)
[2023-10-30T19:04:34.674+0100][gc            ] GC(10) Pause Young (Normal) (G1 Evacuation Pause) 198M->149M(1024M) 4,839ms
[2023-10-30T19:04:34.674+0100][gc,cpu        ] GC(10) User=0,04s Sys=0,00s Real=0,00s
[2023-10-30T19:34:56.979+0100][gc,start      ] GC(11) Pause Young (Normal) (G1 Evacuation Pause)
[2023-10-30T19:34:56.979+0100][gc,task       ] GC(11) Using 13 workers of 13 for evacuation
[2023-10-30T19:34:56.983+0100][gc,phases     ] GC(11)   Pre Evacuate Collection Set: 0,0ms
[2023-10-30T19:34:56.983+0100][gc,phases     ] GC(11)   Evacuate Collection Set: 2,9ms
[2023-10-30T19:34:56.983+0100][gc,phases     ] GC(11)   Post Evacuate Collection Set: 0,9ms
[2023-10-30T19:34:56.983+0100][gc,phases     ] GC(11)   Other: 0,3ms
[2023-10-30T19:34:56.983+0100][gc,heap       ] GC(11) Eden regions: 69->0(532)
[2023-10-30T19:34:56.983+0100][gc,heap       ] GC(11) Survivor regions: 4->4(10)
[2023-10-30T19:34:56.983+0100][gc,heap       ] GC(11) Old regions: 19->19
[2023-10-30T19:34:56.983+0100][gc,heap       ] GC(11) Humongous regions: 129->129
[2023-10-30T19:34:56.983+0100][gc,metaspace  ] GC(11) Metaspace: 44711K(47744K)->44711K(47744K) NonClass: 39059K(40704K)->39059K(40704K) Class: 5652K(7040K)->5652K(7040K)
[2023-10-30T19:34:56.983+0100][gc            ] GC(11) Pause Young (Normal) (G1 Evacuation Pause) 218M->149M(1024M) 4,347ms
[2023-10-30T19:34:56.984+0100][gc,cpu        ] GC(11) User=0,03s Sys=0,00s Real=0,01s
[2023-10-30T20:30:49.052+0100][gc,heap,exit  ] Heap
[2023-10-30T20:30:49.052+0100][gc,heap,exit  ]  garbage-first heap   total 1048576K, used 427997K [0x00000000c0000000, 0x0000000100000000)
[2023-10-30T20:30:49.052+0100][gc,heap,exit  ]   region size 1024K, 273 young (279552K), 4 survivors (4096K)
[2023-10-30T20:30:49.052+0100][gc,heap,exit  ]  Metaspace       used 45855K, capacity 48974K, committed 49152K, reserved 1091584K
[2023-10-30T20:30:49.052+0100][gc,heap,exit  ]   class space    used 5878K, capacity 7345K, committed 7424K, reserved 1048576K
