[2023-11-01T17:51:32.133+0100][gc,heap] Heap region size: 1M
[2023-11-01T17:51:32.144+0100][gc     ] Using G1
[2023-11-01T17:51:32.144+0100][gc,heap,coops] Heap address: 0x00000000c0000000, size: 1024 MB, Compressed Oops mode: 32-bit
[2023-11-01T17:51:32.144+0100][gc,cds       ] Mark closed archive regions in map: [0x00000000fff00000, 0x00000000fff6bff8]
[2023-11-01T17:51:32.144+0100][gc,cds       ] Mark open archive regions in map: [0x00000000ffe00000, 0x00000000ffe47ff8]
[2023-11-01T17:51:33.178+0100][gc,start     ] GC(0) Pause Young (Normal) (G1 Evacuation Pause)
[2023-11-01T17:51:33.180+0100][gc,task      ] GC(0) Using 13 workers of 13 for evacuation
[2023-11-01T17:51:33.193+0100][gc,phases    ] GC(0)   Pre Evacuate Collection Set: 0,1ms
[2023-11-01T17:51:33.193+0100][gc,phases    ] GC(0)   Evacuate Collection Set: 11,6ms
[2023-11-01T17:51:33.193+0100][gc,phases    ] GC(0)   Post Evacuate Collection Set: 0,7ms
[2023-11-01T17:51:33.193+0100][gc,phases    ] GC(0)   Other: 2,0ms
[2023-11-01T17:51:33.193+0100][gc,heap      ] GC(0) Eden regions: 51->0(44)
[2023-11-01T17:51:33.193+0100][gc,heap      ] GC(0) Survivor regions: 0->7(7)
[2023-11-01T17:51:33.193+0100][gc,heap      ] GC(0) Old regions: 2->2
[2023-11-01T17:51:33.193+0100][gc,heap      ] GC(0) Humongous regions: 0->0
[2023-11-01T17:51:33.193+0100][gc,metaspace ] GC(0) Metaspace: 14280K(15104K)->14280K(15104K) NonClass: 12534K(13056K)->12534K(13056K) Class: 1746K(2048K)->1746K(2048K)
[2023-11-01T17:51:33.193+0100][gc           ] GC(0) Pause Young (Normal) (G1 Evacuation Pause) 51M->7M(1024M) 14,454ms
[2023-11-01T17:51:33.193+0100][gc,cpu       ] GC(0) User=0,14s Sys=0,01s Real=0,02s
[2023-11-01T17:51:33.646+0100][gc,start     ] GC(1) Pause Young (Concurrent Start) (Metadata GC Threshold)
[2023-11-01T17:51:33.646+0100][gc,task      ] GC(1) Using 13 workers of 13 for evacuation
[2023-11-01T17:51:33.657+0100][gc,phases    ] GC(1)   Pre Evacuate Collection Set: 0,1ms
[2023-11-01T17:51:33.657+0100][gc,phases    ] GC(1)   Evacuate Collection Set: 10,4ms
[2023-11-01T17:51:33.657+0100][gc,phases    ] GC(1)   Post Evacuate Collection Set: 0,4ms
[2023-11-01T17:51:33.657+0100][gc,phases    ] GC(1)   Other: 0,3ms
[2023-11-01T17:51:33.657+0100][gc,heap      ] GC(1) Eden regions: 29->0(49)
[2023-11-01T17:51:33.657+0100][gc,heap      ] GC(1) Survivor regions: 7->2(7)
[2023-11-01T17:51:33.657+0100][gc,heap      ] GC(1) Old regions: 2->9
[2023-11-01T17:51:33.657+0100][gc,heap      ] GC(1) Humongous regions: 0->0
[2023-11-01T17:51:33.657+0100][gc,metaspace ] GC(1) Metaspace: 20528K(21248K)->20528K(21248K) NonClass: 18048K(18432K)->18048K(18432K) Class: 2480K(2816K)->2480K(2816K)
[2023-11-01T17:51:33.658+0100][gc           ] GC(1) Pause Young (Concurrent Start) (Metadata GC Threshold) 36M->8M(1024M) 11,326ms
[2023-11-01T17:51:33.658+0100][gc,cpu       ] GC(1) User=0,09s Sys=0,00s Real=0,01s
[2023-11-01T17:51:33.658+0100][gc           ] GC(2) Concurrent Cycle
[2023-11-01T17:51:33.658+0100][gc,marking   ] GC(2) Concurrent Clear Claimed Marks
[2023-11-01T17:51:33.658+0100][gc,marking   ] GC(2) Concurrent Clear Claimed Marks 0,062ms
[2023-11-01T17:51:33.658+0100][gc,marking   ] GC(2) Concurrent Scan Root Regions
[2023-11-01T17:51:33.659+0100][gc,marking   ] GC(2) Concurrent Scan Root Regions 1,160ms
[2023-11-01T17:51:33.659+0100][gc,marking   ] GC(2) Concurrent Mark (1,531s)
[2023-11-01T17:51:33.659+0100][gc,marking   ] GC(2) Concurrent Mark From Roots
[2023-11-01T17:51:33.659+0100][gc,task      ] GC(2) Using 3 workers of 3 for marking
[2023-11-01T17:51:33.663+0100][gc,marking   ] GC(2) Concurrent Mark From Roots 4,476ms
[2023-11-01T17:51:33.663+0100][gc,marking   ] GC(2) Concurrent Preclean
[2023-11-01T17:51:33.664+0100][gc,marking   ] GC(2) Concurrent Preclean 0,185ms
[2023-11-01T17:51:33.664+0100][gc,marking   ] GC(2) Concurrent Mark (1,531s, 1,536s) 4,722ms
[2023-11-01T17:51:33.664+0100][gc,start     ] GC(2) Pause Remark
[2023-11-01T17:51:33.666+0100][gc,stringtable] GC(2) Cleaned string and symbol table, strings: 5245 processed, 0 removed, symbols: 52938 processed, 44 removed
[2023-11-01T17:51:33.666+0100][gc            ] GC(2) Pause Remark 8M->8M(1024M) 1,880ms
[2023-11-01T17:51:33.666+0100][gc,cpu        ] GC(2) User=0,01s Sys=0,00s Real=0,00s
[2023-11-01T17:51:33.666+0100][gc,marking    ] GC(2) Concurrent Rebuild Remembered Sets
[2023-11-01T17:51:33.668+0100][gc,marking    ] GC(2) Concurrent Rebuild Remembered Sets 2,401ms
[2023-11-01T17:51:33.669+0100][gc,start      ] GC(2) Pause Cleanup
[2023-11-01T17:51:33.669+0100][gc            ] GC(2) Pause Cleanup 8M->8M(1024M) 0,244ms
[2023-11-01T17:51:33.669+0100][gc,cpu        ] GC(2) User=0,00s Sys=0,00s Real=0,00s
[2023-11-01T17:51:33.669+0100][gc,marking    ] GC(2) Concurrent Cleanup for Next Mark
[2023-11-01T17:51:33.671+0100][gc,marking    ] GC(2) Concurrent Cleanup for Next Mark 2,555ms
[2023-11-01T17:51:33.671+0100][gc            ] GC(2) Concurrent Cycle 13,854ms
[2023-11-01T17:51:34.833+0100][gc,start      ] GC(3) Pause Young (Normal) (G1 Evacuation Pause)
[2023-11-01T17:51:34.833+0100][gc,task       ] GC(3) Using 13 workers of 13 for evacuation
[2023-11-01T17:51:34.837+0100][gc,phases     ] GC(3)   Pre Evacuate Collection Set: 0,0ms
[2023-11-01T17:51:34.837+0100][gc,phases     ] GC(3)   Evacuate Collection Set: 2,5ms
[2023-11-01T17:51:34.837+0100][gc,phases     ] GC(3)   Post Evacuate Collection Set: 0,7ms
[2023-11-01T17:51:34.837+0100][gc,phases     ] GC(3)   Other: 0,2ms
[2023-11-01T17:51:34.837+0100][gc,heap       ] GC(3) Eden regions: 49->0(47)
[2023-11-01T17:51:34.837+0100][gc,heap       ] GC(3) Survivor regions: 2->4(7)
[2023-11-01T17:51:34.837+0100][gc,heap       ] GC(3) Old regions: 9->9
[2023-11-01T17:51:34.837+0100][gc,heap       ] GC(3) Humongous regions: 0->0
[2023-11-01T17:51:34.837+0100][gc,metaspace  ] GC(3) Metaspace: 23240K(24192K)->23240K(24192K) NonClass: 20457K(20992K)->20457K(20992K) Class: 2783K(3200K)->2783K(3200K)
[2023-11-01T17:51:34.837+0100][gc            ] GC(3) Pause Young (Normal) (G1 Evacuation Pause) 57M->10M(1024M) 3,621ms
[2023-11-01T17:51:34.837+0100][gc,cpu        ] GC(3) User=0,03s Sys=0,01s Real=0,00s
[2023-11-01T17:51:35.558+0100][gc,start      ] GC(4) Pause Young (Normal) (G1 Evacuation Pause)
[2023-11-01T17:51:35.558+0100][gc,task       ] GC(4) Using 13 workers of 13 for evacuation
[2023-11-01T17:51:35.561+0100][gc,phases     ] GC(4)   Pre Evacuate Collection Set: 0,0ms
[2023-11-01T17:51:35.561+0100][gc,phases     ] GC(4)   Evacuate Collection Set: 2,7ms
[2023-11-01T17:51:35.562+0100][gc,phases     ] GC(4)   Post Evacuate Collection Set: 0,7ms
[2023-11-01T17:51:35.562+0100][gc,phases     ] GC(4)   Other: 0,2ms
[2023-11-01T17:51:35.562+0100][gc,heap       ] GC(4) Eden regions: 47->0(45)
[2023-11-01T17:51:35.562+0100][gc,heap       ] GC(4) Survivor regions: 4->6(7)
[2023-11-01T17:51:35.562+0100][gc,heap       ] GC(4) Old regions: 9->9
[2023-11-01T17:51:35.562+0100][gc,heap       ] GC(4) Humongous regions: 129->129
[2023-11-01T17:51:35.562+0100][gc,metaspace  ] GC(4) Metaspace: 28669K(29824K)->28669K(29824K) NonClass: 25414K(26112K)->25414K(26112K) Class: 3255K(3712K)->3255K(3712K)
[2023-11-01T17:51:35.562+0100][gc            ] GC(4) Pause Young (Normal) (G1 Evacuation Pause) 186M->141M(1024M) 3,726ms
[2023-11-01T17:51:35.562+0100][gc,cpu        ] GC(4) User=0,03s Sys=0,00s Real=0,01s
[2023-11-01T17:51:35.955+0100][gc,start      ] GC(5) Pause Young (Concurrent Start) (GCLocker Initiated GC)
[2023-11-01T17:51:35.955+0100][gc,task       ] GC(5) Using 13 workers of 13 for evacuation
[2023-11-01T17:51:35.960+0100][gc,phases     ] GC(5)   Pre Evacuate Collection Set: 0,1ms
[2023-11-01T17:51:35.960+0100][gc,phases     ] GC(5)   Evacuate Collection Set: 4,1ms
[2023-11-01T17:51:35.960+0100][gc,phases     ] GC(5)   Post Evacuate Collection Set: 0,5ms
[2023-11-01T17:51:35.960+0100][gc,phases     ] GC(5)   Other: 0,2ms
[2023-11-01T17:51:35.960+0100][gc,heap       ] GC(5) Eden regions: 36->0(44)
[2023-11-01T17:51:35.960+0100][gc,heap       ] GC(5) Survivor regions: 6->7(7)
[2023-11-01T17:51:35.960+0100][gc,heap       ] GC(5) Old regions: 9->12
[2023-11-01T17:51:35.960+0100][gc,heap       ] GC(5) Humongous regions: 129->129
[2023-11-01T17:51:35.960+0100][gc,metaspace  ] GC(5) Metaspace: 34435K(35968K)->34435K(35968K) NonClass: 30515K(31360K)->30515K(31360K) Class: 3919K(4608K)->3919K(4608K)
[2023-11-01T17:51:35.960+0100][gc            ] GC(5) Pause Young (Concurrent Start) (GCLocker Initiated GC) 177M->145M(1024M) 5,090ms
[2023-11-01T17:51:35.960+0100][gc,cpu        ] GC(5) User=0,05s Sys=0,00s Real=0,00s
[2023-11-01T17:51:35.960+0100][gc            ] GC(6) Concurrent Cycle
[2023-11-01T17:51:35.960+0100][gc,marking    ] GC(6) Concurrent Clear Claimed Marks
[2023-11-01T17:51:35.960+0100][gc,marking    ] GC(6) Concurrent Clear Claimed Marks 0,184ms
[2023-11-01T17:51:35.960+0100][gc,marking    ] GC(6) Concurrent Scan Root Regions
[2023-11-01T17:51:35.963+0100][gc,marking    ] GC(6) Concurrent Scan Root Regions 2,776ms
[2023-11-01T17:51:35.963+0100][gc,marking    ] GC(6) Concurrent Mark (3,835s)
[2023-11-01T17:51:35.963+0100][gc,marking    ] GC(6) Concurrent Mark From Roots
[2023-11-01T17:51:35.963+0100][gc,task       ] GC(6) Using 3 workers of 3 for marking
[2023-11-01T17:51:35.971+0100][gc,marking    ] GC(6) Concurrent Mark From Roots 8,057ms
[2023-11-01T17:51:35.971+0100][gc,marking    ] GC(6) Concurrent Preclean
[2023-11-01T17:51:35.971+0100][gc,marking    ] GC(6) Concurrent Preclean 0,212ms
[2023-11-01T17:51:35.971+0100][gc,marking    ] GC(6) Concurrent Mark (3,835s, 3,843s) 8,330ms
[2023-11-01T17:51:35.972+0100][gc,start      ] GC(6) Pause Remark
[2023-11-01T17:51:35.975+0100][gc,stringtable] GC(6) Cleaned string and symbol table, strings: 12550 processed, 13 removed, symbols: 84132 processed, 15 removed
[2023-11-01T17:51:35.975+0100][gc            ] GC(6) Pause Remark 147M->147M(1024M) 3,333ms
[2023-11-01T17:51:35.975+0100][gc,cpu        ] GC(6) User=0,04s Sys=0,00s Real=0,00s
[2023-11-01T17:51:35.975+0100][gc,marking    ] GC(6) Concurrent Rebuild Remembered Sets
[2023-11-01T17:51:35.979+0100][gc,marking    ] GC(6) Concurrent Rebuild Remembered Sets 4,326ms
[2023-11-01T17:51:35.980+0100][gc,start      ] GC(6) Pause Cleanup
[2023-11-01T17:51:35.980+0100][gc            ] GC(6) Pause Cleanup 147M->147M(1024M) 0,251ms
[2023-11-01T17:51:35.980+0100][gc,cpu        ] GC(6) User=0,00s Sys=0,00s Real=0,00s
[2023-11-01T17:51:35.980+0100][gc,marking    ] GC(6) Concurrent Cleanup for Next Mark
[2023-11-01T17:51:35.983+0100][gc,marking    ] GC(6) Concurrent Cleanup for Next Mark 2,778ms
[2023-11-01T17:51:35.983+0100][gc            ] GC(6) Concurrent Cycle 22,835ms
[2023-11-01T17:51:36.362+0100][gc,start      ] GC(7) Pause Young (Normal) (G1 Evacuation Pause)
[2023-11-01T17:51:36.362+0100][gc,task       ] GC(7) Using 13 workers of 13 for evacuation
[2023-11-01T17:51:36.368+0100][gc,phases     ] GC(7)   Pre Evacuate Collection Set: 0,0ms
[2023-11-01T17:51:36.368+0100][gc,phases     ] GC(7)   Evacuate Collection Set: 5,8ms
[2023-11-01T17:51:36.368+0100][gc,phases     ] GC(7)   Post Evacuate Collection Set: 0,5ms
[2023-11-01T17:51:36.368+0100][gc,phases     ] GC(7)   Other: 0,2ms
[2023-11-01T17:51:36.368+0100][gc,heap       ] GC(7) Eden regions: 44->0(47)
[2023-11-01T17:51:36.368+0100][gc,heap       ] GC(7) Survivor regions: 7->4(7)
[2023-11-01T17:51:36.368+0100][gc,heap       ] GC(7) Old regions: 12->18
[2023-11-01T17:51:36.368+0100][gc,heap       ] GC(7) Humongous regions: 129->129
[2023-11-01T17:51:36.368+0100][gc,metaspace  ] GC(7) Metaspace: 39251K(41344K)->39251K(41344K) NonClass: 34623K(35840K)->34623K(35840K) Class: 4627K(5504K)->4627K(5504K)
[2023-11-01T17:51:36.369+0100][gc            ] GC(7) Pause Young (Normal) (G1 Evacuation Pause) 189M->149M(1024M) 6,646ms
[2023-11-01T17:51:36.369+0100][gc,cpu        ] GC(7) User=0,07s Sys=0,01s Real=0,00s
[2023-11-01T17:59:22.044+0100][gc,start      ] GC(8) Pause Young (Normal) (G1 Evacuation Pause)
[2023-11-01T17:59:22.044+0100][gc,task       ] GC(8) Using 13 workers of 13 for evacuation
[2023-11-01T17:59:22.049+0100][gc,phases     ] GC(8)   Pre Evacuate Collection Set: 0,0ms
[2023-11-01T17:59:22.049+0100][gc,phases     ] GC(8)   Evacuate Collection Set: 3,6ms
[2023-11-01T17:59:22.049+0100][gc,phases     ] GC(8)   Post Evacuate Collection Set: 1,1ms
[2023-11-01T17:59:22.049+0100][gc,phases     ] GC(8)   Other: 0,3ms
[2023-11-01T17:59:22.049+0100][gc,heap       ] GC(8) Eden regions: 47->0(46)
[2023-11-01T17:59:22.049+0100][gc,heap       ] GC(8) Survivor regions: 4->5(7)
[2023-11-01T17:59:22.049+0100][gc,heap       ] GC(8) Old regions: 18->18
[2023-11-01T17:59:22.049+0100][gc,heap       ] GC(8) Humongous regions: 135->129
[2023-11-01T17:59:22.049+0100][gc,metaspace  ] GC(8) Metaspace: 41542K(44032K)->41542K(44032K) NonClass: 36457K(37888K)->36457K(37888K) Class: 5085K(6144K)->5085K(6144K)
[2023-11-01T17:59:22.049+0100][gc            ] GC(8) Pause Young (Normal) (G1 Evacuation Pause) 202M->149M(1024M) 5,236ms
[2023-11-01T17:59:22.049+0100][gc,cpu        ] GC(8) User=0,05s Sys=0,00s Real=0,01s
[2023-11-01T18:09:53.939+0100][gc,start      ] GC(9) Pause Young (Normal) (G1 Evacuation Pause)
[2023-11-01T18:09:53.939+0100][gc,task       ] GC(9) Using 13 workers of 13 for evacuation
[2023-11-01T18:09:53.944+0100][gc,phases     ] GC(9)   Pre Evacuate Collection Set: 0,0ms
[2023-11-01T18:09:53.944+0100][gc,phases     ] GC(9)   Evacuate Collection Set: 3,6ms
[2023-11-01T18:09:53.944+0100][gc,phases     ] GC(9)   Post Evacuate Collection Set: 1,4ms
[2023-11-01T18:09:53.944+0100][gc,phases     ] GC(9)   Other: 0,3ms
[2023-11-01T18:09:53.944+0100][gc,heap       ] GC(9) Eden regions: 46->0(48)
[2023-11-01T18:09:53.944+0100][gc,heap       ] GC(9) Survivor regions: 5->3(7)
[2023-11-01T18:09:53.944+0100][gc,heap       ] GC(9) Old regions: 18->21
[2023-11-01T18:09:53.944+0100][gc,heap       ] GC(9) Humongous regions: 129->129
[2023-11-01T18:09:53.944+0100][gc,metaspace  ] GC(9) Metaspace: 43357K(46208K)->43357K(46208K) NonClass: 37849K(39424K)->37849K(39424K) Class: 5508K(6784K)->5508K(6784K)
[2023-11-01T18:09:53.944+0100][gc            ] GC(9) Pause Young (Normal) (G1 Evacuation Pause) 195M->151M(1024M) 5,383ms
[2023-11-01T18:09:53.944+0100][gc,cpu        ] GC(9) User=0,05s Sys=0,00s Real=0,01s
[2023-11-01T18:11:13.875+0100][gc,start      ] GC(10) Pause Young (Normal) (G1 Evacuation Pause)
[2023-11-01T18:11:13.875+0100][gc,task       ] GC(10) Using 13 workers of 13 for evacuation
[2023-11-01T18:11:13.882+0100][gc,phases     ] GC(10)   Pre Evacuate Collection Set: 0,0ms
[2023-11-01T18:11:13.882+0100][gc,phases     ] GC(10)   Evacuate Collection Set: 5,1ms
[2023-11-01T18:11:13.882+0100][gc,phases     ] GC(10)   Post Evacuate Collection Set: 2,1ms
[2023-11-01T18:11:13.882+0100][gc,phases     ] GC(10)   Other: 0,3ms
[2023-11-01T18:11:13.882+0100][gc,heap       ] GC(10) Eden regions: 48->0(44)
[2023-11-01T18:11:13.882+0100][gc,heap       ] GC(10) Survivor regions: 3->7(7)
[2023-11-01T18:11:13.882+0100][gc,heap       ] GC(10) Old regions: 21->22
[2023-11-01T18:11:13.882+0100][gc,heap       ] GC(10) Humongous regions: 129->129
[2023-11-01T18:11:13.882+0100][gc,metaspace  ] GC(10) Metaspace: 43543K(46464K)->43543K(46464K) NonClass: 38035K(39680K)->38035K(39680K) Class: 5508K(6784K)->5508K(6784K)
[2023-11-01T18:11:13.882+0100][gc            ] GC(10) Pause Young (Normal) (G1 Evacuation Pause) 199M->155M(1024M) 7,629ms
[2023-11-01T18:11:13.882+0100][gc,cpu        ] GC(10) User=0,07s Sys=0,01s Real=0,01s
[2023-11-01T18:12:29.184+0100][gc,start      ] GC(11) Pause Young (Normal) (G1 Evacuation Pause)
[2023-11-01T18:12:29.184+0100][gc,task       ] GC(11) Using 13 workers of 13 for evacuation
[2023-11-01T18:12:29.193+0100][gc,phases     ] GC(11)   Pre Evacuate Collection Set: 0,1ms
[2023-11-01T18:12:29.193+0100][gc,phases     ] GC(11)   Evacuate Collection Set: 7,5ms
[2023-11-01T18:12:29.193+0100][gc,phases     ] GC(11)   Post Evacuate Collection Set: 0,6ms
[2023-11-01T18:12:29.193+0100][gc,phases     ] GC(11)   Other: 0,4ms
[2023-11-01T18:12:29.193+0100][gc,heap       ] GC(11) Eden regions: 44->0(45)
[2023-11-01T18:12:29.193+0100][gc,heap       ] GC(11) Survivor regions: 7->6(7)
[2023-11-01T18:12:29.193+0100][gc,heap       ] GC(11) Old regions: 22->29
[2023-11-01T18:12:29.193+0100][gc,heap       ] GC(11) Humongous regions: 129->129
[2023-11-01T18:12:29.193+0100][gc,metaspace  ] GC(11) Metaspace: 43876K(46720K)->43876K(46720K) NonClass: 38363K(39936K)->38363K(39936K) Class: 5513K(6784K)->5513K(6784K)
[2023-11-01T18:12:29.193+0100][gc            ] GC(11) Pause Young (Normal) (G1 Evacuation Pause) 199M->160M(1024M) 8,551ms
[2023-11-01T18:12:29.193+0100][gc,cpu        ] GC(11) User=0,08s Sys=0,00s Real=0,01s
[2023-11-01T18:13:47.480+0100][gc,start      ] GC(12) Pause Young (Normal) (G1 Evacuation Pause)
[2023-11-01T18:13:47.480+0100][gc,task       ] GC(12) Using 13 workers of 13 for evacuation
[2023-11-01T18:13:47.486+0100][gc,phases     ] GC(12)   Pre Evacuate Collection Set: 0,0ms
[2023-11-01T18:13:47.486+0100][gc,phases     ] GC(12)   Evacuate Collection Set: 5,8ms
[2023-11-01T18:13:47.486+0100][gc,phases     ] GC(12)   Post Evacuate Collection Set: 0,5ms
[2023-11-01T18:13:47.486+0100][gc,phases     ] GC(12)   Other: 0,3ms
[2023-11-01T18:13:47.486+0100][gc,heap       ] GC(12) Eden regions: 45->0(50)
[2023-11-01T18:13:47.486+0100][gc,heap       ] GC(12) Survivor regions: 6->6(7)
[2023-11-01T18:13:47.486+0100][gc,heap       ] GC(12) Old regions: 29->34
[2023-11-01T18:13:47.486+0100][gc,heap       ] GC(12) Humongous regions: 129->129
[2023-11-01T18:13:47.486+0100][gc,metaspace  ] GC(12) Metaspace: 43950K(46720K)->43950K(46720K) NonClass: 38436K(39936K)->38436K(39936K) Class: 5513K(6784K)->5513K(6784K)
[2023-11-01T18:13:47.486+0100][gc            ] GC(12) Pause Young (Normal) (G1 Evacuation Pause) 205M->166M(1024M) 6,587ms
[2023-11-01T18:13:47.486+0100][gc,cpu        ] GC(12) User=0,05s Sys=0,02s Real=0,01s
[2023-11-01T18:14:58.455+0100][gc,start      ] GC(13) Pause Young (Normal) (G1 Evacuation Pause)
[2023-11-01T18:14:58.455+0100][gc,task       ] GC(13) Using 13 workers of 13 for evacuation
[2023-11-01T18:14:58.462+0100][gc,phases     ] GC(13)   Pre Evacuate Collection Set: 0,0ms
[2023-11-01T18:14:58.462+0100][gc,phases     ] GC(13)   Evacuate Collection Set: 6,1ms
[2023-11-01T18:14:58.462+0100][gc,phases     ] GC(13)   Post Evacuate Collection Set: 0,7ms
[2023-11-01T18:14:58.462+0100][gc,phases     ] GC(13)   Other: 0,3ms
[2023-11-01T18:14:58.462+0100][gc,heap       ] GC(13) Eden regions: 50->0(56)
[2023-11-01T18:14:58.462+0100][gc,heap       ] GC(13) Survivor regions: 6->6(7)
[2023-11-01T18:14:58.462+0100][gc,heap       ] GC(13) Old regions: 34->39
[2023-11-01T18:14:58.462+0100][gc,heap       ] GC(13) Humongous regions: 129->129
[2023-11-01T18:14:58.462+0100][gc,metaspace  ] GC(13) Metaspace: 44187K(47104K)->44187K(47104K) NonClass: 38645K(40192K)->38645K(40192K) Class: 5542K(6912K)->5542K(6912K)
[2023-11-01T18:14:58.462+0100][gc            ] GC(13) Pause Young (Normal) (G1 Evacuation Pause) 216M->171M(1024M) 7,297ms
[2023-11-01T18:14:58.462+0100][gc,cpu        ] GC(13) User=0,05s Sys=0,03s Real=0,01s
[2023-11-01T18:15:46.993+0100][gc,start      ] GC(14) Pause Young (Normal) (G1 Evacuation Pause)
[2023-11-01T18:15:46.993+0100][gc,task       ] GC(14) Using 13 workers of 13 for evacuation
[2023-11-01T18:15:47.001+0100][gc,phases     ] GC(14)   Pre Evacuate Collection Set: 0,0ms
[2023-11-01T18:15:47.001+0100][gc,phases     ] GC(14)   Evacuate Collection Set: 6,4ms
[2023-11-01T18:15:47.001+0100][gc,phases     ] GC(14)   Post Evacuate Collection Set: 0,7ms
[2023-11-01T18:15:47.001+0100][gc,phases     ] GC(14)   Other: 0,4ms
[2023-11-01T18:15:47.001+0100][gc,heap       ] GC(14) Eden regions: 56->0(68)
[2023-11-01T18:15:47.001+0100][gc,heap       ] GC(14) Survivor regions: 6->7(8)
[2023-11-01T18:15:47.001+0100][gc,heap       ] GC(14) Old regions: 39->44
[2023-11-01T18:15:47.001+0100][gc,heap       ] GC(14) Humongous regions: 129->129
[2023-11-01T18:15:47.001+0100][gc,metaspace  ] GC(14) Metaspace: 44214K(47104K)->44214K(47104K) NonClass: 38672K(40192K)->38672K(40192K) Class: 5542K(6912K)->5542K(6912K)
[2023-11-01T18:15:47.001+0100][gc            ] GC(14) Pause Young (Normal) (G1 Evacuation Pause) 227M->178M(1024M) 7,692ms
[2023-11-01T18:15:47.001+0100][gc,cpu        ] GC(14) User=0,07s Sys=0,01s Real=0,01s
[2023-11-01T18:16:45.943+0100][gc,start      ] GC(15) Pause Young (Normal) (G1 Evacuation Pause)
[2023-11-01T18:16:45.944+0100][gc,task       ] GC(15) Using 13 workers of 13 for evacuation
[2023-11-01T18:16:45.948+0100][gc,phases     ] GC(15)   Pre Evacuate Collection Set: 0,0ms
[2023-11-01T18:16:45.948+0100][gc,phases     ] GC(15)   Evacuate Collection Set: 3,1ms
[2023-11-01T18:16:45.948+0100][gc,phases     ] GC(15)   Post Evacuate Collection Set: 0,7ms
[2023-11-01T18:16:45.948+0100][gc,phases     ] GC(15)   Other: 0,4ms
[2023-11-01T18:16:45.948+0100][gc,heap       ] GC(15) Eden regions: 68->0(145)
[2023-11-01T18:16:45.948+0100][gc,heap       ] GC(15) Survivor regions: 7->4(10)
[2023-11-01T18:16:45.948+0100][gc,heap       ] GC(15) Old regions: 44->46
[2023-11-01T18:16:45.948+0100][gc,heap       ] GC(15) Humongous regions: 129->129
[2023-11-01T18:16:45.948+0100][gc,metaspace  ] GC(15) Metaspace: 44239K(47104K)->44239K(47104K) NonClass: 38691K(40192K)->38691K(40192K) Class: 5548K(6912K)->5548K(6912K)
[2023-11-01T18:16:45.948+0100][gc            ] GC(15) Pause Young (Normal) (G1 Evacuation Pause) 246M->176M(1024M) 4,444ms
[2023-11-01T18:16:45.948+0100][gc,cpu        ] GC(15) User=0,03s Sys=0,00s Real=0,00s
[2023-11-01T18:44:59.393+0100][gc,start      ] GC(16) Pause Young (Normal) (G1 Evacuation Pause)
[2023-11-01T18:44:59.393+0100][gc,task       ] GC(16) Using 13 workers of 13 for evacuation
[2023-11-01T18:44:59.401+0100][gc,phases     ] GC(16)   Pre Evacuate Collection Set: 0,0ms
[2023-11-01T18:44:59.401+0100][gc,phases     ] GC(16)   Evacuate Collection Set: 7,4ms
[2023-11-01T18:44:59.401+0100][gc,phases     ] GC(16)   Post Evacuate Collection Set: 0,7ms
[2023-11-01T18:44:59.401+0100][gc,phases     ] GC(16)   Other: 0,4ms
[2023-11-01T18:44:59.401+0100][gc,heap       ] GC(16) Eden regions: 145->0(175)
[2023-11-01T18:44:59.401+0100][gc,heap       ] GC(16) Survivor regions: 4->11(19)
[2023-11-01T18:44:59.401+0100][gc,heap       ] GC(16) Old regions: 46->46
[2023-11-01T18:44:59.401+0100][gc,heap       ] GC(16) Humongous regions: 129->129
[2023-11-01T18:44:59.401+0100][gc,metaspace  ] GC(16) Metaspace: 44472K(47360K)->44472K(47360K) NonClass: 38916K(40448K)->38916K(40448K) Class: 5555K(6912K)->5555K(6912K)
[2023-11-01T18:44:59.401+0100][gc            ] GC(16) Pause Young (Normal) (G1 Evacuation Pause) 321M->182M(1024M) 8,552ms
[2023-11-01T18:44:59.401+0100][gc,cpu        ] GC(16) User=0,08s Sys=0,01s Real=0,01s
[2023-11-01T19:02:32.313+0100][gc,start      ] GC(17) Pause Young (Normal) (G1 Evacuation Pause)
[2023-11-01T19:02:32.313+0100][gc,task       ] GC(17) Using 13 workers of 13 for evacuation
[2023-11-01T19:02:32.325+0100][gc,phases     ] GC(17)   Pre Evacuate Collection Set: 0,0ms
[2023-11-01T19:02:32.325+0100][gc,phases     ] GC(17)   Evacuate Collection Set: 10,6ms
[2023-11-01T19:02:32.325+0100][gc,phases     ] GC(17)   Post Evacuate Collection Set: 1,1ms
[2023-11-01T19:02:32.325+0100][gc,phases     ] GC(17)   Other: 0,4ms
[2023-11-01T19:02:32.325+0100][gc,heap       ] GC(17) Eden regions: 173->0(155)
[2023-11-01T19:02:32.325+0100][gc,heap       ] GC(17) Survivor regions: 11->17(23)
[2023-11-01T19:02:32.325+0100][gc,heap       ] GC(17) Old regions: 46->46
[2023-11-01T19:02:32.325+0100][gc,heap       ] GC(17) Humongous regions: 129->129
[2023-11-01T19:02:32.325+0100][gc,metaspace  ] GC(17) Metaspace: 44834K(47872K)->44834K(47872K) NonClass: 39269K(40960K)->39269K(40960K) Class: 5564K(6912K)->5564K(6912K)
[2023-11-01T19:02:32.325+0100][gc            ] GC(17) Pause Young (Normal) (G1 Evacuation Pause) 355M->189M(1024M) 12,234ms
[2023-11-01T19:02:32.325+0100][gc,cpu        ] GC(17) User=0,12s Sys=0,02s Real=0,01s
[2023-11-01T19:09:38.473+0100][gc,start      ] GC(18) Pause Young (Normal) (G1 Evacuation Pause)
[2023-11-01T19:09:38.473+0100][gc,task       ] GC(18) Using 13 workers of 13 for evacuation
[2023-11-01T19:09:38.480+0100][gc,phases     ] GC(18)   Pre Evacuate Collection Set: 0,0ms
[2023-11-01T19:09:38.480+0100][gc,phases     ] GC(18)   Evacuate Collection Set: 5,7ms
[2023-11-01T19:09:38.480+0100][gc,phases     ] GC(18)   Post Evacuate Collection Set: 0,4ms
[2023-11-01T19:09:38.480+0100][gc,phases     ] GC(18)   Other: 0,2ms
[2023-11-01T19:09:38.480+0100][gc,heap       ] GC(18) Eden regions: 153->0(246)
[2023-11-01T19:09:38.480+0100][gc,heap       ] GC(18) Survivor regions: 17->6(22)
[2023-11-01T19:09:38.480+0100][gc,heap       ] GC(18) Old regions: 46->52
[2023-11-01T19:09:38.480+0100][gc,heap       ] GC(18) Humongous regions: 129->129
[2023-11-01T19:09:38.480+0100][gc,metaspace  ] GC(18) Metaspace: 44977K(47872K)->44977K(47872K) NonClass: 39396K(40960K)->39396K(40960K) Class: 5580K(6912K)->5580K(6912K)
[2023-11-01T19:09:38.480+0100][gc            ] GC(18) Pause Young (Normal) (G1 Evacuation Pause) 342M->183M(1024M) 6,541ms
[2023-11-01T19:09:38.480+0100][gc,cpu        ] GC(18) User=0,05s Sys=0,02s Real=0,00s
[2023-11-01T19:11:31.791+0100][gc,start      ] GC(19) Pause Young (Normal) (G1 Evacuation Pause)
[2023-11-01T19:11:31.791+0100][gc,task       ] GC(19) Using 13 workers of 13 for evacuation
[2023-11-01T19:11:31.802+0100][gc,phases     ] GC(19)   Pre Evacuate Collection Set: 0,0ms
[2023-11-01T19:11:31.802+0100][gc,phases     ] GC(19)   Evacuate Collection Set: 10,8ms
[2023-11-01T19:11:31.802+0100][gc,phases     ] GC(19)   Post Evacuate Collection Set: 0,5ms
[2023-11-01T19:11:31.802+0100][gc,phases     ] GC(19)   Other: 0,3ms
[2023-11-01T19:11:31.802+0100][gc,heap       ] GC(19) Eden regions: 246->0(192)
[2023-11-01T19:11:31.802+0100][gc,heap       ] GC(19) Survivor regions: 6->31(32)
[2023-11-01T19:11:31.802+0100][gc,heap       ] GC(19) Old regions: 52->52
[2023-11-01T19:11:31.802+0100][gc,heap       ] GC(19) Humongous regions: 129->129
[2023-11-01T19:11:31.802+0100][gc,metaspace  ] GC(19) Metaspace: 45027K(48128K)->45027K(48128K) NonClass: 39447K(41216K)->39447K(41216K) Class: 5580K(6912K)->5580K(6912K)
[2023-11-01T19:11:31.802+0100][gc            ] GC(19) Pause Young (Normal) (G1 Evacuation Pause) 429M->209M(1024M) 11,599ms
[2023-11-01T19:11:31.802+0100][gc,cpu        ] GC(19) User=0,11s Sys=0,02s Real=0,01s
[2023-11-01T19:17:13.909+0100][gc,start      ] GC(20) Pause Young (Normal) (G1 Evacuation Pause)
[2023-11-01T19:17:13.909+0100][gc,task       ] GC(20) Using 13 workers of 13 for evacuation
[2023-11-01T19:17:13.920+0100][gc,phases     ] GC(20)   Pre Evacuate Collection Set: 0,0ms
[2023-11-01T19:17:13.920+0100][gc,phases     ] GC(20)   Evacuate Collection Set: 10,0ms
[2023-11-01T19:17:13.920+0100][gc,phases     ] GC(20)   Post Evacuate Collection Set: 0,6ms
[2023-11-01T19:17:13.920+0100][gc,phases     ] GC(20)   Other: 0,3ms
[2023-11-01T19:17:13.920+0100][gc,heap       ] GC(20) Eden regions: 192->0(223)
[2023-11-01T19:17:13.920+0100][gc,heap       ] GC(20) Survivor regions: 31->19(28)
[2023-11-01T19:17:13.920+0100][gc,heap       ] GC(20) Old regions: 52->54
[2023-11-01T19:17:13.920+0100][gc,heap       ] GC(20) Humongous regions: 129->129
[2023-11-01T19:17:13.920+0100][gc,metaspace  ] GC(20) Metaspace: 45075K(48128K)->45075K(48128K) NonClass: 39494K(41216K)->39494K(41216K) Class: 5580K(6912K)->5580K(6912K)
[2023-11-01T19:17:13.920+0100][gc            ] GC(20) Pause Young (Normal) (G1 Evacuation Pause) 401M->200M(1024M) 10,984ms
[2023-11-01T19:17:13.920+0100][gc,cpu        ] GC(20) User=0,11s Sys=0,01s Real=0,00s
[2023-11-01T19:23:25.426+0100][gc,start      ] GC(21) Pause Young (Normal) (G1 Evacuation Pause)
[2023-11-01T19:23:25.427+0100][gc,task       ] GC(21) Using 13 workers of 13 for evacuation
[2023-11-01T19:23:25.433+0100][gc,phases     ] GC(21)   Pre Evacuate Collection Set: 0,0ms
[2023-11-01T19:23:25.433+0100][gc,phases     ] GC(21)   Evacuate Collection Set: 5,9ms
[2023-11-01T19:23:25.433+0100][gc,phases     ] GC(21)   Post Evacuate Collection Set: 0,6ms
[2023-11-01T19:23:25.433+0100][gc,phases     ] GC(21)   Other: 0,3ms
[2023-11-01T19:23:25.433+0100][gc,heap       ] GC(21) Eden regions: 223->0(326)
[2023-11-01T19:23:25.433+0100][gc,heap       ] GC(21) Survivor regions: 19->10(31)
[2023-11-01T19:23:25.433+0100][gc,heap       ] GC(21) Old regions: 54->56
[2023-11-01T19:23:25.433+0100][gc,heap       ] GC(21) Humongous regions: 129->129
[2023-11-01T19:23:25.433+0100][gc,metaspace  ] GC(21) Metaspace: 45176K(48128K)->45176K(48128K) NonClass: 39595K(41216K)->39595K(41216K) Class: 5580K(6912K)->5580K(6912K)
[2023-11-01T19:23:25.433+0100][gc            ] GC(21) Pause Young (Normal) (G1 Evacuation Pause) 423M->192M(1024M) 6,861ms
[2023-11-01T19:23:25.433+0100][gc,cpu        ] GC(21) User=0,06s Sys=0,00s Real=0,01s
[2023-11-01T19:33:05.483+0100][gc,start      ] GC(22) Pause Young (Normal) (G1 Evacuation Pause)
[2023-11-01T19:33:05.483+0100][gc,task       ] GC(22) Using 13 workers of 13 for evacuation
[2023-11-01T19:33:05.489+0100][gc,phases     ] GC(22)   Pre Evacuate Collection Set: 0,0ms
[2023-11-01T19:33:05.490+0100][gc,phases     ] GC(22)   Evacuate Collection Set: 5,9ms
[2023-11-01T19:33:05.490+0100][gc,phases     ] GC(22)   Post Evacuate Collection Set: 0,7ms
[2023-11-01T19:33:05.490+0100][gc,phases     ] GC(22)   Other: 0,3ms
[2023-11-01T19:33:05.490+0100][gc,heap       ] GC(22) Eden regions: 326->0(603)
[2023-11-01T19:33:05.490+0100][gc,heap       ] GC(22) Survivor regions: 10->11(42)
[2023-11-01T19:33:05.490+0100][gc,heap       ] GC(22) Old regions: 56->56
[2023-11-01T19:33:05.490+0100][gc,heap       ] GC(22) Humongous regions: 129->129
[2023-11-01T19:33:05.490+0100][gc,metaspace  ] GC(22) Metaspace: 45503K(48640K)->45503K(48640K) NonClass: 39922K(41728K)->39922K(41728K) Class: 5581K(6912K)->5581K(6912K)
[2023-11-01T19:33:05.490+0100][gc            ] GC(22) Pause Young (Normal) (G1 Evacuation Pause) 518M->194M(1024M) 6,991ms
[2023-11-01T19:33:05.490+0100][gc,cpu        ] GC(22) User=0,07s Sys=0,00s Real=0,01s
[2023-11-01T19:47:07.055+0100][gc,start      ] GC(23) Pause Young (Normal) (G1 Evacuation Pause)
[2023-11-01T19:47:07.055+0100][gc,task       ] GC(23) Using 13 workers of 13 for evacuation
[2023-11-01T19:47:07.064+0100][gc,phases     ] GC(23)   Pre Evacuate Collection Set: 0,0ms
[2023-11-01T19:47:07.064+0100][gc,phases     ] GC(23)   Evacuate Collection Set: 8,3ms
[2023-11-01T19:47:07.064+0100][gc,phases     ] GC(23)   Post Evacuate Collection Set: 0,8ms
[2023-11-01T19:47:07.065+0100][gc,phases     ] GC(23)   Other: 0,4ms
[2023-11-01T19:47:07.065+0100][gc,heap       ] GC(23) Eden regions: 603->0(601)
[2023-11-01T19:47:07.065+0100][gc,heap       ] GC(23) Survivor regions: 11->13(77)
[2023-11-01T19:47:07.065+0100][gc,heap       ] GC(23) Old regions: 56->56
[2023-11-01T19:47:07.065+0100][gc,heap       ] GC(23) Humongous regions: 129->129
[2023-11-01T19:47:07.065+0100][gc,metaspace  ] GC(23) Metaspace: 45817K(48896K)->45817K(48896K) NonClass: 40235K(41984K)->40235K(41984K) Class: 5581K(6912K)->5581K(6912K)
[2023-11-01T19:47:07.065+0100][gc            ] GC(23) Pause Young (Normal) (G1 Evacuation Pause) 797M->195M(1024M) 9,551ms
[2023-11-01T19:47:07.065+0100][gc,cpu        ] GC(23) User=0,10s Sys=0,01s Real=0,01s
[2023-11-01T20:22:38.221+0100][gc,start      ] GC(24) Pause Young (Normal) (G1 Evacuation Pause)
[2023-11-01T20:22:38.221+0100][gc,task       ] GC(24) Using 13 workers of 13 for evacuation
[2023-11-01T20:22:38.232+0100][gc,phases     ] GC(24)   Pre Evacuate Collection Set: 0,0ms
[2023-11-01T20:22:38.232+0100][gc,phases     ] GC(24)   Evacuate Collection Set: 9,6ms
[2023-11-01T20:22:38.232+0100][gc,phases     ] GC(24)   Post Evacuate Collection Set: 0,6ms
[2023-11-01T20:22:38.232+0100][gc,phases     ] GC(24)   Other: 0,3ms
[2023-11-01T20:22:38.232+0100][gc,heap       ] GC(24) Eden regions: 601->0(594)
[2023-11-01T20:22:38.232+0100][gc,heap       ] GC(24) Survivor regions: 13->20(77)
[2023-11-01T20:22:38.232+0100][gc,heap       ] GC(24) Old regions: 56->56
[2023-11-01T20:22:38.232+0100][gc,heap       ] GC(24) Humongous regions: 129->129
[2023-11-01T20:22:38.232+0100][gc,metaspace  ] GC(24) Metaspace: 45998K(49152K)->45998K(49152K) NonClass: 40415K(42240K)->40415K(42240K) Class: 5583K(6912K)->5583K(6912K)
[2023-11-01T20:22:38.232+0100][gc            ] GC(24) Pause Young (Normal) (G1 Evacuation Pause) 796M->203M(1024M) 10,656ms
[2023-11-01T20:22:38.232+0100][gc,cpu        ] GC(24) User=0,12s Sys=0,01s Real=0,01s
[2023-11-01T20:32:27.876+0100][gc,start      ] GC(25) Pause Young (Normal) (G1 Evacuation Pause)
[2023-11-01T20:32:27.876+0100][gc,task       ] GC(25) Using 13 workers of 13 for evacuation
[2023-11-01T20:32:27.884+0100][gc,phases     ] GC(25)   Pre Evacuate Collection Set: 0,0ms
[2023-11-01T20:32:27.884+0100][gc,phases     ] GC(25)   Evacuate Collection Set: 7,7ms
[2023-11-01T20:32:27.884+0100][gc,phases     ] GC(25)   Post Evacuate Collection Set: 0,7ms
[2023-11-01T20:32:27.885+0100][gc,phases     ] GC(25)   Other: 0,3ms
[2023-11-01T20:32:27.885+0100][gc,heap       ] GC(25) Eden regions: 594->0(593)
[2023-11-01T20:32:27.885+0100][gc,heap       ] GC(25) Survivor regions: 20->21(77)
[2023-11-01T20:32:27.885+0100][gc,heap       ] GC(25) Old regions: 56->56
[2023-11-01T20:32:27.885+0100][gc,heap       ] GC(25) Humongous regions: 129->129
[2023-11-01T20:32:27.885+0100][gc,metaspace  ] GC(25) Metaspace: 46009K(49152K)->46009K(49152K) NonClass: 40426K(42240K)->40426K(42240K) Class: 5583K(6912K)->5583K(6912K)
[2023-11-01T20:32:27.885+0100][gc            ] GC(25) Pause Young (Normal) (G1 Evacuation Pause) 797M->203M(1024M) 8,768ms
[2023-11-01T20:32:27.885+0100][gc,cpu        ] GC(25) User=0,10s Sys=0,00s Real=0,01s
[2023-11-01T20:32:29.503+0100][gc,start      ] GC(26) Pause Young (Normal) (G1 Evacuation Pause)
[2023-11-01T20:32:29.503+0100][gc,task       ] GC(26) Using 13 workers of 13 for evacuation
[2023-11-01T20:32:29.512+0100][gc,phases     ] GC(26)   Pre Evacuate Collection Set: 0,0ms
[2023-11-01T20:32:29.512+0100][gc,phases     ] GC(26)   Evacuate Collection Set: 7,8ms
[2023-11-01T20:32:29.512+0100][gc,phases     ] GC(26)   Post Evacuate Collection Set: 0,6ms
[2023-11-01T20:32:29.512+0100][gc,phases     ] GC(26)   Other: 0,2ms
[2023-11-01T20:32:29.512+0100][gc,heap       ] GC(26) Eden regions: 593->0(593)
[2023-11-01T20:32:29.512+0100][gc,heap       ] GC(26) Survivor regions: 21->21(77)
[2023-11-01T20:32:29.512+0100][gc,heap       ] GC(26) Old regions: 56->56
[2023-11-01T20:32:29.512+0100][gc,heap       ] GC(26) Humongous regions: 129->129
[2023-11-01T20:32:29.512+0100][gc,metaspace  ] GC(26) Metaspace: 46009K(49152K)->46009K(49152K) NonClass: 40426K(42240K)->40426K(42240K) Class: 5583K(6912K)->5583K(6912K)
[2023-11-01T20:32:29.512+0100][gc            ] GC(26) Pause Young (Normal) (G1 Evacuation Pause) 796M->203M(1024M) 8,689ms
[2023-11-01T20:32:29.512+0100][gc,cpu        ] GC(26) User=0,10s Sys=0,00s Real=0,01s
[2023-11-01T20:33:50.533+0100][gc,start      ] GC(27) Pause Young (Normal) (G1 Evacuation Pause)
[2023-11-01T20:33:50.533+0100][gc,task       ] GC(27) Using 13 workers of 13 for evacuation
[2023-11-01T20:33:50.542+0100][gc,phases     ] GC(27)   Pre Evacuate Collection Set: 0,0ms
[2023-11-01T20:33:50.542+0100][gc,phases     ] GC(27)   Evacuate Collection Set: 8,2ms
[2023-11-01T20:33:50.542+0100][gc,phases     ] GC(27)   Post Evacuate Collection Set: 0,6ms
[2023-11-01T20:33:50.542+0100][gc,phases     ] GC(27)   Other: 0,3ms
[2023-11-01T20:33:50.542+0100][gc,heap       ] GC(27) Eden regions: 593->0(593)
[2023-11-01T20:33:50.542+0100][gc,heap       ] GC(27) Survivor regions: 21->21(77)
[2023-11-01T20:33:50.542+0100][gc,heap       ] GC(27) Old regions: 56->56
[2023-11-01T20:33:50.542+0100][gc,heap       ] GC(27) Humongous regions: 129->129
[2023-11-01T20:33:50.542+0100][gc,metaspace  ] GC(27) Metaspace: 46009K(49152K)->46009K(49152K) NonClass: 40426K(42240K)->40426K(42240K) Class: 5583K(6912K)->5583K(6912K)
[2023-11-01T20:33:50.542+0100][gc            ] GC(27) Pause Young (Normal) (G1 Evacuation Pause) 796M->204M(1024M) 9,271ms
[2023-11-01T20:33:50.542+0100][gc,cpu        ] GC(27) User=0,11s Sys=0,00s Real=0,01s
[2023-11-01T20:33:57.974+0100][gc,start      ] GC(28) Pause Young (Normal) (G1 Evacuation Pause)
[2023-11-01T20:33:57.974+0100][gc,task       ] GC(28) Using 13 workers of 13 for evacuation
[2023-11-01T20:33:57.984+0100][gc,phases     ] GC(28)   Pre Evacuate Collection Set: 0,0ms
[2023-11-01T20:33:57.984+0100][gc,phases     ] GC(28)   Evacuate Collection Set: 9,2ms
[2023-11-01T20:33:57.984+0100][gc,phases     ] GC(28)   Post Evacuate Collection Set: 0,7ms
[2023-11-01T20:33:57.984+0100][gc,phases     ] GC(28)   Other: 0,3ms
[2023-11-01T20:33:57.984+0100][gc,heap       ] GC(28) Eden regions: 593->0(592)
[2023-11-01T20:33:57.984+0100][gc,heap       ] GC(28) Survivor regions: 21->22(77)
[2023-11-01T20:33:57.984+0100][gc,heap       ] GC(28) Old regions: 56->56
[2023-11-01T20:33:57.984+0100][gc,heap       ] GC(28) Humongous regions: 129->129
[2023-11-01T20:33:57.984+0100][gc,metaspace  ] GC(28) Metaspace: 46009K(49152K)->46009K(49152K) NonClass: 40426K(42240K)->40426K(42240K) Class: 5583K(6912K)->5583K(6912K)
[2023-11-01T20:33:57.984+0100][gc            ] GC(28) Pause Young (Normal) (G1 Evacuation Pause) 797M->204M(1024M) 10,421ms
[2023-11-01T20:33:57.984+0100][gc,cpu        ] GC(28) User=0,11s Sys=0,00s Real=0,01s
[2023-11-01T20:33:59.537+0100][gc,start      ] GC(29) Pause Young (Normal) (G1 Evacuation Pause)
[2023-11-01T20:33:59.537+0100][gc,task       ] GC(29) Using 13 workers of 13 for evacuation
[2023-11-01T20:33:59.546+0100][gc,phases     ] GC(29)   Pre Evacuate Collection Set: 0,0ms
[2023-11-01T20:33:59.546+0100][gc,phases     ] GC(29)   Evacuate Collection Set: 8,3ms
[2023-11-01T20:33:59.546+0100][gc,phases     ] GC(29)   Post Evacuate Collection Set: 0,6ms
[2023-11-01T20:33:59.546+0100][gc,phases     ] GC(29)   Other: 0,2ms
[2023-11-01T20:33:59.546+0100][gc,heap       ] GC(29) Eden regions: 592->0(592)
[2023-11-01T20:33:59.546+0100][gc,heap       ] GC(29) Survivor regions: 22->22(77)
[2023-11-01T20:33:59.546+0100][gc,heap       ] GC(29) Old regions: 56->56
[2023-11-01T20:33:59.546+0100][gc,heap       ] GC(29) Humongous regions: 129->129
[2023-11-01T20:33:59.546+0100][gc,metaspace  ] GC(29) Metaspace: 46009K(49152K)->46009K(49152K) NonClass: 40426K(42240K)->40426K(42240K) Class: 5583K(6912K)->5583K(6912K)
[2023-11-01T20:33:59.546+0100][gc            ] GC(29) Pause Young (Normal) (G1 Evacuation Pause) 796M->204M(1024M) 9,205ms
[2023-11-01T20:33:59.546+0100][gc,cpu        ] GC(29) User=0,11s Sys=0,00s Real=0,01s
[2023-11-01T20:34:04.050+0100][gc,start      ] GC(30) Pause Young (Normal) (G1 Evacuation Pause)
[2023-11-01T20:34:04.050+0100][gc,task       ] GC(30) Using 13 workers of 13 for evacuation
[2023-11-01T20:34:04.060+0100][gc,phases     ] GC(30)   Pre Evacuate Collection Set: 0,0ms
[2023-11-01T20:34:04.060+0100][gc,phases     ] GC(30)   Evacuate Collection Set: 8,6ms
[2023-11-01T20:34:04.060+0100][gc,phases     ] GC(30)   Post Evacuate Collection Set: 0,7ms
[2023-11-01T20:34:04.060+0100][gc,phases     ] GC(30)   Other: 0,3ms
[2023-11-01T20:34:04.060+0100][gc,heap       ] GC(30) Eden regions: 592->0(592)
[2023-11-01T20:34:04.060+0100][gc,heap       ] GC(30) Survivor regions: 22->22(77)
[2023-11-01T20:34:04.060+0100][gc,heap       ] GC(30) Old regions: 56->56
[2023-11-01T20:34:04.060+0100][gc,heap       ] GC(30) Humongous regions: 129->129
[2023-11-01T20:34:04.060+0100][gc,metaspace  ] GC(30) Metaspace: 46009K(49152K)->46009K(49152K) NonClass: 40426K(42240K)->40426K(42240K) Class: 5583K(6912K)->5583K(6912K)
[2023-11-01T20:34:04.060+0100][gc            ] GC(30) Pause Young (Normal) (G1 Evacuation Pause) 796M->204M(1024M) 9,650ms
[2023-11-01T20:34:04.060+0100][gc,cpu        ] GC(30) User=0,11s Sys=0,00s Real=0,00s
[2023-11-01T20:34:13.135+0100][gc,start      ] GC(31) Pause Young (Normal) (G1 Evacuation Pause)
[2023-11-01T20:34:13.135+0100][gc,task       ] GC(31) Using 13 workers of 13 for evacuation
[2023-11-01T20:34:13.144+0100][gc,phases     ] GC(31)   Pre Evacuate Collection Set: 0,0ms
[2023-11-01T20:34:13.144+0100][gc,phases     ] GC(31)   Evacuate Collection Set: 8,2ms
[2023-11-01T20:34:13.144+0100][gc,phases     ] GC(31)   Post Evacuate Collection Set: 0,6ms
[2023-11-01T20:34:13.144+0100][gc,phases     ] GC(31)   Other: 0,3ms
[2023-11-01T20:34:13.144+0100][gc,heap       ] GC(31) Eden regions: 592->0(591)
[2023-11-01T20:34:13.144+0100][gc,heap       ] GC(31) Survivor regions: 22->23(77)
[2023-11-01T20:34:13.144+0100][gc,heap       ] GC(31) Old regions: 56->56
[2023-11-01T20:34:13.144+0100][gc,heap       ] GC(31) Humongous regions: 129->129
[2023-11-01T20:34:13.144+0100][gc,metaspace  ] GC(31) Metaspace: 46009K(49152K)->46009K(49152K) NonClass: 40426K(42240K)->40426K(42240K) Class: 5583K(6912K)->5583K(6912K)
[2023-11-01T20:34:13.144+0100][gc            ] GC(31) Pause Young (Normal) (G1 Evacuation Pause) 796M->205M(1024M) 9,091ms
[2023-11-01T20:34:13.144+0100][gc,cpu        ] GC(31) User=0,11s Sys=0,00s Real=0,01s
[2023-11-01T20:34:15.746+0100][gc,start      ] GC(32) Pause Young (Normal) (G1 Evacuation Pause)
[2023-11-01T20:34:15.746+0100][gc,task       ] GC(32) Using 13 workers of 13 for evacuation
[2023-11-01T20:34:15.756+0100][gc,phases     ] GC(32)   Pre Evacuate Collection Set: 0,0ms
[2023-11-01T20:34:15.756+0100][gc,phases     ] GC(32)   Evacuate Collection Set: 8,3ms
[2023-11-01T20:34:15.756+0100][gc,phases     ] GC(32)   Post Evacuate Collection Set: 0,7ms
[2023-11-01T20:34:15.756+0100][gc,phases     ] GC(32)   Other: 0,3ms
[2023-11-01T20:34:15.756+0100][gc,heap       ] GC(32) Eden regions: 591->0(591)
[2023-11-01T20:34:15.756+0100][gc,heap       ] GC(32) Survivor regions: 23->23(77)
[2023-11-01T20:34:15.756+0100][gc,heap       ] GC(32) Old regions: 56->56
[2023-11-01T20:34:15.756+0100][gc,heap       ] GC(32) Humongous regions: 129->129
[2023-11-01T20:34:15.756+0100][gc,metaspace  ] GC(32) Metaspace: 46010K(49152K)->46010K(49152K) NonClass: 40427K(42240K)->40427K(42240K) Class: 5583K(6912K)->5583K(6912K)
[2023-11-01T20:34:15.756+0100][gc            ] GC(32) Pause Young (Normal) (G1 Evacuation Pause) 796M->206M(1024M) 9,358ms
[2023-11-01T20:34:15.756+0100][gc,cpu        ] GC(32) User=0,10s Sys=0,00s Real=0,01s
[2023-11-01T20:34:18.037+0100][gc,start      ] GC(33) Pause Young (Normal) (G1 Evacuation Pause)
[2023-11-01T20:34:18.037+0100][gc,task       ] GC(33) Using 13 workers of 13 for evacuation
[2023-11-01T20:34:18.046+0100][gc,phases     ] GC(33)   Pre Evacuate Collection Set: 0,0ms
[2023-11-01T20:34:18.046+0100][gc,phases     ] GC(33)   Evacuate Collection Set: 8,4ms
[2023-11-01T20:34:18.046+0100][gc,phases     ] GC(33)   Post Evacuate Collection Set: 0,6ms
[2023-11-01T20:34:18.046+0100][gc,phases     ] GC(33)   Other: 0,3ms
[2023-11-01T20:34:18.046+0100][gc,heap       ] GC(33) Eden regions: 591->0(591)
[2023-11-01T20:34:18.046+0100][gc,heap       ] GC(33) Survivor regions: 23->23(77)
[2023-11-01T20:34:18.047+0100][gc,heap       ] GC(33) Old regions: 56->56
[2023-11-01T20:34:18.047+0100][gc,heap       ] GC(33) Humongous regions: 129->129
[2023-11-01T20:34:18.047+0100][gc,metaspace  ] GC(33) Metaspace: 46010K(49152K)->46010K(49152K) NonClass: 40427K(42240K)->40427K(42240K) Class: 5583K(6912K)->5583K(6912K)
[2023-11-01T20:34:18.047+0100][gc            ] GC(33) Pause Young (Normal) (G1 Evacuation Pause) 797M->206M(1024M) 9,305ms
[2023-11-01T20:34:18.047+0100][gc,cpu        ] GC(33) User=0,10s Sys=0,00s Real=0,01s
[2023-11-01T20:34:27.205+0100][gc,start      ] GC(34) Pause Young (Normal) (G1 Evacuation Pause)
[2023-11-01T20:34:27.205+0100][gc,task       ] GC(34) Using 13 workers of 13 for evacuation
[2023-11-01T20:34:27.213+0100][gc,phases     ] GC(34)   Pre Evacuate Collection Set: 0,0ms
[2023-11-01T20:34:27.213+0100][gc,phases     ] GC(34)   Evacuate Collection Set: 7,6ms
[2023-11-01T20:34:27.213+0100][gc,phases     ] GC(34)   Post Evacuate Collection Set: 0,7ms
[2023-11-01T20:34:27.213+0100][gc,phases     ] GC(34)   Other: 0,3ms
[2023-11-01T20:34:27.213+0100][gc,heap       ] GC(34) Eden regions: 591->0(591)
[2023-11-01T20:34:27.213+0100][gc,heap       ] GC(34) Survivor regions: 23->23(77)
[2023-11-01T20:34:27.213+0100][gc,heap       ] GC(34) Old regions: 56->56
[2023-11-01T20:34:27.213+0100][gc,heap       ] GC(34) Humongous regions: 129->129
[2023-11-01T20:34:27.213+0100][gc,metaspace  ] GC(34) Metaspace: 46011K(49152K)->46011K(49152K) NonClass: 40427K(42240K)->40427K(42240K) Class: 5583K(6912K)->5583K(6912K)
[2023-11-01T20:34:27.213+0100][gc            ] GC(34) Pause Young (Normal) (G1 Evacuation Pause) 797M->206M(1024M) 8,659ms
[2023-11-01T20:34:27.214+0100][gc,cpu        ] GC(34) User=0,10s Sys=0,00s Real=0,01s
[2023-11-01T20:37:10.139+0100][gc,start      ] GC(35) Pause Young (Normal) (G1 Evacuation Pause)
[2023-11-01T20:37:10.139+0100][gc,task       ] GC(35) Using 13 workers of 13 for evacuation
[2023-11-01T20:37:10.150+0100][gc,phases     ] GC(35)   Pre Evacuate Collection Set: 0,0ms
[2023-11-01T20:37:10.150+0100][gc,phases     ] GC(35)   Evacuate Collection Set: 9,3ms
[2023-11-01T20:37:10.150+0100][gc,phases     ] GC(35)   Post Evacuate Collection Set: 0,8ms
[2023-11-01T20:37:10.150+0100][gc,phases     ] GC(35)   Other: 0,4ms
[2023-11-01T20:37:10.150+0100][gc,heap       ] GC(35) Eden regions: 591->0(589)
[2023-11-01T20:37:10.150+0100][gc,heap       ] GC(35) Survivor regions: 23->25(77)
[2023-11-01T20:37:10.150+0100][gc,heap       ] GC(35) Old regions: 56->56
[2023-11-01T20:37:10.150+0100][gc,heap       ] GC(35) Humongous regions: 129->129
[2023-11-01T20:37:10.150+0100][gc,metaspace  ] GC(35) Metaspace: 46011K(49152K)->46011K(49152K) NonClass: 40427K(42240K)->40427K(42240K) Class: 5583K(6912K)->5583K(6912K)
[2023-11-01T20:37:10.150+0100][gc            ] GC(35) Pause Young (Normal) (G1 Evacuation Pause) 797M->207M(1024M) 10,541ms
[2023-11-01T20:37:10.150+0100][gc,cpu        ] GC(35) User=0,12s Sys=0,00s Real=0,02s
[2023-11-01T20:37:11.780+0100][gc,start      ] GC(36) Pause Young (Normal) (G1 Evacuation Pause)
[2023-11-01T20:37:11.780+0100][gc,task       ] GC(36) Using 13 workers of 13 for evacuation
[2023-11-01T20:37:11.790+0100][gc,phases     ] GC(36)   Pre Evacuate Collection Set: 0,0ms
[2023-11-01T20:37:11.790+0100][gc,phases     ] GC(36)   Evacuate Collection Set: 8,9ms
[2023-11-01T20:37:11.790+0100][gc,phases     ] GC(36)   Post Evacuate Collection Set: 0,7ms
[2023-11-01T20:37:11.790+0100][gc,phases     ] GC(36)   Other: 0,3ms
[2023-11-01T20:37:11.790+0100][gc,heap       ] GC(36) Eden regions: 589->0(591)
[2023-11-01T20:37:11.790+0100][gc,heap       ] GC(36) Survivor regions: 25->23(77)
[2023-11-01T20:37:11.790+0100][gc,heap       ] GC(36) Old regions: 56->57
[2023-11-01T20:37:11.790+0100][gc,heap       ] GC(36) Humongous regions: 129->129
[2023-11-01T20:37:11.790+0100][gc,metaspace  ] GC(36) Metaspace: 46011K(49152K)->46011K(49152K) NonClass: 40427K(42240K)->40427K(42240K) Class: 5583K(6912K)->5583K(6912K)
[2023-11-01T20:37:11.790+0100][gc            ] GC(36) Pause Young (Normal) (G1 Evacuation Pause) 796M->207M(1024M) 9,961ms
[2023-11-01T20:37:11.790+0100][gc,cpu        ] GC(36) User=0,11s Sys=0,01s Real=0,02s
[2023-11-01T20:37:16.827+0100][gc,start      ] GC(37) Pause Young (Normal) (G1 Evacuation Pause)
[2023-11-01T20:37:16.827+0100][gc,task       ] GC(37) Using 13 workers of 13 for evacuation
[2023-11-01T20:37:16.837+0100][gc,phases     ] GC(37)   Pre Evacuate Collection Set: 0,0ms
[2023-11-01T20:37:16.837+0100][gc,phases     ] GC(37)   Evacuate Collection Set: 8,6ms
[2023-11-01T20:37:16.837+0100][gc,phases     ] GC(37)   Post Evacuate Collection Set: 0,7ms
[2023-11-01T20:37:16.837+0100][gc,phases     ] GC(37)   Other: 0,3ms
[2023-11-01T20:37:16.837+0100][gc,heap       ] GC(37) Eden regions: 591->0(593)
[2023-11-01T20:37:16.837+0100][gc,heap       ] GC(37) Survivor regions: 23->21(77)
[2023-11-01T20:37:16.837+0100][gc,heap       ] GC(37) Old regions: 57->60
[2023-11-01T20:37:16.837+0100][gc,heap       ] GC(37) Humongous regions: 129->129
[2023-11-01T20:37:16.837+0100][gc,metaspace  ] GC(37) Metaspace: 46011K(49152K)->46011K(49152K) NonClass: 40427K(42240K)->40427K(42240K) Class: 5583K(6912K)->5583K(6912K)
[2023-11-01T20:37:16.837+0100][gc            ] GC(37) Pause Young (Normal) (G1 Evacuation Pause) 798M->207M(1024M) 9,631ms
[2023-11-01T20:37:16.837+0100][gc,cpu        ] GC(37) User=0,11s Sys=0,00s Real=0,01s
[2023-11-01T20:50:27.690+0100][gc,start      ] GC(38) Pause Young (Normal) (G1 Evacuation Pause)
[2023-11-01T20:50:27.690+0100][gc,task       ] GC(38) Using 13 workers of 13 for evacuation
[2023-11-01T20:50:27.700+0100][gc,phases     ] GC(38)   Pre Evacuate Collection Set: 0,0ms
[2023-11-01T20:50:27.700+0100][gc,phases     ] GC(38)   Evacuate Collection Set: 9,1ms
[2023-11-01T20:50:27.700+0100][gc,phases     ] GC(38)   Post Evacuate Collection Set: 0,7ms
[2023-11-01T20:50:27.700+0100][gc,phases     ] GC(38)   Other: 0,3ms
[2023-11-01T20:50:27.700+0100][gc,heap       ] GC(38) Eden regions: 593->0(600)
[2023-11-01T20:50:27.700+0100][gc,heap       ] GC(38) Survivor regions: 21->14(77)
[2023-11-01T20:50:27.700+0100][gc,heap       ] GC(38) Old regions: 60->67
[2023-11-01T20:50:27.700+0100][gc,heap       ] GC(38) Humongous regions: 129->129
[2023-11-01T20:50:27.700+0100][gc,metaspace  ] GC(38) Metaspace: 46012K(49152K)->46012K(49152K) NonClass: 40428K(42240K)->40428K(42240K) Class: 5583K(6912K)->5583K(6912K)
[2023-11-01T20:50:27.700+0100][gc            ] GC(38) Pause Young (Normal) (G1 Evacuation Pause) 800M->208M(1024M) 10,334ms
[2023-11-01T20:50:27.700+0100][gc,cpu        ] GC(38) User=0,12s Sys=0,00s Real=0,00s
[2023-11-01T20:50:29.369+0100][gc,start      ] GC(39) Pause Young (Normal) (G1 Evacuation Pause)
[2023-11-01T20:50:29.370+0100][gc,task       ] GC(39) Using 13 workers of 13 for evacuation
[2023-11-01T20:50:29.377+0100][gc,phases     ] GC(39)   Pre Evacuate Collection Set: 0,0ms
[2023-11-01T20:50:29.377+0100][gc,phases     ] GC(39)   Evacuate Collection Set: 6,2ms
[2023-11-01T20:50:29.377+0100][gc,phases     ] GC(39)   Post Evacuate Collection Set: 0,6ms
[2023-11-01T20:50:29.377+0100][gc,phases     ] GC(39)   Other: 0,3ms
[2023-11-01T20:50:29.377+0100][gc,heap       ] GC(39) Eden regions: 600->0(605)
[2023-11-01T20:50:29.377+0100][gc,heap       ] GC(39) Survivor regions: 14->9(77)
[2023-11-01T20:50:29.377+0100][gc,heap       ] GC(39) Old regions: 67->72
[2023-11-01T20:50:29.377+0100][gc,heap       ] GC(39) Humongous regions: 129->129
[2023-11-01T20:50:29.377+0100][gc,metaspace  ] GC(39) Metaspace: 46012K(49152K)->46012K(49152K) NonClass: 40428K(42240K)->40428K(42240K) Class: 5583K(6912K)->5583K(6912K)
[2023-11-01T20:50:29.377+0100][gc            ] GC(39) Pause Young (Normal) (G1 Evacuation Pause) 808M->208M(1024M) 7,272ms
[2023-11-01T20:50:29.377+0100][gc,cpu        ] GC(39) User=0,08s Sys=0,01s Real=0,00s
[2023-11-01T20:50:37.356+0100][gc,start      ] GC(40) Pause Young (Normal) (G1 Evacuation Pause)
[2023-11-01T20:50:37.356+0100][gc,task       ] GC(40) Using 13 workers of 13 for evacuation
[2023-11-01T20:50:37.362+0100][gc,phases     ] GC(40)   Pre Evacuate Collection Set: 0,0ms
[2023-11-01T20:50:37.362+0100][gc,phases     ] GC(40)   Evacuate Collection Set: 5,2ms
[2023-11-01T20:50:37.362+0100][gc,phases     ] GC(40)   Post Evacuate Collection Set: 0,7ms
[2023-11-01T20:50:37.362+0100][gc,phases     ] GC(40)   Other: 0,3ms
[2023-11-01T20:50:37.362+0100][gc,heap       ] GC(40) Eden regions: 605->0(606)
[2023-11-01T20:50:37.362+0100][gc,heap       ] GC(40) Survivor regions: 9->8(77)
[2023-11-01T20:50:37.362+0100][gc,heap       ] GC(40) Old regions: 72->74
[2023-11-01T20:50:37.362+0100][gc,heap       ] GC(40) Humongous regions: 129->129
[2023-11-01T20:50:37.362+0100][gc,metaspace  ] GC(40) Metaspace: 46012K(49152K)->46012K(49152K) NonClass: 40428K(42240K)->40428K(42240K) Class: 5583K(6912K)->5583K(6912K)
[2023-11-01T20:50:37.362+0100][gc            ] GC(40) Pause Young (Normal) (G1 Evacuation Pause) 813M->209M(1024M) 6,317ms
[2023-11-01T20:50:37.362+0100][gc,cpu        ] GC(40) User=0,06s Sys=0,00s Real=0,01s
[2023-11-01T20:50:48.288+0100][gc,start      ] GC(41) Pause Young (Normal) (G1 Evacuation Pause)
[2023-11-01T20:50:48.288+0100][gc,task       ] GC(41) Using 13 workers of 13 for evacuation
[2023-11-01T20:50:48.292+0100][gc,phases     ] GC(41)   Pre Evacuate Collection Set: 0,0ms
[2023-11-01T20:50:48.292+0100][gc,phases     ] GC(41)   Evacuate Collection Set: 3,5ms
[2023-11-01T20:50:48.292+0100][gc,phases     ] GC(41)   Post Evacuate Collection Set: 0,7ms
[2023-11-01T20:50:48.292+0100][gc,phases     ] GC(41)   Other: 0,2ms
[2023-11-01T20:50:48.292+0100][gc,heap       ] GC(41) Eden regions: 606->0(605)
[2023-11-01T20:50:48.292+0100][gc,heap       ] GC(41) Survivor regions: 8->9(77)
[2023-11-01T20:50:48.292+0100][gc,heap       ] GC(41) Old regions: 74->74
[2023-11-01T20:50:48.293+0100][gc,heap       ] GC(41) Humongous regions: 129->129
[2023-11-01T20:50:48.293+0100][gc,metaspace  ] GC(41) Metaspace: 46012K(49152K)->46012K(49152K) NonClass: 40428K(42240K)->40428K(42240K) Class: 5583K(6912K)->5583K(6912K)
[2023-11-01T20:50:48.293+0100][gc            ] GC(41) Pause Young (Normal) (G1 Evacuation Pause) 815M->210M(1024M) 4,642ms
[2023-11-01T20:50:48.293+0100][gc,cpu        ] GC(41) User=0,05s Sys=0,00s Real=0,01s
[2023-11-01T20:50:59.716+0100][gc,start      ] GC(42) Pause Young (Normal) (G1 Evacuation Pause)
[2023-11-01T20:50:59.716+0100][gc,task       ] GC(42) Using 13 workers of 13 for evacuation
[2023-11-01T20:50:59.721+0100][gc,phases     ] GC(42)   Pre Evacuate Collection Set: 0,0ms
[2023-11-01T20:50:59.721+0100][gc,phases     ] GC(42)   Evacuate Collection Set: 3,7ms
[2023-11-01T20:50:59.721+0100][gc,phases     ] GC(42)   Post Evacuate Collection Set: 0,7ms
[2023-11-01T20:50:59.721+0100][gc,phases     ] GC(42)   Other: 0,3ms
[2023-11-01T20:50:59.721+0100][gc,heap       ] GC(42) Eden regions: 605->0(605)
[2023-11-01T20:50:59.721+0100][gc,heap       ] GC(42) Survivor regions: 9->9(77)
[2023-11-01T20:50:59.721+0100][gc,heap       ] GC(42) Old regions: 74->75
[2023-11-01T20:50:59.721+0100][gc,heap       ] GC(42) Humongous regions: 129->129
[2023-11-01T20:50:59.721+0100][gc,metaspace  ] GC(42) Metaspace: 46012K(49152K)->46012K(49152K) NonClass: 40428K(42240K)->40428K(42240K) Class: 5583K(6912K)->5583K(6912K)
[2023-11-01T20:50:59.721+0100][gc            ] GC(42) Pause Young (Normal) (G1 Evacuation Pause) 815M->210M(1024M) 4,847ms
[2023-11-01T20:50:59.721+0100][gc,cpu        ] GC(42) User=0,04s Sys=0,00s Real=0,01s
[2023-11-01T20:52:51.478+0100][gc,start      ] GC(43) Pause Young (Normal) (G1 Evacuation Pause)
[2023-11-01T20:52:51.478+0100][gc,task       ] GC(43) Using 13 workers of 13 for evacuation
[2023-11-01T20:52:51.483+0100][gc,phases     ] GC(43)   Pre Evacuate Collection Set: 0,0ms
[2023-11-01T20:52:51.483+0100][gc,phases     ] GC(43)   Evacuate Collection Set: 3,9ms
[2023-11-01T20:52:51.483+0100][gc,phases     ] GC(43)   Post Evacuate Collection Set: 0,7ms
[2023-11-01T20:52:51.483+0100][gc,phases     ] GC(43)   Other: 0,3ms
[2023-11-01T20:52:51.483+0100][gc,heap       ] GC(43) Eden regions: 605->0(605)
[2023-11-01T20:52:51.483+0100][gc,heap       ] GC(43) Survivor regions: 9->9(77)
[2023-11-01T20:52:51.483+0100][gc,heap       ] GC(43) Old regions: 75->76
[2023-11-01T20:52:51.483+0100][gc,heap       ] GC(43) Humongous regions: 129->129
[2023-11-01T20:52:51.483+0100][gc,metaspace  ] GC(43) Metaspace: 46012K(49152K)->46012K(49152K) NonClass: 40428K(42240K)->40428K(42240K) Class: 5583K(6912K)->5583K(6912K)
[2023-11-01T20:52:51.483+0100][gc            ] GC(43) Pause Young (Normal) (G1 Evacuation Pause) 815M->211M(1024M) 4,930ms
[2023-11-01T20:52:51.483+0100][gc,cpu        ] GC(43) User=0,05s Sys=0,00s Real=0,01s
[2023-11-01T20:52:53.186+0100][gc,start      ] GC(44) Pause Young (Normal) (G1 Evacuation Pause)
[2023-11-01T20:52:53.186+0100][gc,task       ] GC(44) Using 13 workers of 13 for evacuation
[2023-11-01T20:52:53.191+0100][gc,phases     ] GC(44)   Pre Evacuate Collection Set: 0,0ms
[2023-11-01T20:52:53.191+0100][gc,phases     ] GC(44)   Evacuate Collection Set: 3,5ms
[2023-11-01T20:52:53.191+0100][gc,phases     ] GC(44)   Post Evacuate Collection Set: 0,8ms
[2023-11-01T20:52:53.191+0100][gc,phases     ] GC(44)   Other: 0,3ms
[2023-11-01T20:52:53.191+0100][gc,heap       ] GC(44) Eden regions: 605->0(605)
[2023-11-01T20:52:53.191+0100][gc,heap       ] GC(44) Survivor regions: 9->9(77)
[2023-11-01T20:52:53.191+0100][gc,heap       ] GC(44) Old regions: 76->76
[2023-11-01T20:52:53.191+0100][gc,heap       ] GC(44) Humongous regions: 129->129
[2023-11-01T20:52:53.191+0100][gc,metaspace  ] GC(44) Metaspace: 46012K(49152K)->46012K(49152K) NonClass: 40428K(42240K)->40428K(42240K) Class: 5583K(6912K)->5583K(6912K)
[2023-11-01T20:52:53.191+0100][gc            ] GC(44) Pause Young (Normal) (G1 Evacuation Pause) 816M->211M(1024M) 4,620ms
[2023-11-01T20:52:53.191+0100][gc,cpu        ] GC(44) User=0,04s Sys=0,00s Real=0,01s
[2023-11-01T20:56:32.238+0100][gc,start      ] GC(45) Pause Young (Normal) (G1 Evacuation Pause)
[2023-11-01T20:56:32.238+0100][gc,task       ] GC(45) Using 13 workers of 13 for evacuation
[2023-11-01T20:56:32.243+0100][gc,phases     ] GC(45)   Pre Evacuate Collection Set: 0,0ms
[2023-11-01T20:56:32.243+0100][gc,phases     ] GC(45)   Evacuate Collection Set: 4,3ms
[2023-11-01T20:56:32.243+0100][gc,phases     ] GC(45)   Post Evacuate Collection Set: 0,7ms
[2023-11-01T20:56:32.243+0100][gc,phases     ] GC(45)   Other: 0,3ms
[2023-11-01T20:56:32.243+0100][gc,heap       ] GC(45) Eden regions: 605->0(604)
[2023-11-01T20:56:32.243+0100][gc,heap       ] GC(45) Survivor regions: 9->10(77)
[2023-11-01T20:56:32.243+0100][gc,heap       ] GC(45) Old regions: 76->76
[2023-11-01T20:56:32.243+0100][gc,heap       ] GC(45) Humongous regions: 129->129
[2023-11-01T20:56:32.243+0100][gc,metaspace  ] GC(45) Metaspace: 46012K(49152K)->46012K(49152K) NonClass: 40428K(42240K)->40428K(42240K) Class: 5583K(6912K)->5583K(6912K)
[2023-11-01T20:56:32.243+0100][gc            ] GC(45) Pause Young (Normal) (G1 Evacuation Pause) 816M->212M(1024M) 5,379ms
[2023-11-01T20:56:32.243+0100][gc,cpu        ] GC(45) User=0,06s Sys=0,00s Real=0,01s
[2023-11-01T20:56:34.677+0100][gc,start      ] GC(46) Pause Young (Normal) (G1 Evacuation Pause)
[2023-11-01T20:56:34.677+0100][gc,task       ] GC(46) Using 13 workers of 13 for evacuation
[2023-11-01T20:56:34.682+0100][gc,phases     ] GC(46)   Pre Evacuate Collection Set: 0,0ms
[2023-11-01T20:56:34.682+0100][gc,phases     ] GC(46)   Evacuate Collection Set: 3,9ms
[2023-11-01T20:56:34.682+0100][gc,phases     ] GC(46)   Post Evacuate Collection Set: 0,6ms
[2023-11-01T20:56:34.682+0100][gc,phases     ] GC(46)   Other: 0,3ms
[2023-11-01T20:56:34.682+0100][gc,heap       ] GC(46) Eden regions: 604->0(605)
[2023-11-01T20:56:34.682+0100][gc,heap       ] GC(46) Survivor regions: 10->9(77)
[2023-11-01T20:56:34.682+0100][gc,heap       ] GC(46) Old regions: 76->77
[2023-11-01T20:56:34.682+0100][gc,heap       ] GC(46) Humongous regions: 129->129
[2023-11-01T20:56:34.682+0100][gc,metaspace  ] GC(46) Metaspace: 46017K(49152K)->46017K(49152K) NonClass: 40433K(42240K)->40433K(42240K) Class: 5583K(6912K)->5583K(6912K)
[2023-11-01T20:56:34.682+0100][gc            ] GC(46) Pause Young (Normal) (G1 Evacuation Pause) 816M->212M(1024M) 4,955ms
[2023-11-01T20:56:34.682+0100][gc,cpu        ] GC(46) User=0,05s Sys=0,00s Real=0,01s
[2023-11-01T20:56:38.497+0100][gc,start      ] GC(47) Pause Young (Normal) (G1 Evacuation Pause)
[2023-11-01T20:56:38.497+0100][gc,task       ] GC(47) Using 13 workers of 13 for evacuation
[2023-11-01T20:56:38.503+0100][gc,phases     ] GC(47)   Pre Evacuate Collection Set: 0,0ms
[2023-11-01T20:56:38.503+0100][gc,phases     ] GC(47)   Evacuate Collection Set: 4,1ms
[2023-11-01T20:56:38.503+0100][gc,phases     ] GC(47)   Post Evacuate Collection Set: 1,0ms
[2023-11-01T20:56:38.503+0100][gc,phases     ] GC(47)   Other: 0,3ms
[2023-11-01T20:56:38.503+0100][gc,heap       ] GC(47) Eden regions: 605->0(604)
[2023-11-01T20:56:38.503+0100][gc,heap       ] GC(47) Survivor regions: 9->10(77)
[2023-11-01T20:56:38.503+0100][gc,heap       ] GC(47) Old regions: 77->77
[2023-11-01T20:56:38.503+0100][gc,heap       ] GC(47) Humongous regions: 129->129
[2023-11-01T20:56:38.503+0100][gc,metaspace  ] GC(47) Metaspace: 46018K(49152K)->46018K(49152K) NonClass: 40434K(42240K)->40434K(42240K) Class: 5583K(6912K)->5583K(6912K)
[2023-11-01T20:56:38.503+0100][gc            ] GC(47) Pause Young (Normal) (G1 Evacuation Pause) 817M->213M(1024M) 5,609ms
[2023-11-01T20:56:38.503+0100][gc,cpu        ] GC(47) User=0,05s Sys=0,00s Real=0,01s
[2023-11-01T21:01:21.748+0100][gc,start      ] GC(48) Pause Young (Normal) (G1 Evacuation Pause)
[2023-11-01T21:01:21.748+0100][gc,task       ] GC(48) Using 13 workers of 13 for evacuation
[2023-11-01T21:01:21.755+0100][gc,phases     ] GC(48)   Pre Evacuate Collection Set: 0,0ms
[2023-11-01T21:01:21.755+0100][gc,phases     ] GC(48)   Evacuate Collection Set: 6,9ms
[2023-11-01T21:01:21.755+0100][gc,phases     ] GC(48)   Post Evacuate Collection Set: 0,6ms
[2023-11-01T21:01:21.755+0100][gc,phases     ] GC(48)   Other: 0,3ms
[2023-11-01T21:01:21.755+0100][gc,heap       ] GC(48) Eden regions: 604->0(600)
[2023-11-01T21:01:21.755+0100][gc,heap       ] GC(48) Survivor regions: 10->14(77)
[2023-11-01T21:01:21.755+0100][gc,heap       ] GC(48) Old regions: 77->77
[2023-11-01T21:01:21.755+0100][gc,heap       ] GC(48) Humongous regions: 129->129
[2023-11-01T21:01:21.755+0100][gc,metaspace  ] GC(48) Metaspace: 46023K(49152K)->46023K(49152K) NonClass: 40439K(42240K)->40439K(42240K) Class: 5583K(6912K)->5583K(6912K)
[2023-11-01T21:01:21.755+0100][gc            ] GC(48) Pause Young (Normal) (G1 Evacuation Pause) 817M->217M(1024M) 7,875ms
[2023-11-01T21:01:21.755+0100][gc,cpu        ] GC(48) User=0,08s Sys=0,00s Real=0,01s
[2023-11-01T21:01:25.130+0100][gc,start      ] GC(49) Pause Young (Normal) (G1 Evacuation Pause)
[2023-11-01T21:01:25.130+0100][gc,task       ] GC(49) Using 13 workers of 13 for evacuation
[2023-11-01T21:01:25.137+0100][gc,phases     ] GC(49)   Pre Evacuate Collection Set: 0,0ms
[2023-11-01T21:01:25.137+0100][gc,phases     ] GC(49)   Evacuate Collection Set: 5,7ms
[2023-11-01T21:01:25.137+0100][gc,phases     ] GC(49)   Post Evacuate Collection Set: 0,7ms
[2023-11-01T21:01:25.137+0100][gc,phases     ] GC(49)   Other: 0,3ms
[2023-11-01T21:01:25.137+0100][gc,heap       ] GC(49) Eden regions: 600->0(600)
[2023-11-01T21:01:25.137+0100][gc,heap       ] GC(49) Survivor regions: 14->14(77)
[2023-11-01T21:01:25.137+0100][gc,heap       ] GC(49) Old regions: 77->78
[2023-11-01T21:01:25.137+0100][gc,heap       ] GC(49) Humongous regions: 129->129
[2023-11-01T21:01:25.137+0100][gc,metaspace  ] GC(49) Metaspace: 46026K(49152K)->46026K(49152K) NonClass: 40442K(42240K)->40442K(42240K) Class: 5583K(6912K)->5583K(6912K)
[2023-11-01T21:01:25.137+0100][gc            ] GC(49) Pause Young (Normal) (G1 Evacuation Pause) 817M->218M(1024M) 6,735ms
[2023-11-01T21:01:25.137+0100][gc,cpu        ] GC(49) User=0,06s Sys=0,00s Real=0,00s
[2023-11-01T21:01:29.201+0100][gc,start      ] GC(50) Pause Young (Normal) (G1 Evacuation Pause)
[2023-11-01T21:01:29.201+0100][gc,task       ] GC(50) Using 13 workers of 13 for evacuation
[2023-11-01T21:01:29.209+0100][gc,phases     ] GC(50)   Pre Evacuate Collection Set: 0,0ms
[2023-11-01T21:01:29.209+0100][gc,phases     ] GC(50)   Evacuate Collection Set: 6,2ms
[2023-11-01T21:01:29.209+0100][gc,phases     ] GC(50)   Post Evacuate Collection Set: 0,8ms
[2023-11-01T21:01:29.209+0100][gc,phases     ] GC(50)   Other: 0,3ms
[2023-11-01T21:01:29.209+0100][gc,heap       ] GC(50) Eden regions: 600->0(601)
[2023-11-01T21:01:29.209+0100][gc,heap       ] GC(50) Survivor regions: 14->13(77)
[2023-11-01T21:01:29.209+0100][gc,heap       ] GC(50) Old regions: 78->78
[2023-11-01T21:01:29.209+0100][gc,heap       ] GC(50) Humongous regions: 129->129
[2023-11-01T21:01:29.209+0100][gc,metaspace  ] GC(50) Metaspace: 46026K(49152K)->46026K(49152K) NonClass: 40442K(42240K)->40442K(42240K) Class: 5583K(6912K)->5583K(6912K)
[2023-11-01T21:01:29.209+0100][gc            ] GC(50) Pause Young (Normal) (G1 Evacuation Pause) 818M->218M(1024M) 7,511ms
[2023-11-01T21:01:29.209+0100][gc,cpu        ] GC(50) User=0,07s Sys=0,01s Real=0,00s
[2023-11-01T21:01:40.412+0100][gc,start      ] GC(51) Pause Young (Normal) (G1 Evacuation Pause)
[2023-11-01T21:01:40.412+0100][gc,task       ] GC(51) Using 13 workers of 13 for evacuation
[2023-11-01T21:01:40.419+0100][gc,phases     ] GC(51)   Pre Evacuate Collection Set: 0,0ms
[2023-11-01T21:01:40.419+0100][gc,phases     ] GC(51)   Evacuate Collection Set: 5,6ms
[2023-11-01T21:01:40.419+0100][gc,phases     ] GC(51)   Post Evacuate Collection Set: 0,7ms
[2023-11-01T21:01:40.419+0100][gc,phases     ] GC(51)   Other: 0,3ms
[2023-11-01T21:01:40.419+0100][gc,heap       ] GC(51) Eden regions: 601->0(600)
[2023-11-01T21:01:40.419+0100][gc,heap       ] GC(51) Survivor regions: 13->14(77)
[2023-11-01T21:01:40.419+0100][gc,heap       ] GC(51) Old regions: 78->79
[2023-11-01T21:01:40.419+0100][gc,heap       ] GC(51) Humongous regions: 129->129
[2023-11-01T21:01:40.419+0100][gc,metaspace  ] GC(51) Metaspace: 46026K(49152K)->46026K(49152K) NonClass: 40443K(42240K)->40443K(42240K) Class: 5583K(6912K)->5583K(6912K)
[2023-11-01T21:01:40.419+0100][gc            ] GC(51) Pause Young (Normal) (G1 Evacuation Pause) 819M->219M(1024M) 6,712ms
[2023-11-01T21:01:40.419+0100][gc,cpu        ] GC(51) User=0,07s Sys=0,00s Real=0,00s
[2023-11-01T21:08:22.515+0100][gc,heap,exit  ] Heap
[2023-11-01T21:08:22.515+0100][gc,heap,exit  ]  garbage-first heap   total 1048576K, used 268723K [0x00000000c0000000, 0x0000000100000000)
[2023-11-01T21:08:22.515+0100][gc,heap,exit  ]   region size 1024K, 59 young (60416K), 14 survivors (14336K)
[2023-11-01T21:08:22.515+0100][gc,heap,exit  ]  Metaspace       used 46806K, capacity 49947K, committed 50304K, reserved 1091584K
[2023-11-01T21:08:22.515+0100][gc,heap,exit  ]   class space    used 5786K, capacity 7183K, committed 7296K, reserved 1048576K
