[2023-11-08T17:15:28.397+0100][gc,heap] Heap region size: 1M
[2023-11-08T17:15:28.410+0100][gc     ] Using G1
[2023-11-08T17:15:28.410+0100][gc,heap,coops] Heap address: 0x00000000c0000000, size: 1024 MB, Compressed Oops mode: 32-bit
[2023-11-08T17:15:28.410+0100][gc,cds       ] Mark closed archive regions in map: [0x00000000fff00000, 0x00000000fff6bff8]
[2023-11-08T17:15:28.410+0100][gc,cds       ] Mark open archive regions in map: [0x00000000ffe00000, 0x00000000ffe47ff8]
[2023-11-08T17:15:29.604+0100][gc,start     ] GC(0) Pause Young (Normal) (G1 Evacuation Pause)
[2023-11-08T17:15:29.606+0100][gc,task      ] GC(0) Using 13 workers of 13 for evacuation
[2023-11-08T17:15:29.618+0100][gc,phases    ] GC(0)   Pre Evacuate Collection Set: 0,0ms
[2023-11-08T17:15:29.618+0100][gc,phases    ] GC(0)   Evacuate Collection Set: 11,2ms
[2023-11-08T17:15:29.618+0100][gc,phases    ] GC(0)   Post Evacuate Collection Set: 0,9ms
[2023-11-08T17:15:29.618+0100][gc,phases    ] GC(0)   Other: 2,0ms
[2023-11-08T17:15:29.618+0100][gc,heap      ] GC(0) Eden regions: 51->0(44)
[2023-11-08T17:15:29.618+0100][gc,heap      ] GC(0) Survivor regions: 0->7(7)
[2023-11-08T17:15:29.618+0100][gc,heap      ] GC(0) Old regions: 2->2
[2023-11-08T17:15:29.618+0100][gc,heap      ] GC(0) Humongous regions: 0->0
[2023-11-08T17:15:29.618+0100][gc,metaspace ] GC(0) Metaspace: 14227K(15104K)->14227K(15104K) NonClass: 12488K(13056K)->12488K(13056K) Class: 1738K(2048K)->1738K(2048K)
[2023-11-08T17:15:29.618+0100][gc           ] GC(0) Pause Young (Normal) (G1 Evacuation Pause) 51M->7M(1024M) 14,198ms
[2023-11-08T17:15:29.618+0100][gc,cpu       ] GC(0) User=0,11s Sys=0,03s Real=0,01s
[2023-11-08T17:15:30.229+0100][gc,start     ] GC(1) Pause Young (Concurrent Start) (Metadata GC Threshold)
[2023-11-08T17:15:30.229+0100][gc,task      ] GC(1) Using 13 workers of 13 for evacuation
[2023-11-08T17:15:30.240+0100][gc,phases    ] GC(1)   Pre Evacuate Collection Set: 0,1ms
[2023-11-08T17:15:30.240+0100][gc,phases    ] GC(1)   Evacuate Collection Set: 10,6ms
[2023-11-08T17:15:30.240+0100][gc,phases    ] GC(1)   Post Evacuate Collection Set: 0,5ms
[2023-11-08T17:15:30.240+0100][gc,phases    ] GC(1)   Other: 0,3ms
[2023-11-08T17:15:30.240+0100][gc,heap      ] GC(1) Eden regions: 28->0(49)
[2023-11-08T17:15:30.240+0100][gc,heap      ] GC(1) Survivor regions: 7->2(7)
[2023-11-08T17:15:30.240+0100][gc,heap      ] GC(1) Old regions: 2->9
[2023-11-08T17:15:30.240+0100][gc,heap      ] GC(1) Humongous regions: 0->0
[2023-11-08T17:15:30.240+0100][gc,metaspace ] GC(1) Metaspace: 20477K(21248K)->20477K(21248K) NonClass: 18011K(18432K)->18011K(18432K) Class: 2466K(2816K)->2466K(2816K)
[2023-11-08T17:15:30.240+0100][gc           ] GC(1) Pause Young (Concurrent Start) (Metadata GC Threshold) 34M->8M(1024M) 11,545ms
[2023-11-08T17:15:30.240+0100][gc,cpu       ] GC(1) User=0,07s Sys=0,00s Real=0,01s
[2023-11-08T17:15:30.240+0100][gc           ] GC(2) Concurrent Cycle
[2023-11-08T17:15:30.240+0100][gc,marking   ] GC(2) Concurrent Clear Claimed Marks
[2023-11-08T17:15:30.240+0100][gc,marking   ] GC(2) Concurrent Clear Claimed Marks 0,061ms
[2023-11-08T17:15:30.240+0100][gc,marking   ] GC(2) Concurrent Scan Root Regions
[2023-11-08T17:15:30.241+0100][gc,marking   ] GC(2) Concurrent Scan Root Regions 1,160ms
[2023-11-08T17:15:30.242+0100][gc,marking   ] GC(2) Concurrent Mark (1,850s)
[2023-11-08T17:15:30.242+0100][gc,marking   ] GC(2) Concurrent Mark From Roots
[2023-11-08T17:15:30.242+0100][gc,task      ] GC(2) Using 3 workers of 3 for marking
[2023-11-08T17:15:30.247+0100][gc,marking   ] GC(2) Concurrent Mark From Roots 4,959ms
[2023-11-08T17:15:30.247+0100][gc,marking   ] GC(2) Concurrent Preclean
[2023-11-08T17:15:30.247+0100][gc,marking   ] GC(2) Concurrent Preclean 0,205ms
[2023-11-08T17:15:30.247+0100][gc,marking   ] GC(2) Concurrent Mark (1,850s, 1,855s) 5,239ms
[2023-11-08T17:15:30.247+0100][gc,start     ] GC(2) Pause Remark
[2023-11-08T17:15:30.249+0100][gc,stringtable] GC(2) Cleaned string and symbol table, strings: 5259 processed, 0 removed, symbols: 52252 processed, 47 removed
[2023-11-08T17:15:30.250+0100][gc            ] GC(2) Pause Remark 9M->9M(1024M) 2,842ms
[2023-11-08T17:15:30.250+0100][gc,cpu        ] GC(2) User=0,03s Sys=0,00s Real=0,00s
[2023-11-08T17:15:30.250+0100][gc,marking    ] GC(2) Concurrent Rebuild Remembered Sets
[2023-11-08T17:15:30.252+0100][gc,marking    ] GC(2) Concurrent Rebuild Remembered Sets 2,381ms
[2023-11-08T17:15:30.252+0100][gc,start      ] GC(2) Pause Cleanup
[2023-11-08T17:15:30.253+0100][gc            ] GC(2) Pause Cleanup 10M->10M(1024M) 0,245ms
[2023-11-08T17:15:30.253+0100][gc,cpu        ] GC(2) User=0,01s Sys=0,00s Real=0,00s
[2023-11-08T17:15:30.253+0100][gc,marking    ] GC(2) Concurrent Cleanup for Next Mark
[2023-11-08T17:15:30.255+0100][gc,marking    ] GC(2) Concurrent Cleanup for Next Mark 2,577ms
[2023-11-08T17:15:30.255+0100][gc            ] GC(2) Concurrent Cycle 15,086ms
[2023-11-08T17:15:30.841+0100][gc,start      ] GC(3) Pause Young (Normal) (G1 Evacuation Pause)
[2023-11-08T17:15:30.841+0100][gc,task       ] GC(3) Using 13 workers of 13 for evacuation
[2023-11-08T17:15:30.845+0100][gc,phases     ] GC(3)   Pre Evacuate Collection Set: 0,0ms
[2023-11-08T17:15:30.845+0100][gc,phases     ] GC(3)   Evacuate Collection Set: 3,3ms
[2023-11-08T17:15:30.845+0100][gc,phases     ] GC(3)   Post Evacuate Collection Set: 0,6ms
[2023-11-08T17:15:30.845+0100][gc,phases     ] GC(3)   Other: 0,2ms
[2023-11-08T17:15:30.845+0100][gc,heap       ] GC(3) Eden regions: 49->0(46)
[2023-11-08T17:15:30.845+0100][gc,heap       ] GC(3) Survivor regions: 2->5(7)
[2023-11-08T17:15:30.845+0100][gc,heap       ] GC(3) Old regions: 9->9
[2023-11-08T17:15:30.845+0100][gc,heap       ] GC(3) Humongous regions: 129->129
[2023-11-08T17:15:30.845+0100][gc,metaspace  ] GC(3) Metaspace: 28436K(29696K)->28436K(29696K) NonClass: 25144K(25856K)->25144K(25856K) Class: 3292K(3840K)->3292K(3840K)
[2023-11-08T17:15:30.845+0100][gc            ] GC(3) Pause Young (Normal) (G1 Evacuation Pause) 186M->140M(1024M) 4,264ms
[2023-11-08T17:15:30.845+0100][gc,cpu        ] GC(3) User=0,04s Sys=0,00s Real=0,01s
[2023-11-08T17:15:31.183+0100][gc,start      ] GC(4) Pause Young (Concurrent Start) (Metadata GC Threshold)
[2023-11-08T17:15:31.183+0100][gc,task       ] GC(4) Using 13 workers of 13 for evacuation
[2023-11-08T17:15:31.189+0100][gc,phases     ] GC(4)   Pre Evacuate Collection Set: 0,1ms
[2023-11-08T17:15:31.189+0100][gc,phases     ] GC(4)   Evacuate Collection Set: 5,6ms
[2023-11-08T17:15:31.189+0100][gc,phases     ] GC(4)   Post Evacuate Collection Set: 0,5ms
[2023-11-08T17:15:31.189+0100][gc,phases     ] GC(4)   Other: 0,3ms
[2023-11-08T17:15:31.189+0100][gc,heap       ] GC(4) Eden regions: 31->0(48)
[2023-11-08T17:15:31.189+0100][gc,heap       ] GC(4) Survivor regions: 5->3(7)
[2023-11-08T17:15:31.189+0100][gc,heap       ] GC(4) Old regions: 9->13
[2023-11-08T17:15:31.189+0100][gc,heap       ] GC(4) Humongous regions: 129->129
[2023-11-08T17:15:31.189+0100][gc,metaspace  ] GC(4) Metaspace: 34345K(35840K)->34345K(35840K) NonClass: 30345K(31232K)->30345K(31232K) Class: 4000K(4608K)->4000K(4608K)
[2023-11-08T17:15:31.189+0100][gc            ] GC(4) Pause Young (Concurrent Start) (Metadata GC Threshold) 170M->143M(1024M) 6,589ms
[2023-11-08T17:15:31.189+0100][gc,cpu        ] GC(4) User=0,05s Sys=0,00s Real=0,00s
[2023-11-08T17:15:31.189+0100][gc            ] GC(5) Concurrent Cycle
[2023-11-08T17:15:31.189+0100][gc,marking    ] GC(5) Concurrent Clear Claimed Marks
[2023-11-08T17:15:31.190+0100][gc,marking    ] GC(5) Concurrent Clear Claimed Marks 0,130ms
[2023-11-08T17:15:31.190+0100][gc,marking    ] GC(5) Concurrent Scan Root Regions
[2023-11-08T17:15:31.191+0100][gc,marking    ] GC(5) Concurrent Scan Root Regions 1,515ms
[2023-11-08T17:15:31.191+0100][gc,marking    ] GC(5) Concurrent Mark (2,800s)
[2023-11-08T17:15:31.191+0100][gc,marking    ] GC(5) Concurrent Mark From Roots
[2023-11-08T17:15:31.191+0100][gc,task       ] GC(5) Using 3 workers of 3 for marking
[2023-11-08T17:15:31.204+0100][gc,marking    ] GC(5) Concurrent Mark From Roots 12,430ms
[2023-11-08T17:15:31.204+0100][gc,marking    ] GC(5) Concurrent Preclean
[2023-11-08T17:15:31.204+0100][gc,marking    ] GC(5) Concurrent Preclean 0,264ms
[2023-11-08T17:15:31.204+0100][gc,marking    ] GC(5) Concurrent Mark (2,800s, 2,813s) 12,794ms
[2023-11-08T17:15:31.204+0100][gc,start      ] GC(5) Pause Remark
[2023-11-08T17:15:31.207+0100][gc,stringtable] GC(5) Cleaned string and symbol table, strings: 11109 processed, 13 removed, symbols: 85702 processed, 14 removed
[2023-11-08T17:15:31.207+0100][gc            ] GC(5) Pause Remark 145M->145M(1024M) 2,932ms
[2023-11-08T17:15:31.207+0100][gc,cpu        ] GC(5) User=0,03s Sys=0,00s Real=0,00s
[2023-11-08T17:15:31.207+0100][gc,marking    ] GC(5) Concurrent Rebuild Remembered Sets
[2023-11-08T17:15:31.213+0100][gc,marking    ] GC(5) Concurrent Rebuild Remembered Sets 5,241ms
[2023-11-08T17:15:31.213+0100][gc,start      ] GC(5) Pause Cleanup
[2023-11-08T17:15:31.213+0100][gc            ] GC(5) Pause Cleanup 146M->146M(1024M) 0,186ms
[2023-11-08T17:15:31.213+0100][gc,cpu        ] GC(5) User=0,00s Sys=0,00s Real=0,00s
[2023-11-08T17:15:31.213+0100][gc,marking    ] GC(5) Concurrent Cleanup for Next Mark
[2023-11-08T17:15:31.216+0100][gc,marking    ] GC(5) Concurrent Cleanup for Next Mark 3,067ms
[2023-11-08T17:15:31.216+0100][gc            ] GC(5) Concurrent Cycle 26,833ms
[2023-11-08T17:15:46.605+0100][gc,start      ] GC(6) Pause Young (Normal) (G1 Evacuation Pause)
[2023-11-08T17:15:46.605+0100][gc,task       ] GC(6) Using 13 workers of 13 for evacuation
[2023-11-08T17:15:46.610+0100][gc,phases     ] GC(6)   Pre Evacuate Collection Set: 0,1ms
[2023-11-08T17:15:46.610+0100][gc,phases     ] GC(6)   Evacuate Collection Set: 3,6ms
[2023-11-08T17:15:46.610+0100][gc,phases     ] GC(6)   Post Evacuate Collection Set: 0,7ms
[2023-11-08T17:15:46.610+0100][gc,phases     ] GC(6)   Other: 0,3ms
[2023-11-08T17:15:46.610+0100][gc,heap       ] GC(6) Eden regions: 48->0(46)
[2023-11-08T17:15:46.610+0100][gc,heap       ] GC(6) Survivor regions: 3->5(7)
[2023-11-08T17:15:46.610+0100][gc,heap       ] GC(6) Old regions: 13->13
[2023-11-08T17:15:46.610+0100][gc,heap       ] GC(6) Humongous regions: 129->129
[2023-11-08T17:15:46.610+0100][gc,metaspace  ] GC(6) Metaspace: 39454K(41856K)->39454K(41856K) NonClass: 34551K(35840K)->34551K(35840K) Class: 4902K(6016K)->4902K(6016K)
[2023-11-08T17:15:46.610+0100][gc            ] GC(6) Pause Young (Normal) (G1 Evacuation Pause) 191M->145M(1024M) 4,786ms
[2023-11-08T17:15:46.610+0100][gc,cpu        ] GC(6) User=0,05s Sys=0,00s Real=0,00s
[2023-11-08T17:16:14.204+0100][gc,start      ] GC(7) Pause Young (Normal) (G1 Evacuation Pause)
[2023-11-08T17:16:14.204+0100][gc,task       ] GC(7) Using 13 workers of 13 for evacuation
[2023-11-08T17:16:14.212+0100][gc,phases     ] GC(7)   Pre Evacuate Collection Set: 0,0ms
[2023-11-08T17:16:14.212+0100][gc,phases     ] GC(7)   Evacuate Collection Set: 6,4ms
[2023-11-08T17:16:14.212+0100][gc,phases     ] GC(7)   Post Evacuate Collection Set: 1,3ms
[2023-11-08T17:16:14.212+0100][gc,phases     ] GC(7)   Other: 0,4ms
[2023-11-08T17:16:14.212+0100][gc,heap       ] GC(7) Eden regions: 46->0(45)
[2023-11-08T17:16:14.212+0100][gc,heap       ] GC(7) Survivor regions: 5->6(7)
[2023-11-08T17:16:14.212+0100][gc,heap       ] GC(7) Old regions: 13->16
[2023-11-08T17:16:14.212+0100][gc,heap       ] GC(7) Humongous regions: 129->129
[2023-11-08T17:16:14.212+0100][gc,metaspace  ] GC(7) Metaspace: 40792K(43264K)->40792K(43264K) NonClass: 35709K(37120K)->35709K(37120K) Class: 5082K(6144K)->5082K(6144K)
[2023-11-08T17:16:14.212+0100][gc            ] GC(7) Pause Young (Normal) (G1 Evacuation Pause) 191M->148M(1024M) 8,306ms
[2023-11-08T17:16:14.212+0100][gc,cpu        ] GC(7) User=0,07s Sys=0,01s Real=0,00s
[2023-11-08T17:19:41.662+0100][gc,start      ] GC(8) Pause Young (Normal) (G1 Evacuation Pause)
[2023-11-08T17:19:41.662+0100][gc,task       ] GC(8) Using 13 workers of 13 for evacuation
[2023-11-08T17:19:41.669+0100][gc,phases     ] GC(8)   Pre Evacuate Collection Set: 0,0ms
[2023-11-08T17:19:41.669+0100][gc,phases     ] GC(8)   Evacuate Collection Set: 5,1ms
[2023-11-08T17:19:41.669+0100][gc,phases     ] GC(8)   Post Evacuate Collection Set: 1,3ms
[2023-11-08T17:19:41.669+0100][gc,phases     ] GC(8)   Other: 0,4ms
[2023-11-08T17:19:41.669+0100][gc,heap       ] GC(8) Eden regions: 45->0(45)
[2023-11-08T17:19:41.669+0100][gc,heap       ] GC(8) Survivor regions: 6->6(7)
[2023-11-08T17:19:41.669+0100][gc,heap       ] GC(8) Old regions: 16->18
[2023-11-08T17:19:41.669+0100][gc,heap       ] GC(8) Humongous regions: 129->129
[2023-11-08T17:19:41.669+0100][gc,metaspace  ] GC(8) Metaspace: 41319K(43904K)->41319K(43904K) NonClass: 36231K(37632K)->36231K(37632K) Class: 5088K(6272K)->5088K(6272K)
[2023-11-08T17:19:41.669+0100][gc            ] GC(8) Pause Young (Normal) (G1 Evacuation Pause) 193M->150M(1024M) 7,015ms
[2023-11-08T17:19:41.669+0100][gc,cpu        ] GC(8) User=0,06s Sys=0,00s Real=0,01s
[2023-11-08T17:24:04.419+0100][gc,start      ] GC(9) Pause Young (Normal) (G1 Evacuation Pause)
[2023-11-08T17:24:04.419+0100][gc,task       ] GC(9) Using 13 workers of 13 for evacuation
[2023-11-08T17:24:04.427+0100][gc,phases     ] GC(9)   Pre Evacuate Collection Set: 0,0ms
[2023-11-08T17:24:04.427+0100][gc,phases     ] GC(9)   Evacuate Collection Set: 6,7ms
[2023-11-08T17:24:04.427+0100][gc,phases     ] GC(9)   Post Evacuate Collection Set: 1,3ms
[2023-11-08T17:24:04.428+0100][gc,phases     ] GC(9)   Other: 0,4ms
[2023-11-08T17:24:04.428+0100][gc,heap       ] GC(9) Eden regions: 45->0(45)
[2023-11-08T17:24:04.428+0100][gc,heap       ] GC(9) Survivor regions: 6->6(7)
[2023-11-08T17:24:04.428+0100][gc,heap       ] GC(9) Old regions: 18->21
[2023-11-08T17:24:04.428+0100][gc,heap       ] GC(9) Humongous regions: 129->129
[2023-11-08T17:24:04.428+0100][gc,metaspace  ] GC(9) Metaspace: 43750K(46592K)->43750K(46592K) NonClass: 38183K(39680K)->38183K(39680K) Class: 5566K(6912K)->5566K(6912K)
[2023-11-08T17:24:04.428+0100][gc            ] GC(9) Pause Young (Normal) (G1 Evacuation Pause) 195M->153M(1024M) 8,623ms
[2023-11-08T17:24:04.428+0100][gc,cpu        ] GC(9) User=0,08s Sys=0,00s Real=0,01s
[2023-11-08T17:24:43.730+0100][gc,start      ] GC(10) Pause Young (Normal) (G1 Evacuation Pause)
[2023-11-08T17:24:43.730+0100][gc,task       ] GC(10) Using 13 workers of 13 for evacuation
[2023-11-08T17:24:43.738+0100][gc,phases     ] GC(10)   Pre Evacuate Collection Set: 0,0ms
[2023-11-08T17:24:43.738+0100][gc,phases     ] GC(10)   Evacuate Collection Set: 6,3ms
[2023-11-08T17:24:43.738+0100][gc,phases     ] GC(10)   Post Evacuate Collection Set: 1,1ms
[2023-11-08T17:24:43.738+0100][gc,phases     ] GC(10)   Other: 0,5ms
[2023-11-08T17:24:43.738+0100][gc,heap       ] GC(10) Eden regions: 45->0(44)
[2023-11-08T17:24:43.738+0100][gc,heap       ] GC(10) Survivor regions: 6->7(7)
[2023-11-08T17:24:43.738+0100][gc,heap       ] GC(10) Old regions: 21->24
[2023-11-08T17:24:43.738+0100][gc,heap       ] GC(10) Humongous regions: 129->129
[2023-11-08T17:24:43.738+0100][gc,metaspace  ] GC(10) Metaspace: 44213K(47104K)->44213K(47104K) NonClass: 38647K(40192K)->38647K(40192K) Class: 5566K(6912K)->5566K(6912K)
[2023-11-08T17:24:43.738+0100][gc            ] GC(10) Pause Young (Normal) (G1 Evacuation Pause) 198M->158M(1024M) 8,026ms
[2023-11-08T17:24:43.738+0100][gc,cpu        ] GC(10) User=0,08s Sys=0,00s Real=0,01s
[2023-11-08T17:25:23.501+0100][gc,start      ] GC(11) Pause Young (Normal) (G1 Evacuation Pause)
[2023-11-08T17:25:23.501+0100][gc,task       ] GC(11) Using 13 workers of 13 for evacuation
[2023-11-08T17:25:23.510+0100][gc,phases     ] GC(11)   Pre Evacuate Collection Set: 0,0ms
[2023-11-08T17:25:23.510+0100][gc,phases     ] GC(11)   Evacuate Collection Set: 8,3ms
[2023-11-08T17:25:23.510+0100][gc,phases     ] GC(11)   Post Evacuate Collection Set: 0,8ms
[2023-11-08T17:25:23.510+0100][gc,phases     ] GC(11)   Other: 0,4ms
[2023-11-08T17:25:23.510+0100][gc,heap       ] GC(11) Eden regions: 44->0(46)
[2023-11-08T17:25:23.510+0100][gc,heap       ] GC(11) Survivor regions: 7->6(7)
[2023-11-08T17:25:23.510+0100][gc,heap       ] GC(11) Old regions: 24->31
[2023-11-08T17:25:23.510+0100][gc,heap       ] GC(11) Humongous regions: 129->129
[2023-11-08T17:25:23.510+0100][gc,metaspace  ] GC(11) Metaspace: 44300K(47104K)->44300K(47104K) NonClass: 38733K(40192K)->38733K(40192K) Class: 5566K(6912K)->5566K(6912K)
[2023-11-08T17:25:23.510+0100][gc            ] GC(11) Pause Young (Normal) (G1 Evacuation Pause) 202M->163M(1024M) 9,665ms
[2023-11-08T17:25:23.510+0100][gc,cpu        ] GC(11) User=0,09s Sys=0,00s Real=0,01s
[2023-11-08T17:26:04.147+0100][gc,start      ] GC(12) Pause Young (Normal) (G1 Evacuation Pause)
[2023-11-08T17:26:04.147+0100][gc,task       ] GC(12) Using 13 workers of 13 for evacuation
[2023-11-08T17:26:04.155+0100][gc,phases     ] GC(12)   Pre Evacuate Collection Set: 0,0ms
[2023-11-08T17:26:04.155+0100][gc,phases     ] GC(12)   Evacuate Collection Set: 5,9ms
[2023-11-08T17:26:04.155+0100][gc,phases     ] GC(12)   Post Evacuate Collection Set: 1,0ms
[2023-11-08T17:26:04.155+0100][gc,phases     ] GC(12)   Other: 0,4ms
[2023-11-08T17:26:04.155+0100][gc,heap       ] GC(12) Eden regions: 46->0(51)
[2023-11-08T17:26:04.155+0100][gc,heap       ] GC(12) Survivor regions: 6->6(7)
[2023-11-08T17:26:04.155+0100][gc,heap       ] GC(12) Old regions: 31->36
[2023-11-08T17:26:04.155+0100][gc,heap       ] GC(12) Humongous regions: 129->129
[2023-11-08T17:26:04.155+0100][gc,metaspace  ] GC(12) Metaspace: 44448K(47360K)->44448K(47360K) NonClass: 38861K(40448K)->38861K(40448K) Class: 5586K(6912K)->5586K(6912K)
[2023-11-08T17:26:04.155+0100][gc            ] GC(12) Pause Young (Normal) (G1 Evacuation Pause) 209M->169M(1024M) 7,605ms
[2023-11-08T17:26:04.155+0100][gc,cpu        ] GC(12) User=0,06s Sys=0,01s Real=0,01s
[2023-11-08T17:26:50.916+0100][gc,start      ] GC(13) Pause Young (Normal) (G1 Evacuation Pause)
[2023-11-08T17:26:50.916+0100][gc,task       ] GC(13) Using 13 workers of 13 for evacuation
[2023-11-08T17:26:50.926+0100][gc,phases     ] GC(13)   Pre Evacuate Collection Set: 0,0ms
[2023-11-08T17:26:50.926+0100][gc,phases     ] GC(13)   Evacuate Collection Set: 7,4ms
[2023-11-08T17:26:50.926+0100][gc,phases     ] GC(13)   Post Evacuate Collection Set: 1,7ms
[2023-11-08T17:26:50.926+0100][gc,phases     ] GC(13)   Other: 0,6ms
[2023-11-08T17:26:50.926+0100][gc,heap       ] GC(13) Eden regions: 51->0(58)
[2023-11-08T17:26:50.926+0100][gc,heap       ] GC(13) Survivor regions: 6->7(8)
[2023-11-08T17:26:50.926+0100][gc,heap       ] GC(13) Old regions: 36->42
[2023-11-08T17:26:50.926+0100][gc,heap       ] GC(13) Humongous regions: 129->129
[2023-11-08T17:26:50.926+0100][gc,metaspace  ] GC(13) Metaspace: 44484K(47360K)->44484K(47360K) NonClass: 38898K(40448K)->38898K(40448K) Class: 5586K(6912K)->5586K(6912K)
[2023-11-08T17:26:50.926+0100][gc            ] GC(13) Pause Young (Normal) (G1 Evacuation Pause) 220M->175M(1024M) 10,078ms
[2023-11-08T17:26:50.926+0100][gc,cpu        ] GC(13) User=0,08s Sys=0,01s Real=0,01s
[2023-11-08T17:27:42.218+0100][gc,start      ] GC(14) Pause Young (Normal) (G1 Evacuation Pause)
[2023-11-08T17:27:42.218+0100][gc,task       ] GC(14) Using 13 workers of 13 for evacuation
[2023-11-08T17:27:42.227+0100][gc,phases     ] GC(14)   Pre Evacuate Collection Set: 0,0ms
[2023-11-08T17:27:42.227+0100][gc,phases     ] GC(14)   Evacuate Collection Set: 7,4ms
[2023-11-08T17:27:42.227+0100][gc,phases     ] GC(14)   Post Evacuate Collection Set: 0,8ms
[2023-11-08T17:27:42.227+0100][gc,phases     ] GC(14)   Other: 0,5ms
[2023-11-08T17:27:42.227+0100][gc,heap       ] GC(14) Eden regions: 58->0(190)
[2023-11-08T17:27:42.227+0100][gc,heap       ] GC(14) Survivor regions: 7->7(9)
[2023-11-08T17:27:42.227+0100][gc,heap       ] GC(14) Old regions: 42->48
[2023-11-08T17:27:42.227+0100][gc,heap       ] GC(14) Humongous regions: 129->129
[2023-11-08T17:27:42.227+0100][gc,metaspace  ] GC(14) Metaspace: 44520K(47360K)->44520K(47360K) NonClass: 38934K(40448K)->38934K(40448K) Class: 5586K(6912K)->5586K(6912K)
[2023-11-08T17:27:42.227+0100][gc            ] GC(14) Pause Young (Normal) (G1 Evacuation Pause) 233M->182M(1024M) 8,840ms
[2023-11-08T17:27:42.227+0100][gc,cpu        ] GC(14) User=0,09s Sys=0,01s Real=0,01s
[2023-11-08T17:28:25.263+0100][gc,start      ] GC(15) Pause Young (Normal) (G1 Evacuation Pause)
[2023-11-08T17:28:25.263+0100][gc,task       ] GC(15) Using 13 workers of 13 for evacuation
[2023-11-08T17:28:25.276+0100][gc,phases     ] GC(15)   Pre Evacuate Collection Set: 0,0ms
[2023-11-08T17:28:25.276+0100][gc,phases     ] GC(15)   Evacuate Collection Set: 11,9ms
[2023-11-08T17:28:25.276+0100][gc,phases     ] GC(15)   Post Evacuate Collection Set: 0,9ms
[2023-11-08T17:28:25.276+0100][gc,phases     ] GC(15)   Other: 0,4ms
[2023-11-08T17:28:25.276+0100][gc,heap       ] GC(15) Eden regions: 190->0(81)
[2023-11-08T17:28:25.276+0100][gc,heap       ] GC(15) Survivor regions: 7->20(25)
[2023-11-08T17:28:25.276+0100][gc,heap       ] GC(15) Old regions: 48->48
[2023-11-08T17:28:25.276+0100][gc,heap       ] GC(15) Humongous regions: 129->129
[2023-11-08T17:28:25.276+0100][gc,metaspace  ] GC(15) Metaspace: 44679K(47616K)->44679K(47616K) NonClass: 39088K(40704K)->39088K(40704K) Class: 5590K(6912K)->5590K(6912K)
[2023-11-08T17:28:25.276+0100][gc            ] GC(15) Pause Young (Normal) (G1 Evacuation Pause) 372M->195M(1024M) 13,361ms
[2023-11-08T17:28:25.276+0100][gc,cpu        ] GC(15) User=0,11s Sys=0,05s Real=0,01s
[2023-11-08T17:28:35.367+0100][gc,start      ] GC(16) Pause Young (Normal) (G1 Evacuation Pause)
[2023-11-08T17:28:35.367+0100][gc,task       ] GC(16) Using 13 workers of 13 for evacuation
[2023-11-08T17:28:35.383+0100][gc,phases     ] GC(16)   Pre Evacuate Collection Set: 0,0ms
[2023-11-08T17:28:35.383+0100][gc,phases     ] GC(16)   Evacuate Collection Set: 14,6ms
[2023-11-08T17:28:35.383+0100][gc,phases     ] GC(16)   Post Evacuate Collection Set: 0,8ms
[2023-11-08T17:28:35.383+0100][gc,phases     ] GC(16)   Other: 0,5ms
[2023-11-08T17:28:35.383+0100][gc,heap       ] GC(16) Eden regions: 78->0(77)
[2023-11-08T17:28:35.383+0100][gc,heap       ] GC(16) Survivor regions: 20->11(13)
[2023-11-08T17:28:35.383+0100][gc,heap       ] GC(16) Old regions: 48->67
[2023-11-08T17:28:35.383+0100][gc,heap       ] GC(16) Humongous regions: 129->129
[2023-11-08T17:28:35.383+0100][gc,metaspace  ] GC(16) Metaspace: 44691K(47616K)->44691K(47616K) NonClass: 39100K(40704K)->39100K(40704K) Class: 5590K(6912K)->5590K(6912K)
[2023-11-08T17:28:35.383+0100][gc            ] GC(16) Pause Young (Normal) (G1 Evacuation Pause) 273M->205M(1024M) 15,992ms
[2023-11-08T17:28:35.383+0100][gc,cpu        ] GC(16) User=0,16s Sys=0,03s Real=0,02s
[2023-11-08T17:28:44.987+0100][gc,start      ] GC(17) Pause Young (Normal) (G1 Evacuation Pause)
[2023-11-08T17:28:44.987+0100][gc,task       ] GC(17) Using 13 workers of 13 for evacuation
[2023-11-08T17:28:44.993+0100][gc,phases     ] GC(17)   Pre Evacuate Collection Set: 0,0ms
[2023-11-08T17:28:44.994+0100][gc,phases     ] GC(17)   Evacuate Collection Set: 5,4ms
[2023-11-08T17:28:44.994+0100][gc,phases     ] GC(17)   Post Evacuate Collection Set: 0,8ms
[2023-11-08T17:28:44.994+0100][gc,phases     ] GC(17)   Other: 0,4ms
[2023-11-08T17:28:44.994+0100][gc,heap       ] GC(17) Eden regions: 77->0(117)
[2023-11-08T17:28:44.994+0100][gc,heap       ] GC(17) Survivor regions: 11->7(11)
[2023-11-08T17:28:44.994+0100][gc,heap       ] GC(17) Old regions: 67->70
[2023-11-08T17:28:44.994+0100][gc,heap       ] GC(17) Humongous regions: 129->129
[2023-11-08T17:28:44.994+0100][gc,metaspace  ] GC(17) Metaspace: 44724K(47616K)->44724K(47616K) NonClass: 39129K(40704K)->39129K(40704K) Class: 5595K(6912K)->5595K(6912K)
[2023-11-08T17:28:44.994+0100][gc            ] GC(17) Pause Young (Normal) (G1 Evacuation Pause) 282M->204M(1024M) 6,804ms
[2023-11-08T17:28:44.994+0100][gc,cpu        ] GC(17) User=0,07s Sys=0,01s Real=0,00s
[2023-11-08T17:28:55.960+0100][gc,start      ] GC(18) Pause Young (Normal) (G1 Evacuation Pause)
[2023-11-08T17:28:55.960+0100][gc,task       ] GC(18) Using 13 workers of 13 for evacuation
[2023-11-08T17:28:55.968+0100][gc,phases     ] GC(18)   Pre Evacuate Collection Set: 0,0ms
[2023-11-08T17:28:55.968+0100][gc,phases     ] GC(18)   Evacuate Collection Set: 6,7ms
[2023-11-08T17:28:55.968+0100][gc,phases     ] GC(18)   Post Evacuate Collection Set: 0,9ms
[2023-11-08T17:28:55.968+0100][gc,phases     ] GC(18)   Other: 0,3ms
[2023-11-08T17:28:55.968+0100][gc,heap       ] GC(18) Eden regions: 117->0(127)
[2023-11-08T17:28:55.968+0100][gc,heap       ] GC(18) Survivor regions: 7->12(16)
[2023-11-08T17:28:55.968+0100][gc,heap       ] GC(18) Old regions: 70->70
[2023-11-08T17:28:55.968+0100][gc,heap       ] GC(18) Humongous regions: 129->129
[2023-11-08T17:28:55.968+0100][gc,metaspace  ] GC(18) Metaspace: 45421K(48640K)->45421K(48640K) NonClass: 39716K(41472K)->39716K(41472K) Class: 5705K(7168K)->5705K(7168K)
[2023-11-08T17:28:55.968+0100][gc            ] GC(18) Pause Young (Normal) (G1 Evacuation Pause) 321M->209M(1024M) 8,186ms
[2023-11-08T17:28:55.968+0100][gc,cpu        ] GC(18) User=0,10s Sys=0,00s Real=0,01s
[2023-11-08T17:29:03.173+0100][gc,start      ] GC(19) Pause Young (Normal) (G1 Evacuation Pause)
[2023-11-08T17:29:03.173+0100][gc,task       ] GC(19) Using 13 workers of 13 for evacuation
[2023-11-08T17:29:03.184+0100][gc,phases     ] GC(19)   Pre Evacuate Collection Set: 0,0ms
[2023-11-08T17:29:03.184+0100][gc,phases     ] GC(19)   Evacuate Collection Set: 9,9ms
[2023-11-08T17:29:03.184+0100][gc,phases     ] GC(19)   Post Evacuate Collection Set: 0,8ms
[2023-11-08T17:29:03.184+0100][gc,phases     ] GC(19)   Other: 0,4ms
[2023-11-08T17:29:03.184+0100][gc,heap       ] GC(19) Eden regions: 124->0(137)
[2023-11-08T17:29:03.184+0100][gc,heap       ] GC(19) Survivor regions: 12->14(17)
[2023-11-08T17:29:03.184+0100][gc,heap       ] GC(19) Old regions: 70->76
[2023-11-08T17:29:03.184+0100][gc,heap       ] GC(19) Humongous regions: 129->129
[2023-11-08T17:29:03.184+0100][gc,metaspace  ] GC(19) Metaspace: 45635K(48896K)->45635K(48896K) NonClass: 39929K(41728K)->39929K(41728K) Class: 5706K(7168K)->5706K(7168K)
[2023-11-08T17:29:03.184+0100][gc            ] GC(19) Pause Young (Normal) (G1 Evacuation Pause) 333M->216M(1024M) 11,258ms
[2023-11-08T17:29:03.184+0100][gc,cpu        ] GC(19) User=0,12s Sys=0,01s Real=0,02s
[2023-11-08T17:29:08.310+0100][gc,start      ] GC(20) Pause Young (Normal) (G1 Evacuation Pause)
[2023-11-08T17:29:08.310+0100][gc,task       ] GC(20) Using 13 workers of 13 for evacuation
[2023-11-08T17:29:08.322+0100][gc,phases     ] GC(20)   Pre Evacuate Collection Set: 0,1ms
[2023-11-08T17:29:08.322+0100][gc,phases     ] GC(20)   Evacuate Collection Set: 10,8ms
[2023-11-08T17:29:08.322+0100][gc,phases     ] GC(20)   Post Evacuate Collection Set: 0,7ms
[2023-11-08T17:29:08.322+0100][gc,phases     ] GC(20)   Other: 0,4ms
[2023-11-08T17:29:08.322+0100][gc,heap       ] GC(20) Eden regions: 132->0(142)
[2023-11-08T17:29:08.322+0100][gc,heap       ] GC(20) Survivor regions: 14->18(19)
[2023-11-08T17:29:08.322+0100][gc,heap       ] GC(20) Old regions: 76->82
[2023-11-08T17:29:08.322+0100][gc,heap       ] GC(20) Humongous regions: 129->129
[2023-11-08T17:29:08.322+0100][gc,metaspace  ] GC(20) Metaspace: 45683K(48896K)->45683K(48896K) NonClass: 39977K(41728K)->39977K(41728K) Class: 5706K(7168K)->5706K(7168K)
[2023-11-08T17:29:08.322+0100][gc            ] GC(20) Pause Young (Normal) (G1 Evacuation Pause) 348M->226M(1024M) 12,139ms
[2023-11-08T17:29:08.322+0100][gc,cpu        ] GC(20) User=0,13s Sys=0,01s Real=0,01s
[2023-11-08T17:29:13.436+0100][gc,start      ] GC(21) Pause Young (Normal) (G1 Evacuation Pause)
[2023-11-08T17:29:13.436+0100][gc,task       ] GC(21) Using 13 workers of 13 for evacuation
[2023-11-08T17:29:13.444+0100][gc,phases     ] GC(21)   Pre Evacuate Collection Set: 0,1ms
[2023-11-08T17:29:13.444+0100][gc,phases     ] GC(21)   Evacuate Collection Set: 6,5ms
[2023-11-08T17:29:13.444+0100][gc,phases     ] GC(21)   Post Evacuate Collection Set: 0,9ms
[2023-11-08T17:29:13.444+0100][gc,phases     ] GC(21)   Other: 0,4ms
[2023-11-08T17:29:13.444+0100][gc,heap       ] GC(21) Eden regions: 142->0(210)
[2023-11-08T17:29:13.444+0100][gc,heap       ] GC(21) Survivor regions: 18->7(20)
[2023-11-08T17:29:13.444+0100][gc,heap       ] GC(21) Old regions: 82->84
[2023-11-08T17:29:13.444+0100][gc,heap       ] GC(21) Humongous regions: 129->129
[2023-11-08T17:29:13.444+0100][gc,metaspace  ] GC(21) Metaspace: 45737K(48896K)->45737K(48896K) NonClass: 40031K(41728K)->40031K(41728K) Class: 5706K(7168K)->5706K(7168K)
[2023-11-08T17:29:13.444+0100][gc            ] GC(21) Pause Young (Normal) (G1 Evacuation Pause) 368M->218M(1024M) 8,037ms
[2023-11-08T17:29:13.444+0100][gc,cpu        ] GC(21) User=0,09s Sys=0,00s Real=0,01s
[2023-11-08T17:29:20.636+0100][gc,start      ] GC(22) Pause Young (Normal) (G1 Evacuation Pause)
[2023-11-08T17:29:20.636+0100][gc,task       ] GC(22) Using 13 workers of 13 for evacuation
[2023-11-08T17:29:20.648+0100][gc,phases     ] GC(22)   Pre Evacuate Collection Set: 0,0ms
[2023-11-08T17:29:20.648+0100][gc,phases     ] GC(22)   Evacuate Collection Set: 10,5ms
[2023-11-08T17:29:20.648+0100][gc,phases     ] GC(22)   Post Evacuate Collection Set: 0,8ms
[2023-11-08T17:29:20.648+0100][gc,phases     ] GC(22)   Other: 0,4ms
[2023-11-08T17:29:20.648+0100][gc,heap       ] GC(22) Eden regions: 210->0(202)
[2023-11-08T17:29:20.648+0100][gc,heap       ] GC(22) Survivor regions: 7->19(28)
[2023-11-08T17:29:20.648+0100][gc,heap       ] GC(22) Old regions: 84->84
[2023-11-08T17:29:20.648+0100][gc,heap       ] GC(22) Humongous regions: 129->129
[2023-11-08T17:29:20.648+0100][gc,metaspace  ] GC(22) Metaspace: 45801K(48896K)->45801K(48896K) NonClass: 40094K(41728K)->40094K(41728K) Class: 5706K(7168K)->5706K(7168K)
[2023-11-08T17:29:20.648+0100][gc            ] GC(22) Pause Young (Normal) (G1 Evacuation Pause) 428M->230M(1024M) 11,933ms
[2023-11-08T17:29:20.648+0100][gc,cpu        ] GC(22) User=0,11s Sys=0,02s Real=0,01s
[2023-11-08T17:29:28.991+0100][gc,start      ] GC(23) Pause Young (Normal) (G1 Evacuation Pause)
[2023-11-08T17:29:28.992+0100][gc,task       ] GC(23) Using 13 workers of 13 for evacuation
[2023-11-08T17:29:29.010+0100][gc,phases     ] GC(23)   Pre Evacuate Collection Set: 0,0ms
[2023-11-08T17:29:29.010+0100][gc,phases     ] GC(23)   Evacuate Collection Set: 17,2ms
[2023-11-08T17:29:29.010+0100][gc,phases     ] GC(23)   Post Evacuate Collection Set: 0,9ms
[2023-11-08T17:29:29.010+0100][gc,phases     ] GC(23)   Other: 0,4ms
[2023-11-08T17:29:29.010+0100][gc,heap       ] GC(23) Eden regions: 199->0(189)
[2023-11-08T17:29:29.010+0100][gc,heap       ] GC(23) Survivor regions: 19->27(28)
[2023-11-08T17:29:29.010+0100][gc,heap       ] GC(23) Old regions: 84->90
[2023-11-08T17:29:29.010+0100][gc,heap       ] GC(23) Humongous regions: 129->129
[2023-11-08T17:29:29.010+0100][gc,metaspace  ] GC(23) Metaspace: 45902K(49152K)->45902K(49152K) NonClass: 40196K(41984K)->40196K(41984K) Class: 5706K(7168K)->5706K(7168K)
[2023-11-08T17:29:29.010+0100][gc            ] GC(23) Pause Young (Normal) (G1 Evacuation Pause) 429M->243M(1024M) 18,649ms
[2023-11-08T17:29:29.010+0100][gc,cpu        ] GC(23) User=0,21s Sys=0,01s Real=0,02s
[2023-11-08T17:29:40.085+0100][gc,start      ] GC(24) Pause Young (Normal) (G1 Evacuation Pause)
[2023-11-08T17:29:40.085+0100][gc,task       ] GC(24) Using 13 workers of 13 for evacuation
[2023-11-08T17:29:40.100+0100][gc,phases     ] GC(24)   Pre Evacuate Collection Set: 0,0ms
[2023-11-08T17:29:40.100+0100][gc,phases     ] GC(24)   Evacuate Collection Set: 14,3ms
[2023-11-08T17:29:40.100+0100][gc,phases     ] GC(24)   Post Evacuate Collection Set: 0,8ms
[2023-11-08T17:29:40.100+0100][gc,phases     ] GC(24)   Other: 0,4ms
[2023-11-08T17:29:40.100+0100][gc,heap       ] GC(24) Eden regions: 189->0(213)
[2023-11-08T17:29:40.100+0100][gc,heap       ] GC(24) Survivor regions: 27->22(27)
[2023-11-08T17:29:40.100+0100][gc,heap       ] GC(24) Old regions: 90->92
[2023-11-08T17:29:40.100+0100][gc,heap       ] GC(24) Humongous regions: 129->129
[2023-11-08T17:29:40.101+0100][gc,metaspace  ] GC(24) Metaspace: 45938K(49152K)->45938K(49152K) NonClass: 40230K(41984K)->40230K(41984K) Class: 5707K(7168K)->5707K(7168K)
[2023-11-08T17:29:40.101+0100][gc            ] GC(24) Pause Young (Normal) (G1 Evacuation Pause) 432M->240M(1024M) 15,664ms
[2023-11-08T17:29:40.101+0100][gc,cpu        ] GC(24) User=0,19s Sys=0,01s Real=0,01s
[2023-11-08T17:29:47.204+0100][gc,start      ] GC(25) Pause Young (Normal) (G1 Evacuation Pause)
[2023-11-08T17:29:47.204+0100][gc,task       ] GC(25) Using 13 workers of 13 for evacuation
[2023-11-08T17:29:47.219+0100][gc,phases     ] GC(25)   Pre Evacuate Collection Set: 0,0ms
[2023-11-08T17:29:47.219+0100][gc,phases     ] GC(25)   Evacuate Collection Set: 14,1ms
[2023-11-08T17:29:47.219+0100][gc,phases     ] GC(25)   Post Evacuate Collection Set: 0,8ms
[2023-11-08T17:29:47.219+0100][gc,phases     ] GC(25)   Other: 0,4ms
[2023-11-08T17:29:47.219+0100][gc,heap       ] GC(25) Eden regions: 213->0(404)
[2023-11-08T17:29:47.219+0100][gc,heap       ] GC(25) Survivor regions: 22->14(30)
[2023-11-08T17:29:47.219+0100][gc,heap       ] GC(25) Old regions: 92->110
[2023-11-08T17:29:47.219+0100][gc,heap       ] GC(25) Humongous regions: 129->129
[2023-11-08T17:29:47.219+0100][gc,metaspace  ] GC(25) Metaspace: 45977K(49152K)->45977K(49152K) NonClass: 40269K(41984K)->40269K(41984K) Class: 5708K(7168K)->5708K(7168K)
[2023-11-08T17:29:47.219+0100][gc            ] GC(25) Pause Young (Normal) (G1 Evacuation Pause) 453M->250M(1024M) 15,455ms
[2023-11-08T17:29:47.219+0100][gc,cpu        ] GC(25) User=0,16s Sys=0,02s Real=0,01s
[2023-11-08T17:29:59.546+0100][gc,start      ] GC(26) Pause Young (Normal) (G1 Evacuation Pause)
[2023-11-08T17:29:59.546+0100][gc,task       ] GC(26) Using 13 workers of 13 for evacuation
[2023-11-08T17:29:59.564+0100][gc,phases     ] GC(26)   Pre Evacuate Collection Set: 0,1ms
[2023-11-08T17:29:59.564+0100][gc,phases     ] GC(26)   Evacuate Collection Set: 17,1ms
[2023-11-08T17:29:59.564+0100][gc,phases     ] GC(26)   Post Evacuate Collection Set: 1,0ms
[2023-11-08T17:29:59.564+0100][gc,phases     ] GC(26)   Other: 0,4ms
[2023-11-08T17:29:59.564+0100][gc,heap       ] GC(26) Eden regions: 404->0(215)
[2023-11-08T17:29:59.564+0100][gc,heap       ] GC(26) Survivor regions: 14->25(53)
[2023-11-08T17:29:59.564+0100][gc,heap       ] GC(26) Old regions: 110->110
[2023-11-08T17:29:59.564+0100][gc,heap       ] GC(26) Humongous regions: 129->129
[2023-11-08T17:29:59.564+0100][gc,metaspace  ] GC(26) Metaspace: 46132K(49408K)->46132K(49408K) NonClass: 40424K(42240K)->40424K(42240K) Class: 5708K(7168K)->5708K(7168K)
[2023-11-08T17:29:59.564+0100][gc            ] GC(26) Pause Young (Normal) (G1 Evacuation Pause) 654M->261M(1024M) 18,683ms
[2023-11-08T17:29:59.565+0100][gc,cpu        ] GC(26) User=0,18s Sys=0,03s Real=0,02s
[2023-11-08T17:30:05.746+0100][gc,start      ] GC(27) Pause Young (Normal) (G1 Evacuation Pause)
[2023-11-08T17:30:05.746+0100][gc,task       ] GC(27) Using 13 workers of 13 for evacuation
[2023-11-08T17:30:05.755+0100][gc,phases     ] GC(27)   Pre Evacuate Collection Set: 0,0ms
[2023-11-08T17:30:05.755+0100][gc,phases     ] GC(27)   Evacuate Collection Set: 7,6ms
[2023-11-08T17:30:05.755+0100][gc,phases     ] GC(27)   Post Evacuate Collection Set: 0,9ms
[2023-11-08T17:30:05.755+0100][gc,phases     ] GC(27)   Other: 0,4ms
[2023-11-08T17:30:05.755+0100][gc,heap       ] GC(27) Eden regions: 212->0(606)
[2023-11-08T17:30:05.755+0100][gc,heap       ] GC(27) Survivor regions: 25->8(30)
[2023-11-08T17:30:05.755+0100][gc,heap       ] GC(27) Old regions: 110->113
[2023-11-08T17:30:05.755+0100][gc,heap       ] GC(27) Humongous regions: 129->129
[2023-11-08T17:30:05.755+0100][gc,metaspace  ] GC(27) Metaspace: 46167K(49408K)->46167K(49408K) NonClass: 40458K(42240K)->40458K(42240K) Class: 5708K(7168K)->5708K(7168K)
[2023-11-08T17:30:05.755+0100][gc            ] GC(27) Pause Young (Normal) (G1 Evacuation Pause) 473M->247M(1024M) 9,104ms
[2023-11-08T17:30:05.755+0100][gc,cpu        ] GC(27) User=0,08s Sys=0,02s Real=0,01s
[2023-11-08T17:30:24.262+0100][gc,start      ] GC(28) Pause Young (Normal) (G1 Evacuation Pause)
[2023-11-08T17:30:24.262+0100][gc,task       ] GC(28) Using 13 workers of 13 for evacuation
[2023-11-08T17:30:24.272+0100][gc,phases     ] GC(28)   Pre Evacuate Collection Set: 0,0ms
[2023-11-08T17:30:24.272+0100][gc,phases     ] GC(28)   Evacuate Collection Set: 9,3ms
[2023-11-08T17:30:24.272+0100][gc,phases     ] GC(28)   Post Evacuate Collection Set: 1,0ms
[2023-11-08T17:30:24.272+0100][gc,phases     ] GC(28)   Other: 0,4ms
[2023-11-08T17:30:24.272+0100][gc,heap       ] GC(28) Eden regions: 606->0(600)
[2023-11-08T17:30:24.272+0100][gc,heap       ] GC(28) Survivor regions: 8->14(77)
[2023-11-08T17:30:24.272+0100][gc,heap       ] GC(28) Old regions: 113->113
[2023-11-08T17:30:24.272+0100][gc,heap       ] GC(28) Humongous regions: 129->129
[2023-11-08T17:30:24.273+0100][gc,metaspace  ] GC(28) Metaspace: 46303K(49664K)->46303K(49664K) NonClass: 40590K(42496K)->40590K(42496K) Class: 5713K(7168K)->5713K(7168K)
[2023-11-08T17:30:24.273+0100][gc            ] GC(28) Pause Young (Normal) (G1 Evacuation Pause) 853M->253M(1024M) 10,865ms
[2023-11-08T17:30:24.273+0100][gc,cpu        ] GC(28) User=0,06s Sys=0,06s Real=0,01s
[2023-11-08T17:30:30.438+0100][gc,start      ] GC(29) Pause Young (Normal) (G1 Evacuation Pause)
[2023-11-08T17:30:30.438+0100][gc,task       ] GC(29) Using 13 workers of 13 for evacuation
[2023-11-08T17:30:30.451+0100][gc,phases     ] GC(29)   Pre Evacuate Collection Set: 0,0ms
[2023-11-08T17:30:30.451+0100][gc,phases     ] GC(29)   Evacuate Collection Set: 11,9ms
[2023-11-08T17:30:30.451+0100][gc,phases     ] GC(29)   Post Evacuate Collection Set: 0,9ms
[2023-11-08T17:30:30.451+0100][gc,phases     ] GC(29)   Other: 0,4ms
[2023-11-08T17:30:30.451+0100][gc,heap       ] GC(29) Eden regions: 213->0(317)
[2023-11-08T17:30:30.451+0100][gc,heap       ] GC(29) Survivor regions: 14->25(29)
[2023-11-08T17:30:30.451+0100][gc,heap       ] GC(29) Old regions: 113->113
[2023-11-08T17:30:30.451+0100][gc,heap       ] GC(29) Humongous regions: 129->129
[2023-11-08T17:30:30.451+0100][gc,metaspace  ] GC(29) Metaspace: 46381K(49664K)->46381K(49664K) NonClass: 40667K(42496K)->40667K(42496K) Class: 5713K(7168K)->5713K(7168K)
[2023-11-08T17:30:30.451+0100][gc            ] GC(29) Pause Young (Normal) (G1 Evacuation Pause) 466M->264M(1024M) 13,433ms
[2023-11-08T17:30:30.451+0100][gc,cpu        ] GC(29) User=0,15s Sys=0,00s Real=0,01s
[2023-11-08T17:30:39.705+0100][gc,start      ] GC(30) Pause Young (Normal) (G1 Evacuation Pause)
[2023-11-08T17:30:39.705+0100][gc,task       ] GC(30) Using 13 workers of 13 for evacuation
[2023-11-08T17:30:39.716+0100][gc,phases     ] GC(30)   Pre Evacuate Collection Set: 0,0ms
[2023-11-08T17:30:39.716+0100][gc,phases     ] GC(30)   Evacuate Collection Set: 9,6ms
[2023-11-08T17:30:39.716+0100][gc,phases     ] GC(30)   Post Evacuate Collection Set: 1,3ms
[2023-11-08T17:30:39.716+0100][gc,phases     ] GC(30)   Other: 0,4ms
[2023-11-08T17:30:39.716+0100][gc,heap       ] GC(30) Eden regions: 317->0(600)
[2023-11-08T17:30:39.716+0100][gc,heap       ] GC(30) Survivor regions: 25->14(43)
[2023-11-08T17:30:39.716+0100][gc,heap       ] GC(30) Old regions: 113->115
[2023-11-08T17:30:39.716+0100][gc,heap       ] GC(30) Humongous regions: 129->129
[2023-11-08T17:30:39.716+0100][gc,metaspace  ] GC(30) Metaspace: 46387K(49664K)->46387K(49664K) NonClass: 40674K(42496K)->40674K(42496K) Class: 5713K(7168K)->5713K(7168K)
[2023-11-08T17:30:39.716+0100][gc            ] GC(30) Pause Young (Normal) (G1 Evacuation Pause) 581M->256M(1024M) 11,523ms
[2023-11-08T17:30:39.716+0100][gc,cpu        ] GC(30) User=0,12s Sys=0,00s Real=0,01s
[2023-11-08T17:30:46.906+0100][gc,start      ] GC(31) Pause Young (Normal) (G1 Evacuation Pause)
[2023-11-08T17:30:46.907+0100][gc,task       ] GC(31) Using 13 workers of 13 for evacuation
[2023-11-08T17:30:46.923+0100][gc,phases     ] GC(31)   Pre Evacuate Collection Set: 0,1ms
[2023-11-08T17:30:46.923+0100][gc,phases     ] GC(31)   Evacuate Collection Set: 14,7ms
[2023-11-08T17:30:46.923+0100][gc,phases     ] GC(31)   Post Evacuate Collection Set: 0,9ms
[2023-11-08T17:30:46.923+0100][gc,phases     ] GC(31)   Other: 0,5ms
[2023-11-08T17:30:46.923+0100][gc,heap       ] GC(31) Eden regions: 237->0(392)
[2023-11-08T17:30:46.923+0100][gc,heap       ] GC(31) Survivor regions: 14->26(32)
[2023-11-08T17:30:46.923+0100][gc,heap       ] GC(31) Old regions: 115->115
[2023-11-08T17:30:46.923+0100][gc,heap       ] GC(31) Humongous regions: 129->129
[2023-11-08T17:30:46.923+0100][gc,metaspace  ] GC(31) Metaspace: 46391K(49664K)->46391K(49664K) NonClass: 40678K(42496K)->40678K(42496K) Class: 5713K(7168K)->5713K(7168K)
[2023-11-08T17:30:46.923+0100][gc            ] GC(31) Pause Young (Normal) (G1 Evacuation Pause) 493M->268M(1024M) 16,539ms
[2023-11-08T17:30:46.923+0100][gc,cpu        ] GC(31) User=0,15s Sys=0,01s Real=0,02s
[2023-11-08T17:30:52.021+0100][gc,start      ] GC(32) Pause Young (Normal) (G1 Evacuation Pause)
[2023-11-08T17:30:52.021+0100][gc,task       ] GC(32) Using 13 workers of 13 for evacuation
[2023-11-08T17:30:52.028+0100][gc,phases     ] GC(32)   Pre Evacuate Collection Set: 0,1ms
[2023-11-08T17:30:52.028+0100][gc,phases     ] GC(32)   Evacuate Collection Set: 6,5ms
[2023-11-08T17:30:52.028+0100][gc,phases     ] GC(32)   Post Evacuate Collection Set: 0,8ms
[2023-11-08T17:30:52.028+0100][gc,phases     ] GC(32)   Other: 0,4ms
[2023-11-08T17:30:52.028+0100][gc,heap       ] GC(32) Eden regions: 146->0(367)
[2023-11-08T17:30:52.028+0100][gc,heap       ] GC(32) Survivor regions: 26->7(22)
[2023-11-08T17:30:52.029+0100][gc,heap       ] GC(32) Old regions: 115->117
[2023-11-08T17:30:52.029+0100][gc,heap       ] GC(32) Humongous regions: 129->129
[2023-11-08T17:30:52.029+0100][gc,metaspace  ] GC(32) Metaspace: 46397K(49664K)->46397K(49664K) NonClass: 40684K(42496K)->40684K(42496K) Class: 5713K(7168K)->5713K(7168K)
[2023-11-08T17:30:52.029+0100][gc            ] GC(32) Pause Young (Normal) (G1 Evacuation Pause) 414M->251M(1024M) 8,006ms
[2023-11-08T17:30:52.029+0100][gc,cpu        ] GC(32) User=0,09s Sys=0,00s Real=0,01s
[2023-11-08T17:31:04.382+0100][gc,start      ] GC(33) Pause Young (Normal) (G1 Evacuation Pause)
[2023-11-08T17:31:04.382+0100][gc,task       ] GC(33) Using 13 workers of 13 for evacuation
[2023-11-08T17:31:04.398+0100][gc,phases     ] GC(33)   Pre Evacuate Collection Set: 0,0ms
[2023-11-08T17:31:04.398+0100][gc,phases     ] GC(33)   Evacuate Collection Set: 14,6ms
[2023-11-08T17:31:04.398+0100][gc,phases     ] GC(33)   Post Evacuate Collection Set: 1,2ms
[2023-11-08T17:31:04.398+0100][gc,phases     ] GC(33)   Other: 0,5ms
[2023-11-08T17:31:04.398+0100][gc,heap       ] GC(33) Eden regions: 337->0(318)
[2023-11-08T17:31:04.398+0100][gc,heap       ] GC(33) Survivor regions: 7->26(43)
[2023-11-08T17:31:04.398+0100][gc,heap       ] GC(33) Old regions: 117->117
[2023-11-08T17:31:04.398+0100][gc,heap       ] GC(33) Humongous regions: 129->129
[2023-11-08T17:31:04.398+0100][gc,metaspace  ] GC(33) Metaspace: 46402K(49664K)->46402K(49664K) NonClass: 40689K(42496K)->40689K(42496K) Class: 5713K(7168K)->5713K(7168K)
[2023-11-08T17:31:04.398+0100][gc            ] GC(33) Pause Young (Normal) (G1 Evacuation Pause) 588M->269M(1024M) 16,494ms
[2023-11-08T17:31:04.398+0100][gc,cpu        ] GC(33) User=0,18s Sys=0,01s Real=0,02s
[2023-11-08T17:31:19.070+0100][gc,start      ] GC(34) Pause Young (Normal) (G1 Evacuation Pause)
[2023-11-08T17:31:19.070+0100][gc,task       ] GC(34) Using 13 workers of 13 for evacuation
[2023-11-08T17:31:19.085+0100][gc,phases     ] GC(34)   Pre Evacuate Collection Set: 0,1ms
[2023-11-08T17:31:19.085+0100][gc,phases     ] GC(34)   Evacuate Collection Set: 13,3ms
[2023-11-08T17:31:19.085+0100][gc,phases     ] GC(34)   Post Evacuate Collection Set: 0,9ms
[2023-11-08T17:31:19.085+0100][gc,phases     ] GC(34)   Other: 0,5ms
[2023-11-08T17:31:19.085+0100][gc,heap       ] GC(34) Eden regions: 214->0(333)
[2023-11-08T17:31:19.085+0100][gc,heap       ] GC(34) Survivor regions: 26->22(30)
[2023-11-08T17:31:19.085+0100][gc,heap       ] GC(34) Old regions: 117->119
[2023-11-08T17:31:19.085+0100][gc,heap       ] GC(34) Humongous regions: 129->129
[2023-11-08T17:31:19.085+0100][gc,metaspace  ] GC(34) Metaspace: 46404K(49664K)->46404K(49664K) NonClass: 40690K(42496K)->40690K(42496K) Class: 5713K(7168K)->5713K(7168K)
[2023-11-08T17:31:19.085+0100][gc            ] GC(34) Pause Young (Normal) (G1 Evacuation Pause) 483M->267M(1024M) 14,843ms
[2023-11-08T17:31:19.085+0100][gc,cpu        ] GC(34) User=0,17s Sys=0,00s Real=0,02s
[2023-11-08T17:31:31.897+0100][gc,start      ] GC(35) Pause Young (Normal) (G1 Evacuation Pause)
[2023-11-08T17:31:31.897+0100][gc,task       ] GC(35) Using 13 workers of 13 for evacuation
[2023-11-08T17:31:31.907+0100][gc,phases     ] GC(35)   Pre Evacuate Collection Set: 0,0ms
[2023-11-08T17:31:31.907+0100][gc,phases     ] GC(35)   Evacuate Collection Set: 8,7ms
[2023-11-08T17:31:31.907+0100][gc,phases     ] GC(35)   Post Evacuate Collection Set: 1,2ms
[2023-11-08T17:31:31.907+0100][gc,phases     ] GC(35)   Other: 0,6ms
[2023-11-08T17:31:31.907+0100][gc,heap       ] GC(35) Eden regions: 302->0(420)
[2023-11-08T17:31:31.907+0100][gc,heap       ] GC(35) Survivor regions: 22->13(41)
[2023-11-08T17:31:31.907+0100][gc,heap       ] GC(35) Old regions: 119->119
[2023-11-08T17:31:31.907+0100][gc,heap       ] GC(35) Humongous regions: 129->129
[2023-11-08T17:31:31.907+0100][gc,metaspace  ] GC(35) Metaspace: 46422K(49664K)->46422K(49664K) NonClass: 40708K(42496K)->40708K(42496K) Class: 5713K(7168K)->5713K(7168K)
[2023-11-08T17:31:31.907+0100][gc            ] GC(35) Pause Young (Normal) (G1 Evacuation Pause) 569M->258M(1024M) 10,648ms
[2023-11-08T17:31:31.908+0100][gc,cpu        ] GC(35) User=0,11s Sys=0,01s Real=0,01s
[2023-11-08T17:31:43.952+0100][gc,start      ] GC(36) Pause Young (Normal) (G1 Evacuation Pause)
[2023-11-08T17:31:43.952+0100][gc,task       ] GC(36) Using 13 workers of 13 for evacuation
[2023-11-08T17:31:43.961+0100][gc,phases     ] GC(36)   Pre Evacuate Collection Set: 0,0ms
[2023-11-08T17:31:43.961+0100][gc,phases     ] GC(36)   Evacuate Collection Set: 6,9ms
[2023-11-08T17:31:43.961+0100][gc,phases     ] GC(36)   Post Evacuate Collection Set: 1,1ms
[2023-11-08T17:31:43.961+0100][gc,phases     ] GC(36)   Other: 0,5ms
[2023-11-08T17:31:43.961+0100][gc,heap       ] GC(36) Eden regions: 338->0(582)
[2023-11-08T17:31:43.961+0100][gc,heap       ] GC(36) Survivor regions: 13->5(44)
[2023-11-08T17:31:43.961+0100][gc,heap       ] GC(36) Old regions: 119->119
[2023-11-08T17:31:43.961+0100][gc,heap       ] GC(36) Humongous regions: 129->129
[2023-11-08T17:31:43.961+0100][gc,metaspace  ] GC(36) Metaspace: 46429K(49664K)->46429K(49664K) NonClass: 40716K(42496K)->40716K(42496K) Class: 5713K(7168K)->5713K(7168K)
[2023-11-08T17:31:43.961+0100][gc            ] GC(36) Pause Young (Normal) (G1 Evacuation Pause) 596M->250M(1024M) 8,703ms
[2023-11-08T17:31:43.961+0100][gc,cpu        ] GC(36) User=0,08s Sys=0,00s Real=0,01s
[2023-11-08T17:32:00.056+0100][gc,start      ] GC(37) Pause Young (Normal) (G1 Evacuation Pause)
[2023-11-08T17:32:00.056+0100][gc,task       ] GC(37) Using 13 workers of 13 for evacuation
[2023-11-08T17:32:00.064+0100][gc,phases     ] GC(37)   Pre Evacuate Collection Set: 0,0ms
[2023-11-08T17:32:00.064+0100][gc,phases     ] GC(37)   Evacuate Collection Set: 6,7ms
[2023-11-08T17:32:00.064+0100][gc,phases     ] GC(37)   Post Evacuate Collection Set: 1,0ms
[2023-11-08T17:32:00.064+0100][gc,phases     ] GC(37)   Other: 0,4ms
[2023-11-08T17:32:00.064+0100][gc,heap       ] GC(37) Eden regions: 487->0(598)
[2023-11-08T17:32:00.064+0100][gc,heap       ] GC(37) Survivor regions: 5->6(62)
[2023-11-08T17:32:00.064+0100][gc,heap       ] GC(37) Old regions: 119->119
[2023-11-08T17:32:00.064+0100][gc,heap       ] GC(37) Humongous regions: 129->129
[2023-11-08T17:32:00.064+0100][gc,metaspace  ] GC(37) Metaspace: 46438K(49664K)->46438K(49664K) NonClass: 40724K(42496K)->40724K(42496K) Class: 5713K(7168K)->5713K(7168K)
[2023-11-08T17:32:00.064+0100][gc            ] GC(37) Pause Young (Normal) (G1 Evacuation Pause) 737M->251M(1024M) 8,303ms
[2023-11-08T17:32:00.065+0100][gc,cpu        ] GC(37) User=0,09s Sys=0,00s Real=0,01s
[2023-11-08T17:32:16.662+0100][gc,start      ] GC(38) Pause Young (Normal) (G1 Evacuation Pause)
[2023-11-08T17:32:16.662+0100][gc,task       ] GC(38) Using 13 workers of 13 for evacuation
[2023-11-08T17:32:16.673+0100][gc,phases     ] GC(38)   Pre Evacuate Collection Set: 0,1ms
[2023-11-08T17:32:16.673+0100][gc,phases     ] GC(38)   Evacuate Collection Set: 9,5ms
[2023-11-08T17:32:16.673+0100][gc,phases     ] GC(38)   Post Evacuate Collection Set: 1,1ms
[2023-11-08T17:32:16.673+0100][gc,phases     ] GC(38)   Other: 0,5ms
[2023-11-08T17:32:16.673+0100][gc,heap       ] GC(38) Eden regions: 514->0(580)
[2023-11-08T17:32:16.673+0100][gc,heap       ] GC(38) Survivor regions: 6->9(65)
[2023-11-08T17:32:16.673+0100][gc,heap       ] GC(38) Old regions: 119->119
[2023-11-08T17:32:16.673+0100][gc,heap       ] GC(38) Humongous regions: 129->129
[2023-11-08T17:32:16.673+0100][gc,metaspace  ] GC(38) Metaspace: 46456K(49664K)->46456K(49664K) NonClass: 40742K(42496K)->40742K(42496K) Class: 5713K(7168K)->5713K(7168K)
[2023-11-08T17:32:16.673+0100][gc            ] GC(38) Pause Young (Normal) (G1 Evacuation Pause) 765M->254M(1024M) 11,398ms
[2023-11-08T17:32:16.673+0100][gc,cpu        ] GC(38) User=0,13s Sys=0,00s Real=0,01s
[2023-11-08T17:32:32.600+0100][gc,start      ] GC(39) Pause Young (Normal) (G1 Evacuation Pause)
[2023-11-08T17:32:32.600+0100][gc,task       ] GC(39) Using 13 workers of 13 for evacuation
[2023-11-08T17:32:32.614+0100][gc,phases     ] GC(39)   Pre Evacuate Collection Set: 0,0ms
[2023-11-08T17:32:32.614+0100][gc,phases     ] GC(39)   Evacuate Collection Set: 12,2ms
[2023-11-08T17:32:32.614+0100][gc,phases     ] GC(39)   Post Evacuate Collection Set: 1,1ms
[2023-11-08T17:32:32.614+0100][gc,phases     ] GC(39)   Other: 0,5ms
[2023-11-08T17:32:32.614+0100][gc,heap       ] GC(39) Eden regions: 474->0(591)
[2023-11-08T17:32:32.614+0100][gc,heap       ] GC(39) Survivor regions: 9->11(61)
[2023-11-08T17:32:32.614+0100][gc,heap       ] GC(39) Old regions: 119->119
[2023-11-08T17:32:32.614+0100][gc,heap       ] GC(39) Humongous regions: 129->129
[2023-11-08T17:32:32.614+0100][gc,metaspace  ] GC(39) Metaspace: 46458K(49664K)->46458K(49664K) NonClass: 40745K(42496K)->40745K(42496K) Class: 5713K(7168K)->5713K(7168K)
[2023-11-08T17:32:32.614+0100][gc            ] GC(39) Pause Young (Normal) (G1 Evacuation Pause) 728M->256M(1024M) 14,061ms
[2023-11-08T17:32:32.614+0100][gc,cpu        ] GC(39) User=0,14s Sys=0,00s Real=0,01s
[2023-11-08T17:32:50.160+0100][gc,start      ] GC(40) Pause Young (Normal) (G1 Evacuation Pause)
[2023-11-08T17:32:50.160+0100][gc,task       ] GC(40) Using 13 workers of 13 for evacuation
[2023-11-08T17:32:50.175+0100][gc,phases     ] GC(40)   Pre Evacuate Collection Set: 0,0ms
[2023-11-08T17:32:50.175+0100][gc,phases     ] GC(40)   Evacuate Collection Set: 13,2ms
[2023-11-08T17:32:50.175+0100][gc,phases     ] GC(40)   Post Evacuate Collection Set: 1,1ms
[2023-11-08T17:32:50.175+0100][gc,phases     ] GC(40)   Other: 0,4ms
[2023-11-08T17:32:50.175+0100][gc,heap       ] GC(40) Eden regions: 521->0(569)
[2023-11-08T17:32:50.175+0100][gc,heap       ] GC(40) Survivor regions: 11->16(67)
[2023-11-08T17:32:50.175+0100][gc,heap       ] GC(40) Old regions: 119->119
[2023-11-08T17:32:50.175+0100][gc,heap       ] GC(40) Humongous regions: 129->129
[2023-11-08T17:32:50.175+0100][gc,metaspace  ] GC(40) Metaspace: 46459K(49664K)->46459K(49664K) NonClass: 40745K(42496K)->40745K(42496K) Class: 5713K(7168K)->5713K(7168K)
[2023-11-08T17:32:50.175+0100][gc            ] GC(40) Pause Young (Normal) (G1 Evacuation Pause) 777M->260M(1024M) 15,025ms
[2023-11-08T17:32:50.175+0100][gc,cpu        ] GC(40) User=0,14s Sys=0,01s Real=0,02s
[2023-11-08T17:33:06.538+0100][gc,start      ] GC(41) Pause Young (Normal) (G1 Evacuation Pause)
[2023-11-08T17:33:06.538+0100][gc,task       ] GC(41) Using 13 workers of 13 for evacuation
[2023-11-08T17:33:06.554+0100][gc,phases     ] GC(41)   Pre Evacuate Collection Set: 0,1ms
[2023-11-08T17:33:06.554+0100][gc,phases     ] GC(41)   Evacuate Collection Set: 13,7ms
[2023-11-08T17:33:06.554+0100][gc,phases     ] GC(41)   Post Evacuate Collection Set: 1,0ms
[2023-11-08T17:33:06.554+0100][gc,phases     ] GC(41)   Other: 0,4ms
[2023-11-08T17:33:06.554+0100][gc,heap       ] GC(41) Eden regions: 505->0(588)
[2023-11-08T17:33:06.554+0100][gc,heap       ] GC(41) Survivor regions: 16->20(66)
[2023-11-08T17:33:06.554+0100][gc,heap       ] GC(41) Old regions: 119->119
[2023-11-08T17:33:06.554+0100][gc,heap       ] GC(41) Humongous regions: 129->129
[2023-11-08T17:33:06.554+0100][gc,metaspace  ] GC(41) Metaspace: 46459K(49664K)->46459K(49664K) NonClass: 40746K(42496K)->40746K(42496K) Class: 5713K(7168K)->5713K(7168K)
[2023-11-08T17:33:06.554+0100][gc            ] GC(41) Pause Young (Normal) (G1 Evacuation Pause) 765M->264M(1024M) 15,474ms
[2023-11-08T17:33:06.554+0100][gc,cpu        ] GC(41) User=0,15s Sys=0,01s Real=0,01s
[2023-11-08T17:33:26.661+0100][gc,start      ] GC(42) Pause Young (Normal) (G1 Evacuation Pause)
[2023-11-08T17:33:26.661+0100][gc,task       ] GC(42) Using 13 workers of 13 for evacuation
[2023-11-08T17:33:26.681+0100][gc,mmu        ] GC(42) MMU target violated: 20,4ms (20,0ms/21,0ms)
[2023-11-08T17:33:26.681+0100][gc,phases     ] GC(42)   Pre Evacuate Collection Set: 0,0ms
[2023-11-08T17:33:26.681+0100][gc,phases     ] GC(42)   Evacuate Collection Set: 19,0ms
[2023-11-08T17:33:26.681+0100][gc,phases     ] GC(42)   Post Evacuate Collection Set: 1,1ms
[2023-11-08T17:33:26.681+0100][gc,phases     ] GC(42)   Other: 0,6ms
[2023-11-08T17:33:26.681+0100][gc,heap       ] GC(42) Eden regions: 588->0(538)
[2023-11-08T17:33:26.681+0100][gc,heap       ] GC(42) Survivor regions: 20->29(76)
[2023-11-08T17:33:26.681+0100][gc,heap       ] GC(42) Old regions: 119->119
[2023-11-08T17:33:26.681+0100][gc,heap       ] GC(42) Humongous regions: 129->129
[2023-11-08T17:33:26.681+0100][gc,metaspace  ] GC(42) Metaspace: 46459K(49664K)->46459K(49664K) NonClass: 40746K(42496K)->40746K(42496K) Class: 5713K(7168K)->5713K(7168K)
[2023-11-08T17:33:26.681+0100][gc            ] GC(42) Pause Young (Normal) (G1 Evacuation Pause) 852M->274M(1024M) 20,774ms
[2023-11-08T17:33:26.681+0100][gc,cpu        ] GC(42) User=0,25s Sys=0,01s Real=0,02s
[2023-11-08T17:33:44.862+0100][gc,start      ] GC(43) Pause Young (Normal) (G1 Evacuation Pause)
[2023-11-08T17:33:44.862+0100][gc,task       ] GC(43) Using 13 workers of 13 for evacuation
[2023-11-08T17:33:44.884+0100][gc,mmu        ] GC(43) MMU target violated: 21,0ms (20,0ms/21,0ms)
[2023-11-08T17:33:44.884+0100][gc,phases     ] GC(43)   Pre Evacuate Collection Set: 0,0ms
[2023-11-08T17:33:44.884+0100][gc,phases     ] GC(43)   Evacuate Collection Set: 20,2ms
[2023-11-08T17:33:44.884+0100][gc,phases     ] GC(43)   Post Evacuate Collection Set: 1,2ms
[2023-11-08T17:33:44.884+0100][gc,phases     ] GC(43)   Other: 0,7ms
[2023-11-08T17:33:44.884+0100][gc,heap       ] GC(43) Eden regions: 538->0(342)
[2023-11-08T17:33:44.884+0100][gc,heap       ] GC(43) Survivor regions: 29->35(71)
[2023-11-08T17:33:44.884+0100][gc,heap       ] GC(43) Old regions: 119->119
[2023-11-08T17:33:44.884+0100][gc,heap       ] GC(43) Humongous regions: 129->129
[2023-11-08T17:33:44.884+0100][gc,metaspace  ] GC(43) Metaspace: 46459K(49664K)->46459K(49664K) NonClass: 40746K(42496K)->40746K(42496K) Class: 5713K(7168K)->5713K(7168K)
[2023-11-08T17:33:44.884+0100][gc            ] GC(43) Pause Young (Normal) (G1 Evacuation Pause) 812M->280M(1024M) 22,331ms
[2023-11-08T17:33:44.884+0100][gc,cpu        ] GC(43) User=0,27s Sys=0,00s Real=0,03s
[2023-11-08T17:33:56.191+0100][gc,start      ] GC(44) Pause Young (Normal) (G1 Evacuation Pause)
[2023-11-08T17:33:56.191+0100][gc,task       ] GC(44) Using 13 workers of 13 for evacuation
[2023-11-08T17:33:56.210+0100][gc,phases     ] GC(44)   Pre Evacuate Collection Set: 0,0ms
[2023-11-08T17:33:56.210+0100][gc,phases     ] GC(44)   Evacuate Collection Set: 17,3ms
[2023-11-08T17:33:56.210+0100][gc,phases     ] GC(44)   Post Evacuate Collection Set: 1,0ms
[2023-11-08T17:33:56.210+0100][gc,phases     ] GC(44)   Other: 0,5ms
[2023-11-08T17:33:56.210+0100][gc,heap       ] GC(44) Eden regions: 342->0(466)
[2023-11-08T17:33:56.210+0100][gc,heap       ] GC(44) Survivor regions: 35->20(48)
[2023-11-08T17:33:56.210+0100][gc,heap       ] GC(44) Old regions: 119->128
[2023-11-08T17:33:56.210+0100][gc,heap       ] GC(44) Humongous regions: 129->129
[2023-11-08T17:33:56.210+0100][gc,metaspace  ] GC(44) Metaspace: 46461K(49664K)->46461K(49664K) NonClass: 40748K(42496K)->40748K(42496K) Class: 5713K(7168K)->5713K(7168K)
[2023-11-08T17:33:56.210+0100][gc            ] GC(44) Pause Young (Normal) (G1 Evacuation Pause) 622M->274M(1024M) 18,979ms
[2023-11-08T17:33:56.210+0100][gc,cpu        ] GC(44) User=0,20s Sys=0,02s Real=0,02s
[2023-11-08T17:34:06.204+0100][gc,start      ] GC(45) Pause Young (Normal) (G1 Evacuation Pause)
[2023-11-08T17:34:06.204+0100][gc,task       ] GC(45) Using 13 workers of 13 for evacuation
[2023-11-08T17:34:06.214+0100][gc,phases     ] GC(45)   Pre Evacuate Collection Set: 0,0ms
[2023-11-08T17:34:06.214+0100][gc,phases     ] GC(45)   Evacuate Collection Set: 8,9ms
[2023-11-08T17:34:06.214+0100][gc,phases     ] GC(45)   Post Evacuate Collection Set: 1,0ms
[2023-11-08T17:34:06.214+0100][gc,phases     ] GC(45)   Other: 0,9ms
[2023-11-08T17:34:06.214+0100][gc,heap       ] GC(45) Eden regions: 313->0(604)
[2023-11-08T17:34:06.214+0100][gc,heap       ] GC(45) Survivor regions: 20->10(42)
[2023-11-08T17:34:06.214+0100][gc,heap       ] GC(45) Old regions: 128->128
[2023-11-08T17:34:06.214+0100][gc,heap       ] GC(45) Humongous regions: 129->129
[2023-11-08T17:34:06.214+0100][gc,metaspace  ] GC(45) Metaspace: 46464K(49664K)->46464K(49664K) NonClass: 40750K(42496K)->40750K(42496K) Class: 5713K(7168K)->5713K(7168K)
[2023-11-08T17:34:06.214+0100][gc            ] GC(45) Pause Young (Normal) (G1 Evacuation Pause) 587M->264M(1024M) 10,865ms
[2023-11-08T17:34:06.214+0100][gc,cpu        ] GC(45) User=0,11s Sys=0,00s Real=0,00s
[2023-11-08T17:34:20.675+0100][gc,start      ] GC(46) Pause Young (Normal) (G1 Evacuation Pause)
[2023-11-08T17:34:20.675+0100][gc,task       ] GC(46) Using 13 workers of 13 for evacuation
[2023-11-08T17:34:20.687+0100][gc,phases     ] GC(46)   Pre Evacuate Collection Set: 0,0ms
[2023-11-08T17:34:20.687+0100][gc,phases     ] GC(46)   Evacuate Collection Set: 11,0ms
[2023-11-08T17:34:20.687+0100][gc,phases     ] GC(46)   Post Evacuate Collection Set: 1,2ms
[2023-11-08T17:34:20.687+0100][gc,phases     ] GC(46)   Other: 0,5ms
[2023-11-08T17:34:20.687+0100][gc,heap       ] GC(46) Eden regions: 499->0(603)
[2023-11-08T17:34:20.687+0100][gc,heap       ] GC(46) Survivor regions: 10->11(64)
[2023-11-08T17:34:20.687+0100][gc,heap       ] GC(46) Old regions: 128->128
[2023-11-08T17:34:20.687+0100][gc,heap       ] GC(46) Humongous regions: 129->129
[2023-11-08T17:34:20.687+0100][gc,metaspace  ] GC(46) Metaspace: 46464K(49664K)->46464K(49664K) NonClass: 40750K(42496K)->40750K(42496K) Class: 5713K(7168K)->5713K(7168K)
[2023-11-08T17:34:20.687+0100][gc            ] GC(46) Pause Young (Normal) (G1 Evacuation Pause) 763M->264M(1024M) 12,787ms
[2023-11-08T17:34:20.687+0100][gc,cpu        ] GC(46) User=0,12s Sys=0,00s Real=0,02s
[2023-11-08T17:34:39.577+0100][gc,start      ] GC(47) Pause Young (Normal) (G1 Evacuation Pause)
[2023-11-08T17:34:39.577+0100][gc,task       ] GC(47) Using 13 workers of 13 for evacuation
[2023-11-08T17:34:39.593+0100][gc,phases     ] GC(47)   Pre Evacuate Collection Set: 0,1ms
[2023-11-08T17:34:39.593+0100][gc,phases     ] GC(47)   Evacuate Collection Set: 14,1ms
[2023-11-08T17:34:39.593+0100][gc,phases     ] GC(47)   Post Evacuate Collection Set: 1,1ms
[2023-11-08T17:34:39.593+0100][gc,phases     ] GC(47)   Other: 0,5ms
[2023-11-08T17:34:39.593+0100][gc,heap       ] GC(47) Eden regions: 587->0(596)
[2023-11-08T17:34:39.593+0100][gc,heap       ] GC(47) Survivor regions: 11->18(75)
[2023-11-08T17:34:39.593+0100][gc,heap       ] GC(47) Old regions: 128->128
[2023-11-08T17:34:39.593+0100][gc,heap       ] GC(47) Humongous regions: 129->129
[2023-11-08T17:34:39.593+0100][gc,metaspace  ] GC(47) Metaspace: 46464K(49664K)->46464K(49664K) NonClass: 40750K(42496K)->40750K(42496K) Class: 5713K(7168K)->5713K(7168K)
[2023-11-08T17:34:39.593+0100][gc            ] GC(47) Pause Young (Normal) (G1 Evacuation Pause) 851M->272M(1024M) 15,875ms
[2023-11-08T17:34:39.593+0100][gc,cpu        ] GC(47) User=0,19s Sys=0,00s Real=0,01s
[2023-11-08T17:34:53.912+0100][gc,start      ] GC(48) Pause Young (Normal) (G1 Evacuation Pause)
[2023-11-08T17:34:53.912+0100][gc,task       ] GC(48) Using 13 workers of 13 for evacuation
[2023-11-08T17:34:53.928+0100][gc,phases     ] GC(48)   Pre Evacuate Collection Set: 0,0ms
[2023-11-08T17:34:53.929+0100][gc,phases     ] GC(48)   Evacuate Collection Set: 14,5ms
[2023-11-08T17:34:53.929+0100][gc,phases     ] GC(48)   Post Evacuate Collection Set: 1,1ms
[2023-11-08T17:34:53.929+0100][gc,phases     ] GC(48)   Other: 0,5ms
[2023-11-08T17:34:53.929+0100][gc,heap       ] GC(48) Eden regions: 483->0(594)
[2023-11-08T17:34:53.929+0100][gc,heap       ] GC(48) Survivor regions: 18->20(63)
[2023-11-08T17:34:53.929+0100][gc,heap       ] GC(48) Old regions: 128->128
[2023-11-08T17:34:53.929+0100][gc,heap       ] GC(48) Humongous regions: 129->129
[2023-11-08T17:34:53.929+0100][gc,metaspace  ] GC(48) Metaspace: 46464K(49664K)->46464K(49664K) NonClass: 40750K(42496K)->40750K(42496K) Class: 5713K(7168K)->5713K(7168K)
[2023-11-08T17:34:53.929+0100][gc            ] GC(48) Pause Young (Normal) (G1 Evacuation Pause) 755M->274M(1024M) 16,306ms
[2023-11-08T17:34:53.929+0100][gc,cpu        ] GC(48) User=0,19s Sys=0,00s Real=0,02s
[2023-11-08T17:35:06.210+0100][gc,start      ] GC(49) Pause Young (Normal) (G1 Evacuation Pause)
[2023-11-08T17:35:06.210+0100][gc,task       ] GC(49) Using 13 workers of 13 for evacuation
[2023-11-08T17:35:06.224+0100][gc,phases     ] GC(49)   Pre Evacuate Collection Set: 0,0ms
[2023-11-08T17:35:06.224+0100][gc,phases     ] GC(49)   Evacuate Collection Set: 12,2ms
[2023-11-08T17:35:06.224+0100][gc,phases     ] GC(49)   Post Evacuate Collection Set: 1,5ms
[2023-11-08T17:35:06.224+0100][gc,phases     ] GC(49)   Other: 0,5ms
[2023-11-08T17:35:06.224+0100][gc,heap       ] GC(49) Eden regions: 415->0(597)
[2023-11-08T17:35:06.224+0100][gc,heap       ] GC(49) Survivor regions: 20->17(55)
[2023-11-08T17:35:06.224+0100][gc,heap       ] GC(49) Old regions: 128->128
[2023-11-08T17:35:06.224+0100][gc,heap       ] GC(49) Humongous regions: 129->129
[2023-11-08T17:35:06.224+0100][gc,metaspace  ] GC(49) Metaspace: 46464K(49664K)->46464K(49664K) NonClass: 40751K(42496K)->40751K(42496K) Class: 5713K(7168K)->5713K(7168K)
[2023-11-08T17:35:06.224+0100][gc            ] GC(49) Pause Young (Normal) (G1 Evacuation Pause) 689M->270M(1024M) 14,451ms
[2023-11-08T17:35:06.224+0100][gc,cpu        ] GC(49) User=0,14s Sys=0,01s Real=0,02s
[2023-11-08T17:35:24.839+0100][gc,start      ] GC(50) Pause Young (Normal) (G1 Evacuation Pause)
[2023-11-08T17:35:24.840+0100][gc,task       ] GC(50) Using 13 workers of 13 for evacuation
[2023-11-08T17:35:24.857+0100][gc,phases     ] GC(50)   Pre Evacuate Collection Set: 0,0ms
[2023-11-08T17:35:24.857+0100][gc,phases     ] GC(50)   Evacuate Collection Set: 16,2ms
[2023-11-08T17:35:24.857+0100][gc,phases     ] GC(50)   Post Evacuate Collection Set: 1,1ms
[2023-11-08T17:35:24.857+0100][gc,phases     ] GC(50)   Other: 0,5ms
[2023-11-08T17:35:24.857+0100][gc,heap       ] GC(50) Eden regions: 597->0(589)
[2023-11-08T17:35:24.857+0100][gc,heap       ] GC(50) Survivor regions: 17->25(77)
[2023-11-08T17:35:24.857+0100][gc,heap       ] GC(50) Old regions: 128->128
[2023-11-08T17:35:24.857+0100][gc,heap       ] GC(50) Humongous regions: 129->129
[2023-11-08T17:35:24.857+0100][gc,metaspace  ] GC(50) Metaspace: 46464K(49664K)->46464K(49664K) NonClass: 40751K(42496K)->40751K(42496K) Class: 5713K(7168K)->5713K(7168K)
[2023-11-08T17:35:24.857+0100][gc            ] GC(50) Pause Young (Normal) (G1 Evacuation Pause) 867M->279M(1024M) 17,993ms
[2023-11-08T17:35:24.857+0100][gc,cpu        ] GC(50) User=0,20s Sys=0,01s Real=0,02s
[2023-11-08T17:35:42.468+0100][gc,start      ] GC(51) Pause Young (Normal) (G1 Evacuation Pause)
[2023-11-08T17:35:42.468+0100][gc,task       ] GC(51) Using 13 workers of 13 for evacuation
[2023-11-08T17:35:42.491+0100][gc,mmu        ] GC(51) MMU target violated: 21,0ms (20,0ms/21,0ms)
[2023-11-08T17:35:42.491+0100][gc,phases     ] GC(51)   Pre Evacuate Collection Set: 0,0ms
[2023-11-08T17:35:42.491+0100][gc,phases     ] GC(51)   Evacuate Collection Set: 21,4ms
[2023-11-08T17:35:42.491+0100][gc,phases     ] GC(51)   Post Evacuate Collection Set: 1,1ms
[2023-11-08T17:35:42.491+0100][gc,phases     ] GC(51)   Other: 0,6ms
[2023-11-08T17:35:42.491+0100][gc,heap       ] GC(51) Eden regions: 589->0(503)
[2023-11-08T17:35:42.491+0100][gc,heap       ] GC(51) Survivor regions: 25->33(77)
[2023-11-08T17:35:42.491+0100][gc,heap       ] GC(51) Old regions: 128->128
[2023-11-08T17:35:42.491+0100][gc,heap       ] GC(51) Humongous regions: 129->129
[2023-11-08T17:35:42.491+0100][gc,metaspace  ] GC(51) Metaspace: 46474K(49664K)->46474K(49664K) NonClass: 40759K(42496K)->40759K(42496K) Class: 5715K(7168K)->5715K(7168K)
[2023-11-08T17:35:42.491+0100][gc            ] GC(51) Pause Young (Normal) (G1 Evacuation Pause) 868M->287M(1024M) 23,242ms
[2023-11-08T17:35:42.491+0100][gc,cpu        ] GC(51) User=0,26s Sys=0,01s Real=0,02s
[2023-11-08T17:35:58.092+0100][gc,start      ] GC(52) Pause Young (Normal) (G1 Evacuation Pause)
[2023-11-08T17:35:58.092+0100][gc,task       ] GC(52) Using 13 workers of 13 for evacuation
[2023-11-08T17:35:58.116+0100][gc,mmu        ] GC(52) MMU target violated: 21,0ms (20,0ms/21,0ms)
[2023-11-08T17:35:58.116+0100][gc,phases     ] GC(52)   Pre Evacuate Collection Set: 0,1ms
[2023-11-08T17:35:58.116+0100][gc,phases     ] GC(52)   Evacuate Collection Set: 22,1ms
[2023-11-08T17:35:58.116+0100][gc,phases     ] GC(52)   Post Evacuate Collection Set: 1,2ms
[2023-11-08T17:35:58.116+0100][gc,phases     ] GC(52)   Other: 0,6ms
[2023-11-08T17:35:58.116+0100][gc,heap       ] GC(52) Eden regions: 503->0(266)
[2023-11-08T17:35:58.116+0100][gc,heap       ] GC(52) Survivor regions: 33->37(67)
[2023-11-08T17:35:58.116+0100][gc,heap       ] GC(52) Old regions: 128->128
[2023-11-08T17:35:58.116+0100][gc,heap       ] GC(52) Humongous regions: 129->129
[2023-11-08T17:35:58.116+0100][gc,metaspace  ] GC(52) Metaspace: 46474K(49664K)->46474K(49664K) NonClass: 40759K(42496K)->40759K(42496K) Class: 5715K(7168K)->5715K(7168K)
[2023-11-08T17:35:58.116+0100][gc            ] GC(52) Pause Young (Normal) (G1 Evacuation Pause) 790M->291M(1024M) 24,070ms
[2023-11-08T17:35:58.116+0100][gc,cpu        ] GC(52) User=0,27s Sys=0,01s Real=0,03s
[2023-11-08T17:36:05.578+0100][gc,start      ] GC(53) Pause Young (Normal) (G1 Evacuation Pause)
[2023-11-08T17:36:05.578+0100][gc,task       ] GC(53) Using 13 workers of 13 for evacuation
[2023-11-08T17:36:05.595+0100][gc,phases     ] GC(53)   Pre Evacuate Collection Set: 0,0ms
[2023-11-08T17:36:05.595+0100][gc,phases     ] GC(53)   Evacuate Collection Set: 15,4ms
[2023-11-08T17:36:05.595+0100][gc,phases     ] GC(53)   Post Evacuate Collection Set: 1,0ms
[2023-11-08T17:36:05.595+0100][gc,phases     ] GC(53)   Other: 0,4ms
[2023-11-08T17:36:05.595+0100][gc,heap       ] GC(53) Eden regions: 266->0(591)
[2023-11-08T17:36:05.595+0100][gc,heap       ] GC(53) Survivor regions: 37->11(38)
[2023-11-08T17:36:05.595+0100][gc,heap       ] GC(53) Old regions: 128->141
[2023-11-08T17:36:05.595+0100][gc,heap       ] GC(53) Humongous regions: 129->129
[2023-11-08T17:36:05.595+0100][gc,metaspace  ] GC(53) Metaspace: 46474K(49664K)->46474K(49664K) NonClass: 40759K(42496K)->40759K(42496K) Class: 5715K(7168K)->5715K(7168K)
[2023-11-08T17:36:05.595+0100][gc            ] GC(53) Pause Young (Normal) (G1 Evacuation Pause) 557M->278M(1024M) 16,971ms
[2023-11-08T17:36:05.595+0100][gc,cpu        ] GC(53) User=0,17s Sys=0,02s Real=0,02s
[2023-11-08T17:36:31.095+0100][gc,start      ] GC(54) Pause Young (Normal) (G1 Evacuation Pause)
[2023-11-08T17:36:31.096+0100][gc,task       ] GC(54) Using 13 workers of 13 for evacuation
[2023-11-08T17:36:31.112+0100][gc,phases     ] GC(54)   Pre Evacuate Collection Set: 0,0ms
[2023-11-08T17:36:31.112+0100][gc,phases     ] GC(54)   Evacuate Collection Set: 13,8ms
[2023-11-08T17:36:31.112+0100][gc,phases     ] GC(54)   Post Evacuate Collection Set: 2,0ms
[2023-11-08T17:36:31.112+0100][gc,phases     ] GC(54)   Other: 0,5ms
[2023-11-08T17:36:31.112+0100][gc,heap       ] GC(54) Eden regions: 591->0(507)
[2023-11-08T17:36:31.112+0100][gc,heap       ] GC(54) Survivor regions: 11->24(76)
[2023-11-08T17:36:31.112+0100][gc,heap       ] GC(54) Old regions: 141->141
[2023-11-08T17:36:31.112+0100][gc,heap       ] GC(54) Humongous regions: 129->129
[2023-11-08T17:36:31.112+0100][gc,metaspace  ] GC(54) Metaspace: 46487K(49664K)->46487K(49664K) NonClass: 40772K(42496K)->40772K(42496K) Class: 5715K(7168K)->5715K(7168K)
[2023-11-08T17:36:31.112+0100][gc            ] GC(54) Pause Young (Normal) (G1 Evacuation Pause) 869M->291M(1024M) 16,574ms
[2023-11-08T17:36:31.112+0100][gc,cpu        ] GC(54) User=0,16s Sys=0,03s Real=0,01s
[2023-11-08T17:36:49.400+0100][gc,start      ] GC(55) Pause Young (Normal) (G1 Evacuation Pause)
[2023-11-08T17:36:49.400+0100][gc,task       ] GC(55) Using 13 workers of 13 for evacuation
[2023-11-08T17:36:49.420+0100][gc,mmu        ] GC(55) MMU target violated: 20,0ms (20,0ms/21,0ms)
[2023-11-08T17:36:49.420+0100][gc,phases     ] GC(55)   Pre Evacuate Collection Set: 0,0ms
[2023-11-08T17:36:49.420+0100][gc,phases     ] GC(55)   Evacuate Collection Set: 18,6ms
[2023-11-08T17:36:49.420+0100][gc,phases     ] GC(55)   Post Evacuate Collection Set: 1,1ms
[2023-11-08T17:36:49.420+0100][gc,phases     ] GC(55)   Other: 0,6ms
[2023-11-08T17:36:49.420+0100][gc,heap       ] GC(55) Eden regions: 507->0(330)
[2023-11-08T17:36:49.420+0100][gc,heap       ] GC(55) Survivor regions: 24->30(67)
[2023-11-08T17:36:49.420+0100][gc,heap       ] GC(55) Old regions: 141->141
[2023-11-08T17:36:49.420+0100][gc,heap       ] GC(55) Humongous regions: 129->129
[2023-11-08T17:36:49.420+0100][gc,metaspace  ] GC(55) Metaspace: 46500K(49664K)->46500K(49664K) NonClass: 40781K(42496K)->40781K(42496K) Class: 5718K(7168K)->5718K(7168K)
[2023-11-08T17:36:49.420+0100][gc            ] GC(55) Pause Young (Normal) (G1 Evacuation Pause) 798M->297M(1024M) 20,435ms
[2023-11-08T17:36:49.420+0100][gc,cpu        ] GC(55) User=0,23s Sys=0,01s Real=0,02s
[2023-11-08T17:37:01.579+0100][gc,start      ] GC(56) Pause Young (Normal) (G1 Evacuation Pause)
[2023-11-08T17:37:01.579+0100][gc,task       ] GC(56) Using 13 workers of 13 for evacuation
[2023-11-08T17:37:01.596+0100][gc,phases     ] GC(56)   Pre Evacuate Collection Set: 0,0ms
[2023-11-08T17:37:01.596+0100][gc,phases     ] GC(56)   Evacuate Collection Set: 15,9ms
[2023-11-08T17:37:01.596+0100][gc,phases     ] GC(56)   Post Evacuate Collection Set: 1,0ms
[2023-11-08T17:37:01.596+0100][gc,phases     ] GC(56)   Other: 0,4ms
[2023-11-08T17:37:01.596+0100][gc,heap       ] GC(56) Eden regions: 330->0(378)
[2023-11-08T17:37:01.596+0100][gc,heap       ] GC(56) Survivor regions: 30->22(45)
[2023-11-08T17:37:01.596+0100][gc,heap       ] GC(56) Old regions: 141->145
[2023-11-08T17:37:01.596+0100][gc,heap       ] GC(56) Humongous regions: 129->129
[2023-11-08T17:37:01.596+0100][gc,metaspace  ] GC(56) Metaspace: 46500K(49664K)->46500K(49664K) NonClass: 40781K(42496K)->40781K(42496K) Class: 5718K(7168K)->5718K(7168K)
[2023-11-08T17:37:01.596+0100][gc            ] GC(56) Pause Young (Normal) (G1 Evacuation Pause) 627M->294M(1024M) 17,536ms
[2023-11-08T17:37:01.596+0100][gc,cpu        ] GC(56) User=0,19s Sys=0,02s Real=0,02s
[2023-11-08T17:37:14.136+0100][gc,start      ] GC(57) Pause Young (Normal) (G1 Evacuation Pause)
[2023-11-08T17:37:14.136+0100][gc,task       ] GC(57) Using 13 workers of 13 for evacuation
[2023-11-08T17:37:14.149+0100][gc,phases     ] GC(57)   Pre Evacuate Collection Set: 0,0ms
[2023-11-08T17:37:14.149+0100][gc,phases     ] GC(57)   Evacuate Collection Set: 11,2ms
[2023-11-08T17:37:14.149+0100][gc,phases     ] GC(57)   Post Evacuate Collection Set: 1,0ms
[2023-11-08T17:37:14.149+0100][gc,phases     ] GC(57)   Other: 0,5ms
[2023-11-08T17:37:14.149+0100][gc,heap       ] GC(57) Eden regions: 378->0(570)
[2023-11-08T17:37:14.149+0100][gc,heap       ] GC(57) Survivor regions: 22->18(50)
[2023-11-08T17:37:14.149+0100][gc,heap       ] GC(57) Old regions: 145->145
[2023-11-08T17:37:14.149+0100][gc,heap       ] GC(57) Humongous regions: 129->129
[2023-11-08T17:37:14.149+0100][gc,metaspace  ] GC(57) Metaspace: 46504K(49664K)->46504K(49664K) NonClass: 40785K(42496K)->40785K(42496K) Class: 5718K(7168K)->5718K(7168K)
[2023-11-08T17:37:14.149+0100][gc            ] GC(57) Pause Young (Normal) (G1 Evacuation Pause) 672M->290M(1024M) 12,943ms
[2023-11-08T17:37:14.149+0100][gc,cpu        ] GC(57) User=0,14s Sys=0,00s Real=0,01s
[2023-11-08T17:37:28.312+0100][gc,start      ] GC(58) Pause Young (Normal) (G1 Evacuation Pause)
[2023-11-08T17:37:28.312+0100][gc,task       ] GC(58) Using 13 workers of 13 for evacuation
[2023-11-08T17:37:28.327+0100][gc,phases     ] GC(58)   Pre Evacuate Collection Set: 0,0ms
[2023-11-08T17:37:28.327+0100][gc,phases     ] GC(58)   Evacuate Collection Set: 13,2ms
[2023-11-08T17:37:28.327+0100][gc,phases     ] GC(58)   Post Evacuate Collection Set: 1,0ms
[2023-11-08T17:37:28.327+0100][gc,phases     ] GC(58)   Other: 0,5ms
[2023-11-08T17:37:28.327+0100][gc,heap       ] GC(58) Eden regions: 454->0(569)
[2023-11-08T17:37:28.327+0100][gc,heap       ] GC(58) Survivor regions: 18->18(59)
[2023-11-08T17:37:28.327+0100][gc,heap       ] GC(58) Old regions: 145->145
[2023-11-08T17:37:28.327+0100][gc,heap       ] GC(58) Humongous regions: 129->129
[2023-11-08T17:37:28.327+0100][gc,metaspace  ] GC(58) Metaspace: 46504K(49664K)->46504K(49664K) NonClass: 40785K(42496K)->40785K(42496K) Class: 5718K(7168K)->5718K(7168K)
[2023-11-08T17:37:28.327+0100][gc            ] GC(58) Pause Young (Normal) (G1 Evacuation Pause) 744M->290M(1024M) 14,913ms
[2023-11-08T17:37:28.327+0100][gc,cpu        ] GC(58) User=0,14s Sys=0,03s Real=0,02s
[2023-11-08T17:37:41.308+0100][gc,start      ] GC(59) Pause Young (Normal) (G1 Evacuation Pause)
[2023-11-08T17:37:41.308+0100][gc,task       ] GC(59) Using 13 workers of 13 for evacuation
[2023-11-08T17:37:41.322+0100][gc,phases     ] GC(59)   Pre Evacuate Collection Set: 0,1ms
[2023-11-08T17:37:41.322+0100][gc,phases     ] GC(59)   Evacuate Collection Set: 12,3ms
[2023-11-08T17:37:41.322+0100][gc,phases     ] GC(59)   Post Evacuate Collection Set: 1,1ms
[2023-11-08T17:37:41.322+0100][gc,phases     ] GC(59)   Other: 0,6ms
[2023-11-08T17:37:41.322+0100][gc,heap       ] GC(59) Eden regions: 383->0(489)
[2023-11-08T17:37:41.322+0100][gc,heap       ] GC(59) Survivor regions: 18->15(51)
[2023-11-08T17:37:41.322+0100][gc,heap       ] GC(59) Old regions: 145->145
[2023-11-08T17:37:41.322+0100][gc,heap       ] GC(59) Humongous regions: 129->129
[2023-11-08T17:37:41.322+0100][gc,metaspace  ] GC(59) Metaspace: 46504K(49664K)->46504K(49664K) NonClass: 40785K(42496K)->40785K(42496K) Class: 5718K(7168K)->5718K(7168K)
[2023-11-08T17:37:41.322+0100][gc            ] GC(59) Pause Young (Normal) (G1 Evacuation Pause) 673M->286M(1024M) 14,231ms
[2023-11-08T17:37:41.322+0100][gc,cpu        ] GC(59) User=0,16s Sys=0,00s Real=0,01s
[2023-11-08T17:37:53.133+0100][gc,start      ] GC(60) Pause Young (Normal) (G1 Evacuation Pause)
[2023-11-08T17:37:53.133+0100][gc,task       ] GC(60) Using 13 workers of 13 for evacuation
[2023-11-08T17:37:53.145+0100][gc,phases     ] GC(60)   Pre Evacuate Collection Set: 0,0ms
[2023-11-08T17:37:53.146+0100][gc,phases     ] GC(60)   Evacuate Collection Set: 10,6ms
[2023-11-08T17:37:53.146+0100][gc,phases     ] GC(60)   Post Evacuate Collection Set: 1,1ms
[2023-11-08T17:37:53.146+0100][gc,phases     ] GC(60)   Other: 0,5ms
[2023-11-08T17:37:53.146+0100][gc,heap       ] GC(60) Eden regions: 367->0(527)
[2023-11-08T17:37:53.146+0100][gc,heap       ] GC(60) Survivor regions: 15->11(48)
[2023-11-08T17:37:53.146+0100][gc,heap       ] GC(60) Old regions: 145->145
[2023-11-08T17:37:53.146+0100][gc,heap       ] GC(60) Humongous regions: 129->129
[2023-11-08T17:37:53.146+0100][gc,metaspace  ] GC(60) Metaspace: 46504K(49664K)->46504K(49664K) NonClass: 40785K(42496K)->40785K(42496K) Class: 5718K(7168K)->5718K(7168K)
[2023-11-08T17:37:53.146+0100][gc            ] GC(60) Pause Young (Normal) (G1 Evacuation Pause) 653M->282M(1024M) 12,420ms
[2023-11-08T17:37:53.146+0100][gc,cpu        ] GC(60) User=0,14s Sys=0,00s Real=0,02s
[2023-11-08T17:38:06.923+0100][gc,start      ] GC(61) Pause Young (Normal) (G1 Evacuation Pause)
[2023-11-08T17:38:06.923+0100][gc,task       ] GC(61) Using 13 workers of 13 for evacuation
[2023-11-08T17:38:06.934+0100][gc,phases     ] GC(61)   Pre Evacuate Collection Set: 0,0ms
[2023-11-08T17:38:06.934+0100][gc,phases     ] GC(61)   Evacuate Collection Set: 8,9ms
[2023-11-08T17:38:06.934+0100][gc,phases     ] GC(61)   Post Evacuate Collection Set: 1,0ms
[2023-11-08T17:38:06.934+0100][gc,phases     ] GC(61)   Other: 0,4ms
[2023-11-08T17:38:06.934+0100][gc,heap       ] GC(61) Eden regions: 417->0(577)
[2023-11-08T17:38:06.934+0100][gc,heap       ] GC(61) Survivor regions: 11->10(54)
[2023-11-08T17:38:06.934+0100][gc,heap       ] GC(61) Old regions: 145->145
[2023-11-08T17:38:06.934+0100][gc,heap       ] GC(61) Humongous regions: 129->129
[2023-11-08T17:38:06.934+0100][gc,metaspace  ] GC(61) Metaspace: 46504K(49664K)->46504K(49664K) NonClass: 40785K(42496K)->40785K(42496K) Class: 5718K(7168K)->5718K(7168K)
[2023-11-08T17:38:06.934+0100][gc            ] GC(61) Pause Young (Normal) (G1 Evacuation Pause) 699M->281M(1024M) 10,522ms
[2023-11-08T17:38:06.934+0100][gc,cpu        ] GC(61) User=0,11s Sys=0,01s Real=0,00s
[2023-11-08T17:38:23.756+0100][gc,start      ] GC(62) Pause Young (Normal) (G1 Evacuation Pause)
[2023-11-08T17:38:23.756+0100][gc,task       ] GC(62) Using 13 workers of 13 for evacuation
[2023-11-08T17:38:23.770+0100][gc,phases     ] GC(62)   Pre Evacuate Collection Set: 0,0ms
[2023-11-08T17:38:23.770+0100][gc,phases     ] GC(62)   Evacuate Collection Set: 12,3ms
[2023-11-08T17:38:23.770+0100][gc,phases     ] GC(62)   Post Evacuate Collection Set: 1,2ms
[2023-11-08T17:38:23.770+0100][gc,phases     ] GC(62)   Other: 0,5ms
[2023-11-08T17:38:23.770+0100][gc,heap       ] GC(62) Eden regions: 473->0(583)
[2023-11-08T17:38:23.770+0100][gc,heap       ] GC(62) Survivor regions: 10->13(61)
[2023-11-08T17:38:23.770+0100][gc,heap       ] GC(62) Old regions: 145->145
[2023-11-08T17:38:23.770+0100][gc,heap       ] GC(62) Humongous regions: 129->129
[2023-11-08T17:38:23.770+0100][gc,metaspace  ] GC(62) Metaspace: 46506K(49664K)->46506K(49664K) NonClass: 40787K(42496K)->40787K(42496K) Class: 5718K(7168K)->5718K(7168K)
[2023-11-08T17:38:23.770+0100][gc            ] GC(62) Pause Young (Normal) (G1 Evacuation Pause) 754M->284M(1024M) 14,163ms
[2023-11-08T17:38:23.770+0100][gc,cpu        ] GC(62) User=0,13s Sys=0,01s Real=0,01s
[2023-11-08T17:38:45.059+0100][gc,start      ] GC(63) Pause Young (Normal) (G1 Evacuation Pause)
[2023-11-08T17:38:45.059+0100][gc,task       ] GC(63) Using 13 workers of 13 for evacuation
[2023-11-08T17:38:45.076+0100][gc,phases     ] GC(63)   Pre Evacuate Collection Set: 0,1ms
[2023-11-08T17:38:45.076+0100][gc,phases     ] GC(63)   Evacuate Collection Set: 15,1ms
[2023-11-08T17:38:45.076+0100][gc,phases     ] GC(63)   Post Evacuate Collection Set: 1,2ms
[2023-11-08T17:38:45.076+0100][gc,phases     ] GC(63)   Other: 0,6ms
[2023-11-08T17:38:45.076+0100][gc,heap       ] GC(63) Eden regions: 583->0(576)
[2023-11-08T17:38:45.076+0100][gc,heap       ] GC(63) Survivor regions: 13->22(75)
[2023-11-08T17:38:45.076+0100][gc,heap       ] GC(63) Old regions: 145->145
[2023-11-08T17:38:45.076+0100][gc,heap       ] GC(63) Humongous regions: 129->129
[2023-11-08T17:38:45.076+0100][gc,metaspace  ] GC(63) Metaspace: 46506K(49664K)->46506K(49664K) NonClass: 40788K(42496K)->40788K(42496K) Class: 5718K(7168K)->5718K(7168K)
[2023-11-08T17:38:45.076+0100][gc            ] GC(63) Pause Young (Normal) (G1 Evacuation Pause) 867M->294M(1024M) 17,165ms
[2023-11-08T17:38:45.076+0100][gc,cpu        ] GC(63) User=0,18s Sys=0,01s Real=0,02s
[2023-11-08T17:39:00.129+0100][gc,start      ] GC(64) Pause Young (Normal) (G1 Evacuation Pause)
[2023-11-08T17:39:00.129+0100][gc,task       ] GC(64) Using 13 workers of 13 for evacuation
[2023-11-08T17:39:00.147+0100][gc,phases     ] GC(64)   Pre Evacuate Collection Set: 0,0ms
[2023-11-08T17:39:00.147+0100][gc,phases     ] GC(64)   Evacuate Collection Set: 16,2ms
[2023-11-08T17:39:00.147+0100][gc,phases     ] GC(64)   Post Evacuate Collection Set: 1,1ms
[2023-11-08T17:39:00.147+0100][gc,phases     ] GC(64)   Other: 0,5ms
[2023-11-08T17:39:00.147+0100][gc,heap       ] GC(64) Eden regions: 493->0(545)
[2023-11-08T17:39:00.147+0100][gc,heap       ] GC(64) Survivor regions: 22->23(65)
[2023-11-08T17:39:00.147+0100][gc,heap       ] GC(64) Old regions: 145->145
[2023-11-08T17:39:00.147+0100][gc,heap       ] GC(64) Humongous regions: 129->129
[2023-11-08T17:39:00.147+0100][gc,metaspace  ] GC(64) Metaspace: 46509K(49664K)->46509K(49664K) NonClass: 40791K(42496K)->40791K(42496K) Class: 5718K(7168K)->5718K(7168K)
[2023-11-08T17:39:00.147+0100][gc            ] GC(64) Pause Young (Normal) (G1 Evacuation Pause) 787M->295M(1024M) 18,095ms
[2023-11-08T17:39:00.147+0100][gc,cpu        ] GC(64) User=0,18s Sys=0,01s Real=0,02s
[2023-11-08T17:39:14.718+0100][gc,start      ] GC(65) Pause Young (Normal) (G1 Evacuation Pause)
[2023-11-08T17:39:14.718+0100][gc,task       ] GC(65) Using 13 workers of 13 for evacuation
[2023-11-08T17:39:14.737+0100][gc,phases     ] GC(65)   Pre Evacuate Collection Set: 0,0ms
[2023-11-08T17:39:14.737+0100][gc,phases     ] GC(65)   Evacuate Collection Set: 17,4ms
[2023-11-08T17:39:14.737+0100][gc,phases     ] GC(65)   Post Evacuate Collection Set: 1,2ms
[2023-11-08T17:39:14.737+0100][gc,phases     ] GC(65)   Other: 0,6ms
[2023-11-08T17:39:14.737+0100][gc,heap       ] GC(65) Eden regions: 545->0(525)
[2023-11-08T17:39:14.737+0100][gc,heap       ] GC(65) Survivor regions: 23->28(71)
[2023-11-08T17:39:14.737+0100][gc,heap       ] GC(65) Old regions: 145->145
[2023-11-08T17:39:14.737+0100][gc,heap       ] GC(65) Humongous regions: 129->129
[2023-11-08T17:39:14.737+0100][gc,metaspace  ] GC(65) Metaspace: 46509K(49664K)->46509K(49664K) NonClass: 40791K(42496K)->40791K(42496K) Class: 5718K(7168K)->5718K(7168K)
[2023-11-08T17:39:14.737+0100][gc            ] GC(65) Pause Young (Normal) (G1 Evacuation Pause) 840M->299M(1024M) 19,325ms
[2023-11-08T17:39:14.737+0100][gc,cpu        ] GC(65) User=0,22s Sys=0,00s Real=0,02s
[2023-11-08T17:39:29.580+0100][gc,start      ] GC(66) Pause Young (Normal) (G1 Evacuation Pause)
[2023-11-08T17:39:29.581+0100][gc,task       ] GC(66) Using 13 workers of 13 for evacuation
[2023-11-08T17:39:29.600+0100][gc,phases     ] GC(66)   Pre Evacuate Collection Set: 0,0ms
[2023-11-08T17:39:29.600+0100][gc,phases     ] GC(66)   Evacuate Collection Set: 18,2ms
[2023-11-08T17:39:29.600+0100][gc,phases     ] GC(66)   Post Evacuate Collection Set: 1,2ms
[2023-11-08T17:39:29.600+0100][gc,phases     ] GC(66)   Other: 0,5ms
[2023-11-08T17:39:29.600+0100][gc,heap       ] GC(66) Eden regions: 525->0(456)
[2023-11-08T17:39:29.600+0100][gc,heap       ] GC(66) Survivor regions: 28->31(70)
[2023-11-08T17:39:29.600+0100][gc,heap       ] GC(66) Old regions: 145->145
[2023-11-08T17:39:29.600+0100][gc,heap       ] GC(66) Humongous regions: 129->129
[2023-11-08T17:39:29.600+0100][gc,metaspace  ] GC(66) Metaspace: 46509K(49664K)->46509K(49664K) NonClass: 40791K(42496K)->40791K(42496K) Class: 5718K(7168K)->5718K(7168K)
[2023-11-08T17:39:29.600+0100][gc            ] GC(66) Pause Young (Normal) (G1 Evacuation Pause) 824M->302M(1024M) 20,023ms
[2023-11-08T17:39:29.601+0100][gc,cpu        ] GC(66) User=0,22s Sys=0,02s Real=0,02s
[2023-11-08T17:39:43.395+0100][gc,start      ] GC(67) Pause Young (Normal) (G1 Evacuation Pause)
[2023-11-08T17:39:43.395+0100][gc,task       ] GC(67) Using 13 workers of 13 for evacuation
[2023-11-08T17:39:43.413+0100][gc,phases     ] GC(67)   Pre Evacuate Collection Set: 0,0ms
[2023-11-08T17:39:43.413+0100][gc,phases     ] GC(67)   Evacuate Collection Set: 16,6ms
[2023-11-08T17:39:43.413+0100][gc,phases     ] GC(67)   Post Evacuate Collection Set: 1,1ms
[2023-11-08T17:39:43.413+0100][gc,phases     ] GC(67)   Other: 0,4ms
[2023-11-08T17:39:43.413+0100][gc,heap       ] GC(67) Eden regions: 456->0(409)
[2023-11-08T17:39:43.413+0100][gc,heap       ] GC(67) Survivor regions: 31->31(61)
[2023-11-08T17:39:43.413+0100][gc,heap       ] GC(67) Old regions: 145->145
[2023-11-08T17:39:43.413+0100][gc,heap       ] GC(67) Humongous regions: 129->129
[2023-11-08T17:39:43.413+0100][gc,metaspace  ] GC(67) Metaspace: 46509K(49664K)->46509K(49664K) NonClass: 40791K(42496K)->40791K(42496K) Class: 5718K(7168K)->5718K(7168K)
[2023-11-08T17:39:43.413+0100][gc            ] GC(67) Pause Young (Normal) (G1 Evacuation Pause) 758M->302M(1024M) 18,305ms
[2023-11-08T17:39:43.413+0100][gc,cpu        ] GC(67) User=0,20s Sys=0,02s Real=0,01s
[2023-11-08T17:39:56.703+0100][gc,start      ] GC(68) Pause Young (Normal) (G1 Evacuation Pause)
[2023-11-08T17:39:56.703+0100][gc,task       ] GC(68) Using 13 workers of 13 for evacuation
[2023-11-08T17:39:56.720+0100][gc,phases     ] GC(68)   Pre Evacuate Collection Set: 0,0ms
[2023-11-08T17:39:56.720+0100][gc,phases     ] GC(68)   Evacuate Collection Set: 14,9ms
[2023-11-08T17:39:56.720+0100][gc,phases     ] GC(68)   Post Evacuate Collection Set: 1,1ms
[2023-11-08T17:39:56.720+0100][gc,phases     ] GC(68)   Other: 0,5ms
[2023-11-08T17:39:56.720+0100][gc,heap       ] GC(68) Eden regions: 409->0(555)
[2023-11-08T17:39:56.720+0100][gc,heap       ] GC(68) Survivor regions: 31->26(55)
[2023-11-08T17:39:56.720+0100][gc,heap       ] GC(68) Old regions: 145->146
[2023-11-08T17:39:56.720+0100][gc,heap       ] GC(68) Humongous regions: 129->129
[2023-11-08T17:39:56.720+0100][gc,metaspace  ] GC(68) Metaspace: 46512K(49664K)->46512K(49664K) NonClass: 40794K(42496K)->40794K(42496K) Class: 5718K(7168K)->5718K(7168K)
[2023-11-08T17:39:56.720+0100][gc            ] GC(68) Pause Young (Normal) (G1 Evacuation Pause) 711M->298M(1024M) 16,665ms
[2023-11-08T17:39:56.720+0100][gc,cpu        ] GC(68) User=0,18s Sys=0,02s Real=0,01s
[2023-11-08T17:43:29.583+0100][gc,start      ] GC(69) Pause Young (Normal) (G1 Evacuation Pause)
[2023-11-08T17:43:29.583+0100][gc,task       ] GC(69) Using 13 workers of 13 for evacuation
[2023-11-08T17:43:29.602+0100][gc,phases     ] GC(69)   Pre Evacuate Collection Set: 0,0ms
[2023-11-08T17:43:29.603+0100][gc,phases     ] GC(69)   Evacuate Collection Set: 18,2ms
[2023-11-08T17:43:29.603+0100][gc,phases     ] GC(69)   Post Evacuate Collection Set: 0,7ms
[2023-11-08T17:43:29.603+0100][gc,phases     ] GC(69)   Other: 0,4ms
[2023-11-08T17:43:29.603+0100][gc,heap       ] GC(69) Eden regions: 555->0(237)
[2023-11-08T17:43:29.603+0100][gc,heap       ] GC(69) Survivor regions: 26->40(73)
[2023-11-08T17:43:29.603+0100][gc,heap       ] GC(69) Old regions: 146->146
[2023-11-08T17:43:29.603+0100][gc,heap       ] GC(69) Humongous regions: 129->129
[2023-11-08T17:43:29.603+0100][gc,metaspace  ] GC(69) Metaspace: 46531K(49664K)->46531K(49664K) NonClass: 40808K(42496K)->40808K(42496K) Class: 5723K(7168K)->5723K(7168K)
[2023-11-08T17:43:29.603+0100][gc            ] GC(69) Pause Young (Normal) (G1 Evacuation Pause) 853M->312M(1024M) 19,537ms
[2023-11-08T17:43:29.603+0100][gc,cpu        ] GC(69) User=0,23s Sys=0,01s Real=0,02s
[2023-11-08T17:46:07.344+0100][gc,start      ] GC(70) Pause Young (Normal) (G1 Evacuation Pause)
[2023-11-08T17:46:07.344+0100][gc,task       ] GC(70) Using 13 workers of 13 for evacuation
[2023-11-08T17:46:07.368+0100][gc,mmu        ] GC(70) MMU target violated: 21,0ms (20,0ms/21,0ms)
[2023-11-08T17:46:07.368+0100][gc,phases     ] GC(70)   Pre Evacuate Collection Set: 0,0ms
[2023-11-08T17:46:07.368+0100][gc,phases     ] GC(70)   Evacuate Collection Set: 22,9ms
[2023-11-08T17:46:07.368+0100][gc,phases     ] GC(70)   Post Evacuate Collection Set: 1,0ms
[2023-11-08T17:46:07.368+0100][gc,phases     ] GC(70)   Other: 0,5ms
[2023-11-08T17:46:07.368+0100][gc,heap       ] GC(70) Eden regions: 237->0(248)
[2023-11-08T17:46:07.368+0100][gc,heap       ] GC(70) Survivor regions: 40->22(35)
[2023-11-08T17:46:07.368+0100][gc,heap       ] GC(70) Old regions: 146->162
[2023-11-08T17:46:07.368+0100][gc,heap       ] GC(70) Humongous regions: 129->129
[2023-11-08T17:46:07.368+0100][gc,metaspace  ] GC(70) Metaspace: 46613K(49920K)->46613K(49920K) NonClass: 40870K(42752K)->40870K(42752K) Class: 5743K(7168K)->5743K(7168K)
[2023-11-08T17:46:07.368+0100][gc            ] GC(70) Pause Young (Normal) (G1 Evacuation Pause) 549M->310M(1024M) 24,507ms
[2023-11-08T17:46:07.369+0100][gc,cpu        ] GC(70) User=0,27s Sys=0,03s Real=0,02s
[2023-11-08T17:49:39.622+0100][gc,start      ] GC(71) Pause Young (Normal) (G1 Evacuation Pause)
[2023-11-08T17:49:39.622+0100][gc,task       ] GC(71) Using 13 workers of 13 for evacuation
[2023-11-08T17:49:39.633+0100][gc,phases     ] GC(71)   Pre Evacuate Collection Set: 0,1ms
[2023-11-08T17:49:39.633+0100][gc,phases     ] GC(71)   Evacuate Collection Set: 10,0ms
[2023-11-08T17:49:39.633+0100][gc,phases     ] GC(71)   Post Evacuate Collection Set: 0,9ms
[2023-11-08T17:49:39.633+0100][gc,phases     ] GC(71)   Other: 0,5ms
[2023-11-08T17:49:39.633+0100][gc,heap       ] GC(71) Eden regions: 248->0(294)
[2023-11-08T17:49:39.633+0100][gc,heap       ] GC(71) Survivor regions: 22->16(34)
[2023-11-08T17:49:39.633+0100][gc,heap       ] GC(71) Old regions: 162->165
[2023-11-08T17:49:39.634+0100][gc,heap       ] GC(71) Humongous regions: 129->129
[2023-11-08T17:49:39.634+0100][gc,metaspace  ] GC(71) Metaspace: 46633K(49920K)->46633K(49920K) NonClass: 40890K(42752K)->40890K(42752K) Class: 5743K(7168K)->5743K(7168K)
[2023-11-08T17:49:39.634+0100][gc            ] GC(71) Pause Young (Normal) (G1 Evacuation Pause) 558M->308M(1024M) 11,612ms
[2023-11-08T17:49:39.634+0100][gc,cpu        ] GC(71) User=0,14s Sys=0,00s Real=0,01s
[2023-11-08T17:52:00.680+0100][gc,start      ] GC(72) Pause Young (Normal) (G1 Evacuation Pause)
[2023-11-08T17:52:00.680+0100][gc,task       ] GC(72) Using 13 workers of 13 for evacuation
[2023-11-08T17:52:00.692+0100][gc,phases     ] GC(72)   Pre Evacuate Collection Set: 0,0ms
[2023-11-08T17:52:00.692+0100][gc,phases     ] GC(72)   Evacuate Collection Set: 10,5ms
[2023-11-08T17:52:00.692+0100][gc,phases     ] GC(72)   Post Evacuate Collection Set: 1,0ms
[2023-11-08T17:52:00.692+0100][gc,phases     ] GC(72)   Other: 0,4ms
[2023-11-08T17:52:00.692+0100][gc,heap       ] GC(72) Eden regions: 294->0(197)
[2023-11-08T17:52:00.692+0100][gc,heap       ] GC(72) Survivor regions: 16->16(39)
[2023-11-08T17:52:00.692+0100][gc,heap       ] GC(72) Old regions: 165->165
[2023-11-08T17:52:00.692+0100][gc,heap       ] GC(72) Humongous regions: 129->129
[2023-11-08T17:52:00.692+0100][gc,metaspace  ] GC(72) Metaspace: 46672K(49920K)->46672K(49920K) NonClass: 40929K(42752K)->40929K(42752K) Class: 5743K(7168K)->5743K(7168K)
[2023-11-08T17:52:00.692+0100][gc            ] GC(72) Pause Young (Normal) (G1 Evacuation Pause) 602M->307M(1024M) 12,149ms
[2023-11-08T17:52:00.693+0100][gc,cpu        ] GC(72) User=0,14s Sys=0,00s Real=0,01s
[2023-11-08T17:52:49.805+0100][gc,start      ] GC(73) Pause Young (Normal) (G1 Evacuation Pause)
[2023-11-08T17:52:49.805+0100][gc,task       ] GC(73) Using 13 workers of 13 for evacuation
[2023-11-08T17:52:49.824+0100][gc,phases     ] GC(73)   Pre Evacuate Collection Set: 0,0ms
[2023-11-08T17:52:49.824+0100][gc,phases     ] GC(73)   Evacuate Collection Set: 18,3ms
[2023-11-08T17:52:49.824+0100][gc,phases     ] GC(73)   Post Evacuate Collection Set: 0,9ms
[2023-11-08T17:52:49.824+0100][gc,phases     ] GC(73)   Other: 0,5ms
[2023-11-08T17:52:49.824+0100][gc,heap       ] GC(73) Eden regions: 197->0(154)
[2023-11-08T17:52:49.824+0100][gc,heap       ] GC(73) Survivor regions: 16->27(27)
[2023-11-08T17:52:49.825+0100][gc,heap       ] GC(73) Old regions: 165->170
[2023-11-08T17:52:49.825+0100][gc,heap       ] GC(73) Humongous regions: 129->129
[2023-11-08T17:52:49.825+0100][gc,metaspace  ] GC(73) Metaspace: 46689K(49920K)->46689K(49920K) NonClass: 40946K(42752K)->40946K(42752K) Class: 5743K(7168K)->5743K(7168K)
[2023-11-08T17:52:49.825+0100][gc            ] GC(73) Pause Young (Normal) (G1 Evacuation Pause) 504M->324M(1024M) 19,795ms
[2023-11-08T17:52:49.825+0100][gc,cpu        ] GC(73) User=0,23s Sys=0,01s Real=0,02s
[2023-11-08T17:53:14.454+0100][gc,start      ] GC(74) Pause Young (Normal) (G1 Evacuation Pause)
[2023-11-08T17:53:14.454+0100][gc,task       ] GC(74) Using 13 workers of 13 for evacuation
[2023-11-08T17:53:14.466+0100][gc,phases     ] GC(74)   Pre Evacuate Collection Set: 0,0ms
[2023-11-08T17:53:14.466+0100][gc,phases     ] GC(74)   Evacuate Collection Set: 10,5ms
[2023-11-08T17:53:14.466+0100][gc,phases     ] GC(74)   Post Evacuate Collection Set: 1,1ms
[2023-11-08T17:53:14.466+0100][gc,phases     ] GC(74)   Other: 0,5ms
[2023-11-08T17:53:14.466+0100][gc,heap       ] GC(74) Eden regions: 154->0(309)
[2023-11-08T17:53:14.466+0100][gc,heap       ] GC(74) Survivor regions: 27->13(23)
[2023-11-08T17:53:14.466+0100][gc,heap       ] GC(74) Old regions: 170->176
[2023-11-08T17:53:14.466+0100][gc,heap       ] GC(74) Humongous regions: 129->129
[2023-11-08T17:53:14.466+0100][gc,metaspace  ] GC(74) Metaspace: 46702K(49920K)->46702K(49920K) NonClass: 40959K(42752K)->40959K(42752K) Class: 5743K(7168K)->5743K(7168K)
[2023-11-08T17:53:14.466+0100][gc            ] GC(74) Pause Young (Normal) (G1 Evacuation Pause) 478M->315M(1024M) 12,247ms
[2023-11-08T17:53:14.466+0100][gc,cpu        ] GC(74) User=0,13s Sys=0,00s Real=0,02s
[2023-11-08T17:53:53.161+0100][gc,start      ] GC(75) Pause Young (Normal) (G1 Evacuation Pause)
[2023-11-08T17:53:53.161+0100][gc,task       ] GC(75) Using 13 workers of 13 for evacuation
[2023-11-08T17:53:53.169+0100][gc,phases     ] GC(75)   Pre Evacuate Collection Set: 0,0ms
[2023-11-08T17:53:53.169+0100][gc,phases     ] GC(75)   Evacuate Collection Set: 7,0ms
[2023-11-08T17:53:53.169+0100][gc,phases     ] GC(75)   Post Evacuate Collection Set: 1,2ms
[2023-11-08T17:53:53.169+0100][gc,phases     ] GC(75)   Other: 0,5ms
[2023-11-08T17:53:53.169+0100][gc,heap       ] GC(75) Eden regions: 309->0(384)
[2023-11-08T17:53:53.169+0100][gc,heap       ] GC(75) Survivor regions: 13->7(41)
[2023-11-08T17:53:53.169+0100][gc,heap       ] GC(75) Old regions: 176->176
[2023-11-08T17:53:53.169+0100][gc,heap       ] GC(75) Humongous regions: 129->129
[2023-11-08T17:53:53.169+0100][gc,metaspace  ] GC(75) Metaspace: 46702K(49920K)->46702K(49920K) NonClass: 40959K(42752K)->40959K(42752K) Class: 5743K(7168K)->5743K(7168K)
[2023-11-08T17:53:53.169+0100][gc            ] GC(75) Pause Young (Normal) (G1 Evacuation Pause) 624M->310M(1024M) 8,806ms
[2023-11-08T17:53:53.169+0100][gc,cpu        ] GC(75) User=0,08s Sys=0,01s Real=0,01s
[2023-11-08T17:54:35.488+0100][gc,start      ] GC(76) Pause Young (Normal) (G1 Evacuation Pause)
[2023-11-08T17:54:35.488+0100][gc,task       ] GC(76) Using 13 workers of 13 for evacuation
[2023-11-08T17:54:35.509+0100][gc,mmu        ] GC(76) MMU target violated: 20,3ms (20,0ms/21,0ms)
[2023-11-08T17:54:35.509+0100][gc,phases     ] GC(76)   Pre Evacuate Collection Set: 0,0ms
[2023-11-08T17:54:35.509+0100][gc,phases     ] GC(76)   Evacuate Collection Set: 18,8ms
[2023-11-08T17:54:35.509+0100][gc,phases     ] GC(76)   Post Evacuate Collection Set: 1,2ms
[2023-11-08T17:54:35.509+0100][gc,phases     ] GC(76)   Other: 0,6ms
[2023-11-08T17:54:35.509+0100][gc,heap       ] GC(76) Eden regions: 384->0(282)
[2023-11-08T17:54:35.509+0100][gc,heap       ] GC(76) Survivor regions: 7->34(49)
[2023-11-08T17:54:35.509+0100][gc,heap       ] GC(76) Old regions: 176->176
[2023-11-08T17:54:35.509+0100][gc,heap       ] GC(76) Humongous regions: 129->129
[2023-11-08T17:54:35.509+0100][gc,metaspace  ] GC(76) Metaspace: 46702K(49920K)->46702K(49920K) NonClass: 40959K(42752K)->40959K(42752K) Class: 5743K(7168K)->5743K(7168K)
[2023-11-08T17:54:35.509+0100][gc            ] GC(76) Pause Young (Normal) (G1 Evacuation Pause) 694M->337M(1024M) 20,748ms
[2023-11-08T17:54:35.509+0100][gc,cpu        ] GC(76) User=0,24s Sys=0,00s Real=0,02s
[2023-11-08T17:55:06.071+0100][gc,start      ] GC(77) Pause Young (Normal) (G1 Evacuation Pause)
[2023-11-08T17:55:06.071+0100][gc,task       ] GC(77) Using 13 workers of 13 for evacuation
[2023-11-08T17:55:06.090+0100][gc,phases     ] GC(77)   Pre Evacuate Collection Set: 0,0ms
[2023-11-08T17:55:06.090+0100][gc,phases     ] GC(77)   Evacuate Collection Set: 17,1ms
[2023-11-08T17:55:06.090+0100][gc,phases     ] GC(77)   Post Evacuate Collection Set: 0,9ms
[2023-11-08T17:55:06.090+0100][gc,phases     ] GC(77)   Other: 0,5ms
[2023-11-08T17:55:06.090+0100][gc,heap       ] GC(77) Eden regions: 282->0(305)
[2023-11-08T17:55:06.090+0100][gc,heap       ] GC(77) Survivor regions: 34->22(40)
[2023-11-08T17:55:06.090+0100][gc,heap       ] GC(77) Old regions: 176->184
[2023-11-08T17:55:06.090+0100][gc,heap       ] GC(77) Humongous regions: 129->129
[2023-11-08T17:55:06.090+0100][gc,metaspace  ] GC(77) Metaspace: 46702K(49920K)->46702K(49920K) NonClass: 40959K(42752K)->40959K(42752K) Class: 5743K(7168K)->5743K(7168K)
[2023-11-08T17:55:06.090+0100][gc            ] GC(77) Pause Young (Normal) (G1 Evacuation Pause) 619M->332M(1024M) 18,661ms
[2023-11-08T17:55:06.090+0100][gc,cpu        ] GC(77) User=0,16s Sys=0,04s Real=0,02s
[2023-11-08T17:55:36.701+0100][gc,start      ] GC(78) Pause Young (Normal) (G1 Evacuation Pause)
[2023-11-08T17:55:36.701+0100][gc,task       ] GC(78) Using 13 workers of 13 for evacuation
[2023-11-08T17:55:36.711+0100][gc,phases     ] GC(78)   Pre Evacuate Collection Set: 0,0ms
[2023-11-08T17:55:36.711+0100][gc,phases     ] GC(78)   Evacuate Collection Set: 8,4ms
[2023-11-08T17:55:36.711+0100][gc,phases     ] GC(78)   Post Evacuate Collection Set: 1,1ms
[2023-11-08T17:55:36.711+0100][gc,phases     ] GC(78)   Other: 0,4ms
[2023-11-08T17:55:36.711+0100][gc,heap       ] GC(78) Eden regions: 276->0(358)
[2023-11-08T17:55:36.711+0100][gc,heap       ] GC(78) Survivor regions: 22->14(38)
[2023-11-08T17:55:36.711+0100][gc,heap       ] GC(78) Old regions: 184->184
[2023-11-08T17:55:36.711+0100][gc,heap       ] GC(78) Humongous regions: 129->129
[2023-11-08T17:55:36.711+0100][gc,metaspace  ] GC(78) Metaspace: 46713K(49920K)->46713K(49920K) NonClass: 40970K(42752K)->40970K(42752K) Class: 5743K(7168K)->5743K(7168K)
[2023-11-08T17:55:36.711+0100][gc            ] GC(78) Pause Young (Normal) (G1 Evacuation Pause) 608M->324M(1024M) 10,072ms
[2023-11-08T17:55:36.711+0100][gc,cpu        ] GC(78) User=0,11s Sys=0,00s Real=0,01s
[2023-11-08T17:56:16.445+0100][gc,start      ] GC(79) Pause Young (Normal) (G1 Evacuation Pause)
[2023-11-08T17:56:16.445+0100][gc,task       ] GC(79) Using 13 workers of 13 for evacuation
[2023-11-08T17:56:16.456+0100][gc,phases     ] GC(79)   Pre Evacuate Collection Set: 0,0ms
[2023-11-08T17:56:16.456+0100][gc,phases     ] GC(79)   Evacuate Collection Set: 9,3ms
[2023-11-08T17:56:16.456+0100][gc,phases     ] GC(79)   Post Evacuate Collection Set: 1,1ms
[2023-11-08T17:56:16.456+0100][gc,phases     ] GC(79)   Other: 0,4ms
[2023-11-08T17:56:16.456+0100][gc,heap       ] GC(79) Eden regions: 358->0(391)
[2023-11-08T17:56:16.456+0100][gc,heap       ] GC(79) Survivor regions: 14->12(47)
[2023-11-08T17:56:16.456+0100][gc,heap       ] GC(79) Old regions: 184->184
[2023-11-08T17:56:16.456+0100][gc,heap       ] GC(79) Humongous regions: 129->129
[2023-11-08T17:56:16.456+0100][gc,metaspace  ] GC(79) Metaspace: 46717K(49920K)->46717K(49920K) NonClass: 40974K(42752K)->40974K(42752K) Class: 5743K(7168K)->5743K(7168K)
[2023-11-08T17:56:16.456+0100][gc            ] GC(79) Pause Young (Normal) (G1 Evacuation Pause) 682M->322M(1024M) 10,979ms
[2023-11-08T17:56:16.456+0100][gc,cpu        ] GC(79) User=0,11s Sys=0,01s Real=0,01s
[2023-11-08T17:56:55.363+0100][gc,start      ] GC(80) Pause Young (Normal) (G1 Evacuation Pause)
[2023-11-08T17:56:55.363+0100][gc,task       ] GC(80) Using 13 workers of 13 for evacuation
[2023-11-08T17:56:55.373+0100][gc,phases     ] GC(80)   Pre Evacuate Collection Set: 0,1ms
[2023-11-08T17:56:55.373+0100][gc,phases     ] GC(80)   Evacuate Collection Set: 8,6ms
[2023-11-08T17:56:55.373+0100][gc,phases     ] GC(80)   Post Evacuate Collection Set: 1,1ms
[2023-11-08T17:56:55.373+0100][gc,phases     ] GC(80)   Other: 0,5ms
[2023-11-08T17:56:55.373+0100][gc,heap       ] GC(80) Eden regions: 364->0(430)
[2023-11-08T17:56:55.373+0100][gc,heap       ] GC(80) Survivor regions: 12->10(47)
[2023-11-08T17:56:55.373+0100][gc,heap       ] GC(80) Old regions: 184->184
[2023-11-08T17:56:55.373+0100][gc,heap       ] GC(80) Humongous regions: 129->129
[2023-11-08T17:56:55.373+0100][gc,metaspace  ] GC(80) Metaspace: 46718K(49920K)->46718K(49920K) NonClass: 40975K(42752K)->40975K(42752K) Class: 5743K(7168K)->5743K(7168K)
[2023-11-08T17:56:55.373+0100][gc            ] GC(80) Pause Young (Normal) (G1 Evacuation Pause) 686M->320M(1024M) 10,428ms
[2023-11-08T17:56:55.373+0100][gc,cpu        ] GC(80) User=0,10s Sys=0,01s Real=0,01s
[2023-11-08T17:57:43.151+0100][gc,start      ] GC(81) Pause Young (Normal) (G1 Evacuation Pause)
[2023-11-08T17:57:43.151+0100][gc,task       ] GC(81) Using 13 workers of 13 for evacuation
[2023-11-08T17:57:43.166+0100][gc,phases     ] GC(81)   Pre Evacuate Collection Set: 0,0ms
[2023-11-08T17:57:43.166+0100][gc,phases     ] GC(81)   Evacuate Collection Set: 13,3ms
[2023-11-08T17:57:43.166+0100][gc,phases     ] GC(81)   Post Evacuate Collection Set: 1,0ms
[2023-11-08T17:57:43.166+0100][gc,phases     ] GC(81)   Other: 0,5ms
[2023-11-08T17:57:43.166+0100][gc,heap       ] GC(81) Eden regions: 430->0(432)
[2023-11-08T17:57:43.166+0100][gc,heap       ] GC(81) Survivor regions: 10->14(55)
[2023-11-08T17:57:43.166+0100][gc,heap       ] GC(81) Old regions: 184->184
[2023-11-08T17:57:43.166+0100][gc,heap       ] GC(81) Humongous regions: 129->129
[2023-11-08T17:57:43.166+0100][gc,metaspace  ] GC(81) Metaspace: 46718K(49920K)->46718K(49920K) NonClass: 40975K(42752K)->40975K(42752K) Class: 5743K(7168K)->5743K(7168K)
[2023-11-08T17:57:43.166+0100][gc            ] GC(81) Pause Young (Normal) (G1 Evacuation Pause) 750M->324M(1024M) 14,964ms
[2023-11-08T17:57:43.166+0100][gc,cpu        ] GC(81) User=0,12s Sys=0,01s Real=0,02s
[2023-11-08T17:58:28.004+0100][gc,start      ] GC(82) Pause Young (Normal) (G1 Evacuation Pause)
[2023-11-08T17:58:28.004+0100][gc,task       ] GC(82) Using 13 workers of 13 for evacuation
[2023-11-08T17:58:28.018+0100][gc,phases     ] GC(82)   Pre Evacuate Collection Set: 0,1ms
[2023-11-08T17:58:28.018+0100][gc,phases     ] GC(82)   Evacuate Collection Set: 11,9ms
[2023-11-08T17:58:28.018+0100][gc,phases     ] GC(82)   Post Evacuate Collection Set: 1,1ms
[2023-11-08T17:58:28.018+0100][gc,phases     ] GC(82)   Other: 0,5ms
[2023-11-08T17:58:28.018+0100][gc,heap       ] GC(82) Eden regions: 402->0(453)
[2023-11-08T17:58:28.018+0100][gc,heap       ] GC(82) Survivor regions: 14->15(52)
[2023-11-08T17:58:28.018+0100][gc,heap       ] GC(82) Old regions: 184->184
[2023-11-08T17:58:28.018+0100][gc,heap       ] GC(82) Humongous regions: 129->129
[2023-11-08T17:58:28.018+0100][gc,metaspace  ] GC(82) Metaspace: 46725K(49920K)->46725K(49920K) NonClass: 40982K(42752K)->40982K(42752K) Class: 5743K(7168K)->5743K(7168K)
[2023-11-08T17:58:28.018+0100][gc            ] GC(82) Pause Young (Normal) (G1 Evacuation Pause) 726M->325M(1024M) 13,609ms
[2023-11-08T17:58:28.018+0100][gc,cpu        ] GC(82) User=0,13s Sys=0,00s Real=0,01s
[2023-11-08T17:59:16.913+0100][gc,start      ] GC(83) Pause Young (Normal) (G1 Evacuation Pause)
[2023-11-08T17:59:16.913+0100][gc,task       ] GC(83) Using 13 workers of 13 for evacuation
[2023-11-08T17:59:16.938+0100][gc,mmu        ] GC(83) MMU target violated: 21,0ms (20,0ms/21,0ms)
[2023-11-08T17:59:16.938+0100][gc,phases     ] GC(83)   Pre Evacuate Collection Set: 0,0ms
[2023-11-08T17:59:16.938+0100][gc,phases     ] GC(83)   Evacuate Collection Set: 23,7ms
[2023-11-08T17:59:16.938+0100][gc,phases     ] GC(83)   Post Evacuate Collection Set: 1,2ms
[2023-11-08T17:59:16.939+0100][gc,phases     ] GC(83)   Other: 0,5ms
[2023-11-08T17:59:16.939+0100][gc,heap       ] GC(83) Eden regions: 394->0(346)
[2023-11-08T17:59:16.939+0100][gc,heap       ] GC(83) Survivor regions: 15->43(52)
[2023-11-08T17:59:16.939+0100][gc,heap       ] GC(83) Old regions: 184->184
[2023-11-08T17:59:16.939+0100][gc,heap       ] GC(83) Humongous regions: 129->129
[2023-11-08T17:59:16.939+0100][gc,metaspace  ] GC(83) Metaspace: 46725K(49920K)->46725K(49920K) NonClass: 40982K(42752K)->40982K(42752K) Class: 5743K(7168K)->5743K(7168K)
[2023-11-08T17:59:16.939+0100][gc            ] GC(83) Pause Young (Normal) (G1 Evacuation Pause) 719M->353M(1024M) 25,513ms
[2023-11-08T17:59:16.939+0100][gc,cpu        ] GC(83) User=0,31s Sys=0,00s Real=0,03s
[2023-11-08T17:59:49.407+0100][gc,start      ] GC(84) Pause Young (Normal) (G1 Evacuation Pause)
[2023-11-08T17:59:49.408+0100][gc,task       ] GC(84) Using 13 workers of 13 for evacuation
[2023-11-08T17:59:49.430+0100][gc,mmu        ] GC(84) MMU target violated: 21,0ms (20,0ms/21,0ms)
[2023-11-08T17:59:49.430+0100][gc,phases     ] GC(84)   Pre Evacuate Collection Set: 0,0ms
[2023-11-08T17:59:49.430+0100][gc,phases     ] GC(84)   Evacuate Collection Set: 20,7ms
[2023-11-08T17:59:49.430+0100][gc,phases     ] GC(84)   Post Evacuate Collection Set: 1,0ms
[2023-11-08T17:59:49.430+0100][gc,phases     ] GC(84)   Other: 0,6ms
[2023-11-08T17:59:49.430+0100][gc,heap       ] GC(84) Eden regions: 285->0(325)
[2023-11-08T17:59:49.430+0100][gc,heap       ] GC(84) Survivor regions: 43->21(41)
[2023-11-08T17:59:49.430+0100][gc,heap       ] GC(84) Old regions: 184->199
[2023-11-08T17:59:49.430+0100][gc,heap       ] GC(84) Humongous regions: 129->129
[2023-11-08T17:59:49.430+0100][gc,metaspace  ] GC(84) Metaspace: 46725K(49920K)->46725K(49920K) NonClass: 40982K(42752K)->40982K(42752K) Class: 5743K(7168K)->5743K(7168K)
[2023-11-08T17:59:49.430+0100][gc            ] GC(84) Pause Young (Normal) (G1 Evacuation Pause) 638M->347M(1024M) 22,501ms
[2023-11-08T17:59:49.430+0100][gc,cpu        ] GC(84) User=0,23s Sys=0,03s Real=0,02s
[2023-11-08T18:00:24.114+0100][gc,start      ] GC(85) Pause Young (Normal) (G1 Evacuation Pause)
[2023-11-08T18:00:24.115+0100][gc,task       ] GC(85) Using 13 workers of 13 for evacuation
[2023-11-08T18:00:24.129+0100][gc,phases     ] GC(85)   Pre Evacuate Collection Set: 0,1ms
[2023-11-08T18:00:24.129+0100][gc,phases     ] GC(85)   Evacuate Collection Set: 12,6ms
[2023-11-08T18:00:24.129+0100][gc,phases     ] GC(85)   Post Evacuate Collection Set: 1,1ms
[2023-11-08T18:00:24.129+0100][gc,phases     ] GC(85)   Other: 0,6ms
[2023-11-08T18:00:24.129+0100][gc,heap       ] GC(85) Eden regions: 325->0(420)
[2023-11-08T18:00:24.129+0100][gc,heap       ] GC(85) Survivor regions: 21->16(44)
[2023-11-08T18:00:24.129+0100][gc,heap       ] GC(85) Old regions: 199->199
[2023-11-08T18:00:24.129+0100][gc,heap       ] GC(85) Humongous regions: 129->129
[2023-11-08T18:00:24.129+0100][gc,metaspace  ] GC(85) Metaspace: 46725K(49920K)->46725K(49920K) NonClass: 40982K(42752K)->40982K(42752K) Class: 5743K(7168K)->5743K(7168K)
[2023-11-08T18:00:24.129+0100][gc            ] GC(85) Pause Young (Normal) (G1 Evacuation Pause) 672M->341M(1024M) 14,556ms
[2023-11-08T18:00:24.129+0100][gc,cpu        ] GC(85) User=0,10s Sys=0,01s Real=0,02s
[2023-11-08T18:01:08.331+0100][gc,start      ] GC(86) Pause Young (Normal) (G1 Evacuation Pause)
[2023-11-08T18:01:08.331+0100][gc,task       ] GC(86) Using 13 workers of 13 for evacuation
[2023-11-08T18:01:08.344+0100][gc,phases     ] GC(86)   Pre Evacuate Collection Set: 0,1ms
[2023-11-08T18:01:08.344+0100][gc,phases     ] GC(86)   Evacuate Collection Set: 11,6ms
[2023-11-08T18:01:08.344+0100][gc,phases     ] GC(86)   Post Evacuate Collection Set: 1,2ms
[2023-11-08T18:01:08.344+0100][gc,phases     ] GC(86)   Other: 0,6ms
[2023-11-08T18:01:08.344+0100][gc,heap       ] GC(86) Eden regions: 420->0(443)
[2023-11-08T18:01:08.344+0100][gc,heap       ] GC(86) Survivor regions: 16->16(55)
[2023-11-08T18:01:08.344+0100][gc,heap       ] GC(86) Old regions: 199->199
[2023-11-08T18:01:08.344+0100][gc,heap       ] GC(86) Humongous regions: 129->129
[2023-11-08T18:01:08.344+0100][gc,metaspace  ] GC(86) Metaspace: 46725K(49920K)->46725K(49920K) NonClass: 40982K(42752K)->40982K(42752K) Class: 5743K(7168K)->5743K(7168K)
[2023-11-08T18:01:08.344+0100][gc            ] GC(86) Pause Young (Normal) (G1 Evacuation Pause) 761M->342M(1024M) 13,671ms
[2023-11-08T18:01:08.344+0100][gc,cpu        ] GC(86) User=0,14s Sys=0,01s Real=0,02s
[2023-11-08T18:01:50.869+0100][gc,start      ] GC(87) Pause Young (Normal) (G1 Evacuation Pause)
[2023-11-08T18:01:50.869+0100][gc,task       ] GC(87) Using 13 workers of 13 for evacuation
[2023-11-08T18:01:50.884+0100][gc,phases     ] GC(87)   Pre Evacuate Collection Set: 0,0ms
[2023-11-08T18:01:50.884+0100][gc,phases     ] GC(87)   Evacuate Collection Set: 12,5ms
[2023-11-08T18:01:50.884+0100][gc,phases     ] GC(87)   Post Evacuate Collection Set: 1,3ms
[2023-11-08T18:01:50.884+0100][gc,phases     ] GC(87)   Other: 0,5ms
[2023-11-08T18:01:50.884+0100][gc,heap       ] GC(87) Eden regions: 403->0(448)
[2023-11-08T18:01:50.884+0100][gc,heap       ] GC(87) Survivor regions: 16->16(53)
[2023-11-08T18:01:50.884+0100][gc,heap       ] GC(87) Old regions: 199->199
[2023-11-08T18:01:50.884+0100][gc,heap       ] GC(87) Humongous regions: 129->129
[2023-11-08T18:01:50.884+0100][gc,metaspace  ] GC(87) Metaspace: 46725K(49920K)->46725K(49920K) NonClass: 40982K(42752K)->40982K(42752K) Class: 5743K(7168K)->5743K(7168K)
[2023-11-08T18:01:50.884+0100][gc            ] GC(87) Pause Young (Normal) (G1 Evacuation Pause) 745M->342M(1024M) 14,473ms
[2023-11-08T18:01:50.884+0100][gc,cpu        ] GC(87) User=0,16s Sys=0,01s Real=0,02s
[2023-11-08T18:02:44.029+0100][gc,start      ] GC(88) Pause Young (Normal) (G1 Evacuation Pause)
[2023-11-08T18:02:44.029+0100][gc,task       ] GC(88) Using 13 workers of 13 for evacuation
[2023-11-08T18:02:44.043+0100][gc,phases     ] GC(88)   Pre Evacuate Collection Set: 0,0ms
[2023-11-08T18:02:44.043+0100][gc,phases     ] GC(88)   Evacuate Collection Set: 12,2ms
[2023-11-08T18:02:44.043+0100][gc,phases     ] GC(88)   Post Evacuate Collection Set: 1,1ms
[2023-11-08T18:02:44.043+0100][gc,phases     ] GC(88)   Other: 0,5ms
[2023-11-08T18:02:44.043+0100][gc,heap       ] GC(88) Eden regions: 421->0(457)
[2023-11-08T18:02:44.043+0100][gc,heap       ] GC(88) Survivor regions: 16->18(55)
[2023-11-08T18:02:44.043+0100][gc,heap       ] GC(88) Old regions: 199->199
[2023-11-08T18:02:44.043+0100][gc,heap       ] GC(88) Humongous regions: 129->129
[2023-11-08T18:02:44.043+0100][gc,metaspace  ] GC(88) Metaspace: 46745K(49920K)->46745K(49920K) NonClass: 41002K(42752K)->41002K(42752K) Class: 5743K(7168K)->5743K(7168K)
[2023-11-08T18:02:44.043+0100][gc            ] GC(88) Pause Young (Normal) (G1 Evacuation Pause) 763M->344M(1024M) 14,014ms
[2023-11-08T18:02:44.043+0100][gc,cpu        ] GC(88) User=0,15s Sys=0,01s Real=0,02s
[2023-11-08T18:03:35.977+0100][gc,start      ] GC(89) Pause Young (Normal) (G1 Evacuation Pause)
[2023-11-08T18:03:35.977+0100][gc,task       ] GC(89) Using 13 workers of 13 for evacuation
[2023-11-08T18:03:35.991+0100][gc,phases     ] GC(89)   Pre Evacuate Collection Set: 0,0ms
[2023-11-08T18:03:35.991+0100][gc,phases     ] GC(89)   Evacuate Collection Set: 12,7ms
[2023-11-08T18:03:35.991+0100][gc,phases     ] GC(89)   Post Evacuate Collection Set: 1,2ms
[2023-11-08T18:03:35.991+0100][gc,phases     ] GC(89)   Other: 0,5ms
[2023-11-08T18:03:35.991+0100][gc,heap       ] GC(89) Eden regions: 435->0(475)
[2023-11-08T18:03:35.991+0100][gc,heap       ] GC(89) Survivor regions: 18->20(57)
[2023-11-08T18:03:35.991+0100][gc,heap       ] GC(89) Old regions: 199->199
[2023-11-08T18:03:35.991+0100][gc,heap       ] GC(89) Humongous regions: 129->129
[2023-11-08T18:03:35.991+0100][gc,metaspace  ] GC(89) Metaspace: 46745K(49920K)->46745K(49920K) NonClass: 41002K(42752K)->41002K(42752K) Class: 5743K(7168K)->5743K(7168K)
[2023-11-08T18:03:35.991+0100][gc            ] GC(89) Pause Young (Normal) (G1 Evacuation Pause) 779M->346M(1024M) 14,531ms
[2023-11-08T18:03:35.991+0100][gc,cpu        ] GC(89) User=0,15s Sys=0,02s Real=0,01s
[2023-11-08T18:04:36.718+0100][gc,start      ] GC(90) Pause Young (Normal) (G1 Evacuation Pause)
[2023-11-08T18:04:36.718+0100][gc,task       ] GC(90) Using 13 workers of 13 for evacuation
[2023-11-08T18:04:36.735+0100][gc,phases     ] GC(90)   Pre Evacuate Collection Set: 0,0ms
[2023-11-08T18:04:36.735+0100][gc,phases     ] GC(90)   Evacuate Collection Set: 15,2ms
[2023-11-08T18:04:36.735+0100][gc,phases     ] GC(90)   Post Evacuate Collection Set: 1,2ms
[2023-11-08T18:04:36.735+0100][gc,phases     ] GC(90)   Other: 0,5ms
[2023-11-08T18:04:36.735+0100][gc,heap       ] GC(90) Eden regions: 475->0(481)
[2023-11-08T18:04:36.735+0100][gc,heap       ] GC(90) Survivor regions: 20->26(62)
[2023-11-08T18:04:36.735+0100][gc,heap       ] GC(90) Old regions: 199->199
[2023-11-08T18:04:36.735+0100][gc,heap       ] GC(90) Humongous regions: 129->129
[2023-11-08T18:04:36.735+0100][gc,metaspace  ] GC(90) Metaspace: 46754K(49920K)->46754K(49920K) NonClass: 41011K(42752K)->41011K(42752K) Class: 5743K(7168K)->5743K(7168K)
[2023-11-08T18:04:36.735+0100][gc            ] GC(90) Pause Young (Normal) (G1 Evacuation Pause) 821M->351M(1024M) 17,059ms
[2023-11-08T18:04:36.735+0100][gc,cpu        ] GC(90) User=0,18s Sys=0,02s Real=0,02s
[2023-11-08T18:06:08.347+0100][gc,start      ] GC(91) Pause Young (Normal) (G1 Evacuation Pause)
[2023-11-08T18:06:08.347+0100][gc,task       ] GC(91) Using 13 workers of 13 for evacuation
[2023-11-08T18:06:08.368+0100][gc,mmu        ] GC(91) MMU target violated: 21,0ms (20,0ms/21,0ms)
[2023-11-08T18:06:08.368+0100][gc,phases     ] GC(91)   Pre Evacuate Collection Set: 0,0ms
[2023-11-08T18:06:08.368+0100][gc,phases     ] GC(91)   Evacuate Collection Set: 19,9ms
[2023-11-08T18:06:08.368+0100][gc,phases     ] GC(91)   Post Evacuate Collection Set: 1,0ms
[2023-11-08T18:06:08.368+0100][gc,phases     ] GC(91)   Other: 0,6ms
[2023-11-08T18:06:08.368+0100][gc,heap       ] GC(91) Eden regions: 446->0(446)
[2023-11-08T18:06:08.368+0100][gc,heap       ] GC(91) Survivor regions: 26->36(59)
[2023-11-08T18:06:08.368+0100][gc,heap       ] GC(91) Old regions: 199->199
[2023-11-08T18:06:08.368+0100][gc,heap       ] GC(91) Humongous regions: 129->129
[2023-11-08T18:06:08.368+0100][gc,metaspace  ] GC(91) Metaspace: 46757K(49920K)->46757K(49920K) NonClass: 41014K(42752K)->41014K(42752K) Class: 5743K(7168K)->5743K(7168K)
[2023-11-08T18:06:08.368+0100][gc            ] GC(91) Pause Young (Normal) (G1 Evacuation Pause) 797M->362M(1024M) 21,570ms
[2023-11-08T18:06:08.368+0100][gc,cpu        ] GC(91) User=0,25s Sys=0,00s Real=0,02s
[2023-11-08T18:06:44.714+0100][gc,start      ] GC(92) Pause Young (Normal) (G1 Evacuation Pause)
[2023-11-08T18:06:44.714+0100][gc,task       ] GC(92) Using 13 workers of 13 for evacuation
[2023-11-08T18:06:44.734+0100][gc,phases     ] GC(92)   Pre Evacuate Collection Set: 0,0ms
[2023-11-08T18:06:44.734+0100][gc,phases     ] GC(92)   Evacuate Collection Set: 18,5ms
[2023-11-08T18:06:44.734+0100][gc,phases     ] GC(92)   Post Evacuate Collection Set: 1,1ms
[2023-11-08T18:06:44.734+0100][gc,phases     ] GC(92)   Other: 0,5ms
[2023-11-08T18:06:44.734+0100][gc,heap       ] GC(92) Eden regions: 324->0(469)
[2023-11-08T18:06:44.734+0100][gc,heap       ] GC(92) Survivor regions: 36->23(45)
[2023-11-08T18:06:44.734+0100][gc,heap       ] GC(92) Old regions: 199->211
[2023-11-08T18:06:44.734+0100][gc,heap       ] GC(92) Humongous regions: 129->129
[2023-11-08T18:06:44.734+0100][gc,metaspace  ] GC(92) Metaspace: 46757K(49920K)->46757K(49920K) NonClass: 41014K(42752K)->41014K(42752K) Class: 5743K(7168K)->5743K(7168K)
[2023-11-08T18:06:44.734+0100][gc            ] GC(92) Pause Young (Normal) (G1 Evacuation Pause) 686M->360M(1024M) 20,260ms
[2023-11-08T18:06:44.734+0100][gc,cpu        ] GC(92) User=0,22s Sys=0,02s Real=0,02s
[2023-11-08T18:07:36.147+0100][gc,start      ] GC(93) Pause Young (Normal) (G1 Evacuation Pause)
[2023-11-08T18:07:36.147+0100][gc,task       ] GC(93) Using 13 workers of 13 for evacuation
[2023-11-08T18:07:36.164+0100][gc,phases     ] GC(93)   Pre Evacuate Collection Set: 0,0ms
[2023-11-08T18:07:36.164+0100][gc,phases     ] GC(93)   Evacuate Collection Set: 15,2ms
[2023-11-08T18:07:36.164+0100][gc,phases     ] GC(93)   Post Evacuate Collection Set: 1,2ms
[2023-11-08T18:07:36.164+0100][gc,phases     ] GC(93)   Other: 0,5ms
[2023-11-08T18:07:36.164+0100][gc,heap       ] GC(93) Eden regions: 469->0(467)
[2023-11-08T18:07:36.164+0100][gc,heap       ] GC(93) Survivor regions: 23->28(62)
[2023-11-08T18:07:36.164+0100][gc,heap       ] GC(93) Old regions: 211->211
[2023-11-08T18:07:36.164+0100][gc,heap       ] GC(93) Humongous regions: 129->129
[2023-11-08T18:07:36.164+0100][gc,metaspace  ] GC(93) Metaspace: 46757K(49920K)->46757K(49920K) NonClass: 41014K(42752K)->41014K(42752K) Class: 5743K(7168K)->5743K(7168K)
[2023-11-08T18:07:36.164+0100][gc            ] GC(93) Pause Young (Normal) (G1 Evacuation Pause) 829M->365M(1024M) 17,206ms
[2023-11-08T18:07:36.164+0100][gc,cpu        ] GC(93) User=0,17s Sys=0,03s Real=0,02s
[2023-11-08T18:08:27.363+0100][gc,start      ] GC(94) Pause Young (Normal) (G1 Evacuation Pause)
[2023-11-08T18:08:27.363+0100][gc,task       ] GC(94) Using 13 workers of 13 for evacuation
[2023-11-08T18:08:27.381+0100][gc,phases     ] GC(94)   Pre Evacuate Collection Set: 0,0ms
[2023-11-08T18:08:27.381+0100][gc,phases     ] GC(94)   Evacuate Collection Set: 16,0ms
[2023-11-08T18:08:27.381+0100][gc,phases     ] GC(94)   Post Evacuate Collection Set: 1,2ms
[2023-11-08T18:08:27.381+0100][gc,phases     ] GC(94)   Other: 0,5ms
[2023-11-08T18:08:27.381+0100][gc,heap       ] GC(94) Eden regions: 376->0(473)
[2023-11-08T18:08:27.381+0100][gc,heap       ] GC(94) Survivor regions: 28->28(51)
[2023-11-08T18:08:27.381+0100][gc,heap       ] GC(94) Old regions: 211->211
[2023-11-08T18:08:27.381+0100][gc,heap       ] GC(94) Humongous regions: 129->129
[2023-11-08T18:08:27.381+0100][gc,metaspace  ] GC(94) Metaspace: 46757K(49920K)->46757K(49920K) NonClass: 41014K(42752K)->41014K(42752K) Class: 5743K(7168K)->5743K(7168K)
[2023-11-08T18:08:27.381+0100][gc            ] GC(94) Pause Young (Normal) (G1 Evacuation Pause) 741M->365M(1024M) 17,893ms
[2023-11-08T18:08:27.381+0100][gc,cpu        ] GC(94) User=0,21s Sys=0,00s Real=0,01s
[2023-11-08T18:09:42.745+0100][gc,start      ] GC(95) Pause Young (Normal) (G1 Evacuation Pause)
[2023-11-08T18:09:42.745+0100][gc,task       ] GC(95) Using 13 workers of 13 for evacuation
[2023-11-08T18:09:42.764+0100][gc,phases     ] GC(95)   Pre Evacuate Collection Set: 0,0ms
[2023-11-08T18:09:42.764+0100][gc,phases     ] GC(95)   Evacuate Collection Set: 17,5ms
[2023-11-08T18:09:42.764+0100][gc,phases     ] GC(95)   Post Evacuate Collection Set: 1,3ms
[2023-11-08T18:09:42.764+0100][gc,phases     ] GC(95)   Other: 0,5ms
[2023-11-08T18:09:42.764+0100][gc,heap       ] GC(95) Eden regions: 366->0(459)
[2023-11-08T18:09:42.764+0100][gc,heap       ] GC(95) Survivor regions: 28->29(50)
[2023-11-08T18:09:42.764+0100][gc,heap       ] GC(95) Old regions: 211->214
[2023-11-08T18:09:42.764+0100][gc,heap       ] GC(95) Humongous regions: 129->129
[2023-11-08T18:09:42.764+0100][gc,metaspace  ] GC(95) Metaspace: 46761K(49920K)->46761K(49920K) NonClass: 41018K(42752K)->41018K(42752K) Class: 5743K(7168K)->5743K(7168K)
[2023-11-08T18:09:42.764+0100][gc            ] GC(95) Pause Young (Normal) (G1 Evacuation Pause) 731M->369M(1024M) 19,430ms
[2023-11-08T18:09:42.764+0100][gc,cpu        ] GC(95) User=0,19s Sys=0,02s Real=0,02s
[2023-11-08T18:10:39.307+0100][gc,start      ] GC(96) Pause Young (Normal) (G1 Evacuation Pause)
[2023-11-08T18:10:39.307+0100][gc,task       ] GC(96) Using 13 workers of 13 for evacuation
[2023-11-08T18:10:39.324+0100][gc,phases     ] GC(96)   Pre Evacuate Collection Set: 0,1ms
[2023-11-08T18:10:39.324+0100][gc,phases     ] GC(96)   Evacuate Collection Set: 15,3ms
[2023-11-08T18:10:39.324+0100][gc,phases     ] GC(96)   Post Evacuate Collection Set: 1,6ms
[2023-11-08T18:10:39.324+0100][gc,phases     ] GC(96)   Other: 0,7ms
[2023-11-08T18:10:39.324+0100][gc,heap       ] GC(96) Eden regions: 280->0(515)
[2023-11-08T18:10:39.324+0100][gc,heap       ] GC(96) Survivor regions: 29->15(39)
[2023-11-08T18:10:39.324+0100][gc,heap       ] GC(96) Old regions: 214->222
[2023-11-08T18:10:39.324+0100][gc,heap       ] GC(96) Humongous regions: 129->129
[2023-11-08T18:10:39.324+0100][gc,metaspace  ] GC(96) Metaspace: 47661K(51072K)->47661K(51072K) NonClass: 41650K(43520K)->41650K(43520K) Class: 6011K(7552K)->6011K(7552K)
[2023-11-08T18:10:39.325+0100][gc            ] GC(96) Pause Young (Normal) (G1 Evacuation Pause) 649M->364M(1024M) 17,782ms
[2023-11-08T18:10:39.325+0100][gc,cpu        ] GC(96) User=0,16s Sys=0,03s Real=0,02s
[2023-11-08T18:13:52.180+0100][gc,start      ] GC(97) Pause Young (Normal) (G1 Evacuation Pause)
[2023-11-08T18:13:52.180+0100][gc,task       ] GC(97) Using 13 workers of 13 for evacuation
[2023-11-08T18:13:52.198+0100][gc,phases     ] GC(97)   Pre Evacuate Collection Set: 0,0ms
[2023-11-08T18:13:52.198+0100][gc,phases     ] GC(97)   Evacuate Collection Set: 16,9ms
[2023-11-08T18:13:52.198+0100][gc,phases     ] GC(97)   Post Evacuate Collection Set: 1,5ms
[2023-11-08T18:13:52.198+0100][gc,phases     ] GC(97)   Other: 0,5ms
[2023-11-08T18:13:52.199+0100][gc,heap       ] GC(97) Eden regions: 476->0(467)
[2023-11-08T18:13:52.199+0100][gc,heap       ] GC(97) Survivor regions: 15->26(62)
[2023-11-08T18:13:52.199+0100][gc,heap       ] GC(97) Old regions: 222->222
[2023-11-08T18:13:52.199+0100][gc,heap       ] GC(97) Humongous regions: 129->129
[2023-11-08T18:13:52.199+0100][gc,metaspace  ] GC(97) Metaspace: 48331K(51968K)->48331K(51968K) NonClass: 42287K(44288K)->42287K(44288K) Class: 6043K(7680K)->6043K(7680K)
[2023-11-08T18:13:52.199+0100][gc            ] GC(97) Pause Young (Normal) (G1 Evacuation Pause) 840M->375M(1024M) 19,067ms
[2023-11-08T18:13:52.199+0100][gc,cpu        ] GC(97) User=0,21s Sys=0,02s Real=0,02s
[2023-11-08T18:14:27.603+0100][gc,start      ] GC(98) Pause Young (Normal) (G1 Evacuation Pause)
[2023-11-08T18:14:27.604+0100][gc,task       ] GC(98) Using 13 workers of 13 for evacuation
[2023-11-08T18:14:27.628+0100][gc,mmu        ] GC(98) MMU target violated: 21,0ms (20,0ms/21,0ms)
[2023-11-08T18:14:27.628+0100][gc,phases     ] GC(98)   Pre Evacuate Collection Set: 0,1ms
[2023-11-08T18:14:27.628+0100][gc,phases     ] GC(98)   Evacuate Collection Set: 23,3ms
[2023-11-08T18:14:27.628+0100][gc,phases     ] GC(98)   Post Evacuate Collection Set: 1,0ms
[2023-11-08T18:14:27.628+0100][gc,phases     ] GC(98)   Other: 0,5ms
[2023-11-08T18:14:27.628+0100][gc,heap       ] GC(98) Eden regions: 153->0(207)
[2023-11-08T18:14:27.628+0100][gc,heap       ] GC(98) Survivor regions: 26->16(23)
[2023-11-08T18:14:27.628+0100][gc,heap       ] GC(98) Old regions: 222->247
[2023-11-08T18:14:27.628+0100][gc,heap       ] GC(98) Humongous regions: 129->129
[2023-11-08T18:14:27.628+0100][gc,metaspace  ] GC(98) Metaspace: 48332K(51968K)->48332K(51968K) NonClass: 42288K(44288K)->42288K(44288K) Class: 6043K(7680K)->6043K(7680K)
[2023-11-08T18:14:27.628+0100][gc            ] GC(98) Pause Young (Normal) (G1 Evacuation Pause) 528M->390M(1024M) 24,961ms
[2023-11-08T18:14:27.628+0100][gc,cpu        ] GC(98) User=0,27s Sys=0,02s Real=0,02s
[2023-11-08T18:16:14.627+0100][gc,start      ] GC(99) Pause Young (Concurrent Start) (G1 Evacuation Pause)
[2023-11-08T18:16:14.627+0100][gc,task       ] GC(99) Using 13 workers of 13 for evacuation
[2023-11-08T18:16:14.640+0100][gc,phases     ] GC(99)   Pre Evacuate Collection Set: 0,4ms
[2023-11-08T18:16:14.640+0100][gc,phases     ] GC(99)   Evacuate Collection Set: 11,0ms
[2023-11-08T18:16:14.640+0100][gc,phases     ] GC(99)   Post Evacuate Collection Set: 1,0ms
[2023-11-08T18:16:14.640+0100][gc,phases     ] GC(99)   Other: 0,5ms
[2023-11-08T18:16:14.640+0100][gc,heap       ] GC(99) Eden regions: 183->0(214)
[2023-11-08T18:16:14.640+0100][gc,heap       ] GC(99) Survivor regions: 16->13(25)
[2023-11-08T18:16:14.640+0100][gc,heap       ] GC(99) Old regions: 247->251
[2023-11-08T18:16:14.640+0100][gc,heap       ] GC(99) Humongous regions: 129->129
[2023-11-08T18:16:14.640+0100][gc,metaspace  ] GC(99) Metaspace: 48395K(51968K)->48395K(51968K) NonClass: 42346K(44288K)->42346K(44288K) Class: 6049K(7680K)->6049K(7680K)
[2023-11-08T18:16:14.640+0100][gc            ] GC(99) Pause Young (Concurrent Start) (G1 Evacuation Pause) 573M->391M(1024M) 13,059ms
[2023-11-08T18:16:14.640+0100][gc,cpu        ] GC(99) User=0,13s Sys=0,00s Real=0,01s
[2023-11-08T18:16:14.640+0100][gc            ] GC(100) Concurrent Cycle
[2023-11-08T18:16:14.640+0100][gc,marking    ] GC(100) Concurrent Clear Claimed Marks
[2023-11-08T18:16:14.641+0100][gc,marking    ] GC(100) Concurrent Clear Claimed Marks 0,683ms
[2023-11-08T18:16:14.641+0100][gc,marking    ] GC(100) Concurrent Scan Root Regions
[2023-11-08T18:16:14.646+0100][gc,marking    ] GC(100) Concurrent Scan Root Regions 5,224ms
[2023-11-08T18:16:14.646+0100][gc,marking    ] GC(100) Concurrent Mark (3646,255s)
[2023-11-08T18:16:14.646+0100][gc,marking    ] GC(100) Concurrent Mark From Roots
[2023-11-08T18:16:14.646+0100][gc,task       ] GC(100) Using 3 workers of 3 for marking
[2023-11-08T18:16:14.668+0100][gc,marking    ] GC(100) Concurrent Mark From Roots 21,532ms
[2023-11-08T18:16:14.668+0100][gc,marking    ] GC(100) Concurrent Preclean
[2023-11-08T18:16:14.669+0100][gc,marking    ] GC(100) Concurrent Preclean 0,893ms
[2023-11-08T18:16:14.669+0100][gc,marking    ] GC(100) Concurrent Mark (3646,255s, 3646,278s) 22,585ms
[2023-11-08T18:16:14.669+0100][gc,start      ] GC(100) Pause Remark
[2023-11-08T18:16:14.680+0100][gc,stringtable] GC(100) Cleaned string and symbol table, strings: 19610 processed, 1272 removed, symbols: 94804 processed, 3 removed
[2023-11-08T18:16:14.681+0100][gc            ] GC(100) Pause Remark 393M->353M(1024M) 12,032ms
[2023-11-08T18:16:14.681+0100][gc,cpu        ] GC(100) User=0,12s Sys=0,00s Real=0,01s
[2023-11-08T18:16:14.681+0100][gc,marking    ] GC(100) Concurrent Rebuild Remembered Sets
[2023-11-08T18:16:14.701+0100][gc,marking    ] GC(100) Concurrent Rebuild Remembered Sets 19,094ms
[2023-11-08T18:16:14.701+0100][gc,start      ] GC(100) Pause Cleanup
[2023-11-08T18:16:14.701+0100][gc            ] GC(100) Pause Cleanup 353M->353M(1024M) 0,380ms
[2023-11-08T18:16:14.701+0100][gc,cpu        ] GC(100) User=0,00s Sys=0,00s Real=0,00s
[2023-11-08T18:16:14.701+0100][gc,marking    ] GC(100) Concurrent Cleanup for Next Mark
[2023-11-08T18:16:14.703+0100][gc,marking    ] GC(100) Concurrent Cleanup for Next Mark 2,017ms
[2023-11-08T18:16:14.703+0100][gc            ] GC(100) Concurrent Cycle 63,109ms
[2023-11-08T18:17:03.068+0100][gc,start      ] GC(101) Pause Young (Prepare Mixed) (G1 Evacuation Pause)
[2023-11-08T18:17:03.068+0100][gc,task       ] GC(101) Using 13 workers of 13 for evacuation
[2023-11-08T18:17:03.085+0100][gc,phases     ] GC(101)   Pre Evacuate Collection Set: 0,0ms
[2023-11-08T18:17:03.085+0100][gc,phases     ] GC(101)   Evacuate Collection Set: 15,6ms
[2023-11-08T18:17:03.085+0100][gc,phases     ] GC(101)   Post Evacuate Collection Set: 1,0ms
[2023-11-08T18:17:03.085+0100][gc,phases     ] GC(101)   Other: 0,5ms
[2023-11-08T18:17:03.085+0100][gc,heap       ] GC(101) Eden regions: 192->0(25)
[2023-11-08T18:17:03.085+0100][gc,heap       ] GC(101) Survivor regions: 13->26(26)
[2023-11-08T18:17:03.085+0100][gc,heap       ] GC(101) Old regions: 211->212
[2023-11-08T18:17:03.085+0100][gc,heap       ] GC(101) Humongous regions: 129->129
[2023-11-08T18:17:03.085+0100][gc,metaspace  ] GC(101) Metaspace: 48125K(51968K)->48125K(51968K) NonClass: 42171K(44288K)->42171K(44288K) Class: 5954K(7680K)->5954K(7680K)
[2023-11-08T18:17:03.085+0100][gc            ] GC(101) Pause Young (Prepare Mixed) (G1 Evacuation Pause) 543M->365M(1024M) 17,266ms
[2023-11-08T18:17:03.085+0100][gc,cpu        ] GC(101) User=0,19s Sys=0,02s Real=0,02s
[2023-11-08T18:17:11.628+0100][gc,start      ] GC(102) Pause Young (Mixed) (G1 Evacuation Pause)
[2023-11-08T18:17:11.628+0100][gc,task       ] GC(102) Using 13 workers of 13 for evacuation
[2023-11-08T18:17:11.644+0100][gc,phases     ] GC(102)   Pre Evacuate Collection Set: 0,1ms
[2023-11-08T18:17:11.644+0100][gc,phases     ] GC(102)   Evacuate Collection Set: 13,7ms
[2023-11-08T18:17:11.644+0100][gc,phases     ] GC(102)   Post Evacuate Collection Set: 1,1ms
[2023-11-08T18:17:11.644+0100][gc,phases     ] GC(102)   Other: 0,5ms
[2023-11-08T18:17:11.644+0100][gc,heap       ] GC(102) Eden regions: 25->0(46)
[2023-11-08T18:17:11.644+0100][gc,heap       ] GC(102) Survivor regions: 26->5(7)
[2023-11-08T18:17:11.644+0100][gc,heap       ] GC(102) Old regions: 212->213
[2023-11-08T18:17:11.644+0100][gc,heap       ] GC(102) Humongous regions: 129->129
[2023-11-08T18:17:11.644+0100][gc,metaspace  ] GC(102) Metaspace: 48125K(51968K)->48125K(51968K) NonClass: 42171K(44288K)->42171K(44288K) Class: 5954K(7680K)->5954K(7680K)
[2023-11-08T18:17:11.644+0100][gc            ] GC(102) Pause Young (Mixed) (G1 Evacuation Pause) 390M->345M(1024M) 15,468ms
[2023-11-08T18:17:11.644+0100][gc,cpu        ] GC(102) User=0,17s Sys=0,01s Real=0,02s
[2023-11-08T18:17:27.228+0100][gc,start      ] GC(103) Pause Young (Mixed) (G1 Evacuation Pause)
[2023-11-08T18:17:27.228+0100][gc,task       ] GC(103) Using 13 workers of 13 for evacuation
[2023-11-08T18:17:27.236+0100][gc,phases     ] GC(103)   Pre Evacuate Collection Set: 0,1ms
[2023-11-08T18:17:27.236+0100][gc,phases     ] GC(103)   Evacuate Collection Set: 6,0ms
[2023-11-08T18:17:27.236+0100][gc,phases     ] GC(103)   Post Evacuate Collection Set: 1,1ms
[2023-11-08T18:17:27.236+0100][gc,phases     ] GC(103)   Other: 0,5ms
[2023-11-08T18:17:27.236+0100][gc,heap       ] GC(103) Eden regions: 46->0(44)
[2023-11-08T18:17:27.236+0100][gc,heap       ] GC(103) Survivor regions: 5->7(7)
[2023-11-08T18:17:27.236+0100][gc,heap       ] GC(103) Old regions: 213->188
[2023-11-08T18:17:27.236+0100][gc,heap       ] GC(103) Humongous regions: 129->129
[2023-11-08T18:17:27.236+0100][gc,metaspace  ] GC(103) Metaspace: 48125K(51968K)->48125K(51968K) NonClass: 42171K(44288K)->42171K(44288K) Class: 5954K(7680K)->5954K(7680K)
[2023-11-08T18:17:27.236+0100][gc            ] GC(103) Pause Young (Mixed) (G1 Evacuation Pause) 391M->322M(1024M) 7,767ms
[2023-11-08T18:17:27.236+0100][gc,cpu        ] GC(103) User=0,07s Sys=0,01s Real=0,01s
[2023-11-08T18:17:42.313+0100][gc,start      ] GC(104) Pause Young (Mixed) (G1 Evacuation Pause)
[2023-11-08T18:17:42.313+0100][gc,task       ] GC(104) Using 13 workers of 13 for evacuation
[2023-11-08T18:17:42.319+0100][gc,phases     ] GC(104)   Pre Evacuate Collection Set: 0,1ms
[2023-11-08T18:17:42.319+0100][gc,phases     ] GC(104)   Evacuate Collection Set: 3,9ms
[2023-11-08T18:17:42.319+0100][gc,phases     ] GC(104)   Post Evacuate Collection Set: 1,0ms
[2023-11-08T18:17:42.319+0100][gc,phases     ] GC(104)   Other: 0,5ms
[2023-11-08T18:17:42.319+0100][gc,heap       ] GC(104) Eden regions: 44->0(48)
[2023-11-08T18:17:42.319+0100][gc,heap       ] GC(104) Survivor regions: 7->3(7)
[2023-11-08T18:17:42.319+0100][gc,heap       ] GC(104) Old regions: 188->150
[2023-11-08T18:17:42.319+0100][gc,heap       ] GC(104) Humongous regions: 129->129
[2023-11-08T18:17:42.319+0100][gc,metaspace  ] GC(104) Metaspace: 48125K(51968K)->48125K(51968K) NonClass: 42171K(44288K)->42171K(44288K) Class: 5954K(7680K)->5954K(7680K)
[2023-11-08T18:17:42.319+0100][gc            ] GC(104) Pause Young (Mixed) (G1 Evacuation Pause) 366M->279M(1024M) 5,851ms
[2023-11-08T18:17:42.319+0100][gc,cpu        ] GC(104) User=0,05s Sys=0,00s Real=0,01s
[2023-11-08T18:17:58.401+0100][gc,start      ] GC(105) Pause Young (Mixed) (G1 Evacuation Pause)
[2023-11-08T18:17:58.401+0100][gc,task       ] GC(105) Using 13 workers of 13 for evacuation
[2023-11-08T18:17:58.409+0100][gc,phases     ] GC(105)   Pre Evacuate Collection Set: 0,1ms
[2023-11-08T18:17:58.409+0100][gc,phases     ] GC(105)   Evacuate Collection Set: 6,0ms
[2023-11-08T18:17:58.409+0100][gc,phases     ] GC(105)   Post Evacuate Collection Set: 1,0ms
[2023-11-08T18:17:58.409+0100][gc,phases     ] GC(105)   Other: 0,6ms
[2023-11-08T18:17:58.409+0100][gc,heap       ] GC(105) Eden regions: 48->0(289)
[2023-11-08T18:17:58.409+0100][gc,heap       ] GC(105) Survivor regions: 3->7(7)
[2023-11-08T18:17:58.409+0100][gc,heap       ] GC(105) Old regions: 150->112
[2023-11-08T18:17:58.409+0100][gc,heap       ] GC(105) Humongous regions: 129->129
[2023-11-08T18:17:58.409+0100][gc,metaspace  ] GC(105) Metaspace: 48125K(51968K)->48125K(51968K) NonClass: 42171K(44288K)->42171K(44288K) Class: 5954K(7680K)->5954K(7680K)
[2023-11-08T18:17:58.409+0100][gc            ] GC(105) Pause Young (Mixed) (G1 Evacuation Pause) 327M->245M(1024M) 7,859ms
[2023-11-08T18:17:58.409+0100][gc,cpu        ] GC(105) User=0,08s Sys=0,00s Real=0,01s
[2023-11-08T18:20:23.396+0100][gc,start      ] GC(106) Pause Young (Normal) (G1 Evacuation Pause)
[2023-11-08T18:20:23.396+0100][gc,task       ] GC(106) Using 13 workers of 13 for evacuation
[2023-11-08T18:20:23.404+0100][gc,phases     ] GC(106)   Pre Evacuate Collection Set: 0,1ms
[2023-11-08T18:20:23.404+0100][gc,phases     ] GC(106)   Evacuate Collection Set: 6,7ms
[2023-11-08T18:20:23.404+0100][gc,phases     ] GC(106)   Post Evacuate Collection Set: 1,1ms
[2023-11-08T18:20:23.404+0100][gc,phases     ] GC(106)   Other: 0,4ms
[2023-11-08T18:20:23.404+0100][gc,heap       ] GC(106) Eden regions: 289->0(235)
[2023-11-08T18:20:23.404+0100][gc,heap       ] GC(106) Survivor regions: 7->6(37)
[2023-11-08T18:20:23.404+0100][gc,heap       ] GC(106) Old regions: 112->112
[2023-11-08T18:20:23.404+0100][gc,heap       ] GC(106) Humongous regions: 129->129
[2023-11-08T18:20:23.404+0100][gc,metaspace  ] GC(106) Metaspace: 48150K(51968K)->48150K(51968K) NonClass: 42195K(44288K)->42195K(44288K) Class: 5954K(7680K)->5954K(7680K)
[2023-11-08T18:20:23.404+0100][gc            ] GC(106) Pause Young (Normal) (G1 Evacuation Pause) 534M->244M(1024M) 8,408ms
[2023-11-08T18:20:23.404+0100][gc,cpu        ] GC(106) User=0,09s Sys=0,00s Real=0,01s
[2023-11-08T18:21:10.913+0100][gc,start      ] GC(107) Pause Young (Normal) (G1 Evacuation Pause)
[2023-11-08T18:21:10.913+0100][gc,task       ] GC(107) Using 13 workers of 13 for evacuation
[2023-11-08T18:21:10.921+0100][gc,phases     ] GC(107)   Pre Evacuate Collection Set: 0,0ms
[2023-11-08T18:21:10.921+0100][gc,phases     ] GC(107)   Evacuate Collection Set: 6,8ms
[2023-11-08T18:21:10.921+0100][gc,phases     ] GC(107)   Post Evacuate Collection Set: 0,7ms
[2023-11-08T18:21:10.921+0100][gc,phases     ] GC(107)   Other: 0,3ms
[2023-11-08T18:21:10.921+0100][gc,heap       ] GC(107) Eden regions: 235->0(243)
[2023-11-08T18:21:10.921+0100][gc,heap       ] GC(107) Survivor regions: 6->12(31)
[2023-11-08T18:21:10.921+0100][gc,heap       ] GC(107) Old regions: 112->112
[2023-11-08T18:21:10.921+0100][gc,heap       ] GC(107) Humongous regions: 129->129
[2023-11-08T18:21:10.921+0100][gc,metaspace  ] GC(107) Metaspace: 48165K(51968K)->48165K(51968K) NonClass: 42208K(44288K)->42208K(44288K) Class: 5956K(7680K)->5956K(7680K)
[2023-11-08T18:21:10.921+0100][gc            ] GC(107) Pause Young (Normal) (G1 Evacuation Pause) 479M->250M(1024M) 7,999ms
[2023-11-08T18:21:10.921+0100][gc,cpu        ] GC(107) User=0,09s Sys=0,00s Real=0,01s
[2023-11-08T18:21:13.762+0100][gc,start      ] GC(108) Pause Young (Normal) (G1 Evacuation Pause)
[2023-11-08T18:21:13.762+0100][gc,task       ] GC(108) Using 13 workers of 13 for evacuation
[2023-11-08T18:21:13.770+0100][gc,phases     ] GC(108)   Pre Evacuate Collection Set: 0,0ms
[2023-11-08T18:21:13.770+0100][gc,phases     ] GC(108)   Evacuate Collection Set: 6,7ms
[2023-11-08T18:21:13.770+0100][gc,phases     ] GC(108)   Post Evacuate Collection Set: 0,8ms
[2023-11-08T18:21:13.770+0100][gc,phases     ] GC(108)   Other: 0,3ms
[2023-11-08T18:21:13.770+0100][gc,heap       ] GC(108) Eden regions: 243->0(259)
[2023-11-08T18:21:13.770+0100][gc,heap       ] GC(108) Survivor regions: 12->14(32)
[2023-11-08T18:21:13.770+0100][gc,heap       ] GC(108) Old regions: 112->112
[2023-11-08T18:21:13.770+0100][gc,heap       ] GC(108) Humongous regions: 129->129
[2023-11-08T18:21:13.770+0100][gc,metaspace  ] GC(108) Metaspace: 48165K(51968K)->48165K(51968K) NonClass: 42208K(44288K)->42208K(44288K) Class: 5956K(7680K)->5956K(7680K)
[2023-11-08T18:21:13.770+0100][gc            ] GC(108) Pause Young (Normal) (G1 Evacuation Pause) 493M->252M(1024M) 8,001ms
[2023-11-08T18:21:13.770+0100][gc,cpu        ] GC(108) User=0,09s Sys=0,00s Real=0,01s
[2023-11-08T18:21:16.833+0100][gc,start      ] GC(109) Pause Young (Normal) (G1 Evacuation Pause)
[2023-11-08T18:21:16.833+0100][gc,task       ] GC(109) Using 13 workers of 13 for evacuation
[2023-11-08T18:21:16.841+0100][gc,phases     ] GC(109)   Pre Evacuate Collection Set: 0,0ms
[2023-11-08T18:21:16.841+0100][gc,phases     ] GC(109)   Evacuate Collection Set: 6,8ms
[2023-11-08T18:21:16.841+0100][gc,phases     ] GC(109)   Post Evacuate Collection Set: 0,7ms
[2023-11-08T18:21:16.841+0100][gc,phases     ] GC(109)   Other: 0,3ms
[2023-11-08T18:21:16.841+0100][gc,heap       ] GC(109) Eden regions: 259->0(278)
[2023-11-08T18:21:16.841+0100][gc,heap       ] GC(109) Survivor regions: 14->16(35)
[2023-11-08T18:21:16.841+0100][gc,heap       ] GC(109) Old regions: 112->112
[2023-11-08T18:21:16.841+0100][gc,heap       ] GC(109) Humongous regions: 129->129
[2023-11-08T18:21:16.841+0100][gc,metaspace  ] GC(109) Metaspace: 48165K(51968K)->48165K(51968K) NonClass: 42208K(44288K)->42208K(44288K) Class: 5956K(7680K)->5956K(7680K)
[2023-11-08T18:21:16.841+0100][gc            ] GC(109) Pause Young (Normal) (G1 Evacuation Pause) 511M->254M(1024M) 7,887ms
[2023-11-08T18:21:16.841+0100][gc,cpu        ] GC(109) User=0,08s Sys=0,00s Real=0,01s
[2023-11-08T18:21:19.974+0100][gc,start      ] GC(110) Pause Young (Normal) (G1 Evacuation Pause)
[2023-11-08T18:21:19.974+0100][gc,task       ] GC(110) Using 13 workers of 13 for evacuation
[2023-11-08T18:21:19.983+0100][gc,phases     ] GC(110)   Pre Evacuate Collection Set: 0,0ms
[2023-11-08T18:21:19.983+0100][gc,phases     ] GC(110)   Evacuate Collection Set: 8,3ms
[2023-11-08T18:21:19.983+0100][gc,phases     ] GC(110)   Post Evacuate Collection Set: 0,9ms
[2023-11-08T18:21:19.983+0100][gc,phases     ] GC(110)   Other: 0,3ms
[2023-11-08T18:21:19.983+0100][gc,heap       ] GC(110) Eden regions: 278->0(300)
[2023-11-08T18:21:19.983+0100][gc,heap       ] GC(110) Survivor regions: 16->17(37)
[2023-11-08T18:21:19.983+0100][gc,heap       ] GC(110) Old regions: 112->112
[2023-11-08T18:21:19.983+0100][gc,heap       ] GC(110) Humongous regions: 129->129
[2023-11-08T18:21:19.983+0100][gc,metaspace  ] GC(110) Metaspace: 48165K(51968K)->48165K(51968K) NonClass: 42208K(44288K)->42208K(44288K) Class: 5956K(7680K)->5956K(7680K)
[2023-11-08T18:21:19.983+0100][gc            ] GC(110) Pause Young (Normal) (G1 Evacuation Pause) 532M->255M(1024M) 9,686ms
[2023-11-08T18:21:19.983+0100][gc,cpu        ] GC(110) User=0,10s Sys=0,00s Real=0,02s
[2023-11-08T18:21:23.561+0100][gc,start      ] GC(111) Pause Young (Normal) (G1 Evacuation Pause)
[2023-11-08T18:21:23.561+0100][gc,task       ] GC(111) Using 13 workers of 13 for evacuation
[2023-11-08T18:21:23.570+0100][gc,phases     ] GC(111)   Pre Evacuate Collection Set: 0,0ms
[2023-11-08T18:21:23.570+0100][gc,phases     ] GC(111)   Evacuate Collection Set: 7,2ms
[2023-11-08T18:21:23.570+0100][gc,phases     ] GC(111)   Post Evacuate Collection Set: 0,7ms
[2023-11-08T18:21:23.570+0100][gc,phases     ] GC(111)   Other: 0,3ms
[2023-11-08T18:21:23.570+0100][gc,heap       ] GC(111) Eden regions: 300->0(330)
[2023-11-08T18:21:23.570+0100][gc,heap       ] GC(111) Survivor regions: 17->18(40)
[2023-11-08T18:21:23.570+0100][gc,heap       ] GC(111) Old regions: 112->112
[2023-11-08T18:21:23.570+0100][gc,heap       ] GC(111) Humongous regions: 129->129
[2023-11-08T18:21:23.570+0100][gc,metaspace  ] GC(111) Metaspace: 48165K(51968K)->48165K(51968K) NonClass: 42208K(44288K)->42208K(44288K) Class: 5956K(7680K)->5956K(7680K)
[2023-11-08T18:21:23.570+0100][gc            ] GC(111) Pause Young (Normal) (G1 Evacuation Pause) 555M->256M(1024M) 8,350ms
[2023-11-08T18:21:23.570+0100][gc,cpu        ] GC(111) User=0,09s Sys=0,00s Real=0,01s
[2023-11-08T18:21:27.408+0100][gc,start      ] GC(112) Pause Young (Normal) (G1 Evacuation Pause)
[2023-11-08T18:21:27.408+0100][gc,task       ] GC(112) Using 13 workers of 13 for evacuation
[2023-11-08T18:21:27.416+0100][gc,phases     ] GC(112)   Pre Evacuate Collection Set: 0,0ms
[2023-11-08T18:21:27.417+0100][gc,phases     ] GC(112)   Evacuate Collection Set: 7,6ms
[2023-11-08T18:21:27.417+0100][gc,phases     ] GC(112)   Post Evacuate Collection Set: 0,7ms
[2023-11-08T18:21:27.417+0100][gc,phases     ] GC(112)   Other: 0,3ms
[2023-11-08T18:21:27.417+0100][gc,heap       ] GC(112) Eden regions: 330->0(364)
[2023-11-08T18:21:27.417+0100][gc,heap       ] GC(112) Survivor regions: 18->18(44)
[2023-11-08T18:21:27.417+0100][gc,heap       ] GC(112) Old regions: 112->112
[2023-11-08T18:21:27.417+0100][gc,heap       ] GC(112) Humongous regions: 129->129
[2023-11-08T18:21:27.417+0100][gc,metaspace  ] GC(112) Metaspace: 48165K(51968K)->48165K(51968K) NonClass: 42208K(44288K)->42208K(44288K) Class: 5956K(7680K)->5956K(7680K)
[2023-11-08T18:21:27.417+0100][gc            ] GC(112) Pause Young (Normal) (G1 Evacuation Pause) 586M->256M(1024M) 8,698ms
[2023-11-08T18:21:27.417+0100][gc,cpu        ] GC(112) User=0,09s Sys=0,01s Real=0,01s
[2023-11-08T18:21:31.748+0100][gc,start      ] GC(113) Pause Young (Normal) (G1 Evacuation Pause)
[2023-11-08T18:21:31.748+0100][gc,task       ] GC(113) Using 13 workers of 13 for evacuation
[2023-11-08T18:21:31.757+0100][gc,phases     ] GC(113)   Pre Evacuate Collection Set: 0,0ms
[2023-11-08T18:21:31.757+0100][gc,phases     ] GC(113)   Evacuate Collection Set: 7,6ms
[2023-11-08T18:21:31.757+0100][gc,phases     ] GC(113)   Post Evacuate Collection Set: 0,9ms
[2023-11-08T18:21:31.757+0100][gc,phases     ] GC(113)   Other: 0,3ms
[2023-11-08T18:21:31.757+0100][gc,heap       ] GC(113) Eden regions: 364->0(392)
[2023-11-08T18:21:31.757+0100][gc,heap       ] GC(113) Survivor regions: 18->19(48)
[2023-11-08T18:21:31.757+0100][gc,heap       ] GC(113) Old regions: 112->112
[2023-11-08T18:21:31.757+0100][gc,heap       ] GC(113) Humongous regions: 129->129
[2023-11-08T18:21:31.757+0100][gc,metaspace  ] GC(113) Metaspace: 48165K(51968K)->48165K(51968K) NonClass: 42208K(44288K)->42208K(44288K) Class: 5956K(7680K)->5956K(7680K)
[2023-11-08T18:21:31.757+0100][gc            ] GC(113) Pause Young (Normal) (G1 Evacuation Pause) 620M->257M(1024M) 8,955ms
[2023-11-08T18:21:31.757+0100][gc,cpu        ] GC(113) User=0,10s Sys=0,00s Real=0,01s
[2023-11-08T18:21:36.392+0100][gc,start      ] GC(114) Pause Young (Normal) (G1 Evacuation Pause)
[2023-11-08T18:21:36.392+0100][gc,task       ] GC(114) Using 13 workers of 13 for evacuation
[2023-11-08T18:21:36.402+0100][gc,phases     ] GC(114)   Pre Evacuate Collection Set: 0,0ms
[2023-11-08T18:21:36.402+0100][gc,phases     ] GC(114)   Evacuate Collection Set: 8,5ms
[2023-11-08T18:21:36.402+0100][gc,phases     ] GC(114)   Post Evacuate Collection Set: 0,7ms
[2023-11-08T18:21:36.402+0100][gc,phases     ] GC(114)   Other: 0,3ms
[2023-11-08T18:21:36.402+0100][gc,heap       ] GC(114) Eden regions: 392->0(419)
[2023-11-08T18:21:36.402+0100][gc,heap       ] GC(114) Survivor regions: 19->20(52)
[2023-11-08T18:21:36.402+0100][gc,heap       ] GC(114) Old regions: 112->112
[2023-11-08T18:21:36.402+0100][gc,heap       ] GC(114) Humongous regions: 129->129
[2023-11-08T18:21:36.402+0100][gc,metaspace  ] GC(114) Metaspace: 48165K(51968K)->48165K(51968K) NonClass: 42208K(44288K)->42208K(44288K) Class: 5956K(7680K)->5956K(7680K)
[2023-11-08T18:21:36.402+0100][gc            ] GC(114) Pause Young (Normal) (G1 Evacuation Pause) 649M->258M(1024M) 9,677ms
[2023-11-08T18:21:36.402+0100][gc,cpu        ] GC(114) User=0,11s Sys=0,01s Real=0,01s
[2023-11-08T18:21:41.368+0100][gc,start      ] GC(115) Pause Young (Normal) (G1 Evacuation Pause)
[2023-11-08T18:21:41.368+0100][gc,task       ] GC(115) Using 13 workers of 13 for evacuation
[2023-11-08T18:21:41.377+0100][gc,phases     ] GC(115)   Pre Evacuate Collection Set: 0,0ms
[2023-11-08T18:21:41.377+0100][gc,phases     ] GC(115)   Evacuate Collection Set: 7,9ms
[2023-11-08T18:21:41.377+0100][gc,phases     ] GC(115)   Post Evacuate Collection Set: 0,7ms
[2023-11-08T18:21:41.377+0100][gc,phases     ] GC(115)   Other: 0,3ms
[2023-11-08T18:21:41.377+0100][gc,heap       ] GC(115) Eden regions: 419->0(452)
[2023-11-08T18:21:41.377+0100][gc,heap       ] GC(115) Survivor regions: 20->21(55)
[2023-11-08T18:21:41.377+0100][gc,heap       ] GC(115) Old regions: 112->112
[2023-11-08T18:21:41.377+0100][gc,heap       ] GC(115) Humongous regions: 129->129
[2023-11-08T18:21:41.377+0100][gc,metaspace  ] GC(115) Metaspace: 48165K(51968K)->48165K(51968K) NonClass: 42208K(44288K)->42208K(44288K) Class: 5956K(7680K)->5956K(7680K)
[2023-11-08T18:21:41.378+0100][gc            ] GC(115) Pause Young (Normal) (G1 Evacuation Pause) 677M->259M(1024M) 9,052ms
[2023-11-08T18:21:41.378+0100][gc,cpu        ] GC(115) User=0,11s Sys=0,00s Real=0,01s
[2023-11-08T18:21:46.741+0100][gc,start      ] GC(116) Pause Young (Normal) (G1 Evacuation Pause)
[2023-11-08T18:21:46.741+0100][gc,task       ] GC(116) Using 13 workers of 13 for evacuation
[2023-11-08T18:21:46.752+0100][gc,phases     ] GC(116)   Pre Evacuate Collection Set: 0,0ms
[2023-11-08T18:21:46.752+0100][gc,phases     ] GC(116)   Evacuate Collection Set: 9,1ms
[2023-11-08T18:21:46.752+0100][gc,phases     ] GC(116)   Post Evacuate Collection Set: 0,9ms
[2023-11-08T18:21:46.752+0100][gc,phases     ] GC(116)   Other: 0,3ms
[2023-11-08T18:21:46.752+0100][gc,heap       ] GC(116) Eden regions: 452->0(485)
[2023-11-08T18:21:46.752+0100][gc,heap       ] GC(116) Survivor regions: 21->21(60)
[2023-11-08T18:21:46.752+0100][gc,heap       ] GC(116) Old regions: 112->112
[2023-11-08T18:21:46.752+0100][gc,heap       ] GC(116) Humongous regions: 129->129
[2023-11-08T18:21:46.752+0100][gc,metaspace  ] GC(116) Metaspace: 48165K(51968K)->48165K(51968K) NonClass: 42208K(44288K)->42208K(44288K) Class: 5956K(7680K)->5956K(7680K)
[2023-11-08T18:21:46.752+0100][gc            ] GC(116) Pause Young (Normal) (G1 Evacuation Pause) 711M->259M(1024M) 10,567ms
[2023-11-08T18:21:46.752+0100][gc,cpu        ] GC(116) User=0,10s Sys=0,01s Real=0,01s
[2023-11-08T18:21:52.595+0100][gc,start      ] GC(117) Pause Young (Normal) (G1 Evacuation Pause)
[2023-11-08T18:21:52.595+0100][gc,task       ] GC(117) Using 13 workers of 13 for evacuation
[2023-11-08T18:21:52.605+0100][gc,phases     ] GC(117)   Pre Evacuate Collection Set: 0,0ms
[2023-11-08T18:21:52.605+0100][gc,phases     ] GC(117)   Evacuate Collection Set: 8,5ms
[2023-11-08T18:21:52.605+0100][gc,phases     ] GC(117)   Post Evacuate Collection Set: 0,8ms
[2023-11-08T18:21:52.605+0100][gc,phases     ] GC(117)   Other: 0,3ms
[2023-11-08T18:21:52.605+0100][gc,heap       ] GC(117) Eden regions: 485->0(532)
[2023-11-08T18:21:52.605+0100][gc,heap       ] GC(117) Survivor regions: 21->22(64)
[2023-11-08T18:21:52.605+0100][gc,heap       ] GC(117) Old regions: 112->112
[2023-11-08T18:21:52.605+0100][gc,heap       ] GC(117) Humongous regions: 129->129
[2023-11-08T18:21:52.605+0100][gc,metaspace  ] GC(117) Metaspace: 48165K(51968K)->48165K(51968K) NonClass: 42208K(44288K)->42208K(44288K) Class: 5956K(7680K)->5956K(7680K)
[2023-11-08T18:21:52.605+0100][gc            ] GC(117) Pause Young (Normal) (G1 Evacuation Pause) 744M->260M(1024M) 9,793ms
[2023-11-08T18:21:52.605+0100][gc,cpu        ] GC(117) User=0,09s Sys=0,02s Real=0,01s
[2023-11-08T18:22:04.200+0100][gc,start      ] GC(118) Pause Young (Normal) (G1 Evacuation Pause)
[2023-11-08T18:22:04.201+0100][gc,task       ] GC(118) Using 13 workers of 13 for evacuation
[2023-11-08T18:22:04.211+0100][gc,phases     ] GC(118)   Pre Evacuate Collection Set: 0,0ms
[2023-11-08T18:22:04.211+0100][gc,phases     ] GC(118)   Evacuate Collection Set: 9,7ms
[2023-11-08T18:22:04.211+0100][gc,phases     ] GC(118)   Post Evacuate Collection Set: 0,8ms
[2023-11-08T18:22:04.211+0100][gc,phases     ] GC(118)   Other: 0,4ms
[2023-11-08T18:22:04.211+0100][gc,heap       ] GC(118) Eden regions: 532->0(561)
[2023-11-08T18:22:04.211+0100][gc,heap       ] GC(118) Survivor regions: 22->24(70)
[2023-11-08T18:22:04.212+0100][gc,heap       ] GC(118) Old regions: 112->112
[2023-11-08T18:22:04.212+0100][gc,heap       ] GC(118) Humongous regions: 129->129
[2023-11-08T18:22:04.212+0100][gc,metaspace  ] GC(118) Metaspace: 48165K(51968K)->48165K(51968K) NonClass: 42208K(44288K)->42208K(44288K) Class: 5956K(7680K)->5956K(7680K)
[2023-11-08T18:22:04.212+0100][gc            ] GC(118) Pause Young (Normal) (G1 Evacuation Pause) 792M->262M(1024M) 11,078ms
[2023-11-08T18:22:04.212+0100][gc,cpu        ] GC(118) User=0,12s Sys=0,01s Real=0,01s
[2023-11-08T18:22:18.816+0100][gc,start      ] GC(119) Pause Young (Normal) (G1 Evacuation Pause)
[2023-11-08T18:22:18.816+0100][gc,task       ] GC(119) Using 13 workers of 13 for evacuation
[2023-11-08T18:22:18.828+0100][gc,phases     ] GC(119)   Pre Evacuate Collection Set: 0,0ms
[2023-11-08T18:22:18.828+0100][gc,phases     ] GC(119)   Evacuate Collection Set: 10,4ms
[2023-11-08T18:22:18.828+0100][gc,phases     ] GC(119)   Post Evacuate Collection Set: 0,7ms
[2023-11-08T18:22:18.828+0100][gc,phases     ] GC(119)   Other: 0,4ms
[2023-11-08T18:22:18.828+0100][gc,heap       ] GC(119) Eden regions: 561->0(582)
[2023-11-08T18:22:18.828+0100][gc,heap       ] GC(119) Survivor regions: 24->27(74)
[2023-11-08T18:22:18.828+0100][gc,heap       ] GC(119) Old regions: 112->112
[2023-11-08T18:22:18.828+0100][gc,heap       ] GC(119) Humongous regions: 129->129
[2023-11-08T18:22:18.828+0100][gc,metaspace  ] GC(119) Metaspace: 48165K(51968K)->48165K(51968K) NonClass: 42208K(44288K)->42208K(44288K) Class: 5956K(7680K)->5956K(7680K)
[2023-11-08T18:22:18.828+0100][gc            ] GC(119) Pause Young (Normal) (G1 Evacuation Pause) 823M->265M(1024M) 11,642ms
[2023-11-08T18:22:18.828+0100][gc,cpu        ] GC(119) User=0,11s Sys=0,02s Real=0,01s
[2023-11-08T18:23:13.571+0100][gc,start      ] GC(120) Pause Young (Normal) (G1 Evacuation Pause)
[2023-11-08T18:23:13.571+0100][gc,task       ] GC(120) Using 13 workers of 13 for evacuation
[2023-11-08T18:23:13.581+0100][gc,phases     ] GC(120)   Pre Evacuate Collection Set: 0,0ms
[2023-11-08T18:23:13.581+0100][gc,phases     ] GC(120)   Evacuate Collection Set: 9,6ms
[2023-11-08T18:23:13.581+0100][gc,phases     ] GC(120)   Post Evacuate Collection Set: 0,7ms
[2023-11-08T18:23:13.581+0100][gc,phases     ] GC(120)   Other: 0,4ms
[2023-11-08T18:23:13.581+0100][gc,heap       ] GC(120) Eden regions: 582->0(590)
[2023-11-08T18:23:13.581+0100][gc,heap       ] GC(120) Survivor regions: 27->24(77)
[2023-11-08T18:23:13.581+0100][gc,heap       ] GC(120) Old regions: 112->112
[2023-11-08T18:23:13.581+0100][gc,heap       ] GC(120) Humongous regions: 129->129
[2023-11-08T18:23:13.581+0100][gc,metaspace  ] GC(120) Metaspace: 48165K(51968K)->48165K(51968K) NonClass: 42208K(44288K)->42208K(44288K) Class: 5956K(7680K)->5956K(7680K)
[2023-11-08T18:23:13.581+0100][gc            ] GC(120) Pause Young (Normal) (G1 Evacuation Pause) 847M->263M(1024M) 10,884ms
[2023-11-08T18:23:13.581+0100][gc,cpu        ] GC(120) User=0,12s Sys=0,01s Real=0,01s
[2023-11-08T18:23:20.370+0100][gc,start      ] GC(121) Pause Young (Normal) (G1 Evacuation Pause)
[2023-11-08T18:23:20.370+0100][gc,task       ] GC(121) Using 13 workers of 13 for evacuation
[2023-11-08T18:23:20.381+0100][gc,phases     ] GC(121)   Pre Evacuate Collection Set: 0,0ms
[2023-11-08T18:23:20.381+0100][gc,phases     ] GC(121)   Evacuate Collection Set: 10,1ms
[2023-11-08T18:23:20.381+0100][gc,phases     ] GC(121)   Post Evacuate Collection Set: 0,7ms
[2023-11-08T18:23:20.381+0100][gc,phases     ] GC(121)   Other: 0,3ms
[2023-11-08T18:23:20.381+0100][gc,heap       ] GC(121) Eden regions: 590->0(593)
[2023-11-08T18:23:20.381+0100][gc,heap       ] GC(121) Survivor regions: 24->21(77)
[2023-11-08T18:23:20.381+0100][gc,heap       ] GC(121) Old regions: 112->116
[2023-11-08T18:23:20.381+0100][gc,heap       ] GC(121) Humongous regions: 129->129
[2023-11-08T18:23:20.381+0100][gc,metaspace  ] GC(121) Metaspace: 48165K(51968K)->48165K(51968K) NonClass: 42208K(44288K)->42208K(44288K) Class: 5956K(7680K)->5956K(7680K)
[2023-11-08T18:23:20.381+0100][gc            ] GC(121) Pause Young (Normal) (G1 Evacuation Pause) 853M->264M(1024M) 11,338ms
[2023-11-08T18:23:20.382+0100][gc,cpu        ] GC(121) User=0,11s Sys=0,02s Real=0,01s
[2023-11-08T18:23:26.821+0100][gc,start      ] GC(122) Pause Young (Normal) (G1 Evacuation Pause)
[2023-11-08T18:23:26.821+0100][gc,task       ] GC(122) Using 13 workers of 13 for evacuation
[2023-11-08T18:23:26.831+0100][gc,phases     ] GC(122)   Pre Evacuate Collection Set: 0,0ms
[2023-11-08T18:23:26.831+0100][gc,phases     ] GC(122)   Evacuate Collection Set: 8,8ms
[2023-11-08T18:23:26.831+0100][gc,phases     ] GC(122)   Post Evacuate Collection Set: 0,7ms
[2023-11-08T18:23:26.831+0100][gc,phases     ] GC(122)   Other: 0,3ms
[2023-11-08T18:23:26.831+0100][gc,heap       ] GC(122) Eden regions: 593->0(598)
[2023-11-08T18:23:26.831+0100][gc,heap       ] GC(122) Survivor regions: 21->16(77)
[2023-11-08T18:23:26.831+0100][gc,heap       ] GC(122) Old regions: 116->123
[2023-11-08T18:23:26.831+0100][gc,heap       ] GC(122) Humongous regions: 129->129
[2023-11-08T18:23:26.831+0100][gc,metaspace  ] GC(122) Metaspace: 48165K(51968K)->48165K(51968K) NonClass: 42208K(44288K)->42208K(44288K) Class: 5956K(7680K)->5956K(7680K)
[2023-11-08T18:23:26.831+0100][gc            ] GC(122) Pause Young (Normal) (G1 Evacuation Pause) 857M->265M(1024M) 9,952ms
[2023-11-08T18:23:26.831+0100][gc,cpu        ] GC(122) User=0,11s Sys=0,00s Real=0,01s
[2023-11-08T18:23:31.571+0100][gc,start      ] GC(123) Pause Young (Normal) (G1 Evacuation Pause)
[2023-11-08T18:23:31.571+0100][gc,task       ] GC(123) Using 13 workers of 13 for evacuation
[2023-11-08T18:23:31.579+0100][gc,phases     ] GC(123)   Pre Evacuate Collection Set: 0,0ms
[2023-11-08T18:23:31.579+0100][gc,phases     ] GC(123)   Evacuate Collection Set: 7,1ms
[2023-11-08T18:23:31.579+0100][gc,phases     ] GC(123)   Post Evacuate Collection Set: 0,7ms
[2023-11-08T18:23:31.579+0100][gc,phases     ] GC(123)   Other: 0,3ms
[2023-11-08T18:23:31.579+0100][gc,heap       ] GC(123) Eden regions: 598->0(600)
[2023-11-08T18:23:31.579+0100][gc,heap       ] GC(123) Survivor regions: 16->14(77)
[2023-11-08T18:23:31.579+0100][gc,heap       ] GC(123) Old regions: 123->125
[2023-11-08T18:23:31.579+0100][gc,heap       ] GC(123) Humongous regions: 129->129
[2023-11-08T18:23:31.579+0100][gc,metaspace  ] GC(123) Metaspace: 48165K(51968K)->48165K(51968K) NonClass: 42208K(44288K)->42208K(44288K) Class: 5956K(7680K)->5956K(7680K)
[2023-11-08T18:23:31.579+0100][gc            ] GC(123) Pause Young (Normal) (G1 Evacuation Pause) 863M->266M(1024M) 8,345ms
[2023-11-08T18:23:31.579+0100][gc,cpu        ] GC(123) User=0,08s Sys=0,02s Real=0,01s
[2023-11-08T18:23:36.412+0100][gc,start      ] GC(124) Pause Young (Normal) (G1 Evacuation Pause)
[2023-11-08T18:23:36.412+0100][gc,task       ] GC(124) Using 13 workers of 13 for evacuation
[2023-11-08T18:23:36.419+0100][gc,phases     ] GC(124)   Pre Evacuate Collection Set: 0,0ms
[2023-11-08T18:23:36.419+0100][gc,phases     ] GC(124)   Evacuate Collection Set: 6,2ms
[2023-11-08T18:23:36.419+0100][gc,phases     ] GC(124)   Post Evacuate Collection Set: 0,8ms
[2023-11-08T18:23:36.419+0100][gc,phases     ] GC(124)   Other: 0,3ms
[2023-11-08T18:23:36.419+0100][gc,heap       ] GC(124) Eden regions: 600->0(601)
[2023-11-08T18:23:36.419+0100][gc,heap       ] GC(124) Survivor regions: 14->13(77)
[2023-11-08T18:23:36.419+0100][gc,heap       ] GC(124) Old regions: 125->127
[2023-11-08T18:23:36.419+0100][gc,heap       ] GC(124) Humongous regions: 129->129
[2023-11-08T18:23:36.419+0100][gc,metaspace  ] GC(124) Metaspace: 48165K(51968K)->48165K(51968K) NonClass: 42208K(44288K)->42208K(44288K) Class: 5956K(7680K)->5956K(7680K)
[2023-11-08T18:23:36.419+0100][gc            ] GC(124) Pause Young (Normal) (G1 Evacuation Pause) 866M->266M(1024M) 7,471ms
[2023-11-08T18:23:36.419+0100][gc,cpu        ] GC(124) User=0,07s Sys=0,01s Real=0,01s
[2023-11-08T18:23:41.205+0100][gc,start      ] GC(125) Pause Young (Normal) (G1 Evacuation Pause)
[2023-11-08T18:23:41.205+0100][gc,task       ] GC(125) Using 13 workers of 13 for evacuation
[2023-11-08T18:23:41.213+0100][gc,phases     ] GC(125)   Pre Evacuate Collection Set: 0,0ms
[2023-11-08T18:23:41.213+0100][gc,phases     ] GC(125)   Evacuate Collection Set: 6,5ms
[2023-11-08T18:23:41.213+0100][gc,phases     ] GC(125)   Post Evacuate Collection Set: 0,8ms
[2023-11-08T18:23:41.213+0100][gc,phases     ] GC(125)   Other: 0,3ms
[2023-11-08T18:23:41.213+0100][gc,heap       ] GC(125) Eden regions: 601->0(600)
[2023-11-08T18:23:41.213+0100][gc,heap       ] GC(125) Survivor regions: 13->14(77)
[2023-11-08T18:23:41.213+0100][gc,heap       ] GC(125) Old regions: 127->128
[2023-11-08T18:23:41.213+0100][gc,heap       ] GC(125) Humongous regions: 129->129
[2023-11-08T18:23:41.213+0100][gc,metaspace  ] GC(125) Metaspace: 48165K(51968K)->48165K(51968K) NonClass: 42208K(44288K)->42208K(44288K) Class: 5956K(7680K)->5956K(7680K)
[2023-11-08T18:23:41.213+0100][gc            ] GC(125) Pause Young (Normal) (G1 Evacuation Pause) 867M->268M(1024M) 7,728ms
[2023-11-08T18:23:41.213+0100][gc,cpu        ] GC(125) User=0,08s Sys=0,00s Real=0,00s
[2023-11-08T18:23:45.268+0100][gc,start      ] GC(126) Pause Young (Normal) (G1 Evacuation Pause)
[2023-11-08T18:23:45.269+0100][gc,task       ] GC(126) Using 13 workers of 13 for evacuation
[2023-11-08T18:23:45.276+0100][gc,phases     ] GC(126)   Pre Evacuate Collection Set: 0,0ms
[2023-11-08T18:23:45.276+0100][gc,phases     ] GC(126)   Evacuate Collection Set: 6,6ms
[2023-11-08T18:23:45.276+0100][gc,phases     ] GC(126)   Post Evacuate Collection Set: 0,7ms
[2023-11-08T18:23:45.276+0100][gc,phases     ] GC(126)   Other: 0,3ms
[2023-11-08T18:23:45.276+0100][gc,heap       ] GC(126) Eden regions: 600->0(599)
[2023-11-08T18:23:45.276+0100][gc,heap       ] GC(126) Survivor regions: 14->15(77)
[2023-11-08T18:23:45.276+0100][gc,heap       ] GC(126) Old regions: 128->129
[2023-11-08T18:23:45.276+0100][gc,heap       ] GC(126) Humongous regions: 129->129
[2023-11-08T18:23:45.276+0100][gc,metaspace  ] GC(126) Metaspace: 48165K(51968K)->48165K(51968K) NonClass: 42208K(44288K)->42208K(44288K) Class: 5956K(7680K)->5956K(7680K)
[2023-11-08T18:23:45.276+0100][gc            ] GC(126) Pause Young (Normal) (G1 Evacuation Pause) 868M->270M(1024M) 7,717ms
[2023-11-08T18:23:45.276+0100][gc,cpu        ] GC(126) User=0,04s Sys=0,04s Real=0,01s
[2023-11-08T18:23:48.529+0100][gc,start      ] GC(127) Pause Young (Normal) (G1 Evacuation Pause)
[2023-11-08T18:23:48.529+0100][gc,task       ] GC(127) Using 13 workers of 13 for evacuation
[2023-11-08T18:23:48.537+0100][gc,phases     ] GC(127)   Pre Evacuate Collection Set: 0,0ms
[2023-11-08T18:23:48.537+0100][gc,phases     ] GC(127)   Evacuate Collection Set: 6,8ms
[2023-11-08T18:23:48.537+0100][gc,phases     ] GC(127)   Post Evacuate Collection Set: 0,8ms
[2023-11-08T18:23:48.537+0100][gc,phases     ] GC(127)   Other: 0,3ms
[2023-11-08T18:23:48.537+0100][gc,heap       ] GC(127) Eden regions: 599->0(598)
[2023-11-08T18:23:48.537+0100][gc,heap       ] GC(127) Survivor regions: 15->16(77)
[2023-11-08T18:23:48.537+0100][gc,heap       ] GC(127) Old regions: 129->130
[2023-11-08T18:23:48.537+0100][gc,heap       ] GC(127) Humongous regions: 129->129
[2023-11-08T18:23:48.537+0100][gc,metaspace  ] GC(127) Metaspace: 48165K(51968K)->48165K(51968K) NonClass: 42208K(44288K)->42208K(44288K) Class: 5956K(7680K)->5956K(7680K)
[2023-11-08T18:23:48.537+0100][gc            ] GC(127) Pause Young (Normal) (G1 Evacuation Pause) 869M->272M(1024M) 8,032ms
[2023-11-08T18:23:48.537+0100][gc,cpu        ] GC(127) User=0,09s Sys=0,00s Real=0,01s
[2023-11-08T18:23:51.168+0100][gc,start      ] GC(128) Pause Young (Normal) (G1 Evacuation Pause)
[2023-11-08T18:23:51.168+0100][gc,task       ] GC(128) Using 13 workers of 13 for evacuation
[2023-11-08T18:23:51.175+0100][gc,phases     ] GC(128)   Pre Evacuate Collection Set: 0,0ms
[2023-11-08T18:23:51.175+0100][gc,phases     ] GC(128)   Evacuate Collection Set: 6,3ms
[2023-11-08T18:23:51.175+0100][gc,phases     ] GC(128)   Post Evacuate Collection Set: 0,6ms
[2023-11-08T18:23:51.175+0100][gc,phases     ] GC(128)   Other: 0,3ms
[2023-11-08T18:23:51.175+0100][gc,heap       ] GC(128) Eden regions: 598->0(597)
[2023-11-08T18:23:51.175+0100][gc,heap       ] GC(128) Survivor regions: 16->17(77)
[2023-11-08T18:23:51.175+0100][gc,heap       ] GC(128) Old regions: 130->130
[2023-11-08T18:23:51.175+0100][gc,heap       ] GC(128) Humongous regions: 129->129
[2023-11-08T18:23:51.175+0100][gc,metaspace  ] GC(128) Metaspace: 48166K(51968K)->48166K(51968K) NonClass: 42209K(44288K)->42209K(44288K) Class: 5956K(7680K)->5956K(7680K)
[2023-11-08T18:23:51.175+0100][gc            ] GC(128) Pause Young (Normal) (G1 Evacuation Pause) 870M->274M(1024M) 7,199ms
[2023-11-08T18:23:51.175+0100][gc,cpu        ] GC(128) User=0,05s Sys=0,02s Real=0,01s
[2023-11-08T18:23:53.385+0100][gc,start      ] GC(129) Pause Young (Normal) (G1 Evacuation Pause)
[2023-11-08T18:23:53.385+0100][gc,task       ] GC(129) Using 13 workers of 13 for evacuation
[2023-11-08T18:23:53.394+0100][gc,phases     ] GC(129)   Pre Evacuate Collection Set: 0,0ms
[2023-11-08T18:23:53.394+0100][gc,phases     ] GC(129)   Evacuate Collection Set: 7,6ms
[2023-11-08T18:23:53.394+0100][gc,phases     ] GC(129)   Post Evacuate Collection Set: 0,6ms
[2023-11-08T18:23:53.394+0100][gc,phases     ] GC(129)   Other: 0,2ms
[2023-11-08T18:23:53.394+0100][gc,heap       ] GC(129) Eden regions: 597->0(596)
[2023-11-08T18:23:53.394+0100][gc,heap       ] GC(129) Survivor regions: 17->18(77)
[2023-11-08T18:23:53.394+0100][gc,heap       ] GC(129) Old regions: 130->131
[2023-11-08T18:23:53.394+0100][gc,heap       ] GC(129) Humongous regions: 129->129
[2023-11-08T18:23:53.394+0100][gc,metaspace  ] GC(129) Metaspace: 48183K(52224K)->48183K(52224K) NonClass: 42227K(44544K)->42227K(44544K) Class: 5956K(7680K)->5956K(7680K)
[2023-11-08T18:23:53.394+0100][gc            ] GC(129) Pause Young (Normal) (G1 Evacuation Pause) 871M->275M(1024M) 8,533ms
[2023-11-08T18:23:53.394+0100][gc,cpu        ] GC(129) User=0,07s Sys=0,01s Real=0,00s
[2023-11-08T18:23:55.629+0100][gc,start      ] GC(130) Pause Young (Normal) (G1 Evacuation Pause)
[2023-11-08T18:23:55.629+0100][gc,task       ] GC(130) Using 13 workers of 13 for evacuation
[2023-11-08T18:23:55.636+0100][gc,phases     ] GC(130)   Pre Evacuate Collection Set: 0,0ms
[2023-11-08T18:23:55.637+0100][gc,phases     ] GC(130)   Evacuate Collection Set: 6,9ms
[2023-11-08T18:23:55.637+0100][gc,phases     ] GC(130)   Post Evacuate Collection Set: 0,6ms
[2023-11-08T18:23:55.637+0100][gc,phases     ] GC(130)   Other: 0,3ms
[2023-11-08T18:23:55.637+0100][gc,heap       ] GC(130) Eden regions: 596->0(596)
[2023-11-08T18:23:55.637+0100][gc,heap       ] GC(130) Survivor regions: 18->18(77)
[2023-11-08T18:23:55.637+0100][gc,heap       ] GC(130) Old regions: 131->132
[2023-11-08T18:23:55.637+0100][gc,heap       ] GC(130) Humongous regions: 129->129
[2023-11-08T18:23:55.637+0100][gc,metaspace  ] GC(130) Metaspace: 48202K(52224K)->48202K(52224K) NonClass: 42246K(44544K)->42246K(44544K) Class: 5956K(7680K)->5956K(7680K)
[2023-11-08T18:23:55.637+0100][gc            ] GC(130) Pause Young (Normal) (G1 Evacuation Pause) 871M->276M(1024M) 7,845ms
[2023-11-08T18:23:55.637+0100][gc,cpu        ] GC(130) User=0,08s Sys=0,00s Real=0,01s
[2023-11-08T18:23:57.606+0100][gc,start      ] GC(131) Pause Young (Normal) (G1 Evacuation Pause)
[2023-11-08T18:23:57.606+0100][gc,task       ] GC(131) Using 13 workers of 13 for evacuation
[2023-11-08T18:23:57.614+0100][gc,phases     ] GC(131)   Pre Evacuate Collection Set: 0,0ms
[2023-11-08T18:23:57.614+0100][gc,phases     ] GC(131)   Evacuate Collection Set: 6,8ms
[2023-11-08T18:23:57.614+0100][gc,phases     ] GC(131)   Post Evacuate Collection Set: 0,8ms
[2023-11-08T18:23:57.614+0100][gc,phases     ] GC(131)   Other: 0,2ms
[2023-11-08T18:23:57.614+0100][gc,heap       ] GC(131) Eden regions: 596->0(595)
[2023-11-08T18:23:57.614+0100][gc,heap       ] GC(131) Survivor regions: 18->19(77)
[2023-11-08T18:23:57.614+0100][gc,heap       ] GC(131) Old regions: 132->133
[2023-11-08T18:23:57.614+0100][gc,heap       ] GC(131) Humongous regions: 129->129
[2023-11-08T18:23:57.614+0100][gc,metaspace  ] GC(131) Metaspace: 48202K(52224K)->48202K(52224K) NonClass: 42246K(44544K)->42246K(44544K) Class: 5956K(7680K)->5956K(7680K)
[2023-11-08T18:23:57.614+0100][gc            ] GC(131) Pause Young (Normal) (G1 Evacuation Pause) 872M->278M(1024M) 7,867ms
[2023-11-08T18:23:57.614+0100][gc,cpu        ] GC(131) User=0,08s Sys=0,01s Real=0,00s
[2023-11-08T18:23:59.612+0100][gc,start      ] GC(132) Pause Young (Normal) (G1 Evacuation Pause)
[2023-11-08T18:23:59.612+0100][gc,task       ] GC(132) Using 13 workers of 13 for evacuation
[2023-11-08T18:23:59.621+0100][gc,phases     ] GC(132)   Pre Evacuate Collection Set: 0,0ms
[2023-11-08T18:23:59.621+0100][gc,phases     ] GC(132)   Evacuate Collection Set: 7,5ms
[2023-11-08T18:23:59.621+0100][gc,phases     ] GC(132)   Post Evacuate Collection Set: 0,6ms
[2023-11-08T18:23:59.621+0100][gc,phases     ] GC(132)   Other: 0,3ms
[2023-11-08T18:23:59.621+0100][gc,heap       ] GC(132) Eden regions: 595->0(594)
[2023-11-08T18:23:59.621+0100][gc,heap       ] GC(132) Survivor regions: 19->20(77)
[2023-11-08T18:23:59.621+0100][gc,heap       ] GC(132) Old regions: 133->133
[2023-11-08T18:23:59.621+0100][gc,heap       ] GC(132) Humongous regions: 129->129
[2023-11-08T18:23:59.621+0100][gc,metaspace  ] GC(132) Metaspace: 48204K(52224K)->48204K(52224K) NonClass: 42247K(44544K)->42247K(44544K) Class: 5956K(7680K)->5956K(7680K)
[2023-11-08T18:23:59.621+0100][gc            ] GC(132) Pause Young (Normal) (G1 Evacuation Pause) 873M->280M(1024M) 8,516ms
[2023-11-08T18:23:59.621+0100][gc,cpu        ] GC(132) User=0,09s Sys=0,00s Real=0,01s
[2023-11-08T18:24:01.572+0100][gc,start      ] GC(133) Pause Young (Normal) (G1 Evacuation Pause)
[2023-11-08T18:24:01.572+0100][gc,task       ] GC(133) Using 13 workers of 13 for evacuation
[2023-11-08T18:24:01.579+0100][gc,phases     ] GC(133)   Pre Evacuate Collection Set: 0,0ms
[2023-11-08T18:24:01.579+0100][gc,phases     ] GC(133)   Evacuate Collection Set: 6,9ms
[2023-11-08T18:24:01.579+0100][gc,phases     ] GC(133)   Post Evacuate Collection Set: 0,7ms
[2023-11-08T18:24:01.579+0100][gc,phases     ] GC(133)   Other: 0,2ms
[2023-11-08T18:24:01.579+0100][gc,heap       ] GC(133) Eden regions: 594->0(593)
[2023-11-08T18:24:01.579+0100][gc,heap       ] GC(133) Survivor regions: 20->21(77)
[2023-11-08T18:24:01.579+0100][gc,heap       ] GC(133) Old regions: 133->134
[2023-11-08T18:24:01.579+0100][gc,heap       ] GC(133) Humongous regions: 129->129
[2023-11-08T18:24:01.579+0100][gc,metaspace  ] GC(133) Metaspace: 48209K(52224K)->48209K(52224K) NonClass: 42253K(44544K)->42253K(44544K) Class: 5956K(7680K)->5956K(7680K)
[2023-11-08T18:24:01.579+0100][gc            ] GC(133) Pause Young (Normal) (G1 Evacuation Pause) 874M->281M(1024M) 7,867ms
[2023-11-08T18:24:01.579+0100][gc,cpu        ] GC(133) User=0,07s Sys=0,01s Real=0,01s
[2023-11-08T18:24:03.502+0100][gc,start      ] GC(134) Pause Young (Normal) (G1 Evacuation Pause)
[2023-11-08T18:24:03.503+0100][gc,task       ] GC(134) Using 13 workers of 13 for evacuation
[2023-11-08T18:24:03.511+0100][gc,phases     ] GC(134)   Pre Evacuate Collection Set: 0,0ms
[2023-11-08T18:24:03.511+0100][gc,phases     ] GC(134)   Evacuate Collection Set: 7,7ms
[2023-11-08T18:24:03.511+0100][gc,phases     ] GC(134)   Post Evacuate Collection Set: 0,6ms
[2023-11-08T18:24:03.511+0100][gc,phases     ] GC(134)   Other: 0,2ms
[2023-11-08T18:24:03.511+0100][gc,heap       ] GC(134) Eden regions: 593->0(592)
[2023-11-08T18:24:03.511+0100][gc,heap       ] GC(134) Survivor regions: 21->22(77)
[2023-11-08T18:24:03.511+0100][gc,heap       ] GC(134) Old regions: 134->134
[2023-11-08T18:24:03.511+0100][gc,heap       ] GC(134) Humongous regions: 129->129
[2023-11-08T18:24:03.511+0100][gc,metaspace  ] GC(134) Metaspace: 48209K(52224K)->48209K(52224K) NonClass: 42253K(44544K)->42253K(44544K) Class: 5956K(7680K)->5956K(7680K)
[2023-11-08T18:24:03.511+0100][gc            ] GC(134) Pause Young (Normal) (G1 Evacuation Pause) 874M->283M(1024M) 8,606ms
[2023-11-08T18:24:03.511+0100][gc,cpu        ] GC(134) User=0,07s Sys=0,01s Real=0,01s
[2023-11-08T18:24:05.402+0100][gc,start      ] GC(135) Pause Young (Normal) (G1 Evacuation Pause)
[2023-11-08T18:24:05.402+0100][gc,task       ] GC(135) Using 13 workers of 13 for evacuation
[2023-11-08T18:24:05.411+0100][gc,phases     ] GC(135)   Pre Evacuate Collection Set: 0,0ms
[2023-11-08T18:24:05.411+0100][gc,phases     ] GC(135)   Evacuate Collection Set: 7,4ms
[2023-11-08T18:24:05.411+0100][gc,phases     ] GC(135)   Post Evacuate Collection Set: 0,6ms
[2023-11-08T18:24:05.411+0100][gc,phases     ] GC(135)   Other: 0,2ms
[2023-11-08T18:24:05.411+0100][gc,heap       ] GC(135) Eden regions: 592->0(591)
[2023-11-08T18:24:05.411+0100][gc,heap       ] GC(135) Survivor regions: 22->23(77)
[2023-11-08T18:24:05.411+0100][gc,heap       ] GC(135) Old regions: 134->135
[2023-11-08T18:24:05.411+0100][gc,heap       ] GC(135) Humongous regions: 129->129
[2023-11-08T18:24:05.411+0100][gc,metaspace  ] GC(135) Metaspace: 48209K(52224K)->48209K(52224K) NonClass: 42253K(44544K)->42253K(44544K) Class: 5956K(7680K)->5956K(7680K)
[2023-11-08T18:24:05.411+0100][gc            ] GC(135) Pause Young (Normal) (G1 Evacuation Pause) 875M->284M(1024M) 8,415ms
[2023-11-08T18:24:05.411+0100][gc,cpu        ] GC(135) User=0,08s Sys=0,02s Real=0,01s
[2023-11-08T18:24:07.139+0100][gc,start      ] GC(136) Pause Young (Normal) (G1 Evacuation Pause)
[2023-11-08T18:24:07.139+0100][gc,task       ] GC(136) Using 13 workers of 13 for evacuation
[2023-11-08T18:24:07.148+0100][gc,phases     ] GC(136)   Pre Evacuate Collection Set: 0,0ms
[2023-11-08T18:24:07.148+0100][gc,phases     ] GC(136)   Evacuate Collection Set: 7,5ms
[2023-11-08T18:24:07.148+0100][gc,phases     ] GC(136)   Post Evacuate Collection Set: 0,6ms
[2023-11-08T18:24:07.148+0100][gc,phases     ] GC(136)   Other: 0,3ms
[2023-11-08T18:24:07.148+0100][gc,heap       ] GC(136) Eden regions: 591->0(591)
[2023-11-08T18:24:07.148+0100][gc,heap       ] GC(136) Survivor regions: 23->23(77)
[2023-11-08T18:24:07.148+0100][gc,heap       ] GC(136) Old regions: 135->136
[2023-11-08T18:24:07.148+0100][gc,heap       ] GC(136) Humongous regions: 129->129
[2023-11-08T18:24:07.148+0100][gc,metaspace  ] GC(136) Metaspace: 48209K(52224K)->48209K(52224K) NonClass: 42253K(44544K)->42253K(44544K) Class: 5956K(7680K)->5956K(7680K)
[2023-11-08T18:24:07.148+0100][gc            ] GC(136) Pause Young (Normal) (G1 Evacuation Pause) 875M->286M(1024M) 8,482ms
[2023-11-08T18:24:07.148+0100][gc,cpu        ] GC(136) User=0,08s Sys=0,01s Real=0,01s
[2023-11-08T18:24:08.846+0100][gc,start      ] GC(137) Pause Young (Normal) (G1 Evacuation Pause)
[2023-11-08T18:24:08.846+0100][gc,task       ] GC(137) Using 13 workers of 13 for evacuation
[2023-11-08T18:24:08.855+0100][gc,phases     ] GC(137)   Pre Evacuate Collection Set: 0,0ms
[2023-11-08T18:24:08.855+0100][gc,phases     ] GC(137)   Evacuate Collection Set: 7,5ms
[2023-11-08T18:24:08.855+0100][gc,phases     ] GC(137)   Post Evacuate Collection Set: 0,6ms
[2023-11-08T18:24:08.855+0100][gc,phases     ] GC(137)   Other: 0,2ms
[2023-11-08T18:24:08.855+0100][gc,heap       ] GC(137) Eden regions: 591->0(590)
[2023-11-08T18:24:08.855+0100][gc,heap       ] GC(137) Survivor regions: 23->24(77)
[2023-11-08T18:24:08.855+0100][gc,heap       ] GC(137) Old regions: 136->137
[2023-11-08T18:24:08.855+0100][gc,heap       ] GC(137) Humongous regions: 129->129
[2023-11-08T18:24:08.855+0100][gc,metaspace  ] GC(137) Metaspace: 48209K(52224K)->48209K(52224K) NonClass: 42253K(44544K)->42253K(44544K) Class: 5956K(7680K)->5956K(7680K)
[2023-11-08T18:24:08.855+0100][gc            ] GC(137) Pause Young (Normal) (G1 Evacuation Pause) 877M->287M(1024M) 8,450ms
[2023-11-08T18:24:08.855+0100][gc,cpu        ] GC(137) User=0,09s Sys=0,02s Real=0,01s
[2023-11-08T18:24:10.554+0100][gc,start      ] GC(138) Pause Young (Normal) (G1 Evacuation Pause)
[2023-11-08T18:24:10.554+0100][gc,task       ] GC(138) Using 13 workers of 13 for evacuation
[2023-11-08T18:24:10.563+0100][gc,phases     ] GC(138)   Pre Evacuate Collection Set: 0,0ms
[2023-11-08T18:24:10.563+0100][gc,phases     ] GC(138)   Evacuate Collection Set: 8,1ms
[2023-11-08T18:24:10.563+0100][gc,phases     ] GC(138)   Post Evacuate Collection Set: 0,7ms
[2023-11-08T18:24:10.563+0100][gc,phases     ] GC(138)   Other: 0,2ms
[2023-11-08T18:24:10.563+0100][gc,heap       ] GC(138) Eden regions: 590->0(590)
[2023-11-08T18:24:10.563+0100][gc,heap       ] GC(138) Survivor regions: 24->24(77)
[2023-11-08T18:24:10.563+0100][gc,heap       ] GC(138) Old regions: 137->138
[2023-11-08T18:24:10.563+0100][gc,heap       ] GC(138) Humongous regions: 129->129
[2023-11-08T18:24:10.563+0100][gc,metaspace  ] GC(138) Metaspace: 48211K(52224K)->48211K(52224K) NonClass: 42255K(44544K)->42255K(44544K) Class: 5956K(7680K)->5956K(7680K)
[2023-11-08T18:24:10.563+0100][gc            ] GC(138) Pause Young (Normal) (G1 Evacuation Pause) 877M->289M(1024M) 9,161ms
[2023-11-08T18:24:10.563+0100][gc,cpu        ] GC(138) User=0,10s Sys=0,00s Real=0,02s
[2023-11-08T18:24:12.265+0100][gc,start      ] GC(139) Pause Young (Normal) (G1 Evacuation Pause)
[2023-11-08T18:24:12.265+0100][gc,task       ] GC(139) Using 13 workers of 13 for evacuation
[2023-11-08T18:24:12.274+0100][gc,phases     ] GC(139)   Pre Evacuate Collection Set: 0,0ms
[2023-11-08T18:24:12.274+0100][gc,phases     ] GC(139)   Evacuate Collection Set: 8,0ms
[2023-11-08T18:24:12.274+0100][gc,phases     ] GC(139)   Post Evacuate Collection Set: 0,6ms
[2023-11-08T18:24:12.274+0100][gc,phases     ] GC(139)   Other: 0,2ms
[2023-11-08T18:24:12.274+0100][gc,heap       ] GC(139) Eden regions: 590->0(589)
[2023-11-08T18:24:12.274+0100][gc,heap       ] GC(139) Survivor regions: 24->25(77)
[2023-11-08T18:24:12.274+0100][gc,heap       ] GC(139) Old regions: 138->139
[2023-11-08T18:24:12.274+0100][gc,heap       ] GC(139) Humongous regions: 129->129
[2023-11-08T18:24:12.274+0100][gc,metaspace  ] GC(139) Metaspace: 48211K(52224K)->48211K(52224K) NonClass: 42255K(44544K)->42255K(44544K) Class: 5956K(7680K)->5956K(7680K)
[2023-11-08T18:24:12.274+0100][gc            ] GC(139) Pause Young (Normal) (G1 Evacuation Pause) 879M->291M(1024M) 8,988ms
[2023-11-08T18:24:12.274+0100][gc,cpu        ] GC(139) User=0,09s Sys=0,01s Real=0,00s
[2023-11-08T18:24:13.943+0100][gc,start      ] GC(140) Pause Young (Normal) (G1 Evacuation Pause)
[2023-11-08T18:24:13.943+0100][gc,task       ] GC(140) Using 13 workers of 13 for evacuation
[2023-11-08T18:24:13.948+0100][gc,phases     ] GC(140)   Pre Evacuate Collection Set: 0,0ms
[2023-11-08T18:24:13.948+0100][gc,phases     ] GC(140)   Evacuate Collection Set: 3,5ms
[2023-11-08T18:24:13.948+0100][gc,phases     ] GC(140)   Post Evacuate Collection Set: 0,6ms
[2023-11-08T18:24:13.948+0100][gc,phases     ] GC(140)   Other: 0,2ms
[2023-11-08T18:24:13.948+0100][gc,heap       ] GC(140) Eden regions: 589->0(605)
[2023-11-08T18:24:13.948+0100][gc,heap       ] GC(140) Survivor regions: 25->9(77)
[2023-11-08T18:24:13.948+0100][gc,heap       ] GC(140) Old regions: 139->140
[2023-11-08T18:24:13.948+0100][gc,heap       ] GC(140) Humongous regions: 129->129
[2023-11-08T18:24:13.948+0100][gc,metaspace  ] GC(140) Metaspace: 48211K(52224K)->48211K(52224K) NonClass: 42255K(44544K)->42255K(44544K) Class: 5956K(7680K)->5956K(7680K)
[2023-11-08T18:24:13.948+0100][gc            ] GC(140) Pause Young (Normal) (G1 Evacuation Pause) 880M->275M(1024M) 4,374ms
[2023-11-08T18:24:13.948+0100][gc,cpu        ] GC(140) User=0,01s Sys=0,03s Real=0,00s
[2023-11-08T18:24:15.646+0100][gc,start      ] GC(141) Pause Young (Normal) (G1 Evacuation Pause)
[2023-11-08T18:24:15.646+0100][gc,task       ] GC(141) Using 13 workers of 13 for evacuation
[2023-11-08T18:24:15.652+0100][gc,phases     ] GC(141)   Pre Evacuate Collection Set: 0,0ms
[2023-11-08T18:24:15.652+0100][gc,phases     ] GC(141)   Evacuate Collection Set: 4,5ms
[2023-11-08T18:24:15.652+0100][gc,phases     ] GC(141)   Post Evacuate Collection Set: 0,6ms
[2023-11-08T18:24:15.652+0100][gc,phases     ] GC(141)   Other: 0,2ms
[2023-11-08T18:24:15.652+0100][gc,heap       ] GC(141) Eden regions: 605->0(606)
[2023-11-08T18:24:15.652+0100][gc,heap       ] GC(141) Survivor regions: 9->8(77)
[2023-11-08T18:24:15.652+0100][gc,heap       ] GC(141) Old regions: 140->141
[2023-11-08T18:24:15.652+0100][gc,heap       ] GC(141) Humongous regions: 129->129
[2023-11-08T18:24:15.652+0100][gc,metaspace  ] GC(141) Metaspace: 48211K(52224K)->48211K(52224K) NonClass: 42255K(44544K)->42255K(44544K) Class: 5956K(7680K)->5956K(7680K)
[2023-11-08T18:24:15.652+0100][gc            ] GC(141) Pause Young (Normal) (G1 Evacuation Pause) 880M->275M(1024M) 5,404ms
[2023-11-08T18:24:15.652+0100][gc,cpu        ] GC(141) User=0,05s Sys=0,00s Real=0,00s
[2023-11-08T18:24:17.300+0100][gc,start      ] GC(142) Pause Young (Normal) (G1 Evacuation Pause)
[2023-11-08T18:24:17.300+0100][gc,task       ] GC(142) Using 13 workers of 13 for evacuation
[2023-11-08T18:24:17.305+0100][gc,phases     ] GC(142)   Pre Evacuate Collection Set: 0,0ms
[2023-11-08T18:24:17.305+0100][gc,phases     ] GC(142)   Evacuate Collection Set: 4,3ms
[2023-11-08T18:24:17.305+0100][gc,phases     ] GC(142)   Post Evacuate Collection Set: 0,7ms
[2023-11-08T18:24:17.305+0100][gc,phases     ] GC(142)   Other: 0,3ms
[2023-11-08T18:24:17.305+0100][gc,heap       ] GC(142) Eden regions: 606->0(605)
[2023-11-08T18:24:17.305+0100][gc,heap       ] GC(142) Survivor regions: 8->9(77)
[2023-11-08T18:24:17.305+0100][gc,heap       ] GC(142) Old regions: 141->141
[2023-11-08T18:24:17.305+0100][gc,heap       ] GC(142) Humongous regions: 129->129
[2023-11-08T18:24:17.305+0100][gc,metaspace  ] GC(142) Metaspace: 48211K(52224K)->48211K(52224K) NonClass: 42255K(44544K)->42255K(44544K) Class: 5956K(7680K)->5956K(7680K)
[2023-11-08T18:24:17.305+0100][gc            ] GC(142) Pause Young (Normal) (G1 Evacuation Pause) 881M->277M(1024M) 5,386ms
[2023-11-08T18:24:17.305+0100][gc,cpu        ] GC(142) User=0,06s Sys=0,01s Real=0,01s
[2023-11-08T18:24:18.915+0100][gc,start      ] GC(143) Pause Young (Normal) (G1 Evacuation Pause)
[2023-11-08T18:24:18.915+0100][gc,task       ] GC(143) Using 13 workers of 13 for evacuation
[2023-11-08T18:24:18.921+0100][gc,phases     ] GC(143)   Pre Evacuate Collection Set: 0,0ms
[2023-11-08T18:24:18.921+0100][gc,phases     ] GC(143)   Evacuate Collection Set: 5,4ms
[2023-11-08T18:24:18.921+0100][gc,phases     ] GC(143)   Post Evacuate Collection Set: 0,6ms
[2023-11-08T18:24:18.921+0100][gc,phases     ] GC(143)   Other: 0,3ms
[2023-11-08T18:24:18.921+0100][gc,heap       ] GC(143) Eden regions: 605->0(603)
[2023-11-08T18:24:18.921+0100][gc,heap       ] GC(143) Survivor regions: 9->11(77)
[2023-11-08T18:24:18.921+0100][gc,heap       ] GC(143) Old regions: 141->142
[2023-11-08T18:24:18.921+0100][gc,heap       ] GC(143) Humongous regions: 129->129
[2023-11-08T18:24:18.921+0100][gc,metaspace  ] GC(143) Metaspace: 48211K(52224K)->48211K(52224K) NonClass: 42255K(44544K)->42255K(44544K) Class: 5956K(7680K)->5956K(7680K)
[2023-11-08T18:24:18.921+0100][gc            ] GC(143) Pause Young (Normal) (G1 Evacuation Pause) 882M->279M(1024M) 6,501ms
[2023-11-08T18:24:18.921+0100][gc,cpu        ] GC(143) User=0,06s Sys=0,01s Real=0,01s
[2023-11-08T18:24:20.536+0100][gc,start      ] GC(144) Pause Young (Normal) (G1 Evacuation Pause)
[2023-11-08T18:24:20.536+0100][gc,task       ] GC(144) Using 13 workers of 13 for evacuation
[2023-11-08T18:24:20.542+0100][gc,phases     ] GC(144)   Pre Evacuate Collection Set: 0,0ms
[2023-11-08T18:24:20.542+0100][gc,phases     ] GC(144)   Evacuate Collection Set: 5,2ms
[2023-11-08T18:24:20.542+0100][gc,phases     ] GC(144)   Post Evacuate Collection Set: 0,6ms
[2023-11-08T18:24:20.542+0100][gc,phases     ] GC(144)   Other: 0,2ms
[2023-11-08T18:24:20.542+0100][gc,heap       ] GC(144) Eden regions: 603->0(601)
[2023-11-08T18:24:20.542+0100][gc,heap       ] GC(144) Survivor regions: 11->13(77)
[2023-11-08T18:24:20.542+0100][gc,heap       ] GC(144) Old regions: 142->142
[2023-11-08T18:24:20.542+0100][gc,heap       ] GC(144) Humongous regions: 129->129
[2023-11-08T18:24:20.542+0100][gc,metaspace  ] GC(144) Metaspace: 48211K(52224K)->48211K(52224K) NonClass: 42255K(44544K)->42255K(44544K) Class: 5956K(7680K)->5956K(7680K)
[2023-11-08T18:24:20.542+0100][gc            ] GC(144) Pause Young (Normal) (G1 Evacuation Pause) 882M->281M(1024M) 6,116ms
[2023-11-08T18:24:20.542+0100][gc,cpu        ] GC(144) User=0,06s Sys=0,00s Real=0,00s
[2023-11-08T18:24:22.151+0100][gc,start      ] GC(145) Pause Young (Normal) (G1 Evacuation Pause)
[2023-11-08T18:24:22.151+0100][gc,task       ] GC(145) Using 13 workers of 13 for evacuation
[2023-11-08T18:24:22.157+0100][gc,phases     ] GC(145)   Pre Evacuate Collection Set: 0,0ms
[2023-11-08T18:24:22.157+0100][gc,phases     ] GC(145)   Evacuate Collection Set: 5,3ms
[2023-11-08T18:24:22.157+0100][gc,phases     ] GC(145)   Post Evacuate Collection Set: 0,6ms
[2023-11-08T18:24:22.157+0100][gc,phases     ] GC(145)   Other: 0,2ms
[2023-11-08T18:24:22.157+0100][gc,heap       ] GC(145) Eden regions: 601->0(599)
[2023-11-08T18:24:22.157+0100][gc,heap       ] GC(145) Survivor regions: 13->15(77)
[2023-11-08T18:24:22.157+0100][gc,heap       ] GC(145) Old regions: 142->143
[2023-11-08T18:24:22.157+0100][gc,heap       ] GC(145) Humongous regions: 129->129
[2023-11-08T18:24:22.157+0100][gc,metaspace  ] GC(145) Metaspace: 48211K(52224K)->48211K(52224K) NonClass: 42255K(44544K)->42255K(44544K) Class: 5956K(7680K)->5956K(7680K)
[2023-11-08T18:24:22.157+0100][gc            ] GC(145) Pause Young (Normal) (G1 Evacuation Pause) 882M->284M(1024M) 6,218ms
[2023-11-08T18:24:22.157+0100][gc,cpu        ] GC(145) User=0,06s Sys=0,01s Real=0,01s
[2023-11-08T18:24:23.777+0100][gc,start      ] GC(146) Pause Young (Normal) (G1 Evacuation Pause)
[2023-11-08T18:24:23.777+0100][gc,task       ] GC(146) Using 13 workers of 13 for evacuation
[2023-11-08T18:24:23.783+0100][gc,phases     ] GC(146)   Pre Evacuate Collection Set: 0,0ms
[2023-11-08T18:24:23.784+0100][gc,phases     ] GC(146)   Evacuate Collection Set: 5,8ms
[2023-11-08T18:24:23.784+0100][gc,phases     ] GC(146)   Post Evacuate Collection Set: 0,6ms
[2023-11-08T18:24:23.784+0100][gc,phases     ] GC(146)   Other: 0,2ms
[2023-11-08T18:24:23.784+0100][gc,heap       ] GC(146) Eden regions: 599->0(597)
[2023-11-08T18:24:23.784+0100][gc,heap       ] GC(146) Survivor regions: 15->17(77)
[2023-11-08T18:24:23.784+0100][gc,heap       ] GC(146) Old regions: 143->143
[2023-11-08T18:24:23.784+0100][gc,heap       ] GC(146) Humongous regions: 129->129
[2023-11-08T18:24:23.784+0100][gc,metaspace  ] GC(146) Metaspace: 48211K(52224K)->48211K(52224K) NonClass: 42255K(44544K)->42255K(44544K) Class: 5956K(7680K)->5956K(7680K)
[2023-11-08T18:24:23.784+0100][gc            ] GC(146) Pause Young (Normal) (G1 Evacuation Pause) 883M->286M(1024M) 6,709ms
[2023-11-08T18:24:23.784+0100][gc,cpu        ] GC(146) User=0,05s Sys=0,03s Real=0,01s
[2023-11-08T18:24:25.388+0100][gc,start      ] GC(147) Pause Young (Normal) (G1 Evacuation Pause)
[2023-11-08T18:24:25.388+0100][gc,task       ] GC(147) Using 13 workers of 13 for evacuation
[2023-11-08T18:24:25.395+0100][gc,phases     ] GC(147)   Pre Evacuate Collection Set: 0,0ms
[2023-11-08T18:24:25.395+0100][gc,phases     ] GC(147)   Evacuate Collection Set: 6,5ms
[2023-11-08T18:24:25.395+0100][gc,phases     ] GC(147)   Post Evacuate Collection Set: 0,7ms
[2023-11-08T18:24:25.395+0100][gc,phases     ] GC(147)   Other: 0,2ms
[2023-11-08T18:24:25.395+0100][gc,heap       ] GC(147) Eden regions: 597->0(595)
[2023-11-08T18:24:25.395+0100][gc,heap       ] GC(147) Survivor regions: 17->19(77)
[2023-11-08T18:24:25.395+0100][gc,heap       ] GC(147) Old regions: 143->143
[2023-11-08T18:24:25.395+0100][gc,heap       ] GC(147) Humongous regions: 129->129
[2023-11-08T18:24:25.395+0100][gc,metaspace  ] GC(147) Metaspace: 48211K(52224K)->48211K(52224K) NonClass: 42255K(44544K)->42255K(44544K) Class: 5956K(7680K)->5956K(7680K)
[2023-11-08T18:24:25.395+0100][gc            ] GC(147) Pause Young (Normal) (G1 Evacuation Pause) 883M->289M(1024M) 7,524ms
[2023-11-08T18:24:25.395+0100][gc,cpu        ] GC(147) User=0,06s Sys=0,02s Real=0,01s
[2023-11-08T18:24:27.002+0100][gc,start      ] GC(148) Pause Young (Normal) (G1 Evacuation Pause)
[2023-11-08T18:24:27.002+0100][gc,task       ] GC(148) Using 13 workers of 13 for evacuation
[2023-11-08T18:24:27.010+0100][gc,phases     ] GC(148)   Pre Evacuate Collection Set: 0,0ms
[2023-11-08T18:24:27.010+0100][gc,phases     ] GC(148)   Evacuate Collection Set: 6,8ms
[2023-11-08T18:24:27.010+0100][gc,phases     ] GC(148)   Post Evacuate Collection Set: 0,6ms
[2023-11-08T18:24:27.010+0100][gc,phases     ] GC(148)   Other: 0,3ms
[2023-11-08T18:24:27.010+0100][gc,heap       ] GC(148) Eden regions: 595->0(592)
[2023-11-08T18:24:27.010+0100][gc,heap       ] GC(148) Survivor regions: 19->22(77)
[2023-11-08T18:24:27.010+0100][gc,heap       ] GC(148) Old regions: 143->144
[2023-11-08T18:24:27.010+0100][gc,heap       ] GC(148) Humongous regions: 129->129
[2023-11-08T18:24:27.010+0100][gc,metaspace  ] GC(148) Metaspace: 48211K(52224K)->48211K(52224K) NonClass: 42255K(44544K)->42255K(44544K) Class: 5956K(7680K)->5956K(7680K)
[2023-11-08T18:24:27.010+0100][gc            ] GC(148) Pause Young (Normal) (G1 Evacuation Pause) 884M->292M(1024M) 7,798ms
[2023-11-08T18:24:27.010+0100][gc,cpu        ] GC(148) User=0,09s Sys=0,00s Real=0,01s
[2023-11-08T18:24:28.594+0100][gc,start      ] GC(149) Pause Young (Normal) (G1 Evacuation Pause)
[2023-11-08T18:24:28.594+0100][gc,task       ] GC(149) Using 13 workers of 13 for evacuation
[2023-11-08T18:24:28.603+0100][gc,phases     ] GC(149)   Pre Evacuate Collection Set: 0,0ms
[2023-11-08T18:24:28.603+0100][gc,phases     ] GC(149)   Evacuate Collection Set: 7,6ms
[2023-11-08T18:24:28.603+0100][gc,phases     ] GC(149)   Post Evacuate Collection Set: 0,7ms
[2023-11-08T18:24:28.603+0100][gc,phases     ] GC(149)   Other: 0,2ms
[2023-11-08T18:24:28.603+0100][gc,heap       ] GC(149) Eden regions: 592->0(590)
[2023-11-08T18:24:28.603+0100][gc,heap       ] GC(149) Survivor regions: 22->24(77)
[2023-11-08T18:24:28.603+0100][gc,heap       ] GC(149) Old regions: 144->144
[2023-11-08T18:24:28.603+0100][gc,heap       ] GC(149) Humongous regions: 129->129
[2023-11-08T18:24:28.603+0100][gc,metaspace  ] GC(149) Metaspace: 48211K(52224K)->48211K(52224K) NonClass: 42255K(44544K)->42255K(44544K) Class: 5956K(7680K)->5956K(7680K)
[2023-11-08T18:24:28.603+0100][gc            ] GC(149) Pause Young (Normal) (G1 Evacuation Pause) 884M->295M(1024M) 8,608ms
[2023-11-08T18:24:28.603+0100][gc,cpu        ] GC(149) User=0,10s Sys=0,00s Real=0,02s
[2023-11-08T18:24:30.200+0100][gc,start      ] GC(150) Pause Young (Normal) (G1 Evacuation Pause)
[2023-11-08T18:24:30.200+0100][gc,task       ] GC(150) Using 13 workers of 13 for evacuation
[2023-11-08T18:24:30.209+0100][gc,phases     ] GC(150)   Pre Evacuate Collection Set: 0,0ms
[2023-11-08T18:24:30.209+0100][gc,phases     ] GC(150)   Evacuate Collection Set: 8,5ms
[2023-11-08T18:24:30.209+0100][gc,phases     ] GC(150)   Post Evacuate Collection Set: 0,6ms
[2023-11-08T18:24:30.209+0100][gc,phases     ] GC(150)   Other: 0,2ms
[2023-11-08T18:24:30.209+0100][gc,heap       ] GC(150) Eden regions: 590->0(588)
[2023-11-08T18:24:30.209+0100][gc,heap       ] GC(150) Survivor regions: 24->26(77)
[2023-11-08T18:24:30.209+0100][gc,heap       ] GC(150) Old regions: 144->144
[2023-11-08T18:24:30.209+0100][gc,heap       ] GC(150) Humongous regions: 129->129
[2023-11-08T18:24:30.209+0100][gc,metaspace  ] GC(150) Metaspace: 48211K(52224K)->48211K(52224K) NonClass: 42255K(44544K)->42255K(44544K) Class: 5956K(7680K)->5956K(7680K)
[2023-11-08T18:24:30.209+0100][gc            ] GC(150) Pause Young (Normal) (G1 Evacuation Pause) 885M->297M(1024M) 9,436ms
[2023-11-08T18:24:30.209+0100][gc,cpu        ] GC(150) User=0,10s Sys=0,01s Real=0,01s
[2023-11-08T18:24:31.808+0100][gc,start      ] GC(151) Pause Young (Normal) (G1 Evacuation Pause)
[2023-11-08T18:24:31.808+0100][gc,task       ] GC(151) Using 13 workers of 13 for evacuation
[2023-11-08T18:24:31.817+0100][gc,phases     ] GC(151)   Pre Evacuate Collection Set: 0,0ms
[2023-11-08T18:24:31.817+0100][gc,phases     ] GC(151)   Evacuate Collection Set: 8,7ms
[2023-11-08T18:24:31.817+0100][gc,phases     ] GC(151)   Post Evacuate Collection Set: 0,6ms
[2023-11-08T18:24:31.817+0100][gc,phases     ] GC(151)   Other: 0,2ms
[2023-11-08T18:24:31.817+0100][gc,heap       ] GC(151) Eden regions: 588->0(585)
[2023-11-08T18:24:31.817+0100][gc,heap       ] GC(151) Survivor regions: 26->29(77)
[2023-11-08T18:24:31.817+0100][gc,heap       ] GC(151) Old regions: 144->144
[2023-11-08T18:24:31.817+0100][gc,heap       ] GC(151) Humongous regions: 129->129
[2023-11-08T18:24:31.817+0100][gc,metaspace  ] GC(151) Metaspace: 48211K(52224K)->48211K(52224K) NonClass: 42255K(44544K)->42255K(44544K) Class: 5956K(7680K)->5956K(7680K)
[2023-11-08T18:24:31.817+0100][gc            ] GC(151) Pause Young (Normal) (G1 Evacuation Pause) 885M->300M(1024M) 9,622ms
[2023-11-08T18:24:31.817+0100][gc,cpu        ] GC(151) User=0,10s Sys=0,01s Real=0,01s
[2023-11-08T18:24:33.383+0100][gc,start      ] GC(152) Pause Young (Normal) (G1 Evacuation Pause)
[2023-11-08T18:24:33.383+0100][gc,task       ] GC(152) Using 13 workers of 13 for evacuation
[2023-11-08T18:24:33.393+0100][gc,phases     ] GC(152)   Pre Evacuate Collection Set: 0,0ms
[2023-11-08T18:24:33.393+0100][gc,phases     ] GC(152)   Evacuate Collection Set: 9,2ms
[2023-11-08T18:24:33.393+0100][gc,phases     ] GC(152)   Post Evacuate Collection Set: 0,6ms
[2023-11-08T18:24:33.393+0100][gc,phases     ] GC(152)   Other: 0,2ms
[2023-11-08T18:24:33.393+0100][gc,heap       ] GC(152) Eden regions: 585->0(583)
[2023-11-08T18:24:33.393+0100][gc,heap       ] GC(152) Survivor regions: 29->31(77)
[2023-11-08T18:24:33.393+0100][gc,heap       ] GC(152) Old regions: 144->145
[2023-11-08T18:24:33.393+0100][gc,heap       ] GC(152) Humongous regions: 129->129
[2023-11-08T18:24:33.393+0100][gc,metaspace  ] GC(152) Metaspace: 48211K(52224K)->48211K(52224K) NonClass: 42255K(44544K)->42255K(44544K) Class: 5956K(7680K)->5956K(7680K)
[2023-11-08T18:24:33.393+0100][gc            ] GC(152) Pause Young (Normal) (G1 Evacuation Pause) 885M->302M(1024M) 10,200ms
[2023-11-08T18:24:33.393+0100][gc,cpu        ] GC(152) User=0,10s Sys=0,01s Real=0,00s
[2023-11-08T18:24:34.968+0100][gc,start      ] GC(153) Pause Young (Normal) (G1 Evacuation Pause)
[2023-11-08T18:24:34.968+0100][gc,task       ] GC(153) Using 13 workers of 13 for evacuation
[2023-11-08T18:24:34.978+0100][gc,phases     ] GC(153)   Pre Evacuate Collection Set: 0,0ms
[2023-11-08T18:24:34.978+0100][gc,phases     ] GC(153)   Evacuate Collection Set: 9,5ms
[2023-11-08T18:24:34.978+0100][gc,phases     ] GC(153)   Post Evacuate Collection Set: 0,6ms
[2023-11-08T18:24:34.978+0100][gc,phases     ] GC(153)   Other: 0,2ms
[2023-11-08T18:24:34.978+0100][gc,heap       ] GC(153) Eden regions: 583->0(582)
[2023-11-08T18:24:34.978+0100][gc,heap       ] GC(153) Survivor regions: 31->32(77)
[2023-11-08T18:24:34.978+0100][gc,heap       ] GC(153) Old regions: 145->145
[2023-11-08T18:24:34.978+0100][gc,heap       ] GC(153) Humongous regions: 129->129
[2023-11-08T18:24:34.978+0100][gc,metaspace  ] GC(153) Metaspace: 48211K(52224K)->48211K(52224K) NonClass: 42255K(44544K)->42255K(44544K) Class: 5956K(7680K)->5956K(7680K)
[2023-11-08T18:24:34.978+0100][gc            ] GC(153) Pause Young (Normal) (G1 Evacuation Pause) 885M->304M(1024M) 10,463ms
[2023-11-08T18:24:34.978+0100][gc,cpu        ] GC(153) User=0,12s Sys=0,01s Real=0,01s
[2023-11-08T18:24:36.544+0100][gc,start      ] GC(154) Pause Young (Normal) (G1 Evacuation Pause)
[2023-11-08T18:24:36.544+0100][gc,task       ] GC(154) Using 13 workers of 13 for evacuation
[2023-11-08T18:24:36.548+0100][gc,phases     ] GC(154)   Pre Evacuate Collection Set: 0,0ms
[2023-11-08T18:24:36.548+0100][gc,phases     ] GC(154)   Evacuate Collection Set: 3,3ms
[2023-11-08T18:24:36.548+0100][gc,phases     ] GC(154)   Post Evacuate Collection Set: 0,6ms
[2023-11-08T18:24:36.548+0100][gc,phases     ] GC(154)   Other: 0,3ms
[2023-11-08T18:24:36.548+0100][gc,heap       ] GC(154) Eden regions: 582->0(607)
[2023-11-08T18:24:36.548+0100][gc,heap       ] GC(154) Survivor regions: 32->7(77)
[2023-11-08T18:24:36.548+0100][gc,heap       ] GC(154) Old regions: 145->145
[2023-11-08T18:24:36.548+0100][gc,heap       ] GC(154) Humongous regions: 129->129
[2023-11-08T18:24:36.548+0100][gc,metaspace  ] GC(154) Metaspace: 48211K(52224K)->48211K(52224K) NonClass: 42255K(44544K)->42255K(44544K) Class: 5956K(7680K)->5956K(7680K)
[2023-11-08T18:24:36.548+0100][gc            ] GC(154) Pause Young (Normal) (G1 Evacuation Pause) 886M->278M(1024M) 4,204ms
[2023-11-08T18:24:36.548+0100][gc,cpu        ] GC(154) User=0,04s Sys=0,00s Real=0,00s
[2023-11-08T18:24:38.212+0100][gc,start      ] GC(155) Pause Young (Normal) (G1 Evacuation Pause)
[2023-11-08T18:24:38.212+0100][gc,task       ] GC(155) Using 13 workers of 13 for evacuation
[2023-11-08T18:24:38.216+0100][gc,phases     ] GC(155)   Pre Evacuate Collection Set: 0,0ms
[2023-11-08T18:24:38.216+0100][gc,phases     ] GC(155)   Evacuate Collection Set: 3,6ms
[2023-11-08T18:24:38.216+0100][gc,phases     ] GC(155)   Post Evacuate Collection Set: 0,8ms
[2023-11-08T18:24:38.216+0100][gc,phases     ] GC(155)   Other: 0,2ms
[2023-11-08T18:24:38.216+0100][gc,heap       ] GC(155) Eden regions: 607->0(607)
[2023-11-08T18:24:38.216+0100][gc,heap       ] GC(155) Survivor regions: 7->7(77)
[2023-11-08T18:24:38.216+0100][gc,heap       ] GC(155) Old regions: 145->145
[2023-11-08T18:24:38.216+0100][gc,heap       ] GC(155) Humongous regions: 129->129
[2023-11-08T18:24:38.216+0100][gc,metaspace  ] GC(155) Metaspace: 48211K(52224K)->48211K(52224K) NonClass: 42255K(44544K)->42255K(44544K) Class: 5956K(7680K)->5956K(7680K)
[2023-11-08T18:24:38.216+0100][gc            ] GC(155) Pause Young (Normal) (G1 Evacuation Pause) 885M->279M(1024M) 4,678ms
[2023-11-08T18:24:38.216+0100][gc,cpu        ] GC(155) User=0,05s Sys=0,00s Real=0,01s
[2023-11-08T18:24:39.880+0100][gc,start      ] GC(156) Pause Young (Normal) (G1 Evacuation Pause)
[2023-11-08T18:24:39.880+0100][gc,task       ] GC(156) Using 13 workers of 13 for evacuation
[2023-11-08T18:24:39.885+0100][gc,phases     ] GC(156)   Pre Evacuate Collection Set: 0,0ms
[2023-11-08T18:24:39.885+0100][gc,phases     ] GC(156)   Evacuate Collection Set: 4,6ms
[2023-11-08T18:24:39.885+0100][gc,phases     ] GC(156)   Post Evacuate Collection Set: 0,5ms
[2023-11-08T18:24:39.885+0100][gc,phases     ] GC(156)   Other: 0,2ms
[2023-11-08T18:24:39.885+0100][gc,heap       ] GC(156) Eden regions: 607->0(605)
[2023-11-08T18:24:39.885+0100][gc,heap       ] GC(156) Survivor regions: 7->9(77)
[2023-11-08T18:24:39.885+0100][gc,heap       ] GC(156) Old regions: 145->145
[2023-11-08T18:24:39.885+0100][gc,heap       ] GC(156) Humongous regions: 129->129
[2023-11-08T18:24:39.885+0100][gc,metaspace  ] GC(156) Metaspace: 48211K(52224K)->48211K(52224K) NonClass: 42255K(44544K)->42255K(44544K) Class: 5956K(7680K)->5956K(7680K)
[2023-11-08T18:24:39.885+0100][gc            ] GC(156) Pause Young (Normal) (G1 Evacuation Pause) 886M->281M(1024M) 5,447ms
[2023-11-08T18:24:39.885+0100][gc,cpu        ] GC(156) User=0,05s Sys=0,00s Real=0,01s
[2023-11-08T18:24:41.554+0100][gc,start      ] GC(157) Pause Young (Normal) (G1 Evacuation Pause)
[2023-11-08T18:24:41.554+0100][gc,task       ] GC(157) Using 13 workers of 13 for evacuation
[2023-11-08T18:24:41.560+0100][gc,phases     ] GC(157)   Pre Evacuate Collection Set: 0,0ms
[2023-11-08T18:24:41.560+0100][gc,phases     ] GC(157)   Evacuate Collection Set: 4,9ms
[2023-11-08T18:24:41.560+0100][gc,phases     ] GC(157)   Post Evacuate Collection Set: 0,6ms
[2023-11-08T18:24:41.560+0100][gc,phases     ] GC(157)   Other: 0,2ms
[2023-11-08T18:24:41.560+0100][gc,heap       ] GC(157) Eden regions: 605->0(602)
[2023-11-08T18:24:41.560+0100][gc,heap       ] GC(157) Survivor regions: 9->12(77)
[2023-11-08T18:24:41.560+0100][gc,heap       ] GC(157) Old regions: 145->146
[2023-11-08T18:24:41.560+0100][gc,heap       ] GC(157) Humongous regions: 129->129
[2023-11-08T18:24:41.560+0100][gc,metaspace  ] GC(157) Metaspace: 48211K(52224K)->48211K(52224K) NonClass: 42255K(44544K)->42255K(44544K) Class: 5956K(7680K)->5956K(7680K)
[2023-11-08T18:24:41.560+0100][gc            ] GC(157) Pause Young (Normal) (G1 Evacuation Pause) 886M->284M(1024M) 5,808ms
[2023-11-08T18:24:41.560+0100][gc,cpu        ] GC(157) User=0,05s Sys=0,00s Real=0,01s
[2023-11-08T18:24:43.184+0100][gc,start      ] GC(158) Pause Young (Normal) (G1 Evacuation Pause)
[2023-11-08T18:24:43.184+0100][gc,task       ] GC(158) Using 13 workers of 13 for evacuation
[2023-11-08T18:24:43.190+0100][gc,phases     ] GC(158)   Pre Evacuate Collection Set: 0,0ms
[2023-11-08T18:24:43.190+0100][gc,phases     ] GC(158)   Evacuate Collection Set: 5,6ms
[2023-11-08T18:24:43.190+0100][gc,phases     ] GC(158)   Post Evacuate Collection Set: 0,6ms
[2023-11-08T18:24:43.190+0100][gc,phases     ] GC(158)   Other: 0,2ms
[2023-11-08T18:24:43.190+0100][gc,heap       ] GC(158) Eden regions: 602->0(600)
[2023-11-08T18:24:43.190+0100][gc,heap       ] GC(158) Survivor regions: 12->14(77)
[2023-11-08T18:24:43.190+0100][gc,heap       ] GC(158) Old regions: 146->146
[2023-11-08T18:24:43.190+0100][gc,heap       ] GC(158) Humongous regions: 129->129
[2023-11-08T18:24:43.190+0100][gc,metaspace  ] GC(158) Metaspace: 48211K(52224K)->48211K(52224K) NonClass: 42255K(44544K)->42255K(44544K) Class: 5956K(7680K)->5956K(7680K)
[2023-11-08T18:24:43.190+0100][gc            ] GC(158) Pause Young (Normal) (G1 Evacuation Pause) 886M->287M(1024M) 6,514ms
[2023-11-08T18:24:43.190+0100][gc,cpu        ] GC(158) User=0,06s Sys=0,01s Real=0,00s
[2023-11-08T18:24:44.826+0100][gc,start      ] GC(159) Pause Young (Normal) (G1 Evacuation Pause)
[2023-11-08T18:24:44.826+0100][gc,task       ] GC(159) Using 13 workers of 13 for evacuation
[2023-11-08T18:24:44.833+0100][gc,phases     ] GC(159)   Pre Evacuate Collection Set: 0,0ms
[2023-11-08T18:24:44.833+0100][gc,phases     ] GC(159)   Evacuate Collection Set: 6,6ms
[2023-11-08T18:24:44.833+0100][gc,phases     ] GC(159)   Post Evacuate Collection Set: 0,6ms
[2023-11-08T18:24:44.833+0100][gc,phases     ] GC(159)   Other: 0,3ms
[2023-11-08T18:24:44.833+0100][gc,heap       ] GC(159) Eden regions: 600->0(597)
[2023-11-08T18:24:44.833+0100][gc,heap       ] GC(159) Survivor regions: 14->17(77)
[2023-11-08T18:24:44.833+0100][gc,heap       ] GC(159) Old regions: 146->146
[2023-11-08T18:24:44.833+0100][gc,heap       ] GC(159) Humongous regions: 129->129
[2023-11-08T18:24:44.833+0100][gc,metaspace  ] GC(159) Metaspace: 48211K(52224K)->48211K(52224K) NonClass: 42255K(44544K)->42255K(44544K) Class: 5956K(7680K)->5956K(7680K)
[2023-11-08T18:24:44.833+0100][gc            ] GC(159) Pause Young (Normal) (G1 Evacuation Pause) 887M->289M(1024M) 7,648ms
[2023-11-08T18:24:44.833+0100][gc,cpu        ] GC(159) User=0,08s Sys=0,00s Real=0,00s
[2023-11-08T18:24:46.445+0100][gc,start      ] GC(160) Pause Young (Normal) (G1 Evacuation Pause)
[2023-11-08T18:24:46.445+0100][gc,task       ] GC(160) Using 13 workers of 13 for evacuation
[2023-11-08T18:24:46.453+0100][gc,phases     ] GC(160)   Pre Evacuate Collection Set: 0,0ms
[2023-11-08T18:24:46.453+0100][gc,phases     ] GC(160)   Evacuate Collection Set: 7,8ms
[2023-11-08T18:24:46.453+0100][gc,phases     ] GC(160)   Post Evacuate Collection Set: 0,5ms
[2023-11-08T18:24:46.453+0100][gc,phases     ] GC(160)   Other: 0,2ms
[2023-11-08T18:24:46.453+0100][gc,heap       ] GC(160) Eden regions: 597->0(595)
[2023-11-08T18:24:46.453+0100][gc,heap       ] GC(160) Survivor regions: 17->19(77)
[2023-11-08T18:24:46.453+0100][gc,heap       ] GC(160) Old regions: 146->146
[2023-11-08T18:24:46.453+0100][gc,heap       ] GC(160) Humongous regions: 129->129
[2023-11-08T18:24:46.453+0100][gc,metaspace  ] GC(160) Metaspace: 48211K(52224K)->48211K(52224K) NonClass: 42255K(44544K)->42255K(44544K) Class: 5956K(7680K)->5956K(7680K)
[2023-11-08T18:24:46.453+0100][gc            ] GC(160) Pause Young (Normal) (G1 Evacuation Pause) 886M->291M(1024M) 8,655ms
[2023-11-08T18:24:46.453+0100][gc,cpu        ] GC(160) User=0,07s Sys=0,02s Real=0,00s
[2023-11-08T18:24:48.096+0100][gc,start      ] GC(161) Pause Young (Normal) (G1 Evacuation Pause)
[2023-11-08T18:24:48.096+0100][gc,task       ] GC(161) Using 13 workers of 13 for evacuation
[2023-11-08T18:24:48.104+0100][gc,phases     ] GC(161)   Pre Evacuate Collection Set: 0,0ms
[2023-11-08T18:24:48.104+0100][gc,phases     ] GC(161)   Evacuate Collection Set: 7,4ms
[2023-11-08T18:24:48.104+0100][gc,phases     ] GC(161)   Post Evacuate Collection Set: 0,7ms
[2023-11-08T18:24:48.104+0100][gc,phases     ] GC(161)   Other: 0,3ms
[2023-11-08T18:24:48.104+0100][gc,heap       ] GC(161) Eden regions: 595->0(593)
[2023-11-08T18:24:48.104+0100][gc,heap       ] GC(161) Survivor regions: 19->21(77)
[2023-11-08T18:24:48.104+0100][gc,heap       ] GC(161) Old regions: 146->146
[2023-11-08T18:24:48.104+0100][gc,heap       ] GC(161) Humongous regions: 129->129
[2023-11-08T18:24:48.104+0100][gc,metaspace  ] GC(161) Metaspace: 48211K(52224K)->48211K(52224K) NonClass: 42255K(44544K)->42255K(44544K) Class: 5956K(7680K)->5956K(7680K)
[2023-11-08T18:24:48.104+0100][gc            ] GC(161) Pause Young (Normal) (G1 Evacuation Pause) 886M->294M(1024M) 8,556ms
[2023-11-08T18:24:48.104+0100][gc,cpu        ] GC(161) User=0,08s Sys=0,00s Real=0,01s
[2023-11-08T18:24:49.688+0100][gc,start      ] GC(162) Pause Young (Normal) (G1 Evacuation Pause)
[2023-11-08T18:24:49.688+0100][gc,task       ] GC(162) Using 13 workers of 13 for evacuation
[2023-11-08T18:24:49.696+0100][gc,phases     ] GC(162)   Pre Evacuate Collection Set: 0,0ms
[2023-11-08T18:24:49.696+0100][gc,phases     ] GC(162)   Evacuate Collection Set: 7,8ms
[2023-11-08T18:24:49.696+0100][gc,phases     ] GC(162)   Post Evacuate Collection Set: 0,6ms
[2023-11-08T18:24:49.696+0100][gc,phases     ] GC(162)   Other: 0,2ms
[2023-11-08T18:24:49.696+0100][gc,heap       ] GC(162) Eden regions: 593->0(590)
[2023-11-08T18:24:49.696+0100][gc,heap       ] GC(162) Survivor regions: 21->24(77)
[2023-11-08T18:24:49.696+0100][gc,heap       ] GC(162) Old regions: 146->146
[2023-11-08T18:24:49.696+0100][gc,heap       ] GC(162) Humongous regions: 129->129
[2023-11-08T18:24:49.696+0100][gc,metaspace  ] GC(162) Metaspace: 48211K(52224K)->48211K(52224K) NonClass: 42255K(44544K)->42255K(44544K) Class: 5956K(7680K)->5956K(7680K)
[2023-11-08T18:24:49.696+0100][gc            ] GC(162) Pause Young (Normal) (G1 Evacuation Pause) 887M->297M(1024M) 8,743ms
[2023-11-08T18:24:49.696+0100][gc,cpu        ] GC(162) User=0,10s Sys=0,00s Real=0,01s
[2023-11-08T18:24:51.294+0100][gc,start      ] GC(163) Pause Young (Normal) (G1 Evacuation Pause)
[2023-11-08T18:24:51.294+0100][gc,task       ] GC(163) Using 13 workers of 13 for evacuation
[2023-11-08T18:24:51.319+0100][gc,mmu        ] GC(163) MMU target violated: 21,0ms (20,0ms/21,0ms)
[2023-11-08T18:24:51.319+0100][gc,phases     ] GC(163)   Pre Evacuate Collection Set: 0,0ms
[2023-11-08T18:24:51.319+0100][gc,phases     ] GC(163)   Evacuate Collection Set: 24,5ms
[2023-11-08T18:24:51.319+0100][gc,phases     ] GC(163)   Post Evacuate Collection Set: 0,8ms
[2023-11-08T18:24:51.319+0100][gc,phases     ] GC(163)   Other: 0,4ms
[2023-11-08T18:24:51.319+0100][gc,heap       ] GC(163) Eden regions: 590->0(587)
[2023-11-08T18:24:51.319+0100][gc,heap       ] GC(163) Survivor regions: 24->27(77)
[2023-11-08T18:24:51.319+0100][gc,heap       ] GC(163) Old regions: 146->147
[2023-11-08T18:24:51.319+0100][gc,heap       ] GC(163) Humongous regions: 129->129
[2023-11-08T18:24:51.319+0100][gc,metaspace  ] GC(163) Metaspace: 48211K(52224K)->48211K(52224K) NonClass: 42255K(44544K)->42255K(44544K) Class: 5956K(7680K)->5956K(7680K)
[2023-11-08T18:24:51.319+0100][gc            ] GC(163) Pause Young (Normal) (G1 Evacuation Pause) 887M->300M(1024M) 25,768ms
[2023-11-08T18:24:51.319+0100][gc,cpu        ] GC(163) User=0,31s Sys=0,00s Real=0,03s
[2023-11-08T18:24:52.950+0100][gc,start      ] GC(164) Pause Young (Normal) (G1 Evacuation Pause)
[2023-11-08T18:24:52.950+0100][gc,task       ] GC(164) Using 13 workers of 13 for evacuation
[2023-11-08T18:24:52.976+0100][gc,mmu        ] GC(164) MMU target violated: 21,0ms (20,0ms/21,0ms)
[2023-11-08T18:24:52.976+0100][gc,phases     ] GC(164)   Pre Evacuate Collection Set: 0,0ms
[2023-11-08T18:24:52.976+0100][gc,phases     ] GC(164)   Evacuate Collection Set: 24,7ms
[2023-11-08T18:24:52.976+0100][gc,phases     ] GC(164)   Post Evacuate Collection Set: 0,7ms
[2023-11-08T18:24:52.976+0100][gc,phases     ] GC(164)   Other: 0,3ms
[2023-11-08T18:24:52.976+0100][gc,heap       ] GC(164) Eden regions: 587->0(568)
[2023-11-08T18:24:52.976+0100][gc,heap       ] GC(164) Survivor regions: 27->29(77)
[2023-11-08T18:24:52.976+0100][gc,heap       ] GC(164) Old regions: 147->147
[2023-11-08T18:24:52.976+0100][gc,heap       ] GC(164) Humongous regions: 129->129
[2023-11-08T18:24:52.976+0100][gc,metaspace  ] GC(164) Metaspace: 48211K(52224K)->48211K(52224K) NonClass: 42255K(44544K)->42255K(44544K) Class: 5956K(7680K)->5956K(7680K)
[2023-11-08T18:24:52.976+0100][gc            ] GC(164) Pause Young (Normal) (G1 Evacuation Pause) 887M->302M(1024M) 25,816ms
[2023-11-08T18:24:52.976+0100][gc,cpu        ] GC(164) User=0,32s Sys=0,00s Real=0,03s
[2023-11-08T18:24:54.564+0100][gc,start      ] GC(165) Pause Young (Normal) (G1 Evacuation Pause)
[2023-11-08T18:24:54.564+0100][gc,task       ] GC(165) Using 13 workers of 13 for evacuation
[2023-11-08T18:24:54.590+0100][gc,mmu        ] GC(165) MMU target violated: 21,0ms (20,0ms/21,0ms)
[2023-11-08T18:24:54.590+0100][gc,phases     ] GC(165)   Pre Evacuate Collection Set: 0,0ms
[2023-11-08T18:24:54.590+0100][gc,phases     ] GC(165)   Evacuate Collection Set: 25,6ms
[2023-11-08T18:24:54.590+0100][gc,phases     ] GC(165)   Post Evacuate Collection Set: 0,7ms
[2023-11-08T18:24:54.590+0100][gc,phases     ] GC(165)   Other: 0,3ms
[2023-11-08T18:24:54.590+0100][gc,heap       ] GC(165) Eden regions: 568->0(71)
[2023-11-08T18:24:54.590+0100][gc,heap       ] GC(165) Survivor regions: 29->32(75)
[2023-11-08T18:24:54.590+0100][gc,heap       ] GC(165) Old regions: 147->147
[2023-11-08T18:24:54.590+0100][gc,heap       ] GC(165) Humongous regions: 129->129
[2023-11-08T18:24:54.590+0100][gc,metaspace  ] GC(165) Metaspace: 48211K(52224K)->48211K(52224K) NonClass: 42255K(44544K)->42255K(44544K) Class: 5956K(7680K)->5956K(7680K)
[2023-11-08T18:24:54.590+0100][gc            ] GC(165) Pause Young (Normal) (G1 Evacuation Pause) 870M->305M(1024M) 26,724ms
[2023-11-08T18:24:54.590+0100][gc,cpu        ] GC(165) User=0,32s Sys=0,01s Real=0,02s
[2023-11-08T18:24:54.709+0100][gc,start      ] GC(166) Pause Young (Normal) (G1 Evacuation Pause)
[2023-11-08T18:24:54.709+0100][gc,task       ] GC(166) Using 13 workers of 13 for evacuation
[2023-11-08T18:24:54.720+0100][gc,phases     ] GC(166)   Pre Evacuate Collection Set: 0,0ms
[2023-11-08T18:24:54.720+0100][gc,phases     ] GC(166)   Evacuate Collection Set: 9,7ms
[2023-11-08T18:24:54.720+0100][gc,phases     ] GC(166)   Post Evacuate Collection Set: 0,4ms
[2023-11-08T18:24:54.720+0100][gc,phases     ] GC(166)   Other: 0,2ms
[2023-11-08T18:24:54.720+0100][gc,heap       ] GC(166) Eden regions: 48->0(601)
[2023-11-08T18:24:54.720+0100][gc,heap       ] GC(166) Survivor regions: 32->7(10)
[2023-11-08T18:24:54.720+0100][gc,heap       ] GC(166) Old regions: 147->171
[2023-11-08T18:24:54.720+0100][gc,heap       ] GC(166) Humongous regions: 129->129
[2023-11-08T18:24:54.720+0100][gc,metaspace  ] GC(166) Metaspace: 48211K(52224K)->48211K(52224K) NonClass: 42255K(44544K)->42255K(44544K) Class: 5956K(7680K)->5956K(7680K)
[2023-11-08T18:24:54.720+0100][gc            ] GC(166) Pause Young (Normal) (G1 Evacuation Pause) 353M->305M(1024M) 10,451ms
[2023-11-08T18:24:54.720+0100][gc,cpu        ] GC(166) User=0,12s Sys=0,00s Real=0,01s
[2023-11-08T18:24:56.402+0100][gc,start      ] GC(167) Pause Young (Normal) (G1 Evacuation Pause)
[2023-11-08T18:24:56.402+0100][gc,task       ] GC(167) Using 13 workers of 13 for evacuation
[2023-11-08T18:24:56.405+0100][gc,phases     ] GC(167)   Pre Evacuate Collection Set: 0,0ms
[2023-11-08T18:24:56.405+0100][gc,phases     ] GC(167)   Evacuate Collection Set: 1,9ms
[2023-11-08T18:24:56.405+0100][gc,phases     ] GC(167)   Post Evacuate Collection Set: 0,6ms
[2023-11-08T18:24:56.405+0100][gc,phases     ] GC(167)   Other: 0,2ms
[2023-11-08T18:24:56.405+0100][gc,heap       ] GC(167) Eden regions: 601->0(605)
[2023-11-08T18:24:56.405+0100][gc,heap       ] GC(167) Survivor regions: 7->3(76)
[2023-11-08T18:24:56.405+0100][gc,heap       ] GC(167) Old regions: 171->171
[2023-11-08T18:24:56.405+0100][gc,heap       ] GC(167) Humongous regions: 129->129
[2023-11-08T18:24:56.405+0100][gc,metaspace  ] GC(167) Metaspace: 48211K(52224K)->48211K(52224K) NonClass: 42255K(44544K)->42255K(44544K) Class: 5956K(7680K)->5956K(7680K)
[2023-11-08T18:24:56.405+0100][gc            ] GC(167) Pause Young (Normal) (G1 Evacuation Pause) 906M->301M(1024M) 2,751ms
[2023-11-08T18:24:56.405+0100][gc,cpu        ] GC(167) User=0,02s Sys=0,01s Real=0,01s
[2023-11-08T18:24:58.009+0100][gc,start      ] GC(168) Pause Young (Normal) (G1 Evacuation Pause)
[2023-11-08T18:24:58.009+0100][gc,task       ] GC(168) Using 13 workers of 13 for evacuation
[2023-11-08T18:24:58.013+0100][gc,phases     ] GC(168)   Pre Evacuate Collection Set: 0,0ms
[2023-11-08T18:24:58.013+0100][gc,phases     ] GC(168)   Evacuate Collection Set: 2,7ms
[2023-11-08T18:24:58.013+0100][gc,phases     ] GC(168)   Post Evacuate Collection Set: 0,5ms
[2023-11-08T18:24:58.013+0100][gc,phases     ] GC(168)   Other: 0,2ms
[2023-11-08T18:24:58.013+0100][gc,heap       ] GC(168) Eden regions: 605->0(604)
[2023-11-08T18:24:58.013+0100][gc,heap       ] GC(168) Survivor regions: 3->5(76)
[2023-11-08T18:24:58.013+0100][gc,heap       ] GC(168) Old regions: 171->171
[2023-11-08T18:24:58.013+0100][gc,heap       ] GC(168) Humongous regions: 129->129
[2023-11-08T18:24:58.013+0100][gc,metaspace  ] GC(168) Metaspace: 48211K(52224K)->48211K(52224K) NonClass: 42255K(44544K)->42255K(44544K) Class: 5956K(7680K)->5956K(7680K)
[2023-11-08T18:24:58.013+0100][gc            ] GC(168) Pause Young (Normal) (G1 Evacuation Pause) 906M->303M(1024M) 3,534ms
[2023-11-08T18:24:58.013+0100][gc,cpu        ] GC(168) User=0,03s Sys=0,00s Real=0,00s
[2023-11-08T18:24:59.501+0100][gc,start      ] GC(169) Pause Young (Normal) (G1 Evacuation Pause)
[2023-11-08T18:24:59.501+0100][gc,task       ] GC(169) Using 13 workers of 13 for evacuation
[2023-11-08T18:24:59.518+0100][gc,phases     ] GC(169)   Pre Evacuate Collection Set: 0,0ms
[2023-11-08T18:24:59.518+0100][gc,phases     ] GC(169)   Evacuate Collection Set: 14,3ms
[2023-11-08T18:24:59.519+0100][gc,phases     ] GC(169)   Post Evacuate Collection Set: 2,7ms
[2023-11-08T18:24:59.519+0100][gc,phases     ] GC(169)   Other: 0,4ms
[2023-11-08T18:24:59.519+0100][gc,heap       ] GC(169) Eden regions: 604->0(602)
[2023-11-08T18:24:59.519+0100][gc,heap       ] GC(169) Survivor regions: 5->8(77)
[2023-11-08T18:24:59.519+0100][gc,heap       ] GC(169) Old regions: 171->171
[2023-11-08T18:24:59.519+0100][gc,heap       ] GC(169) Humongous regions: 129->129
[2023-11-08T18:24:59.519+0100][gc,metaspace  ] GC(169) Metaspace: 48211K(52224K)->48211K(52224K) NonClass: 42255K(44544K)->42255K(44544K) Class: 5956K(7680K)->5956K(7680K)
[2023-11-08T18:24:59.519+0100][gc            ] GC(169) Pause Young (Normal) (G1 Evacuation Pause) 907M->305M(1024M) 17,964ms
[2023-11-08T18:24:59.519+0100][gc,cpu        ] GC(169) User=0,15s Sys=0,03s Real=0,02s
[2023-11-08T18:25:01.058+0100][gc,start      ] GC(170) Pause Young (Normal) (G1 Evacuation Pause)
[2023-11-08T18:25:01.058+0100][gc,task       ] GC(170) Using 13 workers of 13 for evacuation
[2023-11-08T18:25:01.063+0100][gc,phases     ] GC(170)   Pre Evacuate Collection Set: 0,0ms
[2023-11-08T18:25:01.063+0100][gc,phases     ] GC(170)   Evacuate Collection Set: 4,0ms
[2023-11-08T18:25:01.063+0100][gc,phases     ] GC(170)   Post Evacuate Collection Set: 0,8ms
[2023-11-08T18:25:01.063+0100][gc,phases     ] GC(170)   Other: 0,3ms
[2023-11-08T18:25:01.063+0100][gc,heap       ] GC(170) Eden regions: 602->0(600)
[2023-11-08T18:25:01.063+0100][gc,heap       ] GC(170) Survivor regions: 8->10(77)
[2023-11-08T18:25:01.063+0100][gc,heap       ] GC(170) Old regions: 171->171
[2023-11-08T18:25:01.063+0100][gc,heap       ] GC(170) Humongous regions: 129->129
[2023-11-08T18:25:01.063+0100][gc,metaspace  ] GC(170) Metaspace: 48211K(52224K)->48211K(52224K) NonClass: 42255K(44544K)->42255K(44544K) Class: 5956K(7680K)->5956K(7680K)
[2023-11-08T18:25:01.064+0100][gc            ] GC(170) Pause Young (Normal) (G1 Evacuation Pause) 907M->307M(1024M) 5,271ms
[2023-11-08T18:25:01.064+0100][gc,cpu        ] GC(170) User=0,03s Sys=0,02s Real=0,01s
[2023-11-08T18:25:02.611+0100][gc,start      ] GC(171) Pause Young (Normal) (G1 Evacuation Pause)
[2023-11-08T18:25:02.611+0100][gc,task       ] GC(171) Using 13 workers of 13 for evacuation
[2023-11-08T18:25:02.616+0100][gc,phases     ] GC(171)   Pre Evacuate Collection Set: 0,0ms
[2023-11-08T18:25:02.616+0100][gc,phases     ] GC(171)   Evacuate Collection Set: 4,6ms
[2023-11-08T18:25:02.616+0100][gc,phases     ] GC(171)   Post Evacuate Collection Set: 0,7ms
[2023-11-08T18:25:02.616+0100][gc,phases     ] GC(171)   Other: 0,2ms
[2023-11-08T18:25:02.616+0100][gc,heap       ] GC(171) Eden regions: 600->0(595)
[2023-11-08T18:25:02.616+0100][gc,heap       ] GC(171) Survivor regions: 10->13(77)
[2023-11-08T18:25:02.616+0100][gc,heap       ] GC(171) Old regions: 171->171
[2023-11-08T18:25:02.616+0100][gc,heap       ] GC(171) Humongous regions: 129->129
[2023-11-08T18:25:02.616+0100][gc,metaspace  ] GC(171) Metaspace: 48211K(52224K)->48211K(52224K) NonClass: 42255K(44544K)->42255K(44544K) Class: 5956K(7680K)->5956K(7680K)
[2023-11-08T18:25:02.616+0100][gc            ] GC(171) Pause Young (Normal) (G1 Evacuation Pause) 907M->310M(1024M) 5,633ms
[2023-11-08T18:25:02.616+0100][gc,cpu        ] GC(171) User=0,05s Sys=0,00s Real=0,01s
[2023-11-08T18:25:04.153+0100][gc,start      ] GC(172) Pause Young (Normal) (G1 Evacuation Pause)
[2023-11-08T18:25:04.153+0100][gc,task       ] GC(172) Using 13 workers of 13 for evacuation
[2023-11-08T18:25:04.159+0100][gc,phases     ] GC(172)   Pre Evacuate Collection Set: 0,0ms
[2023-11-08T18:25:04.159+0100][gc,phases     ] GC(172)   Evacuate Collection Set: 5,4ms
[2023-11-08T18:25:04.159+0100][gc,phases     ] GC(172)   Post Evacuate Collection Set: 0,6ms
[2023-11-08T18:25:04.159+0100][gc,phases     ] GC(172)   Other: 0,2ms
[2023-11-08T18:25:04.159+0100][gc,heap       ] GC(172) Eden regions: 595->0(591)
[2023-11-08T18:25:04.159+0100][gc,heap       ] GC(172) Survivor regions: 13->15(76)
[2023-11-08T18:25:04.159+0100][gc,heap       ] GC(172) Old regions: 171->171
[2023-11-08T18:25:04.159+0100][gc,heap       ] GC(172) Humongous regions: 129->129
[2023-11-08T18:25:04.159+0100][gc,metaspace  ] GC(172) Metaspace: 48211K(52224K)->48211K(52224K) NonClass: 42255K(44544K)->42255K(44544K) Class: 5956K(7680K)->5956K(7680K)
[2023-11-08T18:25:04.159+0100][gc            ] GC(172) Pause Young (Normal) (G1 Evacuation Pause) 905M->313M(1024M) 6,366ms
[2023-11-08T18:25:04.159+0100][gc,cpu        ] GC(172) User=0,07s Sys=0,01s Real=0,01s
[2023-11-08T18:25:05.718+0100][gc,start      ] GC(173) Pause Young (Normal) (G1 Evacuation Pause)
[2023-11-08T18:25:05.718+0100][gc,task       ] GC(173) Using 13 workers of 13 for evacuation
[2023-11-08T18:25:05.725+0100][gc,phases     ] GC(173)   Pre Evacuate Collection Set: 0,0ms
[2023-11-08T18:25:05.725+0100][gc,phases     ] GC(173)   Evacuate Collection Set: 6,0ms
[2023-11-08T18:25:05.725+0100][gc,phases     ] GC(173)   Post Evacuate Collection Set: 0,7ms
[2023-11-08T18:25:05.725+0100][gc,phases     ] GC(173)   Other: 0,3ms
[2023-11-08T18:25:05.725+0100][gc,heap       ] GC(173) Eden regions: 591->0(587)
[2023-11-08T18:25:05.725+0100][gc,heap       ] GC(173) Survivor regions: 15->17(76)
[2023-11-08T18:25:05.725+0100][gc,heap       ] GC(173) Old regions: 171->171
[2023-11-08T18:25:05.725+0100][gc,heap       ] GC(173) Humongous regions: 129->129
[2023-11-08T18:25:05.725+0100][gc,metaspace  ] GC(173) Metaspace: 48211K(52224K)->48211K(52224K) NonClass: 42255K(44544K)->42255K(44544K) Class: 5956K(7680K)->5956K(7680K)
[2023-11-08T18:25:05.725+0100][gc            ] GC(173) Pause Young (Normal) (G1 Evacuation Pause) 904M->315M(1024M) 7,190ms
[2023-11-08T18:25:05.725+0100][gc,cpu        ] GC(173) User=0,08s Sys=0,00s Real=0,01s
[2023-11-08T18:25:07.255+0100][gc,start      ] GC(174) Pause Young (Normal) (G1 Evacuation Pause)
[2023-11-08T18:25:07.255+0100][gc,task       ] GC(174) Using 13 workers of 13 for evacuation
[2023-11-08T18:25:07.263+0100][gc,phases     ] GC(174)   Pre Evacuate Collection Set: 0,0ms
[2023-11-08T18:25:07.263+0100][gc,phases     ] GC(174)   Evacuate Collection Set: 7,0ms
[2023-11-08T18:25:07.263+0100][gc,phases     ] GC(174)   Post Evacuate Collection Set: 0,7ms
[2023-11-08T18:25:07.263+0100][gc,phases     ] GC(174)   Other: 0,2ms
[2023-11-08T18:25:07.263+0100][gc,heap       ] GC(174) Eden regions: 587->0(581)
[2023-11-08T18:25:07.263+0100][gc,heap       ] GC(174) Survivor regions: 17->20(76)
[2023-11-08T18:25:07.263+0100][gc,heap       ] GC(174) Old regions: 171->171
[2023-11-08T18:25:07.263+0100][gc,heap       ] GC(174) Humongous regions: 129->129
[2023-11-08T18:25:07.263+0100][gc,metaspace  ] GC(174) Metaspace: 48211K(52224K)->48211K(52224K) NonClass: 42255K(44544K)->42255K(44544K) Class: 5956K(7680K)->5956K(7680K)
[2023-11-08T18:25:07.263+0100][gc            ] GC(174) Pause Young (Normal) (G1 Evacuation Pause) 902M->318M(1024M) 8,034ms
[2023-11-08T18:25:07.263+0100][gc,cpu        ] GC(174) User=0,07s Sys=0,02s Real=0,01s
[2023-11-08T18:25:08.780+0100][gc,start      ] GC(175) Pause Young (Normal) (G1 Evacuation Pause)
[2023-11-08T18:25:08.780+0100][gc,task       ] GC(175) Using 13 workers of 13 for evacuation
[2023-11-08T18:25:08.788+0100][gc,phases     ] GC(175)   Pre Evacuate Collection Set: 0,0ms
[2023-11-08T18:25:08.788+0100][gc,phases     ] GC(175)   Evacuate Collection Set: 7,1ms
[2023-11-08T18:25:08.788+0100][gc,phases     ] GC(175)   Post Evacuate Collection Set: 0,7ms
[2023-11-08T18:25:08.788+0100][gc,phases     ] GC(175)   Other: 0,2ms
[2023-11-08T18:25:08.788+0100][gc,heap       ] GC(175) Eden regions: 581->0(573)
[2023-11-08T18:25:08.788+0100][gc,heap       ] GC(175) Survivor regions: 20->24(76)
[2023-11-08T18:25:08.788+0100][gc,heap       ] GC(175) Old regions: 171->171
[2023-11-08T18:25:08.788+0100][gc,heap       ] GC(175) Humongous regions: 129->129
[2023-11-08T18:25:08.788+0100][gc,metaspace  ] GC(175) Metaspace: 48211K(52224K)->48211K(52224K) NonClass: 42255K(44544K)->42255K(44544K) Class: 5956K(7680K)->5956K(7680K)
[2023-11-08T18:25:08.788+0100][gc            ] GC(175) Pause Young (Normal) (G1 Evacuation Pause) 899M->321M(1024M) 8,249ms
[2023-11-08T18:25:08.788+0100][gc,cpu        ] GC(175) User=0,06s Sys=0,04s Real=0,01s
[2023-11-08T18:25:10.269+0100][gc,start      ] GC(176) Pause Young (Normal) (G1 Evacuation Pause)
[2023-11-08T18:25:10.269+0100][gc,task       ] GC(176) Using 13 workers of 13 for evacuation
[2023-11-08T18:25:10.278+0100][gc,phases     ] GC(176)   Pre Evacuate Collection Set: 0,0ms
[2023-11-08T18:25:10.278+0100][gc,phases     ] GC(176)   Evacuate Collection Set: 8,1ms
[2023-11-08T18:25:10.278+0100][gc,phases     ] GC(176)   Post Evacuate Collection Set: 0,6ms
[2023-11-08T18:25:10.278+0100][gc,phases     ] GC(176)   Other: 0,2ms
[2023-11-08T18:25:10.278+0100][gc,heap       ] GC(176) Eden regions: 573->0(569)
[2023-11-08T18:25:10.278+0100][gc,heap       ] GC(176) Survivor regions: 24->26(75)
[2023-11-08T18:25:10.278+0100][gc,heap       ] GC(176) Old regions: 171->171
[2023-11-08T18:25:10.278+0100][gc,heap       ] GC(176) Humongous regions: 129->129
[2023-11-08T18:25:10.278+0100][gc,metaspace  ] GC(176) Metaspace: 48211K(52224K)->48211K(52224K) NonClass: 42255K(44544K)->42255K(44544K) Class: 5956K(7680K)->5956K(7680K)
[2023-11-08T18:25:10.278+0100][gc            ] GC(176) Pause Young (Normal) (G1 Evacuation Pause) 894M->323M(1024M) 9,035ms
[2023-11-08T18:25:10.278+0100][gc,cpu        ] GC(176) User=0,10s Sys=0,01s Real=0,01s
[2023-11-08T18:25:11.757+0100][gc,start      ] GC(177) Pause Young (Normal) (G1 Evacuation Pause)
[2023-11-08T18:25:11.757+0100][gc,task       ] GC(177) Using 13 workers of 13 for evacuation
[2023-11-08T18:25:11.783+0100][gc,mmu        ] GC(177) MMU target violated: 21,0ms (20,0ms/21,0ms)
[2023-11-08T18:25:11.783+0100][gc,phases     ] GC(177)   Pre Evacuate Collection Set: 0,0ms
[2023-11-08T18:25:11.783+0100][gc,phases     ] GC(177)   Evacuate Collection Set: 24,7ms
[2023-11-08T18:25:11.783+0100][gc,phases     ] GC(177)   Post Evacuate Collection Set: 0,7ms
[2023-11-08T18:25:11.783+0100][gc,phases     ] GC(177)   Other: 0,3ms
[2023-11-08T18:25:11.783+0100][gc,heap       ] GC(177) Eden regions: 569->0(563)
[2023-11-08T18:25:11.783+0100][gc,heap       ] GC(177) Survivor regions: 26->29(75)
[2023-11-08T18:25:11.783+0100][gc,heap       ] GC(177) Old regions: 171->171
[2023-11-08T18:25:11.783+0100][gc,heap       ] GC(177) Humongous regions: 129->129
[2023-11-08T18:25:11.783+0100][gc,metaspace  ] GC(177) Metaspace: 48211K(52224K)->48211K(52224K) NonClass: 42255K(44544K)->42255K(44544K) Class: 5956K(7680K)->5956K(7680K)
[2023-11-08T18:25:11.783+0100][gc            ] GC(177) Pause Young (Normal) (G1 Evacuation Pause) 892M->326M(1024M) 25,881ms
[2023-11-08T18:25:11.783+0100][gc,cpu        ] GC(177) User=0,32s Sys=0,00s Real=0,03s
[2023-11-08T18:25:13.233+0100][gc,start      ] GC(178) Pause Young (Normal) (G1 Evacuation Pause)
[2023-11-08T18:25:13.233+0100][gc,task       ] GC(178) Using 13 workers of 13 for evacuation
[2023-11-08T18:25:13.243+0100][gc,phases     ] GC(178)   Pre Evacuate Collection Set: 0,0ms
[2023-11-08T18:25:13.243+0100][gc,phases     ] GC(178)   Evacuate Collection Set: 9,0ms
[2023-11-08T18:25:13.243+0100][gc,phases     ] GC(178)   Post Evacuate Collection Set: 0,6ms
[2023-11-08T18:25:13.243+0100][gc,phases     ] GC(178)   Other: 0,2ms
[2023-11-08T18:25:13.243+0100][gc,heap       ] GC(178) Eden regions: 563->0(561)
[2023-11-08T18:25:13.243+0100][gc,heap       ] GC(178) Survivor regions: 29->30(74)
[2023-11-08T18:25:13.243+0100][gc,heap       ] GC(178) Old regions: 171->171
[2023-11-08T18:25:13.243+0100][gc,heap       ] GC(178) Humongous regions: 129->129
[2023-11-08T18:25:13.243+0100][gc,metaspace  ] GC(178) Metaspace: 48211K(52224K)->48211K(52224K) NonClass: 42255K(44544K)->42255K(44544K) Class: 5956K(7680K)->5956K(7680K)
[2023-11-08T18:25:13.243+0100][gc            ] GC(178) Pause Young (Normal) (G1 Evacuation Pause) 889M->327M(1024M) 9,952ms
[2023-11-08T18:25:13.243+0100][gc,cpu        ] GC(178) User=0,11s Sys=0,00s Real=0,02s
[2023-11-08T18:25:14.697+0100][gc,start      ] GC(179) Pause Young (Normal) (G1 Evacuation Pause)
[2023-11-08T18:25:14.697+0100][gc,task       ] GC(179) Using 13 workers of 13 for evacuation
[2023-11-08T18:25:14.707+0100][gc,phases     ] GC(179)   Pre Evacuate Collection Set: 0,0ms
[2023-11-08T18:25:14.707+0100][gc,phases     ] GC(179)   Evacuate Collection Set: 9,3ms
[2023-11-08T18:25:14.707+0100][gc,phases     ] GC(179)   Post Evacuate Collection Set: 0,7ms
[2023-11-08T18:25:14.707+0100][gc,phases     ] GC(179)   Other: 0,2ms
[2023-11-08T18:25:14.707+0100][gc,heap       ] GC(179) Eden regions: 561->0(556)
[2023-11-08T18:25:14.707+0100][gc,heap       ] GC(179) Survivor regions: 30->32(74)
[2023-11-08T18:25:14.707+0100][gc,heap       ] GC(179) Old regions: 171->172
[2023-11-08T18:25:14.707+0100][gc,heap       ] GC(179) Humongous regions: 129->129
[2023-11-08T18:25:14.707+0100][gc,metaspace  ] GC(179) Metaspace: 48211K(52224K)->48211K(52224K) NonClass: 42255K(44544K)->42255K(44544K) Class: 5956K(7680K)->5956K(7680K)
[2023-11-08T18:25:14.707+0100][gc            ] GC(179) Pause Young (Normal) (G1 Evacuation Pause) 888M->330M(1024M) 10,312ms
[2023-11-08T18:25:14.707+0100][gc,cpu        ] GC(179) User=0,11s Sys=0,00s Real=0,01s
[2023-11-08T18:25:16.175+0100][gc,start      ] GC(180) Pause Young (Normal) (G1 Evacuation Pause)
[2023-11-08T18:25:16.176+0100][gc,task       ] GC(180) Using 13 workers of 13 for evacuation
[2023-11-08T18:25:16.180+0100][gc,phases     ] GC(180)   Pre Evacuate Collection Set: 0,0ms
[2023-11-08T18:25:16.180+0100][gc,phases     ] GC(180)   Evacuate Collection Set: 3,8ms
[2023-11-08T18:25:16.180+0100][gc,phases     ] GC(180)   Post Evacuate Collection Set: 0,5ms
[2023-11-08T18:25:16.180+0100][gc,phases     ] GC(180)   Other: 0,2ms
[2023-11-08T18:25:16.180+0100][gc,heap       ] GC(180) Eden regions: 556->0(599)
[2023-11-08T18:25:16.180+0100][gc,heap       ] GC(180) Survivor regions: 32->7(74)
[2023-11-08T18:25:16.180+0100][gc,heap       ] GC(180) Old regions: 172->172
[2023-11-08T18:25:16.180+0100][gc,heap       ] GC(180) Humongous regions: 129->129
[2023-11-08T18:25:16.180+0100][gc,metaspace  ] GC(180) Metaspace: 48211K(52224K)->48211K(52224K) NonClass: 42255K(44544K)->42255K(44544K) Class: 5956K(7680K)->5956K(7680K)
[2023-11-08T18:25:16.180+0100][gc            ] GC(180) Pause Young (Normal) (G1 Evacuation Pause) 886M->305M(1024M) 4,620ms
[2023-11-08T18:25:16.180+0100][gc,cpu        ] GC(180) User=0,00s Sys=0,04s Real=0,00s
[2023-11-08T18:25:17.829+0100][gc,start      ] GC(181) Pause Young (Normal) (G1 Evacuation Pause)
[2023-11-08T18:25:17.829+0100][gc,task       ] GC(181) Using 13 workers of 13 for evacuation
[2023-11-08T18:25:17.834+0100][gc,phases     ] GC(181)   Pre Evacuate Collection Set: 0,0ms
[2023-11-08T18:25:17.834+0100][gc,phases     ] GC(181)   Evacuate Collection Set: 4,1ms
[2023-11-08T18:25:17.834+0100][gc,phases     ] GC(181)   Post Evacuate Collection Set: 0,6ms
[2023-11-08T18:25:17.834+0100][gc,phases     ] GC(181)   Other: 0,3ms
[2023-11-08T18:25:17.834+0100][gc,heap       ] GC(181) Eden regions: 599->0(599)
[2023-11-08T18:25:17.834+0100][gc,heap       ] GC(181) Survivor regions: 7->8(76)
[2023-11-08T18:25:17.834+0100][gc,heap       ] GC(181) Old regions: 172->172
[2023-11-08T18:25:17.834+0100][gc,heap       ] GC(181) Humongous regions: 129->129
[2023-11-08T18:25:17.834+0100][gc,metaspace  ] GC(181) Metaspace: 48211K(52224K)->48211K(52224K) NonClass: 42255K(44544K)->42255K(44544K) Class: 5956K(7680K)->5956K(7680K)
[2023-11-08T18:25:17.834+0100][gc            ] GC(181) Pause Young (Normal) (G1 Evacuation Pause) 904M->306M(1024M) 5,081ms
[2023-11-08T18:25:17.834+0100][gc,cpu        ] GC(181) User=0,05s Sys=0,00s Real=0,00s
[2023-11-08T18:25:19.430+0100][gc,start      ] GC(182) Pause Young (Normal) (G1 Evacuation Pause)
[2023-11-08T18:25:19.430+0100][gc,task       ] GC(182) Using 13 workers of 13 for evacuation
[2023-11-08T18:25:19.436+0100][gc,phases     ] GC(182)   Pre Evacuate Collection Set: 0,0ms
[2023-11-08T18:25:19.436+0100][gc,phases     ] GC(182)   Evacuate Collection Set: 4,8ms
[2023-11-08T18:25:19.436+0100][gc,phases     ] GC(182)   Post Evacuate Collection Set: 0,6ms
[2023-11-08T18:25:19.436+0100][gc,phases     ] GC(182)   Other: 0,2ms
[2023-11-08T18:25:19.436+0100][gc,heap       ] GC(182) Eden regions: 599->0(597)
[2023-11-08T18:25:19.436+0100][gc,heap       ] GC(182) Survivor regions: 8->10(76)
[2023-11-08T18:25:19.436+0100][gc,heap       ] GC(182) Old regions: 172->172
[2023-11-08T18:25:19.436+0100][gc,heap       ] GC(182) Humongous regions: 129->129
[2023-11-08T18:25:19.436+0100][gc,metaspace  ] GC(182) Metaspace: 48211K(52224K)->48211K(52224K) NonClass: 42255K(44544K)->42255K(44544K) Class: 5956K(7680K)->5956K(7680K)
[2023-11-08T18:25:19.436+0100][gc            ] GC(182) Pause Young (Normal) (G1 Evacuation Pause) 905M->309M(1024M) 5,745ms
[2023-11-08T18:25:19.436+0100][gc,cpu        ] GC(182) User=0,03s Sys=0,02s Real=0,01s
[2023-11-08T18:25:20.959+0100][gc,start      ] GC(183) Pause Young (Normal) (G1 Evacuation Pause)
[2023-11-08T18:25:20.959+0100][gc,task       ] GC(183) Using 13 workers of 13 for evacuation
[2023-11-08T18:25:20.981+0100][gc,mmu        ] GC(183) MMU target violated: 21,0ms (20,0ms/21,0ms)
[2023-11-08T18:25:20.981+0100][gc,phases     ] GC(183)   Pre Evacuate Collection Set: 0,0ms
[2023-11-08T18:25:20.981+0100][gc,phases     ] GC(183)   Evacuate Collection Set: 20,9ms
[2023-11-08T18:25:20.981+0100][gc,phases     ] GC(183)   Post Evacuate Collection Set: 0,9ms
[2023-11-08T18:25:20.981+0100][gc,phases     ] GC(183)   Other: 0,3ms
[2023-11-08T18:25:20.981+0100][gc,heap       ] GC(183) Eden regions: 597->0(594)
[2023-11-08T18:25:20.982+0100][gc,heap       ] GC(183) Survivor regions: 10->13(76)
[2023-11-08T18:25:20.982+0100][gc,heap       ] GC(183) Old regions: 172->172
[2023-11-08T18:25:20.982+0100][gc,heap       ] GC(183) Humongous regions: 129->129
[2023-11-08T18:25:20.982+0100][gc,metaspace  ] GC(183) Metaspace: 48211K(52224K)->48211K(52224K) NonClass: 42255K(44544K)->42255K(44544K) Class: 5956K(7680K)->5956K(7680K)
[2023-11-08T18:25:20.982+0100][gc            ] GC(183) Pause Young (Normal) (G1 Evacuation Pause) 906M->311M(1024M) 22,270ms
[2023-11-08T18:25:20.982+0100][gc,cpu        ] GC(183) User=0,23s Sys=0,04s Real=0,02s
[2023-11-08T18:25:22.519+0100][gc,start      ] GC(184) Pause Young (Normal) (G1 Evacuation Pause)
[2023-11-08T18:25:22.519+0100][gc,task       ] GC(184) Using 13 workers of 13 for evacuation
[2023-11-08T18:25:22.525+0100][gc,phases     ] GC(184)   Pre Evacuate Collection Set: 0,0ms
[2023-11-08T18:25:22.525+0100][gc,phases     ] GC(184)   Evacuate Collection Set: 5,4ms
[2023-11-08T18:25:22.525+0100][gc,phases     ] GC(184)   Post Evacuate Collection Set: 0,6ms
[2023-11-08T18:25:22.525+0100][gc,phases     ] GC(184)   Other: 0,2ms
[2023-11-08T18:25:22.525+0100][gc,heap       ] GC(184) Eden regions: 594->0(590)
[2023-11-08T18:25:22.525+0100][gc,heap       ] GC(184) Survivor regions: 13->15(76)
[2023-11-08T18:25:22.525+0100][gc,heap       ] GC(184) Old regions: 172->172
[2023-11-08T18:25:22.525+0100][gc,heap       ] GC(184) Humongous regions: 129->129
[2023-11-08T18:25:22.525+0100][gc,metaspace  ] GC(184) Metaspace: 48211K(52224K)->48211K(52224K) NonClass: 42255K(44544K)->42255K(44544K) Class: 5956K(7680K)->5956K(7680K)
[2023-11-08T18:25:22.525+0100][gc            ] GC(184) Pause Young (Normal) (G1 Evacuation Pause) 905M->314M(1024M) 6,366ms
[2023-11-08T18:25:22.525+0100][gc,cpu        ] GC(184) User=0,06s Sys=0,02s Real=0,01s
[2023-11-08T18:25:24.035+0100][gc,start      ] GC(185) Pause Young (Normal) (G1 Evacuation Pause)
[2023-11-08T18:25:24.035+0100][gc,task       ] GC(185) Using 13 workers of 13 for evacuation
[2023-11-08T18:25:24.057+0100][gc,mmu        ] GC(185) MMU target violated: 21,0ms (20,0ms/21,0ms)
[2023-11-08T18:25:24.057+0100][gc,phases     ] GC(185)   Pre Evacuate Collection Set: 0,0ms
[2023-11-08T18:25:24.057+0100][gc,phases     ] GC(185)   Evacuate Collection Set: 21,1ms
[2023-11-08T18:25:24.057+0100][gc,phases     ] GC(185)   Post Evacuate Collection Set: 0,9ms
[2023-11-08T18:25:24.057+0100][gc,phases     ] GC(185)   Other: 0,3ms
[2023-11-08T18:25:24.057+0100][gc,heap       ] GC(185) Eden regions: 590->0(583)
[2023-11-08T18:25:24.057+0100][gc,heap       ] GC(185) Survivor regions: 15->18(76)
[2023-11-08T18:25:24.057+0100][gc,heap       ] GC(185) Old regions: 172->173
[2023-11-08T18:25:24.057+0100][gc,heap       ] GC(185) Humongous regions: 129->129
[2023-11-08T18:25:24.057+0100][gc,metaspace  ] GC(185) Metaspace: 48211K(52224K)->48211K(52224K) NonClass: 42255K(44544K)->42255K(44544K) Class: 5956K(7680K)->5956K(7680K)
[2023-11-08T18:25:24.057+0100][gc            ] GC(185) Pause Young (Normal) (G1 Evacuation Pause) 904M->317M(1024M) 22,491ms
[2023-11-08T18:25:24.057+0100][gc,cpu        ] GC(185) User=0,26s Sys=0,02s Real=0,02s
[2023-11-08T18:25:25.629+0100][gc,start      ] GC(186) Pause Young (Normal) (G1 Evacuation Pause)
[2023-11-08T18:25:25.629+0100][gc,task       ] GC(186) Using 13 workers of 13 for evacuation
[2023-11-08T18:25:25.636+0100][gc,phases     ] GC(186)   Pre Evacuate Collection Set: 0,0ms
[2023-11-08T18:25:25.636+0100][gc,phases     ] GC(186)   Evacuate Collection Set: 6,5ms
[2023-11-08T18:25:25.636+0100][gc,phases     ] GC(186)   Post Evacuate Collection Set: 0,6ms
[2023-11-08T18:25:25.636+0100][gc,phases     ] GC(186)   Other: 0,2ms
[2023-11-08T18:25:25.636+0100][gc,heap       ] GC(186) Eden regions: 583->0(579)
[2023-11-08T18:25:25.636+0100][gc,heap       ] GC(186) Survivor regions: 18->20(76)
[2023-11-08T18:25:25.636+0100][gc,heap       ] GC(186) Old regions: 173->173
[2023-11-08T18:25:25.636+0100][gc,heap       ] GC(186) Humongous regions: 129->129
[2023-11-08T18:25:25.636+0100][gc,metaspace  ] GC(186) Metaspace: 48211K(52224K)->48211K(52224K) NonClass: 42255K(44544K)->42255K(44544K) Class: 5956K(7680K)->5956K(7680K)
[2023-11-08T18:25:25.637+0100][gc            ] GC(186) Pause Young (Normal) (G1 Evacuation Pause) 900M->319M(1024M) 7,387ms
[2023-11-08T18:25:25.637+0100][gc,cpu        ] GC(186) User=0,09s Sys=0,00s Real=0,01s
[2023-11-08T18:25:27.160+0100][gc,start      ] GC(187) Pause Young (Normal) (G1 Evacuation Pause)
[2023-11-08T18:25:27.160+0100][gc,task       ] GC(187) Using 13 workers of 13 for evacuation
[2023-11-08T18:25:27.168+0100][gc,phases     ] GC(187)   Pre Evacuate Collection Set: 0,0ms
[2023-11-08T18:25:27.168+0100][gc,phases     ] GC(187)   Evacuate Collection Set: 7,4ms
[2023-11-08T18:25:27.168+0100][gc,phases     ] GC(187)   Post Evacuate Collection Set: 0,5ms
[2023-11-08T18:25:27.168+0100][gc,phases     ] GC(187)   Other: 0,2ms
[2023-11-08T18:25:27.168+0100][gc,heap       ] GC(187) Eden regions: 579->0(573)
[2023-11-08T18:25:27.168+0100][gc,heap       ] GC(187) Survivor regions: 20->23(75)
[2023-11-08T18:25:27.168+0100][gc,heap       ] GC(187) Old regions: 173->173
[2023-11-08T18:25:27.168+0100][gc,heap       ] GC(187) Humongous regions: 129->129
[2023-11-08T18:25:27.168+0100][gc,metaspace  ] GC(187) Metaspace: 48211K(52224K)->48211K(52224K) NonClass: 42255K(44544K)->42255K(44544K) Class: 5956K(7680K)->5956K(7680K)
[2023-11-08T18:25:27.168+0100][gc            ] GC(187) Pause Young (Normal) (G1 Evacuation Pause) 898M->323M(1024M) 8,284ms
[2023-11-08T18:25:27.169+0100][gc,cpu        ] GC(187) User=0,10s Sys=0,00s Real=0,01s
[2023-11-08T18:25:28.678+0100][gc,start      ] GC(188) Pause Young (Normal) (G1 Evacuation Pause)
[2023-11-08T18:25:28.678+0100][gc,task       ] GC(188) Using 13 workers of 13 for evacuation
[2023-11-08T18:25:28.702+0100][gc,mmu        ] GC(188) MMU target violated: 21,0ms (20,0ms/21,0ms)
[2023-11-08T18:25:28.702+0100][gc,phases     ] GC(188)   Pre Evacuate Collection Set: 0,0ms
[2023-11-08T18:25:28.702+0100][gc,phases     ] GC(188)   Evacuate Collection Set: 23,1ms
[2023-11-08T18:25:28.703+0100][gc,phases     ] GC(188)   Post Evacuate Collection Set: 0,6ms
[2023-11-08T18:25:28.703+0100][gc,phases     ] GC(188)   Other: 0,4ms
[2023-11-08T18:25:28.703+0100][gc,heap       ] GC(188) Eden regions: 573->0(567)
[2023-11-08T18:25:28.703+0100][gc,heap       ] GC(188) Survivor regions: 23->26(75)
[2023-11-08T18:25:28.703+0100][gc,heap       ] GC(188) Old regions: 173->173
[2023-11-08T18:25:28.703+0100][gc,heap       ] GC(188) Humongous regions: 129->129
[2023-11-08T18:25:28.703+0100][gc,metaspace  ] GC(188) Metaspace: 48211K(52224K)->48211K(52224K) NonClass: 42255K(44544K)->42255K(44544K) Class: 5956K(7680K)->5956K(7680K)
[2023-11-08T18:25:28.703+0100][gc            ] GC(188) Pause Young (Normal) (G1 Evacuation Pause) 896M->325M(1024M) 24,290ms
[2023-11-08T18:25:28.703+0100][gc,cpu        ] GC(188) User=0,28s Sys=0,01s Real=0,03s
[2023-11-08T18:25:30.212+0100][gc,start      ] GC(189) Pause Young (Normal) (G1 Evacuation Pause)
[2023-11-08T18:25:30.212+0100][gc,task       ] GC(189) Using 13 workers of 13 for evacuation
[2023-11-08T18:25:30.221+0100][gc,phases     ] GC(189)   Pre Evacuate Collection Set: 0,0ms
[2023-11-08T18:25:30.221+0100][gc,phases     ] GC(189)   Evacuate Collection Set: 8,6ms
[2023-11-08T18:25:30.221+0100][gc,phases     ] GC(189)   Post Evacuate Collection Set: 0,6ms
[2023-11-08T18:25:30.221+0100][gc,phases     ] GC(189)   Other: 0,3ms
[2023-11-08T18:25:30.221+0100][gc,heap       ] GC(189) Eden regions: 567->0(563)
[2023-11-08T18:25:30.221+0100][gc,heap       ] GC(189) Survivor regions: 26->28(75)
[2023-11-08T18:25:30.221+0100][gc,heap       ] GC(189) Old regions: 173->173
[2023-11-08T18:25:30.221+0100][gc,heap       ] GC(189) Humongous regions: 129->129
[2023-11-08T18:25:30.221+0100][gc,metaspace  ] GC(189) Metaspace: 48211K(52224K)->48211K(52224K) NonClass: 42255K(44544K)->42255K(44544K) Class: 5956K(7680K)->5956K(7680K)
[2023-11-08T18:25:30.222+0100][gc            ] GC(189) Pause Young (Normal) (G1 Evacuation Pause) 892M->327M(1024M) 9,656ms
[2023-11-08T18:25:30.222+0100][gc,cpu        ] GC(189) User=0,10s Sys=0,01s Real=0,01s
[2023-11-08T18:25:31.788+0100][gc,start      ] GC(190) Pause Young (Normal) (G1 Evacuation Pause)
[2023-11-08T18:25:31.788+0100][gc,task       ] GC(190) Using 13 workers of 13 for evacuation
[2023-11-08T18:25:31.798+0100][gc,phases     ] GC(190)   Pre Evacuate Collection Set: 0,0ms
[2023-11-08T18:25:31.798+0100][gc,phases     ] GC(190)   Evacuate Collection Set: 9,2ms
[2023-11-08T18:25:31.798+0100][gc,phases     ] GC(190)   Post Evacuate Collection Set: 0,6ms
[2023-11-08T18:25:31.798+0100][gc,phases     ] GC(190)   Other: 0,3ms
[2023-11-08T18:25:31.798+0100][gc,heap       ] GC(190) Eden regions: 563->0(561)
[2023-11-08T18:25:31.798+0100][gc,heap       ] GC(190) Survivor regions: 28->29(74)
[2023-11-08T18:25:31.798+0100][gc,heap       ] GC(190) Old regions: 173->173
[2023-11-08T18:25:31.798+0100][gc,heap       ] GC(190) Humongous regions: 129->129
[2023-11-08T18:25:31.798+0100][gc,metaspace  ] GC(190) Metaspace: 48211K(52224K)->48211K(52224K) NonClass: 42255K(44544K)->42255K(44544K) Class: 5956K(7680K)->5956K(7680K)
[2023-11-08T18:25:31.798+0100][gc            ] GC(190) Pause Young (Normal) (G1 Evacuation Pause) 890M->329M(1024M) 10,178ms
[2023-11-08T18:25:31.798+0100][gc,cpu        ] GC(190) User=0,11s Sys=0,00s Real=0,01s
[2023-11-08T18:25:33.288+0100][gc,start      ] GC(191) Pause Young (Normal) (G1 Evacuation Pause)
[2023-11-08T18:25:33.288+0100][gc,task       ] GC(191) Using 13 workers of 13 for evacuation
[2023-11-08T18:25:33.298+0100][gc,phases     ] GC(191)   Pre Evacuate Collection Set: 0,0ms
[2023-11-08T18:25:33.298+0100][gc,phases     ] GC(191)   Evacuate Collection Set: 9,4ms
[2023-11-08T18:25:33.298+0100][gc,phases     ] GC(191)   Post Evacuate Collection Set: 0,6ms
[2023-11-08T18:25:33.298+0100][gc,phases     ] GC(191)   Other: 0,2ms
[2023-11-08T18:25:33.298+0100][gc,heap       ] GC(191) Eden regions: 561->0(557)
[2023-11-08T18:25:33.298+0100][gc,heap       ] GC(191) Survivor regions: 29->31(74)
[2023-11-08T18:25:33.298+0100][gc,heap       ] GC(191) Old regions: 173->173
[2023-11-08T18:25:33.298+0100][gc,heap       ] GC(191) Humongous regions: 129->129
[2023-11-08T18:25:33.298+0100][gc,metaspace  ] GC(191) Metaspace: 48211K(52224K)->48211K(52224K) NonClass: 42255K(44544K)->42255K(44544K) Class: 5956K(7680K)->5956K(7680K)
[2023-11-08T18:25:33.298+0100][gc            ] GC(191) Pause Young (Normal) (G1 Evacuation Pause) 890M->331M(1024M) 10,341ms
[2023-11-08T18:25:33.298+0100][gc,cpu        ] GC(191) User=0,11s Sys=0,02s Real=0,01s
[2023-11-08T18:25:34.801+0100][gc,start      ] GC(192) Pause Young (Normal) (G1 Evacuation Pause)
[2023-11-08T18:25:34.801+0100][gc,task       ] GC(192) Using 13 workers of 13 for evacuation
[2023-11-08T18:25:34.805+0100][gc,phases     ] GC(192)   Pre Evacuate Collection Set: 0,0ms
[2023-11-08T18:25:34.805+0100][gc,phases     ] GC(192)   Evacuate Collection Set: 3,5ms
[2023-11-08T18:25:34.805+0100][gc,phases     ] GC(192)   Post Evacuate Collection Set: 0,6ms
[2023-11-08T18:25:34.805+0100][gc,phases     ] GC(192)   Other: 0,2ms
[2023-11-08T18:25:34.805+0100][gc,heap       ] GC(192) Eden regions: 557->0(595)
[2023-11-08T18:25:34.805+0100][gc,heap       ] GC(192) Survivor regions: 31->6(74)
[2023-11-08T18:25:34.805+0100][gc,heap       ] GC(192) Old regions: 173->173
[2023-11-08T18:25:34.805+0100][gc,heap       ] GC(192) Humongous regions: 129->129
[2023-11-08T18:25:34.805+0100][gc,metaspace  ] GC(192) Metaspace: 48211K(52224K)->48211K(52224K) NonClass: 42255K(44544K)->42255K(44544K) Class: 5956K(7680K)->5956K(7680K)
[2023-11-08T18:25:34.805+0100][gc            ] GC(192) Pause Young (Normal) (G1 Evacuation Pause) 888M->305M(1024M) 4,379ms
[2023-11-08T18:25:34.805+0100][gc,cpu        ] GC(192) User=0,04s Sys=0,00s Real=0,01s
[2023-11-08T18:25:36.374+0100][gc,start      ] GC(193) Pause Young (Normal) (G1 Evacuation Pause)
[2023-11-08T18:25:36.374+0100][gc,task       ] GC(193) Using 13 workers of 13 for evacuation
[2023-11-08T18:25:36.392+0100][gc,phases     ] GC(193)   Pre Evacuate Collection Set: 0,0ms
[2023-11-08T18:25:36.392+0100][gc,phases     ] GC(193)   Evacuate Collection Set: 16,4ms
[2023-11-08T18:25:36.393+0100][gc,phases     ] GC(193)   Post Evacuate Collection Set: 1,5ms
[2023-11-08T18:25:36.393+0100][gc,phases     ] GC(193)   Other: 0,4ms
[2023-11-08T18:25:36.393+0100][gc,heap       ] GC(193) Eden regions: 595->0(595)
[2023-11-08T18:25:36.393+0100][gc,heap       ] GC(193) Survivor regions: 6->7(76)
[2023-11-08T18:25:36.393+0100][gc,heap       ] GC(193) Old regions: 173->173
[2023-11-08T18:25:36.393+0100][gc,heap       ] GC(193) Humongous regions: 129->129
[2023-11-08T18:25:36.393+0100][gc,metaspace  ] GC(193) Metaspace: 48211K(52224K)->48211K(52224K) NonClass: 42255K(44544K)->42255K(44544K) Class: 5956K(7680K)->5956K(7680K)
[2023-11-08T18:25:36.393+0100][gc            ] GC(193) Pause Young (Normal) (G1 Evacuation Pause) 900M->306M(1024M) 18,676ms
[2023-11-08T18:25:36.393+0100][gc,cpu        ] GC(193) User=0,20s Sys=0,00s Real=0,02s
[2023-11-08T18:25:37.938+0100][gc,start      ] GC(194) Pause Young (Normal) (G1 Evacuation Pause)
[2023-11-08T18:25:37.938+0100][gc,task       ] GC(194) Using 13 workers of 13 for evacuation
[2023-11-08T18:25:37.943+0100][gc,phases     ] GC(194)   Pre Evacuate Collection Set: 0,0ms
[2023-11-08T18:25:37.943+0100][gc,phases     ] GC(194)   Evacuate Collection Set: 4,0ms
[2023-11-08T18:25:37.943+0100][gc,phases     ] GC(194)   Post Evacuate Collection Set: 0,6ms
[2023-11-08T18:25:37.943+0100][gc,phases     ] GC(194)   Other: 0,2ms
[2023-11-08T18:25:37.943+0100][gc,heap       ] GC(194) Eden regions: 595->0(593)
[2023-11-08T18:25:37.943+0100][gc,heap       ] GC(194) Survivor regions: 7->9(76)
[2023-11-08T18:25:37.943+0100][gc,heap       ] GC(194) Old regions: 173->174
[2023-11-08T18:25:37.943+0100][gc,heap       ] GC(194) Humongous regions: 129->129
[2023-11-08T18:25:37.943+0100][gc,metaspace  ] GC(194) Metaspace: 48211K(52224K)->48211K(52224K) NonClass: 42255K(44544K)->42255K(44544K) Class: 5956K(7680K)->5956K(7680K)
[2023-11-08T18:25:37.943+0100][gc            ] GC(194) Pause Young (Normal) (G1 Evacuation Pause) 901M->309M(1024M) 4,979ms
[2023-11-08T18:25:37.943+0100][gc,cpu        ] GC(194) User=0,05s Sys=0,00s Real=0,01s
[2023-11-08T18:25:39.502+0100][gc,start      ] GC(195) Pause Young (Normal) (G1 Evacuation Pause)
[2023-11-08T18:25:39.502+0100][gc,task       ] GC(195) Using 13 workers of 13 for evacuation
[2023-11-08T18:25:39.523+0100][gc,mmu        ] GC(195) MMU target violated: 20,7ms (20,0ms/21,0ms)
[2023-11-08T18:25:39.523+0100][gc,phases     ] GC(195)   Pre Evacuate Collection Set: 0,0ms
[2023-11-08T18:25:39.523+0100][gc,phases     ] GC(195)   Evacuate Collection Set: 19,3ms
[2023-11-08T18:25:39.523+0100][gc,phases     ] GC(195)   Post Evacuate Collection Set: 1,2ms
[2023-11-08T18:25:39.523+0100][gc,phases     ] GC(195)   Other: 0,4ms
[2023-11-08T18:25:39.523+0100][gc,heap       ] GC(195) Eden regions: 593->0(592)
[2023-11-08T18:25:39.523+0100][gc,heap       ] GC(195) Survivor regions: 9->11(76)
[2023-11-08T18:25:39.523+0100][gc,heap       ] GC(195) Old regions: 174->174
[2023-11-08T18:25:39.523+0100][gc,heap       ] GC(195) Humongous regions: 129->129
[2023-11-08T18:25:39.523+0100][gc,metaspace  ] GC(195) Metaspace: 48211K(52224K)->48211K(52224K) NonClass: 42255K(44544K)->42255K(44544K) Class: 5956K(7680K)->5956K(7680K)
[2023-11-08T18:25:39.523+0100][gc            ] GC(195) Pause Young (Normal) (G1 Evacuation Pause) 902M->311M(1024M) 21,142ms
[2023-11-08T18:25:39.523+0100][gc,cpu        ] GC(195) User=0,24s Sys=0,01s Real=0,03s
[2023-11-08T18:25:41.088+0100][gc,start      ] GC(196) Pause Young (Normal) (G1 Evacuation Pause)
[2023-11-08T18:25:41.088+0100][gc,task       ] GC(196) Using 13 workers of 13 for evacuation
[2023-11-08T18:25:41.094+0100][gc,phases     ] GC(196)   Pre Evacuate Collection Set: 0,0ms
[2023-11-08T18:25:41.094+0100][gc,phases     ] GC(196)   Evacuate Collection Set: 5,3ms
[2023-11-08T18:25:41.094+0100][gc,phases     ] GC(196)   Post Evacuate Collection Set: 0,6ms
[2023-11-08T18:25:41.094+0100][gc,phases     ] GC(196)   Other: 0,2ms
[2023-11-08T18:25:41.094+0100][gc,heap       ] GC(196) Eden regions: 592->0(590)
[2023-11-08T18:25:41.094+0100][gc,heap       ] GC(196) Survivor regions: 11->14(76)
[2023-11-08T18:25:41.094+0100][gc,heap       ] GC(196) Old regions: 174->174
[2023-11-08T18:25:41.094+0100][gc,heap       ] GC(196) Humongous regions: 129->129
[2023-11-08T18:25:41.094+0100][gc,metaspace  ] GC(196) Metaspace: 48211K(52224K)->48211K(52224K) NonClass: 42255K(44544K)->42255K(44544K) Class: 5956K(7680K)->5956K(7680K)
[2023-11-08T18:25:41.094+0100][gc            ] GC(196) Pause Young (Normal) (G1 Evacuation Pause) 903M->314M(1024M) 6,250ms
[2023-11-08T18:25:41.094+0100][gc,cpu        ] GC(196) User=0,06s Sys=0,00s Real=0,00s
[2023-11-08T18:25:42.649+0100][gc,start      ] GC(197) Pause Young (Normal) (G1 Evacuation Pause)
[2023-11-08T18:25:42.649+0100][gc,task       ] GC(197) Using 13 workers of 13 for evacuation
[2023-11-08T18:25:42.656+0100][gc,phases     ] GC(197)   Pre Evacuate Collection Set: 0,0ms
[2023-11-08T18:25:42.656+0100][gc,phases     ] GC(197)   Evacuate Collection Set: 5,8ms
[2023-11-08T18:25:42.656+0100][gc,phases     ] GC(197)   Post Evacuate Collection Set: 0,6ms
[2023-11-08T18:25:42.656+0100][gc,phases     ] GC(197)   Other: 0,2ms
[2023-11-08T18:25:42.656+0100][gc,heap       ] GC(197) Eden regions: 590->0(586)
[2023-11-08T18:25:42.656+0100][gc,heap       ] GC(197) Survivor regions: 14->16(76)
[2023-11-08T18:25:42.656+0100][gc,heap       ] GC(197) Old regions: 174->174
[2023-11-08T18:25:42.656+0100][gc,heap       ] GC(197) Humongous regions: 129->129
[2023-11-08T18:25:42.656+0100][gc,metaspace  ] GC(197) Metaspace: 48211K(52224K)->48211K(52224K) NonClass: 42255K(44544K)->42255K(44544K) Class: 5956K(7680K)->5956K(7680K)
[2023-11-08T18:25:42.656+0100][gc            ] GC(197) Pause Young (Normal) (G1 Evacuation Pause) 904M->316M(1024M) 6,769ms
[2023-11-08T18:25:42.656+0100][gc,cpu        ] GC(197) User=0,08s Sys=0,00s Real=0,01s
[2023-11-08T18:25:44.182+0100][gc,start      ] GC(198) Pause Young (Normal) (G1 Evacuation Pause)
[2023-11-08T18:25:44.182+0100][gc,task       ] GC(198) Using 13 workers of 13 for evacuation
[2023-11-08T18:25:44.189+0100][gc,phases     ] GC(198)   Pre Evacuate Collection Set: 0,0ms
[2023-11-08T18:25:44.189+0100][gc,phases     ] GC(198)   Evacuate Collection Set: 6,6ms
[2023-11-08T18:25:44.189+0100][gc,phases     ] GC(198)   Post Evacuate Collection Set: 0,6ms
[2023-11-08T18:25:44.189+0100][gc,phases     ] GC(198)   Other: 0,3ms
[2023-11-08T18:25:44.189+0100][gc,heap       ] GC(198) Eden regions: 586->0(580)
[2023-11-08T18:25:44.189+0100][gc,heap       ] GC(198) Survivor regions: 16->19(76)
[2023-11-08T18:25:44.189+0100][gc,heap       ] GC(198) Old regions: 174->174
[2023-11-08T18:25:44.189+0100][gc,heap       ] GC(198) Humongous regions: 129->129
[2023-11-08T18:25:44.189+0100][gc,metaspace  ] GC(198) Metaspace: 48211K(52224K)->48211K(52224K) NonClass: 42255K(44544K)->42255K(44544K) Class: 5956K(7680K)->5956K(7680K)
[2023-11-08T18:25:44.189+0100][gc            ] GC(198) Pause Young (Normal) (G1 Evacuation Pause) 902M->319M(1024M) 7,662ms
[2023-11-08T18:25:44.190+0100][gc,cpu        ] GC(198) User=0,09s Sys=0,00s Real=0,01s
[2023-11-08T18:25:45.729+0100][gc,start      ] GC(199) Pause Young (Normal) (G1 Evacuation Pause)
[2023-11-08T18:25:45.729+0100][gc,task       ] GC(199) Using 13 workers of 13 for evacuation
[2023-11-08T18:25:45.737+0100][gc,phases     ] GC(199)   Pre Evacuate Collection Set: 0,0ms
[2023-11-08T18:25:45.737+0100][gc,phases     ] GC(199)   Evacuate Collection Set: 6,9ms
[2023-11-08T18:25:45.737+0100][gc,phases     ] GC(199)   Post Evacuate Collection Set: 0,7ms
[2023-11-08T18:25:45.737+0100][gc,phases     ] GC(199)   Other: 0,3ms
[2023-11-08T18:25:45.737+0100][gc,heap       ] GC(199) Eden regions: 580->0(576)
[2023-11-08T18:25:45.737+0100][gc,heap       ] GC(199) Survivor regions: 19->21(75)
[2023-11-08T18:25:45.737+0100][gc,heap       ] GC(199) Old regions: 174->174
[2023-11-08T18:25:45.737+0100][gc,heap       ] GC(199) Humongous regions: 129->129
[2023-11-08T18:25:45.737+0100][gc,metaspace  ] GC(199) Metaspace: 48211K(52224K)->48211K(52224K) NonClass: 42255K(44544K)->42255K(44544K) Class: 5956K(7680K)->5956K(7680K)
[2023-11-08T18:25:45.738+0100][gc            ] GC(199) Pause Young (Normal) (G1 Evacuation Pause) 899M->322M(1024M) 8,091ms
[2023-11-08T18:25:45.738+0100][gc,cpu        ] GC(199) User=0,09s Sys=0,00s Real=0,01s
[2023-11-08T18:25:47.308+0100][gc,start      ] GC(200) Pause Young (Normal) (G1 Evacuation Pause)
[2023-11-08T18:25:47.308+0100][gc,task       ] GC(200) Using 13 workers of 13 for evacuation
[2023-11-08T18:25:47.317+0100][gc,phases     ] GC(200)   Pre Evacuate Collection Set: 0,0ms
[2023-11-08T18:25:47.317+0100][gc,phases     ] GC(200)   Evacuate Collection Set: 8,2ms
[2023-11-08T18:25:47.317+0100][gc,phases     ] GC(200)   Post Evacuate Collection Set: 0,6ms
[2023-11-08T18:25:47.317+0100][gc,phases     ] GC(200)   Other: 0,2ms
[2023-11-08T18:25:47.317+0100][gc,heap       ] GC(200) Eden regions: 576->0(570)
[2023-11-08T18:25:47.317+0100][gc,heap       ] GC(200) Survivor regions: 21->24(75)
[2023-11-08T18:25:47.317+0100][gc,heap       ] GC(200) Old regions: 174->174
[2023-11-08T18:25:47.317+0100][gc,heap       ] GC(200) Humongous regions: 129->129
[2023-11-08T18:25:47.317+0100][gc,metaspace  ] GC(200) Metaspace: 48211K(52224K)->48211K(52224K) NonClass: 42255K(44544K)->42255K(44544K) Class: 5956K(7680K)->5956K(7680K)
[2023-11-08T18:25:47.317+0100][gc            ] GC(200) Pause Young (Normal) (G1 Evacuation Pause) 898M->324M(1024M) 9,126ms
[2023-11-08T18:25:47.317+0100][gc,cpu        ] GC(200) User=0,10s Sys=0,00s Real=0,01s
[2023-11-08T18:25:48.842+0100][gc,start      ] GC(201) Pause Young (Normal) (G1 Evacuation Pause)
[2023-11-08T18:25:48.842+0100][gc,task       ] GC(201) Using 13 workers of 13 for evacuation
[2023-11-08T18:25:48.852+0100][gc,phases     ] GC(201)   Pre Evacuate Collection Set: 0,0ms
[2023-11-08T18:25:48.852+0100][gc,phases     ] GC(201)   Evacuate Collection Set: 8,8ms
[2023-11-08T18:25:48.852+0100][gc,phases     ] GC(201)   Post Evacuate Collection Set: 0,6ms
[2023-11-08T18:25:48.852+0100][gc,phases     ] GC(201)   Other: 0,3ms
[2023-11-08T18:25:48.852+0100][gc,heap       ] GC(201) Eden regions: 570->0(566)
[2023-11-08T18:25:48.852+0100][gc,heap       ] GC(201) Survivor regions: 24->26(75)
[2023-11-08T18:25:48.852+0100][gc,heap       ] GC(201) Old regions: 174->174
[2023-11-08T18:25:48.852+0100][gc,heap       ] GC(201) Humongous regions: 129->129
[2023-11-08T18:25:48.852+0100][gc,metaspace  ] GC(201) Metaspace: 48211K(52224K)->48211K(52224K) NonClass: 42255K(44544K)->42255K(44544K) Class: 5956K(7680K)->5956K(7680K)
[2023-11-08T18:25:48.852+0100][gc            ] GC(201) Pause Young (Normal) (G1 Evacuation Pause) 894M->327M(1024M) 9,753ms
[2023-11-08T18:25:48.852+0100][gc,cpu        ] GC(201) User=0,10s Sys=0,00s Real=0,01s
[2023-11-08T18:25:50.312+0100][gc,start      ] GC(202) Pause Young (Normal) (G1 Evacuation Pause)
[2023-11-08T18:25:50.312+0100][gc,task       ] GC(202) Using 13 workers of 13 for evacuation
[2023-11-08T18:25:50.322+0100][gc,phases     ] GC(202)   Pre Evacuate Collection Set: 0,0ms
[2023-11-08T18:25:50.322+0100][gc,phases     ] GC(202)   Evacuate Collection Set: 9,9ms
[2023-11-08T18:25:50.322+0100][gc,phases     ] GC(202)   Post Evacuate Collection Set: 0,6ms
[2023-11-08T18:25:50.322+0100][gc,phases     ] GC(202)   Other: 0,3ms
[2023-11-08T18:25:50.322+0100][gc,heap       ] GC(202) Eden regions: 566->0(558)
[2023-11-08T18:25:50.322+0100][gc,heap       ] GC(202) Survivor regions: 26->30(74)
[2023-11-08T18:25:50.322+0100][gc,heap       ] GC(202) Old regions: 174->174
[2023-11-08T18:25:50.322+0100][gc,heap       ] GC(202) Humongous regions: 129->129
[2023-11-08T18:25:50.322+0100][gc,metaspace  ] GC(202) Metaspace: 48211K(52224K)->48211K(52224K) NonClass: 42255K(44544K)->42255K(44544K) Class: 5956K(7680K)->5956K(7680K)
[2023-11-08T18:25:50.322+0100][gc            ] GC(202) Pause Young (Normal) (G1 Evacuation Pause) 893M->330M(1024M) 10,871ms
[2023-11-08T18:25:50.323+0100][gc,cpu        ] GC(202) User=0,09s Sys=0,01s Real=0,01s
[2023-11-08T18:25:51.776+0100][gc,start      ] GC(203) Pause Young (Normal) (G1 Evacuation Pause)
[2023-11-08T18:25:51.777+0100][gc,task       ] GC(203) Using 13 workers of 13 for evacuation
[2023-11-08T18:25:51.780+0100][gc,phases     ] GC(203)   Pre Evacuate Collection Set: 0,0ms
[2023-11-08T18:25:51.780+0100][gc,phases     ] GC(203)   Evacuate Collection Set: 3,1ms
[2023-11-08T18:25:51.780+0100][gc,phases     ] GC(203)   Post Evacuate Collection Set: 0,5ms
[2023-11-08T18:25:51.780+0100][gc,phases     ] GC(203)   Other: 0,2ms
[2023-11-08T18:25:51.780+0100][gc,heap       ] GC(203) Eden regions: 558->0(594)
[2023-11-08T18:25:51.780+0100][gc,heap       ] GC(203) Survivor regions: 30->6(74)
[2023-11-08T18:25:51.780+0100][gc,heap       ] GC(203) Old regions: 174->174
[2023-11-08T18:25:51.780+0100][gc,heap       ] GC(203) Humongous regions: 129->129
[2023-11-08T18:25:51.780+0100][gc,metaspace  ] GC(203) Metaspace: 48211K(52224K)->48211K(52224K) NonClass: 42255K(44544K)->42255K(44544K) Class: 5956K(7680K)->5956K(7680K)
[2023-11-08T18:25:51.780+0100][gc            ] GC(203) Pause Young (Normal) (G1 Evacuation Pause) 888M->306M(1024M) 3,985ms
[2023-11-08T18:25:51.781+0100][gc,cpu        ] GC(203) User=0,04s Sys=0,00s Real=0,00s
[2023-11-08T18:25:53.462+0100][gc,start      ] GC(204) Pause Young (Normal) (G1 Evacuation Pause)
[2023-11-08T18:25:53.462+0100][gc,task       ] GC(204) Using 13 workers of 13 for evacuation
[2023-11-08T18:25:53.466+0100][gc,phases     ] GC(204)   Pre Evacuate Collection Set: 0,0ms
[2023-11-08T18:25:53.467+0100][gc,phases     ] GC(204)   Evacuate Collection Set: 3,7ms
[2023-11-08T18:25:53.467+0100][gc,phases     ] GC(204)   Post Evacuate Collection Set: 0,6ms
[2023-11-08T18:25:53.467+0100][gc,phases     ] GC(204)   Other: 0,2ms
[2023-11-08T18:25:53.467+0100][gc,heap       ] GC(204) Eden regions: 594->0(596)
[2023-11-08T18:25:53.467+0100][gc,heap       ] GC(204) Survivor regions: 6->6(75)
[2023-11-08T18:25:53.467+0100][gc,heap       ] GC(204) Old regions: 174->174
[2023-11-08T18:25:53.467+0100][gc,heap       ] GC(204) Humongous regions: 129->129
[2023-11-08T18:25:53.467+0100][gc,metaspace  ] GC(204) Metaspace: 48211K(52224K)->48211K(52224K) NonClass: 42255K(44544K)->42255K(44544K) Class: 5956K(7680K)->5956K(7680K)
[2023-11-08T18:25:53.467+0100][gc            ] GC(204) Pause Young (Normal) (G1 Evacuation Pause) 900M->306M(1024M) 4,817ms
[2023-11-08T18:25:53.467+0100][gc,cpu        ] GC(204) User=0,04s Sys=0,00s Real=0,01s
[2023-11-08T18:25:55.067+0100][gc,start      ] GC(205) Pause Young (Normal) (G1 Evacuation Pause)
[2023-11-08T18:25:55.067+0100][gc,task       ] GC(205) Using 13 workers of 13 for evacuation
[2023-11-08T18:25:55.072+0100][gc,phases     ] GC(205)   Pre Evacuate Collection Set: 0,0ms
[2023-11-08T18:25:55.072+0100][gc,phases     ] GC(205)   Evacuate Collection Set: 4,1ms
[2023-11-08T18:25:55.072+0100][gc,phases     ] GC(205)   Post Evacuate Collection Set: 0,7ms
[2023-11-08T18:25:55.072+0100][gc,phases     ] GC(205)   Other: 0,2ms
[2023-11-08T18:25:55.073+0100][gc,heap       ] GC(205) Eden regions: 596->0(595)
[2023-11-08T18:25:55.073+0100][gc,heap       ] GC(205) Survivor regions: 6->8(76)
[2023-11-08T18:25:55.073+0100][gc,heap       ] GC(205) Old regions: 174->174
[2023-11-08T18:25:55.073+0100][gc,heap       ] GC(205) Humongous regions: 129->129
[2023-11-08T18:25:55.073+0100][gc,metaspace  ] GC(205) Metaspace: 48211K(52224K)->48211K(52224K) NonClass: 42255K(44544K)->42255K(44544K) Class: 5956K(7680K)->5956K(7680K)
[2023-11-08T18:25:55.073+0100][gc            ] GC(205) Pause Young (Normal) (G1 Evacuation Pause) 902M->309M(1024M) 5,174ms
[2023-11-08T18:25:55.073+0100][gc,cpu        ] GC(205) User=0,05s Sys=0,01s Real=0,00s
[2023-11-08T18:25:56.701+0100][gc,start      ] GC(206) Pause Young (Normal) (G1 Evacuation Pause)
[2023-11-08T18:25:56.701+0100][gc,task       ] GC(206) Using 13 workers of 13 for evacuation
[2023-11-08T18:25:56.707+0100][gc,phases     ] GC(206)   Pre Evacuate Collection Set: 0,0ms
[2023-11-08T18:25:56.707+0100][gc,phases     ] GC(206)   Evacuate Collection Set: 4,6ms
[2023-11-08T18:25:56.707+0100][gc,phases     ] GC(206)   Post Evacuate Collection Set: 0,7ms
[2023-11-08T18:25:56.707+0100][gc,phases     ] GC(206)   Other: 0,3ms
[2023-11-08T18:25:56.707+0100][gc,heap       ] GC(206) Eden regions: 595->0(594)
[2023-11-08T18:25:56.707+0100][gc,heap       ] GC(206) Survivor regions: 8->10(76)
[2023-11-08T18:25:56.707+0100][gc,heap       ] GC(206) Old regions: 174->175
[2023-11-08T18:25:56.707+0100][gc,heap       ] GC(206) Humongous regions: 129->129
[2023-11-08T18:25:56.707+0100][gc,metaspace  ] GC(206) Metaspace: 48211K(52224K)->48211K(52224K) NonClass: 42255K(44544K)->42255K(44544K) Class: 5956K(7680K)->5956K(7680K)
[2023-11-08T18:25:56.707+0100][gc            ] GC(206) Pause Young (Normal) (G1 Evacuation Pause) 904M->311M(1024M) 5,776ms
[2023-11-08T18:25:56.707+0100][gc,cpu        ] GC(206) User=0,06s Sys=0,00s Real=0,01s
[2023-11-08T18:25:58.353+0100][gc,start      ] GC(207) Pause Young (Normal) (G1 Evacuation Pause)
[2023-11-08T18:25:58.353+0100][gc,task       ] GC(207) Using 13 workers of 13 for evacuation
[2023-11-08T18:25:58.359+0100][gc,phases     ] GC(207)   Pre Evacuate Collection Set: 0,0ms
[2023-11-08T18:25:58.359+0100][gc,phases     ] GC(207)   Evacuate Collection Set: 5,0ms
[2023-11-08T18:25:58.359+0100][gc,phases     ] GC(207)   Post Evacuate Collection Set: 0,6ms
[2023-11-08T18:25:58.359+0100][gc,phases     ] GC(207)   Other: 0,2ms
[2023-11-08T18:25:58.359+0100][gc,heap       ] GC(207) Eden regions: 594->0(593)
[2023-11-08T18:25:58.359+0100][gc,heap       ] GC(207) Survivor regions: 10->12(76)
[2023-11-08T18:25:58.359+0100][gc,heap       ] GC(207) Old regions: 175->175
[2023-11-08T18:25:58.359+0100][gc,heap       ] GC(207) Humongous regions: 129->129
[2023-11-08T18:25:58.359+0100][gc,metaspace  ] GC(207) Metaspace: 48211K(52224K)->48211K(52224K) NonClass: 42255K(44544K)->42255K(44544K) Class: 5956K(7680K)->5956K(7680K)
[2023-11-08T18:25:58.359+0100][gc            ] GC(207) Pause Young (Normal) (G1 Evacuation Pause) 905M->313M(1024M) 6,075ms
[2023-11-08T18:25:58.359+0100][gc,cpu        ] GC(207) User=0,05s Sys=0,01s Real=0,01s
[2023-11-08T18:25:59.993+0100][gc,start      ] GC(208) Pause Young (Normal) (G1 Evacuation Pause)
[2023-11-08T18:25:59.993+0100][gc,task       ] GC(208) Using 13 workers of 13 for evacuation
[2023-11-08T18:25:59.999+0100][gc,phases     ] GC(208)   Pre Evacuate Collection Set: 0,0ms
[2023-11-08T18:25:59.999+0100][gc,phases     ] GC(208)   Evacuate Collection Set: 5,5ms
[2023-11-08T18:25:59.999+0100][gc,phases     ] GC(208)   Post Evacuate Collection Set: 0,6ms
[2023-11-08T18:25:59.999+0100][gc,phases     ] GC(208)   Other: 0,3ms
[2023-11-08T18:25:59.999+0100][gc,heap       ] GC(208) Eden regions: 593->0(589)
[2023-11-08T18:25:59.999+0100][gc,heap       ] GC(208) Survivor regions: 12->14(76)
[2023-11-08T18:25:59.999+0100][gc,heap       ] GC(208) Old regions: 175->175
[2023-11-08T18:25:59.999+0100][gc,heap       ] GC(208) Humongous regions: 129->129
[2023-11-08T18:25:59.999+0100][gc,metaspace  ] GC(208) Metaspace: 48211K(52224K)->48211K(52224K) NonClass: 42255K(44544K)->42255K(44544K) Class: 5956K(7680K)->5956K(7680K)
[2023-11-08T18:25:59.999+0100][gc            ] GC(208) Pause Young (Normal) (G1 Evacuation Pause) 906M->315M(1024M) 6,507ms
[2023-11-08T18:25:59.999+0100][gc,cpu        ] GC(208) User=0,06s Sys=0,01s Real=0,01s
[2023-11-08T18:26:01.609+0100][gc,start      ] GC(209) Pause Young (Normal) (G1 Evacuation Pause)
[2023-11-08T18:26:01.609+0100][gc,task       ] GC(209) Using 13 workers of 13 for evacuation
[2023-11-08T18:26:01.632+0100][gc,mmu        ] GC(209) MMU target violated: 21,0ms (20,0ms/21,0ms)
[2023-11-08T18:26:01.632+0100][gc,phases     ] GC(209)   Pre Evacuate Collection Set: 0,0ms
[2023-11-08T18:26:01.632+0100][gc,phases     ] GC(209)   Evacuate Collection Set: 21,5ms
[2023-11-08T18:26:01.632+0100][gc,phases     ] GC(209)   Post Evacuate Collection Set: 0,9ms
[2023-11-08T18:26:01.632+0100][gc,phases     ] GC(209)   Other: 0,3ms
[2023-11-08T18:26:01.632+0100][gc,heap       ] GC(209) Eden regions: 589->0(585)
[2023-11-08T18:26:01.632+0100][gc,heap       ] GC(209) Survivor regions: 14->16(76)
[2023-11-08T18:26:01.632+0100][gc,heap       ] GC(209) Old regions: 175->175
[2023-11-08T18:26:01.632+0100][gc,heap       ] GC(209) Humongous regions: 129->129
[2023-11-08T18:26:01.632+0100][gc,metaspace  ] GC(209) Metaspace: 48211K(52224K)->48211K(52224K) NonClass: 42255K(44544K)->42255K(44544K) Class: 5956K(7680K)->5956K(7680K)
[2023-11-08T18:26:01.632+0100][gc            ] GC(209) Pause Young (Normal) (G1 Evacuation Pause) 904M->317M(1024M) 22,971ms
[2023-11-08T18:26:01.632+0100][gc,cpu        ] GC(209) User=0,26s Sys=0,02s Real=0,02s
[2023-11-08T18:26:03.311+0100][gc,start      ] GC(210) Pause Young (Normal) (G1 Evacuation Pause)
[2023-11-08T18:26:03.311+0100][gc,task       ] GC(210) Using 13 workers of 13 for evacuation
[2023-11-08T18:26:03.321+0100][gc,phases     ] GC(210)   Pre Evacuate Collection Set: 0,0ms
[2023-11-08T18:26:03.321+0100][gc,phases     ] GC(210)   Evacuate Collection Set: 8,9ms
[2023-11-08T18:26:03.321+0100][gc,phases     ] GC(210)   Post Evacuate Collection Set: 0,7ms
[2023-11-08T18:26:03.321+0100][gc,phases     ] GC(210)   Other: 0,3ms
[2023-11-08T18:26:03.321+0100][gc,heap       ] GC(210) Eden regions: 585->0(579)
[2023-11-08T18:26:03.321+0100][gc,heap       ] GC(210) Survivor regions: 16->19(76)
[2023-11-08T18:26:03.321+0100][gc,heap       ] GC(210) Old regions: 175->175
[2023-11-08T18:26:03.321+0100][gc,heap       ] GC(210) Humongous regions: 129->129
[2023-11-08T18:26:03.321+0100][gc,metaspace  ] GC(210) Metaspace: 48211K(52224K)->48211K(52224K) NonClass: 42255K(44544K)->42255K(44544K) Class: 5956K(7680K)->5956K(7680K)
[2023-11-08T18:26:03.321+0100][gc            ] GC(210) Pause Young (Normal) (G1 Evacuation Pause) 902M->320M(1024M) 10,011ms
[2023-11-08T18:26:03.321+0100][gc,cpu        ] GC(210) User=0,09s Sys=0,01s Real=0,01s
[2023-11-08T18:26:05.091+0100][gc,start      ] GC(211) Pause Young (Normal) (G1 Evacuation Pause)
[2023-11-08T18:26:05.092+0100][gc,task       ] GC(211) Using 13 workers of 13 for evacuation
[2023-11-08T18:26:05.099+0100][gc,phases     ] GC(211)   Pre Evacuate Collection Set: 0,0ms
[2023-11-08T18:26:05.099+0100][gc,phases     ] GC(211)   Evacuate Collection Set: 6,5ms
[2023-11-08T18:26:05.099+0100][gc,phases     ] GC(211)   Post Evacuate Collection Set: 0,7ms
[2023-11-08T18:26:05.099+0100][gc,phases     ] GC(211)   Other: 0,3ms
[2023-11-08T18:26:05.099+0100][gc,heap       ] GC(211) Eden regions: 579->0(577)
[2023-11-08T18:26:05.099+0100][gc,heap       ] GC(211) Survivor regions: 19->20(75)
[2023-11-08T18:26:05.099+0100][gc,heap       ] GC(211) Old regions: 175->175
[2023-11-08T18:26:05.099+0100][gc,heap       ] GC(211) Humongous regions: 129->129
[2023-11-08T18:26:05.099+0100][gc,metaspace  ] GC(211) Metaspace: 48211K(52224K)->48211K(52224K) NonClass: 42255K(44544K)->42255K(44544K) Class: 5956K(7680K)->5956K(7680K)
[2023-11-08T18:26:05.099+0100][gc            ] GC(211) Pause Young (Normal) (G1 Evacuation Pause) 899M->322M(1024M) 7,591ms
[2023-11-08T18:26:05.099+0100][gc,cpu        ] GC(211) User=0,07s Sys=0,02s Real=0,01s
[2023-11-08T18:26:06.954+0100][gc,start      ] GC(212) Pause Young (Normal) (G1 Evacuation Pause)
[2023-11-08T18:26:06.954+0100][gc,task       ] GC(212) Using 13 workers of 13 for evacuation
[2023-11-08T18:26:06.962+0100][gc,phases     ] GC(212)   Pre Evacuate Collection Set: 0,0ms
[2023-11-08T18:26:06.962+0100][gc,phases     ] GC(212)   Evacuate Collection Set: 7,0ms
[2023-11-08T18:26:06.962+0100][gc,phases     ] GC(212)   Post Evacuate Collection Set: 0,6ms
[2023-11-08T18:26:06.962+0100][gc,phases     ] GC(212)   Other: 0,3ms
[2023-11-08T18:26:06.962+0100][gc,heap       ] GC(212) Eden regions: 577->0(572)
[2023-11-08T18:26:06.962+0100][gc,heap       ] GC(212) Survivor regions: 20->22(75)
[2023-11-08T18:26:06.962+0100][gc,heap       ] GC(212) Old regions: 175->176
[2023-11-08T18:26:06.962+0100][gc,heap       ] GC(212) Humongous regions: 129->129
[2023-11-08T18:26:06.962+0100][gc,metaspace  ] GC(212) Metaspace: 48211K(52224K)->48211K(52224K) NonClass: 42255K(44544K)->42255K(44544K) Class: 5956K(7680K)->5956K(7680K)
[2023-11-08T18:26:06.962+0100][gc            ] GC(212) Pause Young (Normal) (G1 Evacuation Pause) 899M->324M(1024M) 7,975ms
[2023-11-08T18:26:06.962+0100][gc,cpu        ] GC(212) User=0,09s Sys=0,00s Real=0,01s
[2023-11-08T18:26:09.358+0100][gc,start      ] GC(213) Pause Young (Normal) (G1 Evacuation Pause)
[2023-11-08T18:26:09.358+0100][gc,task       ] GC(213) Using 13 workers of 13 for evacuation
[2023-11-08T18:26:09.383+0100][gc,mmu        ] GC(213) MMU target violated: 21,0ms (20,0ms/21,0ms)
[2023-11-08T18:26:09.383+0100][gc,phases     ] GC(213)   Pre Evacuate Collection Set: 0,0ms
[2023-11-08T18:26:09.383+0100][gc,phases     ] GC(213)   Evacuate Collection Set: 23,3ms
[2023-11-08T18:26:09.383+0100][gc,phases     ] GC(213)   Post Evacuate Collection Set: 0,8ms
[2023-11-08T18:26:09.383+0100][gc,phases     ] GC(213)   Other: 0,3ms
[2023-11-08T18:26:09.383+0100][gc,heap       ] GC(213) Eden regions: 572->0(568)
[2023-11-08T18:26:09.383+0100][gc,heap       ] GC(213) Survivor regions: 22->24(75)
[2023-11-08T18:26:09.383+0100][gc,heap       ] GC(213) Old regions: 176->176
[2023-11-08T18:26:09.383+0100][gc,heap       ] GC(213) Humongous regions: 129->129
[2023-11-08T18:26:09.383+0100][gc,metaspace  ] GC(213) Metaspace: 48211K(52224K)->48211K(52224K) NonClass: 42255K(44544K)->42255K(44544K) Class: 5956K(7680K)->5956K(7680K)
[2023-11-08T18:26:09.383+0100][gc            ] GC(213) Pause Young (Normal) (G1 Evacuation Pause) 896M->326M(1024M) 24,642ms
[2023-11-08T18:26:09.383+0100][gc,cpu        ] GC(213) User=0,30s Sys=0,00s Real=0,03s
[2023-11-08T18:30:26.490+0100][gc,start      ] GC(214) Pause Young (Normal) (G1 Evacuation Pause)
[2023-11-08T18:30:26.490+0100][gc,task       ] GC(214) Using 13 workers of 13 for evacuation
[2023-11-08T18:30:26.498+0100][gc,phases     ] GC(214)   Pre Evacuate Collection Set: 0,0ms
[2023-11-08T18:30:26.498+0100][gc,phases     ] GC(214)   Evacuate Collection Set: 7,1ms
[2023-11-08T18:30:26.498+0100][gc,phases     ] GC(214)   Post Evacuate Collection Set: 1,0ms
[2023-11-08T18:30:26.498+0100][gc,phases     ] GC(214)   Other: 0,4ms
[2023-11-08T18:30:26.498+0100][gc,heap       ] GC(214) Eden regions: 568->0(589)
[2023-11-08T18:30:26.498+0100][gc,heap       ] GC(214) Survivor regions: 24->10(74)
[2023-11-08T18:30:26.498+0100][gc,heap       ] GC(214) Old regions: 176->176
[2023-11-08T18:30:26.498+0100][gc,heap       ] GC(214) Humongous regions: 129->129
[2023-11-08T18:30:26.498+0100][gc,metaspace  ] GC(214) Metaspace: 48211K(52224K)->48211K(52224K) NonClass: 42255K(44544K)->42255K(44544K) Class: 5956K(7680K)->5956K(7680K)
[2023-11-08T18:30:26.498+0100][gc            ] GC(214) Pause Young (Normal) (G1 Evacuation Pause) 894M->312M(1024M) 8,642ms
[2023-11-08T18:30:26.499+0100][gc,cpu        ] GC(214) User=0,10s Sys=0,00s Real=0,01s
[2023-11-08T18:30:28.542+0100][gc,start      ] GC(215) Pause Young (Normal) (G1 Evacuation Pause)
[2023-11-08T18:30:28.542+0100][gc,task       ] GC(215) Using 13 workers of 13 for evacuation
[2023-11-08T18:30:28.548+0100][gc,phases     ] GC(215)   Pre Evacuate Collection Set: 0,0ms
[2023-11-08T18:30:28.548+0100][gc,phases     ] GC(215)   Evacuate Collection Set: 5,2ms
[2023-11-08T18:30:28.548+0100][gc,phases     ] GC(215)   Post Evacuate Collection Set: 0,6ms
[2023-11-08T18:30:28.548+0100][gc,phases     ] GC(215)   Other: 0,3ms
[2023-11-08T18:30:28.548+0100][gc,heap       ] GC(215) Eden regions: 589->0(592)
[2023-11-08T18:30:28.548+0100][gc,heap       ] GC(215) Survivor regions: 10->10(75)
[2023-11-08T18:30:28.548+0100][gc,heap       ] GC(215) Old regions: 176->176
[2023-11-08T18:30:28.548+0100][gc,heap       ] GC(215) Humongous regions: 129->129
[2023-11-08T18:30:28.548+0100][gc,metaspace  ] GC(215) Metaspace: 48211K(52224K)->48211K(52224K) NonClass: 42255K(44544K)->42255K(44544K) Class: 5956K(7680K)->5956K(7680K)
[2023-11-08T18:30:28.548+0100][gc            ] GC(215) Pause Young (Normal) (G1 Evacuation Pause) 901M->312M(1024M) 6,194ms
[2023-11-08T18:30:28.548+0100][gc,cpu        ] GC(215) User=0,05s Sys=0,02s Real=0,01s
[2023-11-08T18:30:30.611+0100][gc,start      ] GC(216) Pause Young (Normal) (G1 Evacuation Pause)
[2023-11-08T18:30:30.611+0100][gc,task       ] GC(216) Using 13 workers of 13 for evacuation
[2023-11-08T18:30:30.617+0100][gc,phases     ] GC(216)   Pre Evacuate Collection Set: 0,0ms
[2023-11-08T18:30:30.617+0100][gc,phases     ] GC(216)   Evacuate Collection Set: 5,0ms
[2023-11-08T18:30:30.617+0100][gc,phases     ] GC(216)   Post Evacuate Collection Set: 0,7ms
[2023-11-08T18:30:30.617+0100][gc,phases     ] GC(216)   Other: 0,3ms
[2023-11-08T18:30:30.617+0100][gc,heap       ] GC(216) Eden regions: 592->0(594)
[2023-11-08T18:30:30.617+0100][gc,heap       ] GC(216) Survivor regions: 10->10(76)
[2023-11-08T18:30:30.617+0100][gc,heap       ] GC(216) Old regions: 176->176
[2023-11-08T18:30:30.617+0100][gc,heap       ] GC(216) Humongous regions: 129->129
[2023-11-08T18:30:30.617+0100][gc,metaspace  ] GC(216) Metaspace: 48211K(52224K)->48211K(52224K) NonClass: 42255K(44544K)->42255K(44544K) Class: 5956K(7680K)->5956K(7680K)
[2023-11-08T18:30:30.617+0100][gc            ] GC(216) Pause Young (Normal) (G1 Evacuation Pause) 904M->312M(1024M) 6,020ms
[2023-11-08T18:30:30.617+0100][gc,cpu        ] GC(216) User=0,06s Sys=0,02s Real=0,01s
[2023-11-08T18:30:32.686+0100][gc,start      ] GC(217) Pause Young (Normal) (G1 Evacuation Pause)
[2023-11-08T18:30:32.686+0100][gc,task       ] GC(217) Using 13 workers of 13 for evacuation
[2023-11-08T18:30:32.692+0100][gc,phases     ] GC(217)   Pre Evacuate Collection Set: 0,0ms
[2023-11-08T18:30:32.692+0100][gc,phases     ] GC(217)   Evacuate Collection Set: 5,0ms
[2023-11-08T18:30:32.692+0100][gc,phases     ] GC(217)   Post Evacuate Collection Set: 0,7ms
[2023-11-08T18:30:32.692+0100][gc,phases     ] GC(217)   Other: 0,2ms
[2023-11-08T18:30:32.692+0100][gc,heap       ] GC(217) Eden regions: 594->0(596)
[2023-11-08T18:30:32.692+0100][gc,heap       ] GC(217) Survivor regions: 10->10(76)
[2023-11-08T18:30:32.692+0100][gc,heap       ] GC(217) Old regions: 176->176
[2023-11-08T18:30:32.692+0100][gc,heap       ] GC(217) Humongous regions: 129->129
[2023-11-08T18:30:32.692+0100][gc,metaspace  ] GC(217) Metaspace: 48211K(52224K)->48211K(52224K) NonClass: 42255K(44544K)->42255K(44544K) Class: 5956K(7680K)->5956K(7680K)
[2023-11-08T18:30:32.692+0100][gc            ] GC(217) Pause Young (Normal) (G1 Evacuation Pause) 906M->312M(1024M) 6,173ms
[2023-11-08T18:30:32.692+0100][gc,cpu        ] GC(217) User=0,06s Sys=0,00s Real=0,00s
[2023-11-08T18:30:34.794+0100][gc,start      ] GC(218) Pause Young (Normal) (G1 Evacuation Pause)
[2023-11-08T18:30:34.794+0100][gc,task       ] GC(218) Using 13 workers of 13 for evacuation
[2023-11-08T18:30:34.800+0100][gc,phases     ] GC(218)   Pre Evacuate Collection Set: 0,0ms
[2023-11-08T18:30:34.800+0100][gc,phases     ] GC(218)   Evacuate Collection Set: 5,2ms
[2023-11-08T18:30:34.800+0100][gc,phases     ] GC(218)   Post Evacuate Collection Set: 0,6ms
[2023-11-08T18:30:34.800+0100][gc,phases     ] GC(218)   Other: 0,2ms
[2023-11-08T18:30:34.800+0100][gc,heap       ] GC(218) Eden regions: 596->0(596)
[2023-11-08T18:30:34.800+0100][gc,heap       ] GC(218) Survivor regions: 10->10(76)
[2023-11-08T18:30:34.800+0100][gc,heap       ] GC(218) Old regions: 176->176
[2023-11-08T18:30:34.800+0100][gc,heap       ] GC(218) Humongous regions: 129->129
[2023-11-08T18:30:34.800+0100][gc,metaspace  ] GC(218) Metaspace: 48211K(52224K)->48211K(52224K) NonClass: 42255K(44544K)->42255K(44544K) Class: 5956K(7680K)->5956K(7680K)
[2023-11-08T18:30:34.800+0100][gc            ] GC(218) Pause Young (Normal) (G1 Evacuation Pause) 908M->312M(1024M) 6,230ms
[2023-11-08T18:30:34.800+0100][gc,cpu        ] GC(218) User=0,06s Sys=0,02s Real=0,01s
[2023-11-08T18:30:36.578+0100][gc,start      ] GC(219) Pause Young (Normal) (G1 Evacuation Pause)
[2023-11-08T18:30:36.578+0100][gc,task       ] GC(219) Using 13 workers of 13 for evacuation
[2023-11-08T18:30:36.585+0100][gc,phases     ] GC(219)   Pre Evacuate Collection Set: 0,0ms
[2023-11-08T18:30:36.585+0100][gc,phases     ] GC(219)   Evacuate Collection Set: 6,2ms
[2023-11-08T18:30:36.585+0100][gc,phases     ] GC(219)   Post Evacuate Collection Set: 0,6ms
[2023-11-08T18:30:36.585+0100][gc,phases     ] GC(219)   Other: 0,3ms
[2023-11-08T18:30:36.585+0100][gc,heap       ] GC(219) Eden regions: 596->0(596)
[2023-11-08T18:30:36.585+0100][gc,heap       ] GC(219) Survivor regions: 10->10(76)
[2023-11-08T18:30:36.585+0100][gc,heap       ] GC(219) Old regions: 176->176
[2023-11-08T18:30:36.585+0100][gc,heap       ] GC(219) Humongous regions: 129->129
[2023-11-08T18:30:36.585+0100][gc,metaspace  ] GC(219) Metaspace: 48211K(52224K)->48211K(52224K) NonClass: 42255K(44544K)->42255K(44544K) Class: 5956K(7680K)->5956K(7680K)
[2023-11-08T18:30:36.585+0100][gc            ] GC(219) Pause Young (Normal) (G1 Evacuation Pause) 908M->313M(1024M) 7,323ms
[2023-11-08T18:30:36.585+0100][gc,cpu        ] GC(219) User=0,07s Sys=0,00s Real=0,01s
[2023-11-08T18:30:38.288+0100][gc,start      ] GC(220) Pause Young (Normal) (G1 Evacuation Pause)
[2023-11-08T18:30:38.288+0100][gc,task       ] GC(220) Using 13 workers of 13 for evacuation
[2023-11-08T18:30:38.294+0100][gc,phases     ] GC(220)   Pre Evacuate Collection Set: 0,0ms
[2023-11-08T18:30:38.294+0100][gc,phases     ] GC(220)   Evacuate Collection Set: 5,2ms
[2023-11-08T18:30:38.294+0100][gc,phases     ] GC(220)   Post Evacuate Collection Set: 0,6ms
[2023-11-08T18:30:38.294+0100][gc,phases     ] GC(220)   Other: 0,2ms
[2023-11-08T18:30:38.294+0100][gc,heap       ] GC(220) Eden regions: 596->0(594)
[2023-11-08T18:30:38.294+0100][gc,heap       ] GC(220) Survivor regions: 10->11(76)
[2023-11-08T18:30:38.294+0100][gc,heap       ] GC(220) Old regions: 176->176
[2023-11-08T18:30:38.294+0100][gc,heap       ] GC(220) Humongous regions: 129->129
[2023-11-08T18:30:38.294+0100][gc,metaspace  ] GC(220) Metaspace: 48211K(52224K)->48211K(52224K) NonClass: 42255K(44544K)->42255K(44544K) Class: 5956K(7680K)->5956K(7680K)
[2023-11-08T18:30:38.294+0100][gc            ] GC(220) Pause Young (Normal) (G1 Evacuation Pause) 909M->314M(1024M) 6,098ms
[2023-11-08T18:30:38.294+0100][gc,cpu        ] GC(220) User=0,06s Sys=0,01s Real=0,00s
[2023-11-08T18:30:39.991+0100][gc,start      ] GC(221) Pause Young (Normal) (G1 Evacuation Pause)
[2023-11-08T18:30:39.991+0100][gc,task       ] GC(221) Using 13 workers of 13 for evacuation
[2023-11-08T18:30:39.998+0100][gc,phases     ] GC(221)   Pre Evacuate Collection Set: 0,0ms
[2023-11-08T18:30:39.998+0100][gc,phases     ] GC(221)   Evacuate Collection Set: 6,5ms
[2023-11-08T18:30:39.998+0100][gc,phases     ] GC(221)   Post Evacuate Collection Set: 0,7ms
[2023-11-08T18:30:39.998+0100][gc,phases     ] GC(221)   Other: 0,3ms
[2023-11-08T18:30:39.998+0100][gc,heap       ] GC(221) Eden regions: 594->0(590)
[2023-11-08T18:30:39.998+0100][gc,heap       ] GC(221) Survivor regions: 11->13(76)
[2023-11-08T18:30:39.998+0100][gc,heap       ] GC(221) Old regions: 176->176
[2023-11-08T18:30:39.998+0100][gc,heap       ] GC(221) Humongous regions: 129->129
[2023-11-08T18:30:39.998+0100][gc,metaspace  ] GC(221) Metaspace: 48211K(52224K)->48211K(52224K) NonClass: 42255K(44544K)->42255K(44544K) Class: 5956K(7680K)->5956K(7680K)
[2023-11-08T18:30:39.998+0100][gc            ] GC(221) Pause Young (Normal) (G1 Evacuation Pause) 908M->316M(1024M) 7,604ms
[2023-11-08T18:30:39.998+0100][gc,cpu        ] GC(221) User=0,06s Sys=0,01s Real=0,01s
[2023-11-08T18:30:41.684+0100][gc,start      ] GC(222) Pause Young (Normal) (G1 Evacuation Pause)
[2023-11-08T18:30:41.684+0100][gc,task       ] GC(222) Using 13 workers of 13 for evacuation
[2023-11-08T18:30:41.692+0100][gc,phases     ] GC(222)   Pre Evacuate Collection Set: 0,0ms
[2023-11-08T18:30:41.692+0100][gc,phases     ] GC(222)   Evacuate Collection Set: 7,3ms
[2023-11-08T18:30:41.692+0100][gc,phases     ] GC(222)   Post Evacuate Collection Set: 0,6ms
[2023-11-08T18:30:41.692+0100][gc,phases     ] GC(222)   Other: 0,3ms
[2023-11-08T18:30:41.692+0100][gc,heap       ] GC(222) Eden regions: 590->0(582)
[2023-11-08T18:30:41.692+0100][gc,heap       ] GC(222) Survivor regions: 13->17(76)
[2023-11-08T18:30:41.692+0100][gc,heap       ] GC(222) Old regions: 176->176
[2023-11-08T18:30:41.692+0100][gc,heap       ] GC(222) Humongous regions: 129->129
[2023-11-08T18:30:41.692+0100][gc,metaspace  ] GC(222) Metaspace: 48211K(52224K)->48211K(52224K) NonClass: 42255K(44544K)->42255K(44544K) Class: 5956K(7680K)->5956K(7680K)
[2023-11-08T18:30:41.692+0100][gc            ] GC(222) Pause Young (Normal) (G1 Evacuation Pause) 906M->320M(1024M) 8,325ms
[2023-11-08T18:30:41.692+0100][gc,cpu        ] GC(222) User=0,09s Sys=0,00s Real=0,00s
[2023-11-08T18:30:43.334+0100][gc,start      ] GC(223) Pause Young (Normal) (G1 Evacuation Pause)
[2023-11-08T18:30:43.334+0100][gc,task       ] GC(223) Using 13 workers of 13 for evacuation
[2023-11-08T18:30:43.343+0100][gc,phases     ] GC(223)   Pre Evacuate Collection Set: 0,0ms
[2023-11-08T18:30:43.343+0100][gc,phases     ] GC(223)   Evacuate Collection Set: 7,8ms
[2023-11-08T18:30:43.343+0100][gc,phases     ] GC(223)   Post Evacuate Collection Set: 0,6ms
[2023-11-08T18:30:43.343+0100][gc,phases     ] GC(223)   Other: 0,3ms
[2023-11-08T18:30:43.343+0100][gc,heap       ] GC(223) Eden regions: 582->0(578)
[2023-11-08T18:30:43.343+0100][gc,heap       ] GC(223) Survivor regions: 17->19(75)
[2023-11-08T18:30:43.343+0100][gc,heap       ] GC(223) Old regions: 176->176
[2023-11-08T18:30:43.343+0100][gc,heap       ] GC(223) Humongous regions: 129->129
[2023-11-08T18:30:43.343+0100][gc,metaspace  ] GC(223) Metaspace: 48211K(52224K)->48211K(52224K) NonClass: 42255K(44544K)->42255K(44544K) Class: 5956K(7680K)->5956K(7680K)
[2023-11-08T18:30:43.343+0100][gc            ] GC(223) Pause Young (Normal) (G1 Evacuation Pause) 902M->322M(1024M) 8,841ms
[2023-11-08T18:30:43.343+0100][gc,cpu        ] GC(223) User=0,05s Sys=0,04s Real=0,02s
[2023-11-08T18:30:44.993+0100][gc,start      ] GC(224) Pause Young (Normal) (G1 Evacuation Pause)
[2023-11-08T18:30:44.993+0100][gc,task       ] GC(224) Using 13 workers of 13 for evacuation
[2023-11-08T18:30:45.001+0100][gc,phases     ] GC(224)   Pre Evacuate Collection Set: 0,0ms
[2023-11-08T18:30:45.001+0100][gc,phases     ] GC(224)   Evacuate Collection Set: 7,5ms
[2023-11-08T18:30:45.001+0100][gc,phases     ] GC(224)   Post Evacuate Collection Set: 0,6ms
[2023-11-08T18:30:45.001+0100][gc,phases     ] GC(224)   Other: 0,3ms
[2023-11-08T18:30:45.001+0100][gc,heap       ] GC(224) Eden regions: 578->0(571)
[2023-11-08T18:30:45.001+0100][gc,heap       ] GC(224) Survivor regions: 19->22(75)
[2023-11-08T18:30:45.001+0100][gc,heap       ] GC(224) Old regions: 176->177
[2023-11-08T18:30:45.001+0100][gc,heap       ] GC(224) Humongous regions: 129->129
[2023-11-08T18:30:45.001+0100][gc,metaspace  ] GC(224) Metaspace: 48211K(52224K)->48211K(52224K) NonClass: 42255K(44544K)->42255K(44544K) Class: 5956K(7680K)->5956K(7680K)
[2023-11-08T18:30:45.001+0100][gc            ] GC(224) Pause Young (Normal) (G1 Evacuation Pause) 900M->325M(1024M) 8,564ms
[2023-11-08T18:30:45.001+0100][gc,cpu        ] GC(224) User=0,10s Sys=0,00s Real=0,01s
[2023-11-08T18:30:46.572+0100][gc,start      ] GC(225) Pause Young (Normal) (G1 Evacuation Pause)
[2023-11-08T18:30:46.572+0100][gc,task       ] GC(225) Using 13 workers of 13 for evacuation
[2023-11-08T18:30:46.581+0100][gc,phases     ] GC(225)   Pre Evacuate Collection Set: 0,0ms
[2023-11-08T18:30:46.581+0100][gc,phases     ] GC(225)   Evacuate Collection Set: 8,0ms
[2023-11-08T18:30:46.581+0100][gc,phases     ] GC(225)   Post Evacuate Collection Set: 0,7ms
[2023-11-08T18:30:46.581+0100][gc,phases     ] GC(225)   Other: 0,3ms
[2023-11-08T18:30:46.581+0100][gc,heap       ] GC(225) Eden regions: 571->0(569)
[2023-11-08T18:30:46.581+0100][gc,heap       ] GC(225) Survivor regions: 22->23(75)
[2023-11-08T18:30:46.581+0100][gc,heap       ] GC(225) Old regions: 177->177
[2023-11-08T18:30:46.581+0100][gc,heap       ] GC(225) Humongous regions: 129->129
[2023-11-08T18:30:46.581+0100][gc,metaspace  ] GC(225) Metaspace: 48211K(52224K)->48211K(52224K) NonClass: 42255K(44544K)->42255K(44544K) Class: 5956K(7680K)->5956K(7680K)
[2023-11-08T18:30:46.581+0100][gc            ] GC(225) Pause Young (Normal) (G1 Evacuation Pause) 896M->326M(1024M) 9,072ms
[2023-11-08T18:30:46.581+0100][gc,cpu        ] GC(225) User=0,11s Sys=0,00s Real=0,01s
[2023-11-08T18:30:48.089+0100][gc,start      ] GC(226) Pause Young (Normal) (G1 Evacuation Pause)
[2023-11-08T18:30:48.089+0100][gc,task       ] GC(226) Using 13 workers of 13 for evacuation
[2023-11-08T18:30:48.099+0100][gc,phases     ] GC(226)   Pre Evacuate Collection Set: 0,0ms
[2023-11-08T18:30:48.099+0100][gc,phases     ] GC(226)   Evacuate Collection Set: 9,3ms
[2023-11-08T18:30:48.099+0100][gc,phases     ] GC(226)   Post Evacuate Collection Set: 0,7ms
[2023-11-08T18:30:48.099+0100][gc,phases     ] GC(226)   Other: 0,2ms
[2023-11-08T18:30:48.099+0100][gc,heap       ] GC(226) Eden regions: 569->0(563)
[2023-11-08T18:30:48.099+0100][gc,heap       ] GC(226) Survivor regions: 23->26(74)
[2023-11-08T18:30:48.099+0100][gc,heap       ] GC(226) Old regions: 177->177
[2023-11-08T18:30:48.099+0100][gc,heap       ] GC(226) Humongous regions: 129->129
[2023-11-08T18:30:48.099+0100][gc,metaspace  ] GC(226) Metaspace: 48211K(52224K)->48211K(52224K) NonClass: 42255K(44544K)->42255K(44544K) Class: 5956K(7680K)->5956K(7680K)
[2023-11-08T18:30:48.099+0100][gc            ] GC(226) Pause Young (Normal) (G1 Evacuation Pause) 895M->329M(1024M) 10,273ms
[2023-11-08T18:30:48.099+0100][gc,cpu        ] GC(226) User=0,11s Sys=0,01s Real=0,01s
[2023-11-08T18:30:49.631+0100][gc,start      ] GC(227) Pause Young (Normal) (G1 Evacuation Pause)
[2023-11-08T18:30:49.632+0100][gc,task       ] GC(227) Using 13 workers of 13 for evacuation
[2023-11-08T18:30:49.658+0100][gc,mmu        ] GC(227) MMU target violated: 21,0ms (20,0ms/21,0ms)
[2023-11-08T18:30:49.658+0100][gc,phases     ] GC(227)   Pre Evacuate Collection Set: 0,0ms
[2023-11-08T18:30:49.658+0100][gc,phases     ] GC(227)   Evacuate Collection Set: 25,2ms
[2023-11-08T18:30:49.658+0100][gc,phases     ] GC(227)   Post Evacuate Collection Set: 0,7ms
[2023-11-08T18:30:49.658+0100][gc,phases     ] GC(227)   Other: 0,4ms
[2023-11-08T18:30:49.658+0100][gc,heap       ] GC(227) Eden regions: 563->0(559)
[2023-11-08T18:30:49.658+0100][gc,heap       ] GC(227) Survivor regions: 26->28(74)
[2023-11-08T18:30:49.658+0100][gc,heap       ] GC(227) Old regions: 177->177
[2023-11-08T18:30:49.658+0100][gc,heap       ] GC(227) Humongous regions: 129->129
[2023-11-08T18:30:49.658+0100][gc,metaspace  ] GC(227) Metaspace: 48211K(52224K)->48211K(52224K) NonClass: 42255K(44544K)->42255K(44544K) Class: 5956K(7680K)->5956K(7680K)
[2023-11-08T18:30:49.658+0100][gc            ] GC(227) Pause Young (Normal) (G1 Evacuation Pause) 892M->331M(1024M) 26,487ms
[2023-11-08T18:30:49.658+0100][gc,cpu        ] GC(227) User=0,32s Sys=0,01s Real=0,03s
[2023-11-08T18:30:51.202+0100][gc,start      ] GC(228) Pause Young (Normal) (G1 Evacuation Pause)
[2023-11-08T18:30:51.202+0100][gc,task       ] GC(228) Using 13 workers of 13 for evacuation
[2023-11-08T18:30:51.212+0100][gc,phases     ] GC(228)   Pre Evacuate Collection Set: 0,0ms
[2023-11-08T18:30:51.212+0100][gc,phases     ] GC(228)   Evacuate Collection Set: 9,1ms
[2023-11-08T18:30:51.212+0100][gc,phases     ] GC(228)   Post Evacuate Collection Set: 0,6ms
[2023-11-08T18:30:51.212+0100][gc,phases     ] GC(228)   Other: 0,2ms
[2023-11-08T18:30:51.212+0100][gc,heap       ] GC(228) Eden regions: 559->0(557)
[2023-11-08T18:30:51.212+0100][gc,heap       ] GC(228) Survivor regions: 28->29(74)
[2023-11-08T18:30:51.212+0100][gc,heap       ] GC(228) Old regions: 177->177
[2023-11-08T18:30:51.212+0100][gc,heap       ] GC(228) Humongous regions: 129->129
[2023-11-08T18:30:51.212+0100][gc,metaspace  ] GC(228) Metaspace: 48211K(52224K)->48211K(52224K) NonClass: 42255K(44544K)->42255K(44544K) Class: 5956K(7680K)->5956K(7680K)
[2023-11-08T18:30:51.212+0100][gc            ] GC(228) Pause Young (Normal) (G1 Evacuation Pause) 890M->332M(1024M) 10,133ms
[2023-11-08T18:30:51.212+0100][gc,cpu        ] GC(228) User=0,12s Sys=0,00s Real=0,01s
[2023-11-08T18:30:52.765+0100][gc,start      ] GC(229) Pause Young (Normal) (G1 Evacuation Pause)
[2023-11-08T18:30:52.765+0100][gc,task       ] GC(229) Using 13 workers of 13 for evacuation
[2023-11-08T18:30:52.776+0100][gc,phases     ] GC(229)   Pre Evacuate Collection Set: 0,0ms
[2023-11-08T18:30:52.776+0100][gc,phases     ] GC(229)   Evacuate Collection Set: 10,1ms
[2023-11-08T18:30:52.776+0100][gc,phases     ] GC(229)   Post Evacuate Collection Set: 0,6ms
[2023-11-08T18:30:52.776+0100][gc,phases     ] GC(229)   Other: 0,2ms
[2023-11-08T18:30:52.776+0100][gc,heap       ] GC(229) Eden regions: 557->0(559)
[2023-11-08T18:30:52.776+0100][gc,heap       ] GC(229) Survivor regions: 29->25(74)
[2023-11-08T18:30:52.776+0100][gc,heap       ] GC(229) Old regions: 177->183
[2023-11-08T18:30:52.776+0100][gc,heap       ] GC(229) Humongous regions: 129->129
[2023-11-08T18:30:52.776+0100][gc,metaspace  ] GC(229) Metaspace: 48211K(52224K)->48211K(52224K) NonClass: 42255K(44544K)->42255K(44544K) Class: 5956K(7680K)->5956K(7680K)
[2023-11-08T18:30:52.776+0100][gc            ] GC(229) Pause Young (Normal) (G1 Evacuation Pause) 889M->334M(1024M) 11,074ms
[2023-11-08T18:30:52.776+0100][gc,cpu        ] GC(229) User=0,12s Sys=0,00s Real=0,01s
[2023-11-08T18:30:54.256+0100][gc,start      ] GC(230) Pause Young (Normal) (G1 Evacuation Pause)
[2023-11-08T18:30:54.256+0100][gc,task       ] GC(230) Using 13 workers of 13 for evacuation
[2023-11-08T18:30:54.265+0100][gc,phases     ] GC(230)   Pre Evacuate Collection Set: 0,0ms
[2023-11-08T18:30:54.265+0100][gc,phases     ] GC(230)   Evacuate Collection Set: 8,1ms
[2023-11-08T18:30:54.265+0100][gc,phases     ] GC(230)   Post Evacuate Collection Set: 0,6ms
[2023-11-08T18:30:54.265+0100][gc,phases     ] GC(230)   Other: 0,2ms
[2023-11-08T18:30:54.265+0100][gc,heap       ] GC(230) Eden regions: 559->0(558)
[2023-11-08T18:30:54.265+0100][gc,heap       ] GC(230) Survivor regions: 25->25(73)
[2023-11-08T18:30:54.265+0100][gc,heap       ] GC(230) Old regions: 183->184
[2023-11-08T18:30:54.265+0100][gc,heap       ] GC(230) Humongous regions: 129->129
[2023-11-08T18:30:54.265+0100][gc,metaspace  ] GC(230) Metaspace: 48211K(52224K)->48211K(52224K) NonClass: 42255K(44544K)->42255K(44544K) Class: 5956K(7680K)->5956K(7680K)
[2023-11-08T18:30:54.265+0100][gc            ] GC(230) Pause Young (Normal) (G1 Evacuation Pause) 893M->336M(1024M) 9,049ms
[2023-11-08T18:30:54.265+0100][gc,cpu        ] GC(230) User=0,10s Sys=0,00s Real=0,01s
[2023-11-08T18:30:55.755+0100][gc,start      ] GC(231) Pause Young (Normal) (G1 Evacuation Pause)
[2023-11-08T18:30:55.755+0100][gc,task       ] GC(231) Using 13 workers of 13 for evacuation
[2023-11-08T18:30:55.765+0100][gc,phases     ] GC(231)   Pre Evacuate Collection Set: 0,0ms
[2023-11-08T18:30:55.765+0100][gc,phases     ] GC(231)   Evacuate Collection Set: 8,9ms
[2023-11-08T18:30:55.765+0100][gc,phases     ] GC(231)   Post Evacuate Collection Set: 0,7ms
[2023-11-08T18:30:55.765+0100][gc,phases     ] GC(231)   Other: 0,2ms
[2023-11-08T18:30:55.765+0100][gc,heap       ] GC(231) Eden regions: 558->0(553)
[2023-11-08T18:30:55.765+0100][gc,heap       ] GC(231) Survivor regions: 25->27(73)
[2023-11-08T18:30:55.765+0100][gc,heap       ] GC(231) Old regions: 184->185
[2023-11-08T18:30:55.765+0100][gc,heap       ] GC(231) Humongous regions: 129->129
[2023-11-08T18:30:55.765+0100][gc,metaspace  ] GC(231) Metaspace: 48211K(52224K)->48211K(52224K) NonClass: 42255K(44544K)->42255K(44544K) Class: 5956K(7680K)->5956K(7680K)
[2023-11-08T18:30:55.765+0100][gc            ] GC(231) Pause Young (Normal) (G1 Evacuation Pause) 894M->338M(1024M) 9,994ms
[2023-11-08T18:30:55.765+0100][gc,cpu        ] GC(231) User=0,09s Sys=0,01s Real=0,01s
[2023-11-08T18:30:57.235+0100][gc,start      ] GC(232) Pause Young (Normal) (G1 Evacuation Pause)
[2023-11-08T18:30:57.235+0100][gc,task       ] GC(232) Using 13 workers of 13 for evacuation
[2023-11-08T18:30:57.245+0100][gc,phases     ] GC(232)   Pre Evacuate Collection Set: 0,0ms
[2023-11-08T18:30:57.246+0100][gc,phases     ] GC(232)   Evacuate Collection Set: 9,6ms
[2023-11-08T18:30:57.246+0100][gc,phases     ] GC(232)   Post Evacuate Collection Set: 0,6ms
[2023-11-08T18:30:57.246+0100][gc,phases     ] GC(232)   Other: 0,2ms
[2023-11-08T18:30:57.246+0100][gc,heap       ] GC(232) Eden regions: 553->0(551)
[2023-11-08T18:30:57.246+0100][gc,heap       ] GC(232) Survivor regions: 27->28(73)
[2023-11-08T18:30:57.246+0100][gc,heap       ] GC(232) Old regions: 185->185
[2023-11-08T18:30:57.246+0100][gc,heap       ] GC(232) Humongous regions: 129->129
[2023-11-08T18:30:57.246+0100][gc,metaspace  ] GC(232) Metaspace: 48211K(52224K)->48211K(52224K) NonClass: 42255K(44544K)->42255K(44544K) Class: 5956K(7680K)->5956K(7680K)
[2023-11-08T18:30:57.246+0100][gc            ] GC(232) Pause Young (Normal) (G1 Evacuation Pause) 891M->340M(1024M) 10,583ms
[2023-11-08T18:30:57.246+0100][gc,cpu        ] GC(232) User=0,09s Sys=0,01s Real=0,01s
[2023-11-08T18:30:58.765+0100][gc,start      ] GC(233) Pause Young (Normal) (G1 Evacuation Pause)
[2023-11-08T18:30:58.765+0100][gc,task       ] GC(233) Using 13 workers of 13 for evacuation
[2023-11-08T18:30:58.774+0100][gc,phases     ] GC(233)   Pre Evacuate Collection Set: 0,0ms
[2023-11-08T18:30:58.774+0100][gc,phases     ] GC(233)   Evacuate Collection Set: 9,0ms
[2023-11-08T18:30:58.774+0100][gc,phases     ] GC(233)   Post Evacuate Collection Set: 0,6ms
[2023-11-08T18:30:58.775+0100][gc,phases     ] GC(233)   Other: 0,2ms
[2023-11-08T18:30:58.775+0100][gc,heap       ] GC(233) Eden regions: 551->0(549)
[2023-11-08T18:30:58.775+0100][gc,heap       ] GC(233) Survivor regions: 28->29(73)
[2023-11-08T18:30:58.775+0100][gc,heap       ] GC(233) Old regions: 185->185
[2023-11-08T18:30:58.775+0100][gc,heap       ] GC(233) Humongous regions: 129->129
[2023-11-08T18:30:58.775+0100][gc,metaspace  ] GC(233) Metaspace: 48211K(52224K)->48211K(52224K) NonClass: 42255K(44544K)->42255K(44544K) Class: 5956K(7680K)->5956K(7680K)
[2023-11-08T18:30:58.775+0100][gc            ] GC(233) Pause Young (Normal) (G1 Evacuation Pause) 891M->341M(1024M) 10,060ms
[2023-11-08T18:30:58.775+0100][gc,cpu        ] GC(233) User=0,11s Sys=0,01s Real=0,00s
[2023-11-08T18:31:00.271+0100][gc,start      ] GC(234) Pause Young (Normal) (G1 Evacuation Pause)
[2023-11-08T18:31:00.271+0100][gc,task       ] GC(234) Using 13 workers of 13 for evacuation
[2023-11-08T18:31:00.282+0100][gc,phases     ] GC(234)   Pre Evacuate Collection Set: 0,0ms
[2023-11-08T18:31:00.282+0100][gc,phases     ] GC(234)   Evacuate Collection Set: 9,8ms
[2023-11-08T18:31:00.282+0100][gc,phases     ] GC(234)   Post Evacuate Collection Set: 0,6ms
[2023-11-08T18:31:00.282+0100][gc,phases     ] GC(234)   Other: 0,2ms
[2023-11-08T18:31:00.282+0100][gc,heap       ] GC(234) Eden regions: 549->0(544)
[2023-11-08T18:31:00.282+0100][gc,heap       ] GC(234) Survivor regions: 29->31(73)
[2023-11-08T18:31:00.282+0100][gc,heap       ] GC(234) Old regions: 185->186
[2023-11-08T18:31:00.282+0100][gc,heap       ] GC(234) Humongous regions: 129->129
[2023-11-08T18:31:00.282+0100][gc,metaspace  ] GC(234) Metaspace: 48211K(52224K)->48211K(52224K) NonClass: 42255K(44544K)->42255K(44544K) Class: 5956K(7680K)->5956K(7680K)
[2023-11-08T18:31:00.282+0100][gc            ] GC(234) Pause Young (Normal) (G1 Evacuation Pause) 890M->343M(1024M) 10,827ms
[2023-11-08T18:31:00.282+0100][gc,cpu        ] GC(234) User=0,10s Sys=0,01s Real=0,01s
[2023-11-08T18:31:01.827+0100][gc,start      ] GC(235) Pause Young (Normal) (G1 Evacuation Pause)
[2023-11-08T18:31:01.827+0100][gc,task       ] GC(235) Using 13 workers of 13 for evacuation
[2023-11-08T18:31:01.840+0100][gc,phases     ] GC(235)   Pre Evacuate Collection Set: 0,0ms
[2023-11-08T18:31:01.840+0100][gc,phases     ] GC(235)   Evacuate Collection Set: 11,7ms
[2023-11-08T18:31:01.840+0100][gc,phases     ] GC(235)   Post Evacuate Collection Set: 0,7ms
[2023-11-08T18:31:01.840+0100][gc,phases     ] GC(235)   Other: 0,2ms
[2023-11-08T18:31:01.840+0100][gc,heap       ] GC(235) Eden regions: 544->0(543)
[2023-11-08T18:31:01.840+0100][gc,heap       ] GC(235) Survivor regions: 31->31(72)
[2023-11-08T18:31:01.840+0100][gc,heap       ] GC(235) Old regions: 186->187
[2023-11-08T18:31:01.840+0100][gc,heap       ] GC(235) Humongous regions: 129->129
[2023-11-08T18:31:01.840+0100][gc,metaspace  ] GC(235) Metaspace: 48211K(52224K)->48211K(52224K) NonClass: 42255K(44544K)->42255K(44544K) Class: 5956K(7680K)->5956K(7680K)
[2023-11-08T18:31:01.840+0100][gc            ] GC(235) Pause Young (Normal) (G1 Evacuation Pause) 887M->345M(1024M) 12,680ms
[2023-11-08T18:31:01.840+0100][gc,cpu        ] GC(235) User=0,14s Sys=0,01s Real=0,01s
[2023-11-08T18:31:03.322+0100][gc,start      ] GC(236) Pause Young (Normal) (G1 Evacuation Pause)
[2023-11-08T18:31:03.322+0100][gc,task       ] GC(236) Using 13 workers of 13 for evacuation
[2023-11-08T18:31:03.328+0100][gc,phases     ] GC(236)   Pre Evacuate Collection Set: 0,0ms
[2023-11-08T18:31:03.328+0100][gc,phases     ] GC(236)   Evacuate Collection Set: 5,4ms
[2023-11-08T18:31:03.328+0100][gc,phases     ] GC(236)   Post Evacuate Collection Set: 0,6ms
[2023-11-08T18:31:03.328+0100][gc,phases     ] GC(236)   Other: 0,2ms
[2023-11-08T18:31:03.328+0100][gc,heap       ] GC(236) Eden regions: 543->0(574)
[2023-11-08T18:31:03.328+0100][gc,heap       ] GC(236) Survivor regions: 31->13(72)
[2023-11-08T18:31:03.328+0100][gc,heap       ] GC(236) Old regions: 187->188
[2023-11-08T18:31:03.328+0100][gc,heap       ] GC(236) Humongous regions: 129->129
[2023-11-08T18:31:03.328+0100][gc,metaspace  ] GC(236) Metaspace: 48211K(52224K)->48211K(52224K) NonClass: 42255K(44544K)->42255K(44544K) Class: 5956K(7680K)->5956K(7680K)
[2023-11-08T18:31:03.328+0100][gc            ] GC(236) Pause Young (Normal) (G1 Evacuation Pause) 888M->328M(1024M) 6,356ms
[2023-11-08T18:31:03.328+0100][gc,cpu        ] GC(236) User=0,07s Sys=0,00s Real=0,01s
[2023-11-08T18:31:04.869+0100][gc,start      ] GC(237) Pause Young (Normal) (G1 Evacuation Pause)
[2023-11-08T18:31:04.869+0100][gc,task       ] GC(237) Using 13 workers of 13 for evacuation
[2023-11-08T18:31:04.891+0100][gc,mmu        ] GC(237) MMU target violated: 21,0ms (20,0ms/21,0ms)
[2023-11-08T18:31:04.891+0100][gc,phases     ] GC(237)   Pre Evacuate Collection Set: 0,0ms
[2023-11-08T18:31:04.891+0100][gc,phases     ] GC(237)   Evacuate Collection Set: 20,9ms
[2023-11-08T18:31:04.891+0100][gc,phases     ] GC(237)   Post Evacuate Collection Set: 1,0ms
[2023-11-08T18:31:04.891+0100][gc,phases     ] GC(237)   Other: 0,3ms
[2023-11-08T18:31:04.891+0100][gc,heap       ] GC(237) Eden regions: 574->0(576)
[2023-11-08T18:31:04.891+0100][gc,heap       ] GC(237) Survivor regions: 13->11(74)
[2023-11-08T18:31:04.891+0100][gc,heap       ] GC(237) Old regions: 188->190
[2023-11-08T18:31:04.891+0100][gc,heap       ] GC(237) Humongous regions: 129->129
[2023-11-08T18:31:04.891+0100][gc,metaspace  ] GC(237) Metaspace: 48211K(52224K)->48211K(52224K) NonClass: 42255K(44544K)->42255K(44544K) Class: 5956K(7680K)->5956K(7680K)
[2023-11-08T18:31:04.891+0100][gc            ] GC(237) Pause Young (Normal) (G1 Evacuation Pause) 902M->328M(1024M) 22,373ms
[2023-11-08T18:31:04.892+0100][gc,cpu        ] GC(237) User=0,24s Sys=0,01s Real=0,02s
[2023-11-08T18:31:06.378+0100][gc,start      ] GC(238) Pause Young (Normal) (G1 Evacuation Pause)
[2023-11-08T18:31:06.378+0100][gc,task       ] GC(238) Using 13 workers of 13 for evacuation
[2023-11-08T18:31:06.385+0100][gc,phases     ] GC(238)   Pre Evacuate Collection Set: 0,0ms
[2023-11-08T18:31:06.385+0100][gc,phases     ] GC(238)   Evacuate Collection Set: 5,8ms
[2023-11-08T18:31:06.385+0100][gc,phases     ] GC(238)   Post Evacuate Collection Set: 0,6ms
[2023-11-08T18:31:06.385+0100][gc,phases     ] GC(238)   Other: 0,2ms
[2023-11-08T18:31:06.385+0100][gc,heap       ] GC(238) Eden regions: 576->0(576)
[2023-11-08T18:31:06.385+0100][gc,heap       ] GC(238) Survivor regions: 11->12(74)
[2023-11-08T18:31:06.385+0100][gc,heap       ] GC(238) Old regions: 190->191
[2023-11-08T18:31:06.385+0100][gc,heap       ] GC(238) Humongous regions: 129->129
[2023-11-08T18:31:06.385+0100][gc,metaspace  ] GC(238) Metaspace: 48211K(52224K)->48211K(52224K) NonClass: 42255K(44544K)->42255K(44544K) Class: 5956K(7680K)->5956K(7680K)
[2023-11-08T18:31:06.385+0100][gc            ] GC(238) Pause Young (Normal) (G1 Evacuation Pause) 904M->329M(1024M) 6,768ms
[2023-11-08T18:31:06.385+0100][gc,cpu        ] GC(238) User=0,06s Sys=0,00s Real=0,01s
[2023-11-08T18:31:08.000+0100][gc,start      ] GC(239) Pause Young (Normal) (G1 Evacuation Pause)
[2023-11-08T18:31:08.000+0100][gc,task       ] GC(239) Using 13 workers of 13 for evacuation
[2023-11-08T18:31:08.006+0100][gc,phases     ] GC(239)   Pre Evacuate Collection Set: 0,0ms
[2023-11-08T18:31:08.006+0100][gc,phases     ] GC(239)   Evacuate Collection Set: 5,0ms
[2023-11-08T18:31:08.006+0100][gc,phases     ] GC(239)   Post Evacuate Collection Set: 0,7ms
[2023-11-08T18:31:08.006+0100][gc,phases     ] GC(239)   Other: 0,2ms
[2023-11-08T18:31:08.006+0100][gc,heap       ] GC(239) Eden regions: 576->0(576)
[2023-11-08T18:31:08.006+0100][gc,heap       ] GC(239) Survivor regions: 12->12(74)
[2023-11-08T18:31:08.006+0100][gc,heap       ] GC(239) Old regions: 191->192
[2023-11-08T18:31:08.006+0100][gc,heap       ] GC(239) Humongous regions: 129->129
[2023-11-08T18:31:08.006+0100][gc,metaspace  ] GC(239) Metaspace: 48211K(52224K)->48211K(52224K) NonClass: 42255K(44544K)->42255K(44544K) Class: 5956K(7680K)->5956K(7680K)
[2023-11-08T18:31:08.006+0100][gc            ] GC(239) Pause Young (Normal) (G1 Evacuation Pause) 905M->331M(1024M) 6,039ms
[2023-11-08T18:31:08.006+0100][gc,cpu        ] GC(239) User=0,06s Sys=0,00s Real=0,01s
[2023-11-08T18:31:09.545+0100][gc,start      ] GC(240) Pause Young (Normal) (G1 Evacuation Pause)
[2023-11-08T18:31:09.545+0100][gc,task       ] GC(240) Using 13 workers of 13 for evacuation
[2023-11-08T18:31:09.552+0100][gc,phases     ] GC(240)   Pre Evacuate Collection Set: 0,0ms
[2023-11-08T18:31:09.552+0100][gc,phases     ] GC(240)   Evacuate Collection Set: 5,7ms
[2023-11-08T18:31:09.552+0100][gc,phases     ] GC(240)   Post Evacuate Collection Set: 0,6ms
[2023-11-08T18:31:09.552+0100][gc,phases     ] GC(240)   Other: 0,2ms
[2023-11-08T18:31:09.552+0100][gc,heap       ] GC(240) Eden regions: 576->0(573)
[2023-11-08T18:31:09.552+0100][gc,heap       ] GC(240) Survivor regions: 12->13(74)
[2023-11-08T18:31:09.552+0100][gc,heap       ] GC(240) Old regions: 192->193
[2023-11-08T18:31:09.552+0100][gc,heap       ] GC(240) Humongous regions: 129->129
[2023-11-08T18:31:09.552+0100][gc,metaspace  ] GC(240) Metaspace: 48211K(52224K)->48211K(52224K) NonClass: 42255K(44544K)->42255K(44544K) Class: 5956K(7680K)->5956K(7680K)
[2023-11-08T18:31:09.552+0100][gc            ] GC(240) Pause Young (Normal) (G1 Evacuation Pause) 907M->332M(1024M) 6,625ms
[2023-11-08T18:31:09.552+0100][gc,cpu        ] GC(240) User=0,06s Sys=0,01s Real=0,00s
[2023-11-08T18:31:11.060+0100][gc,start      ] GC(241) Pause Young (Normal) (G1 Evacuation Pause)
[2023-11-08T18:31:11.060+0100][gc,task       ] GC(241) Using 13 workers of 13 for evacuation
[2023-11-08T18:31:11.067+0100][gc,phases     ] GC(241)   Pre Evacuate Collection Set: 0,0ms
[2023-11-08T18:31:11.067+0100][gc,phases     ] GC(241)   Evacuate Collection Set: 5,6ms
[2023-11-08T18:31:11.067+0100][gc,phases     ] GC(241)   Post Evacuate Collection Set: 0,7ms
[2023-11-08T18:31:11.067+0100][gc,phases     ] GC(241)   Other: 0,2ms
[2023-11-08T18:31:11.067+0100][gc,heap       ] GC(241) Eden regions: 573->0(571)
[2023-11-08T18:31:11.067+0100][gc,heap       ] GC(241) Survivor regions: 13->14(74)
[2023-11-08T18:31:11.067+0100][gc,heap       ] GC(241) Old regions: 193->193
[2023-11-08T18:31:11.067+0100][gc,heap       ] GC(241) Humongous regions: 129->129
[2023-11-08T18:31:11.067+0100][gc,metaspace  ] GC(241) Metaspace: 48211K(52224K)->48211K(52224K) NonClass: 42255K(44544K)->42255K(44544K) Class: 5956K(7680K)->5956K(7680K)
[2023-11-08T18:31:11.067+0100][gc            ] GC(241) Pause Young (Normal) (G1 Evacuation Pause) 905M->334M(1024M) 6,613ms
[2023-11-08T18:31:11.067+0100][gc,cpu        ] GC(241) User=0,06s Sys=0,01s Real=0,01s
[2023-11-08T18:31:12.633+0100][gc,start      ] GC(242) Pause Young (Normal) (G1 Evacuation Pause)
[2023-11-08T18:31:12.633+0100][gc,task       ] GC(242) Using 13 workers of 13 for evacuation
[2023-11-08T18:31:12.639+0100][gc,phases     ] GC(242)   Pre Evacuate Collection Set: 0,0ms
[2023-11-08T18:31:12.639+0100][gc,phases     ] GC(242)   Evacuate Collection Set: 5,7ms
[2023-11-08T18:31:12.639+0100][gc,phases     ] GC(242)   Post Evacuate Collection Set: 0,6ms
[2023-11-08T18:31:12.639+0100][gc,phases     ] GC(242)   Other: 0,2ms
[2023-11-08T18:31:12.640+0100][gc,heap       ] GC(242) Eden regions: 571->0(568)
[2023-11-08T18:31:12.640+0100][gc,heap       ] GC(242) Survivor regions: 14->15(74)
[2023-11-08T18:31:12.640+0100][gc,heap       ] GC(242) Old regions: 193->194
[2023-11-08T18:31:12.640+0100][gc,heap       ] GC(242) Humongous regions: 129->129
[2023-11-08T18:31:12.640+0100][gc,metaspace  ] GC(242) Metaspace: 48211K(52224K)->48211K(52224K) NonClass: 42255K(44544K)->42255K(44544K) Class: 5956K(7680K)->5956K(7680K)
[2023-11-08T18:31:12.640+0100][gc            ] GC(242) Pause Young (Normal) (G1 Evacuation Pause) 905M->336M(1024M) 6,605ms
[2023-11-08T18:31:12.640+0100][gc,cpu        ] GC(242) User=0,05s Sys=0,02s Real=0,01s
[2023-11-08T18:31:14.191+0100][gc,start      ] GC(243) Pause Young (Normal) (G1 Evacuation Pause)
[2023-11-08T18:31:14.191+0100][gc,task       ] GC(243) Using 13 workers of 13 for evacuation
[2023-11-08T18:31:14.198+0100][gc,phases     ] GC(243)   Pre Evacuate Collection Set: 0,0ms
[2023-11-08T18:31:14.198+0100][gc,phases     ] GC(243)   Evacuate Collection Set: 5,9ms
[2023-11-08T18:31:14.198+0100][gc,phases     ] GC(243)   Post Evacuate Collection Set: 0,6ms
[2023-11-08T18:31:14.198+0100][gc,phases     ] GC(243)   Other: 0,2ms
[2023-11-08T18:31:14.198+0100][gc,heap       ] GC(243) Eden regions: 568->0(563)
[2023-11-08T18:31:14.198+0100][gc,heap       ] GC(243) Survivor regions: 15->17(73)
[2023-11-08T18:31:14.198+0100][gc,heap       ] GC(243) Old regions: 194->195
[2023-11-08T18:31:14.198+0100][gc,heap       ] GC(243) Humongous regions: 129->129
[2023-11-08T18:31:14.198+0100][gc,metaspace  ] GC(243) Metaspace: 48211K(52224K)->48211K(52224K) NonClass: 42255K(44544K)->42255K(44544K) Class: 5956K(7680K)->5956K(7680K)
[2023-11-08T18:31:14.198+0100][gc            ] GC(243) Pause Young (Normal) (G1 Evacuation Pause) 904M->338M(1024M) 6,903ms
[2023-11-08T18:31:14.198+0100][gc,cpu        ] GC(243) User=0,06s Sys=0,01s Real=0,01s
[2023-11-08T18:31:15.719+0100][gc,start      ] GC(244) Pause Young (Normal) (G1 Evacuation Pause)
[2023-11-08T18:31:15.719+0100][gc,task       ] GC(244) Using 13 workers of 13 for evacuation
[2023-11-08T18:31:15.726+0100][gc,phases     ] GC(244)   Pre Evacuate Collection Set: 0,0ms
[2023-11-08T18:31:15.726+0100][gc,phases     ] GC(244)   Evacuate Collection Set: 6,1ms
[2023-11-08T18:31:15.726+0100][gc,phases     ] GC(244)   Post Evacuate Collection Set: 0,6ms
[2023-11-08T18:31:15.726+0100][gc,phases     ] GC(244)   Other: 0,2ms
[2023-11-08T18:31:15.726+0100][gc,heap       ] GC(244) Eden regions: 563->0(561)
[2023-11-08T18:31:15.726+0100][gc,heap       ] GC(244) Survivor regions: 17->18(73)
[2023-11-08T18:31:15.726+0100][gc,heap       ] GC(244) Old regions: 195->195
[2023-11-08T18:31:15.726+0100][gc,heap       ] GC(244) Humongous regions: 129->129
[2023-11-08T18:31:15.726+0100][gc,metaspace  ] GC(244) Metaspace: 48211K(52224K)->48211K(52224K) NonClass: 42255K(44544K)->42255K(44544K) Class: 5956K(7680K)->5956K(7680K)
[2023-11-08T18:31:15.726+0100][gc            ] GC(244) Pause Young (Normal) (G1 Evacuation Pause) 901M->339M(1024M) 7,068ms
[2023-11-08T18:31:15.726+0100][gc,cpu        ] GC(244) User=0,07s Sys=0,02s Real=0,01s
[2023-11-08T18:31:17.247+0100][gc,start      ] GC(245) Pause Young (Normal) (G1 Evacuation Pause)
[2023-11-08T18:31:17.247+0100][gc,task       ] GC(245) Using 13 workers of 13 for evacuation
[2023-11-08T18:31:17.254+0100][gc,phases     ] GC(245)   Pre Evacuate Collection Set: 0,0ms
[2023-11-08T18:31:17.254+0100][gc,phases     ] GC(245)   Evacuate Collection Set: 6,5ms
[2023-11-08T18:31:17.254+0100][gc,phases     ] GC(245)   Post Evacuate Collection Set: 0,6ms
[2023-11-08T18:31:17.254+0100][gc,phases     ] GC(245)   Other: 0,2ms
[2023-11-08T18:31:17.254+0100][gc,heap       ] GC(245) Eden regions: 561->0(559)
[2023-11-08T18:31:17.254+0100][gc,heap       ] GC(245) Survivor regions: 18->19(73)
[2023-11-08T18:31:17.254+0100][gc,heap       ] GC(245) Old regions: 195->195
[2023-11-08T18:31:17.254+0100][gc,heap       ] GC(245) Humongous regions: 129->129
[2023-11-08T18:31:17.254+0100][gc,metaspace  ] GC(245) Metaspace: 48211K(52224K)->48211K(52224K) NonClass: 42255K(44544K)->42255K(44544K) Class: 5956K(7680K)->5956K(7680K)
[2023-11-08T18:31:17.254+0100][gc            ] GC(245) Pause Young (Normal) (G1 Evacuation Pause) 900M->340M(1024M) 7,451ms
[2023-11-08T18:31:17.254+0100][gc,cpu        ] GC(245) User=0,07s Sys=0,02s Real=0,00s
[2023-11-08T18:31:18.833+0100][gc,start      ] GC(246) Pause Young (Normal) (G1 Evacuation Pause)
[2023-11-08T18:31:18.833+0100][gc,task       ] GC(246) Using 13 workers of 13 for evacuation
[2023-11-08T18:31:18.841+0100][gc,phases     ] GC(246)   Pre Evacuate Collection Set: 0,0ms
[2023-11-08T18:31:18.841+0100][gc,phases     ] GC(246)   Evacuate Collection Set: 6,7ms
[2023-11-08T18:31:18.841+0100][gc,phases     ] GC(246)   Post Evacuate Collection Set: 0,6ms
[2023-11-08T18:31:18.841+0100][gc,phases     ] GC(246)   Other: 0,2ms
[2023-11-08T18:31:18.841+0100][gc,heap       ] GC(246) Eden regions: 559->0(556)
[2023-11-08T18:31:18.841+0100][gc,heap       ] GC(246) Survivor regions: 19->20(73)
[2023-11-08T18:31:18.841+0100][gc,heap       ] GC(246) Old regions: 195->196
[2023-11-08T18:31:18.841+0100][gc,heap       ] GC(246) Humongous regions: 129->129
[2023-11-08T18:31:18.841+0100][gc,metaspace  ] GC(246) Metaspace: 48211K(52224K)->48211K(52224K) NonClass: 42255K(44544K)->42255K(44544K) Class: 5956K(7680K)->5956K(7680K)
[2023-11-08T18:31:18.841+0100][gc            ] GC(246) Pause Young (Normal) (G1 Evacuation Pause) 899M->343M(1024M) 7,744ms
[2023-11-08T18:31:18.841+0100][gc,cpu        ] GC(246) User=0,09s Sys=0,00s Real=0,01s
[2023-11-08T18:31:20.343+0100][gc,start      ] GC(247) Pause Young (Normal) (G1 Evacuation Pause)
[2023-11-08T18:31:20.343+0100][gc,task       ] GC(247) Using 13 workers of 13 for evacuation
[2023-11-08T18:31:20.351+0100][gc,phases     ] GC(247)   Pre Evacuate Collection Set: 0,0ms
[2023-11-08T18:31:20.351+0100][gc,phases     ] GC(247)   Evacuate Collection Set: 7,8ms
[2023-11-08T18:31:20.351+0100][gc,phases     ] GC(247)   Post Evacuate Collection Set: 0,6ms
[2023-11-08T18:31:20.351+0100][gc,phases     ] GC(247)   Other: 0,2ms
[2023-11-08T18:31:20.351+0100][gc,heap       ] GC(247) Eden regions: 556->0(552)
[2023-11-08T18:31:20.351+0100][gc,heap       ] GC(247) Survivor regions: 20->22(72)
[2023-11-08T18:31:20.351+0100][gc,heap       ] GC(247) Old regions: 196->196
[2023-11-08T18:31:20.351+0100][gc,heap       ] GC(247) Humongous regions: 129->129
[2023-11-08T18:31:20.351+0100][gc,metaspace  ] GC(247) Metaspace: 48211K(52224K)->48211K(52224K) NonClass: 42255K(44544K)->42255K(44544K) Class: 5956K(7680K)->5956K(7680K)
[2023-11-08T18:31:20.351+0100][gc            ] GC(247) Pause Young (Normal) (G1 Evacuation Pause) 899M->345M(1024M) 8,802ms
[2023-11-08T18:31:20.351+0100][gc,cpu        ] GC(247) User=0,08s Sys=0,02s Real=0,01s
[2023-11-08T18:31:21.859+0100][gc,start      ] GC(248) Pause Young (Normal) (G1 Evacuation Pause)
[2023-11-08T18:31:21.859+0100][gc,task       ] GC(248) Using 13 workers of 13 for evacuation
[2023-11-08T18:31:21.868+0100][gc,phases     ] GC(248)   Pre Evacuate Collection Set: 0,0ms
[2023-11-08T18:31:21.868+0100][gc,phases     ] GC(248)   Evacuate Collection Set: 7,9ms
[2023-11-08T18:31:21.868+0100][gc,phases     ] GC(248)   Post Evacuate Collection Set: 0,6ms
[2023-11-08T18:31:21.868+0100][gc,phases     ] GC(248)   Other: 0,2ms
[2023-11-08T18:31:21.868+0100][gc,heap       ] GC(248) Eden regions: 552->0(549)
[2023-11-08T18:31:21.868+0100][gc,heap       ] GC(248) Survivor regions: 22->23(72)
[2023-11-08T18:31:21.868+0100][gc,heap       ] GC(248) Old regions: 196->197
[2023-11-08T18:31:21.868+0100][gc,heap       ] GC(248) Humongous regions: 129->129
[2023-11-08T18:31:21.868+0100][gc,metaspace  ] GC(248) Metaspace: 48211K(52224K)->48211K(52224K) NonClass: 42255K(44544K)->42255K(44544K) Class: 5956K(7680K)->5956K(7680K)
[2023-11-08T18:31:21.868+0100][gc            ] GC(248) Pause Young (Normal) (G1 Evacuation Pause) 897M->346M(1024M) 8,804ms
[2023-11-08T18:31:21.868+0100][gc,cpu        ] GC(248) User=0,09s Sys=0,00s Real=0,01s
[2023-11-08T18:31:23.348+0100][gc,start      ] GC(249) Pause Young (Normal) (G1 Evacuation Pause)
[2023-11-08T18:31:23.349+0100][gc,task       ] GC(249) Using 13 workers of 13 for evacuation
[2023-11-08T18:31:23.357+0100][gc,phases     ] GC(249)   Pre Evacuate Collection Set: 0,0ms
[2023-11-08T18:31:23.357+0100][gc,phases     ] GC(249)   Evacuate Collection Set: 8,0ms
[2023-11-08T18:31:23.357+0100][gc,phases     ] GC(249)   Post Evacuate Collection Set: 0,6ms
[2023-11-08T18:31:23.357+0100][gc,phases     ] GC(249)   Other: 0,2ms
[2023-11-08T18:31:23.357+0100][gc,heap       ] GC(249) Eden regions: 549->0(545)
[2023-11-08T18:31:23.357+0100][gc,heap       ] GC(249) Survivor regions: 23->25(72)
[2023-11-08T18:31:23.357+0100][gc,heap       ] GC(249) Old regions: 197->197
[2023-11-08T18:31:23.357+0100][gc,heap       ] GC(249) Humongous regions: 129->129
[2023-11-08T18:31:23.357+0100][gc,metaspace  ] GC(249) Metaspace: 48211K(52224K)->48211K(52224K) NonClass: 42255K(44544K)->42255K(44544K) Class: 5956K(7680K)->5956K(7680K)
[2023-11-08T18:31:23.357+0100][gc            ] GC(249) Pause Young (Normal) (G1 Evacuation Pause) 895M->348M(1024M) 8,902ms
[2023-11-08T18:31:23.357+0100][gc,cpu        ] GC(249) User=0,09s Sys=0,00s Real=0,01s
[2023-11-08T18:31:24.809+0100][gc,start      ] GC(250) Pause Young (Normal) (G1 Evacuation Pause)
[2023-11-08T18:31:24.809+0100][gc,task       ] GC(250) Using 13 workers of 13 for evacuation
[2023-11-08T18:31:24.818+0100][gc,phases     ] GC(250)   Pre Evacuate Collection Set: 0,0ms
[2023-11-08T18:31:24.818+0100][gc,phases     ] GC(250)   Evacuate Collection Set: 8,2ms
[2023-11-08T18:31:24.818+0100][gc,phases     ] GC(250)   Post Evacuate Collection Set: 0,6ms
[2023-11-08T18:31:24.818+0100][gc,phases     ] GC(250)   Other: 0,2ms
[2023-11-08T18:31:24.818+0100][gc,heap       ] GC(250) Eden regions: 545->0(541)
[2023-11-08T18:31:24.818+0100][gc,heap       ] GC(250) Survivor regions: 25->27(72)
[2023-11-08T18:31:24.818+0100][gc,heap       ] GC(250) Old regions: 197->197
[2023-11-08T18:31:24.818+0100][gc,heap       ] GC(250) Humongous regions: 129->129
[2023-11-08T18:31:24.818+0100][gc,metaspace  ] GC(250) Metaspace: 48211K(52224K)->48211K(52224K) NonClass: 42255K(44544K)->42255K(44544K) Class: 5956K(7680K)->5956K(7680K)
[2023-11-08T18:31:24.818+0100][gc            ] GC(250) Pause Young (Normal) (G1 Evacuation Pause) 893M->350M(1024M) 9,111ms
[2023-11-08T18:31:24.819+0100][gc,cpu        ] GC(250) User=0,10s Sys=0,00s Real=0,01s
[2023-11-08T18:31:26.256+0100][gc,start      ] GC(251) Pause Young (Normal) (G1 Evacuation Pause)
[2023-11-08T18:31:26.256+0100][gc,task       ] GC(251) Using 13 workers of 13 for evacuation
[2023-11-08T18:31:26.265+0100][gc,phases     ] GC(251)   Pre Evacuate Collection Set: 0,0ms
[2023-11-08T18:31:26.265+0100][gc,phases     ] GC(251)   Evacuate Collection Set: 8,4ms
[2023-11-08T18:31:26.265+0100][gc,phases     ] GC(251)   Post Evacuate Collection Set: 0,6ms
[2023-11-08T18:31:26.265+0100][gc,phases     ] GC(251)   Other: 0,2ms
[2023-11-08T18:31:26.265+0100][gc,heap       ] GC(251) Eden regions: 541->0(541)
[2023-11-08T18:31:26.265+0100][gc,heap       ] GC(251) Survivor regions: 27->26(71)
[2023-11-08T18:31:26.265+0100][gc,heap       ] GC(251) Old regions: 197->199
[2023-11-08T18:31:26.265+0100][gc,heap       ] GC(251) Humongous regions: 129->129
[2023-11-08T18:31:26.265+0100][gc,metaspace  ] GC(251) Metaspace: 48211K(52224K)->48211K(52224K) NonClass: 42255K(44544K)->42255K(44544K) Class: 5956K(7680K)->5956K(7680K)
[2023-11-08T18:31:26.265+0100][gc            ] GC(251) Pause Young (Normal) (G1 Evacuation Pause) 891M->351M(1024M) 9,349ms
[2023-11-08T18:31:26.265+0100][gc,cpu        ] GC(251) User=0,10s Sys=0,00s Real=0,01s
[2023-11-08T18:31:27.838+0100][gc,start      ] GC(252) Pause Young (Normal) (G1 Evacuation Pause)
[2023-11-08T18:31:27.838+0100][gc,task       ] GC(252) Using 13 workers of 13 for evacuation
[2023-11-08T18:31:27.847+0100][gc,phases     ] GC(252)   Pre Evacuate Collection Set: 0,0ms
[2023-11-08T18:31:27.847+0100][gc,phases     ] GC(252)   Evacuate Collection Set: 8,6ms
[2023-11-08T18:31:27.847+0100][gc,phases     ] GC(252)   Post Evacuate Collection Set: 0,6ms
[2023-11-08T18:31:27.847+0100][gc,phases     ] GC(252)   Other: 0,2ms
[2023-11-08T18:31:27.847+0100][gc,heap       ] GC(252) Eden regions: 541->0(539)
[2023-11-08T18:31:27.847+0100][gc,heap       ] GC(252) Survivor regions: 26->26(71)
[2023-11-08T18:31:27.847+0100][gc,heap       ] GC(252) Old regions: 199->201
[2023-11-08T18:31:27.847+0100][gc,heap       ] GC(252) Humongous regions: 129->129
[2023-11-08T18:31:27.847+0100][gc,metaspace  ] GC(252) Metaspace: 48211K(52224K)->48211K(52224K) NonClass: 42255K(44544K)->42255K(44544K) Class: 5956K(7680K)->5956K(7680K)
[2023-11-08T18:31:27.847+0100][gc            ] GC(252) Pause Young (Normal) (G1 Evacuation Pause) 892M->353M(1024M) 9,485ms
[2023-11-08T18:31:27.847+0100][gc,cpu        ] GC(252) User=0,10s Sys=0,00s Real=0,01s
[2023-11-08T18:31:29.415+0100][gc,start      ] GC(253) Pause Young (Normal) (G1 Evacuation Pause)
[2023-11-08T18:31:29.415+0100][gc,task       ] GC(253) Using 13 workers of 13 for evacuation
[2023-11-08T18:31:29.441+0100][gc,mmu        ] GC(253) MMU target violated: 21,0ms (20,0ms/21,0ms)
[2023-11-08T18:31:29.441+0100][gc,phases     ] GC(253)   Pre Evacuate Collection Set: 0,0ms
[2023-11-08T18:31:29.441+0100][gc,phases     ] GC(253)   Evacuate Collection Set: 25,0ms
[2023-11-08T18:31:29.441+0100][gc,phases     ] GC(253)   Post Evacuate Collection Set: 0,7ms
[2023-11-08T18:31:29.441+0100][gc,phases     ] GC(253)   Other: 0,3ms
[2023-11-08T18:31:29.441+0100][gc,heap       ] GC(253) Eden regions: 539->0(536)
[2023-11-08T18:31:29.441+0100][gc,heap       ] GC(253) Survivor regions: 26->27(71)
[2023-11-08T18:31:29.441+0100][gc,heap       ] GC(253) Old regions: 201->202
[2023-11-08T18:31:29.441+0100][gc,heap       ] GC(253) Humongous regions: 129->129
[2023-11-08T18:31:29.441+0100][gc,metaspace  ] GC(253) Metaspace: 48211K(52224K)->48211K(52224K) NonClass: 42255K(44544K)->42255K(44544K) Class: 5956K(7680K)->5956K(7680K)
[2023-11-08T18:31:29.441+0100][gc            ] GC(253) Pause Young (Normal) (G1 Evacuation Pause) 892M->355M(1024M) 26,095ms
[2023-11-08T18:31:29.441+0100][gc,cpu        ] GC(253) User=0,31s Sys=0,00s Real=0,02s
[2023-11-08T18:31:30.996+0100][gc,start      ] GC(254) Pause Young (Normal) (G1 Evacuation Pause)
[2023-11-08T18:31:30.996+0100][gc,task       ] GC(254) Using 13 workers of 13 for evacuation
[2023-11-08T18:31:31.005+0100][gc,phases     ] GC(254)   Pre Evacuate Collection Set: 0,0ms
[2023-11-08T18:31:31.005+0100][gc,phases     ] GC(254)   Evacuate Collection Set: 8,6ms
[2023-11-08T18:31:31.005+0100][gc,phases     ] GC(254)   Post Evacuate Collection Set: 0,7ms
[2023-11-08T18:31:31.005+0100][gc,phases     ] GC(254)   Other: 0,2ms
[2023-11-08T18:31:31.005+0100][gc,heap       ] GC(254) Eden regions: 536->0(536)
[2023-11-08T18:31:31.005+0100][gc,heap       ] GC(254) Survivor regions: 27->26(71)
[2023-11-08T18:31:31.005+0100][gc,heap       ] GC(254) Old regions: 202->204
[2023-11-08T18:31:31.005+0100][gc,heap       ] GC(254) Humongous regions: 129->129
[2023-11-08T18:31:31.005+0100][gc,metaspace  ] GC(254) Metaspace: 48211K(52224K)->48211K(52224K) NonClass: 42255K(44544K)->42255K(44544K) Class: 5956K(7680K)->5956K(7680K)
[2023-11-08T18:31:31.005+0100][gc            ] GC(254) Pause Young (Normal) (G1 Evacuation Pause) 891M->356M(1024M) 9,816ms
[2023-11-08T18:31:31.006+0100][gc,cpu        ] GC(254) User=0,11s Sys=0,01s Real=0,01s
[2023-11-08T18:31:32.537+0100][gc,start      ] GC(255) Pause Young (Normal) (G1 Evacuation Pause)
[2023-11-08T18:31:32.537+0100][gc,task       ] GC(255) Using 13 workers of 13 for evacuation
[2023-11-08T18:31:32.542+0100][gc,phases     ] GC(255)   Pre Evacuate Collection Set: 0,0ms
[2023-11-08T18:31:32.542+0100][gc,phases     ] GC(255)   Evacuate Collection Set: 3,8ms
[2023-11-08T18:31:32.542+0100][gc,phases     ] GC(255)   Post Evacuate Collection Set: 0,6ms
[2023-11-08T18:31:32.542+0100][gc,phases     ] GC(255)   Other: 0,3ms
[2023-11-08T18:31:32.542+0100][gc,heap       ] GC(255) Eden regions: 536->0(568)
[2023-11-08T18:31:32.542+0100][gc,heap       ] GC(255) Survivor regions: 26->8(71)
[2023-11-08T18:31:32.542+0100][gc,heap       ] GC(255) Old regions: 204->204
[2023-11-08T18:31:32.542+0100][gc,heap       ] GC(255) Humongous regions: 129->129
[2023-11-08T18:31:32.542+0100][gc,metaspace  ] GC(255) Metaspace: 48211K(52224K)->48211K(52224K) NonClass: 42255K(44544K)->42255K(44544K) Class: 5956K(7680K)->5956K(7680K)
[2023-11-08T18:31:32.542+0100][gc            ] GC(255) Pause Young (Normal) (G1 Evacuation Pause) 892M->338M(1024M) 4,833ms
[2023-11-08T18:31:32.542+0100][gc,cpu        ] GC(255) User=0,04s Sys=0,01s Real=0,00s
[2023-11-08T18:31:34.152+0100][gc,start      ] GC(256) Pause Young (Normal) (G1 Evacuation Pause)
[2023-11-08T18:31:34.152+0100][gc,task       ] GC(256) Using 13 workers of 13 for evacuation
[2023-11-08T18:31:34.172+0100][gc,phases     ] GC(256)   Pre Evacuate Collection Set: 0,0ms
[2023-11-08T18:31:34.172+0100][gc,phases     ] GC(256)   Evacuate Collection Set: 18,3ms
[2023-11-08T18:31:34.172+0100][gc,phases     ] GC(256)   Post Evacuate Collection Set: 1,3ms
[2023-11-08T18:31:34.172+0100][gc,phases     ] GC(256)   Other: 0,4ms
[2023-11-08T18:31:34.172+0100][gc,heap       ] GC(256) Eden regions: 568->0(568)
[2023-11-08T18:31:34.172+0100][gc,heap       ] GC(256) Survivor regions: 8->8(72)
[2023-11-08T18:31:34.173+0100][gc,heap       ] GC(256) Old regions: 204->205
[2023-11-08T18:31:34.173+0100][gc,heap       ] GC(256) Humongous regions: 129->129
[2023-11-08T18:31:34.173+0100][gc,metaspace  ] GC(256) Metaspace: 48211K(52224K)->48211K(52224K) NonClass: 42255K(44544K)->42255K(44544K) Class: 5956K(7680K)->5956K(7680K)
[2023-11-08T18:31:34.173+0100][gc            ] GC(256) Pause Young (Normal) (G1 Evacuation Pause) 906M->339M(1024M) 20,214ms
[2023-11-08T18:31:34.173+0100][gc,cpu        ] GC(256) User=0,24s Sys=0,00s Real=0,02s
[2023-11-08T18:31:35.797+0100][gc,start      ] GC(257) Pause Young (Normal) (G1 Evacuation Pause)
[2023-11-08T18:31:35.797+0100][gc,task       ] GC(257) Using 13 workers of 13 for evacuation
[2023-11-08T18:31:35.817+0100][gc,mmu        ] GC(257) MMU target violated: 20,5ms (20,0ms/21,0ms)
[2023-11-08T18:31:35.817+0100][gc,phases     ] GC(257)   Pre Evacuate Collection Set: 0,0ms
[2023-11-08T18:31:35.817+0100][gc,phases     ] GC(257)   Evacuate Collection Set: 19,2ms
[2023-11-08T18:31:35.818+0100][gc,phases     ] GC(257)   Post Evacuate Collection Set: 1,1ms
[2023-11-08T18:31:35.818+0100][gc,phases     ] GC(257)   Other: 0,4ms
[2023-11-08T18:31:35.818+0100][gc,heap       ] GC(257) Eden regions: 568->0(568)
[2023-11-08T18:31:35.818+0100][gc,heap       ] GC(257) Survivor regions: 8->9(72)
[2023-11-08T18:31:35.818+0100][gc,heap       ] GC(257) Old regions: 205->205
[2023-11-08T18:31:35.818+0100][gc,heap       ] GC(257) Humongous regions: 129->129
[2023-11-08T18:31:35.818+0100][gc,metaspace  ] GC(257) Metaspace: 48211K(52224K)->48211K(52224K) NonClass: 42255K(44544K)->42255K(44544K) Class: 5956K(7680K)->5956K(7680K)
[2023-11-08T18:31:35.818+0100][gc            ] GC(257) Pause Young (Normal) (G1 Evacuation Pause) 907M->340M(1024M) 20,975ms
[2023-11-08T18:31:35.818+0100][gc,cpu        ] GC(257) User=0,24s Sys=0,02s Real=0,02s
[2023-11-08T18:31:37.512+0100][gc,start      ] GC(258) Pause Young (Normal) (G1 Evacuation Pause)
[2023-11-08T18:31:37.512+0100][gc,task       ] GC(258) Using 13 workers of 13 for evacuation
[2023-11-08T18:31:37.517+0100][gc,phases     ] GC(258)   Pre Evacuate Collection Set: 0,0ms
[2023-11-08T18:31:37.517+0100][gc,phases     ] GC(258)   Evacuate Collection Set: 4,8ms
[2023-11-08T18:31:37.517+0100][gc,phases     ] GC(258)   Post Evacuate Collection Set: 0,6ms
[2023-11-08T18:31:37.517+0100][gc,phases     ] GC(258)   Other: 0,2ms
[2023-11-08T18:31:37.517+0100][gc,heap       ] GC(258) Eden regions: 568->0(565)
[2023-11-08T18:31:37.517+0100][gc,heap       ] GC(258) Survivor regions: 9->11(73)
[2023-11-08T18:31:37.517+0100][gc,heap       ] GC(258) Old regions: 205->205
[2023-11-08T18:31:37.517+0100][gc,heap       ] GC(258) Humongous regions: 129->129
[2023-11-08T18:31:37.518+0100][gc,metaspace  ] GC(258) Metaspace: 48211K(52224K)->48211K(52224K) NonClass: 42255K(44544K)->42255K(44544K) Class: 5956K(7680K)->5956K(7680K)
[2023-11-08T18:31:37.518+0100][gc            ] GC(258) Pause Young (Normal) (G1 Evacuation Pause) 908M->342M(1024M) 5,669ms
[2023-11-08T18:31:37.518+0100][gc,cpu        ] GC(258) User=0,06s Sys=0,01s Real=0,01s
[2023-11-08T18:31:39.166+0100][gc,start      ] GC(259) Pause Young (Normal) (G1 Evacuation Pause)
[2023-11-08T18:31:39.166+0100][gc,task       ] GC(259) Using 13 workers of 13 for evacuation
[2023-11-08T18:31:39.172+0100][gc,phases     ] GC(259)   Pre Evacuate Collection Set: 0,0ms
[2023-11-08T18:31:39.172+0100][gc,phases     ] GC(259)   Evacuate Collection Set: 5,8ms
[2023-11-08T18:31:39.172+0100][gc,phases     ] GC(259)   Post Evacuate Collection Set: 0,5ms
[2023-11-08T18:31:39.172+0100][gc,phases     ] GC(259)   Other: 0,2ms
[2023-11-08T18:31:39.172+0100][gc,heap       ] GC(259) Eden regions: 565->0(562)
[2023-11-08T18:31:39.173+0100][gc,heap       ] GC(259) Survivor regions: 11->12(72)
[2023-11-08T18:31:39.173+0100][gc,heap       ] GC(259) Old regions: 205->206
[2023-11-08T18:31:39.173+0100][gc,heap       ] GC(259) Humongous regions: 129->129
[2023-11-08T18:31:39.173+0100][gc,metaspace  ] GC(259) Metaspace: 48211K(52224K)->48211K(52224K) NonClass: 42255K(44544K)->42255K(44544K) Class: 5956K(7680K)->5956K(7680K)
[2023-11-08T18:31:39.173+0100][gc            ] GC(259) Pause Young (Normal) (G1 Evacuation Pause) 907M->344M(1024M) 6,675ms
[2023-11-08T18:31:39.173+0100][gc,cpu        ] GC(259) User=0,06s Sys=0,01s Real=0,00s
[2023-11-08T18:31:40.802+0100][gc,start      ] GC(260) Pause Young (Normal) (G1 Evacuation Pause)
[2023-11-08T18:31:40.802+0100][gc,task       ] GC(260) Using 13 workers of 13 for evacuation
[2023-11-08T18:31:40.809+0100][gc,phases     ] GC(260)   Pre Evacuate Collection Set: 0,0ms
[2023-11-08T18:31:40.809+0100][gc,phases     ] GC(260)   Evacuate Collection Set: 6,0ms
[2023-11-08T18:31:40.809+0100][gc,phases     ] GC(260)   Post Evacuate Collection Set: 0,6ms
[2023-11-08T18:31:40.809+0100][gc,phases     ] GC(260)   Other: 0,2ms
[2023-11-08T18:31:40.809+0100][gc,heap       ] GC(260) Eden regions: 562->0(558)
[2023-11-08T18:31:40.809+0100][gc,heap       ] GC(260) Survivor regions: 12->14(72)
[2023-11-08T18:31:40.809+0100][gc,heap       ] GC(260) Old regions: 206->206
[2023-11-08T18:31:40.809+0100][gc,heap       ] GC(260) Humongous regions: 129->129
[2023-11-08T18:31:40.809+0100][gc,metaspace  ] GC(260) Metaspace: 48211K(52224K)->48211K(52224K) NonClass: 42255K(44544K)->42255K(44544K) Class: 5956K(7680K)->5956K(7680K)
[2023-11-08T18:31:40.809+0100][gc            ] GC(260) Pause Young (Normal) (G1 Evacuation Pause) 906M->346M(1024M) 6,904ms
[2023-11-08T18:31:40.809+0100][gc,cpu        ] GC(260) User=0,07s Sys=0,00s Real=0,01s
[2023-11-08T18:31:42.473+0100][gc,start      ] GC(261) Pause Young (Normal) (G1 Evacuation Pause)
[2023-11-08T18:31:42.473+0100][gc,task       ] GC(261) Using 13 workers of 13 for evacuation
[2023-11-08T18:31:42.480+0100][gc,phases     ] GC(261)   Pre Evacuate Collection Set: 0,0ms
[2023-11-08T18:31:42.480+0100][gc,phases     ] GC(261)   Evacuate Collection Set: 5,9ms
[2023-11-08T18:31:42.480+0100][gc,phases     ] GC(261)   Post Evacuate Collection Set: 0,6ms
[2023-11-08T18:31:42.480+0100][gc,phases     ] GC(261)   Other: 0,2ms
[2023-11-08T18:31:42.480+0100][gc,heap       ] GC(261) Eden regions: 558->0(554)
[2023-11-08T18:31:42.480+0100][gc,heap       ] GC(261) Survivor regions: 14->16(72)
[2023-11-08T18:31:42.480+0100][gc,heap       ] GC(261) Old regions: 206->206
[2023-11-08T18:31:42.480+0100][gc,heap       ] GC(261) Humongous regions: 129->129
[2023-11-08T18:31:42.480+0100][gc,metaspace  ] GC(261) Metaspace: 48211K(52224K)->48211K(52224K) NonClass: 42255K(44544K)->42255K(44544K) Class: 5956K(7680K)->5956K(7680K)
[2023-11-08T18:31:42.480+0100][gc            ] GC(261) Pause Young (Normal) (G1 Evacuation Pause) 904M->348M(1024M) 6,874ms
[2023-11-08T18:31:42.480+0100][gc,cpu        ] GC(261) User=0,08s Sys=0,00s Real=0,01s
[2023-11-08T18:31:44.118+0100][gc,start      ] GC(262) Pause Young (Normal) (G1 Evacuation Pause)
[2023-11-08T18:31:44.118+0100][gc,task       ] GC(262) Using 13 workers of 13 for evacuation
[2023-11-08T18:31:44.125+0100][gc,phases     ] GC(262)   Pre Evacuate Collection Set: 0,0ms
[2023-11-08T18:31:44.125+0100][gc,phases     ] GC(262)   Evacuate Collection Set: 6,8ms
[2023-11-08T18:31:44.125+0100][gc,phases     ] GC(262)   Post Evacuate Collection Set: 0,5ms
[2023-11-08T18:31:44.125+0100][gc,phases     ] GC(262)   Other: 0,2ms
[2023-11-08T18:31:44.125+0100][gc,heap       ] GC(262) Eden regions: 554->0(552)
[2023-11-08T18:31:44.125+0100][gc,heap       ] GC(262) Survivor regions: 16->17(72)
[2023-11-08T18:31:44.125+0100][gc,heap       ] GC(262) Old regions: 206->206
[2023-11-08T18:31:44.125+0100][gc,heap       ] GC(262) Humongous regions: 129->129
[2023-11-08T18:31:44.125+0100][gc,metaspace  ] GC(262) Metaspace: 48212K(52224K)->48212K(52224K) NonClass: 42256K(44544K)->42256K(44544K) Class: 5956K(7680K)->5956K(7680K)
[2023-11-08T18:31:44.125+0100][gc            ] GC(262) Pause Young (Normal) (G1 Evacuation Pause) 902M->349M(1024M) 7,631ms
[2023-11-08T18:31:44.125+0100][gc,cpu        ] GC(262) User=0,07s Sys=0,01s Real=0,01s
[2023-11-08T18:31:45.738+0100][gc,start      ] GC(263) Pause Young (Normal) (G1 Evacuation Pause)
[2023-11-08T18:31:45.738+0100][gc,task       ] GC(263) Using 13 workers of 13 for evacuation
[2023-11-08T18:31:45.761+0100][gc,mmu        ] GC(263) MMU target violated: 21,0ms (20,0ms/21,0ms)
[2023-11-08T18:31:45.761+0100][gc,phases     ] GC(263)   Pre Evacuate Collection Set: 0,0ms
[2023-11-08T18:31:45.761+0100][gc,phases     ] GC(263)   Evacuate Collection Set: 21,6ms
[2023-11-08T18:31:45.761+0100][gc,phases     ] GC(263)   Post Evacuate Collection Set: 0,8ms
[2023-11-08T18:31:45.761+0100][gc,phases     ] GC(263)   Other: 0,3ms
[2023-11-08T18:31:45.761+0100][gc,heap       ] GC(263) Eden regions: 552->0(549)
[2023-11-08T18:31:45.761+0100][gc,heap       ] GC(263) Survivor regions: 17->18(72)
[2023-11-08T18:31:45.761+0100][gc,heap       ] GC(263) Old regions: 206->207
[2023-11-08T18:31:45.761+0100][gc,heap       ] GC(263) Humongous regions: 129->129
[2023-11-08T18:31:45.761+0100][gc,metaspace  ] GC(263) Metaspace: 48212K(52224K)->48212K(52224K) NonClass: 42256K(44544K)->42256K(44544K) Class: 5956K(7680K)->5956K(7680K)
[2023-11-08T18:31:45.761+0100][gc            ] GC(263) Pause Young (Normal) (G1 Evacuation Pause) 901M->351M(1024M) 22,768ms
[2023-11-08T18:31:45.761+0100][gc,cpu        ] GC(263) User=0,27s Sys=0,00s Real=0,02s
[2023-11-08T18:31:47.397+0100][gc,start      ] GC(264) Pause Young (Normal) (G1 Evacuation Pause)
[2023-11-08T18:31:47.397+0100][gc,task       ] GC(264) Using 13 workers of 13 for evacuation
[2023-11-08T18:31:47.405+0100][gc,phases     ] GC(264)   Pre Evacuate Collection Set: 0,0ms
[2023-11-08T18:31:47.405+0100][gc,phases     ] GC(264)   Evacuate Collection Set: 7,1ms
[2023-11-08T18:31:47.405+0100][gc,phases     ] GC(264)   Post Evacuate Collection Set: 0,6ms
[2023-11-08T18:31:47.405+0100][gc,phases     ] GC(264)   Other: 0,2ms
[2023-11-08T18:31:47.405+0100][gc,heap       ] GC(264) Eden regions: 549->0(545)
[2023-11-08T18:31:47.405+0100][gc,heap       ] GC(264) Survivor regions: 18->20(71)
[2023-11-08T18:31:47.405+0100][gc,heap       ] GC(264) Old regions: 207->207
[2023-11-08T18:31:47.405+0100][gc,heap       ] GC(264) Humongous regions: 129->129
[2023-11-08T18:31:47.405+0100][gc,metaspace  ] GC(264) Metaspace: 48212K(52224K)->48212K(52224K) NonClass: 42256K(44544K)->42256K(44544K) Class: 5956K(7680K)->5956K(7680K)
[2023-11-08T18:31:47.405+0100][gc            ] GC(264) Pause Young (Normal) (G1 Evacuation Pause) 900M->353M(1024M) 7,959ms
[2023-11-08T18:31:47.405+0100][gc,cpu        ] GC(264) User=0,09s Sys=0,00s Real=0,01s
[2023-11-08T18:31:48.979+0100][gc,start      ] GC(265) Pause Young (Normal) (G1 Evacuation Pause)
[2023-11-08T18:31:48.979+0100][gc,task       ] GC(265) Using 13 workers of 13 for evacuation
[2023-11-08T18:31:48.988+0100][gc,phases     ] GC(265)   Pre Evacuate Collection Set: 0,0ms
[2023-11-08T18:31:48.988+0100][gc,phases     ] GC(265)   Evacuate Collection Set: 7,8ms
[2023-11-08T18:31:48.988+0100][gc,phases     ] GC(265)   Post Evacuate Collection Set: 0,6ms
[2023-11-08T18:31:48.988+0100][gc,phases     ] GC(265)   Other: 0,2ms
[2023-11-08T18:31:48.988+0100][gc,heap       ] GC(265) Eden regions: 545->0(543)
[2023-11-08T18:31:48.988+0100][gc,heap       ] GC(265) Survivor regions: 20->21(71)
[2023-11-08T18:31:48.988+0100][gc,heap       ] GC(265) Old regions: 207->207
[2023-11-08T18:31:48.988+0100][gc,heap       ] GC(265) Humongous regions: 129->129
[2023-11-08T18:31:48.988+0100][gc,metaspace  ] GC(265) Metaspace: 48212K(52224K)->48212K(52224K) NonClass: 42256K(44544K)->42256K(44544K) Class: 5956K(7680K)->5956K(7680K)
[2023-11-08T18:31:48.988+0100][gc            ] GC(265) Pause Young (Normal) (G1 Evacuation Pause) 898M->354M(1024M) 8,702ms
[2023-11-08T18:31:48.988+0100][gc,cpu        ] GC(265) User=0,06s Sys=0,04s Real=0,01s
[2023-11-08T18:31:50.549+0100][gc,start      ] GC(266) Pause Young (Normal) (G1 Evacuation Pause)
[2023-11-08T18:31:50.549+0100][gc,task       ] GC(266) Using 13 workers of 13 for evacuation
[2023-11-08T18:31:50.560+0100][gc,phases     ] GC(266)   Pre Evacuate Collection Set: 0,0ms
[2023-11-08T18:31:50.560+0100][gc,phases     ] GC(266)   Evacuate Collection Set: 9,8ms
[2023-11-08T18:31:50.560+0100][gc,phases     ] GC(266)   Post Evacuate Collection Set: 0,6ms
[2023-11-08T18:31:50.560+0100][gc,phases     ] GC(266)   Other: 0,4ms
[2023-11-08T18:31:50.560+0100][gc,heap       ] GC(266) Eden regions: 543->0(539)
[2023-11-08T18:31:50.560+0100][gc,heap       ] GC(266) Survivor regions: 21->23(71)
[2023-11-08T18:31:50.560+0100][gc,heap       ] GC(266) Old regions: 207->207
[2023-11-08T18:31:50.560+0100][gc,heap       ] GC(266) Humongous regions: 129->129
[2023-11-08T18:31:50.560+0100][gc,metaspace  ] GC(266) Metaspace: 48212K(52224K)->48212K(52224K) NonClass: 42256K(44544K)->42256K(44544K) Class: 5956K(7680K)->5956K(7680K)
[2023-11-08T18:31:50.560+0100][gc            ] GC(266) Pause Young (Normal) (G1 Evacuation Pause) 897M->357M(1024M) 10,892ms
[2023-11-08T18:31:50.560+0100][gc,cpu        ] GC(266) User=0,11s Sys=0,02s Real=0,01s
[2023-11-08T18:31:52.187+0100][gc,start      ] GC(267) Pause Young (Normal) (G1 Evacuation Pause)
[2023-11-08T18:31:52.187+0100][gc,task       ] GC(267) Using 13 workers of 13 for evacuation
[2023-11-08T18:31:52.196+0100][gc,phases     ] GC(267)   Pre Evacuate Collection Set: 0,0ms
[2023-11-08T18:31:52.196+0100][gc,phases     ] GC(267)   Evacuate Collection Set: 8,0ms
[2023-11-08T18:31:52.196+0100][gc,phases     ] GC(267)   Post Evacuate Collection Set: 0,7ms
[2023-11-08T18:31:52.196+0100][gc,phases     ] GC(267)   Other: 0,3ms
[2023-11-08T18:31:52.196+0100][gc,heap       ] GC(267) Eden regions: 539->0(536)
[2023-11-08T18:31:52.196+0100][gc,heap       ] GC(267) Survivor regions: 23->24(71)
[2023-11-08T18:31:52.196+0100][gc,heap       ] GC(267) Old regions: 207->208
[2023-11-08T18:31:52.196+0100][gc,heap       ] GC(267) Humongous regions: 129->129
[2023-11-08T18:31:52.196+0100][gc,metaspace  ] GC(267) Metaspace: 48212K(52224K)->48212K(52224K) NonClass: 42256K(44544K)->42256K(44544K) Class: 5956K(7680K)->5956K(7680K)
[2023-11-08T18:31:52.196+0100][gc            ] GC(267) Pause Young (Normal) (G1 Evacuation Pause) 896M->358M(1024M) 9,062ms
[2023-11-08T18:31:52.196+0100][gc,cpu        ] GC(267) User=0,10s Sys=0,00s Real=0,01s
[2023-11-08T18:31:53.794+0100][gc,start      ] GC(268) Pause Young (Normal) (G1 Evacuation Pause)
[2023-11-08T18:31:53.794+0100][gc,task       ] GC(268) Using 13 workers of 13 for evacuation
[2023-11-08T18:31:53.803+0100][gc,phases     ] GC(268)   Pre Evacuate Collection Set: 0,0ms
[2023-11-08T18:31:53.803+0100][gc,phases     ] GC(268)   Evacuate Collection Set: 8,0ms
[2023-11-08T18:31:53.803+0100][gc,phases     ] GC(268)   Post Evacuate Collection Set: 0,6ms
[2023-11-08T18:31:53.803+0100][gc,phases     ] GC(268)   Other: 0,2ms
[2023-11-08T18:31:53.803+0100][gc,heap       ] GC(268) Eden regions: 536->0(532)
[2023-11-08T18:31:53.803+0100][gc,heap       ] GC(268) Survivor regions: 24->26(70)
[2023-11-08T18:31:53.803+0100][gc,heap       ] GC(268) Old regions: 208->208
[2023-11-08T18:31:53.803+0100][gc,heap       ] GC(268) Humongous regions: 129->129
[2023-11-08T18:31:53.803+0100][gc,metaspace  ] GC(268) Metaspace: 48212K(52224K)->48212K(52224K) NonClass: 42256K(44544K)->42256K(44544K) Class: 5956K(7680K)->5956K(7680K)
[2023-11-08T18:31:53.803+0100][gc            ] GC(268) Pause Young (Normal) (G1 Evacuation Pause) 894M->360M(1024M) 8,972ms
[2023-11-08T18:31:53.803+0100][gc,cpu        ] GC(268) User=0,10s Sys=0,00s Real=0,02s
[2023-11-08T18:31:55.425+0100][gc,start      ] GC(269) Pause Young (Normal) (G1 Evacuation Pause)
[2023-11-08T18:31:55.425+0100][gc,task       ] GC(269) Using 13 workers of 13 for evacuation
[2023-11-08T18:31:55.450+0100][gc,mmu        ] GC(269) MMU target violated: 21,0ms (20,0ms/21,0ms)
[2023-11-08T18:31:55.450+0100][gc,phases     ] GC(269)   Pre Evacuate Collection Set: 0,0ms
[2023-11-08T18:31:55.450+0100][gc,phases     ] GC(269)   Evacuate Collection Set: 24,4ms
[2023-11-08T18:31:55.450+0100][gc,phases     ] GC(269)   Post Evacuate Collection Set: 0,7ms
[2023-11-08T18:31:55.450+0100][gc,phases     ] GC(269)   Other: 0,3ms
[2023-11-08T18:31:55.450+0100][gc,heap       ] GC(269) Eden regions: 532->0(530)
[2023-11-08T18:31:55.450+0100][gc,heap       ] GC(269) Survivor regions: 26->27(70)
[2023-11-08T18:31:55.450+0100][gc,heap       ] GC(269) Old regions: 208->208
[2023-11-08T18:31:55.450+0100][gc,heap       ] GC(269) Humongous regions: 129->129
[2023-11-08T18:31:55.450+0100][gc,metaspace  ] GC(269) Metaspace: 48212K(52224K)->48212K(52224K) NonClass: 42256K(44544K)->42256K(44544K) Class: 5956K(7680K)->5956K(7680K)
[2023-11-08T18:31:55.451+0100][gc            ] GC(269) Pause Young (Normal) (G1 Evacuation Pause) 892M->362M(1024M) 25,508ms
[2023-11-08T18:31:55.451+0100][gc,cpu        ] GC(269) User=0,32s Sys=0,00s Real=0,02s
[2023-11-08T18:31:57.000+0100][gc,start      ] GC(270) Pause Young (Normal) (G1 Evacuation Pause)
[2023-11-08T18:31:57.000+0100][gc,task       ] GC(270) Using 13 workers of 13 for evacuation
[2023-11-08T18:31:57.026+0100][gc,mmu        ] GC(270) MMU target violated: 21,0ms (20,0ms/21,0ms)
[2023-11-08T18:31:57.026+0100][gc,phases     ] GC(270)   Pre Evacuate Collection Set: 0,0ms
[2023-11-08T18:31:57.026+0100][gc,phases     ] GC(270)   Evacuate Collection Set: 24,7ms
[2023-11-08T18:31:57.026+0100][gc,phases     ] GC(270)   Post Evacuate Collection Set: 0,7ms
[2023-11-08T18:31:57.026+0100][gc,phases     ] GC(270)   Other: 0,4ms
[2023-11-08T18:31:57.026+0100][gc,heap       ] GC(270) Eden regions: 530->0(424)
[2023-11-08T18:31:57.026+0100][gc,heap       ] GC(270) Survivor regions: 27->27(70)
[2023-11-08T18:31:57.026+0100][gc,heap       ] GC(270) Old regions: 208->210
[2023-11-08T18:31:57.026+0100][gc,heap       ] GC(270) Humongous regions: 129->129
[2023-11-08T18:31:57.026+0100][gc,metaspace  ] GC(270) Metaspace: 48212K(52224K)->48212K(52224K) NonClass: 42256K(44544K)->42256K(44544K) Class: 5956K(7680K)->5956K(7680K)
[2023-11-08T18:31:57.026+0100][gc            ] GC(270) Pause Young (Normal) (G1 Evacuation Pause) 892M->363M(1024M) 25,869ms
[2023-11-08T18:31:57.026+0100][gc,cpu        ] GC(270) User=0,32s Sys=0,00s Real=0,03s
[2023-11-08T18:31:57.217+0100][gc,start      ] GC(271) Pause Young (Normal) (G1 Evacuation Pause)
[2023-11-08T18:31:57.218+0100][gc,task       ] GC(271) Using 13 workers of 13 for evacuation
[2023-11-08T18:31:57.227+0100][gc,phases     ] GC(271)   Pre Evacuate Collection Set: 0,0ms
[2023-11-08T18:31:57.227+0100][gc,phases     ] GC(271)   Evacuate Collection Set: 8,2ms
[2023-11-08T18:31:57.227+0100][gc,phases     ] GC(271)   Post Evacuate Collection Set: 0,6ms
[2023-11-08T18:31:57.227+0100][gc,phases     ] GC(271)   Other: 0,3ms
[2023-11-08T18:31:57.227+0100][gc,heap       ] GC(271) Eden regions: 70->0(524)
[2023-11-08T18:31:57.227+0100][gc,heap       ] GC(271) Survivor regions: 27->10(13)
[2023-11-08T18:31:57.227+0100][gc,heap       ] GC(271) Old regions: 210->228
[2023-11-08T18:31:57.227+0100][gc,heap       ] GC(271) Humongous regions: 129->129
[2023-11-08T18:31:57.227+0100][gc,metaspace  ] GC(271) Metaspace: 48212K(52224K)->48212K(52224K) NonClass: 42256K(44544K)->42256K(44544K) Class: 5956K(7680K)->5956K(7680K)
[2023-11-08T18:31:57.227+0100][gc            ] GC(271) Pause Young (Normal) (G1 Evacuation Pause) 433M->365M(1024M) 9,257ms
[2023-11-08T18:31:57.227+0100][gc,cpu        ] GC(271) User=0,10s Sys=0,00s Real=0,01s
[2023-11-08T18:31:58.680+0100][gc,start      ] GC(272) Pause Young (Normal) (G1 Evacuation Pause)
[2023-11-08T18:31:58.680+0100][gc,task       ] GC(272) Using 13 workers of 13 for evacuation
[2023-11-08T18:31:58.686+0100][gc,phases     ] GC(272)   Pre Evacuate Collection Set: 0,0ms
[2023-11-08T18:31:58.686+0100][gc,phases     ] GC(272)   Evacuate Collection Set: 4,4ms
[2023-11-08T18:31:58.686+0100][gc,phases     ] GC(272)   Post Evacuate Collection Set: 0,6ms
[2023-11-08T18:31:58.686+0100][gc,phases     ] GC(272)   Other: 0,2ms
[2023-11-08T18:31:58.686+0100][gc,heap       ] GC(272) Eden regions: 524->0(529)
[2023-11-08T18:31:58.686+0100][gc,heap       ] GC(272) Survivor regions: 10->10(67)
[2023-11-08T18:31:58.686+0100][gc,heap       ] GC(272) Old regions: 228->228
[2023-11-08T18:31:58.686+0100][gc,heap       ] GC(272) Humongous regions: 129->129
[2023-11-08T18:31:58.686+0100][gc,metaspace  ] GC(272) Metaspace: 48212K(52224K)->48212K(52224K) NonClass: 42256K(44544K)->42256K(44544K) Class: 5956K(7680K)->5956K(7680K)
[2023-11-08T18:31:58.686+0100][gc            ] GC(272) Pause Young (Normal) (G1 Evacuation Pause) 889M->365M(1024M) 5,355ms
[2023-11-08T18:31:58.686+0100][gc,cpu        ] GC(272) User=0,05s Sys=0,00s Real=0,01s
[2023-11-08T18:32:00.299+0100][gc,start      ] GC(273) Pause Young (Normal) (G1 Evacuation Pause)
[2023-11-08T18:32:00.299+0100][gc,task       ] GC(273) Using 13 workers of 13 for evacuation
[2023-11-08T18:32:00.313+0100][gc,phases     ] GC(273)   Pre Evacuate Collection Set: 0,0ms
[2023-11-08T18:32:00.313+0100][gc,phases     ] GC(273)   Evacuate Collection Set: 10,8ms
[2023-11-08T18:32:00.313+0100][gc,phases     ] GC(273)   Post Evacuate Collection Set: 3,1ms
[2023-11-08T18:32:00.314+0100][gc,phases     ] GC(273)   Other: 0,4ms
[2023-11-08T18:32:00.314+0100][gc,heap       ] GC(273) Eden regions: 529->0(539)
[2023-11-08T18:32:00.314+0100][gc,heap       ] GC(273) Survivor regions: 10->4(68)
[2023-11-08T18:32:00.314+0100][gc,heap       ] GC(273) Old regions: 228->228
[2023-11-08T18:32:00.314+0100][gc,heap       ] GC(273) Humongous regions: 129->129
[2023-11-08T18:32:00.314+0100][gc,metaspace  ] GC(273) Metaspace: 48212K(52224K)->48212K(52224K) NonClass: 42256K(44544K)->42256K(44544K) Class: 5956K(7680K)->5956K(7680K)
[2023-11-08T18:32:00.314+0100][gc            ] GC(273) Pause Young (Normal) (G1 Evacuation Pause) 894M->359M(1024M) 15,089ms
[2023-11-08T18:32:00.314+0100][gc,cpu        ] GC(273) User=0,11s Sys=0,03s Real=0,01s
[2023-11-08T18:32:01.899+0100][gc,start      ] GC(274) Pause Young (Normal) (G1 Evacuation Pause)
[2023-11-08T18:32:01.899+0100][gc,task       ] GC(274) Using 13 workers of 13 for evacuation
[2023-11-08T18:32:01.916+0100][gc,phases     ] GC(274)   Pre Evacuate Collection Set: 0,0ms
[2023-11-08T18:32:01.917+0100][gc,phases     ] GC(274)   Evacuate Collection Set: 14,0ms
[2023-11-08T18:32:01.917+0100][gc,phases     ] GC(274)   Post Evacuate Collection Set: 2,8ms
[2023-11-08T18:32:01.917+0100][gc,phases     ] GC(274)   Other: 0,4ms
[2023-11-08T18:32:01.917+0100][gc,heap       ] GC(274) Eden regions: 539->0(372)
[2023-11-08T18:32:01.917+0100][gc,heap       ] GC(274) Survivor regions: 4->5(68)
[2023-11-08T18:32:01.917+0100][gc,heap       ] GC(274) Old regions: 228->228
[2023-11-08T18:32:01.917+0100][gc,heap       ] GC(274) Humongous regions: 129->129
[2023-11-08T18:32:01.917+0100][gc,metaspace  ] GC(274) Metaspace: 48212K(52224K)->48212K(52224K) NonClass: 42256K(44544K)->42256K(44544K) Class: 5956K(7680K)->5956K(7680K)
[2023-11-08T18:32:01.917+0100][gc            ] GC(274) Pause Young (Normal) (G1 Evacuation Pause) 898M->360M(1024M) 17,875ms
[2023-11-08T18:32:01.917+0100][gc,cpu        ] GC(274) User=0,16s Sys=0,03s Real=0,02s
[2023-11-08T18:32:03.027+0100][gc,start      ] GC(275) Pause Young (Normal) (G1 Evacuation Pause)
[2023-11-08T18:32:03.027+0100][gc,task       ] GC(275) Using 13 workers of 13 for evacuation
[2023-11-08T18:32:03.031+0100][gc,phases     ] GC(275)   Pre Evacuate Collection Set: 0,0ms
[2023-11-08T18:32:03.031+0100][gc,phases     ] GC(275)   Evacuate Collection Set: 3,2ms
[2023-11-08T18:32:03.031+0100][gc,phases     ] GC(275)   Post Evacuate Collection Set: 0,6ms
[2023-11-08T18:32:03.031+0100][gc,phases     ] GC(275)   Other: 0,2ms
[2023-11-08T18:32:03.031+0100][gc,heap       ] GC(275) Eden regions: 372->0(457)
[2023-11-08T18:32:03.031+0100][gc,heap       ] GC(275) Survivor regions: 5->6(48)
[2023-11-08T18:32:03.031+0100][gc,heap       ] GC(275) Old regions: 228->228
[2023-11-08T18:32:03.031+0100][gc,heap       ] GC(275) Humongous regions: 129->129
[2023-11-08T18:32:03.031+0100][gc,metaspace  ] GC(275) Metaspace: 48212K(52224K)->48212K(52224K) NonClass: 42256K(44544K)->42256K(44544K) Class: 5956K(7680K)->5956K(7680K)
[2023-11-08T18:32:03.031+0100][gc            ] GC(275) Pause Young (Normal) (G1 Evacuation Pause) 732M->361M(1024M) 4,140ms
[2023-11-08T18:32:03.031+0100][gc,cpu        ] GC(275) User=0,02s Sys=0,02s Real=0,00s
[2023-11-08T18:32:04.382+0100][gc,start      ] GC(276) Pause Young (Normal) (G1 Evacuation Pause)
[2023-11-08T18:32:04.382+0100][gc,task       ] GC(276) Using 13 workers of 13 for evacuation
[2023-11-08T18:32:04.387+0100][gc,phases     ] GC(276)   Pre Evacuate Collection Set: 0,0ms
[2023-11-08T18:32:04.387+0100][gc,phases     ] GC(276)   Evacuate Collection Set: 3,7ms
[2023-11-08T18:32:04.387+0100][gc,phases     ] GC(276)   Post Evacuate Collection Set: 0,6ms
[2023-11-08T18:32:04.387+0100][gc,phases     ] GC(276)   Other: 0,2ms
[2023-11-08T18:32:04.387+0100][gc,heap       ] GC(276) Eden regions: 457->0(520)
[2023-11-08T18:32:04.387+0100][gc,heap       ] GC(276) Survivor regions: 6->8(58)
[2023-11-08T18:32:04.387+0100][gc,heap       ] GC(276) Old regions: 228->228
[2023-11-08T18:32:04.387+0100][gc,heap       ] GC(276) Humongous regions: 129->129
[2023-11-08T18:32:04.387+0100][gc,metaspace  ] GC(276) Metaspace: 48212K(52224K)->48212K(52224K) NonClass: 42256K(44544K)->42256K(44544K) Class: 5956K(7680K)->5956K(7680K)
[2023-11-08T18:32:04.387+0100][gc            ] GC(276) Pause Young (Normal) (G1 Evacuation Pause) 818M->362M(1024M) 4,649ms
[2023-11-08T18:32:04.387+0100][gc,cpu        ] GC(276) User=0,05s Sys=0,01s Real=0,01s
[2023-11-08T18:32:05.915+0100][gc,start      ] GC(277) Pause Young (Normal) (G1 Evacuation Pause)
[2023-11-08T18:32:05.915+0100][gc,task       ] GC(277) Using 13 workers of 13 for evacuation
[2023-11-08T18:32:05.920+0100][gc,phases     ] GC(277)   Pre Evacuate Collection Set: 0,0ms
[2023-11-08T18:32:05.920+0100][gc,phases     ] GC(277)   Evacuate Collection Set: 4,2ms
[2023-11-08T18:32:05.920+0100][gc,phases     ] GC(277)   Post Evacuate Collection Set: 0,6ms
[2023-11-08T18:32:05.920+0100][gc,phases     ] GC(277)   Other: 0,2ms
[2023-11-08T18:32:05.920+0100][gc,heap       ] GC(277) Eden regions: 520->0(525)
[2023-11-08T18:32:05.920+0100][gc,heap       ] GC(277) Survivor regions: 8->9(66)
[2023-11-08T18:32:05.920+0100][gc,heap       ] GC(277) Old regions: 228->228
[2023-11-08T18:32:05.920+0100][gc,heap       ] GC(277) Humongous regions: 129->129
[2023-11-08T18:32:05.920+0100][gc,metaspace  ] GC(277) Metaspace: 48212K(52224K)->48212K(52224K) NonClass: 42256K(44544K)->42256K(44544K) Class: 5956K(7680K)->5956K(7680K)
[2023-11-08T18:32:05.920+0100][gc            ] GC(277) Pause Young (Normal) (G1 Evacuation Pause) 882M->364M(1024M) 5,091ms
[2023-11-08T18:32:05.920+0100][gc,cpu        ] GC(277) User=0,03s Sys=0,03s Real=0,00s
[2023-11-08T18:32:07.471+0100][gc,start      ] GC(278) Pause Young (Normal) (G1 Evacuation Pause)
[2023-11-08T18:32:07.471+0100][gc,task       ] GC(278) Using 13 workers of 13 for evacuation
[2023-11-08T18:32:07.491+0100][gc,mmu        ] GC(278) MMU target violated: 20,0ms (20,0ms/21,0ms)
[2023-11-08T18:32:07.491+0100][gc,phases     ] GC(278)   Pre Evacuate Collection Set: 0,0ms
[2023-11-08T18:32:07.491+0100][gc,phases     ] GC(278)   Evacuate Collection Set: 18,9ms
[2023-11-08T18:32:07.491+0100][gc,phases     ] GC(278)   Post Evacuate Collection Set: 1,0ms
[2023-11-08T18:32:07.491+0100][gc,phases     ] GC(278)   Other: 0,3ms
[2023-11-08T18:32:07.491+0100][gc,heap       ] GC(278) Eden regions: 525->0(510)
[2023-11-08T18:32:07.491+0100][gc,heap       ] GC(278) Survivor regions: 9->11(67)
[2023-11-08T18:32:07.491+0100][gc,heap       ] GC(278) Old regions: 228->228
[2023-11-08T18:32:07.491+0100][gc,heap       ] GC(278) Humongous regions: 129->129
[2023-11-08T18:32:07.491+0100][gc,metaspace  ] GC(278) Metaspace: 48212K(52224K)->48212K(52224K) NonClass: 42256K(44544K)->42256K(44544K) Class: 5956K(7680K)->5956K(7680K)
[2023-11-08T18:32:07.491+0100][gc            ] GC(278) Pause Young (Normal) (G1 Evacuation Pause) 889M->366M(1024M) 20,402ms
[2023-11-08T18:32:07.491+0100][gc,cpu        ] GC(278) User=0,21s Sys=0,02s Real=0,02s
[2023-11-08T18:32:09.021+0100][gc,start      ] GC(279) Pause Young (Normal) (G1 Evacuation Pause)
[2023-11-08T18:32:09.021+0100][gc,task       ] GC(279) Using 13 workers of 13 for evacuation
[2023-11-08T18:32:09.026+0100][gc,phases     ] GC(279)   Pre Evacuate Collection Set: 0,0ms
[2023-11-08T18:32:09.026+0100][gc,phases     ] GC(279)   Evacuate Collection Set: 4,7ms
[2023-11-08T18:32:09.026+0100][gc,phases     ] GC(279)   Post Evacuate Collection Set: 0,6ms
[2023-11-08T18:32:09.026+0100][gc,phases     ] GC(279)   Other: 0,3ms
[2023-11-08T18:32:09.026+0100][gc,heap       ] GC(279) Eden regions: 510->0(529)
[2023-11-08T18:32:09.026+0100][gc,heap       ] GC(279) Survivor regions: 11->13(66)
[2023-11-08T18:32:09.026+0100][gc,heap       ] GC(279) Old regions: 228->228
[2023-11-08T18:32:09.026+0100][gc,heap       ] GC(279) Humongous regions: 129->129
[2023-11-08T18:32:09.026+0100][gc,metaspace  ] GC(279) Metaspace: 48212K(52224K)->48212K(52224K) NonClass: 42256K(44544K)->42256K(44544K) Class: 5956K(7680K)->5956K(7680K)
[2023-11-08T18:32:09.026+0100][gc            ] GC(279) Pause Young (Normal) (G1 Evacuation Pause) 876M->367M(1024M) 5,673ms
[2023-11-08T18:32:09.026+0100][gc,cpu        ] GC(279) User=0,06s Sys=0,01s Real=0,01s
[2023-11-08T18:32:10.618+0100][gc,start      ] GC(280) Pause Young (Normal) (G1 Evacuation Pause)
[2023-11-08T18:32:10.618+0100][gc,task       ] GC(280) Using 13 workers of 13 for evacuation
[2023-11-08T18:32:10.640+0100][gc,mmu        ] GC(280) MMU target violated: 21,0ms (20,0ms/21,0ms)
[2023-11-08T18:32:10.640+0100][gc,phases     ] GC(280)   Pre Evacuate Collection Set: 0,0ms
[2023-11-08T18:32:10.640+0100][gc,phases     ] GC(280)   Evacuate Collection Set: 21,1ms
[2023-11-08T18:32:10.640+0100][gc,phases     ] GC(280)   Post Evacuate Collection Set: 1,0ms
[2023-11-08T18:32:10.640+0100][gc,phases     ] GC(280)   Other: 0,3ms
[2023-11-08T18:32:10.641+0100][gc,heap       ] GC(280) Eden regions: 529->0(497)
[2023-11-08T18:32:10.641+0100][gc,heap       ] GC(280) Survivor regions: 13->15(68)
[2023-11-08T18:32:10.641+0100][gc,heap       ] GC(280) Old regions: 228->228
[2023-11-08T18:32:10.641+0100][gc,heap       ] GC(280) Humongous regions: 129->129
[2023-11-08T18:32:10.641+0100][gc,metaspace  ] GC(280) Metaspace: 48212K(52224K)->48212K(52224K) NonClass: 42256K(44544K)->42256K(44544K) Class: 5956K(7680K)->5956K(7680K)
[2023-11-08T18:32:10.641+0100][gc            ] GC(280) Pause Young (Normal) (G1 Evacuation Pause) 896M->369M(1024M) 22,576ms
[2023-11-08T18:32:10.641+0100][gc,cpu        ] GC(280) User=0,25s Sys=0,03s Real=0,02s
[2023-11-08T18:32:10.969+0100][gc,start      ] GC(281) Pause Young (Normal) (G1 Evacuation Pause)
[2023-11-08T18:32:10.969+0100][gc,task       ] GC(281) Using 13 workers of 13 for evacuation
[2023-11-08T18:32:10.975+0100][gc,phases     ] GC(281)   Pre Evacuate Collection Set: 0,0ms
[2023-11-08T18:32:10.975+0100][gc,phases     ] GC(281)   Evacuate Collection Set: 5,3ms
[2023-11-08T18:32:10.975+0100][gc,phases     ] GC(281)   Post Evacuate Collection Set: 0,6ms
[2023-11-08T18:32:10.975+0100][gc,phases     ] GC(281)   Other: 0,2ms
[2023-11-08T18:32:10.975+0100][gc,heap       ] GC(281) Eden regions: 112->0(532)
[2023-11-08T18:32:10.975+0100][gc,heap       ] GC(281) Survivor regions: 15->10(16)
[2023-11-08T18:32:10.975+0100][gc,heap       ] GC(281) Old regions: 228->234
[2023-11-08T18:32:10.975+0100][gc,heap       ] GC(281) Humongous regions: 129->129
[2023-11-08T18:32:10.975+0100][gc,metaspace  ] GC(281) Metaspace: 48212K(52224K)->48212K(52224K) NonClass: 42256K(44544K)->42256K(44544K) Class: 5956K(7680K)->5956K(7680K)
[2023-11-08T18:32:10.975+0100][gc            ] GC(281) Pause Young (Normal) (G1 Evacuation Pause) 481M->370M(1024M) 6,362ms
[2023-11-08T18:32:10.975+0100][gc,cpu        ] GC(281) User=0,07s Sys=0,01s Real=0,01s
[2023-11-08T18:32:12.664+0100][gc,start      ] GC(282) Pause Young (Concurrent Start) (G1 Evacuation Pause)
[2023-11-08T18:32:12.664+0100][gc,task       ] GC(282) Using 13 workers of 13 for evacuation
[2023-11-08T18:32:12.670+0100][gc,phases     ] GC(282)   Pre Evacuate Collection Set: 0,2ms
[2023-11-08T18:32:12.670+0100][gc,phases     ] GC(282)   Evacuate Collection Set: 4,6ms
[2023-11-08T18:32:12.670+0100][gc,phases     ] GC(282)   Post Evacuate Collection Set: 0,7ms
[2023-11-08T18:32:12.670+0100][gc,phases     ] GC(282)   Other: 0,3ms
[2023-11-08T18:32:12.670+0100][gc,heap       ] GC(282) Eden regions: 532->0(533)
[2023-11-08T18:32:12.670+0100][gc,heap       ] GC(282) Survivor regions: 10->11(68)
[2023-11-08T18:32:12.670+0100][gc,heap       ] GC(282) Old regions: 234->234
[2023-11-08T18:32:12.670+0100][gc,heap       ] GC(282) Humongous regions: 129->129
[2023-11-08T18:32:12.670+0100][gc,metaspace  ] GC(282) Metaspace: 48212K(52224K)->48212K(52224K) NonClass: 42256K(44544K)->42256K(44544K) Class: 5956K(7680K)->5956K(7680K)
[2023-11-08T18:32:12.670+0100][gc            ] GC(282) Pause Young (Concurrent Start) (G1 Evacuation Pause) 902M->371M(1024M) 5,971ms
[2023-11-08T18:32:12.670+0100][gc,cpu        ] GC(282) User=0,06s Sys=0,00s Real=0,00s
[2023-11-08T18:32:12.670+0100][gc            ] GC(283) Concurrent Cycle
[2023-11-08T18:32:12.670+0100][gc,marking    ] GC(283) Concurrent Clear Claimed Marks
[2023-11-08T18:32:12.670+0100][gc,marking    ] GC(283) Concurrent Clear Claimed Marks 0,418ms
[2023-11-08T18:32:12.670+0100][gc,marking    ] GC(283) Concurrent Scan Root Regions
[2023-11-08T18:32:12.673+0100][gc,marking    ] GC(283) Concurrent Scan Root Regions 3,115ms
[2023-11-08T18:32:12.673+0100][gc,marking    ] GC(283) Concurrent Mark (4604,282s)
[2023-11-08T18:32:12.673+0100][gc,marking    ] GC(283) Concurrent Mark From Roots
[2023-11-08T18:32:12.673+0100][gc,task       ] GC(283) Using 3 workers of 3 for marking
[2023-11-08T18:32:12.700+0100][gc,marking    ] GC(283) Concurrent Mark From Roots 26,691ms
[2023-11-08T18:32:12.700+0100][gc,marking    ] GC(283) Concurrent Preclean
[2023-11-08T18:32:12.701+0100][gc,marking    ] GC(283) Concurrent Preclean 0,350ms
[2023-11-08T18:32:12.701+0100][gc,marking    ] GC(283) Concurrent Mark (4604,282s, 4604,309s) 27,119ms
[2023-11-08T18:32:12.701+0100][gc,start      ] GC(283) Pause Remark
[2023-11-08T18:32:12.705+0100][gc,stringtable] GC(283) Cleaned string and symbol table, strings: 18394 processed, 29 removed, symbols: 94821 processed, 49 removed
[2023-11-08T18:32:12.705+0100][gc            ] GC(283) Pause Remark 382M->365M(1024M) 4,050ms
[2023-11-08T18:32:12.705+0100][gc,cpu        ] GC(283) User=0,04s Sys=0,00s Real=0,01s
[2023-11-08T18:32:12.705+0100][gc,marking    ] GC(283) Concurrent Rebuild Remembered Sets
[2023-11-08T18:32:12.725+0100][gc,marking    ] GC(283) Concurrent Rebuild Remembered Sets 20,199ms
[2023-11-08T18:32:12.725+0100][gc,start      ] GC(283) Pause Cleanup
[2023-11-08T18:32:12.726+0100][gc            ] GC(283) Pause Cleanup 371M->371M(1024M) 0,207ms
[2023-11-08T18:32:12.726+0100][gc,cpu        ] GC(283) User=0,01s Sys=0,00s Real=0,00s
[2023-11-08T18:32:12.726+0100][gc,marking    ] GC(283) Concurrent Cleanup for Next Mark
[2023-11-08T18:32:12.727+0100][gc,marking    ] GC(283) Concurrent Cleanup for Next Mark 1,915ms
[2023-11-08T18:32:12.728+0100][gc            ] GC(283) Concurrent Cycle 57,739ms
[2023-11-08T18:32:12.829+0100][gc,start      ] GC(284) Pause Young (Prepare Mixed) (G1 Evacuation Pause)
[2023-11-08T18:32:12.829+0100][gc,task       ] GC(284) Using 13 workers of 13 for evacuation
[2023-11-08T18:32:12.836+0100][gc,phases     ] GC(284)   Pre Evacuate Collection Set: 0,0ms
[2023-11-08T18:32:12.836+0100][gc,phases     ] GC(284)   Evacuate Collection Set: 5,6ms
[2023-11-08T18:32:12.836+0100][gc,phases     ] GC(284)   Post Evacuate Collection Set: 0,5ms
[2023-11-08T18:32:12.836+0100][gc,phases     ] GC(284)   Other: 0,2ms
[2023-11-08T18:32:12.836+0100][gc,heap       ] GC(284) Eden regions: 51->0(45)
[2023-11-08T18:32:12.836+0100][gc,heap       ] GC(284) Survivor regions: 11->6(8)
[2023-11-08T18:32:12.836+0100][gc,heap       ] GC(284) Old regions: 217->223
[2023-11-08T18:32:12.836+0100][gc,heap       ] GC(284) Humongous regions: 129->129
[2023-11-08T18:32:12.836+0100][gc,metaspace  ] GC(284) Metaspace: 48212K(52224K)->48212K(52224K) NonClass: 42256K(44544K)->42256K(44544K) Class: 5956K(7680K)->5956K(7680K)
[2023-11-08T18:32:12.836+0100][gc            ] GC(284) Pause Young (Prepare Mixed) (G1 Evacuation Pause) 405M->355M(1024M) 6,481ms
[2023-11-08T18:32:12.836+0100][gc,cpu        ] GC(284) User=0,08s Sys=0,00s Real=0,01s
[2023-11-08T18:32:12.990+0100][gc,start      ] GC(285) Pause Young (Mixed) (G1 Evacuation Pause)
[2023-11-08T18:32:12.990+0100][gc,task       ] GC(285) Using 13 workers of 13 for evacuation
[2023-11-08T18:32:12.997+0100][gc,phases     ] GC(285)   Pre Evacuate Collection Set: 0,1ms
[2023-11-08T18:32:12.997+0100][gc,phases     ] GC(285)   Evacuate Collection Set: 5,6ms
[2023-11-08T18:32:12.997+0100][gc,phases     ] GC(285)   Post Evacuate Collection Set: 0,5ms
[2023-11-08T18:32:12.997+0100][gc,phases     ] GC(285)   Other: 0,3ms
[2023-11-08T18:32:12.997+0100][gc,heap       ] GC(285) Eden regions: 45->0(48)
[2023-11-08T18:32:12.997+0100][gc,heap       ] GC(285) Survivor regions: 6->3(7)
[2023-11-08T18:32:12.997+0100][gc,heap       ] GC(285) Old regions: 223->140
[2023-11-08T18:32:12.997+0100][gc,heap       ] GC(285) Humongous regions: 129->129
[2023-11-08T18:32:12.997+0100][gc,metaspace  ] GC(285) Metaspace: 48212K(52224K)->48212K(52224K) NonClass: 42256K(44544K)->42256K(44544K) Class: 5956K(7680K)->5956K(7680K)
[2023-11-08T18:32:12.997+0100][gc            ] GC(285) Pause Young (Mixed) (G1 Evacuation Pause) 400M->269M(1024M) 6,617ms
[2023-11-08T18:32:12.997+0100][gc,cpu        ] GC(285) User=0,06s Sys=0,00s Real=0,01s
[2023-11-08T18:32:13.181+0100][gc,start      ] GC(286) Pause Young (Mixed) (G1 Evacuation Pause)
[2023-11-08T18:32:13.181+0100][gc,task       ] GC(286) Using 13 workers of 13 for evacuation
[2023-11-08T18:32:13.203+0100][gc,mmu        ] GC(286) MMU target violated: 21,0ms (20,0ms/21,0ms)
[2023-11-08T18:32:13.203+0100][gc,phases     ] GC(286)   Pre Evacuate Collection Set: 0,2ms
[2023-11-08T18:32:13.203+0100][gc,phases     ] GC(286)   Evacuate Collection Set: 20,4ms
[2023-11-08T18:32:13.203+0100][gc,phases     ] GC(286)   Post Evacuate Collection Set: 1,2ms
[2023-11-08T18:32:13.203+0100][gc,phases     ] GC(286)   Other: 0,5ms
[2023-11-08T18:32:13.203+0100][gc,heap       ] GC(286) Eden regions: 48->0(170)
[2023-11-08T18:32:13.203+0100][gc,heap       ] GC(286) Survivor regions: 3->3(7)
[2023-11-08T18:32:13.203+0100][gc,heap       ] GC(286) Old regions: 140->91
[2023-11-08T18:32:13.204+0100][gc,heap       ] GC(286) Humongous regions: 129->129
[2023-11-08T18:32:13.204+0100][gc,metaspace  ] GC(286) Metaspace: 48212K(52224K)->48212K(52224K) NonClass: 42256K(44544K)->42256K(44544K) Class: 5956K(7680K)->5956K(7680K)
[2023-11-08T18:32:13.204+0100][gc            ] GC(286) Pause Young (Mixed) (G1 Evacuation Pause) 317M->221M(1024M) 22,427ms
[2023-11-08T18:32:13.204+0100][gc,cpu        ] GC(286) User=0,25s Sys=0,01s Real=0,03s
[2023-11-08T18:32:13.771+0100][gc,start      ] GC(287) Pause Young (Normal) (G1 Evacuation Pause)
[2023-11-08T18:32:13.771+0100][gc,task       ] GC(287) Using 13 workers of 13 for evacuation
[2023-11-08T18:32:13.781+0100][gc,phases     ] GC(287)   Pre Evacuate Collection Set: 0,0ms
[2023-11-08T18:32:13.781+0100][gc,phases     ] GC(287)   Evacuate Collection Set: 7,2ms
[2023-11-08T18:32:13.781+0100][gc,phases     ] GC(287)   Post Evacuate Collection Set: 2,9ms
[2023-11-08T18:32:13.782+0100][gc,phases     ] GC(287)   Other: 0,5ms
[2023-11-08T18:32:13.782+0100][gc,heap       ] GC(287) Eden regions: 170->0(47)
[2023-11-08T18:32:13.782+0100][gc,heap       ] GC(287) Survivor regions: 3->4(22)
[2023-11-08T18:32:13.782+0100][gc,heap       ] GC(287) Old regions: 91->91
[2023-11-08T18:32:13.782+0100][gc,heap       ] GC(287) Humongous regions: 129->129
[2023-11-08T18:32:13.782+0100][gc,metaspace  ] GC(287) Metaspace: 48212K(52224K)->48212K(52224K) NonClass: 42256K(44544K)->42256K(44544K) Class: 5956K(7680K)->5956K(7680K)
[2023-11-08T18:32:13.782+0100][gc            ] GC(287) Pause Young (Normal) (G1 Evacuation Pause) 391M->221M(1024M) 11,467ms
[2023-11-08T18:32:13.782+0100][gc,cpu        ] GC(287) User=0,07s Sys=0,02s Real=0,01s
[2023-11-08T18:32:13.943+0100][gc,start      ] GC(288) Pause Young (Normal) (G1 Evacuation Pause)
[2023-11-08T18:32:13.943+0100][gc,task       ] GC(288) Using 13 workers of 13 for evacuation
[2023-11-08T18:32:13.947+0100][gc,phases     ] GC(288)   Pre Evacuate Collection Set: 0,0ms
[2023-11-08T18:32:13.947+0100][gc,phases     ] GC(288)   Evacuate Collection Set: 3,1ms
[2023-11-08T18:32:13.947+0100][gc,phases     ] GC(288)   Post Evacuate Collection Set: 0,6ms
[2023-11-08T18:32:13.947+0100][gc,phases     ] GC(288)   Other: 0,3ms
[2023-11-08T18:32:13.947+0100][gc,heap       ] GC(288) Eden regions: 47->0(47)
[2023-11-08T18:32:13.947+0100][gc,heap       ] GC(288) Survivor regions: 4->4(7)
[2023-11-08T18:32:13.947+0100][gc,heap       ] GC(288) Old regions: 91->91
[2023-11-08T18:32:13.947+0100][gc,heap       ] GC(288) Humongous regions: 129->129
[2023-11-08T18:32:13.947+0100][gc,metaspace  ] GC(288) Metaspace: 48212K(52224K)->48212K(52224K) NonClass: 42256K(44544K)->42256K(44544K) Class: 5956K(7680K)->5956K(7680K)
[2023-11-08T18:32:13.947+0100][gc            ] GC(288) Pause Young (Normal) (G1 Evacuation Pause) 268M->222M(1024M) 4,049ms
[2023-11-08T18:32:13.947+0100][gc,cpu        ] GC(288) User=0,02s Sys=0,02s Real=0,01s
[2023-11-08T18:32:14.101+0100][gc,start      ] GC(289) Pause Young (Normal) (G1 Evacuation Pause)
[2023-11-08T18:32:14.101+0100][gc,task       ] GC(289) Using 13 workers of 13 for evacuation
[2023-11-08T18:32:14.104+0100][gc,phases     ] GC(289)   Pre Evacuate Collection Set: 0,0ms
[2023-11-08T18:32:14.104+0100][gc,phases     ] GC(289)   Evacuate Collection Set: 2,5ms
[2023-11-08T18:32:14.104+0100][gc,phases     ] GC(289)   Post Evacuate Collection Set: 0,4ms
[2023-11-08T18:32:14.104+0100][gc,phases     ] GC(289)   Other: 0,2ms
[2023-11-08T18:32:14.104+0100][gc,heap       ] GC(289) Eden regions: 47->0(47)
[2023-11-08T18:32:14.104+0100][gc,heap       ] GC(289) Survivor regions: 4->4(7)
[2023-11-08T18:32:14.104+0100][gc,heap       ] GC(289) Old regions: 91->91
[2023-11-08T18:32:14.104+0100][gc,heap       ] GC(289) Humongous regions: 129->129
[2023-11-08T18:32:14.104+0100][gc,metaspace  ] GC(289) Metaspace: 48212K(52224K)->48212K(52224K) NonClass: 42256K(44544K)->42256K(44544K) Class: 5956K(7680K)->5956K(7680K)
[2023-11-08T18:32:14.104+0100][gc            ] GC(289) Pause Young (Normal) (G1 Evacuation Pause) 269M->222M(1024M) 3,222ms
[2023-11-08T18:32:14.104+0100][gc,cpu        ] GC(289) User=0,02s Sys=0,00s Real=0,01s
[2023-11-08T18:32:14.252+0100][gc,start      ] GC(290) Pause Young (Normal) (G1 Evacuation Pause)
[2023-11-08T18:32:14.252+0100][gc,task       ] GC(290) Using 13 workers of 13 for evacuation
[2023-11-08T18:32:14.254+0100][gc,phases     ] GC(290)   Pre Evacuate Collection Set: 0,0ms
[2023-11-08T18:32:14.254+0100][gc,phases     ] GC(290)   Evacuate Collection Set: 1,5ms
[2023-11-08T18:32:14.254+0100][gc,phases     ] GC(290)   Post Evacuate Collection Set: 0,5ms
[2023-11-08T18:32:14.254+0100][gc,phases     ] GC(290)   Other: 0,2ms
[2023-11-08T18:32:14.254+0100][gc,heap       ] GC(290) Eden regions: 47->0(93)
[2023-11-08T18:32:14.254+0100][gc,heap       ] GC(290) Survivor regions: 4->4(7)
[2023-11-08T18:32:14.254+0100][gc,heap       ] GC(290) Old regions: 91->91
[2023-11-08T18:32:14.254+0100][gc,heap       ] GC(290) Humongous regions: 129->129
[2023-11-08T18:32:14.254+0100][gc,metaspace  ] GC(290) Metaspace: 48212K(52224K)->48212K(52224K) NonClass: 42256K(44544K)->42256K(44544K) Class: 5956K(7680K)->5956K(7680K)
[2023-11-08T18:32:14.254+0100][gc            ] GC(290) Pause Young (Normal) (G1 Evacuation Pause) 269M->222M(1024M) 2,346ms
[2023-11-08T18:32:14.254+0100][gc,cpu        ] GC(290) User=0,01s Sys=0,01s Real=0,00s
[2023-11-08T18:32:14.553+0100][gc,start      ] GC(291) Pause Young (Normal) (G1 Evacuation Pause)
[2023-11-08T18:32:14.553+0100][gc,task       ] GC(291) Using 13 workers of 13 for evacuation
[2023-11-08T18:32:14.555+0100][gc,phases     ] GC(291)   Pre Evacuate Collection Set: 0,0ms
[2023-11-08T18:32:14.555+0100][gc,phases     ] GC(291)   Evacuate Collection Set: 2,1ms
[2023-11-08T18:32:14.555+0100][gc,phases     ] GC(291)   Post Evacuate Collection Set: 0,4ms
[2023-11-08T18:32:14.556+0100][gc,phases     ] GC(291)   Other: 0,2ms
[2023-11-08T18:32:14.556+0100][gc,heap       ] GC(291) Eden regions: 93->0(138)
[2023-11-08T18:32:14.556+0100][gc,heap       ] GC(291) Survivor regions: 4->5(13)
[2023-11-08T18:32:14.556+0100][gc,heap       ] GC(291) Old regions: 91->91
[2023-11-08T18:32:14.556+0100][gc,heap       ] GC(291) Humongous regions: 129->129
[2023-11-08T18:32:14.556+0100][gc,metaspace  ] GC(291) Metaspace: 48212K(52224K)->48212K(52224K) NonClass: 42256K(44544K)->42256K(44544K) Class: 5956K(7680K)->5956K(7680K)
[2023-11-08T18:32:14.556+0100][gc            ] GC(291) Pause Young (Normal) (G1 Evacuation Pause) 315M->222M(1024M) 2,819ms
[2023-11-08T18:32:14.556+0100][gc,cpu        ] GC(291) User=0,03s Sys=0,00s Real=0,01s
[2023-11-08T18:32:15.003+0100][gc,start      ] GC(292) Pause Young (Normal) (G1 Evacuation Pause)
[2023-11-08T18:32:15.003+0100][gc,task       ] GC(292) Using 13 workers of 13 for evacuation
[2023-11-08T18:32:15.011+0100][gc,phases     ] GC(292)   Pre Evacuate Collection Set: 0,0ms
[2023-11-08T18:32:15.011+0100][gc,phases     ] GC(292)   Evacuate Collection Set: 5,2ms
[2023-11-08T18:32:15.011+0100][gc,phases     ] GC(292)   Post Evacuate Collection Set: 2,2ms
[2023-11-08T18:32:15.012+0100][gc,phases     ] GC(292)   Other: 0,4ms
[2023-11-08T18:32:15.012+0100][gc,heap       ] GC(292) Eden regions: 138->0(143)
[2023-11-08T18:32:15.012+0100][gc,heap       ] GC(292) Survivor regions: 5->5(18)
[2023-11-08T18:32:15.012+0100][gc,heap       ] GC(292) Old regions: 91->91
[2023-11-08T18:32:15.012+0100][gc,heap       ] GC(292) Humongous regions: 129->129
[2023-11-08T18:32:15.012+0100][gc,metaspace  ] GC(292) Metaspace: 48212K(52224K)->48212K(52224K) NonClass: 42256K(44544K)->42256K(44544K) Class: 5956K(7680K)->5956K(7680K)
[2023-11-08T18:32:15.012+0100][gc            ] GC(292) Pause Young (Normal) (G1 Evacuation Pause) 360M->223M(1024M) 8,625ms
[2023-11-08T18:32:15.012+0100][gc,cpu        ] GC(292) User=0,06s Sys=0,01s Real=0,00s
[2023-11-08T18:32:15.504+0100][gc,start      ] GC(293) Pause Young (Normal) (G1 Evacuation Pause)
[2023-11-08T18:32:15.504+0100][gc,task       ] GC(293) Using 13 workers of 13 for evacuation
[2023-11-08T18:32:15.507+0100][gc,phases     ] GC(293)   Pre Evacuate Collection Set: 0,0ms
[2023-11-08T18:32:15.507+0100][gc,phases     ] GC(293)   Evacuate Collection Set: 2,3ms
[2023-11-08T18:32:15.507+0100][gc,phases     ] GC(293)   Post Evacuate Collection Set: 0,5ms
[2023-11-08T18:32:15.507+0100][gc,phases     ] GC(293)   Other: 0,2ms
[2023-11-08T18:32:15.507+0100][gc,heap       ] GC(293) Eden regions: 143->0(186)
[2023-11-08T18:32:15.507+0100][gc,heap       ] GC(293) Survivor regions: 5->6(19)
[2023-11-08T18:32:15.507+0100][gc,heap       ] GC(293) Old regions: 91->91
[2023-11-08T18:32:15.507+0100][gc,heap       ] GC(293) Humongous regions: 129->129
[2023-11-08T18:32:15.507+0100][gc,metaspace  ] GC(293) Metaspace: 48212K(52224K)->48212K(52224K) NonClass: 42256K(44544K)->42256K(44544K) Class: 5956K(7680K)->5956K(7680K)
[2023-11-08T18:32:15.507+0100][gc            ] GC(293) Pause Young (Normal) (G1 Evacuation Pause) 366M->223M(1024M) 3,054ms
[2023-11-08T18:32:15.507+0100][gc,cpu        ] GC(293) User=0,01s Sys=0,01s Real=0,00s
[2023-11-08T18:32:16.114+0100][gc,start      ] GC(294) Pause Young (Normal) (G1 Evacuation Pause)
[2023-11-08T18:32:16.114+0100][gc,task       ] GC(294) Using 13 workers of 13 for evacuation
[2023-11-08T18:32:16.117+0100][gc,phases     ] GC(294)   Pre Evacuate Collection Set: 0,0ms
[2023-11-08T18:32:16.117+0100][gc,phases     ] GC(294)   Evacuate Collection Set: 2,6ms
[2023-11-08T18:32:16.117+0100][gc,phases     ] GC(294)   Post Evacuate Collection Set: 0,6ms
[2023-11-08T18:32:16.117+0100][gc,phases     ] GC(294)   Other: 0,2ms
[2023-11-08T18:32:16.117+0100][gc,heap       ] GC(294) Eden regions: 186->0(232)
[2023-11-08T18:32:16.117+0100][gc,heap       ] GC(294) Survivor regions: 6->6(24)
[2023-11-08T18:32:16.117+0100][gc,heap       ] GC(294) Old regions: 91->91
[2023-11-08T18:32:16.117+0100][gc,heap       ] GC(294) Humongous regions: 129->129
[2023-11-08T18:32:16.117+0100][gc,metaspace  ] GC(294) Metaspace: 48212K(52224K)->48212K(52224K) NonClass: 42256K(44544K)->42256K(44544K) Class: 5956K(7680K)->5956K(7680K)
[2023-11-08T18:32:16.117+0100][gc            ] GC(294) Pause Young (Normal) (G1 Evacuation Pause) 409M->224M(1024M) 3,614ms
[2023-11-08T18:32:16.117+0100][gc,cpu        ] GC(294) User=0,03s Sys=0,00s Real=0,01s
[2023-11-08T18:32:16.871+0100][gc,start      ] GC(295) Pause Young (Normal) (G1 Evacuation Pause)
[2023-11-08T18:32:16.871+0100][gc,task       ] GC(295) Using 13 workers of 13 for evacuation
[2023-11-08T18:32:16.875+0100][gc,phases     ] GC(295)   Pre Evacuate Collection Set: 0,0ms
[2023-11-08T18:32:16.875+0100][gc,phases     ] GC(295)   Evacuate Collection Set: 3,1ms
[2023-11-08T18:32:16.875+0100][gc,phases     ] GC(295)   Post Evacuate Collection Set: 0,7ms
[2023-11-08T18:32:16.875+0100][gc,phases     ] GC(295)   Other: 0,2ms
[2023-11-08T18:32:16.875+0100][gc,heap       ] GC(295) Eden regions: 232->0(267)
[2023-11-08T18:32:16.875+0100][gc,heap       ] GC(295) Survivor regions: 6->8(30)
[2023-11-08T18:32:16.875+0100][gc,heap       ] GC(295) Old regions: 91->91
[2023-11-08T18:32:16.875+0100][gc,heap       ] GC(295) Humongous regions: 129->129
[2023-11-08T18:32:16.875+0100][gc,metaspace  ] GC(295) Metaspace: 48212K(52224K)->48212K(52224K) NonClass: 42256K(44544K)->42256K(44544K) Class: 5956K(7680K)->5956K(7680K)
[2023-11-08T18:32:16.875+0100][gc            ] GC(295) Pause Young (Normal) (G1 Evacuation Pause) 456M->225M(1024M) 4,215ms
[2023-11-08T18:32:16.875+0100][gc,cpu        ] GC(295) User=0,03s Sys=0,01s Real=0,01s
[2023-11-08T18:32:17.742+0100][gc,start      ] GC(296) Pause Young (Normal) (G1 Evacuation Pause)
[2023-11-08T18:32:17.742+0100][gc,task       ] GC(296) Using 13 workers of 13 for evacuation
[2023-11-08T18:32:17.747+0100][gc,phases     ] GC(296)   Pre Evacuate Collection Set: 0,0ms
[2023-11-08T18:32:17.747+0100][gc,phases     ] GC(296)   Evacuate Collection Set: 3,7ms
[2023-11-08T18:32:17.747+0100][gc,phases     ] GC(296)   Post Evacuate Collection Set: 0,6ms
[2023-11-08T18:32:17.747+0100][gc,phases     ] GC(296)   Other: 0,3ms
[2023-11-08T18:32:17.747+0100][gc,heap       ] GC(296) Eden regions: 267->0(307)
[2023-11-08T18:32:17.747+0100][gc,heap       ] GC(296) Survivor regions: 8->8(35)
[2023-11-08T18:32:17.747+0100][gc,heap       ] GC(296) Old regions: 91->91
[2023-11-08T18:32:17.747+0100][gc,heap       ] GC(296) Humongous regions: 129->129
[2023-11-08T18:32:17.747+0100][gc,metaspace  ] GC(296) Metaspace: 48212K(52224K)->48212K(52224K) NonClass: 42256K(44544K)->42256K(44544K) Class: 5956K(7680K)->5956K(7680K)
[2023-11-08T18:32:17.747+0100][gc            ] GC(296) Pause Young (Normal) (G1 Evacuation Pause) 492M->226M(1024M) 4,809ms
[2023-11-08T18:32:17.747+0100][gc,cpu        ] GC(296) User=0,02s Sys=0,02s Real=0,01s
[2023-11-08T18:32:18.744+0100][gc,start      ] GC(297) Pause Young (Normal) (G1 Evacuation Pause)
[2023-11-08T18:32:18.744+0100][gc,task       ] GC(297) Using 13 workers of 13 for evacuation
[2023-11-08T18:32:18.748+0100][gc,phases     ] GC(297)   Pre Evacuate Collection Set: 0,0ms
[2023-11-08T18:32:18.748+0100][gc,phases     ] GC(297)   Evacuate Collection Set: 3,4ms
[2023-11-08T18:32:18.748+0100][gc,phases     ] GC(297)   Post Evacuate Collection Set: 0,5ms
[2023-11-08T18:32:18.748+0100][gc,phases     ] GC(297)   Other: 0,2ms
[2023-11-08T18:32:18.748+0100][gc,heap       ] GC(297) Eden regions: 307->0(365)
[2023-11-08T18:32:18.748+0100][gc,heap       ] GC(297) Survivor regions: 8->9(40)
[2023-11-08T18:32:18.748+0100][gc,heap       ] GC(297) Old regions: 91->92
[2023-11-08T18:32:18.748+0100][gc,heap       ] GC(297) Humongous regions: 129->129
[2023-11-08T18:32:18.748+0100][gc,metaspace  ] GC(297) Metaspace: 48212K(52224K)->48212K(52224K) NonClass: 42256K(44544K)->42256K(44544K) Class: 5956K(7680K)->5956K(7680K)
[2023-11-08T18:32:18.748+0100][gc            ] GC(297) Pause Young (Normal) (G1 Evacuation Pause) 533M->227M(1024M) 4,206ms
[2023-11-08T18:32:18.748+0100][gc,cpu        ] GC(297) User=0,05s Sys=0,00s Real=0,00s
[2023-11-08T18:32:19.929+0100][gc,start      ] GC(298) Pause Young (Normal) (G1 Evacuation Pause)
[2023-11-08T18:32:19.930+0100][gc,task       ] GC(298) Using 13 workers of 13 for evacuation
[2023-11-08T18:32:19.934+0100][gc,phases     ] GC(298)   Pre Evacuate Collection Set: 0,0ms
[2023-11-08T18:32:19.934+0100][gc,phases     ] GC(298)   Evacuate Collection Set: 3,7ms
[2023-11-08T18:32:19.934+0100][gc,phases     ] GC(298)   Post Evacuate Collection Set: 0,6ms
[2023-11-08T18:32:19.934+0100][gc,phases     ] GC(298)   Other: 0,2ms
[2023-11-08T18:32:19.934+0100][gc,heap       ] GC(298) Eden regions: 365->0(437)
[2023-11-08T18:32:19.934+0100][gc,heap       ] GC(298) Survivor regions: 9->9(47)
[2023-11-08T18:32:19.934+0100][gc,heap       ] GC(298) Old regions: 92->93
[2023-11-08T18:32:19.934+0100][gc,heap       ] GC(298) Humongous regions: 129->129
[2023-11-08T18:32:19.934+0100][gc,metaspace  ] GC(298) Metaspace: 48212K(52224K)->48212K(52224K) NonClass: 42256K(44544K)->42256K(44544K) Class: 5956K(7680K)->5956K(7680K)
[2023-11-08T18:32:19.934+0100][gc            ] GC(298) Pause Young (Normal) (G1 Evacuation Pause) 592M->228M(1024M) 4,602ms
[2023-11-08T18:32:19.934+0100][gc,cpu        ] GC(298) User=0,04s Sys=0,00s Real=0,00s
[2023-11-08T18:32:21.341+0100][gc,start      ] GC(299) Pause Young (Normal) (G1 Evacuation Pause)
[2023-11-08T18:32:21.341+0100][gc,task       ] GC(299) Using 13 workers of 13 for evacuation
[2023-11-08T18:32:21.347+0100][gc,phases     ] GC(299)   Pre Evacuate Collection Set: 0,0ms
[2023-11-08T18:32:21.347+0100][gc,phases     ] GC(299)   Evacuate Collection Set: 4,4ms
[2023-11-08T18:32:21.347+0100][gc,phases     ] GC(299)   Post Evacuate Collection Set: 0,5ms
[2023-11-08T18:32:21.347+0100][gc,phases     ] GC(299)   Other: 0,3ms
[2023-11-08T18:32:21.347+0100][gc,heap       ] GC(299) Eden regions: 437->0(537)
[2023-11-08T18:32:21.347+0100][gc,heap       ] GC(299) Survivor regions: 9->10(56)
[2023-11-08T18:32:21.347+0100][gc,heap       ] GC(299) Old regions: 93->94
[2023-11-08T18:32:21.347+0100][gc,heap       ] GC(299) Humongous regions: 129->129
[2023-11-08T18:32:21.347+0100][gc,metaspace  ] GC(299) Metaspace: 48212K(52224K)->48212K(52224K) NonClass: 42256K(44544K)->42256K(44544K) Class: 5956K(7680K)->5956K(7680K)
[2023-11-08T18:32:21.347+0100][gc            ] GC(299) Pause Young (Normal) (G1 Evacuation Pause) 665M->230M(1024M) 5,345ms
[2023-11-08T18:32:21.347+0100][gc,cpu        ] GC(299) User=0,05s Sys=0,00s Real=0,01s
[2023-11-08T18:32:23.118+0100][gc,start      ] GC(300) Pause Young (Normal) (G1 Evacuation Pause)
[2023-11-08T18:32:23.118+0100][gc,task       ] GC(300) Using 13 workers of 13 for evacuation
[2023-11-08T18:32:23.124+0100][gc,phases     ] GC(300)   Pre Evacuate Collection Set: 0,0ms
[2023-11-08T18:32:23.124+0100][gc,phases     ] GC(300)   Evacuate Collection Set: 5,6ms
[2023-11-08T18:32:23.124+0100][gc,phases     ] GC(300)   Post Evacuate Collection Set: 0,6ms
[2023-11-08T18:32:23.124+0100][gc,phases     ] GC(300)   Other: 0,2ms
[2023-11-08T18:32:23.124+0100][gc,heap       ] GC(300) Eden regions: 537->0(566)
[2023-11-08T18:32:23.124+0100][gc,heap       ] GC(300) Survivor regions: 10->11(69)
[2023-11-08T18:32:23.124+0100][gc,heap       ] GC(300) Old regions: 94->94
[2023-11-08T18:32:23.124+0100][gc,heap       ] GC(300) Humongous regions: 129->129
[2023-11-08T18:32:23.124+0100][gc,metaspace  ] GC(300) Metaspace: 48212K(52224K)->48212K(52224K) NonClass: 42256K(44544K)->42256K(44544K) Class: 5956K(7680K)->5956K(7680K)
[2023-11-08T18:32:23.124+0100][gc            ] GC(300) Pause Young (Normal) (G1 Evacuation Pause) 767M->231M(1024M) 6,501ms
[2023-11-08T18:32:23.124+0100][gc,cpu        ] GC(300) User=0,06s Sys=0,00s Real=0,01s
[2023-11-08T18:32:24.995+0100][gc,start      ] GC(301) Pause Young (Normal) (G1 Evacuation Pause)
[2023-11-08T18:32:24.995+0100][gc,task       ] GC(301) Using 13 workers of 13 for evacuation
[2023-11-08T18:32:25.001+0100][gc,phases     ] GC(301)   Pre Evacuate Collection Set: 0,0ms
[2023-11-08T18:32:25.001+0100][gc,phases     ] GC(301)   Evacuate Collection Set: 5,7ms
[2023-11-08T18:32:25.001+0100][gc,phases     ] GC(301)   Post Evacuate Collection Set: 0,6ms
[2023-11-08T18:32:25.001+0100][gc,phases     ] GC(301)   Other: 0,3ms
[2023-11-08T18:32:25.001+0100][gc,heap       ] GC(301) Eden regions: 566->0(581)
[2023-11-08T18:32:25.001+0100][gc,heap       ] GC(301) Survivor regions: 11->13(73)
[2023-11-08T18:32:25.001+0100][gc,heap       ] GC(301) Old regions: 94->94
[2023-11-08T18:32:25.001+0100][gc,heap       ] GC(301) Humongous regions: 129->129
[2023-11-08T18:32:25.001+0100][gc,metaspace  ] GC(301) Metaspace: 48212K(52224K)->48212K(52224K) NonClass: 42256K(44544K)->42256K(44544K) Class: 5956K(7680K)->5956K(7680K)
[2023-11-08T18:32:25.001+0100][gc            ] GC(301) Pause Young (Normal) (G1 Evacuation Pause) 797M->233M(1024M) 6,682ms
[2023-11-08T18:32:25.001+0100][gc,cpu        ] GC(301) User=0,04s Sys=0,02s Real=0,00s
[2023-11-08T18:32:26.972+0100][gc,start      ] GC(302) Pause Young (Normal) (G1 Evacuation Pause)
[2023-11-08T18:32:26.972+0100][gc,task       ] GC(302) Using 13 workers of 13 for evacuation
[2023-11-08T18:32:26.980+0100][gc,phases     ] GC(302)   Pre Evacuate Collection Set: 0,0ms
[2023-11-08T18:32:26.980+0100][gc,phases     ] GC(302)   Evacuate Collection Set: 7,1ms
[2023-11-08T18:32:26.980+0100][gc,phases     ] GC(302)   Post Evacuate Collection Set: 0,6ms
[2023-11-08T18:32:26.980+0100][gc,phases     ] GC(302)   Other: 0,3ms
[2023-11-08T18:32:26.980+0100][gc,heap       ] GC(302) Eden regions: 581->0(593)
[2023-11-08T18:32:26.980+0100][gc,heap       ] GC(302) Survivor regions: 13->14(75)
[2023-11-08T18:32:26.980+0100][gc,heap       ] GC(302) Old regions: 94->95
[2023-11-08T18:32:26.980+0100][gc,heap       ] GC(302) Humongous regions: 129->129
[2023-11-08T18:32:26.980+0100][gc,metaspace  ] GC(302) Metaspace: 48212K(52224K)->48212K(52224K) NonClass: 42256K(44544K)->42256K(44544K) Class: 5956K(7680K)->5956K(7680K)
[2023-11-08T18:32:26.980+0100][gc            ] GC(302) Pause Young (Normal) (G1 Evacuation Pause) 814M->236M(1024M) 8,127ms
[2023-11-08T18:32:26.980+0100][gc,cpu        ] GC(302) User=0,08s Sys=0,00s Real=0,01s
[2023-11-08T18:32:28.984+0100][gc,start      ] GC(303) Pause Young (Normal) (G1 Evacuation Pause)
[2023-11-08T18:32:28.984+0100][gc,task       ] GC(303) Using 13 workers of 13 for evacuation
[2023-11-08T18:32:29.000+0100][gc,phases     ] GC(303)   Pre Evacuate Collection Set: 0,0ms
[2023-11-08T18:32:29.000+0100][gc,phases     ] GC(303)   Evacuate Collection Set: 12,6ms
[2023-11-08T18:32:29.000+0100][gc,phases     ] GC(303)   Post Evacuate Collection Set: 3,0ms
[2023-11-08T18:32:29.000+0100][gc,phases     ] GC(303)   Other: 0,5ms
[2023-11-08T18:32:29.000+0100][gc,heap       ] GC(303) Eden regions: 593->0(461)
[2023-11-08T18:32:29.000+0100][gc,heap       ] GC(303) Survivor regions: 14->5(76)
[2023-11-08T18:32:29.000+0100][gc,heap       ] GC(303) Old regions: 95->95
[2023-11-08T18:32:29.000+0100][gc,heap       ] GC(303) Humongous regions: 129->129
[2023-11-08T18:32:29.000+0100][gc,metaspace  ] GC(303) Metaspace: 48212K(52224K)->48212K(52224K) NonClass: 42256K(44544K)->42256K(44544K) Class: 5956K(7680K)->5956K(7680K)
[2023-11-08T18:32:29.000+0100][gc            ] GC(303) Pause Young (Normal) (G1 Evacuation Pause) 829M->226M(1024M) 16,831ms
[2023-11-08T18:32:29.000+0100][gc,cpu        ] GC(303) User=0,12s Sys=0,04s Real=0,01s
[2023-11-08T18:32:30.134+0100][gc,start      ] GC(304) Pause Young (Normal) (G1 Evacuation Pause)
[2023-11-08T18:32:30.134+0100][gc,task       ] GC(304) Using 13 workers of 13 for evacuation
[2023-11-08T18:32:30.138+0100][gc,phases     ] GC(304)   Pre Evacuate Collection Set: 0,0ms
[2023-11-08T18:32:30.138+0100][gc,phases     ] GC(304)   Evacuate Collection Set: 3,4ms
[2023-11-08T18:32:30.138+0100][gc,phases     ] GC(304)   Post Evacuate Collection Set: 0,7ms
[2023-11-08T18:32:30.138+0100][gc,phases     ] GC(304)   Other: 0,3ms
[2023-11-08T18:32:30.138+0100][gc,heap       ] GC(304) Eden regions: 330->0(560)
[2023-11-08T18:32:30.138+0100][gc,heap       ] GC(304) Survivor regions: 5->5(42)
[2023-11-08T18:32:30.139+0100][gc,heap       ] GC(304) Old regions: 95->95
[2023-11-08T18:32:30.139+0100][gc,heap       ] GC(304) Humongous regions: 129->129
[2023-11-08T18:32:30.139+0100][gc,metaspace  ] GC(304) Metaspace: 48212K(52224K)->48212K(52224K) NonClass: 42256K(44544K)->42256K(44544K) Class: 5956K(7680K)->5956K(7680K)
[2023-11-08T18:32:30.139+0100][gc            ] GC(304) Pause Young (Normal) (G1 Evacuation Pause) 556M->226M(1024M) 4,482ms
[2023-11-08T18:32:30.139+0100][gc,cpu        ] GC(304) User=0,05s Sys=0,00s Real=0,01s
[2023-11-08T18:32:31.823+0100][gc,start      ] GC(305) Pause Young (Normal) (G1 Evacuation Pause)
[2023-11-08T18:32:31.823+0100][gc,task       ] GC(305) Using 13 workers of 13 for evacuation
[2023-11-08T18:32:31.827+0100][gc,phases     ] GC(305)   Pre Evacuate Collection Set: 0,0ms
[2023-11-08T18:32:31.828+0100][gc,phases     ] GC(305)   Evacuate Collection Set: 4,0ms
[2023-11-08T18:32:31.828+0100][gc,phases     ] GC(305)   Post Evacuate Collection Set: 0,6ms
[2023-11-08T18:32:31.828+0100][gc,phases     ] GC(305)   Other: 0,2ms
[2023-11-08T18:32:31.828+0100][gc,heap       ] GC(305) Eden regions: 495->0(571)
[2023-11-08T18:32:31.828+0100][gc,heap       ] GC(305) Survivor regions: 5->6(63)
[2023-11-08T18:32:31.828+0100][gc,heap       ] GC(305) Old regions: 95->95
[2023-11-08T18:32:31.828+0100][gc,heap       ] GC(305) Humongous regions: 129->129
[2023-11-08T18:32:31.828+0100][gc,metaspace  ] GC(305) Metaspace: 48212K(52224K)->48212K(52224K) NonClass: 42256K(44544K)->42256K(44544K) Class: 5956K(7680K)->5956K(7680K)
[2023-11-08T18:32:31.828+0100][gc            ] GC(305) Pause Young (Normal) (G1 Evacuation Pause) 721M->228M(1024M) 4,854ms
[2023-11-08T18:32:31.828+0100][gc,cpu        ] GC(305) User=0,04s Sys=0,00s Real=0,00s
[2023-11-08T18:32:33.668+0100][gc,start      ] GC(306) Pause Young (Normal) (G1 Evacuation Pause)
[2023-11-08T18:32:33.668+0100][gc,task       ] GC(306) Using 13 workers of 13 for evacuation
[2023-11-08T18:32:33.674+0100][gc,phases     ] GC(306)   Pre Evacuate Collection Set: 0,0ms
[2023-11-08T18:32:33.674+0100][gc,phases     ] GC(306)   Evacuate Collection Set: 4,5ms
[2023-11-08T18:32:33.674+0100][gc,phases     ] GC(306)   Post Evacuate Collection Set: 0,7ms
[2023-11-08T18:32:33.674+0100][gc,phases     ] GC(306)   Other: 0,2ms
[2023-11-08T18:32:33.674+0100][gc,heap       ] GC(306) Eden regions: 571->0(602)
[2023-11-08T18:32:33.674+0100][gc,heap       ] GC(306) Survivor regions: 6->8(73)
[2023-11-08T18:32:33.674+0100][gc,heap       ] GC(306) Old regions: 95->95
[2023-11-08T18:32:33.674+0100][gc,heap       ] GC(306) Humongous regions: 129->129
[2023-11-08T18:32:33.674+0100][gc,metaspace  ] GC(306) Metaspace: 48212K(52224K)->48212K(52224K) NonClass: 42256K(44544K)->42256K(44544K) Class: 5956K(7680K)->5956K(7680K)
[2023-11-08T18:32:33.674+0100][gc            ] GC(306) Pause Young (Normal) (G1 Evacuation Pause) 799M->229M(1024M) 5,593ms
[2023-11-08T18:32:33.674+0100][gc,cpu        ] GC(306) User=0,05s Sys=0,00s Real=0,00s
[2023-11-08T18:32:35.667+0100][gc,start      ] GC(307) Pause Young (Normal) (G1 Evacuation Pause)
[2023-11-08T18:32:35.667+0100][gc,task       ] GC(307) Using 13 workers of 13 for evacuation
[2023-11-08T18:32:35.673+0100][gc,phases     ] GC(307)   Pre Evacuate Collection Set: 0,0ms
[2023-11-08T18:32:35.673+0100][gc,phases     ] GC(307)   Evacuate Collection Set: 4,7ms
[2023-11-08T18:32:35.673+0100][gc,phases     ] GC(307)   Post Evacuate Collection Set: 0,7ms
[2023-11-08T18:32:35.673+0100][gc,phases     ] GC(307)   Other: 0,2ms
[2023-11-08T18:32:35.673+0100][gc,heap       ] GC(307) Eden regions: 602->0(604)
[2023-11-08T18:32:35.673+0100][gc,heap       ] GC(307) Survivor regions: 8->10(77)
[2023-11-08T18:32:35.673+0100][gc,heap       ] GC(307) Old regions: 95->95
[2023-11-08T18:32:35.673+0100][gc,heap       ] GC(307) Humongous regions: 129->129
[2023-11-08T18:32:35.673+0100][gc,metaspace  ] GC(307) Metaspace: 48212K(52224K)->48212K(52224K) NonClass: 42256K(44544K)->42256K(44544K) Class: 5956K(7680K)->5956K(7680K)
[2023-11-08T18:32:35.673+0100][gc            ] GC(307) Pause Young (Normal) (G1 Evacuation Pause) 831M->232M(1024M) 5,838ms
[2023-11-08T18:32:35.673+0100][gc,cpu        ] GC(307) User=0,05s Sys=0,01s Real=0,00s
[2023-11-08T18:32:37.702+0100][gc,start      ] GC(308) Pause Young (Normal) (G1 Evacuation Pause)
[2023-11-08T18:32:37.702+0100][gc,task       ] GC(308) Using 13 workers of 13 for evacuation
[2023-11-08T18:32:37.722+0100][gc,mmu        ] GC(308) MMU target violated: 20,1ms (20,0ms/21,0ms)
[2023-11-08T18:32:37.722+0100][gc,phases     ] GC(308)   Pre Evacuate Collection Set: 0,0ms
[2023-11-08T18:32:37.722+0100][gc,phases     ] GC(308)   Evacuate Collection Set: 18,8ms
[2023-11-08T18:32:37.722+0100][gc,phases     ] GC(308)   Post Evacuate Collection Set: 1,1ms
[2023-11-08T18:32:37.722+0100][gc,phases     ] GC(308)   Other: 0,4ms
[2023-11-08T18:32:37.722+0100][gc,heap       ] GC(308) Eden regions: 604->0(549)
[2023-11-08T18:32:37.722+0100][gc,heap       ] GC(308) Survivor regions: 10->12(77)
[2023-11-08T18:32:37.722+0100][gc,heap       ] GC(308) Old regions: 95->95
[2023-11-08T18:32:37.722+0100][gc,heap       ] GC(308) Humongous regions: 129->129
[2023-11-08T18:32:37.722+0100][gc,metaspace  ] GC(308) Metaspace: 48212K(52224K)->48212K(52224K) NonClass: 42256K(44544K)->42256K(44544K) Class: 5956K(7680K)->5956K(7680K)
[2023-11-08T18:32:37.722+0100][gc            ] GC(308) Pause Young (Normal) (G1 Evacuation Pause) 836M->234M(1024M) 20,547ms
[2023-11-08T18:32:37.722+0100][gc,cpu        ] GC(308) User=0,25s Sys=0,00s Real=0,02s
[2023-11-08T18:32:39.501+0100][gc,start      ] GC(309) Pause Young (Normal) (G1 Evacuation Pause)
[2023-11-08T18:32:39.501+0100][gc,task       ] GC(309) Using 13 workers of 13 for evacuation
[2023-11-08T18:32:39.522+0100][gc,mmu        ] GC(309) MMU target violated: 21,0ms (20,0ms/21,0ms)
[2023-11-08T18:32:39.522+0100][gc,phases     ] GC(309)   Pre Evacuate Collection Set: 0,0ms
[2023-11-08T18:32:39.522+0100][gc,phases     ] GC(309)   Evacuate Collection Set: 20,0ms
[2023-11-08T18:32:39.522+0100][gc,phases     ] GC(309)   Post Evacuate Collection Set: 1,0ms
[2023-11-08T18:32:39.522+0100][gc,phases     ] GC(309)   Other: 0,3ms
[2023-11-08T18:32:39.522+0100][gc,heap       ] GC(309) Eden regions: 549->0(474)
[2023-11-08T18:32:39.522+0100][gc,heap       ] GC(309) Survivor regions: 12->14(71)
[2023-11-08T18:32:39.522+0100][gc,heap       ] GC(309) Old regions: 95->95
[2023-11-08T18:32:39.522+0100][gc,heap       ] GC(309) Humongous regions: 129->129
[2023-11-08T18:32:39.522+0100][gc,metaspace  ] GC(309) Metaspace: 48212K(52224K)->48212K(52224K) NonClass: 42256K(44544K)->42256K(44544K) Class: 5956K(7680K)->5956K(7680K)
[2023-11-08T18:32:39.522+0100][gc            ] GC(309) Pause Young (Normal) (G1 Evacuation Pause) 783M->236M(1024M) 21,551ms
[2023-11-08T18:32:39.522+0100][gc,cpu        ] GC(309) User=0,25s Sys=0,01s Real=0,02s
[2023-11-08T18:32:39.800+0100][gc,start      ] GC(310) Pause Young (Normal) (G1 Evacuation Pause)
[2023-11-08T18:32:39.800+0100][gc,task       ] GC(310) Using 13 workers of 13 for evacuation
[2023-11-08T18:32:39.823+0100][gc,mmu        ] GC(310) MMU target violated: 21,0ms (20,0ms/21,0ms)
[2023-11-08T18:32:39.823+0100][gc,phases     ] GC(310)   Pre Evacuate Collection Set: 0,0ms
[2023-11-08T18:32:39.823+0100][gc,phases     ] GC(310)   Evacuate Collection Set: 21,8ms
[2023-11-08T18:32:39.823+0100][gc,phases     ] GC(310)   Post Evacuate Collection Set: 0,7ms
[2023-11-08T18:32:39.823+0100][gc,phases     ] GC(310)   Other: 0,3ms
[2023-11-08T18:32:39.823+0100][gc,heap       ] GC(310) Eden regions: 86->0(148)
[2023-11-08T18:32:39.823+0100][gc,heap       ] GC(310) Survivor regions: 14->7(13)
[2023-11-08T18:32:39.823+0100][gc,heap       ] GC(310) Old regions: 95->102
[2023-11-08T18:32:39.823+0100][gc,heap       ] GC(310) Humongous regions: 129->129
[2023-11-08T18:32:39.823+0100][gc,metaspace  ] GC(310) Metaspace: 48212K(52224K)->48212K(52224K) NonClass: 42256K(44544K)->42256K(44544K) Class: 5956K(7680K)->5956K(7680K)
[2023-11-08T18:32:39.823+0100][gc            ] GC(310) Pause Young (Normal) (G1 Evacuation Pause) 322M->236M(1024M) 23,042ms
[2023-11-08T18:32:39.823+0100][gc,cpu        ] GC(310) User=0,24s Sys=0,00s Real=0,03s
[2023-11-08T18:32:40.306+0100][gc,start      ] GC(311) Pause Young (Normal) (G1 Evacuation Pause)
[2023-11-08T18:32:40.306+0100][gc,task       ] GC(311) Using 13 workers of 13 for evacuation
[2023-11-08T18:32:40.320+0100][gc,phases     ] GC(311)   Pre Evacuate Collection Set: 0,0ms
[2023-11-08T18:32:40.321+0100][gc,phases     ] GC(311)   Evacuate Collection Set: 11,7ms
[2023-11-08T18:32:40.321+0100][gc,phases     ] GC(311)   Post Evacuate Collection Set: 2,3ms
[2023-11-08T18:32:40.321+0100][gc,phases     ] GC(311)   Other: 0,4ms
[2023-11-08T18:32:40.321+0100][gc,heap       ] GC(311) Eden regions: 148->0(143)
[2023-11-08T18:32:40.321+0100][gc,heap       ] GC(311) Survivor regions: 7->7(20)
[2023-11-08T18:32:40.321+0100][gc,heap       ] GC(311) Old regions: 102->102
[2023-11-08T18:32:40.321+0100][gc,heap       ] GC(311) Humongous regions: 129->129
[2023-11-08T18:32:40.321+0100][gc,metaspace  ] GC(311) Metaspace: 48212K(52224K)->48212K(52224K) NonClass: 42256K(44544K)->42256K(44544K) Class: 5956K(7680K)->5956K(7680K)
[2023-11-08T18:32:40.321+0100][gc            ] GC(311) Pause Young (Normal) (G1 Evacuation Pause) 384M->236M(1024M) 15,301ms
[2023-11-08T18:32:40.321+0100][gc,cpu        ] GC(311) User=0,15s Sys=0,00s Real=0,01s
[2023-11-08T18:32:40.819+0100][gc,start      ] GC(312) Pause Young (Normal) (G1 Evacuation Pause)
[2023-11-08T18:32:40.819+0100][gc,task       ] GC(312) Using 13 workers of 13 for evacuation
[2023-11-08T18:32:40.832+0100][gc,phases     ] GC(312)   Pre Evacuate Collection Set: 0,0ms
[2023-11-08T18:32:40.832+0100][gc,phases     ] GC(312)   Evacuate Collection Set: 10,0ms
[2023-11-08T18:32:40.832+0100][gc,phases     ] GC(312)   Post Evacuate Collection Set: 2,3ms
[2023-11-08T18:32:40.832+0100][gc,phases     ] GC(312)   Other: 0,4ms
[2023-11-08T18:32:40.832+0100][gc,heap       ] GC(312) Eden regions: 143->0(148)
[2023-11-08T18:32:40.832+0100][gc,heap       ] GC(312) Survivor regions: 7->8(19)
[2023-11-08T18:32:40.832+0100][gc,heap       ] GC(312) Old regions: 102->102
[2023-11-08T18:32:40.833+0100][gc,heap       ] GC(312) Humongous regions: 129->129
[2023-11-08T18:32:40.833+0100][gc,metaspace  ] GC(312) Metaspace: 48212K(52224K)->48212K(52224K) NonClass: 42256K(44544K)->42256K(44544K) Class: 5956K(7680K)->5956K(7680K)
[2023-11-08T18:32:40.833+0100][gc            ] GC(312) Pause Young (Normal) (G1 Evacuation Pause) 379M->236M(1024M) 13,476ms
[2023-11-08T18:32:40.833+0100][gc,cpu        ] GC(312) User=0,11s Sys=0,01s Real=0,01s
[2023-11-08T18:32:41.307+0100][gc,start      ] GC(313) Pause Young (Normal) (G1 Evacuation Pause)
[2023-11-08T18:32:41.307+0100][gc,task       ] GC(313) Using 13 workers of 13 for evacuation
[2023-11-08T18:32:41.311+0100][gc,phases     ] GC(313)   Pre Evacuate Collection Set: 0,0ms
[2023-11-08T18:32:41.311+0100][gc,phases     ] GC(313)   Evacuate Collection Set: 3,0ms
[2023-11-08T18:32:41.311+0100][gc,phases     ] GC(313)   Post Evacuate Collection Set: 0,5ms
[2023-11-08T18:32:41.311+0100][gc,phases     ] GC(313)   Other: 0,2ms
[2023-11-08T18:32:41.311+0100][gc,heap       ] GC(313) Eden regions: 148->0(176)
[2023-11-08T18:32:41.311+0100][gc,heap       ] GC(313) Survivor regions: 8->8(20)
[2023-11-08T18:32:41.311+0100][gc,heap       ] GC(313) Old regions: 102->102
[2023-11-08T18:32:41.311+0100][gc,heap       ] GC(313) Humongous regions: 129->129
[2023-11-08T18:32:41.311+0100][gc,metaspace  ] GC(313) Metaspace: 48212K(52224K)->48212K(52224K) NonClass: 42256K(44544K)->42256K(44544K) Class: 5956K(7680K)->5956K(7680K)
[2023-11-08T18:32:41.311+0100][gc            ] GC(313) Pause Young (Normal) (G1 Evacuation Pause) 384M->237M(1024M) 3,795ms
[2023-11-08T18:32:41.311+0100][gc,cpu        ] GC(313) User=0,02s Sys=0,02s Real=0,00s
[2023-11-08T18:32:41.925+0100][gc,start      ] GC(314) Pause Young (Normal) (G1 Evacuation Pause)
[2023-11-08T18:32:41.925+0100][gc,task       ] GC(314) Using 13 workers of 13 for evacuation
[2023-11-08T18:32:41.944+0100][gc,phases     ] GC(314)   Pre Evacuate Collection Set: 0,0ms
[2023-11-08T18:32:41.944+0100][gc,phases     ] GC(314)   Evacuate Collection Set: 15,6ms
[2023-11-08T18:32:41.944+0100][gc,phases     ] GC(314)   Post Evacuate Collection Set: 2,5ms
[2023-11-08T18:32:41.944+0100][gc,phases     ] GC(314)   Other: 0,5ms
[2023-11-08T18:32:41.944+0100][gc,heap       ] GC(314) Eden regions: 176->0(163)
[2023-11-08T18:32:41.944+0100][gc,heap       ] GC(314) Survivor regions: 8->9(23)
[2023-11-08T18:32:41.944+0100][gc,heap       ] GC(314) Old regions: 102->102
[2023-11-08T18:32:41.944+0100][gc,heap       ] GC(314) Humongous regions: 129->129
[2023-11-08T18:32:41.944+0100][gc,metaspace  ] GC(314) Metaspace: 48212K(52224K)->48212K(52224K) NonClass: 42256K(44544K)->42256K(44544K) Class: 5956K(7680K)->5956K(7680K)
[2023-11-08T18:32:41.944+0100][gc            ] GC(314) Pause Young (Normal) (G1 Evacuation Pause) 413M->237M(1024M) 19,078ms
[2023-11-08T18:32:41.944+0100][gc,cpu        ] GC(314) User=0,18s Sys=0,01s Real=0,02s
[2023-11-08T18:32:42.286+0100][gc,start      ] GC(315) Pause Young (Normal) (G1 Evacuation Pause)
[2023-11-08T18:32:42.286+0100][gc,task       ] GC(315) Using 13 workers of 13 for evacuation
[2023-11-08T18:32:42.290+0100][gc,phases     ] GC(315)   Pre Evacuate Collection Set: 0,0ms
[2023-11-08T18:32:42.290+0100][gc,phases     ] GC(315)   Evacuate Collection Set: 3,3ms
[2023-11-08T18:32:42.290+0100][gc,phases     ] GC(315)   Post Evacuate Collection Set: 0,5ms
[2023-11-08T18:32:42.290+0100][gc,phases     ] GC(315)   Other: 0,2ms
[2023-11-08T18:32:42.290+0100][gc,heap       ] GC(315) Eden regions: 107->0(193)
[2023-11-08T18:32:42.290+0100][gc,heap       ] GC(315) Survivor regions: 9->8(15)
[2023-11-08T18:32:42.290+0100][gc,heap       ] GC(315) Old regions: 102->104
[2023-11-08T18:32:42.290+0100][gc,heap       ] GC(315) Humongous regions: 129->129
[2023-11-08T18:32:42.290+0100][gc,metaspace  ] GC(315) Metaspace: 48212K(52224K)->48212K(52224K) NonClass: 42256K(44544K)->42256K(44544K) Class: 5956K(7680K)->5956K(7680K)
[2023-11-08T18:32:42.290+0100][gc            ] GC(315) Pause Young (Normal) (G1 Evacuation Pause) 344M->238M(1024M) 4,116ms
[2023-11-08T18:32:42.290+0100][gc,cpu        ] GC(315) User=0,04s Sys=0,00s Real=0,00s
[2023-11-08T18:32:42.942+0100][gc,start      ] GC(316) Pause Young (Normal) (G1 Evacuation Pause)
[2023-11-08T18:32:42.942+0100][gc,task       ] GC(316) Using 13 workers of 13 for evacuation
[2023-11-08T18:32:42.947+0100][gc,phases     ] GC(316)   Pre Evacuate Collection Set: 0,0ms
[2023-11-08T18:32:42.947+0100][gc,phases     ] GC(316)   Evacuate Collection Set: 3,7ms
[2023-11-08T18:32:42.947+0100][gc,phases     ] GC(316)   Post Evacuate Collection Set: 0,6ms
[2023-11-08T18:32:42.947+0100][gc,phases     ] GC(316)   Other: 0,3ms
[2023-11-08T18:32:42.947+0100][gc,heap       ] GC(316) Eden regions: 193->0(241)
[2023-11-08T18:32:42.947+0100][gc,heap       ] GC(316) Survivor regions: 8->8(26)
[2023-11-08T18:32:42.947+0100][gc,heap       ] GC(316) Old regions: 104->104
[2023-11-08T18:32:42.947+0100][gc,heap       ] GC(316) Humongous regions: 129->129
[2023-11-08T18:32:42.947+0100][gc,metaspace  ] GC(316) Metaspace: 48212K(52224K)->48212K(52224K) NonClass: 42256K(44544K)->42256K(44544K) Class: 5956K(7680K)->5956K(7680K)
[2023-11-08T18:32:42.947+0100][gc            ] GC(316) Pause Young (Normal) (G1 Evacuation Pause) 431M->238M(1024M) 4,835ms
[2023-11-08T18:32:42.947+0100][gc,cpu        ] GC(316) User=0,05s Sys=0,00s Real=0,01s
[2023-11-08T18:32:43.746+0100][gc,start      ] GC(317) Pause Young (Normal) (G1 Evacuation Pause)
[2023-11-08T18:32:43.746+0100][gc,task       ] GC(317) Using 13 workers of 13 for evacuation
[2023-11-08T18:32:43.764+0100][gc,phases     ] GC(317)   Pre Evacuate Collection Set: 0,0ms
[2023-11-08T18:32:43.764+0100][gc,phases     ] GC(317)   Evacuate Collection Set: 15,6ms
[2023-11-08T18:32:43.764+0100][gc,phases     ] GC(317)   Post Evacuate Collection Set: 1,9ms
[2023-11-08T18:32:43.764+0100][gc,phases     ] GC(317)   Other: 0,3ms
[2023-11-08T18:32:43.764+0100][gc,heap       ] GC(317) Eden regions: 241->0(209)
[2023-11-08T18:32:43.764+0100][gc,heap       ] GC(317) Survivor regions: 8->8(32)
[2023-11-08T18:32:43.764+0100][gc,heap       ] GC(317) Old regions: 104->104
[2023-11-08T18:32:43.764+0100][gc,heap       ] GC(317) Humongous regions: 129->129
[2023-11-08T18:32:43.764+0100][gc,metaspace  ] GC(317) Metaspace: 48212K(52224K)->48212K(52224K) NonClass: 42256K(44544K)->42256K(44544K) Class: 5956K(7680K)->5956K(7680K)
[2023-11-08T18:32:43.764+0100][gc            ] GC(317) Pause Young (Normal) (G1 Evacuation Pause) 479M->239M(1024M) 18,233ms
[2023-11-08T18:32:43.764+0100][gc,cpu        ] GC(317) User=0,18s Sys=0,01s Real=0,02s
[2023-11-08T18:32:44.347+0100][gc,start      ] GC(318) Pause Young (Normal) (G1 Evacuation Pause)
[2023-11-08T18:32:44.347+0100][gc,task       ] GC(318) Using 13 workers of 13 for evacuation
[2023-11-08T18:32:44.365+0100][gc,phases     ] GC(318)   Pre Evacuate Collection Set: 0,0ms
[2023-11-08T18:32:44.365+0100][gc,phases     ] GC(318)   Evacuate Collection Set: 14,9ms
[2023-11-08T18:32:44.365+0100][gc,phases     ] GC(318)   Post Evacuate Collection Set: 2,5ms
[2023-11-08T18:32:44.365+0100][gc,phases     ] GC(318)   Other: 0,4ms
[2023-11-08T18:32:44.365+0100][gc,heap       ] GC(318) Eden regions: 177->0(185)
[2023-11-08T18:32:44.365+0100][gc,heap       ] GC(318) Survivor regions: 8->9(24)
[2023-11-08T18:32:44.365+0100][gc,heap       ] GC(318) Old regions: 104->104
[2023-11-08T18:32:44.365+0100][gc,heap       ] GC(318) Humongous regions: 129->129
[2023-11-08T18:32:44.365+0100][gc,metaspace  ] GC(318) Metaspace: 48212K(52224K)->48212K(52224K) NonClass: 42256K(44544K)->42256K(44544K) Class: 5956K(7680K)->5956K(7680K)
[2023-11-08T18:32:44.365+0100][gc            ] GC(318) Pause Young (Normal) (G1 Evacuation Pause) 416M->240M(1024M) 18,391ms
[2023-11-08T18:32:44.365+0100][gc,cpu        ] GC(318) User=0,16s Sys=0,03s Real=0,02s
[2023-11-08T18:32:44.649+0100][gc,start      ] GC(319) Pause Young (Normal) (G1 Evacuation Pause)
[2023-11-08T18:32:44.649+0100][gc,task       ] GC(319) Using 13 workers of 13 for evacuation
[2023-11-08T18:32:44.654+0100][gc,phases     ] GC(319)   Pre Evacuate Collection Set: 0,0ms
[2023-11-08T18:32:44.654+0100][gc,phases     ] GC(319)   Evacuate Collection Set: 3,7ms
[2023-11-08T18:32:44.654+0100][gc,phases     ] GC(319)   Post Evacuate Collection Set: 0,5ms
[2023-11-08T18:32:44.654+0100][gc,phases     ] GC(319)   Other: 0,2ms
[2023-11-08T18:32:44.654+0100][gc,heap       ] GC(319) Eden regions: 86->0(184)
[2023-11-08T18:32:44.654+0100][gc,heap       ] GC(319) Survivor regions: 9->6(12)
[2023-11-08T18:32:44.654+0100][gc,heap       ] GC(319) Old regions: 104->108
[2023-11-08T18:32:44.654+0100][gc,heap       ] GC(319) Humongous regions: 129->129
[2023-11-08T18:32:44.654+0100][gc,metaspace  ] GC(319) Metaspace: 48212K(52224K)->48212K(52224K) NonClass: 42256K(44544K)->42256K(44544K) Class: 5956K(7680K)->5956K(7680K)
[2023-11-08T18:32:44.654+0100][gc            ] GC(319) Pause Young (Normal) (G1 Evacuation Pause) 326M->240M(1024M) 4,511ms
[2023-11-08T18:32:44.654+0100][gc,cpu        ] GC(319) User=0,05s Sys=0,00s Real=0,00s
[2023-11-08T18:32:45.244+0100][gc,start      ] GC(320) Pause Young (Normal) (G1 Evacuation Pause)
[2023-11-08T18:32:45.244+0100][gc,task       ] GC(320) Using 13 workers of 13 for evacuation
[2023-11-08T18:32:45.247+0100][gc,phases     ] GC(320)   Pre Evacuate Collection Set: 0,0ms
[2023-11-08T18:32:45.247+0100][gc,phases     ] GC(320)   Evacuate Collection Set: 2,4ms
[2023-11-08T18:32:45.247+0100][gc,phases     ] GC(320)   Post Evacuate Collection Set: 0,6ms
[2023-11-08T18:32:45.247+0100][gc,phases     ] GC(320)   Other: 0,2ms
[2023-11-08T18:32:45.247+0100][gc,heap       ] GC(320) Eden regions: 184->0(223)
[2023-11-08T18:32:45.247+0100][gc,heap       ] GC(320) Survivor regions: 6->6(24)
[2023-11-08T18:32:45.247+0100][gc,heap       ] GC(320) Old regions: 108->108
[2023-11-08T18:32:45.247+0100][gc,heap       ] GC(320) Humongous regions: 129->129
[2023-11-08T18:32:45.247+0100][gc,metaspace  ] GC(320) Metaspace: 48212K(52224K)->48212K(52224K) NonClass: 42256K(44544K)->42256K(44544K) Class: 5956K(7680K)->5956K(7680K)
[2023-11-08T18:32:45.247+0100][gc            ] GC(320) Pause Young (Normal) (G1 Evacuation Pause) 424M->241M(1024M) 3,284ms
[2023-11-08T18:32:45.247+0100][gc,cpu        ] GC(320) User=0,02s Sys=0,02s Real=0,00s
[2023-11-08T18:32:45.975+0100][gc,start      ] GC(321) Pause Young (Normal) (G1 Evacuation Pause)
[2023-11-08T18:32:45.975+0100][gc,task       ] GC(321) Using 13 workers of 13 for evacuation
[2023-11-08T18:32:45.978+0100][gc,phases     ] GC(321)   Pre Evacuate Collection Set: 0,0ms
[2023-11-08T18:32:45.978+0100][gc,phases     ] GC(321)   Evacuate Collection Set: 2,8ms
[2023-11-08T18:32:45.978+0100][gc,phases     ] GC(321)   Post Evacuate Collection Set: 0,5ms
[2023-11-08T18:32:45.978+0100][gc,phases     ] GC(321)   Other: 0,2ms
[2023-11-08T18:32:45.978+0100][gc,heap       ] GC(321) Eden regions: 223->0(259)
[2023-11-08T18:32:45.978+0100][gc,heap       ] GC(321) Survivor regions: 6->7(29)
[2023-11-08T18:32:45.978+0100][gc,heap       ] GC(321) Old regions: 108->108
[2023-11-08T18:32:45.978+0100][gc,heap       ] GC(321) Humongous regions: 129->129
[2023-11-08T18:32:45.978+0100][gc,metaspace  ] GC(321) Metaspace: 48212K(52224K)->48212K(52224K) NonClass: 42256K(44544K)->42256K(44544K) Class: 5956K(7680K)->5956K(7680K)
[2023-11-08T18:32:45.979+0100][gc            ] GC(321) Pause Young (Normal) (G1 Evacuation Pause) 464M->241M(1024M) 3,601ms
[2023-11-08T18:32:45.979+0100][gc,cpu        ] GC(321) User=0,02s Sys=0,01s Real=0,00s
[2023-11-08T18:32:46.812+0100][gc,start      ] GC(322) Pause Young (Normal) (G1 Evacuation Pause)
[2023-11-08T18:32:46.812+0100][gc,task       ] GC(322) Using 13 workers of 13 for evacuation
[2023-11-08T18:32:46.817+0100][gc,phases     ] GC(322)   Pre Evacuate Collection Set: 0,0ms
[2023-11-08T18:32:46.817+0100][gc,phases     ] GC(322)   Evacuate Collection Set: 3,9ms
[2023-11-08T18:32:46.817+0100][gc,phases     ] GC(322)   Post Evacuate Collection Set: 0,6ms
[2023-11-08T18:32:46.817+0100][gc,phases     ] GC(322)   Other: 0,3ms
[2023-11-08T18:32:46.817+0100][gc,heap       ] GC(322) Eden regions: 259->0(307)
[2023-11-08T18:32:46.817+0100][gc,heap       ] GC(322) Survivor regions: 7->8(34)
[2023-11-08T18:32:46.817+0100][gc,heap       ] GC(322) Old regions: 108->108
[2023-11-08T18:32:46.817+0100][gc,heap       ] GC(322) Humongous regions: 129->129
[2023-11-08T18:32:46.817+0100][gc,metaspace  ] GC(322) Metaspace: 48212K(52224K)->48212K(52224K) NonClass: 42256K(44544K)->42256K(44544K) Class: 5956K(7680K)->5956K(7680K)
[2023-11-08T18:32:46.817+0100][gc            ] GC(322) Pause Young (Normal) (G1 Evacuation Pause) 500M->242M(1024M) 4,882ms
[2023-11-08T18:32:46.817+0100][gc,cpu        ] GC(322) User=0,04s Sys=0,00s Real=0,01s
[2023-11-08T18:32:47.812+0100][gc,start      ] GC(323) Pause Young (Normal) (G1 Evacuation Pause)
[2023-11-08T18:32:47.812+0100][gc,task       ] GC(323) Using 13 workers of 13 for evacuation
[2023-11-08T18:32:47.818+0100][gc,phases     ] GC(323)   Pre Evacuate Collection Set: 0,0ms
[2023-11-08T18:32:47.818+0100][gc,phases     ] GC(323)   Evacuate Collection Set: 4,6ms
[2023-11-08T18:32:47.818+0100][gc,phases     ] GC(323)   Post Evacuate Collection Set: 0,5ms
[2023-11-08T18:32:47.818+0100][gc,phases     ] GC(323)   Other: 0,2ms
[2023-11-08T18:32:47.818+0100][gc,heap       ] GC(323) Eden regions: 307->0(371)
[2023-11-08T18:32:47.818+0100][gc,heap       ] GC(323) Survivor regions: 8->9(40)
[2023-11-08T18:32:47.818+0100][gc,heap       ] GC(323) Old regions: 108->108
[2023-11-08T18:32:47.818+0100][gc,heap       ] GC(323) Humongous regions: 129->129
[2023-11-08T18:32:47.818+0100][gc,metaspace  ] GC(323) Metaspace: 48212K(52224K)->48212K(52224K) NonClass: 42256K(44544K)->42256K(44544K) Class: 5956K(7680K)->5956K(7680K)
[2023-11-08T18:32:47.818+0100][gc            ] GC(323) Pause Young (Normal) (G1 Evacuation Pause) 549M->243M(1024M) 5,350ms
[2023-11-08T18:32:47.818+0100][gc,cpu        ] GC(323) User=0,06s Sys=0,00s Real=0,01s
[2023-11-08T18:32:49.061+0100][gc,start      ] GC(324) Pause Young (Normal) (G1 Evacuation Pause)
[2023-11-08T18:32:49.061+0100][gc,task       ] GC(324) Using 13 workers of 13 for evacuation
[2023-11-08T18:32:49.066+0100][gc,phases     ] GC(324)   Pre Evacuate Collection Set: 0,0ms
[2023-11-08T18:32:49.066+0100][gc,phases     ] GC(324)   Evacuate Collection Set: 4,1ms
[2023-11-08T18:32:49.066+0100][gc,phases     ] GC(324)   Post Evacuate Collection Set: 0,6ms
[2023-11-08T18:32:49.066+0100][gc,phases     ] GC(324)   Other: 0,2ms
[2023-11-08T18:32:49.066+0100][gc,heap       ] GC(324) Eden regions: 371->0(469)
[2023-11-08T18:32:49.066+0100][gc,heap       ] GC(324) Survivor regions: 9->10(48)
[2023-11-08T18:32:49.066+0100][gc,heap       ] GC(324) Old regions: 108->108
[2023-11-08T18:32:49.066+0100][gc,heap       ] GC(324) Humongous regions: 129->129
[2023-11-08T18:32:49.066+0100][gc,metaspace  ] GC(324) Metaspace: 48212K(52224K)->48212K(52224K) NonClass: 42256K(44544K)->42256K(44544K) Class: 5956K(7680K)->5956K(7680K)
[2023-11-08T18:32:49.066+0100][gc            ] GC(324) Pause Young (Normal) (G1 Evacuation Pause) 614M->244M(1024M) 5,005ms
[2023-11-08T18:32:49.066+0100][gc,cpu        ] GC(324) User=0,04s Sys=0,01s Real=0,01s
[2023-11-08T18:32:50.784+0100][gc,start      ] GC(325) Pause Young (Normal) (G1 Evacuation Pause)
[2023-11-08T18:32:50.784+0100][gc,task       ] GC(325) Using 13 workers of 13 for evacuation
[2023-11-08T18:32:50.804+0100][gc,mmu        ] GC(325) MMU target violated: 20,2ms (20,0ms/21,0ms)
[2023-11-08T18:32:50.804+0100][gc,phases     ] GC(325)   Pre Evacuate Collection Set: 0,0ms
[2023-11-08T18:32:50.804+0100][gc,phases     ] GC(325)   Evacuate Collection Set: 18,8ms
[2023-11-08T18:32:50.804+0100][gc,phases     ] GC(325)   Post Evacuate Collection Set: 1,2ms
[2023-11-08T18:32:50.804+0100][gc,phases     ] GC(325)   Other: 0,4ms
[2023-11-08T18:32:50.804+0100][gc,heap       ] GC(325) Eden regions: 469->0(298)
[2023-11-08T18:32:50.804+0100][gc,heap       ] GC(325) Survivor regions: 10->11(60)
[2023-11-08T18:32:50.804+0100][gc,heap       ] GC(325) Old regions: 108->108
[2023-11-08T18:32:50.804+0100][gc,heap       ] GC(325) Humongous regions: 129->129
[2023-11-08T18:32:50.804+0100][gc,metaspace  ] GC(325) Metaspace: 48212K(52224K)->48212K(52224K) NonClass: 42256K(44544K)->42256K(44544K) Class: 5956K(7680K)->5956K(7680K)
[2023-11-08T18:32:50.804+0100][gc            ] GC(325) Pause Young (Normal) (G1 Evacuation Pause) 713M->246M(1024M) 20,672ms
[2023-11-08T18:32:50.804+0100][gc,cpu        ] GC(325) User=0,23s Sys=0,00s Real=0,02s
[2023-11-08T18:32:51.786+0100][gc,start      ] GC(326) Pause Young (Normal) (G1 Evacuation Pause)
[2023-11-08T18:32:51.786+0100][gc,task       ] GC(326) Using 13 workers of 13 for evacuation
[2023-11-08T18:32:51.805+0100][gc,phases     ] GC(326)   Pre Evacuate Collection Set: 0,0ms
[2023-11-08T18:32:51.805+0100][gc,phases     ] GC(326)   Evacuate Collection Set: 17,9ms
[2023-11-08T18:32:51.805+0100][gc,phases     ] GC(326)   Post Evacuate Collection Set: 1,0ms
[2023-11-08T18:32:51.806+0100][gc,phases     ] GC(326)   Other: 0,3ms
[2023-11-08T18:32:51.806+0100][gc,heap       ] GC(326) Eden regions: 298->0(268)
[2023-11-08T18:32:51.806+0100][gc,heap       ] GC(326) Survivor regions: 11->12(39)
[2023-11-08T18:32:51.806+0100][gc,heap       ] GC(326) Old regions: 108->109
[2023-11-08T18:32:51.806+0100][gc,heap       ] GC(326) Humongous regions: 129->129
[2023-11-08T18:32:51.806+0100][gc,metaspace  ] GC(326) Metaspace: 48212K(52224K)->48212K(52224K) NonClass: 42256K(44544K)->42256K(44544K) Class: 5956K(7680K)->5956K(7680K)
[2023-11-08T18:32:51.806+0100][gc            ] GC(326) Pause Young (Normal) (G1 Evacuation Pause) 544M->247M(1024M) 19,432ms
[2023-11-08T18:32:51.806+0100][gc,cpu        ] GC(326) User=0,23s Sys=0,00s Real=0,02s
[2023-11-08T18:32:52.560+0100][gc,start      ] GC(327) Pause Young (Normal) (G1 Evacuation Pause)
[2023-11-08T18:32:52.560+0100][gc,task       ] GC(327) Using 13 workers of 13 for evacuation
[2023-11-08T18:32:52.581+0100][gc,mmu        ] GC(327) MMU target violated: 20,4ms (20,0ms/21,0ms)
[2023-11-08T18:32:52.581+0100][gc,phases     ] GC(327)   Pre Evacuate Collection Set: 0,0ms
[2023-11-08T18:32:52.581+0100][gc,phases     ] GC(327)   Evacuate Collection Set: 19,3ms
[2023-11-08T18:32:52.581+0100][gc,phases     ] GC(327)   Post Evacuate Collection Set: 1,0ms
[2023-11-08T18:32:52.581+0100][gc,phases     ] GC(327)   Other: 0,4ms
[2023-11-08T18:32:52.581+0100][gc,heap       ] GC(327) Eden regions: 219->0(226)
[2023-11-08T18:32:52.581+0100][gc,heap       ] GC(327) Survivor regions: 12->12(29)
[2023-11-08T18:32:52.581+0100][gc,heap       ] GC(327) Old regions: 109->109
[2023-11-08T18:32:52.581+0100][gc,heap       ] GC(327) Humongous regions: 129->129
[2023-11-08T18:32:52.581+0100][gc,metaspace  ] GC(327) Metaspace: 48212K(52224K)->48212K(52224K) NonClass: 42256K(44544K)->42256K(44544K) Class: 5956K(7680K)->5956K(7680K)
[2023-11-08T18:32:52.581+0100][gc            ] GC(327) Pause Young (Normal) (G1 Evacuation Pause) 466M->248M(1024M) 20,847ms
[2023-11-08T18:32:52.581+0100][gc,cpu        ] GC(327) User=0,24s Sys=0,00s Real=0,02s
[2023-11-08T18:32:52.752+0100][gc,start      ] GC(328) Pause Young (Normal) (G1 Evacuation Pause)
[2023-11-08T18:32:52.752+0100][gc,task       ] GC(328) Using 13 workers of 13 for evacuation
[2023-11-08T18:32:52.757+0100][gc,phases     ] GC(328)   Pre Evacuate Collection Set: 0,0ms
[2023-11-08T18:32:52.757+0100][gc,phases     ] GC(328)   Evacuate Collection Set: 4,3ms
[2023-11-08T18:32:52.757+0100][gc,phases     ] GC(328)   Post Evacuate Collection Set: 0,4ms
[2023-11-08T18:32:52.757+0100][gc,phases     ] GC(328)   Other: 0,2ms
[2023-11-08T18:32:52.757+0100][gc,heap       ] GC(328) Eden regions: 56->0(223)
[2023-11-08T18:32:52.757+0100][gc,heap       ] GC(328) Survivor regions: 12->6(9)
[2023-11-08T18:32:52.757+0100][gc,heap       ] GC(328) Old regions: 109->116
[2023-11-08T18:32:52.757+0100][gc,heap       ] GC(328) Humongous regions: 129->129
[2023-11-08T18:32:52.757+0100][gc,metaspace  ] GC(328) Metaspace: 48212K(52224K)->48212K(52224K) NonClass: 42256K(44544K)->42256K(44544K) Class: 5956K(7680K)->5956K(7680K)
[2023-11-08T18:32:52.757+0100][gc            ] GC(328) Pause Young (Normal) (G1 Evacuation Pause) 304M->248M(1024M) 5,009ms
[2023-11-08T18:32:52.757+0100][gc,cpu        ] GC(328) User=0,05s Sys=0,01s Real=0,01s
[2023-11-08T18:32:53.466+0100][gc,start      ] GC(329) Pause Young (Normal) (G1 Evacuation Pause)
[2023-11-08T18:32:53.466+0100][gc,task       ] GC(329) Using 13 workers of 13 for evacuation
[2023-11-08T18:32:53.479+0100][gc,phases     ] GC(329)   Pre Evacuate Collection Set: 0,0ms
[2023-11-08T18:32:53.480+0100][gc,phases     ] GC(329)   Evacuate Collection Set: 10,5ms
[2023-11-08T18:32:53.480+0100][gc,phases     ] GC(329)   Post Evacuate Collection Set: 2,4ms
[2023-11-08T18:32:53.480+0100][gc,phases     ] GC(329)   Other: 0,4ms
[2023-11-08T18:32:53.480+0100][gc,heap       ] GC(329) Eden regions: 223->0(167)
[2023-11-08T18:32:53.480+0100][gc,heap       ] GC(329) Survivor regions: 6->6(29)
[2023-11-08T18:32:53.480+0100][gc,heap       ] GC(329) Old regions: 116->116
[2023-11-08T18:32:53.480+0100][gc,heap       ] GC(329) Humongous regions: 129->129
[2023-11-08T18:32:53.480+0100][gc,metaspace  ] GC(329) Metaspace: 48212K(52224K)->48212K(52224K) NonClass: 42256K(44544K)->42256K(44544K) Class: 5956K(7680K)->5956K(7680K)
[2023-11-08T18:32:53.480+0100][gc            ] GC(329) Pause Young (Normal) (G1 Evacuation Pause) 471M->248M(1024M) 13,985ms
[2023-11-08T18:32:53.480+0100][gc,cpu        ] GC(329) User=0,14s Sys=0,00s Real=0,01s
[2023-11-08T18:32:54.053+0100][gc,start      ] GC(330) Pause Young (Normal) (G1 Evacuation Pause)
[2023-11-08T18:32:54.053+0100][gc,task       ] GC(330) Using 13 workers of 13 for evacuation
[2023-11-08T18:32:54.057+0100][gc,phases     ] GC(330)   Pre Evacuate Collection Set: 0,0ms
[2023-11-08T18:32:54.057+0100][gc,phases     ] GC(330)   Evacuate Collection Set: 3,2ms
[2023-11-08T18:32:54.057+0100][gc,phases     ] GC(330)   Post Evacuate Collection Set: 0,5ms
[2023-11-08T18:32:54.057+0100][gc,phases     ] GC(330)   Other: 0,2ms
[2023-11-08T18:32:54.057+0100][gc,heap       ] GC(330) Eden regions: 167->0(218)
[2023-11-08T18:32:54.057+0100][gc,heap       ] GC(330) Survivor regions: 6->6(22)
[2023-11-08T18:32:54.057+0100][gc,heap       ] GC(330) Old regions: 116->116
[2023-11-08T18:32:54.057+0100][gc,heap       ] GC(330) Humongous regions: 129->129
[2023-11-08T18:32:54.057+0100][gc,metaspace  ] GC(330) Metaspace: 48212K(52224K)->48212K(52224K) NonClass: 42256K(44544K)->42256K(44544K) Class: 5956K(7680K)->5956K(7680K)
[2023-11-08T18:32:54.057+0100][gc            ] GC(330) Pause Young (Normal) (G1 Evacuation Pause) 415M->249M(1024M) 3,934ms
[2023-11-08T18:32:54.057+0100][gc,cpu        ] GC(330) User=0,03s Sys=0,00s Real=0,01s
[2023-11-08T18:32:54.776+0100][gc,start      ] GC(331) Pause Young (Normal) (G1 Evacuation Pause)
[2023-11-08T18:32:54.776+0100][gc,task       ] GC(331) Using 13 workers of 13 for evacuation
[2023-11-08T18:32:54.780+0100][gc,phases     ] GC(331)   Pre Evacuate Collection Set: 0,0ms
[2023-11-08T18:32:54.780+0100][gc,phases     ] GC(331)   Evacuate Collection Set: 2,9ms
[2023-11-08T18:32:54.780+0100][gc,phases     ] GC(331)   Post Evacuate Collection Set: 0,6ms
[2023-11-08T18:32:54.780+0100][gc,phases     ] GC(331)   Other: 0,3ms
[2023-11-08T18:32:54.780+0100][gc,heap       ] GC(331) Eden regions: 218->0(240)
[2023-11-08T18:32:54.780+0100][gc,heap       ] GC(331) Survivor regions: 6->8(28)
[2023-11-08T18:32:54.780+0100][gc,heap       ] GC(331) Old regions: 116->116
[2023-11-08T18:32:54.780+0100][gc,heap       ] GC(331) Humongous regions: 129->129
[2023-11-08T18:32:54.780+0100][gc,metaspace  ] GC(331) Metaspace: 48212K(52224K)->48212K(52224K) NonClass: 42256K(44544K)->42256K(44544K) Class: 5956K(7680K)->5956K(7680K)
[2023-11-08T18:32:54.780+0100][gc            ] GC(331) Pause Young (Normal) (G1 Evacuation Pause) 467M->250M(1024M) 3,932ms
[2023-11-08T18:32:54.780+0100][gc,cpu        ] GC(331) User=0,03s Sys=0,00s Real=0,00s
[2023-11-08T18:32:55.526+0100][gc,start      ] GC(332) Pause Young (Normal) (G1 Evacuation Pause)
[2023-11-08T18:32:55.526+0100][gc,task       ] GC(332) Using 13 workers of 13 for evacuation
[2023-11-08T18:32:55.541+0100][gc,phases     ] GC(332)   Pre Evacuate Collection Set: 0,0ms
[2023-11-08T18:32:55.541+0100][gc,phases     ] GC(332)   Evacuate Collection Set: 11,7ms
[2023-11-08T18:32:55.541+0100][gc,phases     ] GC(332)   Post Evacuate Collection Set: 2,5ms
[2023-11-08T18:32:55.541+0100][gc,phases     ] GC(332)   Other: 0,4ms
[2023-11-08T18:32:55.541+0100][gc,heap       ] GC(332) Eden regions: 240->0(231)
[2023-11-08T18:32:55.541+0100][gc,heap       ] GC(332) Survivor regions: 8->8(31)
[2023-11-08T18:32:55.541+0100][gc,heap       ] GC(332) Old regions: 116->116
[2023-11-08T18:32:55.541+0100][gc,heap       ] GC(332) Humongous regions: 129->129
[2023-11-08T18:32:55.541+0100][gc,metaspace  ] GC(332) Metaspace: 48212K(52224K)->48212K(52224K) NonClass: 42256K(44544K)->42256K(44544K) Class: 5956K(7680K)->5956K(7680K)
[2023-11-08T18:32:55.542+0100][gc            ] GC(332) Pause Young (Normal) (G1 Evacuation Pause) 490M->250M(1024M) 15,383ms
[2023-11-08T18:32:55.542+0100][gc,cpu        ] GC(332) User=0,16s Sys=0,00s Real=0,01s
[2023-11-08T18:32:56.313+0100][gc,start      ] GC(333) Pause Young (Normal) (G1 Evacuation Pause)
[2023-11-08T18:32:56.313+0100][gc,task       ] GC(333) Using 13 workers of 13 for evacuation
[2023-11-08T18:32:56.329+0100][gc,phases     ] GC(333)   Pre Evacuate Collection Set: 0,0ms
[2023-11-08T18:32:56.330+0100][gc,phases     ] GC(333)   Evacuate Collection Set: 13,6ms
[2023-11-08T18:32:56.330+0100][gc,phases     ] GC(333)   Post Evacuate Collection Set: 2,5ms
[2023-11-08T18:32:56.330+0100][gc,phases     ] GC(333)   Other: 0,4ms
[2023-11-08T18:32:56.330+0100][gc,heap       ] GC(333) Eden regions: 231->0(226)
[2023-11-08T18:32:56.330+0100][gc,heap       ] GC(333) Survivor regions: 8->9(30)
[2023-11-08T18:32:56.330+0100][gc,heap       ] GC(333) Old regions: 116->116
[2023-11-08T18:32:56.330+0100][gc,heap       ] GC(333) Humongous regions: 129->129
[2023-11-08T18:32:56.330+0100][gc,metaspace  ] GC(333) Metaspace: 48212K(52224K)->48212K(52224K) NonClass: 42256K(44544K)->42256K(44544K) Class: 5956K(7680K)->5956K(7680K)
[2023-11-08T18:32:56.330+0100][gc            ] GC(333) Pause Young (Normal) (G1 Evacuation Pause) 481M->251M(1024M) 17,085ms
[2023-11-08T18:32:56.330+0100][gc,cpu        ] GC(333) User=0,17s Sys=0,01s Real=0,02s
[2023-11-08T18:32:56.489+0100][gc,start      ] GC(334) Pause Young (Normal) (G1 Evacuation Pause)
[2023-11-08T18:32:56.489+0100][gc,task       ] GC(334) Using 13 workers of 13 for evacuation
[2023-11-08T18:32:56.493+0100][gc,phases     ] GC(334)   Pre Evacuate Collection Set: 0,0ms
[2023-11-08T18:32:56.493+0100][gc,phases     ] GC(334)   Evacuate Collection Set: 3,5ms
[2023-11-08T18:32:56.493+0100][gc,phases     ] GC(334)   Post Evacuate Collection Set: 0,4ms
[2023-11-08T18:32:56.493+0100][gc,phases     ] GC(334)   Other: 0,2ms
[2023-11-08T18:32:56.494+0100][gc,heap       ] GC(334) Eden regions: 42->0(246)
[2023-11-08T18:32:56.494+0100][gc,heap       ] GC(334) Survivor regions: 9->5(7)
[2023-11-08T18:32:56.494+0100][gc,heap       ] GC(334) Old regions: 116->120
[2023-11-08T18:32:56.494+0100][gc,heap       ] GC(334) Humongous regions: 129->129
[2023-11-08T18:32:56.494+0100][gc,metaspace  ] GC(334) Metaspace: 48212K(52224K)->48212K(52224K) NonClass: 42256K(44544K)->42256K(44544K) Class: 5956K(7680K)->5956K(7680K)
[2023-11-08T18:32:56.494+0100][gc            ] GC(334) Pause Young (Normal) (G1 Evacuation Pause) 293M->251M(1024M) 4,239ms
[2023-11-08T18:32:56.494+0100][gc,cpu        ] GC(334) User=0,04s Sys=0,00s Real=0,00s
[2023-11-08T18:32:57.272+0100][gc,start      ] GC(335) Pause Young (Normal) (G1 Evacuation Pause)
[2023-11-08T18:32:57.272+0100][gc,task       ] GC(335) Using 13 workers of 13 for evacuation
[2023-11-08T18:32:57.282+0100][gc,phases     ] GC(335)   Pre Evacuate Collection Set: 0,0ms
[2023-11-08T18:32:57.282+0100][gc,phases     ] GC(335)   Evacuate Collection Set: 7,5ms
[2023-11-08T18:32:57.282+0100][gc,phases     ] GC(335)   Post Evacuate Collection Set: 2,4ms
[2023-11-08T18:32:57.282+0100][gc,phases     ] GC(335)   Other: 0,4ms
[2023-11-08T18:32:57.282+0100][gc,heap       ] GC(335) Eden regions: 246->0(194)
[2023-11-08T18:32:57.282+0100][gc,heap       ] GC(335) Survivor regions: 5->5(32)
[2023-11-08T18:32:57.282+0100][gc,heap       ] GC(335) Old regions: 120->120
[2023-11-08T18:32:57.283+0100][gc,heap       ] GC(335) Humongous regions: 129->129
[2023-11-08T18:32:57.283+0100][gc,metaspace  ] GC(335) Metaspace: 48212K(52224K)->48212K(52224K) NonClass: 42256K(44544K)->42256K(44544K) Class: 5956K(7680K)->5956K(7680K)
[2023-11-08T18:32:57.283+0100][gc            ] GC(335) Pause Young (Normal) (G1 Evacuation Pause) 497M->252M(1024M) 11,173ms
[2023-11-08T18:32:57.283+0100][gc,cpu        ] GC(335) User=0,08s Sys=0,02s Real=0,02s
[2023-11-08T18:32:57.990+0100][gc,start      ] GC(336) Pause Young (Normal) (G1 Evacuation Pause)
[2023-11-08T18:32:57.990+0100][gc,task       ] GC(336) Using 13 workers of 13 for evacuation
[2023-11-08T18:32:57.994+0100][gc,phases     ] GC(336)   Pre Evacuate Collection Set: 0,0ms
[2023-11-08T18:32:57.994+0100][gc,phases     ] GC(336)   Evacuate Collection Set: 2,4ms
[2023-11-08T18:32:57.994+0100][gc,phases     ] GC(336)   Post Evacuate Collection Set: 0,6ms
[2023-11-08T18:32:57.994+0100][gc,phases     ] GC(336)   Other: 0,2ms
[2023-11-08T18:32:57.994+0100][gc,heap       ] GC(336) Eden regions: 194->0(246)
[2023-11-08T18:32:57.994+0100][gc,heap       ] GC(336) Survivor regions: 5->6(25)
[2023-11-08T18:32:57.994+0100][gc,heap       ] GC(336) Old regions: 120->120
[2023-11-08T18:32:57.994+0100][gc,heap       ] GC(336) Humongous regions: 129->129
[2023-11-08T18:32:57.994+0100][gc,metaspace  ] GC(336) Metaspace: 48212K(52224K)->48212K(52224K) NonClass: 42256K(44544K)->42256K(44544K) Class: 5956K(7680K)->5956K(7680K)
[2023-11-08T18:32:57.994+0100][gc            ] GC(336) Pause Young (Normal) (G1 Evacuation Pause) 446M->252M(1024M) 3,341ms
[2023-11-08T18:32:57.994+0100][gc,cpu        ] GC(336) User=0,03s Sys=0,00s Real=0,00s
[2023-11-08T18:32:58.828+0100][gc,start      ] GC(337) Pause Young (Normal) (G1 Evacuation Pause)
[2023-11-08T18:32:58.828+0100][gc,task       ] GC(337) Using 13 workers of 13 for evacuation
[2023-11-08T18:32:58.831+0100][gc,phases     ] GC(337)   Pre Evacuate Collection Set: 0,0ms
[2023-11-08T18:32:58.831+0100][gc,phases     ] GC(337)   Evacuate Collection Set: 2,3ms
[2023-11-08T18:32:58.831+0100][gc,phases     ] GC(337)   Post Evacuate Collection Set: 0,6ms
[2023-11-08T18:32:58.831+0100][gc,phases     ] GC(337)   Other: 0,3ms
[2023-11-08T18:32:58.831+0100][gc,heap       ] GC(337) Eden regions: 246->0(334)
[2023-11-08T18:32:58.831+0100][gc,heap       ] GC(337) Survivor regions: 6->2(32)
[2023-11-08T18:32:58.831+0100][gc,heap       ] GC(337) Old regions: 120->120
[2023-11-08T18:32:58.831+0100][gc,heap       ] GC(337) Humongous regions: 129->129
[2023-11-08T18:32:58.831+0100][gc,metaspace  ] GC(337) Metaspace: 48212K(52224K)->48212K(52224K) NonClass: 42256K(44544K)->42256K(44544K) Class: 5956K(7680K)->5956K(7680K)
[2023-11-08T18:32:58.831+0100][gc            ] GC(337) Pause Young (Normal) (G1 Evacuation Pause) 498M->249M(1024M) 3,365ms
[2023-11-08T18:32:58.831+0100][gc,cpu        ] GC(337) User=0,01s Sys=0,02s Real=0,00s
[2023-11-08T18:32:59.940+0100][gc,start      ] GC(338) Pause Young (Normal) (G1 Evacuation Pause)
[2023-11-08T18:32:59.940+0100][gc,task       ] GC(338) Using 13 workers of 13 for evacuation
[2023-11-08T18:32:59.943+0100][gc,phases     ] GC(338)   Pre Evacuate Collection Set: 0,0ms
[2023-11-08T18:32:59.943+0100][gc,phases     ] GC(338)   Evacuate Collection Set: 2,5ms
[2023-11-08T18:32:59.943+0100][gc,phases     ] GC(338)   Post Evacuate Collection Set: 0,5ms
[2023-11-08T18:32:59.943+0100][gc,phases     ] GC(338)   Other: 0,2ms
[2023-11-08T18:32:59.943+0100][gc,heap       ] GC(338) Eden regions: 334->0(373)
[2023-11-08T18:32:59.943+0100][gc,heap       ] GC(338) Survivor regions: 2->3(42)
[2023-11-08T18:32:59.943+0100][gc,heap       ] GC(338) Old regions: 120->120
[2023-11-08T18:32:59.943+0100][gc,heap       ] GC(338) Humongous regions: 129->129
[2023-11-08T18:32:59.943+0100][gc,metaspace  ] GC(338) Metaspace: 48212K(52224K)->48212K(52224K) NonClass: 42256K(44544K)->42256K(44544K) Class: 5956K(7680K)->5956K(7680K)
[2023-11-08T18:32:59.943+0100][gc            ] GC(338) Pause Young (Normal) (G1 Evacuation Pause) 583M->250M(1024M) 3,336ms
[2023-11-08T18:32:59.943+0100][gc,cpu        ] GC(338) User=0,01s Sys=0,02s Real=0,01s
[2023-11-08T18:33:01.149+0100][gc,start      ] GC(339) Pause Young (Normal) (G1 Evacuation Pause)
[2023-11-08T18:33:01.149+0100][gc,task       ] GC(339) Using 13 workers of 13 for evacuation
[2023-11-08T18:33:01.153+0100][gc,phases     ] GC(339)   Pre Evacuate Collection Set: 0,0ms
[2023-11-08T18:33:01.153+0100][gc,phases     ] GC(339)   Evacuate Collection Set: 3,7ms
[2023-11-08T18:33:01.153+0100][gc,phases     ] GC(339)   Post Evacuate Collection Set: 0,6ms
[2023-11-08T18:33:01.154+0100][gc,phases     ] GC(339)   Other: 0,2ms
[2023-11-08T18:33:01.154+0100][gc,heap       ] GC(339) Eden regions: 373->0(396)
[2023-11-08T18:33:01.154+0100][gc,heap       ] GC(339) Survivor regions: 3->4(47)
[2023-11-08T18:33:01.154+0100][gc,heap       ] GC(339) Old regions: 120->120
[2023-11-08T18:33:01.154+0100][gc,heap       ] GC(339) Humongous regions: 129->129
[2023-11-08T18:33:01.154+0100][gc,metaspace  ] GC(339) Metaspace: 48212K(52224K)->48212K(52224K) NonClass: 42256K(44544K)->42256K(44544K) Class: 5956K(7680K)->5956K(7680K)
[2023-11-08T18:33:01.154+0100][gc            ] GC(339) Pause Young (Normal) (G1 Evacuation Pause) 623M->251M(1024M) 4,742ms
[2023-11-08T18:33:01.154+0100][gc,cpu        ] GC(339) User=0,04s Sys=0,00s Real=0,00s
[2023-11-08T18:33:02.608+0100][gc,start      ] GC(340) Pause Young (Normal) (G1 Evacuation Pause)
[2023-11-08T18:33:02.608+0100][gc,task       ] GC(340) Using 13 workers of 13 for evacuation
[2023-11-08T18:33:02.612+0100][gc,phases     ] GC(340)   Pre Evacuate Collection Set: 0,0ms
[2023-11-08T18:33:02.612+0100][gc,phases     ] GC(340)   Evacuate Collection Set: 3,6ms
[2023-11-08T18:33:02.612+0100][gc,phases     ] GC(340)   Post Evacuate Collection Set: 0,6ms
[2023-11-08T18:33:02.612+0100][gc,phases     ] GC(340)   Other: 0,3ms
[2023-11-08T18:33:02.612+0100][gc,heap       ] GC(340) Eden regions: 396->0(418)
[2023-11-08T18:33:02.612+0100][gc,heap       ] GC(340) Survivor regions: 4->6(50)
[2023-11-08T18:33:02.612+0100][gc,heap       ] GC(340) Old regions: 120->120
[2023-11-08T18:33:02.612+0100][gc,heap       ] GC(340) Humongous regions: 129->129
[2023-11-08T18:33:02.612+0100][gc,metaspace  ] GC(340) Metaspace: 48212K(52224K)->48212K(52224K) NonClass: 42256K(44544K)->42256K(44544K) Class: 5956K(7680K)->5956K(7680K)
[2023-11-08T18:33:02.612+0100][gc            ] GC(340) Pause Young (Normal) (G1 Evacuation Pause) 647M->253M(1024M) 4,719ms
[2023-11-08T18:33:02.612+0100][gc,cpu        ] GC(340) User=0,03s Sys=0,00s Real=0,00s
[2023-11-08T18:33:04.139+0100][gc,start      ] GC(341) Pause Young (Normal) (G1 Evacuation Pause)
[2023-11-08T18:33:04.139+0100][gc,task       ] GC(341) Using 13 workers of 13 for evacuation
[2023-11-08T18:33:04.144+0100][gc,phases     ] GC(341)   Pre Evacuate Collection Set: 0,0ms
[2023-11-08T18:33:04.144+0100][gc,phases     ] GC(341)   Evacuate Collection Set: 3,9ms
[2023-11-08T18:33:04.144+0100][gc,phases     ] GC(341)   Post Evacuate Collection Set: 0,6ms
[2023-11-08T18:33:04.144+0100][gc,phases     ] GC(341)   Other: 0,3ms
[2023-11-08T18:33:04.144+0100][gc,heap       ] GC(341) Eden regions: 418->0(441)
[2023-11-08T18:33:04.144+0100][gc,heap       ] GC(341) Survivor regions: 6->7(53)
[2023-11-08T18:33:04.144+0100][gc,heap       ] GC(341) Old regions: 120->120
[2023-11-08T18:33:04.144+0100][gc,heap       ] GC(341) Humongous regions: 129->129
[2023-11-08T18:33:04.144+0100][gc,metaspace  ] GC(341) Metaspace: 48212K(52224K)->48212K(52224K) NonClass: 42256K(44544K)->42256K(44544K) Class: 5956K(7680K)->5956K(7680K)
[2023-11-08T18:33:04.144+0100][gc            ] GC(341) Pause Young (Normal) (G1 Evacuation Pause) 671M->254M(1024M) 4,896ms
[2023-11-08T18:33:04.144+0100][gc,cpu        ] GC(341) User=0,01s Sys=0,04s Real=0,01s
[2023-11-08T18:33:05.722+0100][gc,start      ] GC(342) Pause Young (Normal) (G1 Evacuation Pause)
[2023-11-08T18:33:05.722+0100][gc,task       ] GC(342) Using 13 workers of 13 for evacuation
[2023-11-08T18:33:05.740+0100][gc,phases     ] GC(342)   Pre Evacuate Collection Set: 0,0ms
[2023-11-08T18:33:05.741+0100][gc,phases     ] GC(342)   Evacuate Collection Set: 17,1ms
[2023-11-08T18:33:05.741+0100][gc,phases     ] GC(342)   Post Evacuate Collection Set: 1,3ms
[2023-11-08T18:33:05.741+0100][gc,phases     ] GC(342)   Other: 0,3ms
[2023-11-08T18:33:05.741+0100][gc,heap       ] GC(342) Eden regions: 441->0(388)
[2023-11-08T18:33:05.741+0100][gc,heap       ] GC(342) Survivor regions: 7->9(56)
[2023-11-08T18:33:05.741+0100][gc,heap       ] GC(342) Old regions: 120->120
[2023-11-08T18:33:05.741+0100][gc,heap       ] GC(342) Humongous regions: 129->129
[2023-11-08T18:33:05.741+0100][gc,metaspace  ] GC(342) Metaspace: 48212K(52224K)->48212K(52224K) NonClass: 42256K(44544K)->42256K(44544K) Class: 5956K(7680K)->5956K(7680K)
[2023-11-08T18:33:05.741+0100][gc            ] GC(342) Pause Young (Normal) (G1 Evacuation Pause) 695M->256M(1024M) 18,982ms
[2023-11-08T18:33:05.741+0100][gc,cpu        ] GC(342) User=0,19s Sys=0,04s Real=0,02s
[2023-11-08T18:33:07.154+0100][gc,start      ] GC(343) Pause Young (Normal) (G1 Evacuation Pause)
[2023-11-08T18:33:07.154+0100][gc,task       ] GC(343) Using 13 workers of 13 for evacuation
[2023-11-08T18:33:07.174+0100][gc,phases     ] GC(343)   Pre Evacuate Collection Set: 0,0ms
[2023-11-08T18:33:07.174+0100][gc,phases     ] GC(343)   Evacuate Collection Set: 17,7ms
[2023-11-08T18:33:07.174+0100][gc,phases     ] GC(343)   Post Evacuate Collection Set: 1,4ms
[2023-11-08T18:33:07.174+0100][gc,phases     ] GC(343)   Other: 0,4ms
[2023-11-08T18:33:07.174+0100][gc,heap       ] GC(343) Eden regions: 388->0(358)
[2023-11-08T18:33:07.174+0100][gc,heap       ] GC(343) Survivor regions: 9->10(50)
[2023-11-08T18:33:07.174+0100][gc,heap       ] GC(343) Old regions: 120->120
[2023-11-08T18:33:07.174+0100][gc,heap       ] GC(343) Humongous regions: 129->129
[2023-11-08T18:33:07.174+0100][gc,metaspace  ] GC(343) Metaspace: 48212K(52224K)->48212K(52224K) NonClass: 42256K(44544K)->42256K(44544K) Class: 5956K(7680K)->5956K(7680K)
[2023-11-08T18:33:07.174+0100][gc            ] GC(343) Pause Young (Normal) (G1 Evacuation Pause) 644M->257M(1024M) 19,858ms
[2023-11-08T18:33:07.174+0100][gc,cpu        ] GC(343) User=0,21s Sys=0,02s Real=0,02s
[2023-11-08T18:33:07.481+0100][gc,start      ] GC(344) Pause Young (Normal) (G1 Evacuation Pause)
[2023-11-08T18:33:07.481+0100][gc,task       ] GC(344) Using 13 workers of 13 for evacuation
[2023-11-08T18:33:07.501+0100][gc,phases     ] GC(344)   Pre Evacuate Collection Set: 0,0ms
[2023-11-08T18:33:07.501+0100][gc,phases     ] GC(344)   Evacuate Collection Set: 18,4ms
[2023-11-08T18:33:07.501+0100][gc,phases     ] GC(344)   Post Evacuate Collection Set: 0,8ms
[2023-11-08T18:33:07.501+0100][gc,phases     ] GC(344)   Other: 0,2ms
[2023-11-08T18:33:07.501+0100][gc,heap       ] GC(344) Eden regions: 86->0(120)
[2023-11-08T18:33:07.501+0100][gc,heap       ] GC(344) Survivor regions: 10->7(12)
[2023-11-08T18:33:07.501+0100][gc,heap       ] GC(344) Old regions: 120->124
[2023-11-08T18:33:07.501+0100][gc,heap       ] GC(344) Humongous regions: 129->129
[2023-11-08T18:33:07.501+0100][gc,metaspace  ] GC(344) Metaspace: 48212K(52224K)->48212K(52224K) NonClass: 42256K(44544K)->42256K(44544K) Class: 5956K(7680K)->5956K(7680K)
[2023-11-08T18:33:07.501+0100][gc            ] GC(344) Pause Young (Normal) (G1 Evacuation Pause) 343M->257M(1024M) 19,793ms
[2023-11-08T18:33:07.501+0100][gc,cpu        ] GC(344) User=0,23s Sys=0,00s Real=0,02s
[2023-11-08T18:33:07.946+0100][gc,start      ] GC(345) Pause Young (Normal) (G1 Evacuation Pause)
[2023-11-08T18:33:07.946+0100][gc,task       ] GC(345) Using 13 workers of 13 for evacuation
[2023-11-08T18:33:07.951+0100][gc,phases     ] GC(345)   Pre Evacuate Collection Set: 0,0ms
[2023-11-08T18:33:07.951+0100][gc,phases     ] GC(345)   Evacuate Collection Set: 3,9ms
[2023-11-08T18:33:07.951+0100][gc,phases     ] GC(345)   Post Evacuate Collection Set: 0,6ms
[2023-11-08T18:33:07.951+0100][gc,phases     ] GC(345)   Other: 0,2ms
[2023-11-08T18:33:07.951+0100][gc,heap       ] GC(345) Eden regions: 120->0(158)
[2023-11-08T18:33:07.951+0100][gc,heap       ] GC(345) Survivor regions: 7->7(16)
[2023-11-08T18:33:07.951+0100][gc,heap       ] GC(345) Old regions: 124->124
[2023-11-08T18:33:07.951+0100][gc,heap       ] GC(345) Humongous regions: 129->129
[2023-11-08T18:33:07.951+0100][gc,metaspace  ] GC(345) Metaspace: 48212K(52224K)->48212K(52224K) NonClass: 42256K(44544K)->42256K(44544K) Class: 5956K(7680K)->5956K(7680K)
[2023-11-08T18:33:07.951+0100][gc            ] GC(345) Pause Young (Normal) (G1 Evacuation Pause) 377M->258M(1024M) 4,937ms
[2023-11-08T18:33:07.951+0100][gc,cpu        ] GC(345) User=0,03s Sys=0,00s Real=0,00s
[2023-11-08T18:33:08.524+0100][gc,start      ] GC(346) Pause Young (Normal) (G1 Evacuation Pause)
[2023-11-08T18:33:08.524+0100][gc,task       ] GC(346) Using 13 workers of 13 for evacuation
[2023-11-08T18:33:08.529+0100][gc,phases     ] GC(346)   Pre Evacuate Collection Set: 0,0ms
[2023-11-08T18:33:08.529+0100][gc,phases     ] GC(346)   Evacuate Collection Set: 3,7ms
[2023-11-08T18:33:08.529+0100][gc,phases     ] GC(346)   Post Evacuate Collection Set: 0,5ms
[2023-11-08T18:33:08.529+0100][gc,phases     ] GC(346)   Other: 0,2ms
[2023-11-08T18:33:08.529+0100][gc,heap       ] GC(346) Eden regions: 158->0(179)
[2023-11-08T18:33:08.529+0100][gc,heap       ] GC(346) Survivor regions: 7->8(21)
[2023-11-08T18:33:08.529+0100][gc,heap       ] GC(346) Old regions: 124->124
[2023-11-08T18:33:08.529+0100][gc,heap       ] GC(346) Humongous regions: 129->129
[2023-11-08T18:33:08.529+0100][gc,metaspace  ] GC(346) Metaspace: 48212K(52224K)->48212K(52224K) NonClass: 42256K(44544K)->42256K(44544K) Class: 5956K(7680K)->5956K(7680K)
[2023-11-08T18:33:08.529+0100][gc            ] GC(346) Pause Young (Normal) (G1 Evacuation Pause) 416M->258M(1024M) 4,609ms
[2023-11-08T18:33:08.529+0100][gc,cpu        ] GC(346) User=0,04s Sys=0,00s Real=0,00s
[2023-11-08T18:33:09.182+0100][gc,start      ] GC(347) Pause Young (Normal) (G1 Evacuation Pause)
[2023-11-08T18:33:09.182+0100][gc,task       ] GC(347) Using 13 workers of 13 for evacuation
[2023-11-08T18:33:09.186+0100][gc,phases     ] GC(347)   Pre Evacuate Collection Set: 0,0ms
[2023-11-08T18:33:09.186+0100][gc,phases     ] GC(347)   Evacuate Collection Set: 3,3ms
[2023-11-08T18:33:09.186+0100][gc,phases     ] GC(347)   Post Evacuate Collection Set: 0,6ms
[2023-11-08T18:33:09.186+0100][gc,phases     ] GC(347)   Other: 0,2ms
[2023-11-08T18:33:09.186+0100][gc,heap       ] GC(347) Eden regions: 179->0(207)
[2023-11-08T18:33:09.186+0100][gc,heap       ] GC(347) Survivor regions: 8->8(24)
[2023-11-08T18:33:09.186+0100][gc,heap       ] GC(347) Old regions: 124->124
[2023-11-08T18:33:09.186+0100][gc,heap       ] GC(347) Humongous regions: 129->129
[2023-11-08T18:33:09.186+0100][gc,metaspace  ] GC(347) Metaspace: 48212K(52224K)->48212K(52224K) NonClass: 42256K(44544K)->42256K(44544K) Class: 5956K(7680K)->5956K(7680K)
[2023-11-08T18:33:09.186+0100][gc            ] GC(347) Pause Young (Normal) (G1 Evacuation Pause) 437M->259M(1024M) 4,174ms
[2023-11-08T18:33:09.186+0100][gc,cpu        ] GC(347) User=0,04s Sys=0,00s Real=0,01s
[2023-11-08T18:33:09.925+0100][gc,start      ] GC(348) Pause Young (Normal) (G1 Evacuation Pause)
[2023-11-08T18:33:09.925+0100][gc,task       ] GC(348) Using 13 workers of 13 for evacuation
[2023-11-08T18:33:09.942+0100][gc,phases     ] GC(348)   Pre Evacuate Collection Set: 0,0ms
[2023-11-08T18:33:09.942+0100][gc,phases     ] GC(348)   Evacuate Collection Set: 15,1ms
[2023-11-08T18:33:09.942+0100][gc,phases     ] GC(348)   Post Evacuate Collection Set: 2,0ms
[2023-11-08T18:33:09.943+0100][gc,phases     ] GC(348)   Other: 0,4ms
[2023-11-08T18:33:09.943+0100][gc,heap       ] GC(348) Eden regions: 207->0(182)
[2023-11-08T18:33:09.943+0100][gc,heap       ] GC(348) Survivor regions: 8->9(27)
[2023-11-08T18:33:09.943+0100][gc,heap       ] GC(348) Old regions: 124->124
[2023-11-08T18:33:09.943+0100][gc,heap       ] GC(348) Humongous regions: 129->129
[2023-11-08T18:33:09.943+0100][gc,metaspace  ] GC(348) Metaspace: 48212K(52224K)->48212K(52224K) NonClass: 42256K(44544K)->42256K(44544K) Class: 5956K(7680K)->5956K(7680K)
[2023-11-08T18:33:09.943+0100][gc            ] GC(348) Pause Young (Normal) (G1 Evacuation Pause) 466M->260M(1024M) 17,939ms
[2023-11-08T18:33:09.943+0100][gc,cpu        ] GC(348) User=0,19s Sys=0,01s Real=0,02s
[2023-11-08T18:33:10.516+0100][gc,start      ] GC(349) Pause Young (Normal) (G1 Evacuation Pause)
[2023-11-08T18:33:10.516+0100][gc,task       ] GC(349) Using 13 workers of 13 for evacuation
[2023-11-08T18:33:10.521+0100][gc,phases     ] GC(349)   Pre Evacuate Collection Set: 0,0ms
[2023-11-08T18:33:10.521+0100][gc,phases     ] GC(349)   Evacuate Collection Set: 4,2ms
[2023-11-08T18:33:10.521+0100][gc,phases     ] GC(349)   Post Evacuate Collection Set: 0,5ms
[2023-11-08T18:33:10.521+0100][gc,phases     ] GC(349)   Other: 0,3ms
[2023-11-08T18:33:10.521+0100][gc,heap       ] GC(349) Eden regions: 157->0(202)
[2023-11-08T18:33:10.521+0100][gc,heap       ] GC(349) Survivor regions: 9->10(21)
[2023-11-08T18:33:10.521+0100][gc,heap       ] GC(349) Old regions: 124->124
[2023-11-08T18:33:10.521+0100][gc,heap       ] GC(349) Humongous regions: 129->129
[2023-11-08T18:33:10.521+0100][gc,metaspace  ] GC(349) Metaspace: 48212K(52224K)->48212K(52224K) NonClass: 42256K(44544K)->42256K(44544K) Class: 5956K(7680K)->5956K(7680K)
[2023-11-08T18:33:10.521+0100][gc            ] GC(349) Pause Young (Normal) (G1 Evacuation Pause) 417M->260M(1024M) 5,206ms
[2023-11-08T18:33:10.521+0100][gc,cpu        ] GC(349) User=0,05s Sys=0,01s Real=0,00s
[2023-11-08T18:33:11.201+0100][gc,start      ] GC(350) Pause Young (Normal) (G1 Evacuation Pause)
[2023-11-08T18:33:11.201+0100][gc,task       ] GC(350) Using 13 workers of 13 for evacuation
[2023-11-08T18:33:11.206+0100][gc,phases     ] GC(350)   Pre Evacuate Collection Set: 0,0ms
[2023-11-08T18:33:11.206+0100][gc,phases     ] GC(350)   Evacuate Collection Set: 5,0ms
[2023-11-08T18:33:11.206+0100][gc,phases     ] GC(350)   Post Evacuate Collection Set: 0,5ms
[2023-11-08T18:33:11.206+0100][gc,phases     ] GC(350)   Other: 0,2ms
[2023-11-08T18:33:11.206+0100][gc,heap       ] GC(350) Eden regions: 185->0(234)
[2023-11-08T18:33:11.206+0100][gc,heap       ] GC(350) Survivor regions: 10->10(25)
[2023-11-08T18:33:11.206+0100][gc,heap       ] GC(350) Old regions: 124->124
[2023-11-08T18:33:11.206+0100][gc,heap       ] GC(350) Humongous regions: 129->129
[2023-11-08T18:33:11.206+0100][gc,metaspace  ] GC(350) Metaspace: 48212K(52224K)->48212K(52224K) NonClass: 42256K(44544K)->42256K(44544K) Class: 5956K(7680K)->5956K(7680K)
[2023-11-08T18:33:11.206+0100][gc            ] GC(350) Pause Young (Normal) (G1 Evacuation Pause) 445M->261M(1024M) 5,818ms
[2023-11-08T18:33:11.206+0100][gc,cpu        ] GC(350) User=0,05s Sys=0,01s Real=0,01s
[2023-11-08T18:33:12.091+0100][gc,start      ] GC(351) Pause Young (Normal) (G1 Evacuation Pause)
[2023-11-08T18:33:12.091+0100][gc,task       ] GC(351) Using 13 workers of 13 for evacuation
[2023-11-08T18:33:12.096+0100][gc,phases     ] GC(351)   Pre Evacuate Collection Set: 0,0ms
[2023-11-08T18:33:12.096+0100][gc,phases     ] GC(351)   Evacuate Collection Set: 4,4ms
[2023-11-08T18:33:12.096+0100][gc,phases     ] GC(351)   Post Evacuate Collection Set: 0,5ms
[2023-11-08T18:33:12.096+0100][gc,phases     ] GC(351)   Other: 0,2ms
[2023-11-08T18:33:12.096+0100][gc,heap       ] GC(351) Eden regions: 234->0(268)
[2023-11-08T18:33:12.096+0100][gc,heap       ] GC(351) Survivor regions: 10->11(31)
[2023-11-08T18:33:12.096+0100][gc,heap       ] GC(351) Old regions: 124->124
[2023-11-08T18:33:12.096+0100][gc,heap       ] GC(351) Humongous regions: 129->129
[2023-11-08T18:33:12.096+0100][gc,metaspace  ] GC(351) Metaspace: 48212K(52224K)->48212K(52224K) NonClass: 42256K(44544K)->42256K(44544K) Class: 5956K(7680K)->5956K(7680K)
[2023-11-08T18:33:12.096+0100][gc            ] GC(351) Pause Young (Normal) (G1 Evacuation Pause) 495M->262M(1024M) 5,192ms
[2023-11-08T18:33:12.096+0100][gc,cpu        ] GC(351) User=0,05s Sys=0,00s Real=0,01s
[2023-11-08T18:33:13.068+0100][gc,start      ] GC(352) Pause Young (Normal) (G1 Evacuation Pause)
[2023-11-08T18:33:13.068+0100][gc,task       ] GC(352) Using 13 workers of 13 for evacuation
[2023-11-08T18:33:13.074+0100][gc,phases     ] GC(352)   Pre Evacuate Collection Set: 0,0ms
[2023-11-08T18:33:13.074+0100][gc,phases     ] GC(352)   Evacuate Collection Set: 5,9ms
[2023-11-08T18:33:13.074+0100][gc,phases     ] GC(352)   Post Evacuate Collection Set: 0,5ms
[2023-11-08T18:33:13.074+0100][gc,phases     ] GC(352)   Other: 0,2ms
[2023-11-08T18:33:13.074+0100][gc,heap       ] GC(352) Eden regions: 268->0(296)
[2023-11-08T18:33:13.074+0100][gc,heap       ] GC(352) Survivor regions: 11->12(35)
[2023-11-08T18:33:13.074+0100][gc,heap       ] GC(352) Old regions: 124->124
[2023-11-08T18:33:13.074+0100][gc,heap       ] GC(352) Humongous regions: 129->129
[2023-11-08T18:33:13.074+0100][gc,metaspace  ] GC(352) Metaspace: 48212K(52224K)->48212K(52224K) NonClass: 42256K(44544K)->42256K(44544K) Class: 5956K(7680K)->5956K(7680K)
[2023-11-08T18:33:13.074+0100][gc            ] GC(352) Pause Young (Normal) (G1 Evacuation Pause) 530M->263M(1024M) 6,702ms
[2023-11-08T18:33:13.074+0100][gc,cpu        ] GC(352) User=0,05s Sys=0,01s Real=0,00s
[2023-11-08T18:33:14.150+0100][gc,start      ] GC(353) Pause Young (Normal) (G1 Evacuation Pause)
[2023-11-08T18:33:14.150+0100][gc,task       ] GC(353) Using 13 workers of 13 for evacuation
[2023-11-08T18:33:14.171+0100][gc,mmu        ] GC(353) MMU target violated: 20,2ms (20,0ms/21,0ms)
[2023-11-08T18:33:14.171+0100][gc,phases     ] GC(353)   Pre Evacuate Collection Set: 0,0ms
[2023-11-08T18:33:14.171+0100][gc,phases     ] GC(353)   Evacuate Collection Set: 19,1ms
[2023-11-08T18:33:14.171+0100][gc,phases     ] GC(353)   Post Evacuate Collection Set: 0,9ms
[2023-11-08T18:33:14.171+0100][gc,phases     ] GC(353)   Other: 0,3ms
[2023-11-08T18:33:14.171+0100][gc,heap       ] GC(353) Eden regions: 296->0(248)
[2023-11-08T18:33:14.171+0100][gc,heap       ] GC(353) Survivor regions: 12->13(39)
[2023-11-08T18:33:14.171+0100][gc,heap       ] GC(353) Old regions: 124->124
[2023-11-08T18:33:14.171+0100][gc,heap       ] GC(353) Humongous regions: 129->129
[2023-11-08T18:33:14.171+0100][gc,metaspace  ] GC(353) Metaspace: 48212K(52224K)->48212K(52224K) NonClass: 42256K(44544K)->42256K(44544K) Class: 5956K(7680K)->5956K(7680K)
[2023-11-08T18:33:14.171+0100][gc            ] GC(353) Pause Young (Normal) (G1 Evacuation Pause) 559M->264M(1024M) 20,585ms
[2023-11-08T18:33:14.171+0100][gc,cpu        ] GC(353) User=0,22s Sys=0,01s Real=0,02s
[2023-11-08T18:33:15.039+0100][gc,start      ] GC(354) Pause Young (Normal) (G1 Evacuation Pause)
[2023-11-08T18:33:15.039+0100][gc,task       ] GC(354) Using 13 workers of 13 for evacuation
[2023-11-08T18:33:15.060+0100][gc,mmu        ] GC(354) MMU target violated: 20,7ms (20,0ms/21,0ms)
[2023-11-08T18:33:15.060+0100][gc,phases     ] GC(354)   Pre Evacuate Collection Set: 0,0ms
[2023-11-08T18:33:15.060+0100][gc,phases     ] GC(354)   Evacuate Collection Set: 19,7ms
[2023-11-08T18:33:15.060+0100][gc,phases     ] GC(354)   Post Evacuate Collection Set: 0,9ms
[2023-11-08T18:33:15.060+0100][gc,phases     ] GC(354)   Other: 0,3ms
[2023-11-08T18:33:15.060+0100][gc,heap       ] GC(354) Eden regions: 248->0(221)
[2023-11-08T18:33:15.060+0100][gc,heap       ] GC(354) Survivor regions: 13->14(33)
[2023-11-08T18:33:15.060+0100][gc,heap       ] GC(354) Old regions: 124->124
[2023-11-08T18:33:15.060+0100][gc,heap       ] GC(354) Humongous regions: 129->129
[2023-11-08T18:33:15.060+0100][gc,metaspace  ] GC(354) Metaspace: 48212K(52224K)->48212K(52224K) NonClass: 42256K(44544K)->42256K(44544K) Class: 5956K(7680K)->5956K(7680K)
[2023-11-08T18:33:15.060+0100][gc            ] GC(354) Pause Young (Normal) (G1 Evacuation Pause) 512M->265M(1024M) 21,172ms
[2023-11-08T18:33:15.060+0100][gc,cpu        ] GC(354) User=0,23s Sys=0,00s Real=0,02s
[2023-11-08T18:33:15.373+0100][gc,start      ] GC(355) Pause Young (Normal) (G1 Evacuation Pause)
[2023-11-08T18:33:15.373+0100][gc,task       ] GC(355) Using 13 workers of 13 for evacuation
[2023-11-08T18:33:15.380+0100][gc,phases     ] GC(355)   Pre Evacuate Collection Set: 0,0ms
[2023-11-08T18:33:15.380+0100][gc,phases     ] GC(355)   Evacuate Collection Set: 5,8ms
[2023-11-08T18:33:15.380+0100][gc,phases     ] GC(355)   Post Evacuate Collection Set: 0,4ms
[2023-11-08T18:33:15.380+0100][gc,phases     ] GC(355)   Other: 0,3ms
[2023-11-08T18:33:15.380+0100][gc,heap       ] GC(355) Eden regions: 91->0(216)
[2023-11-08T18:33:15.380+0100][gc,heap       ] GC(355) Survivor regions: 14->9(14)
[2023-11-08T18:33:15.380+0100][gc,heap       ] GC(355) Old regions: 124->130
[2023-11-08T18:33:15.380+0100][gc,heap       ] GC(355) Humongous regions: 129->129
[2023-11-08T18:33:15.380+0100][gc,metaspace  ] GC(355) Metaspace: 48212K(52224K)->48212K(52224K) NonClass: 42256K(44544K)->42256K(44544K) Class: 5956K(7680K)->5956K(7680K)
[2023-11-08T18:33:15.380+0100][gc            ] GC(355) Pause Young (Normal) (G1 Evacuation Pause) 356M->265M(1024M) 6,549ms
[2023-11-08T18:33:15.380+0100][gc,cpu        ] GC(355) User=0,07s Sys=0,00s Real=0,01s
[2023-11-08T18:33:16.204+0100][gc,start      ] GC(356) Pause Young (Normal) (G1 Evacuation Pause)
[2023-11-08T18:33:16.204+0100][gc,task       ] GC(356) Using 13 workers of 13 for evacuation
[2023-11-08T18:33:16.221+0100][gc,phases     ] GC(356)   Pre Evacuate Collection Set: 0,0ms
[2023-11-08T18:33:16.221+0100][gc,phases     ] GC(356)   Evacuate Collection Set: 13,9ms
[2023-11-08T18:33:16.221+0100][gc,phases     ] GC(356)   Post Evacuate Collection Set: 2,3ms
[2023-11-08T18:33:16.221+0100][gc,phases     ] GC(356)   Other: 0,4ms
[2023-11-08T18:33:16.221+0100][gc,heap       ] GC(356) Eden regions: 216->0(170)
[2023-11-08T18:33:16.221+0100][gc,heap       ] GC(356) Survivor regions: 9->9(29)
[2023-11-08T18:33:16.221+0100][gc,heap       ] GC(356) Old regions: 130->130
[2023-11-08T18:33:16.221+0100][gc,heap       ] GC(356) Humongous regions: 129->129
[2023-11-08T18:33:16.221+0100][gc,metaspace  ] GC(356) Metaspace: 48212K(52224K)->48212K(52224K) NonClass: 42256K(44544K)->42256K(44544K) Class: 5956K(7680K)->5956K(7680K)
[2023-11-08T18:33:16.221+0100][gc            ] GC(356) Pause Young (Normal) (G1 Evacuation Pause) 481M->266M(1024M) 16,962ms
[2023-11-08T18:33:16.221+0100][gc,cpu        ] GC(356) User=0,18s Sys=0,01s Real=0,01s
[2023-11-08T18:33:16.848+0100][gc,start      ] GC(357) Pause Young (Normal) (G1 Evacuation Pause)
[2023-11-08T18:33:16.848+0100][gc,task       ] GC(357) Using 13 workers of 13 for evacuation
[2023-11-08T18:33:16.853+0100][gc,phases     ] GC(357)   Pre Evacuate Collection Set: 0,0ms
[2023-11-08T18:33:16.853+0100][gc,phases     ] GC(357)   Evacuate Collection Set: 3,9ms
[2023-11-08T18:33:16.853+0100][gc,phases     ] GC(357)   Post Evacuate Collection Set: 0,5ms
[2023-11-08T18:33:16.853+0100][gc,phases     ] GC(357)   Other: 0,2ms
[2023-11-08T18:33:16.853+0100][gc,heap       ] GC(357) Eden regions: 170->0(243)
[2023-11-08T18:33:16.853+0100][gc,heap       ] GC(357) Survivor regions: 9->10(23)
[2023-11-08T18:33:16.853+0100][gc,heap       ] GC(357) Old regions: 130->130
[2023-11-08T18:33:16.853+0100][gc,heap       ] GC(357) Humongous regions: 129->129
[2023-11-08T18:33:16.853+0100][gc,metaspace  ] GC(357) Metaspace: 48212K(52224K)->48212K(52224K) NonClass: 42256K(44544K)->42256K(44544K) Class: 5956K(7680K)->5956K(7680K)
[2023-11-08T18:33:16.853+0100][gc            ] GC(357) Pause Young (Normal) (G1 Evacuation Pause) 436M->266M(1024M) 4,758ms
[2023-11-08T18:33:16.853+0100][gc,cpu        ] GC(357) User=0,05s Sys=0,00s Real=0,00s
[2023-11-08T18:33:17.720+0100][gc,start      ] GC(358) Pause Young (Normal) (G1 Evacuation Pause)
[2023-11-08T18:33:17.720+0100][gc,task       ] GC(358) Using 13 workers of 13 for evacuation
[2023-11-08T18:33:17.737+0100][gc,phases     ] GC(358)   Pre Evacuate Collection Set: 0,0ms
[2023-11-08T18:33:17.738+0100][gc,phases     ] GC(358)   Evacuate Collection Set: 14,6ms
[2023-11-08T18:33:17.738+0100][gc,phases     ] GC(358)   Post Evacuate Collection Set: 2,4ms
[2023-11-08T18:33:17.738+0100][gc,phases     ] GC(358)   Other: 0,4ms
[2023-11-08T18:33:17.738+0100][gc,heap       ] GC(358) Eden regions: 243->0(220)
[2023-11-08T18:33:17.738+0100][gc,heap       ] GC(358) Survivor regions: 10->10(32)
[2023-11-08T18:33:17.738+0100][gc,heap       ] GC(358) Old regions: 130->130
[2023-11-08T18:33:17.738+0100][gc,heap       ] GC(358) Humongous regions: 129->129
[2023-11-08T18:33:17.738+0100][gc,metaspace  ] GC(358) Metaspace: 48212K(52224K)->48212K(52224K) NonClass: 42256K(44544K)->42256K(44544K) Class: 5956K(7680K)->5956K(7680K)
[2023-11-08T18:33:17.738+0100][gc            ] GC(358) Pause Young (Normal) (G1 Evacuation Pause) 509M->267M(1024M) 17,876ms
[2023-11-08T18:33:17.738+0100][gc,cpu        ] GC(358) User=0,16s Sys=0,03s Real=0,02s
[2023-11-08T18:33:18.516+0100][gc,start      ] GC(359) Pause Young (Normal) (G1 Evacuation Pause)
[2023-11-08T18:33:18.516+0100][gc,task       ] GC(359) Using 13 workers of 13 for evacuation
[2023-11-08T18:33:18.521+0100][gc,phases     ] GC(359)   Pre Evacuate Collection Set: 0,0ms
[2023-11-08T18:33:18.521+0100][gc,phases     ] GC(359)   Evacuate Collection Set: 4,3ms
[2023-11-08T18:33:18.521+0100][gc,phases     ] GC(359)   Post Evacuate Collection Set: 0,4ms
[2023-11-08T18:33:18.521+0100][gc,phases     ] GC(359)   Other: 0,2ms
[2023-11-08T18:33:18.521+0100][gc,heap       ] GC(359) Eden regions: 220->0(260)
[2023-11-08T18:33:18.521+0100][gc,heap       ] GC(359) Survivor regions: 10->11(29)
[2023-11-08T18:33:18.521+0100][gc,heap       ] GC(359) Old regions: 130->130
[2023-11-08T18:33:18.521+0100][gc,heap       ] GC(359) Humongous regions: 129->129
[2023-11-08T18:33:18.521+0100][gc,metaspace  ] GC(359) Metaspace: 48212K(52224K)->48212K(52224K) NonClass: 42256K(44544K)->42256K(44544K) Class: 5956K(7680K)->5956K(7680K)
[2023-11-08T18:33:18.521+0100][gc            ] GC(359) Pause Young (Normal) (G1 Evacuation Pause) 487M->268M(1024M) 5,040ms
[2023-11-08T18:33:18.521+0100][gc,cpu        ] GC(359) User=0,05s Sys=0,00s Real=0,00s
[2023-11-08T18:33:19.439+0100][gc,start      ] GC(360) Pause Young (Normal) (G1 Evacuation Pause)
[2023-11-08T18:33:19.439+0100][gc,task       ] GC(360) Using 13 workers of 13 for evacuation
[2023-11-08T18:33:19.444+0100][gc,phases     ] GC(360)   Pre Evacuate Collection Set: 0,0ms
[2023-11-08T18:33:19.444+0100][gc,phases     ] GC(360)   Evacuate Collection Set: 4,3ms
[2023-11-08T18:33:19.444+0100][gc,phases     ] GC(360)   Post Evacuate Collection Set: 0,5ms
[2023-11-08T18:33:19.444+0100][gc,phases     ] GC(360)   Other: 0,3ms
[2023-11-08T18:33:19.444+0100][gc,heap       ] GC(360) Eden regions: 260->0(299)
[2023-11-08T18:33:19.444+0100][gc,heap       ] GC(360) Survivor regions: 11->12(34)
[2023-11-08T18:33:19.444+0100][gc,heap       ] GC(360) Old regions: 130->130
[2023-11-08T18:33:19.444+0100][gc,heap       ] GC(360) Humongous regions: 129->129
[2023-11-08T18:33:19.444+0100][gc,metaspace  ] GC(360) Metaspace: 48213K(52224K)->48213K(52224K) NonClass: 42256K(44544K)->42256K(44544K) Class: 5956K(7680K)->5956K(7680K)
[2023-11-08T18:33:19.444+0100][gc            ] GC(360) Pause Young (Normal) (G1 Evacuation Pause) 528M->269M(1024M) 5,157ms
[2023-11-08T18:33:19.444+0100][gc,cpu        ] GC(360) User=0,05s Sys=0,01s Real=0,01s
[2023-11-08T18:33:20.521+0100][gc,start      ] GC(361) Pause Young (Normal) (G1 Evacuation Pause)
[2023-11-08T18:33:20.521+0100][gc,task       ] GC(361) Using 13 workers of 13 for evacuation
[2023-11-08T18:33:20.527+0100][gc,phases     ] GC(361)   Pre Evacuate Collection Set: 0,0ms
[2023-11-08T18:33:20.527+0100][gc,phases     ] GC(361)   Evacuate Collection Set: 4,5ms
[2023-11-08T18:33:20.527+0100][gc,phases     ] GC(361)   Post Evacuate Collection Set: 0,6ms
[2023-11-08T18:33:20.527+0100][gc,phases     ] GC(361)   Other: 0,3ms
[2023-11-08T18:33:20.527+0100][gc,heap       ] GC(361) Eden regions: 299->0(342)
[2023-11-08T18:33:20.527+0100][gc,heap       ] GC(361) Survivor regions: 12->12(39)
[2023-11-08T18:33:20.527+0100][gc,heap       ] GC(361) Old regions: 130->131
[2023-11-08T18:33:20.527+0100][gc,heap       ] GC(361) Humongous regions: 129->129
[2023-11-08T18:33:20.527+0100][gc,metaspace  ] GC(361) Metaspace: 48213K(52224K)->48213K(52224K) NonClass: 42256K(44544K)->42256K(44544K) Class: 5956K(7680K)->5956K(7680K)
[2023-11-08T18:33:20.527+0100][gc            ] GC(361) Pause Young (Normal) (G1 Evacuation Pause) 568M->270M(1024M) 5,541ms
[2023-11-08T18:33:20.527+0100][gc,cpu        ] GC(361) User=0,06s Sys=0,00s Real=0,01s
[2023-11-08T18:33:21.754+0100][gc,start      ] GC(362) Pause Young (Normal) (G1 Evacuation Pause)
[2023-11-08T18:33:21.754+0100][gc,task       ] GC(362) Using 13 workers of 13 for evacuation
[2023-11-08T18:33:21.775+0100][gc,mmu        ] GC(362) MMU target violated: 20,8ms (20,0ms/21,0ms)
[2023-11-08T18:33:21.775+0100][gc,phases     ] GC(362)   Pre Evacuate Collection Set: 0,0ms
[2023-11-08T18:33:21.775+0100][gc,phases     ] GC(362)   Evacuate Collection Set: 19,3ms
[2023-11-08T18:33:21.775+0100][gc,phases     ] GC(362)   Post Evacuate Collection Set: 1,3ms
[2023-11-08T18:33:21.775+0100][gc,phases     ] GC(362)   Other: 0,4ms
[2023-11-08T18:33:21.775+0100][gc,heap       ] GC(362) Eden regions: 342->0(290)
[2023-11-08T18:33:21.775+0100][gc,heap       ] GC(362) Survivor regions: 12->13(45)
[2023-11-08T18:33:21.775+0100][gc,heap       ] GC(362) Old regions: 131->131
[2023-11-08T18:33:21.775+0100][gc,heap       ] GC(362) Humongous regions: 129->129
[2023-11-08T18:33:21.775+0100][gc,metaspace  ] GC(362) Metaspace: 48213K(52224K)->48213K(52224K) NonClass: 42256K(44544K)->42256K(44544K) Class: 5956K(7680K)->5956K(7680K)
[2023-11-08T18:33:21.775+0100][gc            ] GC(362) Pause Young (Normal) (G1 Evacuation Pause) 612M->271M(1024M) 21,251ms
[2023-11-08T18:33:21.775+0100][gc,cpu        ] GC(362) User=0,24s Sys=0,01s Real=0,03s
[2023-11-08T18:33:22.804+0100][gc,start      ] GC(363) Pause Young (Normal) (G1 Evacuation Pause)
[2023-11-08T18:33:22.804+0100][gc,task       ] GC(363) Using 13 workers of 13 for evacuation
[2023-11-08T18:33:22.824+0100][gc,phases     ] GC(363)   Pre Evacuate Collection Set: 0,0ms
[2023-11-08T18:33:22.824+0100][gc,phases     ] GC(363)   Evacuate Collection Set: 18,4ms
[2023-11-08T18:33:22.824+0100][gc,phases     ] GC(363)   Post Evacuate Collection Set: 1,0ms
[2023-11-08T18:33:22.824+0100][gc,phases     ] GC(363)   Other: 0,3ms
[2023-11-08T18:33:22.824+0100][gc,heap       ] GC(363) Eden regions: 290->0(269)
[2023-11-08T18:33:22.824+0100][gc,heap       ] GC(363) Survivor regions: 13->13(38)
[2023-11-08T18:33:22.824+0100][gc,heap       ] GC(363) Old regions: 131->132
[2023-11-08T18:33:22.824+0100][gc,heap       ] GC(363) Humongous regions: 129->129
[2023-11-08T18:33:22.824+0100][gc,metaspace  ] GC(363) Metaspace: 48213K(52224K)->48213K(52224K) NonClass: 42256K(44544K)->42256K(44544K) Class: 5956K(7680K)->5956K(7680K)
[2023-11-08T18:33:22.824+0100][gc            ] GC(363) Pause Young (Normal) (G1 Evacuation Pause) 561M->272M(1024M) 20,057ms
[2023-11-08T18:33:22.824+0100][gc,cpu        ] GC(363) User=0,23s Sys=0,02s Real=0,02s
[2023-11-08T18:33:23.105+0100][gc,start      ] GC(364) Pause Young (Normal) (G1 Evacuation Pause)
[2023-11-08T18:33:23.105+0100][gc,task       ] GC(364) Using 13 workers of 13 for evacuation
[2023-11-08T18:33:23.125+0100][gc,mmu        ] GC(364) MMU target violated: 20,1ms (20,0ms/21,0ms)
[2023-11-08T18:33:23.125+0100][gc,phases     ] GC(364)   Pre Evacuate Collection Set: 0,0ms
[2023-11-08T18:33:23.125+0100][gc,phases     ] GC(364)   Evacuate Collection Set: 19,2ms
[2023-11-08T18:33:23.126+0100][gc,phases     ] GC(364)   Post Evacuate Collection Set: 0,8ms
[2023-11-08T18:33:23.126+0100][gc,phases     ] GC(364)   Other: 0,4ms
[2023-11-08T18:33:23.126+0100][gc,heap       ] GC(364) Eden regions: 83->0(132)
[2023-11-08T18:33:23.126+0100][gc,heap       ] GC(364) Survivor regions: 13->7(12)
[2023-11-08T18:33:23.126+0100][gc,heap       ] GC(364) Old regions: 132->139
[2023-11-08T18:33:23.126+0100][gc,heap       ] GC(364) Humongous regions: 129->129
[2023-11-08T18:33:23.126+0100][gc,metaspace  ] GC(364) Metaspace: 48213K(52224K)->48213K(52224K) NonClass: 42256K(44544K)->42256K(44544K) Class: 5956K(7680K)->5956K(7680K)
[2023-11-08T18:33:23.126+0100][gc            ] GC(364) Pause Young (Normal) (G1 Evacuation Pause) 355M->273M(1024M) 20,491ms
[2023-11-08T18:33:23.126+0100][gc,cpu        ] GC(364) User=0,25s Sys=0,00s Real=0,02s
[2023-11-08T18:33:23.588+0100][gc,start      ] GC(365) Pause Young (Normal) (G1 Evacuation Pause)
[2023-11-08T18:33:23.588+0100][gc,task       ] GC(365) Using 13 workers of 13 for evacuation
[2023-11-08T18:33:23.601+0100][gc,phases     ] GC(365)   Pre Evacuate Collection Set: 0,0ms
[2023-11-08T18:33:23.601+0100][gc,phases     ] GC(365)   Evacuate Collection Set: 10,2ms
[2023-11-08T18:33:23.601+0100][gc,phases     ] GC(365)   Post Evacuate Collection Set: 2,3ms
[2023-11-08T18:33:23.601+0100][gc,phases     ] GC(365)   Other: 0,4ms
[2023-11-08T18:33:23.601+0100][gc,heap       ] GC(365) Eden regions: 132->0(138)
[2023-11-08T18:33:23.601+0100][gc,heap       ] GC(365) Survivor regions: 7->8(18)
[2023-11-08T18:33:23.601+0100][gc,heap       ] GC(365) Old regions: 139->139
[2023-11-08T18:33:23.601+0100][gc,heap       ] GC(365) Humongous regions: 129->129
[2023-11-08T18:33:23.602+0100][gc,metaspace  ] GC(365) Metaspace: 48213K(52224K)->48213K(52224K) NonClass: 42256K(44544K)->42256K(44544K) Class: 5956K(7680K)->5956K(7680K)
[2023-11-08T18:33:23.602+0100][gc            ] GC(365) Pause Young (Normal) (G1 Evacuation Pause) 405M->273M(1024M) 13,759ms
[2023-11-08T18:33:23.602+0100][gc,cpu        ] GC(365) User=0,12s Sys=0,01s Real=0,01s
[2023-11-08T18:33:24.084+0100][gc,start      ] GC(366) Pause Young (Normal) (G1 Evacuation Pause)
[2023-11-08T18:33:24.084+0100][gc,task       ] GC(366) Using 13 workers of 13 for evacuation
[2023-11-08T18:33:24.088+0100][gc,phases     ] GC(366)   Pre Evacuate Collection Set: 0,0ms
[2023-11-08T18:33:24.088+0100][gc,phases     ] GC(366)   Evacuate Collection Set: 3,1ms
[2023-11-08T18:33:24.088+0100][gc,phases     ] GC(366)   Post Evacuate Collection Set: 0,6ms
[2023-11-08T18:33:24.088+0100][gc,phases     ] GC(366)   Other: 0,3ms
[2023-11-08T18:33:24.088+0100][gc,heap       ] GC(366) Eden regions: 138->0(187)
[2023-11-08T18:33:24.088+0100][gc,heap       ] GC(366) Survivor regions: 8->8(19)
[2023-11-08T18:33:24.088+0100][gc,heap       ] GC(366) Old regions: 139->139
[2023-11-08T18:33:24.088+0100][gc,heap       ] GC(366) Humongous regions: 129->129
[2023-11-08T18:33:24.088+0100][gc,metaspace  ] GC(366) Metaspace: 48213K(52224K)->48213K(52224K) NonClass: 42256K(44544K)->42256K(44544K) Class: 5956K(7680K)->5956K(7680K)
[2023-11-08T18:33:24.088+0100][gc            ] GC(366) Pause Young (Normal) (G1 Evacuation Pause) 411M->273M(1024M) 4,105ms
[2023-11-08T18:33:24.088+0100][gc,cpu        ] GC(366) User=0,01s Sys=0,02s Real=0,00s
[2023-11-08T18:33:24.782+0100][gc,start      ] GC(367) Pause Young (Normal) (G1 Evacuation Pause)
[2023-11-08T18:33:24.782+0100][gc,task       ] GC(367) Using 13 workers of 13 for evacuation
[2023-11-08T18:33:24.798+0100][gc,phases     ] GC(367)   Pre Evacuate Collection Set: 0,0ms
[2023-11-08T18:33:24.798+0100][gc,phases     ] GC(367)   Evacuate Collection Set: 13,1ms
[2023-11-08T18:33:24.798+0100][gc,phases     ] GC(367)   Post Evacuate Collection Set: 2,5ms
[2023-11-08T18:33:24.798+0100][gc,phases     ] GC(367)   Other: 0,4ms
[2023-11-08T18:33:24.798+0100][gc,heap       ] GC(367) Eden regions: 187->0(178)
[2023-11-08T18:33:24.798+0100][gc,heap       ] GC(367) Survivor regions: 8->8(25)
[2023-11-08T18:33:24.799+0100][gc,heap       ] GC(367) Old regions: 139->139
[2023-11-08T18:33:24.799+0100][gc,heap       ] GC(367) Humongous regions: 129->129
[2023-11-08T18:33:24.799+0100][gc,metaspace  ] GC(367) Metaspace: 48213K(52224K)->48213K(52224K) NonClass: 42256K(44544K)->42256K(44544K) Class: 5956K(7680K)->5956K(7680K)
[2023-11-08T18:33:24.799+0100][gc            ] GC(367) Pause Young (Normal) (G1 Evacuation Pause) 460M->274M(1024M) 16,988ms
[2023-11-08T18:33:24.799+0100][gc,cpu        ] GC(367) User=0,18s Sys=0,00s Real=0,02s
[2023-11-08T18:33:25.291+0100][gc,start      ] GC(368) Pause Young (Normal) (G1 Evacuation Pause)
[2023-11-08T18:33:25.291+0100][gc,task       ] GC(368) Using 13 workers of 13 for evacuation
[2023-11-08T18:33:25.306+0100][gc,phases     ] GC(368)   Pre Evacuate Collection Set: 0,0ms
[2023-11-08T18:33:25.306+0100][gc,phases     ] GC(368)   Evacuate Collection Set: 12,4ms
[2023-11-08T18:33:25.306+0100][gc,phases     ] GC(368)   Post Evacuate Collection Set: 2,4ms
[2023-11-08T18:33:25.307+0100][gc,phases     ] GC(368)   Other: 0,4ms
[2023-11-08T18:33:25.307+0100][gc,heap       ] GC(368) Eden regions: 135->0(160)
[2023-11-08T18:33:25.307+0100][gc,heap       ] GC(368) Survivor regions: 8->9(18)
[2023-11-08T18:33:25.307+0100][gc,heap       ] GC(368) Old regions: 139->139
[2023-11-08T18:33:25.307+0100][gc,heap       ] GC(368) Humongous regions: 129->129
[2023-11-08T18:33:25.307+0100][gc,metaspace  ] GC(368) Metaspace: 48213K(52224K)->48213K(52224K) NonClass: 42256K(44544K)->42256K(44544K) Class: 5956K(7680K)->5956K(7680K)
[2023-11-08T18:33:25.307+0100][gc            ] GC(368) Pause Young (Normal) (G1 Evacuation Pause) 409M->274M(1024M) 16,097ms
[2023-11-08T18:33:25.307+0100][gc,cpu        ] GC(368) User=0,14s Sys=0,01s Real=0,02s
[2023-11-08T18:33:25.484+0100][gc,start      ] GC(369) Pause Young (Normal) (G1 Evacuation Pause)
[2023-11-08T18:33:25.484+0100][gc,task       ] GC(369) Using 13 workers of 13 for evacuation
[2023-11-08T18:33:25.502+0100][gc,phases     ] GC(369)   Pre Evacuate Collection Set: 0,0ms
[2023-11-08T18:33:25.502+0100][gc,phases     ] GC(369)   Evacuate Collection Set: 15,9ms
[2023-11-08T18:33:25.502+0100][gc,phases     ] GC(369)   Post Evacuate Collection Set: 1,5ms
[2023-11-08T18:33:25.502+0100][gc,phases     ] GC(369)   Other: 0,3ms
[2023-11-08T18:33:25.502+0100][gc,heap       ] GC(369) Eden regions: 53->0(147)
[2023-11-08T18:33:25.502+0100][gc,heap       ] GC(369) Survivor regions: 9->5(8)
[2023-11-08T18:33:25.502+0100][gc,heap       ] GC(369) Old regions: 139->143
[2023-11-08T18:33:25.502+0100][gc,heap       ] GC(369) Humongous regions: 129->129
[2023-11-08T18:33:25.502+0100][gc,metaspace  ] GC(369) Metaspace: 48213K(52224K)->48213K(52224K) NonClass: 42256K(44544K)->42256K(44544K) Class: 5956K(7680K)->5956K(7680K)
[2023-11-08T18:33:25.502+0100][gc            ] GC(369) Pause Young (Normal) (G1 Evacuation Pause) 327M->274M(1024M) 18,129ms
[2023-11-08T18:33:25.502+0100][gc,cpu        ] GC(369) User=0,20s Sys=0,00s Real=0,01s
[2023-11-08T18:33:26.025+0100][gc,start      ] GC(370) Pause Young (Normal) (G1 Evacuation Pause)
[2023-11-08T18:33:26.025+0100][gc,task       ] GC(370) Using 13 workers of 13 for evacuation
[2023-11-08T18:33:26.030+0100][gc,phases     ] GC(370)   Pre Evacuate Collection Set: 0,0ms
[2023-11-08T18:33:26.030+0100][gc,phases     ] GC(370)   Evacuate Collection Set: 3,4ms
[2023-11-08T18:33:26.030+0100][gc,phases     ] GC(370)   Post Evacuate Collection Set: 0,5ms
[2023-11-08T18:33:26.030+0100][gc,phases     ] GC(370)   Other: 0,2ms
[2023-11-08T18:33:26.030+0100][gc,heap       ] GC(370) Eden regions: 147->0(177)
[2023-11-08T18:33:26.030+0100][gc,heap       ] GC(370) Survivor regions: 5->5(19)
[2023-11-08T18:33:26.030+0100][gc,heap       ] GC(370) Old regions: 143->143
[2023-11-08T18:33:26.030+0100][gc,heap       ] GC(370) Humongous regions: 129->129
[2023-11-08T18:33:26.030+0100][gc,metaspace  ] GC(370) Metaspace: 48213K(52224K)->48213K(52224K) NonClass: 42256K(44544K)->42256K(44544K) Class: 5956K(7680K)->5956K(7680K)
[2023-11-08T18:33:26.030+0100][gc            ] GC(370) Pause Young (Normal) (G1 Evacuation Pause) 421M->275M(1024M) 4,187ms
[2023-11-08T18:33:26.030+0100][gc,cpu        ] GC(370) User=0,04s Sys=0,00s Real=0,00s
[2023-11-08T18:33:26.666+0100][gc,start      ] GC(371) Pause Young (Normal) (G1 Evacuation Pause)
[2023-11-08T18:33:26.666+0100][gc,task       ] GC(371) Using 13 workers of 13 for evacuation
[2023-11-08T18:33:26.680+0100][gc,phases     ] GC(371)   Pre Evacuate Collection Set: 0,0ms
[2023-11-08T18:33:26.681+0100][gc,phases     ] GC(371)   Evacuate Collection Set: 11,0ms
[2023-11-08T18:33:26.681+0100][gc,phases     ] GC(371)   Post Evacuate Collection Set: 2,8ms
[2023-11-08T18:33:26.681+0100][gc,phases     ] GC(371)   Other: 0,4ms
[2023-11-08T18:33:26.681+0100][gc,heap       ] GC(371) Eden regions: 177->0(183)
[2023-11-08T18:33:26.681+0100][gc,heap       ] GC(371) Survivor regions: 5->6(23)
[2023-11-08T18:33:26.681+0100][gc,heap       ] GC(371) Old regions: 143->143
[2023-11-08T18:33:26.681+0100][gc,heap       ] GC(371) Humongous regions: 129->129
[2023-11-08T18:33:26.681+0100][gc,metaspace  ] GC(371) Metaspace: 48213K(52224K)->48213K(52224K) NonClass: 42256K(44544K)->42256K(44544K) Class: 5956K(7680K)->5956K(7680K)
[2023-11-08T18:33:26.682+0100][gc            ] GC(371) Pause Young (Normal) (G1 Evacuation Pause) 452M->275M(1024M) 15,288ms
[2023-11-08T18:33:26.682+0100][gc,cpu        ] GC(371) User=0,14s Sys=0,00s Real=0,01s
[2023-11-08T18:33:27.245+0100][gc,start      ] GC(372) Pause Young (Normal) (G1 Evacuation Pause)
[2023-11-08T18:33:27.245+0100][gc,task       ] GC(372) Using 13 workers of 13 for evacuation
[2023-11-08T18:33:27.249+0100][gc,phases     ] GC(372)   Pre Evacuate Collection Set: 0,0ms
[2023-11-08T18:33:27.249+0100][gc,phases     ] GC(372)   Evacuate Collection Set: 3,0ms
[2023-11-08T18:33:27.249+0100][gc,phases     ] GC(372)   Post Evacuate Collection Set: 0,5ms
[2023-11-08T18:33:27.249+0100][gc,phases     ] GC(372)   Other: 0,2ms
[2023-11-08T18:33:27.249+0100][gc,heap       ] GC(372) Eden regions: 158->0(213)
[2023-11-08T18:33:27.249+0100][gc,heap       ] GC(372) Survivor regions: 6->6(21)
[2023-11-08T18:33:27.249+0100][gc,heap       ] GC(372) Old regions: 143->143
[2023-11-08T18:33:27.249+0100][gc,heap       ] GC(372) Humongous regions: 129->129
[2023-11-08T18:33:27.249+0100][gc,metaspace  ] GC(372) Metaspace: 48213K(52224K)->48213K(52224K) NonClass: 42256K(44544K)->42256K(44544K) Class: 5956K(7680K)->5956K(7680K)
[2023-11-08T18:33:27.249+0100][gc            ] GC(372) Pause Young (Normal) (G1 Evacuation Pause) 433M->276M(1024M) 3,961ms
[2023-11-08T18:33:27.249+0100][gc,cpu        ] GC(372) User=0,03s Sys=0,00s Real=0,00s
[2023-11-08T18:33:27.979+0100][gc,start      ] GC(373) Pause Young (Normal) (G1 Evacuation Pause)
[2023-11-08T18:33:27.979+0100][gc,task       ] GC(373) Using 13 workers of 13 for evacuation
[2023-11-08T18:33:27.984+0100][gc,phases     ] GC(373)   Pre Evacuate Collection Set: 0,0ms
[2023-11-08T18:33:27.984+0100][gc,phases     ] GC(373)   Evacuate Collection Set: 4,1ms
[2023-11-08T18:33:27.984+0100][gc,phases     ] GC(373)   Post Evacuate Collection Set: 0,6ms
[2023-11-08T18:33:27.984+0100][gc,phases     ] GC(373)   Other: 0,2ms
[2023-11-08T18:33:27.984+0100][gc,heap       ] GC(373) Eden regions: 196->0(236)
[2023-11-08T18:33:27.984+0100][gc,heap       ] GC(373) Survivor regions: 6->7(26)
[2023-11-08T18:33:27.984+0100][gc,heap       ] GC(373) Old regions: 143->143
[2023-11-08T18:33:27.984+0100][gc,heap       ] GC(373) Humongous regions: 129->129
[2023-11-08T18:33:27.984+0100][gc,metaspace  ] GC(373) Metaspace: 48213K(52224K)->48213K(52224K) NonClass: 42256K(44544K)->42256K(44544K) Class: 5956K(7680K)->5956K(7680K)
[2023-11-08T18:33:27.984+0100][gc            ] GC(373) Pause Young (Normal) (G1 Evacuation Pause) 472M->277M(1024M) 5,017ms
[2023-11-08T18:33:27.984+0100][gc,cpu        ] GC(373) User=0,05s Sys=0,00s Real=0,01s
[2023-11-08T18:33:28.797+0100][gc,start      ] GC(374) Pause Young (Normal) (G1 Evacuation Pause)
[2023-11-08T18:33:28.797+0100][gc,task       ] GC(374) Using 13 workers of 13 for evacuation
[2023-11-08T18:33:28.811+0100][gc,phases     ] GC(374)   Pre Evacuate Collection Set: 0,0ms
[2023-11-08T18:33:28.811+0100][gc,phases     ] GC(374)   Evacuate Collection Set: 10,9ms
[2023-11-08T18:33:28.811+0100][gc,phases     ] GC(374)   Post Evacuate Collection Set: 2,4ms
[2023-11-08T18:33:28.811+0100][gc,phases     ] GC(374)   Other: 0,5ms
[2023-11-08T18:33:28.811+0100][gc,heap       ] GC(374) Eden regions: 224->0(233)
[2023-11-08T18:33:28.811+0100][gc,heap       ] GC(374) Survivor regions: 7->8(29)
[2023-11-08T18:33:28.811+0100][gc,heap       ] GC(374) Old regions: 143->143
[2023-11-08T18:33:28.811+0100][gc,heap       ] GC(374) Humongous regions: 129->129
[2023-11-08T18:33:28.811+0100][gc,metaspace  ] GC(374) Metaspace: 48213K(52224K)->48213K(52224K) NonClass: 42256K(44544K)->42256K(44544K) Class: 5956K(7680K)->5956K(7680K)
[2023-11-08T18:33:28.811+0100][gc            ] GC(374) Pause Young (Normal) (G1 Evacuation Pause) 501M->277M(1024M) 14,655ms
[2023-11-08T18:33:28.812+0100][gc,cpu        ] GC(374) User=0,13s Sys=0,01s Real=0,01s
[2023-11-08T18:33:29.453+0100][gc,start      ] GC(375) Pause Young (Normal) (G1 Evacuation Pause)
[2023-11-08T18:33:29.453+0100][gc,task       ] GC(375) Using 13 workers of 13 for evacuation
[2023-11-08T18:33:29.457+0100][gc,phases     ] GC(375)   Pre Evacuate Collection Set: 0,0ms
[2023-11-08T18:33:29.457+0100][gc,phases     ] GC(375)   Evacuate Collection Set: 3,2ms
[2023-11-08T18:33:29.457+0100][gc,phases     ] GC(375)   Post Evacuate Collection Set: 0,6ms
[2023-11-08T18:33:29.457+0100][gc,phases     ] GC(375)   Other: 0,3ms
[2023-11-08T18:33:29.457+0100][gc,heap       ] GC(375) Eden regions: 183->0(273)
[2023-11-08T18:33:29.457+0100][gc,heap       ] GC(375) Survivor regions: 8->3(24)
[2023-11-08T18:33:29.457+0100][gc,heap       ] GC(375) Old regions: 143->143
[2023-11-08T18:33:29.457+0100][gc,heap       ] GC(375) Humongous regions: 129->129
[2023-11-08T18:33:29.457+0100][gc,metaspace  ] GC(375) Metaspace: 48213K(52224K)->48213K(52224K) NonClass: 42256K(44544K)->42256K(44544K) Class: 5956K(7680K)->5956K(7680K)
[2023-11-08T18:33:29.457+0100][gc            ] GC(375) Pause Young (Normal) (G1 Evacuation Pause) 460M->273M(1024M) 4,320ms
[2023-11-08T18:33:29.457+0100][gc,cpu        ] GC(375) User=0,04s Sys=0,00s Real=0,01s
[2023-11-08T18:33:30.349+0100][gc,start      ] GC(376) Pause Young (Normal) (G1 Evacuation Pause)
[2023-11-08T18:33:30.349+0100][gc,task       ] GC(376) Using 13 workers of 13 for evacuation
[2023-11-08T18:33:30.353+0100][gc,phases     ] GC(376)   Pre Evacuate Collection Set: 0,0ms
[2023-11-08T18:33:30.353+0100][gc,phases     ] GC(376)   Evacuate Collection Set: 3,0ms
[2023-11-08T18:33:30.353+0100][gc,phases     ] GC(376)   Post Evacuate Collection Set: 0,5ms
[2023-11-08T18:33:30.353+0100][gc,phases     ] GC(376)   Other: 0,3ms
[2023-11-08T18:33:30.353+0100][gc,heap       ] GC(376) Eden regions: 244->0(294)
[2023-11-08T18:33:30.353+0100][gc,heap       ] GC(376) Survivor regions: 3->3(31)
[2023-11-08T18:33:30.353+0100][gc,heap       ] GC(376) Old regions: 143->143
[2023-11-08T18:33:30.353+0100][gc,heap       ] GC(376) Humongous regions: 129->129
[2023-11-08T18:33:30.353+0100][gc,metaspace  ] GC(376) Metaspace: 48213K(52224K)->48213K(52224K) NonClass: 42256K(44544K)->42256K(44544K) Class: 5956K(7680K)->5956K(7680K)
[2023-11-08T18:33:30.353+0100][gc            ] GC(376) Pause Young (Normal) (G1 Evacuation Pause) 517M->273M(1024M) 3,962ms
[2023-11-08T18:33:30.353+0100][gc,cpu        ] GC(376) User=0,01s Sys=0,03s Real=0,00s
[2023-11-08T18:33:31.308+0100][gc,start      ] GC(377) Pause Young (Normal) (G1 Evacuation Pause)
[2023-11-08T18:33:31.308+0100][gc,task       ] GC(377) Using 13 workers of 13 for evacuation
[2023-11-08T18:33:31.312+0100][gc,phases     ] GC(377)   Pre Evacuate Collection Set: 0,0ms
[2023-11-08T18:33:31.312+0100][gc,phases     ] GC(377)   Evacuate Collection Set: 3,5ms
[2023-11-08T18:33:31.312+0100][gc,phases     ] GC(377)   Post Evacuate Collection Set: 0,6ms
[2023-11-08T18:33:31.312+0100][gc,phases     ] GC(377)   Other: 0,2ms
[2023-11-08T18:33:31.312+0100][gc,heap       ] GC(377) Eden regions: 270->0(299)
[2023-11-08T18:33:31.312+0100][gc,heap       ] GC(377) Survivor regions: 3->4(35)
[2023-11-08T18:33:31.312+0100][gc,heap       ] GC(377) Old regions: 143->143
[2023-11-08T18:33:31.312+0100][gc,heap       ] GC(377) Humongous regions: 129->129
[2023-11-08T18:33:31.312+0100][gc,metaspace  ] GC(377) Metaspace: 48213K(52224K)->48213K(52224K) NonClass: 42256K(44544K)->42256K(44544K) Class: 5956K(7680K)->5956K(7680K)
[2023-11-08T18:33:31.312+0100][gc            ] GC(377) Pause Young (Normal) (G1 Evacuation Pause) 543M->274M(1024M) 4,489ms
[2023-11-08T18:33:31.312+0100][gc,cpu        ] GC(377) User=0,04s Sys=0,00s Real=0,00s
[2023-11-08T18:33:32.402+0100][gc,start      ] GC(378) Pause Young (Normal) (G1 Evacuation Pause)
[2023-11-08T18:33:32.402+0100][gc,task       ] GC(378) Using 13 workers of 13 for evacuation
[2023-11-08T18:33:32.418+0100][gc,phases     ] GC(378)   Pre Evacuate Collection Set: 0,0ms
[2023-11-08T18:33:32.418+0100][gc,phases     ] GC(378)   Evacuate Collection Set: 13,4ms
[2023-11-08T18:33:32.418+0100][gc,phases     ] GC(378)   Post Evacuate Collection Set: 2,5ms
[2023-11-08T18:33:32.418+0100][gc,phases     ] GC(378)   Other: 0,5ms
[2023-11-08T18:33:32.418+0100][gc,heap       ] GC(378) Eden regions: 299->0(278)
[2023-11-08T18:33:32.418+0100][gc,heap       ] GC(378) Survivor regions: 4->6(38)
[2023-11-08T18:33:32.418+0100][gc,heap       ] GC(378) Old regions: 143->144
[2023-11-08T18:33:32.419+0100][gc,heap       ] GC(378) Humongous regions: 129->129
[2023-11-08T18:33:32.419+0100][gc,metaspace  ] GC(378) Metaspace: 48213K(52224K)->48213K(52224K) NonClass: 42256K(44544K)->42256K(44544K) Class: 5956K(7680K)->5956K(7680K)
[2023-11-08T18:33:32.419+0100][gc            ] GC(378) Pause Young (Normal) (G1 Evacuation Pause) 573M->275M(1024M) 17,031ms
[2023-11-08T18:33:32.419+0100][gc,cpu        ] GC(378) User=0,17s Sys=0,00s Real=0,02s
[2023-11-08T18:33:33.379+0100][gc,start      ] GC(379) Pause Young (Normal) (G1 Evacuation Pause)
[2023-11-08T18:33:33.379+0100][gc,task       ] GC(379) Using 13 workers of 13 for evacuation
[2023-11-08T18:33:33.395+0100][gc,phases     ] GC(379)   Pre Evacuate Collection Set: 0,0ms
[2023-11-08T18:33:33.395+0100][gc,phases     ] GC(379)   Evacuate Collection Set: 13,4ms
[2023-11-08T18:33:33.395+0100][gc,phases     ] GC(379)   Post Evacuate Collection Set: 2,7ms
[2023-11-08T18:33:33.395+0100][gc,phases     ] GC(379)   Other: 0,4ms
[2023-11-08T18:33:33.396+0100][gc,heap       ] GC(379) Eden regions: 261->0(272)
[2023-11-08T18:33:33.396+0100][gc,heap       ] GC(379) Survivor regions: 6->6(34)
[2023-11-08T18:33:33.396+0100][gc,heap       ] GC(379) Old regions: 144->144
[2023-11-08T18:33:33.396+0100][gc,heap       ] GC(379) Humongous regions: 129->129
[2023-11-08T18:33:33.396+0100][gc,metaspace  ] GC(379) Metaspace: 48213K(52224K)->48213K(52224K) NonClass: 42256K(44544K)->42256K(44544K) Class: 5956K(7680K)->5956K(7680K)
[2023-11-08T18:33:33.396+0100][gc            ] GC(379) Pause Young (Normal) (G1 Evacuation Pause) 536M->276M(1024M) 17,367ms
[2023-11-08T18:33:33.396+0100][gc,cpu        ] GC(379) User=0,15s Sys=0,01s Real=0,02s
[2023-11-08T18:33:34.220+0100][gc,start      ] GC(380) Pause Young (Normal) (G1 Evacuation Pause)
[2023-11-08T18:33:34.220+0100][gc,task       ] GC(380) Using 13 workers of 13 for evacuation
[2023-11-08T18:33:34.237+0100][gc,phases     ] GC(380)   Pre Evacuate Collection Set: 0,0ms
[2023-11-08T18:33:34.237+0100][gc,phases     ] GC(380)   Evacuate Collection Set: 13,9ms
[2023-11-08T18:33:34.237+0100][gc,phases     ] GC(380)   Post Evacuate Collection Set: 2,6ms
[2023-11-08T18:33:34.237+0100][gc,phases     ] GC(380)   Other: 0,5ms
[2023-11-08T18:33:34.237+0100][gc,heap       ] GC(380) Eden regions: 238->0(249)
[2023-11-08T18:33:34.237+0100][gc,heap       ] GC(380) Survivor regions: 6->7(31)
[2023-11-08T18:33:34.237+0100][gc,heap       ] GC(380) Old regions: 144->144
[2023-11-08T18:33:34.237+0100][gc,heap       ] GC(380) Humongous regions: 129->129
[2023-11-08T18:33:34.237+0100][gc,metaspace  ] GC(380) Metaspace: 48213K(52224K)->48213K(52224K) NonClass: 42256K(44544K)->42256K(44544K) Class: 5956K(7680K)->5956K(7680K)
[2023-11-08T18:33:34.237+0100][gc            ] GC(380) Pause Young (Normal) (G1 Evacuation Pause) 514M->277M(1024M) 17,543ms
[2023-11-08T18:33:34.237+0100][gc,cpu        ] GC(380) User=0,16s Sys=0,03s Real=0,02s
[2023-11-08T18:33:34.488+0100][gc,start      ] GC(381) Pause Young (Normal) (G1 Evacuation Pause)
[2023-11-08T18:33:34.488+0100][gc,task       ] GC(381) Using 13 workers of 13 for evacuation
[2023-11-08T18:33:34.492+0100][gc,phases     ] GC(381)   Pre Evacuate Collection Set: 0,0ms
[2023-11-08T18:33:34.492+0100][gc,phases     ] GC(381)   Evacuate Collection Set: 3,6ms
[2023-11-08T18:33:34.492+0100][gc,phases     ] GC(381)   Post Evacuate Collection Set: 0,5ms
[2023-11-08T18:33:34.492+0100][gc,phases     ] GC(381)   Other: 0,2ms
[2023-11-08T18:33:34.492+0100][gc,heap       ] GC(381) Eden regions: 72->0(130)
[2023-11-08T18:33:34.492+0100][gc,heap       ] GC(381) Survivor regions: 7->6(10)
[2023-11-08T18:33:34.492+0100][gc,heap       ] GC(381) Old regions: 144->146
[2023-11-08T18:33:34.492+0100][gc,heap       ] GC(381) Humongous regions: 129->129
[2023-11-08T18:33:34.492+0100][gc,metaspace  ] GC(381) Metaspace: 48213K(52224K)->48213K(52224K) NonClass: 42256K(44544K)->42256K(44544K) Class: 5956K(7680K)->5956K(7680K)
[2023-11-08T18:33:34.492+0100][gc            ] GC(381) Pause Young (Normal) (G1 Evacuation Pause) 349M->278M(1024M) 4,575ms
[2023-11-08T18:33:34.492+0100][gc,cpu        ] GC(381) User=0,03s Sys=0,01s Real=0,00s
[2023-11-08T18:33:34.939+0100][gc,start      ] GC(382) Pause Young (Normal) (G1 Evacuation Pause)
[2023-11-08T18:33:34.939+0100][gc,task       ] GC(382) Using 13 workers of 13 for evacuation
[2023-11-08T18:33:34.951+0100][gc,phases     ] GC(382)   Pre Evacuate Collection Set: 0,1ms
[2023-11-08T18:33:34.952+0100][gc,phases     ] GC(382)   Evacuate Collection Set: 10,0ms
[2023-11-08T18:33:34.952+0100][gc,phases     ] GC(382)   Post Evacuate Collection Set: 2,3ms
[2023-11-08T18:33:34.952+0100][gc,phases     ] GC(382)   Other: 0,5ms
[2023-11-08T18:33:34.952+0100][gc,heap       ] GC(382) Eden regions: 130->0(130)
[2023-11-08T18:33:34.952+0100][gc,heap       ] GC(382) Survivor regions: 6->6(17)
[2023-11-08T18:33:34.952+0100][gc,heap       ] GC(382) Old regions: 146->146
[2023-11-08T18:33:34.952+0100][gc,heap       ] GC(382) Humongous regions: 129->129
[2023-11-08T18:33:34.952+0100][gc,metaspace  ] GC(382) Metaspace: 48213K(52224K)->48213K(52224K) NonClass: 42256K(44544K)->42256K(44544K) Class: 5956K(7680K)->5956K(7680K)
[2023-11-08T18:33:34.952+0100][gc            ] GC(382) Pause Young (Normal) (G1 Evacuation Pause) 408M->278M(1024M) 13,649ms
[2023-11-08T18:33:34.952+0100][gc,cpu        ] GC(382) User=0,11s Sys=0,02s Real=0,01s
[2023-11-08T18:33:35.416+0100][gc,start      ] GC(383) Pause Young (Normal) (G1 Evacuation Pause)
[2023-11-08T18:33:35.416+0100][gc,task       ] GC(383) Using 13 workers of 13 for evacuation
[2023-11-08T18:33:35.428+0100][gc,phases     ] GC(383)   Pre Evacuate Collection Set: 0,0ms
[2023-11-08T18:33:35.428+0100][gc,phases     ] GC(383)   Evacuate Collection Set: 9,3ms
[2023-11-08T18:33:35.428+0100][gc,phases     ] GC(383)   Post Evacuate Collection Set: 2,3ms
[2023-11-08T18:33:35.428+0100][gc,phases     ] GC(383)   Other: 0,5ms
[2023-11-08T18:33:35.428+0100][gc,heap       ] GC(383) Eden regions: 130->0(141)
[2023-11-08T18:33:35.428+0100][gc,heap       ] GC(383) Survivor regions: 6->7(17)
[2023-11-08T18:33:35.428+0100][gc,heap       ] GC(383) Old regions: 146->146
[2023-11-08T18:33:35.429+0100][gc,heap       ] GC(383) Humongous regions: 129->129
[2023-11-08T18:33:35.429+0100][gc,metaspace  ] GC(383) Metaspace: 48213K(52224K)->48213K(52224K) NonClass: 42256K(44544K)->42256K(44544K) Class: 5956K(7680K)->5956K(7680K)
[2023-11-08T18:33:35.429+0100][gc            ] GC(383) Pause Young (Normal) (G1 Evacuation Pause) 408M->279M(1024M) 12,866ms
[2023-11-08T18:33:35.429+0100][gc,cpu        ] GC(383) User=0,09s Sys=0,03s Real=0,01s
[2023-11-08T18:33:35.907+0100][gc,start      ] GC(384) Pause Young (Normal) (G1 Evacuation Pause)
[2023-11-08T18:33:35.907+0100][gc,task       ] GC(384) Using 13 workers of 13 for evacuation
[2023-11-08T18:33:35.922+0100][gc,phases     ] GC(384)   Pre Evacuate Collection Set: 0,0ms
[2023-11-08T18:33:35.922+0100][gc,phases     ] GC(384)   Evacuate Collection Set: 12,2ms
[2023-11-08T18:33:35.922+0100][gc,phases     ] GC(384)   Post Evacuate Collection Set: 2,2ms
[2023-11-08T18:33:35.922+0100][gc,phases     ] GC(384)   Other: 0,5ms
[2023-11-08T18:33:35.922+0100][gc,heap       ] GC(384) Eden regions: 141->0(140)
[2023-11-08T18:33:35.922+0100][gc,heap       ] GC(384) Survivor regions: 7->7(19)
[2023-11-08T18:33:35.922+0100][gc,heap       ] GC(384) Old regions: 146->146
[2023-11-08T18:33:35.922+0100][gc,heap       ] GC(384) Humongous regions: 129->129
[2023-11-08T18:33:35.922+0100][gc,metaspace  ] GC(384) Metaspace: 48213K(52224K)->48213K(52224K) NonClass: 42256K(44544K)->42256K(44544K) Class: 5956K(7680K)->5956K(7680K)
[2023-11-08T18:33:35.922+0100][gc            ] GC(384) Pause Young (Normal) (G1 Evacuation Pause) 420M->279M(1024M) 15,794ms
[2023-11-08T18:33:35.923+0100][gc,cpu        ] GC(384) User=0,13s Sys=0,03s Real=0,01s
[2023-11-08T18:33:36.337+0100][gc,start      ] GC(385) Pause Young (Normal) (G1 Evacuation Pause)
[2023-11-08T18:33:36.337+0100][gc,task       ] GC(385) Using 13 workers of 13 for evacuation
[2023-11-08T18:33:36.350+0100][gc,phases     ] GC(385)   Pre Evacuate Collection Set: 0,0ms
[2023-11-08T18:33:36.350+0100][gc,phases     ] GC(385)   Evacuate Collection Set: 10,7ms
[2023-11-08T18:33:36.350+0100][gc,phases     ] GC(385)   Post Evacuate Collection Set: 2,2ms
[2023-11-08T18:33:36.351+0100][gc,phases     ] GC(385)   Other: 0,5ms
[2023-11-08T18:33:36.351+0100][gc,heap       ] GC(385) Eden regions: 120->0(143)
[2023-11-08T18:33:36.351+0100][gc,heap       ] GC(385) Survivor regions: 7->8(16)
[2023-11-08T18:33:36.351+0100][gc,heap       ] GC(385) Old regions: 146->146
[2023-11-08T18:33:36.351+0100][gc,heap       ] GC(385) Humongous regions: 129->129
[2023-11-08T18:33:36.351+0100][gc,metaspace  ] GC(385) Metaspace: 48213K(52224K)->48213K(52224K) NonClass: 42256K(44544K)->42256K(44544K) Class: 5956K(7680K)->5956K(7680K)
[2023-11-08T18:33:36.351+0100][gc            ] GC(385) Pause Young (Normal) (G1 Evacuation Pause) 399M->280M(1024M) 14,254ms
[2023-11-08T18:33:36.351+0100][gc,cpu        ] GC(385) User=0,14s Sys=0,00s Real=0,01s
[2023-11-08T18:33:36.761+0100][gc,start      ] GC(386) Pause Young (Normal) (G1 Evacuation Pause)
[2023-11-08T18:33:36.761+0100][gc,task       ] GC(386) Using 13 workers of 13 for evacuation
[2023-11-08T18:33:36.765+0100][gc,phases     ] GC(386)   Pre Evacuate Collection Set: 0,0ms
[2023-11-08T18:33:36.765+0100][gc,phases     ] GC(386)   Evacuate Collection Set: 3,4ms
[2023-11-08T18:33:36.765+0100][gc,phases     ] GC(386)   Post Evacuate Collection Set: 0,5ms
[2023-11-08T18:33:36.765+0100][gc,phases     ] GC(386)   Other: 0,2ms
[2023-11-08T18:33:36.765+0100][gc,heap       ] GC(386) Eden regions: 122->0(168)
[2023-11-08T18:33:36.765+0100][gc,heap       ] GC(386) Survivor regions: 8->8(17)
[2023-11-08T18:33:36.765+0100][gc,heap       ] GC(386) Old regions: 146->146
[2023-11-08T18:33:36.765+0100][gc,heap       ] GC(386) Humongous regions: 129->129
[2023-11-08T18:33:36.765+0100][gc,metaspace  ] GC(386) Metaspace: 48213K(52224K)->48213K(52224K) NonClass: 42256K(44544K)->42256K(44544K) Class: 5956K(7680K)->5956K(7680K)
[2023-11-08T18:33:36.765+0100][gc            ] GC(386) Pause Young (Normal) (G1 Evacuation Pause) 402M->280M(1024M) 4,326ms
[2023-11-08T18:33:36.765+0100][gc,cpu        ] GC(386) User=0,05s Sys=0,00s Real=0,01s
[2023-11-08T18:33:37.397+0100][gc,start      ] GC(387) Pause Young (Normal) (G1 Evacuation Pause)
[2023-11-08T18:33:37.397+0100][gc,task       ] GC(387) Using 13 workers of 13 for evacuation
[2023-11-08T18:33:37.411+0100][gc,phases     ] GC(387)   Pre Evacuate Collection Set: 0,0ms
[2023-11-08T18:33:37.411+0100][gc,phases     ] GC(387)   Evacuate Collection Set: 10,9ms
[2023-11-08T18:33:37.411+0100][gc,phases     ] GC(387)   Post Evacuate Collection Set: 2,4ms
[2023-11-08T18:33:37.411+0100][gc,phases     ] GC(387)   Other: 0,5ms
[2023-11-08T18:33:37.411+0100][gc,heap       ] GC(387) Eden regions: 168->0(177)
[2023-11-08T18:33:37.411+0100][gc,heap       ] GC(387) Survivor regions: 8->9(22)
[2023-11-08T18:33:37.411+0100][gc,heap       ] GC(387) Old regions: 146->146
[2023-11-08T18:33:37.412+0100][gc,heap       ] GC(387) Humongous regions: 129->129
[2023-11-08T18:33:37.412+0100][gc,metaspace  ] GC(387) Metaspace: 48213K(52224K)->48213K(52224K) NonClass: 42256K(44544K)->42256K(44544K) Class: 5956K(7680K)->5956K(7680K)
[2023-11-08T18:33:37.412+0100][gc            ] GC(387) Pause Young (Normal) (G1 Evacuation Pause) 448M->280M(1024M) 14,684ms
[2023-11-08T18:33:37.412+0100][gc,cpu        ] GC(387) User=0,14s Sys=0,00s Real=0,01s
[2023-11-08T18:33:37.964+0100][gc,start      ] GC(388) Pause Young (Normal) (G1 Evacuation Pause)
[2023-11-08T18:33:37.964+0100][gc,task       ] GC(388) Using 13 workers of 13 for evacuation
[2023-11-08T18:33:37.968+0100][gc,phases     ] GC(388)   Pre Evacuate Collection Set: 0,0ms
[2023-11-08T18:33:37.968+0100][gc,phases     ] GC(388)   Evacuate Collection Set: 3,3ms
[2023-11-08T18:33:37.968+0100][gc,phases     ] GC(388)   Post Evacuate Collection Set: 0,4ms
[2023-11-08T18:33:37.968+0100][gc,phases     ] GC(388)   Other: 0,2ms
[2023-11-08T18:33:37.968+0100][gc,heap       ] GC(388) Eden regions: 155->0(208)
[2023-11-08T18:33:37.968+0100][gc,heap       ] GC(388) Survivor regions: 9->10(21)
[2023-11-08T18:33:37.968+0100][gc,heap       ] GC(388) Old regions: 146->146
[2023-11-08T18:33:37.968+0100][gc,heap       ] GC(388) Humongous regions: 129->129
[2023-11-08T18:33:37.968+0100][gc,metaspace  ] GC(388) Metaspace: 48213K(52224K)->48213K(52224K) NonClass: 42256K(44544K)->42256K(44544K) Class: 5956K(7680K)->5956K(7680K)
[2023-11-08T18:33:37.968+0100][gc            ] GC(388) Pause Young (Normal) (G1 Evacuation Pause) 435M->281M(1024M) 4,089ms
[2023-11-08T18:33:37.968+0100][gc,cpu        ] GC(388) User=0,03s Sys=0,01s Real=0,00s
[2023-11-08T18:33:38.728+0100][gc,start      ] GC(389) Pause Young (Normal) (G1 Evacuation Pause)
[2023-11-08T18:33:38.728+0100][gc,task       ] GC(389) Using 13 workers of 13 for evacuation
[2023-11-08T18:33:38.745+0100][gc,phases     ] GC(389)   Pre Evacuate Collection Set: 0,0ms
[2023-11-08T18:33:38.745+0100][gc,phases     ] GC(389)   Evacuate Collection Set: 13,4ms
[2023-11-08T18:33:38.745+0100][gc,phases     ] GC(389)   Post Evacuate Collection Set: 2,6ms
[2023-11-08T18:33:38.745+0100][gc,phases     ] GC(389)   Other: 0,4ms
[2023-11-08T18:33:38.745+0100][gc,heap       ] GC(389) Eden regions: 208->0(202)
[2023-11-08T18:33:38.745+0100][gc,heap       ] GC(389) Survivor regions: 10->10(28)
[2023-11-08T18:33:38.745+0100][gc,heap       ] GC(389) Old regions: 146->146
[2023-11-08T18:33:38.745+0100][gc,heap       ] GC(389) Humongous regions: 129->129
[2023-11-08T18:33:38.745+0100][gc,metaspace  ] GC(389) Metaspace: 48213K(52224K)->48213K(52224K) NonClass: 42256K(44544K)->42256K(44544K) Class: 5956K(7680K)->5956K(7680K)
[2023-11-08T18:33:38.745+0100][gc            ] GC(389) Pause Young (Normal) (G1 Evacuation Pause) 489M->282M(1024M) 17,229ms
[2023-11-08T18:33:38.745+0100][gc,cpu        ] GC(389) User=0,16s Sys=0,01s Real=0,02s
[2023-11-08T18:33:39.295+0100][gc,start      ] GC(390) Pause Young (Normal) (G1 Evacuation Pause)
[2023-11-08T18:33:39.295+0100][gc,task       ] GC(390) Using 13 workers of 13 for evacuation
[2023-11-08T18:33:39.314+0100][gc,phases     ] GC(390)   Pre Evacuate Collection Set: 0,0ms
[2023-11-08T18:33:39.314+0100][gc,phases     ] GC(390)   Evacuate Collection Set: 16,9ms
[2023-11-08T18:33:39.314+0100][gc,phases     ] GC(390)   Post Evacuate Collection Set: 1,2ms
[2023-11-08T18:33:39.314+0100][gc,phases     ] GC(390)   Other: 0,3ms
[2023-11-08T18:33:39.314+0100][gc,heap       ] GC(390) Eden regions: 153->0(176)
[2023-11-08T18:33:39.314+0100][gc,heap       ] GC(390) Survivor regions: 10->11(21)
[2023-11-08T18:33:39.314+0100][gc,heap       ] GC(390) Old regions: 146->146
[2023-11-08T18:33:39.314+0100][gc,heap       ] GC(390) Humongous regions: 129->129
[2023-11-08T18:33:39.314+0100][gc,metaspace  ] GC(390) Metaspace: 48213K(52224K)->48213K(52224K) NonClass: 42256K(44544K)->42256K(44544K) Class: 5956K(7680K)->5956K(7680K)
[2023-11-08T18:33:39.314+0100][gc            ] GC(390) Pause Young (Normal) (G1 Evacuation Pause) 435M->283M(1024M) 18,852ms
[2023-11-08T18:33:39.314+0100][gc,cpu        ] GC(390) User=0,21s Sys=0,01s Real=0,01s
[2023-11-08T18:33:39.592+0100][gc,start      ] GC(391) Pause Young (Normal) (G1 Evacuation Pause)
[2023-11-08T18:33:39.592+0100][gc,task       ] GC(391) Using 13 workers of 13 for evacuation
[2023-11-08T18:33:39.597+0100][gc,phases     ] GC(391)   Pre Evacuate Collection Set: 0,0ms
[2023-11-08T18:33:39.597+0100][gc,phases     ] GC(391)   Evacuate Collection Set: 4,3ms
[2023-11-08T18:33:39.597+0100][gc,phases     ] GC(391)   Post Evacuate Collection Set: 0,5ms
[2023-11-08T18:33:39.597+0100][gc,phases     ] GC(391)   Other: 0,3ms
[2023-11-08T18:33:39.597+0100][gc,heap       ] GC(391) Eden regions: 84->0(207)
[2023-11-08T18:33:39.597+0100][gc,heap       ] GC(391) Survivor regions: 11->8(12)
[2023-11-08T18:33:39.597+0100][gc,heap       ] GC(391) Old regions: 146->149
[2023-11-08T18:33:39.597+0100][gc,heap       ] GC(391) Humongous regions: 129->129
[2023-11-08T18:33:39.597+0100][gc,metaspace  ] GC(391) Metaspace: 48213K(52224K)->48213K(52224K) NonClass: 42256K(44544K)->42256K(44544K) Class: 5956K(7680K)->5956K(7680K)
[2023-11-08T18:33:39.597+0100][gc            ] GC(391) Pause Young (Normal) (G1 Evacuation Pause) 367M->283M(1024M) 5,300ms
[2023-11-08T18:33:39.598+0100][gc,cpu        ] GC(391) User=0,05s Sys=0,00s Real=0,01s
[2023-11-08T18:33:40.327+0100][gc,start      ] GC(392) Pause Young (Normal) (G1 Evacuation Pause)
[2023-11-08T18:33:40.327+0100][gc,task       ] GC(392) Using 13 workers of 13 for evacuation
[2023-11-08T18:33:40.345+0100][gc,phases     ] GC(392)   Pre Evacuate Collection Set: 0,0ms
[2023-11-08T18:33:40.345+0100][gc,phases     ] GC(392)   Evacuate Collection Set: 14,0ms
[2023-11-08T18:33:40.345+0100][gc,phases     ] GC(392)   Post Evacuate Collection Set: 2,7ms
[2023-11-08T18:33:40.345+0100][gc,phases     ] GC(392)   Other: 0,4ms
[2023-11-08T18:33:40.345+0100][gc,heap       ] GC(392) Eden regions: 207->0(191)
[2023-11-08T18:33:40.345+0100][gc,heap       ] GC(392) Survivor regions: 8->8(27)
[2023-11-08T18:33:40.345+0100][gc,heap       ] GC(392) Old regions: 149->149
[2023-11-08T18:33:40.345+0100][gc,heap       ] GC(392) Humongous regions: 129->129
[2023-11-08T18:33:40.345+0100][gc,metaspace  ] GC(392) Metaspace: 48213K(52224K)->48213K(52224K) NonClass: 42256K(44544K)->42256K(44544K) Class: 5956K(7680K)->5956K(7680K)
[2023-11-08T18:33:40.345+0100][gc            ] GC(392) Pause Young (Normal) (G1 Evacuation Pause) 490M->283M(1024M) 17,588ms
[2023-11-08T18:33:40.345+0100][gc,cpu        ] GC(392) User=0,17s Sys=0,02s Real=0,02s
[2023-11-08T18:33:41.011+0100][gc,start      ] GC(393) Pause Young (Normal) (G1 Evacuation Pause)
[2023-11-08T18:33:41.011+0100][gc,task       ] GC(393) Using 13 workers of 13 for evacuation
[2023-11-08T18:33:41.015+0100][gc,phases     ] GC(393)   Pre Evacuate Collection Set: 0,0ms
[2023-11-08T18:33:41.015+0100][gc,phases     ] GC(393)   Evacuate Collection Set: 3,6ms
[2023-11-08T18:33:41.015+0100][gc,phases     ] GC(393)   Post Evacuate Collection Set: 0,5ms
[2023-11-08T18:33:41.015+0100][gc,phases     ] GC(393)   Other: 0,2ms
[2023-11-08T18:33:41.015+0100][gc,heap       ] GC(393) Eden regions: 191->0(228)
[2023-11-08T18:33:41.016+0100][gc,heap       ] GC(393) Survivor regions: 8->9(25)
[2023-11-08T18:33:41.016+0100][gc,heap       ] GC(393) Old regions: 149->149
[2023-11-08T18:33:41.016+0100][gc,heap       ] GC(393) Humongous regions: 129->129
[2023-11-08T18:33:41.016+0100][gc,metaspace  ] GC(393) Metaspace: 48213K(52224K)->48213K(52224K) NonClass: 42256K(44544K)->42256K(44544K) Class: 5956K(7680K)->5956K(7680K)
[2023-11-08T18:33:41.016+0100][gc            ] GC(393) Pause Young (Normal) (G1 Evacuation Pause) 474M->284M(1024M) 4,470ms
[2023-11-08T18:33:41.016+0100][gc,cpu        ] GC(393) User=0,05s Sys=0,00s Real=0,01s
[2023-11-08T18:33:41.873+0100][gc,start      ] GC(394) Pause Young (Normal) (G1 Evacuation Pause)
[2023-11-08T18:33:41.873+0100][gc,task       ] GC(394) Using 13 workers of 13 for evacuation
[2023-11-08T18:33:41.892+0100][gc,phases     ] GC(394)   Pre Evacuate Collection Set: 0,0ms
[2023-11-08T18:33:41.892+0100][gc,phases     ] GC(394)   Evacuate Collection Set: 15,9ms
[2023-11-08T18:33:41.892+0100][gc,phases     ] GC(394)   Post Evacuate Collection Set: 2,2ms
[2023-11-08T18:33:41.892+0100][gc,phases     ] GC(394)   Other: 0,4ms
[2023-11-08T18:33:41.892+0100][gc,heap       ] GC(394) Eden regions: 228->0(210)
[2023-11-08T18:33:41.892+0100][gc,heap       ] GC(394) Survivor regions: 9->10(30)
[2023-11-08T18:33:41.892+0100][gc,heap       ] GC(394) Old regions: 149->149
[2023-11-08T18:33:41.892+0100][gc,heap       ] GC(394) Humongous regions: 129->129
[2023-11-08T18:33:41.892+0100][gc,metaspace  ] GC(394) Metaspace: 48213K(52224K)->48213K(52224K) NonClass: 42256K(44544K)->42256K(44544K) Class: 5956K(7680K)->5956K(7680K)
[2023-11-08T18:33:41.892+0100][gc            ] GC(394) Pause Young (Normal) (G1 Evacuation Pause) 512M->285M(1024M) 18,965ms
[2023-11-08T18:33:41.892+0100][gc,cpu        ] GC(394) User=0,21s Sys=0,00s Real=0,02s
[2023-11-08T18:33:42.621+0100][gc,start      ] GC(395) Pause Young (Normal) (G1 Evacuation Pause)
[2023-11-08T18:33:42.621+0100][gc,task       ] GC(395) Using 13 workers of 13 for evacuation
[2023-11-08T18:33:42.640+0100][gc,phases     ] GC(395)   Pre Evacuate Collection Set: 0,0ms
[2023-11-08T18:33:42.640+0100][gc,phases     ] GC(395)   Evacuate Collection Set: 17,3ms
[2023-11-08T18:33:42.640+0100][gc,phases     ] GC(395)   Post Evacuate Collection Set: 1,2ms
[2023-11-08T18:33:42.640+0100][gc,phases     ] GC(395)   Other: 0,3ms
[2023-11-08T18:33:42.640+0100][gc,heap       ] GC(395) Eden regions: 210->0(199)
[2023-11-08T18:33:42.640+0100][gc,heap       ] GC(395) Survivor regions: 10->10(28)
[2023-11-08T18:33:42.640+0100][gc,heap       ] GC(395) Old regions: 149->150
[2023-11-08T18:33:42.640+0100][gc,heap       ] GC(395) Humongous regions: 129->129
[2023-11-08T18:33:42.640+0100][gc,metaspace  ] GC(395) Metaspace: 48213K(52224K)->48213K(52224K) NonClass: 42256K(44544K)->42256K(44544K) Class: 5956K(7680K)->5956K(7680K)
[2023-11-08T18:33:42.640+0100][gc            ] GC(395) Pause Young (Normal) (G1 Evacuation Pause) 495M->286M(1024M) 19,037ms
[2023-11-08T18:33:42.640+0100][gc,cpu        ] GC(395) User=0,21s Sys=0,01s Real=0,02s
[2023-11-08T18:33:43.350+0100][gc,start      ] GC(396) Pause Young (Normal) (G1 Evacuation Pause)
[2023-11-08T18:33:43.350+0100][gc,task       ] GC(396) Using 13 workers of 13 for evacuation
[2023-11-08T18:33:43.368+0100][gc,phases     ] GC(396)   Pre Evacuate Collection Set: 0,0ms
[2023-11-08T18:33:43.368+0100][gc,phases     ] GC(396)   Evacuate Collection Set: 15,7ms
[2023-11-08T18:33:43.368+0100][gc,phases     ] GC(396)   Post Evacuate Collection Set: 2,0ms
[2023-11-08T18:33:43.368+0100][gc,phases     ] GC(396)   Other: 0,3ms
[2023-11-08T18:33:43.368+0100][gc,heap       ] GC(396) Eden regions: 199->0(199)
[2023-11-08T18:33:43.368+0100][gc,heap       ] GC(396) Survivor regions: 10->10(27)
[2023-11-08T18:33:43.369+0100][gc,heap       ] GC(396) Old regions: 150->151
[2023-11-08T18:33:43.369+0100][gc,heap       ] GC(396) Humongous regions: 129->129
[2023-11-08T18:33:43.369+0100][gc,metaspace  ] GC(396) Metaspace: 48213K(52224K)->48213K(52224K) NonClass: 42256K(44544K)->42256K(44544K) Class: 5956K(7680K)->5956K(7680K)
[2023-11-08T18:33:43.369+0100][gc            ] GC(396) Pause Young (Normal) (G1 Evacuation Pause) 485M->286M(1024M) 18,505ms
[2023-11-08T18:33:43.369+0100][gc,cpu        ] GC(396) User=0,20s Sys=0,00s Real=0,02s
[2023-11-08T18:33:44.095+0100][gc,start      ] GC(397) Pause Young (Normal) (G1 Evacuation Pause)
[2023-11-08T18:33:44.095+0100][gc,task       ] GC(397) Using 13 workers of 13 for evacuation
[2023-11-08T18:33:44.100+0100][gc,phases     ] GC(397)   Pre Evacuate Collection Set: 0,0ms
[2023-11-08T18:33:44.100+0100][gc,phases     ] GC(397)   Evacuate Collection Set: 3,9ms
[2023-11-08T18:33:44.100+0100][gc,phases     ] GC(397)   Post Evacuate Collection Set: 0,5ms
[2023-11-08T18:33:44.100+0100][gc,phases     ] GC(397)   Other: 0,2ms
[2023-11-08T18:33:44.100+0100][gc,heap       ] GC(397) Eden regions: 175->0(251)
[2023-11-08T18:33:44.100+0100][gc,heap       ] GC(397) Survivor regions: 10->10(24)
[2023-11-08T18:33:44.100+0100][gc,heap       ] GC(397) Old regions: 151->151
[2023-11-08T18:33:44.100+0100][gc,heap       ] GC(397) Humongous regions: 129->129
[2023-11-08T18:33:44.100+0100][gc,metaspace  ] GC(397) Metaspace: 48213K(52224K)->48213K(52224K) NonClass: 42256K(44544K)->42256K(44544K) Class: 5956K(7680K)->5956K(7680K)
[2023-11-08T18:33:44.100+0100][gc            ] GC(397) Pause Young (Normal) (G1 Evacuation Pause) 461M->287M(1024M) 4,680ms
[2023-11-08T18:33:44.100+0100][gc,cpu        ] GC(397) User=0,05s Sys=0,00s Real=0,00s
[2023-11-08T18:33:44.998+0100][gc,start      ] GC(398) Pause Young (Normal) (G1 Evacuation Pause)
[2023-11-08T18:33:44.998+0100][gc,task       ] GC(398) Using 13 workers of 13 for evacuation
[2023-11-08T18:33:45.014+0100][gc,phases     ] GC(398)   Pre Evacuate Collection Set: 0,0ms
[2023-11-08T18:33:45.014+0100][gc,phases     ] GC(398)   Evacuate Collection Set: 13,6ms
[2023-11-08T18:33:45.014+0100][gc,phases     ] GC(398)   Post Evacuate Collection Set: 2,4ms
[2023-11-08T18:33:45.015+0100][gc,phases     ] GC(398)   Other: 0,5ms
[2023-11-08T18:33:45.015+0100][gc,heap       ] GC(398) Eden regions: 251->0(260)
[2023-11-08T18:33:45.015+0100][gc,heap       ] GC(398) Survivor regions: 10->11(33)
[2023-11-08T18:33:45.015+0100][gc,heap       ] GC(398) Old regions: 151->151
[2023-11-08T18:33:45.015+0100][gc,heap       ] GC(398) Humongous regions: 129->129
[2023-11-08T18:33:45.015+0100][gc,metaspace  ] GC(398) Metaspace: 48213K(52224K)->48213K(52224K) NonClass: 42256K(44544K)->42256K(44544K) Class: 5956K(7680K)->5956K(7680K)
[2023-11-08T18:33:45.015+0100][gc            ] GC(398) Pause Young (Normal) (G1 Evacuation Pause) 538M->288M(1024M) 17,437ms
[2023-11-08T18:33:45.015+0100][gc,cpu        ] GC(398) User=0,18s Sys=0,00s Real=0,02s
[2023-11-08T18:33:45.897+0100][gc,start      ] GC(399) Pause Young (Normal) (G1 Evacuation Pause)
[2023-11-08T18:33:45.897+0100][gc,task       ] GC(399) Using 13 workers of 13 for evacuation
[2023-11-08T18:33:45.903+0100][gc,phases     ] GC(399)   Pre Evacuate Collection Set: 0,0ms
[2023-11-08T18:33:45.903+0100][gc,phases     ] GC(399)   Evacuate Collection Set: 5,4ms
[2023-11-08T18:33:45.903+0100][gc,phases     ] GC(399)   Post Evacuate Collection Set: 0,7ms
[2023-11-08T18:33:45.903+0100][gc,phases     ] GC(399)   Other: 0,4ms
[2023-11-08T18:33:45.903+0100][gc,heap       ] GC(399) Eden regions: 256->0(315)
[2023-11-08T18:33:45.903+0100][gc,heap       ] GC(399) Survivor regions: 11->11(34)
[2023-11-08T18:33:45.903+0100][gc,heap       ] GC(399) Old regions: 151->152
[2023-11-08T18:33:45.903+0100][gc,heap       ] GC(399) Humongous regions: 129->129
[2023-11-08T18:33:45.903+0100][gc,metaspace  ] GC(399) Metaspace: 48213K(52224K)->48213K(52224K) NonClass: 42256K(44544K)->42256K(44544K) Class: 5956K(7680K)->5956K(7680K)
[2023-11-08T18:33:45.903+0100][gc            ] GC(399) Pause Young (Normal) (G1 Evacuation Pause) 544M->289M(1024M) 6,754ms
[2023-11-08T18:33:45.904+0100][gc,cpu        ] GC(399) User=0,06s Sys=0,00s Real=0,01s
[2023-11-08T18:33:46.805+0100][gc,start      ] GC(400) Pause Young (Normal) (G1 Evacuation Pause)
[2023-11-08T18:33:46.805+0100][gc,task       ] GC(400) Using 13 workers of 13 for evacuation
[2023-11-08T18:33:46.810+0100][gc,phases     ] GC(400)   Pre Evacuate Collection Set: 0,0ms
[2023-11-08T18:33:46.810+0100][gc,phases     ] GC(400)   Evacuate Collection Set: 4,6ms
[2023-11-08T18:33:46.810+0100][gc,phases     ] GC(400)   Post Evacuate Collection Set: 0,6ms
[2023-11-08T18:33:46.810+0100][gc,phases     ] GC(400)   Other: 0,2ms
[2023-11-08T18:33:46.810+0100][gc,heap       ] GC(400) Eden regions: 244->0(365)
[2023-11-08T18:33:46.810+0100][gc,heap       ] GC(400) Survivor regions: 11->12(32)
[2023-11-08T18:33:46.810+0100][gc,heap       ] GC(400) Old regions: 152->152
[2023-11-08T18:33:46.810+0100][gc,heap       ] GC(400) Humongous regions: 129->129
[2023-11-08T18:33:46.810+0100][gc,metaspace  ] GC(400) Metaspace: 48213K(52224K)->48213K(52224K) NonClass: 42256K(44544K)->42256K(44544K) Class: 5956K(7680K)->5956K(7680K)
[2023-11-08T18:33:46.810+0100][gc            ] GC(400) Pause Young (Normal) (G1 Evacuation Pause) 533M->290M(1024M) 5,569ms
[2023-11-08T18:33:46.810+0100][gc,cpu        ] GC(400) User=0,05s Sys=0,00s Real=0,00s
[2023-11-08T18:33:48.215+0100][gc,start      ] GC(401) Pause Young (Normal) (G1 Evacuation Pause)
[2023-11-08T18:33:48.215+0100][gc,task       ] GC(401) Using 13 workers of 13 for evacuation
[2023-11-08T18:33:48.238+0100][gc,mmu        ] GC(401) MMU target violated: 21,0ms (20,0ms/21,0ms)
[2023-11-08T18:33:48.238+0100][gc,phases     ] GC(401)   Pre Evacuate Collection Set: 0,0ms
[2023-11-08T18:33:48.238+0100][gc,phases     ] GC(401)   Evacuate Collection Set: 21,5ms
[2023-11-08T18:33:48.238+0100][gc,phases     ] GC(401)   Post Evacuate Collection Set: 0,9ms
[2023-11-08T18:33:48.238+0100][gc,phases     ] GC(401)   Other: 0,5ms
[2023-11-08T18:33:48.238+0100][gc,heap       ] GC(401) Eden regions: 365->0(311)
[2023-11-08T18:33:48.238+0100][gc,heap       ] GC(401) Survivor regions: 12->13(48)
[2023-11-08T18:33:48.238+0100][gc,heap       ] GC(401) Old regions: 152->153
[2023-11-08T18:33:48.238+0100][gc,heap       ] GC(401) Humongous regions: 129->129
[2023-11-08T18:33:48.238+0100][gc,metaspace  ] GC(401) Metaspace: 48213K(52224K)->48213K(52224K) NonClass: 42256K(44544K)->42256K(44544K) Class: 5956K(7680K)->5956K(7680K)
[2023-11-08T18:33:48.238+0100][gc            ] GC(401) Pause Young (Normal) (G1 Evacuation Pause) 655M->293M(1024M) 23,065ms
[2023-11-08T18:33:48.238+0100][gc,cpu        ] GC(401) User=0,20s Sys=0,03s Real=0,02s
[2023-11-08T18:33:49.228+0100][gc,start      ] GC(402) Pause Young (Normal) (G1 Evacuation Pause)
[2023-11-08T18:33:49.228+0100][gc,task       ] GC(402) Using 13 workers of 13 for evacuation
[2023-11-08T18:33:49.234+0100][gc,phases     ] GC(402)   Pre Evacuate Collection Set: 0,0ms
[2023-11-08T18:33:49.234+0100][gc,phases     ] GC(402)   Evacuate Collection Set: 5,4ms
[2023-11-08T18:33:49.234+0100][gc,phases     ] GC(402)   Post Evacuate Collection Set: 0,6ms
[2023-11-08T18:33:49.234+0100][gc,phases     ] GC(402)   Other: 0,3ms
[2023-11-08T18:33:49.234+0100][gc,heap       ] GC(402) Eden regions: 241->0(303)
[2023-11-08T18:33:49.234+0100][gc,heap       ] GC(402) Survivor regions: 13->14(32)
[2023-11-08T18:33:49.234+0100][gc,heap       ] GC(402) Old regions: 153->154
[2023-11-08T18:33:49.234+0100][gc,heap       ] GC(402) Humongous regions: 129->129
[2023-11-08T18:33:49.234+0100][gc,metaspace  ] GC(402) Metaspace: 48213K(52224K)->48213K(52224K) NonClass: 42256K(44544K)->42256K(44544K) Class: 5956K(7680K)->5956K(7680K)
[2023-11-08T18:33:49.234+0100][gc            ] GC(402) Pause Young (Normal) (G1 Evacuation Pause) 534M->294M(1024M) 6,413ms
[2023-11-08T18:33:49.234+0100][gc,cpu        ] GC(402) User=0,06s Sys=0,01s Real=0,00s
[2023-11-08T18:33:50.189+0100][gc,start      ] GC(403) Pause Young (Normal) (G1 Evacuation Pause)
[2023-11-08T18:33:50.189+0100][gc,task       ] GC(403) Using 13 workers of 13 for evacuation
[2023-11-08T18:33:50.195+0100][gc,phases     ] GC(403)   Pre Evacuate Collection Set: 0,0ms
[2023-11-08T18:33:50.195+0100][gc,phases     ] GC(403)   Evacuate Collection Set: 5,5ms
[2023-11-08T18:33:50.195+0100][gc,phases     ] GC(403)   Post Evacuate Collection Set: 0,5ms
[2023-11-08T18:33:50.195+0100][gc,phases     ] GC(403)   Other: 0,2ms
[2023-11-08T18:33:50.195+0100][gc,heap       ] GC(403) Eden regions: 260->0(351)
[2023-11-08T18:33:50.195+0100][gc,heap       ] GC(403) Survivor regions: 14->14(35)
[2023-11-08T18:33:50.195+0100][gc,heap       ] GC(403) Old regions: 154->154
[2023-11-08T18:33:50.195+0100][gc,heap       ] GC(403) Humongous regions: 129->129
[2023-11-08T18:33:50.196+0100][gc,metaspace  ] GC(403) Metaspace: 48213K(52224K)->48213K(52224K) NonClass: 42256K(44544K)->42256K(44544K) Class: 5956K(7680K)->5956K(7680K)
[2023-11-08T18:33:50.196+0100][gc            ] GC(403) Pause Young (Normal) (G1 Evacuation Pause) 554M->295M(1024M) 6,328ms
[2023-11-08T18:33:50.196+0100][gc,cpu        ] GC(403) User=0,06s Sys=0,00s Real=0,01s
[2023-11-08T18:33:51.439+0100][gc,start      ] GC(404) Pause Young (Normal) (G1 Evacuation Pause)
[2023-11-08T18:33:51.439+0100][gc,task       ] GC(404) Using 13 workers of 13 for evacuation
[2023-11-08T18:33:51.461+0100][gc,mmu        ] GC(404) MMU target violated: 21,0ms (20,0ms/21,0ms)
[2023-11-08T18:33:51.461+0100][gc,phases     ] GC(404)   Pre Evacuate Collection Set: 0,0ms
[2023-11-08T18:33:51.461+0100][gc,phases     ] GC(404)   Evacuate Collection Set: 20,9ms
[2023-11-08T18:33:51.461+0100][gc,phases     ] GC(404)   Post Evacuate Collection Set: 0,8ms
[2023-11-08T18:33:51.461+0100][gc,phases     ] GC(404)   Other: 0,4ms
[2023-11-08T18:33:51.461+0100][gc,heap       ] GC(404) Eden regions: 351->0(290)
[2023-11-08T18:33:51.461+0100][gc,heap       ] GC(404) Survivor regions: 14->15(46)
[2023-11-08T18:33:51.461+0100][gc,heap       ] GC(404) Old regions: 154->155
[2023-11-08T18:33:51.461+0100][gc,heap       ] GC(404) Humongous regions: 129->129
[2023-11-08T18:33:51.461+0100][gc,metaspace  ] GC(404) Metaspace: 48213K(52224K)->48213K(52224K) NonClass: 42256K(44544K)->42256K(44544K) Class: 5956K(7680K)->5956K(7680K)
[2023-11-08T18:33:51.461+0100][gc            ] GC(404) Pause Young (Normal) (G1 Evacuation Pause) 646M->296M(1024M) 22,325ms
[2023-11-08T18:33:51.461+0100][gc,cpu        ] GC(404) User=0,27s Sys=0,01s Real=0,02s
[2023-11-08T18:33:52.266+0100][gc,start      ] GC(405) Pause Young (Normal) (G1 Evacuation Pause)
[2023-11-08T18:33:52.266+0100][gc,task       ] GC(405) Using 13 workers of 13 for evacuation
[2023-11-08T18:33:52.288+0100][gc,mmu        ] GC(405) MMU target violated: 21,0ms (20,0ms/21,0ms)
[2023-11-08T18:33:52.288+0100][gc,phases     ] GC(405)   Pre Evacuate Collection Set: 0,0ms
[2023-11-08T18:33:52.288+0100][gc,phases     ] GC(405)   Evacuate Collection Set: 20,6ms
[2023-11-08T18:33:52.288+0100][gc,phases     ] GC(405)   Post Evacuate Collection Set: 0,8ms
[2023-11-08T18:33:52.288+0100][gc,phases     ] GC(405)   Other: 0,3ms
[2023-11-08T18:33:52.288+0100][gc,heap       ] GC(405) Eden regions: 243->0(256)
[2023-11-08T18:33:52.288+0100][gc,heap       ] GC(405) Survivor regions: 15->15(33)
[2023-11-08T18:33:52.288+0100][gc,heap       ] GC(405) Old regions: 155->156
[2023-11-08T18:33:52.288+0100][gc,heap       ] GC(405) Humongous regions: 129->129
[2023-11-08T18:33:52.288+0100][gc,metaspace  ] GC(405) Metaspace: 48213K(52224K)->48213K(52224K) NonClass: 42256K(44544K)->42256K(44544K) Class: 5956K(7680K)->5956K(7680K)
[2023-11-08T18:33:52.288+0100][gc            ] GC(405) Pause Young (Normal) (G1 Evacuation Pause) 539M->297M(1024M) 21,929ms
[2023-11-08T18:33:52.288+0100][gc,cpu        ] GC(405) User=0,26s Sys=0,00s Real=0,02s
[2023-11-08T18:33:52.500+0100][gc,start      ] GC(406) Pause Young (Normal) (G1 Evacuation Pause)
[2023-11-08T18:33:52.500+0100][gc,task       ] GC(406) Using 13 workers of 13 for evacuation
[2023-11-08T18:33:52.521+0100][gc,mmu        ] GC(406) MMU target violated: 20,4ms (20,0ms/21,0ms)
[2023-11-08T18:33:52.521+0100][gc,phases     ] GC(406)   Pre Evacuate Collection Set: 0,0ms
[2023-11-08T18:33:52.521+0100][gc,phases     ] GC(406)   Evacuate Collection Set: 19,4ms
[2023-11-08T18:33:52.521+0100][gc,phases     ] GC(406)   Post Evacuate Collection Set: 0,9ms
[2023-11-08T18:33:52.521+0100][gc,phases     ] GC(406)   Other: 0,3ms
[2023-11-08T18:33:52.521+0100][gc,heap       ] GC(406) Eden regions: 64->0(115)
[2023-11-08T18:33:52.521+0100][gc,heap       ] GC(406) Survivor regions: 15->6(10)
[2023-11-08T18:33:52.521+0100][gc,heap       ] GC(406) Old regions: 156->165
[2023-11-08T18:33:52.521+0100][gc,heap       ] GC(406) Humongous regions: 129->129
[2023-11-08T18:33:52.521+0100][gc,metaspace  ] GC(406) Metaspace: 48213K(52224K)->48213K(52224K) NonClass: 42256K(44544K)->42256K(44544K) Class: 5956K(7680K)->5956K(7680K)
[2023-11-08T18:33:52.521+0100][gc            ] GC(406) Pause Young (Normal) (G1 Evacuation Pause) 361M->298M(1024M) 20,844ms
[2023-11-08T18:33:52.521+0100][gc,cpu        ] GC(406) User=0,25s Sys=0,00s Real=0,02s
[2023-11-08T18:33:52.979+0100][gc,start      ] GC(407) Pause Young (Normal) (G1 Evacuation Pause)
[2023-11-08T18:33:52.979+0100][gc,task       ] GC(407) Using 13 workers of 13 for evacuation
[2023-11-08T18:33:52.983+0100][gc,phases     ] GC(407)   Pre Evacuate Collection Set: 0,0ms
[2023-11-08T18:33:52.983+0100][gc,phases     ] GC(407)   Evacuate Collection Set: 2,7ms
[2023-11-08T18:33:52.983+0100][gc,phases     ] GC(407)   Post Evacuate Collection Set: 0,7ms
[2023-11-08T18:33:52.983+0100][gc,phases     ] GC(407)   Other: 0,3ms
[2023-11-08T18:33:52.983+0100][gc,heap       ] GC(407) Eden regions: 115->0(154)
[2023-11-08T18:33:52.983+0100][gc,heap       ] GC(407) Survivor regions: 6->7(16)
[2023-11-08T18:33:52.983+0100][gc,heap       ] GC(407) Old regions: 165->165
[2023-11-08T18:33:52.983+0100][gc,heap       ] GC(407) Humongous regions: 129->129
[2023-11-08T18:33:52.983+0100][gc,metaspace  ] GC(407) Metaspace: 48213K(52224K)->48213K(52224K) NonClass: 42256K(44544K)->42256K(44544K) Class: 5956K(7680K)->5956K(7680K)
[2023-11-08T18:33:52.983+0100][gc            ] GC(407) Pause Young (Normal) (G1 Evacuation Pause) 413M->298M(1024M) 3,819ms
[2023-11-08T18:33:52.983+0100][gc,cpu        ] GC(407) User=0,01s Sys=0,03s Real=0,01s
[2023-11-08T18:33:53.531+0100][gc,start      ] GC(408) Pause Young (Normal) (G1 Evacuation Pause)
[2023-11-08T18:33:53.531+0100][gc,task       ] GC(408) Using 13 workers of 13 for evacuation
[2023-11-08T18:33:53.541+0100][gc,phases     ] GC(408)   Pre Evacuate Collection Set: 0,0ms
[2023-11-08T18:33:53.541+0100][gc,phases     ] GC(408)   Evacuate Collection Set: 6,7ms
[2023-11-08T18:33:53.541+0100][gc,phases     ] GC(408)   Post Evacuate Collection Set: 2,4ms
[2023-11-08T18:33:53.541+0100][gc,phases     ] GC(408)   Other: 0,4ms
[2023-11-08T18:33:53.541+0100][gc,heap       ] GC(408) Eden regions: 154->0(176)
[2023-11-08T18:33:53.541+0100][gc,heap       ] GC(408) Survivor regions: 7->7(21)
[2023-11-08T18:33:53.541+0100][gc,heap       ] GC(408) Old regions: 165->165
[2023-11-08T18:33:53.541+0100][gc,heap       ] GC(408) Humongous regions: 129->129
[2023-11-08T18:33:53.541+0100][gc,metaspace  ] GC(408) Metaspace: 48213K(52224K)->48213K(52224K) NonClass: 42256K(44544K)->42256K(44544K) Class: 5956K(7680K)->5956K(7680K)
[2023-11-08T18:33:53.541+0100][gc            ] GC(408) Pause Young (Normal) (G1 Evacuation Pause) 452M->298M(1024M) 10,316ms
[2023-11-08T18:33:53.542+0100][gc,cpu        ] GC(408) User=0,06s Sys=0,03s Real=0,01s
[2023-11-08T18:33:54.147+0100][gc,start      ] GC(409) Pause Young (Normal) (G1 Evacuation Pause)
[2023-11-08T18:33:54.147+0100][gc,task       ] GC(409) Using 13 workers of 13 for evacuation
[2023-11-08T18:33:54.151+0100][gc,phases     ] GC(409)   Pre Evacuate Collection Set: 0,0ms
[2023-11-08T18:33:54.151+0100][gc,phases     ] GC(409)   Evacuate Collection Set: 3,1ms
[2023-11-08T18:33:54.151+0100][gc,phases     ] GC(409)   Post Evacuate Collection Set: 0,5ms
[2023-11-08T18:33:54.151+0100][gc,phases     ] GC(409)   Other: 0,2ms
[2023-11-08T18:33:54.151+0100][gc,heap       ] GC(409) Eden regions: 176->0(237)
[2023-11-08T18:33:54.151+0100][gc,heap       ] GC(409) Survivor regions: 7->8(23)
[2023-11-08T18:33:54.151+0100][gc,heap       ] GC(409) Old regions: 165->165
[2023-11-08T18:33:54.151+0100][gc,heap       ] GC(409) Humongous regions: 129->129
[2023-11-08T18:33:54.151+0100][gc,metaspace  ] GC(409) Metaspace: 48213K(52224K)->48213K(52224K) NonClass: 42256K(44544K)->42256K(44544K) Class: 5956K(7680K)->5956K(7680K)
[2023-11-08T18:33:54.151+0100][gc            ] GC(409) Pause Young (Normal) (G1 Evacuation Pause) 474M->300M(1024M) 3,975ms
[2023-11-08T18:33:54.151+0100][gc,cpu        ] GC(409) User=0,02s Sys=0,02s Real=0,00s
[2023-11-08T18:33:54.975+0100][gc,start      ] GC(410) Pause Young (Normal) (G1 Evacuation Pause)
[2023-11-08T18:33:54.975+0100][gc,task       ] GC(410) Using 13 workers of 13 for evacuation
[2023-11-08T18:33:54.980+0100][gc,phases     ] GC(410)   Pre Evacuate Collection Set: 0,0ms
[2023-11-08T18:33:54.980+0100][gc,phases     ] GC(410)   Evacuate Collection Set: 4,2ms
[2023-11-08T18:33:54.980+0100][gc,phases     ] GC(410)   Post Evacuate Collection Set: 0,5ms
[2023-11-08T18:33:54.980+0100][gc,phases     ] GC(410)   Other: 0,2ms
[2023-11-08T18:33:54.980+0100][gc,heap       ] GC(410) Eden regions: 237->0(281)
[2023-11-08T18:33:54.980+0100][gc,heap       ] GC(410) Survivor regions: 8->9(31)
[2023-11-08T18:33:54.980+0100][gc,heap       ] GC(410) Old regions: 165->165
[2023-11-08T18:33:54.980+0100][gc,heap       ] GC(410) Humongous regions: 129->129
[2023-11-08T18:33:54.980+0100][gc,metaspace  ] GC(410) Metaspace: 48213K(52224K)->48213K(52224K) NonClass: 42256K(44544K)->42256K(44544K) Class: 5956K(7680K)->5956K(7680K)
[2023-11-08T18:33:54.980+0100][gc            ] GC(410) Pause Young (Normal) (G1 Evacuation Pause) 537M->300M(1024M) 4,980ms
[2023-11-08T18:33:54.980+0100][gc,cpu        ] GC(410) User=0,05s Sys=0,00s Real=0,00s
[2023-11-08T18:33:55.980+0100][gc,start      ] GC(411) Pause Young (Normal) (G1 Evacuation Pause)
[2023-11-08T18:33:55.981+0100][gc,task       ] GC(411) Using 13 workers of 13 for evacuation
[2023-11-08T18:33:55.986+0100][gc,phases     ] GC(411)   Pre Evacuate Collection Set: 0,0ms
[2023-11-08T18:33:55.986+0100][gc,phases     ] GC(411)   Evacuate Collection Set: 4,3ms
[2023-11-08T18:33:55.986+0100][gc,phases     ] GC(411)   Post Evacuate Collection Set: 0,7ms
[2023-11-08T18:33:55.986+0100][gc,phases     ] GC(411)   Other: 0,3ms
[2023-11-08T18:33:55.986+0100][gc,heap       ] GC(411) Eden regions: 281->0(337)
[2023-11-08T18:33:55.986+0100][gc,heap       ] GC(411) Survivor regions: 9->10(37)
[2023-11-08T18:33:55.986+0100][gc,heap       ] GC(411) Old regions: 165->165
[2023-11-08T18:33:55.986+0100][gc,heap       ] GC(411) Humongous regions: 129->129
[2023-11-08T18:33:55.986+0100][gc,metaspace  ] GC(411) Metaspace: 48213K(52224K)->48213K(52224K) NonClass: 42256K(44544K)->42256K(44544K) Class: 5956K(7680K)->5956K(7680K)
[2023-11-08T18:33:55.986+0100][gc            ] GC(411) Pause Young (Normal) (G1 Evacuation Pause) 581M->301M(1024M) 5,407ms
[2023-11-08T18:33:55.986+0100][gc,cpu        ] GC(411) User=0,04s Sys=0,01s Real=0,01s
[2023-11-08T18:33:57.134+0100][gc,start      ] GC(412) Pause Young (Normal) (G1 Evacuation Pause)
[2023-11-08T18:33:57.135+0100][gc,task       ] GC(412) Using 13 workers of 13 for evacuation
[2023-11-08T18:33:57.146+0100][gc,phases     ] GC(412)   Pre Evacuate Collection Set: 0,0ms
[2023-11-08T18:33:57.146+0100][gc,phases     ] GC(412)   Evacuate Collection Set: 8,2ms
[2023-11-08T18:33:57.146+0100][gc,phases     ] GC(412)   Post Evacuate Collection Set: 2,5ms
[2023-11-08T18:33:57.146+0100][gc,phases     ] GC(412)   Other: 0,5ms
[2023-11-08T18:33:57.146+0100][gc,heap       ] GC(412) Eden regions: 337->0(359)
[2023-11-08T18:33:57.146+0100][gc,heap       ] GC(412) Survivor regions: 10->4(44)
[2023-11-08T18:33:57.146+0100][gc,heap       ] GC(412) Old regions: 165->165
[2023-11-08T18:33:57.146+0100][gc,heap       ] GC(412) Humongous regions: 129->129
[2023-11-08T18:33:57.146+0100][gc,metaspace  ] GC(412) Metaspace: 48213K(52224K)->48213K(52224K) NonClass: 42256K(44544K)->42256K(44544K) Class: 5956K(7680K)->5956K(7680K)
[2023-11-08T18:33:57.146+0100][gc            ] GC(412) Pause Young (Normal) (G1 Evacuation Pause) 638M->295M(1024M) 11,955ms
[2023-11-08T18:33:57.147+0100][gc,cpu        ] GC(412) User=0,08s Sys=0,03s Real=0,02s
[2023-11-08T18:33:58.225+0100][gc,start      ] GC(413) Pause Young (Normal) (G1 Evacuation Pause)
[2023-11-08T18:33:58.225+0100][gc,task       ] GC(413) Using 13 workers of 13 for evacuation
[2023-11-08T18:33:58.241+0100][gc,phases     ] GC(413)   Pre Evacuate Collection Set: 0,0ms
[2023-11-08T18:33:58.241+0100][gc,phases     ] GC(413)   Evacuate Collection Set: 12,5ms
[2023-11-08T18:33:58.241+0100][gc,phases     ] GC(413)   Post Evacuate Collection Set: 2,8ms
[2023-11-08T18:33:58.241+0100][gc,phases     ] GC(413)   Other: 0,4ms
[2023-11-08T18:33:58.241+0100][gc,heap       ] GC(413) Eden regions: 314->0(290)
[2023-11-08T18:33:58.241+0100][gc,heap       ] GC(413) Survivor regions: 4->4(40)
[2023-11-08T18:33:58.241+0100][gc,heap       ] GC(413) Old regions: 165->165
[2023-11-08T18:33:58.241+0100][gc,heap       ] GC(413) Humongous regions: 129->129
[2023-11-08T18:33:58.242+0100][gc,metaspace  ] GC(413) Metaspace: 48213K(52224K)->48213K(52224K) NonClass: 42256K(44544K)->42256K(44544K) Class: 5956K(7680K)->5956K(7680K)
[2023-11-08T18:33:58.242+0100][gc            ] GC(413) Pause Young (Normal) (G1 Evacuation Pause) 609M->296M(1024M) 16,518ms
[2023-11-08T18:33:58.242+0100][gc,cpu        ] GC(413) User=0,16s Sys=0,01s Real=0,01s
[2023-11-08T18:33:58.980+0100][gc,start      ] GC(414) Pause Young (Normal) (G1 Evacuation Pause)
[2023-11-08T18:33:58.980+0100][gc,task       ] GC(414) Using 13 workers of 13 for evacuation
[2023-11-08T18:33:58.984+0100][gc,phases     ] GC(414)   Pre Evacuate Collection Set: 0,0ms
[2023-11-08T18:33:58.984+0100][gc,phases     ] GC(414)   Evacuate Collection Set: 3,8ms
[2023-11-08T18:33:58.984+0100][gc,phases     ] GC(414)   Post Evacuate Collection Set: 0,5ms
[2023-11-08T18:33:58.984+0100][gc,phases     ] GC(414)   Other: 0,2ms
[2023-11-08T18:33:58.984+0100][gc,heap       ] GC(414) Eden regions: 206->0(241)
[2023-11-08T18:33:58.984+0100][gc,heap       ] GC(414) Survivor regions: 4->5(27)
[2023-11-08T18:33:58.984+0100][gc,heap       ] GC(414) Old regions: 165->165
[2023-11-08T18:33:58.984+0100][gc,heap       ] GC(414) Humongous regions: 129->129
[2023-11-08T18:33:58.984+0100][gc,metaspace  ] GC(414) Metaspace: 48213K(52224K)->48213K(52224K) NonClass: 42256K(44544K)->42256K(44544K) Class: 5956K(7680K)->5956K(7680K)
[2023-11-08T18:33:58.984+0100][gc            ] GC(414) Pause Young (Normal) (G1 Evacuation Pause) 502M->297M(1024M) 4,548ms
[2023-11-08T18:33:58.984+0100][gc,cpu        ] GC(414) User=0,04s Sys=0,01s Real=0,01s
[2023-11-08T18:33:59.754+0100][gc,start      ] GC(415) Pause Young (Normal) (G1 Evacuation Pause)
[2023-11-08T18:33:59.754+0100][gc,task       ] GC(415) Using 13 workers of 13 for evacuation
[2023-11-08T18:33:59.770+0100][gc,phases     ] GC(415)   Pre Evacuate Collection Set: 0,0ms
[2023-11-08T18:33:59.771+0100][gc,phases     ] GC(415)   Evacuate Collection Set: 13,2ms
[2023-11-08T18:33:59.771+0100][gc,phases     ] GC(415)   Post Evacuate Collection Set: 2,5ms
[2023-11-08T18:33:59.771+0100][gc,phases     ] GC(415)   Other: 0,4ms
[2023-11-08T18:33:59.771+0100][gc,heap       ] GC(415) Eden regions: 226->0(229)
[2023-11-08T18:33:59.771+0100][gc,heap       ] GC(415) Survivor regions: 5->6(29)
[2023-11-08T18:33:59.771+0100][gc,heap       ] GC(415) Old regions: 165->165
[2023-11-08T18:33:59.771+0100][gc,heap       ] GC(415) Humongous regions: 129->129
[2023-11-08T18:33:59.771+0100][gc,metaspace  ] GC(415) Metaspace: 48213K(52224K)->48213K(52224K) NonClass: 42256K(44544K)->42256K(44544K) Class: 5956K(7680K)->5956K(7680K)
[2023-11-08T18:33:59.771+0100][gc            ] GC(415) Pause Young (Normal) (G1 Evacuation Pause) 523M->298M(1024M) 16,809ms
[2023-11-08T18:33:59.771+0100][gc,cpu        ] GC(415) User=0,17s Sys=0,00s Real=0,02s
[2023-11-08T18:34:00.448+0100][gc,start      ] GC(416) Pause Young (Normal) (G1 Evacuation Pause)
[2023-11-08T18:34:00.449+0100][gc,task       ] GC(416) Using 13 workers of 13 for evacuation
[2023-11-08T18:34:00.466+0100][gc,phases     ] GC(416)   Pre Evacuate Collection Set: 0,0ms
[2023-11-08T18:34:00.466+0100][gc,phases     ] GC(416)   Evacuate Collection Set: 15,1ms
[2023-11-08T18:34:00.466+0100][gc,phases     ] GC(416)   Post Evacuate Collection Set: 2,1ms
[2023-11-08T18:34:00.466+0100][gc,phases     ] GC(416)   Other: 0,4ms
[2023-11-08T18:34:00.466+0100][gc,heap       ] GC(416) Eden regions: 183->0(195)
[2023-11-08T18:34:00.466+0100][gc,heap       ] GC(416) Survivor regions: 6->7(24)
[2023-11-08T18:34:00.466+0100][gc,heap       ] GC(416) Old regions: 165->165
[2023-11-08T18:34:00.466+0100][gc,heap       ] GC(416) Humongous regions: 129->129
[2023-11-08T18:34:00.466+0100][gc,metaspace  ] GC(416) Metaspace: 48213K(52224K)->48213K(52224K) NonClass: 42256K(44544K)->42256K(44544K) Class: 5956K(7680K)->5956K(7680K)
[2023-11-08T18:34:00.466+0100][gc            ] GC(416) Pause Young (Normal) (G1 Evacuation Pause) 481M->299M(1024M) 17,949ms
[2023-11-08T18:34:00.466+0100][gc,cpu        ] GC(416) User=0,20s Sys=0,00s Real=0,02s
[2023-11-08T18:34:00.626+0100][gc,start      ] GC(417) Pause Young (Normal) (G1 Evacuation Pause)
[2023-11-08T18:34:00.626+0100][gc,task       ] GC(417) Using 13 workers of 13 for evacuation
[2023-11-08T18:34:00.643+0100][gc,phases     ] GC(417)   Pre Evacuate Collection Set: 0,0ms
[2023-11-08T18:34:00.643+0100][gc,phases     ] GC(417)   Evacuate Collection Set: 14,5ms
[2023-11-08T18:34:00.643+0100][gc,phases     ] GC(417)   Post Evacuate Collection Set: 2,0ms
[2023-11-08T18:34:00.643+0100][gc,phases     ] GC(417)   Other: 0,4ms
[2023-11-08T18:34:00.643+0100][gc,heap       ] GC(417) Eden regions: 44->0(95)
[2023-11-08T18:34:00.643+0100][gc,heap       ] GC(417) Survivor regions: 7->4(7)
[2023-11-08T18:34:00.643+0100][gc,heap       ] GC(417) Old regions: 165->169
[2023-11-08T18:34:00.644+0100][gc,heap       ] GC(417) Humongous regions: 129->129
[2023-11-08T18:34:00.644+0100][gc,metaspace  ] GC(417) Metaspace: 48213K(52224K)->48213K(52224K) NonClass: 42256K(44544K)->42256K(44544K) Class: 5956K(7680K)->5956K(7680K)
[2023-11-08T18:34:00.644+0100][gc            ] GC(417) Pause Young (Normal) (G1 Evacuation Pause) 343M->299M(1024M) 17,601ms
[2023-11-08T18:34:00.644+0100][gc,cpu        ] GC(417) User=0,18s Sys=0,00s Real=0,02s
[2023-11-08T18:34:00.957+0100][gc,start      ] GC(418) Pause Young (Normal) (G1 Evacuation Pause)
[2023-11-08T18:34:00.957+0100][gc,task       ] GC(418) Using 13 workers of 13 for evacuation
[2023-11-08T18:34:00.960+0100][gc,phases     ] GC(418)   Pre Evacuate Collection Set: 0,0ms
[2023-11-08T18:34:00.960+0100][gc,phases     ] GC(418)   Evacuate Collection Set: 1,9ms
[2023-11-08T18:34:00.960+0100][gc,phases     ] GC(418)   Post Evacuate Collection Set: 0,5ms
[2023-11-08T18:34:00.960+0100][gc,phases     ] GC(418)   Other: 0,2ms
[2023-11-08T18:34:00.960+0100][gc,heap       ] GC(418) Eden regions: 95->0(138)
[2023-11-08T18:34:00.960+0100][gc,heap       ] GC(418) Survivor regions: 4->4(13)
[2023-11-08T18:34:00.960+0100][gc,heap       ] GC(418) Old regions: 169->169
[2023-11-08T18:34:00.960+0100][gc,heap       ] GC(418) Humongous regions: 129->129
[2023-11-08T18:34:00.960+0100][gc,metaspace  ] GC(418) Metaspace: 48213K(52224K)->48213K(52224K) NonClass: 42256K(44544K)->42256K(44544K) Class: 5956K(7680K)->5956K(7680K)
[2023-11-08T18:34:00.960+0100][gc            ] GC(418) Pause Young (Normal) (G1 Evacuation Pause) 394M->299M(1024M) 2,691ms
[2023-11-08T18:34:00.960+0100][gc,cpu        ] GC(418) User=0,02s Sys=0,00s Real=0,00s
[2023-11-08T18:34:01.430+0100][gc,start      ] GC(419) Pause Young (Normal) (G1 Evacuation Pause)
[2023-11-08T18:34:01.430+0100][gc,task       ] GC(419) Using 13 workers of 13 for evacuation
[2023-11-08T18:34:01.437+0100][gc,phases     ] GC(419)   Pre Evacuate Collection Set: 0,0ms
[2023-11-08T18:34:01.437+0100][gc,phases     ] GC(419)   Evacuate Collection Set: 4,3ms
[2023-11-08T18:34:01.437+0100][gc,phases     ] GC(419)   Post Evacuate Collection Set: 2,4ms
[2023-11-08T18:34:01.438+0100][gc,phases     ] GC(419)   Other: 0,4ms
[2023-11-08T18:34:01.438+0100][gc,heap       ] GC(419) Eden regions: 138->0(173)
[2023-11-08T18:34:01.438+0100][gc,heap       ] GC(419) Survivor regions: 4->4(18)
[2023-11-08T18:34:01.438+0100][gc,heap       ] GC(419) Old regions: 169->169
[2023-11-08T18:34:01.438+0100][gc,heap       ] GC(419) Humongous regions: 129->129
[2023-11-08T18:34:01.438+0100][gc,metaspace  ] GC(419) Metaspace: 48213K(52224K)->48213K(52224K) NonClass: 42256K(44544K)->42256K(44544K) Class: 5956K(7680K)->5956K(7680K)
[2023-11-08T18:34:01.438+0100][gc            ] GC(419) Pause Young (Normal) (G1 Evacuation Pause) 437M->300M(1024M) 8,017ms
[2023-11-08T18:34:01.438+0100][gc,cpu        ] GC(419) User=0,06s Sys=0,00s Real=0,01s
[2023-11-08T18:34:02.036+0100][gc,start      ] GC(420) Pause Young (Normal) (G1 Evacuation Pause)
[2023-11-08T18:34:02.036+0100][gc,task       ] GC(420) Using 13 workers of 13 for evacuation
[2023-11-08T18:34:02.039+0100][gc,phases     ] GC(420)   Pre Evacuate Collection Set: 0,0ms
[2023-11-08T18:34:02.039+0100][gc,phases     ] GC(420)   Evacuate Collection Set: 2,3ms
[2023-11-08T18:34:02.039+0100][gc,phases     ] GC(420)   Post Evacuate Collection Set: 0,6ms
[2023-11-08T18:34:02.039+0100][gc,phases     ] GC(420)   Other: 0,2ms
[2023-11-08T18:34:02.039+0100][gc,heap       ] GC(420) Eden regions: 173->0(175)
[2023-11-08T18:34:02.039+0100][gc,heap       ] GC(420) Survivor regions: 4->5(23)
[2023-11-08T18:34:02.039+0100][gc,heap       ] GC(420) Old regions: 169->169
[2023-11-08T18:34:02.039+0100][gc,heap       ] GC(420) Humongous regions: 129->129
[2023-11-08T18:34:02.039+0100][gc,metaspace  ] GC(420) Metaspace: 48213K(52224K)->48213K(52224K) NonClass: 42256K(44544K)->42256K(44544K) Class: 5956K(7680K)->5956K(7680K)
[2023-11-08T18:34:02.039+0100][gc            ] GC(420) Pause Young (Normal) (G1 Evacuation Pause) 473M->300M(1024M) 3,327ms
[2023-11-08T18:34:02.039+0100][gc,cpu        ] GC(420) User=0,01s Sys=0,02s Real=0,00s
[2023-11-08T18:34:02.647+0100][gc,start      ] GC(421) Pause Young (Normal) (G1 Evacuation Pause)
[2023-11-08T18:34:02.647+0100][gc,task       ] GC(421) Using 13 workers of 13 for evacuation
[2023-11-08T18:34:02.660+0100][gc,phases     ] GC(421)   Pre Evacuate Collection Set: 0,0ms
[2023-11-08T18:34:02.660+0100][gc,phases     ] GC(421)   Evacuate Collection Set: 9,9ms
[2023-11-08T18:34:02.660+0100][gc,phases     ] GC(421)   Post Evacuate Collection Set: 2,4ms
[2023-11-08T18:34:02.660+0100][gc,phases     ] GC(421)   Other: 0,5ms
[2023-11-08T18:34:02.660+0100][gc,heap       ] GC(421) Eden regions: 175->0(111)
[2023-11-08T18:34:02.660+0100][gc,heap       ] GC(421) Survivor regions: 5->5(23)
[2023-11-08T18:34:02.660+0100][gc,heap       ] GC(421) Old regions: 169->169
[2023-11-08T18:34:02.660+0100][gc,heap       ] GC(421) Humongous regions: 129->129
[2023-11-08T18:34:02.660+0100][gc,metaspace  ] GC(421) Metaspace: 48213K(52224K)->48213K(52224K) NonClass: 42256K(44544K)->42256K(44544K) Class: 5956K(7680K)->5956K(7680K)
[2023-11-08T18:34:02.660+0100][gc            ] GC(421) Pause Young (Normal) (G1 Evacuation Pause) 475M->301M(1024M) 13,628ms
[2023-11-08T18:34:02.661+0100][gc,cpu        ] GC(421) User=0,08s Sys=0,02s Real=0,01s
[2023-11-08T18:34:03.070+0100][gc,start      ] GC(422) Pause Young (Normal) (G1 Evacuation Pause)
[2023-11-08T18:34:03.070+0100][gc,task       ] GC(422) Using 13 workers of 13 for evacuation
[2023-11-08T18:34:03.083+0100][gc,phases     ] GC(422)   Pre Evacuate Collection Set: 0,0ms
[2023-11-08T18:34:03.083+0100][gc,phases     ] GC(422)   Evacuate Collection Set: 10,0ms
[2023-11-08T18:34:03.083+0100][gc,phases     ] GC(422)   Post Evacuate Collection Set: 2,2ms
[2023-11-08T18:34:03.083+0100][gc,phases     ] GC(422)   Other: 0,4ms
[2023-11-08T18:34:03.083+0100][gc,heap       ] GC(422) Eden regions: 111->0(118)
[2023-11-08T18:34:03.083+0100][gc,heap       ] GC(422) Survivor regions: 5->6(15)
[2023-11-08T18:34:03.083+0100][gc,heap       ] GC(422) Old regions: 169->169
[2023-11-08T18:34:03.083+0100][gc,heap       ] GC(422) Humongous regions: 129->129
[2023-11-08T18:34:03.083+0100][gc,metaspace  ] GC(422) Metaspace: 48213K(52224K)->48213K(52224K) NonClass: 42256K(44544K)->42256K(44544K) Class: 5956K(7680K)->5956K(7680K)
[2023-11-08T18:34:03.084+0100][gc            ] GC(422) Pause Young (Normal) (G1 Evacuation Pause) 412M->301M(1024M) 13,539ms
[2023-11-08T18:34:03.084+0100][gc,cpu        ] GC(422) User=0,12s Sys=0,00s Real=0,02s
[2023-11-08T18:34:03.495+0100][gc,start      ] GC(423) Pause Young (Normal) (G1 Evacuation Pause)
[2023-11-08T18:34:03.495+0100][gc,task       ] GC(423) Using 13 workers of 13 for evacuation
[2023-11-08T18:34:03.499+0100][gc,phases     ] GC(423)   Pre Evacuate Collection Set: 0,0ms
[2023-11-08T18:34:03.499+0100][gc,phases     ] GC(423)   Evacuate Collection Set: 4,1ms
[2023-11-08T18:34:03.499+0100][gc,phases     ] GC(423)   Post Evacuate Collection Set: 0,4ms
[2023-11-08T18:34:03.499+0100][gc,phases     ] GC(423)   Other: 0,2ms
[2023-11-08T18:34:03.499+0100][gc,heap       ] GC(423) Eden regions: 118->0(135)
[2023-11-08T18:34:03.499+0100][gc,heap       ] GC(423) Survivor regions: 6->7(16)
[2023-11-08T18:34:03.499+0100][gc,heap       ] GC(423) Old regions: 169->169
[2023-11-08T18:34:03.499+0100][gc,heap       ] GC(423) Humongous regions: 129->129
[2023-11-08T18:34:03.499+0100][gc,metaspace  ] GC(423) Metaspace: 48213K(52224K)->48213K(52224K) NonClass: 42256K(44544K)->42256K(44544K) Class: 5956K(7680K)->5956K(7680K)
[2023-11-08T18:34:03.499+0100][gc            ] GC(423) Pause Young (Normal) (G1 Evacuation Pause) 419M->302M(1024M) 4,775ms
[2023-11-08T18:34:03.499+0100][gc,cpu        ] GC(423) User=0,04s Sys=0,00s Real=0,00s
[2023-11-08T18:34:03.955+0100][gc,start      ] GC(424) Pause Young (Normal) (G1 Evacuation Pause)
[2023-11-08T18:34:03.955+0100][gc,task       ] GC(424) Using 13 workers of 13 for evacuation
[2023-11-08T18:34:03.967+0100][gc,phases     ] GC(424)   Pre Evacuate Collection Set: 0,0ms
[2023-11-08T18:34:03.967+0100][gc,phases     ] GC(424)   Evacuate Collection Set: 9,7ms
[2023-11-08T18:34:03.967+0100][gc,phases     ] GC(424)   Post Evacuate Collection Set: 2,4ms
[2023-11-08T18:34:03.968+0100][gc,phases     ] GC(424)   Other: 0,5ms
[2023-11-08T18:34:03.968+0100][gc,heap       ] GC(424) Eden regions: 135->0(139)
[2023-11-08T18:34:03.968+0100][gc,heap       ] GC(424) Survivor regions: 7->7(18)
[2023-11-08T18:34:03.968+0100][gc,heap       ] GC(424) Old regions: 169->169
[2023-11-08T18:34:03.968+0100][gc,heap       ] GC(424) Humongous regions: 129->129
[2023-11-08T18:34:03.968+0100][gc,metaspace  ] GC(424) Metaspace: 48213K(52224K)->48213K(52224K) NonClass: 42256K(44544K)->42256K(44544K) Class: 5956K(7680K)->5956K(7680K)
[2023-11-08T18:34:03.968+0100][gc            ] GC(424) Pause Young (Normal) (G1 Evacuation Pause) 437M->302M(1024M) 13,257ms
[2023-11-08T18:34:03.968+0100][gc,cpu        ] GC(424) User=0,10s Sys=0,03s Real=0,01s
[2023-11-08T18:34:04.205+0100][gc,start      ] GC(425) Pause Young (Normal) (G1 Evacuation Pause)
[2023-11-08T18:34:04.205+0100][gc,task       ] GC(425) Using 13 workers of 13 for evacuation
[2023-11-08T18:34:04.211+0100][gc,phases     ] GC(425)   Pre Evacuate Collection Set: 0,0ms
[2023-11-08T18:34:04.211+0100][gc,phases     ] GC(425)   Evacuate Collection Set: 5,1ms
[2023-11-08T18:34:04.211+0100][gc,phases     ] GC(425)   Post Evacuate Collection Set: 0,5ms
[2023-11-08T18:34:04.211+0100][gc,phases     ] GC(425)   Other: 0,2ms
[2023-11-08T18:34:04.211+0100][gc,heap       ] GC(425) Eden regions: 68->0(115)
[2023-11-08T18:34:04.211+0100][gc,heap       ] GC(425) Survivor regions: 7->6(10)
[2023-11-08T18:34:04.211+0100][gc,heap       ] GC(425) Old regions: 169->171
[2023-11-08T18:34:04.211+0100][gc,heap       ] GC(425) Humongous regions: 129->129
[2023-11-08T18:34:04.211+0100][gc,metaspace  ] GC(425) Metaspace: 48213K(52224K)->48213K(52224K) NonClass: 42256K(44544K)->42256K(44544K) Class: 5956K(7680K)->5956K(7680K)
[2023-11-08T18:34:04.211+0100][gc            ] GC(425) Pause Young (Normal) (G1 Evacuation Pause) 370M->303M(1024M) 5,924ms
[2023-11-08T18:34:04.211+0100][gc,cpu        ] GC(425) User=0,05s Sys=0,01s Real=0,00s
[2023-11-08T18:34:04.653+0100][gc,start      ] GC(426) Pause Young (Normal) (G1 Evacuation Pause)
[2023-11-08T18:34:04.653+0100][gc,task       ] GC(426) Using 13 workers of 13 for evacuation
[2023-11-08T18:34:04.657+0100][gc,phases     ] GC(426)   Pre Evacuate Collection Set: 0,0ms
[2023-11-08T18:34:04.657+0100][gc,phases     ] GC(426)   Evacuate Collection Set: 3,4ms
[2023-11-08T18:34:04.657+0100][gc,phases     ] GC(426)   Post Evacuate Collection Set: 0,6ms
[2023-11-08T18:34:04.658+0100][gc,phases     ] GC(426)   Other: 0,2ms
[2023-11-08T18:34:04.658+0100][gc,heap       ] GC(426) Eden regions: 115->0(146)
[2023-11-08T18:34:04.658+0100][gc,heap       ] GC(426) Survivor regions: 6->6(16)
[2023-11-08T18:34:04.658+0100][gc,heap       ] GC(426) Old regions: 171->171
[2023-11-08T18:34:04.658+0100][gc,heap       ] GC(426) Humongous regions: 129->129
[2023-11-08T18:34:04.658+0100][gc,metaspace  ] GC(426) Metaspace: 48213K(52224K)->48213K(52224K) NonClass: 42256K(44544K)->42256K(44544K) Class: 5956K(7680K)->5956K(7680K)
[2023-11-08T18:34:04.658+0100][gc            ] GC(426) Pause Young (Normal) (G1 Evacuation Pause) 418M->303M(1024M) 4,410ms
[2023-11-08T18:34:04.658+0100][gc,cpu        ] GC(426) User=0,04s Sys=0,00s Real=0,01s
[2023-11-08T18:34:05.154+0100][gc,start      ] GC(427) Pause Young (Normal) (G1 Evacuation Pause)
[2023-11-08T18:34:05.154+0100][gc,task       ] GC(427) Using 13 workers of 13 for evacuation
[2023-11-08T18:34:05.168+0100][gc,phases     ] GC(427)   Pre Evacuate Collection Set: 0,0ms
[2023-11-08T18:34:05.168+0100][gc,phases     ] GC(427)   Evacuate Collection Set: 11,1ms
[2023-11-08T18:34:05.168+0100][gc,phases     ] GC(427)   Post Evacuate Collection Set: 2,5ms
[2023-11-08T18:34:05.168+0100][gc,phases     ] GC(427)   Other: 0,5ms
[2023-11-08T18:34:05.168+0100][gc,heap       ] GC(427) Eden regions: 146->0(137)
[2023-11-08T18:34:05.168+0100][gc,heap       ] GC(427) Survivor regions: 6->7(19)
[2023-11-08T18:34:05.168+0100][gc,heap       ] GC(427) Old regions: 171->171
[2023-11-08T18:34:05.168+0100][gc,heap       ] GC(427) Humongous regions: 129->129
[2023-11-08T18:34:05.169+0100][gc,metaspace  ] GC(427) Metaspace: 48213K(52224K)->48213K(52224K) NonClass: 42256K(44544K)->42256K(44544K) Class: 5956K(7680K)->5956K(7680K)
[2023-11-08T18:34:05.169+0100][gc            ] GC(427) Pause Young (Normal) (G1 Evacuation Pause) 449M->304M(1024M) 14,760ms
[2023-11-08T18:34:05.169+0100][gc,cpu        ] GC(427) User=0,13s Sys=0,01s Real=0,02s
[2023-11-08T18:34:05.529+0100][gc,start      ] GC(428) Pause Young (Normal) (G1 Evacuation Pause)
[2023-11-08T18:34:05.529+0100][gc,task       ] GC(428) Using 13 workers of 13 for evacuation
[2023-11-08T18:34:05.543+0100][gc,phases     ] GC(428)   Pre Evacuate Collection Set: 0,0ms
[2023-11-08T18:34:05.543+0100][gc,phases     ] GC(428)   Evacuate Collection Set: 11,8ms
[2023-11-08T18:34:05.543+0100][gc,phases     ] GC(428)   Post Evacuate Collection Set: 2,2ms
[2023-11-08T18:34:05.544+0100][gc,phases     ] GC(428)   Other: 0,4ms
[2023-11-08T18:34:05.544+0100][gc,heap       ] GC(428) Eden regions: 100->0(128)
[2023-11-08T18:34:05.544+0100][gc,heap       ] GC(428) Survivor regions: 7->7(14)
[2023-11-08T18:34:05.544+0100][gc,heap       ] GC(428) Old regions: 171->171
[2023-11-08T18:34:05.544+0100][gc,heap       ] GC(428) Humongous regions: 129->129
[2023-11-08T18:34:05.544+0100][gc,metaspace  ] GC(428) Metaspace: 48213K(52224K)->48213K(52224K) NonClass: 42256K(44544K)->42256K(44544K) Class: 5956K(7680K)->5956K(7680K)
[2023-11-08T18:34:05.544+0100][gc            ] GC(428) Pause Young (Normal) (G1 Evacuation Pause) 404M->305M(1024M) 15,160ms
[2023-11-08T18:34:05.544+0100][gc,cpu        ] GC(428) User=0,16s Sys=0,00s Real=0,02s
[2023-11-08T18:34:05.840+0100][gc,start      ] GC(429) Pause Young (Normal) (G1 Evacuation Pause)
[2023-11-08T18:34:05.840+0100][gc,task       ] GC(429) Using 13 workers of 13 for evacuation
[2023-11-08T18:34:05.845+0100][gc,phases     ] GC(429)   Pre Evacuate Collection Set: 0,0ms
[2023-11-08T18:34:05.845+0100][gc,phases     ] GC(429)   Evacuate Collection Set: 4,1ms
[2023-11-08T18:34:05.845+0100][gc,phases     ] GC(429)   Post Evacuate Collection Set: 0,5ms
[2023-11-08T18:34:05.845+0100][gc,phases     ] GC(429)   Other: 0,2ms
[2023-11-08T18:34:05.845+0100][gc,heap       ] GC(429) Eden regions: 94->0(132)
[2023-11-08T18:34:05.845+0100][gc,heap       ] GC(429) Survivor regions: 7->8(13)
[2023-11-08T18:34:05.845+0100][gc,heap       ] GC(429) Old regions: 171->171
[2023-11-08T18:34:05.845+0100][gc,heap       ] GC(429) Humongous regions: 129->129
[2023-11-08T18:34:05.845+0100][gc,metaspace  ] GC(429) Metaspace: 48213K(52224K)->48213K(52224K) NonClass: 42256K(44544K)->42256K(44544K) Class: 5956K(7680K)->5956K(7680K)
[2023-11-08T18:34:05.845+0100][gc            ] GC(429) Pause Young (Normal) (G1 Evacuation Pause) 399M->306M(1024M) 5,037ms
[2023-11-08T18:34:05.845+0100][gc,cpu        ] GC(429) User=0,05s Sys=0,00s Real=0,01s
[2023-11-08T18:34:06.314+0100][gc,start      ] GC(430) Pause Young (Normal) (G1 Evacuation Pause)
[2023-11-08T18:34:06.314+0100][gc,task       ] GC(430) Using 13 workers of 13 for evacuation
[2023-11-08T18:34:06.331+0100][gc,phases     ] GC(430)   Pre Evacuate Collection Set: 0,0ms
[2023-11-08T18:34:06.331+0100][gc,phases     ] GC(430)   Evacuate Collection Set: 14,6ms
[2023-11-08T18:34:06.331+0100][gc,phases     ] GC(430)   Post Evacuate Collection Set: 1,7ms
[2023-11-08T18:34:06.331+0100][gc,phases     ] GC(430)   Other: 0,4ms
[2023-11-08T18:34:06.331+0100][gc,heap       ] GC(430) Eden regions: 132->0(124)
[2023-11-08T18:34:06.331+0100][gc,heap       ] GC(430) Survivor regions: 8->9(18)
[2023-11-08T18:34:06.331+0100][gc,heap       ] GC(430) Old regions: 171->171
[2023-11-08T18:34:06.331+0100][gc,heap       ] GC(430) Humongous regions: 129->129
[2023-11-08T18:34:06.332+0100][gc,metaspace  ] GC(430) Metaspace: 48213K(52224K)->48213K(52224K) NonClass: 42256K(44544K)->42256K(44544K) Class: 5956K(7680K)->5956K(7680K)
[2023-11-08T18:34:06.332+0100][gc            ] GC(430) Pause Young (Normal) (G1 Evacuation Pause) 438M->306M(1024M) 17,191ms
[2023-11-08T18:34:06.332+0100][gc,cpu        ] GC(430) User=0,19s Sys=0,00s Real=0,02s
[2023-11-08T18:34:06.718+0100][gc,start      ] GC(431) Pause Young (Normal) (G1 Evacuation Pause)
[2023-11-08T18:34:06.719+0100][gc,task       ] GC(431) Using 13 workers of 13 for evacuation
[2023-11-08T18:34:06.725+0100][gc,phases     ] GC(431)   Pre Evacuate Collection Set: 0,1ms
[2023-11-08T18:34:06.725+0100][gc,phases     ] GC(431)   Evacuate Collection Set: 5,5ms
[2023-11-08T18:34:06.725+0100][gc,phases     ] GC(431)   Post Evacuate Collection Set: 0,6ms
[2023-11-08T18:34:06.725+0100][gc,phases     ] GC(431)   Other: 0,4ms
[2023-11-08T18:34:06.725+0100][gc,heap       ] GC(431) Eden regions: 98->0(136)
[2023-11-08T18:34:06.725+0100][gc,heap       ] GC(431) Survivor regions: 9->8(14)
[2023-11-08T18:34:06.725+0100][gc,heap       ] GC(431) Old regions: 171->172
[2023-11-08T18:34:06.725+0100][gc,heap       ] GC(431) Humongous regions: 129->129
[2023-11-08T18:34:06.725+0100][gc,metaspace  ] GC(431) Metaspace: 48213K(52224K)->48213K(52224K) NonClass: 42256K(44544K)->42256K(44544K) Class: 5956K(7680K)->5956K(7680K)
[2023-11-08T18:34:06.725+0100][gc            ] GC(431) Pause Young (Normal) (G1 Evacuation Pause) 404M->307M(1024M) 6,597ms
[2023-11-08T18:34:06.725+0100][gc,cpu        ] GC(431) User=0,06s Sys=0,01s Real=0,01s
[2023-11-08T18:34:07.201+0100][gc,start      ] GC(432) Pause Young (Normal) (G1 Evacuation Pause)
[2023-11-08T18:34:07.201+0100][gc,task       ] GC(432) Using 13 workers of 13 for evacuation
[2023-11-08T18:34:07.216+0100][gc,phases     ] GC(432)   Pre Evacuate Collection Set: 0,0ms
[2023-11-08T18:34:07.216+0100][gc,phases     ] GC(432)   Evacuate Collection Set: 11,7ms
[2023-11-08T18:34:07.216+0100][gc,phases     ] GC(432)   Post Evacuate Collection Set: 2,4ms
[2023-11-08T18:34:07.216+0100][gc,phases     ] GC(432)   Other: 0,5ms
[2023-11-08T18:34:07.217+0100][gc,heap       ] GC(432) Eden regions: 136->0(139)
[2023-11-08T18:34:07.217+0100][gc,heap       ] GC(432) Survivor regions: 8->9(18)
[2023-11-08T18:34:07.217+0100][gc,heap       ] GC(432) Old regions: 172->172
[2023-11-08T18:34:07.217+0100][gc,heap       ] GC(432) Humongous regions: 129->129
[2023-11-08T18:34:07.217+0100][gc,metaspace  ] GC(432) Metaspace: 48213K(52224K)->48213K(52224K) NonClass: 42256K(44544K)->42256K(44544K) Class: 5956K(7680K)->5956K(7680K)
[2023-11-08T18:34:07.217+0100][gc            ] GC(432) Pause Young (Normal) (G1 Evacuation Pause) 443M->307M(1024M) 15,490ms
[2023-11-08T18:34:07.217+0100][gc,cpu        ] GC(432) User=0,16s Sys=0,00s Real=0,02s
[2023-11-08T18:34:07.787+0100][gc,start      ] GC(433) Pause Young (Normal) (G1 Evacuation Pause)
[2023-11-08T18:34:07.787+0100][gc,task       ] GC(433) Using 13 workers of 13 for evacuation
[2023-11-08T18:34:07.791+0100][gc,phases     ] GC(433)   Pre Evacuate Collection Set: 0,0ms
[2023-11-08T18:34:07.791+0100][gc,phases     ] GC(433)   Evacuate Collection Set: 3,7ms
[2023-11-08T18:34:07.791+0100][gc,phases     ] GC(433)   Post Evacuate Collection Set: 0,6ms
[2023-11-08T18:34:07.791+0100][gc,phases     ] GC(433)   Other: 0,3ms
[2023-11-08T18:34:07.792+0100][gc,heap       ] GC(433) Eden regions: 139->0(162)
[2023-11-08T18:34:07.792+0100][gc,heap       ] GC(433) Survivor regions: 9->9(19)
[2023-11-08T18:34:07.792+0100][gc,heap       ] GC(433) Old regions: 172->172
[2023-11-08T18:34:07.792+0100][gc,heap       ] GC(433) Humongous regions: 129->129
[2023-11-08T18:34:07.792+0100][gc,metaspace  ] GC(433) Metaspace: 48213K(52224K)->48213K(52224K) NonClass: 42256K(44544K)->42256K(44544K) Class: 5956K(7680K)->5956K(7680K)
[2023-11-08T18:34:07.792+0100][gc            ] GC(433) Pause Young (Normal) (G1 Evacuation Pause) 446M->308M(1024M) 4,763ms
[2023-11-08T18:34:07.792+0100][gc,cpu        ] GC(433) User=0,02s Sys=0,03s Real=0,00s
[2023-11-08T18:34:08.432+0100][gc,start      ] GC(434) Pause Young (Normal) (G1 Evacuation Pause)
[2023-11-08T18:34:08.432+0100][gc,task       ] GC(434) Using 13 workers of 13 for evacuation
[2023-11-08T18:34:08.437+0100][gc,phases     ] GC(434)   Pre Evacuate Collection Set: 0,0ms
[2023-11-08T18:34:08.437+0100][gc,phases     ] GC(434)   Evacuate Collection Set: 3,8ms
[2023-11-08T18:34:08.437+0100][gc,phases     ] GC(434)   Post Evacuate Collection Set: 0,5ms
[2023-11-08T18:34:08.437+0100][gc,phases     ] GC(434)   Other: 0,2ms
[2023-11-08T18:34:08.437+0100][gc,heap       ] GC(434) Eden regions: 162->0(192)
[2023-11-08T18:34:08.437+0100][gc,heap       ] GC(434) Survivor regions: 9->9(22)
[2023-11-08T18:34:08.437+0100][gc,heap       ] GC(434) Old regions: 172->173
[2023-11-08T18:34:08.437+0100][gc,heap       ] GC(434) Humongous regions: 129->129
[2023-11-08T18:34:08.437+0100][gc,metaspace  ] GC(434) Metaspace: 48213K(52224K)->48213K(52224K) NonClass: 42256K(44544K)->42256K(44544K) Class: 5956K(7680K)->5956K(7680K)
[2023-11-08T18:34:08.437+0100][gc            ] GC(434) Pause Young (Normal) (G1 Evacuation Pause) 470M->308M(1024M) 4,590ms
[2023-11-08T18:34:08.437+0100][gc,cpu        ] GC(434) User=0,05s Sys=0,00s Real=0,01s
[2023-11-08T18:34:09.191+0100][gc,start      ] GC(435) Pause Young (Normal) (G1 Evacuation Pause)
[2023-11-08T18:34:09.191+0100][gc,task       ] GC(435) Using 13 workers of 13 for evacuation
[2023-11-08T18:34:09.197+0100][gc,phases     ] GC(435)   Pre Evacuate Collection Set: 0,0ms
[2023-11-08T18:34:09.197+0100][gc,phases     ] GC(435)   Evacuate Collection Set: 4,8ms
[2023-11-08T18:34:09.197+0100][gc,phases     ] GC(435)   Post Evacuate Collection Set: 0,5ms
[2023-11-08T18:34:09.197+0100][gc,phases     ] GC(435)   Other: 0,2ms
[2023-11-08T18:34:09.197+0100][gc,heap       ] GC(435) Eden regions: 192->0(232)
[2023-11-08T18:34:09.197+0100][gc,heap       ] GC(435) Survivor regions: 9->9(26)
[2023-11-08T18:34:09.197+0100][gc,heap       ] GC(435) Old regions: 173->173
[2023-11-08T18:34:09.197+0100][gc,heap       ] GC(435) Humongous regions: 129->129
[2023-11-08T18:34:09.197+0100][gc,metaspace  ] GC(435) Metaspace: 48213K(52224K)->48213K(52224K) NonClass: 42256K(44544K)->42256K(44544K) Class: 5956K(7680K)->5956K(7680K)
[2023-11-08T18:34:09.197+0100][gc            ] GC(435) Pause Young (Normal) (G1 Evacuation Pause) 500M->309M(1024M) 5,612ms
[2023-11-08T18:34:09.197+0100][gc,cpu        ] GC(435) User=0,04s Sys=0,01s Real=0,01s
[2023-11-08T18:34:10.203+0100][gc,start      ] GC(436) Pause Young (Normal) (G1 Evacuation Pause)
[2023-11-08T18:34:10.203+0100][gc,task       ] GC(436) Using 13 workers of 13 for evacuation
[2023-11-08T18:34:10.220+0100][gc,phases     ] GC(436)   Pre Evacuate Collection Set: 0,0ms
[2023-11-08T18:34:10.220+0100][gc,phases     ] GC(436)   Evacuate Collection Set: 13,8ms
[2023-11-08T18:34:10.220+0100][gc,phases     ] GC(436)   Post Evacuate Collection Set: 2,7ms
[2023-11-08T18:34:10.220+0100][gc,phases     ] GC(436)   Other: 0,5ms
[2023-11-08T18:34:10.220+0100][gc,heap       ] GC(436) Eden regions: 232->0(201)
[2023-11-08T18:34:10.220+0100][gc,heap       ] GC(436) Survivor regions: 9->9(31)
[2023-11-08T18:34:10.220+0100][gc,heap       ] GC(436) Old regions: 173->174
[2023-11-08T18:34:10.220+0100][gc,heap       ] GC(436) Humongous regions: 129->129
[2023-11-08T18:34:10.220+0100][gc,metaspace  ] GC(436) Metaspace: 48213K(52224K)->48213K(52224K) NonClass: 42256K(44544K)->42256K(44544K) Class: 5956K(7680K)->5956K(7680K)
[2023-11-08T18:34:10.220+0100][gc            ] GC(436) Pause Young (Normal) (G1 Evacuation Pause) 541M->309M(1024M) 17,630ms
[2023-11-08T18:34:10.220+0100][gc,cpu        ] GC(436) User=0,15s Sys=0,02s Real=0,02s
[2023-11-08T18:34:11.400+0100][gc,start      ] GC(437) Pause Young (Normal) (G1 Evacuation Pause)
[2023-11-08T18:34:11.400+0100][gc,task       ] GC(437) Using 13 workers of 13 for evacuation
[2023-11-08T18:34:11.405+0100][gc,phases     ] GC(437)   Pre Evacuate Collection Set: 0,0ms
[2023-11-08T18:34:11.405+0100][gc,phases     ] GC(437)   Evacuate Collection Set: 3,9ms
[2023-11-08T18:34:11.405+0100][gc,phases     ] GC(437)   Post Evacuate Collection Set: 0,6ms
[2023-11-08T18:34:11.405+0100][gc,phases     ] GC(437)   Other: 0,3ms
[2023-11-08T18:34:11.405+0100][gc,heap       ] GC(437) Eden regions: 201->0(251)
[2023-11-08T18:34:11.405+0100][gc,heap       ] GC(437) Survivor regions: 9->9(27)
[2023-11-08T18:34:11.405+0100][gc,heap       ] GC(437) Old regions: 174->174
[2023-11-08T18:34:11.405+0100][gc,heap       ] GC(437) Humongous regions: 129->129
[2023-11-08T18:34:11.405+0100][gc,metaspace  ] GC(437) Metaspace: 48213K(52224K)->48213K(52224K) NonClass: 42256K(44544K)->42256K(44544K) Class: 5956K(7680K)->5956K(7680K)
[2023-11-08T18:34:11.405+0100][gc            ] GC(437) Pause Young (Normal) (G1 Evacuation Pause) 510M->309M(1024M) 4,964ms
[2023-11-08T18:34:11.405+0100][gc,cpu        ] GC(437) User=0,05s Sys=0,00s Real=0,01s
[2023-11-08T18:34:12.867+0100][gc,start      ] GC(438) Pause Young (Normal) (G1 Evacuation Pause)
[2023-11-08T18:34:12.867+0100][gc,task       ] GC(438) Using 13 workers of 13 for evacuation
[2023-11-08T18:34:12.873+0100][gc,phases     ] GC(438)   Pre Evacuate Collection Set: 0,0ms
[2023-11-08T18:34:12.873+0100][gc,phases     ] GC(438)   Evacuate Collection Set: 4,9ms
[2023-11-08T18:34:12.873+0100][gc,phases     ] GC(438)   Post Evacuate Collection Set: 0,6ms
[2023-11-08T18:34:12.873+0100][gc,phases     ] GC(438)   Other: 0,2ms
[2023-11-08T18:34:12.873+0100][gc,heap       ] GC(438) Eden regions: 251->0(317)
[2023-11-08T18:34:12.873+0100][gc,heap       ] GC(438) Survivor regions: 9->9(33)
[2023-11-08T18:34:12.873+0100][gc,heap       ] GC(438) Old regions: 174->175
[2023-11-08T18:34:12.873+0100][gc,heap       ] GC(438) Humongous regions: 129->129
[2023-11-08T18:34:12.873+0100][gc,metaspace  ] GC(438) Metaspace: 48213K(52224K)->48213K(52224K) NonClass: 42256K(44544K)->42256K(44544K) Class: 5956K(7680K)->5956K(7680K)
[2023-11-08T18:34:12.873+0100][gc            ] GC(438) Pause Young (Normal) (G1 Evacuation Pause) 560M->310M(1024M) 5,893ms
[2023-11-08T18:34:12.873+0100][gc,cpu        ] GC(438) User=0,04s Sys=0,00s Real=0,00s
[2023-11-08T18:34:14.755+0100][gc,start      ] GC(439) Pause Young (Normal) (G1 Evacuation Pause)
[2023-11-08T18:34:14.755+0100][gc,task       ] GC(439) Using 13 workers of 13 for evacuation
[2023-11-08T18:34:14.772+0100][gc,phases     ] GC(439)   Pre Evacuate Collection Set: 0,0ms
[2023-11-08T18:34:14.772+0100][gc,phases     ] GC(439)   Evacuate Collection Set: 13,7ms
[2023-11-08T18:34:14.772+0100][gc,phases     ] GC(439)   Post Evacuate Collection Set: 2,8ms
[2023-11-08T18:34:14.772+0100][gc,phases     ] GC(439)   Other: 0,5ms
[2023-11-08T18:34:14.772+0100][gc,heap       ] GC(439) Eden regions: 317->0(257)
[2023-11-08T18:34:14.772+0100][gc,heap       ] GC(439) Survivor regions: 9->9(41)
[2023-11-08T18:34:14.772+0100][gc,heap       ] GC(439) Old regions: 175->176
[2023-11-08T18:34:14.772+0100][gc,heap       ] GC(439) Humongous regions: 129->129
[2023-11-08T18:34:14.772+0100][gc,metaspace  ] GC(439) Metaspace: 48213K(52224K)->48213K(52224K) NonClass: 42256K(44544K)->42256K(44544K) Class: 5956K(7680K)->5956K(7680K)
[2023-11-08T18:34:14.773+0100][gc            ] GC(439) Pause Young (Normal) (G1 Evacuation Pause) 627M->311M(1024M) 17,729ms
[2023-11-08T18:34:14.773+0100][gc,cpu        ] GC(439) User=0,14s Sys=0,04s Real=0,01s
[2023-11-08T18:49:59.352+0100][gc,start      ] GC(440) Pause Young (Normal) (G1 Evacuation Pause)
[2023-11-08T18:49:59.353+0100][gc,task       ] GC(440) Using 13 workers of 13 for evacuation
[2023-11-08T18:49:59.360+0100][gc,phases     ] GC(440)   Pre Evacuate Collection Set: 0,0ms
[2023-11-08T18:49:59.360+0100][gc,phases     ] GC(440)   Evacuate Collection Set: 6,1ms
[2023-11-08T18:49:59.360+0100][gc,phases     ] GC(440)   Post Evacuate Collection Set: 0,9ms
[2023-11-08T18:49:59.360+0100][gc,phases     ] GC(440)   Other: 0,4ms
[2023-11-08T18:49:59.360+0100][gc,heap       ] GC(440) Eden regions: 199->0(271)
[2023-11-08T18:49:59.360+0100][gc,heap       ] GC(440) Survivor regions: 9->10(26)
[2023-11-08T18:49:59.360+0100][gc,heap       ] GC(440) Old regions: 176->176
[2023-11-08T18:49:59.360+0100][gc,heap       ] GC(440) Humongous regions: 129->129
[2023-11-08T18:49:59.360+0100][gc,metaspace  ] GC(440) Metaspace: 48215K(52224K)->48215K(52224K) NonClass: 42259K(44544K)->42259K(44544K) Class: 5956K(7680K)->5956K(7680K)
[2023-11-08T18:49:59.360+0100][gc            ] GC(440) Pause Young (Normal) (G1 Evacuation Pause) 510M->312M(1024M) 7,640ms
[2023-11-08T18:49:59.360+0100][gc,cpu        ] GC(440) User=0,08s Sys=0,00s Real=0,01s
[2023-11-08T18:50:11.621+0100][gc,start      ] GC(441) Pause Young (Normal) (G1 Evacuation Pause)
[2023-11-08T18:50:11.621+0100][gc,task       ] GC(441) Using 13 workers of 13 for evacuation
[2023-11-08T18:50:11.629+0100][gc,phases     ] GC(441)   Pre Evacuate Collection Set: 0,0ms
[2023-11-08T18:50:11.629+0100][gc,phases     ] GC(441)   Evacuate Collection Set: 7,5ms
[2023-11-08T18:50:11.629+0100][gc,phases     ] GC(441)   Post Evacuate Collection Set: 0,5ms
[2023-11-08T18:50:11.629+0100][gc,phases     ] GC(441)   Other: 0,3ms
[2023-11-08T18:50:11.629+0100][gc,heap       ] GC(441) Eden regions: 41->0(281)
[2023-11-08T18:50:11.629+0100][gc,heap       ] GC(441) Survivor regions: 10->7(7)
[2023-11-08T18:50:11.629+0100][gc,heap       ] GC(441) Old regions: 176->182
[2023-11-08T18:50:11.629+0100][gc,heap       ] GC(441) Humongous regions: 129->129
[2023-11-08T18:50:11.629+0100][gc,metaspace  ] GC(441) Metaspace: 48215K(52224K)->48215K(52224K) NonClass: 42259K(44544K)->42259K(44544K) Class: 5956K(7680K)->5956K(7680K)
[2023-11-08T18:50:11.629+0100][gc            ] GC(441) Pause Young (Normal) (G1 Evacuation Pause) 353M->316M(1024M) 8,506ms
[2023-11-08T18:50:11.629+0100][gc,cpu        ] GC(441) User=0,10s Sys=0,00s Real=0,01s
[2023-11-08T18:50:16.353+0100][gc,start      ] GC(442) Pause Young (Normal) (G1 Evacuation Pause)
[2023-11-08T18:50:16.353+0100][gc,task       ] GC(442) Using 13 workers of 13 for evacuation
[2023-11-08T18:50:16.360+0100][gc,phases     ] GC(442)   Pre Evacuate Collection Set: 0,0ms
[2023-11-08T18:50:16.360+0100][gc,phases     ] GC(442)   Evacuate Collection Set: 6,1ms
[2023-11-08T18:50:16.360+0100][gc,phases     ] GC(442)   Post Evacuate Collection Set: 0,5ms
[2023-11-08T18:50:16.360+0100][gc,phases     ] GC(442)   Other: 0,3ms
[2023-11-08T18:50:16.360+0100][gc,heap       ] GC(442) Eden regions: 48->0(81)
[2023-11-08T18:50:16.360+0100][gc,heap       ] GC(442) Survivor regions: 7->4(7)
[2023-11-08T18:50:16.360+0100][gc,heap       ] GC(442) Old regions: 182->189
[2023-11-08T18:50:16.360+0100][gc,heap       ] GC(442) Humongous regions: 129->129
[2023-11-08T18:50:16.360+0100][gc,metaspace  ] GC(442) Metaspace: 48215K(52224K)->48215K(52224K) NonClass: 42259K(44544K)->42259K(44544K) Class: 5956K(7680K)->5956K(7680K)
[2023-11-08T18:50:16.360+0100][gc            ] GC(442) Pause Young (Normal) (G1 Evacuation Pause) 364M->320M(1024M) 7,042ms
[2023-11-08T18:50:16.360+0100][gc,cpu        ] GC(442) User=0,08s Sys=0,00s Real=0,01s
[2023-11-08T18:50:16.651+0100][gc,start      ] GC(443) Pause Young (Normal) (G1 Evacuation Pause)
[2023-11-08T18:50:16.651+0100][gc,task       ] GC(443) Using 13 workers of 13 for evacuation
[2023-11-08T18:50:16.656+0100][gc,phases     ] GC(443)   Pre Evacuate Collection Set: 0,0ms
[2023-11-08T18:50:16.656+0100][gc,phases     ] GC(443)   Evacuate Collection Set: 4,8ms
[2023-11-08T18:50:16.656+0100][gc,phases     ] GC(443)   Post Evacuate Collection Set: 0,5ms
[2023-11-08T18:50:16.656+0100][gc,phases     ] GC(443)   Other: 0,2ms
[2023-11-08T18:50:16.656+0100][gc,heap       ] GC(443) Eden regions: 58->0(81)
[2023-11-08T18:50:16.656+0100][gc,heap       ] GC(443) Survivor regions: 4->7(8)
[2023-11-08T18:50:16.656+0100][gc,heap       ] GC(443) Old regions: 189->189
[2023-11-08T18:50:16.656+0100][gc,heap       ] GC(443) Humongous regions: 129->129
[2023-11-08T18:50:16.656+0100][gc,metaspace  ] GC(443) Metaspace: 48215K(52224K)->48215K(52224K) NonClass: 42259K(44544K)->42259K(44544K) Class: 5956K(7680K)->5956K(7680K)
[2023-11-08T18:50:16.656+0100][gc            ] GC(443) Pause Young (Normal) (G1 Evacuation Pause) 378M->323M(1024M) 5,612ms
[2023-11-08T18:50:16.656+0100][gc,cpu        ] GC(443) User=0,05s Sys=0,00s Real=0,01s
[2023-11-08T18:50:16.950+0100][gc,start      ] GC(444) Pause Young (Normal) (G1 Evacuation Pause)
[2023-11-08T18:50:16.950+0100][gc,task       ] GC(444) Using 13 workers of 13 for evacuation
[2023-11-08T18:50:16.956+0100][gc,phases     ] GC(444)   Pre Evacuate Collection Set: 0,0ms
[2023-11-08T18:50:16.956+0100][gc,phases     ] GC(444)   Evacuate Collection Set: 5,2ms
[2023-11-08T18:50:16.956+0100][gc,phases     ] GC(444)   Post Evacuate Collection Set: 0,5ms
[2023-11-08T18:50:16.956+0100][gc,phases     ] GC(444)   Other: 0,2ms
[2023-11-08T18:50:16.956+0100][gc,heap       ] GC(444) Eden regions: 81->0(103)
[2023-11-08T18:50:16.956+0100][gc,heap       ] GC(444) Survivor regions: 7->5(11)
[2023-11-08T18:50:16.956+0100][gc,heap       ] GC(444) Old regions: 189->193
[2023-11-08T18:50:16.956+0100][gc,heap       ] GC(444) Humongous regions: 129->129
[2023-11-08T18:50:16.956+0100][gc,metaspace  ] GC(444) Metaspace: 48215K(52224K)->48215K(52224K) NonClass: 42259K(44544K)->42259K(44544K) Class: 5956K(7680K)->5956K(7680K)
[2023-11-08T18:50:16.956+0100][gc            ] GC(444) Pause Young (Normal) (G1 Evacuation Pause) 404M->324M(1024M) 6,061ms
[2023-11-08T18:50:16.956+0100][gc,cpu        ] GC(444) User=0,07s Sys=0,00s Real=0,01s
[2023-11-08T18:50:17.325+0100][gc,start      ] GC(445) Pause Young (Normal) (G1 Evacuation Pause)
[2023-11-08T18:50:17.325+0100][gc,task       ] GC(445) Using 13 workers of 13 for evacuation
[2023-11-08T18:50:17.330+0100][gc,phases     ] GC(445)   Pre Evacuate Collection Set: 0,0ms
[2023-11-08T18:50:17.330+0100][gc,phases     ] GC(445)   Evacuate Collection Set: 4,0ms
[2023-11-08T18:50:17.330+0100][gc,phases     ] GC(445)   Post Evacuate Collection Set: 0,5ms
[2023-11-08T18:50:17.330+0100][gc,phases     ] GC(445)   Other: 0,2ms
[2023-11-08T18:50:17.330+0100][gc,heap       ] GC(445) Eden regions: 103->0(130)
[2023-11-08T18:50:17.330+0100][gc,heap       ] GC(445) Survivor regions: 5->6(14)
[2023-11-08T18:50:17.330+0100][gc,heap       ] GC(445) Old regions: 193->193
[2023-11-08T18:50:17.330+0100][gc,heap       ] GC(445) Humongous regions: 129->129
[2023-11-08T18:50:17.330+0100][gc,metaspace  ] GC(445) Metaspace: 48215K(52224K)->48215K(52224K) NonClass: 42259K(44544K)->42259K(44544K) Class: 5956K(7680K)->5956K(7680K)
[2023-11-08T18:50:17.330+0100][gc            ] GC(445) Pause Young (Normal) (G1 Evacuation Pause) 427M->325M(1024M) 4,760ms
[2023-11-08T18:50:17.330+0100][gc,cpu        ] GC(445) User=0,05s Sys=0,00s Real=0,00s
[2023-11-08T18:50:17.799+0100][gc,start      ] GC(446) Pause Young (Normal) (G1 Evacuation Pause)
[2023-11-08T18:50:17.799+0100][gc,task       ] GC(446) Using 13 workers of 13 for evacuation
[2023-11-08T18:50:17.803+0100][gc,phases     ] GC(446)   Pre Evacuate Collection Set: 0,0ms
[2023-11-08T18:50:17.803+0100][gc,phases     ] GC(446)   Evacuate Collection Set: 3,1ms
[2023-11-08T18:50:17.803+0100][gc,phases     ] GC(446)   Post Evacuate Collection Set: 0,7ms
[2023-11-08T18:50:17.803+0100][gc,phases     ] GC(446)   Other: 0,3ms
[2023-11-08T18:50:17.803+0100][gc,heap       ] GC(446) Eden regions: 130->0(163)
[2023-11-08T18:50:17.803+0100][gc,heap       ] GC(446) Survivor regions: 6->7(17)
[2023-11-08T18:50:17.803+0100][gc,heap       ] GC(446) Old regions: 193->193
[2023-11-08T18:50:17.803+0100][gc,heap       ] GC(446) Humongous regions: 129->129
[2023-11-08T18:50:17.803+0100][gc,metaspace  ] GC(446) Metaspace: 48215K(52224K)->48215K(52224K) NonClass: 42259K(44544K)->42259K(44544K) Class: 5956K(7680K)->5956K(7680K)
[2023-11-08T18:50:17.803+0100][gc            ] GC(446) Pause Young (Normal) (G1 Evacuation Pause) 455M->326M(1024M) 4,279ms
[2023-11-08T18:50:17.803+0100][gc,cpu        ] GC(446) User=0,02s Sys=0,02s Real=0,01s
[2023-11-08T18:50:18.396+0100][gc,start      ] GC(447) Pause Young (Normal) (G1 Evacuation Pause)
[2023-11-08T18:50:18.396+0100][gc,task       ] GC(447) Using 13 workers of 13 for evacuation
[2023-11-08T18:50:18.401+0100][gc,phases     ] GC(447)   Pre Evacuate Collection Set: 0,0ms
[2023-11-08T18:50:18.401+0100][gc,phases     ] GC(447)   Evacuate Collection Set: 5,0ms
[2023-11-08T18:50:18.401+0100][gc,phases     ] GC(447)   Post Evacuate Collection Set: 0,4ms
[2023-11-08T18:50:18.401+0100][gc,phases     ] GC(447)   Other: 0,2ms
[2023-11-08T18:50:18.401+0100][gc,heap       ] GC(447) Eden regions: 163->0(199)
[2023-11-08T18:50:18.401+0100][gc,heap       ] GC(447) Survivor regions: 7->8(22)
[2023-11-08T18:50:18.401+0100][gc,heap       ] GC(447) Old regions: 193->193
[2023-11-08T18:50:18.401+0100][gc,heap       ] GC(447) Humongous regions: 129->129
[2023-11-08T18:50:18.401+0100][gc,metaspace  ] GC(447) Metaspace: 48215K(52224K)->48215K(52224K) NonClass: 42259K(44544K)->42259K(44544K) Class: 5956K(7680K)->5956K(7680K)
[2023-11-08T18:50:18.401+0100][gc            ] GC(447) Pause Young (Normal) (G1 Evacuation Pause) 489M->327M(1024M) 5,736ms
[2023-11-08T18:50:18.401+0100][gc,cpu        ] GC(447) User=0,04s Sys=0,02s Real=0,00s
[2023-11-08T18:50:19.170+0100][gc,start      ] GC(448) Pause Young (Normal) (G1 Evacuation Pause)
[2023-11-08T18:50:19.170+0100][gc,task       ] GC(448) Using 13 workers of 13 for evacuation
[2023-11-08T18:50:19.174+0100][gc,phases     ] GC(448)   Pre Evacuate Collection Set: 0,0ms
[2023-11-08T18:50:19.174+0100][gc,phases     ] GC(448)   Evacuate Collection Set: 3,7ms
[2023-11-08T18:50:19.174+0100][gc,phases     ] GC(448)   Post Evacuate Collection Set: 0,7ms
[2023-11-08T18:50:19.174+0100][gc,phases     ] GC(448)   Other: 0,2ms
[2023-11-08T18:50:19.174+0100][gc,heap       ] GC(448) Eden regions: 199->0(239)
[2023-11-08T18:50:19.174+0100][gc,heap       ] GC(448) Survivor regions: 8->8(26)
[2023-11-08T18:50:19.174+0100][gc,heap       ] GC(448) Old regions: 193->193
[2023-11-08T18:50:19.174+0100][gc,heap       ] GC(448) Humongous regions: 129->129
[2023-11-08T18:50:19.174+0100][gc,metaspace  ] GC(448) Metaspace: 48215K(52224K)->48215K(52224K) NonClass: 42259K(44544K)->42259K(44544K) Class: 5956K(7680K)->5956K(7680K)
[2023-11-08T18:50:19.174+0100][gc            ] GC(448) Pause Young (Normal) (G1 Evacuation Pause) 526M->328M(1024M) 4,828ms
[2023-11-08T18:50:19.175+0100][gc,cpu        ] GC(448) User=0,05s Sys=0,00s Real=0,00s
[2023-11-08T18:50:20.128+0100][gc,start      ] GC(449) Pause Young (Normal) (G1 Evacuation Pause)
[2023-11-08T18:50:20.128+0100][gc,task       ] GC(449) Using 13 workers of 13 for evacuation
[2023-11-08T18:50:20.133+0100][gc,phases     ] GC(449)   Pre Evacuate Collection Set: 0,0ms
[2023-11-08T18:50:20.133+0100][gc,phases     ] GC(449)   Evacuate Collection Set: 3,7ms
[2023-11-08T18:50:20.133+0100][gc,phases     ] GC(449)   Post Evacuate Collection Set: 0,7ms
[2023-11-08T18:50:20.133+0100][gc,phases     ] GC(449)   Other: 0,3ms
[2023-11-08T18:50:20.133+0100][gc,heap       ] GC(449) Eden regions: 239->0(270)
[2023-11-08T18:50:20.133+0100][gc,heap       ] GC(449) Survivor regions: 8->9(31)
[2023-11-08T18:50:20.133+0100][gc,heap       ] GC(449) Old regions: 193->193
[2023-11-08T18:50:20.133+0100][gc,heap       ] GC(449) Humongous regions: 129->129
[2023-11-08T18:50:20.133+0100][gc,metaspace  ] GC(449) Metaspace: 48215K(52224K)->48215K(52224K) NonClass: 42259K(44544K)->42259K(44544K) Class: 5956K(7680K)->5956K(7680K)
[2023-11-08T18:50:20.133+0100][gc            ] GC(449) Pause Young (Normal) (G1 Evacuation Pause) 567M->328M(1024M) 4,915ms
[2023-11-08T18:50:20.133+0100][gc,cpu        ] GC(449) User=0,05s Sys=0,00s Real=0,00s
[2023-11-08T18:50:21.173+0100][gc,start      ] GC(450) Pause Young (Normal) (G1 Evacuation Pause)
[2023-11-08T18:50:21.173+0100][gc,task       ] GC(450) Using 13 workers of 13 for evacuation
[2023-11-08T18:50:21.178+0100][gc,phases     ] GC(450)   Pre Evacuate Collection Set: 0,0ms
[2023-11-08T18:50:21.178+0100][gc,phases     ] GC(450)   Evacuate Collection Set: 4,8ms
[2023-11-08T18:50:21.178+0100][gc,phases     ] GC(450)   Post Evacuate Collection Set: 0,5ms
[2023-11-08T18:50:21.178+0100][gc,phases     ] GC(450)   Other: 0,2ms
[2023-11-08T18:50:21.178+0100][gc,heap       ] GC(450) Eden regions: 270->0(308)
[2023-11-08T18:50:21.178+0100][gc,heap       ] GC(450) Survivor regions: 9->10(35)
[2023-11-08T18:50:21.178+0100][gc,heap       ] GC(450) Old regions: 193->193
[2023-11-08T18:50:21.178+0100][gc,heap       ] GC(450) Humongous regions: 129->129
[2023-11-08T18:50:21.178+0100][gc,metaspace  ] GC(450) Metaspace: 48215K(52224K)->48215K(52224K) NonClass: 42259K(44544K)->42259K(44544K) Class: 5956K(7680K)->5956K(7680K)
[2023-11-08T18:50:21.179+0100][gc            ] GC(450) Pause Young (Normal) (G1 Evacuation Pause) 598M->329M(1024M) 5,615ms
[2023-11-08T18:50:21.179+0100][gc,cpu        ] GC(450) User=0,05s Sys=0,00s Real=0,01s
[2023-11-08T18:50:22.286+0100][gc,start      ] GC(451) Pause Young (Normal) (G1 Evacuation Pause)
[2023-11-08T18:50:22.286+0100][gc,task       ] GC(451) Using 13 workers of 13 for evacuation
[2023-11-08T18:50:22.292+0100][gc,phases     ] GC(451)   Pre Evacuate Collection Set: 0,0ms
[2023-11-08T18:50:22.292+0100][gc,phases     ] GC(451)   Evacuate Collection Set: 4,4ms
[2023-11-08T18:50:22.292+0100][gc,phases     ] GC(451)   Post Evacuate Collection Set: 0,6ms
[2023-11-08T18:50:22.292+0100][gc,phases     ] GC(451)   Other: 0,2ms
[2023-11-08T18:50:22.292+0100][gc,heap       ] GC(451) Eden regions: 308->0(358)
[2023-11-08T18:50:22.292+0100][gc,heap       ] GC(451) Survivor regions: 10->10(40)
[2023-11-08T18:50:22.292+0100][gc,heap       ] GC(451) Old regions: 193->193
[2023-11-08T18:50:22.292+0100][gc,heap       ] GC(451) Humongous regions: 129->129
[2023-11-08T18:50:22.292+0100][gc,metaspace  ] GC(451) Metaspace: 48215K(52224K)->48215K(52224K) NonClass: 42259K(44544K)->42259K(44544K) Class: 5956K(7680K)->5956K(7680K)
[2023-11-08T18:50:22.292+0100][gc            ] GC(451) Pause Young (Normal) (G1 Evacuation Pause) 637M->330M(1024M) 5,352ms
[2023-11-08T18:50:22.292+0100][gc,cpu        ] GC(451) User=0,03s Sys=0,02s Real=0,00s
[2023-11-08T18:50:23.599+0100][gc,start      ] GC(452) Pause Young (Normal) (G1 Evacuation Pause)
[2023-11-08T18:50:23.599+0100][gc,task       ] GC(452) Using 13 workers of 13 for evacuation
[2023-11-08T18:50:23.604+0100][gc,phases     ] GC(452)   Pre Evacuate Collection Set: 0,0ms
[2023-11-08T18:50:23.604+0100][gc,phases     ] GC(452)   Evacuate Collection Set: 4,4ms
[2023-11-08T18:50:23.604+0100][gc,phases     ] GC(452)   Post Evacuate Collection Set: 0,6ms
[2023-11-08T18:50:23.604+0100][gc,phases     ] GC(452)   Other: 0,3ms
[2023-11-08T18:50:23.604+0100][gc,heap       ] GC(452) Eden regions: 358->0(395)
[2023-11-08T18:50:23.604+0100][gc,heap       ] GC(452) Survivor regions: 10->11(46)
[2023-11-08T18:50:23.604+0100][gc,heap       ] GC(452) Old regions: 193->193
[2023-11-08T18:50:23.604+0100][gc,heap       ] GC(452) Humongous regions: 129->129
[2023-11-08T18:50:23.604+0100][gc,metaspace  ] GC(452) Metaspace: 48215K(52224K)->48215K(52224K) NonClass: 42259K(44544K)->42259K(44544K) Class: 5956K(7680K)->5956K(7680K)
[2023-11-08T18:50:23.604+0100][gc            ] GC(452) Pause Young (Normal) (G1 Evacuation Pause) 688M->331M(1024M) 5,298ms
[2023-11-08T18:50:23.604+0100][gc,cpu        ] GC(452) User=0,05s Sys=0,01s Real=0,01s
[2023-11-08T18:50:25.034+0100][gc,start      ] GC(453) Pause Young (Normal) (G1 Evacuation Pause)
[2023-11-08T18:50:25.034+0100][gc,task       ] GC(453) Using 13 workers of 13 for evacuation
[2023-11-08T18:50:25.039+0100][gc,phases     ] GC(453)   Pre Evacuate Collection Set: 0,0ms
[2023-11-08T18:50:25.039+0100][gc,phases     ] GC(453)   Evacuate Collection Set: 5,0ms
[2023-11-08T18:50:25.039+0100][gc,phases     ] GC(453)   Post Evacuate Collection Set: 0,7ms
[2023-11-08T18:50:25.039+0100][gc,phases     ] GC(453)   Other: 0,2ms
[2023-11-08T18:50:25.039+0100][gc,heap       ] GC(453) Eden regions: 395->0(419)
[2023-11-08T18:50:25.039+0100][gc,heap       ] GC(453) Survivor regions: 11->12(51)
[2023-11-08T18:50:25.039+0100][gc,heap       ] GC(453) Old regions: 193->193
[2023-11-08T18:50:25.039+0100][gc,heap       ] GC(453) Humongous regions: 129->129
[2023-11-08T18:50:25.039+0100][gc,metaspace  ] GC(453) Metaspace: 48215K(52224K)->48215K(52224K) NonClass: 42259K(44544K)->42259K(44544K) Class: 5956K(7680K)->5956K(7680K)
[2023-11-08T18:50:25.039+0100][gc            ] GC(453) Pause Young (Normal) (G1 Evacuation Pause) 726M->331M(1024M) 5,960ms
[2023-11-08T18:50:25.040+0100][gc,cpu        ] GC(453) User=0,06s Sys=0,01s Real=0,01s
[2023-11-08T18:50:26.683+0100][gc,start      ] GC(454) Pause Young (Normal) (G1 Evacuation Pause)
[2023-11-08T18:50:26.683+0100][gc,task       ] GC(454) Using 13 workers of 13 for evacuation
[2023-11-08T18:50:26.689+0100][gc,phases     ] GC(454)   Pre Evacuate Collection Set: 0,0ms
[2023-11-08T18:50:26.689+0100][gc,phases     ] GC(454)   Evacuate Collection Set: 5,0ms
[2023-11-08T18:50:26.689+0100][gc,phases     ] GC(454)   Post Evacuate Collection Set: 0,6ms
[2023-11-08T18:50:26.689+0100][gc,phases     ] GC(454)   Other: 0,3ms
[2023-11-08T18:50:26.689+0100][gc,heap       ] GC(454) Eden regions: 419->0(456)
[2023-11-08T18:50:26.689+0100][gc,heap       ] GC(454) Survivor regions: 12->13(54)
[2023-11-08T18:50:26.689+0100][gc,heap       ] GC(454) Old regions: 193->193
[2023-11-08T18:50:26.689+0100][gc,heap       ] GC(454) Humongous regions: 129->129
[2023-11-08T18:50:26.689+0100][gc,metaspace  ] GC(454) Metaspace: 48215K(52224K)->48215K(52224K) NonClass: 42259K(44544K)->42259K(44544K) Class: 5956K(7680K)->5956K(7680K)
[2023-11-08T18:50:26.689+0100][gc            ] GC(454) Pause Young (Normal) (G1 Evacuation Pause) 750M->332M(1024M) 6,068ms
[2023-11-08T18:50:26.689+0100][gc,cpu        ] GC(454) User=0,06s Sys=0,01s Real=0,00s
[2023-11-08T18:50:28.366+0100][gc,start      ] GC(455) Pause Young (Normal) (G1 Evacuation Pause)
[2023-11-08T18:50:28.366+0100][gc,task       ] GC(455) Using 13 workers of 13 for evacuation
[2023-11-08T18:50:28.372+0100][gc,phases     ] GC(455)   Pre Evacuate Collection Set: 0,0ms
[2023-11-08T18:50:28.372+0100][gc,phases     ] GC(455)   Evacuate Collection Set: 5,4ms
[2023-11-08T18:50:28.372+0100][gc,phases     ] GC(455)   Post Evacuate Collection Set: 0,6ms
[2023-11-08T18:50:28.372+0100][gc,phases     ] GC(455)   Other: 0,2ms
[2023-11-08T18:50:28.372+0100][gc,heap       ] GC(455) Eden regions: 456->0(473)
[2023-11-08T18:50:28.372+0100][gc,heap       ] GC(455) Survivor regions: 13->14(59)
[2023-11-08T18:50:28.372+0100][gc,heap       ] GC(455) Old regions: 193->193
[2023-11-08T18:50:28.372+0100][gc,heap       ] GC(455) Humongous regions: 129->129
[2023-11-08T18:50:28.372+0100][gc,metaspace  ] GC(455) Metaspace: 48215K(52224K)->48215K(52224K) NonClass: 42259K(44544K)->42259K(44544K) Class: 5956K(7680K)->5956K(7680K)
[2023-11-08T18:50:28.372+0100][gc            ] GC(455) Pause Young (Normal) (G1 Evacuation Pause) 788M->333M(1024M) 6,308ms
[2023-11-08T18:50:28.372+0100][gc,cpu        ] GC(455) User=0,06s Sys=0,01s Real=0,00s
[2023-11-08T18:50:30.072+0100][gc,start      ] GC(456) Pause Young (Normal) (G1 Evacuation Pause)
[2023-11-08T18:50:30.072+0100][gc,task       ] GC(456) Using 13 workers of 13 for evacuation
[2023-11-08T18:50:30.079+0100][gc,phases     ] GC(456)   Pre Evacuate Collection Set: 0,0ms
[2023-11-08T18:50:30.079+0100][gc,phases     ] GC(456)   Evacuate Collection Set: 5,7ms
[2023-11-08T18:50:30.079+0100][gc,phases     ] GC(456)   Post Evacuate Collection Set: 0,6ms
[2023-11-08T18:50:30.079+0100][gc,phases     ] GC(456)   Other: 0,2ms
[2023-11-08T18:50:30.079+0100][gc,heap       ] GC(456) Eden regions: 473->0(486)
[2023-11-08T18:50:30.079+0100][gc,heap       ] GC(456) Survivor regions: 14->15(61)
[2023-11-08T18:50:30.079+0100][gc,heap       ] GC(456) Old regions: 193->193
[2023-11-08T18:50:30.079+0100][gc,heap       ] GC(456) Humongous regions: 129->129
[2023-11-08T18:50:30.079+0100][gc,metaspace  ] GC(456) Metaspace: 48215K(52224K)->48215K(52224K) NonClass: 42259K(44544K)->42259K(44544K) Class: 5956K(7680K)->5956K(7680K)
[2023-11-08T18:50:30.079+0100][gc            ] GC(456) Pause Young (Normal) (G1 Evacuation Pause) 806M->335M(1024M) 6,676ms
[2023-11-08T18:50:30.079+0100][gc,cpu        ] GC(456) User=0,06s Sys=0,01s Real=0,01s
[2023-11-08T18:50:31.952+0100][gc,start      ] GC(457) Pause Young (Normal) (G1 Evacuation Pause)
[2023-11-08T18:50:31.952+0100][gc,task       ] GC(457) Using 13 workers of 13 for evacuation
[2023-11-08T18:50:31.959+0100][gc,phases     ] GC(457)   Pre Evacuate Collection Set: 0,0ms
[2023-11-08T18:50:31.959+0100][gc,phases     ] GC(457)   Evacuate Collection Set: 5,8ms
[2023-11-08T18:50:31.959+0100][gc,phases     ] GC(457)   Post Evacuate Collection Set: 0,8ms
[2023-11-08T18:50:31.959+0100][gc,phases     ] GC(457)   Other: 0,3ms
[2023-11-08T18:50:31.959+0100][gc,heap       ] GC(457) Eden regions: 486->0(498)
[2023-11-08T18:50:31.959+0100][gc,heap       ] GC(457) Survivor regions: 15->15(63)
[2023-11-08T18:50:31.959+0100][gc,heap       ] GC(457) Old regions: 193->193
[2023-11-08T18:50:31.959+0100][gc,heap       ] GC(457) Humongous regions: 129->129
[2023-11-08T18:50:31.959+0100][gc,metaspace  ] GC(457) Metaspace: 48215K(52224K)->48215K(52224K) NonClass: 42259K(44544K)->42259K(44544K) Class: 5956K(7680K)->5956K(7680K)
[2023-11-08T18:50:31.959+0100][gc            ] GC(457) Pause Young (Normal) (G1 Evacuation Pause) 821M->334M(1024M) 7,135ms
[2023-11-08T18:50:31.959+0100][gc,cpu        ] GC(457) User=0,06s Sys=0,02s Real=0,01s
[2023-11-08T18:50:33.816+0100][gc,start      ] GC(458) Pause Young (Normal) (G1 Evacuation Pause)
[2023-11-08T18:50:33.816+0100][gc,task       ] GC(458) Using 13 workers of 13 for evacuation
[2023-11-08T18:50:33.824+0100][gc,phases     ] GC(458)   Pre Evacuate Collection Set: 0,0ms
[2023-11-08T18:50:33.824+0100][gc,phases     ] GC(458)   Evacuate Collection Set: 6,6ms
[2023-11-08T18:50:33.824+0100][gc,phases     ] GC(458)   Post Evacuate Collection Set: 0,6ms
[2023-11-08T18:50:33.824+0100][gc,phases     ] GC(458)   Other: 0,3ms
[2023-11-08T18:50:33.824+0100][gc,heap       ] GC(458) Eden regions: 498->0(508)
[2023-11-08T18:50:33.824+0100][gc,heap       ] GC(458) Survivor regions: 15->13(65)
[2023-11-08T18:50:33.824+0100][gc,heap       ] GC(458) Old regions: 193->196
[2023-11-08T18:50:33.824+0100][gc,heap       ] GC(458) Humongous regions: 129->129
[2023-11-08T18:50:33.824+0100][gc,metaspace  ] GC(458) Metaspace: 48215K(52224K)->48215K(52224K) NonClass: 42259K(44544K)->42259K(44544K) Class: 5956K(7680K)->5956K(7680K)
[2023-11-08T18:50:33.824+0100][gc            ] GC(458) Pause Young (Normal) (G1 Evacuation Pause) 832M->335M(1024M) 7,790ms
[2023-11-08T18:50:33.824+0100][gc,cpu        ] GC(458) User=0,05s Sys=0,04s Real=0,01s
[2023-11-08T18:50:35.601+0100][gc,start      ] GC(459) Pause Young (Normal) (G1 Evacuation Pause)
[2023-11-08T18:50:35.601+0100][gc,task       ] GC(459) Using 13 workers of 13 for evacuation
[2023-11-08T18:50:35.608+0100][gc,phases     ] GC(459)   Pre Evacuate Collection Set: 0,0ms
[2023-11-08T18:50:35.608+0100][gc,phases     ] GC(459)   Evacuate Collection Set: 6,4ms
[2023-11-08T18:50:35.608+0100][gc,phases     ] GC(459)   Post Evacuate Collection Set: 0,6ms
[2023-11-08T18:50:35.608+0100][gc,phases     ] GC(459)   Other: 0,2ms
[2023-11-08T18:50:35.608+0100][gc,heap       ] GC(459) Eden regions: 508->0(516)
[2023-11-08T18:50:35.608+0100][gc,heap       ] GC(459) Survivor regions: 13->13(66)
[2023-11-08T18:50:35.608+0100][gc,heap       ] GC(459) Old regions: 196->197
[2023-11-08T18:50:35.608+0100][gc,heap       ] GC(459) Humongous regions: 129->129
[2023-11-08T18:50:35.608+0100][gc,metaspace  ] GC(459) Metaspace: 48215K(52224K)->48215K(52224K) NonClass: 42259K(44544K)->42259K(44544K) Class: 5956K(7680K)->5956K(7680K)
[2023-11-08T18:50:35.608+0100][gc            ] GC(459) Pause Young (Normal) (G1 Evacuation Pause) 843M->337M(1024M) 7,338ms
[2023-11-08T18:50:35.608+0100][gc,cpu        ] GC(459) User=0,05s Sys=0,03s Real=0,01s
[2023-11-08T18:50:37.495+0100][gc,start      ] GC(460) Pause Young (Normal) (G1 Evacuation Pause)
[2023-11-08T18:50:37.495+0100][gc,task       ] GC(460) Using 13 workers of 13 for evacuation
[2023-11-08T18:50:37.501+0100][gc,phases     ] GC(460)   Pre Evacuate Collection Set: 0,0ms
[2023-11-08T18:50:37.501+0100][gc,phases     ] GC(460)   Evacuate Collection Set: 5,3ms
[2023-11-08T18:50:37.501+0100][gc,phases     ] GC(460)   Post Evacuate Collection Set: 0,6ms
[2023-11-08T18:50:37.501+0100][gc,phases     ] GC(460)   Other: 0,3ms
[2023-11-08T18:50:37.501+0100][gc,heap       ] GC(460) Eden regions: 516->0(521)
[2023-11-08T18:50:37.501+0100][gc,heap       ] GC(460) Survivor regions: 13->14(67)
[2023-11-08T18:50:37.501+0100][gc,heap       ] GC(460) Old regions: 197->198
[2023-11-08T18:50:37.501+0100][gc,heap       ] GC(460) Humongous regions: 129->129
[2023-11-08T18:50:37.501+0100][gc,metaspace  ] GC(460) Metaspace: 48215K(52224K)->48215K(52224K) NonClass: 42259K(44544K)->42259K(44544K) Class: 5956K(7680K)->5956K(7680K)
[2023-11-08T18:50:37.501+0100][gc            ] GC(460) Pause Young (Normal) (G1 Evacuation Pause) 853M->338M(1024M) 6,300ms
[2023-11-08T18:50:37.501+0100][gc,cpu        ] GC(460) User=0,06s Sys=0,01s Real=0,00s
[2023-11-08T18:50:39.638+0100][gc,start      ] GC(461) Pause Young (Normal) (G1 Evacuation Pause)
[2023-11-08T18:50:39.638+0100][gc,task       ] GC(461) Using 13 workers of 13 for evacuation
[2023-11-08T18:50:39.645+0100][gc,phases     ] GC(461)   Pre Evacuate Collection Set: 0,0ms
[2023-11-08T18:50:39.645+0100][gc,phases     ] GC(461)   Evacuate Collection Set: 5,9ms
[2023-11-08T18:50:39.645+0100][gc,phases     ] GC(461)   Post Evacuate Collection Set: 0,6ms
[2023-11-08T18:50:39.645+0100][gc,phases     ] GC(461)   Other: 0,3ms
[2023-11-08T18:50:39.645+0100][gc,heap       ] GC(461) Eden regions: 521->0(526)
[2023-11-08T18:50:39.645+0100][gc,heap       ] GC(461) Survivor regions: 14->15(67)
[2023-11-08T18:50:39.645+0100][gc,heap       ] GC(461) Old regions: 198->199
[2023-11-08T18:50:39.645+0100][gc,heap       ] GC(461) Humongous regions: 129->129
[2023-11-08T18:50:39.645+0100][gc,metaspace  ] GC(461) Metaspace: 48215K(52224K)->48215K(52224K) NonClass: 42259K(44544K)->42259K(44544K) Class: 5956K(7680K)->5956K(7680K)
[2023-11-08T18:50:39.645+0100][gc            ] GC(461) Pause Young (Normal) (G1 Evacuation Pause) 859M->341M(1024M) 6,959ms
[2023-11-08T18:50:39.645+0100][gc,cpu        ] GC(461) User=0,08s Sys=0,00s Real=0,01s
[2023-11-08T18:50:41.694+0100][gc,start      ] GC(462) Pause Young (Normal) (G1 Evacuation Pause)
[2023-11-08T18:50:41.694+0100][gc,task       ] GC(462) Using 13 workers of 13 for evacuation
[2023-11-08T18:50:41.701+0100][gc,phases     ] GC(462)   Pre Evacuate Collection Set: 0,0ms
[2023-11-08T18:50:41.701+0100][gc,phases     ] GC(462)   Evacuate Collection Set: 5,8ms
[2023-11-08T18:50:41.701+0100][gc,phases     ] GC(462)   Post Evacuate Collection Set: 0,6ms
[2023-11-08T18:50:41.701+0100][gc,phases     ] GC(462)   Other: 0,3ms
[2023-11-08T18:50:41.701+0100][gc,heap       ] GC(462) Eden regions: 526->0(531)
[2023-11-08T18:50:41.701+0100][gc,heap       ] GC(462) Survivor regions: 15->16(68)
[2023-11-08T18:50:41.701+0100][gc,heap       ] GC(462) Old regions: 199->200
[2023-11-08T18:50:41.701+0100][gc,heap       ] GC(462) Humongous regions: 129->129
[2023-11-08T18:50:41.701+0100][gc,metaspace  ] GC(462) Metaspace: 48215K(52224K)->48215K(52224K) NonClass: 42259K(44544K)->42259K(44544K) Class: 5956K(7680K)->5956K(7680K)
[2023-11-08T18:50:41.701+0100][gc            ] GC(462) Pause Young (Normal) (G1 Evacuation Pause) 867M->342M(1024M) 6,801ms
[2023-11-08T18:50:41.701+0100][gc,cpu        ] GC(462) User=0,07s Sys=0,00s Real=0,01s
[2023-11-08T18:50:43.809+0100][gc,start      ] GC(463) Pause Young (Normal) (G1 Evacuation Pause)
[2023-11-08T18:50:43.810+0100][gc,task       ] GC(463) Using 13 workers of 13 for evacuation
[2023-11-08T18:50:43.817+0100][gc,phases     ] GC(463)   Pre Evacuate Collection Set: 0,0ms
[2023-11-08T18:50:43.817+0100][gc,phases     ] GC(463)   Evacuate Collection Set: 6,5ms
[2023-11-08T18:50:43.817+0100][gc,phases     ] GC(463)   Post Evacuate Collection Set: 0,6ms
[2023-11-08T18:50:43.817+0100][gc,phases     ] GC(463)   Other: 0,3ms
[2023-11-08T18:50:43.817+0100][gc,heap       ] GC(463) Eden regions: 531->0(536)
[2023-11-08T18:50:43.817+0100][gc,heap       ] GC(463) Survivor regions: 16->16(69)
[2023-11-08T18:50:43.817+0100][gc,heap       ] GC(463) Old regions: 200->201
[2023-11-08T18:50:43.817+0100][gc,heap       ] GC(463) Humongous regions: 129->129
[2023-11-08T18:50:43.817+0100][gc,metaspace  ] GC(463) Metaspace: 48215K(52224K)->48215K(52224K) NonClass: 42259K(44544K)->42259K(44544K) Class: 5956K(7680K)->5956K(7680K)
[2023-11-08T18:50:43.817+0100][gc            ] GC(463) Pause Young (Normal) (G1 Evacuation Pause) 873M->343M(1024M) 7,407ms
[2023-11-08T18:50:43.817+0100][gc,cpu        ] GC(463) User=0,08s Sys=0,00s Real=0,01s
[2023-11-08T18:50:45.983+0100][gc,start      ] GC(464) Pause Young (Normal) (G1 Evacuation Pause)
[2023-11-08T18:50:45.983+0100][gc,task       ] GC(464) Using 13 workers of 13 for evacuation
[2023-11-08T18:50:45.990+0100][gc,phases     ] GC(464)   Pre Evacuate Collection Set: 0,0ms
[2023-11-08T18:50:45.990+0100][gc,phases     ] GC(464)   Evacuate Collection Set: 6,5ms
[2023-11-08T18:50:45.990+0100][gc,phases     ] GC(464)   Post Evacuate Collection Set: 0,6ms
[2023-11-08T18:50:45.990+0100][gc,phases     ] GC(464)   Other: 0,2ms
[2023-11-08T18:50:45.990+0100][gc,heap       ] GC(464) Eden regions: 536->0(539)
[2023-11-08T18:50:45.990+0100][gc,heap       ] GC(464) Survivor regions: 16->18(69)
[2023-11-08T18:50:45.990+0100][gc,heap       ] GC(464) Old regions: 201->201
[2023-11-08T18:50:45.990+0100][gc,heap       ] GC(464) Humongous regions: 129->129
[2023-11-08T18:50:45.990+0100][gc,metaspace  ] GC(464) Metaspace: 48215K(52224K)->48215K(52224K) NonClass: 42259K(44544K)->42259K(44544K) Class: 5956K(7680K)->5956K(7680K)
[2023-11-08T18:50:45.990+0100][gc            ] GC(464) Pause Young (Normal) (G1 Evacuation Pause) 879M->345M(1024M) 7,426ms
[2023-11-08T18:50:45.990+0100][gc,cpu        ] GC(464) User=0,07s Sys=0,02s Real=0,00s
[2023-11-08T18:50:48.065+0100][gc,start      ] GC(465) Pause Young (Normal) (G1 Evacuation Pause)
[2023-11-08T18:50:48.065+0100][gc,task       ] GC(465) Using 13 workers of 13 for evacuation
[2023-11-08T18:50:48.073+0100][gc,phases     ] GC(465)   Pre Evacuate Collection Set: 0,0ms
[2023-11-08T18:50:48.073+0100][gc,phases     ] GC(465)   Evacuate Collection Set: 7,0ms
[2023-11-08T18:50:48.073+0100][gc,phases     ] GC(465)   Post Evacuate Collection Set: 0,5ms
[2023-11-08T18:50:48.073+0100][gc,phases     ] GC(465)   Other: 0,2ms
[2023-11-08T18:50:48.073+0100][gc,heap       ] GC(465) Eden regions: 539->0(542)
[2023-11-08T18:50:48.073+0100][gc,heap       ] GC(465) Survivor regions: 18->19(70)
[2023-11-08T18:50:48.073+0100][gc,heap       ] GC(465) Old regions: 201->201
[2023-11-08T18:50:48.073+0100][gc,heap       ] GC(465) Humongous regions: 129->129
[2023-11-08T18:50:48.073+0100][gc,metaspace  ] GC(465) Metaspace: 48215K(52224K)->48215K(52224K) NonClass: 42259K(44544K)->42259K(44544K) Class: 5956K(7680K)->5956K(7680K)
[2023-11-08T18:50:48.073+0100][gc            ] GC(465) Pause Young (Normal) (G1 Evacuation Pause) 884M->347M(1024M) 7,845ms
[2023-11-08T18:50:48.073+0100][gc,cpu        ] GC(465) User=0,08s Sys=0,00s Real=0,00s
[2023-11-08T18:50:50.359+0100][gc,start      ] GC(466) Pause Young (Normal) (G1 Evacuation Pause)
[2023-11-08T18:50:50.359+0100][gc,task       ] GC(466) Using 13 workers of 13 for evacuation
[2023-11-08T18:50:50.366+0100][gc,phases     ] GC(466)   Pre Evacuate Collection Set: 0,0ms
[2023-11-08T18:50:50.366+0100][gc,phases     ] GC(466)   Evacuate Collection Set: 6,5ms
[2023-11-08T18:50:50.366+0100][gc,phases     ] GC(466)   Post Evacuate Collection Set: 0,7ms
[2023-11-08T18:50:50.366+0100][gc,phases     ] GC(466)   Other: 0,3ms
[2023-11-08T18:50:50.366+0100][gc,heap       ] GC(466) Eden regions: 542->0(544)
[2023-11-08T18:50:50.366+0100][gc,heap       ] GC(466) Survivor regions: 19->20(71)
[2023-11-08T18:50:50.366+0100][gc,heap       ] GC(466) Old regions: 201->202
[2023-11-08T18:50:50.366+0100][gc,heap       ] GC(466) Humongous regions: 129->129
[2023-11-08T18:50:50.366+0100][gc,metaspace  ] GC(466) Metaspace: 48215K(52224K)->48215K(52224K) NonClass: 42259K(44544K)->42259K(44544K) Class: 5956K(7680K)->5956K(7680K)
[2023-11-08T18:50:50.366+0100][gc            ] GC(466) Pause Young (Normal) (G1 Evacuation Pause) 889M->348M(1024M) 7,694ms
[2023-11-08T18:50:50.366+0100][gc,cpu        ] GC(466) User=0,06s Sys=0,02s Real=0,01s
[2023-11-08T18:50:52.511+0100][gc,start      ] GC(467) Pause Young (Normal) (G1 Evacuation Pause)
[2023-11-08T18:50:52.511+0100][gc,task       ] GC(467) Using 13 workers of 13 for evacuation
[2023-11-08T18:50:52.520+0100][gc,phases     ] GC(467)   Pre Evacuate Collection Set: 0,0ms
[2023-11-08T18:50:52.520+0100][gc,phases     ] GC(467)   Evacuate Collection Set: 8,3ms
[2023-11-08T18:50:52.520+0100][gc,phases     ] GC(467)   Post Evacuate Collection Set: 0,5ms
[2023-11-08T18:50:52.520+0100][gc,phases     ] GC(467)   Other: 0,3ms
[2023-11-08T18:50:52.520+0100][gc,heap       ] GC(467) Eden regions: 544->0(547)
[2023-11-08T18:50:52.520+0100][gc,heap       ] GC(467) Survivor regions: 20->20(71)
[2023-11-08T18:50:52.520+0100][gc,heap       ] GC(467) Old regions: 202->203
[2023-11-08T18:50:52.520+0100][gc,heap       ] GC(467) Humongous regions: 129->129
[2023-11-08T18:50:52.520+0100][gc,metaspace  ] GC(467) Metaspace: 48215K(52224K)->48215K(52224K) NonClass: 42259K(44544K)->42259K(44544K) Class: 5956K(7680K)->5956K(7680K)
[2023-11-08T18:50:52.520+0100][gc            ] GC(467) Pause Young (Normal) (G1 Evacuation Pause) 892M->350M(1024M) 9,201ms
[2023-11-08T18:50:52.520+0100][gc,cpu        ] GC(467) User=0,09s Sys=0,00s Real=0,01s
[2023-11-08T18:50:54.721+0100][gc,start      ] GC(468) Pause Young (Normal) (G1 Evacuation Pause)
[2023-11-08T18:50:54.721+0100][gc,task       ] GC(468) Using 13 workers of 13 for evacuation
[2023-11-08T18:50:54.730+0100][gc,phases     ] GC(468)   Pre Evacuate Collection Set: 0,0ms
[2023-11-08T18:50:54.731+0100][gc,phases     ] GC(468)   Evacuate Collection Set: 8,4ms
[2023-11-08T18:50:54.731+0100][gc,phases     ] GC(468)   Post Evacuate Collection Set: 0,6ms
[2023-11-08T18:50:54.731+0100][gc,phases     ] GC(468)   Other: 0,3ms
[2023-11-08T18:50:54.731+0100][gc,heap       ] GC(468) Eden regions: 547->0(547)
[2023-11-08T18:50:54.731+0100][gc,heap       ] GC(468) Survivor regions: 20->21(71)
[2023-11-08T18:50:54.731+0100][gc,heap       ] GC(468) Old regions: 203->203
[2023-11-08T18:50:54.731+0100][gc,heap       ] GC(468) Humongous regions: 129->129
[2023-11-08T18:50:54.731+0100][gc,metaspace  ] GC(468) Metaspace: 48215K(52224K)->48215K(52224K) NonClass: 42259K(44544K)->42259K(44544K) Class: 5956K(7680K)->5956K(7680K)
[2023-11-08T18:50:54.731+0100][gc            ] GC(468) Pause Young (Normal) (G1 Evacuation Pause) 897M->351M(1024M) 9,369ms
[2023-11-08T18:50:54.731+0100][gc,cpu        ] GC(468) User=0,09s Sys=0,01s Real=0,01s
[2023-11-08T18:50:57.037+0100][gc,start      ] GC(469) Pause Young (Normal) (G1 Evacuation Pause)
[2023-11-08T18:50:57.037+0100][gc,task       ] GC(469) Using 13 workers of 13 for evacuation
[2023-11-08T18:50:57.046+0100][gc,phases     ] GC(469)   Pre Evacuate Collection Set: 0,0ms
[2023-11-08T18:50:57.046+0100][gc,phases     ] GC(469)   Evacuate Collection Set: 8,5ms
[2023-11-08T18:50:57.046+0100][gc,phases     ] GC(469)   Post Evacuate Collection Set: 0,5ms
[2023-11-08T18:50:57.047+0100][gc,phases     ] GC(469)   Other: 0,2ms
[2023-11-08T18:50:57.047+0100][gc,heap       ] GC(469) Eden regions: 547->0(542)
[2023-11-08T18:50:57.047+0100][gc,heap       ] GC(469) Survivor regions: 21->23(71)
[2023-11-08T18:50:57.047+0100][gc,heap       ] GC(469) Old regions: 203->204
[2023-11-08T18:50:57.047+0100][gc,heap       ] GC(469) Humongous regions: 129->129
[2023-11-08T18:50:57.047+0100][gc,metaspace  ] GC(469) Metaspace: 48215K(52224K)->48215K(52224K) NonClass: 42259K(44544K)->42259K(44544K) Class: 5956K(7680K)->5956K(7680K)
[2023-11-08T18:50:57.047+0100][gc            ] GC(469) Pause Young (Normal) (G1 Evacuation Pause) 898M->353M(1024M) 9,358ms
[2023-11-08T18:50:57.047+0100][gc,cpu        ] GC(469) User=0,08s Sys=0,01s Real=0,01s
[2023-11-08T18:50:59.206+0100][gc,start      ] GC(470) Pause Young (Normal) (G1 Evacuation Pause)
[2023-11-08T18:50:59.206+0100][gc,task       ] GC(470) Using 13 workers of 13 for evacuation
[2023-11-08T18:50:59.215+0100][gc,phases     ] GC(470)   Pre Evacuate Collection Set: 0,0ms
[2023-11-08T18:50:59.215+0100][gc,phases     ] GC(470)   Evacuate Collection Set: 7,7ms
[2023-11-08T18:50:59.215+0100][gc,phases     ] GC(470)   Post Evacuate Collection Set: 0,6ms
[2023-11-08T18:50:59.215+0100][gc,phases     ] GC(470)   Other: 0,3ms
[2023-11-08T18:50:59.215+0100][gc,heap       ] GC(470) Eden regions: 542->0(541)
[2023-11-08T18:50:59.215+0100][gc,heap       ] GC(470) Survivor regions: 23->23(71)
[2023-11-08T18:50:59.215+0100][gc,heap       ] GC(470) Old regions: 204->205
[2023-11-08T18:50:59.215+0100][gc,heap       ] GC(470) Humongous regions: 129->129
[2023-11-08T18:50:59.215+0100][gc,metaspace  ] GC(470) Metaspace: 48215K(52224K)->48215K(52224K) NonClass: 42259K(44544K)->42259K(44544K) Class: 5956K(7680K)->5956K(7680K)
[2023-11-08T18:50:59.215+0100][gc            ] GC(470) Pause Young (Normal) (G1 Evacuation Pause) 895M->354M(1024M) 8,676ms
[2023-11-08T18:50:59.215+0100][gc,cpu        ] GC(470) User=0,08s Sys=0,01s Real=0,01s
[2023-11-08T18:51:01.338+0100][gc,start      ] GC(471) Pause Young (Normal) (G1 Evacuation Pause)
[2023-11-08T18:51:01.338+0100][gc,task       ] GC(471) Using 13 workers of 13 for evacuation
[2023-11-08T18:51:01.347+0100][gc,phases     ] GC(471)   Pre Evacuate Collection Set: 0,0ms
[2023-11-08T18:51:01.347+0100][gc,phases     ] GC(471)   Evacuate Collection Set: 7,7ms
[2023-11-08T18:51:01.347+0100][gc,phases     ] GC(471)   Post Evacuate Collection Set: 0,6ms
[2023-11-08T18:51:01.347+0100][gc,phases     ] GC(471)   Other: 0,2ms
[2023-11-08T18:51:01.347+0100][gc,heap       ] GC(471) Eden regions: 541->0(539)
[2023-11-08T18:51:01.347+0100][gc,heap       ] GC(471) Survivor regions: 23->24(71)
[2023-11-08T18:51:01.347+0100][gc,heap       ] GC(471) Old regions: 205->205
[2023-11-08T18:51:01.347+0100][gc,heap       ] GC(471) Humongous regions: 129->129
[2023-11-08T18:51:01.347+0100][gc,metaspace  ] GC(471) Metaspace: 48215K(52224K)->48215K(52224K) NonClass: 42259K(44544K)->42259K(44544K) Class: 5956K(7680K)->5956K(7680K)
[2023-11-08T18:51:01.347+0100][gc            ] GC(471) Pause Young (Normal) (G1 Evacuation Pause) 895M->355M(1024M) 8,597ms
[2023-11-08T18:51:01.347+0100][gc,cpu        ] GC(471) User=0,09s Sys=0,00s Real=0,01s
[2023-11-08T18:51:03.412+0100][gc,start      ] GC(472) Pause Young (Normal) (G1 Evacuation Pause)
[2023-11-08T18:51:03.412+0100][gc,task       ] GC(472) Using 13 workers of 13 for evacuation
[2023-11-08T18:51:03.422+0100][gc,phases     ] GC(472)   Pre Evacuate Collection Set: 0,0ms
[2023-11-08T18:51:03.422+0100][gc,phases     ] GC(472)   Evacuate Collection Set: 8,4ms
[2023-11-08T18:51:03.422+0100][gc,phases     ] GC(472)   Post Evacuate Collection Set: 0,6ms
[2023-11-08T18:51:03.422+0100][gc,phases     ] GC(472)   Other: 0,3ms
[2023-11-08T18:51:03.422+0100][gc,heap       ] GC(472) Eden regions: 539->0(537)
[2023-11-08T18:51:03.422+0100][gc,heap       ] GC(472) Survivor regions: 24->24(71)
[2023-11-08T18:51:03.422+0100][gc,heap       ] GC(472) Old regions: 205->207
[2023-11-08T18:51:03.422+0100][gc,heap       ] GC(472) Humongous regions: 129->129
[2023-11-08T18:51:03.422+0100][gc,metaspace  ] GC(472) Metaspace: 48215K(52224K)->48215K(52224K) NonClass: 42259K(44544K)->42259K(44544K) Class: 5956K(7680K)->5956K(7680K)
[2023-11-08T18:51:03.422+0100][gc            ] GC(472) Pause Young (Normal) (G1 Evacuation Pause) 894M->357M(1024M) 9,379ms
[2023-11-08T18:51:03.422+0100][gc,cpu        ] GC(472) User=0,10s Sys=0,01s Real=0,01s
[2023-11-08T18:51:05.545+0100][gc,start      ] GC(473) Pause Young (Normal) (G1 Evacuation Pause)
[2023-11-08T18:51:05.545+0100][gc,task       ] GC(473) Using 13 workers of 13 for evacuation
[2023-11-08T18:51:05.553+0100][gc,phases     ] GC(473)   Pre Evacuate Collection Set: 0,0ms
[2023-11-08T18:51:05.553+0100][gc,phases     ] GC(473)   Evacuate Collection Set: 7,4ms
[2023-11-08T18:51:05.553+0100][gc,phases     ] GC(473)   Post Evacuate Collection Set: 0,6ms
[2023-11-08T18:51:05.553+0100][gc,phases     ] GC(473)   Other: 0,2ms
[2023-11-08T18:51:05.553+0100][gc,heap       ] GC(473) Eden regions: 537->0(538)
[2023-11-08T18:51:05.553+0100][gc,heap       ] GC(473) Survivor regions: 24->23(71)
[2023-11-08T18:51:05.553+0100][gc,heap       ] GC(473) Old regions: 207->208
[2023-11-08T18:51:05.553+0100][gc,heap       ] GC(473) Humongous regions: 129->129
[2023-11-08T18:51:05.553+0100][gc,metaspace  ] GC(473) Metaspace: 48215K(52224K)->48215K(52224K) NonClass: 42259K(44544K)->42259K(44544K) Class: 5956K(7680K)->5956K(7680K)
[2023-11-08T18:51:05.553+0100][gc            ] GC(473) Pause Young (Normal) (G1 Evacuation Pause) 894M->358M(1024M) 8,297ms
[2023-11-08T18:51:05.553+0100][gc,cpu        ] GC(473) User=0,10s Sys=0,00s Real=0,00s
[2023-11-08T18:51:07.470+0100][gc,start      ] GC(474) Pause Young (Normal) (G1 Evacuation Pause)
[2023-11-08T18:51:07.470+0100][gc,task       ] GC(474) Using 13 workers of 13 for evacuation
[2023-11-08T18:51:07.478+0100][gc,phases     ] GC(474)   Pre Evacuate Collection Set: 0,0ms
[2023-11-08T18:51:07.478+0100][gc,phases     ] GC(474)   Evacuate Collection Set: 7,4ms
[2023-11-08T18:51:07.478+0100][gc,phases     ] GC(474)   Post Evacuate Collection Set: 0,6ms
[2023-11-08T18:51:07.478+0100][gc,phases     ] GC(474)   Other: 0,3ms
[2023-11-08T18:51:07.478+0100][gc,heap       ] GC(474) Eden regions: 538->0(536)
[2023-11-08T18:51:07.478+0100][gc,heap       ] GC(474) Survivor regions: 23->23(71)
[2023-11-08T18:51:07.478+0100][gc,heap       ] GC(474) Old regions: 208->210
[2023-11-08T18:51:07.478+0100][gc,heap       ] GC(474) Humongous regions: 129->129
[2023-11-08T18:51:07.478+0100][gc,metaspace  ] GC(474) Metaspace: 48215K(52224K)->48215K(52224K) NonClass: 42259K(44544K)->42259K(44544K) Class: 5956K(7680K)->5956K(7680K)
[2023-11-08T18:51:07.478+0100][gc            ] GC(474) Pause Young (Normal) (G1 Evacuation Pause) 896M->359M(1024M) 8,366ms
[2023-11-08T18:51:07.478+0100][gc,cpu        ] GC(474) User=0,10s Sys=0,00s Real=0,01s
[2023-11-08T18:51:09.409+0100][gc,start      ] GC(475) Pause Young (Normal) (G1 Evacuation Pause)
[2023-11-08T18:51:09.409+0100][gc,task       ] GC(475) Using 13 workers of 13 for evacuation
[2023-11-08T18:51:09.418+0100][gc,phases     ] GC(475)   Pre Evacuate Collection Set: 0,0ms
[2023-11-08T18:51:09.418+0100][gc,phases     ] GC(475)   Evacuate Collection Set: 7,8ms
[2023-11-08T18:51:09.418+0100][gc,phases     ] GC(475)   Post Evacuate Collection Set: 0,8ms
[2023-11-08T18:51:09.418+0100][gc,phases     ] GC(475)   Other: 0,4ms
[2023-11-08T18:51:09.418+0100][gc,heap       ] GC(475) Eden regions: 536->0(536)
[2023-11-08T18:51:09.418+0100][gc,heap       ] GC(475) Survivor regions: 23->22(70)
[2023-11-08T18:51:09.418+0100][gc,heap       ] GC(475) Old regions: 210->212
[2023-11-08T18:51:09.418+0100][gc,heap       ] GC(475) Humongous regions: 129->129
[2023-11-08T18:51:09.418+0100][gc,metaspace  ] GC(475) Metaspace: 48215K(52224K)->48215K(52224K) NonClass: 42259K(44544K)->42259K(44544K) Class: 5956K(7680K)->5956K(7680K)
[2023-11-08T18:51:09.418+0100][gc            ] GC(475) Pause Young (Normal) (G1 Evacuation Pause) 895M->360M(1024M) 9,075ms
[2023-11-08T18:51:09.418+0100][gc,cpu        ] GC(475) User=0,10s Sys=0,00s Real=0,01s
[2023-11-08T18:51:11.556+0100][gc,start      ] GC(476) Pause Young (Normal) (G1 Evacuation Pause)
[2023-11-08T18:51:11.556+0100][gc,task       ] GC(476) Using 13 workers of 13 for evacuation
[2023-11-08T18:51:11.564+0100][gc,phases     ] GC(476)   Pre Evacuate Collection Set: 0,0ms
[2023-11-08T18:51:11.564+0100][gc,phases     ] GC(476)   Evacuate Collection Set: 7,3ms
[2023-11-08T18:51:11.564+0100][gc,phases     ] GC(476)   Post Evacuate Collection Set: 0,6ms
[2023-11-08T18:51:11.564+0100][gc,phases     ] GC(476)   Other: 0,2ms
[2023-11-08T18:51:11.564+0100][gc,heap       ] GC(476) Eden regions: 536->0(534)
[2023-11-08T18:51:11.565+0100][gc,heap       ] GC(476) Survivor regions: 22->22(70)
[2023-11-08T18:51:11.565+0100][gc,heap       ] GC(476) Old regions: 212->214
[2023-11-08T18:51:11.565+0100][gc,heap       ] GC(476) Humongous regions: 129->129
[2023-11-08T18:51:11.565+0100][gc,metaspace  ] GC(476) Metaspace: 48215K(52224K)->48215K(52224K) NonClass: 42259K(44544K)->42259K(44544K) Class: 5956K(7680K)->5956K(7680K)
[2023-11-08T18:51:11.565+0100][gc            ] GC(476) Pause Young (Normal) (G1 Evacuation Pause) 896M->362M(1024M) 8,204ms
[2023-11-08T18:51:11.565+0100][gc,cpu        ] GC(476) User=0,10s Sys=0,00s Real=0,01s
[2023-11-08T18:51:13.488+0100][gc,start      ] GC(477) Pause Young (Normal) (G1 Evacuation Pause)
[2023-11-08T18:51:13.488+0100][gc,task       ] GC(477) Using 13 workers of 13 for evacuation
[2023-11-08T18:51:13.496+0100][gc,phases     ] GC(477)   Pre Evacuate Collection Set: 0,0ms
[2023-11-08T18:51:13.496+0100][gc,phases     ] GC(477)   Evacuate Collection Set: 6,9ms
[2023-11-08T18:51:13.496+0100][gc,phases     ] GC(477)   Post Evacuate Collection Set: 0,5ms
[2023-11-08T18:51:13.496+0100][gc,phases     ] GC(477)   Other: 0,2ms
[2023-11-08T18:51:13.496+0100][gc,heap       ] GC(477) Eden regions: 534->0(533)
[2023-11-08T18:51:13.496+0100][gc,heap       ] GC(477) Survivor regions: 22->22(70)
[2023-11-08T18:51:13.496+0100][gc,heap       ] GC(477) Old regions: 214->215
[2023-11-08T18:51:13.496+0100][gc,heap       ] GC(477) Humongous regions: 129->129
[2023-11-08T18:51:13.496+0100][gc,metaspace  ] GC(477) Metaspace: 48215K(52224K)->48215K(52224K) NonClass: 42259K(44544K)->42259K(44544K) Class: 5956K(7680K)->5956K(7680K)
[2023-11-08T18:51:13.496+0100][gc            ] GC(477) Pause Young (Normal) (G1 Evacuation Pause) 896M->363M(1024M) 7,764ms
[2023-11-08T18:51:13.496+0100][gc,cpu        ] GC(477) User=0,09s Sys=0,00s Real=0,01s
[2023-11-08T18:51:15.360+0100][gc,start      ] GC(478) Pause Young (Normal) (G1 Evacuation Pause)
[2023-11-08T18:51:15.360+0100][gc,task       ] GC(478) Using 13 workers of 13 for evacuation
[2023-11-08T18:51:15.368+0100][gc,phases     ] GC(478)   Pre Evacuate Collection Set: 0,0ms
[2023-11-08T18:51:15.369+0100][gc,phases     ] GC(478)   Evacuate Collection Set: 8,0ms
[2023-11-08T18:51:15.369+0100][gc,phases     ] GC(478)   Post Evacuate Collection Set: 0,5ms
[2023-11-08T18:51:15.369+0100][gc,phases     ] GC(478)   Other: 0,3ms
[2023-11-08T18:51:15.369+0100][gc,heap       ] GC(478) Eden regions: 533->0(531)
[2023-11-08T18:51:15.369+0100][gc,heap       ] GC(478) Survivor regions: 22->22(70)
[2023-11-08T18:51:15.369+0100][gc,heap       ] GC(478) Old regions: 215->217
[2023-11-08T18:51:15.369+0100][gc,heap       ] GC(478) Humongous regions: 129->129
[2023-11-08T18:51:15.369+0100][gc,metaspace  ] GC(478) Metaspace: 48215K(52224K)->48215K(52224K) NonClass: 42259K(44544K)->42259K(44544K) Class: 5956K(7680K)->5956K(7680K)
[2023-11-08T18:51:15.369+0100][gc            ] GC(478) Pause Young (Normal) (G1 Evacuation Pause) 896M->365M(1024M) 8,989ms
[2023-11-08T18:51:15.369+0100][gc,cpu        ] GC(478) User=0,11s Sys=0,00s Real=0,01s
[2023-11-08T18:51:17.429+0100][gc,start      ] GC(479) Pause Young (Normal) (G1 Evacuation Pause)
[2023-11-08T18:51:17.429+0100][gc,task       ] GC(479) Using 13 workers of 13 for evacuation
[2023-11-08T18:51:17.437+0100][gc,phases     ] GC(479)   Pre Evacuate Collection Set: 0,0ms
[2023-11-08T18:51:17.437+0100][gc,phases     ] GC(479)   Evacuate Collection Set: 7,5ms
[2023-11-08T18:51:17.437+0100][gc,phases     ] GC(479)   Post Evacuate Collection Set: 0,6ms
[2023-11-08T18:51:17.437+0100][gc,phases     ] GC(479)   Other: 0,2ms
[2023-11-08T18:51:17.437+0100][gc,heap       ] GC(479) Eden regions: 531->0(532)
[2023-11-08T18:51:17.437+0100][gc,heap       ] GC(479) Survivor regions: 22->21(70)
[2023-11-08T18:51:17.437+0100][gc,heap       ] GC(479) Old regions: 217->218
[2023-11-08T18:51:17.437+0100][gc,heap       ] GC(479) Humongous regions: 129->129
[2023-11-08T18:51:17.437+0100][gc,metaspace  ] GC(479) Metaspace: 48221K(52224K)->48221K(52224K) NonClass: 42264K(44544K)->42264K(44544K) Class: 5956K(7680K)->5956K(7680K)
[2023-11-08T18:51:17.438+0100][gc            ] GC(479) Pause Young (Normal) (G1 Evacuation Pause) 896M->366M(1024M) 8,473ms
[2023-11-08T18:51:17.438+0100][gc,cpu        ] GC(479) User=0,10s Sys=0,01s Real=0,01s
[2023-11-08T18:51:19.344+0100][gc,start      ] GC(480) Pause Young (Normal) (G1 Evacuation Pause)
[2023-11-08T18:51:19.344+0100][gc,task       ] GC(480) Using 13 workers of 13 for evacuation
[2023-11-08T18:51:19.349+0100][gc,phases     ] GC(480)   Pre Evacuate Collection Set: 0,0ms
[2023-11-08T18:51:19.349+0100][gc,phases     ] GC(480)   Evacuate Collection Set: 3,7ms
[2023-11-08T18:51:19.349+0100][gc,phases     ] GC(480)   Post Evacuate Collection Set: 0,6ms
[2023-11-08T18:51:19.349+0100][gc,phases     ] GC(480)   Other: 0,2ms
[2023-11-08T18:51:19.349+0100][gc,heap       ] GC(480) Eden regions: 532->0(551)
[2023-11-08T18:51:19.349+0100][gc,heap       ] GC(480) Survivor regions: 21->7(70)
[2023-11-08T18:51:19.349+0100][gc,heap       ] GC(480) Old regions: 218->219
[2023-11-08T18:51:19.349+0100][gc,heap       ] GC(480) Humongous regions: 129->129
[2023-11-08T18:51:19.349+0100][gc,metaspace  ] GC(480) Metaspace: 48221K(52224K)->48221K(52224K) NonClass: 42264K(44544K)->42264K(44544K) Class: 5956K(7680K)->5956K(7680K)
[2023-11-08T18:51:19.349+0100][gc            ] GC(480) Pause Young (Normal) (G1 Evacuation Pause) 898M->352M(1024M) 4,701ms
[2023-11-08T18:51:19.349+0100][gc,cpu        ] GC(480) User=0,05s Sys=0,00s Real=0,00s
[2023-11-08T18:51:21.283+0100][gc,start      ] GC(481) Pause Young (Normal) (G1 Evacuation Pause)
[2023-11-08T18:51:21.283+0100][gc,task       ] GC(481) Using 13 workers of 13 for evacuation
[2023-11-08T18:51:21.289+0100][gc,phases     ] GC(481)   Pre Evacuate Collection Set: 0,0ms
[2023-11-08T18:51:21.289+0100][gc,phases     ] GC(481)   Evacuate Collection Set: 5,5ms
[2023-11-08T18:51:21.289+0100][gc,phases     ] GC(481)   Post Evacuate Collection Set: 0,7ms
[2023-11-08T18:51:21.290+0100][gc,phases     ] GC(481)   Other: 0,3ms
[2023-11-08T18:51:21.290+0100][gc,heap       ] GC(481) Eden regions: 551->0(553)
[2023-11-08T18:51:21.290+0100][gc,heap       ] GC(481) Survivor regions: 7->7(70)
[2023-11-08T18:51:21.290+0100][gc,heap       ] GC(481) Old regions: 219->219
[2023-11-08T18:51:21.290+0100][gc,heap       ] GC(481) Humongous regions: 129->129
[2023-11-08T18:51:21.290+0100][gc,metaspace  ] GC(481) Metaspace: 48221K(52224K)->48221K(52224K) NonClass: 42264K(44544K)->42264K(44544K) Class: 5956K(7680K)->5956K(7680K)
[2023-11-08T18:51:21.290+0100][gc            ] GC(481) Pause Young (Normal) (G1 Evacuation Pause) 903M->353M(1024M) 6,759ms
[2023-11-08T18:51:21.290+0100][gc,cpu        ] GC(481) User=0,05s Sys=0,01s Real=0,00s
[2023-11-08T18:51:23.471+0100][gc,start      ] GC(482) Pause Young (Normal) (G1 Evacuation Pause)
[2023-11-08T18:51:23.471+0100][gc,task       ] GC(482) Using 13 workers of 13 for evacuation
[2023-11-08T18:51:23.477+0100][gc,phases     ] GC(482)   Pre Evacuate Collection Set: 0,0ms
[2023-11-08T18:51:23.477+0100][gc,phases     ] GC(482)   Evacuate Collection Set: 5,1ms
[2023-11-08T18:51:23.477+0100][gc,phases     ] GC(482)   Post Evacuate Collection Set: 0,6ms
[2023-11-08T18:51:23.477+0100][gc,phases     ] GC(482)   Other: 0,2ms
[2023-11-08T18:51:23.477+0100][gc,heap       ] GC(482) Eden regions: 553->0(552)
[2023-11-08T18:51:23.477+0100][gc,heap       ] GC(482) Survivor regions: 7->8(70)
[2023-11-08T18:51:23.477+0100][gc,heap       ] GC(482) Old regions: 219->220
[2023-11-08T18:51:23.477+0100][gc,heap       ] GC(482) Humongous regions: 129->129
[2023-11-08T18:51:23.477+0100][gc,metaspace  ] GC(482) Metaspace: 48221K(52224K)->48221K(52224K) NonClass: 42264K(44544K)->42264K(44544K) Class: 5956K(7680K)->5956K(7680K)
[2023-11-08T18:51:23.477+0100][gc            ] GC(482) Pause Young (Normal) (G1 Evacuation Pause) 906M->354M(1024M) 6,038ms
[2023-11-08T18:51:23.477+0100][gc,cpu        ] GC(482) User=0,05s Sys=0,01s Real=0,01s
[2023-11-08T18:51:25.488+0100][gc,start      ] GC(483) Pause Young (Normal) (G1 Evacuation Pause)
[2023-11-08T18:51:25.488+0100][gc,task       ] GC(483) Using 13 workers of 13 for evacuation
[2023-11-08T18:51:25.494+0100][gc,phases     ] GC(483)   Pre Evacuate Collection Set: 0,0ms
[2023-11-08T18:51:25.494+0100][gc,phases     ] GC(483)   Evacuate Collection Set: 4,6ms
[2023-11-08T18:51:25.494+0100][gc,phases     ] GC(483)   Post Evacuate Collection Set: 0,6ms
[2023-11-08T18:51:25.494+0100][gc,phases     ] GC(483)   Other: 0,3ms
[2023-11-08T18:51:25.494+0100][gc,heap       ] GC(483) Eden regions: 552->0(552)
[2023-11-08T18:51:25.494+0100][gc,heap       ] GC(483) Survivor regions: 8->9(70)
[2023-11-08T18:51:25.494+0100][gc,heap       ] GC(483) Old regions: 220->220
[2023-11-08T18:51:25.494+0100][gc,heap       ] GC(483) Humongous regions: 129->129
[2023-11-08T18:51:25.494+0100][gc,metaspace  ] GC(483) Metaspace: 48221K(52224K)->48221K(52224K) NonClass: 42264K(44544K)->42264K(44544K) Class: 5956K(7680K)->5956K(7680K)
[2023-11-08T18:51:25.494+0100][gc            ] GC(483) Pause Young (Normal) (G1 Evacuation Pause) 906M->356M(1024M) 5,676ms
[2023-11-08T18:51:25.494+0100][gc,cpu        ] GC(483) User=0,05s Sys=0,02s Real=0,00s
[2023-11-08T18:51:27.526+0100][gc,start      ] GC(484) Pause Young (Normal) (G1 Evacuation Pause)
[2023-11-08T18:51:27.526+0100][gc,task       ] GC(484) Using 13 workers of 13 for evacuation
[2023-11-08T18:51:27.533+0100][gc,phases     ] GC(484)   Pre Evacuate Collection Set: 0,0ms
[2023-11-08T18:51:27.534+0100][gc,phases     ] GC(484)   Evacuate Collection Set: 6,6ms
[2023-11-08T18:51:27.534+0100][gc,phases     ] GC(484)   Post Evacuate Collection Set: 0,6ms
[2023-11-08T18:51:27.534+0100][gc,phases     ] GC(484)   Other: 0,3ms
[2023-11-08T18:51:27.534+0100][gc,heap       ] GC(484) Eden regions: 552->0(550)
[2023-11-08T18:51:27.534+0100][gc,heap       ] GC(484) Survivor regions: 9->11(71)
[2023-11-08T18:51:27.534+0100][gc,heap       ] GC(484) Old regions: 220->220
[2023-11-08T18:51:27.534+0100][gc,heap       ] GC(484) Humongous regions: 129->129
[2023-11-08T18:51:27.534+0100][gc,metaspace  ] GC(484) Metaspace: 48221K(52224K)->48221K(52224K) NonClass: 42264K(44544K)->42264K(44544K) Class: 5956K(7680K)->5956K(7680K)
[2023-11-08T18:51:27.534+0100][gc            ] GC(484) Pause Young (Normal) (G1 Evacuation Pause) 908M->357M(1024M) 7,611ms
[2023-11-08T18:51:27.534+0100][gc,cpu        ] GC(484) User=0,08s Sys=0,00s Real=0,00s
[2023-11-08T18:51:29.700+0100][gc,start      ] GC(485) Pause Young (Normal) (G1 Evacuation Pause)
[2023-11-08T18:51:29.700+0100][gc,task       ] GC(485) Using 13 workers of 13 for evacuation
[2023-11-08T18:51:29.706+0100][gc,phases     ] GC(485)   Pre Evacuate Collection Set: 0,0ms
[2023-11-08T18:51:29.706+0100][gc,phases     ] GC(485)   Evacuate Collection Set: 5,1ms
[2023-11-08T18:51:29.706+0100][gc,phases     ] GC(485)   Post Evacuate Collection Set: 0,7ms
[2023-11-08T18:51:29.706+0100][gc,phases     ] GC(485)   Other: 0,3ms
[2023-11-08T18:51:29.706+0100][gc,heap       ] GC(485) Eden regions: 550->0(547)
[2023-11-08T18:51:29.706+0100][gc,heap       ] GC(485) Survivor regions: 11->12(71)
[2023-11-08T18:51:29.706+0100][gc,heap       ] GC(485) Old regions: 220->221
[2023-11-08T18:51:29.706+0100][gc,heap       ] GC(485) Humongous regions: 129->129
[2023-11-08T18:51:29.706+0100][gc,metaspace  ] GC(485) Metaspace: 48221K(52224K)->48221K(52224K) NonClass: 42264K(44544K)->42264K(44544K) Class: 5956K(7680K)->5956K(7680K)
[2023-11-08T18:51:29.706+0100][gc            ] GC(485) Pause Young (Normal) (G1 Evacuation Pause) 907M->359M(1024M) 6,202ms
[2023-11-08T18:51:29.706+0100][gc,cpu        ] GC(485) User=0,06s Sys=0,01s Real=0,01s
[2023-11-08T18:51:31.644+0100][gc,start      ] GC(486) Pause Young (Normal) (G1 Evacuation Pause)
[2023-11-08T18:51:31.644+0100][gc,task       ] GC(486) Using 13 workers of 13 for evacuation
[2023-11-08T18:51:31.650+0100][gc,phases     ] GC(486)   Pre Evacuate Collection Set: 0,0ms
[2023-11-08T18:51:31.651+0100][gc,phases     ] GC(486)   Evacuate Collection Set: 5,6ms
[2023-11-08T18:51:31.651+0100][gc,phases     ] GC(486)   Post Evacuate Collection Set: 0,6ms
[2023-11-08T18:51:31.651+0100][gc,phases     ] GC(486)   Other: 0,3ms
[2023-11-08T18:51:31.651+0100][gc,heap       ] GC(486) Eden regions: 547->0(545)
[2023-11-08T18:51:31.651+0100][gc,heap       ] GC(486) Survivor regions: 12->13(70)
[2023-11-08T18:51:31.651+0100][gc,heap       ] GC(486) Old regions: 221->221
[2023-11-08T18:51:31.651+0100][gc,heap       ] GC(486) Humongous regions: 129->129
[2023-11-08T18:51:31.651+0100][gc,metaspace  ] GC(486) Metaspace: 48221K(52224K)->48221K(52224K) NonClass: 42264K(44544K)->42264K(44544K) Class: 5956K(7680K)->5956K(7680K)
[2023-11-08T18:51:31.651+0100][gc            ] GC(486) Pause Young (Normal) (G1 Evacuation Pause) 906M->360M(1024M) 6,515ms
[2023-11-08T18:51:31.651+0100][gc,cpu        ] GC(486) User=0,06s Sys=0,01s Real=0,00s
[2023-11-08T18:51:33.600+0100][gc,start      ] GC(487) Pause Young (Normal) (G1 Evacuation Pause)
[2023-11-08T18:51:33.600+0100][gc,task       ] GC(487) Using 13 workers of 13 for evacuation
[2023-11-08T18:51:33.608+0100][gc,phases     ] GC(487)   Pre Evacuate Collection Set: 0,0ms
[2023-11-08T18:51:33.608+0100][gc,phases     ] GC(487)   Evacuate Collection Set: 6,3ms
[2023-11-08T18:51:33.608+0100][gc,phases     ] GC(487)   Post Evacuate Collection Set: 0,6ms
[2023-11-08T18:51:33.608+0100][gc,phases     ] GC(487)   Other: 0,3ms
[2023-11-08T18:51:33.608+0100][gc,heap       ] GC(487) Eden regions: 545->0(543)
[2023-11-08T18:51:33.608+0100][gc,heap       ] GC(487) Survivor regions: 13->14(70)
[2023-11-08T18:51:33.608+0100][gc,heap       ] GC(487) Old regions: 221->221
[2023-11-08T18:51:33.608+0100][gc,heap       ] GC(487) Humongous regions: 129->129
[2023-11-08T18:51:33.608+0100][gc,metaspace  ] GC(487) Metaspace: 48221K(52224K)->48221K(52224K) NonClass: 42264K(44544K)->42264K(44544K) Class: 5956K(7680K)->5956K(7680K)
[2023-11-08T18:51:33.608+0100][gc            ] GC(487) Pause Young (Normal) (G1 Evacuation Pause) 905M->362M(1024M) 7,425ms
[2023-11-08T18:51:33.608+0100][gc,cpu        ] GC(487) User=0,07s Sys=0,03s Real=0,01s
[2023-11-08T18:51:35.718+0100][gc,start      ] GC(488) Pause Young (Normal) (G1 Evacuation Pause)
[2023-11-08T18:51:35.718+0100][gc,task       ] GC(488) Using 13 workers of 13 for evacuation
[2023-11-08T18:51:35.726+0100][gc,phases     ] GC(488)   Pre Evacuate Collection Set: 0,0ms
[2023-11-08T18:51:35.726+0100][gc,phases     ] GC(488)   Evacuate Collection Set: 7,2ms
[2023-11-08T18:51:35.726+0100][gc,phases     ] GC(488)   Post Evacuate Collection Set: 0,5ms
[2023-11-08T18:51:35.726+0100][gc,phases     ] GC(488)   Other: 0,2ms
[2023-11-08T18:51:35.726+0100][gc,heap       ] GC(488) Eden regions: 543->0(538)
[2023-11-08T18:51:35.726+0100][gc,heap       ] GC(488) Survivor regions: 14->16(70)
[2023-11-08T18:51:35.726+0100][gc,heap       ] GC(488) Old regions: 221->222
[2023-11-08T18:51:35.726+0100][gc,heap       ] GC(488) Humongous regions: 129->129
[2023-11-08T18:51:35.726+0100][gc,metaspace  ] GC(488) Metaspace: 48221K(52224K)->48221K(52224K) NonClass: 42264K(44544K)->42264K(44544K) Class: 5956K(7680K)->5956K(7680K)
[2023-11-08T18:51:35.726+0100][gc            ] GC(488) Pause Young (Normal) (G1 Evacuation Pause) 905M->364M(1024M) 8,076ms
[2023-11-08T18:51:35.726+0100][gc,cpu        ] GC(488) User=0,07s Sys=0,01s Real=0,01s
[2023-11-08T18:51:37.505+0100][gc,start      ] GC(489) Pause Young (Normal) (G1 Evacuation Pause)
[2023-11-08T18:51:37.505+0100][gc,task       ] GC(489) Using 13 workers of 13 for evacuation
[2023-11-08T18:51:37.511+0100][gc,phases     ] GC(489)   Pre Evacuate Collection Set: 0,0ms
[2023-11-08T18:51:37.512+0100][gc,phases     ] GC(489)   Evacuate Collection Set: 6,1ms
[2023-11-08T18:51:37.512+0100][gc,phases     ] GC(489)   Post Evacuate Collection Set: 0,5ms
[2023-11-08T18:51:37.512+0100][gc,phases     ] GC(489)   Other: 0,2ms
[2023-11-08T18:51:37.512+0100][gc,heap       ] GC(489) Eden regions: 538->0(536)
[2023-11-08T18:51:37.512+0100][gc,heap       ] GC(489) Survivor regions: 16->17(70)
[2023-11-08T18:51:37.512+0100][gc,heap       ] GC(489) Old regions: 222->222
[2023-11-08T18:51:37.512+0100][gc,heap       ] GC(489) Humongous regions: 129->129
[2023-11-08T18:51:37.512+0100][gc,metaspace  ] GC(489) Metaspace: 48221K(52224K)->48221K(52224K) NonClass: 42264K(44544K)->42264K(44544K) Class: 5956K(7680K)->5956K(7680K)
[2023-11-08T18:51:37.512+0100][gc            ] GC(489) Pause Young (Normal) (G1 Evacuation Pause) 902M->366M(1024M) 6,992ms
[2023-11-08T18:51:37.512+0100][gc,cpu        ] GC(489) User=0,05s Sys=0,02s Real=0,00s
[2023-11-08T18:51:39.407+0100][gc,start      ] GC(490) Pause Young (Normal) (G1 Evacuation Pause)
[2023-11-08T18:51:39.407+0100][gc,task       ] GC(490) Using 13 workers of 13 for evacuation
[2023-11-08T18:51:39.414+0100][gc,phases     ] GC(490)   Pre Evacuate Collection Set: 0,0ms
[2023-11-08T18:51:39.415+0100][gc,phases     ] GC(490)   Evacuate Collection Set: 7,0ms
[2023-11-08T18:51:39.415+0100][gc,phases     ] GC(490)   Post Evacuate Collection Set: 0,6ms
[2023-11-08T18:51:39.415+0100][gc,phases     ] GC(490)   Other: 0,3ms
[2023-11-08T18:51:39.415+0100][gc,heap       ] GC(490) Eden regions: 536->0(532)
[2023-11-08T18:51:39.415+0100][gc,heap       ] GC(490) Survivor regions: 17->19(70)
[2023-11-08T18:51:39.415+0100][gc,heap       ] GC(490) Old regions: 222->222
[2023-11-08T18:51:39.415+0100][gc,heap       ] GC(490) Humongous regions: 129->129
[2023-11-08T18:51:39.415+0100][gc,metaspace  ] GC(490) Metaspace: 48221K(52224K)->48221K(52224K) NonClass: 42264K(44544K)->42264K(44544K) Class: 5956K(7680K)->5956K(7680K)
[2023-11-08T18:51:39.415+0100][gc            ] GC(490) Pause Young (Normal) (G1 Evacuation Pause) 902M->367M(1024M) 7,986ms
[2023-11-08T18:51:39.415+0100][gc,cpu        ] GC(490) User=0,06s Sys=0,03s Real=0,00s
[2023-11-08T18:51:41.202+0100][gc,start      ] GC(491) Pause Young (Normal) (G1 Evacuation Pause)
[2023-11-08T18:51:41.202+0100][gc,task       ] GC(491) Using 13 workers of 13 for evacuation
[2023-11-08T18:51:41.210+0100][gc,phases     ] GC(491)   Pre Evacuate Collection Set: 0,0ms
[2023-11-08T18:51:41.210+0100][gc,phases     ] GC(491)   Evacuate Collection Set: 6,9ms
[2023-11-08T18:51:41.210+0100][gc,phases     ] GC(491)   Post Evacuate Collection Set: 0,6ms
[2023-11-08T18:51:41.210+0100][gc,phases     ] GC(491)   Other: 0,3ms
[2023-11-08T18:51:41.210+0100][gc,heap       ] GC(491) Eden regions: 532->0(530)
[2023-11-08T18:51:41.210+0100][gc,heap       ] GC(491) Survivor regions: 19->20(69)
[2023-11-08T18:51:41.210+0100][gc,heap       ] GC(491) Old regions: 222->222
[2023-11-08T18:51:41.210+0100][gc,heap       ] GC(491) Humongous regions: 129->129
[2023-11-08T18:51:41.210+0100][gc,metaspace  ] GC(491) Metaspace: 48221K(52224K)->48221K(52224K) NonClass: 42264K(44544K)->42264K(44544K) Class: 5956K(7680K)->5956K(7680K)
[2023-11-08T18:51:41.210+0100][gc            ] GC(491) Pause Young (Normal) (G1 Evacuation Pause) 899M->369M(1024M) 7,871ms
[2023-11-08T18:51:41.210+0100][gc,cpu        ] GC(491) User=0,09s Sys=0,00s Real=0,01s
[2023-11-08T18:51:42.995+0100][gc,start      ] GC(492) Pause Young (Normal) (G1 Evacuation Pause)
[2023-11-08T18:51:42.995+0100][gc,task       ] GC(492) Using 13 workers of 13 for evacuation
[2023-11-08T18:51:43.003+0100][gc,phases     ] GC(492)   Pre Evacuate Collection Set: 0,0ms
[2023-11-08T18:51:43.003+0100][gc,phases     ] GC(492)   Evacuate Collection Set: 7,1ms
[2023-11-08T18:51:43.003+0100][gc,phases     ] GC(492)   Post Evacuate Collection Set: 0,6ms
[2023-11-08T18:51:43.003+0100][gc,phases     ] GC(492)   Other: 0,2ms
[2023-11-08T18:51:43.003+0100][gc,heap       ] GC(492) Eden regions: 530->0(527)
[2023-11-08T18:51:43.003+0100][gc,heap       ] GC(492) Survivor regions: 20->21(69)
[2023-11-08T18:51:43.003+0100][gc,heap       ] GC(492) Old regions: 222->223
[2023-11-08T18:51:43.003+0100][gc,heap       ] GC(492) Humongous regions: 129->129
[2023-11-08T18:51:43.003+0100][gc,metaspace  ] GC(492) Metaspace: 48221K(52224K)->48221K(52224K) NonClass: 42264K(44544K)->42264K(44544K) Class: 5956K(7680K)->5956K(7680K)
[2023-11-08T18:51:43.003+0100][gc            ] GC(492) Pause Young (Normal) (G1 Evacuation Pause) 899M->370M(1024M) 8,059ms
[2023-11-08T18:51:43.003+0100][gc,cpu        ] GC(492) User=0,08s Sys=0,02s Real=0,01s
[2023-11-08T18:51:44.857+0100][gc,start      ] GC(493) Pause Young (Normal) (G1 Evacuation Pause)
[2023-11-08T18:51:44.857+0100][gc,task       ] GC(493) Using 13 workers of 13 for evacuation
[2023-11-08T18:51:44.866+0100][gc,phases     ] GC(493)   Pre Evacuate Collection Set: 0,0ms
[2023-11-08T18:51:44.866+0100][gc,phases     ] GC(493)   Evacuate Collection Set: 8,0ms
[2023-11-08T18:51:44.866+0100][gc,phases     ] GC(493)   Post Evacuate Collection Set: 0,6ms
[2023-11-08T18:51:44.866+0100][gc,phases     ] GC(493)   Other: 0,3ms
[2023-11-08T18:51:44.866+0100][gc,heap       ] GC(493) Eden regions: 527->0(525)
[2023-11-08T18:51:44.866+0100][gc,heap       ] GC(493) Survivor regions: 21->22(69)
[2023-11-08T18:51:44.866+0100][gc,heap       ] GC(493) Old regions: 223->223
[2023-11-08T18:51:44.866+0100][gc,heap       ] GC(493) Humongous regions: 129->129
[2023-11-08T18:51:44.866+0100][gc,metaspace  ] GC(493) Metaspace: 48221K(52224K)->48221K(52224K) NonClass: 42264K(44544K)->42264K(44544K) Class: 5956K(7680K)->5956K(7680K)
[2023-11-08T18:51:44.866+0100][gc            ] GC(493) Pause Young (Normal) (G1 Evacuation Pause) 897M->372M(1024M) 9,041ms
[2023-11-08T18:51:44.866+0100][gc,cpu        ] GC(493) User=0,10s Sys=0,00s Real=0,01s
[2023-11-08T18:51:46.584+0100][gc,start      ] GC(494) Pause Young (Normal) (G1 Evacuation Pause)
[2023-11-08T18:51:46.584+0100][gc,task       ] GC(494) Using 13 workers of 13 for evacuation
[2023-11-08T18:51:46.593+0100][gc,phases     ] GC(494)   Pre Evacuate Collection Set: 0,0ms
[2023-11-08T18:51:46.593+0100][gc,phases     ] GC(494)   Evacuate Collection Set: 8,5ms
[2023-11-08T18:51:46.593+0100][gc,phases     ] GC(494)   Post Evacuate Collection Set: 0,5ms
[2023-11-08T18:51:46.593+0100][gc,phases     ] GC(494)   Other: 0,4ms
[2023-11-08T18:51:46.593+0100][gc,heap       ] GC(494) Eden regions: 525->0(523)
[2023-11-08T18:51:46.593+0100][gc,heap       ] GC(494) Survivor regions: 22->23(69)
[2023-11-08T18:51:46.593+0100][gc,heap       ] GC(494) Old regions: 223->223
[2023-11-08T18:51:46.593+0100][gc,heap       ] GC(494) Humongous regions: 129->129
[2023-11-08T18:51:46.593+0100][gc,metaspace  ] GC(494) Metaspace: 48221K(52224K)->48221K(52224K) NonClass: 42264K(44544K)->42264K(44544K) Class: 5956K(7680K)->5956K(7680K)
[2023-11-08T18:51:46.593+0100][gc            ] GC(494) Pause Young (Normal) (G1 Evacuation Pause) 897M->373M(1024M) 9,532ms
[2023-11-08T18:51:46.593+0100][gc,cpu        ] GC(494) User=0,08s Sys=0,00s Real=0,00s
[2023-11-08T18:51:48.363+0100][gc,start      ] GC(495) Pause Young (Normal) (G1 Evacuation Pause)
[2023-11-08T18:51:48.363+0100][gc,task       ] GC(495) Using 13 workers of 13 for evacuation
[2023-11-08T18:51:48.373+0100][gc,phases     ] GC(495)   Pre Evacuate Collection Set: 0,0ms
[2023-11-08T18:51:48.373+0100][gc,phases     ] GC(495)   Evacuate Collection Set: 8,4ms
[2023-11-08T18:51:48.373+0100][gc,phases     ] GC(495)   Post Evacuate Collection Set: 0,6ms
[2023-11-08T18:51:48.373+0100][gc,phases     ] GC(495)   Other: 0,2ms
[2023-11-08T18:51:48.373+0100][gc,heap       ] GC(495) Eden regions: 523->0(520)
[2023-11-08T18:51:48.373+0100][gc,heap       ] GC(495) Survivor regions: 23->24(69)
[2023-11-08T18:51:48.373+0100][gc,heap       ] GC(495) Old regions: 223->224
[2023-11-08T18:51:48.373+0100][gc,heap       ] GC(495) Humongous regions: 129->129
[2023-11-08T18:51:48.373+0100][gc,metaspace  ] GC(495) Metaspace: 48221K(52224K)->48221K(52224K) NonClass: 42264K(44544K)->42264K(44544K) Class: 5956K(7680K)->5956K(7680K)
[2023-11-08T18:51:48.373+0100][gc            ] GC(495) Pause Young (Normal) (G1 Evacuation Pause) 896M->374M(1024M) 9,404ms
[2023-11-08T18:51:48.373+0100][gc,cpu        ] GC(495) User=0,08s Sys=0,00s Real=0,00s
[2023-11-08T18:51:50.169+0100][gc,start      ] GC(496) Pause Young (Normal) (G1 Evacuation Pause)
[2023-11-08T18:51:50.169+0100][gc,task       ] GC(496) Using 13 workers of 13 for evacuation
[2023-11-08T18:51:50.178+0100][gc,phases     ] GC(496)   Pre Evacuate Collection Set: 0,0ms
[2023-11-08T18:51:50.178+0100][gc,phases     ] GC(496)   Evacuate Collection Set: 7,9ms
[2023-11-08T18:51:50.178+0100][gc,phases     ] GC(496)   Post Evacuate Collection Set: 0,6ms
[2023-11-08T18:51:50.178+0100][gc,phases     ] GC(496)   Other: 0,2ms
[2023-11-08T18:51:50.178+0100][gc,heap       ] GC(496) Eden regions: 520->0(518)
[2023-11-08T18:51:50.178+0100][gc,heap       ] GC(496) Survivor regions: 24->24(68)
[2023-11-08T18:51:50.178+0100][gc,heap       ] GC(496) Old regions: 224->226
[2023-11-08T18:51:50.178+0100][gc,heap       ] GC(496) Humongous regions: 129->129
[2023-11-08T18:51:50.178+0100][gc,metaspace  ] GC(496) Metaspace: 48221K(52224K)->48221K(52224K) NonClass: 42264K(44544K)->42264K(44544K) Class: 5956K(7680K)->5956K(7680K)
[2023-11-08T18:51:50.178+0100][gc            ] GC(496) Pause Young (Normal) (G1 Evacuation Pause) 894M->376M(1024M) 8,856ms
[2023-11-08T18:51:50.178+0100][gc,cpu        ] GC(496) User=0,09s Sys=0,01s Real=0,01s
[2023-11-08T18:51:51.936+0100][gc,start      ] GC(497) Pause Young (Normal) (G1 Evacuation Pause)
[2023-11-08T18:51:51.936+0100][gc,task       ] GC(497) Using 13 workers of 13 for evacuation
[2023-11-08T18:51:51.945+0100][gc,phases     ] GC(497)   Pre Evacuate Collection Set: 0,0ms
[2023-11-08T18:51:51.945+0100][gc,phases     ] GC(497)   Evacuate Collection Set: 8,7ms
[2023-11-08T18:51:51.945+0100][gc,phases     ] GC(497)   Post Evacuate Collection Set: 0,6ms
[2023-11-08T18:51:51.945+0100][gc,phases     ] GC(497)   Other: 0,3ms
[2023-11-08T18:51:51.945+0100][gc,heap       ] GC(497) Eden regions: 518->0(517)
[2023-11-08T18:51:51.945+0100][gc,heap       ] GC(497) Survivor regions: 24->24(68)
[2023-11-08T18:51:51.945+0100][gc,heap       ] GC(497) Old regions: 226->227
[2023-11-08T18:51:51.945+0100][gc,heap       ] GC(497) Humongous regions: 129->129
[2023-11-08T18:51:51.945+0100][gc,metaspace  ] GC(497) Metaspace: 48221K(52224K)->48221K(52224K) NonClass: 42264K(44544K)->42264K(44544K) Class: 5956K(7680K)->5956K(7680K)
[2023-11-08T18:51:51.945+0100][gc            ] GC(497) Pause Young (Normal) (G1 Evacuation Pause) 894M->378M(1024M) 9,644ms
[2023-11-08T18:51:51.945+0100][gc,cpu        ] GC(497) User=0,09s Sys=0,01s Real=0,01s
[2023-11-08T18:51:53.689+0100][gc,start      ] GC(498) Pause Young (Normal) (G1 Evacuation Pause)
[2023-11-08T18:51:53.689+0100][gc,task       ] GC(498) Using 13 workers of 13 for evacuation
[2023-11-08T18:51:53.698+0100][gc,phases     ] GC(498)   Pre Evacuate Collection Set: 0,0ms
[2023-11-08T18:51:53.698+0100][gc,phases     ] GC(498)   Evacuate Collection Set: 8,6ms
[2023-11-08T18:51:53.698+0100][gc,phases     ] GC(498)   Post Evacuate Collection Set: 0,6ms
[2023-11-08T18:51:53.698+0100][gc,phases     ] GC(498)   Other: 0,3ms
[2023-11-08T18:51:53.698+0100][gc,heap       ] GC(498) Eden regions: 517->0(515)
[2023-11-08T18:51:53.698+0100][gc,heap       ] GC(498) Survivor regions: 24->24(68)
[2023-11-08T18:51:53.698+0100][gc,heap       ] GC(498) Old regions: 227->229
[2023-11-08T18:51:53.698+0100][gc,heap       ] GC(498) Humongous regions: 129->129
[2023-11-08T18:51:53.698+0100][gc,metaspace  ] GC(498) Metaspace: 48221K(52224K)->48221K(52224K) NonClass: 42264K(44544K)->42264K(44544K) Class: 5956K(7680K)->5956K(7680K)
[2023-11-08T18:51:53.698+0100][gc            ] GC(498) Pause Young (Normal) (G1 Evacuation Pause) 895M->379M(1024M) 9,617ms
[2023-11-08T18:51:53.698+0100][gc,cpu        ] GC(498) User=0,09s Sys=0,01s Real=0,01s
[2023-11-08T18:51:55.419+0100][gc,start      ] GC(499) Pause Young (Normal) (G1 Evacuation Pause)
[2023-11-08T18:51:55.419+0100][gc,task       ] GC(499) Using 13 workers of 13 for evacuation
[2023-11-08T18:51:55.429+0100][gc,phases     ] GC(499)   Pre Evacuate Collection Set: 0,0ms
[2023-11-08T18:51:55.429+0100][gc,phases     ] GC(499)   Evacuate Collection Set: 8,7ms
[2023-11-08T18:51:55.429+0100][gc,phases     ] GC(499)   Post Evacuate Collection Set: 0,6ms
[2023-11-08T18:51:55.429+0100][gc,phases     ] GC(499)   Other: 0,3ms
[2023-11-08T18:51:55.429+0100][gc,heap       ] GC(499) Eden regions: 515->0(513)
[2023-11-08T18:51:55.429+0100][gc,heap       ] GC(499) Survivor regions: 24->24(68)
[2023-11-08T18:51:55.429+0100][gc,heap       ] GC(499) Old regions: 229->231
[2023-11-08T18:51:55.429+0100][gc,heap       ] GC(499) Humongous regions: 129->129
[2023-11-08T18:51:55.429+0100][gc,metaspace  ] GC(499) Metaspace: 48221K(52224K)->48221K(52224K) NonClass: 42264K(44544K)->42264K(44544K) Class: 5956K(7680K)->5956K(7680K)
[2023-11-08T18:51:55.429+0100][gc            ] GC(499) Pause Young (Normal) (G1 Evacuation Pause) 894M->381M(1024M) 9,744ms
[2023-11-08T18:51:55.429+0100][gc,cpu        ] GC(499) User=0,08s Sys=0,01s Real=0,01s
[2023-11-08T18:51:57.243+0100][gc,start      ] GC(500) Pause Young (Concurrent Start) (G1 Evacuation Pause)
[2023-11-08T18:51:57.243+0100][gc,task       ] GC(500) Using 13 workers of 13 for evacuation
[2023-11-08T18:51:57.249+0100][gc,phases     ] GC(500)   Pre Evacuate Collection Set: 0,3ms
[2023-11-08T18:51:57.249+0100][gc,phases     ] GC(500)   Evacuate Collection Set: 4,3ms
[2023-11-08T18:51:57.249+0100][gc,phases     ] GC(500)   Post Evacuate Collection Set: 0,6ms
[2023-11-08T18:51:57.249+0100][gc,phases     ] GC(500)   Other: 0,3ms
[2023-11-08T18:51:57.249+0100][gc,heap       ] GC(500) Eden regions: 513->0(542)
[2023-11-08T18:51:57.249+0100][gc,heap       ] GC(500) Survivor regions: 24->7(68)
[2023-11-08T18:51:57.249+0100][gc,heap       ] GC(500) Old regions: 231->231
[2023-11-08T18:51:57.249+0100][gc,heap       ] GC(500) Humongous regions: 129->129
[2023-11-08T18:51:57.249+0100][gc,metaspace  ] GC(500) Metaspace: 48221K(52224K)->48221K(52224K) NonClass: 42264K(44544K)->42264K(44544K) Class: 5956K(7680K)->5956K(7680K)
[2023-11-08T18:51:57.249+0100][gc            ] GC(500) Pause Young (Concurrent Start) (G1 Evacuation Pause) 894M->364M(1024M) 5,584ms
[2023-11-08T18:51:57.249+0100][gc,cpu        ] GC(500) User=0,06s Sys=0,00s Real=0,00s
[2023-11-08T18:51:57.249+0100][gc            ] GC(501) Concurrent Cycle
[2023-11-08T18:51:57.249+0100][gc,marking    ] GC(501) Concurrent Clear Claimed Marks
[2023-11-08T18:51:57.249+0100][gc,marking    ] GC(501) Concurrent Clear Claimed Marks 0,390ms
[2023-11-08T18:51:57.249+0100][gc,marking    ] GC(501) Concurrent Scan Root Regions
[2023-11-08T18:51:57.252+0100][gc,marking    ] GC(501) Concurrent Scan Root Regions 2,945ms
[2023-11-08T18:51:57.252+0100][gc,marking    ] GC(501) Concurrent Mark (5788,861s)
[2023-11-08T18:51:57.252+0100][gc,marking    ] GC(501) Concurrent Mark From Roots
[2023-11-08T18:51:57.252+0100][gc,task       ] GC(501) Using 3 workers of 3 for marking
[2023-11-08T18:51:57.274+0100][gc,marking    ] GC(501) Concurrent Mark From Roots 21,607ms
[2023-11-08T18:51:57.274+0100][gc,marking    ] GC(501) Concurrent Preclean
[2023-11-08T18:51:57.275+0100][gc,marking    ] GC(501) Concurrent Preclean 0,399ms
[2023-11-08T18:51:57.275+0100][gc,marking    ] GC(501) Concurrent Mark (5788,861s, 5788,883s) 22,125ms
[2023-11-08T18:51:57.275+0100][gc,start      ] GC(501) Pause Remark
[2023-11-08T18:51:57.278+0100][gc,stringtable] GC(501) Cleaned string and symbol table, strings: 18378 processed, 0 removed, symbols: 94772 processed, 0 removed
[2023-11-08T18:51:57.278+0100][gc            ] GC(501) Pause Remark 374M->363M(1024M) 3,235ms
[2023-11-08T18:51:57.278+0100][gc,cpu        ] GC(501) User=0,02s Sys=0,02s Real=0,00s
[2023-11-08T18:51:57.278+0100][gc,marking    ] GC(501) Concurrent Rebuild Remembered Sets
[2023-11-08T18:51:57.295+0100][gc,marking    ] GC(501) Concurrent Rebuild Remembered Sets 16,819ms
[2023-11-08T18:51:57.295+0100][gc,start      ] GC(501) Pause Cleanup
[2023-11-08T18:51:57.295+0100][gc            ] GC(501) Pause Cleanup 369M->369M(1024M) 0,198ms
[2023-11-08T18:51:57.295+0100][gc,cpu        ] GC(501) User=0,00s Sys=0,01s Real=0,00s
[2023-11-08T18:51:57.295+0100][gc,marking    ] GC(501) Concurrent Cleanup for Next Mark
[2023-11-08T18:51:57.297+0100][gc,marking    ] GC(501) Concurrent Cleanup for Next Mark 1,916ms
[2023-11-08T18:51:57.297+0100][gc            ] GC(501) Concurrent Cycle 48,403ms
[2023-11-08T18:51:59.032+0100][gc,start      ] GC(502) Pause Young (Prepare Mixed) (G1 Evacuation Pause)
[2023-11-08T18:51:59.032+0100][gc,task       ] GC(502) Using 13 workers of 13 for evacuation
[2023-11-08T18:51:59.039+0100][gc,phases     ] GC(502)   Pre Evacuate Collection Set: 0,0ms
[2023-11-08T18:51:59.039+0100][gc,phases     ] GC(502)   Evacuate Collection Set: 6,2ms
[2023-11-08T18:51:59.039+0100][gc,phases     ] GC(502)   Post Evacuate Collection Set: 0,5ms
[2023-11-08T18:51:59.039+0100][gc,phases     ] GC(502)   Other: 0,3ms
[2023-11-08T18:51:59.039+0100][gc,heap       ] GC(502) Eden regions: 542->0(45)
[2023-11-08T18:51:59.039+0100][gc,heap       ] GC(502) Survivor regions: 7->6(69)
[2023-11-08T18:51:59.039+0100][gc,heap       ] GC(502) Old regions: 220->220
[2023-11-08T18:51:59.039+0100][gc,heap       ] GC(502) Humongous regions: 129->129
[2023-11-08T18:51:59.039+0100][gc,metaspace  ] GC(502) Metaspace: 48221K(52224K)->48221K(52224K) NonClass: 42264K(44544K)->42264K(44544K) Class: 5956K(7680K)->5956K(7680K)
[2023-11-08T18:51:59.039+0100][gc            ] GC(502) Pause Young (Prepare Mixed) (G1 Evacuation Pause) 895M->352M(1024M) 7,084ms
[2023-11-08T18:51:59.039+0100][gc,cpu        ] GC(502) User=0,06s Sys=0,01s Real=0,01s
[2023-11-08T18:51:59.192+0100][gc,start      ] GC(503) Pause Young (Mixed) (G1 Evacuation Pause)
[2023-11-08T18:51:59.192+0100][gc,task       ] GC(503) Using 13 workers of 13 for evacuation
[2023-11-08T18:51:59.200+0100][gc,phases     ] GC(503)   Pre Evacuate Collection Set: 0,1ms
[2023-11-08T18:51:59.200+0100][gc,phases     ] GC(503)   Evacuate Collection Set: 7,1ms
[2023-11-08T18:51:59.200+0100][gc,phases     ] GC(503)   Post Evacuate Collection Set: 0,5ms
[2023-11-08T18:51:59.200+0100][gc,phases     ] GC(503)   Other: 0,2ms
[2023-11-08T18:51:59.200+0100][gc,heap       ] GC(503) Eden regions: 45->0(47)
[2023-11-08T18:51:59.200+0100][gc,heap       ] GC(503) Survivor regions: 6->4(7)
[2023-11-08T18:51:59.200+0100][gc,heap       ] GC(503) Old regions: 220->119
[2023-11-08T18:51:59.200+0100][gc,heap       ] GC(503) Humongous regions: 129->129
[2023-11-08T18:51:59.200+0100][gc,metaspace  ] GC(503) Metaspace: 48221K(52224K)->48221K(52224K) NonClass: 42264K(44544K)->42264K(44544K) Class: 5956K(7680K)->5956K(7680K)
[2023-11-08T18:51:59.200+0100][gc            ] GC(503) Pause Young (Mixed) (G1 Evacuation Pause) 397M->250M(1024M) 7,927ms
[2023-11-08T18:51:59.200+0100][gc,cpu        ] GC(503) User=0,07s Sys=0,00s Real=0,01s
[2023-11-08T18:51:59.358+0100][gc,start      ] GC(504) Pause Young (Mixed) (G1 Evacuation Pause)
[2023-11-08T18:51:59.358+0100][gc,task       ] GC(504) Using 13 workers of 13 for evacuation
[2023-11-08T18:51:59.364+0100][gc,phases     ] GC(504)   Pre Evacuate Collection Set: 0,2ms
[2023-11-08T18:51:59.364+0100][gc,phases     ] GC(504)   Evacuate Collection Set: 5,2ms
[2023-11-08T18:51:59.364+0100][gc,phases     ] GC(504)   Post Evacuate Collection Set: 0,4ms
[2023-11-08T18:51:59.364+0100][gc,phases     ] GC(504)   Other: 0,3ms
[2023-11-08T18:51:59.364+0100][gc,heap       ] GC(504) Eden regions: 47->0(610)
[2023-11-08T18:51:59.364+0100][gc,heap       ] GC(504) Survivor regions: 4->4(7)
[2023-11-08T18:51:59.364+0100][gc,heap       ] GC(504) Old regions: 119->81
[2023-11-08T18:51:59.364+0100][gc,heap       ] GC(504) Humongous regions: 129->129
[2023-11-08T18:51:59.364+0100][gc,metaspace  ] GC(504) Metaspace: 48221K(52224K)->48221K(52224K) NonClass: 42264K(44544K)->42264K(44544K) Class: 5956K(7680K)->5956K(7680K)
[2023-11-08T18:51:59.364+0100][gc            ] GC(504) Pause Young (Mixed) (G1 Evacuation Pause) 297M->212M(1024M) 6,133ms
[2023-11-08T18:51:59.364+0100][gc,cpu        ] GC(504) User=0,06s Sys=0,00s Real=0,01s
[2023-11-08T18:52:01.373+0100][gc,start      ] GC(505) Pause Young (Normal) (G1 Evacuation Pause)
[2023-11-08T18:52:01.373+0100][gc,task       ] GC(505) Using 13 workers of 13 for evacuation
[2023-11-08T18:52:01.378+0100][gc,phases     ] GC(505)   Pre Evacuate Collection Set: 0,0ms
[2023-11-08T18:52:01.378+0100][gc,phases     ] GC(505)   Evacuate Collection Set: 4,4ms
[2023-11-08T18:52:01.378+0100][gc,phases     ] GC(505)   Post Evacuate Collection Set: 0,7ms
[2023-11-08T18:52:01.378+0100][gc,phases     ] GC(505)   Other: 0,3ms
[2023-11-08T18:52:01.378+0100][gc,heap       ] GC(505) Eden regions: 610->0(608)
[2023-11-08T18:52:01.378+0100][gc,heap       ] GC(505) Survivor regions: 4->6(77)
[2023-11-08T18:52:01.378+0100][gc,heap       ] GC(505) Old regions: 81->81
[2023-11-08T18:52:01.378+0100][gc,heap       ] GC(505) Humongous regions: 129->129
[2023-11-08T18:52:01.378+0100][gc,metaspace  ] GC(505) Metaspace: 48221K(52224K)->48221K(52224K) NonClass: 42264K(44544K)->42264K(44544K) Class: 5956K(7680K)->5956K(7680K)
[2023-11-08T18:52:01.378+0100][gc            ] GC(505) Pause Young (Normal) (G1 Evacuation Pause) 822M->213M(1024M) 5,560ms
[2023-11-08T18:52:01.378+0100][gc,cpu        ] GC(505) User=0,04s Sys=0,02s Real=0,01s
[2023-11-08T18:52:03.446+0100][gc,start      ] GC(506) Pause Young (Normal) (G1 Evacuation Pause)
[2023-11-08T18:52:03.446+0100][gc,task       ] GC(506) Using 13 workers of 13 for evacuation
[2023-11-08T18:52:03.452+0100][gc,phases     ] GC(506)   Pre Evacuate Collection Set: 0,0ms
[2023-11-08T18:52:03.452+0100][gc,phases     ] GC(506)   Evacuate Collection Set: 4,9ms
[2023-11-08T18:52:03.452+0100][gc,phases     ] GC(506)   Post Evacuate Collection Set: 0,6ms
[2023-11-08T18:52:03.452+0100][gc,phases     ] GC(506)   Other: 0,2ms
[2023-11-08T18:52:03.452+0100][gc,heap       ] GC(506) Eden regions: 608->0(606)
[2023-11-08T18:52:03.452+0100][gc,heap       ] GC(506) Survivor regions: 6->8(77)
[2023-11-08T18:52:03.452+0100][gc,heap       ] GC(506) Old regions: 81->81
[2023-11-08T18:52:03.452+0100][gc,heap       ] GC(506) Humongous regions: 129->129
[2023-11-08T18:52:03.452+0100][gc,metaspace  ] GC(506) Metaspace: 48221K(52224K)->48221K(52224K) NonClass: 42264K(44544K)->42264K(44544K) Class: 5956K(7680K)->5956K(7680K)
[2023-11-08T18:52:03.452+0100][gc            ] GC(506) Pause Young (Normal) (G1 Evacuation Pause) 821M->215M(1024M) 5,941ms
[2023-11-08T18:52:03.452+0100][gc,cpu        ] GC(506) User=0,06s Sys=0,00s Real=0,00s
[2023-11-08T18:52:05.431+0100][gc,start      ] GC(507) Pause Young (Concurrent Start) (G1 Evacuation Pause)
[2023-11-08T18:52:05.431+0100][gc,task       ] GC(507) Using 13 workers of 13 for evacuation
[2023-11-08T18:52:05.436+0100][gc,phases     ] GC(507)   Pre Evacuate Collection Set: 0,2ms
[2023-11-08T18:52:05.436+0100][gc,phases     ] GC(507)   Evacuate Collection Set: 4,6ms
[2023-11-08T18:52:05.436+0100][gc,phases     ] GC(507)   Post Evacuate Collection Set: 0,5ms
[2023-11-08T18:52:05.436+0100][gc,phases     ] GC(507)   Other: 0,2ms
[2023-11-08T18:52:05.436+0100][gc,heap       ] GC(507) Eden regions: 606->0(605)
[2023-11-08T18:52:05.436+0100][gc,heap       ] GC(507) Survivor regions: 8->9(77)
[2023-11-08T18:52:05.436+0100][gc,heap       ] GC(507) Old regions: 81->81
[2023-11-08T18:52:05.436+0100][gc,heap       ] GC(507) Humongous regions: 129->129
[2023-11-08T18:52:05.436+0100][gc,metaspace  ] GC(507) Metaspace: 48221K(52224K)->48221K(52224K) NonClass: 42264K(44544K)->42264K(44544K) Class: 5956K(7680K)->5956K(7680K)
[2023-11-08T18:52:05.436+0100][gc            ] GC(507) Pause Young (Concurrent Start) (G1 Evacuation Pause) 821M->217M(1024M) 5,740ms
[2023-11-08T18:52:05.436+0100][gc,cpu        ] GC(507) User=0,04s Sys=0,00s Real=0,01s
[2023-11-08T18:52:05.436+0100][gc            ] GC(508) Concurrent Cycle
[2023-11-08T18:52:05.436+0100][gc,marking    ] GC(508) Concurrent Clear Claimed Marks
[2023-11-08T18:52:05.436+0100][gc,marking    ] GC(508) Concurrent Clear Claimed Marks 0,041ms
[2023-11-08T18:52:05.436+0100][gc,marking    ] GC(508) Concurrent Scan Root Regions
[2023-11-08T18:52:05.441+0100][gc,marking    ] GC(508) Concurrent Scan Root Regions 4,110ms
[2023-11-08T18:52:05.441+0100][gc,marking    ] GC(508) Concurrent Mark (5797,049s)
[2023-11-08T18:52:05.441+0100][gc,marking    ] GC(508) Concurrent Mark From Roots
[2023-11-08T18:52:05.441+0100][gc,task       ] GC(508) Using 3 workers of 3 for marking
[2023-11-08T18:52:05.462+0100][gc,marking    ] GC(508) Concurrent Mark From Roots 21,263ms
[2023-11-08T18:52:05.462+0100][gc,marking    ] GC(508) Concurrent Preclean
[2023-11-08T18:52:05.462+0100][gc,marking    ] GC(508) Concurrent Preclean 0,235ms
[2023-11-08T18:52:05.462+0100][gc,marking    ] GC(508) Concurrent Mark (5797,049s, 5797,071s) 21,555ms
[2023-11-08T18:52:05.462+0100][gc,start      ] GC(508) Pause Remark
[2023-11-08T18:52:05.466+0100][gc,stringtable] GC(508) Cleaned string and symbol table, strings: 18378 processed, 0 removed, symbols: 94772 processed, 0 removed
[2023-11-08T18:52:05.466+0100][gc            ] GC(508) Pause Remark 227M->227M(1024M) 3,715ms
[2023-11-08T18:52:05.466+0100][gc,cpu        ] GC(508) User=0,02s Sys=0,02s Real=0,01s
[2023-11-08T18:52:05.466+0100][gc,marking    ] GC(508) Concurrent Rebuild Remembered Sets
[2023-11-08T18:52:05.479+0100][gc,marking    ] GC(508) Concurrent Rebuild Remembered Sets 13,206ms
[2023-11-08T18:52:05.479+0100][gc,start      ] GC(508) Pause Cleanup
[2023-11-08T18:52:05.480+0100][gc            ] GC(508) Pause Cleanup 236M->236M(1024M) 0,224ms
[2023-11-08T18:52:05.480+0100][gc,cpu        ] GC(508) User=0,00s Sys=0,00s Real=0,00s
[2023-11-08T18:52:05.480+0100][gc,marking    ] GC(508) Concurrent Cleanup for Next Mark
[2023-11-08T18:52:05.482+0100][gc,marking    ] GC(508) Concurrent Cleanup for Next Mark 1,875ms
[2023-11-08T18:52:05.482+0100][gc            ] GC(508) Concurrent Cycle 45,344ms
[2023-11-08T18:52:05.621+0100][gc,start      ] GC(509) Pause Young (Prepare Mixed) (G1 Evacuation Pause)
[2023-11-08T18:52:05.622+0100][gc,task       ] GC(509) Using 13 workers of 13 for evacuation
[2023-11-08T18:52:05.628+0100][gc,phases     ] GC(509)   Pre Evacuate Collection Set: 0,0ms
[2023-11-08T18:52:05.628+0100][gc,phases     ] GC(509)   Evacuate Collection Set: 5,7ms
[2023-11-08T18:52:05.628+0100][gc,phases     ] GC(509)   Post Evacuate Collection Set: 0,5ms
[2023-11-08T18:52:05.628+0100][gc,phases     ] GC(509)   Other: 0,2ms
[2023-11-08T18:52:05.628+0100][gc,heap       ] GC(509) Eden regions: 62->0(46)
[2023-11-08T18:52:05.628+0100][gc,heap       ] GC(509) Survivor regions: 9->5(9)
[2023-11-08T18:52:05.628+0100][gc,heap       ] GC(509) Old regions: 81->86
[2023-11-08T18:52:05.628+0100][gc,heap       ] GC(509) Humongous regions: 129->129
[2023-11-08T18:52:05.628+0100][gc,metaspace  ] GC(509) Metaspace: 48221K(52224K)->48221K(52224K) NonClass: 42264K(44544K)->42264K(44544K) Class: 5956K(7680K)->5956K(7680K)
[2023-11-08T18:52:05.628+0100][gc            ] GC(509) Pause Young (Prepare Mixed) (G1 Evacuation Pause) 279M->217M(1024M) 6,590ms
[2023-11-08T18:52:05.628+0100][gc,cpu        ] GC(509) User=0,07s Sys=0,00s Real=0,01s
[2023-11-08T18:52:05.774+0100][gc,start      ] GC(510) Pause Young (Mixed) (G1 Evacuation Pause)
[2023-11-08T18:52:05.774+0100][gc,task       ] GC(510) Using 13 workers of 13 for evacuation
[2023-11-08T18:52:05.778+0100][gc,phases     ] GC(510)   Pre Evacuate Collection Set: 0,0ms
[2023-11-08T18:52:05.778+0100][gc,phases     ] GC(510)   Evacuate Collection Set: 3,3ms
[2023-11-08T18:52:05.778+0100][gc,phases     ] GC(510)   Post Evacuate Collection Set: 0,6ms
[2023-11-08T18:52:05.779+0100][gc,phases     ] GC(510)   Other: 0,3ms
[2023-11-08T18:52:05.779+0100][gc,heap       ] GC(510) Eden regions: 46->0(203)
[2023-11-08T18:52:05.779+0100][gc,heap       ] GC(510) Survivor regions: 5->3(7)
[2023-11-08T18:52:05.779+0100][gc,heap       ] GC(510) Old regions: 86->86
[2023-11-08T18:52:05.779+0100][gc,heap       ] GC(510) Humongous regions: 129->129
[2023-11-08T18:52:05.779+0100][gc,metaspace  ] GC(510) Metaspace: 48221K(52224K)->48221K(52224K) NonClass: 42264K(44544K)->42264K(44544K) Class: 5956K(7680K)->5956K(7680K)
[2023-11-08T18:52:05.779+0100][gc            ] GC(510) Pause Young (Mixed) (G1 Evacuation Pause) 263M->216M(1024M) 4,411ms
[2023-11-08T18:52:05.779+0100][gc,cpu        ] GC(510) User=0,04s Sys=0,00s Real=0,01s
[2023-11-08T18:52:06.449+0100][gc,start      ] GC(511) Pause Young (Normal) (G1 Evacuation Pause)
[2023-11-08T18:52:06.449+0100][gc,task       ] GC(511) Using 13 workers of 13 for evacuation
[2023-11-08T18:52:06.451+0100][gc,phases     ] GC(511)   Pre Evacuate Collection Set: 0,0ms
[2023-11-08T18:52:06.451+0100][gc,phases     ] GC(511)   Evacuate Collection Set: 1,6ms
[2023-11-08T18:52:06.451+0100][gc,phases     ] GC(511)   Post Evacuate Collection Set: 0,6ms
[2023-11-08T18:52:06.451+0100][gc,phases     ] GC(511)   Other: 0,2ms
[2023-11-08T18:52:06.451+0100][gc,heap       ] GC(511) Eden regions: 203->0(234)
[2023-11-08T18:52:06.451+0100][gc,heap       ] GC(511) Survivor regions: 3->3(26)
[2023-11-08T18:52:06.451+0100][gc,heap       ] GC(511) Old regions: 86->86
[2023-11-08T18:52:06.451+0100][gc,heap       ] GC(511) Humongous regions: 129->129
[2023-11-08T18:52:06.451+0100][gc,metaspace  ] GC(511) Metaspace: 48221K(52224K)->48221K(52224K) NonClass: 42264K(44544K)->42264K(44544K) Class: 5956K(7680K)->5956K(7680K)
[2023-11-08T18:52:06.451+0100][gc            ] GC(511) Pause Young (Normal) (G1 Evacuation Pause) 419M->216M(1024M) 2,598ms
[2023-11-08T18:52:06.451+0100][gc,cpu        ] GC(511) User=0,01s Sys=0,01s Real=0,00s
[2023-11-08T18:52:07.205+0100][gc,start      ] GC(512) Pause Young (Normal) (G1 Evacuation Pause)
[2023-11-08T18:52:07.205+0100][gc,task       ] GC(512) Using 13 workers of 13 for evacuation
[2023-11-08T18:52:07.208+0100][gc,phases     ] GC(512)   Pre Evacuate Collection Set: 0,0ms
[2023-11-08T18:52:07.208+0100][gc,phases     ] GC(512)   Evacuate Collection Set: 2,1ms
[2023-11-08T18:52:07.208+0100][gc,phases     ] GC(512)   Post Evacuate Collection Set: 0,6ms
[2023-11-08T18:52:07.208+0100][gc,phases     ] GC(512)   Other: 0,3ms
[2023-11-08T18:52:07.208+0100][gc,heap       ] GC(512) Eden regions: 234->0(246)
[2023-11-08T18:52:07.208+0100][gc,heap       ] GC(512) Survivor regions: 3->4(30)
[2023-11-08T18:52:07.208+0100][gc,heap       ] GC(512) Old regions: 86->86
[2023-11-08T18:52:07.208+0100][gc,heap       ] GC(512) Humongous regions: 129->129
[2023-11-08T18:52:07.208+0100][gc,metaspace  ] GC(512) Metaspace: 48221K(52224K)->48221K(52224K) NonClass: 42264K(44544K)->42264K(44544K) Class: 5956K(7680K)->5956K(7680K)
[2023-11-08T18:52:07.208+0100][gc            ] GC(512) Pause Young (Normal) (G1 Evacuation Pause) 450M->217M(1024M) 3,187ms
[2023-11-08T18:52:07.208+0100][gc,cpu        ] GC(512) User=0,02s Sys=0,00s Real=0,00s
[2023-11-08T18:52:07.997+0100][gc,start      ] GC(513) Pause Young (Normal) (G1 Evacuation Pause)
[2023-11-08T18:52:07.997+0100][gc,task       ] GC(513) Using 13 workers of 13 for evacuation
[2023-11-08T18:52:08.000+0100][gc,phases     ] GC(513)   Pre Evacuate Collection Set: 0,0ms
[2023-11-08T18:52:08.000+0100][gc,phases     ] GC(513)   Evacuate Collection Set: 2,2ms
[2023-11-08T18:52:08.000+0100][gc,phases     ] GC(513)   Post Evacuate Collection Set: 0,6ms
[2023-11-08T18:52:08.000+0100][gc,phases     ] GC(513)   Other: 0,3ms
[2023-11-08T18:52:08.000+0100][gc,heap       ] GC(513) Eden regions: 246->0(288)
[2023-11-08T18:52:08.000+0100][gc,heap       ] GC(513) Survivor regions: 4->5(32)
[2023-11-08T18:52:08.000+0100][gc,heap       ] GC(513) Old regions: 86->86
[2023-11-08T18:52:08.000+0100][gc,heap       ] GC(513) Humongous regions: 129->129
[2023-11-08T18:52:08.000+0100][gc,metaspace  ] GC(513) Metaspace: 48221K(52224K)->48221K(52224K) NonClass: 42264K(44544K)->42264K(44544K) Class: 5956K(7680K)->5956K(7680K)
[2023-11-08T18:52:08.000+0100][gc            ] GC(513) Pause Young (Normal) (G1 Evacuation Pause) 463M->218M(1024M) 3,301ms
[2023-11-08T18:52:08.000+0100][gc,cpu        ] GC(513) User=0,01s Sys=0,01s Real=0,00s
[2023-11-08T18:52:08.918+0100][gc,start      ] GC(514) Pause Young (Normal) (G1 Evacuation Pause)
[2023-11-08T18:52:08.918+0100][gc,task       ] GC(514) Using 13 workers of 13 for evacuation
[2023-11-08T18:52:08.923+0100][gc,phases     ] GC(514)   Pre Evacuate Collection Set: 0,0ms
[2023-11-08T18:52:08.923+0100][gc,phases     ] GC(514)   Evacuate Collection Set: 3,6ms
[2023-11-08T18:52:08.923+0100][gc,phases     ] GC(514)   Post Evacuate Collection Set: 0,7ms
[2023-11-08T18:52:08.923+0100][gc,phases     ] GC(514)   Other: 0,3ms
[2023-11-08T18:52:08.923+0100][gc,heap       ] GC(514) Eden regions: 288->0(334)
[2023-11-08T18:52:08.923+0100][gc,heap       ] GC(514) Survivor regions: 5->5(37)
[2023-11-08T18:52:08.923+0100][gc,heap       ] GC(514) Old regions: 86->86
[2023-11-08T18:52:08.923+0100][gc,heap       ] GC(514) Humongous regions: 129->129
[2023-11-08T18:52:08.923+0100][gc,metaspace  ] GC(514) Metaspace: 48221K(52224K)->48221K(52224K) NonClass: 42264K(44544K)->42264K(44544K) Class: 5956K(7680K)->5956K(7680K)
[2023-11-08T18:52:08.923+0100][gc            ] GC(514) Pause Young (Normal) (G1 Evacuation Pause) 506M->218M(1024M) 4,744ms
[2023-11-08T18:52:08.923+0100][gc,cpu        ] GC(514) User=0,04s Sys=0,00s Real=0,01s
[2023-11-08T18:52:09.956+0100][gc,start      ] GC(515) Pause Young (Normal) (G1 Evacuation Pause)
[2023-11-08T18:52:09.956+0100][gc,task       ] GC(515) Using 13 workers of 13 for evacuation
[2023-11-08T18:52:09.961+0100][gc,phases     ] GC(515)   Pre Evacuate Collection Set: 0,0ms
[2023-11-08T18:52:09.961+0100][gc,phases     ] GC(515)   Evacuate Collection Set: 4,3ms
[2023-11-08T18:52:09.961+0100][gc,phases     ] GC(515)   Post Evacuate Collection Set: 0,6ms
[2023-11-08T18:52:09.961+0100][gc,phases     ] GC(515)   Other: 0,3ms
[2023-11-08T18:52:09.961+0100][gc,heap       ] GC(515) Eden regions: 334->0(350)
[2023-11-08T18:52:09.961+0100][gc,heap       ] GC(515) Survivor regions: 5->6(43)
[2023-11-08T18:52:09.961+0100][gc,heap       ] GC(515) Old regions: 86->86
[2023-11-08T18:52:09.961+0100][gc,heap       ] GC(515) Humongous regions: 129->129
[2023-11-08T18:52:09.961+0100][gc,metaspace  ] GC(515) Metaspace: 48221K(52224K)->48221K(52224K) NonClass: 42264K(44544K)->42264K(44544K) Class: 5956K(7680K)->5956K(7680K)
[2023-11-08T18:52:09.961+0100][gc            ] GC(515) Pause Young (Normal) (G1 Evacuation Pause) 552M->219M(1024M) 5,297ms
[2023-11-08T18:52:09.961+0100][gc,cpu        ] GC(515) User=0,05s Sys=0,00s Real=0,00s
[2023-11-08T18:52:11.035+0100][gc,start      ] GC(516) Pause Young (Normal) (G1 Evacuation Pause)
[2023-11-08T18:52:11.035+0100][gc,task       ] GC(516) Using 13 workers of 13 for evacuation
[2023-11-08T18:52:11.039+0100][gc,phases     ] GC(516)   Pre Evacuate Collection Set: 0,0ms
[2023-11-08T18:52:11.039+0100][gc,phases     ] GC(516)   Evacuate Collection Set: 2,8ms
[2023-11-08T18:52:11.039+0100][gc,phases     ] GC(516)   Post Evacuate Collection Set: 0,5ms
[2023-11-08T18:52:11.039+0100][gc,phases     ] GC(516)   Other: 0,2ms
[2023-11-08T18:52:11.039+0100][gc,heap       ] GC(516) Eden regions: 350->0(388)
[2023-11-08T18:52:11.039+0100][gc,heap       ] GC(516) Survivor regions: 6->8(45)
[2023-11-08T18:52:11.039+0100][gc,heap       ] GC(516) Old regions: 86->86
[2023-11-08T18:52:11.039+0100][gc,heap       ] GC(516) Humongous regions: 129->129
[2023-11-08T18:52:11.039+0100][gc,metaspace  ] GC(516) Metaspace: 48221K(52224K)->48221K(52224K) NonClass: 42264K(44544K)->42264K(44544K) Class: 5956K(7680K)->5956K(7680K)
[2023-11-08T18:52:11.039+0100][gc            ] GC(516) Pause Young (Normal) (G1 Evacuation Pause) 569M->221M(1024M) 3,663ms
[2023-11-08T18:52:11.039+0100][gc,cpu        ] GC(516) User=0,02s Sys=0,01s Real=0,00s
[2023-11-08T18:52:12.340+0100][gc,start      ] GC(517) Pause Young (Normal) (G1 Evacuation Pause)
[2023-11-08T18:52:12.340+0100][gc,task       ] GC(517) Using 13 workers of 13 for evacuation
[2023-11-08T18:52:12.344+0100][gc,phases     ] GC(517)   Pre Evacuate Collection Set: 0,0ms
[2023-11-08T18:52:12.344+0100][gc,phases     ] GC(517)   Evacuate Collection Set: 3,9ms
[2023-11-08T18:52:12.344+0100][gc,phases     ] GC(517)   Post Evacuate Collection Set: 0,6ms
[2023-11-08T18:52:12.344+0100][gc,phases     ] GC(517)   Other: 0,3ms
[2023-11-08T18:52:12.344+0100][gc,heap       ] GC(517) Eden regions: 388->0(427)
[2023-11-08T18:52:12.345+0100][gc,heap       ] GC(517) Survivor regions: 8->9(50)
[2023-11-08T18:52:12.345+0100][gc,heap       ] GC(517) Old regions: 86->86
[2023-11-08T18:52:12.345+0100][gc,heap       ] GC(517) Humongous regions: 129->129
[2023-11-08T18:52:12.345+0100][gc,metaspace  ] GC(517) Metaspace: 48221K(52224K)->48221K(52224K) NonClass: 42264K(44544K)->42264K(44544K) Class: 5956K(7680K)->5956K(7680K)
[2023-11-08T18:52:12.345+0100][gc            ] GC(517) Pause Young (Normal) (G1 Evacuation Pause) 609M->222M(1024M) 4,871ms
[2023-11-08T18:52:12.345+0100][gc,cpu        ] GC(517) User=0,05s Sys=0,00s Real=0,01s
[2023-11-08T18:52:13.778+0100][gc,start      ] GC(518) Pause Young (Normal) (G1 Evacuation Pause)
[2023-11-08T18:52:13.778+0100][gc,task       ] GC(518) Using 13 workers of 13 for evacuation
[2023-11-08T18:52:13.784+0100][gc,phases     ] GC(518)   Pre Evacuate Collection Set: 0,0ms
[2023-11-08T18:52:13.784+0100][gc,phases     ] GC(518)   Evacuate Collection Set: 4,4ms
[2023-11-08T18:52:13.784+0100][gc,phases     ] GC(518)   Post Evacuate Collection Set: 0,6ms
[2023-11-08T18:52:13.784+0100][gc,phases     ] GC(518)   Other: 0,3ms
[2023-11-08T18:52:13.784+0100][gc,heap       ] GC(518) Eden regions: 427->0(473)
[2023-11-08T18:52:13.784+0100][gc,heap       ] GC(518) Survivor regions: 9->10(55)
[2023-11-08T18:52:13.784+0100][gc,heap       ] GC(518) Old regions: 86->86
[2023-11-08T18:52:13.784+0100][gc,heap       ] GC(518) Humongous regions: 129->129
[2023-11-08T18:52:13.784+0100][gc,metaspace  ] GC(518) Metaspace: 48221K(52224K)->48221K(52224K) NonClass: 42264K(44544K)->42264K(44544K) Class: 5956K(7680K)->5956K(7680K)
[2023-11-08T18:52:13.784+0100][gc            ] GC(518) Pause Young (Normal) (G1 Evacuation Pause) 649M->223M(1024M) 5,467ms
[2023-11-08T18:52:13.784+0100][gc,cpu        ] GC(518) User=0,03s Sys=0,02s Real=0,01s
[2023-11-08T18:52:15.431+0100][gc,start      ] GC(519) Pause Young (Concurrent Start) (G1 Evacuation Pause)
[2023-11-08T18:52:15.431+0100][gc,task       ] GC(519) Using 13 workers of 13 for evacuation
[2023-11-08T18:52:15.437+0100][gc,phases     ] GC(519)   Pre Evacuate Collection Set: 0,2ms
[2023-11-08T18:52:15.437+0100][gc,phases     ] GC(519)   Evacuate Collection Set: 4,5ms
[2023-11-08T18:52:15.437+0100][gc,phases     ] GC(519)   Post Evacuate Collection Set: 0,6ms
[2023-11-08T18:52:15.437+0100][gc,phases     ] GC(519)   Other: 0,2ms
[2023-11-08T18:52:15.437+0100][gc,heap       ] GC(519) Eden regions: 473->0(502)
[2023-11-08T18:52:15.437+0100][gc,heap       ] GC(519) Survivor regions: 10->12(61)
[2023-11-08T18:52:15.437+0100][gc,heap       ] GC(519) Old regions: 86->86
[2023-11-08T18:52:15.437+0100][gc,heap       ] GC(519) Humongous regions: 129->129
[2023-11-08T18:52:15.437+0100][gc,metaspace  ] GC(519) Metaspace: 48221K(52224K)->48221K(52224K) NonClass: 42264K(44544K)->42264K(44544K) Class: 5956K(7680K)->5956K(7680K)
[2023-11-08T18:52:15.437+0100][gc            ] GC(519) Pause Young (Concurrent Start) (G1 Evacuation Pause) 696M->224M(1024M) 5,756ms
[2023-11-08T18:52:15.437+0100][gc,cpu        ] GC(519) User=0,06s Sys=0,00s Real=0,01s
[2023-11-08T18:52:15.437+0100][gc            ] GC(520) Concurrent Cycle
[2023-11-08T18:52:15.437+0100][gc,marking    ] GC(520) Concurrent Clear Claimed Marks
[2023-11-08T18:52:15.438+0100][gc,marking    ] GC(520) Concurrent Clear Claimed Marks 0,370ms
[2023-11-08T18:52:15.438+0100][gc,marking    ] GC(520) Concurrent Scan Root Regions
[2023-11-08T18:52:15.440+0100][gc,marking    ] GC(520) Concurrent Scan Root Regions 2,905ms
[2023-11-08T18:52:15.441+0100][gc,marking    ] GC(520) Concurrent Mark (5807,049s)
[2023-11-08T18:52:15.441+0100][gc,marking    ] GC(520) Concurrent Mark From Roots
[2023-11-08T18:52:15.441+0100][gc,task       ] GC(520) Using 3 workers of 3 for marking
[2023-11-08T18:52:15.465+0100][gc,marking    ] GC(520) Concurrent Mark From Roots 24,470ms
[2023-11-08T18:52:15.465+0100][gc,marking    ] GC(520) Concurrent Preclean
[2023-11-08T18:52:15.465+0100][gc,marking    ] GC(520) Concurrent Preclean 0,217ms
[2023-11-08T18:52:15.465+0100][gc,marking    ] GC(520) Concurrent Mark (5807,049s, 5807,074s) 24,766ms
[2023-11-08T18:52:15.465+0100][gc,start      ] GC(520) Pause Remark
[2023-11-08T18:52:15.468+0100][gc,stringtable] GC(520) Cleaned string and symbol table, strings: 18387 processed, 0 removed, symbols: 94772 processed, 0 removed
[2023-11-08T18:52:15.469+0100][gc            ] GC(520) Pause Remark 235M->235M(1024M) 3,152ms
[2023-11-08T18:52:15.469+0100][gc,cpu        ] GC(520) User=0,03s Sys=0,00s Real=0,00s
[2023-11-08T18:52:15.469+0100][gc,marking    ] GC(520) Concurrent Rebuild Remembered Sets
[2023-11-08T18:52:15.481+0100][gc,marking    ] GC(520) Concurrent Rebuild Remembered Sets 12,048ms
[2023-11-08T18:52:15.481+0100][gc,start      ] GC(520) Pause Cleanup
[2023-11-08T18:52:15.481+0100][gc            ] GC(520) Pause Cleanup 236M->236M(1024M) 0,160ms
[2023-11-08T18:52:15.481+0100][gc,cpu        ] GC(520) User=0,00s Sys=0,00s Real=0,00s
[2023-11-08T18:52:15.481+0100][gc,marking    ] GC(520) Concurrent Cleanup for Next Mark
[2023-11-08T18:52:15.483+0100][gc,marking    ] GC(520) Concurrent Cleanup for Next Mark 1,787ms
[2023-11-08T18:52:15.483+0100][gc            ] GC(520) Concurrent Cycle 45,798ms
[2023-11-08T18:52:15.551+0100][gc,start      ] GC(521) Pause Young (Prepare Mixed) (G1 Evacuation Pause)
[2023-11-08T18:52:15.551+0100][gc,task       ] GC(521) Using 13 workers of 13 for evacuation
[2023-11-08T18:52:15.558+0100][gc,phases     ] GC(521)   Pre Evacuate Collection Set: 0,0ms
[2023-11-08T18:52:15.558+0100][gc,phases     ] GC(521)   Evacuate Collection Set: 5,6ms
[2023-11-08T18:52:15.558+0100][gc,phases     ] GC(521)   Post Evacuate Collection Set: 0,4ms
[2023-11-08T18:52:15.558+0100][gc,phases     ] GC(521)   Other: 0,2ms
[2023-11-08T18:52:15.558+0100][gc,heap       ] GC(521) Eden regions: 39->0(46)
[2023-11-08T18:52:15.558+0100][gc,heap       ] GC(521) Survivor regions: 12->5(7)
[2023-11-08T18:52:15.558+0100][gc,heap       ] GC(521) Old regions: 86->94
[2023-11-08T18:52:15.558+0100][gc,heap       ] GC(521) Humongous regions: 129->129
[2023-11-08T18:52:15.558+0100][gc,metaspace  ] GC(521) Metaspace: 48221K(52224K)->48221K(52224K) NonClass: 42264K(44544K)->42264K(44544K) Class: 5956K(7680K)->5956K(7680K)
[2023-11-08T18:52:15.558+0100][gc            ] GC(521) Pause Young (Prepare Mixed) (G1 Evacuation Pause) 263M->225M(1024M) 6,319ms
[2023-11-08T18:52:15.558+0100][gc,cpu        ] GC(521) User=0,04s Sys=0,02s Real=0,01s
[2023-11-08T18:52:15.703+0100][gc,start      ] GC(522) Pause Young (Mixed) (G1 Evacuation Pause)
[2023-11-08T18:52:15.703+0100][gc,task       ] GC(522) Using 13 workers of 13 for evacuation
[2023-11-08T18:52:15.707+0100][gc,phases     ] GC(522)   Pre Evacuate Collection Set: 0,0ms
[2023-11-08T18:52:15.707+0100][gc,phases     ] GC(522)   Evacuate Collection Set: 3,2ms
[2023-11-08T18:52:15.707+0100][gc,phases     ] GC(522)   Post Evacuate Collection Set: 0,5ms
[2023-11-08T18:52:15.707+0100][gc,phases     ] GC(522)   Other: 0,4ms
[2023-11-08T18:52:15.707+0100][gc,heap       ] GC(522) Eden regions: 46->0(498)
[2023-11-08T18:52:15.707+0100][gc,heap       ] GC(522) Survivor regions: 5->4(7)
[2023-11-08T18:52:15.707+0100][gc,heap       ] GC(522) Old regions: 94->94
[2023-11-08T18:52:15.707+0100][gc,heap       ] GC(522) Humongous regions: 129->129
[2023-11-08T18:52:15.707+0100][gc,metaspace  ] GC(522) Metaspace: 48221K(52224K)->48221K(52224K) NonClass: 42264K(44544K)->42264K(44544K) Class: 5956K(7680K)->5956K(7680K)
[2023-11-08T18:52:15.707+0100][gc            ] GC(522) Pause Young (Mixed) (G1 Evacuation Pause) 271M->224M(1024M) 4,328ms
[2023-11-08T18:52:15.707+0100][gc,cpu        ] GC(522) User=0,02s Sys=0,03s Real=0,01s
[2023-11-08T18:52:17.343+0100][gc,start      ] GC(523) Pause Young (Concurrent Start) (G1 Evacuation Pause)
[2023-11-08T18:52:17.343+0100][gc,task       ] GC(523) Using 13 workers of 13 for evacuation
[2023-11-08T18:52:17.347+0100][gc,phases     ] GC(523)   Pre Evacuate Collection Set: 0,2ms
[2023-11-08T18:52:17.347+0100][gc,phases     ] GC(523)   Evacuate Collection Set: 2,8ms
[2023-11-08T18:52:17.347+0100][gc,phases     ] GC(523)   Post Evacuate Collection Set: 0,6ms
[2023-11-08T18:52:17.347+0100][gc,phases     ] GC(523)   Other: 0,2ms
[2023-11-08T18:52:17.347+0100][gc,heap       ] GC(523) Eden regions: 498->0(384)
[2023-11-08T18:52:17.347+0100][gc,heap       ] GC(523) Survivor regions: 4->5(63)
[2023-11-08T18:52:17.347+0100][gc,heap       ] GC(523) Old regions: 94->94
[2023-11-08T18:52:17.347+0100][gc,heap       ] GC(523) Humongous regions: 129->129
[2023-11-08T18:52:17.347+0100][gc,metaspace  ] GC(523) Metaspace: 48221K(52224K)->48221K(52224K) NonClass: 42264K(44544K)->42264K(44544K) Class: 5956K(7680K)->5956K(7680K)
[2023-11-08T18:52:17.347+0100][gc            ] GC(523) Pause Young (Concurrent Start) (G1 Evacuation Pause) 722M->225M(1024M) 3,998ms
[2023-11-08T18:52:17.347+0100][gc,cpu        ] GC(523) User=0,01s Sys=0,02s Real=0,00s
[2023-11-08T18:52:17.347+0100][gc            ] GC(524) Concurrent Cycle
[2023-11-08T18:52:17.347+0100][gc,marking    ] GC(524) Concurrent Clear Claimed Marks
[2023-11-08T18:52:17.348+0100][gc,marking    ] GC(524) Concurrent Clear Claimed Marks 0,351ms
[2023-11-08T18:52:17.348+0100][gc,marking    ] GC(524) Concurrent Scan Root Regions
[2023-11-08T18:52:17.349+0100][gc,marking    ] GC(524) Concurrent Scan Root Regions 1,452ms
[2023-11-08T18:52:17.349+0100][gc,marking    ] GC(524) Concurrent Mark (5808,958s)
[2023-11-08T18:52:17.349+0100][gc,marking    ] GC(524) Concurrent Mark From Roots
[2023-11-08T18:52:17.349+0100][gc,task       ] GC(524) Using 3 workers of 3 for marking
[2023-11-08T18:52:17.375+0100][gc,marking    ] GC(524) Concurrent Mark From Roots 25,956ms
[2023-11-08T18:52:17.375+0100][gc,marking    ] GC(524) Concurrent Preclean
[2023-11-08T18:52:17.375+0100][gc,marking    ] GC(524) Concurrent Preclean 0,247ms
[2023-11-08T18:52:17.375+0100][gc,marking    ] GC(524) Concurrent Mark (5808,958s, 5808,984s) 26,274ms
[2023-11-08T18:52:17.376+0100][gc,start      ] GC(524) Pause Remark
[2023-11-08T18:52:17.379+0100][gc,stringtable] GC(524) Cleaned string and symbol table, strings: 18387 processed, 0 removed, symbols: 94772 processed, 0 removed
[2023-11-08T18:52:17.379+0100][gc            ] GC(524) Pause Remark 236M->236M(1024M) 3,784ms
[2023-11-08T18:52:17.379+0100][gc,cpu        ] GC(524) User=0,03s Sys=0,00s Real=0,00s
[2023-11-08T18:52:17.379+0100][gc,marking    ] GC(524) Concurrent Rebuild Remembered Sets
[2023-11-08T18:52:17.396+0100][gc,marking    ] GC(524) Concurrent Rebuild Remembered Sets 16,218ms
[2023-11-08T18:52:17.396+0100][gc,start      ] GC(524) Pause Cleanup
[2023-11-08T18:52:17.396+0100][gc            ] GC(524) Pause Cleanup 240M->240M(1024M) 0,170ms
[2023-11-08T18:52:17.396+0100][gc,cpu        ] GC(524) User=0,00s Sys=0,00s Real=0,00s
[2023-11-08T18:52:17.396+0100][gc,marking    ] GC(524) Concurrent Cleanup for Next Mark
[2023-11-08T18:52:17.398+0100][gc,marking    ] GC(524) Concurrent Cleanup for Next Mark 2,053ms
[2023-11-08T18:52:17.398+0100][gc            ] GC(524) Concurrent Cycle 50,898ms
[2023-11-08T18:52:17.629+0100][gc,start      ] GC(525) Pause Young (Prepare Mixed) (G1 Evacuation Pause)
[2023-11-08T18:52:17.629+0100][gc,task       ] GC(525) Using 13 workers of 13 for evacuation
[2023-11-08T18:52:17.634+0100][gc,phases     ] GC(525)   Pre Evacuate Collection Set: 0,0ms
[2023-11-08T18:52:17.634+0100][gc,phases     ] GC(525)   Evacuate Collection Set: 4,1ms
[2023-11-08T18:52:17.634+0100][gc,phases     ] GC(525)   Post Evacuate Collection Set: 0,6ms
[2023-11-08T18:52:17.634+0100][gc,phases     ] GC(525)   Other: 0,3ms
[2023-11-08T18:52:17.634+0100][gc,heap       ] GC(525) Eden regions: 92->0(45)
[2023-11-08T18:52:17.634+0100][gc,heap       ] GC(525) Survivor regions: 5->6(13)
[2023-11-08T18:52:17.634+0100][gc,heap       ] GC(525) Old regions: 94->94
[2023-11-08T18:52:17.634+0100][gc,heap       ] GC(525) Humongous regions: 129->129
[2023-11-08T18:52:17.634+0100][gc,metaspace  ] GC(525) Metaspace: 48221K(52224K)->48221K(52224K) NonClass: 42264K(44544K)->42264K(44544K) Class: 5956K(7680K)->5956K(7680K)
[2023-11-08T18:52:17.634+0100][gc            ] GC(525) Pause Young (Prepare Mixed) (G1 Evacuation Pause) 317M->226M(1024M) 5,103ms
[2023-11-08T18:52:17.634+0100][gc,cpu        ] GC(525) User=0,05s Sys=0,01s Real=0,00s
[2023-11-08T18:52:17.782+0100][gc,start      ] GC(526) Pause Young (Mixed) (G1 Evacuation Pause)
[2023-11-08T18:52:17.782+0100][gc,task       ] GC(526) Using 13 workers of 13 for evacuation
[2023-11-08T18:52:17.786+0100][gc,phases     ] GC(526)   Pre Evacuate Collection Set: 0,0ms
[2023-11-08T18:52:17.786+0100][gc,phases     ] GC(526)   Evacuate Collection Set: 3,1ms
[2023-11-08T18:52:17.786+0100][gc,phases     ] GC(526)   Post Evacuate Collection Set: 0,5ms
[2023-11-08T18:52:17.786+0100][gc,phases     ] GC(526)   Other: 0,2ms
[2023-11-08T18:52:17.786+0100][gc,heap       ] GC(526) Eden regions: 45->0(233)
[2023-11-08T18:52:17.786+0100][gc,heap       ] GC(526) Survivor regions: 6->3(7)
[2023-11-08T18:52:17.786+0100][gc,heap       ] GC(526) Old regions: 94->95
[2023-11-08T18:52:17.786+0100][gc,heap       ] GC(526) Humongous regions: 129->129
[2023-11-08T18:52:17.786+0100][gc,metaspace  ] GC(526) Metaspace: 48221K(52224K)->48221K(52224K) NonClass: 42264K(44544K)->42264K(44544K) Class: 5956K(7680K)->5956K(7680K)
[2023-11-08T18:52:17.786+0100][gc            ] GC(526) Pause Young (Mixed) (G1 Evacuation Pause) 271M->224M(1024M) 4,057ms
[2023-11-08T18:52:17.786+0100][gc,cpu        ] GC(526) User=0,03s Sys=0,01s Real=0,01s
[2023-11-08T18:52:18.562+0100][gc,start      ] GC(527) Pause Young (Normal) (G1 Evacuation Pause)
[2023-11-08T18:52:18.562+0100][gc,task       ] GC(527) Using 13 workers of 13 for evacuation
[2023-11-08T18:52:18.564+0100][gc,phases     ] GC(527)   Pre Evacuate Collection Set: 0,0ms
[2023-11-08T18:52:18.564+0100][gc,phases     ] GC(527)   Evacuate Collection Set: 2,0ms
[2023-11-08T18:52:18.564+0100][gc,phases     ] GC(527)   Post Evacuate Collection Set: 0,5ms
[2023-11-08T18:52:18.564+0100][gc,phases     ] GC(527)   Other: 0,3ms
[2023-11-08T18:52:18.564+0100][gc,heap       ] GC(527) Eden regions: 233->0(325)
[2023-11-08T18:52:18.564+0100][gc,heap       ] GC(527) Survivor regions: 3->3(30)
[2023-11-08T18:52:18.564+0100][gc,heap       ] GC(527) Old regions: 95->95
[2023-11-08T18:52:18.564+0100][gc,heap       ] GC(527) Humongous regions: 129->129
[2023-11-08T18:52:18.564+0100][gc,metaspace  ] GC(527) Metaspace: 48221K(52224K)->48221K(52224K) NonClass: 42264K(44544K)->42264K(44544K) Class: 5956K(7680K)->5956K(7680K)
[2023-11-08T18:52:18.564+0100][gc            ] GC(527) Pause Young (Normal) (G1 Evacuation Pause) 457M->225M(1024M) 2,925ms
[2023-11-08T18:52:18.565+0100][gc,cpu        ] GC(527) User=0,03s Sys=0,00s Real=0,01s
[2023-11-08T18:52:19.641+0100][gc,start      ] GC(528) Pause Young (Normal) (G1 Evacuation Pause)
[2023-11-08T18:52:19.641+0100][gc,task       ] GC(528) Using 13 workers of 13 for evacuation
[2023-11-08T18:52:19.644+0100][gc,phases     ] GC(528)   Pre Evacuate Collection Set: 0,0ms
[2023-11-08T18:52:19.644+0100][gc,phases     ] GC(528)   Evacuate Collection Set: 2,1ms
[2023-11-08T18:52:19.644+0100][gc,phases     ] GC(528)   Post Evacuate Collection Set: 0,6ms
[2023-11-08T18:52:19.644+0100][gc,phases     ] GC(528)   Other: 0,2ms
[2023-11-08T18:52:19.644+0100][gc,heap       ] GC(528) Eden regions: 325->0(374)
[2023-11-08T18:52:19.644+0100][gc,heap       ] GC(528) Survivor regions: 3->5(41)
[2023-11-08T18:52:19.644+0100][gc,heap       ] GC(528) Old regions: 95->95
[2023-11-08T18:52:19.644+0100][gc,heap       ] GC(528) Humongous regions: 129->129
[2023-11-08T18:52:19.644+0100][gc,metaspace  ] GC(528) Metaspace: 48221K(52224K)->48221K(52224K) NonClass: 42264K(44544K)->42264K(44544K) Class: 5956K(7680K)->5956K(7680K)
[2023-11-08T18:52:19.644+0100][gc            ] GC(528) Pause Young (Normal) (G1 Evacuation Pause) 550M->226M(1024M) 3,138ms
[2023-11-08T18:52:19.644+0100][gc,cpu        ] GC(528) User=0,02s Sys=0,01s Real=0,01s
[2023-11-08T18:52:21.010+0100][gc,start      ] GC(529) Pause Young (Concurrent Start) (G1 Evacuation Pause)
[2023-11-08T18:52:21.010+0100][gc,task       ] GC(529) Using 13 workers of 13 for evacuation
[2023-11-08T18:52:21.014+0100][gc,phases     ] GC(529)   Pre Evacuate Collection Set: 0,3ms
[2023-11-08T18:52:21.014+0100][gc,phases     ] GC(529)   Evacuate Collection Set: 3,0ms
[2023-11-08T18:52:21.014+0100][gc,phases     ] GC(529)   Post Evacuate Collection Set: 0,7ms
[2023-11-08T18:52:21.014+0100][gc,phases     ] GC(529)   Other: 0,3ms
[2023-11-08T18:52:21.014+0100][gc,heap       ] GC(529) Eden regions: 374->0(407)
[2023-11-08T18:52:21.014+0100][gc,heap       ] GC(529) Survivor regions: 5->5(48)
[2023-11-08T18:52:21.014+0100][gc,heap       ] GC(529) Old regions: 95->95
[2023-11-08T18:52:21.014+0100][gc,heap       ] GC(529) Humongous regions: 129->129
[2023-11-08T18:52:21.014+0100][gc,metaspace  ] GC(529) Metaspace: 48221K(52224K)->48221K(52224K) NonClass: 42264K(44544K)->42264K(44544K) Class: 5956K(7680K)->5956K(7680K)
[2023-11-08T18:52:21.014+0100][gc            ] GC(529) Pause Young (Concurrent Start) (G1 Evacuation Pause) 600M->227M(1024M) 4,293ms
[2023-11-08T18:52:21.014+0100][gc,cpu        ] GC(529) User=0,04s Sys=0,00s Real=0,00s
[2023-11-08T18:52:21.014+0100][gc            ] GC(530) Concurrent Cycle
[2023-11-08T18:52:21.014+0100][gc,marking    ] GC(530) Concurrent Clear Claimed Marks
[2023-11-08T18:52:21.015+0100][gc,marking    ] GC(530) Concurrent Clear Claimed Marks 0,358ms
[2023-11-08T18:52:21.015+0100][gc,marking    ] GC(530) Concurrent Scan Root Regions
[2023-11-08T18:52:21.017+0100][gc,marking    ] GC(530) Concurrent Scan Root Regions 1,879ms
[2023-11-08T18:52:21.017+0100][gc,marking    ] GC(530) Concurrent Mark (5812,625s)
[2023-11-08T18:52:21.017+0100][gc,marking    ] GC(530) Concurrent Mark From Roots
[2023-11-08T18:52:21.017+0100][gc,task       ] GC(530) Using 3 workers of 3 for marking
[2023-11-08T18:52:21.044+0100][gc,marking    ] GC(530) Concurrent Mark From Roots 27,194ms
[2023-11-08T18:52:21.044+0100][gc,marking    ] GC(530) Concurrent Preclean
[2023-11-08T18:52:21.044+0100][gc,marking    ] GC(530) Concurrent Preclean 0,255ms
[2023-11-08T18:52:21.044+0100][gc,marking    ] GC(530) Concurrent Mark (5812,625s, 5812,653s) 27,511ms
[2023-11-08T18:52:21.044+0100][gc,start      ] GC(530) Pause Remark
[2023-11-08T18:52:21.048+0100][gc,stringtable] GC(530) Cleaned string and symbol table, strings: 18387 processed, 0 removed, symbols: 94772 processed, 0 removed
[2023-11-08T18:52:21.048+0100][gc            ] GC(530) Pause Remark 238M->238M(1024M) 3,509ms
[2023-11-08T18:52:21.048+0100][gc,cpu        ] GC(530) User=0,04s Sys=0,00s Real=0,00s
[2023-11-08T18:52:21.048+0100][gc,marking    ] GC(530) Concurrent Rebuild Remembered Sets
[2023-11-08T18:52:21.065+0100][gc,marking    ] GC(530) Concurrent Rebuild Remembered Sets 17,169ms
[2023-11-08T18:52:21.065+0100][gc,start      ] GC(530) Pause Cleanup
[2023-11-08T18:52:21.065+0100][gc            ] GC(530) Pause Cleanup 243M->243M(1024M) 0,190ms
[2023-11-08T18:52:21.066+0100][gc,cpu        ] GC(530) User=0,00s Sys=0,00s Real=0,00s
[2023-11-08T18:52:21.066+0100][gc,marking    ] GC(530) Concurrent Cleanup for Next Mark
[2023-11-08T18:52:21.067+0100][gc,marking    ] GC(530) Concurrent Cleanup for Next Mark 1,878ms
[2023-11-08T18:52:21.067+0100][gc            ] GC(530) Concurrent Cycle 53,065ms
[2023-11-08T18:52:21.233+0100][gc,start      ] GC(531) Pause Young (Prepare Mixed) (G1 Evacuation Pause)
[2023-11-08T18:52:21.233+0100][gc,task       ] GC(531) Using 13 workers of 13 for evacuation
[2023-11-08T18:52:21.237+0100][gc,phases     ] GC(531)   Pre Evacuate Collection Set: 0,0ms
[2023-11-08T18:52:21.237+0100][gc,phases     ] GC(531)   Evacuate Collection Set: 3,3ms
[2023-11-08T18:52:21.237+0100][gc,phases     ] GC(531)   Post Evacuate Collection Set: 0,5ms
[2023-11-08T18:52:21.237+0100][gc,phases     ] GC(531)   Other: 0,3ms
[2023-11-08T18:52:21.237+0100][gc,heap       ] GC(531) Eden regions: 69->0(45)
[2023-11-08T18:52:21.237+0100][gc,heap       ] GC(531) Survivor regions: 5->6(10)
[2023-11-08T18:52:21.237+0100][gc,heap       ] GC(531) Old regions: 95->95
[2023-11-08T18:52:21.237+0100][gc,heap       ] GC(531) Humongous regions: 129->129
[2023-11-08T18:52:21.237+0100][gc,metaspace  ] GC(531) Metaspace: 48221K(52224K)->48221K(52224K) NonClass: 42264K(44544K)->42264K(44544K) Class: 5956K(7680K)->5956K(7680K)
[2023-11-08T18:52:21.237+0100][gc            ] GC(531) Pause Young (Prepare Mixed) (G1 Evacuation Pause) 296M->227M(1024M) 4,246ms
[2023-11-08T18:52:21.237+0100][gc,cpu        ] GC(531) User=0,04s Sys=0,00s Real=0,01s
[2023-11-08T18:52:21.386+0100][gc,start      ] GC(532) Pause Young (Mixed) (G1 Evacuation Pause)
[2023-11-08T18:52:21.387+0100][gc,task       ] GC(532) Using 13 workers of 13 for evacuation
[2023-11-08T18:52:21.390+0100][gc,phases     ] GC(532)   Pre Evacuate Collection Set: 0,0ms
[2023-11-08T18:52:21.390+0100][gc,phases     ] GC(532)   Evacuate Collection Set: 2,5ms
[2023-11-08T18:52:21.390+0100][gc,phases     ] GC(532)   Post Evacuate Collection Set: 0,5ms
[2023-11-08T18:52:21.390+0100][gc,phases     ] GC(532)   Other: 0,3ms
[2023-11-08T18:52:21.390+0100][gc,heap       ] GC(532) Eden regions: 45->0(188)
[2023-11-08T18:52:21.390+0100][gc,heap       ] GC(532) Survivor regions: 6->4(7)
[2023-11-08T18:52:21.390+0100][gc,heap       ] GC(532) Old regions: 95->96
[2023-11-08T18:52:21.390+0100][gc,heap       ] GC(532) Humongous regions: 129->129
[2023-11-08T18:52:21.390+0100][gc,metaspace  ] GC(532) Metaspace: 48221K(52224K)->48221K(52224K) NonClass: 42264K(44544K)->42264K(44544K) Class: 5956K(7680K)->5956K(7680K)
[2023-11-08T18:52:21.390+0100][gc            ] GC(532) Pause Young (Mixed) (G1 Evacuation Pause) 272M->226M(1024M) 3,504ms
[2023-11-08T18:52:21.390+0100][gc,cpu        ] GC(532) User=0,02s Sys=0,02s Real=0,00s
[2023-11-08T18:52:22.016+0100][gc,start      ] GC(533) Pause Young (Normal) (G1 Evacuation Pause)
[2023-11-08T18:52:22.016+0100][gc,task       ] GC(533) Using 13 workers of 13 for evacuation
[2023-11-08T18:52:22.019+0100][gc,phases     ] GC(533)   Pre Evacuate Collection Set: 0,0ms
[2023-11-08T18:52:22.019+0100][gc,phases     ] GC(533)   Evacuate Collection Set: 1,8ms
[2023-11-08T18:52:22.019+0100][gc,phases     ] GC(533)   Post Evacuate Collection Set: 0,5ms
[2023-11-08T18:52:22.019+0100][gc,phases     ] GC(533)   Other: 0,2ms
[2023-11-08T18:52:22.019+0100][gc,heap       ] GC(533) Eden regions: 188->0(237)
[2023-11-08T18:52:22.019+0100][gc,heap       ] GC(533) Survivor regions: 4->5(24)
[2023-11-08T18:52:22.019+0100][gc,heap       ] GC(533) Old regions: 96->96
[2023-11-08T18:52:22.019+0100][gc,heap       ] GC(533) Humongous regions: 129->129
[2023-11-08T18:52:22.019+0100][gc,metaspace  ] GC(533) Metaspace: 48221K(52224K)->48221K(52224K) NonClass: 42264K(44544K)->42264K(44544K) Class: 5956K(7680K)->5956K(7680K)
[2023-11-08T18:52:22.019+0100][gc            ] GC(533) Pause Young (Normal) (G1 Evacuation Pause) 414M->227M(1024M) 2,602ms
[2023-11-08T18:52:22.019+0100][gc,cpu        ] GC(533) User=0,01s Sys=0,01s Real=0,00s
[2023-11-08T18:52:22.813+0100][gc,start      ] GC(534) Pause Young (Normal) (G1 Evacuation Pause)
[2023-11-08T18:52:22.813+0100][gc,task       ] GC(534) Using 13 workers of 13 for evacuation
[2023-11-08T18:52:22.816+0100][gc,phases     ] GC(534)   Pre Evacuate Collection Set: 0,0ms
[2023-11-08T18:52:22.816+0100][gc,phases     ] GC(534)   Evacuate Collection Set: 2,5ms
[2023-11-08T18:52:22.816+0100][gc,phases     ] GC(534)   Post Evacuate Collection Set: 0,4ms
[2023-11-08T18:52:22.816+0100][gc,phases     ] GC(534)   Other: 0,2ms
[2023-11-08T18:52:22.816+0100][gc,heap       ] GC(534) Eden regions: 237->0(280)
[2023-11-08T18:52:22.816+0100][gc,heap       ] GC(534) Survivor regions: 5->5(31)
[2023-11-08T18:52:22.816+0100][gc,heap       ] GC(534) Old regions: 96->96
[2023-11-08T18:52:22.816+0100][gc,heap       ] GC(534) Humongous regions: 129->129
[2023-11-08T18:52:22.816+0100][gc,metaspace  ] GC(534) Metaspace: 48221K(52224K)->48221K(52224K) NonClass: 42264K(44544K)->42264K(44544K) Class: 5956K(7680K)->5956K(7680K)
[2023-11-08T18:52:22.816+0100][gc            ] GC(534) Pause Young (Normal) (G1 Evacuation Pause) 464M->227M(1024M) 3,195ms
[2023-11-08T18:52:22.816+0100][gc,cpu        ] GC(534) User=0,04s Sys=0,00s Real=0,01s
[2023-11-08T18:52:23.734+0100][gc,start      ] GC(535) Pause Young (Concurrent Start) (G1 Evacuation Pause)
[2023-11-08T18:52:23.734+0100][gc,task       ] GC(535) Using 13 workers of 13 for evacuation
[2023-11-08T18:52:23.738+0100][gc,phases     ] GC(535)   Pre Evacuate Collection Set: 0,2ms
[2023-11-08T18:52:23.738+0100][gc,phases     ] GC(535)   Evacuate Collection Set: 2,8ms
[2023-11-08T18:52:23.738+0100][gc,phases     ] GC(535)   Post Evacuate Collection Set: 0,6ms
[2023-11-08T18:52:23.738+0100][gc,phases     ] GC(535)   Other: 0,3ms
[2023-11-08T18:52:23.738+0100][gc,heap       ] GC(535) Eden regions: 280->0(313)
[2023-11-08T18:52:23.738+0100][gc,heap       ] GC(535) Survivor regions: 5->6(36)
[2023-11-08T18:52:23.738+0100][gc,heap       ] GC(535) Old regions: 96->96
[2023-11-08T18:52:23.738+0100][gc,heap       ] GC(535) Humongous regions: 129->129
[2023-11-08T18:52:23.738+0100][gc,metaspace  ] GC(535) Metaspace: 48221K(52224K)->48221K(52224K) NonClass: 42264K(44544K)->42264K(44544K) Class: 5956K(7680K)->5956K(7680K)
[2023-11-08T18:52:23.738+0100][gc            ] GC(535) Pause Young (Concurrent Start) (G1 Evacuation Pause) 507M->228M(1024M) 4,105ms
[2023-11-08T18:52:23.738+0100][gc,cpu        ] GC(535) User=0,04s Sys=0,00s Real=0,01s
[2023-11-08T18:52:23.738+0100][gc            ] GC(536) Concurrent Cycle
[2023-11-08T18:52:23.738+0100][gc,marking    ] GC(536) Concurrent Clear Claimed Marks
[2023-11-08T18:52:23.739+0100][gc,marking    ] GC(536) Concurrent Clear Claimed Marks 0,346ms
[2023-11-08T18:52:23.739+0100][gc,marking    ] GC(536) Concurrent Scan Root Regions
[2023-11-08T18:52:23.740+0100][gc,marking    ] GC(536) Concurrent Scan Root Regions 1,784ms
[2023-11-08T18:52:23.740+0100][gc,marking    ] GC(536) Concurrent Mark (5815,349s)
[2023-11-08T18:52:23.740+0100][gc,marking    ] GC(536) Concurrent Mark From Roots
[2023-11-08T18:52:23.741+0100][gc,task       ] GC(536) Using 3 workers of 3 for marking
[2023-11-08T18:52:23.769+0100][gc,marking    ] GC(536) Concurrent Mark From Roots 28,618ms
[2023-11-08T18:52:23.769+0100][gc,marking    ] GC(536) Concurrent Preclean
[2023-11-08T18:52:23.769+0100][gc,marking    ] GC(536) Concurrent Preclean 0,227ms
[2023-11-08T18:52:23.769+0100][gc,marking    ] GC(536) Concurrent Mark (5815,349s, 5815,378s) 28,920ms
[2023-11-08T18:52:23.770+0100][gc,start      ] GC(536) Pause Remark
[2023-11-08T18:52:23.773+0100][gc,stringtable] GC(536) Cleaned string and symbol table, strings: 18387 processed, 0 removed, symbols: 94772 processed, 0 removed
[2023-11-08T18:52:23.773+0100][gc            ] GC(536) Pause Remark 239M->239M(1024M) 3,862ms
[2023-11-08T18:52:23.773+0100][gc,cpu        ] GC(536) User=0,03s Sys=0,00s Real=0,00s
[2023-11-08T18:52:23.773+0100][gc,marking    ] GC(536) Concurrent Rebuild Remembered Sets
[2023-11-08T18:52:23.791+0100][gc,marking    ] GC(536) Concurrent Rebuild Remembered Sets 17,526ms
[2023-11-08T18:52:23.791+0100][gc,start      ] GC(536) Pause Cleanup
[2023-11-08T18:52:23.792+0100][gc            ] GC(536) Pause Cleanup 244M->244M(1024M) 0,300ms
[2023-11-08T18:52:23.792+0100][gc,cpu        ] GC(536) User=0,00s Sys=0,00s Real=0,00s
[2023-11-08T18:52:23.792+0100][gc,marking    ] GC(536) Concurrent Cleanup for Next Mark
[2023-11-08T18:52:23.794+0100][gc,marking    ] GC(536) Concurrent Cleanup for Next Mark 1,906ms
[2023-11-08T18:52:23.794+0100][gc            ] GC(536) Concurrent Cycle 55,364ms
[2023-11-08T18:52:23.936+0100][gc,start      ] GC(537) Pause Young (Normal) (G1 Evacuation Pause)
[2023-11-08T18:52:23.936+0100][gc,task       ] GC(537) Using 13 workers of 13 for evacuation
[2023-11-08T18:52:23.940+0100][gc,phases     ] GC(537)   Pre Evacuate Collection Set: 0,0ms
[2023-11-08T18:52:23.940+0100][gc,phases     ] GC(537)   Evacuate Collection Set: 3,2ms
[2023-11-08T18:52:23.940+0100][gc,phases     ] GC(537)   Post Evacuate Collection Set: 0,5ms
[2023-11-08T18:52:23.940+0100][gc,phases     ] GC(537)   Other: 0,2ms
[2023-11-08T18:52:23.940+0100][gc,heap       ] GC(537) Eden regions: 59->0(242)
[2023-11-08T18:52:23.940+0100][gc,heap       ] GC(537) Survivor regions: 6->5(9)
[2023-11-08T18:52:23.940+0100][gc,heap       ] GC(537) Old regions: 96->97
[2023-11-08T18:52:23.940+0100][gc,heap       ] GC(537) Humongous regions: 129->129
[2023-11-08T18:52:23.940+0100][gc,metaspace  ] GC(537) Metaspace: 48221K(52224K)->48221K(52224K) NonClass: 42264K(44544K)->42264K(44544K) Class: 5956K(7680K)->5956K(7680K)
[2023-11-08T18:52:23.940+0100][gc            ] GC(537) Pause Young (Normal) (G1 Evacuation Pause) 287M->228M(1024M) 4,029ms
[2023-11-08T18:52:23.940+0100][gc,cpu        ] GC(537) User=0,04s Sys=0,00s Real=0,00s
[2023-11-08T18:52:24.744+0100][gc,start      ] GC(538) Pause Young (Concurrent Start) (G1 Evacuation Pause)
[2023-11-08T18:52:24.744+0100][gc,task       ] GC(538) Using 13 workers of 13 for evacuation
[2023-11-08T18:52:24.749+0100][gc,phases     ] GC(538)   Pre Evacuate Collection Set: 0,3ms
[2023-11-08T18:52:24.749+0100][gc,phases     ] GC(538)   Evacuate Collection Set: 3,2ms
[2023-11-08T18:52:24.749+0100][gc,phases     ] GC(538)   Post Evacuate Collection Set: 0,6ms
[2023-11-08T18:52:24.749+0100][gc,phases     ] GC(538)   Other: 0,3ms
[2023-11-08T18:52:24.749+0100][gc,heap       ] GC(538) Eden regions: 242->0(263)
[2023-11-08T18:52:24.749+0100][gc,heap       ] GC(538) Survivor regions: 5->6(31)
[2023-11-08T18:52:24.749+0100][gc,heap       ] GC(538) Old regions: 97->97
[2023-11-08T18:52:24.749+0100][gc,heap       ] GC(538) Humongous regions: 129->129
[2023-11-08T18:52:24.749+0100][gc,metaspace  ] GC(538) Metaspace: 48221K(52224K)->48221K(52224K) NonClass: 42264K(44544K)->42264K(44544K) Class: 5956K(7680K)->5956K(7680K)
[2023-11-08T18:52:24.749+0100][gc            ] GC(538) Pause Young (Concurrent Start) (G1 Evacuation Pause) 470M->229M(1024M) 4,479ms
[2023-11-08T18:52:24.749+0100][gc,cpu        ] GC(538) User=0,04s Sys=0,00s Real=0,00s
[2023-11-08T18:52:24.749+0100][gc            ] GC(539) Concurrent Cycle
[2023-11-08T18:52:24.749+0100][gc,marking    ] GC(539) Concurrent Clear Claimed Marks
[2023-11-08T18:52:24.749+0100][gc,marking    ] GC(539) Concurrent Clear Claimed Marks 0,387ms
[2023-11-08T18:52:24.749+0100][gc,marking    ] GC(539) Concurrent Scan Root Regions
[2023-11-08T18:52:24.752+0100][gc,marking    ] GC(539) Concurrent Scan Root Regions 2,098ms
[2023-11-08T18:52:24.752+0100][gc,marking    ] GC(539) Concurrent Mark (5816,360s)
[2023-11-08T18:52:24.752+0100][gc,marking    ] GC(539) Concurrent Mark From Roots
[2023-11-08T18:52:24.752+0100][gc,task       ] GC(539) Using 3 workers of 3 for marking
[2023-11-08T18:52:24.779+0100][gc,marking    ] GC(539) Concurrent Mark From Roots 27,676ms
[2023-11-08T18:52:24.779+0100][gc,marking    ] GC(539) Concurrent Preclean
[2023-11-08T18:52:24.780+0100][gc,marking    ] GC(539) Concurrent Preclean 0,248ms
[2023-11-08T18:52:24.780+0100][gc,marking    ] GC(539) Concurrent Mark (5816,360s, 5816,388s) 27,991ms
[2023-11-08T18:52:24.780+0100][gc,start      ] GC(539) Pause Remark
[2023-11-08T18:52:24.783+0100][gc,stringtable] GC(539) Cleaned string and symbol table, strings: 18387 processed, 0 removed, symbols: 94772 processed, 0 removed
[2023-11-08T18:52:24.783+0100][gc            ] GC(539) Pause Remark 240M->240M(1024M) 3,277ms
[2023-11-08T18:52:24.783+0100][gc,cpu        ] GC(539) User=0,04s Sys=0,00s Real=0,01s
[2023-11-08T18:52:24.783+0100][gc,marking    ] GC(539) Concurrent Rebuild Remembered Sets
[2023-11-08T18:52:24.799+0100][gc,marking    ] GC(539) Concurrent Rebuild Remembered Sets 16,403ms
[2023-11-08T18:52:24.800+0100][gc,start      ] GC(539) Pause Cleanup
[2023-11-08T18:52:24.800+0100][gc            ] GC(539) Pause Cleanup 245M->245M(1024M) 0,203ms
[2023-11-08T18:52:24.800+0100][gc,cpu        ] GC(539) User=0,00s Sys=0,00s Real=0,00s
[2023-11-08T18:52:24.800+0100][gc,marking    ] GC(539) Concurrent Cleanup for Next Mark
[2023-11-08T18:52:24.802+0100][gc,marking    ] GC(539) Concurrent Cleanup for Next Mark 1,814ms
[2023-11-08T18:52:24.802+0100][gc            ] GC(539) Concurrent Cycle 52,799ms
[2023-11-08T18:52:24.905+0100][gc,start      ] GC(540) Pause Young (Normal) (G1 Evacuation Pause)
[2023-11-08T18:52:24.905+0100][gc,task       ] GC(540) Using 13 workers of 13 for evacuation
[2023-11-08T18:52:24.908+0100][gc,phases     ] GC(540)   Pre Evacuate Collection Set: 0,0ms
[2023-11-08T18:52:24.908+0100][gc,phases     ] GC(540)   Evacuate Collection Set: 2,9ms
[2023-11-08T18:52:24.908+0100][gc,phases     ] GC(540)   Post Evacuate Collection Set: 0,4ms
[2023-11-08T18:52:24.908+0100][gc,phases     ] GC(540)   Other: 0,2ms
[2023-11-08T18:52:24.908+0100][gc,heap       ] GC(540) Eden regions: 45->0(245)
[2023-11-08T18:52:24.908+0100][gc,heap       ] GC(540) Survivor regions: 6->4(7)
[2023-11-08T18:52:24.908+0100][gc,heap       ] GC(540) Old regions: 97->99
[2023-11-08T18:52:24.908+0100][gc,heap       ] GC(540) Humongous regions: 129->129
[2023-11-08T18:52:24.908+0100][gc,metaspace  ] GC(540) Metaspace: 48221K(52224K)->48221K(52224K) NonClass: 42264K(44544K)->42264K(44544K) Class: 5956K(7680K)->5956K(7680K)
[2023-11-08T18:52:24.908+0100][gc            ] GC(540) Pause Young (Normal) (G1 Evacuation Pause) 274M->229M(1024M) 3,672ms
[2023-11-08T18:52:24.908+0100][gc,cpu        ] GC(540) User=0,04s Sys=0,00s Real=0,00s
[2023-11-08T18:52:25.710+0100][gc,start      ] GC(541) Pause Young (Concurrent Start) (G1 Evacuation Pause)
[2023-11-08T18:52:25.710+0100][gc,task       ] GC(541) Using 13 workers of 13 for evacuation
[2023-11-08T18:52:25.714+0100][gc,phases     ] GC(541)   Pre Evacuate Collection Set: 0,3ms
[2023-11-08T18:52:25.714+0100][gc,phases     ] GC(541)   Evacuate Collection Set: 2,9ms
[2023-11-08T18:52:25.714+0100][gc,phases     ] GC(541)   Post Evacuate Collection Set: 0,5ms
[2023-11-08T18:52:25.714+0100][gc,phases     ] GC(541)   Other: 0,3ms
[2023-11-08T18:52:25.714+0100][gc,heap       ] GC(541) Eden regions: 245->0(276)
[2023-11-08T18:52:25.714+0100][gc,heap       ] GC(541) Survivor regions: 4->5(32)
[2023-11-08T18:52:25.714+0100][gc,heap       ] GC(541) Old regions: 99->99
[2023-11-08T18:52:25.714+0100][gc,heap       ] GC(541) Humongous regions: 129->129
[2023-11-08T18:52:25.714+0100][gc,metaspace  ] GC(541) Metaspace: 48221K(52224K)->48221K(52224K) NonClass: 42264K(44544K)->42264K(44544K) Class: 5956K(7680K)->5956K(7680K)
[2023-11-08T18:52:25.714+0100][gc            ] GC(541) Pause Young (Concurrent Start) (G1 Evacuation Pause) 474M->230M(1024M) 4,014ms
[2023-11-08T18:52:25.714+0100][gc,cpu        ] GC(541) User=0,03s Sys=0,00s Real=0,00s
[2023-11-08T18:52:25.714+0100][gc            ] GC(542) Concurrent Cycle
[2023-11-08T18:52:25.714+0100][gc,marking    ] GC(542) Concurrent Clear Claimed Marks
[2023-11-08T18:52:25.714+0100][gc,marking    ] GC(542) Concurrent Clear Claimed Marks 0,328ms
[2023-11-08T18:52:25.714+0100][gc,marking    ] GC(542) Concurrent Scan Root Regions
[2023-11-08T18:52:25.716+0100][gc,marking    ] GC(542) Concurrent Scan Root Regions 1,854ms
[2023-11-08T18:52:25.716+0100][gc,marking    ] GC(542) Concurrent Mark (5817,325s)
[2023-11-08T18:52:25.716+0100][gc,marking    ] GC(542) Concurrent Mark From Roots
[2023-11-08T18:52:25.716+0100][gc,task       ] GC(542) Using 3 workers of 3 for marking
[2023-11-08T18:52:25.745+0100][gc,marking    ] GC(542) Concurrent Mark From Roots 28,428ms
[2023-11-08T18:52:25.745+0100][gc,marking    ] GC(542) Concurrent Preclean
[2023-11-08T18:52:25.745+0100][gc,marking    ] GC(542) Concurrent Preclean 0,209ms
[2023-11-08T18:52:25.745+0100][gc,marking    ] GC(542) Concurrent Mark (5817,325s, 5817,354s) 28,697ms
[2023-11-08T18:52:25.745+0100][gc,start      ] GC(542) Pause Remark
[2023-11-08T18:52:25.749+0100][gc,stringtable] GC(542) Cleaned string and symbol table, strings: 18387 processed, 0 removed, symbols: 94772 processed, 0 removed
[2023-11-08T18:52:25.749+0100][gc            ] GC(542) Pause Remark 240M->240M(1024M) 3,527ms
[2023-11-08T18:52:25.749+0100][gc,cpu        ] GC(542) User=0,03s Sys=0,00s Real=0,00s
[2023-11-08T18:52:25.749+0100][gc,marking    ] GC(542) Concurrent Rebuild Remembered Sets
[2023-11-08T18:52:25.768+0100][gc,marking    ] GC(542) Concurrent Rebuild Remembered Sets 19,741ms
[2023-11-08T18:52:25.769+0100][gc,start      ] GC(542) Pause Cleanup
[2023-11-08T18:52:25.769+0100][gc            ] GC(542) Pause Cleanup 246M->246M(1024M) 0,219ms
[2023-11-08T18:52:25.769+0100][gc,cpu        ] GC(542) User=0,00s Sys=0,00s Real=0,00s
[2023-11-08T18:52:25.769+0100][gc,marking    ] GC(542) Concurrent Cleanup for Next Mark
[2023-11-08T18:52:25.771+0100][gc,marking    ] GC(542) Concurrent Cleanup for Next Mark 1,837ms
[2023-11-08T18:52:25.771+0100][gc            ] GC(542) Concurrent Cycle 56,762ms
[2023-11-08T18:52:26.034+0100][gc,start      ] GC(543) Pause Young (Normal) (G1 Evacuation Pause)
[2023-11-08T18:52:26.034+0100][gc,task       ] GC(543) Using 13 workers of 13 for evacuation
[2023-11-08T18:52:26.038+0100][gc,phases     ] GC(543)   Pre Evacuate Collection Set: 0,0ms
[2023-11-08T18:52:26.038+0100][gc,phases     ] GC(543)   Evacuate Collection Set: 3,7ms
[2023-11-08T18:52:26.038+0100][gc,phases     ] GC(543)   Post Evacuate Collection Set: 0,4ms
[2023-11-08T18:52:26.038+0100][gc,phases     ] GC(543)   Other: 0,2ms
[2023-11-08T18:52:26.038+0100][gc,heap       ] GC(543) Eden regions: 88->0(305)
[2023-11-08T18:52:26.038+0100][gc,heap       ] GC(543) Survivor regions: 5->5(12)
[2023-11-08T18:52:26.038+0100][gc,heap       ] GC(543) Old regions: 99->99
[2023-11-08T18:52:26.038+0100][gc,heap       ] GC(543) Humongous regions: 129->129
[2023-11-08T18:52:26.038+0100][gc,metaspace  ] GC(543) Metaspace: 48221K(52224K)->48221K(52224K) NonClass: 42264K(44544K)->42264K(44544K) Class: 5956K(7680K)->5956K(7680K)
[2023-11-08T18:52:26.038+0100][gc            ] GC(543) Pause Young (Normal) (G1 Evacuation Pause) 318M->230M(1024M) 4,445ms
[2023-11-08T18:52:26.038+0100][gc,cpu        ] GC(543) User=0,04s Sys=0,00s Real=0,01s
[2023-11-08T18:52:27.108+0100][gc,start      ] GC(544) Pause Young (Concurrent Start) (G1 Evacuation Pause)
[2023-11-08T18:52:27.108+0100][gc,task       ] GC(544) Using 13 workers of 13 for evacuation
[2023-11-08T18:52:27.112+0100][gc,phases     ] GC(544)   Pre Evacuate Collection Set: 0,2ms
[2023-11-08T18:52:27.112+0100][gc,phases     ] GC(544)   Evacuate Collection Set: 3,0ms
[2023-11-08T18:52:27.112+0100][gc,phases     ] GC(544)   Post Evacuate Collection Set: 0,5ms
[2023-11-08T18:52:27.112+0100][gc,phases     ] GC(544)   Other: 0,2ms
[2023-11-08T18:52:27.112+0100][gc,heap       ] GC(544) Eden regions: 305->0(321)
[2023-11-08T18:52:27.112+0100][gc,heap       ] GC(544) Survivor regions: 5->6(39)
[2023-11-08T18:52:27.112+0100][gc,heap       ] GC(544) Old regions: 99->99
[2023-11-08T18:52:27.112+0100][gc,heap       ] GC(544) Humongous regions: 129->129
[2023-11-08T18:52:27.112+0100][gc,metaspace  ] GC(544) Metaspace: 48221K(52224K)->48221K(52224K) NonClass: 42264K(44544K)->42264K(44544K) Class: 5956K(7680K)->5956K(7680K)
[2023-11-08T18:52:27.112+0100][gc            ] GC(544) Pause Young (Concurrent Start) (G1 Evacuation Pause) 535M->231M(1024M) 4,073ms
[2023-11-08T18:52:27.112+0100][gc,cpu        ] GC(544) User=0,01s Sys=0,03s Real=0,00s
[2023-11-08T18:52:27.112+0100][gc            ] GC(545) Concurrent Cycle
[2023-11-08T18:52:27.112+0100][gc,marking    ] GC(545) Concurrent Clear Claimed Marks
[2023-11-08T18:52:27.112+0100][gc,marking    ] GC(545) Concurrent Clear Claimed Marks 0,412ms
[2023-11-08T18:52:27.112+0100][gc,marking    ] GC(545) Concurrent Scan Root Regions
[2023-11-08T18:52:27.115+0100][gc,marking    ] GC(545) Concurrent Scan Root Regions 2,724ms
[2023-11-08T18:52:27.115+0100][gc,marking    ] GC(545) Concurrent Mark (5818,724s)
[2023-11-08T18:52:27.115+0100][gc,marking    ] GC(545) Concurrent Mark From Roots
[2023-11-08T18:52:27.115+0100][gc,task       ] GC(545) Using 3 workers of 3 for marking
[2023-11-08T18:52:27.149+0100][gc,marking    ] GC(545) Concurrent Mark From Roots 33,884ms
[2023-11-08T18:52:27.149+0100][gc,marking    ] GC(545) Concurrent Preclean
[2023-11-08T18:52:27.149+0100][gc,marking    ] GC(545) Concurrent Preclean 0,372ms
[2023-11-08T18:52:27.150+0100][gc,marking    ] GC(545) Concurrent Mark (5818,724s, 5818,758s) 34,369ms
[2023-11-08T18:52:27.150+0100][gc,start      ] GC(545) Pause Remark
[2023-11-08T18:52:27.153+0100][gc,stringtable] GC(545) Cleaned string and symbol table, strings: 18387 processed, 0 removed, symbols: 94772 processed, 0 removed
[2023-11-08T18:52:27.154+0100][gc            ] GC(545) Pause Remark 246M->246M(1024M) 3,965ms
[2023-11-08T18:52:27.154+0100][gc,cpu        ] GC(545) User=0,03s Sys=0,00s Real=0,00s
[2023-11-08T18:52:27.154+0100][gc,marking    ] GC(545) Concurrent Rebuild Remembered Sets
[2023-11-08T18:52:27.176+0100][gc,marking    ] GC(545) Concurrent Rebuild Remembered Sets 21,844ms
[2023-11-08T18:52:27.178+0100][gc,start      ] GC(545) Pause Cleanup
[2023-11-08T18:52:27.178+0100][gc            ] GC(545) Pause Cleanup 253M->253M(1024M) 0,222ms
[2023-11-08T18:52:27.178+0100][gc,cpu        ] GC(545) User=0,00s Sys=0,00s Real=0,00s
[2023-11-08T18:52:27.178+0100][gc,marking    ] GC(545) Concurrent Cleanup for Next Mark
[2023-11-08T18:52:27.180+0100][gc,marking    ] GC(545) Concurrent Cleanup for Next Mark 2,042ms
[2023-11-08T18:52:27.180+0100][gc            ] GC(545) Concurrent Cycle 68,124ms
[2023-11-08T18:52:27.259+0100][gc,start      ] GC(546) Pause Young (Normal) (G1 Evacuation Pause)
[2023-11-08T18:52:27.259+0100][gc,task       ] GC(546) Using 13 workers of 13 for evacuation
[2023-11-08T18:52:27.264+0100][gc,phases     ] GC(546)   Pre Evacuate Collection Set: 0,0ms
[2023-11-08T18:52:27.264+0100][gc,phases     ] GC(546)   Evacuate Collection Set: 4,2ms
[2023-11-08T18:52:27.264+0100][gc,phases     ] GC(546)   Post Evacuate Collection Set: 0,5ms
[2023-11-08T18:52:27.264+0100][gc,phases     ] GC(546)   Other: 0,3ms
[2023-11-08T18:52:27.264+0100][gc,heap       ] GC(546) Eden regions: 45->0(340)
[2023-11-08T18:52:27.264+0100][gc,heap       ] GC(546) Survivor regions: 6->4(7)
[2023-11-08T18:52:27.264+0100][gc,heap       ] GC(546) Old regions: 99->101
[2023-11-08T18:52:27.264+0100][gc,heap       ] GC(546) Humongous regions: 129->129
[2023-11-08T18:52:27.264+0100][gc,metaspace  ] GC(546) Metaspace: 48221K(52224K)->48221K(52224K) NonClass: 42264K(44544K)->42264K(44544K) Class: 5956K(7680K)->5956K(7680K)
[2023-11-08T18:52:27.264+0100][gc            ] GC(546) Pause Young (Normal) (G1 Evacuation Pause) 276M->231M(1024M) 5,088ms
[2023-11-08T18:52:27.264+0100][gc,cpu        ] GC(546) User=0,04s Sys=0,01s Real=0,01s
[2023-11-08T18:52:28.400+0100][gc,start      ] GC(547) Pause Young (Concurrent Start) (G1 Evacuation Pause)
[2023-11-08T18:52:28.400+0100][gc,task       ] GC(547) Using 13 workers of 13 for evacuation
[2023-11-08T18:52:28.403+0100][gc,phases     ] GC(547)   Pre Evacuate Collection Set: 0,2ms
[2023-11-08T18:52:28.403+0100][gc,phases     ] GC(547)   Evacuate Collection Set: 2,9ms
[2023-11-08T18:52:28.403+0100][gc,phases     ] GC(547)   Post Evacuate Collection Set: 0,5ms
[2023-11-08T18:52:28.403+0100][gc,phases     ] GC(547)   Other: 0,2ms
[2023-11-08T18:52:28.403+0100][gc,heap       ] GC(547) Eden regions: 340->0(378)
[2023-11-08T18:52:28.403+0100][gc,heap       ] GC(547) Survivor regions: 4->4(43)
[2023-11-08T18:52:28.403+0100][gc,heap       ] GC(547) Old regions: 101->101
[2023-11-08T18:52:28.403+0100][gc,heap       ] GC(547) Humongous regions: 129->129
[2023-11-08T18:52:28.403+0100][gc,metaspace  ] GC(547) Metaspace: 48221K(52224K)->48221K(52224K) NonClass: 42264K(44544K)->42264K(44544K) Class: 5956K(7680K)->5956K(7680K)
[2023-11-08T18:52:28.403+0100][gc            ] GC(547) Pause Young (Concurrent Start) (G1 Evacuation Pause) 571M->232M(1024M) 3,954ms
[2023-11-08T18:52:28.404+0100][gc,cpu        ] GC(547) User=0,03s Sys=0,00s Real=0,01s
[2023-11-08T18:52:28.404+0100][gc            ] GC(548) Concurrent Cycle
[2023-11-08T18:52:28.404+0100][gc,marking    ] GC(548) Concurrent Clear Claimed Marks
[2023-11-08T18:52:28.404+0100][gc,marking    ] GC(548) Concurrent Clear Claimed Marks 0,307ms
[2023-11-08T18:52:28.404+0100][gc,marking    ] GC(548) Concurrent Scan Root Regions
[2023-11-08T18:52:28.406+0100][gc,marking    ] GC(548) Concurrent Scan Root Regions 1,775ms
[2023-11-08T18:52:28.406+0100][gc,marking    ] GC(548) Concurrent Mark (5820,014s)
[2023-11-08T18:52:28.406+0100][gc,marking    ] GC(548) Concurrent Mark From Roots
[2023-11-08T18:52:28.406+0100][gc,task       ] GC(548) Using 3 workers of 3 for marking
[2023-11-08T18:52:28.437+0100][gc,marking    ] GC(548) Concurrent Mark From Roots 31,641ms
[2023-11-08T18:52:28.437+0100][gc,marking    ] GC(548) Concurrent Preclean
[2023-11-08T18:52:28.438+0100][gc,marking    ] GC(548) Concurrent Preclean 0,237ms
[2023-11-08T18:52:28.438+0100][gc,marking    ] GC(548) Concurrent Mark (5820,014s, 5820,046s) 31,953ms
[2023-11-08T18:52:28.438+0100][gc,start      ] GC(548) Pause Remark
[2023-11-08T18:52:28.441+0100][gc,stringtable] GC(548) Cleaned string and symbol table, strings: 18387 processed, 0 removed, symbols: 94772 processed, 0 removed
[2023-11-08T18:52:28.442+0100][gc            ] GC(548) Pause Remark 244M->244M(1024M) 3,844ms
[2023-11-08T18:52:28.442+0100][gc,cpu        ] GC(548) User=0,01s Sys=0,02s Real=0,00s
[2023-11-08T18:52:28.442+0100][gc,marking    ] GC(548) Concurrent Rebuild Remembered Sets
[2023-11-08T18:52:28.463+0100][gc,marking    ] GC(548) Concurrent Rebuild Remembered Sets 21,625ms
[2023-11-08T18:52:28.464+0100][gc,start      ] GC(548) Pause Cleanup
[2023-11-08T18:52:28.464+0100][gc            ] GC(548) Pause Cleanup 250M->250M(1024M) 0,222ms
[2023-11-08T18:52:28.464+0100][gc,cpu        ] GC(548) User=0,01s Sys=0,00s Real=0,00s
[2023-11-08T18:52:28.464+0100][gc,marking    ] GC(548) Concurrent Cleanup for Next Mark
[2023-11-08T18:52:28.466+0100][gc,marking    ] GC(548) Concurrent Cleanup for Next Mark 1,707ms
[2023-11-08T18:52:28.466+0100][gc            ] GC(548) Concurrent Cycle 62,081ms
[2023-11-08T18:52:28.734+0100][gc,start      ] GC(549) Pause Young (Normal) (G1 Evacuation Pause)
[2023-11-08T18:52:28.734+0100][gc,task       ] GC(549) Using 13 workers of 13 for evacuation
[2023-11-08T18:52:28.737+0100][gc,phases     ] GC(549)   Pre Evacuate Collection Set: 0,0ms
[2023-11-08T18:52:28.737+0100][gc,phases     ] GC(549)   Evacuate Collection Set: 2,9ms
[2023-11-08T18:52:28.737+0100][gc,phases     ] GC(549)   Post Evacuate Collection Set: 0,4ms
[2023-11-08T18:52:28.738+0100][gc,phases     ] GC(549)   Other: 0,2ms
[2023-11-08T18:52:28.738+0100][gc,heap       ] GC(549) Eden regions: 102->0(246)
[2023-11-08T18:52:28.738+0100][gc,heap       ] GC(549) Survivor regions: 4->5(14)
[2023-11-08T18:52:28.738+0100][gc,heap       ] GC(549) Old regions: 101->101
[2023-11-08T18:52:28.738+0100][gc,heap       ] GC(549) Humongous regions: 129->129
[2023-11-08T18:52:28.738+0100][gc,metaspace  ] GC(549) Metaspace: 48221K(52224K)->48221K(52224K) NonClass: 42264K(44544K)->42264K(44544K) Class: 5956K(7680K)->5956K(7680K)
[2023-11-08T18:52:28.738+0100][gc            ] GC(549) Pause Young (Normal) (G1 Evacuation Pause) 334M->232M(1024M) 3,540ms
[2023-11-08T18:52:28.738+0100][gc,cpu        ] GC(549) User=0,04s Sys=0,00s Real=0,01s
[2023-11-08T18:52:29.501+0100][gc,start      ] GC(550) Pause Young (Concurrent Start) (G1 Evacuation Pause)
[2023-11-08T18:52:29.501+0100][gc,task       ] GC(550) Using 13 workers of 13 for evacuation
[2023-11-08T18:52:29.504+0100][gc,phases     ] GC(550)   Pre Evacuate Collection Set: 0,2ms
[2023-11-08T18:52:29.504+0100][gc,phases     ] GC(550)   Evacuate Collection Set: 2,6ms
[2023-11-08T18:52:29.504+0100][gc,phases     ] GC(550)   Post Evacuate Collection Set: 0,5ms
[2023-11-08T18:52:29.504+0100][gc,phases     ] GC(550)   Other: 0,2ms
[2023-11-08T18:52:29.504+0100][gc,heap       ] GC(550) Eden regions: 246->0(281)
[2023-11-08T18:52:29.504+0100][gc,heap       ] GC(550) Survivor regions: 5->5(32)
[2023-11-08T18:52:29.504+0100][gc,heap       ] GC(550) Old regions: 101->101
[2023-11-08T18:52:29.504+0100][gc,heap       ] GC(550) Humongous regions: 129->129
[2023-11-08T18:52:29.504+0100][gc,metaspace  ] GC(550) Metaspace: 48221K(52224K)->48221K(52224K) NonClass: 42264K(44544K)->42264K(44544K) Class: 5956K(7680K)->5956K(7680K)
[2023-11-08T18:52:29.505+0100][gc            ] GC(550) Pause Young (Concurrent Start) (G1 Evacuation Pause) 478M->233M(1024M) 3,638ms
[2023-11-08T18:52:29.505+0100][gc,cpu        ] GC(550) User=0,03s Sys=0,00s Real=0,01s
[2023-11-08T18:52:29.505+0100][gc            ] GC(551) Concurrent Cycle
[2023-11-08T18:52:29.505+0100][gc,marking    ] GC(551) Concurrent Clear Claimed Marks
[2023-11-08T18:52:29.505+0100][gc,marking    ] GC(551) Concurrent Clear Claimed Marks 0,340ms
[2023-11-08T18:52:29.505+0100][gc,marking    ] GC(551) Concurrent Scan Root Regions
[2023-11-08T18:52:29.507+0100][gc,marking    ] GC(551) Concurrent Scan Root Regions 2,395ms
[2023-11-08T18:52:29.507+0100][gc,marking    ] GC(551) Concurrent Mark (5821,116s)
[2023-11-08T18:52:29.507+0100][gc,marking    ] GC(551) Concurrent Mark From Roots
[2023-11-08T18:52:29.507+0100][gc,task       ] GC(551) Using 3 workers of 3 for marking
[2023-11-08T18:52:29.539+0100][gc,marking    ] GC(551) Concurrent Mark From Roots 32,007ms
[2023-11-08T18:52:29.539+0100][gc,marking    ] GC(551) Concurrent Preclean
[2023-11-08T18:52:29.540+0100][gc,marking    ] GC(551) Concurrent Preclean 0,278ms
[2023-11-08T18:52:29.540+0100][gc,marking    ] GC(551) Concurrent Mark (5821,116s, 5821,148s) 32,371ms
[2023-11-08T18:52:29.540+0100][gc,start      ] GC(551) Pause Remark
[2023-11-08T18:52:29.543+0100][gc,stringtable] GC(551) Cleaned string and symbol table, strings: 18387 processed, 0 removed, symbols: 94772 processed, 0 removed
[2023-11-08T18:52:29.543+0100][gc            ] GC(551) Pause Remark 245M->245M(1024M) 3,493ms
[2023-11-08T18:52:29.543+0100][gc,cpu        ] GC(551) User=0,03s Sys=0,00s Real=0,01s
[2023-11-08T18:52:29.543+0100][gc,marking    ] GC(551) Concurrent Rebuild Remembered Sets
[2023-11-08T18:52:29.565+0100][gc,marking    ] GC(551) Concurrent Rebuild Remembered Sets 21,853ms
[2023-11-08T18:52:29.565+0100][gc,start      ] GC(551) Pause Cleanup
[2023-11-08T18:52:29.566+0100][gc            ] GC(551) Pause Cleanup 253M->253M(1024M) 0,217ms
[2023-11-08T18:52:29.566+0100][gc,cpu        ] GC(551) User=0,00s Sys=0,00s Real=0,00s
[2023-11-08T18:52:29.566+0100][gc,marking    ] GC(551) Concurrent Cleanup for Next Mark
[2023-11-08T18:52:29.568+0100][gc,marking    ] GC(551) Concurrent Cleanup for Next Mark 1,876ms
[2023-11-08T18:52:29.568+0100][gc            ] GC(551) Concurrent Cycle 63,146ms
[2023-11-08T18:52:29.649+0100][gc,start      ] GC(552) Pause Young (Normal) (G1 Evacuation Pause)
[2023-11-08T18:52:29.649+0100][gc,task       ] GC(552) Using 13 workers of 13 for evacuation
[2023-11-08T18:52:29.652+0100][gc,phases     ] GC(552)   Pre Evacuate Collection Set: 0,0ms
[2023-11-08T18:52:29.652+0100][gc,phases     ] GC(552)   Evacuate Collection Set: 2,6ms
[2023-11-08T18:52:29.652+0100][gc,phases     ] GC(552)   Post Evacuate Collection Set: 0,4ms
[2023-11-08T18:52:29.652+0100][gc,phases     ] GC(552)   Other: 0,2ms
[2023-11-08T18:52:29.652+0100][gc,heap       ] GC(552) Eden regions: 46->0(238)
[2023-11-08T18:52:29.652+0100][gc,heap       ] GC(552) Survivor regions: 5->4(7)
[2023-11-08T18:52:29.652+0100][gc,heap       ] GC(552) Old regions: 101->103
[2023-11-08T18:52:29.652+0100][gc,heap       ] GC(552) Humongous regions: 129->129
[2023-11-08T18:52:29.652+0100][gc,metaspace  ] GC(552) Metaspace: 48221K(52224K)->48221K(52224K) NonClass: 42264K(44544K)->42264K(44544K) Class: 5956K(7680K)->5956K(7680K)
[2023-11-08T18:52:29.652+0100][gc            ] GC(552) Pause Young (Normal) (G1 Evacuation Pause) 279M->233M(1024M) 3,372ms
[2023-11-08T18:52:29.652+0100][gc,cpu        ] GC(552) User=0,03s Sys=0,00s Real=0,00s
[2023-11-08T18:52:30.435+0100][gc,start      ] GC(553) Pause Young (Concurrent Start) (G1 Evacuation Pause)
[2023-11-08T18:52:30.435+0100][gc,task       ] GC(553) Using 13 workers of 13 for evacuation
[2023-11-08T18:52:30.438+0100][gc,phases     ] GC(553)   Pre Evacuate Collection Set: 0,2ms
[2023-11-08T18:52:30.438+0100][gc,phases     ] GC(553)   Evacuate Collection Set: 1,8ms
[2023-11-08T18:52:30.438+0100][gc,phases     ] GC(553)   Post Evacuate Collection Set: 0,5ms
[2023-11-08T18:52:30.438+0100][gc,phases     ] GC(553)   Other: 0,3ms
[2023-11-08T18:52:30.438+0100][gc,heap       ] GC(553) Eden regions: 238->0(248)
[2023-11-08T18:52:30.438+0100][gc,heap       ] GC(553) Survivor regions: 4->2(31)
[2023-11-08T18:52:30.438+0100][gc,heap       ] GC(553) Old regions: 103->103
[2023-11-08T18:52:30.438+0100][gc,heap       ] GC(553) Humongous regions: 129->129
[2023-11-08T18:52:30.438+0100][gc,metaspace  ] GC(553) Metaspace: 48221K(52224K)->48221K(52224K) NonClass: 42264K(44544K)->42264K(44544K) Class: 5956K(7680K)->5956K(7680K)
[2023-11-08T18:52:30.438+0100][gc            ] GC(553) Pause Young (Concurrent Start) (G1 Evacuation Pause) 471M->232M(1024M) 3,027ms
[2023-11-08T18:52:30.438+0100][gc,cpu        ] GC(553) User=0,01s Sys=0,01s Real=0,00s
[2023-11-08T18:52:30.438+0100][gc            ] GC(554) Concurrent Cycle
[2023-11-08T18:52:30.438+0100][gc,marking    ] GC(554) Concurrent Clear Claimed Marks
[2023-11-08T18:52:30.438+0100][gc,marking    ] GC(554) Concurrent Clear Claimed Marks 0,360ms
[2023-11-08T18:52:30.438+0100][gc,marking    ] GC(554) Concurrent Scan Root Regions
[2023-11-08T18:52:30.440+0100][gc,marking    ] GC(554) Concurrent Scan Root Regions 1,766ms
[2023-11-08T18:52:30.440+0100][gc,marking    ] GC(554) Concurrent Mark (5822,049s)
[2023-11-08T18:52:30.440+0100][gc,marking    ] GC(554) Concurrent Mark From Roots
[2023-11-08T18:52:30.440+0100][gc,task       ] GC(554) Using 3 workers of 3 for marking
[2023-11-08T18:52:30.460+0100][gc,marking    ] GC(554) Concurrent Mark From Roots 20,372ms
[2023-11-08T18:52:30.461+0100][gc,marking    ] GC(554) Concurrent Preclean
[2023-11-08T18:52:30.461+0100][gc,marking    ] GC(554) Concurrent Preclean 0,253ms
[2023-11-08T18:52:30.461+0100][gc,marking    ] GC(554) Concurrent Mark (5822,049s, 5822,069s) 20,692ms
[2023-11-08T18:52:30.461+0100][gc,start      ] GC(554) Pause Remark
[2023-11-08T18:52:30.464+0100][gc,stringtable] GC(554) Cleaned string and symbol table, strings: 18387 processed, 0 removed, symbols: 94772 processed, 0 removed
[2023-11-08T18:52:30.464+0100][gc            ] GC(554) Pause Remark 240M->240M(1024M) 3,143ms
[2023-11-08T18:52:30.464+0100][gc,cpu        ] GC(554) User=0,03s Sys=0,00s Real=0,01s
[2023-11-08T18:52:30.464+0100][gc,marking    ] GC(554) Concurrent Rebuild Remembered Sets
[2023-11-08T18:52:30.477+0100][gc,marking    ] GC(554) Concurrent Rebuild Remembered Sets 13,316ms
[2023-11-08T18:52:30.478+0100][gc,start      ] GC(554) Pause Cleanup
[2023-11-08T18:52:30.478+0100][gc            ] GC(554) Pause Cleanup 245M->245M(1024M) 0,176ms
[2023-11-08T18:52:30.478+0100][gc,cpu        ] GC(554) User=0,00s Sys=0,00s Real=0,00s
[2023-11-08T18:52:30.478+0100][gc,marking    ] GC(554) Concurrent Cleanup for Next Mark
[2023-11-08T18:52:30.480+0100][gc,marking    ] GC(554) Concurrent Cleanup for Next Mark 1,889ms
[2023-11-08T18:52:30.480+0100][gc            ] GC(554) Concurrent Cycle 41,980ms
[2023-11-08T18:52:30.604+0100][gc,start      ] GC(555) Pause Young (Prepare Mixed) (G1 Evacuation Pause)
[2023-11-08T18:52:30.604+0100][gc,task       ] GC(555) Using 13 workers of 13 for evacuation
[2023-11-08T18:52:30.607+0100][gc,phases     ] GC(555)   Pre Evacuate Collection Set: 0,0ms
[2023-11-08T18:52:30.607+0100][gc,phases     ] GC(555)   Evacuate Collection Set: 2,0ms
[2023-11-08T18:52:30.607+0100][gc,phases     ] GC(555)   Post Evacuate Collection Set: 0,5ms
[2023-11-08T18:52:30.607+0100][gc,phases     ] GC(555)   Other: 0,3ms
[2023-11-08T18:52:30.607+0100][gc,heap       ] GC(555) Eden regions: 49->0(49)
[2023-11-08T18:52:30.607+0100][gc,heap       ] GC(555) Survivor regions: 2->2(7)
[2023-11-08T18:52:30.607+0100][gc,heap       ] GC(555) Old regions: 103->103
[2023-11-08T18:52:30.607+0100][gc,heap       ] GC(555) Humongous regions: 129->129
[2023-11-08T18:52:30.607+0100][gc,metaspace  ] GC(555) Metaspace: 48221K(52224K)->48221K(52224K) NonClass: 42264K(44544K)->42264K(44544K) Class: 5956K(7680K)->5956K(7680K)
[2023-11-08T18:52:30.607+0100][gc            ] GC(555) Pause Young (Prepare Mixed) (G1 Evacuation Pause) 281M->231M(1024M) 2,972ms
[2023-11-08T18:52:30.607+0100][gc,cpu        ] GC(555) User=0,01s Sys=0,01s Real=0,00s
[2023-11-08T18:52:30.756+0100][gc,start      ] GC(556) Pause Young (Mixed) (G1 Evacuation Pause)
[2023-11-08T18:52:30.756+0100][gc,task       ] GC(556) Using 13 workers of 13 for evacuation
[2023-11-08T18:52:30.760+0100][gc,phases     ] GC(556)   Pre Evacuate Collection Set: 0,1ms
[2023-11-08T18:52:30.760+0100][gc,phases     ] GC(556)   Evacuate Collection Set: 3,5ms
[2023-11-08T18:52:30.760+0100][gc,phases     ] GC(556)   Post Evacuate Collection Set: 0,5ms
[2023-11-08T18:52:30.760+0100][gc,phases     ] GC(556)   Other: 0,3ms
[2023-11-08T18:52:30.760+0100][gc,heap       ] GC(556) Eden regions: 49->0(207)
[2023-11-08T18:52:30.760+0100][gc,heap       ] GC(556) Survivor regions: 2->2(7)
[2023-11-08T18:52:30.760+0100][gc,heap       ] GC(556) Old regions: 103->80
[2023-11-08T18:52:30.760+0100][gc,heap       ] GC(556) Humongous regions: 129->129
[2023-11-08T18:52:30.760+0100][gc,metaspace  ] GC(556) Metaspace: 48221K(52224K)->48221K(52224K) NonClass: 42264K(44544K)->42264K(44544K) Class: 5956K(7680K)->5956K(7680K)
[2023-11-08T18:52:30.760+0100][gc            ] GC(556) Pause Young (Mixed) (G1 Evacuation Pause) 280M->208M(1024M) 4,680ms
[2023-11-08T18:52:30.760+0100][gc,cpu        ] GC(556) User=0,04s Sys=0,00s Real=0,00s
[2023-11-08T18:52:31.451+0100][gc,start      ] GC(557) Pause Young (Normal) (G1 Evacuation Pause)
[2023-11-08T18:52:31.451+0100][gc,task       ] GC(557) Using 13 workers of 13 for evacuation
[2023-11-08T18:52:31.453+0100][gc,phases     ] GC(557)   Pre Evacuate Collection Set: 0,0ms
[2023-11-08T18:52:31.453+0100][gc,phases     ] GC(557)   Evacuate Collection Set: 1,5ms
[2023-11-08T18:52:31.453+0100][gc,phases     ] GC(557)   Post Evacuate Collection Set: 0,5ms
[2023-11-08T18:52:31.453+0100][gc,phases     ] GC(557)   Other: 0,2ms
[2023-11-08T18:52:31.453+0100][gc,heap       ] GC(557) Eden regions: 207->0(230)
[2023-11-08T18:52:31.453+0100][gc,heap       ] GC(557) Survivor regions: 2->3(27)
[2023-11-08T18:52:31.453+0100][gc,heap       ] GC(557) Old regions: 80->80
[2023-11-08T18:52:31.453+0100][gc,heap       ] GC(557) Humongous regions: 129->129
[2023-11-08T18:52:31.453+0100][gc,metaspace  ] GC(557) Metaspace: 48221K(52224K)->48221K(52224K) NonClass: 42264K(44544K)->42264K(44544K) Class: 5956K(7680K)->5956K(7680K)
[2023-11-08T18:52:31.453+0100][gc            ] GC(557) Pause Young (Normal) (G1 Evacuation Pause) 415M->209M(1024M) 2,279ms
[2023-11-08T18:52:31.454+0100][gc,cpu        ] GC(557) User=0,01s Sys=0,01s Real=0,00s
[2023-11-08T18:52:32.198+0100][gc,start      ] GC(558) Pause Young (Normal) (G1 Evacuation Pause)
[2023-11-08T18:52:32.198+0100][gc,task       ] GC(558) Using 13 workers of 13 for evacuation
[2023-11-08T18:52:32.201+0100][gc,phases     ] GC(558)   Pre Evacuate Collection Set: 0,0ms
[2023-11-08T18:52:32.201+0100][gc,phases     ] GC(558)   Evacuate Collection Set: 2,0ms
[2023-11-08T18:52:32.201+0100][gc,phases     ] GC(558)   Post Evacuate Collection Set: 0,6ms
[2023-11-08T18:52:32.201+0100][gc,phases     ] GC(558)   Other: 0,3ms
[2023-11-08T18:52:32.201+0100][gc,heap       ] GC(558) Eden regions: 230->0(276)
[2023-11-08T18:52:32.201+0100][gc,heap       ] GC(558) Survivor regions: 3->4(30)
[2023-11-08T18:52:32.201+0100][gc,heap       ] GC(558) Old regions: 80->80
[2023-11-08T18:52:32.201+0100][gc,heap       ] GC(558) Humongous regions: 129->129
[2023-11-08T18:52:32.201+0100][gc,metaspace  ] GC(558) Metaspace: 48221K(52224K)->48221K(52224K) NonClass: 42264K(44544K)->42264K(44544K) Class: 5956K(7680K)->5956K(7680K)
[2023-11-08T18:52:32.201+0100][gc            ] GC(558) Pause Young (Normal) (G1 Evacuation Pause) 439M->210M(1024M) 3,035ms
[2023-11-08T18:52:32.201+0100][gc,cpu        ] GC(558) User=0,03s Sys=0,00s Real=0,00s
[2023-11-08T18:52:33.092+0100][gc,start      ] GC(559) Pause Young (Normal) (G1 Evacuation Pause)
[2023-11-08T18:52:33.092+0100][gc,task       ] GC(559) Using 13 workers of 13 for evacuation
[2023-11-08T18:52:33.096+0100][gc,phases     ] GC(559)   Pre Evacuate Collection Set: 0,0ms
[2023-11-08T18:52:33.096+0100][gc,phases     ] GC(559)   Evacuate Collection Set: 2,6ms
[2023-11-08T18:52:33.096+0100][gc,phases     ] GC(559)   Post Evacuate Collection Set: 0,6ms
[2023-11-08T18:52:33.096+0100][gc,phases     ] GC(559)   Other: 0,3ms
[2023-11-08T18:52:33.096+0100][gc,heap       ] GC(559) Eden regions: 276->0(327)
[2023-11-08T18:52:33.096+0100][gc,heap       ] GC(559) Survivor regions: 4->4(35)
[2023-11-08T18:52:33.096+0100][gc,heap       ] GC(559) Old regions: 80->80
[2023-11-08T18:52:33.096+0100][gc,heap       ] GC(559) Humongous regions: 129->129
[2023-11-08T18:52:33.096+0100][gc,metaspace  ] GC(559) Metaspace: 48221K(52224K)->48221K(52224K) NonClass: 42264K(44544K)->42264K(44544K) Class: 5956K(7680K)->5956K(7680K)
[2023-11-08T18:52:33.096+0100][gc            ] GC(559) Pause Young (Normal) (G1 Evacuation Pause) 486M->210M(1024M) 3,632ms
[2023-11-08T18:52:33.096+0100][gc,cpu        ] GC(559) User=0,03s Sys=0,00s Real=0,01s
[2023-11-08T18:52:34.129+0100][gc,start      ] GC(560) Pause Young (Concurrent Start) (G1 Evacuation Pause)
[2023-11-08T18:52:34.129+0100][gc,task       ] GC(560) Using 13 workers of 13 for evacuation
[2023-11-08T18:52:34.133+0100][gc,phases     ] GC(560)   Pre Evacuate Collection Set: 0,3ms
[2023-11-08T18:52:34.133+0100][gc,phases     ] GC(560)   Evacuate Collection Set: 3,0ms
[2023-11-08T18:52:34.133+0100][gc,phases     ] GC(560)   Post Evacuate Collection Set: 0,6ms
[2023-11-08T18:52:34.133+0100][gc,phases     ] GC(560)   Other: 0,4ms
[2023-11-08T18:52:34.133+0100][gc,heap       ] GC(560) Eden regions: 327->0(347)
[2023-11-08T18:52:34.133+0100][gc,heap       ] GC(560) Survivor regions: 4->5(42)
[2023-11-08T18:52:34.133+0100][gc,heap       ] GC(560) Old regions: 80->80
[2023-11-08T18:52:34.133+0100][gc,heap       ] GC(560) Humongous regions: 129->129
[2023-11-08T18:52:34.133+0100][gc,metaspace  ] GC(560) Metaspace: 48221K(52224K)->48221K(52224K) NonClass: 42264K(44544K)->42264K(44544K) Class: 5956K(7680K)->5956K(7680K)
[2023-11-08T18:52:34.133+0100][gc            ] GC(560) Pause Young (Concurrent Start) (G1 Evacuation Pause) 537M->211M(1024M) 4,431ms
[2023-11-08T18:52:34.133+0100][gc,cpu        ] GC(560) User=0,04s Sys=0,00s Real=0,00s
[2023-11-08T18:52:34.133+0100][gc            ] GC(561) Concurrent Cycle
[2023-11-08T18:52:34.133+0100][gc,marking    ] GC(561) Concurrent Clear Claimed Marks
[2023-11-08T18:52:34.133+0100][gc,marking    ] GC(561) Concurrent Clear Claimed Marks 0,309ms
[2023-11-08T18:52:34.133+0100][gc,marking    ] GC(561) Concurrent Scan Root Regions
[2023-11-08T18:52:34.136+0100][gc,marking    ] GC(561) Concurrent Scan Root Regions 2,208ms
[2023-11-08T18:52:34.136+0100][gc,marking    ] GC(561) Concurrent Mark (5825,744s)
[2023-11-08T18:52:34.136+0100][gc,marking    ] GC(561) Concurrent Mark From Roots
[2023-11-08T18:52:34.136+0100][gc,task       ] GC(561) Using 3 workers of 3 for marking
[2023-11-08T18:52:34.156+0100][gc,marking    ] GC(561) Concurrent Mark From Roots 19,996ms
[2023-11-08T18:52:34.156+0100][gc,marking    ] GC(561) Concurrent Preclean
[2023-11-08T18:52:34.156+0100][gc,marking    ] GC(561) Concurrent Preclean 0,256ms
[2023-11-08T18:52:34.156+0100][gc,marking    ] GC(561) Concurrent Mark (5825,744s, 5825,765s) 20,323ms
[2023-11-08T18:52:34.156+0100][gc,start      ] GC(561) Pause Remark
[2023-11-08T18:52:34.160+0100][gc,stringtable] GC(561) Cleaned string and symbol table, strings: 18387 processed, 0 removed, symbols: 94772 processed, 0 removed
[2023-11-08T18:52:34.160+0100][gc            ] GC(561) Pause Remark 219M->219M(1024M) 4,060ms
[2023-11-08T18:52:34.160+0100][gc,cpu        ] GC(561) User=0,04s Sys=0,00s Real=0,00s
[2023-11-08T18:52:34.160+0100][gc,marking    ] GC(561) Concurrent Rebuild Remembered Sets
[2023-11-08T18:52:34.173+0100][gc,marking    ] GC(561) Concurrent Rebuild Remembered Sets 12,504ms
[2023-11-08T18:52:34.173+0100][gc,start      ] GC(561) Pause Cleanup
[2023-11-08T18:52:34.173+0100][gc            ] GC(561) Pause Cleanup 221M->221M(1024M) 0,161ms
[2023-11-08T18:52:34.173+0100][gc,cpu        ] GC(561) User=0,00s Sys=0,00s Real=0,00s
[2023-11-08T18:52:34.173+0100][gc,marking    ] GC(561) Concurrent Cleanup for Next Mark
[2023-11-08T18:52:34.175+0100][gc,marking    ] GC(561) Concurrent Cleanup for Next Mark 1,731ms
[2023-11-08T18:52:34.175+0100][gc            ] GC(561) Concurrent Cycle 41,919ms
[2023-11-08T18:52:34.436+0100][gc,start      ] GC(562) Pause Young (Prepare Mixed) (G1 Evacuation Pause)
[2023-11-08T18:52:34.436+0100][gc,task       ] GC(562) Using 13 workers of 13 for evacuation
[2023-11-08T18:52:34.441+0100][gc,phases     ] GC(562)   Pre Evacuate Collection Set: 0,0ms
[2023-11-08T18:52:34.441+0100][gc,phases     ] GC(562)   Evacuate Collection Set: 3,8ms
[2023-11-08T18:52:34.441+0100][gc,phases     ] GC(562)   Post Evacuate Collection Set: 0,5ms
[2023-11-08T18:52:34.441+0100][gc,phases     ] GC(562)   Other: 0,3ms
[2023-11-08T18:52:34.441+0100][gc,heap       ] GC(562) Eden regions: 98->0(46)
[2023-11-08T18:52:34.441+0100][gc,heap       ] GC(562) Survivor regions: 5->5(13)
[2023-11-08T18:52:34.441+0100][gc,heap       ] GC(562) Old regions: 80->80
[2023-11-08T18:52:34.441+0100][gc,heap       ] GC(562) Humongous regions: 129->129
[2023-11-08T18:52:34.441+0100][gc,metaspace  ] GC(562) Metaspace: 48221K(52224K)->48221K(52224K) NonClass: 42264K(44544K)->42264K(44544K) Class: 5956K(7680K)->5956K(7680K)
[2023-11-08T18:52:34.441+0100][gc            ] GC(562) Pause Young (Prepare Mixed) (G1 Evacuation Pause) 309M->211M(1024M) 4,751ms
[2023-11-08T18:52:34.441+0100][gc,cpu        ] GC(562) User=0,04s Sys=0,00s Real=0,00s
[2023-11-08T18:52:34.593+0100][gc,start      ] GC(563) Pause Young (Mixed) (G1 Evacuation Pause)
[2023-11-08T18:52:34.593+0100][gc,task       ] GC(563) Using 13 workers of 13 for evacuation
[2023-11-08T18:52:34.597+0100][gc,phases     ] GC(563)   Pre Evacuate Collection Set: 0,0ms
[2023-11-08T18:52:34.597+0100][gc,phases     ] GC(563)   Evacuate Collection Set: 3,8ms
[2023-11-08T18:52:34.597+0100][gc,phases     ] GC(563)   Post Evacuate Collection Set: 0,4ms
[2023-11-08T18:52:34.597+0100][gc,phases     ] GC(563)   Other: 0,2ms
[2023-11-08T18:52:34.598+0100][gc,heap       ] GC(563) Eden regions: 46->0(275)
[2023-11-08T18:52:34.598+0100][gc,heap       ] GC(563) Survivor regions: 5->4(7)
[2023-11-08T18:52:34.598+0100][gc,heap       ] GC(563) Old regions: 80->80
[2023-11-08T18:52:34.598+0100][gc,heap       ] GC(563) Humongous regions: 129->129
[2023-11-08T18:52:34.598+0100][gc,metaspace  ] GC(563) Metaspace: 48221K(52224K)->48221K(52224K) NonClass: 42264K(44544K)->42264K(44544K) Class: 5956K(7680K)->5956K(7680K)
[2023-11-08T18:52:34.598+0100][gc            ] GC(563) Pause Young (Mixed) (G1 Evacuation Pause) 257M->210M(1024M) 4,584ms
[2023-11-08T18:52:34.598+0100][gc,cpu        ] GC(563) User=0,04s Sys=0,00s Real=0,01s
[2023-11-08T18:52:35.439+0100][gc,start      ] GC(564) Pause Young (Normal) (G1 Evacuation Pause)
[2023-11-08T18:52:35.439+0100][gc,task       ] GC(564) Using 13 workers of 13 for evacuation
[2023-11-08T18:52:35.444+0100][gc,phases     ] GC(564)   Pre Evacuate Collection Set: 0,0ms
[2023-11-08T18:52:35.444+0100][gc,phases     ] GC(564)   Evacuate Collection Set: 3,3ms
[2023-11-08T18:52:35.444+0100][gc,phases     ] GC(564)   Post Evacuate Collection Set: 0,6ms
[2023-11-08T18:52:35.444+0100][gc,phases     ] GC(564)   Other: 0,3ms
[2023-11-08T18:52:35.444+0100][gc,heap       ] GC(564) Eden regions: 275->0(310)
[2023-11-08T18:52:35.444+0100][gc,heap       ] GC(564) Survivor regions: 4->5(35)
[2023-11-08T18:52:35.444+0100][gc,heap       ] GC(564) Old regions: 80->80
[2023-11-08T18:52:35.444+0100][gc,heap       ] GC(564) Humongous regions: 129->129
[2023-11-08T18:52:35.444+0100][gc,metaspace  ] GC(564) Metaspace: 48221K(52224K)->48221K(52224K) NonClass: 42264K(44544K)->42264K(44544K) Class: 5956K(7680K)->5956K(7680K)
[2023-11-08T18:52:35.444+0100][gc            ] GC(564) Pause Young (Normal) (G1 Evacuation Pause) 485M->211M(1024M) 4,449ms
[2023-11-08T18:52:35.444+0100][gc,cpu        ] GC(564) User=0,03s Sys=0,01s Real=0,01s
[2023-11-08T18:52:36.455+0100][gc,start      ] GC(565) Pause Young (Normal) (G1 Evacuation Pause)
[2023-11-08T18:52:36.455+0100][gc,task       ] GC(565) Using 13 workers of 13 for evacuation
[2023-11-08T18:52:36.460+0100][gc,phases     ] GC(565)   Pre Evacuate Collection Set: 0,0ms
[2023-11-08T18:52:36.460+0100][gc,phases     ] GC(565)   Evacuate Collection Set: 3,7ms
[2023-11-08T18:52:36.460+0100][gc,phases     ] GC(565)   Post Evacuate Collection Set: 0,5ms
[2023-11-08T18:52:36.460+0100][gc,phases     ] GC(565)   Other: 0,2ms
[2023-11-08T18:52:36.460+0100][gc,heap       ] GC(565) Eden regions: 310->0(362)
[2023-11-08T18:52:36.460+0100][gc,heap       ] GC(565) Survivor regions: 5->6(40)
[2023-11-08T18:52:36.460+0100][gc,heap       ] GC(565) Old regions: 80->80
[2023-11-08T18:52:36.460+0100][gc,heap       ] GC(565) Humongous regions: 129->129
[2023-11-08T18:52:36.460+0100][gc,metaspace  ] GC(565) Metaspace: 48221K(52224K)->48221K(52224K) NonClass: 42264K(44544K)->42264K(44544K) Class: 5956K(7680K)->5956K(7680K)
[2023-11-08T18:52:36.460+0100][gc            ] GC(565) Pause Young (Normal) (G1 Evacuation Pause) 521M->212M(1024M) 4,566ms
[2023-11-08T18:52:36.460+0100][gc,cpu        ] GC(565) User=0,03s Sys=0,00s Real=0,00s
[2023-11-08T18:52:37.653+0100][gc,start      ] GC(566) Pause Young (Normal) (G1 Evacuation Pause)
[2023-11-08T18:52:37.653+0100][gc,task       ] GC(566) Using 13 workers of 13 for evacuation
[2023-11-08T18:52:37.658+0100][gc,phases     ] GC(566)   Pre Evacuate Collection Set: 0,0ms
[2023-11-08T18:52:37.658+0100][gc,phases     ] GC(566)   Evacuate Collection Set: 3,9ms
[2023-11-08T18:52:37.658+0100][gc,phases     ] GC(566)   Post Evacuate Collection Set: 0,6ms
[2023-11-08T18:52:37.658+0100][gc,phases     ] GC(566)   Other: 0,3ms
[2023-11-08T18:52:37.658+0100][gc,heap       ] GC(566) Eden regions: 362->0(403)
[2023-11-08T18:52:37.658+0100][gc,heap       ] GC(566) Survivor regions: 6->7(46)
[2023-11-08T18:52:37.658+0100][gc,heap       ] GC(566) Old regions: 80->80
[2023-11-08T18:52:37.658+0100][gc,heap       ] GC(566) Humongous regions: 129->129
[2023-11-08T18:52:37.658+0100][gc,metaspace  ] GC(566) Metaspace: 48221K(52224K)->48221K(52224K) NonClass: 42264K(44544K)->42264K(44544K) Class: 5956K(7680K)->5956K(7680K)
[2023-11-08T18:52:37.658+0100][gc            ] GC(566) Pause Young (Normal) (G1 Evacuation Pause) 574M->213M(1024M) 4,940ms
[2023-11-08T18:52:37.658+0100][gc,cpu        ] GC(566) User=0,04s Sys=0,00s Real=0,01s
[2023-11-08T18:52:39.070+0100][gc,start      ] GC(567) Pause Young (Concurrent Start) (G1 Evacuation Pause)
[2023-11-08T18:52:39.070+0100][gc,task       ] GC(567) Using 13 workers of 13 for evacuation
[2023-11-08T18:52:39.076+0100][gc,phases     ] GC(567)   Pre Evacuate Collection Set: 0,3ms
[2023-11-08T18:52:39.076+0100][gc,phases     ] GC(567)   Evacuate Collection Set: 5,0ms
[2023-11-08T18:52:39.076+0100][gc,phases     ] GC(567)   Post Evacuate Collection Set: 0,6ms
[2023-11-08T18:52:39.076+0100][gc,phases     ] GC(567)   Other: 0,3ms
[2023-11-08T18:52:39.076+0100][gc,heap       ] GC(567) Eden regions: 403->0(410)
[2023-11-08T18:52:39.076+0100][gc,heap       ] GC(567) Survivor regions: 7->8(52)
[2023-11-08T18:52:39.076+0100][gc,heap       ] GC(567) Old regions: 80->80
[2023-11-08T18:52:39.076+0100][gc,heap       ] GC(567) Humongous regions: 129->129
[2023-11-08T18:52:39.076+0100][gc,metaspace  ] GC(567) Metaspace: 48221K(52224K)->48221K(52224K) NonClass: 42264K(44544K)->42264K(44544K) Class: 5956K(7680K)->5956K(7680K)
[2023-11-08T18:52:39.076+0100][gc            ] GC(567) Pause Young (Concurrent Start) (G1 Evacuation Pause) 616M->214M(1024M) 6,319ms
[2023-11-08T18:52:39.076+0100][gc,cpu        ] GC(567) User=0,05s Sys=0,00s Real=0,01s
[2023-11-08T18:52:39.076+0100][gc            ] GC(568) Concurrent Cycle
[2023-11-08T18:52:39.076+0100][gc,marking    ] GC(568) Concurrent Clear Claimed Marks
[2023-11-08T18:52:39.077+0100][gc,marking    ] GC(568) Concurrent Clear Claimed Marks 0,343ms
[2023-11-08T18:52:39.077+0100][gc,marking    ] GC(568) Concurrent Scan Root Regions
[2023-11-08T18:52:39.080+0100][gc,marking    ] GC(568) Concurrent Scan Root Regions 3,520ms
[2023-11-08T18:52:39.080+0100][gc,marking    ] GC(568) Concurrent Mark (5830,689s)
[2023-11-08T18:52:39.080+0100][gc,marking    ] GC(568) Concurrent Mark From Roots
[2023-11-08T18:52:39.080+0100][gc,task       ] GC(568) Using 3 workers of 3 for marking
[2023-11-08T18:52:39.103+0100][gc,marking    ] GC(568) Concurrent Mark From Roots 22,509ms
[2023-11-08T18:52:39.103+0100][gc,marking    ] GC(568) Concurrent Preclean
[2023-11-08T18:52:39.103+0100][gc,marking    ] GC(568) Concurrent Preclean 0,242ms
[2023-11-08T18:52:39.103+0100][gc,marking    ] GC(568) Concurrent Mark (5830,689s, 5830,712s) 22,814ms
[2023-11-08T18:52:39.103+0100][gc,start      ] GC(568) Pause Remark
[2023-11-08T18:52:39.106+0100][gc,stringtable] GC(568) Cleaned string and symbol table, strings: 18387 processed, 0 removed, symbols: 94772 processed, 0 removed
[2023-11-08T18:52:39.106+0100][gc            ] GC(568) Pause Remark 224M->224M(1024M) 3,223ms
[2023-11-08T18:52:39.106+0100][gc,cpu        ] GC(568) User=0,01s Sys=0,02s Real=0,00s
[2023-11-08T18:52:39.106+0100][gc,marking    ] GC(568) Concurrent Rebuild Remembered Sets
[2023-11-08T18:52:39.119+0100][gc,marking    ] GC(568) Concurrent Rebuild Remembered Sets 12,567ms
[2023-11-08T18:52:39.119+0100][gc,start      ] GC(568) Pause Cleanup
[2023-11-08T18:52:39.119+0100][gc            ] GC(568) Pause Cleanup 229M->229M(1024M) 0,202ms
[2023-11-08T18:52:39.119+0100][gc,cpu        ] GC(568) User=0,00s Sys=0,01s Real=0,00s
[2023-11-08T18:52:39.119+0100][gc,marking    ] GC(568) Concurrent Cleanup for Next Mark
[2023-11-08T18:52:39.121+0100][gc,marking    ] GC(568) Concurrent Cleanup for Next Mark 1,814ms
[2023-11-08T18:52:39.121+0100][gc            ] GC(568) Concurrent Cycle 45,084ms
[2023-11-08T18:52:39.243+0100][gc,start      ] GC(569) Pause Young (Normal) (G1 Evacuation Pause)
[2023-11-08T18:52:39.243+0100][gc,task       ] GC(569) Using 13 workers of 13 for evacuation
[2023-11-08T18:52:39.248+0100][gc,phases     ] GC(569)   Pre Evacuate Collection Set: 0,0ms
[2023-11-08T18:52:39.248+0100][gc,phases     ] GC(569)   Evacuate Collection Set: 4,4ms
[2023-11-08T18:52:39.248+0100][gc,phases     ] GC(569)   Post Evacuate Collection Set: 0,5ms
[2023-11-08T18:52:39.248+0100][gc,phases     ] GC(569)   Other: 0,3ms
[2023-11-08T18:52:39.248+0100][gc,heap       ] GC(569) Eden regions: 53->0(251)
[2023-11-08T18:52:39.248+0100][gc,heap       ] GC(569) Survivor regions: 8->5(8)
[2023-11-08T18:52:39.248+0100][gc,heap       ] GC(569) Old regions: 80->83
[2023-11-08T18:52:39.248+0100][gc,heap       ] GC(569) Humongous regions: 129->129
[2023-11-08T18:52:39.248+0100][gc,metaspace  ] GC(569) Metaspace: 48221K(52224K)->48221K(52224K) NonClass: 42264K(44544K)->42264K(44544K) Class: 5956K(7680K)->5956K(7680K)
[2023-11-08T18:52:39.248+0100][gc            ] GC(569) Pause Young (Normal) (G1 Evacuation Pause) 267M->215M(1024M) 5,380ms
[2023-11-08T18:52:39.248+0100][gc,cpu        ] GC(569) User=0,05s Sys=0,01s Real=0,01s
[2023-11-08T18:52:40.081+0100][gc,start      ] GC(570) Pause Young (Concurrent Start) (G1 Evacuation Pause)
[2023-11-08T18:52:40.081+0100][gc,task       ] GC(570) Using 13 workers of 13 for evacuation
[2023-11-08T18:52:40.086+0100][gc,phases     ] GC(570)   Pre Evacuate Collection Set: 0,2ms
[2023-11-08T18:52:40.086+0100][gc,phases     ] GC(570)   Evacuate Collection Set: 3,5ms
[2023-11-08T18:52:40.086+0100][gc,phases     ] GC(570)   Post Evacuate Collection Set: 0,5ms
[2023-11-08T18:52:40.086+0100][gc,phases     ] GC(570)   Other: 0,3ms
[2023-11-08T18:52:40.086+0100][gc,heap       ] GC(570) Eden regions: 251->0(300)
[2023-11-08T18:52:40.086+0100][gc,heap       ] GC(570) Survivor regions: 5->6(32)
[2023-11-08T18:52:40.086+0100][gc,heap       ] GC(570) Old regions: 83->83
[2023-11-08T18:52:40.086+0100][gc,heap       ] GC(570) Humongous regions: 129->129
[2023-11-08T18:52:40.086+0100][gc,metaspace  ] GC(570) Metaspace: 48221K(52224K)->48221K(52224K) NonClass: 42264K(44544K)->42264K(44544K) Class: 5956K(7680K)->5956K(7680K)
[2023-11-08T18:52:40.086+0100][gc            ] GC(570) Pause Young (Concurrent Start) (G1 Evacuation Pause) 466M->215M(1024M) 4,697ms
[2023-11-08T18:52:40.086+0100][gc,cpu        ] GC(570) User=0,04s Sys=0,00s Real=0,01s
[2023-11-08T18:52:40.086+0100][gc            ] GC(571) Concurrent Cycle
[2023-11-08T18:52:40.086+0100][gc,marking    ] GC(571) Concurrent Clear Claimed Marks
[2023-11-08T18:52:40.086+0100][gc,marking    ] GC(571) Concurrent Clear Claimed Marks 0,311ms
[2023-11-08T18:52:40.086+0100][gc,marking    ] GC(571) Concurrent Scan Root Regions
[2023-11-08T18:52:40.089+0100][gc,marking    ] GC(571) Concurrent Scan Root Regions 2,194ms
[2023-11-08T18:52:40.089+0100][gc,marking    ] GC(571) Concurrent Mark (5831,697s)
[2023-11-08T18:52:40.089+0100][gc,marking    ] GC(571) Concurrent Mark From Roots
[2023-11-08T18:52:40.089+0100][gc,task       ] GC(571) Using 3 workers of 3 for marking
[2023-11-08T18:52:40.109+0100][gc,marking    ] GC(571) Concurrent Mark From Roots 20,216ms
[2023-11-08T18:52:40.109+0100][gc,marking    ] GC(571) Concurrent Preclean
[2023-11-08T18:52:40.109+0100][gc,marking    ] GC(571) Concurrent Preclean 0,264ms
[2023-11-08T18:52:40.109+0100][gc,marking    ] GC(571) Concurrent Mark (5831,697s, 5831,718s) 20,558ms
[2023-11-08T18:52:40.109+0100][gc,start      ] GC(571) Pause Remark
[2023-11-08T18:52:40.113+0100][gc,stringtable] GC(571) Cleaned string and symbol table, strings: 18387 processed, 0 removed, symbols: 94772 processed, 0 removed
[2023-11-08T18:52:40.113+0100][gc            ] GC(571) Pause Remark 225M->225M(1024M) 3,788ms
[2023-11-08T18:52:40.113+0100][gc,cpu        ] GC(571) User=0,03s Sys=0,00s Real=0,00s
[2023-11-08T18:52:40.113+0100][gc,marking    ] GC(571) Concurrent Rebuild Remembered Sets
[2023-11-08T18:52:40.126+0100][gc,marking    ] GC(571) Concurrent Rebuild Remembered Sets 12,434ms
[2023-11-08T18:52:40.126+0100][gc,start      ] GC(571) Pause Cleanup
[2023-11-08T18:52:40.126+0100][gc            ] GC(571) Pause Cleanup 227M->227M(1024M) 0,203ms
[2023-11-08T18:52:40.126+0100][gc,cpu        ] GC(571) User=0,00s Sys=0,00s Real=0,00s
[2023-11-08T18:52:40.126+0100][gc,marking    ] GC(571) Concurrent Cleanup for Next Mark
[2023-11-08T18:52:40.128+0100][gc,marking    ] GC(571) Concurrent Cleanup for Next Mark 1,846ms
[2023-11-08T18:52:40.128+0100][gc            ] GC(571) Concurrent Cycle 41,990ms
[2023-11-08T18:52:40.280+0100][gc,start      ] GC(572) Pause Young (Normal) (G1 Evacuation Pause)
[2023-11-08T18:52:40.280+0100][gc,task       ] GC(572) Using 13 workers of 13 for evacuation
[2023-11-08T18:52:40.283+0100][gc,phases     ] GC(572)   Pre Evacuate Collection Set: 0,0ms
[2023-11-08T18:52:40.283+0100][gc,phases     ] GC(572)   Evacuate Collection Set: 2,7ms
[2023-11-08T18:52:40.283+0100][gc,phases     ] GC(572)   Post Evacuate Collection Set: 0,4ms
[2023-11-08T18:52:40.283+0100][gc,phases     ] GC(572)   Other: 0,2ms
[2023-11-08T18:52:40.283+0100][gc,heap       ] GC(572) Eden regions: 63->0(371)
[2023-11-08T18:52:40.283+0100][gc,heap       ] GC(572) Survivor regions: 6->5(9)
[2023-11-08T18:52:40.283+0100][gc,heap       ] GC(572) Old regions: 83->84
[2023-11-08T18:52:40.283+0100][gc,heap       ] GC(572) Humongous regions: 129->129
[2023-11-08T18:52:40.283+0100][gc,metaspace  ] GC(572) Metaspace: 48221K(52224K)->48221K(52224K) NonClass: 42264K(44544K)->42264K(44544K) Class: 5956K(7680K)->5956K(7680K)
[2023-11-08T18:52:40.283+0100][gc            ] GC(572) Pause Young (Normal) (G1 Evacuation Pause) 278M->215M(1024M) 3,467ms
[2023-11-08T18:52:40.283+0100][gc,cpu        ] GC(572) User=0,02s Sys=0,02s Real=0,01s
[2023-11-08T18:52:41.476+0100][gc,start      ] GC(573) Pause Young (Concurrent Start) (G1 Evacuation Pause)
[2023-11-08T18:52:41.476+0100][gc,task       ] GC(573) Using 13 workers of 13 for evacuation
[2023-11-08T18:52:41.481+0100][gc,phases     ] GC(573)   Pre Evacuate Collection Set: 0,2ms
[2023-11-08T18:52:41.481+0100][gc,phases     ] GC(573)   Evacuate Collection Set: 3,2ms
[2023-11-08T18:52:41.481+0100][gc,phases     ] GC(573)   Post Evacuate Collection Set: 0,6ms
[2023-11-08T18:52:41.481+0100][gc,phases     ] GC(573)   Other: 0,3ms
[2023-11-08T18:52:41.481+0100][gc,heap       ] GC(573) Eden regions: 371->0(328)
[2023-11-08T18:52:41.481+0100][gc,heap       ] GC(573) Survivor regions: 5->6(47)
[2023-11-08T18:52:41.481+0100][gc,heap       ] GC(573) Old regions: 84->84
[2023-11-08T18:52:41.481+0100][gc,heap       ] GC(573) Humongous regions: 129->129
[2023-11-08T18:52:41.481+0100][gc,metaspace  ] GC(573) Metaspace: 48221K(52224K)->48221K(52224K) NonClass: 42264K(44544K)->42264K(44544K) Class: 5956K(7680K)->5956K(7680K)
[2023-11-08T18:52:41.481+0100][gc            ] GC(573) Pause Young (Concurrent Start) (G1 Evacuation Pause) 586M->216M(1024M) 4,505ms
[2023-11-08T18:52:41.481+0100][gc,cpu        ] GC(573) User=0,04s Sys=0,00s Real=0,00s
[2023-11-08T18:52:41.481+0100][gc            ] GC(574) Concurrent Cycle
[2023-11-08T18:52:41.481+0100][gc,marking    ] GC(574) Concurrent Clear Claimed Marks
[2023-11-08T18:52:41.481+0100][gc,marking    ] GC(574) Concurrent Clear Claimed Marks 0,265ms
[2023-11-08T18:52:41.481+0100][gc,marking    ] GC(574) Concurrent Scan Root Regions
[2023-11-08T18:52:41.484+0100][gc,marking    ] GC(574) Concurrent Scan Root Regions 2,743ms
[2023-11-08T18:52:41.484+0100][gc,marking    ] GC(574) Concurrent Mark (5833,092s)
[2023-11-08T18:52:41.484+0100][gc,marking    ] GC(574) Concurrent Mark From Roots
[2023-11-08T18:52:41.484+0100][gc,task       ] GC(574) Using 3 workers of 3 for marking
[2023-11-08T18:52:41.507+0100][gc,marking    ] GC(574) Concurrent Mark From Roots 23,315ms
[2023-11-08T18:52:41.507+0100][gc,marking    ] GC(574) Concurrent Preclean
[2023-11-08T18:52:41.508+0100][gc,marking    ] GC(574) Concurrent Preclean 0,240ms
[2023-11-08T18:52:41.508+0100][gc,marking    ] GC(574) Concurrent Mark (5833,092s, 5833,116s) 23,627ms
[2023-11-08T18:52:41.508+0100][gc,start      ] GC(574) Pause Remark
[2023-11-08T18:52:41.511+0100][gc,stringtable] GC(574) Cleaned string and symbol table, strings: 18387 processed, 0 removed, symbols: 94772 processed, 0 removed
[2023-11-08T18:52:41.511+0100][gc            ] GC(574) Pause Remark 225M->225M(1024M) 3,438ms
[2023-11-08T18:52:41.511+0100][gc,cpu        ] GC(574) User=0,04s Sys=0,00s Real=0,00s
[2023-11-08T18:52:41.511+0100][gc,marking    ] GC(574) Concurrent Rebuild Remembered Sets
[2023-11-08T18:52:41.526+0100][gc,marking    ] GC(574) Concurrent Rebuild Remembered Sets 14,921ms
[2023-11-08T18:52:41.526+0100][gc,start      ] GC(574) Pause Cleanup
[2023-11-08T18:52:41.526+0100][gc            ] GC(574) Pause Cleanup 227M->227M(1024M) 0,223ms
[2023-11-08T18:52:41.526+0100][gc,cpu        ] GC(574) User=0,00s Sys=0,00s Real=0,00s
[2023-11-08T18:52:41.527+0100][gc,marking    ] GC(574) Concurrent Cleanup for Next Mark
[2023-11-08T18:52:41.528+0100][gc,marking    ] GC(574) Concurrent Cleanup for Next Mark 1,394ms
[2023-11-08T18:52:41.528+0100][gc            ] GC(574) Concurrent Cycle 47,192ms
[2023-11-08T18:52:41.639+0100][gc,start      ] GC(575) Pause Young (Normal) (G1 Evacuation Pause)
[2023-11-08T18:52:41.639+0100][gc,task       ] GC(575) Using 13 workers of 13 for evacuation
[2023-11-08T18:52:41.643+0100][gc,phases     ] GC(575)   Pre Evacuate Collection Set: 0,0ms
[2023-11-08T18:52:41.643+0100][gc,phases     ] GC(575)   Evacuate Collection Set: 3,2ms
[2023-11-08T18:52:41.643+0100][gc,phases     ] GC(575)   Post Evacuate Collection Set: 0,5ms
[2023-11-08T18:52:41.643+0100][gc,phases     ] GC(575)   Other: 0,2ms
[2023-11-08T18:52:41.643+0100][gc,heap       ] GC(575) Eden regions: 46->0(372)
[2023-11-08T18:52:41.643+0100][gc,heap       ] GC(575) Survivor regions: 6->4(7)
[2023-11-08T18:52:41.643+0100][gc,heap       ] GC(575) Old regions: 84->86
[2023-11-08T18:52:41.643+0100][gc,heap       ] GC(575) Humongous regions: 129->129
[2023-11-08T18:52:41.643+0100][gc,metaspace  ] GC(575) Metaspace: 48221K(52224K)->48221K(52224K) NonClass: 42264K(44544K)->42264K(44544K) Class: 5956K(7680K)->5956K(7680K)
[2023-11-08T18:52:41.643+0100][gc            ] GC(575) Pause Young (Normal) (G1 Evacuation Pause) 262M->216M(1024M) 4,066ms
[2023-11-08T18:52:41.643+0100][gc,cpu        ] GC(575) User=0,02s Sys=0,03s Real=0,01s
[2023-11-08T18:52:42.782+0100][gc,start      ] GC(576) Pause Young (Concurrent Start) (G1 Evacuation Pause)
[2023-11-08T18:52:42.782+0100][gc,task       ] GC(576) Using 13 workers of 13 for evacuation
[2023-11-08T18:52:42.785+0100][gc,phases     ] GC(576)   Pre Evacuate Collection Set: 0,2ms
[2023-11-08T18:52:42.785+0100][gc,phases     ] GC(576)   Evacuate Collection Set: 2,6ms
[2023-11-08T18:52:42.785+0100][gc,phases     ] GC(576)   Post Evacuate Collection Set: 0,5ms
[2023-11-08T18:52:42.785+0100][gc,phases     ] GC(576)   Other: 0,2ms
[2023-11-08T18:52:42.785+0100][gc,heap       ] GC(576) Eden regions: 372->0(385)
[2023-11-08T18:52:42.785+0100][gc,heap       ] GC(576) Survivor regions: 4->5(47)
[2023-11-08T18:52:42.785+0100][gc,heap       ] GC(576) Old regions: 86->86
[2023-11-08T18:52:42.785+0100][gc,heap       ] GC(576) Humongous regions: 129->129
[2023-11-08T18:52:42.785+0100][gc,metaspace  ] GC(576) Metaspace: 48221K(52224K)->48221K(52224K) NonClass: 42264K(44544K)->42264K(44544K) Class: 5956K(7680K)->5956K(7680K)
[2023-11-08T18:52:42.785+0100][gc            ] GC(576) Pause Young (Concurrent Start) (G1 Evacuation Pause) 588M->217M(1024M) 3,668ms
[2023-11-08T18:52:42.785+0100][gc,cpu        ] GC(576) User=0,03s Sys=0,00s Real=0,01s
[2023-11-08T18:52:42.785+0100][gc            ] GC(577) Concurrent Cycle
[2023-11-08T18:52:42.785+0100][gc,marking    ] GC(577) Concurrent Clear Claimed Marks
[2023-11-08T18:52:42.786+0100][gc,marking    ] GC(577) Concurrent Clear Claimed Marks 0,384ms
[2023-11-08T18:52:42.786+0100][gc,marking    ] GC(577) Concurrent Scan Root Regions
[2023-11-08T18:52:42.787+0100][gc,marking    ] GC(577) Concurrent Scan Root Regions 1,519ms
[2023-11-08T18:52:42.787+0100][gc,marking    ] GC(577) Concurrent Mark (5834,396s)
[2023-11-08T18:52:42.787+0100][gc,marking    ] GC(577) Concurrent Mark From Roots
[2023-11-08T18:52:42.787+0100][gc,task       ] GC(577) Using 3 workers of 3 for marking
[2023-11-08T18:52:42.811+0100][gc,marking    ] GC(577) Concurrent Mark From Roots 23,274ms
[2023-11-08T18:52:42.811+0100][gc,marking    ] GC(577) Concurrent Preclean
[2023-11-08T18:52:42.811+0100][gc,marking    ] GC(577) Concurrent Preclean 0,254ms
[2023-11-08T18:52:42.811+0100][gc,marking    ] GC(577) Concurrent Mark (5834,396s, 5834,419s) 23,600ms
[2023-11-08T18:52:42.811+0100][gc,start      ] GC(577) Pause Remark
[2023-11-08T18:52:42.814+0100][gc,stringtable] GC(577) Cleaned string and symbol table, strings: 18387 processed, 0 removed, symbols: 94772 processed, 0 removed
[2023-11-08T18:52:42.814+0100][gc            ] GC(577) Pause Remark 227M->227M(1024M) 3,331ms
[2023-11-08T18:52:42.814+0100][gc,cpu        ] GC(577) User=0,01s Sys=0,02s Real=0,00s
[2023-11-08T18:52:42.814+0100][gc,marking    ] GC(577) Concurrent Rebuild Remembered Sets
[2023-11-08T18:52:42.830+0100][gc,marking    ] GC(577) Concurrent Rebuild Remembered Sets 15,170ms
[2023-11-08T18:52:42.830+0100][gc,start      ] GC(577) Pause Cleanup
[2023-11-08T18:52:42.830+0100][gc            ] GC(577) Pause Cleanup 233M->233M(1024M) 0,285ms
[2023-11-08T18:52:42.830+0100][gc,cpu        ] GC(577) User=0,00s Sys=0,00s Real=0,00s
[2023-11-08T18:52:42.830+0100][gc,marking    ] GC(577) Concurrent Cleanup for Next Mark
[2023-11-08T18:52:42.832+0100][gc,marking    ] GC(577) Concurrent Cleanup for Next Mark 1,605ms
[2023-11-08T18:52:42.832+0100][gc            ] GC(577) Concurrent Cycle 46,552ms
[2023-11-08T18:52:42.935+0100][gc,start      ] GC(578) Pause Young (Normal) (G1 Evacuation Pause)
[2023-11-08T18:52:42.935+0100][gc,task       ] GC(578) Using 13 workers of 13 for evacuation
[2023-11-08T18:52:42.938+0100][gc,phases     ] GC(578)   Pre Evacuate Collection Set: 0,0ms
[2023-11-08T18:52:42.938+0100][gc,phases     ] GC(578)   Evacuate Collection Set: 2,7ms
[2023-11-08T18:52:42.938+0100][gc,phases     ] GC(578)   Post Evacuate Collection Set: 0,4ms
[2023-11-08T18:52:42.938+0100][gc,phases     ] GC(578)   Other: 0,2ms
[2023-11-08T18:52:42.938+0100][gc,heap       ] GC(578) Eden regions: 46->0(225)
[2023-11-08T18:52:42.938+0100][gc,heap       ] GC(578) Survivor regions: 5->4(7)
[2023-11-08T18:52:42.938+0100][gc,heap       ] GC(578) Old regions: 86->87
[2023-11-08T18:52:42.938+0100][gc,heap       ] GC(578) Humongous regions: 129->129
[2023-11-08T18:52:42.938+0100][gc,metaspace  ] GC(578) Metaspace: 48221K(52224K)->48221K(52224K) NonClass: 42264K(44544K)->42264K(44544K) Class: 5956K(7680K)->5956K(7680K)
[2023-11-08T18:52:42.938+0100][gc            ] GC(578) Pause Young (Normal) (G1 Evacuation Pause) 263M->218M(1024M) 3,393ms
[2023-11-08T18:52:42.938+0100][gc,cpu        ] GC(578) User=0,01s Sys=0,01s Real=0,01s
[2023-11-08T18:52:43.700+0100][gc,start      ] GC(579) Pause Young (Concurrent Start) (G1 Evacuation Pause)
[2023-11-08T18:52:43.700+0100][gc,task       ] GC(579) Using 13 workers of 13 for evacuation
[2023-11-08T18:52:43.703+0100][gc,phases     ] GC(579)   Pre Evacuate Collection Set: 0,2ms
[2023-11-08T18:52:43.703+0100][gc,phases     ] GC(579)   Evacuate Collection Set: 2,1ms
[2023-11-08T18:52:43.703+0100][gc,phases     ] GC(579)   Post Evacuate Collection Set: 0,6ms
[2023-11-08T18:52:43.703+0100][gc,phases     ] GC(579)   Other: 0,3ms
[2023-11-08T18:52:43.703+0100][gc,heap       ] GC(579) Eden regions: 225->0(263)
[2023-11-08T18:52:43.703+0100][gc,heap       ] GC(579) Survivor regions: 4->4(29)
[2023-11-08T18:52:43.703+0100][gc,heap       ] GC(579) Old regions: 87->87
[2023-11-08T18:52:43.703+0100][gc,heap       ] GC(579) Humongous regions: 129->129
[2023-11-08T18:52:43.703+0100][gc,metaspace  ] GC(579) Metaspace: 48221K(52224K)->48221K(52224K) NonClass: 42264K(44544K)->42264K(44544K) Class: 5956K(7680K)->5956K(7680K)
[2023-11-08T18:52:43.703+0100][gc            ] GC(579) Pause Young (Concurrent Start) (G1 Evacuation Pause) 443M->218M(1024M) 3,222ms
[2023-11-08T18:52:43.703+0100][gc,cpu        ] GC(579) User=0,01s Sys=0,01s Real=0,01s
[2023-11-08T18:52:43.703+0100][gc            ] GC(580) Concurrent Cycle
[2023-11-08T18:52:43.703+0100][gc,marking    ] GC(580) Concurrent Clear Claimed Marks
[2023-11-08T18:52:43.704+0100][gc,marking    ] GC(580) Concurrent Clear Claimed Marks 0,324ms
[2023-11-08T18:52:43.704+0100][gc,marking    ] GC(580) Concurrent Scan Root Regions
[2023-11-08T18:52:43.706+0100][gc,marking    ] GC(580) Concurrent Scan Root Regions 1,903ms
[2023-11-08T18:52:43.706+0100][gc,marking    ] GC(580) Concurrent Mark (5835,314s)
[2023-11-08T18:52:43.706+0100][gc,marking    ] GC(580) Concurrent Mark From Roots
[2023-11-08T18:52:43.706+0100][gc,task       ] GC(580) Using 3 workers of 3 for marking
[2023-11-08T18:52:43.730+0100][gc,marking    ] GC(580) Concurrent Mark From Roots 24,059ms
[2023-11-08T18:52:43.730+0100][gc,marking    ] GC(580) Concurrent Preclean
[2023-11-08T18:52:43.730+0100][gc,marking    ] GC(580) Concurrent Preclean 0,228ms
[2023-11-08T18:52:43.730+0100][gc,marking    ] GC(580) Concurrent Mark (5835,314s, 5835,339s) 24,353ms
[2023-11-08T18:52:43.730+0100][gc,start      ] GC(580) Pause Remark
[2023-11-08T18:52:43.734+0100][gc,stringtable] GC(580) Cleaned string and symbol table, strings: 18387 processed, 0 removed, symbols: 94772 processed, 0 removed
[2023-11-08T18:52:43.734+0100][gc            ] GC(580) Pause Remark 228M->228M(1024M) 3,535ms
[2023-11-08T18:52:43.734+0100][gc,cpu        ] GC(580) User=0,02s Sys=0,02s Real=0,00s
[2023-11-08T18:52:43.734+0100][gc,marking    ] GC(580) Concurrent Rebuild Remembered Sets
[2023-11-08T18:52:43.750+0100][gc,marking    ] GC(580) Concurrent Rebuild Remembered Sets 15,830ms
[2023-11-08T18:52:43.750+0100][gc,start      ] GC(580) Pause Cleanup
[2023-11-08T18:52:43.750+0100][gc            ] GC(580) Pause Cleanup 235M->235M(1024M) 0,294ms
[2023-11-08T18:52:43.750+0100][gc,cpu        ] GC(580) User=0,00s Sys=0,00s Real=0,00s
[2023-11-08T18:52:43.750+0100][gc,marking    ] GC(580) Concurrent Cleanup for Next Mark
[2023-11-08T18:52:43.753+0100][gc,marking    ] GC(580) Concurrent Cleanup for Next Mark 2,337ms
[2023-11-08T18:52:43.753+0100][gc            ] GC(580) Concurrent Cycle 49,282ms
[2023-11-08T18:52:44.043+0100][gc,start      ] GC(581) Pause Young (Normal) (G1 Evacuation Pause)
[2023-11-08T18:52:44.043+0100][gc,task       ] GC(581) Using 13 workers of 13 for evacuation
[2023-11-08T18:52:44.046+0100][gc,phases     ] GC(581)   Pre Evacuate Collection Set: 0,0ms
[2023-11-08T18:52:44.046+0100][gc,phases     ] GC(581)   Evacuate Collection Set: 2,7ms
[2023-11-08T18:52:44.046+0100][gc,phases     ] GC(581)   Post Evacuate Collection Set: 0,5ms
[2023-11-08T18:52:44.046+0100][gc,phases     ] GC(581)   Other: 0,2ms
[2023-11-08T18:52:44.046+0100][gc,heap       ] GC(581) Eden regions: 101->0(204)
[2023-11-08T18:52:44.046+0100][gc,heap       ] GC(581) Survivor regions: 4->5(14)
[2023-11-08T18:52:44.046+0100][gc,heap       ] GC(581) Old regions: 87->87
[2023-11-08T18:52:44.046+0100][gc,heap       ] GC(581) Humongous regions: 129->129
[2023-11-08T18:52:44.047+0100][gc,metaspace  ] GC(581) Metaspace: 48221K(52224K)->48221K(52224K) NonClass: 42264K(44544K)->42264K(44544K) Class: 5956K(7680K)->5956K(7680K)
[2023-11-08T18:52:44.047+0100][gc            ] GC(581) Pause Young (Normal) (G1 Evacuation Pause) 319M->218M(1024M) 3,656ms
[2023-11-08T18:52:44.047+0100][gc,cpu        ] GC(581) User=0,02s Sys=0,02s Real=0,00s
[2023-11-08T18:52:44.759+0100][gc,start      ] GC(582) Pause Young (Normal) (G1 Evacuation Pause)
[2023-11-08T18:52:44.759+0100][gc,task       ] GC(582) Using 13 workers of 13 for evacuation
[2023-11-08T18:52:44.762+0100][gc,phases     ] GC(582)   Pre Evacuate Collection Set: 0,0ms
[2023-11-08T18:52:44.762+0100][gc,phases     ] GC(582)   Evacuate Collection Set: 2,1ms
[2023-11-08T18:52:44.762+0100][gc,phases     ] GC(582)   Post Evacuate Collection Set: 0,5ms
[2023-11-08T18:52:44.762+0100][gc,phases     ] GC(582)   Other: 0,2ms
[2023-11-08T18:52:44.762+0100][gc,heap       ] GC(582) Eden regions: 204->0(252)
[2023-11-08T18:52:44.762+0100][gc,heap       ] GC(582) Survivor regions: 5->5(27)
[2023-11-08T18:52:44.762+0100][gc,heap       ] GC(582) Old regions: 87->87
[2023-11-08T18:52:44.762+0100][gc,heap       ] GC(582) Humongous regions: 129->129
[2023-11-08T18:52:44.762+0100][gc,metaspace  ] GC(582) Metaspace: 48221K(52224K)->48221K(52224K) NonClass: 42264K(44544K)->42264K(44544K) Class: 5956K(7680K)->5956K(7680K)
[2023-11-08T18:52:44.762+0100][gc            ] GC(582) Pause Young (Normal) (G1 Evacuation Pause) 422M->219M(1024M) 2,968ms
[2023-11-08T18:52:44.762+0100][gc,cpu        ] GC(582) User=0,02s Sys=0,02s Real=0,00s
[2023-11-08T18:52:45.569+0100][gc,start      ] GC(583) Pause Young (Normal) (G1 Evacuation Pause)
[2023-11-08T18:52:45.570+0100][gc,task       ] GC(583) Using 13 workers of 13 for evacuation
[2023-11-08T18:52:45.573+0100][gc,phases     ] GC(583)   Pre Evacuate Collection Set: 0,0ms
[2023-11-08T18:52:45.573+0100][gc,phases     ] GC(583)   Evacuate Collection Set: 3,2ms
[2023-11-08T18:52:45.573+0100][gc,phases     ] GC(583)   Post Evacuate Collection Set: 0,5ms
[2023-11-08T18:52:45.573+0100][gc,phases     ] GC(583)   Other: 0,2ms
[2023-11-08T18:52:45.573+0100][gc,heap       ] GC(583) Eden regions: 252->0(291)
[2023-11-08T18:52:45.573+0100][gc,heap       ] GC(583) Survivor regions: 5->6(33)
[2023-11-08T18:52:45.573+0100][gc,heap       ] GC(583) Old regions: 87->87
[2023-11-08T18:52:45.573+0100][gc,heap       ] GC(583) Humongous regions: 129->129
[2023-11-08T18:52:45.573+0100][gc,metaspace  ] GC(583) Metaspace: 48221K(52224K)->48221K(52224K) NonClass: 42264K(44544K)->42264K(44544K) Class: 5956K(7680K)->5956K(7680K)
[2023-11-08T18:52:45.573+0100][gc            ] GC(583) Pause Young (Normal) (G1 Evacuation Pause) 471M->220M(1024M) 3,907ms
[2023-11-08T18:52:45.573+0100][gc,cpu        ] GC(583) User=0,04s Sys=0,00s Real=0,00s
[2023-11-08T18:52:46.527+0100][gc,start      ] GC(584) Pause Young (Normal) (G1 Evacuation Pause)
[2023-11-08T18:52:46.527+0100][gc,task       ] GC(584) Using 13 workers of 13 for evacuation
[2023-11-08T18:52:46.531+0100][gc,phases     ] GC(584)   Pre Evacuate Collection Set: 0,0ms
[2023-11-08T18:52:46.531+0100][gc,phases     ] GC(584)   Evacuate Collection Set: 3,1ms
[2023-11-08T18:52:46.531+0100][gc,phases     ] GC(584)   Post Evacuate Collection Set: 0,6ms
[2023-11-08T18:52:46.531+0100][gc,phases     ] GC(584)   Other: 0,2ms
[2023-11-08T18:52:46.531+0100][gc,heap       ] GC(584) Eden regions: 291->0(346)
[2023-11-08T18:52:46.531+0100][gc,heap       ] GC(584) Survivor regions: 6->7(38)
[2023-11-08T18:52:46.531+0100][gc,heap       ] GC(584) Old regions: 87->87
[2023-11-08T18:52:46.531+0100][gc,heap       ] GC(584) Humongous regions: 129->129
[2023-11-08T18:52:46.531+0100][gc,metaspace  ] GC(584) Metaspace: 48221K(52224K)->48221K(52224K) NonClass: 42264K(44544K)->42264K(44544K) Class: 5956K(7680K)->5956K(7680K)
[2023-11-08T18:52:46.531+0100][gc            ] GC(584) Pause Young (Normal) (G1 Evacuation Pause) 511M->220M(1024M) 4,061ms
[2023-11-08T18:52:46.531+0100][gc,cpu        ] GC(584) User=0,02s Sys=0,02s Real=0,00s
[2023-11-08T18:52:47.693+0100][gc,start      ] GC(585) Pause Young (Normal) (G1 Evacuation Pause)
[2023-11-08T18:52:47.693+0100][gc,task       ] GC(585) Using 13 workers of 13 for evacuation
[2023-11-08T18:52:47.697+0100][gc,phases     ] GC(585)   Pre Evacuate Collection Set: 0,0ms
[2023-11-08T18:52:47.697+0100][gc,phases     ] GC(585)   Evacuate Collection Set: 3,2ms
[2023-11-08T18:52:47.697+0100][gc,phases     ] GC(585)   Post Evacuate Collection Set: 0,6ms
[2023-11-08T18:52:47.697+0100][gc,phases     ] GC(585)   Other: 0,2ms
[2023-11-08T18:52:47.697+0100][gc,heap       ] GC(585) Eden regions: 346->0(395)
[2023-11-08T18:52:47.697+0100][gc,heap       ] GC(585) Survivor regions: 7->8(45)
[2023-11-08T18:52:47.697+0100][gc,heap       ] GC(585) Old regions: 87->87
[2023-11-08T18:52:47.697+0100][gc,heap       ] GC(585) Humongous regions: 129->129
[2023-11-08T18:52:47.697+0100][gc,metaspace  ] GC(585) Metaspace: 48221K(52224K)->48221K(52224K) NonClass: 42264K(44544K)->42264K(44544K) Class: 5956K(7680K)->5956K(7680K)
[2023-11-08T18:52:47.697+0100][gc            ] GC(585) Pause Young (Normal) (G1 Evacuation Pause) 566M->221M(1024M) 4,076ms
[2023-11-08T18:52:47.697+0100][gc,cpu        ] GC(585) User=0,04s Sys=0,00s Real=0,01s
[2023-11-08T18:52:49.002+0100][gc,start      ] GC(586) Pause Young (Concurrent Start) (G1 Evacuation Pause)
[2023-11-08T18:52:49.002+0100][gc,task       ] GC(586) Using 13 workers of 13 for evacuation
[2023-11-08T18:52:49.008+0100][gc,phases     ] GC(586)   Pre Evacuate Collection Set: 0,3ms
[2023-11-08T18:52:49.008+0100][gc,phases     ] GC(586)   Evacuate Collection Set: 4,3ms
[2023-11-08T18:52:49.008+0100][gc,phases     ] GC(586)   Post Evacuate Collection Set: 0,6ms
[2023-11-08T18:52:49.008+0100][gc,phases     ] GC(586)   Other: 0,3ms
[2023-11-08T18:52:49.008+0100][gc,heap       ] GC(586) Eden regions: 395->0(428)
[2023-11-08T18:52:49.008+0100][gc,heap       ] GC(586) Survivor regions: 8->9(51)
[2023-11-08T18:52:49.008+0100][gc,heap       ] GC(586) Old regions: 87->87
[2023-11-08T18:52:49.008+0100][gc,heap       ] GC(586) Humongous regions: 129->129
[2023-11-08T18:52:49.008+0100][gc,metaspace  ] GC(586) Metaspace: 48221K(52224K)->48221K(52224K) NonClass: 42264K(44544K)->42264K(44544K) Class: 5956K(7680K)->5956K(7680K)
[2023-11-08T18:52:49.008+0100][gc            ] GC(586) Pause Young (Concurrent Start) (G1 Evacuation Pause) 616M->223M(1024M) 5,644ms
[2023-11-08T18:52:49.008+0100][gc,cpu        ] GC(586) User=0,04s Sys=0,00s Real=0,01s
[2023-11-08T18:52:49.008+0100][gc            ] GC(587) Concurrent Cycle
[2023-11-08T18:52:49.008+0100][gc,marking    ] GC(587) Concurrent Clear Claimed Marks
[2023-11-08T18:52:49.008+0100][gc,marking    ] GC(587) Concurrent Clear Claimed Marks 0,194ms
[2023-11-08T18:52:49.008+0100][gc,marking    ] GC(587) Concurrent Scan Root Regions
[2023-11-08T18:52:49.012+0100][gc,marking    ] GC(587) Concurrent Scan Root Regions 3,498ms
[2023-11-08T18:52:49.012+0100][gc,marking    ] GC(587) Concurrent Mark (5840,620s)
[2023-11-08T18:52:49.012+0100][gc,marking    ] GC(587) Concurrent Mark From Roots
[2023-11-08T18:52:49.012+0100][gc,task       ] GC(587) Using 3 workers of 3 for marking
[2023-11-08T18:52:49.039+0100][gc,marking    ] GC(587) Concurrent Mark From Roots 27,290ms
[2023-11-08T18:52:49.039+0100][gc,marking    ] GC(587) Concurrent Preclean
[2023-11-08T18:52:49.040+0100][gc,marking    ] GC(587) Concurrent Preclean 0,260ms
[2023-11-08T18:52:49.040+0100][gc,marking    ] GC(587) Concurrent Mark (5840,620s, 5840,648s) 27,622ms
[2023-11-08T18:52:49.040+0100][gc,start      ] GC(587) Pause Remark
[2023-11-08T18:52:49.044+0100][gc,stringtable] GC(587) Cleaned string and symbol table, strings: 18387 processed, 0 removed, symbols: 94772 processed, 0 removed
[2023-11-08T18:52:49.044+0100][gc            ] GC(587) Pause Remark 228M->228M(1024M) 4,320ms
[2023-11-08T18:52:49.044+0100][gc,cpu        ] GC(587) User=0,04s Sys=0,00s Real=0,01s
[2023-11-08T18:52:49.044+0100][gc,marking    ] GC(587) Concurrent Rebuild Remembered Sets
[2023-11-08T18:52:49.058+0100][gc,marking    ] GC(587) Concurrent Rebuild Remembered Sets 14,312ms
[2023-11-08T18:52:49.059+0100][gc,start      ] GC(587) Pause Cleanup
[2023-11-08T18:52:49.059+0100][gc            ] GC(587) Pause Cleanup 234M->234M(1024M) 0,277ms
[2023-11-08T18:52:49.059+0100][gc,cpu        ] GC(587) User=0,00s Sys=0,00s Real=0,00s
[2023-11-08T18:52:49.059+0100][gc,marking    ] GC(587) Concurrent Cleanup for Next Mark
[2023-11-08T18:52:49.061+0100][gc,marking    ] GC(587) Concurrent Cleanup for Next Mark 1,945ms
[2023-11-08T18:52:49.061+0100][gc            ] GC(587) Concurrent Cycle 52,854ms
[2023-11-08T18:52:49.161+0100][gc,start      ] GC(588) Pause Young (Normal) (G1 Evacuation Pause)
[2023-11-08T18:52:49.161+0100][gc,task       ] GC(588) Using 13 workers of 13 for evacuation
[2023-11-08T18:52:49.166+0100][gc,phases     ] GC(588)   Pre Evacuate Collection Set: 0,0ms
[2023-11-08T18:52:49.166+0100][gc,phases     ] GC(588)   Evacuate Collection Set: 4,1ms
[2023-11-08T18:52:49.166+0100][gc,phases     ] GC(588)   Post Evacuate Collection Set: 0,5ms
[2023-11-08T18:52:49.166+0100][gc,phases     ] GC(588)   Other: 0,2ms
[2023-11-08T18:52:49.166+0100][gc,heap       ] GC(588) Eden regions: 42->0(283)
[2023-11-08T18:52:49.166+0100][gc,heap       ] GC(588) Survivor regions: 9->4(7)
[2023-11-08T18:52:49.166+0100][gc,heap       ] GC(588) Old regions: 87->93
[2023-11-08T18:52:49.166+0100][gc,heap       ] GC(588) Humongous regions: 129->129
[2023-11-08T18:52:49.166+0100][gc,metaspace  ] GC(588) Metaspace: 48221K(52224K)->48221K(52224K) NonClass: 42264K(44544K)->42264K(44544K) Class: 5956K(7680K)->5956K(7680K)
[2023-11-08T18:52:49.166+0100][gc            ] GC(588) Pause Young (Normal) (G1 Evacuation Pause) 265M->223M(1024M) 4,990ms
[2023-11-08T18:52:49.166+0100][gc,cpu        ] GC(588) User=0,06s Sys=0,00s Real=0,01s
[2023-11-08T18:52:50.112+0100][gc,start      ] GC(589) Pause Young (Concurrent Start) (G1 Evacuation Pause)
[2023-11-08T18:52:50.112+0100][gc,task       ] GC(589) Using 13 workers of 13 for evacuation
[2023-11-08T18:52:50.116+0100][gc,phases     ] GC(589)   Pre Evacuate Collection Set: 0,2ms
[2023-11-08T18:52:50.116+0100][gc,phases     ] GC(589)   Evacuate Collection Set: 2,8ms
[2023-11-08T18:52:50.116+0100][gc,phases     ] GC(589)   Post Evacuate Collection Set: 0,6ms
[2023-11-08T18:52:50.116+0100][gc,phases     ] GC(589)   Other: 0,2ms
[2023-11-08T18:52:50.116+0100][gc,heap       ] GC(589) Eden regions: 283->0(284)
[2023-11-08T18:52:50.116+0100][gc,heap       ] GC(589) Survivor regions: 4->5(36)
[2023-11-08T18:52:50.116+0100][gc,heap       ] GC(589) Old regions: 93->93
[2023-11-08T18:52:50.116+0100][gc,heap       ] GC(589) Humongous regions: 129->129
[2023-11-08T18:52:50.116+0100][gc,metaspace  ] GC(589) Metaspace: 48221K(52224K)->48221K(52224K) NonClass: 42264K(44544K)->42264K(44544K) Class: 5956K(7680K)->5956K(7680K)
[2023-11-08T18:52:50.116+0100][gc            ] GC(589) Pause Young (Concurrent Start) (G1 Evacuation Pause) 506M->223M(1024M) 4,031ms
[2023-11-08T18:52:50.116+0100][gc,cpu        ] GC(589) User=0,04s Sys=0,00s Real=0,01s
[2023-11-08T18:52:50.116+0100][gc            ] GC(590) Concurrent Cycle
[2023-11-08T18:52:50.116+0100][gc,marking    ] GC(590) Concurrent Clear Claimed Marks
[2023-11-08T18:52:50.116+0100][gc,marking    ] GC(590) Concurrent Clear Claimed Marks 0,292ms
[2023-11-08T18:52:50.116+0100][gc,marking    ] GC(590) Concurrent Scan Root Regions
[2023-11-08T18:52:50.118+0100][gc,marking    ] GC(590) Concurrent Scan Root Regions 1,561ms
[2023-11-08T18:52:50.118+0100][gc,marking    ] GC(590) Concurrent Mark (5841,727s)
[2023-11-08T18:52:50.118+0100][gc,marking    ] GC(590) Concurrent Mark From Roots
[2023-11-08T18:52:50.118+0100][gc,task       ] GC(590) Using 3 workers of 3 for marking
[2023-11-08T18:52:50.145+0100][gc,marking    ] GC(590) Concurrent Mark From Roots 27,298ms
[2023-11-08T18:52:50.145+0100][gc,marking    ] GC(590) Concurrent Preclean
[2023-11-08T18:52:50.146+0100][gc,marking    ] GC(590) Concurrent Preclean 0,237ms
[2023-11-08T18:52:50.146+0100][gc,marking    ] GC(590) Concurrent Mark (5841,727s, 5841,754s) 27,599ms
[2023-11-08T18:52:50.146+0100][gc,start      ] GC(590) Pause Remark
[2023-11-08T18:52:50.150+0100][gc,stringtable] GC(590) Cleaned string and symbol table, strings: 18387 processed, 0 removed, symbols: 94772 processed, 0 removed
[2023-11-08T18:52:50.150+0100][gc            ] GC(590) Pause Remark 232M->232M(1024M) 4,345ms
[2023-11-08T18:52:50.150+0100][gc,cpu        ] GC(590) User=0,01s Sys=0,02s Real=0,00s
[2023-11-08T18:52:50.150+0100][gc,marking    ] GC(590) Concurrent Rebuild Remembered Sets
[2023-11-08T18:52:50.167+0100][gc,marking    ] GC(590) Concurrent Rebuild Remembered Sets 16,895ms
[2023-11-08T18:52:50.167+0100][gc,start      ] GC(590) Pause Cleanup
[2023-11-08T18:52:50.167+0100][gc            ] GC(590) Pause Cleanup 236M->236M(1024M) 0,198ms
[2023-11-08T18:52:50.167+0100][gc,cpu        ] GC(590) User=0,00s Sys=0,00s Real=0,00s
[2023-11-08T18:52:50.168+0100][gc,marking    ] GC(590) Concurrent Cleanup for Next Mark
[2023-11-08T18:52:50.169+0100][gc,marking    ] GC(590) Concurrent Cleanup for Next Mark 1,801ms
[2023-11-08T18:52:50.169+0100][gc            ] GC(590) Concurrent Cycle 53,283ms
[2023-11-08T18:52:50.344+0100][gc,start      ] GC(591) Pause Young (Normal) (G1 Evacuation Pause)
[2023-11-08T18:52:50.344+0100][gc,task       ] GC(591) Using 13 workers of 13 for evacuation
[2023-11-08T18:52:50.348+0100][gc,phases     ] GC(591)   Pre Evacuate Collection Set: 0,0ms
[2023-11-08T18:52:50.348+0100][gc,phases     ] GC(591)   Evacuate Collection Set: 4,1ms
[2023-11-08T18:52:50.349+0100][gc,phases     ] GC(591)   Post Evacuate Collection Set: 0,5ms
[2023-11-08T18:52:50.349+0100][gc,phases     ] GC(591)   Other: 0,3ms
[2023-11-08T18:52:50.349+0100][gc,heap       ] GC(591) Eden regions: 66->0(339)
[2023-11-08T18:52:50.349+0100][gc,heap       ] GC(591) Survivor regions: 5->5(9)
[2023-11-08T18:52:50.349+0100][gc,heap       ] GC(591) Old regions: 93->93
[2023-11-08T18:52:50.349+0100][gc,heap       ] GC(591) Humongous regions: 129->129
[2023-11-08T18:52:50.349+0100][gc,metaspace  ] GC(591) Metaspace: 48221K(52224K)->48221K(52224K) NonClass: 42264K(44544K)->42264K(44544K) Class: 5956K(7680K)->5956K(7680K)
[2023-11-08T18:52:50.349+0100][gc            ] GC(591) Pause Young (Normal) (G1 Evacuation Pause) 289M->224M(1024M) 5,017ms
[2023-11-08T18:52:50.349+0100][gc,cpu        ] GC(591) User=0,05s Sys=0,00s Real=0,00s
[2023-11-08T18:52:51.513+0100][gc,start      ] GC(592) Pause Young (Concurrent Start) (G1 Evacuation Pause)
[2023-11-08T18:52:51.513+0100][gc,task       ] GC(592) Using 13 workers of 13 for evacuation
[2023-11-08T18:52:51.518+0100][gc,phases     ] GC(592)   Pre Evacuate Collection Set: 0,2ms
[2023-11-08T18:52:51.518+0100][gc,phases     ] GC(592)   Evacuate Collection Set: 4,0ms
[2023-11-08T18:52:51.518+0100][gc,phases     ] GC(592)   Post Evacuate Collection Set: 0,5ms
[2023-11-08T18:52:51.518+0100][gc,phases     ] GC(592)   Other: 0,3ms
[2023-11-08T18:52:51.518+0100][gc,heap       ] GC(592) Eden regions: 339->0(367)
[2023-11-08T18:52:51.518+0100][gc,heap       ] GC(592) Survivor regions: 5->6(43)
[2023-11-08T18:52:51.518+0100][gc,heap       ] GC(592) Old regions: 93->93
[2023-11-08T18:52:51.518+0100][gc,heap       ] GC(592) Humongous regions: 129->129
[2023-11-08T18:52:51.518+0100][gc,metaspace  ] GC(592) Metaspace: 48221K(52224K)->48221K(52224K) NonClass: 42264K(44544K)->42264K(44544K) Class: 5956K(7680K)->5956K(7680K)
[2023-11-08T18:52:51.518+0100][gc            ] GC(592) Pause Young (Concurrent Start) (G1 Evacuation Pause) 563M->225M(1024M) 5,089ms
[2023-11-08T18:52:51.518+0100][gc,cpu        ] GC(592) User=0,04s Sys=0,00s Real=0,01s
[2023-11-08T18:52:51.518+0100][gc            ] GC(593) Concurrent Cycle
[2023-11-08T18:52:51.518+0100][gc,marking    ] GC(593) Concurrent Clear Claimed Marks
[2023-11-08T18:52:51.519+0100][gc,marking    ] GC(593) Concurrent Clear Claimed Marks 0,311ms
[2023-11-08T18:52:51.519+0100][gc,marking    ] GC(593) Concurrent Scan Root Regions
[2023-11-08T18:52:51.521+0100][gc,marking    ] GC(593) Concurrent Scan Root Regions 2,053ms
[2023-11-08T18:52:51.521+0100][gc,marking    ] GC(593) Concurrent Mark (5843,129s)
[2023-11-08T18:52:51.521+0100][gc,marking    ] GC(593) Concurrent Mark From Roots
[2023-11-08T18:52:51.521+0100][gc,task       ] GC(593) Using 3 workers of 3 for marking
[2023-11-08T18:52:51.543+0100][gc,marking    ] GC(593) Concurrent Mark From Roots 22,756ms
[2023-11-08T18:52:51.543+0100][gc,marking    ] GC(593) Concurrent Preclean
[2023-11-08T18:52:51.544+0100][gc,marking    ] GC(593) Concurrent Preclean 0,249ms
[2023-11-08T18:52:51.544+0100][gc,marking    ] GC(593) Concurrent Mark (5843,129s, 5843,152s) 23,073ms
[2023-11-08T18:52:51.544+0100][gc,start      ] GC(593) Pause Remark
[2023-11-08T18:52:51.548+0100][gc,stringtable] GC(593) Cleaned string and symbol table, strings: 18387 processed, 0 removed, symbols: 94772 processed, 0 removed
[2023-11-08T18:52:51.548+0100][gc            ] GC(593) Pause Remark 235M->235M(1024M) 3,979ms
[2023-11-08T18:52:51.548+0100][gc,cpu        ] GC(593) User=0,04s Sys=0,00s Real=0,00s
[2023-11-08T18:52:51.548+0100][gc,marking    ] GC(593) Concurrent Rebuild Remembered Sets
[2023-11-08T18:52:51.563+0100][gc,marking    ] GC(593) Concurrent Rebuild Remembered Sets 15,016ms
[2023-11-08T18:52:51.563+0100][gc,start      ] GC(593) Pause Cleanup
[2023-11-08T18:52:51.563+0100][gc            ] GC(593) Pause Cleanup 239M->239M(1024M) 0,198ms
[2023-11-08T18:52:51.563+0100][gc,cpu        ] GC(593) User=0,00s Sys=0,00s Real=0,00s
[2023-11-08T18:52:51.563+0100][gc,marking    ] GC(593) Concurrent Cleanup for Next Mark
[2023-11-08T18:52:51.565+0100][gc,marking    ] GC(593) Concurrent Cleanup for Next Mark 1,827ms
[2023-11-08T18:52:51.565+0100][gc            ] GC(593) Concurrent Cycle 47,071ms
[2023-11-08T18:52:51.851+0100][gc,start      ] GC(594) Pause Young (Normal) (G1 Evacuation Pause)
[2023-11-08T18:52:51.851+0100][gc,task       ] GC(594) Using 13 workers of 13 for evacuation
[2023-11-08T18:52:51.855+0100][gc,phases     ] GC(594)   Pre Evacuate Collection Set: 0,0ms
[2023-11-08T18:52:51.855+0100][gc,phases     ] GC(594)   Evacuate Collection Set: 3,6ms
[2023-11-08T18:52:51.855+0100][gc,phases     ] GC(594)   Post Evacuate Collection Set: 0,4ms
[2023-11-08T18:52:51.855+0100][gc,phases     ] GC(594)   Other: 0,2ms
[2023-11-08T18:52:51.855+0100][gc,heap       ] GC(594) Eden regions: 102->0(402)
[2023-11-08T18:52:51.855+0100][gc,heap       ] GC(594) Survivor regions: 6->6(14)
[2023-11-08T18:52:51.855+0100][gc,heap       ] GC(594) Old regions: 93->93
[2023-11-08T18:52:51.855+0100][gc,heap       ] GC(594) Humongous regions: 129->129
[2023-11-08T18:52:51.855+0100][gc,metaspace  ] GC(594) Metaspace: 48221K(52224K)->48221K(52224K) NonClass: 42264K(44544K)->42264K(44544K) Class: 5956K(7680K)->5956K(7680K)
[2023-11-08T18:52:51.855+0100][gc            ] GC(594) Pause Young (Normal) (G1 Evacuation Pause) 327M->225M(1024M) 4,320ms
[2023-11-08T18:52:51.855+0100][gc,cpu        ] GC(594) User=0,02s Sys=0,03s Real=0,01s
[2023-11-08T18:52:53.196+0100][gc,start      ] GC(595) Pause Young (Concurrent Start) (G1 Evacuation Pause)
[2023-11-08T18:52:53.196+0100][gc,task       ] GC(595) Using 13 workers of 13 for evacuation
[2023-11-08T18:52:53.202+0100][gc,phases     ] GC(595)   Pre Evacuate Collection Set: 0,2ms
[2023-11-08T18:52:53.202+0100][gc,phases     ] GC(595)   Evacuate Collection Set: 4,7ms
[2023-11-08T18:52:53.202+0100][gc,phases     ] GC(595)   Post Evacuate Collection Set: 0,6ms
[2023-11-08T18:52:53.202+0100][gc,phases     ] GC(595)   Other: 0,3ms
[2023-11-08T18:52:53.202+0100][gc,heap       ] GC(595) Eden regions: 402->0(424)
[2023-11-08T18:52:53.202+0100][gc,heap       ] GC(595) Survivor regions: 6->7(51)
[2023-11-08T18:52:53.202+0100][gc,heap       ] GC(595) Old regions: 93->93
[2023-11-08T18:52:53.202+0100][gc,heap       ] GC(595) Humongous regions: 129->129
[2023-11-08T18:52:53.202+0100][gc,metaspace  ] GC(595) Metaspace: 48221K(52224K)->48221K(52224K) NonClass: 42264K(44544K)->42264K(44544K) Class: 5956K(7680K)->5956K(7680K)
[2023-11-08T18:52:53.202+0100][gc            ] GC(595) Pause Young (Concurrent Start) (G1 Evacuation Pause) 627M->226M(1024M) 5,943ms
[2023-11-08T18:52:53.202+0100][gc,cpu        ] GC(595) User=0,05s Sys=0,01s Real=0,00s
[2023-11-08T18:52:53.202+0100][gc            ] GC(596) Concurrent Cycle
[2023-11-08T18:52:53.202+0100][gc,marking    ] GC(596) Concurrent Clear Claimed Marks
[2023-11-08T18:52:53.203+0100][gc,marking    ] GC(596) Concurrent Clear Claimed Marks 0,217ms
[2023-11-08T18:52:53.203+0100][gc,marking    ] GC(596) Concurrent Scan Root Regions
[2023-11-08T18:52:53.205+0100][gc,marking    ] GC(596) Concurrent Scan Root Regions 2,059ms
[2023-11-08T18:52:53.205+0100][gc,marking    ] GC(596) Concurrent Mark (5844,813s)
[2023-11-08T18:52:53.205+0100][gc,marking    ] GC(596) Concurrent Mark From Roots
[2023-11-08T18:52:53.205+0100][gc,task       ] GC(596) Using 3 workers of 3 for marking
[2023-11-08T18:52:53.232+0100][gc,marking    ] GC(596) Concurrent Mark From Roots 27,015ms
[2023-11-08T18:52:53.232+0100][gc,marking    ] GC(596) Concurrent Preclean
[2023-11-08T18:52:53.232+0100][gc,marking    ] GC(596) Concurrent Preclean 0,241ms
[2023-11-08T18:52:53.232+0100][gc,marking    ] GC(596) Concurrent Mark (5844,813s, 5844,841s) 27,319ms
[2023-11-08T18:52:53.232+0100][gc,start      ] GC(596) Pause Remark
[2023-11-08T18:52:53.236+0100][gc,stringtable] GC(596) Cleaned string and symbol table, strings: 18387 processed, 0 removed, symbols: 94772 processed, 0 removed
[2023-11-08T18:52:53.236+0100][gc            ] GC(596) Pause Remark 237M->237M(1024M) 3,859ms
[2023-11-08T18:52:53.236+0100][gc,cpu        ] GC(596) User=0,03s Sys=0,00s Real=0,01s
[2023-11-08T18:52:53.236+0100][gc,marking    ] GC(596) Concurrent Rebuild Remembered Sets
[2023-11-08T18:52:53.252+0100][gc,marking    ] GC(596) Concurrent Rebuild Remembered Sets 15,979ms
[2023-11-08T18:52:53.252+0100][gc,start      ] GC(596) Pause Cleanup
[2023-11-08T18:52:53.252+0100][gc            ] GC(596) Pause Cleanup 242M->242M(1024M) 0,205ms
[2023-11-08T18:52:53.252+0100][gc,cpu        ] GC(596) User=0,00s Sys=0,00s Real=0,00s
[2023-11-08T18:52:53.253+0100][gc,marking    ] GC(596) Concurrent Cleanup for Next Mark
[2023-11-08T18:52:53.254+0100][gc,marking    ] GC(596) Concurrent Cleanup for Next Mark 1,826ms
[2023-11-08T18:52:53.254+0100][gc            ] GC(596) Concurrent Cycle 52,041ms
[2023-11-08T18:52:53.345+0100][gc,start      ] GC(597) Pause Young (Normal) (G1 Evacuation Pause)
[2023-11-08T18:52:53.345+0100][gc,task       ] GC(597) Using 13 workers of 13 for evacuation
[2023-11-08T18:52:53.350+0100][gc,phases     ] GC(597)   Pre Evacuate Collection Set: 0,0ms
[2023-11-08T18:52:53.350+0100][gc,phases     ] GC(597)   Evacuate Collection Set: 4,3ms
[2023-11-08T18:52:53.350+0100][gc,phases     ] GC(597)   Post Evacuate Collection Set: 0,5ms
[2023-11-08T18:52:53.350+0100][gc,phases     ] GC(597)   Other: 0,2ms
[2023-11-08T18:52:53.350+0100][gc,heap       ] GC(597) Eden regions: 44->0(291)
[2023-11-08T18:52:53.350+0100][gc,heap       ] GC(597) Survivor regions: 7->5(7)
[2023-11-08T18:52:53.350+0100][gc,heap       ] GC(597) Old regions: 93->95
[2023-11-08T18:52:53.350+0100][gc,heap       ] GC(597) Humongous regions: 129->129
[2023-11-08T18:52:53.350+0100][gc,metaspace  ] GC(597) Metaspace: 48221K(52224K)->48221K(52224K) NonClass: 42264K(44544K)->42264K(44544K) Class: 5956K(7680K)->5956K(7680K)
[2023-11-08T18:52:53.350+0100][gc            ] GC(597) Pause Young (Normal) (G1 Evacuation Pause) 270M->226M(1024M) 5,205ms
[2023-11-08T18:52:53.351+0100][gc,cpu        ] GC(597) User=0,05s Sys=0,00s Real=0,00s
[2023-11-08T18:52:54.307+0100][gc,start      ] GC(598) Pause Young (Concurrent Start) (G1 Evacuation Pause)
[2023-11-08T18:52:54.307+0100][gc,task       ] GC(598) Using 13 workers of 13 for evacuation
[2023-11-08T18:52:54.310+0100][gc,phases     ] GC(598)   Pre Evacuate Collection Set: 0,2ms
[2023-11-08T18:52:54.310+0100][gc,phases     ] GC(598)   Evacuate Collection Set: 2,2ms
[2023-11-08T18:52:54.310+0100][gc,phases     ] GC(598)   Post Evacuate Collection Set: 0,5ms
[2023-11-08T18:52:54.310+0100][gc,phases     ] GC(598)   Other: 0,2ms
[2023-11-08T18:52:54.310+0100][gc,heap       ] GC(598) Eden regions: 291->0(355)
[2023-11-08T18:52:54.310+0100][gc,heap       ] GC(598) Survivor regions: 5->5(37)
[2023-11-08T18:52:54.310+0100][gc,heap       ] GC(598) Old regions: 95->95
[2023-11-08T18:52:54.310+0100][gc,heap       ] GC(598) Humongous regions: 129->129
[2023-11-08T18:52:54.310+0100][gc,metaspace  ] GC(598) Metaspace: 48221K(52224K)->48221K(52224K) NonClass: 42264K(44544K)->42264K(44544K) Class: 5956K(7680K)->5956K(7680K)
[2023-11-08T18:52:54.310+0100][gc            ] GC(598) Pause Young (Concurrent Start) (G1 Evacuation Pause) 517M->227M(1024M) 3,188ms
[2023-11-08T18:52:54.310+0100][gc,cpu        ] GC(598) User=0,01s Sys=0,02s Real=0,00s
[2023-11-08T18:52:54.310+0100][gc            ] GC(599) Concurrent Cycle
[2023-11-08T18:52:54.310+0100][gc,marking    ] GC(599) Concurrent Clear Claimed Marks
[2023-11-08T18:52:54.310+0100][gc,marking    ] GC(599) Concurrent Clear Claimed Marks 0,350ms
[2023-11-08T18:52:54.310+0100][gc,marking    ] GC(599) Concurrent Scan Root Regions
[2023-11-08T18:52:54.312+0100][gc,marking    ] GC(599) Concurrent Scan Root Regions 1,597ms
[2023-11-08T18:52:54.312+0100][gc,marking    ] GC(599) Concurrent Mark (5845,921s)
[2023-11-08T18:52:54.312+0100][gc,marking    ] GC(599) Concurrent Mark From Roots
[2023-11-08T18:52:54.312+0100][gc,task       ] GC(599) Using 3 workers of 3 for marking
[2023-11-08T18:52:54.337+0100][gc,marking    ] GC(599) Concurrent Mark From Roots 24,734ms
[2023-11-08T18:52:54.337+0100][gc,marking    ] GC(599) Concurrent Preclean
[2023-11-08T18:52:54.337+0100][gc,marking    ] GC(599) Concurrent Preclean 0,228ms
[2023-11-08T18:52:54.337+0100][gc,marking    ] GC(599) Concurrent Mark (5845,921s, 5845,946s) 25,025ms
[2023-11-08T18:52:54.337+0100][gc,start      ] GC(599) Pause Remark
[2023-11-08T18:52:54.340+0100][gc,stringtable] GC(599) Cleaned string and symbol table, strings: 18387 processed, 0 removed, symbols: 94772 processed, 0 removed
[2023-11-08T18:52:54.340+0100][gc            ] GC(599) Pause Remark 238M->238M(1024M) 3,185ms
[2023-11-08T18:52:54.340+0100][gc,cpu        ] GC(599) User=0,03s Sys=0,00s Real=0,00s
[2023-11-08T18:52:54.340+0100][gc,marking    ] GC(599) Concurrent Rebuild Remembered Sets
[2023-11-08T18:52:54.358+0100][gc,marking    ] GC(599) Concurrent Rebuild Remembered Sets 17,119ms
[2023-11-08T18:52:54.358+0100][gc,start      ] GC(599) Pause Cleanup
[2023-11-08T18:52:54.358+0100][gc            ] GC(599) Pause Cleanup 242M->242M(1024M) 0,168ms
[2023-11-08T18:52:54.358+0100][gc,cpu        ] GC(599) User=0,00s Sys=0,00s Real=0,00s
[2023-11-08T18:52:54.358+0100][gc,marking    ] GC(599) Concurrent Cleanup for Next Mark
[2023-11-08T18:52:54.360+0100][gc,marking    ] GC(599) Concurrent Cleanup for Next Mark 1,955ms
[2023-11-08T18:52:54.360+0100][gc            ] GC(599) Concurrent Cycle 49,992ms
[2023-11-08T18:52:54.556+0100][gc,start      ] GC(600) Pause Young (Prepare Mixed) (G1 Evacuation Pause)
[2023-11-08T18:52:54.556+0100][gc,task       ] GC(600) Using 13 workers of 13 for evacuation
[2023-11-08T18:52:54.560+0100][gc,phases     ] GC(600)   Pre Evacuate Collection Set: 0,0ms
[2023-11-08T18:52:54.560+0100][gc,phases     ] GC(600)   Evacuate Collection Set: 3,3ms
[2023-11-08T18:52:54.560+0100][gc,phases     ] GC(600)   Post Evacuate Collection Set: 0,4ms
[2023-11-08T18:52:54.560+0100][gc,phases     ] GC(600)   Other: 0,2ms
[2023-11-08T18:52:54.560+0100][gc,heap       ] GC(600) Eden regions: 75->0(46)
[2023-11-08T18:52:54.560+0100][gc,heap       ] GC(600) Survivor regions: 5->5(10)
[2023-11-08T18:52:54.560+0100][gc,heap       ] GC(600) Old regions: 95->95
[2023-11-08T18:52:54.560+0100][gc,heap       ] GC(600) Humongous regions: 129->129
[2023-11-08T18:52:54.560+0100][gc,metaspace  ] GC(600) Metaspace: 48221K(52224K)->48221K(52224K) NonClass: 42264K(44544K)->42264K(44544K) Class: 5956K(7680K)->5956K(7680K)
[2023-11-08T18:52:54.560+0100][gc            ] GC(600) Pause Young (Prepare Mixed) (G1 Evacuation Pause) 302M->227M(1024M) 4,076ms
[2023-11-08T18:52:54.560+0100][gc,cpu        ] GC(600) User=0,04s Sys=0,00s Real=0,00s
[2023-11-08T18:52:54.711+0100][gc,start      ] GC(601) Pause Young (Mixed) (G1 Evacuation Pause)
[2023-11-08T18:52:54.711+0100][gc,task       ] GC(601) Using 13 workers of 13 for evacuation
[2023-11-08T18:52:54.714+0100][gc,phases     ] GC(601)   Pre Evacuate Collection Set: 0,0ms
[2023-11-08T18:52:54.714+0100][gc,phases     ] GC(601)   Evacuate Collection Set: 2,9ms
[2023-11-08T18:52:54.714+0100][gc,phases     ] GC(601)   Post Evacuate Collection Set: 0,5ms
[2023-11-08T18:52:54.714+0100][gc,phases     ] GC(601)   Other: 0,3ms
[2023-11-08T18:52:54.714+0100][gc,heap       ] GC(601) Eden regions: 46->0(401)
[2023-11-08T18:52:54.714+0100][gc,heap       ] GC(601) Survivor regions: 5->4(7)
[2023-11-08T18:52:54.714+0100][gc,heap       ] GC(601) Old regions: 95->96
[2023-11-08T18:52:54.714+0100][gc,heap       ] GC(601) Humongous regions: 129->129
[2023-11-08T18:52:54.714+0100][gc,metaspace  ] GC(601) Metaspace: 48221K(52224K)->48221K(52224K) NonClass: 42264K(44544K)->42264K(44544K) Class: 5956K(7680K)->5956K(7680K)
[2023-11-08T18:52:54.715+0100][gc            ] GC(601) Pause Young (Mixed) (G1 Evacuation Pause) 273M->226M(1024M) 3,797ms
[2023-11-08T18:52:54.715+0100][gc,cpu        ] GC(601) User=0,02s Sys=0,02s Real=0,00s
[2023-11-08T18:52:56.037+0100][gc,start      ] GC(602) Pause Young (Normal) (G1 Evacuation Pause)
[2023-11-08T18:52:56.037+0100][gc,task       ] GC(602) Using 13 workers of 13 for evacuation
[2023-11-08T18:52:56.040+0100][gc,phases     ] GC(602)   Pre Evacuate Collection Set: 0,0ms
[2023-11-08T18:52:56.040+0100][gc,phases     ] GC(602)   Evacuate Collection Set: 2,6ms
[2023-11-08T18:52:56.040+0100][gc,phases     ] GC(602)   Post Evacuate Collection Set: 0,5ms
[2023-11-08T18:52:56.040+0100][gc,phases     ] GC(602)   Other: 0,2ms
[2023-11-08T18:52:56.040+0100][gc,heap       ] GC(602) Eden regions: 401->0(378)
[2023-11-08T18:52:56.040+0100][gc,heap       ] GC(602) Survivor regions: 4->5(51)
[2023-11-08T18:52:56.040+0100][gc,heap       ] GC(602) Old regions: 96->96
[2023-11-08T18:52:56.040+0100][gc,heap       ] GC(602) Humongous regions: 129->129
[2023-11-08T18:52:56.040+0100][gc,metaspace  ] GC(602) Metaspace: 48221K(52224K)->48221K(52224K) NonClass: 42264K(44544K)->42264K(44544K) Class: 5956K(7680K)->5956K(7680K)
[2023-11-08T18:52:56.040+0100][gc            ] GC(602) Pause Young (Normal) (G1 Evacuation Pause) 627M->227M(1024M) 3,542ms
[2023-11-08T18:52:56.040+0100][gc,cpu        ] GC(602) User=0,04s Sys=0,00s Real=0,00s
[2023-11-08T18:52:57.329+0100][gc,start      ] GC(603) Pause Young (Normal) (G1 Evacuation Pause)
[2023-11-08T18:52:57.329+0100][gc,task       ] GC(603) Using 13 workers of 13 for evacuation
[2023-11-08T18:52:57.333+0100][gc,phases     ] GC(603)   Pre Evacuate Collection Set: 0,0ms
[2023-11-08T18:52:57.333+0100][gc,phases     ] GC(603)   Evacuate Collection Set: 3,1ms
[2023-11-08T18:52:57.333+0100][gc,phases     ] GC(603)   Post Evacuate Collection Set: 0,7ms
[2023-11-08T18:52:57.333+0100][gc,phases     ] GC(603)   Other: 0,3ms
[2023-11-08T18:52:57.333+0100][gc,heap       ] GC(603) Eden regions: 378->0(415)
[2023-11-08T18:52:57.333+0100][gc,heap       ] GC(603) Survivor regions: 5->6(48)
[2023-11-08T18:52:57.333+0100][gc,heap       ] GC(603) Old regions: 96->96
[2023-11-08T18:52:57.334+0100][gc,heap       ] GC(603) Humongous regions: 129->129
[2023-11-08T18:52:57.334+0100][gc,metaspace  ] GC(603) Metaspace: 48221K(52224K)->48221K(52224K) NonClass: 42264K(44544K)->42264K(44544K) Class: 5956K(7680K)->5956K(7680K)
[2023-11-08T18:52:57.334+0100][gc            ] GC(603) Pause Young (Normal) (G1 Evacuation Pause) 605M->228M(1024M) 4,246ms
[2023-11-08T18:52:57.334+0100][gc,cpu        ] GC(603) User=0,04s Sys=0,00s Real=0,00s
[2023-11-08T18:52:58.671+0100][gc,start      ] GC(604) Pause Young (Concurrent Start) (G1 Evacuation Pause)
[2023-11-08T18:52:58.671+0100][gc,task       ] GC(604) Using 13 workers of 13 for evacuation
[2023-11-08T18:52:58.678+0100][gc,phases     ] GC(604)   Pre Evacuate Collection Set: 0,3ms
[2023-11-08T18:52:58.678+0100][gc,phases     ] GC(604)   Evacuate Collection Set: 5,6ms
[2023-11-08T18:52:58.678+0100][gc,phases     ] GC(604)   Post Evacuate Collection Set: 0,6ms
[2023-11-08T18:52:58.678+0100][gc,phases     ] GC(604)   Other: 0,3ms
[2023-11-08T18:52:58.678+0100][gc,heap       ] GC(604) Eden regions: 415->0(430)
[2023-11-08T18:52:58.678+0100][gc,heap       ] GC(604) Survivor regions: 6->7(53)
[2023-11-08T18:52:58.678+0100][gc,heap       ] GC(604) Old regions: 96->96
[2023-11-08T18:52:58.678+0100][gc,heap       ] GC(604) Humongous regions: 129->129
[2023-11-08T18:52:58.678+0100][gc,metaspace  ] GC(604) Metaspace: 48221K(52224K)->48221K(52224K) NonClass: 42264K(44544K)->42264K(44544K) Class: 5956K(7680K)->5956K(7680K)
[2023-11-08T18:52:58.678+0100][gc            ] GC(604) Pause Young (Concurrent Start) (G1 Evacuation Pause) 643M->229M(1024M) 6,945ms
[2023-11-08T18:52:58.678+0100][gc,cpu        ] GC(604) User=0,04s Sys=0,01s Real=0,01s
[2023-11-08T18:52:58.678+0100][gc            ] GC(605) Concurrent Cycle
[2023-11-08T18:52:58.678+0100][gc,marking    ] GC(605) Concurrent Clear Claimed Marks
[2023-11-08T18:52:58.678+0100][gc,marking    ] GC(605) Concurrent Clear Claimed Marks 0,089ms
[2023-11-08T18:52:58.678+0100][gc,marking    ] GC(605) Concurrent Scan Root Regions
[2023-11-08T18:52:58.681+0100][gc,marking    ] GC(605) Concurrent Scan Root Regions 2,369ms
[2023-11-08T18:52:58.681+0100][gc,marking    ] GC(605) Concurrent Mark (5850,289s)
[2023-11-08T18:52:58.681+0100][gc,marking    ] GC(605) Concurrent Mark From Roots
[2023-11-08T18:52:58.681+0100][gc,task       ] GC(605) Using 3 workers of 3 for marking
[2023-11-08T18:52:58.709+0100][gc,marking    ] GC(605) Concurrent Mark From Roots 28,307ms
[2023-11-08T18:52:58.709+0100][gc,marking    ] GC(605) Concurrent Preclean
[2023-11-08T18:52:58.709+0100][gc,marking    ] GC(605) Concurrent Preclean 0,242ms
[2023-11-08T18:52:58.709+0100][gc,marking    ] GC(605) Concurrent Mark (5850,289s, 5850,318s) 28,600ms
[2023-11-08T18:52:58.709+0100][gc,start      ] GC(605) Pause Remark
[2023-11-08T18:52:58.713+0100][gc,stringtable] GC(605) Cleaned string and symbol table, strings: 18387 processed, 0 removed, symbols: 94772 processed, 0 removed
[2023-11-08T18:52:58.713+0100][gc            ] GC(605) Pause Remark 240M->240M(1024M) 3,784ms
[2023-11-08T18:52:58.713+0100][gc,cpu        ] GC(605) User=0,03s Sys=0,00s Real=0,00s
[2023-11-08T18:52:58.713+0100][gc,marking    ] GC(605) Concurrent Rebuild Remembered Sets
[2023-11-08T18:52:58.729+0100][gc,marking    ] GC(605) Concurrent Rebuild Remembered Sets 15,443ms
[2023-11-08T18:52:58.729+0100][gc,start      ] GC(605) Pause Cleanup
[2023-11-08T18:52:58.729+0100][gc            ] GC(605) Pause Cleanup 245M->245M(1024M) 0,203ms
[2023-11-08T18:52:58.729+0100][gc,cpu        ] GC(605) User=0,00s Sys=0,00s Real=0,00s
[2023-11-08T18:52:58.729+0100][gc,marking    ] GC(605) Concurrent Cleanup for Next Mark
[2023-11-08T18:52:58.731+0100][gc,marking    ] GC(605) Concurrent Cleanup for Next Mark 1,881ms
[2023-11-08T18:52:58.731+0100][gc            ] GC(605) Concurrent Cycle 52,929ms
[2023-11-08T18:52:58.824+0100][gc,start      ] GC(606) Pause Young (Normal) (G1 Evacuation Pause)
[2023-11-08T18:52:58.825+0100][gc,task       ] GC(606) Using 13 workers of 13 for evacuation
[2023-11-08T18:52:58.831+0100][gc,phases     ] GC(606)   Pre Evacuate Collection Set: 0,0ms
[2023-11-08T18:52:58.831+0100][gc,phases     ] GC(606)   Evacuate Collection Set: 5,8ms
[2023-11-08T18:52:58.831+0100][gc,phases     ] GC(606)   Post Evacuate Collection Set: 0,5ms
[2023-11-08T18:52:58.831+0100][gc,phases     ] GC(606)   Other: 0,2ms
[2023-11-08T18:52:58.831+0100][gc,heap       ] GC(606) Eden regions: 44->0(127)
[2023-11-08T18:52:58.831+0100][gc,heap       ] GC(606) Survivor regions: 7->4(7)
[2023-11-08T18:52:58.831+0100][gc,heap       ] GC(606) Old regions: 96->99
[2023-11-08T18:52:58.831+0100][gc,heap       ] GC(606) Humongous regions: 129->129
[2023-11-08T18:52:58.831+0100][gc,metaspace  ] GC(606) Metaspace: 48221K(52224K)->48221K(52224K) NonClass: 42264K(44544K)->42264K(44544K) Class: 5956K(7680K)->5956K(7680K)
[2023-11-08T18:52:58.831+0100][gc            ] GC(606) Pause Young (Normal) (G1 Evacuation Pause) 273M->230M(1024M) 6,810ms
[2023-11-08T18:52:58.831+0100][gc,cpu        ] GC(606) User=0,03s Sys=0,02s Real=0,00s
[2023-11-08T18:52:59.245+0100][gc,start      ] GC(607) Pause Young (Concurrent Start) (G1 Evacuation Pause)
[2023-11-08T18:52:59.245+0100][gc,task       ] GC(607) Using 13 workers of 13 for evacuation
[2023-11-08T18:52:59.249+0100][gc,phases     ] GC(607)   Pre Evacuate Collection Set: 0,2ms
[2023-11-08T18:52:59.249+0100][gc,phases     ] GC(607)   Evacuate Collection Set: 3,3ms
[2023-11-08T18:52:59.249+0100][gc,phases     ] GC(607)   Post Evacuate Collection Set: 0,5ms
[2023-11-08T18:52:59.249+0100][gc,phases     ] GC(607)   Other: 0,3ms
[2023-11-08T18:52:59.249+0100][gc,heap       ] GC(607) Eden regions: 127->0(160)
[2023-11-08T18:52:59.249+0100][gc,heap       ] GC(607) Survivor regions: 4->5(17)
[2023-11-08T18:52:59.249+0100][gc,heap       ] GC(607) Old regions: 99->99
[2023-11-08T18:52:59.249+0100][gc,heap       ] GC(607) Humongous regions: 129->129
[2023-11-08T18:52:59.249+0100][gc,metaspace  ] GC(607) Metaspace: 48221K(52224K)->48221K(52224K) NonClass: 42264K(44544K)->42264K(44544K) Class: 5956K(7680K)->5956K(7680K)
[2023-11-08T18:52:59.249+0100][gc            ] GC(607) Pause Young (Concurrent Start) (G1 Evacuation Pause) 357M->230M(1024M) 4,385ms
[2023-11-08T18:52:59.249+0100][gc,cpu        ] GC(607) User=0,04s Sys=0,00s Real=0,00s
[2023-11-08T18:52:59.249+0100][gc            ] GC(608) Concurrent Cycle
[2023-11-08T18:52:59.249+0100][gc,marking    ] GC(608) Concurrent Clear Claimed Marks
[2023-11-08T18:52:59.249+0100][gc,marking    ] GC(608) Concurrent Clear Claimed Marks 0,099ms
[2023-11-08T18:52:59.249+0100][gc,marking    ] GC(608) Concurrent Scan Root Regions
[2023-11-08T18:52:59.251+0100][gc,marking    ] GC(608) Concurrent Scan Root Regions 1,822ms
[2023-11-08T18:52:59.251+0100][gc,marking    ] GC(608) Concurrent Mark (5850,860s)
[2023-11-08T18:52:59.251+0100][gc,marking    ] GC(608) Concurrent Mark From Roots
[2023-11-08T18:52:59.251+0100][gc,task       ] GC(608) Using 3 workers of 3 for marking
[2023-11-08T18:52:59.279+0100][gc,marking    ] GC(608) Concurrent Mark From Roots 27,296ms
[2023-11-08T18:52:59.279+0100][gc,marking    ] GC(608) Concurrent Preclean
[2023-11-08T18:52:59.279+0100][gc,marking    ] GC(608) Concurrent Preclean 0,210ms
[2023-11-08T18:52:59.279+0100][gc,marking    ] GC(608) Concurrent Mark (5850,860s, 5850,887s) 27,577ms
[2023-11-08T18:52:59.279+0100][gc,start      ] GC(608) Pause Remark
[2023-11-08T18:52:59.282+0100][gc,stringtable] GC(608) Cleaned string and symbol table, strings: 18387 processed, 0 removed, symbols: 94772 processed, 0 removed
[2023-11-08T18:52:59.283+0100][gc            ] GC(608) Pause Remark 240M->240M(1024M) 3,569ms
[2023-11-08T18:52:59.283+0100][gc,cpu        ] GC(608) User=0,01s Sys=0,01s Real=0,00s
[2023-11-08T18:52:59.283+0100][gc,marking    ] GC(608) Concurrent Rebuild Remembered Sets
[2023-11-08T18:52:59.301+0100][gc,marking    ] GC(608) Concurrent Rebuild Remembered Sets 18,731ms
[2023-11-08T18:52:59.302+0100][gc,start      ] GC(608) Pause Cleanup
[2023-11-08T18:52:59.302+0100][gc            ] GC(608) Pause Cleanup 246M->246M(1024M) 0,201ms
[2023-11-08T18:52:59.302+0100][gc,cpu        ] GC(608) User=0,00s Sys=0,00s Real=0,00s
[2023-11-08T18:52:59.302+0100][gc,marking    ] GC(608) Concurrent Cleanup for Next Mark
[2023-11-08T18:52:59.304+0100][gc,marking    ] GC(608) Concurrent Cleanup for Next Mark 1,898ms
[2023-11-08T18:52:59.304+0100][gc            ] GC(608) Concurrent Cycle 54,435ms
[2023-11-08T18:52:59.399+0100][gc,start      ] GC(609) Pause Young (Normal) (G1 Evacuation Pause)
[2023-11-08T18:52:59.399+0100][gc,task       ] GC(609) Using 13 workers of 13 for evacuation
[2023-11-08T18:52:59.403+0100][gc,phases     ] GC(609)   Pre Evacuate Collection Set: 0,0ms
[2023-11-08T18:52:59.403+0100][gc,phases     ] GC(609)   Evacuate Collection Set: 4,0ms
[2023-11-08T18:52:59.403+0100][gc,phases     ] GC(609)   Post Evacuate Collection Set: 0,4ms
[2023-11-08T18:52:59.403+0100][gc,phases     ] GC(609)   Other: 0,2ms
[2023-11-08T18:52:59.403+0100][gc,heap       ] GC(609) Eden regions: 46->0(208)
[2023-11-08T18:52:59.403+0100][gc,heap       ] GC(609) Survivor regions: 5->4(7)
[2023-11-08T18:52:59.403+0100][gc,heap       ] GC(609) Old regions: 99->100
[2023-11-08T18:52:59.403+0100][gc,heap       ] GC(609) Humongous regions: 129->129
[2023-11-08T18:52:59.403+0100][gc,metaspace  ] GC(609) Metaspace: 48221K(52224K)->48221K(52224K) NonClass: 42264K(44544K)->42264K(44544K) Class: 5956K(7680K)->5956K(7680K)
[2023-11-08T18:52:59.403+0100][gc            ] GC(609) Pause Young (Normal) (G1 Evacuation Pause) 276M->230M(1024M) 4,721ms
[2023-11-08T18:52:59.403+0100][gc,cpu        ] GC(609) User=0,03s Sys=0,00s Real=0,01s
[2023-11-08T18:53:00.089+0100][gc,start      ] GC(610) Pause Young (Normal) (G1 Evacuation Pause)
[2023-11-08T18:53:00.089+0100][gc,task       ] GC(610) Using 13 workers of 13 for evacuation
[2023-11-08T18:53:00.092+0100][gc,phases     ] GC(610)   Pre Evacuate Collection Set: 0,0ms
[2023-11-08T18:53:00.092+0100][gc,phases     ] GC(610)   Evacuate Collection Set: 2,8ms
[2023-11-08T18:53:00.092+0100][gc,phases     ] GC(610)   Post Evacuate Collection Set: 0,4ms
[2023-11-08T18:53:00.092+0100][gc,phases     ] GC(610)   Other: 0,2ms
[2023-11-08T18:53:00.092+0100][gc,heap       ] GC(610) Eden regions: 208->0(235)
[2023-11-08T18:53:00.092+0100][gc,heap       ] GC(610) Survivor regions: 4->4(27)
[2023-11-08T18:53:00.092+0100][gc,heap       ] GC(610) Old regions: 100->100
[2023-11-08T18:53:00.092+0100][gc,heap       ] GC(610) Humongous regions: 129->129
[2023-11-08T18:53:00.092+0100][gc,metaspace  ] GC(610) Metaspace: 48221K(52224K)->48221K(52224K) NonClass: 42264K(44544K)->42264K(44544K) Class: 5956K(7680K)->5956K(7680K)
[2023-11-08T18:53:00.092+0100][gc            ] GC(610) Pause Young (Normal) (G1 Evacuation Pause) 438M->231M(1024M) 3,524ms
[2023-11-08T18:53:00.092+0100][gc,cpu        ] GC(610) User=0,03s Sys=0,00s Real=0,00s
[2023-11-08T18:53:00.864+0100][gc,start      ] GC(611) Pause Young (Normal) (G1 Evacuation Pause)
[2023-11-08T18:53:00.864+0100][gc,task       ] GC(611) Using 13 workers of 13 for evacuation
[2023-11-08T18:53:00.868+0100][gc,phases     ] GC(611)   Pre Evacuate Collection Set: 0,0ms
[2023-11-08T18:53:00.868+0100][gc,phases     ] GC(611)   Evacuate Collection Set: 3,2ms
[2023-11-08T18:53:00.868+0100][gc,phases     ] GC(611)   Post Evacuate Collection Set: 0,5ms
[2023-11-08T18:53:00.868+0100][gc,phases     ] GC(611)   Other: 0,2ms
[2023-11-08T18:53:00.868+0100][gc,heap       ] GC(611) Eden regions: 235->0(260)
[2023-11-08T18:53:00.868+0100][gc,heap       ] GC(611) Survivor regions: 4->5(30)
[2023-11-08T18:53:00.868+0100][gc,heap       ] GC(611) Old regions: 100->100
[2023-11-08T18:53:00.868+0100][gc,heap       ] GC(611) Humongous regions: 129->129
[2023-11-08T18:53:00.868+0100][gc,metaspace  ] GC(611) Metaspace: 48221K(52224K)->48221K(52224K) NonClass: 42264K(44544K)->42264K(44544K) Class: 5956K(7680K)->5956K(7680K)
[2023-11-08T18:53:00.868+0100][gc            ] GC(611) Pause Young (Normal) (G1 Evacuation Pause) 466M->231M(1024M) 4,175ms
[2023-11-08T18:53:00.868+0100][gc,cpu        ] GC(611) User=0,04s Sys=0,00s Real=0,00s
[2023-11-08T18:53:01.711+0100][gc,start      ] GC(612) Pause Young (Normal) (G1 Evacuation Pause)
[2023-11-08T18:53:01.711+0100][gc,task       ] GC(612) Using 13 workers of 13 for evacuation
[2023-11-08T18:53:01.715+0100][gc,phases     ] GC(612)   Pre Evacuate Collection Set: 0,0ms
[2023-11-08T18:53:01.715+0100][gc,phases     ] GC(612)   Evacuate Collection Set: 2,8ms
[2023-11-08T18:53:01.715+0100][gc,phases     ] GC(612)   Post Evacuate Collection Set: 0,5ms
[2023-11-08T18:53:01.715+0100][gc,phases     ] GC(612)   Other: 0,2ms
[2023-11-08T18:53:01.715+0100][gc,heap       ] GC(612) Eden regions: 260->0(347)
[2023-11-08T18:53:01.715+0100][gc,heap       ] GC(612) Survivor regions: 5->5(34)
[2023-11-08T18:53:01.715+0100][gc,heap       ] GC(612) Old regions: 100->100
[2023-11-08T18:53:01.715+0100][gc,heap       ] GC(612) Humongous regions: 129->129
[2023-11-08T18:53:01.715+0100][gc,metaspace  ] GC(612) Metaspace: 48221K(52224K)->48221K(52224K) NonClass: 42264K(44544K)->42264K(44544K) Class: 5956K(7680K)->5956K(7680K)
[2023-11-08T18:53:01.715+0100][gc            ] GC(612) Pause Young (Normal) (G1 Evacuation Pause) 491M->232M(1024M) 3,599ms
[2023-11-08T18:53:01.715+0100][gc,cpu        ] GC(612) User=0,01s Sys=0,02s Real=0,01s
[2023-11-08T18:53:02.931+0100][gc,start      ] GC(613) Pause Young (Concurrent Start) (G1 Evacuation Pause)
[2023-11-08T18:53:02.931+0100][gc,task       ] GC(613) Using 13 workers of 13 for evacuation
[2023-11-08T18:53:02.936+0100][gc,phases     ] GC(613)   Pre Evacuate Collection Set: 0,3ms
[2023-11-08T18:53:02.936+0100][gc,phases     ] GC(613)   Evacuate Collection Set: 3,3ms
[2023-11-08T18:53:02.936+0100][gc,phases     ] GC(613)   Post Evacuate Collection Set: 0,6ms
[2023-11-08T18:53:02.936+0100][gc,phases     ] GC(613)   Other: 0,3ms
[2023-11-08T18:53:02.936+0100][gc,heap       ] GC(613) Eden regions: 347->0(367)
[2023-11-08T18:53:02.936+0100][gc,heap       ] GC(613) Survivor regions: 5->3(44)
[2023-11-08T18:53:02.936+0100][gc,heap       ] GC(613) Old regions: 100->100
[2023-11-08T18:53:02.936+0100][gc,heap       ] GC(613) Humongous regions: 129->129
[2023-11-08T18:53:02.936+0100][gc,metaspace  ] GC(613) Metaspace: 48221K(52224K)->48221K(52224K) NonClass: 42264K(44544K)->42264K(44544K) Class: 5956K(7680K)->5956K(7680K)
[2023-11-08T18:53:02.936+0100][gc            ] GC(613) Pause Young (Concurrent Start) (G1 Evacuation Pause) 579M->229M(1024M) 4,587ms
[2023-11-08T18:53:02.936+0100][gc,cpu        ] GC(613) User=0,04s Sys=0,00s Real=0,01s
[2023-11-08T18:53:02.936+0100][gc            ] GC(614) Concurrent Cycle
[2023-11-08T18:53:02.936+0100][gc,marking    ] GC(614) Concurrent Clear Claimed Marks
[2023-11-08T18:53:02.936+0100][gc,marking    ] GC(614) Concurrent Clear Claimed Marks 0,321ms
[2023-11-08T18:53:02.936+0100][gc,marking    ] GC(614) Concurrent Scan Root Regions
[2023-11-08T18:53:02.938+0100][gc,marking    ] GC(614) Concurrent Scan Root Regions 1,793ms
[2023-11-08T18:53:02.938+0100][gc,marking    ] GC(614) Concurrent Mark (5854,547s)
[2023-11-08T18:53:02.938+0100][gc,marking    ] GC(614) Concurrent Mark From Roots
[2023-11-08T18:53:02.938+0100][gc,task       ] GC(614) Using 3 workers of 3 for marking
[2023-11-08T18:53:02.959+0100][gc,marking    ] GC(614) Concurrent Mark From Roots 20,537ms
[2023-11-08T18:53:02.959+0100][gc,marking    ] GC(614) Concurrent Preclean
[2023-11-08T18:53:02.959+0100][gc,marking    ] GC(614) Concurrent Preclean 0,219ms
[2023-11-08T18:53:02.959+0100][gc,marking    ] GC(614) Concurrent Mark (5854,547s, 5854,568s) 20,823ms
[2023-11-08T18:53:02.959+0100][gc,start      ] GC(614) Pause Remark
[2023-11-08T18:53:02.963+0100][gc,stringtable] GC(614) Cleaned string and symbol table, strings: 18387 processed, 0 removed, symbols: 94772 processed, 0 removed
[2023-11-08T18:53:02.963+0100][gc            ] GC(614) Pause Remark 239M->239M(1024M) 3,793ms
[2023-11-08T18:53:02.963+0100][gc,cpu        ] GC(614) User=0,03s Sys=0,00s Real=0,01s
[2023-11-08T18:53:02.963+0100][gc,marking    ] GC(614) Concurrent Rebuild Remembered Sets
[2023-11-08T18:53:02.975+0100][gc,marking    ] GC(614) Concurrent Rebuild Remembered Sets 11,817ms
[2023-11-08T18:53:02.975+0100][gc,start      ] GC(614) Pause Cleanup
[2023-11-08T18:53:02.975+0100][gc            ] GC(614) Pause Cleanup 241M->241M(1024M) 0,168ms
[2023-11-08T18:53:02.975+0100][gc,cpu        ] GC(614) User=0,00s Sys=0,00s Real=0,00s
[2023-11-08T18:53:02.975+0100][gc,marking    ] GC(614) Concurrent Cleanup for Next Mark
[2023-11-08T18:53:02.977+0100][gc,marking    ] GC(614) Concurrent Cleanup for Next Mark 1,811ms
[2023-11-08T18:53:02.977+0100][gc            ] GC(614) Concurrent Cycle 41,098ms
[2023-11-08T18:53:03.250+0100][gc,start      ] GC(615) Pause Young (Prepare Mixed) (G1 Evacuation Pause)
[2023-11-08T18:53:03.250+0100][gc,task       ] GC(615) Using 13 workers of 13 for evacuation
[2023-11-08T18:53:03.253+0100][gc,phases     ] GC(615)   Pre Evacuate Collection Set: 0,0ms
[2023-11-08T18:53:03.253+0100][gc,phases     ] GC(615)   Evacuate Collection Set: 3,1ms
[2023-11-08T18:53:03.253+0100][gc,phases     ] GC(615)   Post Evacuate Collection Set: 0,5ms
[2023-11-08T18:53:03.253+0100][gc,phases     ] GC(615)   Other: 0,2ms
[2023-11-08T18:53:03.253+0100][gc,heap       ] GC(615) Eden regions: 92->0(49)
[2023-11-08T18:53:03.253+0100][gc,heap       ] GC(615) Survivor regions: 3->2(12)
[2023-11-08T18:53:03.253+0100][gc,heap       ] GC(615) Old regions: 100->100
[2023-11-08T18:53:03.253+0100][gc,heap       ] GC(615) Humongous regions: 129->129
[2023-11-08T18:53:03.253+0100][gc,metaspace  ] GC(615) Metaspace: 48221K(52224K)->48221K(52224K) NonClass: 42264K(44544K)->42264K(44544K) Class: 5956K(7680K)->5956K(7680K)
[2023-11-08T18:53:03.254+0100][gc            ] GC(615) Pause Young (Prepare Mixed) (G1 Evacuation Pause) 321M->229M(1024M) 3,941ms
[2023-11-08T18:53:03.254+0100][gc,cpu        ] GC(615) User=0,04s Sys=0,00s Real=0,00s
[2023-11-08T18:53:03.417+0100][gc,start      ] GC(616) Pause Young (Mixed) (G1 Evacuation Pause)
[2023-11-08T18:53:03.417+0100][gc,task       ] GC(616) Using 13 workers of 13 for evacuation
[2023-11-08T18:53:03.421+0100][gc,phases     ] GC(616)   Pre Evacuate Collection Set: 0,1ms
[2023-11-08T18:53:03.421+0100][gc,phases     ] GC(616)   Evacuate Collection Set: 3,6ms
[2023-11-08T18:53:03.421+0100][gc,phases     ] GC(616)   Post Evacuate Collection Set: 0,4ms
[2023-11-08T18:53:03.421+0100][gc,phases     ] GC(616)   Other: 0,2ms
[2023-11-08T18:53:03.421+0100][gc,heap       ] GC(616) Eden regions: 49->0(337)
[2023-11-08T18:53:03.421+0100][gc,heap       ] GC(616) Survivor regions: 2->3(7)
[2023-11-08T18:53:03.421+0100][gc,heap       ] GC(616) Old regions: 100->80
[2023-11-08T18:53:03.421+0100][gc,heap       ] GC(616) Humongous regions: 129->129
[2023-11-08T18:53:03.421+0100][gc,metaspace  ] GC(616) Metaspace: 48221K(52224K)->48221K(52224K) NonClass: 42264K(44544K)->42264K(44544K) Class: 5956K(7680K)->5956K(7680K)
[2023-11-08T18:53:03.421+0100][gc            ] GC(616) Pause Young (Mixed) (G1 Evacuation Pause) 278M->209M(1024M) 4,407ms
[2023-11-08T18:53:03.421+0100][gc,cpu        ] GC(616) User=0,04s Sys=0,00s Real=0,00s
[2023-11-08T18:53:04.533+0100][gc,start      ] GC(617) Pause Young (Normal) (G1 Evacuation Pause)
[2023-11-08T18:53:04.533+0100][gc,task       ] GC(617) Using 13 workers of 13 for evacuation
[2023-11-08T18:53:04.537+0100][gc,phases     ] GC(617)   Pre Evacuate Collection Set: 0,0ms
[2023-11-08T18:53:04.537+0100][gc,phases     ] GC(617)   Evacuate Collection Set: 2,6ms
[2023-11-08T18:53:04.537+0100][gc,phases     ] GC(617)   Post Evacuate Collection Set: 0,5ms
[2023-11-08T18:53:04.537+0100][gc,phases     ] GC(617)   Other: 0,2ms
[2023-11-08T18:53:04.537+0100][gc,heap       ] GC(617) Eden regions: 337->0(413)
[2023-11-08T18:53:04.537+0100][gc,heap       ] GC(617) Survivor regions: 3->3(43)
[2023-11-08T18:53:04.537+0100][gc,heap       ] GC(617) Old regions: 80->80
[2023-11-08T18:53:04.537+0100][gc,heap       ] GC(617) Humongous regions: 129->129
[2023-11-08T18:53:04.537+0100][gc,metaspace  ] GC(617) Metaspace: 48221K(52224K)->48221K(52224K) NonClass: 42264K(44544K)->42264K(44544K) Class: 5956K(7680K)->5956K(7680K)
[2023-11-08T18:53:04.537+0100][gc            ] GC(617) Pause Young (Normal) (G1 Evacuation Pause) 546M->209M(1024M) 3,360ms
[2023-11-08T18:53:04.537+0100][gc,cpu        ] GC(617) User=0,03s Sys=0,00s Real=0,01s
[2023-11-08T18:53:05.913+0100][gc,start      ] GC(618) Pause Young (Normal) (G1 Evacuation Pause)
[2023-11-08T18:53:05.913+0100][gc,task       ] GC(618) Using 13 workers of 13 for evacuation
[2023-11-08T18:53:05.916+0100][gc,phases     ] GC(618)   Pre Evacuate Collection Set: 0,0ms
[2023-11-08T18:53:05.916+0100][gc,phases     ] GC(618)   Evacuate Collection Set: 2,7ms
[2023-11-08T18:53:05.916+0100][gc,phases     ] GC(618)   Post Evacuate Collection Set: 0,5ms
[2023-11-08T18:53:05.916+0100][gc,phases     ] GC(618)   Other: 0,2ms
[2023-11-08T18:53:05.916+0100][gc,heap       ] GC(618) Eden regions: 413->0(445)
[2023-11-08T18:53:05.916+0100][gc,heap       ] GC(618) Survivor regions: 3->5(52)
[2023-11-08T18:53:05.916+0100][gc,heap       ] GC(618) Old regions: 80->80
[2023-11-08T18:53:05.916+0100][gc,heap       ] GC(618) Humongous regions: 129->129
[2023-11-08T18:53:05.916+0100][gc,metaspace  ] GC(618) Metaspace: 48221K(52224K)->48221K(52224K) NonClass: 42264K(44544K)->42264K(44544K) Class: 5956K(7680K)->5956K(7680K)
[2023-11-08T18:53:05.916+0100][gc            ] GC(618) Pause Young (Normal) (G1 Evacuation Pause) 622M->211M(1024M) 3,514ms
[2023-11-08T18:53:05.916+0100][gc,cpu        ] GC(618) User=0,04s Sys=0,00s Real=0,01s
[2023-11-08T18:53:07.397+0100][gc,start      ] GC(619) Pause Young (Concurrent Start) (G1 Evacuation Pause)
[2023-11-08T18:53:07.397+0100][gc,task       ] GC(619) Using 13 workers of 13 for evacuation
[2023-11-08T18:53:07.401+0100][gc,phases     ] GC(619)   Pre Evacuate Collection Set: 0,2ms
[2023-11-08T18:53:07.401+0100][gc,phases     ] GC(619)   Evacuate Collection Set: 3,6ms
[2023-11-08T18:53:07.401+0100][gc,phases     ] GC(619)   Post Evacuate Collection Set: 0,5ms
[2023-11-08T18:53:07.401+0100][gc,phases     ] GC(619)   Other: 0,2ms
[2023-11-08T18:53:07.401+0100][gc,heap       ] GC(619) Eden regions: 445->0(477)
[2023-11-08T18:53:07.401+0100][gc,heap       ] GC(619) Survivor regions: 5->6(57)
[2023-11-08T18:53:07.401+0100][gc,heap       ] GC(619) Old regions: 80->80
[2023-11-08T18:53:07.401+0100][gc,heap       ] GC(619) Humongous regions: 129->129
[2023-11-08T18:53:07.402+0100][gc,metaspace  ] GC(619) Metaspace: 48221K(52224K)->48221K(52224K) NonClass: 42264K(44544K)->42264K(44544K) Class: 5956K(7680K)->5956K(7680K)
[2023-11-08T18:53:07.402+0100][gc            ] GC(619) Pause Young (Concurrent Start) (G1 Evacuation Pause) 656M->212M(1024M) 4,611ms
[2023-11-08T18:53:07.402+0100][gc,cpu        ] GC(619) User=0,04s Sys=0,00s Real=0,00s
[2023-11-08T18:53:07.402+0100][gc            ] GC(620) Concurrent Cycle
[2023-11-08T18:53:07.402+0100][gc,marking    ] GC(620) Concurrent Clear Claimed Marks
[2023-11-08T18:53:07.402+0100][gc,marking    ] GC(620) Concurrent Clear Claimed Marks 0,315ms
[2023-11-08T18:53:07.402+0100][gc,marking    ] GC(620) Concurrent Scan Root Regions
[2023-11-08T18:53:07.404+0100][gc,marking    ] GC(620) Concurrent Scan Root Regions 2,451ms
[2023-11-08T18:53:07.404+0100][gc,marking    ] GC(620) Concurrent Mark (5859,013s)
[2023-11-08T18:53:07.404+0100][gc,marking    ] GC(620) Concurrent Mark From Roots
[2023-11-08T18:53:07.404+0100][gc,task       ] GC(620) Using 3 workers of 3 for marking
[2023-11-08T18:53:07.422+0100][gc,marking    ] GC(620) Concurrent Mark From Roots 17,288ms
[2023-11-08T18:53:07.422+0100][gc,marking    ] GC(620) Concurrent Preclean
[2023-11-08T18:53:07.422+0100][gc,marking    ] GC(620) Concurrent Preclean 0,232ms
[2023-11-08T18:53:07.422+0100][gc,marking    ] GC(620) Concurrent Mark (5859,013s, 5859,031s) 17,594ms
[2023-11-08T18:53:07.422+0100][gc,start      ] GC(620) Pause Remark
[2023-11-08T18:53:07.426+0100][gc,stringtable] GC(620) Cleaned string and symbol table, strings: 18387 processed, 0 removed, symbols: 94772 processed, 0 removed
[2023-11-08T18:53:07.426+0100][gc            ] GC(620) Pause Remark 220M->220M(1024M) 3,842ms
[2023-11-08T18:53:07.426+0100][gc,cpu        ] GC(620) User=0,02s Sys=0,02s Real=0,01s
[2023-11-08T18:53:07.426+0100][gc,marking    ] GC(620) Concurrent Rebuild Remembered Sets
[2023-11-08T18:53:07.437+0100][gc,marking    ] GC(620) Concurrent Rebuild Remembered Sets 11,022ms
[2023-11-08T18:53:07.437+0100][gc,start      ] GC(620) Pause Cleanup
[2023-11-08T18:53:07.437+0100][gc            ] GC(620) Pause Cleanup 226M->226M(1024M) 0,158ms
[2023-11-08T18:53:07.437+0100][gc,cpu        ] GC(620) User=0,00s Sys=0,00s Real=0,00s
[2023-11-08T18:53:07.437+0100][gc,marking    ] GC(620) Concurrent Cleanup for Next Mark
[2023-11-08T18:53:07.439+0100][gc,marking    ] GC(620) Concurrent Cleanup for Next Mark 1,860ms
[2023-11-08T18:53:07.439+0100][gc            ] GC(620) Concurrent Cycle 37,861ms
[2023-11-08T18:53:07.545+0100][gc,start      ] GC(621) Pause Young (Prepare Mixed) (G1 Evacuation Pause)
[2023-11-08T18:53:07.545+0100][gc,task       ] GC(621) Using 13 workers of 13 for evacuation
[2023-11-08T18:53:07.550+0100][gc,phases     ] GC(621)   Pre Evacuate Collection Set: 0,0ms
[2023-11-08T18:53:07.550+0100][gc,phases     ] GC(621)   Evacuate Collection Set: 3,7ms
[2023-11-08T18:53:07.550+0100][gc,phases     ] GC(621)   Post Evacuate Collection Set: 0,4ms
[2023-11-08T18:53:07.550+0100][gc,phases     ] GC(621)   Other: 0,2ms
[2023-11-08T18:53:07.550+0100][gc,heap       ] GC(621) Eden regions: 45->0(46)
[2023-11-08T18:53:07.550+0100][gc,heap       ] GC(621) Survivor regions: 6->5(7)
[2023-11-08T18:53:07.550+0100][gc,heap       ] GC(621) Old regions: 80->81
[2023-11-08T18:53:07.550+0100][gc,heap       ] GC(621) Humongous regions: 129->129
[2023-11-08T18:53:07.550+0100][gc,metaspace  ] GC(621) Metaspace: 48221K(52224K)->48221K(52224K) NonClass: 42264K(44544K)->42264K(44544K) Class: 5956K(7680K)->5956K(7680K)
[2023-11-08T18:53:07.550+0100][gc            ] GC(621) Pause Young (Prepare Mixed) (G1 Evacuation Pause) 257M->212M(1024M) 4,457ms
[2023-11-08T18:53:07.550+0100][gc,cpu        ] GC(621) User=0,05s Sys=0,00s Real=0,00s
[2023-11-08T18:53:07.701+0100][gc,start      ] GC(622) Pause Young (Mixed) (G1 Evacuation Pause)
[2023-11-08T18:53:07.701+0100][gc,task       ] GC(622) Using 13 workers of 13 for evacuation
[2023-11-08T18:53:07.704+0100][gc,phases     ] GC(622)   Pre Evacuate Collection Set: 0,1ms
[2023-11-08T18:53:07.704+0100][gc,phases     ] GC(622)   Evacuate Collection Set: 2,3ms
[2023-11-08T18:53:07.704+0100][gc,phases     ] GC(622)   Post Evacuate Collection Set: 0,4ms
[2023-11-08T18:53:07.704+0100][gc,phases     ] GC(622)   Other: 0,3ms
[2023-11-08T18:53:07.704+0100][gc,heap       ] GC(622) Eden regions: 46->0(415)
[2023-11-08T18:53:07.704+0100][gc,heap       ] GC(622) Survivor regions: 5->3(7)
[2023-11-08T18:53:07.704+0100][gc,heap       ] GC(622) Old regions: 81->82
[2023-11-08T18:53:07.704+0100][gc,heap       ] GC(622) Humongous regions: 129->129
[2023-11-08T18:53:07.704+0100][gc,metaspace  ] GC(622) Metaspace: 48221K(52224K)->48221K(52224K) NonClass: 42264K(44544K)->42264K(44544K) Class: 5956K(7680K)->5956K(7680K)
[2023-11-08T18:53:07.704+0100][gc            ] GC(622) Pause Young (Mixed) (G1 Evacuation Pause) 258M->212M(1024M) 3,214ms
[2023-11-08T18:53:07.704+0100][gc,cpu        ] GC(622) User=0,03s Sys=0,00s Real=0,01s
[2023-11-08T18:53:09.152+0100][gc,start      ] GC(623) Pause Young (Normal) (G1 Evacuation Pause)
[2023-11-08T18:53:09.153+0100][gc,task       ] GC(623) Using 13 workers of 13 for evacuation
[2023-11-08T18:53:09.156+0100][gc,phases     ] GC(623)   Pre Evacuate Collection Set: 0,0ms
[2023-11-08T18:53:09.156+0100][gc,phases     ] GC(623)   Evacuate Collection Set: 2,9ms
[2023-11-08T18:53:09.156+0100][gc,phases     ] GC(623)   Post Evacuate Collection Set: 0,6ms
[2023-11-08T18:53:09.156+0100][gc,phases     ] GC(623)   Other: 0,2ms
[2023-11-08T18:53:09.156+0100][gc,heap       ] GC(623) Eden regions: 415->0(387)
[2023-11-08T18:53:09.156+0100][gc,heap       ] GC(623) Survivor regions: 3->4(53)
[2023-11-08T18:53:09.156+0100][gc,heap       ] GC(623) Old regions: 82->82
[2023-11-08T18:53:09.156+0100][gc,heap       ] GC(623) Humongous regions: 129->129
[2023-11-08T18:53:09.156+0100][gc,metaspace  ] GC(623) Metaspace: 48221K(52224K)->48221K(52224K) NonClass: 42264K(44544K)->42264K(44544K) Class: 5956K(7680K)->5956K(7680K)
[2023-11-08T18:53:09.156+0100][gc            ] GC(623) Pause Young (Normal) (G1 Evacuation Pause) 627M->212M(1024M) 3,876ms
[2023-11-08T18:53:09.156+0100][gc,cpu        ] GC(623) User=0,03s Sys=0,00s Real=0,01s
[2023-11-08T18:53:10.430+0100][gc,start      ] GC(624) Pause Young (Normal) (G1 Evacuation Pause)
[2023-11-08T18:53:10.430+0100][gc,task       ] GC(624) Using 13 workers of 13 for evacuation
[2023-11-08T18:53:10.434+0100][gc,phases     ] GC(624)   Pre Evacuate Collection Set: 0,1ms
[2023-11-08T18:53:10.434+0100][gc,phases     ] GC(624)   Evacuate Collection Set: 3,2ms
[2023-11-08T18:53:10.434+0100][gc,phases     ] GC(624)   Post Evacuate Collection Set: 0,6ms
[2023-11-08T18:53:10.434+0100][gc,phases     ] GC(624)   Other: 0,3ms
[2023-11-08T18:53:10.434+0100][gc,heap       ] GC(624) Eden regions: 387->0(429)
[2023-11-08T18:53:10.434+0100][gc,heap       ] GC(624) Survivor regions: 4->5(49)
[2023-11-08T18:53:10.434+0100][gc,heap       ] GC(624) Old regions: 82->82
[2023-11-08T18:53:10.434+0100][gc,heap       ] GC(624) Humongous regions: 129->129
[2023-11-08T18:53:10.434+0100][gc,metaspace  ] GC(624) Metaspace: 48221K(52224K)->48221K(52224K) NonClass: 42264K(44544K)->42264K(44544K) Class: 5956K(7680K)->5956K(7680K)
[2023-11-08T18:53:10.434+0100][gc            ] GC(624) Pause Young (Normal) (G1 Evacuation Pause) 599M->213M(1024M) 4,220ms
[2023-11-08T18:53:10.434+0100][gc,cpu        ] GC(624) User=0,04s Sys=0,00s Real=0,00s
[2023-11-08T18:53:11.881+0100][gc,start      ] GC(625) Pause Young (Concurrent Start) (G1 Evacuation Pause)
[2023-11-08T18:53:11.881+0100][gc,task       ] GC(625) Using 13 workers of 13 for evacuation
[2023-11-08T18:53:11.886+0100][gc,phases     ] GC(625)   Pre Evacuate Collection Set: 0,3ms
[2023-11-08T18:53:11.886+0100][gc,phases     ] GC(625)   Evacuate Collection Set: 3,2ms
[2023-11-08T18:53:11.886+0100][gc,phases     ] GC(625)   Post Evacuate Collection Set: 1,0ms
[2023-11-08T18:53:11.886+0100][gc,phases     ] GC(625)   Other: 0,3ms
[2023-11-08T18:53:11.886+0100][gc,heap       ] GC(625) Eden regions: 429->0(451)
[2023-11-08T18:53:11.886+0100][gc,heap       ] GC(625) Survivor regions: 5->7(55)
[2023-11-08T18:53:11.886+0100][gc,heap       ] GC(625) Old regions: 82->82
[2023-11-08T18:53:11.886+0100][gc,heap       ] GC(625) Humongous regions: 129->129
[2023-11-08T18:53:11.886+0100][gc,metaspace  ] GC(625) Metaspace: 48221K(52224K)->48221K(52224K) NonClass: 42264K(44544K)->42264K(44544K) Class: 5956K(7680K)->5956K(7680K)
[2023-11-08T18:53:11.886+0100][gc            ] GC(625) Pause Young (Concurrent Start) (G1 Evacuation Pause) 642M->215M(1024M) 4,854ms
[2023-11-08T18:53:11.886+0100][gc,cpu        ] GC(625) User=0,04s Sys=0,00s Real=0,01s
[2023-11-08T18:53:11.886+0100][gc            ] GC(626) Concurrent Cycle
[2023-11-08T18:53:11.886+0100][gc,marking    ] GC(626) Concurrent Clear Claimed Marks
[2023-11-08T18:53:11.886+0100][gc,marking    ] GC(626) Concurrent Clear Claimed Marks 0,346ms
[2023-11-08T18:53:11.886+0100][gc,marking    ] GC(626) Concurrent Scan Root Regions
[2023-11-08T18:53:11.889+0100][gc,marking    ] GC(626) Concurrent Scan Root Regions 2,564ms
[2023-11-08T18:53:11.889+0100][gc,marking    ] GC(626) Concurrent Mark (5863,497s)
[2023-11-08T18:53:11.889+0100][gc,marking    ] GC(626) Concurrent Mark From Roots
[2023-11-08T18:53:11.889+0100][gc,task       ] GC(626) Using 3 workers of 3 for marking
[2023-11-08T18:53:11.910+0100][gc,marking    ] GC(626) Concurrent Mark From Roots 21,452ms
[2023-11-08T18:53:11.910+0100][gc,marking    ] GC(626) Concurrent Preclean
[2023-11-08T18:53:11.911+0100][gc,marking    ] GC(626) Concurrent Preclean 0,274ms
[2023-11-08T18:53:11.911+0100][gc,marking    ] GC(626) Concurrent Mark (5863,497s, 5863,519s) 21,807ms
[2023-11-08T18:53:11.911+0100][gc,start      ] GC(626) Pause Remark
[2023-11-08T18:53:11.915+0100][gc,stringtable] GC(626) Cleaned string and symbol table, strings: 18387 processed, 0 removed, symbols: 94772 processed, 0 removed
[2023-11-08T18:53:11.915+0100][gc            ] GC(626) Pause Remark 225M->225M(1024M) 4,623ms
[2023-11-08T18:53:11.916+0100][gc,cpu        ] GC(626) User=0,02s Sys=0,02s Real=0,01s
[2023-11-08T18:53:11.916+0100][gc,marking    ] GC(626) Concurrent Rebuild Remembered Sets
[2023-11-08T18:53:11.929+0100][gc,marking    ] GC(626) Concurrent Rebuild Remembered Sets 13,875ms
[2023-11-08T18:53:11.930+0100][gc,start      ] GC(626) Pause Cleanup
[2023-11-08T18:53:11.930+0100][gc            ] GC(626) Pause Cleanup 229M->229M(1024M) 0,422ms
[2023-11-08T18:53:11.930+0100][gc,cpu        ] GC(626) User=0,00s Sys=0,00s Real=0,00s
[2023-11-08T18:53:11.930+0100][gc,marking    ] GC(626) Concurrent Cleanup for Next Mark
[2023-11-08T18:53:11.932+0100][gc,marking    ] GC(626) Concurrent Cleanup for Next Mark 2,128ms
[2023-11-08T18:53:11.932+0100][gc            ] GC(626) Concurrent Cycle 46,533ms
[2023-11-08T18:53:12.010+0100][gc,start      ] GC(627) Pause Young (Normal) (G1 Evacuation Pause)
[2023-11-08T18:53:12.010+0100][gc,task       ] GC(627) Using 13 workers of 13 for evacuation
[2023-11-08T18:53:12.014+0100][gc,phases     ] GC(627)   Pre Evacuate Collection Set: 0,0ms
[2023-11-08T18:53:12.014+0100][gc,phases     ] GC(627)   Evacuate Collection Set: 3,9ms
[2023-11-08T18:53:12.014+0100][gc,phases     ] GC(627)   Post Evacuate Collection Set: 0,6ms
[2023-11-08T18:53:12.015+0100][gc,phases     ] GC(627)   Other: 0,4ms
[2023-11-08T18:53:12.015+0100][gc,heap       ] GC(627) Eden regions: 44->0(449)
[2023-11-08T18:53:12.015+0100][gc,heap       ] GC(627) Survivor regions: 7->5(7)
[2023-11-08T18:53:12.015+0100][gc,heap       ] GC(627) Old regions: 82->84
[2023-11-08T18:53:12.015+0100][gc,heap       ] GC(627) Humongous regions: 129->129
[2023-11-08T18:53:12.015+0100][gc,metaspace  ] GC(627) Metaspace: 48221K(52224K)->48221K(52224K) NonClass: 42264K(44544K)->42264K(44544K) Class: 5956K(7680K)->5956K(7680K)
[2023-11-08T18:53:12.015+0100][gc            ] GC(627) Pause Young (Normal) (G1 Evacuation Pause) 259M->215M(1024M) 4,982ms
[2023-11-08T18:53:12.015+0100][gc,cpu        ] GC(627) User=0,05s Sys=0,00s Real=0,01s
[2023-11-08T18:53:13.520+0100][gc,start      ] GC(628) Pause Young (Concurrent Start) (G1 Evacuation Pause)
[2023-11-08T18:53:13.520+0100][gc,task       ] GC(628) Using 13 workers of 13 for evacuation
[2023-11-08T18:53:13.525+0100][gc,phases     ] GC(628)   Pre Evacuate Collection Set: 0,3ms
[2023-11-08T18:53:13.525+0100][gc,phases     ] GC(628)   Evacuate Collection Set: 3,1ms
[2023-11-08T18:53:13.525+0100][gc,phases     ] GC(628)   Post Evacuate Collection Set: 0,7ms
[2023-11-08T18:53:13.525+0100][gc,phases     ] GC(628)   Other: 0,3ms
[2023-11-08T18:53:13.525+0100][gc,heap       ] GC(628) Eden regions: 449->0(457)
[2023-11-08T18:53:13.525+0100][gc,heap       ] GC(628) Survivor regions: 5->6(57)
[2023-11-08T18:53:13.525+0100][gc,heap       ] GC(628) Old regions: 84->84
[2023-11-08T18:53:13.525+0100][gc,heap       ] GC(628) Humongous regions: 129->129
[2023-11-08T18:53:13.525+0100][gc,metaspace  ] GC(628) Metaspace: 48221K(52224K)->48221K(52224K) NonClass: 42264K(44544K)->42264K(44544K) Class: 5956K(7680K)->5956K(7680K)
[2023-11-08T18:53:13.525+0100][gc            ] GC(628) Pause Young (Concurrent Start) (G1 Evacuation Pause) 664M->217M(1024M) 4,579ms
[2023-11-08T18:53:13.525+0100][gc,cpu        ] GC(628) User=0,04s Sys=0,00s Real=0,01s
[2023-11-08T18:53:13.525+0100][gc            ] GC(629) Concurrent Cycle
[2023-11-08T18:53:13.525+0100][gc,marking    ] GC(629) Concurrent Clear Claimed Marks
[2023-11-08T18:53:13.525+0100][gc,marking    ] GC(629) Concurrent Clear Claimed Marks 0,417ms
[2023-11-08T18:53:13.525+0100][gc,marking    ] GC(629) Concurrent Scan Root Regions
[2023-11-08T18:53:13.529+0100][gc,marking    ] GC(629) Concurrent Scan Root Regions 3,247ms
[2023-11-08T18:53:13.529+0100][gc,marking    ] GC(629) Concurrent Mark (5865,137s)
[2023-11-08T18:53:13.529+0100][gc,marking    ] GC(629) Concurrent Mark From Roots
[2023-11-08T18:53:13.529+0100][gc,task       ] GC(629) Using 3 workers of 3 for marking
[2023-11-08T18:53:13.550+0100][gc,marking    ] GC(629) Concurrent Mark From Roots 20,885ms
[2023-11-08T18:53:13.550+0100][gc,marking    ] GC(629) Concurrent Preclean
[2023-11-08T18:53:13.550+0100][gc,marking    ] GC(629) Concurrent Preclean 0,229ms
[2023-11-08T18:53:13.550+0100][gc,marking    ] GC(629) Concurrent Mark (5865,137s, 5865,158s) 21,182ms
[2023-11-08T18:53:13.550+0100][gc,start      ] GC(629) Pause Remark
[2023-11-08T18:53:13.553+0100][gc,stringtable] GC(629) Cleaned string and symbol table, strings: 18387 processed, 0 removed, symbols: 94772 processed, 0 removed
[2023-11-08T18:53:13.553+0100][gc            ] GC(629) Pause Remark 227M->227M(1024M) 3,233ms
[2023-11-08T18:53:13.553+0100][gc,cpu        ] GC(629) User=0,03s Sys=0,00s Real=0,00s
[2023-11-08T18:53:13.553+0100][gc,marking    ] GC(629) Concurrent Rebuild Remembered Sets
[2023-11-08T18:53:13.566+0100][gc,marking    ] GC(629) Concurrent Rebuild Remembered Sets 12,686ms
[2023-11-08T18:53:13.566+0100][gc,start      ] GC(629) Pause Cleanup
[2023-11-08T18:53:13.566+0100][gc            ] GC(629) Pause Cleanup 232M->232M(1024M) 0,213ms
[2023-11-08T18:53:13.567+0100][gc,cpu        ] GC(629) User=0,00s Sys=0,00s Real=0,00s
[2023-11-08T18:53:13.567+0100][gc,marking    ] GC(629) Concurrent Cleanup for Next Mark
[2023-11-08T18:53:13.568+0100][gc,marking    ] GC(629) Concurrent Cleanup for Next Mark 1,843ms
[2023-11-08T18:53:13.568+0100][gc            ] GC(629) Concurrent Cycle 43,512ms
[2023-11-08T18:53:13.757+0100][gc,start      ] GC(630) Pause Young (Prepare Mixed) (G1 Evacuation Pause)
[2023-11-08T18:53:13.757+0100][gc,task       ] GC(630) Using 13 workers of 13 for evacuation
[2023-11-08T18:53:13.760+0100][gc,phases     ] GC(630)   Pre Evacuate Collection Set: 0,0ms
[2023-11-08T18:53:13.760+0100][gc,phases     ] GC(630)   Evacuate Collection Set: 3,0ms
[2023-11-08T18:53:13.760+0100][gc,phases     ] GC(630)   Post Evacuate Collection Set: 0,5ms
[2023-11-08T18:53:13.760+0100][gc,phases     ] GC(630)   Other: 0,2ms
[2023-11-08T18:53:13.760+0100][gc,heap       ] GC(630) Eden regions: 66->0(46)
[2023-11-08T18:53:13.760+0100][gc,heap       ] GC(630) Survivor regions: 6->5(9)
[2023-11-08T18:53:13.760+0100][gc,heap       ] GC(630) Old regions: 84->86
[2023-11-08T18:53:13.760+0100][gc,heap       ] GC(630) Humongous regions: 129->129
[2023-11-08T18:53:13.760+0100][gc,metaspace  ] GC(630) Metaspace: 48221K(52224K)->48221K(52224K) NonClass: 42264K(44544K)->42264K(44544K) Class: 5956K(7680K)->5956K(7680K)
[2023-11-08T18:53:13.760+0100][gc            ] GC(630) Pause Young (Prepare Mixed) (G1 Evacuation Pause) 283M->216M(1024M) 3,938ms
[2023-11-08T18:53:13.761+0100][gc,cpu        ] GC(630) User=0,04s Sys=0,00s Real=0,00s
[2023-11-08T18:53:13.912+0100][gc,start      ] GC(631) Pause Young (Mixed) (G1 Evacuation Pause)
[2023-11-08T18:53:13.912+0100][gc,task       ] GC(631) Using 13 workers of 13 for evacuation
[2023-11-08T18:53:13.915+0100][gc,phases     ] GC(631)   Pre Evacuate Collection Set: 0,0ms
[2023-11-08T18:53:13.915+0100][gc,phases     ] GC(631)   Evacuate Collection Set: 2,4ms
[2023-11-08T18:53:13.915+0100][gc,phases     ] GC(631)   Post Evacuate Collection Set: 0,5ms
[2023-11-08T18:53:13.915+0100][gc,phases     ] GC(631)   Other: 0,3ms
[2023-11-08T18:53:13.915+0100][gc,heap       ] GC(631) Eden regions: 46->0(458)
[2023-11-08T18:53:13.915+0100][gc,heap       ] GC(631) Survivor regions: 5->4(7)
[2023-11-08T18:53:13.915+0100][gc,heap       ] GC(631) Old regions: 86->86
[2023-11-08T18:53:13.915+0100][gc,heap       ] GC(631) Humongous regions: 129->129
[2023-11-08T18:53:13.915+0100][gc,metaspace  ] GC(631) Metaspace: 48221K(52224K)->48221K(52224K) NonClass: 42264K(44544K)->42264K(44544K) Class: 5956K(7680K)->5956K(7680K)
[2023-11-08T18:53:13.915+0100][gc            ] GC(631) Pause Young (Mixed) (G1 Evacuation Pause) 262M->216M(1024M) 3,382ms
[2023-11-08T18:53:13.915+0100][gc,cpu        ] GC(631) User=0,01s Sys=0,02s Real=0,01s
[2023-11-08T18:53:15.480+0100][gc,start      ] GC(632) Pause Young (Normal) (G1 Evacuation Pause)
[2023-11-08T18:53:15.480+0100][gc,task       ] GC(632) Using 13 workers of 13 for evacuation
[2023-11-08T18:53:15.483+0100][gc,phases     ] GC(632)   Pre Evacuate Collection Set: 0,0ms
[2023-11-08T18:53:15.483+0100][gc,phases     ] GC(632)   Evacuate Collection Set: 2,4ms
[2023-11-08T18:53:15.483+0100][gc,phases     ] GC(632)   Post Evacuate Collection Set: 0,6ms
[2023-11-08T18:53:15.483+0100][gc,phases     ] GC(632)   Other: 0,2ms
[2023-11-08T18:53:15.483+0100][gc,heap       ] GC(632) Eden regions: 458->0(46)
[2023-11-08T18:53:15.483+0100][gc,heap       ] GC(632) Survivor regions: 4->5(58)
[2023-11-08T18:53:15.483+0100][gc,heap       ] GC(632) Old regions: 86->86
[2023-11-08T18:53:15.483+0100][gc,heap       ] GC(632) Humongous regions: 129->129
[2023-11-08T18:53:15.483+0100][gc,metaspace  ] GC(632) Metaspace: 48221K(52224K)->48221K(52224K) NonClass: 42264K(44544K)->42264K(44544K) Class: 5956K(7680K)->5956K(7680K)
[2023-11-08T18:53:15.483+0100][gc            ] GC(632) Pause Young (Normal) (G1 Evacuation Pause) 674M->217M(1024M) 3,286ms
[2023-11-08T18:53:15.483+0100][gc,cpu        ] GC(632) User=0,02s Sys=0,02s Real=0,01s
[2023-11-08T18:53:15.633+0100][gc,start      ] GC(633) Pause Young (Normal) (G1 Evacuation Pause)
[2023-11-08T18:53:15.633+0100][gc,task       ] GC(633) Using 13 workers of 13 for evacuation
[2023-11-08T18:53:15.635+0100][gc,phases     ] GC(633)   Pre Evacuate Collection Set: 0,0ms
[2023-11-08T18:53:15.635+0100][gc,phases     ] GC(633)   Evacuate Collection Set: 2,0ms
[2023-11-08T18:53:15.635+0100][gc,phases     ] GC(633)   Post Evacuate Collection Set: 0,4ms
[2023-11-08T18:53:15.635+0100][gc,phases     ] GC(633)   Other: 0,2ms
[2023-11-08T18:53:15.635+0100][gc,heap       ] GC(633) Eden regions: 46->0(244)
[2023-11-08T18:53:15.635+0100][gc,heap       ] GC(633) Survivor regions: 5->4(7)
[2023-11-08T18:53:15.635+0100][gc,heap       ] GC(633) Old regions: 86->87
[2023-11-08T18:53:15.635+0100][gc,heap       ] GC(633) Humongous regions: 129->129
[2023-11-08T18:53:15.635+0100][gc,metaspace  ] GC(633) Metaspace: 48221K(52224K)->48221K(52224K) NonClass: 42264K(44544K)->42264K(44544K) Class: 5956K(7680K)->5956K(7680K)
[2023-11-08T18:53:15.635+0100][gc            ] GC(633) Pause Young (Normal) (G1 Evacuation Pause) 263M->217M(1024M) 2,698ms
[2023-11-08T18:53:15.636+0100][gc,cpu        ] GC(633) User=0,03s Sys=0,00s Real=0,01s
[2023-11-08T18:53:16.431+0100][gc,start      ] GC(634) Pause Young (Normal) (G1 Evacuation Pause)
[2023-11-08T18:53:16.431+0100][gc,task       ] GC(634) Using 13 workers of 13 for evacuation
[2023-11-08T18:53:16.434+0100][gc,phases     ] GC(634)   Pre Evacuate Collection Set: 0,0ms
[2023-11-08T18:53:16.434+0100][gc,phases     ] GC(634)   Evacuate Collection Set: 2,5ms
[2023-11-08T18:53:16.434+0100][gc,phases     ] GC(634)   Post Evacuate Collection Set: 0,5ms
[2023-11-08T18:53:16.434+0100][gc,phases     ] GC(634)   Other: 0,2ms
[2023-11-08T18:53:16.434+0100][gc,heap       ] GC(634) Eden regions: 244->0(322)
[2023-11-08T18:53:16.434+0100][gc,heap       ] GC(634) Survivor regions: 4->5(31)
[2023-11-08T18:53:16.434+0100][gc,heap       ] GC(634) Old regions: 87->87
[2023-11-08T18:53:16.434+0100][gc,heap       ] GC(634) Humongous regions: 129->129
[2023-11-08T18:53:16.434+0100][gc,metaspace  ] GC(634) Metaspace: 48221K(52224K)->48221K(52224K) NonClass: 42264K(44544K)->42264K(44544K) Class: 5956K(7680K)->5956K(7680K)
[2023-11-08T18:53:16.434+0100][gc            ] GC(634) Pause Young (Normal) (G1 Evacuation Pause) 461M->218M(1024M) 3,220ms
[2023-11-08T18:53:16.434+0100][gc,cpu        ] GC(634) User=0,01s Sys=0,01s Real=0,00s
[2023-11-08T18:53:17.498+0100][gc,start      ] GC(635) Pause Young (Normal) (G1 Evacuation Pause)
[2023-11-08T18:53:17.498+0100][gc,task       ] GC(635) Using 13 workers of 13 for evacuation
[2023-11-08T18:53:17.501+0100][gc,phases     ] GC(635)   Pre Evacuate Collection Set: 0,0ms
[2023-11-08T18:53:17.501+0100][gc,phases     ] GC(635)   Evacuate Collection Set: 2,2ms
[2023-11-08T18:53:17.501+0100][gc,phases     ] GC(635)   Post Evacuate Collection Set: 0,5ms
[2023-11-08T18:53:17.501+0100][gc,phases     ] GC(635)   Other: 0,2ms
[2023-11-08T18:53:17.501+0100][gc,heap       ] GC(635) Eden regions: 322->0(477)
[2023-11-08T18:53:17.501+0100][gc,heap       ] GC(635) Survivor regions: 5->5(41)
[2023-11-08T18:53:17.501+0100][gc,heap       ] GC(635) Old regions: 87->87
[2023-11-08T18:53:17.501+0100][gc,heap       ] GC(635) Humongous regions: 129->129
[2023-11-08T18:53:17.501+0100][gc,metaspace  ] GC(635) Metaspace: 48221K(52224K)->48221K(52224K) NonClass: 42264K(44544K)->42264K(44544K) Class: 5956K(7680K)->5956K(7680K)
[2023-11-08T18:53:17.501+0100][gc            ] GC(635) Pause Young (Normal) (G1 Evacuation Pause) 540M->218M(1024M) 3,025ms
[2023-11-08T18:53:17.501+0100][gc,cpu        ] GC(635) User=0,02s Sys=0,01s Real=0,00s
[2023-11-08T18:53:19.076+0100][gc,start      ] GC(636) Pause Young (Normal) (G1 Evacuation Pause)
[2023-11-08T18:53:19.076+0100][gc,task       ] GC(636) Using 13 workers of 13 for evacuation
[2023-11-08T18:53:19.080+0100][gc,phases     ] GC(636)   Pre Evacuate Collection Set: 0,0ms
[2023-11-08T18:53:19.080+0100][gc,phases     ] GC(636)   Evacuate Collection Set: 3,0ms
[2023-11-08T18:53:19.080+0100][gc,phases     ] GC(636)   Post Evacuate Collection Set: 0,6ms
[2023-11-08T18:53:19.080+0100][gc,phases     ] GC(636)   Other: 0,3ms
[2023-11-08T18:53:19.080+0100][gc,heap       ] GC(636) Eden regions: 477->0(531)
[2023-11-08T18:53:19.080+0100][gc,heap       ] GC(636) Survivor regions: 5->7(61)
[2023-11-08T18:53:19.080+0100][gc,heap       ] GC(636) Old regions: 87->87
[2023-11-08T18:53:19.080+0100][gc,heap       ] GC(636) Humongous regions: 129->129
[2023-11-08T18:53:19.080+0100][gc,metaspace  ] GC(636) Metaspace: 48221K(52224K)->48221K(52224K) NonClass: 42264K(44544K)->42264K(44544K) Class: 5956K(7680K)->5956K(7680K)
[2023-11-08T18:53:19.080+0100][gc            ] GC(636) Pause Young (Normal) (G1 Evacuation Pause) 695M->220M(1024M) 4,062ms
[2023-11-08T18:53:19.080+0100][gc,cpu        ] GC(636) User=0,04s Sys=0,00s Real=0,00s
[2023-11-08T18:53:20.912+0100][gc,start      ] GC(637) Pause Young (Concurrent Start) (G1 Evacuation Pause)
[2023-11-08T18:53:20.912+0100][gc,task       ] GC(637) Using 13 workers of 13 for evacuation
[2023-11-08T18:53:20.918+0100][gc,phases     ] GC(637)   Pre Evacuate Collection Set: 0,3ms
[2023-11-08T18:53:20.918+0100][gc,phases     ] GC(637)   Evacuate Collection Set: 4,8ms
[2023-11-08T18:53:20.918+0100][gc,phases     ] GC(637)   Post Evacuate Collection Set: 0,7ms
[2023-11-08T18:53:20.918+0100][gc,phases     ] GC(637)   Other: 0,3ms
[2023-11-08T18:53:20.918+0100][gc,heap       ] GC(637) Eden regions: 531->0(558)
[2023-11-08T18:53:20.918+0100][gc,heap       ] GC(637) Survivor regions: 7->8(68)
[2023-11-08T18:53:20.918+0100][gc,heap       ] GC(637) Old regions: 87->87
[2023-11-08T18:53:20.918+0100][gc,heap       ] GC(637) Humongous regions: 129->129
[2023-11-08T18:53:20.918+0100][gc,metaspace  ] GC(637) Metaspace: 48221K(52224K)->48221K(52224K) NonClass: 42264K(44544K)->42264K(44544K) Class: 5956K(7680K)->5956K(7680K)
[2023-11-08T18:53:20.918+0100][gc            ] GC(637) Pause Young (Concurrent Start) (G1 Evacuation Pause) 751M->221M(1024M) 6,166ms
[2023-11-08T18:53:20.918+0100][gc,cpu        ] GC(637) User=0,06s Sys=0,00s Real=0,01s
[2023-11-08T18:53:20.918+0100][gc            ] GC(638) Concurrent Cycle
[2023-11-08T18:53:20.918+0100][gc,marking    ] GC(638) Concurrent Clear Claimed Marks
[2023-11-08T18:53:20.918+0100][gc,marking    ] GC(638) Concurrent Clear Claimed Marks 0,354ms
[2023-11-08T18:53:20.918+0100][gc,marking    ] GC(638) Concurrent Scan Root Regions
[2023-11-08T18:53:20.921+0100][gc,marking    ] GC(638) Concurrent Scan Root Regions 2,545ms
[2023-11-08T18:53:20.921+0100][gc,marking    ] GC(638) Concurrent Mark (5872,529s)
[2023-11-08T18:53:20.921+0100][gc,marking    ] GC(638) Concurrent Mark From Roots
[2023-11-08T18:53:20.921+0100][gc,task       ] GC(638) Using 3 workers of 3 for marking
[2023-11-08T18:53:20.948+0100][gc,marking    ] GC(638) Concurrent Mark From Roots 26,915ms
[2023-11-08T18:53:20.948+0100][gc,marking    ] GC(638) Concurrent Preclean
[2023-11-08T18:53:20.948+0100][gc,marking    ] GC(638) Concurrent Preclean 0,239ms
[2023-11-08T18:53:20.948+0100][gc,marking    ] GC(638) Concurrent Mark (5872,529s, 5872,557s) 27,218ms
[2023-11-08T18:53:20.948+0100][gc,start      ] GC(638) Pause Remark
[2023-11-08T18:53:20.953+0100][gc,stringtable] GC(638) Cleaned string and symbol table, strings: 18387 processed, 0 removed, symbols: 94772 processed, 0 removed
[2023-11-08T18:53:20.953+0100][gc            ] GC(638) Pause Remark 232M->232M(1024M) 4,720ms
[2023-11-08T18:53:20.953+0100][gc,cpu        ] GC(638) User=0,03s Sys=0,00s Real=0,00s
[2023-11-08T18:53:20.953+0100][gc,marking    ] GC(638) Concurrent Rebuild Remembered Sets
[2023-11-08T18:53:20.968+0100][gc,marking    ] GC(638) Concurrent Rebuild Remembered Sets 15,040ms
[2023-11-08T18:53:20.968+0100][gc,start      ] GC(638) Pause Cleanup
[2023-11-08T18:53:20.969+0100][gc            ] GC(638) Pause Cleanup 236M->236M(1024M) 0,253ms
[2023-11-08T18:53:20.969+0100][gc,cpu        ] GC(638) User=0,00s Sys=0,00s Real=0,00s
[2023-11-08T18:53:20.969+0100][gc,marking    ] GC(638) Concurrent Cleanup for Next Mark
[2023-11-08T18:53:20.970+0100][gc,marking    ] GC(638) Concurrent Cleanup for Next Mark 1,873ms
[2023-11-08T18:53:20.970+0100][gc            ] GC(638) Concurrent Cycle 52,673ms
[2023-11-08T18:53:21.260+0100][gc,start      ] GC(639) Pause Young (Normal) (G1 Evacuation Pause)
[2023-11-08T18:53:21.260+0100][gc,task       ] GC(639) Using 13 workers of 13 for evacuation
[2023-11-08T18:53:21.268+0100][gc,phases     ] GC(639)   Pre Evacuate Collection Set: 0,0ms
[2023-11-08T18:53:21.268+0100][gc,phases     ] GC(639)   Evacuate Collection Set: 6,9ms
[2023-11-08T18:53:21.268+0100][gc,phases     ] GC(639)   Post Evacuate Collection Set: 0,5ms
[2023-11-08T18:53:21.268+0100][gc,phases     ] GC(639)   Other: 0,3ms
[2023-11-08T18:53:21.268+0100][gc,heap       ] GC(639) Eden regions: 100->0(166)
[2023-11-08T18:53:21.268+0100][gc,heap       ] GC(639) Survivor regions: 8->7(14)
[2023-11-08T18:53:21.268+0100][gc,heap       ] GC(639) Old regions: 87->89
[2023-11-08T18:53:21.268+0100][gc,heap       ] GC(639) Humongous regions: 129->129
[2023-11-08T18:53:21.268+0100][gc,metaspace  ] GC(639) Metaspace: 48221K(52224K)->48221K(52224K) NonClass: 42264K(44544K)->42264K(44544K) Class: 5956K(7680K)->5956K(7680K)
[2023-11-08T18:53:21.268+0100][gc            ] GC(639) Pause Young (Normal) (G1 Evacuation Pause) 321M->222M(1024M) 7,886ms
[2023-11-08T18:53:21.268+0100][gc,cpu        ] GC(639) User=0,06s Sys=0,00s Real=0,01s
[2023-11-08T18:53:21.839+0100][gc,start      ] GC(640) Pause Young (Concurrent Start) (G1 Evacuation Pause)
[2023-11-08T18:53:21.839+0100][gc,task       ] GC(640) Using 13 workers of 13 for evacuation
[2023-11-08T18:53:21.842+0100][gc,phases     ] GC(640)   Pre Evacuate Collection Set: 0,2ms
[2023-11-08T18:53:21.843+0100][gc,phases     ] GC(640)   Evacuate Collection Set: 2,8ms
[2023-11-08T18:53:21.843+0100][gc,phases     ] GC(640)   Post Evacuate Collection Set: 0,6ms
[2023-11-08T18:53:21.843+0100][gc,phases     ] GC(640)   Other: 0,3ms
[2023-11-08T18:53:21.843+0100][gc,heap       ] GC(640) Eden regions: 166->0(227)
[2023-11-08T18:53:21.843+0100][gc,heap       ] GC(640) Survivor regions: 7->8(22)
[2023-11-08T18:53:21.843+0100][gc,heap       ] GC(640) Old regions: 89->89
[2023-11-08T18:53:21.843+0100][gc,heap       ] GC(640) Humongous regions: 129->129
[2023-11-08T18:53:21.843+0100][gc,metaspace  ] GC(640) Metaspace: 48221K(52224K)->48221K(52224K) NonClass: 42264K(44544K)->42264K(44544K) Class: 5956K(7680K)->5956K(7680K)
[2023-11-08T18:53:21.843+0100][gc            ] GC(640) Pause Young (Concurrent Start) (G1 Evacuation Pause) 388M->222M(1024M) 4,134ms
[2023-11-08T18:53:21.843+0100][gc,cpu        ] GC(640) User=0,02s Sys=0,02s Real=0,01s
[2023-11-08T18:53:21.843+0100][gc            ] GC(641) Concurrent Cycle
[2023-11-08T18:53:21.843+0100][gc,marking    ] GC(641) Concurrent Clear Claimed Marks
[2023-11-08T18:53:21.843+0100][gc,marking    ] GC(641) Concurrent Clear Claimed Marks 0,475ms
[2023-11-08T18:53:21.843+0100][gc,marking    ] GC(641) Concurrent Scan Root Regions
[2023-11-08T18:53:21.847+0100][gc,marking    ] GC(641) Concurrent Scan Root Regions 3,657ms
[2023-11-08T18:53:21.847+0100][gc,marking    ] GC(641) Concurrent Mark (5873,456s)
[2023-11-08T18:53:21.847+0100][gc,marking    ] GC(641) Concurrent Mark From Roots
[2023-11-08T18:53:21.847+0100][gc,task       ] GC(641) Using 3 workers of 3 for marking
[2023-11-08T18:53:21.873+0100][gc,marking    ] GC(641) Concurrent Mark From Roots 25,637ms
[2023-11-08T18:53:21.873+0100][gc,marking    ] GC(641) Concurrent Preclean
[2023-11-08T18:53:21.873+0100][gc,marking    ] GC(641) Concurrent Preclean 0,199ms
[2023-11-08T18:53:21.873+0100][gc,marking    ] GC(641) Concurrent Mark (5873,456s, 5873,481s) 25,885ms
[2023-11-08T18:53:21.873+0100][gc,start      ] GC(641) Pause Remark
[2023-11-08T18:53:21.876+0100][gc,stringtable] GC(641) Cleaned string and symbol table, strings: 18387 processed, 0 removed, symbols: 94772 processed, 0 removed
[2023-11-08T18:53:21.877+0100][gc            ] GC(641) Pause Remark 232M->232M(1024M) 3,721ms
[2023-11-08T18:53:21.877+0100][gc,cpu        ] GC(641) User=0,04s Sys=0,00s Real=0,01s
[2023-11-08T18:53:21.877+0100][gc,marking    ] GC(641) Concurrent Rebuild Remembered Sets
[2023-11-08T18:53:21.892+0100][gc,marking    ] GC(641) Concurrent Rebuild Remembered Sets 15,027ms
[2023-11-08T18:53:21.892+0100][gc,start      ] GC(641) Pause Cleanup
[2023-11-08T18:53:21.893+0100][gc            ] GC(641) Pause Cleanup 237M->237M(1024M) 0,461ms
[2023-11-08T18:53:21.893+0100][gc,cpu        ] GC(641) User=0,01s Sys=0,00s Real=0,00s
[2023-11-08T18:53:21.893+0100][gc,marking    ] GC(641) Concurrent Cleanup for Next Mark
[2023-11-08T18:53:21.896+0100][gc,marking    ] GC(641) Concurrent Cleanup for Next Mark 2,889ms
[2023-11-08T18:53:21.896+0100][gc            ] GC(641) Concurrent Cycle 52,905ms
[2023-11-08T18:53:22.158+0100][gc,start      ] GC(642) Pause Young (Normal) (G1 Evacuation Pause)
[2023-11-08T18:53:22.158+0100][gc,task       ] GC(642) Using 13 workers of 13 for evacuation
[2023-11-08T18:53:22.163+0100][gc,phases     ] GC(642)   Pre Evacuate Collection Set: 0,0ms
[2023-11-08T18:53:22.164+0100][gc,phases     ] GC(642)   Evacuate Collection Set: 4,3ms
[2023-11-08T18:53:22.164+0100][gc,phases     ] GC(642)   Post Evacuate Collection Set: 0,5ms
[2023-11-08T18:53:22.164+0100][gc,phases     ] GC(642)   Other: 0,3ms
[2023-11-08T18:53:22.164+0100][gc,heap       ] GC(642) Eden regions: 105->0(251)
[2023-11-08T18:53:22.164+0100][gc,heap       ] GC(642) Survivor regions: 8->8(15)
[2023-11-08T18:53:22.164+0100][gc,heap       ] GC(642) Old regions: 89->89
[2023-11-08T18:53:22.164+0100][gc,heap       ] GC(642) Humongous regions: 129->129
[2023-11-08T18:53:22.164+0100][gc,metaspace  ] GC(642) Metaspace: 48221K(52224K)->48221K(52224K) NonClass: 42264K(44544K)->42264K(44544K) Class: 5956K(7680K)->5956K(7680K)
[2023-11-08T18:53:22.164+0100][gc            ] GC(642) Pause Young (Normal) (G1 Evacuation Pause) 327M->223M(1024M) 5,238ms
[2023-11-08T18:53:22.164+0100][gc,cpu        ] GC(642) User=0,05s Sys=0,00s Real=0,01s
[2023-11-08T18:53:22.951+0100][gc,start      ] GC(643) Pause Young (Normal) (G1 Evacuation Pause)
[2023-11-08T18:53:22.951+0100][gc,task       ] GC(643) Using 13 workers of 13 for evacuation
[2023-11-08T18:53:22.956+0100][gc,phases     ] GC(643)   Pre Evacuate Collection Set: 0,0ms
[2023-11-08T18:53:22.956+0100][gc,phases     ] GC(643)   Evacuate Collection Set: 4,5ms
[2023-11-08T18:53:22.956+0100][gc,phases     ] GC(643)   Post Evacuate Collection Set: 0,7ms
[2023-11-08T18:53:22.956+0100][gc,phases     ] GC(643)   Other: 0,3ms
[2023-11-08T18:53:22.956+0100][gc,heap       ] GC(643) Eden regions: 251->0(339)
[2023-11-08T18:53:22.956+0100][gc,heap       ] GC(643) Survivor regions: 8->8(33)
[2023-11-08T18:53:22.956+0100][gc,heap       ] GC(643) Old regions: 89->89
[2023-11-08T18:53:22.956+0100][gc,heap       ] GC(643) Humongous regions: 129->129
[2023-11-08T18:53:22.956+0100][gc,metaspace  ] GC(643) Metaspace: 48221K(52224K)->48221K(52224K) NonClass: 42264K(44544K)->42264K(44544K) Class: 5956K(7680K)->5956K(7680K)
[2023-11-08T18:53:22.956+0100][gc            ] GC(643) Pause Young (Normal) (G1 Evacuation Pause) 474M->223M(1024M) 5,658ms
[2023-11-08T18:53:22.956+0100][gc,cpu        ] GC(643) User=0,04s Sys=0,01s Real=0,01s
[2023-11-08T18:53:24.010+0100][gc,start      ] GC(644) Pause Young (Normal) (G1 Evacuation Pause)
[2023-11-08T18:53:24.010+0100][gc,task       ] GC(644) Using 13 workers of 13 for evacuation
[2023-11-08T18:53:24.015+0100][gc,phases     ] GC(644)   Pre Evacuate Collection Set: 0,0ms
[2023-11-08T18:53:24.015+0100][gc,phases     ] GC(644)   Evacuate Collection Set: 4,3ms
[2023-11-08T18:53:24.015+0100][gc,phases     ] GC(644)   Post Evacuate Collection Set: 0,6ms
[2023-11-08T18:53:24.015+0100][gc,phases     ] GC(644)   Other: 0,3ms
[2023-11-08T18:53:24.015+0100][gc,heap       ] GC(644) Eden regions: 339->0(391)
[2023-11-08T18:53:24.015+0100][gc,heap       ] GC(644) Survivor regions: 8->9(44)
[2023-11-08T18:53:24.015+0100][gc,heap       ] GC(644) Old regions: 89->89
[2023-11-08T18:53:24.015+0100][gc,heap       ] GC(644) Humongous regions: 129->129
[2023-11-08T18:53:24.015+0100][gc,metaspace  ] GC(644) Metaspace: 48221K(52224K)->48221K(52224K) NonClass: 42264K(44544K)->42264K(44544K) Class: 5956K(7680K)->5956K(7680K)
[2023-11-08T18:53:24.015+0100][gc            ] GC(644) Pause Young (Normal) (G1 Evacuation Pause) 562M->224M(1024M) 5,381ms
[2023-11-08T18:53:24.015+0100][gc,cpu        ] GC(644) User=0,05s Sys=0,00s Real=0,01s
[2023-11-08T18:53:25.232+0100][gc,start      ] GC(645) Pause Young (Normal) (G1 Evacuation Pause)
[2023-11-08T18:53:25.232+0100][gc,task       ] GC(645) Using 13 workers of 13 for evacuation
[2023-11-08T18:53:25.238+0100][gc,phases     ] GC(645)   Pre Evacuate Collection Set: 0,0ms
[2023-11-08T18:53:25.238+0100][gc,phases     ] GC(645)   Evacuate Collection Set: 4,2ms
[2023-11-08T18:53:25.238+0100][gc,phases     ] GC(645)   Post Evacuate Collection Set: 0,7ms
[2023-11-08T18:53:25.238+0100][gc,phases     ] GC(645)   Other: 0,3ms
[2023-11-08T18:53:25.238+0100][gc,heap       ] GC(645) Eden regions: 391->0(438)
[2023-11-08T18:53:25.238+0100][gc,heap       ] GC(645) Survivor regions: 9->11(50)
[2023-11-08T18:53:25.238+0100][gc,heap       ] GC(645) Old regions: 89->89
[2023-11-08T18:53:25.238+0100][gc,heap       ] GC(645) Humongous regions: 129->129
[2023-11-08T18:53:25.238+0100][gc,metaspace  ] GC(645) Metaspace: 48221K(52224K)->48221K(52224K) NonClass: 42264K(44544K)->42264K(44544K) Class: 5956K(7680K)->5956K(7680K)
[2023-11-08T18:53:25.238+0100][gc            ] GC(645) Pause Young (Normal) (G1 Evacuation Pause) 615M->226M(1024M) 5,315ms
[2023-11-08T18:53:25.238+0100][gc,cpu        ] GC(645) User=0,05s Sys=0,00s Real=0,01s
[2023-11-08T18:53:26.765+0100][gc,start      ] GC(646) Pause Young (Normal) (G1 Evacuation Pause)
[2023-11-08T18:53:26.765+0100][gc,task       ] GC(646) Using 13 workers of 13 for evacuation
[2023-11-08T18:53:26.770+0100][gc,phases     ] GC(646)   Pre Evacuate Collection Set: 0,0ms
[2023-11-08T18:53:26.771+0100][gc,phases     ] GC(646)   Evacuate Collection Set: 4,4ms
[2023-11-08T18:53:26.771+0100][gc,phases     ] GC(646)   Post Evacuate Collection Set: 0,7ms
[2023-11-08T18:53:26.771+0100][gc,phases     ] GC(646)   Other: 0,3ms
[2023-11-08T18:53:26.771+0100][gc,heap       ] GC(646) Eden regions: 438->0(493)
[2023-11-08T18:53:26.771+0100][gc,heap       ] GC(646) Survivor regions: 11->12(57)
[2023-11-08T18:53:26.771+0100][gc,heap       ] GC(646) Old regions: 89->89
[2023-11-08T18:53:26.771+0100][gc,heap       ] GC(646) Humongous regions: 129->129
[2023-11-08T18:53:26.771+0100][gc,metaspace  ] GC(646) Metaspace: 48221K(52224K)->48221K(52224K) NonClass: 42264K(44544K)->42264K(44544K) Class: 5956K(7680K)->5956K(7680K)
[2023-11-08T18:53:26.771+0100][gc            ] GC(646) Pause Young (Normal) (G1 Evacuation Pause) 664M->227M(1024M) 5,532ms
[2023-11-08T18:53:26.771+0100][gc,cpu        ] GC(646) User=0,05s Sys=0,00s Real=0,00s
[2023-11-08T18:53:28.436+0100][gc,start      ] GC(647) Pause Young (Concurrent Start) (G1 Evacuation Pause)
[2023-11-08T18:53:28.436+0100][gc,task       ] GC(647) Using 13 workers of 13 for evacuation
[2023-11-08T18:53:28.443+0100][gc,phases     ] GC(647)   Pre Evacuate Collection Set: 0,2ms
[2023-11-08T18:53:28.443+0100][gc,phases     ] GC(647)   Evacuate Collection Set: 5,9ms
[2023-11-08T18:53:28.443+0100][gc,phases     ] GC(647)   Post Evacuate Collection Set: 0,6ms
[2023-11-08T18:53:28.443+0100][gc,phases     ] GC(647)   Other: 0,2ms
[2023-11-08T18:53:28.443+0100][gc,heap       ] GC(647) Eden regions: 493->0(527)
[2023-11-08T18:53:28.443+0100][gc,heap       ] GC(647) Survivor regions: 12->13(64)
[2023-11-08T18:53:28.443+0100][gc,heap       ] GC(647) Old regions: 89->89
[2023-11-08T18:53:28.443+0100][gc,heap       ] GC(647) Humongous regions: 129->129
[2023-11-08T18:53:28.443+0100][gc,metaspace  ] GC(647) Metaspace: 48221K(52224K)->48221K(52224K) NonClass: 42264K(44544K)->42264K(44544K) Class: 5956K(7680K)->5956K(7680K)
[2023-11-08T18:53:28.443+0100][gc            ] GC(647) Pause Young (Concurrent Start) (G1 Evacuation Pause) 720M->228M(1024M) 7,076ms
[2023-11-08T18:53:28.443+0100][gc,cpu        ] GC(647) User=0,06s Sys=0,00s Real=0,01s
[2023-11-08T18:53:28.443+0100][gc            ] GC(648) Concurrent Cycle
[2023-11-08T18:53:28.443+0100][gc,marking    ] GC(648) Concurrent Clear Claimed Marks
[2023-11-08T18:53:28.443+0100][gc,marking    ] GC(648) Concurrent Clear Claimed Marks 0,333ms
[2023-11-08T18:53:28.443+0100][gc,marking    ] GC(648) Concurrent Scan Root Regions
[2023-11-08T18:53:28.447+0100][gc,marking    ] GC(648) Concurrent Scan Root Regions 3,859ms
[2023-11-08T18:53:28.447+0100][gc,marking    ] GC(648) Concurrent Mark (5880,056s)
[2023-11-08T18:53:28.447+0100][gc,marking    ] GC(648) Concurrent Mark From Roots
[2023-11-08T18:53:28.447+0100][gc,task       ] GC(648) Using 3 workers of 3 for marking
[2023-11-08T18:53:28.473+0100][gc,marking    ] GC(648) Concurrent Mark From Roots 25,243ms
[2023-11-08T18:53:28.473+0100][gc,marking    ] GC(648) Concurrent Preclean
[2023-11-08T18:53:28.473+0100][gc,marking    ] GC(648) Concurrent Preclean 0,220ms
[2023-11-08T18:53:28.473+0100][gc,marking    ] GC(648) Concurrent Mark (5880,056s, 5880,081s) 25,527ms
[2023-11-08T18:53:28.473+0100][gc,start      ] GC(648) Pause Remark
[2023-11-08T18:53:28.476+0100][gc,stringtable] GC(648) Cleaned string and symbol table, strings: 18387 processed, 0 removed, symbols: 94772 processed, 0 removed
[2023-11-08T18:53:28.477+0100][gc            ] GC(648) Pause Remark 239M->239M(1024M) 3,517ms
[2023-11-08T18:53:28.477+0100][gc,cpu        ] GC(648) User=0,03s Sys=0,00s Real=0,01s
[2023-11-08T18:53:28.477+0100][gc,marking    ] GC(648) Concurrent Rebuild Remembered Sets
[2023-11-08T18:53:28.493+0100][gc,marking    ] GC(648) Concurrent Rebuild Remembered Sets 16,191ms
[2023-11-08T18:53:28.493+0100][gc,start      ] GC(648) Pause Cleanup
[2023-11-08T18:53:28.493+0100][gc            ] GC(648) Pause Cleanup 244M->244M(1024M) 0,204ms
[2023-11-08T18:53:28.493+0100][gc,cpu        ] GC(648) User=0,00s Sys=0,00s Real=0,00s
[2023-11-08T18:53:28.493+0100][gc,marking    ] GC(648) Concurrent Cleanup for Next Mark
[2023-11-08T18:53:28.495+0100][gc,marking    ] GC(648) Concurrent Cleanup for Next Mark 1,939ms
[2023-11-08T18:53:28.495+0100][gc            ] GC(648) Concurrent Cycle 52,165ms
[2023-11-08T18:53:28.771+0100][gc,start      ] GC(649) Pause Young (Normal) (G1 Evacuation Pause)
[2023-11-08T18:53:28.771+0100][gc,task       ] GC(649) Using 13 workers of 13 for evacuation
[2023-11-08T18:53:28.780+0100][gc,phases     ] GC(649)   Pre Evacuate Collection Set: 0,0ms
[2023-11-08T18:53:28.781+0100][gc,phases     ] GC(649)   Evacuate Collection Set: 8,9ms
[2023-11-08T18:53:28.781+0100][gc,phases     ] GC(649)   Post Evacuate Collection Set: 0,4ms
[2023-11-08T18:53:28.781+0100][gc,phases     ] GC(649)   Other: 0,2ms
[2023-11-08T18:53:28.781+0100][gc,heap       ] GC(649) Eden regions: 96->0(370)
[2023-11-08T18:53:28.781+0100][gc,heap       ] GC(649) Survivor regions: 13->8(14)
[2023-11-08T18:53:28.781+0100][gc,heap       ] GC(649) Old regions: 89->94
[2023-11-08T18:53:28.781+0100][gc,heap       ] GC(649) Humongous regions: 129->129
[2023-11-08T18:53:28.781+0100][gc,metaspace  ] GC(649) Metaspace: 48221K(52224K)->48221K(52224K) NonClass: 42264K(44544K)->42264K(44544K) Class: 5956K(7680K)->5956K(7680K)
[2023-11-08T18:53:28.781+0100][gc            ] GC(649) Pause Young (Normal) (G1 Evacuation Pause) 324M->229M(1024M) 9,779ms
[2023-11-08T18:53:28.781+0100][gc,cpu        ] GC(649) User=0,09s Sys=0,01s Real=0,01s
[2023-11-08T18:53:30.021+0100][gc,start      ] GC(650) Pause Young (Concurrent Start) (G1 Evacuation Pause)
[2023-11-08T18:53:30.021+0100][gc,task       ] GC(650) Using 13 workers of 13 for evacuation
[2023-11-08T18:53:30.026+0100][gc,phases     ] GC(650)   Pre Evacuate Collection Set: 0,2ms
[2023-11-08T18:53:30.026+0100][gc,phases     ] GC(650)   Evacuate Collection Set: 3,7ms
[2023-11-08T18:53:30.026+0100][gc,phases     ] GC(650)   Post Evacuate Collection Set: 0,6ms
[2023-11-08T18:53:30.026+0100][gc,phases     ] GC(650)   Other: 0,3ms
[2023-11-08T18:53:30.026+0100][gc,heap       ] GC(650) Eden regions: 370->0(418)
[2023-11-08T18:53:30.026+0100][gc,heap       ] GC(650) Survivor regions: 8->9(48)
[2023-11-08T18:53:30.026+0100][gc,heap       ] GC(650) Old regions: 94->94
[2023-11-08T18:53:30.026+0100][gc,heap       ] GC(650) Humongous regions: 129->129
[2023-11-08T18:53:30.026+0100][gc,metaspace  ] GC(650) Metaspace: 48221K(52224K)->48221K(52224K) NonClass: 42264K(44544K)->42264K(44544K) Class: 5956K(7680K)->5956K(7680K)
[2023-11-08T18:53:30.026+0100][gc            ] GC(650) Pause Young (Concurrent Start) (G1 Evacuation Pause) 599M->229M(1024M) 4,962ms
[2023-11-08T18:53:30.026+0100][gc,cpu        ] GC(650) User=0,04s Sys=0,00s Real=0,01s
[2023-11-08T18:53:30.026+0100][gc            ] GC(651) Concurrent Cycle
[2023-11-08T18:53:30.026+0100][gc,marking    ] GC(651) Concurrent Clear Claimed Marks
[2023-11-08T18:53:30.027+0100][gc,marking    ] GC(651) Concurrent Clear Claimed Marks 0,507ms
[2023-11-08T18:53:30.027+0100][gc,marking    ] GC(651) Concurrent Scan Root Regions
[2023-11-08T18:53:30.030+0100][gc,marking    ] GC(651) Concurrent Scan Root Regions 3,602ms
[2023-11-08T18:53:30.030+0100][gc,marking    ] GC(651) Concurrent Mark (5881,639s)
[2023-11-08T18:53:30.030+0100][gc,marking    ] GC(651) Concurrent Mark From Roots
[2023-11-08T18:53:30.030+0100][gc,task       ] GC(651) Using 3 workers of 3 for marking
[2023-11-08T18:53:30.060+0100][gc,marking    ] GC(651) Concurrent Mark From Roots 30,200ms
[2023-11-08T18:53:30.061+0100][gc,marking    ] GC(651) Concurrent Preclean
[2023-11-08T18:53:30.061+0100][gc,marking    ] GC(651) Concurrent Preclean 0,451ms
[2023-11-08T18:53:30.061+0100][gc,marking    ] GC(651) Concurrent Mark (5881,639s, 5881,670s) 30,750ms
[2023-11-08T18:53:30.061+0100][gc,start      ] GC(651) Pause Remark
[2023-11-08T18:53:30.064+0100][gc,stringtable] GC(651) Cleaned string and symbol table, strings: 18387 processed, 0 removed, symbols: 94772 processed, 0 removed
[2023-11-08T18:53:30.064+0100][gc            ] GC(651) Pause Remark 240M->240M(1024M) 3,266ms
[2023-11-08T18:53:30.064+0100][gc,cpu        ] GC(651) User=0,03s Sys=0,00s Real=0,01s
[2023-11-08T18:53:30.065+0100][gc,marking    ] GC(651) Concurrent Rebuild Remembered Sets
[2023-11-08T18:53:30.083+0100][gc,marking    ] GC(651) Concurrent Rebuild Remembered Sets 18,724ms
[2023-11-08T18:53:30.083+0100][gc,start      ] GC(651) Pause Cleanup
[2023-11-08T18:53:30.084+0100][gc            ] GC(651) Pause Cleanup 247M->247M(1024M) 0,203ms
[2023-11-08T18:53:30.084+0100][gc,cpu        ] GC(651) User=0,00s Sys=0,00s Real=0,00s
[2023-11-08T18:53:30.084+0100][gc,marking    ] GC(651) Concurrent Cleanup for Next Mark
[2023-11-08T18:53:30.086+0100][gc,marking    ] GC(651) Concurrent Cleanup for Next Mark 2,289ms
[2023-11-08T18:53:30.086+0100][gc            ] GC(651) Concurrent Cycle 59,955ms
[2023-11-08T18:53:30.267+0100][gc,start      ] GC(652) Pause Young (Normal) (G1 Evacuation Pause)
[2023-11-08T18:53:30.267+0100][gc,task       ] GC(652) Using 13 workers of 13 for evacuation
[2023-11-08T18:53:30.273+0100][gc,phases     ] GC(652)   Pre Evacuate Collection Set: 0,0ms
[2023-11-08T18:53:30.273+0100][gc,phases     ] GC(652)   Evacuate Collection Set: 5,1ms
[2023-11-08T18:53:30.273+0100][gc,phases     ] GC(652)   Post Evacuate Collection Set: 0,4ms
[2023-11-08T18:53:30.273+0100][gc,phases     ] GC(652)   Other: 0,2ms
[2023-11-08T18:53:30.273+0100][gc,heap       ] GC(652) Eden regions: 82->0(495)
[2023-11-08T18:53:30.273+0100][gc,heap       ] GC(652) Survivor regions: 9->8(12)
[2023-11-08T18:53:30.273+0100][gc,heap       ] GC(652) Old regions: 94->96
[2023-11-08T18:53:30.273+0100][gc,heap       ] GC(652) Humongous regions: 129->129
[2023-11-08T18:53:30.273+0100][gc,metaspace  ] GC(652) Metaspace: 48221K(52224K)->48221K(52224K) NonClass: 42264K(44544K)->42264K(44544K) Class: 5956K(7680K)->5956K(7680K)
[2023-11-08T18:53:30.273+0100][gc            ] GC(652) Pause Young (Normal) (G1 Evacuation Pause) 311M->230M(1024M) 5,824ms
[2023-11-08T18:53:30.273+0100][gc,cpu        ] GC(652) User=0,04s Sys=0,01s Real=0,00s
[2023-11-08T18:53:31.931+0100][gc,start      ] GC(653) Pause Young (Concurrent Start) (G1 Evacuation Pause)
[2023-11-08T18:53:31.932+0100][gc,task       ] GC(653) Using 13 workers of 13 for evacuation
[2023-11-08T18:53:31.937+0100][gc,phases     ] GC(653)   Pre Evacuate Collection Set: 0,2ms
[2023-11-08T18:53:31.937+0100][gc,phases     ] GC(653)   Evacuate Collection Set: 4,7ms
[2023-11-08T18:53:31.937+0100][gc,phases     ] GC(653)   Post Evacuate Collection Set: 0,5ms
[2023-11-08T18:53:31.937+0100][gc,phases     ] GC(653)   Other: 0,2ms
[2023-11-08T18:53:31.937+0100][gc,heap       ] GC(653) Eden regions: 495->0(529)
[2023-11-08T18:53:31.937+0100][gc,heap       ] GC(653) Survivor regions: 8->9(63)
[2023-11-08T18:53:31.937+0100][gc,heap       ] GC(653) Old regions: 96->96
[2023-11-08T18:53:31.937+0100][gc,heap       ] GC(653) Humongous regions: 129->129
[2023-11-08T18:53:31.937+0100][gc,metaspace  ] GC(653) Metaspace: 48221K(52224K)->48221K(52224K) NonClass: 42264K(44544K)->42264K(44544K) Class: 5956K(7680K)->5956K(7680K)
[2023-11-08T18:53:31.937+0100][gc            ] GC(653) Pause Young (Concurrent Start) (G1 Evacuation Pause) 725M->231M(1024M) 5,718ms
[2023-11-08T18:53:31.937+0100][gc,cpu        ] GC(653) User=0,05s Sys=0,01s Real=0,01s
[2023-11-08T18:53:31.937+0100][gc            ] GC(654) Concurrent Cycle
[2023-11-08T18:53:31.937+0100][gc,marking    ] GC(654) Concurrent Clear Claimed Marks
[2023-11-08T18:53:31.938+0100][gc,marking    ] GC(654) Concurrent Clear Claimed Marks 0,321ms
[2023-11-08T18:53:31.938+0100][gc,marking    ] GC(654) Concurrent Scan Root Regions
[2023-11-08T18:53:31.940+0100][gc,marking    ] GC(654) Concurrent Scan Root Regions 2,536ms
[2023-11-08T18:53:31.940+0100][gc,marking    ] GC(654) Concurrent Mark (5883,549s)
[2023-11-08T18:53:31.940+0100][gc,marking    ] GC(654) Concurrent Mark From Roots
[2023-11-08T18:53:31.940+0100][gc,task       ] GC(654) Using 3 workers of 3 for marking
[2023-11-08T18:53:31.968+0100][gc,marking    ] GC(654) Concurrent Mark From Roots 27,440ms
[2023-11-08T18:53:31.968+0100][gc,marking    ] GC(654) Concurrent Preclean
[2023-11-08T18:53:31.968+0100][gc,marking    ] GC(654) Concurrent Preclean 0,399ms
[2023-11-08T18:53:31.968+0100][gc,marking    ] GC(654) Concurrent Mark (5883,549s, 5883,577s) 27,946ms
[2023-11-08T18:53:31.968+0100][gc,start      ] GC(654) Pause Remark
[2023-11-08T18:53:31.972+0100][gc,stringtable] GC(654) Cleaned string and symbol table, strings: 18387 processed, 0 removed, symbols: 94772 processed, 0 removed
[2023-11-08T18:53:31.972+0100][gc            ] GC(654) Pause Remark 242M->242M(1024M) 4,075ms
[2023-11-08T18:53:31.972+0100][gc,cpu        ] GC(654) User=0,04s Sys=0,00s Real=0,00s
[2023-11-08T18:53:31.972+0100][gc,marking    ] GC(654) Concurrent Rebuild Remembered Sets
[2023-11-08T18:53:31.992+0100][gc,marking    ] GC(654) Concurrent Rebuild Remembered Sets 19,492ms
[2023-11-08T18:53:31.992+0100][gc,start      ] GC(654) Pause Cleanup
[2023-11-08T18:53:31.992+0100][gc            ] GC(654) Pause Cleanup 248M->248M(1024M) 0,218ms
[2023-11-08T18:53:31.992+0100][gc,cpu        ] GC(654) User=0,00s Sys=0,00s Real=0,00s
[2023-11-08T18:53:31.992+0100][gc,marking    ] GC(654) Concurrent Cleanup for Next Mark
[2023-11-08T18:53:31.994+0100][gc,marking    ] GC(654) Concurrent Cleanup for Next Mark 1,697ms
[2023-11-08T18:53:31.994+0100][gc            ] GC(654) Concurrent Cycle 56,980ms
[2023-11-08T18:53:32.075+0100][gc,start      ] GC(655) Pause Young (Normal) (G1 Evacuation Pause)
[2023-11-08T18:53:32.075+0100][gc,task       ] GC(655) Using 13 workers of 13 for evacuation
[2023-11-08T18:53:32.080+0100][gc,phases     ] GC(655)   Pre Evacuate Collection Set: 0,1ms
[2023-11-08T18:53:32.080+0100][gc,phases     ] GC(655)   Evacuate Collection Set: 4,4ms
[2023-11-08T18:53:32.080+0100][gc,phases     ] GC(655)   Post Evacuate Collection Set: 0,5ms
[2023-11-08T18:53:32.080+0100][gc,phases     ] GC(655)   Other: 0,2ms
[2023-11-08T18:53:32.080+0100][gc,heap       ] GC(655) Eden regions: 42->0(576)
[2023-11-08T18:53:32.080+0100][gc,heap       ] GC(655) Survivor regions: 9->4(7)
[2023-11-08T18:53:32.080+0100][gc,heap       ] GC(655) Old regions: 96->101
[2023-11-08T18:53:32.080+0100][gc,heap       ] GC(655) Humongous regions: 129->129
[2023-11-08T18:53:32.080+0100][gc,metaspace  ] GC(655) Metaspace: 48221K(52224K)->48221K(52224K) NonClass: 42264K(44544K)->42264K(44544K) Class: 5956K(7680K)->5956K(7680K)
[2023-11-08T18:53:32.080+0100][gc            ] GC(655) Pause Young (Normal) (G1 Evacuation Pause) 273M->232M(1024M) 5,374ms
[2023-11-08T18:53:32.080+0100][gc,cpu        ] GC(655) User=0,05s Sys=0,00s Real=0,01s
[2023-11-08T18:53:34.076+0100][gc,start      ] GC(656) Pause Young (Concurrent Start) (G1 Evacuation Pause)
[2023-11-08T18:53:34.076+0100][gc,task       ] GC(656) Using 13 workers of 13 for evacuation
[2023-11-08T18:53:34.080+0100][gc,phases     ] GC(656)   Pre Evacuate Collection Set: 0,2ms
[2023-11-08T18:53:34.080+0100][gc,phases     ] GC(656)   Evacuate Collection Set: 3,1ms
[2023-11-08T18:53:34.080+0100][gc,phases     ] GC(656)   Post Evacuate Collection Set: 0,6ms
[2023-11-08T18:53:34.080+0100][gc,phases     ] GC(656)   Other: 0,3ms
[2023-11-08T18:53:34.080+0100][gc,heap       ] GC(656) Eden regions: 576->0(421)
[2023-11-08T18:53:34.080+0100][gc,heap       ] GC(656) Survivor regions: 4->2(73)
[2023-11-08T18:53:34.080+0100][gc,heap       ] GC(656) Old regions: 101->101
[2023-11-08T18:53:34.080+0100][gc,heap       ] GC(656) Humongous regions: 129->129
[2023-11-08T18:53:34.080+0100][gc,metaspace  ] GC(656) Metaspace: 48221K(52224K)->48221K(52224K) NonClass: 42264K(44544K)->42264K(44544K) Class: 5956K(7680K)->5956K(7680K)
[2023-11-08T18:53:34.080+0100][gc            ] GC(656) Pause Young (Concurrent Start) (G1 Evacuation Pause) 808M->229M(1024M) 4,403ms
[2023-11-08T18:53:34.080+0100][gc,cpu        ] GC(656) User=0,04s Sys=0,00s Real=0,00s
[2023-11-08T18:53:34.080+0100][gc            ] GC(657) Concurrent Cycle
[2023-11-08T18:53:34.080+0100][gc,marking    ] GC(657) Concurrent Clear Claimed Marks
[2023-11-08T18:53:34.080+0100][gc,marking    ] GC(657) Concurrent Clear Claimed Marks 0,096ms
[2023-11-08T18:53:34.080+0100][gc,marking    ] GC(657) Concurrent Scan Root Regions
[2023-11-08T18:53:34.082+0100][gc,marking    ] GC(657) Concurrent Scan Root Regions 1,344ms
[2023-11-08T18:53:34.082+0100][gc,marking    ] GC(657) Concurrent Mark (5885,690s)
[2023-11-08T18:53:34.082+0100][gc,marking    ] GC(657) Concurrent Mark From Roots
[2023-11-08T18:53:34.082+0100][gc,task       ] GC(657) Using 3 workers of 3 for marking
[2023-11-08T18:53:34.102+0100][gc,marking    ] GC(657) Concurrent Mark From Roots 20,275ms
[2023-11-08T18:53:34.102+0100][gc,marking    ] GC(657) Concurrent Preclean
[2023-11-08T18:53:34.102+0100][gc,marking    ] GC(657) Concurrent Preclean 0,190ms
[2023-11-08T18:53:34.102+0100][gc,marking    ] GC(657) Concurrent Mark (5885,690s, 5885,711s) 20,515ms
[2023-11-08T18:53:34.102+0100][gc,start      ] GC(657) Pause Remark
[2023-11-08T18:53:34.105+0100][gc,stringtable] GC(657) Cleaned string and symbol table, strings: 18387 processed, 0 removed, symbols: 94772 processed, 0 removed
[2023-11-08T18:53:34.106+0100][gc            ] GC(657) Pause Remark 239M->239M(1024M) 3,460ms
[2023-11-08T18:53:34.106+0100][gc,cpu        ] GC(657) User=0,02s Sys=0,02s Real=0,01s
[2023-11-08T18:53:34.106+0100][gc,marking    ] GC(657) Concurrent Rebuild Remembered Sets
[2023-11-08T18:53:34.120+0100][gc,marking    ] GC(657) Concurrent Rebuild Remembered Sets 14,575ms
[2023-11-08T18:53:34.121+0100][gc,start      ] GC(657) Pause Cleanup
[2023-11-08T18:53:34.121+0100][gc            ] GC(657) Pause Cleanup 246M->246M(1024M) 0,181ms
[2023-11-08T18:53:34.121+0100][gc,cpu        ] GC(657) User=0,00s Sys=0,00s Real=0,00s
[2023-11-08T18:53:34.121+0100][gc,marking    ] GC(657) Concurrent Cleanup for Next Mark
[2023-11-08T18:53:34.124+0100][gc,marking    ] GC(657) Concurrent Cleanup for Next Mark 2,989ms
[2023-11-08T18:53:34.124+0100][gc            ] GC(657) Concurrent Cycle 43,833ms
[2023-11-08T18:53:34.228+0100][gc,start      ] GC(658) Pause Young (Prepare Mixed) (G1 Evacuation Pause)
[2023-11-08T18:53:34.228+0100][gc,task       ] GC(658) Using 13 workers of 13 for evacuation
[2023-11-08T18:53:34.232+0100][gc,phases     ] GC(658)   Pre Evacuate Collection Set: 0,0ms
[2023-11-08T18:53:34.232+0100][gc,phases     ] GC(658)   Evacuate Collection Set: 2,7ms
[2023-11-08T18:53:34.232+0100][gc,phases     ] GC(658)   Post Evacuate Collection Set: 0,4ms
[2023-11-08T18:53:34.232+0100][gc,phases     ] GC(658)   Other: 0,3ms
[2023-11-08T18:53:34.232+0100][gc,heap       ] GC(658) Eden regions: 49->0(49)
[2023-11-08T18:53:34.232+0100][gc,heap       ] GC(658) Survivor regions: 2->2(7)
[2023-11-08T18:53:34.232+0100][gc,heap       ] GC(658) Old regions: 101->101
[2023-11-08T18:53:34.232+0100][gc,heap       ] GC(658) Humongous regions: 129->129
[2023-11-08T18:53:34.232+0100][gc,metaspace  ] GC(658) Metaspace: 48221K(52224K)->48221K(52224K) NonClass: 42264K(44544K)->42264K(44544K) Class: 5956K(7680K)->5956K(7680K)
[2023-11-08T18:53:34.232+0100][gc            ] GC(658) Pause Young (Prepare Mixed) (G1 Evacuation Pause) 278M->229M(1024M) 3,570ms
[2023-11-08T18:53:34.232+0100][gc,cpu        ] GC(658) User=0,04s Sys=0,00s Real=0,00s
[2023-11-08T18:53:34.406+0100][gc,start      ] GC(659) Pause Young (Mixed) (G1 Evacuation Pause)
[2023-11-08T18:53:34.406+0100][gc,task       ] GC(659) Using 13 workers of 13 for evacuation
[2023-11-08T18:53:34.409+0100][gc,phases     ] GC(659)   Pre Evacuate Collection Set: 0,1ms
[2023-11-08T18:53:34.409+0100][gc,phases     ] GC(659)   Evacuate Collection Set: 2,6ms
[2023-11-08T18:53:34.409+0100][gc,phases     ] GC(659)   Post Evacuate Collection Set: 0,5ms
[2023-11-08T18:53:34.409+0100][gc,phases     ] GC(659)   Other: 0,3ms
[2023-11-08T18:53:34.409+0100][gc,heap       ] GC(659) Eden regions: 49->0(249)
[2023-11-08T18:53:34.409+0100][gc,heap       ] GC(659) Survivor regions: 2->2(7)
[2023-11-08T18:53:34.409+0100][gc,heap       ] GC(659) Old regions: 101->80
[2023-11-08T18:53:34.409+0100][gc,heap       ] GC(659) Humongous regions: 129->129
[2023-11-08T18:53:34.409+0100][gc,metaspace  ] GC(659) Metaspace: 48221K(52224K)->48221K(52224K) NonClass: 42264K(44544K)->42264K(44544K) Class: 5956K(7680K)->5956K(7680K)
[2023-11-08T18:53:34.410+0100][gc            ] GC(659) Pause Young (Mixed) (G1 Evacuation Pause) 278M->208M(1024M) 3,711ms
[2023-11-08T18:53:34.410+0100][gc,cpu        ] GC(659) User=0,04s Sys=0,00s Real=0,00s
[2023-11-08T18:53:35.233+0100][gc,start      ] GC(660) Pause Young (Normal) (G1 Evacuation Pause)
[2023-11-08T18:53:35.233+0100][gc,task       ] GC(660) Using 13 workers of 13 for evacuation
[2023-11-08T18:53:35.236+0100][gc,phases     ] GC(660)   Pre Evacuate Collection Set: 0,0ms
[2023-11-08T18:53:35.236+0100][gc,phases     ] GC(660)   Evacuate Collection Set: 1,8ms
[2023-11-08T18:53:35.236+0100][gc,phases     ] GC(660)   Post Evacuate Collection Set: 0,4ms
[2023-11-08T18:53:35.236+0100][gc,phases     ] GC(660)   Other: 0,2ms
[2023-11-08T18:53:35.236+0100][gc,heap       ] GC(660) Eden regions: 249->0(300)
[2023-11-08T18:53:35.236+0100][gc,heap       ] GC(660) Survivor regions: 2->3(32)
[2023-11-08T18:53:35.236+0100][gc,heap       ] GC(660) Old regions: 80->80
[2023-11-08T18:53:35.236+0100][gc,heap       ] GC(660) Humongous regions: 129->129
[2023-11-08T18:53:35.236+0100][gc,metaspace  ] GC(660) Metaspace: 48221K(52224K)->48221K(52224K) NonClass: 42264K(44544K)->42264K(44544K) Class: 5956K(7680K)->5956K(7680K)
[2023-11-08T18:53:35.236+0100][gc            ] GC(660) Pause Young (Normal) (G1 Evacuation Pause) 457M->209M(1024M) 2,579ms
[2023-11-08T18:53:35.236+0100][gc,cpu        ] GC(660) User=0,03s Sys=0,00s Real=0,01s
[2023-11-08T18:53:36.149+0100][gc,start      ] GC(661) Pause Young (Normal) (G1 Evacuation Pause)
[2023-11-08T18:53:36.149+0100][gc,task       ] GC(661) Using 13 workers of 13 for evacuation
[2023-11-08T18:53:36.151+0100][gc,phases     ] GC(661)   Pre Evacuate Collection Set: 0,0ms
[2023-11-08T18:53:36.152+0100][gc,phases     ] GC(661)   Evacuate Collection Set: 2,0ms
[2023-11-08T18:53:36.152+0100][gc,phases     ] GC(661)   Post Evacuate Collection Set: 0,6ms
[2023-11-08T18:53:36.152+0100][gc,phases     ] GC(661)   Other: 0,3ms
[2023-11-08T18:53:36.152+0100][gc,heap       ] GC(661) Eden regions: 300->0(402)
[2023-11-08T18:53:36.152+0100][gc,heap       ] GC(661) Survivor regions: 3->4(38)
[2023-11-08T18:53:36.152+0100][gc,heap       ] GC(661) Old regions: 80->80
[2023-11-08T18:53:36.152+0100][gc,heap       ] GC(661) Humongous regions: 129->129
[2023-11-08T18:53:36.152+0100][gc,metaspace  ] GC(661) Metaspace: 48221K(52224K)->48221K(52224K) NonClass: 42264K(44544K)->42264K(44544K) Class: 5956K(7680K)->5956K(7680K)
[2023-11-08T18:53:36.152+0100][gc            ] GC(661) Pause Young (Normal) (G1 Evacuation Pause) 509M->210M(1024M) 2,984ms
[2023-11-08T18:53:36.152+0100][gc,cpu        ] GC(661) User=0,00s Sys=0,02s Real=0,00s
[2023-11-08T18:53:37.502+0100][gc,start      ] GC(662) Pause Young (Normal) (G1 Evacuation Pause)
[2023-11-08T18:53:37.502+0100][gc,task       ] GC(662) Using 13 workers of 13 for evacuation
[2023-11-08T18:53:37.506+0100][gc,phases     ] GC(662)   Pre Evacuate Collection Set: 0,0ms
[2023-11-08T18:53:37.506+0100][gc,phases     ] GC(662)   Evacuate Collection Set: 3,0ms
[2023-11-08T18:53:37.506+0100][gc,phases     ] GC(662)   Post Evacuate Collection Set: 0,6ms
[2023-11-08T18:53:37.506+0100][gc,phases     ] GC(662)   Other: 0,3ms
[2023-11-08T18:53:37.506+0100][gc,heap       ] GC(662) Eden regions: 402->0(511)
[2023-11-08T18:53:37.506+0100][gc,heap       ] GC(662) Survivor regions: 4->5(51)
[2023-11-08T18:53:37.506+0100][gc,heap       ] GC(662) Old regions: 80->80
[2023-11-08T18:53:37.506+0100][gc,heap       ] GC(662) Humongous regions: 129->129
[2023-11-08T18:53:37.506+0100][gc,metaspace  ] GC(662) Metaspace: 48221K(52224K)->48221K(52224K) NonClass: 42264K(44544K)->42264K(44544K) Class: 5956K(7680K)->5956K(7680K)
[2023-11-08T18:53:37.506+0100][gc            ] GC(662) Pause Young (Normal) (G1 Evacuation Pause) 612M->211M(1024M) 4,078ms
[2023-11-08T18:53:37.506+0100][gc,cpu        ] GC(662) User=0,04s Sys=0,00s Real=0,01s
[2023-11-08T18:53:39.258+0100][gc,start      ] GC(663) Pause Young (Concurrent Start) (G1 Evacuation Pause)
[2023-11-08T18:53:39.258+0100][gc,task       ] GC(663) Using 13 workers of 13 for evacuation
[2023-11-08T18:53:39.263+0100][gc,phases     ] GC(663)   Pre Evacuate Collection Set: 0,2ms
[2023-11-08T18:53:39.263+0100][gc,phases     ] GC(663)   Evacuate Collection Set: 3,6ms
[2023-11-08T18:53:39.263+0100][gc,phases     ] GC(663)   Post Evacuate Collection Set: 0,7ms
[2023-11-08T18:53:39.263+0100][gc,phases     ] GC(663)   Other: 0,3ms
[2023-11-08T18:53:39.263+0100][gc,heap       ] GC(663) Eden regions: 511->0(566)
[2023-11-08T18:53:39.263+0100][gc,heap       ] GC(663) Survivor regions: 5->6(65)
[2023-11-08T18:53:39.263+0100][gc,heap       ] GC(663) Old regions: 80->80
[2023-11-08T18:53:39.263+0100][gc,heap       ] GC(663) Humongous regions: 129->129
[2023-11-08T18:53:39.263+0100][gc,metaspace  ] GC(663) Metaspace: 48221K(52224K)->48221K(52224K) NonClass: 42264K(44544K)->42264K(44544K) Class: 5956K(7680K)->5956K(7680K)
[2023-11-08T18:53:39.263+0100][gc            ] GC(663) Pause Young (Concurrent Start) (G1 Evacuation Pause) 722M->212M(1024M) 4,955ms
[2023-11-08T18:53:39.263+0100][gc,cpu        ] GC(663) User=0,04s Sys=0,00s Real=0,01s
[2023-11-08T18:53:39.263+0100][gc            ] GC(664) Concurrent Cycle
[2023-11-08T18:53:39.263+0100][gc,marking    ] GC(664) Concurrent Clear Claimed Marks
[2023-11-08T18:53:39.263+0100][gc,marking    ] GC(664) Concurrent Clear Claimed Marks 0,341ms
[2023-11-08T18:53:39.263+0100][gc,marking    ] GC(664) Concurrent Scan Root Regions
[2023-11-08T18:53:39.266+0100][gc,marking    ] GC(664) Concurrent Scan Root Regions 2,206ms
[2023-11-08T18:53:39.266+0100][gc,marking    ] GC(664) Concurrent Mark (5890,874s)
[2023-11-08T18:53:39.266+0100][gc,marking    ] GC(664) Concurrent Mark From Roots
[2023-11-08T18:53:39.266+0100][gc,task       ] GC(664) Using 3 workers of 3 for marking
[2023-11-08T18:53:39.284+0100][gc,marking    ] GC(664) Concurrent Mark From Roots 18,836ms
[2023-11-08T18:53:39.285+0100][gc,marking    ] GC(664) Concurrent Preclean
[2023-11-08T18:53:39.285+0100][gc,marking    ] GC(664) Concurrent Preclean 0,236ms
[2023-11-08T18:53:39.285+0100][gc,marking    ] GC(664) Concurrent Mark (5890,874s, 5890,893s) 19,153ms
[2023-11-08T18:53:39.285+0100][gc,start      ] GC(664) Pause Remark
[2023-11-08T18:53:39.288+0100][gc,stringtable] GC(664) Cleaned string and symbol table, strings: 18387 processed, 0 removed, symbols: 94772 processed, 0 removed
[2023-11-08T18:53:39.288+0100][gc            ] GC(664) Pause Remark 222M->222M(1024M) 3,518ms
[2023-11-08T18:53:39.288+0100][gc,cpu        ] GC(664) User=0,03s Sys=0,00s Real=0,00s
[2023-11-08T18:53:39.289+0100][gc,marking    ] GC(664) Concurrent Rebuild Remembered Sets
[2023-11-08T18:53:39.300+0100][gc,marking    ] GC(664) Concurrent Rebuild Remembered Sets 11,936ms
[2023-11-08T18:53:39.301+0100][gc,start      ] GC(664) Pause Cleanup
[2023-11-08T18:53:39.301+0100][gc            ] GC(664) Pause Cleanup 225M->225M(1024M) 0,176ms
[2023-11-08T18:53:39.301+0100][gc,cpu        ] GC(664) User=0,00s Sys=0,00s Real=0,00s
[2023-11-08T18:53:39.301+0100][gc,marking    ] GC(664) Concurrent Cleanup for Next Mark
[2023-11-08T18:53:39.303+0100][gc,marking    ] GC(664) Concurrent Cleanup for Next Mark 1,890ms
[2023-11-08T18:53:39.303+0100][gc            ] GC(664) Concurrent Cycle 39,826ms
[2023-11-08T18:53:39.568+0100][gc,start      ] GC(665) Pause Young (Prepare Mixed) (G1 Evacuation Pause)
[2023-11-08T18:53:39.568+0100][gc,task       ] GC(665) Using 13 workers of 13 for evacuation
[2023-11-08T18:53:39.573+0100][gc,phases     ] GC(665)   Pre Evacuate Collection Set: 0,0ms
[2023-11-08T18:53:39.573+0100][gc,phases     ] GC(665)   Evacuate Collection Set: 4,3ms
[2023-11-08T18:53:39.573+0100][gc,phases     ] GC(665)   Post Evacuate Collection Set: 0,4ms
[2023-11-08T18:53:39.573+0100][gc,phases     ] GC(665)   Other: 0,2ms
[2023-11-08T18:53:39.573+0100][gc,heap       ] GC(665) Eden regions: 92->0(45)
[2023-11-08T18:53:39.573+0100][gc,heap       ] GC(665) Survivor regions: 6->6(13)
[2023-11-08T18:53:39.573+0100][gc,heap       ] GC(665) Old regions: 80->80
[2023-11-08T18:53:39.573+0100][gc,heap       ] GC(665) Humongous regions: 129->129
[2023-11-08T18:53:39.573+0100][gc,metaspace  ] GC(665) Metaspace: 48221K(52224K)->48221K(52224K) NonClass: 42264K(44544K)->42264K(44544K) Class: 5956K(7680K)->5956K(7680K)
[2023-11-08T18:53:39.573+0100][gc            ] GC(665) Pause Young (Prepare Mixed) (G1 Evacuation Pause) 304M->212M(1024M) 5,008ms
[2023-11-08T18:53:39.573+0100][gc,cpu        ] GC(665) User=0,05s Sys=0,00s Real=0,00s
[2023-11-08T18:53:39.707+0100][gc,start      ] GC(666) Pause Young (Mixed) (G1 Evacuation Pause)
[2023-11-08T18:53:39.707+0100][gc,task       ] GC(666) Using 13 workers of 13 for evacuation
[2023-11-08T18:53:39.712+0100][gc,phases     ] GC(666)   Pre Evacuate Collection Set: 0,0ms
[2023-11-08T18:53:39.712+0100][gc,phases     ] GC(666)   Evacuate Collection Set: 4,3ms
[2023-11-08T18:53:39.712+0100][gc,phases     ] GC(666)   Post Evacuate Collection Set: 0,4ms
[2023-11-08T18:53:39.712+0100][gc,phases     ] GC(666)   Other: 0,2ms
[2023-11-08T18:53:39.712+0100][gc,heap       ] GC(666) Eden regions: 45->0(232)
[2023-11-08T18:53:39.712+0100][gc,heap       ] GC(666) Survivor regions: 6->5(7)
[2023-11-08T18:53:39.712+0100][gc,heap       ] GC(666) Old regions: 80->81
[2023-11-08T18:53:39.712+0100][gc,heap       ] GC(666) Humongous regions: 129->129
[2023-11-08T18:53:39.712+0100][gc,metaspace  ] GC(666) Metaspace: 48221K(52224K)->48221K(52224K) NonClass: 42264K(44544K)->42264K(44544K) Class: 5956K(7680K)->5956K(7680K)
[2023-11-08T18:53:39.712+0100][gc            ] GC(666) Pause Young (Mixed) (G1 Evacuation Pause) 257M->212M(1024M) 5,024ms
[2023-11-08T18:53:39.712+0100][gc,cpu        ] GC(666) User=0,05s Sys=0,01s Real=0,00s
[2023-11-08T18:53:40.476+0100][gc,start      ] GC(667) Pause Young (Normal) (G1 Evacuation Pause)
[2023-11-08T18:53:40.476+0100][gc,task       ] GC(667) Using 13 workers of 13 for evacuation
[2023-11-08T18:53:40.479+0100][gc,phases     ] GC(667)   Pre Evacuate Collection Set: 0,0ms
[2023-11-08T18:53:40.479+0100][gc,phases     ] GC(667)   Evacuate Collection Set: 2,2ms
[2023-11-08T18:53:40.479+0100][gc,phases     ] GC(667)   Post Evacuate Collection Set: 0,5ms
[2023-11-08T18:53:40.479+0100][gc,phases     ] GC(667)   Other: 0,2ms
[2023-11-08T18:53:40.479+0100][gc,heap       ] GC(667) Eden regions: 232->0(314)
[2023-11-08T18:53:40.479+0100][gc,heap       ] GC(667) Survivor regions: 5->5(30)
[2023-11-08T18:53:40.479+0100][gc,heap       ] GC(667) Old regions: 81->81
[2023-11-08T18:53:40.479+0100][gc,heap       ] GC(667) Humongous regions: 129->129
[2023-11-08T18:53:40.479+0100][gc,metaspace  ] GC(667) Metaspace: 48221K(52224K)->48221K(52224K) NonClass: 42264K(44544K)->42264K(44544K) Class: 5956K(7680K)->5956K(7680K)
[2023-11-08T18:53:40.479+0100][gc            ] GC(667) Pause Young (Normal) (G1 Evacuation Pause) 444M->212M(1024M) 3,022ms
[2023-11-08T18:53:40.479+0100][gc,cpu        ] GC(667) User=0,01s Sys=0,02s Real=0,00s
[2023-11-08T18:53:41.525+0100][gc,start      ] GC(668) Pause Young (Normal) (G1 Evacuation Pause)
[2023-11-08T18:53:41.525+0100][gc,task       ] GC(668) Using 13 workers of 13 for evacuation
[2023-11-08T18:53:41.529+0100][gc,phases     ] GC(668)   Pre Evacuate Collection Set: 0,0ms
[2023-11-08T18:53:41.529+0100][gc,phases     ] GC(668)   Evacuate Collection Set: 2,9ms
[2023-11-08T18:53:41.529+0100][gc,phases     ] GC(668)   Post Evacuate Collection Set: 0,7ms
[2023-11-08T18:53:41.529+0100][gc,phases     ] GC(668)   Other: 0,3ms
[2023-11-08T18:53:41.529+0100][gc,heap       ] GC(668) Eden regions: 314->0(350)
[2023-11-08T18:53:41.529+0100][gc,heap       ] GC(668) Survivor regions: 5->6(40)
[2023-11-08T18:53:41.529+0100][gc,heap       ] GC(668) Old regions: 81->81
[2023-11-08T18:53:41.529+0100][gc,heap       ] GC(668) Humongous regions: 129->129
[2023-11-08T18:53:41.529+0100][gc,metaspace  ] GC(668) Metaspace: 48221K(52224K)->48221K(52224K) NonClass: 42264K(44544K)->42264K(44544K) Class: 5956K(7680K)->5956K(7680K)
[2023-11-08T18:53:41.529+0100][gc            ] GC(668) Pause Young (Normal) (G1 Evacuation Pause) 526M->213M(1024M) 4,072ms
[2023-11-08T18:53:41.529+0100][gc,cpu        ] GC(668) User=0,04s Sys=0,00s Real=0,00s
[2023-11-08T18:53:42.679+0100][gc,start      ] GC(669) Pause Young (Normal) (G1 Evacuation Pause)
[2023-11-08T18:53:42.679+0100][gc,task       ] GC(669) Using 13 workers of 13 for evacuation
[2023-11-08T18:53:42.684+0100][gc,phases     ] GC(669)   Pre Evacuate Collection Set: 0,0ms
[2023-11-08T18:53:42.684+0100][gc,phases     ] GC(669)   Evacuate Collection Set: 3,6ms
[2023-11-08T18:53:42.684+0100][gc,phases     ] GC(669)   Post Evacuate Collection Set: 0,6ms
[2023-11-08T18:53:42.684+0100][gc,phases     ] GC(669)   Other: 0,2ms
[2023-11-08T18:53:42.684+0100][gc,heap       ] GC(669) Eden regions: 350->0(426)
[2023-11-08T18:53:42.684+0100][gc,heap       ] GC(669) Survivor regions: 6->7(45)
[2023-11-08T18:53:42.684+0100][gc,heap       ] GC(669) Old regions: 81->81
[2023-11-08T18:53:42.684+0100][gc,heap       ] GC(669) Humongous regions: 129->129
[2023-11-08T18:53:42.684+0100][gc,metaspace  ] GC(669) Metaspace: 48221K(52224K)->48221K(52224K) NonClass: 42264K(44544K)->42264K(44544K) Class: 5956K(7680K)->5956K(7680K)
[2023-11-08T18:53:42.684+0100][gc            ] GC(669) Pause Young (Normal) (G1 Evacuation Pause) 563M->214M(1024M) 4,614ms
[2023-11-08T18:53:42.684+0100][gc,cpu        ] GC(669) User=0,04s Sys=0,00s Real=0,01s
[2023-11-08T18:53:44.101+0100][gc,start      ] GC(670) Pause Young (Normal) (G1 Evacuation Pause)
[2023-11-08T18:53:44.101+0100][gc,task       ] GC(670) Using 13 workers of 13 for evacuation
[2023-11-08T18:53:44.106+0100][gc,phases     ] GC(670)   Pre Evacuate Collection Set: 0,0ms
[2023-11-08T18:53:44.106+0100][gc,phases     ] GC(670)   Evacuate Collection Set: 4,5ms
[2023-11-08T18:53:44.107+0100][gc,phases     ] GC(670)   Post Evacuate Collection Set: 0,6ms
[2023-11-08T18:53:44.107+0100][gc,phases     ] GC(670)   Other: 0,3ms
[2023-11-08T18:53:44.107+0100][gc,heap       ] GC(670) Eden regions: 426->0(491)
[2023-11-08T18:53:44.107+0100][gc,heap       ] GC(670) Survivor regions: 7->8(55)
[2023-11-08T18:53:44.107+0100][gc,heap       ] GC(670) Old regions: 81->81
[2023-11-08T18:53:44.107+0100][gc,heap       ] GC(670) Humongous regions: 129->129
[2023-11-08T18:53:44.107+0100][gc,metaspace  ] GC(670) Metaspace: 48221K(52224K)->48221K(52224K) NonClass: 42264K(44544K)->42264K(44544K) Class: 5956K(7680K)->5956K(7680K)
[2023-11-08T18:53:44.107+0100][gc            ] GC(670) Pause Young (Normal) (G1 Evacuation Pause) 640M->216M(1024M) 5,601ms
[2023-11-08T18:53:44.107+0100][gc,cpu        ] GC(670) User=0,04s Sys=0,00s Real=0,01s
[2023-11-08T18:53:45.757+0100][gc,start      ] GC(671) Pause Young (Concurrent Start) (G1 Evacuation Pause)
[2023-11-08T18:53:45.757+0100][gc,task       ] GC(671) Using 13 workers of 13 for evacuation
[2023-11-08T18:53:45.763+0100][gc,phases     ] GC(671)   Pre Evacuate Collection Set: 0,2ms
[2023-11-08T18:53:45.763+0100][gc,phases     ] GC(671)   Evacuate Collection Set: 5,0ms
[2023-11-08T18:53:45.763+0100][gc,phases     ] GC(671)   Post Evacuate Collection Set: 0,7ms
[2023-11-08T18:53:45.763+0100][gc,phases     ] GC(671)   Other: 0,3ms
[2023-11-08T18:53:45.763+0100][gc,heap       ] GC(671) Eden regions: 491->0(529)
[2023-11-08T18:53:45.763+0100][gc,heap       ] GC(671) Survivor regions: 8->10(63)
[2023-11-08T18:53:45.763+0100][gc,heap       ] GC(671) Old regions: 81->81
[2023-11-08T18:53:45.763+0100][gc,heap       ] GC(671) Humongous regions: 129->129
[2023-11-08T18:53:45.763+0100][gc,metaspace  ] GC(671) Metaspace: 48221K(52224K)->48221K(52224K) NonClass: 42264K(44544K)->42264K(44544K) Class: 5956K(7680K)->5956K(7680K)
[2023-11-08T18:53:45.763+0100][gc            ] GC(671) Pause Young (Concurrent Start) (G1 Evacuation Pause) 707M->217M(1024M) 6,311ms
[2023-11-08T18:53:45.763+0100][gc,cpu        ] GC(671) User=0,05s Sys=0,00s Real=0,01s
[2023-11-08T18:53:45.763+0100][gc            ] GC(672) Concurrent Cycle
[2023-11-08T18:53:45.763+0100][gc,marking    ] GC(672) Concurrent Clear Claimed Marks
[2023-11-08T18:53:45.764+0100][gc,marking    ] GC(672) Concurrent Clear Claimed Marks 0,291ms
[2023-11-08T18:53:45.764+0100][gc,marking    ] GC(672) Concurrent Scan Root Regions
[2023-11-08T18:53:45.768+0100][gc,marking    ] GC(672) Concurrent Scan Root Regions 4,558ms
[2023-11-08T18:53:45.768+0100][gc,marking    ] GC(672) Concurrent Mark (5897,377s)
[2023-11-08T18:53:45.768+0100][gc,marking    ] GC(672) Concurrent Mark From Roots
[2023-11-08T18:53:45.768+0100][gc,task       ] GC(672) Using 3 workers of 3 for marking
[2023-11-08T18:53:45.789+0100][gc,marking    ] GC(672) Concurrent Mark From Roots 21,231ms
[2023-11-08T18:53:45.789+0100][gc,marking    ] GC(672) Concurrent Preclean
[2023-11-08T18:53:45.790+0100][gc,marking    ] GC(672) Concurrent Preclean 0,275ms
[2023-11-08T18:53:45.790+0100][gc,marking    ] GC(672) Concurrent Mark (5897,377s, 5897,398s) 21,575ms
[2023-11-08T18:53:45.790+0100][gc,start      ] GC(672) Pause Remark
[2023-11-08T18:53:45.794+0100][gc,stringtable] GC(672) Cleaned string and symbol table, strings: 18387 processed, 0 removed, symbols: 94772 processed, 0 removed
[2023-11-08T18:53:45.794+0100][gc            ] GC(672) Pause Remark 227M->227M(1024M) 4,333ms
[2023-11-08T18:53:45.794+0100][gc,cpu        ] GC(672) User=0,04s Sys=0,00s Real=0,00s
[2023-11-08T18:53:45.794+0100][gc,marking    ] GC(672) Concurrent Rebuild Remembered Sets
[2023-11-08T18:53:45.811+0100][gc,marking    ] GC(672) Concurrent Rebuild Remembered Sets 16,285ms
[2023-11-08T18:53:45.811+0100][gc,start      ] GC(672) Pause Cleanup
[2023-11-08T18:53:45.811+0100][gc            ] GC(672) Pause Cleanup 233M->233M(1024M) 0,208ms
[2023-11-08T18:53:45.811+0100][gc,cpu        ] GC(672) User=0,00s Sys=0,00s Real=0,00s
[2023-11-08T18:53:45.811+0100][gc,marking    ] GC(672) Concurrent Cleanup for Next Mark
[2023-11-08T18:53:45.813+0100][gc,marking    ] GC(672) Concurrent Cleanup for Next Mark 1,870ms
[2023-11-08T18:53:45.813+0100][gc            ] GC(672) Concurrent Cycle 49,689ms
[2023-11-08T18:53:45.895+0100][gc,start      ] GC(673) Pause Young (Normal) (G1 Evacuation Pause)
[2023-11-08T18:53:45.895+0100][gc,task       ] GC(673) Using 13 workers of 13 for evacuation
[2023-11-08T18:53:45.901+0100][gc,phases     ] GC(673)   Pre Evacuate Collection Set: 0,0ms
[2023-11-08T18:53:45.901+0100][gc,phases     ] GC(673)   Evacuate Collection Set: 4,8ms
[2023-11-08T18:53:45.901+0100][gc,phases     ] GC(673)   Post Evacuate Collection Set: 0,5ms
[2023-11-08T18:53:45.901+0100][gc,phases     ] GC(673)   Other: 0,3ms
[2023-11-08T18:53:45.901+0100][gc,heap       ] GC(673) Eden regions: 41->0(500)
[2023-11-08T18:53:45.901+0100][gc,heap       ] GC(673) Survivor regions: 10->4(7)
[2023-11-08T18:53:45.901+0100][gc,heap       ] GC(673) Old regions: 81->87
[2023-11-08T18:53:45.901+0100][gc,heap       ] GC(673) Humongous regions: 129->129
[2023-11-08T18:53:45.901+0100][gc,metaspace  ] GC(673) Metaspace: 48221K(52224K)->48221K(52224K) NonClass: 42264K(44544K)->42264K(44544K) Class: 5956K(7680K)->5956K(7680K)
[2023-11-08T18:53:45.901+0100][gc            ] GC(673) Pause Young (Normal) (G1 Evacuation Pause) 258M->217M(1024M) 5,699ms
[2023-11-08T18:53:45.901+0100][gc,cpu        ] GC(673) User=0,06s Sys=0,01s Real=0,00s
[2023-11-08T18:53:47.559+0100][gc,start      ] GC(674) Pause Young (Concurrent Start) (G1 Evacuation Pause)
[2023-11-08T18:53:47.559+0100][gc,task       ] GC(674) Using 13 workers of 13 for evacuation
[2023-11-08T18:53:47.562+0100][gc,phases     ] GC(674)   Pre Evacuate Collection Set: 0,2ms
[2023-11-08T18:53:47.563+0100][gc,phases     ] GC(674)   Evacuate Collection Set: 2,6ms
[2023-11-08T18:53:47.563+0100][gc,phases     ] GC(674)   Post Evacuate Collection Set: 0,5ms
[2023-11-08T18:53:47.563+0100][gc,phases     ] GC(674)   Other: 0,3ms
[2023-11-08T18:53:47.563+0100][gc,heap       ] GC(674) Eden regions: 500->0(450)
[2023-11-08T18:53:47.563+0100][gc,heap       ] GC(674) Survivor regions: 4->5(63)
[2023-11-08T18:53:47.563+0100][gc,heap       ] GC(674) Old regions: 87->87
[2023-11-08T18:53:47.563+0100][gc,heap       ] GC(674) Humongous regions: 129->129
[2023-11-08T18:53:47.563+0100][gc,metaspace  ] GC(674) Metaspace: 48221K(52224K)->48221K(52224K) NonClass: 42264K(44544K)->42264K(44544K) Class: 5956K(7680K)->5956K(7680K)
[2023-11-08T18:53:47.563+0100][gc            ] GC(674) Pause Young (Concurrent Start) (G1 Evacuation Pause) 717M->218M(1024M) 3,770ms
[2023-11-08T18:53:47.563+0100][gc,cpu        ] GC(674) User=0,02s Sys=0,02s Real=0,00s
[2023-11-08T18:53:47.563+0100][gc            ] GC(675) Concurrent Cycle
[2023-11-08T18:53:47.563+0100][gc,marking    ] GC(675) Concurrent Clear Claimed Marks
[2023-11-08T18:53:47.563+0100][gc,marking    ] GC(675) Concurrent Clear Claimed Marks 0,360ms
[2023-11-08T18:53:47.563+0100][gc,marking    ] GC(675) Concurrent Scan Root Regions
[2023-11-08T18:53:47.565+0100][gc,marking    ] GC(675) Concurrent Scan Root Regions 1,888ms
[2023-11-08T18:53:47.565+0100][gc,marking    ] GC(675) Concurrent Mark (5899,174s)
[2023-11-08T18:53:47.565+0100][gc,marking    ] GC(675) Concurrent Mark From Roots
[2023-11-08T18:53:47.565+0100][gc,task       ] GC(675) Using 3 workers of 3 for marking
[2023-11-08T18:53:47.589+0100][gc,marking    ] GC(675) Concurrent Mark From Roots 23,805ms
[2023-11-08T18:53:47.589+0100][gc,marking    ] GC(675) Concurrent Preclean
[2023-11-08T18:53:47.589+0100][gc,marking    ] GC(675) Concurrent Preclean 0,366ms
[2023-11-08T18:53:47.589+0100][gc,marking    ] GC(675) Concurrent Mark (5899,174s, 5899,198s) 24,267ms
[2023-11-08T18:53:47.589+0100][gc,start      ] GC(675) Pause Remark
[2023-11-08T18:53:47.593+0100][gc,stringtable] GC(675) Cleaned string and symbol table, strings: 18387 processed, 0 removed, symbols: 94772 processed, 0 removed
[2023-11-08T18:53:47.593+0100][gc            ] GC(675) Pause Remark 228M->228M(1024M) 3,725ms
[2023-11-08T18:53:47.593+0100][gc,cpu        ] GC(675) User=0,03s Sys=0,00s Real=0,00s
[2023-11-08T18:53:47.593+0100][gc,marking    ] GC(675) Concurrent Rebuild Remembered Sets
[2023-11-08T18:53:47.611+0100][gc,marking    ] GC(675) Concurrent Rebuild Remembered Sets 18,213ms
[2023-11-08T18:53:47.612+0100][gc,start      ] GC(675) Pause Cleanup
[2023-11-08T18:53:47.612+0100][gc            ] GC(675) Pause Cleanup 234M->234M(1024M) 0,224ms
[2023-11-08T18:53:47.612+0100][gc,cpu        ] GC(675) User=0,00s Sys=0,00s Real=0,00s
[2023-11-08T18:53:47.612+0100][gc,marking    ] GC(675) Concurrent Cleanup for Next Mark
[2023-11-08T18:53:47.614+0100][gc,marking    ] GC(675) Concurrent Cleanup for Next Mark 1,880ms
[2023-11-08T18:53:47.614+0100][gc            ] GC(675) Concurrent Cycle 51,182ms
[2023-11-08T18:53:47.713+0100][gc,start      ] GC(676) Pause Young (Normal) (G1 Evacuation Pause)
[2023-11-08T18:53:47.713+0100][gc,task       ] GC(676) Using 13 workers of 13 for evacuation
[2023-11-08T18:53:47.716+0100][gc,phases     ] GC(676)   Pre Evacuate Collection Set: 0,0ms
[2023-11-08T18:53:47.716+0100][gc,phases     ] GC(676)   Evacuate Collection Set: 3,0ms
[2023-11-08T18:53:47.716+0100][gc,phases     ] GC(676)   Post Evacuate Collection Set: 0,4ms
[2023-11-08T18:53:47.716+0100][gc,phases     ] GC(676)   Other: 0,2ms
[2023-11-08T18:53:47.716+0100][gc,heap       ] GC(676) Eden regions: 46->0(529)
[2023-11-08T18:53:47.716+0100][gc,heap       ] GC(676) Survivor regions: 5->4(7)
[2023-11-08T18:53:47.716+0100][gc,heap       ] GC(676) Old regions: 87->88
[2023-11-08T18:53:47.716+0100][gc,heap       ] GC(676) Humongous regions: 129->129
[2023-11-08T18:53:47.716+0100][gc,metaspace  ] GC(676) Metaspace: 48221K(52224K)->48221K(52224K) NonClass: 42264K(44544K)->42264K(44544K) Class: 5956K(7680K)->5956K(7680K)
[2023-11-08T18:53:47.717+0100][gc            ] GC(676) Pause Young (Normal) (G1 Evacuation Pause) 264M->219M(1024M) 3,730ms
[2023-11-08T18:53:47.717+0100][gc,cpu        ] GC(676) User=0,02s Sys=0,00s Real=0,01s
[2023-11-08T18:53:49.454+0100][gc,start      ] GC(677) Pause Young (Concurrent Start) (G1 Evacuation Pause)
[2023-11-08T18:53:49.454+0100][gc,task       ] GC(677) Using 13 workers of 13 for evacuation
[2023-11-08T18:53:49.458+0100][gc,phases     ] GC(677)   Pre Evacuate Collection Set: 0,2ms
[2023-11-08T18:53:49.458+0100][gc,phases     ] GC(677)   Evacuate Collection Set: 2,7ms
[2023-11-08T18:53:49.458+0100][gc,phases     ] GC(677)   Post Evacuate Collection Set: 0,7ms
[2023-11-08T18:53:49.458+0100][gc,phases     ] GC(677)   Other: 0,3ms
[2023-11-08T18:53:49.458+0100][gc,heap       ] GC(677) Eden regions: 529->0(537)
[2023-11-08T18:53:49.458+0100][gc,heap       ] GC(677) Survivor regions: 4->5(67)
[2023-11-08T18:53:49.458+0100][gc,heap       ] GC(677) Old regions: 88->88
[2023-11-08T18:53:49.458+0100][gc,heap       ] GC(677) Humongous regions: 129->129
[2023-11-08T18:53:49.458+0100][gc,metaspace  ] GC(677) Metaspace: 48221K(52224K)->48221K(52224K) NonClass: 42264K(44544K)->42264K(44544K) Class: 5956K(7680K)->5956K(7680K)
[2023-11-08T18:53:49.458+0100][gc            ] GC(677) Pause Young (Concurrent Start) (G1 Evacuation Pause) 748M->220M(1024M) 4,088ms
[2023-11-08T18:53:49.458+0100][gc,cpu        ] GC(677) User=0,04s Sys=0,00s Real=0,01s
[2023-11-08T18:53:49.458+0100][gc            ] GC(678) Concurrent Cycle
[2023-11-08T18:53:49.458+0100][gc,marking    ] GC(678) Concurrent Clear Claimed Marks
[2023-11-08T18:53:49.458+0100][gc,marking    ] GC(678) Concurrent Clear Claimed Marks 0,339ms
[2023-11-08T18:53:49.458+0100][gc,marking    ] GC(678) Concurrent Scan Root Regions
[2023-11-08T18:53:49.461+0100][gc,marking    ] GC(678) Concurrent Scan Root Regions 2,904ms
[2023-11-08T18:53:49.461+0100][gc,marking    ] GC(678) Concurrent Mark (5901,070s)
[2023-11-08T18:53:49.461+0100][gc,marking    ] GC(678) Concurrent Mark From Roots
[2023-11-08T18:53:49.461+0100][gc,task       ] GC(678) Using 3 workers of 3 for marking
[2023-11-08T18:53:49.487+0100][gc,marking    ] GC(678) Concurrent Mark From Roots 25,850ms
[2023-11-08T18:53:49.487+0100][gc,marking    ] GC(678) Concurrent Preclean
[2023-11-08T18:53:49.487+0100][gc,marking    ] GC(678) Concurrent Preclean 0,366ms
[2023-11-08T18:53:49.487+0100][gc,marking    ] GC(678) Concurrent Mark (5901,070s, 5901,096s) 26,313ms
[2023-11-08T18:53:49.488+0100][gc,start      ] GC(678) Pause Remark
[2023-11-08T18:53:49.491+0100][gc,stringtable] GC(678) Cleaned string and symbol table, strings: 18387 processed, 0 removed, symbols: 94772 processed, 0 removed
[2023-11-08T18:53:49.491+0100][gc            ] GC(678) Pause Remark 230M->230M(1024M) 3,389ms
[2023-11-08T18:53:49.491+0100][gc,cpu        ] GC(678) User=0,03s Sys=0,00s Real=0,00s
[2023-11-08T18:53:49.491+0100][gc,marking    ] GC(678) Concurrent Rebuild Remembered Sets
[2023-11-08T18:53:49.508+0100][gc,marking    ] GC(678) Concurrent Rebuild Remembered Sets 16,453ms
[2023-11-08T18:53:49.508+0100][gc,start      ] GC(678) Pause Cleanup
[2023-11-08T18:53:49.508+0100][gc            ] GC(678) Pause Cleanup 236M->236M(1024M) 0,220ms
[2023-11-08T18:53:49.508+0100][gc,cpu        ] GC(678) User=0,00s Sys=0,00s Real=0,00s
[2023-11-08T18:53:49.508+0100][gc,marking    ] GC(678) Concurrent Cleanup for Next Mark
[2023-11-08T18:53:49.510+0100][gc,marking    ] GC(678) Concurrent Cleanup for Next Mark 1,934ms
[2023-11-08T18:53:49.510+0100][gc            ] GC(678) Concurrent Cycle 52,182ms
[2023-11-08T18:53:49.775+0100][gc,start      ] GC(679) Pause Young (Normal) (G1 Evacuation Pause)
[2023-11-08T18:53:49.775+0100][gc,task       ] GC(679) Using 13 workers of 13 for evacuation
[2023-11-08T18:53:49.779+0100][gc,phases     ] GC(679)   Pre Evacuate Collection Set: 0,1ms
[2023-11-08T18:53:49.779+0100][gc,phases     ] GC(679)   Evacuate Collection Set: 4,1ms
[2023-11-08T18:53:49.779+0100][gc,phases     ] GC(679)   Post Evacuate Collection Set: 0,5ms
[2023-11-08T18:53:49.779+0100][gc,phases     ] GC(679)   Other: 0,2ms
[2023-11-08T18:53:49.779+0100][gc,heap       ] GC(679) Eden regions: 98->0(186)
[2023-11-08T18:53:49.779+0100][gc,heap       ] GC(679) Survivor regions: 5->6(13)
[2023-11-08T18:53:49.779+0100][gc,heap       ] GC(679) Old regions: 88->88
[2023-11-08T18:53:49.779+0100][gc,heap       ] GC(679) Humongous regions: 129->129
[2023-11-08T18:53:49.779+0100][gc,metaspace  ] GC(679) Metaspace: 48221K(52224K)->48221K(52224K) NonClass: 42264K(44544K)->42264K(44544K) Class: 5956K(7680K)->5956K(7680K)
[2023-11-08T18:53:49.779+0100][gc            ] GC(679) Pause Young (Normal) (G1 Evacuation Pause) 318M->220M(1024M) 4,939ms
[2023-11-08T18:53:49.779+0100][gc,cpu        ] GC(679) User=0,05s Sys=0,01s Real=0,01s
[2023-11-08T18:53:50.397+0100][gc,start      ] GC(680) Pause Young (Concurrent Start) (G1 Evacuation Pause)
[2023-11-08T18:53:50.397+0100][gc,task       ] GC(680) Using 13 workers of 13 for evacuation
[2023-11-08T18:53:50.400+0100][gc,phases     ] GC(680)   Pre Evacuate Collection Set: 0,2ms
[2023-11-08T18:53:50.400+0100][gc,phases     ] GC(680)   Evacuate Collection Set: 2,5ms
[2023-11-08T18:53:50.400+0100][gc,phases     ] GC(680)   Post Evacuate Collection Set: 0,5ms
[2023-11-08T18:53:50.400+0100][gc,phases     ] GC(680)   Other: 0,2ms
[2023-11-08T18:53:50.400+0100][gc,heap       ] GC(680) Eden regions: 186->0(260)
[2023-11-08T18:53:50.400+0100][gc,heap       ] GC(680) Survivor regions: 6->6(24)
[2023-11-08T18:53:50.400+0100][gc,heap       ] GC(680) Old regions: 88->88
[2023-11-08T18:53:50.400+0100][gc,heap       ] GC(680) Humongous regions: 129->129
[2023-11-08T18:53:50.400+0100][gc,metaspace  ] GC(680) Metaspace: 48221K(52224K)->48221K(52224K) NonClass: 42264K(44544K)->42264K(44544K) Class: 5956K(7680K)->5956K(7680K)
[2023-11-08T18:53:50.400+0100][gc            ] GC(680) Pause Young (Concurrent Start) (G1 Evacuation Pause) 406M->221M(1024M) 3,496ms
[2023-11-08T18:53:50.400+0100][gc,cpu        ] GC(680) User=0,03s Sys=0,00s Real=0,00s
[2023-11-08T18:53:50.401+0100][gc            ] GC(681) Concurrent Cycle
[2023-11-08T18:53:50.401+0100][gc,marking    ] GC(681) Concurrent Clear Claimed Marks
[2023-11-08T18:53:50.401+0100][gc,marking    ] GC(681) Concurrent Clear Claimed Marks 0,338ms
[2023-11-08T18:53:50.401+0100][gc,marking    ] GC(681) Concurrent Scan Root Regions
[2023-11-08T18:53:50.403+0100][gc,marking    ] GC(681) Concurrent Scan Root Regions 2,062ms
[2023-11-08T18:53:50.403+0100][gc,marking    ] GC(681) Concurrent Mark (5902,012s)
[2023-11-08T18:53:50.403+0100][gc,marking    ] GC(681) Concurrent Mark From Roots
[2023-11-08T18:53:50.403+0100][gc,task       ] GC(681) Using 3 workers of 3 for marking
[2023-11-08T18:53:50.427+0100][gc,marking    ] GC(681) Concurrent Mark From Roots 24,375ms
[2023-11-08T18:53:50.427+0100][gc,marking    ] GC(681) Concurrent Preclean
[2023-11-08T18:53:50.428+0100][gc,marking    ] GC(681) Concurrent Preclean 0,340ms
[2023-11-08T18:53:50.428+0100][gc,marking    ] GC(681) Concurrent Mark (5902,012s, 5902,036s) 24,811ms
[2023-11-08T18:53:50.428+0100][gc,start      ] GC(681) Pause Remark
[2023-11-08T18:53:50.431+0100][gc,stringtable] GC(681) Cleaned string and symbol table, strings: 18387 processed, 0 removed, symbols: 94772 processed, 0 removed
[2023-11-08T18:53:50.431+0100][gc            ] GC(681) Pause Remark 231M->231M(1024M) 3,247ms
[2023-11-08T18:53:50.431+0100][gc,cpu        ] GC(681) User=0,03s Sys=0,00s Real=0,00s
[2023-11-08T18:53:50.431+0100][gc,marking    ] GC(681) Concurrent Rebuild Remembered Sets
[2023-11-08T18:53:50.449+0100][gc,marking    ] GC(681) Concurrent Rebuild Remembered Sets 17,225ms
[2023-11-08T18:53:50.449+0100][gc,start      ] GC(681) Pause Cleanup
[2023-11-08T18:53:50.449+0100][gc            ] GC(681) Pause Cleanup 235M->235M(1024M) 0,206ms
[2023-11-08T18:53:50.449+0100][gc,cpu        ] GC(681) User=0,00s Sys=0,00s Real=0,00s
[2023-11-08T18:53:50.449+0100][gc,marking    ] GC(681) Concurrent Cleanup for Next Mark
[2023-11-08T18:53:50.451+0100][gc,marking    ] GC(681) Concurrent Cleanup for Next Mark 1,823ms
[2023-11-08T18:53:50.451+0100][gc            ] GC(681) Concurrent Cycle 50,310ms
[2023-11-08T18:53:50.676+0100][gc,start      ] GC(682) Pause Young (Normal) (G1 Evacuation Pause)
[2023-11-08T18:53:50.677+0100][gc,task       ] GC(682) Using 13 workers of 13 for evacuation
[2023-11-08T18:53:50.681+0100][gc,phases     ] GC(682)   Pre Evacuate Collection Set: 0,0ms
[2023-11-08T18:53:50.681+0100][gc,phases     ] GC(682)   Evacuate Collection Set: 3,6ms
[2023-11-08T18:53:50.681+0100][gc,phases     ] GC(682)   Post Evacuate Collection Set: 0,6ms
[2023-11-08T18:53:50.681+0100][gc,phases     ] GC(682)   Other: 0,3ms
[2023-11-08T18:53:50.681+0100][gc,heap       ] GC(682) Eden regions: 75->0(217)
[2023-11-08T18:53:50.681+0100][gc,heap       ] GC(682) Survivor regions: 6->6(11)
[2023-11-08T18:53:50.681+0100][gc,heap       ] GC(682) Old regions: 88->88
[2023-11-08T18:53:50.681+0100][gc,heap       ] GC(682) Humongous regions: 129->129
[2023-11-08T18:53:50.681+0100][gc,metaspace  ] GC(682) Metaspace: 48221K(52224K)->48221K(52224K) NonClass: 42264K(44544K)->42264K(44544K) Class: 5956K(7680K)->5956K(7680K)
[2023-11-08T18:53:50.681+0100][gc            ] GC(682) Pause Young (Normal) (G1 Evacuation Pause) 296M->221M(1024M) 4,585ms
[2023-11-08T18:53:50.681+0100][gc,cpu        ] GC(682) User=0,04s Sys=0,00s Real=0,00s
[2023-11-08T18:53:51.402+0100][gc,start      ] GC(683) Pause Young (Normal) (G1 Evacuation Pause)
[2023-11-08T18:53:51.402+0100][gc,task       ] GC(683) Using 13 workers of 13 for evacuation
[2023-11-08T18:53:51.406+0100][gc,phases     ] GC(683)   Pre Evacuate Collection Set: 0,0ms
[2023-11-08T18:53:51.406+0100][gc,phases     ] GC(683)   Evacuate Collection Set: 2,9ms
[2023-11-08T18:53:51.406+0100][gc,phases     ] GC(683)   Post Evacuate Collection Set: 0,6ms
[2023-11-08T18:53:51.406+0100][gc,phases     ] GC(683)   Other: 0,2ms
[2023-11-08T18:53:51.406+0100][gc,heap       ] GC(683) Eden regions: 217->0(245)
[2023-11-08T18:53:51.406+0100][gc,heap       ] GC(683) Survivor regions: 6->7(28)
[2023-11-08T18:53:51.406+0100][gc,heap       ] GC(683) Old regions: 88->88
[2023-11-08T18:53:51.406+0100][gc,heap       ] GC(683) Humongous regions: 129->129
[2023-11-08T18:53:51.406+0100][gc,metaspace  ] GC(683) Metaspace: 48221K(52224K)->48221K(52224K) NonClass: 42264K(44544K)->42264K(44544K) Class: 5956K(7680K)->5956K(7680K)
[2023-11-08T18:53:51.406+0100][gc            ] GC(683) Pause Young (Normal) (G1 Evacuation Pause) 438M->222M(1024M) 3,878ms
[2023-11-08T18:53:51.406+0100][gc,cpu        ] GC(683) User=0,04s Sys=0,00s Real=0,01s
[2023-11-08T18:53:52.234+0100][gc,start      ] GC(684) Pause Young (Normal) (G1 Evacuation Pause)
[2023-11-08T18:53:52.234+0100][gc,task       ] GC(684) Using 13 workers of 13 for evacuation
[2023-11-08T18:53:52.238+0100][gc,phases     ] GC(684)   Pre Evacuate Collection Set: 0,0ms
[2023-11-08T18:53:52.238+0100][gc,phases     ] GC(684)   Evacuate Collection Set: 3,0ms
[2023-11-08T18:53:52.238+0100][gc,phases     ] GC(684)   Post Evacuate Collection Set: 0,5ms
[2023-11-08T18:53:52.238+0100][gc,phases     ] GC(684)   Other: 0,2ms
[2023-11-08T18:53:52.238+0100][gc,heap       ] GC(684) Eden regions: 245->0(294)
[2023-11-08T18:53:52.238+0100][gc,heap       ] GC(684) Survivor regions: 7->8(32)
[2023-11-08T18:53:52.238+0100][gc,heap       ] GC(684) Old regions: 88->88
[2023-11-08T18:53:52.238+0100][gc,heap       ] GC(684) Humongous regions: 129->129
[2023-11-08T18:53:52.238+0100][gc,metaspace  ] GC(684) Metaspace: 48221K(52224K)->48221K(52224K) NonClass: 42264K(44544K)->42264K(44544K) Class: 5956K(7680K)->5956K(7680K)
[2023-11-08T18:53:52.238+0100][gc            ] GC(684) Pause Young (Normal) (G1 Evacuation Pause) 467M->222M(1024M) 3,802ms
[2023-11-08T18:53:52.238+0100][gc,cpu        ] GC(684) User=0,04s Sys=0,00s Real=0,01s
[2023-11-08T18:53:53.180+0100][gc,start      ] GC(685) Pause Young (Normal) (G1 Evacuation Pause)
[2023-11-08T18:53:53.180+0100][gc,task       ] GC(685) Using 13 workers of 13 for evacuation
[2023-11-08T18:53:53.184+0100][gc,phases     ] GC(685)   Pre Evacuate Collection Set: 0,0ms
[2023-11-08T18:53:53.184+0100][gc,phases     ] GC(685)   Evacuate Collection Set: 3,4ms
[2023-11-08T18:53:53.184+0100][gc,phases     ] GC(685)   Post Evacuate Collection Set: 0,5ms
[2023-11-08T18:53:53.184+0100][gc,phases     ] GC(685)   Other: 0,2ms
[2023-11-08T18:53:53.184+0100][gc,heap       ] GC(685) Eden regions: 294->0(358)
[2023-11-08T18:53:53.184+0100][gc,heap       ] GC(685) Survivor regions: 8->8(38)
[2023-11-08T18:53:53.184+0100][gc,heap       ] GC(685) Old regions: 88->88
[2023-11-08T18:53:53.184+0100][gc,heap       ] GC(685) Humongous regions: 129->129
[2023-11-08T18:53:53.184+0100][gc,metaspace  ] GC(685) Metaspace: 48221K(52224K)->48221K(52224K) NonClass: 42264K(44544K)->42264K(44544K) Class: 5956K(7680K)->5956K(7680K)
[2023-11-08T18:53:53.184+0100][gc            ] GC(685) Pause Young (Normal) (G1 Evacuation Pause) 516M->223M(1024M) 4,249ms
[2023-11-08T18:53:53.184+0100][gc,cpu        ] GC(685) User=0,04s Sys=0,00s Real=0,01s
[2023-11-08T18:53:54.352+0100][gc,start      ] GC(686) Pause Young (Normal) (G1 Evacuation Pause)
[2023-11-08T18:53:54.352+0100][gc,task       ] GC(686) Using 13 workers of 13 for evacuation
[2023-11-08T18:53:54.356+0100][gc,phases     ] GC(686)   Pre Evacuate Collection Set: 0,0ms
[2023-11-08T18:53:54.356+0100][gc,phases     ] GC(686)   Evacuate Collection Set: 3,8ms
[2023-11-08T18:53:54.356+0100][gc,phases     ] GC(686)   Post Evacuate Collection Set: 0,5ms
[2023-11-08T18:53:54.356+0100][gc,phases     ] GC(686)   Other: 0,2ms
[2023-11-08T18:53:54.356+0100][gc,heap       ] GC(686) Eden regions: 358->0(410)
[2023-11-08T18:53:54.356+0100][gc,heap       ] GC(686) Survivor regions: 8->10(46)
[2023-11-08T18:53:54.356+0100][gc,heap       ] GC(686) Old regions: 88->88
[2023-11-08T18:53:54.356+0100][gc,heap       ] GC(686) Humongous regions: 129->129
[2023-11-08T18:53:54.356+0100][gc,metaspace  ] GC(686) Metaspace: 48221K(52224K)->48221K(52224K) NonClass: 42264K(44544K)->42264K(44544K) Class: 5956K(7680K)->5956K(7680K)
[2023-11-08T18:53:54.356+0100][gc            ] GC(686) Pause Young (Normal) (G1 Evacuation Pause) 581M->224M(1024M) 4,632ms
[2023-11-08T18:53:54.356+0100][gc,cpu        ] GC(686) User=0,05s Sys=0,00s Real=0,01s
[2023-11-08T18:53:55.722+0100][gc,start      ] GC(687) Pause Young (Concurrent Start) (G1 Evacuation Pause)
[2023-11-08T18:53:55.722+0100][gc,task       ] GC(687) Using 13 workers of 13 for evacuation
[2023-11-08T18:53:55.728+0100][gc,phases     ] GC(687)   Pre Evacuate Collection Set: 0,3ms
[2023-11-08T18:53:55.728+0100][gc,phases     ] GC(687)   Evacuate Collection Set: 4,6ms
[2023-11-08T18:53:55.728+0100][gc,phases     ] GC(687)   Post Evacuate Collection Set: 0,7ms
[2023-11-08T18:53:55.728+0100][gc,phases     ] GC(687)   Other: 0,3ms
[2023-11-08T18:53:55.728+0100][gc,heap       ] GC(687) Eden regions: 410->0(433)
[2023-11-08T18:53:55.728+0100][gc,heap       ] GC(687) Survivor regions: 10->11(53)
[2023-11-08T18:53:55.728+0100][gc,heap       ] GC(687) Old regions: 88->88
[2023-11-08T18:53:55.728+0100][gc,heap       ] GC(687) Humongous regions: 129->129
[2023-11-08T18:53:55.728+0100][gc,metaspace  ] GC(687) Metaspace: 48221K(52224K)->48221K(52224K) NonClass: 42264K(44544K)->42264K(44544K) Class: 5956K(7680K)->5956K(7680K)
[2023-11-08T18:53:55.728+0100][gc            ] GC(687) Pause Young (Concurrent Start) (G1 Evacuation Pause) 634M->226M(1024M) 6,124ms
[2023-11-08T18:53:55.728+0100][gc,cpu        ] GC(687) User=0,05s Sys=0,01s Real=0,01s
[2023-11-08T18:53:55.728+0100][gc            ] GC(688) Concurrent Cycle
[2023-11-08T18:53:55.728+0100][gc,marking    ] GC(688) Concurrent Clear Claimed Marks
[2023-11-08T18:53:55.729+0100][gc,marking    ] GC(688) Concurrent Clear Claimed Marks 0,339ms
[2023-11-08T18:53:55.729+0100][gc,marking    ] GC(688) Concurrent Scan Root Regions
[2023-11-08T18:53:55.732+0100][gc,marking    ] GC(688) Concurrent Scan Root Regions 3,016ms
[2023-11-08T18:53:55.732+0100][gc,marking    ] GC(688) Concurrent Mark (5907,340s)
[2023-11-08T18:53:55.732+0100][gc,marking    ] GC(688) Concurrent Mark From Roots
[2023-11-08T18:53:55.732+0100][gc,task       ] GC(688) Using 3 workers of 3 for marking
[2023-11-08T18:53:55.756+0100][gc,marking    ] GC(688) Concurrent Mark From Roots 24,400ms
[2023-11-08T18:53:55.756+0100][gc,marking    ] GC(688) Concurrent Preclean
[2023-11-08T18:53:55.756+0100][gc,marking    ] GC(688) Concurrent Preclean 0,215ms
[2023-11-08T18:53:55.756+0100][gc,marking    ] GC(688) Concurrent Mark (5907,340s, 5907,365s) 24,675ms
[2023-11-08T18:53:55.757+0100][gc,start      ] GC(688) Pause Remark
[2023-11-08T18:53:55.760+0100][gc,stringtable] GC(688) Cleaned string and symbol table, strings: 18387 processed, 0 removed, symbols: 94772 processed, 0 removed
[2023-11-08T18:53:55.760+0100][gc            ] GC(688) Pause Remark 236M->236M(1024M) 3,161ms
[2023-11-08T18:53:55.760+0100][gc,cpu        ] GC(688) User=0,03s Sys=0,00s Real=0,00s
[2023-11-08T18:53:55.760+0100][gc,marking    ] GC(688) Concurrent Rebuild Remembered Sets
[2023-11-08T18:53:55.775+0100][gc,marking    ] GC(688) Concurrent Rebuild Remembered Sets 14,897ms
[2023-11-08T18:53:55.775+0100][gc,start      ] GC(688) Pause Cleanup
[2023-11-08T18:53:55.775+0100][gc            ] GC(688) Pause Cleanup 244M->244M(1024M) 0,199ms
[2023-11-08T18:53:55.775+0100][gc,cpu        ] GC(688) User=0,00s Sys=0,00s Real=0,00s
[2023-11-08T18:53:55.775+0100][gc,marking    ] GC(688) Concurrent Cleanup for Next Mark
[2023-11-08T18:53:55.777+0100][gc,marking    ] GC(688) Concurrent Cleanup for Next Mark 1,774ms
[2023-11-08T18:53:55.777+0100][gc            ] GC(688) Concurrent Cycle 48,607ms
[2023-11-08T18:53:55.849+0100][gc,start      ] GC(689) Pause Young (Normal) (G1 Evacuation Pause)
[2023-11-08T18:53:55.849+0100][gc,task       ] GC(689) Using 13 workers of 13 for evacuation
[2023-11-08T18:53:55.855+0100][gc,phases     ] GC(689)   Pre Evacuate Collection Set: 0,0ms
[2023-11-08T18:53:55.855+0100][gc,phases     ] GC(689)   Evacuate Collection Set: 5,5ms
[2023-11-08T18:53:55.855+0100][gc,phases     ] GC(689)   Post Evacuate Collection Set: 0,5ms
[2023-11-08T18:53:55.855+0100][gc,phases     ] GC(689)   Other: 0,3ms
[2023-11-08T18:53:55.855+0100][gc,heap       ] GC(689) Eden regions: 40->0(404)
[2023-11-08T18:53:55.855+0100][gc,heap       ] GC(689) Survivor regions: 11->5(7)
[2023-11-08T18:53:55.855+0100][gc,heap       ] GC(689) Old regions: 88->95
[2023-11-08T18:53:55.855+0100][gc,heap       ] GC(689) Humongous regions: 129->129
[2023-11-08T18:53:55.855+0100][gc,metaspace  ] GC(689) Metaspace: 48221K(52224K)->48221K(52224K) NonClass: 42264K(44544K)->42264K(44544K) Class: 5956K(7680K)->5956K(7680K)
[2023-11-08T18:53:55.856+0100][gc            ] GC(689) Pause Young (Normal) (G1 Evacuation Pause) 266M->226M(1024M) 6,486ms
[2023-11-08T18:53:55.856+0100][gc,cpu        ] GC(689) User=0,07s Sys=0,00s Real=0,01s
[2023-11-08T18:53:57.266+0100][gc,start      ] GC(690) Pause Young (Concurrent Start) (G1 Evacuation Pause)
[2023-11-08T18:53:57.266+0100][gc,task       ] GC(690) Using 13 workers of 13 for evacuation
[2023-11-08T18:53:57.270+0100][gc,phases     ] GC(690)   Pre Evacuate Collection Set: 0,2ms
[2023-11-08T18:53:57.270+0100][gc,phases     ] GC(690)   Evacuate Collection Set: 2,8ms
[2023-11-08T18:53:57.270+0100][gc,phases     ] GC(690)   Post Evacuate Collection Set: 0,7ms
[2023-11-08T18:53:57.270+0100][gc,phases     ] GC(690)   Other: 0,3ms
[2023-11-08T18:53:57.270+0100][gc,heap       ] GC(690) Eden regions: 404->0(409)
[2023-11-08T18:53:57.270+0100][gc,heap       ] GC(690) Survivor regions: 5->5(52)
[2023-11-08T18:53:57.270+0100][gc,heap       ] GC(690) Old regions: 95->95
[2023-11-08T18:53:57.270+0100][gc,heap       ] GC(690) Humongous regions: 129->129
[2023-11-08T18:53:57.270+0100][gc,metaspace  ] GC(690) Metaspace: 48221K(52224K)->48221K(52224K) NonClass: 42264K(44544K)->42264K(44544K) Class: 5956K(7680K)->5956K(7680K)
[2023-11-08T18:53:57.270+0100][gc            ] GC(690) Pause Young (Concurrent Start) (G1 Evacuation Pause) 630M->226M(1024M) 4,164ms
[2023-11-08T18:53:57.270+0100][gc,cpu        ] GC(690) User=0,02s Sys=0,02s Real=0,00s
[2023-11-08T18:53:57.270+0100][gc            ] GC(691) Concurrent Cycle
[2023-11-08T18:53:57.270+0100][gc,marking    ] GC(691) Concurrent Clear Claimed Marks
[2023-11-08T18:53:57.271+0100][gc,marking    ] GC(691) Concurrent Clear Claimed Marks 0,400ms
[2023-11-08T18:53:57.271+0100][gc,marking    ] GC(691) Concurrent Scan Root Regions
[2023-11-08T18:53:57.273+0100][gc,marking    ] GC(691) Concurrent Scan Root Regions 2,530ms
[2023-11-08T18:53:57.274+0100][gc,marking    ] GC(691) Concurrent Mark (5908,882s)
[2023-11-08T18:53:57.274+0100][gc,marking    ] GC(691) Concurrent Mark From Roots
[2023-11-08T18:53:57.274+0100][gc,task       ] GC(691) Using 3 workers of 3 for marking
[2023-11-08T18:53:57.306+0100][gc,marking    ] GC(691) Concurrent Mark From Roots 32,382ms
[2023-11-08T18:53:57.306+0100][gc,marking    ] GC(691) Concurrent Preclean
[2023-11-08T18:53:57.307+0100][gc,marking    ] GC(691) Concurrent Preclean 0,586ms
[2023-11-08T18:53:57.307+0100][gc,marking    ] GC(691) Concurrent Mark (5908,882s, 5908,915s) 33,176ms
[2023-11-08T18:53:57.307+0100][gc,start      ] GC(691) Pause Remark
[2023-11-08T18:53:57.311+0100][gc,stringtable] GC(691) Cleaned string and symbol table, strings: 18387 processed, 0 removed, symbols: 94772 processed, 0 removed
[2023-11-08T18:53:57.312+0100][gc            ] GC(691) Pause Remark 240M->240M(1024M) 4,621ms
[2023-11-08T18:53:57.312+0100][gc,cpu        ] GC(691) User=0,04s Sys=0,00s Real=0,00s
[2023-11-08T18:53:57.312+0100][gc,marking    ] GC(691) Concurrent Rebuild Remembered Sets
[2023-11-08T18:53:57.328+0100][gc,marking    ] GC(691) Concurrent Rebuild Remembered Sets 16,469ms
[2023-11-08T18:53:57.328+0100][gc,start      ] GC(691) Pause Cleanup
[2023-11-08T18:53:57.329+0100][gc            ] GC(691) Pause Cleanup 245M->245M(1024M) 0,255ms
[2023-11-08T18:53:57.329+0100][gc,cpu        ] GC(691) User=0,00s Sys=0,00s Real=0,00s
[2023-11-08T18:53:57.329+0100][gc,marking    ] GC(691) Concurrent Cleanup for Next Mark
[2023-11-08T18:53:57.331+0100][gc,marking    ] GC(691) Concurrent Cleanup for Next Mark 1,963ms
[2023-11-08T18:53:57.331+0100][gc            ] GC(691) Concurrent Cycle 60,242ms
[2023-11-08T18:53:57.579+0100][gc,start      ] GC(692) Pause Young (Prepare Mixed) (G1 Evacuation Pause)
[2023-11-08T18:53:57.579+0100][gc,task       ] GC(692) Using 13 workers of 13 for evacuation
[2023-11-08T18:53:57.583+0100][gc,phases     ] GC(692)   Pre Evacuate Collection Set: 0,0ms
[2023-11-08T18:53:57.583+0100][gc,phases     ] GC(692)   Evacuate Collection Set: 3,0ms
[2023-11-08T18:53:57.583+0100][gc,phases     ] GC(692)   Post Evacuate Collection Set: 0,4ms
[2023-11-08T18:53:57.583+0100][gc,phases     ] GC(692)   Other: 0,2ms
[2023-11-08T18:53:57.583+0100][gc,heap       ] GC(692) Eden regions: 101->0(46)
[2023-11-08T18:53:57.583+0100][gc,heap       ] GC(692) Survivor regions: 5->5(14)
[2023-11-08T18:53:57.583+0100][gc,heap       ] GC(692) Old regions: 95->95
[2023-11-08T18:53:57.583+0100][gc,heap       ] GC(692) Humongous regions: 129->129
[2023-11-08T18:53:57.583+0100][gc,metaspace  ] GC(692) Metaspace: 48221K(52224K)->48221K(52224K) NonClass: 42264K(44544K)->42264K(44544K) Class: 5956K(7680K)->5956K(7680K)
[2023-11-08T18:53:57.583+0100][gc            ] GC(692) Pause Young (Prepare Mixed) (G1 Evacuation Pause) 327M->227M(1024M) 3,747ms
[2023-11-08T18:53:57.583+0100][gc,cpu        ] GC(692) User=0,02s Sys=0,02s Real=0,01s
[2023-11-08T18:53:57.727+0100][gc,start      ] GC(693) Pause Young (Mixed) (G1 Evacuation Pause)
[2023-11-08T18:53:57.727+0100][gc,task       ] GC(693) Using 13 workers of 13 for evacuation
[2023-11-08T18:53:57.731+0100][gc,phases     ] GC(693)   Pre Evacuate Collection Set: 0,0ms
[2023-11-08T18:53:57.731+0100][gc,phases     ] GC(693)   Evacuate Collection Set: 3,2ms
[2023-11-08T18:53:57.731+0100][gc,phases     ] GC(693)   Post Evacuate Collection Set: 0,4ms
[2023-11-08T18:53:57.731+0100][gc,phases     ] GC(693)   Other: 0,2ms
[2023-11-08T18:53:57.731+0100][gc,heap       ] GC(693) Eden regions: 46->0(337)
[2023-11-08T18:53:57.731+0100][gc,heap       ] GC(693) Survivor regions: 5->3(7)
[2023-11-08T18:53:57.731+0100][gc,heap       ] GC(693) Old regions: 95->96
[2023-11-08T18:53:57.731+0100][gc,heap       ] GC(693) Humongous regions: 129->129
[2023-11-08T18:53:57.731+0100][gc,metaspace  ] GC(693) Metaspace: 48221K(52224K)->48221K(52224K) NonClass: 42264K(44544K)->42264K(44544K) Class: 5956K(7680K)->5956K(7680K)
[2023-11-08T18:53:57.731+0100][gc            ] GC(693) Pause Young (Mixed) (G1 Evacuation Pause) 273M->226M(1024M) 3,922ms
[2023-11-08T18:53:57.731+0100][gc,cpu        ] GC(693) User=0,02s Sys=0,01s Real=0,00s
[2023-11-08T18:53:58.772+0100][gc,start      ] GC(694) Pause Young (Normal) (G1 Evacuation Pause)
[2023-11-08T18:53:58.772+0100][gc,task       ] GC(694) Using 13 workers of 13 for evacuation
[2023-11-08T18:53:58.775+0100][gc,phases     ] GC(694)   Pre Evacuate Collection Set: 0,0ms
[2023-11-08T18:53:58.775+0100][gc,phases     ] GC(694)   Evacuate Collection Set: 2,5ms
[2023-11-08T18:53:58.775+0100][gc,phases     ] GC(694)   Post Evacuate Collection Set: 0,5ms
[2023-11-08T18:53:58.775+0100][gc,phases     ] GC(694)   Other: 0,2ms
[2023-11-08T18:53:58.775+0100][gc,heap       ] GC(694) Eden regions: 337->0(315)
[2023-11-08T18:53:58.775+0100][gc,heap       ] GC(694) Survivor regions: 3->4(43)
[2023-11-08T18:53:58.775+0100][gc,heap       ] GC(694) Old regions: 96->96
[2023-11-08T18:53:58.775+0100][gc,heap       ] GC(694) Humongous regions: 129->129
[2023-11-08T18:53:58.775+0100][gc,metaspace  ] GC(694) Metaspace: 48221K(52224K)->48221K(52224K) NonClass: 42264K(44544K)->42264K(44544K) Class: 5956K(7680K)->5956K(7680K)
[2023-11-08T18:53:58.775+0100][gc            ] GC(694) Pause Young (Normal) (G1 Evacuation Pause) 563M->226M(1024M) 3,211ms
[2023-11-08T18:53:58.775+0100][gc,cpu        ] GC(694) User=0,01s Sys=0,02s Real=0,01s
[2023-11-08T18:53:59.791+0100][gc,start      ] GC(695) Pause Young (Normal) (G1 Evacuation Pause)
[2023-11-08T18:53:59.791+0100][gc,task       ] GC(695) Using 13 workers of 13 for evacuation
[2023-11-08T18:53:59.794+0100][gc,phases     ] GC(695)   Pre Evacuate Collection Set: 0,0ms
[2023-11-08T18:53:59.795+0100][gc,phases     ] GC(695)   Evacuate Collection Set: 2,9ms
[2023-11-08T18:53:59.795+0100][gc,phases     ] GC(695)   Post Evacuate Collection Set: 0,4ms
[2023-11-08T18:53:59.795+0100][gc,phases     ] GC(695)   Other: 0,2ms
[2023-11-08T18:53:59.795+0100][gc,heap       ] GC(695) Eden regions: 315->0(375)
[2023-11-08T18:53:59.795+0100][gc,heap       ] GC(695) Survivor regions: 4->5(40)
[2023-11-08T18:53:59.795+0100][gc,heap       ] GC(695) Old regions: 96->96
[2023-11-08T18:53:59.795+0100][gc,heap       ] GC(695) Humongous regions: 129->129
[2023-11-08T18:53:59.795+0100][gc,metaspace  ] GC(695) Metaspace: 48221K(52224K)->48221K(52224K) NonClass: 42264K(44544K)->42264K(44544K) Class: 5956K(7680K)->5956K(7680K)
[2023-11-08T18:53:59.795+0100][gc            ] GC(695) Pause Young (Normal) (G1 Evacuation Pause) 541M->227M(1024M) 3,602ms
[2023-11-08T18:53:59.795+0100][gc,cpu        ] GC(695) User=0,02s Sys=0,01s Real=0,00s
[2023-11-08T18:54:00.959+0100][gc,start      ] GC(696) Pause Young (Concurrent Start) (G1 Evacuation Pause)
[2023-11-08T18:54:00.959+0100][gc,task       ] GC(696) Using 13 workers of 13 for evacuation
[2023-11-08T18:54:00.963+0100][gc,phases     ] GC(696)   Pre Evacuate Collection Set: 0,2ms
[2023-11-08T18:54:00.963+0100][gc,phases     ] GC(696)   Evacuate Collection Set: 3,3ms
[2023-11-08T18:54:00.963+0100][gc,phases     ] GC(696)   Post Evacuate Collection Set: 0,5ms
[2023-11-08T18:54:00.963+0100][gc,phases     ] GC(696)   Other: 0,2ms
[2023-11-08T18:54:00.963+0100][gc,heap       ] GC(696) Eden regions: 375->0(427)
[2023-11-08T18:54:00.963+0100][gc,heap       ] GC(696) Survivor regions: 5->6(48)
[2023-11-08T18:54:00.963+0100][gc,heap       ] GC(696) Old regions: 96->96
[2023-11-08T18:54:00.963+0100][gc,heap       ] GC(696) Humongous regions: 129->129
[2023-11-08T18:54:00.963+0100][gc,metaspace  ] GC(696) Metaspace: 48221K(52224K)->48221K(52224K) NonClass: 42264K(44544K)->42264K(44544K) Class: 5956K(7680K)->5956K(7680K)
[2023-11-08T18:54:00.963+0100][gc            ] GC(696) Pause Young (Concurrent Start) (G1 Evacuation Pause) 602M->229M(1024M) 4,388ms
[2023-11-08T18:54:00.963+0100][gc,cpu        ] GC(696) User=0,01s Sys=0,02s Real=0,01s
[2023-11-08T18:54:00.963+0100][gc            ] GC(697) Concurrent Cycle
[2023-11-08T18:54:00.963+0100][gc,marking    ] GC(697) Concurrent Clear Claimed Marks
[2023-11-08T18:54:00.964+0100][gc,marking    ] GC(697) Concurrent Clear Claimed Marks 0,276ms
[2023-11-08T18:54:00.964+0100][gc,marking    ] GC(697) Concurrent Scan Root Regions
[2023-11-08T18:54:00.967+0100][gc,marking    ] GC(697) Concurrent Scan Root Regions 3,794ms
[2023-11-08T18:54:00.968+0100][gc,marking    ] GC(697) Concurrent Mark (5912,576s)
[2023-11-08T18:54:00.968+0100][gc,marking    ] GC(697) Concurrent Mark From Roots
[2023-11-08T18:54:00.968+0100][gc,task       ] GC(697) Using 3 workers of 3 for marking
[2023-11-08T18:54:00.998+0100][gc,marking    ] GC(697) Concurrent Mark From Roots 30,850ms
[2023-11-08T18:54:00.998+0100][gc,marking    ] GC(697) Concurrent Preclean
[2023-11-08T18:54:00.999+0100][gc,marking    ] GC(697) Concurrent Preclean 0,217ms
[2023-11-08T18:54:00.999+0100][gc,marking    ] GC(697) Concurrent Mark (5912,576s, 5912,607s) 31,140ms
[2023-11-08T18:54:00.999+0100][gc,start      ] GC(697) Pause Remark
[2023-11-08T18:54:01.002+0100][gc,stringtable] GC(697) Cleaned string and symbol table, strings: 18387 processed, 0 removed, symbols: 94772 processed, 0 removed
[2023-11-08T18:54:01.002+0100][gc            ] GC(697) Pause Remark 243M->243M(1024M) 3,626ms
[2023-11-08T18:54:01.003+0100][gc,cpu        ] GC(697) User=0,01s Sys=0,02s Real=0,00s
[2023-11-08T18:54:01.003+0100][gc,marking    ] GC(697) Concurrent Rebuild Remembered Sets
[2023-11-08T18:54:01.021+0100][gc,marking    ] GC(697) Concurrent Rebuild Remembered Sets 18,368ms
[2023-11-08T18:54:01.021+0100][gc,start      ] GC(697) Pause Cleanup
[2023-11-08T18:54:01.021+0100][gc            ] GC(697) Pause Cleanup 249M->249M(1024M) 0,201ms
[2023-11-08T18:54:01.021+0100][gc,cpu        ] GC(697) User=0,00s Sys=0,00s Real=0,00s
[2023-11-08T18:54:01.021+0100][gc,marking    ] GC(697) Concurrent Cleanup for Next Mark
[2023-11-08T18:54:01.023+0100][gc,marking    ] GC(697) Concurrent Cleanup for Next Mark 1,835ms
[2023-11-08T18:54:01.023+0100][gc            ] GC(697) Concurrent Cycle 59,922ms
[2023-11-08T18:54:01.182+0100][gc,start      ] GC(698) Pause Young (Normal) (G1 Evacuation Pause)
[2023-11-08T18:54:01.182+0100][gc,task       ] GC(698) Using 13 workers of 13 for evacuation
[2023-11-08T18:54:01.187+0100][gc,phases     ] GC(698)   Pre Evacuate Collection Set: 0,0ms
[2023-11-08T18:54:01.187+0100][gc,phases     ] GC(698)   Evacuate Collection Set: 4,8ms
[2023-11-08T18:54:01.187+0100][gc,phases     ] GC(698)   Post Evacuate Collection Set: 0,6ms
[2023-11-08T18:54:01.188+0100][gc,phases     ] GC(698)   Other: 0,3ms
[2023-11-08T18:54:01.188+0100][gc,heap       ] GC(698) Eden regions: 73->0(197)
[2023-11-08T18:54:01.188+0100][gc,heap       ] GC(698) Survivor regions: 6->6(10)
[2023-11-08T18:54:01.188+0100][gc,heap       ] GC(698) Old regions: 96->97
[2023-11-08T18:54:01.188+0100][gc,heap       ] GC(698) Humongous regions: 129->129
[2023-11-08T18:54:01.188+0100][gc,metaspace  ] GC(698) Metaspace: 48221K(52224K)->48221K(52224K) NonClass: 42264K(44544K)->42264K(44544K) Class: 5956K(7680K)->5956K(7680K)
[2023-11-08T18:54:01.188+0100][gc            ] GC(698) Pause Young (Normal) (G1 Evacuation Pause) 302M->229M(1024M) 5,741ms
[2023-11-08T18:54:01.188+0100][gc,cpu        ] GC(698) User=0,06s Sys=0,00s Real=0,01s
[2023-11-08T18:54:01.802+0100][gc,start      ] GC(699) Pause Young (Concurrent Start) (G1 Evacuation Pause)
[2023-11-08T18:54:01.802+0100][gc,task       ] GC(699) Using 13 workers of 13 for evacuation
[2023-11-08T18:54:01.806+0100][gc,phases     ] GC(699)   Pre Evacuate Collection Set: 0,3ms
[2023-11-08T18:54:01.806+0100][gc,phases     ] GC(699)   Evacuate Collection Set: 2,4ms
[2023-11-08T18:54:01.806+0100][gc,phases     ] GC(699)   Post Evacuate Collection Set: 0,6ms
[2023-11-08T18:54:01.806+0100][gc,phases     ] GC(699)   Other: 0,3ms
[2023-11-08T18:54:01.806+0100][gc,heap       ] GC(699) Eden regions: 197->0(271)
[2023-11-08T18:54:01.806+0100][gc,heap       ] GC(699) Survivor regions: 6->6(26)
[2023-11-08T18:54:01.806+0100][gc,heap       ] GC(699) Old regions: 97->97
[2023-11-08T18:54:01.806+0100][gc,heap       ] GC(699) Humongous regions: 129->129
[2023-11-08T18:54:01.806+0100][gc,metaspace  ] GC(699) Metaspace: 48221K(52224K)->48221K(52224K) NonClass: 42264K(44544K)->42264K(44544K) Class: 5956K(7680K)->5956K(7680K)
[2023-11-08T18:54:01.806+0100][gc            ] GC(699) Pause Young (Concurrent Start) (G1 Evacuation Pause) 426M->229M(1024M) 3,705ms
[2023-11-08T18:54:01.806+0100][gc,cpu        ] GC(699) User=0,01s Sys=0,01s Real=0,01s
[2023-11-08T18:54:01.806+0100][gc            ] GC(700) Concurrent Cycle
[2023-11-08T18:54:01.806+0100][gc,marking    ] GC(700) Concurrent Clear Claimed Marks
[2023-11-08T18:54:01.806+0100][gc,marking    ] GC(700) Concurrent Clear Claimed Marks 0,366ms
[2023-11-08T18:54:01.806+0100][gc,marking    ] GC(700) Concurrent Scan Root Regions
[2023-11-08T18:54:01.810+0100][gc,marking    ] GC(700) Concurrent Scan Root Regions 3,175ms
[2023-11-08T18:54:01.810+0100][gc,marking    ] GC(700) Concurrent Mark (5913,418s)
[2023-11-08T18:54:01.810+0100][gc,marking    ] GC(700) Concurrent Mark From Roots
[2023-11-08T18:54:01.810+0100][gc,task       ] GC(700) Using 3 workers of 3 for marking
[2023-11-08T18:54:01.840+0100][gc,marking    ] GC(700) Concurrent Mark From Roots 30,363ms
[2023-11-08T18:54:01.840+0100][gc,marking    ] GC(700) Concurrent Preclean
[2023-11-08T18:54:01.840+0100][gc,marking    ] GC(700) Concurrent Preclean 0,208ms
[2023-11-08T18:54:01.840+0100][gc,marking    ] GC(700) Concurrent Mark (5913,418s, 5913,449s) 30,642ms
[2023-11-08T18:54:01.841+0100][gc,start      ] GC(700) Pause Remark
[2023-11-08T18:54:01.844+0100][gc,stringtable] GC(700) Cleaned string and symbol table, strings: 18387 processed, 0 removed, symbols: 94772 processed, 0 removed
[2023-11-08T18:54:01.844+0100][gc            ] GC(700) Pause Remark 244M->244M(1024M) 3,568ms
[2023-11-08T18:54:01.844+0100][gc,cpu        ] GC(700) User=0,04s Sys=0,00s Real=0,01s
[2023-11-08T18:54:01.844+0100][gc,marking    ] GC(700) Concurrent Rebuild Remembered Sets
[2023-11-08T18:54:01.862+0100][gc,marking    ] GC(700) Concurrent Rebuild Remembered Sets 17,535ms
[2023-11-08T18:54:01.862+0100][gc,start      ] GC(700) Pause Cleanup
[2023-11-08T18:54:01.862+0100][gc            ] GC(700) Pause Cleanup 249M->249M(1024M) 0,209ms
[2023-11-08T18:54:01.862+0100][gc,cpu        ] GC(700) User=0,00s Sys=0,00s Real=0,00s
[2023-11-08T18:54:01.862+0100][gc,marking    ] GC(700) Concurrent Cleanup for Next Mark
[2023-11-08T18:54:01.864+0100][gc,marking    ] GC(700) Concurrent Cleanup for Next Mark 1,906ms
[2023-11-08T18:54:01.864+0100][gc            ] GC(700) Concurrent Cycle 58,050ms
[2023-11-08T18:54:02.083+0100][gc,start      ] GC(701) Pause Young (Normal) (G1 Evacuation Pause)
[2023-11-08T18:54:02.083+0100][gc,task       ] GC(701) Using 13 workers of 13 for evacuation
[2023-11-08T18:54:02.088+0100][gc,phases     ] GC(701)   Pre Evacuate Collection Set: 0,0ms
[2023-11-08T18:54:02.088+0100][gc,phases     ] GC(701)   Evacuate Collection Set: 4,6ms
[2023-11-08T18:54:02.088+0100][gc,phases     ] GC(701)   Post Evacuate Collection Set: 0,4ms
[2023-11-08T18:54:02.088+0100][gc,phases     ] GC(701)   Other: 0,2ms
[2023-11-08T18:54:02.088+0100][gc,heap       ] GC(701) Eden regions: 83->0(273)
[2023-11-08T18:54:02.088+0100][gc,heap       ] GC(701) Survivor regions: 6->7(12)
[2023-11-08T18:54:02.088+0100][gc,heap       ] GC(701) Old regions: 97->97
[2023-11-08T18:54:02.088+0100][gc,heap       ] GC(701) Humongous regions: 129->129
[2023-11-08T18:54:02.088+0100][gc,metaspace  ] GC(701) Metaspace: 48221K(52224K)->48221K(52224K) NonClass: 42264K(44544K)->42264K(44544K) Class: 5956K(7680K)->5956K(7680K)
[2023-11-08T18:54:02.088+0100][gc            ] GC(701) Pause Young (Normal) (G1 Evacuation Pause) 312M->230M(1024M) 5,338ms
[2023-11-08T18:54:02.088+0100][gc,cpu        ] GC(701) User=0,05s Sys=0,00s Real=0,00s
[2023-11-08T18:54:03.046+0100][gc,start      ] GC(702) Pause Young (Concurrent Start) (G1 Evacuation Pause)
[2023-11-08T18:54:03.046+0100][gc,task       ] GC(702) Using 13 workers of 13 for evacuation
[2023-11-08T18:54:03.051+0100][gc,phases     ] GC(702)   Pre Evacuate Collection Set: 0,3ms
[2023-11-08T18:54:03.051+0100][gc,phases     ] GC(702)   Evacuate Collection Set: 3,3ms
[2023-11-08T18:54:03.051+0100][gc,phases     ] GC(702)   Post Evacuate Collection Set: 0,6ms
[2023-11-08T18:54:03.051+0100][gc,phases     ] GC(702)   Other: 0,3ms
[2023-11-08T18:54:03.051+0100][gc,heap       ] GC(702) Eden regions: 273->0(325)
[2023-11-08T18:54:03.051+0100][gc,heap       ] GC(702) Survivor regions: 7->7(35)
[2023-11-08T18:54:03.051+0100][gc,heap       ] GC(702) Old regions: 97->97
[2023-11-08T18:54:03.051+0100][gc,heap       ] GC(702) Humongous regions: 129->129
[2023-11-08T18:54:03.051+0100][gc,metaspace  ] GC(702) Metaspace: 48221K(52224K)->48221K(52224K) NonClass: 42264K(44544K)->42264K(44544K) Class: 5956K(7680K)->5956K(7680K)
[2023-11-08T18:54:03.051+0100][gc            ] GC(702) Pause Young (Concurrent Start) (G1 Evacuation Pause) 503M->231M(1024M) 4,622ms
[2023-11-08T18:54:03.051+0100][gc,cpu        ] GC(702) User=0,02s Sys=0,02s Real=0,00s
[2023-11-08T18:54:03.051+0100][gc            ] GC(703) Concurrent Cycle
[2023-11-08T18:54:03.051+0100][gc,marking    ] GC(703) Concurrent Clear Claimed Marks
[2023-11-08T18:54:03.051+0100][gc,marking    ] GC(703) Concurrent Clear Claimed Marks 0,309ms
[2023-11-08T18:54:03.051+0100][gc,marking    ] GC(703) Concurrent Scan Root Regions
[2023-11-08T18:54:03.054+0100][gc,marking    ] GC(703) Concurrent Scan Root Regions 2,689ms
[2023-11-08T18:54:03.054+0100][gc,marking    ] GC(703) Concurrent Mark (5914,663s)
[2023-11-08T18:54:03.054+0100][gc,marking    ] GC(703) Concurrent Mark From Roots
[2023-11-08T18:54:03.054+0100][gc,task       ] GC(703) Using 3 workers of 3 for marking
[2023-11-08T18:54:03.084+0100][gc,marking    ] GC(703) Concurrent Mark From Roots 29,861ms
[2023-11-08T18:54:03.084+0100][gc,marking    ] GC(703) Concurrent Preclean
[2023-11-08T18:54:03.084+0100][gc,marking    ] GC(703) Concurrent Preclean 0,225ms
[2023-11-08T18:54:03.084+0100][gc,marking    ] GC(703) Concurrent Mark (5914,663s, 5914,693s) 30,146ms
[2023-11-08T18:54:03.084+0100][gc,start      ] GC(703) Pause Remark
[2023-11-08T18:54:03.087+0100][gc,stringtable] GC(703) Cleaned string and symbol table, strings: 18387 processed, 0 removed, symbols: 94772 processed, 0 removed
[2023-11-08T18:54:03.088+0100][gc            ] GC(703) Pause Remark 241M->241M(1024M) 3,212ms
[2023-11-08T18:54:03.088+0100][gc,cpu        ] GC(703) User=0,04s Sys=0,00s Real=0,00s
[2023-11-08T18:54:03.088+0100][gc,marking    ] GC(703) Concurrent Rebuild Remembered Sets
[2023-11-08T18:54:03.107+0100][gc,marking    ] GC(703) Concurrent Rebuild Remembered Sets 18,832ms
[2023-11-08T18:54:03.107+0100][gc,start      ] GC(703) Pause Cleanup
[2023-11-08T18:54:03.107+0100][gc            ] GC(703) Pause Cleanup 248M->248M(1024M) 0,243ms
[2023-11-08T18:54:03.107+0100][gc,cpu        ] GC(703) User=0,00s Sys=0,00s Real=0,00s
[2023-11-08T18:54:03.107+0100][gc,marking    ] GC(703) Concurrent Cleanup for Next Mark
[2023-11-08T18:54:03.109+0100][gc,marking    ] GC(703) Concurrent Cleanup for Next Mark 1,898ms
[2023-11-08T18:54:03.109+0100][gc            ] GC(703) Concurrent Cycle 57,998ms
[2023-11-08T18:54:03.283+0100][gc,start      ] GC(704) Pause Young (Normal) (G1 Evacuation Pause)
[2023-11-08T18:54:03.283+0100][gc,task       ] GC(704) Using 13 workers of 13 for evacuation
[2023-11-08T18:54:03.288+0100][gc,phases     ] GC(704)   Pre Evacuate Collection Set: 0,0ms
[2023-11-08T18:54:03.288+0100][gc,phases     ] GC(704)   Evacuate Collection Set: 3,6ms
[2023-11-08T18:54:03.288+0100][gc,phases     ] GC(704)   Post Evacuate Collection Set: 0,5ms
[2023-11-08T18:54:03.288+0100][gc,phases     ] GC(704)   Other: 0,3ms
[2023-11-08T18:54:03.288+0100][gc,heap       ] GC(704) Eden regions: 68->0(306)
[2023-11-08T18:54:03.288+0100][gc,heap       ] GC(704) Survivor regions: 7->6(10)
[2023-11-08T18:54:03.288+0100][gc,heap       ] GC(704) Old regions: 97->99
[2023-11-08T18:54:03.288+0100][gc,heap       ] GC(704) Humongous regions: 129->129
[2023-11-08T18:54:03.288+0100][gc,metaspace  ] GC(704) Metaspace: 48221K(52224K)->48221K(52224K) NonClass: 42264K(44544K)->42264K(44544K) Class: 5956K(7680K)->5956K(7680K)
[2023-11-08T18:54:03.288+0100][gc            ] GC(704) Pause Young (Normal) (G1 Evacuation Pause) 299M->231M(1024M) 4,565ms
[2023-11-08T18:54:03.288+0100][gc,cpu        ] GC(704) User=0,05s Sys=0,00s Real=0,00s
[2023-11-08T18:54:04.287+0100][gc,start      ] GC(705) Pause Young (Concurrent Start) (G1 Evacuation Pause)
[2023-11-08T18:54:04.287+0100][gc,task       ] GC(705) Using 13 workers of 13 for evacuation
[2023-11-08T18:54:04.291+0100][gc,phases     ] GC(705)   Pre Evacuate Collection Set: 0,2ms
[2023-11-08T18:54:04.291+0100][gc,phases     ] GC(705)   Evacuate Collection Set: 3,1ms
[2023-11-08T18:54:04.291+0100][gc,phases     ] GC(705)   Post Evacuate Collection Set: 0,6ms
[2023-11-08T18:54:04.291+0100][gc,phases     ] GC(705)   Other: 0,2ms
[2023-11-08T18:54:04.291+0100][gc,heap       ] GC(705) Eden regions: 306->0(320)
[2023-11-08T18:54:04.291+0100][gc,heap       ] GC(705) Survivor regions: 6->6(39)
[2023-11-08T18:54:04.291+0100][gc,heap       ] GC(705) Old regions: 99->99
[2023-11-08T18:54:04.291+0100][gc,heap       ] GC(705) Humongous regions: 129->129
[2023-11-08T18:54:04.291+0100][gc,metaspace  ] GC(705) Metaspace: 48221K(52224K)->48221K(52224K) NonClass: 42264K(44544K)->42264K(44544K) Class: 5956K(7680K)->5956K(7680K)
[2023-11-08T18:54:04.291+0100][gc            ] GC(705) Pause Young (Concurrent Start) (G1 Evacuation Pause) 537M->231M(1024M) 4,199ms
[2023-11-08T18:54:04.291+0100][gc,cpu        ] GC(705) User=0,02s Sys=0,02s Real=0,00s
[2023-11-08T18:54:04.291+0100][gc            ] GC(706) Concurrent Cycle
[2023-11-08T18:54:04.291+0100][gc,marking    ] GC(706) Concurrent Clear Claimed Marks
[2023-11-08T18:54:04.292+0100][gc,marking    ] GC(706) Concurrent Clear Claimed Marks 0,390ms
[2023-11-08T18:54:04.292+0100][gc,marking    ] GC(706) Concurrent Scan Root Regions
[2023-11-08T18:54:04.294+0100][gc,marking    ] GC(706) Concurrent Scan Root Regions 2,562ms
[2023-11-08T18:54:04.294+0100][gc,marking    ] GC(706) Concurrent Mark (5915,903s)
[2023-11-08T18:54:04.294+0100][gc,marking    ] GC(706) Concurrent Mark From Roots
[2023-11-08T18:54:04.294+0100][gc,task       ] GC(706) Using 3 workers of 3 for marking
[2023-11-08T18:54:04.322+0100][gc,marking    ] GC(706) Concurrent Mark From Roots 27,853ms
[2023-11-08T18:54:04.322+0100][gc,marking    ] GC(706) Concurrent Preclean
[2023-11-08T18:54:04.322+0100][gc,marking    ] GC(706) Concurrent Preclean 0,233ms
[2023-11-08T18:54:04.323+0100][gc,marking    ] GC(706) Concurrent Mark (5915,903s, 5915,931s) 28,165ms
[2023-11-08T18:54:04.323+0100][gc,start      ] GC(706) Pause Remark
[2023-11-08T18:54:04.326+0100][gc,stringtable] GC(706) Cleaned string and symbol table, strings: 18387 processed, 0 removed, symbols: 94772 processed, 0 removed
[2023-11-08T18:54:04.326+0100][gc            ] GC(706) Pause Remark 243M->243M(1024M) 3,165ms
[2023-11-08T18:54:04.326+0100][gc,cpu        ] GC(706) User=0,02s Sys=0,02s Real=0,00s
[2023-11-08T18:54:04.326+0100][gc,marking    ] GC(706) Concurrent Rebuild Remembered Sets
[2023-11-08T18:54:04.344+0100][gc,marking    ] GC(706) Concurrent Rebuild Remembered Sets 17,812ms
[2023-11-08T18:54:04.344+0100][gc,start      ] GC(706) Pause Cleanup
[2023-11-08T18:54:04.344+0100][gc            ] GC(706) Pause Cleanup 252M->252M(1024M) 0,207ms
[2023-11-08T18:54:04.344+0100][gc,cpu        ] GC(706) User=0,00s Sys=0,00s Real=0,00s
[2023-11-08T18:54:04.344+0100][gc,marking    ] GC(706) Concurrent Cleanup for Next Mark
[2023-11-08T18:54:04.346+0100][gc,marking    ] GC(706) Concurrent Cleanup for Next Mark 1,743ms
[2023-11-08T18:54:04.346+0100][gc            ] GC(706) Concurrent Cycle 54,692ms
[2023-11-08T18:54:04.484+0100][gc,start      ] GC(707) Pause Young (Normal) (G1 Evacuation Pause)
[2023-11-08T18:54:04.484+0100][gc,task       ] GC(707) Using 13 workers of 13 for evacuation
[2023-11-08T18:54:04.488+0100][gc,phases     ] GC(707)   Pre Evacuate Collection Set: 0,0ms
[2023-11-08T18:54:04.488+0100][gc,phases     ] GC(707)   Evacuate Collection Set: 3,4ms
[2023-11-08T18:54:04.488+0100][gc,phases     ] GC(707)   Post Evacuate Collection Set: 0,4ms
[2023-11-08T18:54:04.488+0100][gc,phases     ] GC(707)   Other: 0,2ms
[2023-11-08T18:54:04.488+0100][gc,heap       ] GC(707) Eden regions: 62->0(214)
[2023-11-08T18:54:04.488+0100][gc,heap       ] GC(707) Survivor regions: 6->5(9)
[2023-11-08T18:54:04.488+0100][gc,heap       ] GC(707) Old regions: 99->100
[2023-11-08T18:54:04.488+0100][gc,heap       ] GC(707) Humongous regions: 129->129
[2023-11-08T18:54:04.488+0100][gc,metaspace  ] GC(707) Metaspace: 48221K(52224K)->48221K(52224K) NonClass: 42264K(44544K)->42264K(44544K) Class: 5956K(7680K)->5956K(7680K)
[2023-11-08T18:54:04.488+0100][gc            ] GC(707) Pause Young (Normal) (G1 Evacuation Pause) 293M->232M(1024M) 4,137ms
[2023-11-08T18:54:04.488+0100][gc,cpu        ] GC(707) User=0,05s Sys=0,00s Real=0,00s
[2023-11-08T18:54:05.202+0100][gc,start      ] GC(708) Pause Young (Concurrent Start) (G1 Evacuation Pause)
[2023-11-08T18:54:05.202+0100][gc,task       ] GC(708) Using 13 workers of 13 for evacuation
[2023-11-08T18:54:05.205+0100][gc,phases     ] GC(708)   Pre Evacuate Collection Set: 0,2ms
[2023-11-08T18:54:05.205+0100][gc,phases     ] GC(708)   Evacuate Collection Set: 2,7ms
[2023-11-08T18:54:05.205+0100][gc,phases     ] GC(708)   Post Evacuate Collection Set: 0,5ms
[2023-11-08T18:54:05.205+0100][gc,phases     ] GC(708)   Other: 0,2ms
[2023-11-08T18:54:05.205+0100][gc,heap       ] GC(708) Eden regions: 214->0(232)
[2023-11-08T18:54:05.205+0100][gc,heap       ] GC(708) Survivor regions: 5->5(28)
[2023-11-08T18:54:05.205+0100][gc,heap       ] GC(708) Old regions: 100->100
[2023-11-08T18:54:05.205+0100][gc,heap       ] GC(708) Humongous regions: 129->129
[2023-11-08T18:54:05.205+0100][gc,metaspace  ] GC(708) Metaspace: 48221K(52224K)->48221K(52224K) NonClass: 42264K(44544K)->42264K(44544K) Class: 5956K(7680K)->5956K(7680K)
[2023-11-08T18:54:05.205+0100][gc            ] GC(708) Pause Young (Concurrent Start) (G1 Evacuation Pause) 446M->232M(1024M) 3,754ms
[2023-11-08T18:54:05.205+0100][gc,cpu        ] GC(708) User=0,04s Sys=0,00s Real=0,01s
[2023-11-08T18:54:05.205+0100][gc            ] GC(709) Concurrent Cycle
[2023-11-08T18:54:05.205+0100][gc,marking    ] GC(709) Concurrent Clear Claimed Marks
[2023-11-08T18:54:05.206+0100][gc,marking    ] GC(709) Concurrent Clear Claimed Marks 0,373ms
[2023-11-08T18:54:05.206+0100][gc,marking    ] GC(709) Concurrent Scan Root Regions
[2023-11-08T18:54:05.208+0100][gc,marking    ] GC(709) Concurrent Scan Root Regions 2,407ms
[2023-11-08T18:54:05.208+0100][gc,marking    ] GC(709) Concurrent Mark (5916,817s)
[2023-11-08T18:54:05.208+0100][gc,marking    ] GC(709) Concurrent Mark From Roots
[2023-11-08T18:54:05.208+0100][gc,task       ] GC(709) Using 3 workers of 3 for marking
[2023-11-08T18:54:05.239+0100][gc,marking    ] GC(709) Concurrent Mark From Roots 30,960ms
[2023-11-08T18:54:05.239+0100][gc,marking    ] GC(709) Concurrent Preclean
[2023-11-08T18:54:05.239+0100][gc,marking    ] GC(709) Concurrent Preclean 0,223ms
[2023-11-08T18:54:05.239+0100][gc,marking    ] GC(709) Concurrent Mark (5916,817s, 5916,848s) 31,231ms
[2023-11-08T18:54:05.240+0100][gc,start      ] GC(709) Pause Remark
[2023-11-08T18:54:05.244+0100][gc,stringtable] GC(709) Cleaned string and symbol table, strings: 18387 processed, 0 removed, symbols: 94772 processed, 0 removed
[2023-11-08T18:54:05.244+0100][gc            ] GC(709) Pause Remark 242M->242M(1024M) 4,046ms
[2023-11-08T18:54:05.244+0100][gc,cpu        ] GC(709) User=0,04s Sys=0,00s Real=0,01s
[2023-11-08T18:54:05.244+0100][gc,marking    ] GC(709) Concurrent Rebuild Remembered Sets
[2023-11-08T18:54:05.261+0100][gc,marking    ] GC(709) Concurrent Rebuild Remembered Sets 17,550ms
[2023-11-08T18:54:05.262+0100][gc,start      ] GC(709) Pause Cleanup
[2023-11-08T18:54:05.262+0100][gc            ] GC(709) Pause Cleanup 248M->248M(1024M) 0,210ms
[2023-11-08T18:54:05.262+0100][gc,cpu        ] GC(709) User=0,00s Sys=0,00s Real=0,00s
[2023-11-08T18:54:05.262+0100][gc,marking    ] GC(709) Concurrent Cleanup for Next Mark
[2023-11-08T18:54:05.264+0100][gc,marking    ] GC(709) Concurrent Cleanup for Next Mark 1,874ms
[2023-11-08T18:54:05.264+0100][gc            ] GC(709) Concurrent Cycle 58,357ms
[2023-11-08T18:54:05.381+0100][gc,start      ] GC(710) Pause Young (Normal) (G1 Evacuation Pause)
[2023-11-08T18:54:05.381+0100][gc,task       ] GC(710) Using 13 workers of 13 for evacuation
[2023-11-08T18:54:05.384+0100][gc,phases     ] GC(710)   Pre Evacuate Collection Set: 0,0ms
[2023-11-08T18:54:05.384+0100][gc,phases     ] GC(710)   Evacuate Collection Set: 2,3ms
[2023-11-08T18:54:05.384+0100][gc,phases     ] GC(710)   Post Evacuate Collection Set: 0,5ms
[2023-11-08T18:54:05.384+0100][gc,phases     ] GC(710)   Other: 0,2ms
[2023-11-08T18:54:05.384+0100][gc,heap       ] GC(710) Eden regions: 55->0(216)
[2023-11-08T18:54:05.384+0100][gc,heap       ] GC(710) Survivor regions: 5->2(8)
[2023-11-08T18:54:05.384+0100][gc,heap       ] GC(710) Old regions: 100->101
[2023-11-08T18:54:05.384+0100][gc,heap       ] GC(710) Humongous regions: 129->129
[2023-11-08T18:54:05.384+0100][gc,metaspace  ] GC(710) Metaspace: 48221K(52224K)->48221K(52224K) NonClass: 42264K(44544K)->42264K(44544K) Class: 5956K(7680K)->5956K(7680K)
[2023-11-08T18:54:05.384+0100][gc            ] GC(710) Pause Young (Normal) (G1 Evacuation Pause) 287M->229M(1024M) 3,164ms
[2023-11-08T18:54:05.384+0100][gc,cpu        ] GC(710) User=0,03s Sys=0,00s Real=0,01s
[2023-11-08T18:54:06.074+0100][gc,start      ] GC(711) Pause Young (Normal) (G1 Evacuation Pause)
[2023-11-08T18:54:06.074+0100][gc,task       ] GC(711) Using 13 workers of 13 for evacuation
[2023-11-08T18:54:06.076+0100][gc,phases     ] GC(711)   Pre Evacuate Collection Set: 0,0ms
[2023-11-08T18:54:06.076+0100][gc,phases     ] GC(711)   Evacuate Collection Set: 1,7ms
[2023-11-08T18:54:06.076+0100][gc,phases     ] GC(711)   Post Evacuate Collection Set: 0,4ms
[2023-11-08T18:54:06.076+0100][gc,phases     ] GC(711)   Other: 0,2ms
[2023-11-08T18:54:06.076+0100][gc,heap       ] GC(711) Eden regions: 216->0(258)
[2023-11-08T18:54:06.076+0100][gc,heap       ] GC(711) Survivor regions: 2->2(28)
[2023-11-08T18:54:06.076+0100][gc,heap       ] GC(711) Old regions: 101->101
[2023-11-08T18:54:06.076+0100][gc,heap       ] GC(711) Humongous regions: 129->129
[2023-11-08T18:54:06.076+0100][gc,metaspace  ] GC(711) Metaspace: 48221K(52224K)->48221K(52224K) NonClass: 42264K(44544K)->42264K(44544K) Class: 5956K(7680K)->5956K(7680K)
[2023-11-08T18:54:06.076+0100][gc            ] GC(711) Pause Young (Normal) (G1 Evacuation Pause) 445M->229M(1024M) 2,437ms
[2023-11-08T18:54:06.076+0100][gc,cpu        ] GC(711) User=0,02s Sys=0,00s Real=0,01s
[2023-11-08T18:54:06.892+0100][gc,start      ] GC(712) Pause Young (Normal) (G1 Evacuation Pause)
[2023-11-08T18:54:06.892+0100][gc,task       ] GC(712) Using 13 workers of 13 for evacuation
[2023-11-08T18:54:06.895+0100][gc,phases     ] GC(712)   Pre Evacuate Collection Set: 0,0ms
[2023-11-08T18:54:06.895+0100][gc,phases     ] GC(712)   Evacuate Collection Set: 2,3ms
[2023-11-08T18:54:06.895+0100][gc,phases     ] GC(712)   Post Evacuate Collection Set: 0,7ms
[2023-11-08T18:54:06.895+0100][gc,phases     ] GC(712)   Other: 0,2ms
[2023-11-08T18:54:06.895+0100][gc,heap       ] GC(712) Eden regions: 258->0(286)
[2023-11-08T18:54:06.895+0100][gc,heap       ] GC(712) Survivor regions: 2->3(33)
[2023-11-08T18:54:06.895+0100][gc,heap       ] GC(712) Old regions: 101->101
[2023-11-08T18:54:06.895+0100][gc,heap       ] GC(712) Humongous regions: 129->129
[2023-11-08T18:54:06.895+0100][gc,metaspace  ] GC(712) Metaspace: 48221K(52224K)->48221K(52224K) NonClass: 42264K(44544K)->42264K(44544K) Class: 5956K(7680K)->5956K(7680K)
[2023-11-08T18:54:06.895+0100][gc            ] GC(712) Pause Young (Normal) (G1 Evacuation Pause) 487M->230M(1024M) 3,317ms
[2023-11-08T18:54:06.895+0100][gc,cpu        ] GC(712) User=0,01s Sys=0,02s Real=0,01s
[2023-11-08T18:54:07.813+0100][gc,start      ] GC(713) Pause Young (Normal) (G1 Evacuation Pause)
[2023-11-08T18:54:07.813+0100][gc,task       ] GC(713) Using 13 workers of 13 for evacuation
[2023-11-08T18:54:07.817+0100][gc,phases     ] GC(713)   Pre Evacuate Collection Set: 0,0ms
[2023-11-08T18:54:07.817+0100][gc,phases     ] GC(713)   Evacuate Collection Set: 3,2ms
[2023-11-08T18:54:07.817+0100][gc,phases     ] GC(713)   Post Evacuate Collection Set: 0,5ms
[2023-11-08T18:54:07.817+0100][gc,phases     ] GC(713)   Other: 0,2ms
[2023-11-08T18:54:07.817+0100][gc,heap       ] GC(713) Eden regions: 286->0(324)
[2023-11-08T18:54:07.817+0100][gc,heap       ] GC(713) Survivor regions: 3->4(37)
[2023-11-08T18:54:07.817+0100][gc,heap       ] GC(713) Old regions: 101->101
[2023-11-08T18:54:07.817+0100][gc,heap       ] GC(713) Humongous regions: 129->129
[2023-11-08T18:54:07.817+0100][gc,metaspace  ] GC(713) Metaspace: 48221K(52224K)->48221K(52224K) NonClass: 42264K(44544K)->42264K(44544K) Class: 5956K(7680K)->5956K(7680K)
[2023-11-08T18:54:07.817+0100][gc            ] GC(713) Pause Young (Normal) (G1 Evacuation Pause) 516M->231M(1024M) 4,057ms
[2023-11-08T18:54:07.817+0100][gc,cpu        ] GC(713) User=0,04s Sys=0,00s Real=0,01s
[2023-11-08T18:54:08.906+0100][gc,start      ] GC(714) Pause Young (Normal) (G1 Evacuation Pause)
[2023-11-08T18:54:08.906+0100][gc,task       ] GC(714) Using 13 workers of 13 for evacuation
[2023-11-08T18:54:08.910+0100][gc,phases     ] GC(714)   Pre Evacuate Collection Set: 0,0ms
[2023-11-08T18:54:08.910+0100][gc,phases     ] GC(714)   Evacuate Collection Set: 3,5ms
[2023-11-08T18:54:08.910+0100][gc,phases     ] GC(714)   Post Evacuate Collection Set: 0,6ms
[2023-11-08T18:54:08.910+0100][gc,phases     ] GC(714)   Other: 0,2ms
[2023-11-08T18:54:08.910+0100][gc,heap       ] GC(714) Eden regions: 324->0(359)
[2023-11-08T18:54:08.910+0100][gc,heap       ] GC(714) Survivor regions: 4->5(41)
[2023-11-08T18:54:08.910+0100][gc,heap       ] GC(714) Old regions: 101->101
[2023-11-08T18:54:08.910+0100][gc,heap       ] GC(714) Humongous regions: 129->129
[2023-11-08T18:54:08.910+0100][gc,metaspace  ] GC(714) Metaspace: 48221K(52224K)->48221K(52224K) NonClass: 42264K(44544K)->42264K(44544K) Class: 5956K(7680K)->5956K(7680K)
[2023-11-08T18:54:08.910+0100][gc            ] GC(714) Pause Young (Normal) (G1 Evacuation Pause) 555M->232M(1024M) 4,569ms
[2023-11-08T18:54:08.910+0100][gc,cpu        ] GC(714) User=0,04s Sys=0,00s Real=0,00s
[2023-11-08T18:54:10.127+0100][gc,start      ] GC(715) Pause Young (Concurrent Start) (G1 Evacuation Pause)
[2023-11-08T18:54:10.127+0100][gc,task       ] GC(715) Using 13 workers of 13 for evacuation
[2023-11-08T18:54:10.134+0100][gc,phases     ] GC(715)   Pre Evacuate Collection Set: 0,2ms
[2023-11-08T18:54:10.134+0100][gc,phases     ] GC(715)   Evacuate Collection Set: 5,4ms
[2023-11-08T18:54:10.134+0100][gc,phases     ] GC(715)   Post Evacuate Collection Set: 0,6ms
[2023-11-08T18:54:10.134+0100][gc,phases     ] GC(715)   Other: 0,3ms
[2023-11-08T18:54:10.134+0100][gc,heap       ] GC(715) Eden regions: 359->0(373)
[2023-11-08T18:54:10.134+0100][gc,heap       ] GC(715) Survivor regions: 5->6(46)
[2023-11-08T18:54:10.134+0100][gc,heap       ] GC(715) Old regions: 101->101
[2023-11-08T18:54:10.134+0100][gc,heap       ] GC(715) Humongous regions: 129->129
[2023-11-08T18:54:10.134+0100][gc,metaspace  ] GC(715) Metaspace: 48221K(52224K)->48221K(52224K) NonClass: 42264K(44544K)->42264K(44544K) Class: 5956K(7680K)->5956K(7680K)
[2023-11-08T18:54:10.134+0100][gc            ] GC(715) Pause Young (Concurrent Start) (G1 Evacuation Pause) 591M->233M(1024M) 6,715ms
[2023-11-08T18:54:10.134+0100][gc,cpu        ] GC(715) User=0,01s Sys=0,05s Real=0,00s
[2023-11-08T18:54:10.134+0100][gc            ] GC(716) Concurrent Cycle
[2023-11-08T18:54:10.134+0100][gc,marking    ] GC(716) Concurrent Clear Claimed Marks
[2023-11-08T18:54:10.134+0100][gc,marking    ] GC(716) Concurrent Clear Claimed Marks 0,281ms
[2023-11-08T18:54:10.134+0100][gc,marking    ] GC(716) Concurrent Scan Root Regions
[2023-11-08T18:54:10.137+0100][gc,marking    ] GC(716) Concurrent Scan Root Regions 2,642ms
[2023-11-08T18:54:10.137+0100][gc,marking    ] GC(716) Concurrent Mark (5921,746s)
[2023-11-08T18:54:10.137+0100][gc,marking    ] GC(716) Concurrent Mark From Roots
[2023-11-08T18:54:10.137+0100][gc,task       ] GC(716) Using 3 workers of 3 for marking
[2023-11-08T18:54:10.157+0100][gc,marking    ] GC(716) Concurrent Mark From Roots 19,571ms
[2023-11-08T18:54:10.157+0100][gc,marking    ] GC(716) Concurrent Preclean
[2023-11-08T18:54:10.157+0100][gc,marking    ] GC(716) Concurrent Preclean 0,378ms
[2023-11-08T18:54:10.157+0100][gc,marking    ] GC(716) Concurrent Mark (5921,746s, 5921,766s) 20,053ms
[2023-11-08T18:54:10.157+0100][gc,start      ] GC(716) Pause Remark
[2023-11-08T18:54:10.161+0100][gc,stringtable] GC(716) Cleaned string and symbol table, strings: 18387 processed, 0 removed, symbols: 94772 processed, 0 removed
[2023-11-08T18:54:10.161+0100][gc            ] GC(716) Pause Remark 240M->240M(1024M) 3,697ms
[2023-11-08T18:54:10.161+0100][gc,cpu        ] GC(716) User=0,03s Sys=0,00s Real=0,00s
[2023-11-08T18:54:10.161+0100][gc,marking    ] GC(716) Concurrent Rebuild Remembered Sets
[2023-11-08T18:54:10.175+0100][gc,marking    ] GC(716) Concurrent Rebuild Remembered Sets 14,347ms
[2023-11-08T18:54:10.176+0100][gc,start      ] GC(716) Pause Cleanup
[2023-11-08T18:54:10.176+0100][gc            ] GC(716) Pause Cleanup 244M->244M(1024M) 0,172ms
[2023-11-08T18:54:10.176+0100][gc,cpu        ] GC(716) User=0,00s Sys=0,00s Real=0,00s
[2023-11-08T18:54:10.176+0100][gc,marking    ] GC(716) Concurrent Cleanup for Next Mark
[2023-11-08T18:54:10.178+0100][gc,marking    ] GC(716) Concurrent Cleanup for Next Mark 2,043ms
[2023-11-08T18:54:10.178+0100][gc            ] GC(716) Concurrent Cycle 43,865ms
[2023-11-08T18:54:10.289+0100][gc,start      ] GC(717) Pause Young (Prepare Mixed) (G1 Evacuation Pause)
[2023-11-08T18:54:10.289+0100][gc,task       ] GC(717) Using 13 workers of 13 for evacuation
[2023-11-08T18:54:10.295+0100][gc,phases     ] GC(717)   Pre Evacuate Collection Set: 0,0ms
[2023-11-08T18:54:10.295+0100][gc,phases     ] GC(717)   Evacuate Collection Set: 5,4ms
[2023-11-08T18:54:10.295+0100][gc,phases     ] GC(717)   Post Evacuate Collection Set: 0,7ms
[2023-11-08T18:54:10.295+0100][gc,phases     ] GC(717)   Other: 0,3ms
[2023-11-08T18:54:10.295+0100][gc,heap       ] GC(717) Eden regions: 45->0(47)
[2023-11-08T18:54:10.295+0100][gc,heap       ] GC(717) Survivor regions: 6->4(7)
[2023-11-08T18:54:10.295+0100][gc,heap       ] GC(717) Old regions: 101->102
[2023-11-08T18:54:10.295+0100][gc,heap       ] GC(717) Humongous regions: 129->129
[2023-11-08T18:54:10.295+0100][gc,metaspace  ] GC(717) Metaspace: 48221K(52224K)->48221K(52224K) NonClass: 42264K(44544K)->42264K(44544K) Class: 5956K(7680K)->5956K(7680K)
[2023-11-08T18:54:10.295+0100][gc            ] GC(717) Pause Young (Prepare Mixed) (G1 Evacuation Pause) 278M->232M(1024M) 6,429ms
[2023-11-08T18:54:10.295+0100][gc,cpu        ] GC(717) User=0,04s Sys=0,01s Real=0,01s
[2023-11-08T18:54:10.430+0100][gc,start      ] GC(718) Pause Young (Mixed) (G1 Evacuation Pause)
[2023-11-08T18:54:10.430+0100][gc,task       ] GC(718) Using 13 workers of 13 for evacuation
[2023-11-08T18:54:10.436+0100][gc,phases     ] GC(718)   Pre Evacuate Collection Set: 0,1ms
[2023-11-08T18:54:10.436+0100][gc,phases     ] GC(718)   Evacuate Collection Set: 5,1ms
[2023-11-08T18:54:10.436+0100][gc,phases     ] GC(718)   Post Evacuate Collection Set: 0,6ms
[2023-11-08T18:54:10.436+0100][gc,phases     ] GC(718)   Other: 0,2ms
[2023-11-08T18:54:10.436+0100][gc,heap       ] GC(718) Eden regions: 47->0(288)
[2023-11-08T18:54:10.436+0100][gc,heap       ] GC(718) Survivor regions: 4->5(7)
[2023-11-08T18:54:10.436+0100][gc,heap       ] GC(718) Old regions: 102->81
[2023-11-08T18:54:10.436+0100][gc,heap       ] GC(718) Humongous regions: 129->129
[2023-11-08T18:54:10.436+0100][gc,metaspace  ] GC(718) Metaspace: 48221K(52224K)->48221K(52224K) NonClass: 42264K(44544K)->42264K(44544K) Class: 5956K(7680K)->5956K(7680K)
[2023-11-08T18:54:10.436+0100][gc            ] GC(718) Pause Young (Mixed) (G1 Evacuation Pause) 279M->212M(1024M) 6,058ms
[2023-11-08T18:54:10.436+0100][gc,cpu        ] GC(718) User=0,04s Sys=0,00s Real=0,01s
[2023-11-08T18:54:11.403+0100][gc,start      ] GC(719) Pause Young (Normal) (G1 Evacuation Pause)
[2023-11-08T18:54:11.403+0100][gc,task       ] GC(719) Using 13 workers of 13 for evacuation
[2023-11-08T18:54:11.405+0100][gc,phases     ] GC(719)   Pre Evacuate Collection Set: 0,0ms
[2023-11-08T18:54:11.405+0100][gc,phases     ] GC(719)   Evacuate Collection Set: 2,0ms
[2023-11-08T18:54:11.405+0100][gc,phases     ] GC(719)   Post Evacuate Collection Set: 0,5ms
[2023-11-08T18:54:11.405+0100][gc,phases     ] GC(719)   Other: 0,2ms
[2023-11-08T18:54:11.405+0100][gc,heap       ] GC(719) Eden regions: 288->0(390)
[2023-11-08T18:54:11.405+0100][gc,heap       ] GC(719) Survivor regions: 5->5(37)
[2023-11-08T18:54:11.405+0100][gc,heap       ] GC(719) Old regions: 81->81
[2023-11-08T18:54:11.405+0100][gc,heap       ] GC(719) Humongous regions: 129->129
[2023-11-08T18:54:11.405+0100][gc,metaspace  ] GC(719) Metaspace: 48221K(52224K)->48221K(52224K) NonClass: 42264K(44544K)->42264K(44544K) Class: 5956K(7680K)->5956K(7680K)
[2023-11-08T18:54:11.405+0100][gc            ] GC(719) Pause Young (Normal) (G1 Evacuation Pause) 500M->212M(1024M) 2,815ms
[2023-11-08T18:54:11.405+0100][gc,cpu        ] GC(719) User=0,01s Sys=0,02s Real=0,01s
[2023-11-08T18:54:12.601+0100][gc,start      ] GC(720) Pause Young (Normal) (G1 Evacuation Pause)
[2023-11-08T18:54:12.601+0100][gc,task       ] GC(720) Using 13 workers of 13 for evacuation
[2023-11-08T18:54:12.606+0100][gc,phases     ] GC(720)   Pre Evacuate Collection Set: 0,0ms
[2023-11-08T18:54:12.606+0100][gc,phases     ] GC(720)   Evacuate Collection Set: 4,1ms
[2023-11-08T18:54:12.606+0100][gc,phases     ] GC(720)   Post Evacuate Collection Set: 0,7ms
[2023-11-08T18:54:12.606+0100][gc,phases     ] GC(720)   Other: 0,2ms
[2023-11-08T18:54:12.606+0100][gc,heap       ] GC(720) Eden regions: 390->0(443)
[2023-11-08T18:54:12.606+0100][gc,heap       ] GC(720) Survivor regions: 5->7(50)
[2023-11-08T18:54:12.606+0100][gc,heap       ] GC(720) Old regions: 81->81
[2023-11-08T18:54:12.606+0100][gc,heap       ] GC(720) Humongous regions: 129->129
[2023-11-08T18:54:12.606+0100][gc,metaspace  ] GC(720) Metaspace: 48221K(52224K)->48221K(52224K) NonClass: 42264K(44544K)->42264K(44544K) Class: 5956K(7680K)->5956K(7680K)
[2023-11-08T18:54:12.606+0100][gc            ] GC(720) Pause Young (Normal) (G1 Evacuation Pause) 602M->214M(1024M) 5,068ms
[2023-11-08T18:54:12.606+0100][gc,cpu        ] GC(720) User=0,05s Sys=0,00s Real=0,01s
[2023-11-08T18:54:14.097+0100][gc,start      ] GC(721) Pause Young (Concurrent Start) (G1 Evacuation Pause)
[2023-11-08T18:54:14.097+0100][gc,task       ] GC(721) Using 13 workers of 13 for evacuation
[2023-11-08T18:54:14.102+0100][gc,phases     ] GC(721)   Pre Evacuate Collection Set: 0,2ms
[2023-11-08T18:54:14.102+0100][gc,phases     ] GC(721)   Evacuate Collection Set: 3,5ms
[2023-11-08T18:54:14.102+0100][gc,phases     ] GC(721)   Post Evacuate Collection Set: 0,6ms
[2023-11-08T18:54:14.102+0100][gc,phases     ] GC(721)   Other: 0,3ms
[2023-11-08T18:54:14.102+0100][gc,heap       ] GC(721) Eden regions: 443->0(489)
[2023-11-08T18:54:14.102+0100][gc,heap       ] GC(721) Survivor regions: 7->8(57)
[2023-11-08T18:54:14.102+0100][gc,heap       ] GC(721) Old regions: 81->81
[2023-11-08T18:54:14.102+0100][gc,heap       ] GC(721) Humongous regions: 129->129
[2023-11-08T18:54:14.102+0100][gc,metaspace  ] GC(721) Metaspace: 48221K(52224K)->48221K(52224K) NonClass: 42264K(44544K)->42264K(44544K) Class: 5956K(7680K)->5956K(7680K)
[2023-11-08T18:54:14.102+0100][gc            ] GC(721) Pause Young (Concurrent Start) (G1 Evacuation Pause) 657M->215M(1024M) 4,817ms
[2023-11-08T18:54:14.102+0100][gc,cpu        ] GC(721) User=0,04s Sys=0,00s Real=0,00s
[2023-11-08T18:54:14.102+0100][gc            ] GC(722) Concurrent Cycle
[2023-11-08T18:54:14.102+0100][gc,marking    ] GC(722) Concurrent Clear Claimed Marks
[2023-11-08T18:54:14.103+0100][gc,marking    ] GC(722) Concurrent Clear Claimed Marks 0,542ms
[2023-11-08T18:54:14.103+0100][gc,marking    ] GC(722) Concurrent Scan Root Regions
[2023-11-08T18:54:14.106+0100][gc,marking    ] GC(722) Concurrent Scan Root Regions 3,057ms
[2023-11-08T18:54:14.106+0100][gc,marking    ] GC(722) Concurrent Mark (5925,714s)
[2023-11-08T18:54:14.106+0100][gc,marking    ] GC(722) Concurrent Mark From Roots
[2023-11-08T18:54:14.106+0100][gc,task       ] GC(722) Using 3 workers of 3 for marking
[2023-11-08T18:54:14.125+0100][gc,marking    ] GC(722) Concurrent Mark From Roots 18,906ms
[2023-11-08T18:54:14.125+0100][gc,marking    ] GC(722) Concurrent Preclean
[2023-11-08T18:54:14.125+0100][gc,marking    ] GC(722) Concurrent Preclean 0,270ms
[2023-11-08T18:54:14.125+0100][gc,marking    ] GC(722) Concurrent Mark (5925,714s, 5925,734s) 19,263ms
[2023-11-08T18:54:14.125+0100][gc,start      ] GC(722) Pause Remark
[2023-11-08T18:54:14.129+0100][gc,stringtable] GC(722) Cleaned string and symbol table, strings: 18387 processed, 0 removed, symbols: 94772 processed, 0 removed
[2023-11-08T18:54:14.130+0100][gc            ] GC(722) Pause Remark 221M->221M(1024M) 4,219ms
[2023-11-08T18:54:14.130+0100][gc,cpu        ] GC(722) User=0,04s Sys=0,00s Real=0,00s
[2023-11-08T18:54:14.130+0100][gc,marking    ] GC(722) Concurrent Rebuild Remembered Sets
[2023-11-08T18:54:14.142+0100][gc,marking    ] GC(722) Concurrent Rebuild Remembered Sets 12,501ms
[2023-11-08T18:54:14.142+0100][gc,start      ] GC(722) Pause Cleanup
[2023-11-08T18:54:14.143+0100][gc            ] GC(722) Pause Cleanup 226M->226M(1024M) 0,242ms
[2023-11-08T18:54:14.143+0100][gc,cpu        ] GC(722) User=0,00s Sys=0,00s Real=0,01s
[2023-11-08T18:54:14.143+0100][gc,marking    ] GC(722) Concurrent Cleanup for Next Mark
[2023-11-08T18:54:14.145+0100][gc,marking    ] GC(722) Concurrent Cleanup for Next Mark 1,870ms
[2023-11-08T18:54:14.145+0100][gc            ] GC(722) Concurrent Cycle 42,413ms
[2023-11-08T18:54:14.386+0100][gc,start      ] GC(723) Pause Young (Normal) (G1 Evacuation Pause)
[2023-11-08T18:54:14.386+0100][gc,task       ] GC(723) Using 13 workers of 13 for evacuation
[2023-11-08T18:54:14.391+0100][gc,phases     ] GC(723)   Pre Evacuate Collection Set: 0,1ms
[2023-11-08T18:54:14.391+0100][gc,phases     ] GC(723)   Evacuate Collection Set: 4,4ms
[2023-11-08T18:54:14.391+0100][gc,phases     ] GC(723)   Post Evacuate Collection Set: 0,6ms
[2023-11-08T18:54:14.391+0100][gc,phases     ] GC(723)   Other: 0,3ms
[2023-11-08T18:54:14.391+0100][gc,heap       ] GC(723) Eden regions: 83->0(310)
[2023-11-08T18:54:14.392+0100][gc,heap       ] GC(723) Survivor regions: 8->7(12)
[2023-11-08T18:54:14.392+0100][gc,heap       ] GC(723) Old regions: 81->82
[2023-11-08T18:54:14.392+0100][gc,heap       ] GC(723) Humongous regions: 129->129
[2023-11-08T18:54:14.392+0100][gc,metaspace  ] GC(723) Metaspace: 48221K(52224K)->48221K(52224K) NonClass: 42264K(44544K)->42264K(44544K) Class: 5956K(7680K)->5956K(7680K)
[2023-11-08T18:54:14.392+0100][gc            ] GC(723) Pause Young (Normal) (G1 Evacuation Pause) 298M->215M(1024M) 5,501ms
[2023-11-08T18:54:14.392+0100][gc,cpu        ] GC(723) User=0,05s Sys=0,00s Real=0,00s
[2023-11-08T18:54:15.448+0100][gc,start      ] GC(724) Pause Young (Concurrent Start) (G1 Evacuation Pause)
[2023-11-08T18:54:15.448+0100][gc,task       ] GC(724) Using 13 workers of 13 for evacuation
[2023-11-08T18:54:15.453+0100][gc,phases     ] GC(724)   Pre Evacuate Collection Set: 0,3ms
[2023-11-08T18:54:15.453+0100][gc,phases     ] GC(724)   Evacuate Collection Set: 3,5ms
[2023-11-08T18:54:15.453+0100][gc,phases     ] GC(724)   Post Evacuate Collection Set: 0,7ms
[2023-11-08T18:54:15.453+0100][gc,phases     ] GC(724)   Other: 0,3ms
[2023-11-08T18:54:15.453+0100][gc,heap       ] GC(724) Eden regions: 310->0(370)
[2023-11-08T18:54:15.453+0100][gc,heap       ] GC(724) Survivor regions: 7->8(40)
[2023-11-08T18:54:15.453+0100][gc,heap       ] GC(724) Old regions: 82->82
[2023-11-08T18:54:15.453+0100][gc,heap       ] GC(724) Humongous regions: 129->129
[2023-11-08T18:54:15.453+0100][gc,metaspace  ] GC(724) Metaspace: 48221K(52224K)->48221K(52224K) NonClass: 42264K(44544K)->42264K(44544K) Class: 5956K(7680K)->5956K(7680K)
[2023-11-08T18:54:15.453+0100][gc            ] GC(724) Pause Young (Concurrent Start) (G1 Evacuation Pause) 525M->216M(1024M) 4,929ms
[2023-11-08T18:54:15.453+0100][gc,cpu        ] GC(724) User=0,04s Sys=0,00s Real=0,00s
[2023-11-08T18:54:15.453+0100][gc            ] GC(725) Concurrent Cycle
[2023-11-08T18:54:15.453+0100][gc,marking    ] GC(725) Concurrent Clear Claimed Marks
[2023-11-08T18:54:15.454+0100][gc,marking    ] GC(725) Concurrent Clear Claimed Marks 0,299ms
[2023-11-08T18:54:15.454+0100][gc,marking    ] GC(725) Concurrent Scan Root Regions
[2023-11-08T18:54:15.456+0100][gc,marking    ] GC(725) Concurrent Scan Root Regions 2,232ms
[2023-11-08T18:54:15.456+0100][gc,marking    ] GC(725) Concurrent Mark (5927,065s)
[2023-11-08T18:54:15.456+0100][gc,marking    ] GC(725) Concurrent Mark From Roots
[2023-11-08T18:54:15.456+0100][gc,task       ] GC(725) Using 3 workers of 3 for marking
[2023-11-08T18:54:15.473+0100][gc,marking    ] GC(725) Concurrent Mark From Roots 17,101ms
[2023-11-08T18:54:15.473+0100][gc,marking    ] GC(725) Concurrent Preclean
[2023-11-08T18:54:15.473+0100][gc,marking    ] GC(725) Concurrent Preclean 0,191ms
[2023-11-08T18:54:15.473+0100][gc,marking    ] GC(725) Concurrent Mark (5927,065s, 5927,082s) 17,350ms
[2023-11-08T18:54:15.474+0100][gc,start      ] GC(725) Pause Remark
[2023-11-08T18:54:15.477+0100][gc,stringtable] GC(725) Cleaned string and symbol table, strings: 18387 processed, 0 removed, symbols: 94772 processed, 0 removed
[2023-11-08T18:54:15.477+0100][gc            ] GC(725) Pause Remark 222M->222M(1024M) 3,352ms
[2023-11-08T18:54:15.477+0100][gc,cpu        ] GC(725) User=0,03s Sys=0,00s Real=0,01s
[2023-11-08T18:54:15.477+0100][gc,marking    ] GC(725) Concurrent Rebuild Remembered Sets
[2023-11-08T18:54:15.489+0100][gc,marking    ] GC(725) Concurrent Rebuild Remembered Sets 12,250ms
[2023-11-08T18:54:15.489+0100][gc,start      ] GC(725) Pause Cleanup
[2023-11-08T18:54:15.490+0100][gc            ] GC(725) Pause Cleanup 227M->227M(1024M) 0,174ms
[2023-11-08T18:54:15.490+0100][gc,cpu        ] GC(725) User=0,00s Sys=0,00s Real=0,00s
[2023-11-08T18:54:15.490+0100][gc,marking    ] GC(725) Concurrent Cleanup for Next Mark
[2023-11-08T18:54:15.491+0100][gc,marking    ] GC(725) Concurrent Cleanup for Next Mark 1,802ms
[2023-11-08T18:54:15.492+0100][gc            ] GC(725) Concurrent Cycle 38,126ms
[2023-11-08T18:54:15.606+0100][gc,start      ] GC(726) Pause Young (Prepare Mixed) (G1 Evacuation Pause)
[2023-11-08T18:54:15.606+0100][gc,task       ] GC(726) Using 13 workers of 13 for evacuation
[2023-11-08T18:54:15.614+0100][gc,phases     ] GC(726)   Pre Evacuate Collection Set: 0,0ms
[2023-11-08T18:54:15.614+0100][gc,phases     ] GC(726)   Evacuate Collection Set: 6,7ms
[2023-11-08T18:54:15.614+0100][gc,phases     ] GC(726)   Post Evacuate Collection Set: 0,5ms
[2023-11-08T18:54:15.614+0100][gc,phases     ] GC(726)   Other: 0,2ms
[2023-11-08T18:54:15.614+0100][gc,heap       ] GC(726) Eden regions: 43->0(47)
[2023-11-08T18:54:15.614+0100][gc,heap       ] GC(726) Survivor regions: 8->4(7)
[2023-11-08T18:54:15.614+0100][gc,heap       ] GC(726) Old regions: 82->87
[2023-11-08T18:54:15.614+0100][gc,heap       ] GC(726) Humongous regions: 129->129
[2023-11-08T18:54:15.614+0100][gc,metaspace  ] GC(726) Metaspace: 48221K(52224K)->48221K(52224K) NonClass: 42264K(44544K)->42264K(44544K) Class: 5956K(7680K)->5956K(7680K)
[2023-11-08T18:54:15.614+0100][gc            ] GC(726) Pause Young (Prepare Mixed) (G1 Evacuation Pause) 259M->217M(1024M) 7,496ms
[2023-11-08T18:54:15.614+0100][gc,cpu        ] GC(726) User=0,06s Sys=0,01s Real=0,00s
[2023-11-08T18:54:15.770+0100][gc,start      ] GC(727) Pause Young (Mixed) (G1 Evacuation Pause)
[2023-11-08T18:54:15.771+0100][gc,task       ] GC(727) Using 13 workers of 13 for evacuation
[2023-11-08T18:54:15.775+0100][gc,phases     ] GC(727)   Pre Evacuate Collection Set: 0,1ms
[2023-11-08T18:54:15.775+0100][gc,phases     ] GC(727)   Evacuate Collection Set: 3,7ms
[2023-11-08T18:54:15.775+0100][gc,phases     ] GC(727)   Post Evacuate Collection Set: 0,7ms
[2023-11-08T18:54:15.775+0100][gc,phases     ] GC(727)   Other: 0,4ms
[2023-11-08T18:54:15.775+0100][gc,heap       ] GC(727) Eden regions: 47->0(370)
[2023-11-08T18:54:15.775+0100][gc,heap       ] GC(727) Survivor regions: 4->3(7)
[2023-11-08T18:54:15.775+0100][gc,heap       ] GC(727) Old regions: 87->86
[2023-11-08T18:54:15.776+0100][gc,heap       ] GC(727) Humongous regions: 129->129
[2023-11-08T18:54:15.776+0100][gc,metaspace  ] GC(727) Metaspace: 48221K(52224K)->48221K(52224K) NonClass: 42264K(44544K)->42264K(44544K) Class: 5956K(7680K)->5956K(7680K)
[2023-11-08T18:54:15.776+0100][gc            ] GC(727) Pause Young (Mixed) (G1 Evacuation Pause) 264M->216M(1024M) 5,057ms
[2023-11-08T18:54:15.776+0100][gc,cpu        ] GC(727) User=0,03s Sys=0,02s Real=0,01s
[2023-11-08T18:54:16.995+0100][gc,start      ] GC(728) Pause Young (Normal) (G1 Evacuation Pause)
[2023-11-08T18:54:16.995+0100][gc,task       ] GC(728) Using 13 workers of 13 for evacuation
[2023-11-08T18:54:16.997+0100][gc,phases     ] GC(728)   Pre Evacuate Collection Set: 0,0ms
[2023-11-08T18:54:16.997+0100][gc,phases     ] GC(728)   Evacuate Collection Set: 1,8ms
[2023-11-08T18:54:16.997+0100][gc,phases     ] GC(728)   Post Evacuate Collection Set: 0,5ms
[2023-11-08T18:54:16.997+0100][gc,phases     ] GC(728)   Other: 0,2ms
[2023-11-08T18:54:16.997+0100][gc,heap       ] GC(728) Eden regions: 370->0(47)
[2023-11-08T18:54:16.997+0100][gc,heap       ] GC(728) Survivor regions: 3->4(47)
[2023-11-08T18:54:16.997+0100][gc,heap       ] GC(728) Old regions: 86->86
[2023-11-08T18:54:16.997+0100][gc,heap       ] GC(728) Humongous regions: 129->129
[2023-11-08T18:54:16.997+0100][gc,metaspace  ] GC(728) Metaspace: 48221K(52224K)->48221K(52224K) NonClass: 42264K(44544K)->42264K(44544K) Class: 5956K(7680K)->5956K(7680K)
[2023-11-08T18:54:16.997+0100][gc            ] GC(728) Pause Young (Normal) (G1 Evacuation Pause) 586M->217M(1024M) 2,626ms
[2023-11-08T18:54:16.997+0100][gc,cpu        ] GC(728) User=0,01s Sys=0,01s Real=0,01s
[2023-11-08T18:54:17.160+0100][gc,start      ] GC(729) Pause Young (Normal) (G1 Evacuation Pause)
[2023-11-08T18:54:17.160+0100][gc,task       ] GC(729) Using 13 workers of 13 for evacuation
[2023-11-08T18:54:17.162+0100][gc,phases     ] GC(729)   Pre Evacuate Collection Set: 0,0ms
[2023-11-08T18:54:17.163+0100][gc,phases     ] GC(729)   Evacuate Collection Set: 1,9ms
[2023-11-08T18:54:17.163+0100][gc,phases     ] GC(729)   Post Evacuate Collection Set: 0,4ms
[2023-11-08T18:54:17.163+0100][gc,phases     ] GC(729)   Other: 0,2ms
[2023-11-08T18:54:17.163+0100][gc,heap       ] GC(729) Eden regions: 47->0(150)
[2023-11-08T18:54:17.163+0100][gc,heap       ] GC(729) Survivor regions: 4->3(7)
[2023-11-08T18:54:17.163+0100][gc,heap       ] GC(729) Old regions: 86->88
[2023-11-08T18:54:17.163+0100][gc,heap       ] GC(729) Humongous regions: 129->129
[2023-11-08T18:54:17.163+0100][gc,metaspace  ] GC(729) Metaspace: 48221K(52224K)->48221K(52224K) NonClass: 42264K(44544K)->42264K(44544K) Class: 5956K(7680K)->5956K(7680K)
[2023-11-08T18:54:17.163+0100][gc            ] GC(729) Pause Young (Normal) (G1 Evacuation Pause) 264M->217M(1024M) 2,638ms
[2023-11-08T18:54:17.163+0100][gc,cpu        ] GC(729) User=0,01s Sys=0,01s Real=0,01s
[2023-11-08T18:54:17.666+0100][gc,start      ] GC(730) Pause Young (Normal) (G1 Evacuation Pause)
[2023-11-08T18:54:17.666+0100][gc,task       ] GC(730) Using 13 workers of 13 for evacuation
[2023-11-08T18:54:17.668+0100][gc,phases     ] GC(730)   Pre Evacuate Collection Set: 0,0ms
[2023-11-08T18:54:17.668+0100][gc,phases     ] GC(730)   Evacuate Collection Set: 1,4ms
[2023-11-08T18:54:17.668+0100][gc,phases     ] GC(730)   Post Evacuate Collection Set: 0,5ms
[2023-11-08T18:54:17.668+0100][gc,phases     ] GC(730)   Other: 0,2ms
[2023-11-08T18:54:17.668+0100][gc,heap       ] GC(730) Eden regions: 150->0(229)
[2023-11-08T18:54:17.668+0100][gc,heap       ] GC(730) Survivor regions: 3->3(20)
[2023-11-08T18:54:17.668+0100][gc,heap       ] GC(730) Old regions: 88->88
[2023-11-08T18:54:17.668+0100][gc,heap       ] GC(730) Humongous regions: 129->129
[2023-11-08T18:54:17.668+0100][gc,metaspace  ] GC(730) Metaspace: 48221K(52224K)->48221K(52224K) NonClass: 42264K(44544K)->42264K(44544K) Class: 5956K(7680K)->5956K(7680K)
[2023-11-08T18:54:17.668+0100][gc            ] GC(730) Pause Young (Normal) (G1 Evacuation Pause) 367M->217M(1024M) 2,270ms
[2023-11-08T18:54:17.668+0100][gc,cpu        ] GC(730) User=0,02s Sys=0,00s Real=0,00s
[2023-11-08T18:54:18.427+0100][gc,start      ] GC(731) Pause Young (Normal) (G1 Evacuation Pause)
[2023-11-08T18:54:18.427+0100][gc,task       ] GC(731) Using 13 workers of 13 for evacuation
[2023-11-08T18:54:18.429+0100][gc,phases     ] GC(731)   Pre Evacuate Collection Set: 0,0ms
[2023-11-08T18:54:18.429+0100][gc,phases     ] GC(731)   Evacuate Collection Set: 1,7ms
[2023-11-08T18:54:18.429+0100][gc,phases     ] GC(731)   Post Evacuate Collection Set: 0,5ms
[2023-11-08T18:54:18.429+0100][gc,phases     ] GC(731)   Other: 0,2ms
[2023-11-08T18:54:18.429+0100][gc,heap       ] GC(731) Eden regions: 229->0(311)
[2023-11-08T18:54:18.429+0100][gc,heap       ] GC(731) Survivor regions: 3->4(29)
[2023-11-08T18:54:18.429+0100][gc,heap       ] GC(731) Old regions: 88->88
[2023-11-08T18:54:18.429+0100][gc,heap       ] GC(731) Humongous regions: 129->129
[2023-11-08T18:54:18.429+0100][gc,metaspace  ] GC(731) Metaspace: 48221K(52224K)->48221K(52224K) NonClass: 42264K(44544K)->42264K(44544K) Class: 5956K(7680K)->5956K(7680K)
[2023-11-08T18:54:18.429+0100][gc            ] GC(731) Pause Young (Normal) (G1 Evacuation Pause) 446M->218M(1024M) 2,477ms
[2023-11-08T18:54:18.429+0100][gc,cpu        ] GC(731) User=0,01s Sys=0,01s Real=0,00s
[2023-11-08T18:54:19.447+0100][gc,start      ] GC(732) Pause Young (Normal) (G1 Evacuation Pause)
[2023-11-08T18:54:19.447+0100][gc,task       ] GC(732) Using 13 workers of 13 for evacuation
[2023-11-08T18:54:19.450+0100][gc,phases     ] GC(732)   Pre Evacuate Collection Set: 0,0ms
[2023-11-08T18:54:19.450+0100][gc,phases     ] GC(732)   Evacuate Collection Set: 2,3ms
[2023-11-08T18:54:19.450+0100][gc,phases     ] GC(732)   Post Evacuate Collection Set: 0,6ms
[2023-11-08T18:54:19.450+0100][gc,phases     ] GC(732)   Other: 0,2ms
[2023-11-08T18:54:19.450+0100][gc,heap       ] GC(732) Eden regions: 311->0(386)
[2023-11-08T18:54:19.450+0100][gc,heap       ] GC(732) Survivor regions: 4->5(40)
[2023-11-08T18:54:19.450+0100][gc,heap       ] GC(732) Old regions: 88->88
[2023-11-08T18:54:19.450+0100][gc,heap       ] GC(732) Humongous regions: 129->129
[2023-11-08T18:54:19.450+0100][gc,metaspace  ] GC(732) Metaspace: 48221K(52224K)->48221K(52224K) NonClass: 42264K(44544K)->42264K(44544K) Class: 5956K(7680K)->5956K(7680K)
[2023-11-08T18:54:19.450+0100][gc            ] GC(732) Pause Young (Normal) (G1 Evacuation Pause) 529M->219M(1024M) 3,269ms
[2023-11-08T18:54:19.450+0100][gc,cpu        ] GC(732) User=0,02s Sys=0,02s Real=0,00s
[2023-11-08T18:54:20.779+0100][gc,start      ] GC(733) Pause Young (Normal) (G1 Evacuation Pause)
[2023-11-08T18:54:20.779+0100][gc,task       ] GC(733) Using 13 workers of 13 for evacuation
[2023-11-08T18:54:20.782+0100][gc,phases     ] GC(733)   Pre Evacuate Collection Set: 0,0ms
[2023-11-08T18:54:20.782+0100][gc,phases     ] GC(733)   Evacuate Collection Set: 2,7ms
[2023-11-08T18:54:20.782+0100][gc,phases     ] GC(733)   Post Evacuate Collection Set: 0,6ms
[2023-11-08T18:54:20.782+0100][gc,phases     ] GC(733)   Other: 0,3ms
[2023-11-08T18:54:20.782+0100][gc,heap       ] GC(733) Eden regions: 386->0(426)
[2023-11-08T18:54:20.782+0100][gc,heap       ] GC(733) Survivor regions: 5->6(49)
[2023-11-08T18:54:20.782+0100][gc,heap       ] GC(733) Old regions: 88->88
[2023-11-08T18:54:20.782+0100][gc,heap       ] GC(733) Humongous regions: 129->129
[2023-11-08T18:54:20.782+0100][gc,metaspace  ] GC(733) Metaspace: 48221K(52224K)->48221K(52224K) NonClass: 42264K(44544K)->42264K(44544K) Class: 5956K(7680K)->5956K(7680K)
[2023-11-08T18:54:20.782+0100][gc            ] GC(733) Pause Young (Normal) (G1 Evacuation Pause) 605M->220M(1024M) 3,780ms
[2023-11-08T18:54:20.782+0100][gc,cpu        ] GC(733) User=0,02s Sys=0,02s Real=0,00s
[2023-11-08T18:54:22.211+0100][gc,start      ] GC(734) Pause Young (Concurrent Start) (G1 Evacuation Pause)
[2023-11-08T18:54:22.211+0100][gc,task       ] GC(734) Using 13 workers of 13 for evacuation
[2023-11-08T18:54:22.216+0100][gc,phases     ] GC(734)   Pre Evacuate Collection Set: 0,2ms
[2023-11-08T18:54:22.216+0100][gc,phases     ] GC(734)   Evacuate Collection Set: 3,3ms
[2023-11-08T18:54:22.216+0100][gc,phases     ] GC(734)   Post Evacuate Collection Set: 0,5ms
[2023-11-08T18:54:22.216+0100][gc,phases     ] GC(734)   Other: 0,3ms
[2023-11-08T18:54:22.216+0100][gc,heap       ] GC(734) Eden regions: 426->0(457)
[2023-11-08T18:54:22.216+0100][gc,heap       ] GC(734) Survivor regions: 6->8(54)
[2023-11-08T18:54:22.216+0100][gc,heap       ] GC(734) Old regions: 88->88
[2023-11-08T18:54:22.216+0100][gc,heap       ] GC(734) Humongous regions: 129->129
[2023-11-08T18:54:22.216+0100][gc,metaspace  ] GC(734) Metaspace: 48221K(52224K)->48221K(52224K) NonClass: 42264K(44544K)->42264K(44544K) Class: 5956K(7680K)->5956K(7680K)
[2023-11-08T18:54:22.216+0100][gc            ] GC(734) Pause Young (Concurrent Start) (G1 Evacuation Pause) 646M->221M(1024M) 4,398ms
[2023-11-08T18:54:22.216+0100][gc,cpu        ] GC(734) User=0,02s Sys=0,02s Real=0,01s
[2023-11-08T18:54:22.216+0100][gc            ] GC(735) Concurrent Cycle
[2023-11-08T18:54:22.216+0100][gc,marking    ] GC(735) Concurrent Clear Claimed Marks
[2023-11-08T18:54:22.216+0100][gc,marking    ] GC(735) Concurrent Clear Claimed Marks 0,377ms
[2023-11-08T18:54:22.216+0100][gc,marking    ] GC(735) Concurrent Scan Root Regions
[2023-11-08T18:54:22.219+0100][gc,marking    ] GC(735) Concurrent Scan Root Regions 2,405ms
[2023-11-08T18:54:22.219+0100][gc,marking    ] GC(735) Concurrent Mark (5933,827s)
[2023-11-08T18:54:22.219+0100][gc,marking    ] GC(735) Concurrent Mark From Roots
[2023-11-08T18:54:22.219+0100][gc,task       ] GC(735) Using 3 workers of 3 for marking
[2023-11-08T18:54:22.242+0100][gc,marking    ] GC(735) Concurrent Mark From Roots 23,092ms
[2023-11-08T18:54:22.242+0100][gc,marking    ] GC(735) Concurrent Preclean
[2023-11-08T18:54:22.242+0100][gc,marking    ] GC(735) Concurrent Preclean 0,225ms
[2023-11-08T18:54:22.242+0100][gc,marking    ] GC(735) Concurrent Mark (5933,827s, 5933,851s) 23,380ms
[2023-11-08T18:54:22.242+0100][gc,start      ] GC(735) Pause Remark
[2023-11-08T18:54:22.246+0100][gc,stringtable] GC(735) Cleaned string and symbol table, strings: 18387 processed, 0 removed, symbols: 94772 processed, 0 removed
[2023-11-08T18:54:22.246+0100][gc            ] GC(735) Pause Remark 230M->230M(1024M) 3,683ms
[2023-11-08T18:54:22.246+0100][gc,cpu        ] GC(735) User=0,02s Sys=0,02s Real=0,01s
[2023-11-08T18:54:22.246+0100][gc,marking    ] GC(735) Concurrent Rebuild Remembered Sets
[2023-11-08T18:54:22.261+0100][gc,marking    ] GC(735) Concurrent Rebuild Remembered Sets 14,871ms
[2023-11-08T18:54:22.261+0100][gc,start      ] GC(735) Pause Cleanup
[2023-11-08T18:54:22.261+0100][gc            ] GC(735) Pause Cleanup 235M->235M(1024M) 0,174ms
[2023-11-08T18:54:22.261+0100][gc,cpu        ] GC(735) User=0,00s Sys=0,00s Real=0,00s
[2023-11-08T18:54:22.261+0100][gc,marking    ] GC(735) Concurrent Cleanup for Next Mark
[2023-11-08T18:54:22.263+0100][gc,marking    ] GC(735) Concurrent Cleanup for Next Mark 1,811ms
[2023-11-08T18:54:22.263+0100][gc            ] GC(735) Concurrent Cycle 47,326ms
[2023-11-08T18:54:22.491+0100][gc,start      ] GC(736) Pause Young (Prepare Mixed) (G1 Evacuation Pause)
[2023-11-08T18:54:22.491+0100][gc,task       ] GC(736) Using 13 workers of 13 for evacuation
[2023-11-08T18:54:22.496+0100][gc,phases     ] GC(736)   Pre Evacuate Collection Set: 0,0ms
[2023-11-08T18:54:22.496+0100][gc,phases     ] GC(736)   Evacuate Collection Set: 4,1ms
[2023-11-08T18:54:22.496+0100][gc,phases     ] GC(736)   Post Evacuate Collection Set: 0,5ms
[2023-11-08T18:54:22.496+0100][gc,phases     ] GC(736)   Other: 0,3ms
[2023-11-08T18:54:22.496+0100][gc,heap       ] GC(736) Eden regions: 84->0(44)
[2023-11-08T18:54:22.496+0100][gc,heap       ] GC(736) Survivor regions: 8->7(12)
[2023-11-08T18:54:22.496+0100][gc,heap       ] GC(736) Old regions: 88->89
[2023-11-08T18:54:22.496+0100][gc,heap       ] GC(736) Humongous regions: 129->129
[2023-11-08T18:54:22.496+0100][gc,metaspace  ] GC(736) Metaspace: 48221K(52224K)->48221K(52224K) NonClass: 42264K(44544K)->42264K(44544K) Class: 5956K(7680K)->5956K(7680K)
[2023-11-08T18:54:22.496+0100][gc            ] GC(736) Pause Young (Prepare Mixed) (G1 Evacuation Pause) 305M->222M(1024M) 5,027ms
[2023-11-08T18:54:22.496+0100][gc,cpu        ] GC(736) User=0,03s Sys=0,02s Real=0,01s
[2023-11-08T18:54:22.638+0100][gc,start      ] GC(737) Pause Young (Mixed) (G1 Evacuation Pause)
[2023-11-08T18:54:22.638+0100][gc,task       ] GC(737) Using 13 workers of 13 for evacuation
[2023-11-08T18:54:22.643+0100][gc,phases     ] GC(737)   Pre Evacuate Collection Set: 0,0ms
[2023-11-08T18:54:22.643+0100][gc,phases     ] GC(737)   Evacuate Collection Set: 3,8ms
[2023-11-08T18:54:22.643+0100][gc,phases     ] GC(737)   Post Evacuate Collection Set: 0,5ms
[2023-11-08T18:54:22.643+0100][gc,phases     ] GC(737)   Other: 0,3ms
[2023-11-08T18:54:22.643+0100][gc,heap       ] GC(737) Eden regions: 44->0(425)
[2023-11-08T18:54:22.643+0100][gc,heap       ] GC(737) Survivor regions: 7->3(7)
[2023-11-08T18:54:22.643+0100][gc,heap       ] GC(737) Old regions: 89->91
[2023-11-08T18:54:22.643+0100][gc,heap       ] GC(737) Humongous regions: 129->129
[2023-11-08T18:54:22.643+0100][gc,metaspace  ] GC(737) Metaspace: 48221K(52224K)->48221K(52224K) NonClass: 42264K(44544K)->42264K(44544K) Class: 5956K(7680K)->5956K(7680K)
[2023-11-08T18:54:22.643+0100][gc            ] GC(737) Pause Young (Mixed) (G1 Evacuation Pause) 266M->221M(1024M) 4,767ms
[2023-11-08T18:54:22.643+0100][gc,cpu        ] GC(737) User=0,05s Sys=0,00s Real=0,01s
[2023-11-08T18:54:24.002+0100][gc,start      ] GC(738) Pause Young (Normal) (G1 Evacuation Pause)
[2023-11-08T18:54:24.002+0100][gc,task       ] GC(738) Using 13 workers of 13 for evacuation
[2023-11-08T18:54:24.006+0100][gc,phases     ] GC(738)   Pre Evacuate Collection Set: 0,0ms
[2023-11-08T18:54:24.006+0100][gc,phases     ] GC(738)   Evacuate Collection Set: 2,5ms
[2023-11-08T18:54:24.006+0100][gc,phases     ] GC(738)   Post Evacuate Collection Set: 0,7ms
[2023-11-08T18:54:24.006+0100][gc,phases     ] GC(738)   Other: 0,3ms
[2023-11-08T18:54:24.006+0100][gc,heap       ] GC(738) Eden regions: 425->0(439)
[2023-11-08T18:54:24.006+0100][gc,heap       ] GC(738) Survivor regions: 3->4(54)
[2023-11-08T18:54:24.006+0100][gc,heap       ] GC(738) Old regions: 91->91
[2023-11-08T18:54:24.006+0100][gc,heap       ] GC(738) Humongous regions: 129->129
[2023-11-08T18:54:24.006+0100][gc,metaspace  ] GC(738) Metaspace: 48221K(52224K)->48221K(52224K) NonClass: 42264K(44544K)->42264K(44544K) Class: 5956K(7680K)->5956K(7680K)
[2023-11-08T18:54:24.006+0100][gc            ] GC(738) Pause Young (Normal) (G1 Evacuation Pause) 646M->222M(1024M) 3,713ms
[2023-11-08T18:54:24.006+0100][gc,cpu        ] GC(738) User=0,03s Sys=0,00s Real=0,01s
[2023-11-08T18:54:25.390+0100][gc,start      ] GC(739) Pause Young (Normal) (G1 Evacuation Pause)
[2023-11-08T18:54:25.390+0100][gc,task       ] GC(739) Using 13 workers of 13 for evacuation
[2023-11-08T18:54:25.395+0100][gc,phases     ] GC(739)   Pre Evacuate Collection Set: 0,0ms
[2023-11-08T18:54:25.395+0100][gc,phases     ] GC(739)   Evacuate Collection Set: 4,0ms
[2023-11-08T18:54:25.395+0100][gc,phases     ] GC(739)   Post Evacuate Collection Set: 0,6ms
[2023-11-08T18:54:25.395+0100][gc,phases     ] GC(739)   Other: 0,3ms
[2023-11-08T18:54:25.395+0100][gc,heap       ] GC(739) Eden regions: 439->0(456)
[2023-11-08T18:54:25.395+0100][gc,heap       ] GC(739) Survivor regions: 4->5(56)
[2023-11-08T18:54:25.395+0100][gc,heap       ] GC(739) Old regions: 91->91
[2023-11-08T18:54:25.395+0100][gc,heap       ] GC(739) Humongous regions: 129->129
[2023-11-08T18:54:25.395+0100][gc,metaspace  ] GC(739) Metaspace: 48221K(52224K)->48221K(52224K) NonClass: 42264K(44544K)->42264K(44544K) Class: 5956K(7680K)->5956K(7680K)
[2023-11-08T18:54:25.395+0100][gc            ] GC(739) Pause Young (Normal) (G1 Evacuation Pause) 661M->223M(1024M) 5,096ms
[2023-11-08T18:54:25.395+0100][gc,cpu        ] GC(739) User=0,04s Sys=0,00s Real=0,01s
[2023-11-08T18:54:26.962+0100][gc,start      ] GC(740) Pause Young (Concurrent Start) (G1 Evacuation Pause)
[2023-11-08T18:54:26.962+0100][gc,task       ] GC(740) Using 13 workers of 13 for evacuation
[2023-11-08T18:54:26.968+0100][gc,phases     ] GC(740)   Pre Evacuate Collection Set: 0,2ms
[2023-11-08T18:54:26.968+0100][gc,phases     ] GC(740)   Evacuate Collection Set: 4,8ms
[2023-11-08T18:54:26.968+0100][gc,phases     ] GC(740)   Post Evacuate Collection Set: 0,7ms
[2023-11-08T18:54:26.968+0100][gc,phases     ] GC(740)   Other: 0,3ms
[2023-11-08T18:54:26.968+0100][gc,heap       ] GC(740) Eden regions: 456->0(478)
[2023-11-08T18:54:26.968+0100][gc,heap       ] GC(740) Survivor regions: 5->7(58)
[2023-11-08T18:54:26.968+0100][gc,heap       ] GC(740) Old regions: 91->91
[2023-11-08T18:54:26.968+0100][gc,heap       ] GC(740) Humongous regions: 129->129
[2023-11-08T18:54:26.968+0100][gc,metaspace  ] GC(740) Metaspace: 48221K(52224K)->48221K(52224K) NonClass: 42264K(44544K)->42264K(44544K) Class: 5956K(7680K)->5956K(7680K)
[2023-11-08T18:54:26.968+0100][gc            ] GC(740) Pause Young (Concurrent Start) (G1 Evacuation Pause) 679M->225M(1024M) 6,195ms
[2023-11-08T18:54:26.968+0100][gc,cpu        ] GC(740) User=0,02s Sys=0,02s Real=0,01s
[2023-11-08T18:54:26.968+0100][gc            ] GC(741) Concurrent Cycle
[2023-11-08T18:54:26.968+0100][gc,marking    ] GC(741) Concurrent Clear Claimed Marks
[2023-11-08T18:54:26.968+0100][gc,marking    ] GC(741) Concurrent Clear Claimed Marks 0,169ms
[2023-11-08T18:54:26.968+0100][gc,marking    ] GC(741) Concurrent Scan Root Regions
[2023-11-08T18:54:26.970+0100][gc,marking    ] GC(741) Concurrent Scan Root Regions 1,833ms
[2023-11-08T18:54:26.970+0100][gc,marking    ] GC(741) Concurrent Mark (5938,579s)
[2023-11-08T18:54:26.970+0100][gc,marking    ] GC(741) Concurrent Mark From Roots
[2023-11-08T18:54:26.970+0100][gc,task       ] GC(741) Using 3 workers of 3 for marking
[2023-11-08T18:54:26.994+0100][gc,marking    ] GC(741) Concurrent Mark From Roots 23,312ms
[2023-11-08T18:54:26.994+0100][gc,marking    ] GC(741) Concurrent Preclean
[2023-11-08T18:54:26.994+0100][gc,marking    ] GC(741) Concurrent Preclean 0,280ms
[2023-11-08T18:54:26.994+0100][gc,marking    ] GC(741) Concurrent Mark (5938,579s, 5938,603s) 23,660ms
[2023-11-08T18:54:26.994+0100][gc,start      ] GC(741) Pause Remark
[2023-11-08T18:54:26.998+0100][gc,stringtable] GC(741) Cleaned string and symbol table, strings: 18387 processed, 0 removed, symbols: 94772 processed, 0 removed
[2023-11-08T18:54:26.998+0100][gc            ] GC(741) Pause Remark 236M->236M(1024M) 3,671ms
[2023-11-08T18:54:26.998+0100][gc,cpu        ] GC(741) User=0,02s Sys=0,02s Real=0,01s
[2023-11-08T18:54:26.998+0100][gc,marking    ] GC(741) Concurrent Rebuild Remembered Sets
[2023-11-08T18:54:27.013+0100][gc,marking    ] GC(741) Concurrent Rebuild Remembered Sets 15,470ms
[2023-11-08T18:54:27.014+0100][gc,start      ] GC(741) Pause Cleanup
[2023-11-08T18:54:27.014+0100][gc            ] GC(741) Pause Cleanup 243M->243M(1024M) 0,196ms
[2023-11-08T18:54:27.014+0100][gc,cpu        ] GC(741) User=0,00s Sys=0,00s Real=0,00s
[2023-11-08T18:54:27.014+0100][gc,marking    ] GC(741) Concurrent Cleanup for Next Mark
[2023-11-08T18:54:27.016+0100][gc,marking    ] GC(741) Concurrent Cleanup for Next Mark 1,973ms
[2023-11-08T18:54:27.016+0100][gc            ] GC(741) Concurrent Cycle 47,595ms
[2023-11-08T18:54:27.293+0100][gc,start      ] GC(742) Pause Young (Normal) (G1 Evacuation Pause)
[2023-11-08T18:54:27.293+0100][gc,task       ] GC(742) Using 13 workers of 13 for evacuation
[2023-11-08T18:54:27.297+0100][gc,phases     ] GC(742)   Pre Evacuate Collection Set: 0,0ms
[2023-11-08T18:54:27.297+0100][gc,phases     ] GC(742)   Evacuate Collection Set: 3,9ms
[2023-11-08T18:54:27.297+0100][gc,phases     ] GC(742)   Post Evacuate Collection Set: 0,5ms
[2023-11-08T18:54:27.297+0100][gc,phases     ] GC(742)   Other: 0,2ms
[2023-11-08T18:54:27.297+0100][gc,heap       ] GC(742) Eden regions: 97->0(244)
[2023-11-08T18:54:27.298+0100][gc,heap       ] GC(742) Survivor regions: 7->7(13)
[2023-11-08T18:54:27.298+0100][gc,heap       ] GC(742) Old regions: 91->91
[2023-11-08T18:54:27.298+0100][gc,heap       ] GC(742) Humongous regions: 129->129
[2023-11-08T18:54:27.298+0100][gc,metaspace  ] GC(742) Metaspace: 48221K(52224K)->48221K(52224K) NonClass: 42264K(44544K)->42264K(44544K) Class: 5956K(7680K)->5956K(7680K)
[2023-11-08T18:54:27.298+0100][gc            ] GC(742) Pause Young (Normal) (G1 Evacuation Pause) 322M->225M(1024M) 4,823ms
[2023-11-08T18:54:27.298+0100][gc,cpu        ] GC(742) User=0,04s Sys=0,00s Real=0,01s
[2023-11-08T18:54:28.102+0100][gc,start      ] GC(743) Pause Young (Concurrent Start) (G1 Evacuation Pause)
[2023-11-08T18:54:28.102+0100][gc,task       ] GC(743) Using 13 workers of 13 for evacuation
[2023-11-08T18:54:28.106+0100][gc,phases     ] GC(743)   Pre Evacuate Collection Set: 0,2ms
[2023-11-08T18:54:28.106+0100][gc,phases     ] GC(743)   Evacuate Collection Set: 3,2ms
[2023-11-08T18:54:28.106+0100][gc,phases     ] GC(743)   Post Evacuate Collection Set: 0,5ms
[2023-11-08T18:54:28.106+0100][gc,phases     ] GC(743)   Other: 0,2ms
[2023-11-08T18:54:28.106+0100][gc,heap       ] GC(743) Eden regions: 244->0(321)
[2023-11-08T18:54:28.106+0100][gc,heap       ] GC(743) Survivor regions: 7->8(32)
[2023-11-08T18:54:28.106+0100][gc,heap       ] GC(743) Old regions: 91->91
[2023-11-08T18:54:28.106+0100][gc,heap       ] GC(743) Humongous regions: 129->129
[2023-11-08T18:54:28.106+0100][gc,metaspace  ] GC(743) Metaspace: 48221K(52224K)->48221K(52224K) NonClass: 42264K(44544K)->42264K(44544K) Class: 5956K(7680K)->5956K(7680K)
[2023-11-08T18:54:28.106+0100][gc            ] GC(743) Pause Young (Concurrent Start) (G1 Evacuation Pause) 469M->226M(1024M) 4,234ms
[2023-11-08T18:54:28.106+0100][gc,cpu        ] GC(743) User=0,04s Sys=0,00s Real=0,01s
[2023-11-08T18:54:28.106+0100][gc            ] GC(744) Concurrent Cycle
[2023-11-08T18:54:28.107+0100][gc,marking    ] GC(744) Concurrent Clear Claimed Marks
[2023-11-08T18:54:28.107+0100][gc,marking    ] GC(744) Concurrent Clear Claimed Marks 0,381ms
[2023-11-08T18:54:28.107+0100][gc,marking    ] GC(744) Concurrent Scan Root Regions
[2023-11-08T18:54:28.109+0100][gc,marking    ] GC(744) Concurrent Scan Root Regions 1,871ms
[2023-11-08T18:54:28.109+0100][gc,marking    ] GC(744) Concurrent Mark (5939,717s)
[2023-11-08T18:54:28.109+0100][gc,marking    ] GC(744) Concurrent Mark From Roots
[2023-11-08T18:54:28.109+0100][gc,task       ] GC(744) Using 3 workers of 3 for marking
[2023-11-08T18:54:28.136+0100][gc,marking    ] GC(744) Concurrent Mark From Roots 26,893ms
[2023-11-08T18:54:28.136+0100][gc,marking    ] GC(744) Concurrent Preclean
[2023-11-08T18:54:28.136+0100][gc,marking    ] GC(744) Concurrent Preclean 0,269ms
[2023-11-08T18:54:28.136+0100][gc,marking    ] GC(744) Concurrent Mark (5939,717s, 5939,745s) 27,222ms
[2023-11-08T18:54:28.136+0100][gc,start      ] GC(744) Pause Remark
[2023-11-08T18:54:28.139+0100][gc,stringtable] GC(744) Cleaned string and symbol table, strings: 18387 processed, 0 removed, symbols: 94772 processed, 0 removed
[2023-11-08T18:54:28.139+0100][gc            ] GC(744) Pause Remark 236M->236M(1024M) 3,248ms
[2023-11-08T18:54:28.139+0100][gc,cpu        ] GC(744) User=0,04s Sys=0,00s Real=0,00s
[2023-11-08T18:54:28.139+0100][gc,marking    ] GC(744) Concurrent Rebuild Remembered Sets
[2023-11-08T18:54:28.158+0100][gc,marking    ] GC(744) Concurrent Rebuild Remembered Sets 18,307ms
[2023-11-08T18:54:28.158+0100][gc,start      ] GC(744) Pause Cleanup
[2023-11-08T18:54:28.158+0100][gc            ] GC(744) Pause Cleanup 242M->242M(1024M) 0,203ms
[2023-11-08T18:54:28.158+0100][gc,cpu        ] GC(744) User=0,00s Sys=0,00s Real=0,00s
[2023-11-08T18:54:28.158+0100][gc,marking    ] GC(744) Concurrent Cleanup for Next Mark
[2023-11-08T18:54:28.160+0100][gc,marking    ] GC(744) Concurrent Cleanup for Next Mark 1,879ms
[2023-11-08T18:54:28.160+0100][gc            ] GC(744) Concurrent Cycle 53,689ms
[2023-11-08T18:54:28.248+0100][gc,start      ] GC(745) Pause Young (Normal) (G1 Evacuation Pause)
[2023-11-08T18:54:28.248+0100][gc,task       ] GC(745) Using 13 workers of 13 for evacuation
[2023-11-08T18:54:28.254+0100][gc,phases     ] GC(745)   Pre Evacuate Collection Set: 0,0ms
[2023-11-08T18:54:28.255+0100][gc,phases     ] GC(745)   Evacuate Collection Set: 5,4ms
[2023-11-08T18:54:28.255+0100][gc,phases     ] GC(745)   Post Evacuate Collection Set: 0,5ms
[2023-11-08T18:54:28.255+0100][gc,phases     ] GC(745)   Other: 0,2ms
[2023-11-08T18:54:28.255+0100][gc,heap       ] GC(745) Eden regions: 43->0(270)
[2023-11-08T18:54:28.255+0100][gc,heap       ] GC(745) Survivor regions: 8->4(7)
[2023-11-08T18:54:28.255+0100][gc,heap       ] GC(745) Old regions: 91->96
[2023-11-08T18:54:28.255+0100][gc,heap       ] GC(745) Humongous regions: 129->129
[2023-11-08T18:54:28.255+0100][gc,metaspace  ] GC(745) Metaspace: 48221K(52224K)->48221K(52224K) NonClass: 42264K(44544K)->42264K(44544K) Class: 5956K(7680K)->5956K(7680K)
[2023-11-08T18:54:28.255+0100][gc            ] GC(745) Pause Young (Normal) (G1 Evacuation Pause) 269M->226M(1024M) 6,355ms
[2023-11-08T18:54:28.255+0100][gc,cpu        ] GC(745) User=0,05s Sys=0,00s Real=0,01s
[2023-11-08T18:54:29.148+0100][gc,start      ] GC(746) Pause Young (Normal) (G1 Evacuation Pause)
[2023-11-08T18:54:29.148+0100][gc,task       ] GC(746) Using 13 workers of 13 for evacuation
[2023-11-08T18:54:29.151+0100][gc,phases     ] GC(746)   Pre Evacuate Collection Set: 0,0ms
[2023-11-08T18:54:29.151+0100][gc,phases     ] GC(746)   Evacuate Collection Set: 2,3ms
[2023-11-08T18:54:29.151+0100][gc,phases     ] GC(746)   Post Evacuate Collection Set: 0,6ms
[2023-11-08T18:54:29.151+0100][gc,phases     ] GC(746)   Other: 0,3ms
[2023-11-08T18:54:29.151+0100][gc,heap       ] GC(746) Eden regions: 270->0(337)
[2023-11-08T18:54:29.151+0100][gc,heap       ] GC(746) Survivor regions: 4->4(35)
[2023-11-08T18:54:29.151+0100][gc,heap       ] GC(746) Old regions: 96->96
[2023-11-08T18:54:29.151+0100][gc,heap       ] GC(746) Humongous regions: 129->129
[2023-11-08T18:54:29.151+0100][gc,metaspace  ] GC(746) Metaspace: 48221K(52224K)->48221K(52224K) NonClass: 42264K(44544K)->42264K(44544K) Class: 5956K(7680K)->5956K(7680K)
[2023-11-08T18:54:29.151+0100][gc            ] GC(746) Pause Young (Normal) (G1 Evacuation Pause) 496M->226M(1024M) 3,278ms
[2023-11-08T18:54:29.151+0100][gc,cpu        ] GC(746) User=0,01s Sys=0,02s Real=0,00s
[2023-11-08T18:54:30.290+0100][gc,start      ] GC(747) Pause Young (Normal) (G1 Evacuation Pause)
[2023-11-08T18:54:30.290+0100][gc,task       ] GC(747) Using 13 workers of 13 for evacuation
[2023-11-08T18:54:30.294+0100][gc,phases     ] GC(747)   Pre Evacuate Collection Set: 0,0ms
[2023-11-08T18:54:30.294+0100][gc,phases     ] GC(747)   Evacuate Collection Set: 3,2ms
[2023-11-08T18:54:30.294+0100][gc,phases     ] GC(747)   Post Evacuate Collection Set: 0,6ms
[2023-11-08T18:54:30.294+0100][gc,phases     ] GC(747)   Other: 0,3ms
[2023-11-08T18:54:30.294+0100][gc,heap       ] GC(747) Eden regions: 337->0(370)
[2023-11-08T18:54:30.294+0100][gc,heap       ] GC(747) Survivor regions: 4->5(43)
[2023-11-08T18:54:30.294+0100][gc,heap       ] GC(747) Old regions: 96->96
[2023-11-08T18:54:30.294+0100][gc,heap       ] GC(747) Humongous regions: 129->129
[2023-11-08T18:54:30.294+0100][gc,metaspace  ] GC(747) Metaspace: 48221K(52224K)->48221K(52224K) NonClass: 42264K(44544K)->42264K(44544K) Class: 5956K(7680K)->5956K(7680K)
[2023-11-08T18:54:30.294+0100][gc            ] GC(747) Pause Young (Normal) (G1 Evacuation Pause) 563M->227M(1024M) 4,315ms
[2023-11-08T18:54:30.294+0100][gc,cpu        ] GC(747) User=0,04s Sys=0,00s Real=0,00s
[2023-11-08T18:54:31.526+0100][gc,start      ] GC(748) Pause Young (Normal) (G1 Evacuation Pause)
[2023-11-08T18:54:31.526+0100][gc,task       ] GC(748) Using 13 workers of 13 for evacuation
[2023-11-08T18:54:31.530+0100][gc,phases     ] GC(748)   Pre Evacuate Collection Set: 0,0ms
[2023-11-08T18:54:31.530+0100][gc,phases     ] GC(748)   Evacuate Collection Set: 3,3ms
[2023-11-08T18:54:31.530+0100][gc,phases     ] GC(748)   Post Evacuate Collection Set: 0,6ms
[2023-11-08T18:54:31.530+0100][gc,phases     ] GC(748)   Other: 0,2ms
[2023-11-08T18:54:31.530+0100][gc,heap       ] GC(748) Eden regions: 370->0(452)
[2023-11-08T18:54:31.530+0100][gc,heap       ] GC(748) Survivor regions: 5->6(47)
[2023-11-08T18:54:31.530+0100][gc,heap       ] GC(748) Old regions: 96->96
[2023-11-08T18:54:31.530+0100][gc,heap       ] GC(748) Humongous regions: 129->129
[2023-11-08T18:54:31.530+0100][gc,metaspace  ] GC(748) Metaspace: 48221K(52224K)->48221K(52224K) NonClass: 42264K(44544K)->42264K(44544K) Class: 5956K(7680K)->5956K(7680K)
[2023-11-08T18:54:31.530+0100][gc            ] GC(748) Pause Young (Normal) (G1 Evacuation Pause) 597M->228M(1024M) 4,347ms
[2023-11-08T18:54:31.530+0100][gc,cpu        ] GC(748) User=0,04s Sys=0,00s Real=0,00s
[2023-11-08T18:54:33.086+0100][gc,start      ] GC(749) Pause Young (Concurrent Start) (G1 Evacuation Pause)
[2023-11-08T18:54:33.086+0100][gc,task       ] GC(749) Using 13 workers of 13 for evacuation
[2023-11-08T18:54:33.092+0100][gc,phases     ] GC(749)   Pre Evacuate Collection Set: 0,3ms
[2023-11-08T18:54:33.092+0100][gc,phases     ] GC(749)   Evacuate Collection Set: 4,2ms
[2023-11-08T18:54:33.092+0100][gc,phases     ] GC(749)   Post Evacuate Collection Set: 0,6ms
[2023-11-08T18:54:33.092+0100][gc,phases     ] GC(749)   Other: 0,3ms
[2023-11-08T18:54:33.092+0100][gc,heap       ] GC(749) Eden regions: 452->0(481)
[2023-11-08T18:54:33.092+0100][gc,heap       ] GC(749) Survivor regions: 6->8(58)
[2023-11-08T18:54:33.092+0100][gc,heap       ] GC(749) Old regions: 96->96
[2023-11-08T18:54:33.092+0100][gc,heap       ] GC(749) Humongous regions: 129->129
[2023-11-08T18:54:33.092+0100][gc,metaspace  ] GC(749) Metaspace: 48221K(52224K)->48221K(52224K) NonClass: 42264K(44544K)->42264K(44544K) Class: 5956K(7680K)->5956K(7680K)
[2023-11-08T18:54:33.092+0100][gc            ] GC(749) Pause Young (Concurrent Start) (G1 Evacuation Pause) 680M->230M(1024M) 5,578ms
[2023-11-08T18:54:33.092+0100][gc,cpu        ] GC(749) User=0,05s Sys=0,00s Real=0,00s
[2023-11-08T18:54:33.092+0100][gc            ] GC(750) Concurrent Cycle
[2023-11-08T18:54:33.092+0100][gc,marking    ] GC(750) Concurrent Clear Claimed Marks
[2023-11-08T18:54:33.092+0100][gc,marking    ] GC(750) Concurrent Clear Claimed Marks 0,049ms
[2023-11-08T18:54:33.092+0100][gc,marking    ] GC(750) Concurrent Scan Root Regions
[2023-11-08T18:54:33.095+0100][gc,marking    ] GC(750) Concurrent Scan Root Regions 2,876ms
[2023-11-08T18:54:33.095+0100][gc,marking    ] GC(750) Concurrent Mark (5944,704s)
[2023-11-08T18:54:33.095+0100][gc,marking    ] GC(750) Concurrent Mark From Roots
[2023-11-08T18:54:33.095+0100][gc,task       ] GC(750) Using 3 workers of 3 for marking
[2023-11-08T18:54:33.122+0100][gc,marking    ] GC(750) Concurrent Mark From Roots 26,784ms
[2023-11-08T18:54:33.122+0100][gc,marking    ] GC(750) Concurrent Preclean
[2023-11-08T18:54:33.122+0100][gc,marking    ] GC(750) Concurrent Preclean 0,233ms
[2023-11-08T18:54:33.122+0100][gc,marking    ] GC(750) Concurrent Mark (5944,704s, 5944,731s) 27,089ms
[2023-11-08T18:54:33.122+0100][gc,start      ] GC(750) Pause Remark
[2023-11-08T18:54:33.125+0100][gc,stringtable] GC(750) Cleaned string and symbol table, strings: 18387 processed, 0 removed, symbols: 94772 processed, 0 removed
[2023-11-08T18:54:33.125+0100][gc            ] GC(750) Pause Remark 240M->240M(1024M) 3,168ms
[2023-11-08T18:54:33.126+0100][gc,cpu        ] GC(750) User=0,01s Sys=0,02s Real=0,01s
[2023-11-08T18:54:33.126+0100][gc,marking    ] GC(750) Concurrent Rebuild Remembered Sets
[2023-11-08T18:54:33.147+0100][gc,marking    ] GC(750) Concurrent Rebuild Remembered Sets 21,873ms
[2023-11-08T18:54:33.148+0100][gc,start      ] GC(750) Pause Cleanup
[2023-11-08T18:54:33.148+0100][gc            ] GC(750) Pause Cleanup 246M->246M(1024M) 0,235ms
[2023-11-08T18:54:33.148+0100][gc,cpu        ] GC(750) User=0,00s Sys=0,00s Real=0,00s
[2023-11-08T18:54:33.148+0100][gc,marking    ] GC(750) Concurrent Cleanup for Next Mark
[2023-11-08T18:54:33.150+0100][gc,marking    ] GC(750) Concurrent Cleanup for Next Mark 1,974ms
[2023-11-08T18:54:33.150+0100][gc            ] GC(750) Concurrent Cycle 57,979ms
[2023-11-08T18:54:33.299+0100][gc,start      ] GC(751) Pause Young (Normal) (G1 Evacuation Pause)
[2023-11-08T18:54:33.299+0100][gc,task       ] GC(751) Using 13 workers of 13 for evacuation
[2023-11-08T18:54:33.306+0100][gc,phases     ] GC(751)   Pre Evacuate Collection Set: 0,0ms
[2023-11-08T18:54:33.306+0100][gc,phases     ] GC(751)   Evacuate Collection Set: 5,9ms
[2023-11-08T18:54:33.306+0100][gc,phases     ] GC(751)   Post Evacuate Collection Set: 0,4ms
[2023-11-08T18:54:33.306+0100][gc,phases     ] GC(751)   Other: 0,2ms
[2023-11-08T18:54:33.306+0100][gc,heap       ] GC(751) Eden regions: 60->0(388)
[2023-11-08T18:54:33.306+0100][gc,heap       ] GC(751) Survivor regions: 8->5(9)
[2023-11-08T18:54:33.306+0100][gc,heap       ] GC(751) Old regions: 96->99
[2023-11-08T18:54:33.306+0100][gc,heap       ] GC(751) Humongous regions: 129->129
[2023-11-08T18:54:33.306+0100][gc,metaspace  ] GC(751) Metaspace: 48221K(52224K)->48221K(52224K) NonClass: 42264K(44544K)->42264K(44544K) Class: 5956K(7680K)->5956K(7680K)
[2023-11-08T18:54:33.306+0100][gc            ] GC(751) Pause Young (Normal) (G1 Evacuation Pause) 290M->230M(1024M) 6,630ms
[2023-11-08T18:54:33.306+0100][gc,cpu        ] GC(751) User=0,05s Sys=0,01s Real=0,01s
[2023-11-08T18:54:34.604+0100][gc,start      ] GC(752) Pause Young (Concurrent Start) (G1 Evacuation Pause)
[2023-11-08T18:54:34.604+0100][gc,task       ] GC(752) Using 13 workers of 13 for evacuation
[2023-11-08T18:54:34.608+0100][gc,phases     ] GC(752)   Pre Evacuate Collection Set: 0,2ms
[2023-11-08T18:54:34.608+0100][gc,phases     ] GC(752)   Evacuate Collection Set: 3,4ms
[2023-11-08T18:54:34.608+0100][gc,phases     ] GC(752)   Post Evacuate Collection Set: 0,6ms
[2023-11-08T18:54:34.608+0100][gc,phases     ] GC(752)   Other: 0,2ms
[2023-11-08T18:54:34.608+0100][gc,heap       ] GC(752) Eden regions: 388->0(431)
[2023-11-08T18:54:34.608+0100][gc,heap       ] GC(752) Survivor regions: 5->6(50)
[2023-11-08T18:54:34.608+0100][gc,heap       ] GC(752) Old regions: 99->99
[2023-11-08T18:54:34.608+0100][gc,heap       ] GC(752) Humongous regions: 129->129
[2023-11-08T18:54:34.608+0100][gc,metaspace  ] GC(752) Metaspace: 48221K(52224K)->48221K(52224K) NonClass: 42264K(44544K)->42264K(44544K) Class: 5956K(7680K)->5956K(7680K)
[2023-11-08T18:54:34.608+0100][gc            ] GC(752) Pause Young (Concurrent Start) (G1 Evacuation Pause) 618M->231M(1024M) 4,494ms
[2023-11-08T18:54:34.608+0100][gc,cpu        ] GC(752) User=0,04s Sys=0,00s Real=0,00s
[2023-11-08T18:54:34.609+0100][gc            ] GC(753) Concurrent Cycle
[2023-11-08T18:54:34.609+0100][gc,marking    ] GC(753) Concurrent Clear Claimed Marks
[2023-11-08T18:54:34.609+0100][gc,marking    ] GC(753) Concurrent Clear Claimed Marks 0,355ms
[2023-11-08T18:54:34.609+0100][gc,marking    ] GC(753) Concurrent Scan Root Regions
[2023-11-08T18:54:34.612+0100][gc,marking    ] GC(753) Concurrent Scan Root Regions 3,099ms
[2023-11-08T18:54:34.612+0100][gc,marking    ] GC(753) Concurrent Mark (5946,221s)
[2023-11-08T18:54:34.612+0100][gc,marking    ] GC(753) Concurrent Mark From Roots
[2023-11-08T18:54:34.612+0100][gc,task       ] GC(753) Using 3 workers of 3 for marking
[2023-11-08T18:54:34.644+0100][gc,marking    ] GC(753) Concurrent Mark From Roots 32,323ms
[2023-11-08T18:54:34.644+0100][gc,marking    ] GC(753) Concurrent Preclean
[2023-11-08T18:54:34.645+0100][gc,marking    ] GC(753) Concurrent Preclean 0,171ms
[2023-11-08T18:54:34.645+0100][gc,marking    ] GC(753) Concurrent Mark (5946,221s, 5946,253s) 32,545ms
[2023-11-08T18:54:34.645+0100][gc,start      ] GC(753) Pause Remark
[2023-11-08T18:54:34.648+0100][gc,stringtable] GC(753) Cleaned string and symbol table, strings: 18387 processed, 0 removed, symbols: 94772 processed, 0 removed
[2023-11-08T18:54:34.648+0100][gc            ] GC(753) Pause Remark 243M->243M(1024M) 3,213ms
[2023-11-08T18:54:34.648+0100][gc,cpu        ] GC(753) User=0,03s Sys=0,00s Real=0,00s
[2023-11-08T18:54:34.648+0100][gc,marking    ] GC(753) Concurrent Rebuild Remembered Sets
[2023-11-08T18:54:34.670+0100][gc,marking    ] GC(753) Concurrent Rebuild Remembered Sets 22,290ms
[2023-11-08T18:54:34.670+0100][gc,start      ] GC(753) Pause Cleanup
[2023-11-08T18:54:34.671+0100][gc            ] GC(753) Pause Cleanup 249M->249M(1024M) 0,239ms
[2023-11-08T18:54:34.671+0100][gc,cpu        ] GC(753) User=0,00s Sys=0,00s Real=0,00s
[2023-11-08T18:54:34.671+0100][gc,marking    ] GC(753) Concurrent Cleanup for Next Mark
[2023-11-08T18:54:34.673+0100][gc,marking    ] GC(753) Concurrent Cleanup for Next Mark 1,929ms
[2023-11-08T18:54:34.673+0100][gc            ] GC(753) Concurrent Cycle 64,194ms
[2023-11-08T18:54:34.800+0100][gc,start      ] GC(754) Pause Young (Normal) (G1 Evacuation Pause)
[2023-11-08T18:54:34.800+0100][gc,task       ] GC(754) Using 13 workers of 13 for evacuation
[2023-11-08T18:54:34.804+0100][gc,phases     ] GC(754)   Pre Evacuate Collection Set: 0,0ms
[2023-11-08T18:54:34.804+0100][gc,phases     ] GC(754)   Evacuate Collection Set: 3,3ms
[2023-11-08T18:54:34.804+0100][gc,phases     ] GC(754)   Post Evacuate Collection Set: 0,5ms
[2023-11-08T18:54:34.804+0100][gc,phases     ] GC(754)   Other: 0,2ms
[2023-11-08T18:54:34.804+0100][gc,heap       ] GC(754) Eden regions: 54->0(202)
[2023-11-08T18:54:34.804+0100][gc,heap       ] GC(754) Survivor regions: 6->5(8)
[2023-11-08T18:54:34.804+0100][gc,heap       ] GC(754) Old regions: 99->100
[2023-11-08T18:54:34.804+0100][gc,heap       ] GC(754) Humongous regions: 129->129
[2023-11-08T18:54:34.804+0100][gc,metaspace  ] GC(754) Metaspace: 48221K(52224K)->48221K(52224K) NonClass: 42264K(44544K)->42264K(44544K) Class: 5956K(7680K)->5956K(7680K)
[2023-11-08T18:54:34.804+0100][gc            ] GC(754) Pause Young (Normal) (G1 Evacuation Pause) 285M->231M(1024M) 4,082ms
[2023-11-08T18:54:34.805+0100][gc,cpu        ] GC(754) User=0,04s Sys=0,00s Real=0,01s
[2023-11-08T18:54:35.494+0100][gc,start      ] GC(755) Pause Young (Concurrent Start) (G1 Evacuation Pause)
[2023-11-08T18:54:35.494+0100][gc,task       ] GC(755) Using 13 workers of 13 for evacuation
[2023-11-08T18:54:35.497+0100][gc,phases     ] GC(755)   Pre Evacuate Collection Set: 0,2ms
[2023-11-08T18:54:35.497+0100][gc,phases     ] GC(755)   Evacuate Collection Set: 2,3ms
[2023-11-08T18:54:35.497+0100][gc,phases     ] GC(755)   Post Evacuate Collection Set: 0,4ms
[2023-11-08T18:54:35.497+0100][gc,phases     ] GC(755)   Other: 0,2ms
[2023-11-08T18:54:35.497+0100][gc,heap       ] GC(755) Eden regions: 202->0(272)
[2023-11-08T18:54:35.498+0100][gc,heap       ] GC(755) Survivor regions: 5->5(26)
[2023-11-08T18:54:35.498+0100][gc,heap       ] GC(755) Old regions: 100->100
[2023-11-08T18:54:35.498+0100][gc,heap       ] GC(755) Humongous regions: 129->129
[2023-11-08T18:54:35.498+0100][gc,metaspace  ] GC(755) Metaspace: 48221K(52224K)->48221K(52224K) NonClass: 42264K(44544K)->42264K(44544K) Class: 5956K(7680K)->5956K(7680K)
[2023-11-08T18:54:35.498+0100][gc            ] GC(755) Pause Young (Concurrent Start) (G1 Evacuation Pause) 433M->231M(1024M) 3,253ms
[2023-11-08T18:54:35.498+0100][gc,cpu        ] GC(755) User=0,01s Sys=0,01s Real=0,01s
[2023-11-08T18:54:35.498+0100][gc            ] GC(756) Concurrent Cycle
[2023-11-08T18:54:35.498+0100][gc,marking    ] GC(756) Concurrent Clear Claimed Marks
[2023-11-08T18:54:35.498+0100][gc,marking    ] GC(756) Concurrent Clear Claimed Marks 0,332ms
[2023-11-08T18:54:35.498+0100][gc,marking    ] GC(756) Concurrent Scan Root Regions
[2023-11-08T18:54:35.500+0100][gc,marking    ] GC(756) Concurrent Scan Root Regions 2,205ms
[2023-11-08T18:54:35.500+0100][gc,marking    ] GC(756) Concurrent Mark (5947,109s)
[2023-11-08T18:54:35.500+0100][gc,marking    ] GC(756) Concurrent Mark From Roots
[2023-11-08T18:54:35.500+0100][gc,task       ] GC(756) Using 3 workers of 3 for marking
[2023-11-08T18:54:35.533+0100][gc,marking    ] GC(756) Concurrent Mark From Roots 32,580ms
[2023-11-08T18:54:35.533+0100][gc,marking    ] GC(756) Concurrent Preclean
[2023-11-08T18:54:35.533+0100][gc,marking    ] GC(756) Concurrent Preclean 0,524ms
[2023-11-08T18:54:35.533+0100][gc,marking    ] GC(756) Concurrent Mark (5947,109s, 5947,142s) 33,215ms
[2023-11-08T18:54:35.534+0100][gc,start      ] GC(756) Pause Remark
[2023-11-08T18:54:35.537+0100][gc,stringtable] GC(756) Cleaned string and symbol table, strings: 18387 processed, 0 removed, symbols: 94772 processed, 0 removed
[2023-11-08T18:54:35.537+0100][gc            ] GC(756) Pause Remark 243M->243M(1024M) 3,628ms
[2023-11-08T18:54:35.537+0100][gc,cpu        ] GC(756) User=0,03s Sys=0,00s Real=0,01s
[2023-11-08T18:54:35.537+0100][gc,marking    ] GC(756) Concurrent Rebuild Remembered Sets
[2023-11-08T18:54:35.561+0100][gc,marking    ] GC(756) Concurrent Rebuild Remembered Sets 23,137ms
[2023-11-08T18:54:35.561+0100][gc,start      ] GC(756) Pause Cleanup
[2023-11-08T18:54:35.561+0100][gc            ] GC(756) Pause Cleanup 252M->252M(1024M) 0,216ms
[2023-11-08T18:54:35.561+0100][gc,cpu        ] GC(756) User=0,00s Sys=0,00s Real=0,00s
[2023-11-08T18:54:35.561+0100][gc,marking    ] GC(756) Concurrent Cleanup for Next Mark
[2023-11-08T18:54:35.563+0100][gc,marking    ] GC(756) Concurrent Cleanup for Next Mark 2,158ms
[2023-11-08T18:54:35.563+0100][gc            ] GC(756) Concurrent Cycle 65,674ms
[2023-11-08T18:54:35.702+0100][gc,start      ] GC(757) Pause Young (Normal) (G1 Evacuation Pause)
[2023-11-08T18:54:35.702+0100][gc,task       ] GC(757) Using 13 workers of 13 for evacuation
[2023-11-08T18:54:35.706+0100][gc,phases     ] GC(757)   Pre Evacuate Collection Set: 0,1ms
[2023-11-08T18:54:35.706+0100][gc,phases     ] GC(757)   Evacuate Collection Set: 3,3ms
[2023-11-08T18:54:35.706+0100][gc,phases     ] GC(757)   Post Evacuate Collection Set: 0,6ms
[2023-11-08T18:54:35.706+0100][gc,phases     ] GC(757)   Other: 0,3ms
[2023-11-08T18:54:35.706+0100][gc,heap       ] GC(757) Eden regions: 63->0(278)
[2023-11-08T18:54:35.706+0100][gc,heap       ] GC(757) Survivor regions: 5->6(9)
[2023-11-08T18:54:35.706+0100][gc,heap       ] GC(757) Old regions: 100->100
[2023-11-08T18:54:35.706+0100][gc,heap       ] GC(757) Humongous regions: 129->129
[2023-11-08T18:54:35.706+0100][gc,metaspace  ] GC(757) Metaspace: 48221K(52224K)->48221K(52224K) NonClass: 42264K(44544K)->42264K(44544K) Class: 5956K(7680K)->5956K(7680K)
[2023-11-08T18:54:35.706+0100][gc            ] GC(757) Pause Young (Normal) (G1 Evacuation Pause) 294M->232M(1024M) 4,410ms
[2023-11-08T18:54:35.706+0100][gc,cpu        ] GC(757) User=0,04s Sys=0,00s Real=0,01s
[2023-11-08T18:54:36.625+0100][gc,start      ] GC(758) Pause Young (Normal) (G1 Evacuation Pause)
[2023-11-08T18:54:36.625+0100][gc,task       ] GC(758) Using 13 workers of 13 for evacuation
[2023-11-08T18:54:36.627+0100][gc,phases     ] GC(758)   Pre Evacuate Collection Set: 0,0ms
[2023-11-08T18:54:36.627+0100][gc,phases     ] GC(758)   Evacuate Collection Set: 1,6ms
[2023-11-08T18:54:36.627+0100][gc,phases     ] GC(758)   Post Evacuate Collection Set: 0,6ms
[2023-11-08T18:54:36.627+0100][gc,phases     ] GC(758)   Other: 0,3ms
[2023-11-08T18:54:36.627+0100][gc,heap       ] GC(758) Eden regions: 278->0(369)
[2023-11-08T18:54:36.627+0100][gc,heap       ] GC(758) Survivor regions: 6->3(36)
[2023-11-08T18:54:36.627+0100][gc,heap       ] GC(758) Old regions: 100->100
[2023-11-08T18:54:36.627+0100][gc,heap       ] GC(758) Humongous regions: 129->129
[2023-11-08T18:54:36.627+0100][gc,metaspace  ] GC(758) Metaspace: 48221K(52224K)->48221K(52224K) NonClass: 42264K(44544K)->42264K(44544K) Class: 5956K(7680K)->5956K(7680K)
[2023-11-08T18:54:36.627+0100][gc            ] GC(758) Pause Young (Normal) (G1 Evacuation Pause) 510M->229M(1024M) 2,678ms
[2023-11-08T18:54:36.627+0100][gc,cpu        ] GC(758) User=0,00s Sys=0,01s Real=0,00s
[2023-11-08T18:54:37.874+0100][gc,start      ] GC(759) Pause Young (Normal) (G1 Evacuation Pause)
[2023-11-08T18:54:37.874+0100][gc,task       ] GC(759) Using 13 workers of 13 for evacuation
[2023-11-08T18:54:37.877+0100][gc,phases     ] GC(759)   Pre Evacuate Collection Set: 0,0ms
[2023-11-08T18:54:37.877+0100][gc,phases     ] GC(759)   Evacuate Collection Set: 2,2ms
[2023-11-08T18:54:37.877+0100][gc,phases     ] GC(759)   Post Evacuate Collection Set: 0,7ms
[2023-11-08T18:54:37.877+0100][gc,phases     ] GC(759)   Other: 0,2ms
[2023-11-08T18:54:37.877+0100][gc,heap       ] GC(759) Eden regions: 369->0(460)
[2023-11-08T18:54:37.877+0100][gc,heap       ] GC(759) Survivor regions: 3->3(47)
[2023-11-08T18:54:37.877+0100][gc,heap       ] GC(759) Old regions: 100->100
[2023-11-08T18:54:37.877+0100][gc,heap       ] GC(759) Humongous regions: 129->129
[2023-11-08T18:54:37.877+0100][gc,metaspace  ] GC(759) Metaspace: 48221K(52224K)->48221K(52224K) NonClass: 42264K(44544K)->42264K(44544K) Class: 5956K(7680K)->5956K(7680K)
[2023-11-08T18:54:37.877+0100][gc            ] GC(759) Pause Young (Normal) (G1 Evacuation Pause) 598M->230M(1024M) 3,284ms
[2023-11-08T18:54:37.877+0100][gc,cpu        ] GC(759) User=0,03s Sys=0,00s Real=0,01s
[2023-11-08T18:54:39.396+0100][gc,start      ] GC(760) Pause Young (Normal) (G1 Evacuation Pause)
[2023-11-08T18:54:39.396+0100][gc,task       ] GC(760) Using 13 workers of 13 for evacuation
[2023-11-08T18:54:39.399+0100][gc,phases     ] GC(760)   Pre Evacuate Collection Set: 0,0ms
[2023-11-08T18:54:39.399+0100][gc,phases     ] GC(760)   Evacuate Collection Set: 2,7ms
[2023-11-08T18:54:39.399+0100][gc,phases     ] GC(760)   Post Evacuate Collection Set: 0,7ms
[2023-11-08T18:54:39.399+0100][gc,phases     ] GC(760)   Other: 0,3ms
[2023-11-08T18:54:39.399+0100][gc,heap       ] GC(760) Eden regions: 460->0(513)
[2023-11-08T18:54:39.399+0100][gc,heap       ] GC(760) Survivor regions: 3->4(58)
[2023-11-08T18:54:39.399+0100][gc,heap       ] GC(760) Old regions: 100->100
[2023-11-08T18:54:39.399+0100][gc,heap       ] GC(760) Humongous regions: 129->129
[2023-11-08T18:54:39.399+0100][gc,metaspace  ] GC(760) Metaspace: 48221K(52224K)->48221K(52224K) NonClass: 42264K(44544K)->42264K(44544K) Class: 5956K(7680K)->5956K(7680K)
[2023-11-08T18:54:39.399+0100][gc            ] GC(760) Pause Young (Normal) (G1 Evacuation Pause) 690M->231M(1024M) 3,801ms
[2023-11-08T18:54:39.399+0100][gc,cpu        ] GC(760) User=0,01s Sys=0,01s Real=0,00s
[2023-11-08T18:54:41.048+0100][gc,start      ] GC(761) Pause Young (Concurrent Start) (G1 Evacuation Pause)
[2023-11-08T18:54:41.048+0100][gc,task       ] GC(761) Using 13 workers of 13 for evacuation
[2023-11-08T18:54:41.052+0100][gc,phases     ] GC(761)   Pre Evacuate Collection Set: 0,2ms
[2023-11-08T18:54:41.052+0100][gc,phases     ] GC(761)   Evacuate Collection Set: 3,6ms
[2023-11-08T18:54:41.052+0100][gc,phases     ] GC(761)   Post Evacuate Collection Set: 0,6ms
[2023-11-08T18:54:41.053+0100][gc,phases     ] GC(761)   Other: 0,2ms
[2023-11-08T18:54:41.053+0100][gc,heap       ] GC(761) Eden regions: 513->0(531)
[2023-11-08T18:54:41.053+0100][gc,heap       ] GC(761) Survivor regions: 4->6(65)
[2023-11-08T18:54:41.053+0100][gc,heap       ] GC(761) Old regions: 100->100
[2023-11-08T18:54:41.053+0100][gc,heap       ] GC(761) Humongous regions: 129->129
[2023-11-08T18:54:41.053+0100][gc,metaspace  ] GC(761) Metaspace: 48221K(52224K)->48221K(52224K) NonClass: 42264K(44544K)->42264K(44544K) Class: 5956K(7680K)->5956K(7680K)
[2023-11-08T18:54:41.053+0100][gc            ] GC(761) Pause Young (Concurrent Start) (G1 Evacuation Pause) 744M->232M(1024M) 4,730ms
[2023-11-08T18:54:41.053+0100][gc,cpu        ] GC(761) User=0,04s Sys=0,00s Real=0,00s
[2023-11-08T18:54:41.053+0100][gc            ] GC(762) Concurrent Cycle
[2023-11-08T18:54:41.053+0100][gc,marking    ] GC(762) Concurrent Clear Claimed Marks
[2023-11-08T18:54:41.053+0100][gc,marking    ] GC(762) Concurrent Clear Claimed Marks 0,336ms
[2023-11-08T18:54:41.053+0100][gc,marking    ] GC(762) Concurrent Scan Root Regions
[2023-11-08T18:54:41.056+0100][gc,marking    ] GC(762) Concurrent Scan Root Regions 2,774ms
[2023-11-08T18:54:41.056+0100][gc,marking    ] GC(762) Concurrent Mark (5952,664s)
[2023-11-08T18:54:41.056+0100][gc,marking    ] GC(762) Concurrent Mark From Roots
[2023-11-08T18:54:41.056+0100][gc,task       ] GC(762) Using 3 workers of 3 for marking
[2023-11-08T18:54:41.075+0100][gc,marking    ] GC(762) Concurrent Mark From Roots 18,901ms
[2023-11-08T18:54:41.075+0100][gc,marking    ] GC(762) Concurrent Preclean
[2023-11-08T18:54:41.075+0100][gc,marking    ] GC(762) Concurrent Preclean 0,217ms
[2023-11-08T18:54:41.075+0100][gc,marking    ] GC(762) Concurrent Mark (5952,664s, 5952,684s) 19,178ms
[2023-11-08T18:54:41.075+0100][gc,start      ] GC(762) Pause Remark
[2023-11-08T18:54:41.078+0100][gc,stringtable] GC(762) Cleaned string and symbol table, strings: 18387 processed, 0 removed, symbols: 94772 processed, 0 removed
[2023-11-08T18:54:41.078+0100][gc            ] GC(762) Pause Remark 241M->241M(1024M) 3,165ms
[2023-11-08T18:54:41.078+0100][gc,cpu        ] GC(762) User=0,01s Sys=0,02s Real=0,00s
[2023-11-08T18:54:41.078+0100][gc,marking    ] GC(762) Concurrent Rebuild Remembered Sets
[2023-11-08T18:54:41.093+0100][gc,marking    ] GC(762) Concurrent Rebuild Remembered Sets 14,606ms
[2023-11-08T18:54:41.093+0100][gc,start      ] GC(762) Pause Cleanup
[2023-11-08T18:54:41.093+0100][gc            ] GC(762) Pause Cleanup 246M->246M(1024M) 0,179ms
[2023-11-08T18:54:41.093+0100][gc,cpu        ] GC(762) User=0,00s Sys=0,00s Real=0,00s
[2023-11-08T18:54:41.093+0100][gc,marking    ] GC(762) Concurrent Cleanup for Next Mark
[2023-11-08T18:54:41.095+0100][gc,marking    ] GC(762) Concurrent Cleanup for Next Mark 1,819ms
[2023-11-08T18:54:41.095+0100][gc            ] GC(762) Concurrent Cycle 42,695ms
[2023-11-08T18:54:41.191+0100][gc,start      ] GC(763) Pause Young (Prepare Mixed) (G1 Evacuation Pause)
[2023-11-08T18:54:41.191+0100][gc,task       ] GC(763) Using 13 workers of 13 for evacuation
[2023-11-08T18:54:41.197+0100][gc,phases     ] GC(763)   Pre Evacuate Collection Set: 0,0ms
[2023-11-08T18:54:41.197+0100][gc,phases     ] GC(763)   Evacuate Collection Set: 5,0ms
[2023-11-08T18:54:41.197+0100][gc,phases     ] GC(763)   Post Evacuate Collection Set: 0,4ms
[2023-11-08T18:54:41.197+0100][gc,phases     ] GC(763)   Other: 0,2ms
[2023-11-08T18:54:41.197+0100][gc,heap       ] GC(763) Eden regions: 45->0(46)
[2023-11-08T18:54:41.197+0100][gc,heap       ] GC(763) Survivor regions: 6->5(7)
[2023-11-08T18:54:41.197+0100][gc,heap       ] GC(763) Old regions: 100->102
[2023-11-08T18:54:41.197+0100][gc,heap       ] GC(763) Humongous regions: 129->129
[2023-11-08T18:54:41.197+0100][gc,metaspace  ] GC(763) Metaspace: 48221K(52224K)->48221K(52224K) NonClass: 42264K(44544K)->42264K(44544K) Class: 5956K(7680K)->5956K(7680K)
[2023-11-08T18:54:41.197+0100][gc            ] GC(763) Pause Young (Prepare Mixed) (G1 Evacuation Pause) 277M->233M(1024M) 5,738ms
[2023-11-08T18:54:41.197+0100][gc,cpu        ] GC(763) User=0,03s Sys=0,02s Real=0,01s
[2023-11-08T18:54:41.345+0100][gc,start      ] GC(764) Pause Young (Mixed) (G1 Evacuation Pause)
[2023-11-08T18:54:41.345+0100][gc,task       ] GC(764) Using 13 workers of 13 for evacuation
[2023-11-08T18:54:41.349+0100][gc,phases     ] GC(764)   Pre Evacuate Collection Set: 0,1ms
[2023-11-08T18:54:41.349+0100][gc,phases     ] GC(764)   Evacuate Collection Set: 3,2ms
[2023-11-08T18:54:41.349+0100][gc,phases     ] GC(764)   Post Evacuate Collection Set: 0,4ms
[2023-11-08T18:54:41.349+0100][gc,phases     ] GC(764)   Other: 0,3ms
[2023-11-08T18:54:41.349+0100][gc,heap       ] GC(764) Eden regions: 46->0(494)
[2023-11-08T18:54:41.349+0100][gc,heap       ] GC(764) Survivor regions: 5->4(7)
[2023-11-08T18:54:41.349+0100][gc,heap       ] GC(764) Old regions: 102->82
[2023-11-08T18:54:41.349+0100][gc,heap       ] GC(764) Humongous regions: 129->129
[2023-11-08T18:54:41.349+0100][gc,metaspace  ] GC(764) Metaspace: 48221K(52224K)->48221K(52224K) NonClass: 42264K(44544K)->42264K(44544K) Class: 5956K(7680K)->5956K(7680K)
[2023-11-08T18:54:41.349+0100][gc            ] GC(764) Pause Young (Mixed) (G1 Evacuation Pause) 279M->212M(1024M) 4,082ms
[2023-11-08T18:54:41.349+0100][gc,cpu        ] GC(764) User=0,04s Sys=0,00s Real=0,00s
[2023-11-08T18:54:43.023+0100][gc,start      ] GC(765) Pause Young (Normal) (G1 Evacuation Pause)
[2023-11-08T18:54:43.023+0100][gc,task       ] GC(765) Using 13 workers of 13 for evacuation
[2023-11-08T18:54:43.027+0100][gc,phases     ] GC(765)   Pre Evacuate Collection Set: 0,0ms
[2023-11-08T18:54:43.027+0100][gc,phases     ] GC(765)   Evacuate Collection Set: 3,2ms
[2023-11-08T18:54:43.027+0100][gc,phases     ] GC(765)   Post Evacuate Collection Set: 0,6ms
[2023-11-08T18:54:43.027+0100][gc,phases     ] GC(765)   Other: 0,3ms
[2023-11-08T18:54:43.027+0100][gc,heap       ] GC(765) Eden regions: 494->0(485)
[2023-11-08T18:54:43.027+0100][gc,heap       ] GC(765) Survivor regions: 4->5(63)
[2023-11-08T18:54:43.027+0100][gc,heap       ] GC(765) Old regions: 82->82
[2023-11-08T18:54:43.027+0100][gc,heap       ] GC(765) Humongous regions: 129->129
[2023-11-08T18:54:43.027+0100][gc,metaspace  ] GC(765) Metaspace: 48221K(52224K)->48221K(52224K) NonClass: 42264K(44544K)->42264K(44544K) Class: 5956K(7680K)->5956K(7680K)
[2023-11-08T18:54:43.027+0100][gc            ] GC(765) Pause Young (Normal) (G1 Evacuation Pause) 706M->213M(1024M) 4,193ms
[2023-11-08T18:54:43.027+0100][gc,cpu        ] GC(765) User=0,01s Sys=0,02s Real=0,00s
[2023-11-08T18:54:44.630+0100][gc,start      ] GC(766) Pause Young (Normal) (G1 Evacuation Pause)
[2023-11-08T18:54:44.630+0100][gc,task       ] GC(766) Using 13 workers of 13 for evacuation
[2023-11-08T18:54:44.634+0100][gc,phases     ] GC(766)   Pre Evacuate Collection Set: 0,0ms
[2023-11-08T18:54:44.634+0100][gc,phases     ] GC(766)   Evacuate Collection Set: 3,4ms
[2023-11-08T18:54:44.634+0100][gc,phases     ] GC(766)   Post Evacuate Collection Set: 0,6ms
[2023-11-08T18:54:44.634+0100][gc,phases     ] GC(766)   Other: 0,2ms
[2023-11-08T18:54:44.634+0100][gc,heap       ] GC(766) Eden regions: 485->0(534)
[2023-11-08T18:54:44.634+0100][gc,heap       ] GC(766) Survivor regions: 5->7(62)
[2023-11-08T18:54:44.634+0100][gc,heap       ] GC(766) Old regions: 82->82
[2023-11-08T18:54:44.634+0100][gc,heap       ] GC(766) Humongous regions: 129->129
[2023-11-08T18:54:44.634+0100][gc,metaspace  ] GC(766) Metaspace: 48221K(52224K)->48221K(52224K) NonClass: 42264K(44544K)->42264K(44544K) Class: 5956K(7680K)->5956K(7680K)
[2023-11-08T18:54:44.634+0100][gc            ] GC(766) Pause Young (Normal) (G1 Evacuation Pause) 698M->215M(1024M) 4,258ms
[2023-11-08T18:54:44.634+0100][gc,cpu        ] GC(766) User=0,03s Sys=0,00s Real=0,00s
[2023-11-08T18:54:46.456+0100][gc,start      ] GC(767) Pause Young (Concurrent Start) (G1 Evacuation Pause)
[2023-11-08T18:54:46.456+0100][gc,task       ] GC(767) Using 13 workers of 13 for evacuation
[2023-11-08T18:54:46.460+0100][gc,phases     ] GC(767)   Pre Evacuate Collection Set: 0,2ms
[2023-11-08T18:54:46.460+0100][gc,phases     ] GC(767)   Evacuate Collection Set: 3,5ms
[2023-11-08T18:54:46.460+0100][gc,phases     ] GC(767)   Post Evacuate Collection Set: 0,6ms
[2023-11-08T18:54:46.460+0100][gc,phases     ] GC(767)   Other: 0,2ms
[2023-11-08T18:54:46.460+0100][gc,heap       ] GC(767) Eden regions: 534->0(582)
[2023-11-08T18:54:46.460+0100][gc,heap       ] GC(767) Survivor regions: 7->8(68)
[2023-11-08T18:54:46.460+0100][gc,heap       ] GC(767) Old regions: 82->82
[2023-11-08T18:54:46.460+0100][gc,heap       ] GC(767) Humongous regions: 129->129
[2023-11-08T18:54:46.460+0100][gc,metaspace  ] GC(767) Metaspace: 48221K(52224K)->48221K(52224K) NonClass: 42264K(44544K)->42264K(44544K) Class: 5956K(7680K)->5956K(7680K)
[2023-11-08T18:54:46.460+0100][gc            ] GC(767) Pause Young (Concurrent Start) (G1 Evacuation Pause) 749M->216M(1024M) 4,627ms
[2023-11-08T18:54:46.460+0100][gc,cpu        ] GC(767) User=0,05s Sys=0,00s Real=0,00s
[2023-11-08T18:54:46.460+0100][gc            ] GC(768) Concurrent Cycle
[2023-11-08T18:54:46.460+0100][gc,marking    ] GC(768) Concurrent Clear Claimed Marks
[2023-11-08T18:54:46.461+0100][gc,marking    ] GC(768) Concurrent Clear Claimed Marks 0,372ms
[2023-11-08T18:54:46.461+0100][gc,marking    ] GC(768) Concurrent Scan Root Regions
[2023-11-08T18:54:46.463+0100][gc,marking    ] GC(768) Concurrent Scan Root Regions 2,511ms
[2023-11-08T18:54:46.463+0100][gc,marking    ] GC(768) Concurrent Mark (5958,072s)
[2023-11-08T18:54:46.463+0100][gc,marking    ] GC(768) Concurrent Mark From Roots
[2023-11-08T18:54:46.463+0100][gc,task       ] GC(768) Using 3 workers of 3 for marking
[2023-11-08T18:54:46.484+0100][gc,marking    ] GC(768) Concurrent Mark From Roots 20,702ms
[2023-11-08T18:54:46.484+0100][gc,marking    ] GC(768) Concurrent Preclean
[2023-11-08T18:54:46.484+0100][gc,marking    ] GC(768) Concurrent Preclean 0,215ms
[2023-11-08T18:54:46.484+0100][gc,marking    ] GC(768) Concurrent Mark (5958,072s, 5958,093s) 20,973ms
[2023-11-08T18:54:46.484+0100][gc,start      ] GC(768) Pause Remark
[2023-11-08T18:54:46.488+0100][gc,stringtable] GC(768) Cleaned string and symbol table, strings: 18387 processed, 0 removed, symbols: 94772 processed, 0 removed
[2023-11-08T18:54:46.488+0100][gc            ] GC(768) Pause Remark 227M->227M(1024M) 3,805ms
[2023-11-08T18:54:46.488+0100][gc,cpu        ] GC(768) User=0,03s Sys=0,00s Real=0,00s
[2023-11-08T18:54:46.488+0100][gc,marking    ] GC(768) Concurrent Rebuild Remembered Sets
[2023-11-08T18:54:46.502+0100][gc,marking    ] GC(768) Concurrent Rebuild Remembered Sets 13,875ms
[2023-11-08T18:54:46.502+0100][gc,start      ] GC(768) Pause Cleanup
[2023-11-08T18:54:46.502+0100][gc            ] GC(768) Pause Cleanup 231M->231M(1024M) 0,167ms
[2023-11-08T18:54:46.502+0100][gc,cpu        ] GC(768) User=0,00s Sys=0,01s Real=0,00s
[2023-11-08T18:54:46.503+0100][gc,marking    ] GC(768) Concurrent Cleanup for Next Mark
[2023-11-08T18:54:46.504+0100][gc,marking    ] GC(768) Concurrent Cleanup for Next Mark 1,830ms
[2023-11-08T18:54:46.504+0100][gc            ] GC(768) Concurrent Cycle 44,104ms
[2023-11-08T18:54:46.602+0100][gc,start      ] GC(769) Pause Young (Prepare Mixed) (G1 Evacuation Pause)
[2023-11-08T18:54:46.602+0100][gc,task       ] GC(769) Using 13 workers of 13 for evacuation
[2023-11-08T18:54:46.610+0100][gc,phases     ] GC(769)   Pre Evacuate Collection Set: 0,0ms
[2023-11-08T18:54:46.610+0100][gc,phases     ] GC(769)   Evacuate Collection Set: 7,4ms
[2023-11-08T18:54:46.610+0100][gc,phases     ] GC(769)   Post Evacuate Collection Set: 0,5ms
[2023-11-08T18:54:46.610+0100][gc,phases     ] GC(769)   Other: 0,2ms
[2023-11-08T18:54:46.610+0100][gc,heap       ] GC(769) Eden regions: 43->0(47)
[2023-11-08T18:54:46.610+0100][gc,heap       ] GC(769) Survivor regions: 8->4(7)
[2023-11-08T18:54:46.610+0100][gc,heap       ] GC(769) Old regions: 82->86
[2023-11-08T18:54:46.610+0100][gc,heap       ] GC(769) Humongous regions: 129->129
[2023-11-08T18:54:46.610+0100][gc,metaspace  ] GC(769) Metaspace: 48221K(52224K)->48221K(52224K) NonClass: 42264K(44544K)->42264K(44544K) Class: 5956K(7680K)->5956K(7680K)
[2023-11-08T18:54:46.610+0100][gc            ] GC(769) Pause Young (Prepare Mixed) (G1 Evacuation Pause) 259M->217M(1024M) 8,188ms
[2023-11-08T18:54:46.610+0100][gc,cpu        ] GC(769) User=0,06s Sys=0,01s Real=0,01s
[2023-11-08T18:54:46.755+0100][gc,start      ] GC(770) Pause Young (Mixed) (G1 Evacuation Pause)
[2023-11-08T18:54:46.755+0100][gc,task       ] GC(770) Using 13 workers of 13 for evacuation
[2023-11-08T18:54:46.758+0100][gc,phases     ] GC(770)   Pre Evacuate Collection Set: 0,0ms
[2023-11-08T18:54:46.759+0100][gc,phases     ] GC(770)   Evacuate Collection Set: 2,9ms
[2023-11-08T18:54:46.759+0100][gc,phases     ] GC(770)   Post Evacuate Collection Set: 0,4ms
[2023-11-08T18:54:46.759+0100][gc,phases     ] GC(770)   Other: 0,2ms
[2023-11-08T18:54:46.759+0100][gc,heap       ] GC(770) Eden regions: 47->0(275)
[2023-11-08T18:54:46.759+0100][gc,heap       ] GC(770) Survivor regions: 4->4(7)
[2023-11-08T18:54:46.759+0100][gc,heap       ] GC(770) Old regions: 86->86
[2023-11-08T18:54:46.759+0100][gc,heap       ] GC(770) Humongous regions: 129->129
[2023-11-08T18:54:46.759+0100][gc,metaspace  ] GC(770) Metaspace: 48221K(52224K)->48221K(52224K) NonClass: 42264K(44544K)->42264K(44544K) Class: 5956K(7680K)->5956K(7680K)
[2023-11-08T18:54:46.759+0100][gc            ] GC(770) Pause Young (Mixed) (G1 Evacuation Pause) 264M->216M(1024M) 3,677ms
[2023-11-08T18:54:46.759+0100][gc,cpu        ] GC(770) User=0,02s Sys=0,02s Real=0,00s
[2023-11-08T18:54:47.658+0100][gc,start      ] GC(771) Pause Young (Normal) (G1 Evacuation Pause)
[2023-11-08T18:54:47.658+0100][gc,task       ] GC(771) Using 13 workers of 13 for evacuation
[2023-11-08T18:54:47.662+0100][gc,phases     ] GC(771)   Pre Evacuate Collection Set: 0,0ms
[2023-11-08T18:54:47.662+0100][gc,phases     ] GC(771)   Evacuate Collection Set: 3,1ms
[2023-11-08T18:54:47.662+0100][gc,phases     ] GC(771)   Post Evacuate Collection Set: 0,7ms
[2023-11-08T18:54:47.662+0100][gc,phases     ] GC(771)   Other: 0,2ms
[2023-11-08T18:54:47.662+0100][gc,heap       ] GC(771) Eden regions: 275->0(324)
[2023-11-08T18:54:47.662+0100][gc,heap       ] GC(771) Survivor regions: 4->5(35)
[2023-11-08T18:54:47.662+0100][gc,heap       ] GC(771) Old regions: 86->86
[2023-11-08T18:54:47.662+0100][gc,heap       ] GC(771) Humongous regions: 129->129
[2023-11-08T18:54:47.662+0100][gc,metaspace  ] GC(771) Metaspace: 48221K(52224K)->48221K(52224K) NonClass: 42264K(44544K)->42264K(44544K) Class: 5956K(7680K)->5956K(7680K)
[2023-11-08T18:54:47.662+0100][gc            ] GC(771) Pause Young (Normal) (G1 Evacuation Pause) 491M->217M(1024M) 4,208ms
[2023-11-08T18:54:47.662+0100][gc,cpu        ] GC(771) User=0,04s Sys=0,00s Real=0,00s
[2023-11-08T18:54:48.754+0100][gc,start      ] GC(772) Pause Young (Normal) (G1 Evacuation Pause)
[2023-11-08T18:54:48.754+0100][gc,task       ] GC(772) Using 13 workers of 13 for evacuation
[2023-11-08T18:54:48.758+0100][gc,phases     ] GC(772)   Pre Evacuate Collection Set: 0,0ms
[2023-11-08T18:54:48.758+0100][gc,phases     ] GC(772)   Evacuate Collection Set: 3,6ms
[2023-11-08T18:54:48.758+0100][gc,phases     ] GC(772)   Post Evacuate Collection Set: 0,5ms
[2023-11-08T18:54:48.758+0100][gc,phases     ] GC(772)   Other: 0,2ms
[2023-11-08T18:54:48.758+0100][gc,heap       ] GC(772) Eden regions: 324->0(425)
[2023-11-08T18:54:48.758+0100][gc,heap       ] GC(772) Survivor regions: 5->6(42)
[2023-11-08T18:54:48.758+0100][gc,heap       ] GC(772) Old regions: 86->86
[2023-11-08T18:54:48.758+0100][gc,heap       ] GC(772) Humongous regions: 129->129
[2023-11-08T18:54:48.758+0100][gc,metaspace  ] GC(772) Metaspace: 48221K(52224K)->48221K(52224K) NonClass: 42264K(44544K)->42264K(44544K) Class: 5956K(7680K)->5956K(7680K)
[2023-11-08T18:54:48.758+0100][gc            ] GC(772) Pause Young (Normal) (G1 Evacuation Pause) 541M->218M(1024M) 4,357ms
[2023-11-08T18:54:48.758+0100][gc,cpu        ] GC(772) User=0,03s Sys=0,00s Real=0,01s
[2023-11-08T18:54:50.170+0100][gc,start      ] GC(773) Pause Young (Normal) (G1 Evacuation Pause)
[2023-11-08T18:54:50.170+0100][gc,task       ] GC(773) Using 13 workers of 13 for evacuation
[2023-11-08T18:54:50.174+0100][gc,phases     ] GC(773)   Pre Evacuate Collection Set: 0,0ms
[2023-11-08T18:54:50.174+0100][gc,phases     ] GC(773)   Evacuate Collection Set: 3,5ms
[2023-11-08T18:54:50.174+0100][gc,phases     ] GC(773)   Post Evacuate Collection Set: 0,5ms
[2023-11-08T18:54:50.174+0100][gc,phases     ] GC(773)   Other: 0,2ms
[2023-11-08T18:54:50.174+0100][gc,heap       ] GC(773) Eden regions: 425->0(533)
[2023-11-08T18:54:50.174+0100][gc,heap       ] GC(773) Survivor regions: 6->7(54)
[2023-11-08T18:54:50.174+0100][gc,heap       ] GC(773) Old regions: 86->86
[2023-11-08T18:54:50.174+0100][gc,heap       ] GC(773) Humongous regions: 129->129
[2023-11-08T18:54:50.174+0100][gc,metaspace  ] GC(773) Metaspace: 48221K(52224K)->48221K(52224K) NonClass: 42264K(44544K)->42264K(44544K) Class: 5956K(7680K)->5956K(7680K)
[2023-11-08T18:54:50.174+0100][gc            ] GC(773) Pause Young (Normal) (G1 Evacuation Pause) 643M->219M(1024M) 4,390ms
[2023-11-08T18:54:50.174+0100][gc,cpu        ] GC(773) User=0,03s Sys=0,00s Real=0,00s
[2023-11-08T18:54:51.902+0100][gc,start      ] GC(774) Pause Young (Concurrent Start) (G1 Evacuation Pause)
[2023-11-08T18:54:51.902+0100][gc,task       ] GC(774) Using 13 workers of 13 for evacuation
[2023-11-08T18:54:51.907+0100][gc,phases     ] GC(774)   Pre Evacuate Collection Set: 0,2ms
[2023-11-08T18:54:51.907+0100][gc,phases     ] GC(774)   Evacuate Collection Set: 4,4ms
[2023-11-08T18:54:51.907+0100][gc,phases     ] GC(774)   Post Evacuate Collection Set: 0,7ms
[2023-11-08T18:54:51.907+0100][gc,phases     ] GC(774)   Other: 0,2ms
[2023-11-08T18:54:51.907+0100][gc,heap       ] GC(774) Eden regions: 533->0(601)
[2023-11-08T18:54:51.907+0100][gc,heap       ] GC(774) Survivor regions: 7->8(68)
[2023-11-08T18:54:51.907+0100][gc,heap       ] GC(774) Old regions: 86->86
[2023-11-08T18:54:51.907+0100][gc,heap       ] GC(774) Humongous regions: 129->129
[2023-11-08T18:54:51.907+0100][gc,metaspace  ] GC(774) Metaspace: 48221K(52224K)->48221K(52224K) NonClass: 42264K(44544K)->42264K(44544K) Class: 5956K(7680K)->5956K(7680K)
[2023-11-08T18:54:51.908+0100][gc            ] GC(774) Pause Young (Concurrent Start) (G1 Evacuation Pause) 752M->221M(1024M) 5,696ms
[2023-11-08T18:54:51.908+0100][gc,cpu        ] GC(774) User=0,05s Sys=0,00s Real=0,01s
[2023-11-08T18:54:51.908+0100][gc            ] GC(775) Concurrent Cycle
[2023-11-08T18:54:51.908+0100][gc,marking    ] GC(775) Concurrent Clear Claimed Marks
[2023-11-08T18:54:51.908+0100][gc,marking    ] GC(775) Concurrent Clear Claimed Marks 0,344ms
[2023-11-08T18:54:51.908+0100][gc,marking    ] GC(775) Concurrent Scan Root Regions
[2023-11-08T18:54:51.910+0100][gc,marking    ] GC(775) Concurrent Scan Root Regions 2,425ms
[2023-11-08T18:54:51.910+0100][gc,marking    ] GC(775) Concurrent Mark (5963,519s)
[2023-11-08T18:54:51.910+0100][gc,marking    ] GC(775) Concurrent Mark From Roots
[2023-11-08T18:54:51.910+0100][gc,task       ] GC(775) Using 3 workers of 3 for marking
[2023-11-08T18:54:51.933+0100][gc,marking    ] GC(775) Concurrent Mark From Roots 22,590ms
[2023-11-08T18:54:51.933+0100][gc,marking    ] GC(775) Concurrent Preclean
[2023-11-08T18:54:51.933+0100][gc,marking    ] GC(775) Concurrent Preclean 0,270ms
[2023-11-08T18:54:51.933+0100][gc,marking    ] GC(775) Concurrent Mark (5963,519s, 5963,542s) 22,926ms
[2023-11-08T18:54:51.934+0100][gc,start      ] GC(775) Pause Remark
[2023-11-08T18:54:51.937+0100][gc,stringtable] GC(775) Cleaned string and symbol table, strings: 18387 processed, 0 removed, symbols: 94772 processed, 0 removed
[2023-11-08T18:54:51.937+0100][gc            ] GC(775) Pause Remark 231M->231M(1024M) 3,417ms
[2023-11-08T18:54:51.937+0100][gc,cpu        ] GC(775) User=0,03s Sys=0,00s Real=0,01s
[2023-11-08T18:54:51.937+0100][gc,marking    ] GC(775) Concurrent Rebuild Remembered Sets
[2023-11-08T18:54:51.951+0100][gc,marking    ] GC(775) Concurrent Rebuild Remembered Sets 14,148ms
[2023-11-08T18:54:51.951+0100][gc,start      ] GC(775) Pause Cleanup
[2023-11-08T18:54:51.952+0100][gc            ] GC(775) Pause Cleanup 234M->234M(1024M) 0,210ms
[2023-11-08T18:54:51.952+0100][gc,cpu        ] GC(775) User=0,00s Sys=0,00s Real=0,00s
[2023-11-08T18:54:51.952+0100][gc,marking    ] GC(775) Concurrent Cleanup for Next Mark
[2023-11-08T18:54:51.953+0100][gc,marking    ] GC(775) Concurrent Cleanup for Next Mark 1,911ms
[2023-11-08T18:54:51.954+0100][gc            ] GC(775) Concurrent Cycle 45,942ms
[2023-11-08T18:54:52.211+0100][gc,start      ] GC(776) Pause Young (Normal) (G1 Evacuation Pause)
[2023-11-08T18:54:52.211+0100][gc,task       ] GC(776) Using 13 workers of 13 for evacuation
[2023-11-08T18:54:52.217+0100][gc,phases     ] GC(776)   Pre Evacuate Collection Set: 0,0ms
[2023-11-08T18:54:52.217+0100][gc,phases     ] GC(776)   Evacuate Collection Set: 5,2ms
[2023-11-08T18:54:52.217+0100][gc,phases     ] GC(776)   Post Evacuate Collection Set: 0,5ms
[2023-11-08T18:54:52.217+0100][gc,phases     ] GC(776)   Other: 0,3ms
[2023-11-08T18:54:52.217+0100][gc,heap       ] GC(776) Eden regions: 91->0(225)
[2023-11-08T18:54:52.217+0100][gc,heap       ] GC(776) Survivor regions: 8->7(13)
[2023-11-08T18:54:52.217+0100][gc,heap       ] GC(776) Old regions: 86->87
[2023-11-08T18:54:52.217+0100][gc,heap       ] GC(776) Humongous regions: 129->129
[2023-11-08T18:54:52.217+0100][gc,metaspace  ] GC(776) Metaspace: 48221K(52224K)->48221K(52224K) NonClass: 42264K(44544K)->42264K(44544K) Class: 5956K(7680K)->5956K(7680K)
[2023-11-08T18:54:52.217+0100][gc            ] GC(776) Pause Young (Normal) (G1 Evacuation Pause) 312M->221M(1024M) 6,163ms
[2023-11-08T18:54:52.217+0100][gc,cpu        ] GC(776) User=0,04s Sys=0,01s Real=0,01s
[2023-11-08T18:54:52.957+0100][gc,start      ] GC(777) Pause Young (Concurrent Start) (G1 Evacuation Pause)
[2023-11-08T18:54:52.957+0100][gc,task       ] GC(777) Using 13 workers of 13 for evacuation
[2023-11-08T18:54:52.961+0100][gc,phases     ] GC(777)   Pre Evacuate Collection Set: 0,2ms
[2023-11-08T18:54:52.961+0100][gc,phases     ] GC(777)   Evacuate Collection Set: 3,2ms
[2023-11-08T18:54:52.961+0100][gc,phases     ] GC(777)   Post Evacuate Collection Set: 0,6ms
[2023-11-08T18:54:52.962+0100][gc,phases     ] GC(777)   Other: 0,3ms
[2023-11-08T18:54:52.962+0100][gc,heap       ] GC(777) Eden regions: 225->0(274)
[2023-11-08T18:54:52.962+0100][gc,heap       ] GC(777) Survivor regions: 7->8(29)
[2023-11-08T18:54:52.962+0100][gc,heap       ] GC(777) Old regions: 87->87
[2023-11-08T18:54:52.962+0100][gc,heap       ] GC(777) Humongous regions: 129->129
[2023-11-08T18:54:52.962+0100][gc,metaspace  ] GC(777) Metaspace: 48221K(52224K)->48221K(52224K) NonClass: 42264K(44544K)->42264K(44544K) Class: 5956K(7680K)->5956K(7680K)
[2023-11-08T18:54:52.962+0100][gc            ] GC(777) Pause Young (Concurrent Start) (G1 Evacuation Pause) 446M->221M(1024M) 4,372ms
[2023-11-08T18:54:52.962+0100][gc,cpu        ] GC(777) User=0,04s Sys=0,00s Real=0,00s
[2023-11-08T18:54:52.962+0100][gc            ] GC(778) Concurrent Cycle
[2023-11-08T18:54:52.962+0100][gc,marking    ] GC(778) Concurrent Clear Claimed Marks
[2023-11-08T18:54:52.962+0100][gc,marking    ] GC(778) Concurrent Clear Claimed Marks 0,319ms
[2023-11-08T18:54:52.962+0100][gc,marking    ] GC(778) Concurrent Scan Root Regions
[2023-11-08T18:54:52.964+0100][gc,marking    ] GC(778) Concurrent Scan Root Regions 2,232ms
[2023-11-08T18:54:52.964+0100][gc,marking    ] GC(778) Concurrent Mark (5964,573s)
[2023-11-08T18:54:52.964+0100][gc,marking    ] GC(778) Concurrent Mark From Roots
[2023-11-08T18:54:52.964+0100][gc,task       ] GC(778) Using 3 workers of 3 for marking
[2023-11-08T18:54:52.987+0100][gc,marking    ] GC(778) Concurrent Mark From Roots 22,495ms
[2023-11-08T18:54:52.987+0100][gc,marking    ] GC(778) Concurrent Preclean
[2023-11-08T18:54:52.987+0100][gc,marking    ] GC(778) Concurrent Preclean 0,216ms
[2023-11-08T18:54:52.987+0100][gc,marking    ] GC(778) Concurrent Mark (5964,573s, 5964,596s) 22,764ms
[2023-11-08T18:54:52.987+0100][gc,start      ] GC(778) Pause Remark
[2023-11-08T18:54:52.991+0100][gc,stringtable] GC(778) Cleaned string and symbol table, strings: 18387 processed, 0 removed, symbols: 94772 processed, 0 removed
[2023-11-08T18:54:52.991+0100][gc            ] GC(778) Pause Remark 228M->228M(1024M) 3,926ms
[2023-11-08T18:54:52.991+0100][gc,cpu        ] GC(778) User=0,04s Sys=0,00s Real=0,00s
[2023-11-08T18:54:52.991+0100][gc,marking    ] GC(778) Concurrent Rebuild Remembered Sets
[2023-11-08T18:54:53.006+0100][gc,marking    ] GC(778) Concurrent Rebuild Remembered Sets 14,975ms
[2023-11-08T18:54:53.006+0100][gc,start      ] GC(778) Pause Cleanup
[2023-11-08T18:54:53.006+0100][gc            ] GC(778) Pause Cleanup 234M->234M(1024M) 0,173ms
[2023-11-08T18:54:53.006+0100][gc,cpu        ] GC(778) User=0,00s Sys=0,00s Real=0,00s
[2023-11-08T18:54:53.006+0100][gc,marking    ] GC(778) Concurrent Cleanup for Next Mark
[2023-11-08T18:54:53.008+0100][gc,marking    ] GC(778) Concurrent Cleanup for Next Mark 1,706ms
[2023-11-08T18:54:53.008+0100][gc            ] GC(778) Concurrent Cycle 46,648ms
[2023-11-08T18:54:53.109+0100][gc,start      ] GC(779) Pause Young (Prepare Mixed) (G1 Evacuation Pause)
[2023-11-08T18:54:53.109+0100][gc,task       ] GC(779) Using 13 workers of 13 for evacuation
[2023-11-08T18:54:53.115+0100][gc,phases     ] GC(779)   Pre Evacuate Collection Set: 0,0ms
[2023-11-08T18:54:53.116+0100][gc,phases     ] GC(779)   Evacuate Collection Set: 5,6ms
[2023-11-08T18:54:53.116+0100][gc,phases     ] GC(779)   Post Evacuate Collection Set: 0,5ms
[2023-11-08T18:54:53.116+0100][gc,phases     ] GC(779)   Other: 0,2ms
[2023-11-08T18:54:53.116+0100][gc,heap       ] GC(779) Eden regions: 43->0(47)
[2023-11-08T18:54:53.116+0100][gc,heap       ] GC(779) Survivor regions: 8->4(7)
[2023-11-08T18:54:53.116+0100][gc,heap       ] GC(779) Old regions: 87->91
[2023-11-08T18:54:53.116+0100][gc,heap       ] GC(779) Humongous regions: 129->129
[2023-11-08T18:54:53.116+0100][gc,metaspace  ] GC(779) Metaspace: 48221K(52224K)->48221K(52224K) NonClass: 42264K(44544K)->42264K(44544K) Class: 5956K(7680K)->5956K(7680K)
[2023-11-08T18:54:53.116+0100][gc            ] GC(779) Pause Young (Prepare Mixed) (G1 Evacuation Pause) 264M->221M(1024M) 6,478ms
[2023-11-08T18:54:53.116+0100][gc,cpu        ] GC(779) User=0,06s Sys=0,00s Real=0,01s
[2023-11-08T18:54:53.266+0100][gc,start      ] GC(780) Pause Young (Mixed) (G1 Evacuation Pause)
[2023-11-08T18:54:53.266+0100][gc,task       ] GC(780) Using 13 workers of 13 for evacuation
[2023-11-08T18:54:53.270+0100][gc,phases     ] GC(780)   Pre Evacuate Collection Set: 0,0ms
[2023-11-08T18:54:53.270+0100][gc,phases     ] GC(780)   Evacuate Collection Set: 3,7ms
[2023-11-08T18:54:53.270+0100][gc,phases     ] GC(780)   Post Evacuate Collection Set: 0,4ms
[2023-11-08T18:54:53.270+0100][gc,phases     ] GC(780)   Other: 0,2ms
[2023-11-08T18:54:53.270+0100][gc,heap       ] GC(780) Eden regions: 47->0(284)
[2023-11-08T18:54:53.270+0100][gc,heap       ] GC(780) Survivor regions: 4->5(7)
[2023-11-08T18:54:53.270+0100][gc,heap       ] GC(780) Old regions: 91->90
[2023-11-08T18:54:53.270+0100][gc,heap       ] GC(780) Humongous regions: 129->129
[2023-11-08T18:54:53.270+0100][gc,metaspace  ] GC(780) Metaspace: 48221K(52224K)->48221K(52224K) NonClass: 42264K(44544K)->42264K(44544K) Class: 5956K(7680K)->5956K(7680K)
[2023-11-08T18:54:53.270+0100][gc            ] GC(780) Pause Young (Mixed) (G1 Evacuation Pause) 268M->221M(1024M) 4,467ms
[2023-11-08T18:54:53.270+0100][gc,cpu        ] GC(780) User=0,04s Sys=0,00s Real=0,00s
[2023-11-08T18:54:54.215+0100][gc,start      ] GC(781) Pause Young (Normal) (G1 Evacuation Pause)
[2023-11-08T18:54:54.215+0100][gc,task       ] GC(781) Using 13 workers of 13 for evacuation
[2023-11-08T18:54:54.218+0100][gc,phases     ] GC(781)   Pre Evacuate Collection Set: 0,0ms
[2023-11-08T18:54:54.218+0100][gc,phases     ] GC(781)   Evacuate Collection Set: 2,7ms
[2023-11-08T18:54:54.218+0100][gc,phases     ] GC(781)   Post Evacuate Collection Set: 0,5ms
[2023-11-08T18:54:54.218+0100][gc,phases     ] GC(781)   Other: 0,2ms
[2023-11-08T18:54:54.218+0100][gc,heap       ] GC(781) Eden regions: 284->0(306)
[2023-11-08T18:54:54.218+0100][gc,heap       ] GC(781) Survivor regions: 5->5(37)
[2023-11-08T18:54:54.218+0100][gc,heap       ] GC(781) Old regions: 90->90
[2023-11-08T18:54:54.218+0100][gc,heap       ] GC(781) Humongous regions: 129->129
[2023-11-08T18:54:54.218+0100][gc,metaspace  ] GC(781) Metaspace: 48221K(52224K)->48221K(52224K) NonClass: 42264K(44544K)->42264K(44544K) Class: 5956K(7680K)->5956K(7680K)
[2023-11-08T18:54:54.219+0100][gc            ] GC(781) Pause Young (Normal) (G1 Evacuation Pause) 505M->222M(1024M) 3,504ms
[2023-11-08T18:54:54.219+0100][gc,cpu        ] GC(781) User=0,02s Sys=0,02s Real=0,00s
[2023-11-08T18:54:55.225+0100][gc,start      ] GC(782) Pause Young (Normal) (G1 Evacuation Pause)
[2023-11-08T18:54:55.225+0100][gc,task       ] GC(782) Using 13 workers of 13 for evacuation
[2023-11-08T18:54:55.229+0100][gc,phases     ] GC(782)   Pre Evacuate Collection Set: 0,0ms
[2023-11-08T18:54:55.229+0100][gc,phases     ] GC(782)   Evacuate Collection Set: 3,3ms
[2023-11-08T18:54:55.229+0100][gc,phases     ] GC(782)   Post Evacuate Collection Set: 0,7ms
[2023-11-08T18:54:55.229+0100][gc,phases     ] GC(782)   Other: 0,3ms
[2023-11-08T18:54:55.229+0100][gc,heap       ] GC(782) Eden regions: 306->0(355)
[2023-11-08T18:54:55.229+0100][gc,heap       ] GC(782) Survivor regions: 5->6(39)
[2023-11-08T18:54:55.229+0100][gc,heap       ] GC(782) Old regions: 90->90
[2023-11-08T18:54:55.229+0100][gc,heap       ] GC(782) Humongous regions: 129->129
[2023-11-08T18:54:55.229+0100][gc,metaspace  ] GC(782) Metaspace: 48221K(52224K)->48221K(52224K) NonClass: 42264K(44544K)->42264K(44544K) Class: 5956K(7680K)->5956K(7680K)
[2023-11-08T18:54:55.229+0100][gc            ] GC(782) Pause Young (Normal) (G1 Evacuation Pause) 528M->223M(1024M) 4,507ms
[2023-11-08T18:54:55.229+0100][gc,cpu        ] GC(782) User=0,04s Sys=0,00s Real=0,00s
[2023-11-08T18:54:56.401+0100][gc,start      ] GC(783) Pause Young (Normal) (G1 Evacuation Pause)
[2023-11-08T18:54:56.401+0100][gc,task       ] GC(783) Using 13 workers of 13 for evacuation
[2023-11-08T18:54:56.406+0100][gc,phases     ] GC(783)   Pre Evacuate Collection Set: 0,0ms
[2023-11-08T18:54:56.406+0100][gc,phases     ] GC(783)   Evacuate Collection Set: 3,7ms
[2023-11-08T18:54:56.406+0100][gc,phases     ] GC(783)   Post Evacuate Collection Set: 0,6ms
[2023-11-08T18:54:56.406+0100][gc,phases     ] GC(783)   Other: 0,3ms
[2023-11-08T18:54:56.406+0100][gc,heap       ] GC(783) Eden regions: 355->0(405)
[2023-11-08T18:54:56.406+0100][gc,heap       ] GC(783) Survivor regions: 6->7(46)
[2023-11-08T18:54:56.406+0100][gc,heap       ] GC(783) Old regions: 90->90
[2023-11-08T18:54:56.406+0100][gc,heap       ] GC(783) Humongous regions: 129->129
[2023-11-08T18:54:56.406+0100][gc,metaspace  ] GC(783) Metaspace: 48221K(52224K)->48221K(52224K) NonClass: 42264K(44544K)->42264K(44544K) Class: 5956K(7680K)->5956K(7680K)
[2023-11-08T18:54:56.406+0100][gc            ] GC(783) Pause Young (Normal) (G1 Evacuation Pause) 578M->223M(1024M) 4,773ms
[2023-11-08T18:54:56.406+0100][gc,cpu        ] GC(783) User=0,05s Sys=0,00s Real=0,01s
[2023-11-08T18:54:57.744+0100][gc,start      ] GC(784) Pause Young (Normal) (G1 Evacuation Pause)
[2023-11-08T18:54:57.744+0100][gc,task       ] GC(784) Using 13 workers of 13 for evacuation
[2023-11-08T18:54:57.749+0100][gc,phases     ] GC(784)   Pre Evacuate Collection Set: 0,0ms
[2023-11-08T18:54:57.749+0100][gc,phases     ] GC(784)   Evacuate Collection Set: 4,4ms
[2023-11-08T18:54:57.749+0100][gc,phases     ] GC(784)   Post Evacuate Collection Set: 0,5ms
[2023-11-08T18:54:57.749+0100][gc,phases     ] GC(784)   Other: 0,2ms
[2023-11-08T18:54:57.749+0100][gc,heap       ] GC(784) Eden regions: 405->0(470)
[2023-11-08T18:54:57.749+0100][gc,heap       ] GC(784) Survivor regions: 7->8(52)
[2023-11-08T18:54:57.749+0100][gc,heap       ] GC(784) Old regions: 90->90
[2023-11-08T18:54:57.749+0100][gc,heap       ] GC(784) Humongous regions: 129->129
[2023-11-08T18:54:57.749+0100][gc,metaspace  ] GC(784) Metaspace: 48287K(52224K)->48287K(52224K) NonClass: 42312K(44544K)->42312K(44544K) Class: 5975K(7680K)->5975K(7680K)
[2023-11-08T18:54:57.749+0100][gc            ] GC(784) Pause Young (Normal) (G1 Evacuation Pause) 628M->225M(1024M) 5,213ms
[2023-11-08T18:54:57.749+0100][gc,cpu        ] GC(784) User=0,04s Sys=0,01s Real=0,00s
[2023-11-08T18:54:59.311+0100][gc,start      ] GC(785) Pause Young (Concurrent Start) (G1 Evacuation Pause)
[2023-11-08T18:54:59.311+0100][gc,task       ] GC(785) Using 13 workers of 13 for evacuation
[2023-11-08T18:54:59.316+0100][gc,phases     ] GC(785)   Pre Evacuate Collection Set: 0,2ms
[2023-11-08T18:54:59.316+0100][gc,phases     ] GC(785)   Evacuate Collection Set: 4,4ms
[2023-11-08T18:54:59.316+0100][gc,phases     ] GC(785)   Post Evacuate Collection Set: 0,6ms
[2023-11-08T18:54:59.316+0100][gc,phases     ] GC(785)   Other: 0,3ms
[2023-11-08T18:54:59.316+0100][gc,heap       ] GC(785) Eden regions: 470->0(521)
[2023-11-08T18:54:59.316+0100][gc,heap       ] GC(785) Survivor regions: 8->10(60)
[2023-11-08T18:54:59.316+0100][gc,heap       ] GC(785) Old regions: 90->90
[2023-11-08T18:54:59.316+0100][gc,heap       ] GC(785) Humongous regions: 129->129
[2023-11-08T18:54:59.316+0100][gc,metaspace  ] GC(785) Metaspace: 48287K(52224K)->48287K(52224K) NonClass: 42312K(44544K)->42312K(44544K) Class: 5975K(7680K)->5975K(7680K)
[2023-11-08T18:54:59.316+0100][gc            ] GC(785) Pause Young (Concurrent Start) (G1 Evacuation Pause) 695M->226M(1024M) 5,507ms
[2023-11-08T18:54:59.316+0100][gc,cpu        ] GC(785) User=0,05s Sys=0,01s Real=0,01s
[2023-11-08T18:54:59.316+0100][gc            ] GC(786) Concurrent Cycle
[2023-11-08T18:54:59.316+0100][gc,marking    ] GC(786) Concurrent Clear Claimed Marks
[2023-11-08T18:54:59.317+0100][gc,marking    ] GC(786) Concurrent Clear Claimed Marks 0,210ms
[2023-11-08T18:54:59.317+0100][gc,marking    ] GC(786) Concurrent Scan Root Regions
[2023-11-08T18:54:59.319+0100][gc,marking    ] GC(786) Concurrent Scan Root Regions 2,661ms
[2023-11-08T18:54:59.319+0100][gc,marking    ] GC(786) Concurrent Mark (5970,928s)
[2023-11-08T18:54:59.319+0100][gc,marking    ] GC(786) Concurrent Mark From Roots
[2023-11-08T18:54:59.319+0100][gc,task       ] GC(786) Using 3 workers of 3 for marking
[2023-11-08T18:54:59.343+0100][gc,marking    ] GC(786) Concurrent Mark From Roots 23,144ms
[2023-11-08T18:54:59.343+0100][gc,marking    ] GC(786) Concurrent Preclean
[2023-11-08T18:54:59.343+0100][gc,marking    ] GC(786) Concurrent Preclean 0,225ms
[2023-11-08T18:54:59.343+0100][gc,marking    ] GC(786) Concurrent Mark (5970,928s, 5970,951s) 23,436ms
[2023-11-08T18:54:59.343+0100][gc,start      ] GC(786) Pause Remark
[2023-11-08T18:54:59.348+0100][gc,stringtable] GC(786) Cleaned string and symbol table, strings: 18401 processed, 0 removed, symbols: 94795 processed, 0 removed
[2023-11-08T18:54:59.348+0100][gc            ] GC(786) Pause Remark 237M->237M(1024M) 4,801ms
[2023-11-08T18:54:59.348+0100][gc,cpu        ] GC(786) User=0,03s Sys=0,02s Real=0,00s
[2023-11-08T18:54:59.348+0100][gc,marking    ] GC(786) Concurrent Rebuild Remembered Sets
[2023-11-08T18:54:59.364+0100][gc,marking    ] GC(786) Concurrent Rebuild Remembered Sets 16,145ms
[2023-11-08T18:54:59.364+0100][gc,start      ] GC(786) Pause Cleanup
[2023-11-08T18:54:59.364+0100][gc            ] GC(786) Pause Cleanup 242M->242M(1024M) 0,206ms
[2023-11-08T18:54:59.364+0100][gc,cpu        ] GC(786) User=0,00s Sys=0,00s Real=0,00s
[2023-11-08T18:54:59.364+0100][gc,marking    ] GC(786) Concurrent Cleanup for Next Mark
[2023-11-08T18:54:59.366+0100][gc,marking    ] GC(786) Concurrent Cleanup for Next Mark 1,717ms
[2023-11-08T18:54:59.366+0100][gc            ] GC(786) Concurrent Cycle 49,758ms
[2023-11-08T18:54:59.453+0100][gc,start      ] GC(787) Pause Young (Normal) (G1 Evacuation Pause)
[2023-11-08T18:54:59.453+0100][gc,task       ] GC(787) Using 13 workers of 13 for evacuation
[2023-11-08T18:54:59.458+0100][gc,phases     ] GC(787)   Pre Evacuate Collection Set: 0,0ms
[2023-11-08T18:54:59.459+0100][gc,phases     ] GC(787)   Evacuate Collection Set: 5,1ms
[2023-11-08T18:54:59.459+0100][gc,phases     ] GC(787)   Post Evacuate Collection Set: 0,5ms
[2023-11-08T18:54:59.459+0100][gc,phases     ] GC(787)   Other: 0,2ms
[2023-11-08T18:54:59.459+0100][gc,heap       ] GC(787) Eden regions: 41->0(507)
[2023-11-08T18:54:59.459+0100][gc,heap       ] GC(787) Survivor regions: 10->5(7)
[2023-11-08T18:54:59.459+0100][gc,heap       ] GC(787) Old regions: 90->95
[2023-11-08T18:54:59.459+0100][gc,heap       ] GC(787) Humongous regions: 129->129
[2023-11-08T18:54:59.459+0100][gc,metaspace  ] GC(787) Metaspace: 48287K(52224K)->48287K(52224K) NonClass: 42312K(44544K)->42312K(44544K) Class: 5975K(7680K)->5975K(7680K)
[2023-11-08T18:54:59.459+0100][gc            ] GC(787) Pause Young (Normal) (G1 Evacuation Pause) 267M->226M(1024M) 5,926ms
[2023-11-08T18:54:59.459+0100][gc,cpu        ] GC(787) User=0,05s Sys=0,02s Real=0,01s
[2023-11-08T18:55:01.155+0100][gc,start      ] GC(788) Pause Young (Concurrent Start) (G1 Evacuation Pause)
[2023-11-08T18:55:01.155+0100][gc,task       ] GC(788) Using 13 workers of 13 for evacuation
[2023-11-08T18:55:01.160+0100][gc,phases     ] GC(788)   Pre Evacuate Collection Set: 0,2ms
[2023-11-08T18:55:01.160+0100][gc,phases     ] GC(788)   Evacuate Collection Set: 3,2ms
[2023-11-08T18:55:01.160+0100][gc,phases     ] GC(788)   Post Evacuate Collection Set: 0,6ms
[2023-11-08T18:55:01.160+0100][gc,phases     ] GC(788)   Other: 0,2ms
[2023-11-08T18:55:01.160+0100][gc,heap       ] GC(788) Eden regions: 507->0(527)
[2023-11-08T18:55:01.160+0100][gc,heap       ] GC(788) Survivor regions: 5->6(64)
[2023-11-08T18:55:01.160+0100][gc,heap       ] GC(788) Old regions: 95->95
[2023-11-08T18:55:01.160+0100][gc,heap       ] GC(788) Humongous regions: 129->129
[2023-11-08T18:55:01.160+0100][gc,metaspace  ] GC(788) Metaspace: 48287K(52224K)->48287K(52224K) NonClass: 42312K(44544K)->42312K(44544K) Class: 5975K(7680K)->5975K(7680K)
[2023-11-08T18:55:01.160+0100][gc            ] GC(788) Pause Young (Concurrent Start) (G1 Evacuation Pause) 733M->227M(1024M) 4,331ms
[2023-11-08T18:55:01.160+0100][gc,cpu        ] GC(788) User=0,00s Sys=0,04s Real=0,00s
[2023-11-08T18:55:01.160+0100][gc            ] GC(789) Concurrent Cycle
[2023-11-08T18:55:01.160+0100][gc,marking    ] GC(789) Concurrent Clear Claimed Marks
[2023-11-08T18:55:01.160+0100][gc,marking    ] GC(789) Concurrent Clear Claimed Marks 0,354ms
[2023-11-08T18:55:01.160+0100][gc,marking    ] GC(789) Concurrent Scan Root Regions
[2023-11-08T18:55:01.162+0100][gc,marking    ] GC(789) Concurrent Scan Root Regions 2,237ms
[2023-11-08T18:55:01.162+0100][gc,marking    ] GC(789) Concurrent Mark (5972,771s)
[2023-11-08T18:55:01.162+0100][gc,marking    ] GC(789) Concurrent Mark From Roots
[2023-11-08T18:55:01.162+0100][gc,task       ] GC(789) Using 3 workers of 3 for marking
[2023-11-08T18:55:01.190+0100][gc,marking    ] GC(789) Concurrent Mark From Roots 27,671ms
[2023-11-08T18:55:01.190+0100][gc,marking    ] GC(789) Concurrent Preclean
[2023-11-08T18:55:01.190+0100][gc,marking    ] GC(789) Concurrent Preclean 0,225ms
[2023-11-08T18:55:01.190+0100][gc,marking    ] GC(789) Concurrent Mark (5972,771s, 5972,799s) 27,963ms
[2023-11-08T18:55:01.191+0100][gc,start      ] GC(789) Pause Remark
[2023-11-08T18:55:01.194+0100][gc,stringtable] GC(789) Cleaned string and symbol table, strings: 18401 processed, 0 removed, symbols: 94795 processed, 0 removed
[2023-11-08T18:55:01.194+0100][gc            ] GC(789) Pause Remark 238M->238M(1024M) 3,507ms
[2023-11-08T18:55:01.194+0100][gc,cpu        ] GC(789) User=0,04s Sys=0,00s Real=0,00s
[2023-11-08T18:55:01.194+0100][gc,marking    ] GC(789) Concurrent Rebuild Remembered Sets
[2023-11-08T18:55:01.212+0100][gc,marking    ] GC(789) Concurrent Rebuild Remembered Sets 18,032ms
[2023-11-08T18:55:01.212+0100][gc,start      ] GC(789) Pause Cleanup
[2023-11-08T18:55:01.212+0100][gc            ] GC(789) Pause Cleanup 244M->244M(1024M) 0,169ms
[2023-11-08T18:55:01.213+0100][gc,cpu        ] GC(789) User=0,00s Sys=0,00s Real=0,00s
[2023-11-08T18:55:01.213+0100][gc,marking    ] GC(789) Concurrent Cleanup for Next Mark
[2023-11-08T18:55:01.214+0100][gc,marking    ] GC(789) Concurrent Cleanup for Next Mark 1,897ms
[2023-11-08T18:55:01.215+0100][gc            ] GC(789) Concurrent Cycle 54,820ms
[2023-11-08T18:55:01.299+0100][gc,start      ] GC(790) Pause Young (Prepare Mixed) (G1 Evacuation Pause)
[2023-11-08T18:55:01.299+0100][gc,task       ] GC(790) Using 13 workers of 13 for evacuation
[2023-11-08T18:55:01.303+0100][gc,phases     ] GC(790)   Pre Evacuate Collection Set: 0,0ms
[2023-11-08T18:55:01.304+0100][gc,phases     ] GC(790)   Evacuate Collection Set: 4,1ms
[2023-11-08T18:55:01.304+0100][gc,phases     ] GC(790)   Post Evacuate Collection Set: 0,4ms
[2023-11-08T18:55:01.304+0100][gc,phases     ] GC(790)   Other: 0,2ms
[2023-11-08T18:55:01.304+0100][gc,heap       ] GC(790) Eden regions: 45->0(47)
[2023-11-08T18:55:01.304+0100][gc,heap       ] GC(790) Survivor regions: 6->4(7)
[2023-11-08T18:55:01.304+0100][gc,heap       ] GC(790) Old regions: 95->98
[2023-11-08T18:55:01.304+0100][gc,heap       ] GC(790) Humongous regions: 129->129
[2023-11-08T18:55:01.304+0100][gc,metaspace  ] GC(790) Metaspace: 48287K(52224K)->48287K(52224K) NonClass: 42312K(44544K)->42312K(44544K) Class: 5975K(7680K)->5975K(7680K)
[2023-11-08T18:55:01.304+0100][gc            ] GC(790) Pause Young (Prepare Mixed) (G1 Evacuation Pause) 272M->228M(1024M) 4,813ms
[2023-11-08T18:55:01.304+0100][gc,cpu        ] GC(790) User=0,04s Sys=0,00s Real=0,01s
[2023-11-08T18:55:01.464+0100][gc,start      ] GC(791) Pause Young (Mixed) (G1 Evacuation Pause)
[2023-11-08T18:55:01.464+0100][gc,task       ] GC(791) Using 13 workers of 13 for evacuation
[2023-11-08T18:55:01.468+0100][gc,phases     ] GC(791)   Pre Evacuate Collection Set: 0,0ms
[2023-11-08T18:55:01.468+0100][gc,phases     ] GC(791)   Evacuate Collection Set: 2,8ms
[2023-11-08T18:55:01.468+0100][gc,phases     ] GC(791)   Post Evacuate Collection Set: 0,5ms
[2023-11-08T18:55:01.468+0100][gc,phases     ] GC(791)   Other: 0,3ms
[2023-11-08T18:55:01.468+0100][gc,heap       ] GC(791) Eden regions: 47->0(599)
[2023-11-08T18:55:01.468+0100][gc,heap       ] GC(791) Survivor regions: 4->4(7)
[2023-11-08T18:55:01.468+0100][gc,heap       ] GC(791) Old regions: 98->97
[2023-11-08T18:55:01.468+0100][gc,heap       ] GC(791) Humongous regions: 129->129
[2023-11-08T18:55:01.468+0100][gc,metaspace  ] GC(791) Metaspace: 48287K(52224K)->48287K(52224K) NonClass: 42312K(44544K)->42312K(44544K) Class: 5975K(7680K)->5975K(7680K)
[2023-11-08T18:55:01.468+0100][gc            ] GC(791) Pause Young (Mixed) (G1 Evacuation Pause) 275M->227M(1024M) 3,748ms
[2023-11-08T18:55:01.468+0100][gc,cpu        ] GC(791) User=0,03s Sys=0,00s Real=0,00s
[2023-11-08T18:55:03.474+0100][gc,start      ] GC(792) Pause Young (Normal) (G1 Evacuation Pause)
[2023-11-08T18:55:03.474+0100][gc,task       ] GC(792) Using 13 workers of 13 for evacuation
[2023-11-08T18:55:03.480+0100][gc,phases     ] GC(792)   Pre Evacuate Collection Set: 0,0ms
[2023-11-08T18:55:03.480+0100][gc,phases     ] GC(792)   Evacuate Collection Set: 4,5ms
[2023-11-08T18:55:03.480+0100][gc,phases     ] GC(792)   Post Evacuate Collection Set: 1,0ms
[2023-11-08T18:55:03.480+0100][gc,phases     ] GC(792)   Other: 0,3ms
[2023-11-08T18:55:03.480+0100][gc,heap       ] GC(792) Eden regions: 599->0(46)
[2023-11-08T18:55:03.480+0100][gc,heap       ] GC(792) Survivor regions: 4->5(76)
[2023-11-08T18:55:03.480+0100][gc,heap       ] GC(792) Old regions: 97->97
[2023-11-08T18:55:03.480+0100][gc,heap       ] GC(792) Humongous regions: 129->129
[2023-11-08T18:55:03.480+0100][gc,metaspace  ] GC(792) Metaspace: 48287K(52224K)->48287K(52224K) NonClass: 42312K(44544K)->42312K(44544K) Class: 5975K(7680K)->5975K(7680K)
[2023-11-08T18:55:03.480+0100][gc            ] GC(792) Pause Young (Normal) (G1 Evacuation Pause) 826M->228M(1024M) 5,909ms
[2023-11-08T18:55:03.480+0100][gc,cpu        ] GC(792) User=0,05s Sys=0,00s Real=0,01s
[2023-11-08T18:55:03.632+0100][gc,start      ] GC(793) Pause Young (Normal) (G1 Evacuation Pause)
[2023-11-08T18:55:03.632+0100][gc,task       ] GC(793) Using 13 workers of 13 for evacuation
[2023-11-08T18:55:03.636+0100][gc,phases     ] GC(793)   Pre Evacuate Collection Set: 0,0ms
[2023-11-08T18:55:03.636+0100][gc,phases     ] GC(793)   Evacuate Collection Set: 2,8ms
[2023-11-08T18:55:03.636+0100][gc,phases     ] GC(793)   Post Evacuate Collection Set: 0,4ms
[2023-11-08T18:55:03.636+0100][gc,phases     ] GC(793)   Other: 0,2ms
[2023-11-08T18:55:03.636+0100][gc,heap       ] GC(793) Eden regions: 46->0(47)
[2023-11-08T18:55:03.636+0100][gc,heap       ] GC(793) Survivor regions: 5->4(7)
[2023-11-08T18:55:03.636+0100][gc,heap       ] GC(793) Old regions: 97->98
[2023-11-08T18:55:03.636+0100][gc,heap       ] GC(793) Humongous regions: 129->129
[2023-11-08T18:55:03.636+0100][gc,metaspace  ] GC(793) Metaspace: 48287K(52224K)->48287K(52224K) NonClass: 42312K(44544K)->42312K(44544K) Class: 5975K(7680K)->5975K(7680K)
[2023-11-08T18:55:03.636+0100][gc            ] GC(793) Pause Young (Normal) (G1 Evacuation Pause) 274M->229M(1024M) 3,557ms
[2023-11-08T18:55:03.636+0100][gc,cpu        ] GC(793) User=0,02s Sys=0,00s Real=0,01s
[2023-11-08T18:55:03.784+0100][gc,start      ] GC(794) Pause Young (Normal) (G1 Evacuation Pause)
[2023-11-08T18:55:03.784+0100][gc,task       ] GC(794) Using 13 workers of 13 for evacuation
[2023-11-08T18:55:03.787+0100][gc,phases     ] GC(794)   Pre Evacuate Collection Set: 0,0ms
[2023-11-08T18:55:03.787+0100][gc,phases     ] GC(794)   Evacuate Collection Set: 2,5ms
[2023-11-08T18:55:03.787+0100][gc,phases     ] GC(794)   Post Evacuate Collection Set: 0,4ms
[2023-11-08T18:55:03.787+0100][gc,phases     ] GC(794)   Other: 0,2ms
[2023-11-08T18:55:03.787+0100][gc,heap       ] GC(794) Eden regions: 47->0(99)
[2023-11-08T18:55:03.787+0100][gc,heap       ] GC(794) Survivor regions: 4->5(7)
[2023-11-08T18:55:03.787+0100][gc,heap       ] GC(794) Old regions: 98->98
[2023-11-08T18:55:03.787+0100][gc,heap       ] GC(794) Humongous regions: 129->129
[2023-11-08T18:55:03.787+0100][gc,metaspace  ] GC(794) Metaspace: 48287K(52224K)->48287K(52224K) NonClass: 42312K(44544K)->42312K(44544K) Class: 5975K(7680K)->5975K(7680K)
[2023-11-08T18:55:03.787+0100][gc            ] GC(794) Pause Young (Normal) (G1 Evacuation Pause) 276M->229M(1024M) 3,200ms
[2023-11-08T18:55:03.787+0100][gc,cpu        ] GC(794) User=0,01s Sys=0,02s Real=0,00s
[2023-11-08T18:55:04.123+0100][gc,start      ] GC(795) Pause Young (Normal) (G1 Evacuation Pause)
[2023-11-08T18:55:04.123+0100][gc,task       ] GC(795) Using 13 workers of 13 for evacuation
[2023-11-08T18:55:04.126+0100][gc,phases     ] GC(795)   Pre Evacuate Collection Set: 0,0ms
[2023-11-08T18:55:04.126+0100][gc,phases     ] GC(795)   Evacuate Collection Set: 2,6ms
[2023-11-08T18:55:04.126+0100][gc,phases     ] GC(795)   Post Evacuate Collection Set: 0,5ms
[2023-11-08T18:55:04.126+0100][gc,phases     ] GC(795)   Other: 0,2ms
[2023-11-08T18:55:04.126+0100][gc,heap       ] GC(795) Eden regions: 99->0(191)
[2023-11-08T18:55:04.126+0100][gc,heap       ] GC(795) Survivor regions: 5->5(13)
[2023-11-08T18:55:04.126+0100][gc,heap       ] GC(795) Old regions: 98->98
[2023-11-08T18:55:04.126+0100][gc,heap       ] GC(795) Humongous regions: 129->129
[2023-11-08T18:55:04.126+0100][gc,metaspace  ] GC(795) Metaspace: 48287K(52224K)->48287K(52224K) NonClass: 42312K(44544K)->42312K(44544K) Class: 5975K(7680K)->5975K(7680K)
[2023-11-08T18:55:04.126+0100][gc            ] GC(795) Pause Young (Normal) (G1 Evacuation Pause) 328M->229M(1024M) 3,504ms
[2023-11-08T18:55:04.126+0100][gc,cpu        ] GC(795) User=0,01s Sys=0,02s Real=0,01s
[2023-11-08T18:55:04.760+0100][gc,start      ] GC(796) Pause Young (Normal) (G1 Evacuation Pause)
[2023-11-08T18:55:04.760+0100][gc,task       ] GC(796) Using 13 workers of 13 for evacuation
[2023-11-08T18:55:04.764+0100][gc,phases     ] GC(796)   Pre Evacuate Collection Set: 0,0ms
[2023-11-08T18:55:04.764+0100][gc,phases     ] GC(796)   Evacuate Collection Set: 2,8ms
[2023-11-08T18:55:04.764+0100][gc,phases     ] GC(796)   Post Evacuate Collection Set: 1,0ms
[2023-11-08T18:55:04.765+0100][gc,phases     ] GC(796)   Other: 0,2ms
[2023-11-08T18:55:04.765+0100][gc,heap       ] GC(796) Eden regions: 191->0(251)
[2023-11-08T18:55:04.765+0100][gc,heap       ] GC(796) Survivor regions: 5->5(25)
[2023-11-08T18:55:04.765+0100][gc,heap       ] GC(796) Old regions: 98->98
[2023-11-08T18:55:04.765+0100][gc,heap       ] GC(796) Humongous regions: 129->129
[2023-11-08T18:55:04.765+0100][gc,metaspace  ] GC(796) Metaspace: 48287K(52224K)->48287K(52224K) NonClass: 42312K(44544K)->42312K(44544K) Class: 5975K(7680K)->5975K(7680K)
[2023-11-08T18:55:04.765+0100][gc            ] GC(796) Pause Young (Normal) (G1 Evacuation Pause) 420M->230M(1024M) 4,248ms
[2023-11-08T18:55:04.765+0100][gc,cpu        ] GC(796) User=0,02s Sys=0,01s Real=0,01s
[2023-11-08T18:55:05.592+0100][gc,start      ] GC(797) Pause Young (Normal) (G1 Evacuation Pause)
[2023-11-08T18:55:05.592+0100][gc,task       ] GC(797) Using 13 workers of 13 for evacuation
[2023-11-08T18:55:05.595+0100][gc,phases     ] GC(797)   Pre Evacuate Collection Set: 0,0ms
[2023-11-08T18:55:05.595+0100][gc,phases     ] GC(797)   Evacuate Collection Set: 2,7ms
[2023-11-08T18:55:05.595+0100][gc,phases     ] GC(797)   Post Evacuate Collection Set: 0,4ms
[2023-11-08T18:55:05.595+0100][gc,phases     ] GC(797)   Other: 0,2ms
[2023-11-08T18:55:05.595+0100][gc,heap       ] GC(797) Eden regions: 251->0(330)
[2023-11-08T18:55:05.595+0100][gc,heap       ] GC(797) Survivor regions: 5->6(32)
[2023-11-08T18:55:05.595+0100][gc,heap       ] GC(797) Old regions: 98->98
[2023-11-08T18:55:05.595+0100][gc,heap       ] GC(797) Humongous regions: 129->129
[2023-11-08T18:55:05.595+0100][gc,metaspace  ] GC(797) Metaspace: 48287K(52224K)->48287K(52224K) NonClass: 42312K(44544K)->42312K(44544K) Class: 5975K(7680K)->5975K(7680K)
[2023-11-08T18:55:05.595+0100][gc            ] GC(797) Pause Young (Normal) (G1 Evacuation Pause) 481M->230M(1024M) 3,433ms
[2023-11-08T18:55:05.595+0100][gc,cpu        ] GC(797) User=0,03s Sys=0,00s Real=0,01s
[2023-11-08T18:55:06.690+0100][gc,start      ] GC(798) Pause Young (Normal) (G1 Evacuation Pause)
[2023-11-08T18:55:06.691+0100][gc,task       ] GC(798) Using 13 workers of 13 for evacuation
[2023-11-08T18:55:06.696+0100][gc,phases     ] GC(798)   Pre Evacuate Collection Set: 0,0ms
[2023-11-08T18:55:06.696+0100][gc,phases     ] GC(798)   Evacuate Collection Set: 4,2ms
[2023-11-08T18:55:06.696+0100][gc,phases     ] GC(798)   Post Evacuate Collection Set: 0,6ms
[2023-11-08T18:55:06.696+0100][gc,phases     ] GC(798)   Other: 0,3ms
[2023-11-08T18:55:06.696+0100][gc,heap       ] GC(798) Eden regions: 330->0(367)
[2023-11-08T18:55:06.696+0100][gc,heap       ] GC(798) Survivor regions: 6->7(42)
[2023-11-08T18:55:06.696+0100][gc,heap       ] GC(798) Old regions: 98->98
[2023-11-08T18:55:06.696+0100][gc,heap       ] GC(798) Humongous regions: 129->129
[2023-11-08T18:55:06.696+0100][gc,metaspace  ] GC(798) Metaspace: 48287K(52224K)->48287K(52224K) NonClass: 42312K(44544K)->42312K(44544K) Class: 5975K(7680K)->5975K(7680K)
[2023-11-08T18:55:06.696+0100][gc            ] GC(798) Pause Young (Normal) (G1 Evacuation Pause) 560M->231M(1024M) 5,230ms
[2023-11-08T18:55:06.696+0100][gc,cpu        ] GC(798) User=0,04s Sys=0,01s Real=0,01s
[2023-11-08T18:55:07.917+0100][gc,start      ] GC(799) Pause Young (Normal) (G1 Evacuation Pause)
[2023-11-08T18:55:07.918+0100][gc,task       ] GC(799) Using 13 workers of 13 for evacuation
[2023-11-08T18:55:07.922+0100][gc,phases     ] GC(799)   Pre Evacuate Collection Set: 0,0ms
[2023-11-08T18:55:07.922+0100][gc,phases     ] GC(799)   Evacuate Collection Set: 3,5ms
[2023-11-08T18:55:07.922+0100][gc,phases     ] GC(799)   Post Evacuate Collection Set: 0,5ms
[2023-11-08T18:55:07.922+0100][gc,phases     ] GC(799)   Other: 0,2ms
[2023-11-08T18:55:07.922+0100][gc,heap       ] GC(799) Eden regions: 367->0(453)
[2023-11-08T18:55:07.922+0100][gc,heap       ] GC(799) Survivor regions: 7->8(47)
[2023-11-08T18:55:07.922+0100][gc,heap       ] GC(799) Old regions: 98->98
[2023-11-08T18:55:07.922+0100][gc,heap       ] GC(799) Humongous regions: 129->129
[2023-11-08T18:55:07.922+0100][gc,metaspace  ] GC(799) Metaspace: 48287K(52224K)->48287K(52224K) NonClass: 42312K(44544K)->42312K(44544K) Class: 5975K(7680K)->5975K(7680K)
[2023-11-08T18:55:07.922+0100][gc            ] GC(799) Pause Young (Normal) (G1 Evacuation Pause) 598M->232M(1024M) 4,370ms
[2023-11-08T18:55:07.922+0100][gc,cpu        ] GC(799) User=0,04s Sys=0,00s Real=0,00s
[2023-11-08T18:55:09.470+0100][gc,start      ] GC(800) Pause Young (Concurrent Start) (G1 Evacuation Pause)
[2023-11-08T18:55:09.470+0100][gc,task       ] GC(800) Using 13 workers of 13 for evacuation
[2023-11-08T18:55:09.475+0100][gc,phases     ] GC(800)   Pre Evacuate Collection Set: 0,3ms
[2023-11-08T18:55:09.475+0100][gc,phases     ] GC(800)   Evacuate Collection Set: 3,9ms
[2023-11-08T18:55:09.475+0100][gc,phases     ] GC(800)   Post Evacuate Collection Set: 0,7ms
[2023-11-08T18:55:09.475+0100][gc,phases     ] GC(800)   Other: 0,3ms
[2023-11-08T18:55:09.475+0100][gc,heap       ] GC(800) Eden regions: 453->0(501)
[2023-11-08T18:55:09.475+0100][gc,heap       ] GC(800) Survivor regions: 8->3(58)
[2023-11-08T18:55:09.475+0100][gc,heap       ] GC(800) Old regions: 98->98
[2023-11-08T18:55:09.475+0100][gc,heap       ] GC(800) Humongous regions: 129->129
[2023-11-08T18:55:09.475+0100][gc,metaspace  ] GC(800) Metaspace: 48287K(52224K)->48287K(52224K) NonClass: 42312K(44544K)->42312K(44544K) Class: 5975K(7680K)->5975K(7680K)
[2023-11-08T18:55:09.475+0100][gc            ] GC(800) Pause Young (Concurrent Start) (G1 Evacuation Pause) 685M->228M(1024M) 5,195ms
[2023-11-08T18:55:09.475+0100][gc,cpu        ] GC(800) User=0,03s Sys=0,02s Real=0,01s
[2023-11-08T18:55:09.476+0100][gc            ] GC(801) Concurrent Cycle
[2023-11-08T18:55:09.476+0100][gc,marking    ] GC(801) Concurrent Clear Claimed Marks
[2023-11-08T18:55:09.476+0100][gc,marking    ] GC(801) Concurrent Clear Claimed Marks 0,322ms
[2023-11-08T18:55:09.476+0100][gc,marking    ] GC(801) Concurrent Scan Root Regions
[2023-11-08T18:55:09.477+0100][gc,marking    ] GC(801) Concurrent Scan Root Regions 1,576ms
[2023-11-08T18:55:09.477+0100][gc,marking    ] GC(801) Concurrent Mark (5981,086s)
[2023-11-08T18:55:09.477+0100][gc,marking    ] GC(801) Concurrent Mark From Roots
[2023-11-08T18:55:09.477+0100][gc,task       ] GC(801) Using 3 workers of 3 for marking
[2023-11-08T18:55:09.496+0100][gc,marking    ] GC(801) Concurrent Mark From Roots 18,004ms
[2023-11-08T18:55:09.496+0100][gc,marking    ] GC(801) Concurrent Preclean
[2023-11-08T18:55:09.496+0100][gc,marking    ] GC(801) Concurrent Preclean 0,212ms
[2023-11-08T18:55:09.496+0100][gc,marking    ] GC(801) Concurrent Mark (5981,086s, 5981,104s) 18,281ms
[2023-11-08T18:55:09.496+0100][gc,start      ] GC(801) Pause Remark
[2023-11-08T18:55:09.499+0100][gc,stringtable] GC(801) Cleaned string and symbol table, strings: 18401 processed, 2 removed, symbols: 94795 processed, 0 removed
[2023-11-08T18:55:09.499+0100][gc            ] GC(801) Pause Remark 238M->237M(1024M) 3,515ms
[2023-11-08T18:55:09.499+0100][gc,cpu        ] GC(801) User=0,03s Sys=0,00s Real=0,00s
[2023-11-08T18:55:09.499+0100][gc,marking    ] GC(801) Concurrent Rebuild Remembered Sets
[2023-11-08T18:55:09.511+0100][gc,marking    ] GC(801) Concurrent Rebuild Remembered Sets 11,275ms
[2023-11-08T18:55:09.511+0100][gc,start      ] GC(801) Pause Cleanup
[2023-11-08T18:55:09.511+0100][gc            ] GC(801) Pause Cleanup 237M->237M(1024M) 0,172ms
[2023-11-08T18:55:09.511+0100][gc,cpu        ] GC(801) User=0,00s Sys=0,00s Real=0,00s
[2023-11-08T18:55:09.511+0100][gc,marking    ] GC(801) Concurrent Cleanup for Next Mark
[2023-11-08T18:55:09.513+0100][gc,marking    ] GC(801) Concurrent Cleanup for Next Mark 1,874ms
[2023-11-08T18:55:09.513+0100][gc            ] GC(801) Concurrent Cycle 37,590ms
[2023-11-08T18:55:09.633+0100][gc,start      ] GC(802) Pause Young (Prepare Mixed) (G1 Evacuation Pause)
[2023-11-08T18:55:09.633+0100][gc,task       ] GC(802) Using 13 workers of 13 for evacuation
[2023-11-08T18:55:09.637+0100][gc,phases     ] GC(802)   Pre Evacuate Collection Set: 0,0ms
[2023-11-08T18:55:09.637+0100][gc,phases     ] GC(802)   Evacuate Collection Set: 3,9ms
[2023-11-08T18:55:09.637+0100][gc,phases     ] GC(802)   Post Evacuate Collection Set: 0,4ms
[2023-11-08T18:55:09.637+0100][gc,phases     ] GC(802)   Other: 0,2ms
[2023-11-08T18:55:09.638+0100][gc,heap       ] GC(802) Eden regions: 48->0(48)
[2023-11-08T18:55:09.638+0100][gc,heap       ] GC(802) Survivor regions: 3->3(7)
[2023-11-08T18:55:09.638+0100][gc,heap       ] GC(802) Old regions: 97->97
[2023-11-08T18:55:09.638+0100][gc,heap       ] GC(802) Humongous regions: 129->129
[2023-11-08T18:55:09.638+0100][gc,metaspace  ] GC(802) Metaspace: 48287K(52224K)->48287K(52224K) NonClass: 42312K(44544K)->42312K(44544K) Class: 5975K(7680K)->5975K(7680K)
[2023-11-08T18:55:09.638+0100][gc            ] GC(802) Pause Young (Prepare Mixed) (G1 Evacuation Pause) 275M->226M(1024M) 4,615ms
[2023-11-08T18:55:09.638+0100][gc,cpu        ] GC(802) User=0,05s Sys=0,00s Real=0,01s
[2023-11-08T18:55:09.795+0100][gc,start      ] GC(803) Pause Young (Mixed) (G1 Evacuation Pause)
[2023-11-08T18:55:09.795+0100][gc,task       ] GC(803) Using 13 workers of 13 for evacuation
[2023-11-08T18:55:09.799+0100][gc,phases     ] GC(803)   Pre Evacuate Collection Set: 0,1ms
[2023-11-08T18:55:09.799+0100][gc,phases     ] GC(803)   Evacuate Collection Set: 3,6ms
[2023-11-08T18:55:09.799+0100][gc,phases     ] GC(803)   Post Evacuate Collection Set: 0,4ms
[2023-11-08T18:55:09.799+0100][gc,phases     ] GC(803)   Other: 0,3ms
[2023-11-08T18:55:09.799+0100][gc,heap       ] GC(803) Eden regions: 48->0(175)
[2023-11-08T18:55:09.799+0100][gc,heap       ] GC(803) Survivor regions: 3->3(7)
[2023-11-08T18:55:09.799+0100][gc,heap       ] GC(803) Old regions: 97->80
[2023-11-08T18:55:09.799+0100][gc,heap       ] GC(803) Humongous regions: 129->129
[2023-11-08T18:55:09.799+0100][gc,metaspace  ] GC(803) Metaspace: 48287K(52224K)->48287K(52224K) NonClass: 42312K(44544K)->42312K(44544K) Class: 5975K(7680K)->5975K(7680K)
[2023-11-08T18:55:09.799+0100][gc            ] GC(803) Pause Young (Mixed) (G1 Evacuation Pause) 274M->209M(1024M) 4,472ms
[2023-11-08T18:55:09.799+0100][gc,cpu        ] GC(803) User=0,04s Sys=0,00s Real=0,00s
[2023-11-08T18:55:10.364+0100][gc,start      ] GC(804) Pause Young (Normal) (G1 Evacuation Pause)
[2023-11-08T18:55:10.364+0100][gc,task       ] GC(804) Using 13 workers of 13 for evacuation
[2023-11-08T18:55:10.367+0100][gc,phases     ] GC(804)   Pre Evacuate Collection Set: 0,0ms
[2023-11-08T18:55:10.367+0100][gc,phases     ] GC(804)   Evacuate Collection Set: 2,7ms
[2023-11-08T18:55:10.367+0100][gc,phases     ] GC(804)   Post Evacuate Collection Set: 0,4ms
[2023-11-08T18:55:10.367+0100][gc,phases     ] GC(804)   Other: 0,2ms
[2023-11-08T18:55:10.367+0100][gc,heap       ] GC(804) Eden regions: 175->0(293)
[2023-11-08T18:55:10.367+0100][gc,heap       ] GC(804) Survivor regions: 3->3(23)
[2023-11-08T18:55:10.367+0100][gc,heap       ] GC(804) Old regions: 80->80
[2023-11-08T18:55:10.367+0100][gc,heap       ] GC(804) Humongous regions: 129->129
[2023-11-08T18:55:10.367+0100][gc,metaspace  ] GC(804) Metaspace: 48287K(52224K)->48287K(52224K) NonClass: 42312K(44544K)->42312K(44544K) Class: 5975K(7680K)->5975K(7680K)
[2023-11-08T18:55:10.367+0100][gc            ] GC(804) Pause Young (Normal) (G1 Evacuation Pause) 384M->209M(1024M) 3,443ms
[2023-11-08T18:55:10.367+0100][gc,cpu        ] GC(804) User=0,03s Sys=0,01s Real=0,00s
[2023-11-08T18:55:11.308+0100][gc,start      ] GC(805) Pause Young (Normal) (G1 Evacuation Pause)
[2023-11-08T18:55:11.308+0100][gc,task       ] GC(805) Using 13 workers of 13 for evacuation
[2023-11-08T18:55:11.312+0100][gc,phases     ] GC(805)   Pre Evacuate Collection Set: 0,0ms
[2023-11-08T18:55:11.312+0100][gc,phases     ] GC(805)   Evacuate Collection Set: 3,5ms
[2023-11-08T18:55:11.312+0100][gc,phases     ] GC(805)   Post Evacuate Collection Set: 0,5ms
[2023-11-08T18:55:11.312+0100][gc,phases     ] GC(805)   Other: 0,2ms
[2023-11-08T18:55:11.312+0100][gc,heap       ] GC(805) Eden regions: 293->0(343)
[2023-11-08T18:55:11.312+0100][gc,heap       ] GC(805) Survivor regions: 3->4(37)
[2023-11-08T18:55:11.312+0100][gc,heap       ] GC(805) Old regions: 80->80
[2023-11-08T18:55:11.312+0100][gc,heap       ] GC(805) Humongous regions: 129->129
[2023-11-08T18:55:11.312+0100][gc,metaspace  ] GC(805) Metaspace: 48287K(52224K)->48287K(52224K) NonClass: 42312K(44544K)->42312K(44544K) Class: 5975K(7680K)->5975K(7680K)
[2023-11-08T18:55:11.312+0100][gc            ] GC(805) Pause Young (Normal) (G1 Evacuation Pause) 502M->210M(1024M) 4,241ms
[2023-11-08T18:55:11.312+0100][gc,cpu        ] GC(805) User=0,03s Sys=0,00s Real=0,00s
[2023-11-08T18:55:12.441+0100][gc,start      ] GC(806) Pause Young (Normal) (G1 Evacuation Pause)
[2023-11-08T18:55:12.441+0100][gc,task       ] GC(806) Using 13 workers of 13 for evacuation
[2023-11-08T18:55:12.445+0100][gc,phases     ] GC(806)   Pre Evacuate Collection Set: 0,0ms
[2023-11-08T18:55:12.445+0100][gc,phases     ] GC(806)   Evacuate Collection Set: 2,6ms
[2023-11-08T18:55:12.445+0100][gc,phases     ] GC(806)   Post Evacuate Collection Set: 0,6ms
[2023-11-08T18:55:12.445+0100][gc,phases     ] GC(806)   Other: 0,3ms
[2023-11-08T18:55:12.445+0100][gc,heap       ] GC(806) Eden regions: 343->0(388)
[2023-11-08T18:55:12.445+0100][gc,heap       ] GC(806) Survivor regions: 4->5(44)
[2023-11-08T18:55:12.445+0100][gc,heap       ] GC(806) Old regions: 80->80
[2023-11-08T18:55:12.445+0100][gc,heap       ] GC(806) Humongous regions: 129->129
[2023-11-08T18:55:12.445+0100][gc,metaspace  ] GC(806) Metaspace: 48287K(52224K)->48287K(52224K) NonClass: 42312K(44544K)->42312K(44544K) Class: 5975K(7680K)->5975K(7680K)
[2023-11-08T18:55:12.445+0100][gc            ] GC(806) Pause Young (Normal) (G1 Evacuation Pause) 553M->211M(1024M) 3,587ms
[2023-11-08T18:55:12.445+0100][gc,cpu        ] GC(806) User=0,03s Sys=0,00s Real=0,01s
[2023-11-08T18:55:13.722+0100][gc,start      ] GC(807) Pause Young (Normal) (G1 Evacuation Pause)
[2023-11-08T18:55:13.722+0100][gc,task       ] GC(807) Using 13 workers of 13 for evacuation
[2023-11-08T18:55:13.726+0100][gc,phases     ] GC(807)   Pre Evacuate Collection Set: 0,0ms
[2023-11-08T18:55:13.726+0100][gc,phases     ] GC(807)   Evacuate Collection Set: 3,5ms
[2023-11-08T18:55:13.726+0100][gc,phases     ] GC(807)   Post Evacuate Collection Set: 0,5ms
[2023-11-08T18:55:13.726+0100][gc,phases     ] GC(807)   Other: 0,2ms
[2023-11-08T18:55:13.726+0100][gc,heap       ] GC(807) Eden regions: 388->0(443)
[2023-11-08T18:55:13.726+0100][gc,heap       ] GC(807) Survivor regions: 5->6(50)
[2023-11-08T18:55:13.726+0100][gc,heap       ] GC(807) Old regions: 80->80
[2023-11-08T18:55:13.726+0100][gc,heap       ] GC(807) Humongous regions: 129->129
[2023-11-08T18:55:13.726+0100][gc,metaspace  ] GC(807) Metaspace: 48287K(52224K)->48287K(52224K) NonClass: 42312K(44544K)->42312K(44544K) Class: 5975K(7680K)->5975K(7680K)
[2023-11-08T18:55:13.726+0100][gc            ] GC(807) Pause Young (Normal) (G1 Evacuation Pause) 599M->212M(1024M) 4,287ms
[2023-11-08T18:55:13.726+0100][gc,cpu        ] GC(807) User=0,03s Sys=0,00s Real=0,01s
[2023-11-08T18:55:15.203+0100][gc,start      ] GC(808) Pause Young (Normal) (G1 Evacuation Pause)
[2023-11-08T18:55:15.203+0100][gc,task       ] GC(808) Using 13 workers of 13 for evacuation
[2023-11-08T18:55:15.208+0100][gc,phases     ] GC(808)   Pre Evacuate Collection Set: 0,0ms
[2023-11-08T18:55:15.208+0100][gc,phases     ] GC(808)   Evacuate Collection Set: 4,6ms
[2023-11-08T18:55:15.208+0100][gc,phases     ] GC(808)   Post Evacuate Collection Set: 0,5ms
[2023-11-08T18:55:15.208+0100][gc,phases     ] GC(808)   Other: 0,2ms
[2023-11-08T18:55:15.208+0100][gc,heap       ] GC(808) Eden regions: 443->0(498)
[2023-11-08T18:55:15.208+0100][gc,heap       ] GC(808) Survivor regions: 6->7(57)
[2023-11-08T18:55:15.208+0100][gc,heap       ] GC(808) Old regions: 80->80
[2023-11-08T18:55:15.208+0100][gc,heap       ] GC(808) Humongous regions: 129->129
[2023-11-08T18:55:15.208+0100][gc,metaspace  ] GC(808) Metaspace: 48287K(52224K)->48287K(52224K) NonClass: 42312K(44544K)->42312K(44544K) Class: 5975K(7680K)->5975K(7680K)
[2023-11-08T18:55:15.208+0100][gc            ] GC(808) Pause Young (Normal) (G1 Evacuation Pause) 655M->213M(1024M) 5,436ms
[2023-11-08T18:55:15.208+0100][gc,cpu        ] GC(808) User=0,02s Sys=0,02s Real=0,00s
[2023-11-08T18:55:16.870+0100][gc,start      ] GC(809) Pause Young (Normal) (G1 Evacuation Pause)
[2023-11-08T18:55:16.870+0100][gc,task       ] GC(809) Using 13 workers of 13 for evacuation
[2023-11-08T18:55:16.875+0100][gc,phases     ] GC(809)   Pre Evacuate Collection Set: 0,0ms
[2023-11-08T18:55:16.875+0100][gc,phases     ] GC(809)   Evacuate Collection Set: 4,7ms
[2023-11-08T18:55:16.875+0100][gc,phases     ] GC(809)   Post Evacuate Collection Set: 0,6ms
[2023-11-08T18:55:16.875+0100][gc,phases     ] GC(809)   Other: 0,2ms
[2023-11-08T18:55:16.875+0100][gc,heap       ] GC(809) Eden regions: 498->0(545)
[2023-11-08T18:55:16.875+0100][gc,heap       ] GC(809) Survivor regions: 7->9(64)
[2023-11-08T18:55:16.875+0100][gc,heap       ] GC(809) Old regions: 80->80
[2023-11-08T18:55:16.875+0100][gc,heap       ] GC(809) Humongous regions: 129->129
[2023-11-08T18:55:16.875+0100][gc,metaspace  ] GC(809) Metaspace: 48287K(52224K)->48287K(52224K) NonClass: 42312K(44544K)->42312K(44544K) Class: 5975K(7680K)->5975K(7680K)
[2023-11-08T18:55:16.875+0100][gc            ] GC(809) Pause Young (Normal) (G1 Evacuation Pause) 711M->215M(1024M) 5,764ms
[2023-11-08T18:55:16.875+0100][gc,cpu        ] GC(809) User=0,03s Sys=0,01s Real=0,01s
[2023-11-08T18:55:18.730+0100][gc,start      ] GC(810) Pause Young (Concurrent Start) (G1 Evacuation Pause)
[2023-11-08T18:55:18.730+0100][gc,task       ] GC(810) Using 13 workers of 13 for evacuation
[2023-11-08T18:55:18.735+0100][gc,phases     ] GC(810)   Pre Evacuate Collection Set: 0,2ms
[2023-11-08T18:55:18.735+0100][gc,phases     ] GC(810)   Evacuate Collection Set: 4,0ms
[2023-11-08T18:55:18.735+0100][gc,phases     ] GC(810)   Post Evacuate Collection Set: 0,7ms
[2023-11-08T18:55:18.735+0100][gc,phases     ] GC(810)   Other: 0,3ms
[2023-11-08T18:55:18.735+0100][gc,heap       ] GC(810) Eden regions: 545->0(567)
[2023-11-08T18:55:18.735+0100][gc,heap       ] GC(810) Survivor regions: 9->10(70)
[2023-11-08T18:55:18.735+0100][gc,heap       ] GC(810) Old regions: 80->80
[2023-11-08T18:55:18.735+0100][gc,heap       ] GC(810) Humongous regions: 129->129
[2023-11-08T18:55:18.735+0100][gc,metaspace  ] GC(810) Metaspace: 48287K(52224K)->48287K(52224K) NonClass: 42312K(44544K)->42312K(44544K) Class: 5975K(7680K)->5975K(7680K)
[2023-11-08T18:55:18.735+0100][gc            ] GC(810) Pause Young (Concurrent Start) (G1 Evacuation Pause) 760M->216M(1024M) 5,425ms
[2023-11-08T18:55:18.735+0100][gc,cpu        ] GC(810) User=0,05s Sys=0,00s Real=0,01s
[2023-11-08T18:55:18.735+0100][gc            ] GC(811) Concurrent Cycle
[2023-11-08T18:55:18.735+0100][gc,marking    ] GC(811) Concurrent Clear Claimed Marks
[2023-11-08T18:55:18.736+0100][gc,marking    ] GC(811) Concurrent Clear Claimed Marks 0,393ms
[2023-11-08T18:55:18.736+0100][gc,marking    ] GC(811) Concurrent Scan Root Regions
[2023-11-08T18:55:18.739+0100][gc,marking    ] GC(811) Concurrent Scan Root Regions 3,051ms
[2023-11-08T18:55:18.739+0100][gc,marking    ] GC(811) Concurrent Mark (5990,347s)
[2023-11-08T18:55:18.739+0100][gc,marking    ] GC(811) Concurrent Mark From Roots
[2023-11-08T18:55:18.739+0100][gc,task       ] GC(811) Using 3 workers of 3 for marking
[2023-11-08T18:55:18.757+0100][gc,marking    ] GC(811) Concurrent Mark From Roots 18,442ms
[2023-11-08T18:55:18.757+0100][gc,marking    ] GC(811) Concurrent Preclean
[2023-11-08T18:55:18.757+0100][gc,marking    ] GC(811) Concurrent Preclean 0,223ms
[2023-11-08T18:55:18.757+0100][gc,marking    ] GC(811) Concurrent Mark (5990,347s, 5990,366s) 18,731ms
[2023-11-08T18:55:18.758+0100][gc,start      ] GC(811) Pause Remark
[2023-11-08T18:55:18.761+0100][gc,stringtable] GC(811) Cleaned string and symbol table, strings: 18399 processed, 0 removed, symbols: 94795 processed, 0 removed
[2023-11-08T18:55:18.761+0100][gc            ] GC(811) Pause Remark 222M->222M(1024M) 3,663ms
[2023-11-08T18:55:18.761+0100][gc,cpu        ] GC(811) User=0,04s Sys=0,00s Real=0,00s
[2023-11-08T18:55:18.761+0100][gc,marking    ] GC(811) Concurrent Rebuild Remembered Sets
[2023-11-08T18:55:18.772+0100][gc,marking    ] GC(811) Concurrent Rebuild Remembered Sets 11,168ms
[2023-11-08T18:55:18.773+0100][gc,start      ] GC(811) Pause Cleanup
[2023-11-08T18:55:18.773+0100][gc            ] GC(811) Pause Cleanup 227M->227M(1024M) 0,164ms
[2023-11-08T18:55:18.773+0100][gc,cpu        ] GC(811) User=0,00s Sys=0,00s Real=0,00s
[2023-11-08T18:55:18.773+0100][gc,marking    ] GC(811) Concurrent Cleanup for Next Mark
[2023-11-08T18:55:18.775+0100][gc,marking    ] GC(811) Concurrent Cleanup for Next Mark 1,886ms
[2023-11-08T18:55:18.775+0100][gc            ] GC(811) Concurrent Cycle 39,646ms
[2023-11-08T18:55:18.923+0100][gc,start      ] GC(812) Pause Young (Prepare Mixed) (G1 Evacuation Pause)
[2023-11-08T18:55:18.923+0100][gc,task       ] GC(812) Using 13 workers of 13 for evacuation
[2023-11-08T18:55:18.929+0100][gc,phases     ] GC(812)   Pre Evacuate Collection Set: 0,0ms
[2023-11-08T18:55:18.929+0100][gc,phases     ] GC(812)   Evacuate Collection Set: 5,7ms
[2023-11-08T18:55:18.929+0100][gc,phases     ] GC(812)   Post Evacuate Collection Set: 0,4ms
[2023-11-08T18:55:18.929+0100][gc,phases     ] GC(812)   Other: 0,2ms
[2023-11-08T18:55:18.929+0100][gc,heap       ] GC(812) Eden regions: 62->0(45)
[2023-11-08T18:55:18.929+0100][gc,heap       ] GC(812) Survivor regions: 10->6(9)
[2023-11-08T18:55:18.929+0100][gc,heap       ] GC(812) Old regions: 80->85
[2023-11-08T18:55:18.929+0100][gc,heap       ] GC(812) Humongous regions: 129->129
[2023-11-08T18:55:18.929+0100][gc,metaspace  ] GC(812) Metaspace: 48287K(52224K)->48287K(52224K) NonClass: 42312K(44544K)->42312K(44544K) Class: 5975K(7680K)->5975K(7680K)
[2023-11-08T18:55:18.929+0100][gc            ] GC(812) Pause Young (Prepare Mixed) (G1 Evacuation Pause) 278M->217M(1024M) 6,407ms
[2023-11-08T18:55:18.929+0100][gc,cpu        ] GC(812) User=0,06s Sys=0,01s Real=0,00s
[2023-11-08T18:55:19.081+0100][gc,start      ] GC(813) Pause Young (Mixed) (G1 Evacuation Pause)
[2023-11-08T18:55:19.081+0100][gc,task       ] GC(813) Using 13 workers of 13 for evacuation
[2023-11-08T18:55:19.085+0100][gc,phases     ] GC(813)   Pre Evacuate Collection Set: 0,0ms
[2023-11-08T18:55:19.085+0100][gc,phases     ] GC(813)   Evacuate Collection Set: 3,1ms
[2023-11-08T18:55:19.085+0100][gc,phases     ] GC(813)   Post Evacuate Collection Set: 0,5ms
[2023-11-08T18:55:19.085+0100][gc,phases     ] GC(813)   Other: 0,3ms
[2023-11-08T18:55:19.085+0100][gc,heap       ] GC(813) Eden regions: 45->0(482)
[2023-11-08T18:55:19.085+0100][gc,heap       ] GC(813) Survivor regions: 6->4(7)
[2023-11-08T18:55:19.085+0100][gc,heap       ] GC(813) Old regions: 85->85
[2023-11-08T18:55:19.085+0100][gc,heap       ] GC(813) Humongous regions: 129->129
[2023-11-08T18:55:19.085+0100][gc,metaspace  ] GC(813) Metaspace: 48287K(52224K)->48287K(52224K) NonClass: 42312K(44544K)->42312K(44544K) Class: 5975K(7680K)->5975K(7680K)
[2023-11-08T18:55:19.085+0100][gc            ] GC(813) Pause Young (Mixed) (G1 Evacuation Pause) 262M->216M(1024M) 4,079ms
[2023-11-08T18:55:19.085+0100][gc,cpu        ] GC(813) User=0,04s Sys=0,00s Real=0,01s
[2023-11-08T18:55:20.693+0100][gc,start      ] GC(814) Pause Young (Normal) (G1 Evacuation Pause)
[2023-11-08T18:55:20.693+0100][gc,task       ] GC(814) Using 13 workers of 13 for evacuation
[2023-11-08T18:55:20.697+0100][gc,phases     ] GC(814)   Pre Evacuate Collection Set: 0,0ms
[2023-11-08T18:55:20.697+0100][gc,phases     ] GC(814)   Evacuate Collection Set: 2,6ms
[2023-11-08T18:55:20.697+0100][gc,phases     ] GC(814)   Post Evacuate Collection Set: 0,7ms
[2023-11-08T18:55:20.697+0100][gc,phases     ] GC(814)   Other: 0,3ms
[2023-11-08T18:55:20.697+0100][gc,heap       ] GC(814) Eden regions: 482->0(318)
[2023-11-08T18:55:20.697+0100][gc,heap       ] GC(814) Survivor regions: 4->5(61)
[2023-11-08T18:55:20.697+0100][gc,heap       ] GC(814) Old regions: 85->85
[2023-11-08T18:55:20.697+0100][gc,heap       ] GC(814) Humongous regions: 129->129
[2023-11-08T18:55:20.697+0100][gc,metaspace  ] GC(814) Metaspace: 48287K(52224K)->48287K(52224K) NonClass: 42312K(44544K)->42312K(44544K) Class: 5975K(7680K)->5975K(7680K)
[2023-11-08T18:55:20.697+0100][gc            ] GC(814) Pause Young (Normal) (G1 Evacuation Pause) 698M->217M(1024M) 3,756ms
[2023-11-08T18:55:20.697+0100][gc,cpu        ] GC(814) User=0,03s Sys=0,00s Real=0,01s
[2023-11-08T18:55:21.757+0100][gc,start      ] GC(815) Pause Young (Normal) (G1 Evacuation Pause)
[2023-11-08T18:55:21.757+0100][gc,task       ] GC(815) Using 13 workers of 13 for evacuation
[2023-11-08T18:55:21.761+0100][gc,phases     ] GC(815)   Pre Evacuate Collection Set: 0,0ms
[2023-11-08T18:55:21.761+0100][gc,phases     ] GC(815)   Evacuate Collection Set: 2,8ms
[2023-11-08T18:55:21.761+0100][gc,phases     ] GC(815)   Post Evacuate Collection Set: 0,5ms
[2023-11-08T18:55:21.761+0100][gc,phases     ] GC(815)   Other: 0,2ms
[2023-11-08T18:55:21.761+0100][gc,heap       ] GC(815) Eden regions: 318->0(377)
[2023-11-08T18:55:21.761+0100][gc,heap       ] GC(815) Survivor regions: 5->6(41)
[2023-11-08T18:55:21.761+0100][gc,heap       ] GC(815) Old regions: 85->85
[2023-11-08T18:55:21.761+0100][gc,heap       ] GC(815) Humongous regions: 129->129
[2023-11-08T18:55:21.761+0100][gc,metaspace  ] GC(815) Metaspace: 48287K(52224K)->48287K(52224K) NonClass: 42312K(44544K)->42312K(44544K) Class: 5975K(7680K)->5975K(7680K)
[2023-11-08T18:55:21.761+0100][gc            ] GC(815) Pause Young (Normal) (G1 Evacuation Pause) 535M->218M(1024M) 3,631ms
[2023-11-08T18:55:21.761+0100][gc,cpu        ] GC(815) User=0,03s Sys=0,00s Real=0,00s
[2023-11-08T18:55:23.012+0100][gc,start      ] GC(816) Pause Young (Normal) (G1 Evacuation Pause)
[2023-11-08T18:55:23.012+0100][gc,task       ] GC(816) Using 13 workers of 13 for evacuation
[2023-11-08T18:55:23.015+0100][gc,phases     ] GC(816)   Pre Evacuate Collection Set: 0,0ms
[2023-11-08T18:55:23.016+0100][gc,phases     ] GC(816)   Evacuate Collection Set: 3,0ms
[2023-11-08T18:55:23.016+0100][gc,phases     ] GC(816)   Post Evacuate Collection Set: 0,5ms
[2023-11-08T18:55:23.016+0100][gc,phases     ] GC(816)   Other: 0,2ms
[2023-11-08T18:55:23.016+0100][gc,heap       ] GC(816) Eden regions: 377->0(436)
[2023-11-08T18:55:23.016+0100][gc,heap       ] GC(816) Survivor regions: 6->7(48)
[2023-11-08T18:55:23.016+0100][gc,heap       ] GC(816) Old regions: 85->85
[2023-11-08T18:55:23.016+0100][gc,heap       ] GC(816) Humongous regions: 129->129
[2023-11-08T18:55:23.016+0100][gc,metaspace  ] GC(816) Metaspace: 48287K(52224K)->48287K(52224K) NonClass: 42312K(44544K)->42312K(44544K) Class: 5975K(7680K)->5975K(7680K)
[2023-11-08T18:55:23.016+0100][gc            ] GC(816) Pause Young (Normal) (G1 Evacuation Pause) 595M->219M(1024M) 3,843ms
[2023-11-08T18:55:23.016+0100][gc,cpu        ] GC(816) User=0,03s Sys=0,00s Real=0,01s
[2023-11-08T18:55:24.429+0100][gc,start      ] GC(817) Pause Young (Normal) (G1 Evacuation Pause)
[2023-11-08T18:55:24.429+0100][gc,task       ] GC(817) Using 13 workers of 13 for evacuation
[2023-11-08T18:55:24.433+0100][gc,phases     ] GC(817)   Pre Evacuate Collection Set: 0,0ms
[2023-11-08T18:55:24.433+0100][gc,phases     ] GC(817)   Evacuate Collection Set: 3,4ms
[2023-11-08T18:55:24.433+0100][gc,phases     ] GC(817)   Post Evacuate Collection Set: 0,5ms
[2023-11-08T18:55:24.433+0100][gc,phases     ] GC(817)   Other: 0,2ms
[2023-11-08T18:55:24.433+0100][gc,heap       ] GC(817) Eden regions: 436->0(471)
[2023-11-08T18:55:24.433+0100][gc,heap       ] GC(817) Survivor regions: 7->9(56)
[2023-11-08T18:55:24.433+0100][gc,heap       ] GC(817) Old regions: 85->85
[2023-11-08T18:55:24.433+0100][gc,heap       ] GC(817) Humongous regions: 129->129
[2023-11-08T18:55:24.433+0100][gc,metaspace  ] GC(817) Metaspace: 48287K(52224K)->48287K(52224K) NonClass: 42312K(44544K)->42312K(44544K) Class: 5975K(7680K)->5975K(7680K)
[2023-11-08T18:55:24.433+0100][gc            ] GC(817) Pause Young (Normal) (G1 Evacuation Pause) 655M->221M(1024M) 4,306ms
[2023-11-08T18:55:24.433+0100][gc,cpu        ] GC(817) User=0,04s Sys=0,00s Real=0,00s
[2023-11-08T18:55:26.001+0100][gc,start      ] GC(818) Pause Young (Normal) (G1 Evacuation Pause)
[2023-11-08T18:55:26.001+0100][gc,task       ] GC(818) Using 13 workers of 13 for evacuation
[2023-11-08T18:55:26.006+0100][gc,phases     ] GC(818)   Pre Evacuate Collection Set: 0,0ms
[2023-11-08T18:55:26.006+0100][gc,phases     ] GC(818)   Evacuate Collection Set: 4,3ms
[2023-11-08T18:55:26.006+0100][gc,phases     ] GC(818)   Post Evacuate Collection Set: 0,5ms
[2023-11-08T18:55:26.006+0100][gc,phases     ] GC(818)   Other: 0,2ms
[2023-11-08T18:55:26.006+0100][gc,heap       ] GC(818) Eden regions: 471->0(498)
[2023-11-08T18:55:26.006+0100][gc,heap       ] GC(818) Survivor regions: 9->10(60)
[2023-11-08T18:55:26.006+0100][gc,heap       ] GC(818) Old regions: 85->85
[2023-11-08T18:55:26.006+0100][gc,heap       ] GC(818) Humongous regions: 129->129
[2023-11-08T18:55:26.006+0100][gc,metaspace  ] GC(818) Metaspace: 48287K(52224K)->48287K(52224K) NonClass: 42312K(44544K)->42312K(44544K) Class: 5975K(7680K)->5975K(7680K)
[2023-11-08T18:55:26.006+0100][gc            ] GC(818) Pause Young (Normal) (G1 Evacuation Pause) 692M->222M(1024M) 5,136ms
[2023-11-08T18:55:26.006+0100][gc,cpu        ] GC(818) User=0,05s Sys=0,00s Real=0,01s
[2023-11-08T18:55:27.716+0100][gc,start      ] GC(819) Pause Young (Concurrent Start) (G1 Evacuation Pause)
[2023-11-08T18:55:27.717+0100][gc,task       ] GC(819) Using 13 workers of 13 for evacuation
[2023-11-08T18:55:27.723+0100][gc,phases     ] GC(819)   Pre Evacuate Collection Set: 0,2ms
[2023-11-08T18:55:27.723+0100][gc,phases     ] GC(819)   Evacuate Collection Set: 5,8ms
[2023-11-08T18:55:27.724+0100][gc,phases     ] GC(819)   Post Evacuate Collection Set: 0,6ms
[2023-11-08T18:55:27.724+0100][gc,phases     ] GC(819)   Other: 0,3ms
[2023-11-08T18:55:27.724+0100][gc,heap       ] GC(819) Eden regions: 498->0(516)
[2023-11-08T18:55:27.724+0100][gc,heap       ] GC(819) Survivor regions: 10->11(64)
[2023-11-08T18:55:27.724+0100][gc,heap       ] GC(819) Old regions: 85->85
[2023-11-08T18:55:27.724+0100][gc,heap       ] GC(819) Humongous regions: 129->129
[2023-11-08T18:55:27.724+0100][gc,metaspace  ] GC(819) Metaspace: 48287K(52224K)->48287K(52224K) NonClass: 42312K(44544K)->42312K(44544K) Class: 5975K(7680K)->5975K(7680K)
[2023-11-08T18:55:27.724+0100][gc            ] GC(819) Pause Young (Concurrent Start) (G1 Evacuation Pause) 720M->223M(1024M) 7,104ms
[2023-11-08T18:55:27.724+0100][gc,cpu        ] GC(819) User=0,07s Sys=0,01s Real=0,01s
[2023-11-08T18:55:27.724+0100][gc            ] GC(820) Concurrent Cycle
[2023-11-08T18:55:27.724+0100][gc,marking    ] GC(820) Concurrent Clear Claimed Marks
[2023-11-08T18:55:27.724+0100][gc,marking    ] GC(820) Concurrent Clear Claimed Marks 0,345ms
[2023-11-08T18:55:27.724+0100][gc,marking    ] GC(820) Concurrent Scan Root Regions
[2023-11-08T18:55:27.726+0100][gc,marking    ] GC(820) Concurrent Scan Root Regions 2,180ms
[2023-11-08T18:55:27.726+0100][gc,marking    ] GC(820) Concurrent Mark (5999,335s)
[2023-11-08T18:55:27.726+0100][gc,marking    ] GC(820) Concurrent Mark From Roots
[2023-11-08T18:55:27.726+0100][gc,task       ] GC(820) Using 3 workers of 3 for marking
[2023-11-08T18:55:27.748+0100][gc,marking    ] GC(820) Concurrent Mark From Roots 22,159ms
[2023-11-08T18:55:27.748+0100][gc,marking    ] GC(820) Concurrent Preclean
[2023-11-08T18:55:27.749+0100][gc,marking    ] GC(820) Concurrent Preclean 0,303ms
[2023-11-08T18:55:27.749+0100][gc,marking    ] GC(820) Concurrent Mark (5999,335s, 5999,357s) 22,551ms
[2023-11-08T18:55:27.749+0100][gc,start      ] GC(820) Pause Remark
[2023-11-08T18:55:27.752+0100][gc,stringtable] GC(820) Cleaned string and symbol table, strings: 18399 processed, 0 removed, symbols: 94795 processed, 0 removed
[2023-11-08T18:55:27.753+0100][gc            ] GC(820) Pause Remark 233M->233M(1024M) 3,636ms
[2023-11-08T18:55:27.753+0100][gc,cpu        ] GC(820) User=0,03s Sys=0,00s Real=0,00s
[2023-11-08T18:55:27.753+0100][gc,marking    ] GC(820) Concurrent Rebuild Remembered Sets
[2023-11-08T18:55:27.767+0100][gc,marking    ] GC(820) Concurrent Rebuild Remembered Sets 14,079ms
[2023-11-08T18:55:27.767+0100][gc,start      ] GC(820) Pause Cleanup
[2023-11-08T18:55:27.767+0100][gc            ] GC(820) Pause Cleanup 236M->236M(1024M) 0,213ms
[2023-11-08T18:55:27.767+0100][gc,cpu        ] GC(820) User=0,00s Sys=0,00s Real=0,00s
[2023-11-08T18:55:27.767+0100][gc,marking    ] GC(820) Concurrent Cleanup for Next Mark
[2023-11-08T18:55:27.769+0100][gc,marking    ] GC(820) Concurrent Cleanup for Next Mark 1,762ms
[2023-11-08T18:55:27.769+0100][gc            ] GC(820) Concurrent Cycle 45,347ms
[2023-11-08T18:55:27.926+0100][gc,start      ] GC(821) Pause Young (Normal) (G1 Evacuation Pause)
[2023-11-08T18:55:27.926+0100][gc,task       ] GC(821) Using 13 workers of 13 for evacuation
[2023-11-08T18:55:27.933+0100][gc,phases     ] GC(821)   Pre Evacuate Collection Set: 0,0ms
[2023-11-08T18:55:27.933+0100][gc,phases     ] GC(821)   Evacuate Collection Set: 5,6ms
[2023-11-08T18:55:27.933+0100][gc,phases     ] GC(821)   Post Evacuate Collection Set: 0,4ms
[2023-11-08T18:55:27.933+0100][gc,phases     ] GC(821)   Other: 0,2ms
[2023-11-08T18:55:27.933+0100][gc,heap       ] GC(821) Eden regions: 57->0(235)
[2023-11-08T18:55:27.933+0100][gc,heap       ] GC(821) Survivor regions: 11->5(9)
[2023-11-08T18:55:27.933+0100][gc,heap       ] GC(821) Old regions: 85->92
[2023-11-08T18:55:27.933+0100][gc,heap       ] GC(821) Humongous regions: 129->129
[2023-11-08T18:55:27.933+0100][gc,metaspace  ] GC(821) Metaspace: 48287K(52224K)->48287K(52224K) NonClass: 42312K(44544K)->42312K(44544K) Class: 5975K(7680K)->5975K(7680K)
[2023-11-08T18:55:27.933+0100][gc            ] GC(821) Pause Young (Normal) (G1 Evacuation Pause) 280M->224M(1024M) 6,241ms
[2023-11-08T18:55:27.933+0100][gc,cpu        ] GC(821) User=0,06s Sys=0,00s Real=0,00s
[2023-11-08T18:55:28.780+0100][gc,start      ] GC(822) Pause Young (Concurrent Start) (G1 Evacuation Pause)
[2023-11-08T18:55:28.780+0100][gc,task       ] GC(822) Using 13 workers of 13 for evacuation
[2023-11-08T18:55:28.783+0100][gc,phases     ] GC(822)   Pre Evacuate Collection Set: 0,2ms
[2023-11-08T18:55:28.783+0100][gc,phases     ] GC(822)   Evacuate Collection Set: 2,4ms
[2023-11-08T18:55:28.783+0100][gc,phases     ] GC(822)   Post Evacuate Collection Set: 0,6ms
[2023-11-08T18:55:28.783+0100][gc,phases     ] GC(822)   Other: 0,3ms
[2023-11-08T18:55:28.783+0100][gc,heap       ] GC(822) Eden regions: 235->0(285)
[2023-11-08T18:55:28.783+0100][gc,heap       ] GC(822) Survivor regions: 5->5(30)
[2023-11-08T18:55:28.783+0100][gc,heap       ] GC(822) Old regions: 92->92
[2023-11-08T18:55:28.783+0100][gc,heap       ] GC(822) Humongous regions: 129->129
[2023-11-08T18:55:28.783+0100][gc,metaspace  ] GC(822) Metaspace: 48287K(52224K)->48287K(52224K) NonClass: 42312K(44544K)->42312K(44544K) Class: 5975K(7680K)->5975K(7680K)
[2023-11-08T18:55:28.783+0100][gc            ] GC(822) Pause Young (Concurrent Start) (G1 Evacuation Pause) 459M->224M(1024M) 3,668ms
[2023-11-08T18:55:28.783+0100][gc,cpu        ] GC(822) User=0,02s Sys=0,02s Real=0,01s
[2023-11-08T18:55:28.783+0100][gc            ] GC(823) Concurrent Cycle
[2023-11-08T18:55:28.783+0100][gc,marking    ] GC(823) Concurrent Clear Claimed Marks
[2023-11-08T18:55:28.784+0100][gc,marking    ] GC(823) Concurrent Clear Claimed Marks 0,312ms
[2023-11-08T18:55:28.784+0100][gc,marking    ] GC(823) Concurrent Scan Root Regions
[2023-11-08T18:55:28.785+0100][gc,marking    ] GC(823) Concurrent Scan Root Regions 1,236ms
[2023-11-08T18:55:28.785+0100][gc,marking    ] GC(823) Concurrent Mark (6000,393s)
[2023-11-08T18:55:28.785+0100][gc,marking    ] GC(823) Concurrent Mark From Roots
[2023-11-08T18:55:28.785+0100][gc,task       ] GC(823) Using 3 workers of 3 for marking
[2023-11-08T18:55:28.809+0100][gc,marking    ] GC(823) Concurrent Mark From Roots 24,058ms
[2023-11-08T18:55:28.809+0100][gc,marking    ] GC(823) Concurrent Preclean
[2023-11-08T18:55:28.809+0100][gc,marking    ] GC(823) Concurrent Preclean 0,209ms
[2023-11-08T18:55:28.809+0100][gc,marking    ] GC(823) Concurrent Mark (6000,393s, 6000,418s) 24,328ms
[2023-11-08T18:55:28.809+0100][gc,start      ] GC(823) Pause Remark
[2023-11-08T18:55:28.812+0100][gc,stringtable] GC(823) Cleaned string and symbol table, strings: 18399 processed, 0 removed, symbols: 94795 processed, 0 removed
[2023-11-08T18:55:28.812+0100][gc            ] GC(823) Pause Remark 234M->234M(1024M) 3,172ms
[2023-11-08T18:55:28.813+0100][gc,cpu        ] GC(823) User=0,03s Sys=0,00s Real=0,00s
[2023-11-08T18:55:28.813+0100][gc,marking    ] GC(823) Concurrent Rebuild Remembered Sets
[2023-11-08T18:55:28.827+0100][gc,marking    ] GC(823) Concurrent Rebuild Remembered Sets 14,690ms
[2023-11-08T18:55:28.827+0100][gc,start      ] GC(823) Pause Cleanup
[2023-11-08T18:55:28.828+0100][gc            ] GC(823) Pause Cleanup 239M->239M(1024M) 0,176ms
[2023-11-08T18:55:28.828+0100][gc,cpu        ] GC(823) User=0,00s Sys=0,00s Real=0,00s
[2023-11-08T18:55:28.828+0100][gc,marking    ] GC(823) Concurrent Cleanup for Next Mark
[2023-11-08T18:55:28.829+0100][gc,marking    ] GC(823) Concurrent Cleanup for Next Mark 1,755ms
[2023-11-08T18:55:28.829+0100][gc            ] GC(823) Concurrent Cycle 46,241ms
[2023-11-08T18:55:29.098+0100][gc,start      ] GC(824) Pause Young (Prepare Mixed) (G1 Evacuation Pause)
[2023-11-08T18:55:29.098+0100][gc,task       ] GC(824) Using 13 workers of 13 for evacuation
[2023-11-08T18:55:29.102+0100][gc,phases     ] GC(824)   Pre Evacuate Collection Set: 0,0ms
[2023-11-08T18:55:29.102+0100][gc,phases     ] GC(824)   Evacuate Collection Set: 3,5ms
[2023-11-08T18:55:29.102+0100][gc,phases     ] GC(824)   Post Evacuate Collection Set: 0,5ms
[2023-11-08T18:55:29.102+0100][gc,phases     ] GC(824)   Other: 0,3ms
[2023-11-08T18:55:29.102+0100][gc,heap       ] GC(824) Eden regions: 96->0(45)
[2023-11-08T18:55:29.102+0100][gc,heap       ] GC(824) Survivor regions: 5->6(13)
[2023-11-08T18:55:29.102+0100][gc,heap       ] GC(824) Old regions: 92->92
[2023-11-08T18:55:29.102+0100][gc,heap       ] GC(824) Humongous regions: 129->129
[2023-11-08T18:55:29.102+0100][gc,metaspace  ] GC(824) Metaspace: 48287K(52224K)->48287K(52224K) NonClass: 42312K(44544K)->42312K(44544K) Class: 5975K(7680K)->5975K(7680K)
[2023-11-08T18:55:29.102+0100][gc            ] GC(824) Pause Young (Prepare Mixed) (G1 Evacuation Pause) 320M->224M(1024M) 4,358ms
[2023-11-08T18:55:29.102+0100][gc,cpu        ] GC(824) User=0,04s Sys=0,00s Real=0,00s
[2023-11-08T18:55:29.269+0100][gc,start      ] GC(825) Pause Young (Mixed) (G1 Evacuation Pause)
[2023-11-08T18:55:29.269+0100][gc,task       ] GC(825) Using 13 workers of 13 for evacuation
[2023-11-08T18:55:29.272+0100][gc,phases     ] GC(825)   Pre Evacuate Collection Set: 0,0ms
[2023-11-08T18:55:29.272+0100][gc,phases     ] GC(825)   Evacuate Collection Set: 2,7ms
[2023-11-08T18:55:29.272+0100][gc,phases     ] GC(825)   Post Evacuate Collection Set: 0,5ms
[2023-11-08T18:55:29.272+0100][gc,phases     ] GC(825)   Other: 0,3ms
[2023-11-08T18:55:29.272+0100][gc,heap       ] GC(825) Eden regions: 45->0(251)
[2023-11-08T18:55:29.272+0100][gc,heap       ] GC(825) Survivor regions: 6->3(7)
[2023-11-08T18:55:29.272+0100][gc,heap       ] GC(825) Old regions: 92->94
[2023-11-08T18:55:29.272+0100][gc,heap       ] GC(825) Humongous regions: 129->129
[2023-11-08T18:55:29.272+0100][gc,metaspace  ] GC(825) Metaspace: 48287K(52224K)->48287K(52224K) NonClass: 42312K(44544K)->42312K(44544K) Class: 5975K(7680K)->5975K(7680K)
[2023-11-08T18:55:29.272+0100][gc            ] GC(825) Pause Young (Mixed) (G1 Evacuation Pause) 269M->223M(1024M) 3,641ms
[2023-11-08T18:55:29.272+0100][gc,cpu        ] GC(825) User=0,03s Sys=0,00s Real=0,00s
[2023-11-08T18:55:30.150+0100][gc,start      ] GC(826) Pause Young (Normal) (G1 Evacuation Pause)
[2023-11-08T18:55:30.150+0100][gc,task       ] GC(826) Using 13 workers of 13 for evacuation
[2023-11-08T18:55:30.153+0100][gc,phases     ] GC(826)   Pre Evacuate Collection Set: 0,0ms
[2023-11-08T18:55:30.153+0100][gc,phases     ] GC(826)   Evacuate Collection Set: 1,7ms
[2023-11-08T18:55:30.153+0100][gc,phases     ] GC(826)   Post Evacuate Collection Set: 0,6ms
[2023-11-08T18:55:30.153+0100][gc,phases     ] GC(826)   Other: 0,2ms
[2023-11-08T18:55:30.153+0100][gc,heap       ] GC(826) Eden regions: 251->0(156)
[2023-11-08T18:55:30.153+0100][gc,heap       ] GC(826) Survivor regions: 3->4(32)
[2023-11-08T18:55:30.153+0100][gc,heap       ] GC(826) Old regions: 94->94
[2023-11-08T18:55:30.153+0100][gc,heap       ] GC(826) Humongous regions: 129->129
[2023-11-08T18:55:30.153+0100][gc,metaspace  ] GC(826) Metaspace: 48287K(52224K)->48287K(52224K) NonClass: 42312K(44544K)->42312K(44544K) Class: 5975K(7680K)->5975K(7680K)
[2023-11-08T18:55:30.153+0100][gc            ] GC(826) Pause Young (Normal) (G1 Evacuation Pause) 474M->224M(1024M) 2,752ms
[2023-11-08T18:55:30.153+0100][gc,cpu        ] GC(826) User=0,02s Sys=0,00s Real=0,00s
[2023-11-08T18:55:30.668+0100][gc,start      ] GC(827) Pause Young (Normal) (G1 Evacuation Pause)
[2023-11-08T18:55:30.668+0100][gc,task       ] GC(827) Using 13 workers of 13 for evacuation
[2023-11-08T18:55:30.671+0100][gc,phases     ] GC(827)   Pre Evacuate Collection Set: 0,0ms
[2023-11-08T18:55:30.671+0100][gc,phases     ] GC(827)   Evacuate Collection Set: 1,8ms
[2023-11-08T18:55:30.671+0100][gc,phases     ] GC(827)   Post Evacuate Collection Set: 0,5ms
[2023-11-08T18:55:30.671+0100][gc,phases     ] GC(827)   Other: 0,2ms
[2023-11-08T18:55:30.671+0100][gc,heap       ] GC(827) Eden regions: 156->0(244)
[2023-11-08T18:55:30.671+0100][gc,heap       ] GC(827) Survivor regions: 4->4(20)
[2023-11-08T18:55:30.671+0100][gc,heap       ] GC(827) Old regions: 94->94
[2023-11-08T18:55:30.671+0100][gc,heap       ] GC(827) Humongous regions: 129->129
[2023-11-08T18:55:30.671+0100][gc,metaspace  ] GC(827) Metaspace: 48287K(52224K)->48287K(52224K) NonClass: 42312K(44544K)->42312K(44544K) Class: 5975K(7680K)->5975K(7680K)
[2023-11-08T18:55:30.671+0100][gc            ] GC(827) Pause Young (Normal) (G1 Evacuation Pause) 380M->224M(1024M) 2,604ms
[2023-11-08T18:55:30.671+0100][gc,cpu        ] GC(827) User=0,01s Sys=0,02s Real=0,00s
[2023-11-08T18:55:31.472+0100][gc,start      ] GC(828) Pause Young (Normal) (G1 Evacuation Pause)
[2023-11-08T18:55:31.472+0100][gc,task       ] GC(828) Using 13 workers of 13 for evacuation
[2023-11-08T18:55:31.475+0100][gc,phases     ] GC(828)   Pre Evacuate Collection Set: 0,0ms
[2023-11-08T18:55:31.475+0100][gc,phases     ] GC(828)   Evacuate Collection Set: 2,6ms
[2023-11-08T18:55:31.475+0100][gc,phases     ] GC(828)   Post Evacuate Collection Set: 0,5ms
[2023-11-08T18:55:31.475+0100][gc,phases     ] GC(828)   Other: 0,2ms
[2023-11-08T18:55:31.475+0100][gc,heap       ] GC(828) Eden regions: 244->0(274)
[2023-11-08T18:55:31.475+0100][gc,heap       ] GC(828) Survivor regions: 4->5(31)
[2023-11-08T18:55:31.475+0100][gc,heap       ] GC(828) Old regions: 94->94
[2023-11-08T18:55:31.475+0100][gc,heap       ] GC(828) Humongous regions: 129->129
[2023-11-08T18:55:31.475+0100][gc,metaspace  ] GC(828) Metaspace: 48287K(52224K)->48287K(52224K) NonClass: 42312K(44544K)->42312K(44544K) Class: 5975K(7680K)->5975K(7680K)
[2023-11-08T18:55:31.475+0100][gc            ] GC(828) Pause Young (Normal) (G1 Evacuation Pause) 468M->225M(1024M) 3,429ms
[2023-11-08T18:55:31.475+0100][gc,cpu        ] GC(828) User=0,01s Sys=0,01s Real=0,01s
[2023-11-08T18:55:32.394+0100][gc,start      ] GC(829) Pause Young (Normal) (G1 Evacuation Pause)
[2023-11-08T18:55:32.394+0100][gc,task       ] GC(829) Using 13 workers of 13 for evacuation
[2023-11-08T18:55:32.398+0100][gc,phases     ] GC(829)   Pre Evacuate Collection Set: 0,0ms
[2023-11-08T18:55:32.398+0100][gc,phases     ] GC(829)   Evacuate Collection Set: 3,2ms
[2023-11-08T18:55:32.398+0100][gc,phases     ] GC(829)   Post Evacuate Collection Set: 0,6ms
[2023-11-08T18:55:32.398+0100][gc,phases     ] GC(829)   Other: 0,2ms
[2023-11-08T18:55:32.398+0100][gc,heap       ] GC(829) Eden regions: 274->0(316)
[2023-11-08T18:55:32.398+0100][gc,heap       ] GC(829) Survivor regions: 5->6(35)
[2023-11-08T18:55:32.398+0100][gc,heap       ] GC(829) Old regions: 94->94
[2023-11-08T18:55:32.398+0100][gc,heap       ] GC(829) Humongous regions: 129->129
[2023-11-08T18:55:32.398+0100][gc,metaspace  ] GC(829) Metaspace: 48287K(52224K)->48287K(52224K) NonClass: 42312K(44544K)->42312K(44544K) Class: 5975K(7680K)->5975K(7680K)
[2023-11-08T18:55:32.398+0100][gc            ] GC(829) Pause Young (Normal) (G1 Evacuation Pause) 499M->225M(1024M) 4,165ms
[2023-11-08T18:55:32.398+0100][gc,cpu        ] GC(829) User=0,03s Sys=0,00s Real=0,01s
[2023-11-08T18:55:33.458+0100][gc,start      ] GC(830) Pause Young (Normal) (G1 Evacuation Pause)
[2023-11-08T18:55:33.458+0100][gc,task       ] GC(830) Using 13 workers of 13 for evacuation
[2023-11-08T18:55:33.462+0100][gc,phases     ] GC(830)   Pre Evacuate Collection Set: 0,0ms
[2023-11-08T18:55:33.462+0100][gc,phases     ] GC(830)   Evacuate Collection Set: 3,8ms
[2023-11-08T18:55:33.462+0100][gc,phases     ] GC(830)   Post Evacuate Collection Set: 0,6ms
[2023-11-08T18:55:33.462+0100][gc,phases     ] GC(830)   Other: 0,3ms
[2023-11-08T18:55:33.462+0100][gc,heap       ] GC(830) Eden regions: 316->0(365)
[2023-11-08T18:55:33.462+0100][gc,heap       ] GC(830) Survivor regions: 6->7(41)
[2023-11-08T18:55:33.462+0100][gc,heap       ] GC(830) Old regions: 94->94
[2023-11-08T18:55:33.462+0100][gc,heap       ] GC(830) Humongous regions: 129->129
[2023-11-08T18:55:33.462+0100][gc,metaspace  ] GC(830) Metaspace: 48287K(52224K)->48287K(52224K) NonClass: 42312K(44544K)->42312K(44544K) Class: 5975K(7680K)->5975K(7680K)
[2023-11-08T18:55:33.462+0100][gc            ] GC(830) Pause Young (Normal) (G1 Evacuation Pause) 541M->226M(1024M) 4,874ms
[2023-11-08T18:55:33.462+0100][gc,cpu        ] GC(830) User=0,04s Sys=0,00s Real=0,00s
[2023-11-08T18:55:34.757+0100][gc,start      ] GC(831) Pause Young (Normal) (G1 Evacuation Pause)
[2023-11-08T18:55:34.757+0100][gc,task       ] GC(831) Using 13 workers of 13 for evacuation
[2023-11-08T18:55:34.762+0100][gc,phases     ] GC(831)   Pre Evacuate Collection Set: 0,0ms
[2023-11-08T18:55:34.762+0100][gc,phases     ] GC(831)   Evacuate Collection Set: 4,4ms
[2023-11-08T18:55:34.762+0100][gc,phases     ] GC(831)   Post Evacuate Collection Set: 0,6ms
[2023-11-08T18:55:34.762+0100][gc,phases     ] GC(831)   Other: 0,3ms
[2023-11-08T18:55:34.762+0100][gc,heap       ] GC(831) Eden regions: 365->0(395)
[2023-11-08T18:55:34.763+0100][gc,heap       ] GC(831) Survivor regions: 7->8(47)
[2023-11-08T18:55:34.763+0100][gc,heap       ] GC(831) Old regions: 94->94
[2023-11-08T18:55:34.763+0100][gc,heap       ] GC(831) Humongous regions: 129->129
[2023-11-08T18:55:34.763+0100][gc,metaspace  ] GC(831) Metaspace: 48287K(52224K)->48287K(52224K) NonClass: 42312K(44544K)->42312K(44544K) Class: 5975K(7680K)->5975K(7680K)
[2023-11-08T18:55:34.763+0100][gc            ] GC(831) Pause Young (Normal) (G1 Evacuation Pause) 591M->228M(1024M) 5,453ms
[2023-11-08T18:55:34.763+0100][gc,cpu        ] GC(831) User=0,05s Sys=0,00s Real=0,00s
[2023-11-08T18:55:36.109+0100][gc,start      ] GC(832) Pause Young (Normal) (G1 Evacuation Pause)
[2023-11-08T18:55:36.109+0100][gc,task       ] GC(832) Using 13 workers of 13 for evacuation
[2023-11-08T18:55:36.114+0100][gc,phases     ] GC(832)   Pre Evacuate Collection Set: 0,0ms
[2023-11-08T18:55:36.114+0100][gc,phases     ] GC(832)   Evacuate Collection Set: 4,1ms
[2023-11-08T18:55:36.114+0100][gc,phases     ] GC(832)   Post Evacuate Collection Set: 0,5ms
[2023-11-08T18:55:36.114+0100][gc,phases     ] GC(832)   Other: 0,3ms
[2023-11-08T18:55:36.114+0100][gc,heap       ] GC(832) Eden regions: 395->0(475)
[2023-11-08T18:55:36.114+0100][gc,heap       ] GC(832) Survivor regions: 8->9(51)
[2023-11-08T18:55:36.114+0100][gc,heap       ] GC(832) Old regions: 94->94
[2023-11-08T18:55:36.114+0100][gc,heap       ] GC(832) Humongous regions: 129->129
[2023-11-08T18:55:36.114+0100][gc,metaspace  ] GC(832) Metaspace: 48287K(52224K)->48287K(52224K) NonClass: 42312K(44544K)->42312K(44544K) Class: 5975K(7680K)->5975K(7680K)
[2023-11-08T18:55:36.114+0100][gc            ] GC(832) Pause Young (Normal) (G1 Evacuation Pause) 623M->229M(1024M) 5,031ms
[2023-11-08T18:55:36.114+0100][gc,cpu        ] GC(832) User=0,04s Sys=0,01s Real=0,00s
[2023-11-08T18:55:37.679+0100][gc,start      ] GC(833) Pause Young (Normal) (G1 Evacuation Pause)
[2023-11-08T18:55:37.679+0100][gc,task       ] GC(833) Using 13 workers of 13 for evacuation
[2023-11-08T18:55:37.686+0100][gc,phases     ] GC(833)   Pre Evacuate Collection Set: 0,0ms
[2023-11-08T18:55:37.686+0100][gc,phases     ] GC(833)   Evacuate Collection Set: 5,9ms
[2023-11-08T18:55:37.686+0100][gc,phases     ] GC(833)   Post Evacuate Collection Set: 0,8ms
[2023-11-08T18:55:37.686+0100][gc,phases     ] GC(833)   Other: 0,3ms
[2023-11-08T18:55:37.686+0100][gc,heap       ] GC(833) Eden regions: 475->0(542)
[2023-11-08T18:55:37.686+0100][gc,heap       ] GC(833) Survivor regions: 9->10(61)
[2023-11-08T18:55:37.686+0100][gc,heap       ] GC(833) Old regions: 94->94
[2023-11-08T18:55:37.686+0100][gc,heap       ] GC(833) Humongous regions: 129->129
[2023-11-08T18:55:37.686+0100][gc,metaspace  ] GC(833) Metaspace: 48287K(52224K)->48287K(52224K) NonClass: 42312K(44544K)->42312K(44544K) Class: 5975K(7680K)->5975K(7680K)
[2023-11-08T18:55:37.686+0100][gc            ] GC(833) Pause Young (Normal) (G1 Evacuation Pause) 704M->230M(1024M) 7,132ms
[2023-11-08T18:55:37.686+0100][gc,cpu        ] GC(833) User=0,04s Sys=0,02s Real=0,01s
[2023-11-08T18:55:39.523+0100][gc,start      ] GC(834) Pause Young (Concurrent Start) (G1 Evacuation Pause)
[2023-11-08T18:55:39.524+0100][gc,task       ] GC(834) Using 13 workers of 13 for evacuation
[2023-11-08T18:55:39.531+0100][gc,phases     ] GC(834)   Pre Evacuate Collection Set: 0,2ms
[2023-11-08T18:55:39.531+0100][gc,phases     ] GC(834)   Evacuate Collection Set: 5,9ms
[2023-11-08T18:55:39.531+0100][gc,phases     ] GC(834)   Post Evacuate Collection Set: 0,7ms
[2023-11-08T18:55:39.531+0100][gc,phases     ] GC(834)   Other: 0,3ms
[2023-11-08T18:55:39.531+0100][gc,heap       ] GC(834) Eden regions: 542->0(570)
[2023-11-08T18:55:39.531+0100][gc,heap       ] GC(834) Survivor regions: 10->12(69)
[2023-11-08T18:55:39.531+0100][gc,heap       ] GC(834) Old regions: 94->94
[2023-11-08T18:55:39.531+0100][gc,heap       ] GC(834) Humongous regions: 129->129
[2023-11-08T18:55:39.531+0100][gc,metaspace  ] GC(834) Metaspace: 48287K(52224K)->48287K(52224K) NonClass: 42312K(44544K)->42312K(44544K) Class: 5975K(7680K)->5975K(7680K)
[2023-11-08T18:55:39.531+0100][gc            ] GC(834) Pause Young (Concurrent Start) (G1 Evacuation Pause) 772M->231M(1024M) 7,292ms
[2023-11-08T18:55:39.531+0100][gc,cpu        ] GC(834) User=0,05s Sys=0,02s Real=0,00s
[2023-11-08T18:55:39.531+0100][gc            ] GC(835) Concurrent Cycle
[2023-11-08T18:55:39.531+0100][gc,marking    ] GC(835) Concurrent Clear Claimed Marks
[2023-11-08T18:55:39.531+0100][gc,marking    ] GC(835) Concurrent Clear Claimed Marks 0,341ms
[2023-11-08T18:55:39.531+0100][gc,marking    ] GC(835) Concurrent Scan Root Regions
[2023-11-08T18:55:39.534+0100][gc,marking    ] GC(835) Concurrent Scan Root Regions 2,937ms
[2023-11-08T18:55:39.534+0100][gc,marking    ] GC(835) Concurrent Mark (6011,143s)
[2023-11-08T18:55:39.534+0100][gc,marking    ] GC(835) Concurrent Mark From Roots
[2023-11-08T18:55:39.534+0100][gc,task       ] GC(835) Using 3 workers of 3 for marking
[2023-11-08T18:55:39.559+0100][gc,marking    ] GC(835) Concurrent Mark From Roots 25,039ms
[2023-11-08T18:55:39.559+0100][gc,marking    ] GC(835) Concurrent Preclean
[2023-11-08T18:55:39.559+0100][gc,marking    ] GC(835) Concurrent Preclean 0,227ms
[2023-11-08T18:55:39.560+0100][gc,marking    ] GC(835) Concurrent Mark (6011,143s, 6011,168s) 25,324ms
[2023-11-08T18:55:39.560+0100][gc,start      ] GC(835) Pause Remark
[2023-11-08T18:55:39.563+0100][gc,stringtable] GC(835) Cleaned string and symbol table, strings: 18399 processed, 0 removed, symbols: 94795 processed, 0 removed
[2023-11-08T18:55:39.563+0100][gc            ] GC(835) Pause Remark 241M->241M(1024M) 3,588ms
[2023-11-08T18:55:39.563+0100][gc,cpu        ] GC(835) User=0,01s Sys=0,03s Real=0,01s
[2023-11-08T18:55:39.563+0100][gc,marking    ] GC(835) Concurrent Rebuild Remembered Sets
[2023-11-08T18:55:39.582+0100][gc,marking    ] GC(835) Concurrent Rebuild Remembered Sets 18,807ms
[2023-11-08T18:55:39.582+0100][gc,start      ] GC(835) Pause Cleanup
[2023-11-08T18:55:39.582+0100][gc            ] GC(835) Pause Cleanup 247M->247M(1024M) 0,171ms
[2023-11-08T18:55:39.582+0100][gc,cpu        ] GC(835) User=0,00s Sys=0,01s Real=0,00s
[2023-11-08T18:55:39.582+0100][gc,marking    ] GC(835) Concurrent Cleanup for Next Mark
[2023-11-08T18:55:39.584+0100][gc,marking    ] GC(835) Concurrent Cleanup for Next Mark 1,835ms
[2023-11-08T18:55:39.584+0100][gc            ] GC(835) Concurrent Cycle 53,548ms
[2023-11-08T18:55:39.670+0100][gc,start      ] GC(836) Pause Young (Prepare Mixed) (G1 Evacuation Pause)
[2023-11-08T18:55:39.670+0100][gc,task       ] GC(836) Using 13 workers of 13 for evacuation
[2023-11-08T18:55:39.676+0100][gc,phases     ] GC(836)   Pre Evacuate Collection Set: 0,0ms
[2023-11-08T18:55:39.676+0100][gc,phases     ] GC(836)   Evacuate Collection Set: 5,7ms
[2023-11-08T18:55:39.676+0100][gc,phases     ] GC(836)   Post Evacuate Collection Set: 0,5ms
[2023-11-08T18:55:39.676+0100][gc,phases     ] GC(836)   Other: 0,3ms
[2023-11-08T18:55:39.676+0100][gc,heap       ] GC(836) Eden regions: 39->0(47)
[2023-11-08T18:55:39.676+0100][gc,heap       ] GC(836) Survivor regions: 12->4(7)
[2023-11-08T18:55:39.676+0100][gc,heap       ] GC(836) Old regions: 94->101
[2023-11-08T18:55:39.676+0100][gc,heap       ] GC(836) Humongous regions: 129->129
[2023-11-08T18:55:39.676+0100][gc,metaspace  ] GC(836) Metaspace: 48287K(52224K)->48287K(52224K) NonClass: 42312K(44544K)->42312K(44544K) Class: 5975K(7680K)->5975K(7680K)
[2023-11-08T18:55:39.676+0100][gc            ] GC(836) Pause Young (Prepare Mixed) (G1 Evacuation Pause) 270M->232M(1024M) 6,672ms
[2023-11-08T18:55:39.676+0100][gc,cpu        ] GC(836) User=0,07s Sys=0,00s Real=0,01s
[2023-11-08T18:55:39.842+0100][gc,start      ] GC(837) Pause Young (Mixed) (G1 Evacuation Pause)
[2023-11-08T18:55:39.842+0100][gc,task       ] GC(837) Using 13 workers of 13 for evacuation
[2023-11-08T18:55:39.846+0100][gc,phases     ] GC(837)   Pre Evacuate Collection Set: 0,0ms
[2023-11-08T18:55:39.846+0100][gc,phases     ] GC(837)   Evacuate Collection Set: 3,1ms
[2023-11-08T18:55:39.846+0100][gc,phases     ] GC(837)   Post Evacuate Collection Set: 0,4ms
[2023-11-08T18:55:39.846+0100][gc,phases     ] GC(837)   Other: 0,3ms
[2023-11-08T18:55:39.846+0100][gc,heap       ] GC(837) Eden regions: 47->0(458)
[2023-11-08T18:55:39.846+0100][gc,heap       ] GC(837) Survivor regions: 4->4(7)
[2023-11-08T18:55:39.846+0100][gc,heap       ] GC(837) Old regions: 101->101
[2023-11-08T18:55:39.846+0100][gc,heap       ] GC(837) Humongous regions: 129->129
[2023-11-08T18:55:39.846+0100][gc,metaspace  ] GC(837) Metaspace: 48287K(52224K)->48287K(52224K) NonClass: 42312K(44544K)->42312K(44544K) Class: 5975K(7680K)->5975K(7680K)
[2023-11-08T18:55:39.846+0100][gc            ] GC(837) Pause Young (Mixed) (G1 Evacuation Pause) 279M->231M(1024M) 3,887ms
[2023-11-08T18:55:39.846+0100][gc,cpu        ] GC(837) User=0,04s Sys=0,00s Real=0,01s
[2023-11-08T18:55:41.428+0100][gc,start      ] GC(838) Pause Young (Normal) (G1 Evacuation Pause)
[2023-11-08T18:55:41.428+0100][gc,task       ] GC(838) Using 13 workers of 13 for evacuation
[2023-11-08T18:55:41.431+0100][gc,phases     ] GC(838)   Pre Evacuate Collection Set: 0,0ms
[2023-11-08T18:55:41.431+0100][gc,phases     ] GC(838)   Evacuate Collection Set: 1,5ms
[2023-11-08T18:55:41.431+0100][gc,phases     ] GC(838)   Post Evacuate Collection Set: 0,6ms
[2023-11-08T18:55:41.431+0100][gc,phases     ] GC(838)   Other: 0,2ms
[2023-11-08T18:55:41.431+0100][gc,heap       ] GC(838) Eden regions: 458->0(52)
[2023-11-08T18:55:41.431+0100][gc,heap       ] GC(838) Survivor regions: 4->2(58)
[2023-11-08T18:55:41.431+0100][gc,heap       ] GC(838) Old regions: 101->101
[2023-11-08T18:55:41.431+0100][gc,heap       ] GC(838) Humongous regions: 129->129
[2023-11-08T18:55:41.431+0100][gc,metaspace  ] GC(838) Metaspace: 48287K(52224K)->48287K(52224K) NonClass: 42312K(44544K)->42312K(44544K) Class: 5975K(7680K)->5975K(7680K)
[2023-11-08T18:55:41.431+0100][gc            ] GC(838) Pause Young (Normal) (G1 Evacuation Pause) 689M->230M(1024M) 2,540ms
[2023-11-08T18:55:41.431+0100][gc,cpu        ] GC(838) User=0,00s Sys=0,01s Real=0,00s
[2023-11-08T18:55:41.613+0100][gc,start      ] GC(839) Pause Young (Normal) (G1 Evacuation Pause)
[2023-11-08T18:55:41.613+0100][gc,task       ] GC(839) Using 13 workers of 13 for evacuation
[2023-11-08T18:55:41.616+0100][gc,phases     ] GC(839)   Pre Evacuate Collection Set: 0,0ms
[2023-11-08T18:55:41.616+0100][gc,phases     ] GC(839)   Evacuate Collection Set: 2,0ms
[2023-11-08T18:55:41.616+0100][gc,phases     ] GC(839)   Post Evacuate Collection Set: 0,5ms
[2023-11-08T18:55:41.616+0100][gc,phases     ] GC(839)   Other: 0,2ms
[2023-11-08T18:55:41.616+0100][gc,heap       ] GC(839) Eden regions: 52->0(378)
[2023-11-08T18:55:41.616+0100][gc,heap       ] GC(839) Survivor regions: 2->2(7)
[2023-11-08T18:55:41.616+0100][gc,heap       ] GC(839) Old regions: 101->101
[2023-11-08T18:55:41.616+0100][gc,heap       ] GC(839) Humongous regions: 129->129
[2023-11-08T18:55:41.616+0100][gc,metaspace  ] GC(839) Metaspace: 48287K(52224K)->48287K(52224K) NonClass: 42312K(44544K)->42312K(44544K) Class: 5975K(7680K)->5975K(7680K)
[2023-11-08T18:55:41.616+0100][gc            ] GC(839) Pause Young (Normal) (G1 Evacuation Pause) 282M->230M(1024M) 2,783ms
[2023-11-08T18:55:41.616+0100][gc,cpu        ] GC(839) User=0,00s Sys=0,03s Real=0,01s
[2023-11-08T18:55:42.904+0100][gc,start      ] GC(840) Pause Young (Normal) (G1 Evacuation Pause)
[2023-11-08T18:55:42.904+0100][gc,task       ] GC(840) Using 13 workers of 13 for evacuation
[2023-11-08T18:55:42.906+0100][gc,phases     ] GC(840)   Pre Evacuate Collection Set: 0,0ms
[2023-11-08T18:55:42.906+0100][gc,phases     ] GC(840)   Evacuate Collection Set: 1,8ms
[2023-11-08T18:55:42.906+0100][gc,phases     ] GC(840)   Post Evacuate Collection Set: 0,5ms
[2023-11-08T18:55:42.906+0100][gc,phases     ] GC(840)   Other: 0,2ms
[2023-11-08T18:55:42.906+0100][gc,heap       ] GC(840) Eden regions: 378->0(444)
[2023-11-08T18:55:42.906+0100][gc,heap       ] GC(840) Survivor regions: 2->3(48)
[2023-11-08T18:55:42.906+0100][gc,heap       ] GC(840) Old regions: 101->101
[2023-11-08T18:55:42.906+0100][gc,heap       ] GC(840) Humongous regions: 129->129
[2023-11-08T18:55:42.906+0100][gc,metaspace  ] GC(840) Metaspace: 48287K(52224K)->48287K(52224K) NonClass: 42312K(44544K)->42312K(44544K) Class: 5975K(7680K)->5975K(7680K)
[2023-11-08T18:55:42.906+0100][gc            ] GC(840) Pause Young (Normal) (G1 Evacuation Pause) 608M->231M(1024M) 2,668ms
[2023-11-08T18:55:42.906+0100][gc,cpu        ] GC(840) User=0,01s Sys=0,01s Real=0,00s
[2023-11-08T18:55:44.366+0100][gc,start      ] GC(841) Pause Young (Concurrent Start) (G1 Evacuation Pause)
[2023-11-08T18:55:44.366+0100][gc,task       ] GC(841) Using 13 workers of 13 for evacuation
[2023-11-08T18:55:44.370+0100][gc,phases     ] GC(841)   Pre Evacuate Collection Set: 0,2ms
[2023-11-08T18:55:44.370+0100][gc,phases     ] GC(841)   Evacuate Collection Set: 2,9ms
[2023-11-08T18:55:44.370+0100][gc,phases     ] GC(841)   Post Evacuate Collection Set: 0,5ms
[2023-11-08T18:55:44.370+0100][gc,phases     ] GC(841)   Other: 0,3ms
[2023-11-08T18:55:44.370+0100][gc,heap       ] GC(841) Eden regions: 444->0(486)
[2023-11-08T18:55:44.370+0100][gc,heap       ] GC(841) Survivor regions: 3->4(56)
[2023-11-08T18:55:44.370+0100][gc,heap       ] GC(841) Old regions: 101->101
[2023-11-08T18:55:44.370+0100][gc,heap       ] GC(841) Humongous regions: 129->129
[2023-11-08T18:55:44.370+0100][gc,metaspace  ] GC(841) Metaspace: 48287K(52224K)->48287K(52224K) NonClass: 42312K(44544K)->42312K(44544K) Class: 5975K(7680K)->5975K(7680K)
[2023-11-08T18:55:44.370+0100][gc            ] GC(841) Pause Young (Concurrent Start) (G1 Evacuation Pause) 675M->232M(1024M) 4,034ms
[2023-11-08T18:55:44.370+0100][gc,cpu        ] GC(841) User=0,04s Sys=0,00s Real=0,00s
[2023-11-08T18:55:44.370+0100][gc            ] GC(842) Concurrent Cycle
[2023-11-08T18:55:44.370+0100][gc,marking    ] GC(842) Concurrent Clear Claimed Marks
[2023-11-08T18:55:44.370+0100][gc,marking    ] GC(842) Concurrent Clear Claimed Marks 0,333ms
[2023-11-08T18:55:44.370+0100][gc,marking    ] GC(842) Concurrent Scan Root Regions
[2023-11-08T18:55:44.373+0100][gc,marking    ] GC(842) Concurrent Scan Root Regions 2,295ms
[2023-11-08T18:55:44.373+0100][gc,marking    ] GC(842) Concurrent Mark (6015,981s)
[2023-11-08T18:55:44.373+0100][gc,marking    ] GC(842) Concurrent Mark From Roots
[2023-11-08T18:55:44.373+0100][gc,task       ] GC(842) Using 3 workers of 3 for marking
[2023-11-08T18:55:44.392+0100][gc,marking    ] GC(842) Concurrent Mark From Roots 19,225ms
[2023-11-08T18:55:44.392+0100][gc,marking    ] GC(842) Concurrent Preclean
[2023-11-08T18:55:44.392+0100][gc,marking    ] GC(842) Concurrent Preclean 0,208ms
[2023-11-08T18:55:44.392+0100][gc,marking    ] GC(842) Concurrent Mark (6015,981s, 6016,001s) 19,491ms
[2023-11-08T18:55:44.392+0100][gc,start      ] GC(842) Pause Remark
[2023-11-08T18:55:44.395+0100][gc,stringtable] GC(842) Cleaned string and symbol table, strings: 18399 processed, 0 removed, symbols: 94795 processed, 0 removed
[2023-11-08T18:55:44.395+0100][gc            ] GC(842) Pause Remark 242M->242M(1024M) 3,226ms
[2023-11-08T18:55:44.396+0100][gc,cpu        ] GC(842) User=0,04s Sys=0,00s Real=0,01s
[2023-11-08T18:55:44.396+0100][gc,marking    ] GC(842) Concurrent Rebuild Remembered Sets
[2023-11-08T18:55:44.409+0100][gc,marking    ] GC(842) Concurrent Rebuild Remembered Sets 13,432ms
[2023-11-08T18:55:44.409+0100][gc,start      ] GC(842) Pause Cleanup
[2023-11-08T18:55:44.409+0100][gc            ] GC(842) Pause Cleanup 245M->245M(1024M) 0,185ms
[2023-11-08T18:55:44.409+0100][gc,cpu        ] GC(842) User=0,00s Sys=0,00s Real=0,00s
[2023-11-08T18:55:44.409+0100][gc,marking    ] GC(842) Concurrent Cleanup for Next Mark
[2023-11-08T18:55:44.411+0100][gc,marking    ] GC(842) Concurrent Cleanup for Next Mark 1,810ms
[2023-11-08T18:55:44.411+0100][gc            ] GC(842) Concurrent Cycle 41,452ms
[2023-11-08T18:55:44.519+0100][gc,start      ] GC(843) Pause Young (Prepare Mixed) (G1 Evacuation Pause)
[2023-11-08T18:55:44.519+0100][gc,task       ] GC(843) Using 13 workers of 13 for evacuation
[2023-11-08T18:55:44.523+0100][gc,phases     ] GC(843)   Pre Evacuate Collection Set: 0,0ms
[2023-11-08T18:55:44.523+0100][gc,phases     ] GC(843)   Evacuate Collection Set: 3,3ms
[2023-11-08T18:55:44.523+0100][gc,phases     ] GC(843)   Post Evacuate Collection Set: 0,6ms
[2023-11-08T18:55:44.523+0100][gc,phases     ] GC(843)   Other: 0,3ms
[2023-11-08T18:55:44.523+0100][gc,heap       ] GC(843) Eden regions: 47->0(47)
[2023-11-08T18:55:44.523+0100][gc,heap       ] GC(843) Survivor regions: 4->4(7)
[2023-11-08T18:55:44.523+0100][gc,heap       ] GC(843) Old regions: 101->101
[2023-11-08T18:55:44.523+0100][gc,heap       ] GC(843) Humongous regions: 129->129
[2023-11-08T18:55:44.523+0100][gc,metaspace  ] GC(843) Metaspace: 48287K(52224K)->48287K(52224K) NonClass: 42312K(44544K)->42312K(44544K) Class: 5975K(7680K)->5975K(7680K)
[2023-11-08T18:55:44.523+0100][gc            ] GC(843) Pause Young (Prepare Mixed) (G1 Evacuation Pause) 279M->232M(1024M) 4,373ms
[2023-11-08T18:55:44.523+0100][gc,cpu        ] GC(843) User=0,02s Sys=0,02s Real=0,01s
[2023-11-08T18:55:44.669+0100][gc,start      ] GC(844) Pause Young (Mixed) (G1 Evacuation Pause)
[2023-11-08T18:55:44.669+0100][gc,task       ] GC(844) Using 13 workers of 13 for evacuation
[2023-11-08T18:55:44.673+0100][gc,phases     ] GC(844)   Pre Evacuate Collection Set: 0,1ms
[2023-11-08T18:55:44.673+0100][gc,phases     ] GC(844)   Evacuate Collection Set: 3,4ms
[2023-11-08T18:55:44.673+0100][gc,phases     ] GC(844)   Post Evacuate Collection Set: 0,5ms
[2023-11-08T18:55:44.673+0100][gc,phases     ] GC(844)   Other: 0,2ms
[2023-11-08T18:55:44.673+0100][gc,heap       ] GC(844) Eden regions: 47->0(203)
[2023-11-08T18:55:44.673+0100][gc,heap       ] GC(844) Survivor regions: 4->4(7)
[2023-11-08T18:55:44.673+0100][gc,heap       ] GC(844) Old regions: 101->79
[2023-11-08T18:55:44.673+0100][gc,heap       ] GC(844) Humongous regions: 129->129
[2023-11-08T18:55:44.673+0100][gc,metaspace  ] GC(844) Metaspace: 48287K(52224K)->48287K(52224K) NonClass: 42312K(44544K)->42312K(44544K) Class: 5975K(7680K)->5975K(7680K)
[2023-11-08T18:55:44.674+0100][gc            ] GC(844) Pause Young (Mixed) (G1 Evacuation Pause) 279M->209M(1024M) 4,229ms
[2023-11-08T18:55:44.674+0100][gc,cpu        ] GC(844) User=0,04s Sys=0,00s Real=0,00s
[2023-11-08T18:55:45.329+0100][gc,start      ] GC(845) Pause Young (Normal) (G1 Evacuation Pause)
[2023-11-08T18:55:45.329+0100][gc,task       ] GC(845) Using 13 workers of 13 for evacuation
[2023-11-08T18:55:45.331+0100][gc,phases     ] GC(845)   Pre Evacuate Collection Set: 0,0ms
[2023-11-08T18:55:45.331+0100][gc,phases     ] GC(845)   Evacuate Collection Set: 2,1ms
[2023-11-08T18:55:45.331+0100][gc,phases     ] GC(845)   Post Evacuate Collection Set: 0,5ms
[2023-11-08T18:55:45.332+0100][gc,phases     ] GC(845)   Other: 0,2ms
[2023-11-08T18:55:45.332+0100][gc,heap       ] GC(845) Eden regions: 203->0(271)
[2023-11-08T18:55:45.332+0100][gc,heap       ] GC(845) Survivor regions: 4->5(26)
[2023-11-08T18:55:45.332+0100][gc,heap       ] GC(845) Old regions: 79->79
[2023-11-08T18:55:45.332+0100][gc,heap       ] GC(845) Humongous regions: 129->129
[2023-11-08T18:55:45.332+0100][gc,metaspace  ] GC(845) Metaspace: 48287K(52224K)->48287K(52224K) NonClass: 42312K(44544K)->42312K(44544K) Class: 5975K(7680K)->5975K(7680K)
[2023-11-08T18:55:45.332+0100][gc            ] GC(845) Pause Young (Normal) (G1 Evacuation Pause) 412M->210M(1024M) 2,927ms
[2023-11-08T18:55:45.332+0100][gc,cpu        ] GC(845) User=0,01s Sys=0,02s Real=0,00s
[2023-11-08T18:55:46.262+0100][gc,start      ] GC(846) Pause Young (Normal) (G1 Evacuation Pause)
[2023-11-08T18:55:46.262+0100][gc,task       ] GC(846) Using 13 workers of 13 for evacuation
[2023-11-08T18:55:46.265+0100][gc,phases     ] GC(846)   Pre Evacuate Collection Set: 0,0ms
[2023-11-08T18:55:46.265+0100][gc,phases     ] GC(846)   Evacuate Collection Set: 2,5ms
[2023-11-08T18:55:46.265+0100][gc,phases     ] GC(846)   Post Evacuate Collection Set: 0,6ms
[2023-11-08T18:55:46.265+0100][gc,phases     ] GC(846)   Other: 0,3ms
[2023-11-08T18:55:46.265+0100][gc,heap       ] GC(846) Eden regions: 271->0(348)
[2023-11-08T18:55:46.265+0100][gc,heap       ] GC(846) Survivor regions: 5->6(35)
[2023-11-08T18:55:46.265+0100][gc,heap       ] GC(846) Old regions: 79->79
[2023-11-08T18:55:46.265+0100][gc,heap       ] GC(846) Humongous regions: 129->129
[2023-11-08T18:55:46.265+0100][gc,metaspace  ] GC(846) Metaspace: 48287K(52224K)->48287K(52224K) NonClass: 42312K(44544K)->42312K(44544K) Class: 5975K(7680K)->5975K(7680K)
[2023-11-08T18:55:46.265+0100][gc            ] GC(846) Pause Young (Normal) (G1 Evacuation Pause) 481M->211M(1024M) 3,547ms
[2023-11-08T18:55:46.265+0100][gc,cpu        ] GC(846) User=0,03s Sys=0,00s Real=0,01s
[2023-11-08T18:55:47.443+0100][gc,start      ] GC(847) Pause Young (Normal) (G1 Evacuation Pause)
[2023-11-08T18:55:47.443+0100][gc,task       ] GC(847) Using 13 workers of 13 for evacuation
[2023-11-08T18:55:47.447+0100][gc,phases     ] GC(847)   Pre Evacuate Collection Set: 0,0ms
[2023-11-08T18:55:47.447+0100][gc,phases     ] GC(847)   Evacuate Collection Set: 2,7ms
[2023-11-08T18:55:47.447+0100][gc,phases     ] GC(847)   Post Evacuate Collection Set: 0,7ms
[2023-11-08T18:55:47.447+0100][gc,phases     ] GC(847)   Other: 0,3ms
[2023-11-08T18:55:47.447+0100][gc,heap       ] GC(847) Eden regions: 348->0(427)
[2023-11-08T18:55:47.447+0100][gc,heap       ] GC(847) Survivor regions: 6->7(45)
[2023-11-08T18:55:47.447+0100][gc,heap       ] GC(847) Old regions: 79->79
[2023-11-08T18:55:47.447+0100][gc,heap       ] GC(847) Humongous regions: 129->129
[2023-11-08T18:55:47.447+0100][gc,metaspace  ] GC(847) Metaspace: 48287K(52224K)->48287K(52224K) NonClass: 42312K(44544K)->42312K(44544K) Class: 5975K(7680K)->5975K(7680K)
[2023-11-08T18:55:47.447+0100][gc            ] GC(847) Pause Young (Normal) (G1 Evacuation Pause) 559M->212M(1024M) 3,902ms
[2023-11-08T18:55:47.447+0100][gc,cpu        ] GC(847) User=0,02s Sys=0,02s Real=0,00s
[2023-11-08T18:55:48.825+0100][gc,start      ] GC(848) Pause Young (Normal) (G1 Evacuation Pause)
[2023-11-08T18:55:48.825+0100][gc,task       ] GC(848) Using 13 workers of 13 for evacuation
[2023-11-08T18:55:48.830+0100][gc,phases     ] GC(848)   Pre Evacuate Collection Set: 0,0ms
[2023-11-08T18:55:48.830+0100][gc,phases     ] GC(848)   Evacuate Collection Set: 3,6ms
[2023-11-08T18:55:48.830+0100][gc,phases     ] GC(848)   Post Evacuate Collection Set: 0,6ms
[2023-11-08T18:55:48.830+0100][gc,phases     ] GC(848)   Other: 0,2ms
[2023-11-08T18:55:48.830+0100][gc,heap       ] GC(848) Eden regions: 427->0(517)
[2023-11-08T18:55:48.830+0100][gc,heap       ] GC(848) Survivor regions: 7->8(55)
[2023-11-08T18:55:48.830+0100][gc,heap       ] GC(848) Old regions: 79->79
[2023-11-08T18:55:48.830+0100][gc,heap       ] GC(848) Humongous regions: 129->129
[2023-11-08T18:55:48.830+0100][gc,metaspace  ] GC(848) Metaspace: 48287K(52224K)->48287K(52224K) NonClass: 42312K(44544K)->42312K(44544K) Class: 5975K(7680K)->5975K(7680K)
[2023-11-08T18:55:48.830+0100][gc            ] GC(848) Pause Young (Normal) (G1 Evacuation Pause) 639M->213M(1024M) 4,437ms
[2023-11-08T18:55:48.830+0100][gc,cpu        ] GC(848) User=0,04s Sys=0,00s Real=0,00s
[2023-11-08T18:55:50.514+0100][gc,start      ] GC(849) Pause Young (Concurrent Start) (G1 Evacuation Pause)
[2023-11-08T18:55:50.514+0100][gc,task       ] GC(849) Using 13 workers of 13 for evacuation
[2023-11-08T18:55:50.519+0100][gc,phases     ] GC(849)   Pre Evacuate Collection Set: 0,2ms
[2023-11-08T18:55:50.519+0100][gc,phases     ] GC(849)   Evacuate Collection Set: 4,4ms
[2023-11-08T18:55:50.519+0100][gc,phases     ] GC(849)   Post Evacuate Collection Set: 0,5ms
[2023-11-08T18:55:50.519+0100][gc,phases     ] GC(849)   Other: 0,2ms
[2023-11-08T18:55:50.519+0100][gc,heap       ] GC(849) Eden regions: 517->0(571)
[2023-11-08T18:55:50.519+0100][gc,heap       ] GC(849) Survivor regions: 8->9(66)
[2023-11-08T18:55:50.519+0100][gc,heap       ] GC(849) Old regions: 79->79
[2023-11-08T18:55:50.519+0100][gc,heap       ] GC(849) Humongous regions: 129->129
[2023-11-08T18:55:50.519+0100][gc,metaspace  ] GC(849) Metaspace: 48287K(52224K)->48287K(52224K) NonClass: 42312K(44544K)->42312K(44544K) Class: 5975K(7680K)->5975K(7680K)
[2023-11-08T18:55:50.520+0100][gc            ] GC(849) Pause Young (Concurrent Start) (G1 Evacuation Pause) 730M->214M(1024M) 5,510ms
[2023-11-08T18:55:50.520+0100][gc,cpu        ] GC(849) User=0,03s Sys=0,02s Real=0,01s
[2023-11-08T18:55:50.520+0100][gc            ] GC(850) Concurrent Cycle
[2023-11-08T18:55:50.520+0100][gc,marking    ] GC(850) Concurrent Clear Claimed Marks
[2023-11-08T18:55:50.520+0100][gc,marking    ] GC(850) Concurrent Clear Claimed Marks 0,319ms
[2023-11-08T18:55:50.520+0100][gc,marking    ] GC(850) Concurrent Scan Root Regions
[2023-11-08T18:55:50.523+0100][gc,marking    ] GC(850) Concurrent Scan Root Regions 2,980ms
[2023-11-08T18:55:50.523+0100][gc,marking    ] GC(850) Concurrent Mark (6022,131s)
[2023-11-08T18:55:50.523+0100][gc,marking    ] GC(850) Concurrent Mark From Roots
[2023-11-08T18:55:50.523+0100][gc,task       ] GC(850) Using 3 workers of 3 for marking
[2023-11-08T18:55:50.542+0100][gc,marking    ] GC(850) Concurrent Mark From Roots 18,678ms
[2023-11-08T18:55:50.542+0100][gc,marking    ] GC(850) Concurrent Preclean
[2023-11-08T18:55:50.542+0100][gc,marking    ] GC(850) Concurrent Preclean 0,250ms
[2023-11-08T18:55:50.542+0100][gc,marking    ] GC(850) Concurrent Mark (6022,131s, 6022,150s) 18,991ms
[2023-11-08T18:55:50.542+0100][gc,start      ] GC(850) Pause Remark
[2023-11-08T18:55:50.546+0100][gc,stringtable] GC(850) Cleaned string and symbol table, strings: 18399 processed, 0 removed, symbols: 94795 processed, 0 removed
[2023-11-08T18:55:50.546+0100][gc            ] GC(850) Pause Remark 225M->225M(1024M) 3,654ms
[2023-11-08T18:55:50.546+0100][gc,cpu        ] GC(850) User=0,02s Sys=0,02s Real=0,01s
[2023-11-08T18:55:50.546+0100][gc,marking    ] GC(850) Concurrent Rebuild Remembered Sets
[2023-11-08T18:55:50.559+0100][gc,marking    ] GC(850) Concurrent Rebuild Remembered Sets 13,522ms
[2023-11-08T18:55:50.559+0100][gc,start      ] GC(850) Pause Cleanup
[2023-11-08T18:55:50.560+0100][gc            ] GC(850) Pause Cleanup 228M->228M(1024M) 0,206ms
[2023-11-08T18:55:50.560+0100][gc,cpu        ] GC(850) User=0,00s Sys=0,00s Real=0,00s
[2023-11-08T18:55:50.560+0100][gc,marking    ] GC(850) Concurrent Cleanup for Next Mark
[2023-11-08T18:55:50.562+0100][gc,marking    ] GC(850) Concurrent Cleanup for Next Mark 1,984ms
[2023-11-08T18:55:50.562+0100][gc            ] GC(850) Concurrent Cycle 42,271ms
[2023-11-08T18:55:50.744+0100][gc,start      ] GC(851) Pause Young (Normal) (G1 Evacuation Pause)
[2023-11-08T18:55:50.744+0100][gc,task       ] GC(851) Using 13 workers of 13 for evacuation
[2023-11-08T18:55:50.750+0100][gc,phases     ] GC(851)   Pre Evacuate Collection Set: 0,0ms
[2023-11-08T18:55:50.750+0100][gc,phases     ] GC(851)   Evacuate Collection Set: 5,5ms
[2023-11-08T18:55:50.750+0100][gc,phases     ] GC(851)   Post Evacuate Collection Set: 0,4ms
[2023-11-08T18:55:50.750+0100][gc,phases     ] GC(851)   Other: 0,2ms
[2023-11-08T18:55:50.750+0100][gc,heap       ] GC(851) Eden regions: 68->0(459)
[2023-11-08T18:55:50.750+0100][gc,heap       ] GC(851) Survivor regions: 9->6(10)
[2023-11-08T18:55:50.750+0100][gc,heap       ] GC(851) Old regions: 79->82
[2023-11-08T18:55:50.750+0100][gc,heap       ] GC(851) Humongous regions: 129->129
[2023-11-08T18:55:50.750+0100][gc,metaspace  ] GC(851) Metaspace: 48287K(52224K)->48287K(52224K) NonClass: 42312K(44544K)->42312K(44544K) Class: 5975K(7680K)->5975K(7680K)
[2023-11-08T18:55:50.750+0100][gc            ] GC(851) Pause Young (Normal) (G1 Evacuation Pause) 282M->215M(1024M) 6,271ms
[2023-11-08T18:55:50.750+0100][gc,cpu        ] GC(851) User=0,04s Sys=0,01s Real=0,00s
[2023-11-08T18:55:52.294+0100][gc,start      ] GC(852) Pause Young (Concurrent Start) (G1 Evacuation Pause)
[2023-11-08T18:55:52.294+0100][gc,task       ] GC(852) Using 13 workers of 13 for evacuation
[2023-11-08T18:55:52.300+0100][gc,phases     ] GC(852)   Pre Evacuate Collection Set: 0,3ms
[2023-11-08T18:55:52.300+0100][gc,phases     ] GC(852)   Evacuate Collection Set: 4,6ms
[2023-11-08T18:55:52.300+0100][gc,phases     ] GC(852)   Post Evacuate Collection Set: 0,7ms
[2023-11-08T18:55:52.300+0100][gc,phases     ] GC(852)   Other: 0,3ms
[2023-11-08T18:55:52.300+0100][gc,heap       ] GC(852) Eden regions: 459->0(472)
[2023-11-08T18:55:52.300+0100][gc,heap       ] GC(852) Survivor regions: 6->8(59)
[2023-11-08T18:55:52.300+0100][gc,heap       ] GC(852) Old regions: 82->82
[2023-11-08T18:55:52.300+0100][gc,heap       ] GC(852) Humongous regions: 129->129
[2023-11-08T18:55:52.300+0100][gc,metaspace  ] GC(852) Metaspace: 48287K(52224K)->48287K(52224K) NonClass: 42312K(44544K)->42312K(44544K) Class: 5975K(7680K)->5975K(7680K)
[2023-11-08T18:55:52.300+0100][gc            ] GC(852) Pause Young (Concurrent Start) (G1 Evacuation Pause) 674M->216M(1024M) 6,069ms
[2023-11-08T18:55:52.300+0100][gc,cpu        ] GC(852) User=0,06s Sys=0,00s Real=0,01s
[2023-11-08T18:55:52.300+0100][gc            ] GC(853) Concurrent Cycle
[2023-11-08T18:55:52.300+0100][gc,marking    ] GC(853) Concurrent Clear Claimed Marks
[2023-11-08T18:55:52.300+0100][gc,marking    ] GC(853) Concurrent Clear Claimed Marks 0,273ms
[2023-11-08T18:55:52.300+0100][gc,marking    ] GC(853) Concurrent Scan Root Regions
[2023-11-08T18:55:52.303+0100][gc,marking    ] GC(853) Concurrent Scan Root Regions 2,452ms
[2023-11-08T18:55:52.303+0100][gc,marking    ] GC(853) Concurrent Mark (6023,911s)
[2023-11-08T18:55:52.303+0100][gc,marking    ] GC(853) Concurrent Mark From Roots
[2023-11-08T18:55:52.303+0100][gc,task       ] GC(853) Using 3 workers of 3 for marking
[2023-11-08T18:55:52.322+0100][gc,marking    ] GC(853) Concurrent Mark From Roots 19,124ms
[2023-11-08T18:55:52.322+0100][gc,marking    ] GC(853) Concurrent Preclean
[2023-11-08T18:55:52.322+0100][gc,marking    ] GC(853) Concurrent Preclean 0,331ms
[2023-11-08T18:55:52.322+0100][gc,marking    ] GC(853) Concurrent Mark (6023,911s, 6023,931s) 19,546ms
[2023-11-08T18:55:52.323+0100][gc,start      ] GC(853) Pause Remark
[2023-11-08T18:55:52.326+0100][gc,stringtable] GC(853) Cleaned string and symbol table, strings: 18399 processed, 0 removed, symbols: 94795 processed, 0 removed
[2023-11-08T18:55:52.326+0100][gc            ] GC(853) Pause Remark 224M->224M(1024M) 3,488ms
[2023-11-08T18:55:52.326+0100][gc,cpu        ] GC(853) User=0,04s Sys=0,00s Real=0,01s
[2023-11-08T18:55:52.326+0100][gc,marking    ] GC(853) Concurrent Rebuild Remembered Sets
[2023-11-08T18:55:52.340+0100][gc,marking    ] GC(853) Concurrent Rebuild Remembered Sets 14,164ms
[2023-11-08T18:55:52.340+0100][gc,start      ] GC(853) Pause Cleanup
[2023-11-08T18:55:52.341+0100][gc            ] GC(853) Pause Cleanup 227M->227M(1024M) 0,199ms
[2023-11-08T18:55:52.341+0100][gc,cpu        ] GC(853) User=0,00s Sys=0,00s Real=0,00s
[2023-11-08T18:55:52.341+0100][gc,marking    ] GC(853) Concurrent Cleanup for Next Mark
[2023-11-08T18:55:52.342+0100][gc,marking    ] GC(853) Concurrent Cleanup for Next Mark 1,671ms
[2023-11-08T18:55:52.342+0100][gc            ] GC(853) Concurrent Cycle 42,480ms
[2023-11-08T18:55:52.538+0100][gc,start      ] GC(854) Pause Young (Normal) (G1 Evacuation Pause)
[2023-11-08T18:55:52.538+0100][gc,task       ] GC(854) Using 13 workers of 13 for evacuation
[2023-11-08T18:55:52.542+0100][gc,phases     ] GC(854)   Pre Evacuate Collection Set: 0,0ms
[2023-11-08T18:55:52.542+0100][gc,phases     ] GC(854)   Evacuate Collection Set: 3,7ms
[2023-11-08T18:55:52.542+0100][gc,phases     ] GC(854)   Post Evacuate Collection Set: 0,4ms
[2023-11-08T18:55:52.542+0100][gc,phases     ] GC(854)   Other: 0,2ms
[2023-11-08T18:55:52.542+0100][gc,heap       ] GC(854) Eden regions: 67->0(524)
[2023-11-08T18:55:52.542+0100][gc,heap       ] GC(854) Survivor regions: 8->6(10)
[2023-11-08T18:55:52.542+0100][gc,heap       ] GC(854) Old regions: 82->84
[2023-11-08T18:55:52.542+0100][gc,heap       ] GC(854) Humongous regions: 129->129
[2023-11-08T18:55:52.542+0100][gc,metaspace  ] GC(854) Metaspace: 48287K(52224K)->48287K(52224K) NonClass: 42312K(44544K)->42312K(44544K) Class: 5975K(7680K)->5975K(7680K)
[2023-11-08T18:55:52.542+0100][gc            ] GC(854) Pause Young (Normal) (G1 Evacuation Pause) 283M->216M(1024M) 4,447ms
[2023-11-08T18:55:52.542+0100][gc,cpu        ] GC(854) User=0,05s Sys=0,00s Real=0,00s
[2023-11-08T18:55:54.361+0100][gc,start      ] GC(855) Pause Young (Concurrent Start) (G1 Evacuation Pause)
[2023-11-08T18:55:54.361+0100][gc,task       ] GC(855) Using 13 workers of 13 for evacuation
[2023-11-08T18:55:54.366+0100][gc,phases     ] GC(855)   Pre Evacuate Collection Set: 0,2ms
[2023-11-08T18:55:54.366+0100][gc,phases     ] GC(855)   Evacuate Collection Set: 3,8ms
[2023-11-08T18:55:54.366+0100][gc,phases     ] GC(855)   Post Evacuate Collection Set: 0,6ms
[2023-11-08T18:55:54.366+0100][gc,phases     ] GC(855)   Other: 0,2ms
[2023-11-08T18:55:54.366+0100][gc,heap       ] GC(855) Eden regions: 524->0(510)
[2023-11-08T18:55:54.366+0100][gc,heap       ] GC(855) Survivor regions: 6->7(67)
[2023-11-08T18:55:54.366+0100][gc,heap       ] GC(855) Old regions: 84->84
[2023-11-08T18:55:54.366+0100][gc,heap       ] GC(855) Humongous regions: 129->129
[2023-11-08T18:55:54.366+0100][gc,metaspace  ] GC(855) Metaspace: 48287K(52224K)->48287K(52224K) NonClass: 42312K(44544K)->42312K(44544K) Class: 5975K(7680K)->5975K(7680K)
[2023-11-08T18:55:54.366+0100][gc            ] GC(855) Pause Young (Concurrent Start) (G1 Evacuation Pause) 740M->218M(1024M) 4,924ms
[2023-11-08T18:55:54.366+0100][gc,cpu        ] GC(855) User=0,04s Sys=0,00s Real=0,01s
[2023-11-08T18:55:54.366+0100][gc            ] GC(856) Concurrent Cycle
[2023-11-08T18:55:54.366+0100][gc,marking    ] GC(856) Concurrent Clear Claimed Marks
[2023-11-08T18:55:54.366+0100][gc,marking    ] GC(856) Concurrent Clear Claimed Marks 0,362ms
[2023-11-08T18:55:54.366+0100][gc,marking    ] GC(856) Concurrent Scan Root Regions
[2023-11-08T18:55:54.368+0100][gc,marking    ] GC(856) Concurrent Scan Root Regions 1,935ms
[2023-11-08T18:55:54.368+0100][gc,marking    ] GC(856) Concurrent Mark (6025,977s)
[2023-11-08T18:55:54.368+0100][gc,marking    ] GC(856) Concurrent Mark From Roots
[2023-11-08T18:55:54.368+0100][gc,task       ] GC(856) Using 3 workers of 3 for marking
[2023-11-08T18:55:54.390+0100][gc,marking    ] GC(856) Concurrent Mark From Roots 21,967ms
[2023-11-08T18:55:54.390+0100][gc,marking    ] GC(856) Concurrent Preclean
[2023-11-08T18:55:54.390+0100][gc,marking    ] GC(856) Concurrent Preclean 0,269ms
[2023-11-08T18:55:54.390+0100][gc,marking    ] GC(856) Concurrent Mark (6025,977s, 6025,999s) 22,358ms
[2023-11-08T18:55:54.391+0100][gc,start      ] GC(856) Pause Remark
[2023-11-08T18:55:54.394+0100][gc,stringtable] GC(856) Cleaned string and symbol table, strings: 18399 processed, 0 removed, symbols: 94795 processed, 0 removed
[2023-11-08T18:55:54.394+0100][gc            ] GC(856) Pause Remark 228M->228M(1024M) 3,152ms
[2023-11-08T18:55:54.394+0100][gc,cpu        ] GC(856) User=0,03s Sys=0,00s Real=0,00s
[2023-11-08T18:55:54.394+0100][gc,marking    ] GC(856) Concurrent Rebuild Remembered Sets
[2023-11-08T18:55:54.409+0100][gc,marking    ] GC(856) Concurrent Rebuild Remembered Sets 14,952ms
[2023-11-08T18:55:54.409+0100][gc,start      ] GC(856) Pause Cleanup
[2023-11-08T18:55:54.409+0100][gc            ] GC(856) Pause Cleanup 233M->233M(1024M) 0,220ms
[2023-11-08T18:55:54.409+0100][gc,cpu        ] GC(856) User=0,00s Sys=0,00s Real=0,00s
[2023-11-08T18:55:54.409+0100][gc,marking    ] GC(856) Concurrent Cleanup for Next Mark
[2023-11-08T18:55:54.411+0100][gc,marking    ] GC(856) Concurrent Cleanup for Next Mark 1,874ms
[2023-11-08T18:55:54.411+0100][gc            ] GC(856) Concurrent Cycle 45,473ms
[2023-11-08T18:55:54.651+0100][gc,start      ] GC(857) Pause Young (Normal) (G1 Evacuation Pause)
[2023-11-08T18:55:54.651+0100][gc,task       ] GC(857) Using 13 workers of 13 for evacuation
[2023-11-08T18:55:54.656+0100][gc,phases     ] GC(857)   Pre Evacuate Collection Set: 0,0ms
[2023-11-08T18:55:54.656+0100][gc,phases     ] GC(857)   Evacuate Collection Set: 4,2ms
[2023-11-08T18:55:54.656+0100][gc,phases     ] GC(857)   Post Evacuate Collection Set: 0,5ms
[2023-11-08T18:55:54.657+0100][gc,phases     ] GC(857)   Other: 0,3ms
[2023-11-08T18:55:54.657+0100][gc,heap       ] GC(857) Eden regions: 84->0(257)
[2023-11-08T18:55:54.657+0100][gc,heap       ] GC(857) Survivor regions: 7->7(12)
[2023-11-08T18:55:54.657+0100][gc,heap       ] GC(857) Old regions: 84->85
[2023-11-08T18:55:54.657+0100][gc,heap       ] GC(857) Humongous regions: 129->129
[2023-11-08T18:55:54.657+0100][gc,metaspace  ] GC(857) Metaspace: 48287K(52224K)->48287K(52224K) NonClass: 42312K(44544K)->42312K(44544K) Class: 5975K(7680K)->5975K(7680K)
[2023-11-08T18:55:54.657+0100][gc            ] GC(857) Pause Young (Normal) (G1 Evacuation Pause) 302M->218M(1024M) 5,186ms
[2023-11-08T18:55:54.657+0100][gc,cpu        ] GC(857) User=0,05s Sys=0,00s Real=0,01s
[2023-11-08T18:55:55.515+0100][gc,start      ] GC(858) Pause Young (Concurrent Start) (G1 Evacuation Pause)
[2023-11-08T18:55:55.515+0100][gc,task       ] GC(858) Using 13 workers of 13 for evacuation
[2023-11-08T18:55:55.520+0100][gc,phases     ] GC(858)   Pre Evacuate Collection Set: 0,2ms
[2023-11-08T18:55:55.520+0100][gc,phases     ] GC(858)   Evacuate Collection Set: 3,2ms
[2023-11-08T18:55:55.520+0100][gc,phases     ] GC(858)   Post Evacuate Collection Set: 0,6ms
[2023-11-08T18:55:55.520+0100][gc,phases     ] GC(858)   Other: 0,3ms
[2023-11-08T18:55:55.520+0100][gc,heap       ] GC(858) Eden regions: 257->0(323)
[2023-11-08T18:55:55.520+0100][gc,heap       ] GC(858) Survivor regions: 7->8(33)
[2023-11-08T18:55:55.520+0100][gc,heap       ] GC(858) Old regions: 85->85
[2023-11-08T18:55:55.520+0100][gc,heap       ] GC(858) Humongous regions: 129->129
[2023-11-08T18:55:55.520+0100][gc,metaspace  ] GC(858) Metaspace: 48287K(52224K)->48287K(52224K) NonClass: 42312K(44544K)->42312K(44544K) Class: 5975K(7680K)->5975K(7680K)
[2023-11-08T18:55:55.520+0100][gc            ] GC(858) Pause Young (Concurrent Start) (G1 Evacuation Pause) 475M->218M(1024M) 4,428ms
[2023-11-08T18:55:55.520+0100][gc,cpu        ] GC(858) User=0,00s Sys=0,03s Real=0,00s
[2023-11-08T18:55:55.520+0100][gc            ] GC(859) Concurrent Cycle
[2023-11-08T18:55:55.520+0100][gc,marking    ] GC(859) Concurrent Clear Claimed Marks
[2023-11-08T18:55:55.520+0100][gc,marking    ] GC(859) Concurrent Clear Claimed Marks 0,377ms
[2023-11-08T18:55:55.520+0100][gc,marking    ] GC(859) Concurrent Scan Root Regions
[2023-11-08T18:55:55.523+0100][gc,marking    ] GC(859) Concurrent Scan Root Regions 2,242ms
[2023-11-08T18:55:55.523+0100][gc,marking    ] GC(859) Concurrent Mark (6027,131s)
[2023-11-08T18:55:55.523+0100][gc,marking    ] GC(859) Concurrent Mark From Roots
[2023-11-08T18:55:55.523+0100][gc,task       ] GC(859) Using 3 workers of 3 for marking
[2023-11-08T18:55:55.545+0100][gc,marking    ] GC(859) Concurrent Mark From Roots 22,685ms
[2023-11-08T18:55:55.545+0100][gc,marking    ] GC(859) Concurrent Preclean
[2023-11-08T18:55:55.546+0100][gc,marking    ] GC(859) Concurrent Preclean 0,242ms
[2023-11-08T18:55:55.546+0100][gc,marking    ] GC(859) Concurrent Mark (6027,131s, 6027,154s) 23,007ms
[2023-11-08T18:55:55.546+0100][gc,start      ] GC(859) Pause Remark
[2023-11-08T18:55:55.549+0100][gc,stringtable] GC(859) Cleaned string and symbol table, strings: 18399 processed, 0 removed, symbols: 94795 processed, 0 removed
[2023-11-08T18:55:55.549+0100][gc            ] GC(859) Pause Remark 229M->229M(1024M) 3,212ms
[2023-11-08T18:55:55.549+0100][gc,cpu        ] GC(859) User=0,03s Sys=0,00s Real=0,00s
[2023-11-08T18:55:55.549+0100][gc,marking    ] GC(859) Concurrent Rebuild Remembered Sets
[2023-11-08T18:55:55.565+0100][gc,marking    ] GC(859) Concurrent Rebuild Remembered Sets 15,515ms
[2023-11-08T18:55:55.565+0100][gc,start      ] GC(859) Pause Cleanup
[2023-11-08T18:55:55.565+0100][gc            ] GC(859) Pause Cleanup 233M->233M(1024M) 0,225ms
[2023-11-08T18:55:55.565+0100][gc,cpu        ] GC(859) User=0,00s Sys=0,00s Real=0,00s
[2023-11-08T18:55:55.565+0100][gc,marking    ] GC(859) Concurrent Cleanup for Next Mark
[2023-11-08T18:55:55.567+0100][gc,marking    ] GC(859) Concurrent Cleanup for Next Mark 1,968ms
[2023-11-08T18:55:55.567+0100][gc            ] GC(859) Concurrent Cycle 47,289ms
[2023-11-08T18:55:55.840+0100][gc,start      ] GC(860) Pause Young (Normal) (G1 Evacuation Pause)
[2023-11-08T18:55:55.840+0100][gc,task       ] GC(860) Using 13 workers of 13 for evacuation
[2023-11-08T18:55:55.845+0100][gc,phases     ] GC(860)   Pre Evacuate Collection Set: 0,1ms
[2023-11-08T18:55:55.845+0100][gc,phases     ] GC(860)   Evacuate Collection Set: 3,4ms
[2023-11-08T18:55:55.845+0100][gc,phases     ] GC(860)   Post Evacuate Collection Set: 0,4ms
[2023-11-08T18:55:55.845+0100][gc,phases     ] GC(860)   Other: 0,4ms
[2023-11-08T18:55:55.845+0100][gc,heap       ] GC(860) Eden regions: 98->0(410)
[2023-11-08T18:55:55.845+0100][gc,heap       ] GC(860) Survivor regions: 8->8(14)
[2023-11-08T18:55:55.845+0100][gc,heap       ] GC(860) Old regions: 85->85
[2023-11-08T18:55:55.845+0100][gc,heap       ] GC(860) Humongous regions: 129->129
[2023-11-08T18:55:55.845+0100][gc,metaspace  ] GC(860) Metaspace: 48287K(52224K)->48287K(52224K) NonClass: 42312K(44544K)->42312K(44544K) Class: 5975K(7680K)->5975K(7680K)
[2023-11-08T18:55:55.845+0100][gc            ] GC(860) Pause Young (Normal) (G1 Evacuation Pause) 316M->218M(1024M) 4,360ms
[2023-11-08T18:55:55.845+0100][gc,cpu        ] GC(860) User=0,04s Sys=0,00s Real=0,01s
[2023-11-08T18:55:57.195+0100][gc,start      ] GC(861) Pause Young (Normal) (G1 Evacuation Pause)
[2023-11-08T18:55:57.195+0100][gc,task       ] GC(861) Using 13 workers of 13 for evacuation
[2023-11-08T18:55:57.199+0100][gc,phases     ] GC(861)   Pre Evacuate Collection Set: 0,0ms
[2023-11-08T18:55:57.199+0100][gc,phases     ] GC(861)   Evacuate Collection Set: 3,8ms
[2023-11-08T18:55:57.199+0100][gc,phases     ] GC(861)   Post Evacuate Collection Set: 0,6ms
[2023-11-08T18:55:57.199+0100][gc,phases     ] GC(861)   Other: 0,2ms
[2023-11-08T18:55:57.199+0100][gc,heap       ] GC(861) Eden regions: 410->0(527)
[2023-11-08T18:55:57.199+0100][gc,heap       ] GC(861) Survivor regions: 8->9(53)
[2023-11-08T18:55:57.199+0100][gc,heap       ] GC(861) Old regions: 85->85
[2023-11-08T18:55:57.199+0100][gc,heap       ] GC(861) Humongous regions: 129->129
[2023-11-08T18:55:57.199+0100][gc,metaspace  ] GC(861) Metaspace: 48287K(52224K)->48287K(52224K) NonClass: 42312K(44544K)->42312K(44544K) Class: 5975K(7680K)->5975K(7680K)
[2023-11-08T18:55:57.199+0100][gc            ] GC(861) Pause Young (Normal) (G1 Evacuation Pause) 628M->220M(1024M) 4,707ms
[2023-11-08T18:55:57.199+0100][gc,cpu        ] GC(861) User=0,02s Sys=0,03s Real=0,00s
[2023-11-08T18:55:59.076+0100][gc,start      ] GC(862) Pause Young (Normal) (G1 Evacuation Pause)
[2023-11-08T18:55:59.076+0100][gc,task       ] GC(862) Using 13 workers of 13 for evacuation
[2023-11-08T18:55:59.080+0100][gc,phases     ] GC(862)   Pre Evacuate Collection Set: 0,0ms
[2023-11-08T18:55:59.080+0100][gc,phases     ] GC(862)   Evacuate Collection Set: 3,8ms
[2023-11-08T18:55:59.080+0100][gc,phases     ] GC(862)   Post Evacuate Collection Set: 0,5ms
[2023-11-08T18:55:59.080+0100][gc,phases     ] GC(862)   Other: 0,2ms
[2023-11-08T18:55:59.080+0100][gc,heap       ] GC(862) Eden regions: 527->0(586)
[2023-11-08T18:55:59.080+0100][gc,heap       ] GC(862) Survivor regions: 9->10(67)
[2023-11-08T18:55:59.080+0100][gc,heap       ] GC(862) Old regions: 85->85
[2023-11-08T18:55:59.080+0100][gc,heap       ] GC(862) Humongous regions: 129->129
[2023-11-08T18:55:59.080+0100][gc,metaspace  ] GC(862) Metaspace: 48287K(52224K)->48287K(52224K) NonClass: 42312K(44544K)->42312K(44544K) Class: 5975K(7680K)->5975K(7680K)
[2023-11-08T18:55:59.080+0100][gc            ] GC(862) Pause Young (Normal) (G1 Evacuation Pause) 747M->221M(1024M) 4,618ms
[2023-11-08T18:55:59.080+0100][gc,cpu        ] GC(862) User=0,05s Sys=0,00s Real=0,00s
[2023-11-08T18:56:01.076+0100][gc,start      ] GC(863) Pause Young (Concurrent Start) (G1 Evacuation Pause)
[2023-11-08T18:56:01.076+0100][gc,task       ] GC(863) Using 13 workers of 13 for evacuation
[2023-11-08T18:56:01.082+0100][gc,phases     ] GC(863)   Pre Evacuate Collection Set: 0,2ms
[2023-11-08T18:56:01.082+0100][gc,phases     ] GC(863)   Evacuate Collection Set: 5,1ms
[2023-11-08T18:56:01.082+0100][gc,phases     ] GC(863)   Post Evacuate Collection Set: 0,6ms
[2023-11-08T18:56:01.082+0100][gc,phases     ] GC(863)   Other: 0,2ms
[2023-11-08T18:56:01.082+0100][gc,heap       ] GC(863) Eden regions: 586->0(599)
[2023-11-08T18:56:01.082+0100][gc,heap       ] GC(863) Survivor regions: 10->12(75)
[2023-11-08T18:56:01.082+0100][gc,heap       ] GC(863) Old regions: 85->85
[2023-11-08T18:56:01.082+0100][gc,heap       ] GC(863) Humongous regions: 129->129
[2023-11-08T18:56:01.082+0100][gc,metaspace  ] GC(863) Metaspace: 48287K(52224K)->48287K(52224K) NonClass: 42312K(44544K)->42312K(44544K) Class: 5975K(7680K)->5975K(7680K)
[2023-11-08T18:56:01.082+0100][gc            ] GC(863) Pause Young (Concurrent Start) (G1 Evacuation Pause) 807M->223M(1024M) 6,268ms
[2023-11-08T18:56:01.082+0100][gc,cpu        ] GC(863) User=0,06s Sys=0,01s Real=0,00s
[2023-11-08T18:56:01.082+0100][gc            ] GC(864) Concurrent Cycle
[2023-11-08T18:56:01.082+0100][gc,marking    ] GC(864) Concurrent Clear Claimed Marks
[2023-11-08T18:56:01.083+0100][gc,marking    ] GC(864) Concurrent Clear Claimed Marks 0,401ms
[2023-11-08T18:56:01.083+0100][gc,marking    ] GC(864) Concurrent Scan Root Regions
[2023-11-08T18:56:01.086+0100][gc,marking    ] GC(864) Concurrent Scan Root Regions 2,850ms
[2023-11-08T18:56:01.086+0100][gc,marking    ] GC(864) Concurrent Mark (6032,694s)
[2023-11-08T18:56:01.086+0100][gc,marking    ] GC(864) Concurrent Mark From Roots
[2023-11-08T18:56:01.086+0100][gc,task       ] GC(864) Using 3 workers of 3 for marking
[2023-11-08T18:56:01.106+0100][gc,marking    ] GC(864) Concurrent Mark From Roots 20,553ms
[2023-11-08T18:56:01.106+0100][gc,marking    ] GC(864) Concurrent Preclean
[2023-11-08T18:56:01.106+0100][gc,marking    ] GC(864) Concurrent Preclean 0,225ms
[2023-11-08T18:56:01.106+0100][gc,marking    ] GC(864) Concurrent Mark (6032,694s, 6032,715s) 20,846ms
[2023-11-08T18:56:01.107+0100][gc,start      ] GC(864) Pause Remark
[2023-11-08T18:56:01.110+0100][gc,stringtable] GC(864) Cleaned string and symbol table, strings: 18399 processed, 0 removed, symbols: 94795 processed, 0 removed
[2023-11-08T18:56:01.110+0100][gc            ] GC(864) Pause Remark 233M->233M(1024M) 3,844ms
[2023-11-08T18:56:01.110+0100][gc,cpu        ] GC(864) User=0,02s Sys=0,03s Real=0,00s
[2023-11-08T18:56:01.110+0100][gc,marking    ] GC(864) Concurrent Rebuild Remembered Sets
[2023-11-08T18:56:01.127+0100][gc,marking    ] GC(864) Concurrent Rebuild Remembered Sets 16,507ms
[2023-11-08T18:56:01.127+0100][gc,start      ] GC(864) Pause Cleanup
[2023-11-08T18:56:01.127+0100][gc            ] GC(864) Pause Cleanup 237M->237M(1024M) 0,208ms
[2023-11-08T18:56:01.127+0100][gc,cpu        ] GC(864) User=0,00s Sys=0,00s Real=0,00s
[2023-11-08T18:56:01.127+0100][gc,marking    ] GC(864) Concurrent Cleanup for Next Mark
[2023-11-08T18:56:01.129+0100][gc,marking    ] GC(864) Concurrent Cleanup for Next Mark 1,876ms
[2023-11-08T18:56:01.129+0100][gc            ] GC(864) Concurrent Cycle 47,208ms
[2023-11-08T18:56:01.244+0100][gc,start      ] GC(865) Pause Young (Normal) (G1 Evacuation Pause)
[2023-11-08T18:56:01.244+0100][gc,task       ] GC(865) Using 13 workers of 13 for evacuation
[2023-11-08T18:56:01.250+0100][gc,phases     ] GC(865)   Pre Evacuate Collection Set: 0,0ms
[2023-11-08T18:56:01.250+0100][gc,phases     ] GC(865)   Evacuate Collection Set: 5,4ms
[2023-11-08T18:56:01.250+0100][gc,phases     ] GC(865)   Post Evacuate Collection Set: 0,5ms
[2023-11-08T18:56:01.250+0100][gc,phases     ] GC(865)   Other: 0,2ms
[2023-11-08T18:56:01.250+0100][gc,heap       ] GC(865) Eden regions: 54->0(469)
[2023-11-08T18:56:01.250+0100][gc,heap       ] GC(865) Survivor regions: 12->6(9)
[2023-11-08T18:56:01.250+0100][gc,heap       ] GC(865) Old regions: 85->91
[2023-11-08T18:56:01.250+0100][gc,heap       ] GC(865) Humongous regions: 129->129
[2023-11-08T18:56:01.250+0100][gc,metaspace  ] GC(865) Metaspace: 48287K(52224K)->48287K(52224K) NonClass: 42312K(44544K)->42312K(44544K) Class: 5975K(7680K)->5975K(7680K)
[2023-11-08T18:56:01.250+0100][gc            ] GC(865) Pause Young (Normal) (G1 Evacuation Pause) 277M->224M(1024M) 6,316ms
[2023-11-08T18:56:01.250+0100][gc,cpu        ] GC(865) User=0,05s Sys=0,01s Real=0,00s
[2023-11-08T18:56:02.827+0100][gc,start      ] GC(866) Pause Young (Concurrent Start) (G1 Evacuation Pause)
[2023-11-08T18:56:02.827+0100][gc,task       ] GC(866) Using 13 workers of 13 for evacuation
[2023-11-08T18:56:02.832+0100][gc,phases     ] GC(866)   Pre Evacuate Collection Set: 0,2ms
[2023-11-08T18:56:02.832+0100][gc,phases     ] GC(866)   Evacuate Collection Set: 3,2ms
[2023-11-08T18:56:02.832+0100][gc,phases     ] GC(866)   Post Evacuate Collection Set: 0,6ms
[2023-11-08T18:56:02.832+0100][gc,phases     ] GC(866)   Other: 0,3ms
[2023-11-08T18:56:02.832+0100][gc,heap       ] GC(866) Eden regions: 469->0(279)
[2023-11-08T18:56:02.832+0100][gc,heap       ] GC(866) Survivor regions: 6->7(60)
[2023-11-08T18:56:02.832+0100][gc,heap       ] GC(866) Old regions: 91->91
[2023-11-08T18:56:02.832+0100][gc,heap       ] GC(866) Humongous regions: 129->129
[2023-11-08T18:56:02.832+0100][gc,metaspace  ] GC(866) Metaspace: 48287K(52224K)->48287K(52224K) NonClass: 42312K(44544K)->42312K(44544K) Class: 5975K(7680K)->5975K(7680K)
[2023-11-08T18:56:02.832+0100][gc            ] GC(866) Pause Young (Concurrent Start) (G1 Evacuation Pause) 693M->224M(1024M) 4,524ms
[2023-11-08T18:56:02.832+0100][gc,cpu        ] GC(866) User=0,00s Sys=0,04s Real=0,00s
[2023-11-08T18:56:02.832+0100][gc            ] GC(867) Concurrent Cycle
[2023-11-08T18:56:02.832+0100][gc,marking    ] GC(867) Concurrent Clear Claimed Marks
[2023-11-08T18:56:02.832+0100][gc,marking    ] GC(867) Concurrent Clear Claimed Marks 0,423ms
[2023-11-08T18:56:02.832+0100][gc,marking    ] GC(867) Concurrent Scan Root Regions
[2023-11-08T18:56:02.834+0100][gc,marking    ] GC(867) Concurrent Scan Root Regions 2,059ms
[2023-11-08T18:56:02.834+0100][gc,marking    ] GC(867) Concurrent Mark (6034,443s)
[2023-11-08T18:56:02.834+0100][gc,marking    ] GC(867) Concurrent Mark From Roots
[2023-11-08T18:56:02.834+0100][gc,task       ] GC(867) Using 3 workers of 3 for marking
[2023-11-08T18:56:02.861+0100][gc,marking    ] GC(867) Concurrent Mark From Roots 27,022ms
[2023-11-08T18:56:02.862+0100][gc,marking    ] GC(867) Concurrent Preclean
[2023-11-08T18:56:02.862+0100][gc,marking    ] GC(867) Concurrent Preclean 0,340ms
[2023-11-08T18:56:02.862+0100][gc,marking    ] GC(867) Concurrent Mark (6034,443s, 6034,470s) 27,482ms
[2023-11-08T18:56:02.862+0100][gc,start      ] GC(867) Pause Remark
[2023-11-08T18:56:02.865+0100][gc,stringtable] GC(867) Cleaned string and symbol table, strings: 18399 processed, 0 removed, symbols: 94795 processed, 0 removed
[2023-11-08T18:56:02.865+0100][gc            ] GC(867) Pause Remark 235M->235M(1024M) 3,250ms
[2023-11-08T18:56:02.865+0100][gc,cpu        ] GC(867) User=0,03s Sys=0,00s Real=0,01s
[2023-11-08T18:56:02.865+0100][gc,marking    ] GC(867) Concurrent Rebuild Remembered Sets
[2023-11-08T18:56:02.882+0100][gc,marking    ] GC(867) Concurrent Rebuild Remembered Sets 16,230ms
[2023-11-08T18:56:02.882+0100][gc,start      ] GC(867) Pause Cleanup
[2023-11-08T18:56:02.882+0100][gc            ] GC(867) Pause Cleanup 240M->240M(1024M) 0,320ms
[2023-11-08T18:56:02.882+0100][gc,cpu        ] GC(867) User=0,00s Sys=0,00s Real=0,00s
[2023-11-08T18:56:02.882+0100][gc,marking    ] GC(867) Concurrent Cleanup for Next Mark
[2023-11-08T18:56:02.884+0100][gc,marking    ] GC(867) Concurrent Cleanup for Next Mark 1,799ms
[2023-11-08T18:56:02.884+0100][gc            ] GC(867) Concurrent Cycle 52,314ms
[2023-11-08T18:56:03.046+0100][gc,start      ] GC(868) Pause Young (Normal) (G1 Evacuation Pause)
[2023-11-08T18:56:03.046+0100][gc,task       ] GC(868) Using 13 workers of 13 for evacuation
[2023-11-08T18:56:03.050+0100][gc,phases     ] GC(868)   Pre Evacuate Collection Set: 0,0ms
[2023-11-08T18:56:03.050+0100][gc,phases     ] GC(868)   Evacuate Collection Set: 3,1ms
[2023-11-08T18:56:03.050+0100][gc,phases     ] GC(868)   Post Evacuate Collection Set: 0,4ms
[2023-11-08T18:56:03.050+0100][gc,phases     ] GC(868)   Other: 0,2ms
[2023-11-08T18:56:03.050+0100][gc,heap       ] GC(868) Eden regions: 61->0(427)
[2023-11-08T18:56:03.050+0100][gc,heap       ] GC(868) Survivor regions: 7->5(9)
[2023-11-08T18:56:03.050+0100][gc,heap       ] GC(868) Old regions: 91->93
[2023-11-08T18:56:03.050+0100][gc,heap       ] GC(868) Humongous regions: 129->129
[2023-11-08T18:56:03.050+0100][gc,metaspace  ] GC(868) Metaspace: 48287K(52224K)->48287K(52224K) NonClass: 42312K(44544K)->42312K(44544K) Class: 5975K(7680K)->5975K(7680K)
[2023-11-08T18:56:03.050+0100][gc            ] GC(868) Pause Young (Normal) (G1 Evacuation Pause) 285M->224M(1024M) 3,780ms
[2023-11-08T18:56:03.050+0100][gc,cpu        ] GC(868) User=0,04s Sys=0,00s Real=0,00s
[2023-11-08T18:56:04.561+0100][gc,start      ] GC(869) Pause Young (Normal) (G1 Evacuation Pause)
[2023-11-08T18:56:04.561+0100][gc,task       ] GC(869) Using 13 workers of 13 for evacuation
[2023-11-08T18:56:04.564+0100][gc,phases     ] GC(869)   Pre Evacuate Collection Set: 0,0ms
[2023-11-08T18:56:04.564+0100][gc,phases     ] GC(869)   Evacuate Collection Set: 2,8ms
[2023-11-08T18:56:04.564+0100][gc,phases     ] GC(869)   Post Evacuate Collection Set: 0,6ms
[2023-11-08T18:56:04.564+0100][gc,phases     ] GC(869)   Other: 0,2ms
[2023-11-08T18:56:04.564+0100][gc,heap       ] GC(869) Eden regions: 427->0(487)
[2023-11-08T18:56:04.564+0100][gc,heap       ] GC(869) Survivor regions: 5->7(54)
[2023-11-08T18:56:04.564+0100][gc,heap       ] GC(869) Old regions: 93->93
[2023-11-08T18:56:04.564+0100][gc,heap       ] GC(869) Humongous regions: 129->129
[2023-11-08T18:56:04.564+0100][gc,metaspace  ] GC(869) Metaspace: 48287K(52224K)->48287K(52224K) NonClass: 42312K(44544K)->42312K(44544K) Class: 5975K(7680K)->5975K(7680K)
[2023-11-08T18:56:04.564+0100][gc            ] GC(869) Pause Young (Normal) (G1 Evacuation Pause) 651M->226M(1024M) 3,711ms
[2023-11-08T18:56:04.565+0100][gc,cpu        ] GC(869) User=0,04s Sys=0,00s Real=0,01s
[2023-11-08T18:56:06.258+0100][gc,start      ] GC(870) Pause Young (Concurrent Start) (G1 Evacuation Pause)
[2023-11-08T18:56:06.258+0100][gc,task       ] GC(870) Using 13 workers of 13 for evacuation
[2023-11-08T18:56:06.264+0100][gc,phases     ] GC(870)   Pre Evacuate Collection Set: 0,2ms
[2023-11-08T18:56:06.264+0100][gc,phases     ] GC(870)   Evacuate Collection Set: 4,7ms
[2023-11-08T18:56:06.264+0100][gc,phases     ] GC(870)   Post Evacuate Collection Set: 0,7ms
[2023-11-08T18:56:06.264+0100][gc,phases     ] GC(870)   Other: 0,2ms
[2023-11-08T18:56:06.264+0100][gc,heap       ] GC(870) Eden regions: 487->0(456)
[2023-11-08T18:56:06.264+0100][gc,heap       ] GC(870) Survivor regions: 7->8(62)
[2023-11-08T18:56:06.264+0100][gc,heap       ] GC(870) Old regions: 93->93
[2023-11-08T18:56:06.264+0100][gc,heap       ] GC(870) Humongous regions: 129->129
[2023-11-08T18:56:06.264+0100][gc,metaspace  ] GC(870) Metaspace: 48287K(52224K)->48287K(52224K) NonClass: 42312K(44544K)->42312K(44544K) Class: 5975K(7680K)->5975K(7680K)
[2023-11-08T18:56:06.264+0100][gc            ] GC(870) Pause Young (Concurrent Start) (G1 Evacuation Pause) 713M->227M(1024M) 5,993ms
[2023-11-08T18:56:06.264+0100][gc,cpu        ] GC(870) User=0,02s Sys=0,03s Real=0,01s
[2023-11-08T18:56:06.264+0100][gc            ] GC(871) Concurrent Cycle
[2023-11-08T18:56:06.264+0100][gc,marking    ] GC(871) Concurrent Clear Claimed Marks
[2023-11-08T18:56:06.264+0100][gc,marking    ] GC(871) Concurrent Clear Claimed Marks 0,355ms
[2023-11-08T18:56:06.264+0100][gc,marking    ] GC(871) Concurrent Scan Root Regions
[2023-11-08T18:56:06.267+0100][gc,marking    ] GC(871) Concurrent Scan Root Regions 2,045ms
[2023-11-08T18:56:06.267+0100][gc,marking    ] GC(871) Concurrent Mark (6037,875s)
[2023-11-08T18:56:06.267+0100][gc,marking    ] GC(871) Concurrent Mark From Roots
[2023-11-08T18:56:06.267+0100][gc,task       ] GC(871) Using 3 workers of 3 for marking
[2023-11-08T18:56:06.294+0100][gc,marking    ] GC(871) Concurrent Mark From Roots 27,862ms
[2023-11-08T18:56:06.294+0100][gc,marking    ] GC(871) Concurrent Preclean
[2023-11-08T18:56:06.295+0100][gc,marking    ] GC(871) Concurrent Preclean 0,233ms
[2023-11-08T18:56:06.295+0100][gc,marking    ] GC(871) Concurrent Mark (6037,875s, 6037,903s) 28,167ms
[2023-11-08T18:56:06.295+0100][gc,start      ] GC(871) Pause Remark
[2023-11-08T18:56:06.298+0100][gc,stringtable] GC(871) Cleaned string and symbol table, strings: 18399 processed, 0 removed, symbols: 94795 processed, 0 removed
[2023-11-08T18:56:06.298+0100][gc            ] GC(871) Pause Remark 239M->239M(1024M) 3,317ms
[2023-11-08T18:56:06.298+0100][gc,cpu        ] GC(871) User=0,01s Sys=0,02s Real=0,00s
[2023-11-08T18:56:06.298+0100][gc,marking    ] GC(871) Concurrent Rebuild Remembered Sets
[2023-11-08T18:56:06.315+0100][gc,marking    ] GC(871) Concurrent Rebuild Remembered Sets 16,786ms
[2023-11-08T18:56:06.315+0100][gc,start      ] GC(871) Pause Cleanup
[2023-11-08T18:56:06.315+0100][gc            ] GC(871) Pause Cleanup 243M->243M(1024M) 0,177ms
[2023-11-08T18:56:06.315+0100][gc,cpu        ] GC(871) User=0,00s Sys=0,00s Real=0,00s
[2023-11-08T18:56:06.316+0100][gc,marking    ] GC(871) Concurrent Cleanup for Next Mark
[2023-11-08T18:56:06.317+0100][gc,marking    ] GC(871) Concurrent Cleanup for Next Mark 1,816ms
[2023-11-08T18:56:06.317+0100][gc            ] GC(871) Concurrent Cycle 53,332ms
[2023-11-08T18:56:06.399+0100][gc,start      ] GC(872) Pause Young (Prepare Mixed) (G1 Evacuation Pause)
[2023-11-08T18:56:06.399+0100][gc,task       ] GC(872) Using 13 workers of 13 for evacuation
[2023-11-08T18:56:06.404+0100][gc,phases     ] GC(872)   Pre Evacuate Collection Set: 0,0ms
[2023-11-08T18:56:06.404+0100][gc,phases     ] GC(872)   Evacuate Collection Set: 4,3ms
[2023-11-08T18:56:06.404+0100][gc,phases     ] GC(872)   Post Evacuate Collection Set: 0,4ms
[2023-11-08T18:56:06.404+0100][gc,phases     ] GC(872)   Other: 0,2ms
[2023-11-08T18:56:06.404+0100][gc,heap       ] GC(872) Eden regions: 43->0(47)
[2023-11-08T18:56:06.404+0100][gc,heap       ] GC(872) Survivor regions: 8->4(7)
[2023-11-08T18:56:06.404+0100][gc,heap       ] GC(872) Old regions: 93->97
[2023-11-08T18:56:06.404+0100][gc,heap       ] GC(872) Humongous regions: 129->129
[2023-11-08T18:56:06.404+0100][gc,metaspace  ] GC(872) Metaspace: 48287K(52224K)->48287K(52224K) NonClass: 42312K(44544K)->42312K(44544K) Class: 5975K(7680K)->5975K(7680K)
[2023-11-08T18:56:06.404+0100][gc            ] GC(872) Pause Young (Prepare Mixed) (G1 Evacuation Pause) 270M->228M(1024M) 5,064ms
[2023-11-08T18:56:06.404+0100][gc,cpu        ] GC(872) User=0,04s Sys=0,00s Real=0,01s
[2023-11-08T18:56:06.556+0100][gc,start      ] GC(873) Pause Young (Mixed) (G1 Evacuation Pause)
[2023-11-08T18:56:06.556+0100][gc,task       ] GC(873) Using 13 workers of 13 for evacuation
[2023-11-08T18:56:06.560+0100][gc,phases     ] GC(873)   Pre Evacuate Collection Set: 0,0ms
[2023-11-08T18:56:06.560+0100][gc,phases     ] GC(873)   Evacuate Collection Set: 2,6ms
[2023-11-08T18:56:06.560+0100][gc,phases     ] GC(873)   Post Evacuate Collection Set: 0,5ms
[2023-11-08T18:56:06.560+0100][gc,phases     ] GC(873)   Other: 0,3ms
[2023-11-08T18:56:06.560+0100][gc,heap       ] GC(873) Eden regions: 47->0(168)
[2023-11-08T18:56:06.560+0100][gc,heap       ] GC(873) Survivor regions: 4->4(7)
[2023-11-08T18:56:06.560+0100][gc,heap       ] GC(873) Old regions: 97->97
[2023-11-08T18:56:06.560+0100][gc,heap       ] GC(873) Humongous regions: 129->129
[2023-11-08T18:56:06.560+0100][gc,metaspace  ] GC(873) Metaspace: 48287K(52224K)->48287K(52224K) NonClass: 42312K(44544K)->42312K(44544K) Class: 5975K(7680K)->5975K(7680K)
[2023-11-08T18:56:06.560+0100][gc            ] GC(873) Pause Young (Mixed) (G1 Evacuation Pause) 275M->227M(1024M) 3,496ms
[2023-11-08T18:56:06.560+0100][gc,cpu        ] GC(873) User=0,03s Sys=0,00s Real=0,00s
[2023-11-08T18:56:07.126+0100][gc,start      ] GC(874) Pause Young (Normal) (G1 Evacuation Pause)
[2023-11-08T18:56:07.126+0100][gc,task       ] GC(874) Using 13 workers of 13 for evacuation
[2023-11-08T18:56:07.128+0100][gc,phases     ] GC(874)   Pre Evacuate Collection Set: 0,0ms
[2023-11-08T18:56:07.128+0100][gc,phases     ] GC(874)   Evacuate Collection Set: 1,6ms
[2023-11-08T18:56:07.128+0100][gc,phases     ] GC(874)   Post Evacuate Collection Set: 0,4ms
[2023-11-08T18:56:07.128+0100][gc,phases     ] GC(874)   Other: 0,2ms
[2023-11-08T18:56:07.128+0100][gc,heap       ] GC(874) Eden regions: 168->0(174)
[2023-11-08T18:56:07.128+0100][gc,heap       ] GC(874) Survivor regions: 4->4(22)
[2023-11-08T18:56:07.128+0100][gc,heap       ] GC(874) Old regions: 97->97
[2023-11-08T18:56:07.128+0100][gc,heap       ] GC(874) Humongous regions: 129->129
[2023-11-08T18:56:07.128+0100][gc,metaspace  ] GC(874) Metaspace: 48287K(52224K)->48287K(52224K) NonClass: 42312K(44544K)->42312K(44544K) Class: 5975K(7680K)->5975K(7680K)
[2023-11-08T18:56:07.128+0100][gc            ] GC(874) Pause Young (Normal) (G1 Evacuation Pause) 395M->227M(1024M) 2,313ms
[2023-11-08T18:56:07.128+0100][gc,cpu        ] GC(874) User=0,02s Sys=0,00s Real=0,00s
[2023-11-08T18:56:07.701+0100][gc,start      ] GC(875) Pause Young (Normal) (G1 Evacuation Pause)
[2023-11-08T18:56:07.701+0100][gc,task       ] GC(875) Using 13 workers of 13 for evacuation
[2023-11-08T18:56:07.704+0100][gc,phases     ] GC(875)   Pre Evacuate Collection Set: 0,0ms
[2023-11-08T18:56:07.704+0100][gc,phases     ] GC(875)   Evacuate Collection Set: 2,0ms
[2023-11-08T18:56:07.704+0100][gc,phases     ] GC(875)   Post Evacuate Collection Set: 0,6ms
[2023-11-08T18:56:07.704+0100][gc,phases     ] GC(875)   Other: 0,3ms
[2023-11-08T18:56:07.704+0100][gc,heap       ] GC(875) Eden regions: 174->0(250)
[2023-11-08T18:56:07.704+0100][gc,heap       ] GC(875) Survivor regions: 4->5(23)
[2023-11-08T18:56:07.704+0100][gc,heap       ] GC(875) Old regions: 97->97
[2023-11-08T18:56:07.704+0100][gc,heap       ] GC(875) Humongous regions: 129->129
[2023-11-08T18:56:07.704+0100][gc,metaspace  ] GC(875) Metaspace: 48287K(52224K)->48287K(52224K) NonClass: 42312K(44544K)->42312K(44544K) Class: 5975K(7680K)->5975K(7680K)
[2023-11-08T18:56:07.704+0100][gc            ] GC(875) Pause Young (Normal) (G1 Evacuation Pause) 401M->228M(1024M) 3,016ms
[2023-11-08T18:56:07.704+0100][gc,cpu        ] GC(875) User=0,02s Sys=0,00s Real=0,01s
[2023-11-08T18:56:08.532+0100][gc,start      ] GC(876) Pause Young (Normal) (G1 Evacuation Pause)
[2023-11-08T18:56:08.532+0100][gc,task       ] GC(876) Using 13 workers of 13 for evacuation
[2023-11-08T18:56:08.535+0100][gc,phases     ] GC(876)   Pre Evacuate Collection Set: 0,0ms
[2023-11-08T18:56:08.535+0100][gc,phases     ] GC(876)   Evacuate Collection Set: 2,0ms
[2023-11-08T18:56:08.535+0100][gc,phases     ] GC(876)   Post Evacuate Collection Set: 0,6ms
[2023-11-08T18:56:08.535+0100][gc,phases     ] GC(876)   Other: 0,2ms
[2023-11-08T18:56:08.535+0100][gc,heap       ] GC(876) Eden regions: 250->0(370)
[2023-11-08T18:56:08.535+0100][gc,heap       ] GC(876) Survivor regions: 5->5(32)
[2023-11-08T18:56:08.535+0100][gc,heap       ] GC(876) Old regions: 97->97
[2023-11-08T18:56:08.535+0100][gc,heap       ] GC(876) Humongous regions: 129->129
[2023-11-08T18:56:08.535+0100][gc,metaspace  ] GC(876) Metaspace: 48287K(52224K)->48287K(52224K) NonClass: 42312K(44544K)->42312K(44544K) Class: 5975K(7680K)->5975K(7680K)
[2023-11-08T18:56:08.535+0100][gc            ] GC(876) Pause Young (Normal) (G1 Evacuation Pause) 478M->229M(1024M) 2,998ms
[2023-11-08T18:56:08.535+0100][gc,cpu        ] GC(876) User=0,02s Sys=0,01s Real=0,01s
[2023-11-08T18:56:09.787+0100][gc,start      ] GC(877) Pause Young (Normal) (G1 Evacuation Pause)
[2023-11-08T18:56:09.787+0100][gc,task       ] GC(877) Using 13 workers of 13 for evacuation
[2023-11-08T18:56:09.791+0100][gc,phases     ] GC(877)   Pre Evacuate Collection Set: 0,0ms
[2023-11-08T18:56:09.791+0100][gc,phases     ] GC(877)   Evacuate Collection Set: 3,3ms
[2023-11-08T18:56:09.791+0100][gc,phases     ] GC(877)   Post Evacuate Collection Set: 0,6ms
[2023-11-08T18:56:09.791+0100][gc,phases     ] GC(877)   Other: 0,3ms
[2023-11-08T18:56:09.791+0100][gc,heap       ] GC(877) Eden regions: 370->0(429)
[2023-11-08T18:56:09.791+0100][gc,heap       ] GC(877) Survivor regions: 5->7(47)
[2023-11-08T18:56:09.791+0100][gc,heap       ] GC(877) Old regions: 97->97
[2023-11-08T18:56:09.791+0100][gc,heap       ] GC(877) Humongous regions: 129->129
[2023-11-08T18:56:09.791+0100][gc,metaspace  ] GC(877) Metaspace: 48287K(52224K)->48287K(52224K) NonClass: 42312K(44544K)->42312K(44544K) Class: 5975K(7680K)->5975K(7680K)
[2023-11-08T18:56:09.791+0100][gc            ] GC(877) Pause Young (Normal) (G1 Evacuation Pause) 599M->230M(1024M) 4,369ms
[2023-11-08T18:56:09.791+0100][gc,cpu        ] GC(877) User=0,03s Sys=0,01s Real=0,00s
[2023-11-08T18:56:11.288+0100][gc,start      ] GC(878) Pause Young (Normal) (G1 Evacuation Pause)
[2023-11-08T18:56:11.288+0100][gc,task       ] GC(878) Using 13 workers of 13 for evacuation
[2023-11-08T18:56:11.292+0100][gc,phases     ] GC(878)   Pre Evacuate Collection Set: 0,0ms
[2023-11-08T18:56:11.292+0100][gc,phases     ] GC(878)   Evacuate Collection Set: 3,7ms
[2023-11-08T18:56:11.292+0100][gc,phases     ] GC(878)   Post Evacuate Collection Set: 0,5ms
[2023-11-08T18:56:11.292+0100][gc,phases     ] GC(878)   Other: 0,2ms
[2023-11-08T18:56:11.292+0100][gc,heap       ] GC(878) Eden regions: 429->0(491)
[2023-11-08T18:56:11.292+0100][gc,heap       ] GC(878) Survivor regions: 7->8(55)
[2023-11-08T18:56:11.292+0100][gc,heap       ] GC(878) Old regions: 97->97
[2023-11-08T18:56:11.292+0100][gc,heap       ] GC(878) Humongous regions: 129->129
[2023-11-08T18:56:11.292+0100][gc,metaspace  ] GC(878) Metaspace: 48287K(52224K)->48287K(52224K) NonClass: 42312K(44544K)->42312K(44544K) Class: 5975K(7680K)->5975K(7680K)
[2023-11-08T18:56:11.292+0100][gc            ] GC(878) Pause Young (Normal) (G1 Evacuation Pause) 659M->232M(1024M) 4,492ms
[2023-11-08T18:56:11.292+0100][gc,cpu        ] GC(878) User=0,04s Sys=0,00s Real=0,00s
[2023-11-08T18:56:12.949+0100][gc,start      ] GC(879) Pause Young (Concurrent Start) (G1 Evacuation Pause)
[2023-11-08T18:56:12.949+0100][gc,task       ] GC(879) Using 13 workers of 13 for evacuation
[2023-11-08T18:56:12.955+0100][gc,phases     ] GC(879)   Pre Evacuate Collection Set: 0,2ms
[2023-11-08T18:56:12.955+0100][gc,phases     ] GC(879)   Evacuate Collection Set: 5,1ms
[2023-11-08T18:56:12.955+0100][gc,phases     ] GC(879)   Post Evacuate Collection Set: 0,6ms
[2023-11-08T18:56:12.956+0100][gc,phases     ] GC(879)   Other: 0,3ms
[2023-11-08T18:56:12.956+0100][gc,heap       ] GC(879) Eden regions: 491->0(512)
[2023-11-08T18:56:12.956+0100][gc,heap       ] GC(879) Survivor regions: 8->9(63)
[2023-11-08T18:56:12.956+0100][gc,heap       ] GC(879) Old regions: 97->97
[2023-11-08T18:56:12.956+0100][gc,heap       ] GC(879) Humongous regions: 129->129
[2023-11-08T18:56:12.956+0100][gc,metaspace  ] GC(879) Metaspace: 48287K(52224K)->48287K(52224K) NonClass: 42312K(44544K)->42312K(44544K) Class: 5975K(7680K)->5975K(7680K)
[2023-11-08T18:56:12.956+0100][gc            ] GC(879) Pause Young (Concurrent Start) (G1 Evacuation Pause) 723M->233M(1024M) 6,474ms
[2023-11-08T18:56:12.956+0100][gc,cpu        ] GC(879) User=0,06s Sys=0,00s Real=0,01s
[2023-11-08T18:56:12.956+0100][gc            ] GC(880) Concurrent Cycle
[2023-11-08T18:56:12.956+0100][gc,marking    ] GC(880) Concurrent Clear Claimed Marks
[2023-11-08T18:56:12.956+0100][gc,marking    ] GC(880) Concurrent Clear Claimed Marks 0,357ms
[2023-11-08T18:56:12.956+0100][gc,marking    ] GC(880) Concurrent Scan Root Regions
[2023-11-08T18:56:12.959+0100][gc,marking    ] GC(880) Concurrent Scan Root Regions 2,830ms
[2023-11-08T18:56:12.959+0100][gc,marking    ] GC(880) Concurrent Mark (6044,567s)
[2023-11-08T18:56:12.959+0100][gc,marking    ] GC(880) Concurrent Mark From Roots
[2023-11-08T18:56:12.959+0100][gc,task       ] GC(880) Using 3 workers of 3 for marking
[2023-11-08T18:56:12.987+0100][gc,marking    ] GC(880) Concurrent Mark From Roots 28,459ms
[2023-11-08T18:56:12.987+0100][gc,marking    ] GC(880) Concurrent Preclean
[2023-11-08T18:56:12.988+0100][gc,marking    ] GC(880) Concurrent Preclean 0,248ms
[2023-11-08T18:56:12.988+0100][gc,marking    ] GC(880) Concurrent Mark (6044,567s, 6044,596s) 28,790ms
[2023-11-08T18:56:12.988+0100][gc,start      ] GC(880) Pause Remark
[2023-11-08T18:56:12.991+0100][gc,stringtable] GC(880) Cleaned string and symbol table, strings: 18399 processed, 0 removed, symbols: 94795 processed, 0 removed
[2023-11-08T18:56:12.991+0100][gc            ] GC(880) Pause Remark 242M->242M(1024M) 3,272ms
[2023-11-08T18:56:12.991+0100][gc,cpu        ] GC(880) User=0,03s Sys=0,00s Real=0,00s
[2023-11-08T18:56:12.991+0100][gc,marking    ] GC(880) Concurrent Rebuild Remembered Sets
[2023-11-08T18:56:13.008+0100][gc,marking    ] GC(880) Concurrent Rebuild Remembered Sets 16,716ms
[2023-11-08T18:56:13.008+0100][gc,start      ] GC(880) Pause Cleanup
[2023-11-08T18:56:13.008+0100][gc            ] GC(880) Pause Cleanup 249M->249M(1024M) 0,212ms
[2023-11-08T18:56:13.008+0100][gc,cpu        ] GC(880) User=0,00s Sys=0,01s Real=0,00s
[2023-11-08T18:56:13.008+0100][gc,marking    ] GC(880) Concurrent Cleanup for Next Mark
[2023-11-08T18:56:13.010+0100][gc,marking    ] GC(880) Concurrent Cleanup for Next Mark 1,815ms
[2023-11-08T18:56:13.010+0100][gc            ] GC(880) Concurrent Cycle 54,602ms
[2023-11-08T18:56:13.257+0100][gc,start      ] GC(881) Pause Young (Normal) (G1 Evacuation Pause)
[2023-11-08T18:56:13.257+0100][gc,task       ] GC(881) Using 13 workers of 13 for evacuation
[2023-11-08T18:56:13.260+0100][gc,phases     ] GC(881)   Pre Evacuate Collection Set: 0,0ms
[2023-11-08T18:56:13.260+0100][gc,phases     ] GC(881)   Evacuate Collection Set: 2,6ms
[2023-11-08T18:56:13.260+0100][gc,phases     ] GC(881)   Post Evacuate Collection Set: 0,5ms
[2023-11-08T18:56:13.260+0100][gc,phases     ] GC(881)   Other: 0,2ms
[2023-11-08T18:56:13.260+0100][gc,heap       ] GC(881) Eden regions: 96->0(296)
[2023-11-08T18:56:13.260+0100][gc,heap       ] GC(881) Survivor regions: 9->3(14)
[2023-11-08T18:56:13.260+0100][gc,heap       ] GC(881) Old regions: 97->97
[2023-11-08T18:56:13.260+0100][gc,heap       ] GC(881) Humongous regions: 129->129
[2023-11-08T18:56:13.260+0100][gc,metaspace  ] GC(881) Metaspace: 48287K(52224K)->48287K(52224K) NonClass: 42312K(44544K)->42312K(44544K) Class: 5975K(7680K)->5975K(7680K)
[2023-11-08T18:56:13.260+0100][gc            ] GC(881) Pause Young (Normal) (G1 Evacuation Pause) 329M->226M(1024M) 3,452ms
[2023-11-08T18:56:13.260+0100][gc,cpu        ] GC(881) User=0,03s Sys=0,00s Real=0,00s
[2023-11-08T18:56:14.246+0100][gc,start      ] GC(882) Pause Young (Concurrent Start) (G1 Evacuation Pause)
[2023-11-08T18:56:14.246+0100][gc,task       ] GC(882) Using 13 workers of 13 for evacuation
[2023-11-08T18:56:14.249+0100][gc,phases     ] GC(882)   Pre Evacuate Collection Set: 0,2ms
[2023-11-08T18:56:14.249+0100][gc,phases     ] GC(882)   Evacuate Collection Set: 2,8ms
[2023-11-08T18:56:14.249+0100][gc,phases     ] GC(882)   Post Evacuate Collection Set: 0,5ms
[2023-11-08T18:56:14.249+0100][gc,phases     ] GC(882)   Other: 0,2ms
[2023-11-08T18:56:14.249+0100][gc,heap       ] GC(882) Eden regions: 296->0(375)
[2023-11-08T18:56:14.249+0100][gc,heap       ] GC(882) Survivor regions: 3->3(38)
[2023-11-08T18:56:14.249+0100][gc,heap       ] GC(882) Old regions: 97->97
[2023-11-08T18:56:14.249+0100][gc,heap       ] GC(882) Humongous regions: 129->129
[2023-11-08T18:56:14.249+0100][gc,metaspace  ] GC(882) Metaspace: 48287K(52224K)->48287K(52224K) NonClass: 42312K(44544K)->42312K(44544K) Class: 5975K(7680K)->5975K(7680K)
[2023-11-08T18:56:14.249+0100][gc            ] GC(882) Pause Young (Concurrent Start) (G1 Evacuation Pause) 522M->226M(1024M) 3,796ms
[2023-11-08T18:56:14.249+0100][gc,cpu        ] GC(882) User=0,04s Sys=0,00s Real=0,00s
[2023-11-08T18:56:14.249+0100][gc            ] GC(883) Concurrent Cycle
[2023-11-08T18:56:14.249+0100][gc,marking    ] GC(883) Concurrent Clear Claimed Marks
[2023-11-08T18:56:14.250+0100][gc,marking    ] GC(883) Concurrent Clear Claimed Marks 0,312ms
[2023-11-08T18:56:14.250+0100][gc,marking    ] GC(883) Concurrent Scan Root Regions
[2023-11-08T18:56:14.252+0100][gc,marking    ] GC(883) Concurrent Scan Root Regions 2,391ms
[2023-11-08T18:56:14.252+0100][gc,marking    ] GC(883) Concurrent Mark (6045,861s)
[2023-11-08T18:56:14.252+0100][gc,marking    ] GC(883) Concurrent Mark From Roots
[2023-11-08T18:56:14.252+0100][gc,task       ] GC(883) Using 3 workers of 3 for marking
[2023-11-08T18:56:14.274+0100][gc,marking    ] GC(883) Concurrent Mark From Roots 21,882ms
[2023-11-08T18:56:14.274+0100][gc,marking    ] GC(883) Concurrent Preclean
[2023-11-08T18:56:14.274+0100][gc,marking    ] GC(883) Concurrent Preclean 0,239ms
[2023-11-08T18:56:14.274+0100][gc,marking    ] GC(883) Concurrent Mark (6045,861s, 6045,883s) 22,188ms
[2023-11-08T18:56:14.275+0100][gc,start      ] GC(883) Pause Remark
[2023-11-08T18:56:14.279+0100][gc,stringtable] GC(883) Cleaned string and symbol table, strings: 18399 processed, 0 removed, symbols: 94795 processed, 0 removed
[2023-11-08T18:56:14.279+0100][gc            ] GC(883) Pause Remark 239M->239M(1024M) 4,245ms
[2023-11-08T18:56:14.279+0100][gc,cpu        ] GC(883) User=0,04s Sys=0,00s Real=0,01s
[2023-11-08T18:56:14.279+0100][gc,marking    ] GC(883) Concurrent Rebuild Remembered Sets
[2023-11-08T18:56:14.290+0100][gc,marking    ] GC(883) Concurrent Rebuild Remembered Sets 11,317ms
[2023-11-08T18:56:14.290+0100][gc,start      ] GC(883) Pause Cleanup
[2023-11-08T18:56:14.291+0100][gc            ] GC(883) Pause Cleanup 242M->242M(1024M) 0,170ms
[2023-11-08T18:56:14.291+0100][gc,cpu        ] GC(883) User=0,00s Sys=0,00s Real=0,00s
[2023-11-08T18:56:14.291+0100][gc,marking    ] GC(883) Concurrent Cleanup for Next Mark
[2023-11-08T18:56:14.292+0100][gc,marking    ] GC(883) Concurrent Cleanup for Next Mark 1,824ms
[2023-11-08T18:56:14.292+0100][gc            ] GC(883) Concurrent Cycle 42,996ms
[2023-11-08T18:56:14.457+0100][gc,start      ] GC(884) Pause Young (Prepare Mixed) (G1 Evacuation Pause)
[2023-11-08T18:56:14.457+0100][gc,task       ] GC(884) Using 13 workers of 13 for evacuation
[2023-11-08T18:56:14.461+0100][gc,phases     ] GC(884)   Pre Evacuate Collection Set: 0,0ms
[2023-11-08T18:56:14.461+0100][gc,phases     ] GC(884)   Evacuate Collection Set: 3,4ms
[2023-11-08T18:56:14.461+0100][gc,phases     ] GC(884)   Post Evacuate Collection Set: 0,5ms
[2023-11-08T18:56:14.461+0100][gc,phases     ] GC(884)   Other: 0,3ms
[2023-11-08T18:56:14.461+0100][gc,heap       ] GC(884) Eden regions: 66->0(49)
[2023-11-08T18:56:14.461+0100][gc,heap       ] GC(884) Survivor regions: 3->2(9)
[2023-11-08T18:56:14.461+0100][gc,heap       ] GC(884) Old regions: 97->97
[2023-11-08T18:56:14.461+0100][gc,heap       ] GC(884) Humongous regions: 129->129
[2023-11-08T18:56:14.461+0100][gc,metaspace  ] GC(884) Metaspace: 48287K(52224K)->48287K(52224K) NonClass: 42312K(44544K)->42312K(44544K) Class: 5975K(7680K)->5975K(7680K)
[2023-11-08T18:56:14.461+0100][gc            ] GC(884) Pause Young (Prepare Mixed) (G1 Evacuation Pause) 292M->226M(1024M) 4,294ms
[2023-11-08T18:56:14.461+0100][gc,cpu        ] GC(884) User=0,04s Sys=0,00s Real=0,00s
[2023-11-08T18:56:14.625+0100][gc,start      ] GC(885) Pause Young (Mixed) (G1 Evacuation Pause)
[2023-11-08T18:56:14.625+0100][gc,task       ] GC(885) Using 13 workers of 13 for evacuation
[2023-11-08T18:56:14.629+0100][gc,phases     ] GC(885)   Pre Evacuate Collection Set: 0,1ms
[2023-11-08T18:56:14.629+0100][gc,phases     ] GC(885)   Evacuate Collection Set: 3,3ms
[2023-11-08T18:56:14.629+0100][gc,phases     ] GC(885)   Post Evacuate Collection Set: 0,5ms
[2023-11-08T18:56:14.629+0100][gc,phases     ] GC(885)   Other: 0,4ms
[2023-11-08T18:56:14.629+0100][gc,heap       ] GC(885) Eden regions: 49->0(375)
[2023-11-08T18:56:14.629+0100][gc,heap       ] GC(885) Survivor regions: 2->2(7)
[2023-11-08T18:56:14.629+0100][gc,heap       ] GC(885) Old regions: 97->79
[2023-11-08T18:56:14.629+0100][gc,heap       ] GC(885) Humongous regions: 129->129
[2023-11-08T18:56:14.629+0100][gc,metaspace  ] GC(885) Metaspace: 48287K(52224K)->48287K(52224K) NonClass: 42312K(44544K)->42312K(44544K) Class: 5975K(7680K)->5975K(7680K)
[2023-11-08T18:56:14.629+0100][gc            ] GC(885) Pause Young (Mixed) (G1 Evacuation Pause) 275M->208M(1024M) 4,394ms
[2023-11-08T18:56:14.629+0100][gc,cpu        ] GC(885) User=0,03s Sys=0,00s Real=0,00s
[2023-11-08T18:56:15.894+0100][gc,start      ] GC(886) Pause Young (Normal) (G1 Evacuation Pause)
[2023-11-08T18:56:15.894+0100][gc,task       ] GC(886) Using 13 workers of 13 for evacuation
[2023-11-08T18:56:15.898+0100][gc,phases     ] GC(886)   Pre Evacuate Collection Set: 0,0ms
[2023-11-08T18:56:15.898+0100][gc,phases     ] GC(886)   Evacuate Collection Set: 3,6ms
[2023-11-08T18:56:15.898+0100][gc,phases     ] GC(886)   Post Evacuate Collection Set: 0,5ms
[2023-11-08T18:56:15.898+0100][gc,phases     ] GC(886)   Other: 0,2ms
[2023-11-08T18:56:15.898+0100][gc,heap       ] GC(886) Eden regions: 375->0(379)
[2023-11-08T18:56:15.898+0100][gc,heap       ] GC(886) Survivor regions: 2->4(48)
[2023-11-08T18:56:15.898+0100][gc,heap       ] GC(886) Old regions: 79->79
[2023-11-08T18:56:15.898+0100][gc,heap       ] GC(886) Humongous regions: 129->129
[2023-11-08T18:56:15.898+0100][gc,metaspace  ] GC(886) Metaspace: 48287K(52224K)->48287K(52224K) NonClass: 42312K(44544K)->42312K(44544K) Class: 5975K(7680K)->5975K(7680K)
[2023-11-08T18:56:15.898+0100][gc            ] GC(886) Pause Young (Normal) (G1 Evacuation Pause) 583M->209M(1024M) 4,399ms
[2023-11-08T18:56:15.898+0100][gc,cpu        ] GC(886) User=0,04s Sys=0,00s Real=0,01s
[2023-11-08T18:56:17.216+0100][gc,start      ] GC(887) Pause Young (Normal) (G1 Evacuation Pause)
[2023-11-08T18:56:17.216+0100][gc,task       ] GC(887) Using 13 workers of 13 for evacuation
[2023-11-08T18:56:17.220+0100][gc,phases     ] GC(887)   Pre Evacuate Collection Set: 0,0ms
[2023-11-08T18:56:17.220+0100][gc,phases     ] GC(887)   Evacuate Collection Set: 3,7ms
[2023-11-08T18:56:17.220+0100][gc,phases     ] GC(887)   Post Evacuate Collection Set: 0,5ms
[2023-11-08T18:56:17.220+0100][gc,phases     ] GC(887)   Other: 0,2ms
[2023-11-08T18:56:17.220+0100][gc,heap       ] GC(887) Eden regions: 379->0(427)
[2023-11-08T18:56:17.220+0100][gc,heap       ] GC(887) Survivor regions: 4->5(48)
[2023-11-08T18:56:17.220+0100][gc,heap       ] GC(887) Old regions: 79->79
[2023-11-08T18:56:17.220+0100][gc,heap       ] GC(887) Humongous regions: 129->129
[2023-11-08T18:56:17.220+0100][gc,metaspace  ] GC(887) Metaspace: 48287K(52224K)->48287K(52224K) NonClass: 42312K(44544K)->42312K(44544K) Class: 5975K(7680K)->5975K(7680K)
[2023-11-08T18:56:17.220+0100][gc            ] GC(887) Pause Young (Normal) (G1 Evacuation Pause) 588M->210M(1024M) 4,590ms
[2023-11-08T18:56:17.220+0100][gc,cpu        ] GC(887) User=0,01s Sys=0,02s Real=0,00s
[2023-11-08T18:56:18.687+0100][gc,start      ] GC(888) Pause Young (Normal) (G1 Evacuation Pause)
[2023-11-08T18:56:18.687+0100][gc,task       ] GC(888) Using 13 workers of 13 for evacuation
[2023-11-08T18:56:18.691+0100][gc,phases     ] GC(888)   Pre Evacuate Collection Set: 0,0ms
[2023-11-08T18:56:18.691+0100][gc,phases     ] GC(888)   Evacuate Collection Set: 3,8ms
[2023-11-08T18:56:18.691+0100][gc,phases     ] GC(888)   Post Evacuate Collection Set: 0,6ms
[2023-11-08T18:56:18.691+0100][gc,phases     ] GC(888)   Other: 0,3ms
[2023-11-08T18:56:18.691+0100][gc,heap       ] GC(888) Eden regions: 427->0(475)
[2023-11-08T18:56:18.691+0100][gc,heap       ] GC(888) Survivor regions: 5->6(54)
[2023-11-08T18:56:18.691+0100][gc,heap       ] GC(888) Old regions: 79->79
[2023-11-08T18:56:18.691+0100][gc,heap       ] GC(888) Humongous regions: 129->129
[2023-11-08T18:56:18.691+0100][gc,metaspace  ] GC(888) Metaspace: 48287K(52224K)->48287K(52224K) NonClass: 42312K(44544K)->42312K(44544K) Class: 5975K(7680K)->5975K(7680K)
[2023-11-08T18:56:18.692+0100][gc            ] GC(888) Pause Young (Normal) (G1 Evacuation Pause) 637M->212M(1024M) 4,878ms
[2023-11-08T18:56:18.692+0100][gc,cpu        ] GC(888) User=0,01s Sys=0,03s Real=0,00s
[2023-11-08T18:56:20.263+0100][gc,start      ] GC(889) Pause Young (Normal) (G1 Evacuation Pause)
[2023-11-08T18:56:20.263+0100][gc,task       ] GC(889) Using 13 workers of 13 for evacuation
[2023-11-08T18:56:20.268+0100][gc,phases     ] GC(889)   Pre Evacuate Collection Set: 0,0ms
[2023-11-08T18:56:20.268+0100][gc,phases     ] GC(889)   Evacuate Collection Set: 4,6ms
[2023-11-08T18:56:20.268+0100][gc,phases     ] GC(889)   Post Evacuate Collection Set: 0,6ms
[2023-11-08T18:56:20.268+0100][gc,phases     ] GC(889)   Other: 0,2ms
[2023-11-08T18:56:20.268+0100][gc,heap       ] GC(889) Eden regions: 475->0(523)
[2023-11-08T18:56:20.268+0100][gc,heap       ] GC(889) Survivor regions: 6->7(61)
[2023-11-08T18:56:20.268+0100][gc,heap       ] GC(889) Old regions: 79->79
[2023-11-08T18:56:20.268+0100][gc,heap       ] GC(889) Humongous regions: 129->129
[2023-11-08T18:56:20.268+0100][gc,metaspace  ] GC(889) Metaspace: 48287K(52224K)->48287K(52224K) NonClass: 42312K(44544K)->42312K(44544K) Class: 5975K(7680K)->5975K(7680K)
[2023-11-08T18:56:20.268+0100][gc            ] GC(889) Pause Young (Normal) (G1 Evacuation Pause) 687M->213M(1024M) 5,536ms
[2023-11-08T18:56:20.268+0100][gc,cpu        ] GC(889) User=0,01s Sys=0,03s Real=0,00s
[2023-11-08T18:56:22.073+0100][gc,start      ] GC(890) Pause Young (Concurrent Start) (G1 Evacuation Pause)
[2023-11-08T18:56:22.073+0100][gc,task       ] GC(890) Using 13 workers of 13 for evacuation
[2023-11-08T18:56:22.079+0100][gc,phases     ] GC(890)   Pre Evacuate Collection Set: 0,2ms
[2023-11-08T18:56:22.079+0100][gc,phases     ] GC(890)   Evacuate Collection Set: 5,5ms
[2023-11-08T18:56:22.079+0100][gc,phases     ] GC(890)   Post Evacuate Collection Set: 0,6ms
[2023-11-08T18:56:22.079+0100][gc,phases     ] GC(890)   Other: 0,3ms
[2023-11-08T18:56:22.079+0100][gc,heap       ] GC(890) Eden regions: 523->0(551)
[2023-11-08T18:56:22.079+0100][gc,heap       ] GC(890) Survivor regions: 7->9(67)
[2023-11-08T18:56:22.080+0100][gc,heap       ] GC(890) Old regions: 79->80
[2023-11-08T18:56:22.080+0100][gc,heap       ] GC(890) Humongous regions: 129->129
[2023-11-08T18:56:22.080+0100][gc,metaspace  ] GC(890) Metaspace: 48287K(52224K)->48287K(52224K) NonClass: 42312K(44544K)->42312K(44544K) Class: 5975K(7680K)->5975K(7680K)
[2023-11-08T18:56:22.080+0100][gc            ] GC(890) Pause Young (Concurrent Start) (G1 Evacuation Pause) 736M->215M(1024M) 6,806ms
[2023-11-08T18:56:22.080+0100][gc,cpu        ] GC(890) User=0,05s Sys=0,01s Real=0,01s
[2023-11-08T18:56:22.080+0100][gc            ] GC(891) Concurrent Cycle
[2023-11-08T18:56:22.080+0100][gc,marking    ] GC(891) Concurrent Clear Claimed Marks
[2023-11-08T18:56:22.080+0100][gc,marking    ] GC(891) Concurrent Clear Claimed Marks 0,315ms
[2023-11-08T18:56:22.080+0100][gc,marking    ] GC(891) Concurrent Scan Root Regions
[2023-11-08T18:56:22.083+0100][gc,marking    ] GC(891) Concurrent Scan Root Regions 2,840ms
[2023-11-08T18:56:22.083+0100][gc,marking    ] GC(891) Concurrent Mark (6053,691s)
[2023-11-08T18:56:22.083+0100][gc,marking    ] GC(891) Concurrent Mark From Roots
[2023-11-08T18:56:22.083+0100][gc,task       ] GC(891) Using 3 workers of 3 for marking
[2023-11-08T18:56:22.105+0100][gc,marking    ] GC(891) Concurrent Mark From Roots 21,937ms
[2023-11-08T18:56:22.105+0100][gc,marking    ] GC(891) Concurrent Preclean
[2023-11-08T18:56:22.105+0100][gc,marking    ] GC(891) Concurrent Preclean 0,353ms
[2023-11-08T18:56:22.105+0100][gc,marking    ] GC(891) Concurrent Mark (6053,691s, 6053,714s) 22,377ms
[2023-11-08T18:56:22.105+0100][gc,start      ] GC(891) Pause Remark
[2023-11-08T18:56:22.109+0100][gc,stringtable] GC(891) Cleaned string and symbol table, strings: 18399 processed, 0 removed, symbols: 94795 processed, 0 removed
[2023-11-08T18:56:22.109+0100][gc            ] GC(891) Pause Remark 225M->225M(1024M) 3,774ms
[2023-11-08T18:56:22.109+0100][gc,cpu        ] GC(891) User=0,04s Sys=0,00s Real=0,00s
[2023-11-08T18:56:22.109+0100][gc,marking    ] GC(891) Concurrent Rebuild Remembered Sets
[2023-11-08T18:56:22.124+0100][gc,marking    ] GC(891) Concurrent Rebuild Remembered Sets 14,310ms
[2023-11-08T18:56:22.124+0100][gc,start      ] GC(891) Pause Cleanup
[2023-11-08T18:56:22.124+0100][gc            ] GC(891) Pause Cleanup 227M->227M(1024M) 0,237ms
[2023-11-08T18:56:22.124+0100][gc,cpu        ] GC(891) User=0,00s Sys=0,01s Real=0,00s
[2023-11-08T18:56:22.124+0100][gc,marking    ] GC(891) Concurrent Cleanup for Next Mark
[2023-11-08T18:56:22.126+0100][gc,marking    ] GC(891) Concurrent Cleanup for Next Mark 1,887ms
[2023-11-08T18:56:22.126+0100][gc            ] GC(891) Concurrent Cycle 46,462ms
[2023-11-08T18:56:22.263+0100][gc,start      ] GC(892) Pause Young (Normal) (G1 Evacuation Pause)
[2023-11-08T18:56:22.263+0100][gc,task       ] GC(892) Using 13 workers of 13 for evacuation
[2023-11-08T18:56:22.269+0100][gc,phases     ] GC(892)   Pre Evacuate Collection Set: 0,0ms
[2023-11-08T18:56:22.269+0100][gc,phases     ] GC(892)   Evacuate Collection Set: 4,8ms
[2023-11-08T18:56:22.269+0100][gc,phases     ] GC(892)   Post Evacuate Collection Set: 0,5ms
[2023-11-08T18:56:22.269+0100][gc,phases     ] GC(892)   Other: 0,3ms
[2023-11-08T18:56:22.269+0100][gc,heap       ] GC(892) Eden regions: 49->0(422)
[2023-11-08T18:56:22.269+0100][gc,heap       ] GC(892) Survivor regions: 9->4(8)
[2023-11-08T18:56:22.269+0100][gc,heap       ] GC(892) Old regions: 80->85
[2023-11-08T18:56:22.269+0100][gc,heap       ] GC(892) Humongous regions: 129->129
[2023-11-08T18:56:22.269+0100][gc,metaspace  ] GC(892) Metaspace: 48287K(52224K)->48287K(52224K) NonClass: 42312K(44544K)->42312K(44544K) Class: 5975K(7680K)->5975K(7680K)
[2023-11-08T18:56:22.269+0100][gc            ] GC(892) Pause Young (Normal) (G1 Evacuation Pause) 264M->215M(1024M) 5,725ms
[2023-11-08T18:56:22.269+0100][gc,cpu        ] GC(892) User=0,05s Sys=0,01s Real=0,00s
[2023-11-08T18:56:23.757+0100][gc,start      ] GC(893) Pause Young (Concurrent Start) (G1 Evacuation Pause)
[2023-11-08T18:56:23.758+0100][gc,task       ] GC(893) Using 13 workers of 13 for evacuation
[2023-11-08T18:56:23.761+0100][gc,phases     ] GC(893)   Pre Evacuate Collection Set: 0,2ms
[2023-11-08T18:56:23.761+0100][gc,phases     ] GC(893)   Evacuate Collection Set: 2,7ms
[2023-11-08T18:56:23.761+0100][gc,phases     ] GC(893)   Post Evacuate Collection Set: 0,6ms
[2023-11-08T18:56:23.761+0100][gc,phases     ] GC(893)   Other: 0,2ms
[2023-11-08T18:56:23.761+0100][gc,heap       ] GC(893) Eden regions: 422->0(368)
[2023-11-08T18:56:23.761+0100][gc,heap       ] GC(893) Survivor regions: 4->5(54)
[2023-11-08T18:56:23.761+0100][gc,heap       ] GC(893) Old regions: 85->85
[2023-11-08T18:56:23.761+0100][gc,heap       ] GC(893) Humongous regions: 129->129
[2023-11-08T18:56:23.761+0100][gc,metaspace  ] GC(893) Metaspace: 48287K(52224K)->48287K(52224K) NonClass: 42312K(44544K)->42312K(44544K) Class: 5975K(7680K)->5975K(7680K)
[2023-11-08T18:56:23.761+0100][gc            ] GC(893) Pause Young (Concurrent Start) (G1 Evacuation Pause) 637M->216M(1024M) 3,953ms
[2023-11-08T18:56:23.761+0100][gc,cpu        ] GC(893) User=0,03s Sys=0,00s Real=0,00s
[2023-11-08T18:56:23.762+0100][gc            ] GC(894) Concurrent Cycle
[2023-11-08T18:56:23.762+0100][gc,marking    ] GC(894) Concurrent Clear Claimed Marks
[2023-11-08T18:56:23.762+0100][gc,marking    ] GC(894) Concurrent Clear Claimed Marks 0,387ms
[2023-11-08T18:56:23.762+0100][gc,marking    ] GC(894) Concurrent Scan Root Regions
[2023-11-08T18:56:23.764+0100][gc,marking    ] GC(894) Concurrent Scan Root Regions 1,701ms
[2023-11-08T18:56:23.764+0100][gc,marking    ] GC(894) Concurrent Mark (6055,372s)
[2023-11-08T18:56:23.764+0100][gc,marking    ] GC(894) Concurrent Mark From Roots
[2023-11-08T18:56:23.764+0100][gc,task       ] GC(894) Using 3 workers of 3 for marking
[2023-11-08T18:56:23.787+0100][gc,marking    ] GC(894) Concurrent Mark From Roots 23,439ms
[2023-11-08T18:56:23.787+0100][gc,marking    ] GC(894) Concurrent Preclean
[2023-11-08T18:56:23.787+0100][gc,marking    ] GC(894) Concurrent Preclean 0,243ms
[2023-11-08T18:56:23.787+0100][gc,marking    ] GC(894) Concurrent Mark (6055,372s, 6055,396s) 23,757ms
[2023-11-08T18:56:23.788+0100][gc,start      ] GC(894) Pause Remark
[2023-11-08T18:56:23.791+0100][gc,stringtable] GC(894) Cleaned string and symbol table, strings: 18399 processed, 0 removed, symbols: 94795 processed, 0 removed
[2023-11-08T18:56:23.791+0100][gc            ] GC(894) Pause Remark 226M->226M(1024M) 3,565ms
[2023-11-08T18:56:23.791+0100][gc,cpu        ] GC(894) User=0,02s Sys=0,01s Real=0,00s
[2023-11-08T18:56:23.791+0100][gc,marking    ] GC(894) Concurrent Rebuild Remembered Sets
[2023-11-08T18:56:23.806+0100][gc,marking    ] GC(894) Concurrent Rebuild Remembered Sets 14,922ms
[2023-11-08T18:56:23.806+0100][gc,start      ] GC(894) Pause Cleanup
[2023-11-08T18:56:23.807+0100][gc            ] GC(894) Pause Cleanup 228M->228M(1024M) 0,165ms
[2023-11-08T18:56:23.807+0100][gc,cpu        ] GC(894) User=0,00s Sys=0,00s Real=0,00s
[2023-11-08T18:56:23.807+0100][gc,marking    ] GC(894) Concurrent Cleanup for Next Mark
[2023-11-08T18:56:23.808+0100][gc,marking    ] GC(894) Concurrent Cleanup for Next Mark 1,822ms
[2023-11-08T18:56:23.808+0100][gc            ] GC(894) Concurrent Cycle 46,997ms
[2023-11-08T18:56:24.066+0100][gc,start      ] GC(895) Pause Young (Prepare Mixed) (G1 Evacuation Pause)
[2023-11-08T18:56:24.066+0100][gc,task       ] GC(895) Using 13 workers of 13 for evacuation
[2023-11-08T18:56:24.070+0100][gc,phases     ] GC(895)   Pre Evacuate Collection Set: 0,0ms
[2023-11-08T18:56:24.070+0100][gc,phases     ] GC(895)   Evacuate Collection Set: 2,9ms
[2023-11-08T18:56:24.070+0100][gc,phases     ] GC(895)   Post Evacuate Collection Set: 0,4ms
[2023-11-08T18:56:24.070+0100][gc,phases     ] GC(895)   Other: 0,2ms
[2023-11-08T18:56:24.070+0100][gc,heap       ] GC(895) Eden regions: 85->0(46)
[2023-11-08T18:56:24.070+0100][gc,heap       ] GC(895) Survivor regions: 5->5(12)
[2023-11-08T18:56:24.070+0100][gc,heap       ] GC(895) Old regions: 85->85
[2023-11-08T18:56:24.070+0100][gc,heap       ] GC(895) Humongous regions: 129->129
[2023-11-08T18:56:24.070+0100][gc,metaspace  ] GC(895) Metaspace: 48287K(52224K)->48287K(52224K) NonClass: 42312K(44544K)->42312K(44544K) Class: 5975K(7680K)->5975K(7680K)
[2023-11-08T18:56:24.070+0100][gc            ] GC(895) Pause Young (Prepare Mixed) (G1 Evacuation Pause) 301M->216M(1024M) 3,589ms
[2023-11-08T18:56:24.070+0100][gc,cpu        ] GC(895) User=0,04s Sys=0,00s Real=0,00s
[2023-11-08T18:56:24.234+0100][gc,start      ] GC(896) Pause Young (Mixed) (G1 Evacuation Pause)
[2023-11-08T18:56:24.234+0100][gc,task       ] GC(896) Using 13 workers of 13 for evacuation
[2023-11-08T18:56:24.239+0100][gc,phases     ] GC(896)   Pre Evacuate Collection Set: 0,0ms
[2023-11-08T18:56:24.239+0100][gc,phases     ] GC(896)   Evacuate Collection Set: 3,2ms
[2023-11-08T18:56:24.239+0100][gc,phases     ] GC(896)   Post Evacuate Collection Set: 0,6ms
[2023-11-08T18:56:24.239+0100][gc,phases     ] GC(896)   Other: 0,4ms
[2023-11-08T18:56:24.239+0100][gc,heap       ] GC(896) Eden regions: 46->0(262)
[2023-11-08T18:56:24.239+0100][gc,heap       ] GC(896) Survivor regions: 5->4(7)
[2023-11-08T18:56:24.239+0100][gc,heap       ] GC(896) Old regions: 85->85
[2023-11-08T18:56:24.239+0100][gc,heap       ] GC(896) Humongous regions: 129->129
[2023-11-08T18:56:24.239+0100][gc,metaspace  ] GC(896) Metaspace: 48287K(52224K)->48287K(52224K) NonClass: 42312K(44544K)->42312K(44544K) Class: 5975K(7680K)->5975K(7680K)
[2023-11-08T18:56:24.239+0100][gc            ] GC(896) Pause Young (Mixed) (G1 Evacuation Pause) 262M->215M(1024M) 4,481ms
[2023-11-08T18:56:24.239+0100][gc,cpu        ] GC(896) User=0,02s Sys=0,01s Real=0,01s
[2023-11-08T18:56:25.108+0100][gc,start      ] GC(897) Pause Young (Normal) (G1 Evacuation Pause)
[2023-11-08T18:56:25.108+0100][gc,task       ] GC(897) Using 13 workers of 13 for evacuation
[2023-11-08T18:56:25.111+0100][gc,phases     ] GC(897)   Pre Evacuate Collection Set: 0,0ms
[2023-11-08T18:56:25.111+0100][gc,phases     ] GC(897)   Evacuate Collection Set: 2,8ms
[2023-11-08T18:56:25.111+0100][gc,phases     ] GC(897)   Post Evacuate Collection Set: 0,5ms
[2023-11-08T18:56:25.111+0100][gc,phases     ] GC(897)   Other: 0,2ms
[2023-11-08T18:56:25.111+0100][gc,heap       ] GC(897) Eden regions: 262->0(279)
[2023-11-08T18:56:25.111+0100][gc,heap       ] GC(897) Survivor regions: 4->5(34)
[2023-11-08T18:56:25.111+0100][gc,heap       ] GC(897) Old regions: 85->85
[2023-11-08T18:56:25.111+0100][gc,heap       ] GC(897) Humongous regions: 129->129
[2023-11-08T18:56:25.111+0100][gc,metaspace  ] GC(897) Metaspace: 48287K(52224K)->48287K(52224K) NonClass: 42312K(44544K)->42312K(44544K) Class: 5975K(7680K)->5975K(7680K)
[2023-11-08T18:56:25.111+0100][gc            ] GC(897) Pause Young (Normal) (G1 Evacuation Pause) 477M->216M(1024M) 3,580ms
[2023-11-08T18:56:25.111+0100][gc,cpu        ] GC(897) User=0,02s Sys=0,02s Real=0,00s
[2023-11-08T18:56:26.020+0100][gc,start      ] GC(898) Pause Young (Normal) (G1 Evacuation Pause)
[2023-11-08T18:56:26.020+0100][gc,task       ] GC(898) Using 13 workers of 13 for evacuation
[2023-11-08T18:56:26.023+0100][gc,phases     ] GC(898)   Pre Evacuate Collection Set: 0,0ms
[2023-11-08T18:56:26.023+0100][gc,phases     ] GC(898)   Evacuate Collection Set: 2,7ms
[2023-11-08T18:56:26.023+0100][gc,phases     ] GC(898)   Post Evacuate Collection Set: 0,5ms
[2023-11-08T18:56:26.023+0100][gc,phases     ] GC(898)   Other: 0,2ms
[2023-11-08T18:56:26.023+0100][gc,heap       ] GC(898) Eden regions: 279->0(342)
[2023-11-08T18:56:26.023+0100][gc,heap       ] GC(898) Survivor regions: 5->6(36)
[2023-11-08T18:56:26.023+0100][gc,heap       ] GC(898) Old regions: 85->85
[2023-11-08T18:56:26.023+0100][gc,heap       ] GC(898) Humongous regions: 129->129
[2023-11-08T18:56:26.023+0100][gc,metaspace  ] GC(898) Metaspace: 48287K(52224K)->48287K(52224K) NonClass: 42312K(44544K)->42312K(44544K) Class: 5975K(7680K)->5975K(7680K)
[2023-11-08T18:56:26.023+0100][gc            ] GC(898) Pause Young (Normal) (G1 Evacuation Pause) 495M->217M(1024M) 3,497ms
[2023-11-08T18:56:26.024+0100][gc,cpu        ] GC(898) User=0,04s Sys=0,00s Real=0,01s
[2023-11-08T18:56:27.164+0100][gc,start      ] GC(899) Pause Young (Normal) (G1 Evacuation Pause)
[2023-11-08T18:56:27.164+0100][gc,task       ] GC(899) Using 13 workers of 13 for evacuation
[2023-11-08T18:56:27.167+0100][gc,phases     ] GC(899)   Pre Evacuate Collection Set: 0,0ms
[2023-11-08T18:56:27.167+0100][gc,phases     ] GC(899)   Evacuate Collection Set: 2,4ms
[2023-11-08T18:56:27.167+0100][gc,phases     ] GC(899)   Post Evacuate Collection Set: 0,5ms
[2023-11-08T18:56:27.167+0100][gc,phases     ] GC(899)   Other: 0,2ms
[2023-11-08T18:56:27.167+0100][gc,heap       ] GC(899) Eden regions: 342->0(442)
[2023-11-08T18:56:27.167+0100][gc,heap       ] GC(899) Survivor regions: 6->7(44)
[2023-11-08T18:56:27.167+0100][gc,heap       ] GC(899) Old regions: 85->85
[2023-11-08T18:56:27.167+0100][gc,heap       ] GC(899) Humongous regions: 129->129
[2023-11-08T18:56:27.167+0100][gc,metaspace  ] GC(899) Metaspace: 48287K(52224K)->48287K(52224K) NonClass: 42312K(44544K)->42312K(44544K) Class: 5975K(7680K)->5975K(7680K)
[2023-11-08T18:56:27.167+0100][gc            ] GC(899) Pause Young (Normal) (G1 Evacuation Pause) 559M->218M(1024M) 3,201ms
[2023-11-08T18:56:27.167+0100][gc,cpu        ] GC(899) User=0,01s Sys=0,02s Real=0,00s
[2023-11-08T18:56:28.703+0100][gc,start      ] GC(900) Pause Young (Normal) (G1 Evacuation Pause)
[2023-11-08T18:56:28.703+0100][gc,task       ] GC(900) Using 13 workers of 13 for evacuation
[2023-11-08T18:56:28.708+0100][gc,phases     ] GC(900)   Pre Evacuate Collection Set: 0,0ms
[2023-11-08T18:56:28.708+0100][gc,phases     ] GC(900)   Evacuate Collection Set: 4,6ms
[2023-11-08T18:56:28.708+0100][gc,phases     ] GC(900)   Post Evacuate Collection Set: 0,6ms
[2023-11-08T18:56:28.709+0100][gc,phases     ] GC(900)   Other: 0,3ms
[2023-11-08T18:56:28.709+0100][gc,heap       ] GC(900) Eden regions: 442->0(478)
[2023-11-08T18:56:28.709+0100][gc,heap       ] GC(900) Survivor regions: 7->8(57)
[2023-11-08T18:56:28.709+0100][gc,heap       ] GC(900) Old regions: 85->85
[2023-11-08T18:56:28.709+0100][gc,heap       ] GC(900) Humongous regions: 129->129
[2023-11-08T18:56:28.709+0100][gc,metaspace  ] GC(900) Metaspace: 48287K(52224K)->48287K(52224K) NonClass: 42312K(44544K)->42312K(44544K) Class: 5975K(7680K)->5975K(7680K)
[2023-11-08T18:56:28.709+0100][gc            ] GC(900) Pause Young (Normal) (G1 Evacuation Pause) 660M->219M(1024M) 5,684ms
[2023-11-08T18:56:28.709+0100][gc,cpu        ] GC(900) User=0,00s Sys=0,05s Real=0,00s
[2023-11-08T18:56:30.364+0100][gc,start      ] GC(901) Pause Young (Normal) (G1 Evacuation Pause)
[2023-11-08T18:56:30.364+0100][gc,task       ] GC(901) Using 13 workers of 13 for evacuation
[2023-11-08T18:56:30.368+0100][gc,phases     ] GC(901)   Pre Evacuate Collection Set: 0,0ms
[2023-11-08T18:56:30.368+0100][gc,phases     ] GC(901)   Evacuate Collection Set: 3,5ms
[2023-11-08T18:56:30.368+0100][gc,phases     ] GC(901)   Post Evacuate Collection Set: 0,5ms
[2023-11-08T18:56:30.368+0100][gc,phases     ] GC(901)   Other: 0,2ms
[2023-11-08T18:56:30.368+0100][gc,heap       ] GC(901) Eden regions: 478->0(553)
[2023-11-08T18:56:30.368+0100][gc,heap       ] GC(901) Survivor regions: 8->10(61)
[2023-11-08T18:56:30.368+0100][gc,heap       ] GC(901) Old regions: 85->85
[2023-11-08T18:56:30.368+0100][gc,heap       ] GC(901) Humongous regions: 129->129
[2023-11-08T18:56:30.368+0100][gc,metaspace  ] GC(901) Metaspace: 48287K(52224K)->48287K(52224K) NonClass: 42312K(44544K)->42312K(44544K) Class: 5975K(7680K)->5975K(7680K)
[2023-11-08T18:56:30.368+0100][gc            ] GC(901) Pause Young (Normal) (G1 Evacuation Pause) 697M->221M(1024M) 4,312ms
[2023-11-08T18:56:30.368+0100][gc,cpu        ] GC(901) User=0,04s Sys=0,00s Real=0,00s
[2023-11-08T18:56:32.240+0100][gc,start      ] GC(902) Pause Young (Concurrent Start) (G1 Evacuation Pause)
[2023-11-08T18:56:32.240+0100][gc,task       ] GC(902) Using 13 workers of 13 for evacuation
[2023-11-08T18:56:32.246+0100][gc,phases     ] GC(902)   Pre Evacuate Collection Set: 0,2ms
[2023-11-08T18:56:32.246+0100][gc,phases     ] GC(902)   Evacuate Collection Set: 4,7ms
[2023-11-08T18:56:32.246+0100][gc,phases     ] GC(902)   Post Evacuate Collection Set: 0,7ms
[2023-11-08T18:56:32.246+0100][gc,phases     ] GC(902)   Other: 0,3ms
[2023-11-08T18:56:32.246+0100][gc,heap       ] GC(902) Eden regions: 553->0(573)
[2023-11-08T18:56:32.246+0100][gc,heap       ] GC(902) Survivor regions: 10->11(71)
[2023-11-08T18:56:32.246+0100][gc,heap       ] GC(902) Old regions: 85->85
[2023-11-08T18:56:32.246+0100][gc,heap       ] GC(902) Humongous regions: 129->129
[2023-11-08T18:56:32.246+0100][gc,metaspace  ] GC(902) Metaspace: 48287K(52224K)->48287K(52224K) NonClass: 42312K(44544K)->42312K(44544K) Class: 5975K(7680K)->5975K(7680K)
[2023-11-08T18:56:32.246+0100][gc            ] GC(902) Pause Young (Concurrent Start) (G1 Evacuation Pause) 774M->222M(1024M) 6,056ms
[2023-11-08T18:56:32.246+0100][gc,cpu        ] GC(902) User=0,05s Sys=0,01s Real=0,01s
[2023-11-08T18:56:32.246+0100][gc            ] GC(903) Concurrent Cycle
[2023-11-08T18:56:32.246+0100][gc,marking    ] GC(903) Concurrent Clear Claimed Marks
[2023-11-08T18:56:32.246+0100][gc,marking    ] GC(903) Concurrent Clear Claimed Marks 0,357ms
[2023-11-08T18:56:32.246+0100][gc,marking    ] GC(903) Concurrent Scan Root Regions
[2023-11-08T18:56:32.249+0100][gc,marking    ] GC(903) Concurrent Scan Root Regions 3,081ms
[2023-11-08T18:56:32.250+0100][gc,marking    ] GC(903) Concurrent Mark (6063,858s)
[2023-11-08T18:56:32.250+0100][gc,marking    ] GC(903) Concurrent Mark From Roots
[2023-11-08T18:56:32.250+0100][gc,task       ] GC(903) Using 3 workers of 3 for marking
[2023-11-08T18:56:32.272+0100][gc,marking    ] GC(903) Concurrent Mark From Roots 21,992ms
[2023-11-08T18:56:32.272+0100][gc,marking    ] GC(903) Concurrent Preclean
[2023-11-08T18:56:32.272+0100][gc,marking    ] GC(903) Concurrent Preclean 0,268ms
[2023-11-08T18:56:32.272+0100][gc,marking    ] GC(903) Concurrent Mark (6063,858s, 6063,880s) 22,346ms
[2023-11-08T18:56:32.272+0100][gc,start      ] GC(903) Pause Remark
[2023-11-08T18:56:32.275+0100][gc,stringtable] GC(903) Cleaned string and symbol table, strings: 18399 processed, 0 removed, symbols: 94795 processed, 0 removed
[2023-11-08T18:56:32.276+0100][gc            ] GC(903) Pause Remark 233M->233M(1024M) 3,498ms
[2023-11-08T18:56:32.276+0100][gc,cpu        ] GC(903) User=0,03s Sys=0,00s Real=0,01s
[2023-11-08T18:56:32.276+0100][gc,marking    ] GC(903) Concurrent Rebuild Remembered Sets
[2023-11-08T18:56:32.292+0100][gc,marking    ] GC(903) Concurrent Rebuild Remembered Sets 15,925ms
[2023-11-08T18:56:32.292+0100][gc,start      ] GC(903) Pause Cleanup
[2023-11-08T18:56:32.292+0100][gc            ] GC(903) Pause Cleanup 239M->239M(1024M) 0,216ms
[2023-11-08T18:56:32.292+0100][gc,cpu        ] GC(903) User=0,00s Sys=0,00s Real=0,00s
[2023-11-08T18:56:32.292+0100][gc,marking    ] GC(903) Concurrent Cleanup for Next Mark
[2023-11-08T18:56:32.294+0100][gc,marking    ] GC(903) Concurrent Cleanup for Next Mark 1,940ms
[2023-11-08T18:56:32.294+0100][gc            ] GC(903) Concurrent Cycle 47,994ms
[2023-11-08T18:56:32.474+0100][gc,start      ] GC(904) Pause Young (Normal) (G1 Evacuation Pause)
[2023-11-08T18:56:32.474+0100][gc,task       ] GC(904) Using 13 workers of 13 for evacuation
[2023-11-08T18:56:32.480+0100][gc,phases     ] GC(904)   Pre Evacuate Collection Set: 0,0ms
[2023-11-08T18:56:32.480+0100][gc,phases     ] GC(904)   Evacuate Collection Set: 5,2ms
[2023-11-08T18:56:32.480+0100][gc,phases     ] GC(904)   Post Evacuate Collection Set: 0,5ms
[2023-11-08T18:56:32.480+0100][gc,phases     ] GC(904)   Other: 0,2ms
[2023-11-08T18:56:32.480+0100][gc,heap       ] GC(904) Eden regions: 71->0(353)
[2023-11-08T18:56:32.480+0100][gc,heap       ] GC(904) Survivor regions: 11->7(11)
[2023-11-08T18:56:32.480+0100][gc,heap       ] GC(904) Old regions: 85->90
[2023-11-08T18:56:32.480+0100][gc,heap       ] GC(904) Humongous regions: 129->129
[2023-11-08T18:56:32.480+0100][gc,metaspace  ] GC(904) Metaspace: 48287K(52224K)->48287K(52224K) NonClass: 42312K(44544K)->42312K(44544K) Class: 5975K(7680K)->5975K(7680K)
[2023-11-08T18:56:32.480+0100][gc            ] GC(904) Pause Young (Normal) (G1 Evacuation Pause) 293M->223M(1024M) 6,073ms
[2023-11-08T18:56:32.480+0100][gc,cpu        ] GC(904) User=0,07s Sys=0,00s Real=0,01s
[2023-11-08T18:56:33.667+0100][gc,start      ] GC(905) Pause Young (Concurrent Start) (G1 Evacuation Pause)
[2023-11-08T18:56:33.667+0100][gc,task       ] GC(905) Using 13 workers of 13 for evacuation
[2023-11-08T18:56:33.671+0100][gc,phases     ] GC(905)   Pre Evacuate Collection Set: 0,2ms
[2023-11-08T18:56:33.671+0100][gc,phases     ] GC(905)   Evacuate Collection Set: 3,1ms
[2023-11-08T18:56:33.671+0100][gc,phases     ] GC(905)   Post Evacuate Collection Set: 0,5ms
[2023-11-08T18:56:33.671+0100][gc,phases     ] GC(905)   Other: 0,3ms
[2023-11-08T18:56:33.671+0100][gc,heap       ] GC(905) Eden regions: 353->0(475)
[2023-11-08T18:56:33.671+0100][gc,heap       ] GC(905) Survivor regions: 7->7(45)
[2023-11-08T18:56:33.671+0100][gc,heap       ] GC(905) Old regions: 90->90
[2023-11-08T18:56:33.671+0100][gc,heap       ] GC(905) Humongous regions: 129->129
[2023-11-08T18:56:33.671+0100][gc,metaspace  ] GC(905) Metaspace: 48287K(52224K)->48287K(52224K) NonClass: 42312K(44544K)->42312K(44544K) Class: 5975K(7680K)->5975K(7680K)
[2023-11-08T18:56:33.671+0100][gc            ] GC(905) Pause Young (Concurrent Start) (G1 Evacuation Pause) 576M->223M(1024M) 4,292ms
[2023-11-08T18:56:33.671+0100][gc,cpu        ] GC(905) User=0,02s Sys=0,02s Real=0,00s
[2023-11-08T18:56:33.671+0100][gc            ] GC(906) Concurrent Cycle
[2023-11-08T18:56:33.671+0100][gc,marking    ] GC(906) Concurrent Clear Claimed Marks
[2023-11-08T18:56:33.672+0100][gc,marking    ] GC(906) Concurrent Clear Claimed Marks 0,329ms
[2023-11-08T18:56:33.672+0100][gc,marking    ] GC(906) Concurrent Scan Root Regions
[2023-11-08T18:56:33.674+0100][gc,marking    ] GC(906) Concurrent Scan Root Regions 2,706ms
[2023-11-08T18:56:33.674+0100][gc,marking    ] GC(906) Concurrent Mark (6065,283s)
[2023-11-08T18:56:33.674+0100][gc,marking    ] GC(906) Concurrent Mark From Roots
[2023-11-08T18:56:33.674+0100][gc,task       ] GC(906) Using 3 workers of 3 for marking
[2023-11-08T18:56:33.699+0100][gc,marking    ] GC(906) Concurrent Mark From Roots 24,729ms
[2023-11-08T18:56:33.699+0100][gc,marking    ] GC(906) Concurrent Preclean
[2023-11-08T18:56:33.699+0100][gc,marking    ] GC(906) Concurrent Preclean 0,245ms
[2023-11-08T18:56:33.699+0100][gc,marking    ] GC(906) Concurrent Mark (6065,283s, 6065,308s) 25,046ms
[2023-11-08T18:56:33.700+0100][gc,start      ] GC(906) Pause Remark
[2023-11-08T18:56:33.703+0100][gc,stringtable] GC(906) Cleaned string and symbol table, strings: 18399 processed, 0 removed, symbols: 94795 processed, 0 removed
[2023-11-08T18:56:33.703+0100][gc            ] GC(906) Pause Remark 234M->234M(1024M) 3,859ms
[2023-11-08T18:56:33.703+0100][gc,cpu        ] GC(906) User=0,03s Sys=0,00s Real=0,01s
[2023-11-08T18:56:33.703+0100][gc,marking    ] GC(906) Concurrent Rebuild Remembered Sets
[2023-11-08T18:56:33.722+0100][gc,marking    ] GC(906) Concurrent Rebuild Remembered Sets 18,322ms
[2023-11-08T18:56:33.722+0100][gc,start      ] GC(906) Pause Cleanup
[2023-11-08T18:56:33.722+0100][gc            ] GC(906) Pause Cleanup 239M->239M(1024M) 0,216ms
[2023-11-08T18:56:33.722+0100][gc,cpu        ] GC(906) User=0,00s Sys=0,00s Real=0,00s
[2023-11-08T18:56:33.722+0100][gc,marking    ] GC(906) Concurrent Cleanup for Next Mark
[2023-11-08T18:56:33.724+0100][gc,marking    ] GC(906) Concurrent Cleanup for Next Mark 1,965ms
[2023-11-08T18:56:33.724+0100][gc            ] GC(906) Concurrent Cycle 53,056ms
[2023-11-08T18:56:33.975+0100][gc,start      ] GC(907) Pause Young (Normal) (G1 Evacuation Pause)
[2023-11-08T18:56:33.975+0100][gc,task       ] GC(907) Using 13 workers of 13 for evacuation
[2023-11-08T18:56:33.979+0100][gc,phases     ] GC(907)   Pre Evacuate Collection Set: 0,0ms
[2023-11-08T18:56:33.979+0100][gc,phases     ] GC(907)   Evacuate Collection Set: 3,5ms
[2023-11-08T18:56:33.979+0100][gc,phases     ] GC(907)   Post Evacuate Collection Set: 0,5ms
[2023-11-08T18:56:33.979+0100][gc,phases     ] GC(907)   Other: 0,2ms
[2023-11-08T18:56:33.979+0100][gc,heap       ] GC(907) Eden regions: 88->0(260)
[2023-11-08T18:56:33.979+0100][gc,heap       ] GC(907) Survivor regions: 7->7(12)
[2023-11-08T18:56:33.979+0100][gc,heap       ] GC(907) Old regions: 90->91
[2023-11-08T18:56:33.979+0100][gc,heap       ] GC(907) Humongous regions: 129->129
[2023-11-08T18:56:33.979+0100][gc,metaspace  ] GC(907) Metaspace: 48287K(52224K)->48287K(52224K) NonClass: 42312K(44544K)->42312K(44544K) Class: 5975K(7680K)->5975K(7680K)
[2023-11-08T18:56:33.979+0100][gc            ] GC(907) Pause Young (Normal) (G1 Evacuation Pause) 311M->224M(1024M) 4,289ms
[2023-11-08T18:56:33.979+0100][gc,cpu        ] GC(907) User=0,02s Sys=0,03s Real=0,00s
[2023-11-08T18:56:34.900+0100][gc,start      ] GC(908) Pause Young (Concurrent Start) (G1 Evacuation Pause)
[2023-11-08T18:56:34.900+0100][gc,task       ] GC(908) Using 13 workers of 13 for evacuation
[2023-11-08T18:56:34.903+0100][gc,phases     ] GC(908)   Pre Evacuate Collection Set: 0,2ms
[2023-11-08T18:56:34.903+0100][gc,phases     ] GC(908)   Evacuate Collection Set: 2,9ms
[2023-11-08T18:56:34.903+0100][gc,phases     ] GC(908)   Post Evacuate Collection Set: 0,5ms
[2023-11-08T18:56:34.903+0100][gc,phases     ] GC(908)   Other: 0,2ms
[2023-11-08T18:56:34.903+0100][gc,heap       ] GC(908) Eden regions: 260->0(311)
[2023-11-08T18:56:34.903+0100][gc,heap       ] GC(908) Survivor regions: 7->8(34)
[2023-11-08T18:56:34.903+0100][gc,heap       ] GC(908) Old regions: 91->91
[2023-11-08T18:56:34.903+0100][gc,heap       ] GC(908) Humongous regions: 129->129
[2023-11-08T18:56:34.903+0100][gc,metaspace  ] GC(908) Metaspace: 48287K(52224K)->48287K(52224K) NonClass: 42312K(44544K)->42312K(44544K) Class: 5975K(7680K)->5975K(7680K)
[2023-11-08T18:56:34.903+0100][gc            ] GC(908) Pause Young (Concurrent Start) (G1 Evacuation Pause) 484M->225M(1024M) 3,903ms
[2023-11-08T18:56:34.903+0100][gc,cpu        ] GC(908) User=0,03s Sys=0,00s Real=0,01s
[2023-11-08T18:56:34.903+0100][gc            ] GC(909) Concurrent Cycle
[2023-11-08T18:56:34.903+0100][gc,marking    ] GC(909) Concurrent Clear Claimed Marks
[2023-11-08T18:56:34.904+0100][gc,marking    ] GC(909) Concurrent Clear Claimed Marks 0,334ms
[2023-11-08T18:56:34.904+0100][gc,marking    ] GC(909) Concurrent Scan Root Regions
[2023-11-08T18:56:34.906+0100][gc,marking    ] GC(909) Concurrent Scan Root Regions 2,210ms
[2023-11-08T18:56:34.906+0100][gc,marking    ] GC(909) Concurrent Mark (6066,515s)
[2023-11-08T18:56:34.906+0100][gc,marking    ] GC(909) Concurrent Mark From Roots
[2023-11-08T18:56:34.906+0100][gc,task       ] GC(909) Using 3 workers of 3 for marking
[2023-11-08T18:56:34.929+0100][gc,marking    ] GC(909) Concurrent Mark From Roots 23,026ms
[2023-11-08T18:56:34.929+0100][gc,marking    ] GC(909) Concurrent Preclean
[2023-11-08T18:56:34.929+0100][gc,marking    ] GC(909) Concurrent Preclean 0,238ms
[2023-11-08T18:56:34.929+0100][gc,marking    ] GC(909) Concurrent Mark (6066,515s, 6066,538s) 23,334ms
[2023-11-08T18:56:34.930+0100][gc,start      ] GC(909) Pause Remark
[2023-11-08T18:56:34.933+0100][gc,stringtable] GC(909) Cleaned string and symbol table, strings: 18399 processed, 0 removed, symbols: 94795 processed, 0 removed
[2023-11-08T18:56:34.933+0100][gc            ] GC(909) Pause Remark 235M->235M(1024M) 3,214ms
[2023-11-08T18:56:34.933+0100][gc,cpu        ] GC(909) User=0,04s Sys=0,00s Real=0,00s
[2023-11-08T18:56:34.933+0100][gc,marking    ] GC(909) Concurrent Rebuild Remembered Sets
[2023-11-08T18:56:34.950+0100][gc,marking    ] GC(909) Concurrent Rebuild Remembered Sets 17,559ms
[2023-11-08T18:56:34.951+0100][gc,start      ] GC(909) Pause Cleanup
[2023-11-08T18:56:34.951+0100][gc            ] GC(909) Pause Cleanup 239M->239M(1024M) 0,234ms
[2023-11-08T18:56:34.951+0100][gc,cpu        ] GC(909) User=0,00s Sys=0,00s Real=0,00s
[2023-11-08T18:56:34.951+0100][gc,marking    ] GC(909) Concurrent Cleanup for Next Mark
[2023-11-08T18:56:34.953+0100][gc,marking    ] GC(909) Concurrent Cleanup for Next Mark 1,895ms
[2023-11-08T18:56:34.953+0100][gc            ] GC(909) Concurrent Cycle 49,390ms
[2023-11-08T18:56:35.176+0100][gc,start      ] GC(910) Pause Young (Normal) (G1 Evacuation Pause)
[2023-11-08T18:56:35.176+0100][gc,task       ] GC(910) Using 13 workers of 13 for evacuation
[2023-11-08T18:56:35.180+0100][gc,phases     ] GC(910)   Pre Evacuate Collection Set: 0,0ms
[2023-11-08T18:56:35.180+0100][gc,phases     ] GC(910)   Evacuate Collection Set: 3,6ms
[2023-11-08T18:56:35.180+0100][gc,phases     ] GC(910)   Post Evacuate Collection Set: 0,5ms
[2023-11-08T18:56:35.180+0100][gc,phases     ] GC(910)   Other: 0,2ms
[2023-11-08T18:56:35.180+0100][gc,heap       ] GC(910) Eden regions: 74->0(383)
[2023-11-08T18:56:35.180+0100][gc,heap       ] GC(910) Survivor regions: 8->6(11)
[2023-11-08T18:56:35.180+0100][gc,heap       ] GC(910) Old regions: 91->92
[2023-11-08T18:56:35.180+0100][gc,heap       ] GC(910) Humongous regions: 129->129
[2023-11-08T18:56:35.180+0100][gc,metaspace  ] GC(910) Metaspace: 48287K(52224K)->48287K(52224K) NonClass: 42312K(44544K)->42312K(44544K) Class: 5975K(7680K)->5975K(7680K)
[2023-11-08T18:56:35.180+0100][gc            ] GC(910) Pause Young (Normal) (G1 Evacuation Pause) 299M->225M(1024M) 4,547ms
[2023-11-08T18:56:35.180+0100][gc,cpu        ] GC(910) User=0,05s Sys=0,00s Real=0,00s
[2023-11-08T18:56:36.502+0100][gc,start      ] GC(911) Pause Young (Normal) (G1 Evacuation Pause)
[2023-11-08T18:56:36.502+0100][gc,task       ] GC(911) Using 13 workers of 13 for evacuation
[2023-11-08T18:56:36.507+0100][gc,phases     ] GC(911)   Pre Evacuate Collection Set: 0,0ms
[2023-11-08T18:56:36.507+0100][gc,phases     ] GC(911)   Evacuate Collection Set: 3,7ms
[2023-11-08T18:56:36.507+0100][gc,phases     ] GC(911)   Post Evacuate Collection Set: 0,7ms
[2023-11-08T18:56:36.507+0100][gc,phases     ] GC(911)   Other: 0,3ms
[2023-11-08T18:56:36.507+0100][gc,heap       ] GC(911) Eden regions: 383->0(411)
[2023-11-08T18:56:36.507+0100][gc,heap       ] GC(911) Survivor regions: 6->7(49)
[2023-11-08T18:56:36.507+0100][gc,heap       ] GC(911) Old regions: 92->92
[2023-11-08T18:56:36.507+0100][gc,heap       ] GC(911) Humongous regions: 129->129
[2023-11-08T18:56:36.507+0100][gc,metaspace  ] GC(911) Metaspace: 48287K(52224K)->48287K(52224K) NonClass: 42312K(44544K)->42312K(44544K) Class: 5975K(7680K)->5975K(7680K)
[2023-11-08T18:56:36.507+0100][gc            ] GC(911) Pause Young (Normal) (G1 Evacuation Pause) 608M->226M(1024M) 4,847ms
[2023-11-08T18:56:36.507+0100][gc,cpu        ] GC(911) User=0,02s Sys=0,03s Real=0,01s
[2023-11-08T18:56:37.868+0100][gc,start      ] GC(912) Pause Young (Normal) (G1 Evacuation Pause)
[2023-11-08T18:56:37.868+0100][gc,task       ] GC(912) Using 13 workers of 13 for evacuation
[2023-11-08T18:56:37.873+0100][gc,phases     ] GC(912)   Pre Evacuate Collection Set: 0,0ms
[2023-11-08T18:56:37.873+0100][gc,phases     ] GC(912)   Evacuate Collection Set: 3,9ms
[2023-11-08T18:56:37.873+0100][gc,phases     ] GC(912)   Post Evacuate Collection Set: 0,7ms
[2023-11-08T18:56:37.873+0100][gc,phases     ] GC(912)   Other: 0,3ms
[2023-11-08T18:56:37.873+0100][gc,heap       ] GC(912) Eden regions: 411->0(438)
[2023-11-08T18:56:37.873+0100][gc,heap       ] GC(912) Survivor regions: 7->8(53)
[2023-11-08T18:56:37.873+0100][gc,heap       ] GC(912) Old regions: 92->92
[2023-11-08T18:56:37.873+0100][gc,heap       ] GC(912) Humongous regions: 129->129
[2023-11-08T18:56:37.873+0100][gc,metaspace  ] GC(912) Metaspace: 48287K(52224K)->48287K(52224K) NonClass: 42312K(44544K)->42312K(44544K) Class: 5975K(7680K)->5975K(7680K)
[2023-11-08T18:56:37.873+0100][gc            ] GC(912) Pause Young (Normal) (G1 Evacuation Pause) 637M->227M(1024M) 5,157ms
[2023-11-08T18:56:37.873+0100][gc,cpu        ] GC(912) User=0,05s Sys=0,00s Real=0,00s
[2023-11-08T18:56:39.349+0100][gc,start      ] GC(913) Pause Young (Normal) (G1 Evacuation Pause)
[2023-11-08T18:56:39.349+0100][gc,task       ] GC(913) Using 13 workers of 13 for evacuation
[2023-11-08T18:56:39.354+0100][gc,phases     ] GC(913)   Pre Evacuate Collection Set: 0,0ms
[2023-11-08T18:56:39.354+0100][gc,phases     ] GC(913)   Evacuate Collection Set: 3,5ms
[2023-11-08T18:56:39.354+0100][gc,phases     ] GC(913)   Post Evacuate Collection Set: 0,6ms
[2023-11-08T18:56:39.354+0100][gc,phases     ] GC(913)   Other: 0,3ms
[2023-11-08T18:56:39.354+0100][gc,heap       ] GC(913) Eden regions: 438->0(495)
[2023-11-08T18:56:39.354+0100][gc,heap       ] GC(913) Survivor regions: 8->10(56)
[2023-11-08T18:56:39.354+0100][gc,heap       ] GC(913) Old regions: 92->92
[2023-11-08T18:56:39.354+0100][gc,heap       ] GC(913) Humongous regions: 129->129
[2023-11-08T18:56:39.354+0100][gc,metaspace  ] GC(913) Metaspace: 48287K(52224K)->48287K(52224K) NonClass: 42312K(44544K)->42312K(44544K) Class: 5975K(7680K)->5975K(7680K)
[2023-11-08T18:56:39.354+0100][gc            ] GC(913) Pause Young (Normal) (G1 Evacuation Pause) 665M->228M(1024M) 4,583ms
[2023-11-08T18:56:39.354+0100][gc,cpu        ] GC(913) User=0,05s Sys=0,00s Real=0,00s
[2023-11-08T18:56:41.105+0100][gc,start      ] GC(914) Pause Young (Normal) (G1 Evacuation Pause)
[2023-11-08T18:56:41.105+0100][gc,task       ] GC(914) Using 13 workers of 13 for evacuation
[2023-11-08T18:56:41.110+0100][gc,phases     ] GC(914)   Pre Evacuate Collection Set: 0,0ms
[2023-11-08T18:56:41.110+0100][gc,phases     ] GC(914)   Evacuate Collection Set: 4,4ms
[2023-11-08T18:56:41.110+0100][gc,phases     ] GC(914)   Post Evacuate Collection Set: 0,7ms
[2023-11-08T18:56:41.110+0100][gc,phases     ] GC(914)   Other: 0,3ms
[2023-11-08T18:56:41.110+0100][gc,heap       ] GC(914) Eden regions: 495->0(549)
[2023-11-08T18:56:41.110+0100][gc,heap       ] GC(914) Survivor regions: 10->11(64)
[2023-11-08T18:56:41.110+0100][gc,heap       ] GC(914) Old regions: 92->92
[2023-11-08T18:56:41.110+0100][gc,heap       ] GC(914) Humongous regions: 129->129
[2023-11-08T18:56:41.110+0100][gc,metaspace  ] GC(914) Metaspace: 48287K(52224K)->48287K(52224K) NonClass: 42312K(44544K)->42312K(44544K) Class: 5975K(7680K)->5975K(7680K)
[2023-11-08T18:56:41.110+0100][gc            ] GC(914) Pause Young (Normal) (G1 Evacuation Pause) 723M->230M(1024M) 5,373ms
[2023-11-08T18:56:41.110+0100][gc,cpu        ] GC(914) User=0,05s Sys=0,01s Real=0,00s
[2023-11-08T18:56:42.931+0100][gc,start      ] GC(915) Pause Young (Concurrent Start) (G1 Evacuation Pause)
[2023-11-08T18:56:42.931+0100][gc,task       ] GC(915) Using 13 workers of 13 for evacuation
[2023-11-08T18:56:42.938+0100][gc,phases     ] GC(915)   Pre Evacuate Collection Set: 0,2ms
[2023-11-08T18:56:42.938+0100][gc,phases     ] GC(915)   Evacuate Collection Set: 5,5ms
[2023-11-08T18:56:42.938+0100][gc,phases     ] GC(915)   Post Evacuate Collection Set: 0,6ms
[2023-11-08T18:56:42.938+0100][gc,phases     ] GC(915)   Other: 0,2ms
[2023-11-08T18:56:42.938+0100][gc,heap       ] GC(915) Eden regions: 549->0(567)
[2023-11-08T18:56:42.938+0100][gc,heap       ] GC(915) Survivor regions: 11->13(70)
[2023-11-08T18:56:42.938+0100][gc,heap       ] GC(915) Old regions: 92->92
[2023-11-08T18:56:42.938+0100][gc,heap       ] GC(915) Humongous regions: 129->129
[2023-11-08T18:56:42.938+0100][gc,metaspace  ] GC(915) Metaspace: 48287K(52224K)->48287K(52224K) NonClass: 42312K(44544K)->42312K(44544K) Class: 5975K(7680K)->5975K(7680K)
[2023-11-08T18:56:42.938+0100][gc            ] GC(915) Pause Young (Concurrent Start) (G1 Evacuation Pause) 779M->231M(1024M) 6,646ms
[2023-11-08T18:56:42.938+0100][gc,cpu        ] GC(915) User=0,05s Sys=0,01s Real=0,01s
[2023-11-08T18:56:42.938+0100][gc            ] GC(916) Concurrent Cycle
[2023-11-08T18:56:42.938+0100][gc,marking    ] GC(916) Concurrent Clear Claimed Marks
[2023-11-08T18:56:42.938+0100][gc,marking    ] GC(916) Concurrent Clear Claimed Marks 0,391ms
[2023-11-08T18:56:42.938+0100][gc,marking    ] GC(916) Concurrent Scan Root Regions
[2023-11-08T18:56:42.941+0100][gc,marking    ] GC(916) Concurrent Scan Root Regions 3,151ms
[2023-11-08T18:56:42.941+0100][gc,marking    ] GC(916) Concurrent Mark (6074,550s)
[2023-11-08T18:56:42.941+0100][gc,marking    ] GC(916) Concurrent Mark From Roots
[2023-11-08T18:56:42.941+0100][gc,task       ] GC(916) Using 3 workers of 3 for marking
[2023-11-08T18:56:42.966+0100][gc,marking    ] GC(916) Concurrent Mark From Roots 24,798ms
[2023-11-08T18:56:42.966+0100][gc,marking    ] GC(916) Concurrent Preclean
[2023-11-08T18:56:42.967+0100][gc,marking    ] GC(916) Concurrent Preclean 0,341ms
[2023-11-08T18:56:42.967+0100][gc,marking    ] GC(916) Concurrent Mark (6074,550s, 6074,575s) 25,233ms
[2023-11-08T18:56:42.967+0100][gc,start      ] GC(916) Pause Remark
[2023-11-08T18:56:42.970+0100][gc,stringtable] GC(916) Cleaned string and symbol table, strings: 18399 processed, 0 removed, symbols: 94795 processed, 0 removed
[2023-11-08T18:56:42.971+0100][gc            ] GC(916) Pause Remark 243M->243M(1024M) 3,950ms
[2023-11-08T18:56:42.971+0100][gc,cpu        ] GC(916) User=0,02s Sys=0,03s Real=0,00s
[2023-11-08T18:56:42.971+0100][gc,marking    ] GC(916) Concurrent Rebuild Remembered Sets
[2023-11-08T18:56:42.989+0100][gc,marking    ] GC(916) Concurrent Rebuild Remembered Sets 18,041ms
[2023-11-08T18:56:42.989+0100][gc,start      ] GC(916) Pause Cleanup
[2023-11-08T18:56:42.989+0100][gc            ] GC(916) Pause Cleanup 248M->248M(1024M) 0,221ms
[2023-11-08T18:56:42.989+0100][gc,cpu        ] GC(916) User=0,00s Sys=0,00s Real=0,00s
[2023-11-08T18:56:42.989+0100][gc,marking    ] GC(916) Concurrent Cleanup for Next Mark
[2023-11-08T18:56:42.991+0100][gc,marking    ] GC(916) Concurrent Cleanup for Next Mark 1,906ms
[2023-11-08T18:56:42.991+0100][gc            ] GC(916) Concurrent Cycle 53,558ms
[2023-11-08T18:56:43.282+0100][gc,start      ] GC(917) Pause Young (Normal) (G1 Evacuation Pause)
[2023-11-08T18:56:43.282+0100][gc,task       ] GC(917) Using 13 workers of 13 for evacuation
[2023-11-08T18:56:43.289+0100][gc,phases     ] GC(917)   Pre Evacuate Collection Set: 0,0ms
[2023-11-08T18:56:43.289+0100][gc,phases     ] GC(917)   Evacuate Collection Set: 5,7ms
[2023-11-08T18:56:43.289+0100][gc,phases     ] GC(917)   Post Evacuate Collection Set: 0,5ms
[2023-11-08T18:56:43.289+0100][gc,phases     ] GC(917)   Other: 0,3ms
[2023-11-08T18:56:43.289+0100][gc,heap       ] GC(917) Eden regions: 107->0(560)
[2023-11-08T18:56:43.289+0100][gc,heap       ] GC(917) Survivor regions: 13->9(15)
[2023-11-08T18:56:43.289+0100][gc,heap       ] GC(917) Old regions: 92->96
[2023-11-08T18:56:43.289+0100][gc,heap       ] GC(917) Humongous regions: 129->129
[2023-11-08T18:56:43.289+0100][gc,metaspace  ] GC(917) Metaspace: 48287K(52224K)->48287K(52224K) NonClass: 42312K(44544K)->42312K(44544K) Class: 5975K(7680K)->5975K(7680K)
[2023-11-08T18:56:43.289+0100][gc            ] GC(917) Pause Young (Normal) (G1 Evacuation Pause) 338M->232M(1024M) 6,738ms
[2023-11-08T18:56:43.289+0100][gc,cpu        ] GC(917) User=0,07s Sys=0,00s Real=0,01s
[2023-11-08T18:56:45.041+0100][gc,start      ] GC(918) Pause Young (Concurrent Start) (G1 Evacuation Pause)
[2023-11-08T18:56:45.041+0100][gc,task       ] GC(918) Using 13 workers of 13 for evacuation
[2023-11-08T18:56:45.046+0100][gc,phases     ] GC(918)   Pre Evacuate Collection Set: 0,2ms
[2023-11-08T18:56:45.046+0100][gc,phases     ] GC(918)   Evacuate Collection Set: 4,4ms
[2023-11-08T18:56:45.046+0100][gc,phases     ] GC(918)   Post Evacuate Collection Set: 0,6ms
[2023-11-08T18:56:45.046+0100][gc,phases     ] GC(918)   Other: 0,2ms
[2023-11-08T18:56:45.046+0100][gc,heap       ] GC(918) Eden regions: 560->0(582)
[2023-11-08T18:56:45.046+0100][gc,heap       ] GC(918) Survivor regions: 9->11(72)
[2023-11-08T18:56:45.046+0100][gc,heap       ] GC(918) Old regions: 96->96
[2023-11-08T18:56:45.046+0100][gc,heap       ] GC(918) Humongous regions: 129->129
[2023-11-08T18:56:45.046+0100][gc,metaspace  ] GC(918) Metaspace: 48287K(52224K)->48287K(52224K) NonClass: 42312K(44544K)->42312K(44544K) Class: 5975K(7680K)->5975K(7680K)
[2023-11-08T18:56:45.046+0100][gc            ] GC(918) Pause Young (Concurrent Start) (G1 Evacuation Pause) 792M->233M(1024M) 5,565ms
[2023-11-08T18:56:45.046+0100][gc,cpu        ] GC(918) User=0,06s Sys=0,01s Real=0,01s
[2023-11-08T18:56:45.046+0100][gc            ] GC(919) Concurrent Cycle
[2023-11-08T18:56:45.046+0100][gc,marking    ] GC(919) Concurrent Clear Claimed Marks
[2023-11-08T18:56:45.047+0100][gc,marking    ] GC(919) Concurrent Clear Claimed Marks 0,382ms
[2023-11-08T18:56:45.047+0100][gc,marking    ] GC(919) Concurrent Scan Root Regions
[2023-11-08T18:56:45.049+0100][gc,marking    ] GC(919) Concurrent Scan Root Regions 2,762ms
[2023-11-08T18:56:45.049+0100][gc,marking    ] GC(919) Concurrent Mark (6076,658s)
[2023-11-08T18:56:45.049+0100][gc,marking    ] GC(919) Concurrent Mark From Roots
[2023-11-08T18:56:45.049+0100][gc,task       ] GC(919) Using 3 workers of 3 for marking
[2023-11-08T18:56:45.081+0100][gc,marking    ] GC(919) Concurrent Mark From Roots 31,915ms
[2023-11-08T18:56:45.081+0100][gc,marking    ] GC(919) Concurrent Preclean
[2023-11-08T18:56:45.082+0100][gc,marking    ] GC(919) Concurrent Preclean 0,194ms
[2023-11-08T18:56:45.082+0100][gc,marking    ] GC(919) Concurrent Mark (6076,658s, 6076,690s) 32,179ms
[2023-11-08T18:56:45.082+0100][gc,start      ] GC(919) Pause Remark
[2023-11-08T18:56:45.085+0100][gc,stringtable] GC(919) Cleaned string and symbol table, strings: 18399 processed, 0 removed, symbols: 94795 processed, 0 removed
[2023-11-08T18:56:45.085+0100][gc            ] GC(919) Pause Remark 246M->246M(1024M) 3,342ms
[2023-11-08T18:56:45.085+0100][gc,cpu        ] GC(919) User=0,04s Sys=0,00s Real=0,01s
[2023-11-08T18:56:45.085+0100][gc,marking    ] GC(919) Concurrent Rebuild Remembered Sets
[2023-11-08T18:56:45.107+0100][gc,marking    ] GC(919) Concurrent Rebuild Remembered Sets 21,614ms
[2023-11-08T18:56:45.107+0100][gc,start      ] GC(919) Pause Cleanup
[2023-11-08T18:56:45.107+0100][gc            ] GC(919) Pause Cleanup 253M->253M(1024M) 0,229ms
[2023-11-08T18:56:45.107+0100][gc,cpu        ] GC(919) User=0,00s Sys=0,00s Real=0,00s
[2023-11-08T18:56:45.107+0100][gc,marking    ] GC(919) Concurrent Cleanup for Next Mark
[2023-11-08T18:56:45.109+0100][gc,marking    ] GC(919) Concurrent Cleanup for Next Mark 1,781ms
[2023-11-08T18:56:45.109+0100][gc            ] GC(919) Concurrent Cycle 63,076ms
[2023-11-08T18:56:45.378+0100][gc,start      ] GC(920) Pause Young (Prepare Mixed) (G1 Evacuation Pause)
[2023-11-08T18:56:45.378+0100][gc,task       ] GC(920) Using 13 workers of 13 for evacuation
[2023-11-08T18:56:45.384+0100][gc,phases     ] GC(920)   Pre Evacuate Collection Set: 0,0ms
[2023-11-08T18:56:45.384+0100][gc,phases     ] GC(920)   Evacuate Collection Set: 5,0ms
[2023-11-08T18:56:45.384+0100][gc,phases     ] GC(920)   Post Evacuate Collection Set: 0,4ms
[2023-11-08T18:56:45.384+0100][gc,phases     ] GC(920)   Other: 0,2ms
[2023-11-08T18:56:45.384+0100][gc,heap       ] GC(920) Eden regions: 100->0(43)
[2023-11-08T18:56:45.384+0100][gc,heap       ] GC(920) Survivor regions: 11->8(14)
[2023-11-08T18:56:45.384+0100][gc,heap       ] GC(920) Old regions: 96->99
[2023-11-08T18:56:45.384+0100][gc,heap       ] GC(920) Humongous regions: 129->129
[2023-11-08T18:56:45.384+0100][gc,metaspace  ] GC(920) Metaspace: 48287K(52224K)->48287K(52224K) NonClass: 42312K(44544K)->42312K(44544K) Class: 5975K(7680K)->5975K(7680K)
[2023-11-08T18:56:45.384+0100][gc            ] GC(920) Pause Young (Prepare Mixed) (G1 Evacuation Pause) 333M->233M(1024M) 5,774ms
[2023-11-08T18:56:45.384+0100][gc,cpu        ] GC(920) User=0,06s Sys=0,01s Real=0,01s
[2023-11-08T18:56:45.506+0100][gc,start      ] GC(921) Pause Young (Mixed) (G1 Evacuation Pause)
[2023-11-08T18:56:45.506+0100][gc,task       ] GC(921) Using 13 workers of 13 for evacuation
[2023-11-08T18:56:45.509+0100][gc,phases     ] GC(921)   Pre Evacuate Collection Set: 0,0ms
[2023-11-08T18:56:45.509+0100][gc,phases     ] GC(921)   Evacuate Collection Set: 2,4ms
[2023-11-08T18:56:45.509+0100][gc,phases     ] GC(921)   Post Evacuate Collection Set: 0,4ms
[2023-11-08T18:56:45.509+0100][gc,phases     ] GC(921)   Other: 0,3ms
[2023-11-08T18:56:45.509+0100][gc,heap       ] GC(921) Eden regions: 43->0(604)
[2023-11-08T18:56:45.509+0100][gc,heap       ] GC(921) Survivor regions: 8->2(7)
[2023-11-08T18:56:45.509+0100][gc,heap       ] GC(921) Old regions: 99->98
[2023-11-08T18:56:45.509+0100][gc,heap       ] GC(921) Humongous regions: 129->129
[2023-11-08T18:56:45.509+0100][gc,metaspace  ] GC(921) Metaspace: 48287K(52224K)->48287K(52224K) NonClass: 42312K(44544K)->42312K(44544K) Class: 5975K(7680K)->5975K(7680K)
[2023-11-08T18:56:45.509+0100][gc            ] GC(921) Pause Young (Mixed) (G1 Evacuation Pause) 276M->227M(1024M) 3,213ms
[2023-11-08T18:56:45.509+0100][gc,cpu        ] GC(921) User=0,03s Sys=0,00s Real=0,00s
[2023-11-08T18:56:47.525+0100][gc,start      ] GC(922) Pause Young (Normal) (G1 Evacuation Pause)
[2023-11-08T18:56:47.525+0100][gc,task       ] GC(922) Using 13 workers of 13 for evacuation
[2023-11-08T18:56:47.529+0100][gc,phases     ] GC(922)   Pre Evacuate Collection Set: 0,0ms
[2023-11-08T18:56:47.529+0100][gc,phases     ] GC(922)   Evacuate Collection Set: 3,6ms
[2023-11-08T18:56:47.529+0100][gc,phases     ] GC(922)   Post Evacuate Collection Set: 0,6ms
[2023-11-08T18:56:47.529+0100][gc,phases     ] GC(922)   Other: 0,2ms
[2023-11-08T18:56:47.529+0100][gc,heap       ] GC(922) Eden regions: 604->0(533)
[2023-11-08T18:56:47.529+0100][gc,heap       ] GC(922) Survivor regions: 2->4(76)
[2023-11-08T18:56:47.529+0100][gc,heap       ] GC(922) Old regions: 98->98
[2023-11-08T18:56:47.529+0100][gc,heap       ] GC(922) Humongous regions: 129->129
[2023-11-08T18:56:47.529+0100][gc,metaspace  ] GC(922) Metaspace: 48287K(52224K)->48287K(52224K) NonClass: 42312K(44544K)->42312K(44544K) Class: 5975K(7680K)->5975K(7680K)
[2023-11-08T18:56:47.529+0100][gc            ] GC(922) Pause Young (Normal) (G1 Evacuation Pause) 831M->228M(1024M) 4,509ms
[2023-11-08T18:56:47.529+0100][gc,cpu        ] GC(922) User=0,04s Sys=0,00s Real=0,00s
[2023-11-08T18:56:49.280+0100][gc,start      ] GC(923) Pause Young (Normal) (G1 Evacuation Pause)
[2023-11-08T18:56:49.280+0100][gc,task       ] GC(923) Using 13 workers of 13 for evacuation
[2023-11-08T18:56:49.284+0100][gc,phases     ] GC(923)   Pre Evacuate Collection Set: 0,0ms
[2023-11-08T18:56:49.284+0100][gc,phases     ] GC(923)   Evacuate Collection Set: 3,2ms
[2023-11-08T18:56:49.284+0100][gc,phases     ] GC(923)   Post Evacuate Collection Set: 0,5ms
[2023-11-08T18:56:49.284+0100][gc,phases     ] GC(923)   Other: 0,2ms
[2023-11-08T18:56:49.284+0100][gc,heap       ] GC(923) Eden regions: 533->0(582)
[2023-11-08T18:56:49.284+0100][gc,heap       ] GC(923) Survivor regions: 4->5(68)
[2023-11-08T18:56:49.284+0100][gc,heap       ] GC(923) Old regions: 98->98
[2023-11-08T18:56:49.284+0100][gc,heap       ] GC(923) Humongous regions: 129->129
[2023-11-08T18:56:49.284+0100][gc,metaspace  ] GC(923) Metaspace: 48287K(52224K)->48287K(52224K) NonClass: 42312K(44544K)->42312K(44544K) Class: 5975K(7680K)->5975K(7680K)
[2023-11-08T18:56:49.284+0100][gc            ] GC(923) Pause Young (Normal) (G1 Evacuation Pause) 761M->230M(1024M) 4,033ms
[2023-11-08T18:56:49.284+0100][gc,cpu        ] GC(923) User=0,00s Sys=0,03s Real=0,01s
[2023-11-08T18:56:51.148+0100][gc,start      ] GC(924) Pause Young (Concurrent Start) (G1 Evacuation Pause)
[2023-11-08T18:56:51.148+0100][gc,task       ] GC(924) Using 13 workers of 13 for evacuation
[2023-11-08T18:56:51.153+0100][gc,phases     ] GC(924)   Pre Evacuate Collection Set: 0,2ms
[2023-11-08T18:56:51.153+0100][gc,phases     ] GC(924)   Evacuate Collection Set: 4,8ms
[2023-11-08T18:56:51.153+0100][gc,phases     ] GC(924)   Post Evacuate Collection Set: 0,6ms
[2023-11-08T18:56:51.154+0100][gc,phases     ] GC(924)   Other: 0,3ms
[2023-11-08T18:56:51.154+0100][gc,heap       ] GC(924) Eden regions: 582->0(607)
[2023-11-08T18:56:51.154+0100][gc,heap       ] GC(924) Survivor regions: 5->7(74)
[2023-11-08T18:56:51.154+0100][gc,heap       ] GC(924) Old regions: 98->98
[2023-11-08T18:56:51.154+0100][gc,heap       ] GC(924) Humongous regions: 129->129
[2023-11-08T18:56:51.154+0100][gc,metaspace  ] GC(924) Metaspace: 48287K(52224K)->48287K(52224K) NonClass: 42312K(44544K)->42312K(44544K) Class: 5975K(7680K)->5975K(7680K)
[2023-11-08T18:56:51.154+0100][gc            ] GC(924) Pause Young (Concurrent Start) (G1 Evacuation Pause) 812M->231M(1024M) 6,013ms
[2023-11-08T18:56:51.154+0100][gc,cpu        ] GC(924) User=0,04s Sys=0,01s Real=0,00s
[2023-11-08T18:56:51.154+0100][gc            ] GC(925) Concurrent Cycle
[2023-11-08T18:56:51.154+0100][gc,marking    ] GC(925) Concurrent Clear Claimed Marks
[2023-11-08T18:56:51.154+0100][gc,marking    ] GC(925) Concurrent Clear Claimed Marks 0,319ms
[2023-11-08T18:56:51.154+0100][gc,marking    ] GC(925) Concurrent Scan Root Regions
[2023-11-08T18:56:51.157+0100][gc,marking    ] GC(925) Concurrent Scan Root Regions 2,621ms
[2023-11-08T18:56:51.157+0100][gc,marking    ] GC(925) Concurrent Mark (6082,765s)
[2023-11-08T18:56:51.157+0100][gc,marking    ] GC(925) Concurrent Mark From Roots
[2023-11-08T18:56:51.157+0100][gc,task       ] GC(925) Using 3 workers of 3 for marking
[2023-11-08T18:56:51.177+0100][gc,marking    ] GC(925) Concurrent Mark From Roots 20,765ms
[2023-11-08T18:56:51.177+0100][gc,marking    ] GC(925) Concurrent Preclean
[2023-11-08T18:56:51.178+0100][gc,marking    ] GC(925) Concurrent Preclean 0,204ms
[2023-11-08T18:56:51.178+0100][gc,marking    ] GC(925) Concurrent Mark (6082,765s, 6082,786s) 21,024ms
[2023-11-08T18:56:51.178+0100][gc,start      ] GC(925) Pause Remark
[2023-11-08T18:56:51.181+0100][gc,stringtable] GC(925) Cleaned string and symbol table, strings: 18399 processed, 0 removed, symbols: 94795 processed, 0 removed
[2023-11-08T18:56:51.181+0100][gc            ] GC(925) Pause Remark 242M->240M(1024M) 3,470ms
[2023-11-08T18:56:51.181+0100][gc,cpu        ] GC(925) User=0,04s Sys=0,00s Real=0,00s
[2023-11-08T18:56:51.181+0100][gc,marking    ] GC(925) Concurrent Rebuild Remembered Sets
[2023-11-08T18:56:51.196+0100][gc,marking    ] GC(925) Concurrent Rebuild Remembered Sets 14,223ms
[2023-11-08T18:56:51.196+0100][gc,start      ] GC(925) Pause Cleanup
[2023-11-08T18:56:51.196+0100][gc            ] GC(925) Pause Cleanup 244M->244M(1024M) 0,228ms
[2023-11-08T18:56:51.196+0100][gc,cpu        ] GC(925) User=0,00s Sys=0,00s Real=0,00s
[2023-11-08T18:56:51.196+0100][gc,marking    ] GC(925) Concurrent Cleanup for Next Mark
[2023-11-08T18:56:51.198+0100][gc,marking    ] GC(925) Concurrent Cleanup for Next Mark 1,822ms
[2023-11-08T18:56:51.198+0100][gc            ] GC(925) Concurrent Cycle 44,368ms
[2023-11-08T18:56:51.382+0100][gc,start      ] GC(926) Pause Young (Prepare Mixed) (G1 Evacuation Pause)
[2023-11-08T18:56:51.382+0100][gc,task       ] GC(926) Using 13 workers of 13 for evacuation
[2023-11-08T18:56:51.386+0100][gc,phases     ] GC(926)   Pre Evacuate Collection Set: 0,0ms
[2023-11-08T18:56:51.386+0100][gc,phases     ] GC(926)   Evacuate Collection Set: 4,0ms
[2023-11-08T18:56:51.386+0100][gc,phases     ] GC(926)   Post Evacuate Collection Set: 0,4ms
[2023-11-08T18:56:51.386+0100][gc,phases     ] GC(926)   Other: 0,2ms
[2023-11-08T18:56:51.386+0100][gc,heap       ] GC(926) Eden regions: 68->0(45)
[2023-11-08T18:56:51.386+0100][gc,heap       ] GC(926) Survivor regions: 7->6(10)
[2023-11-08T18:56:51.386+0100][gc,heap       ] GC(926) Old regions: 96->97
[2023-11-08T18:56:51.386+0100][gc,heap       ] GC(926) Humongous regions: 129->129
[2023-11-08T18:56:51.386+0100][gc,metaspace  ] GC(926) Metaspace: 48287K(52224K)->48287K(52224K) NonClass: 42312K(44544K)->42312K(44544K) Class: 5975K(7680K)->5975K(7680K)
[2023-11-08T18:56:51.386+0100][gc            ] GC(926) Pause Young (Prepare Mixed) (G1 Evacuation Pause) 297M->229M(1024M) 4,677ms
[2023-11-08T18:56:51.386+0100][gc,cpu        ] GC(926) User=0,05s Sys=0,00s Real=0,01s
[2023-11-08T18:56:51.512+0100][gc,start      ] GC(927) Pause Young (Mixed) (G1 Evacuation Pause)
[2023-11-08T18:56:51.512+0100][gc,task       ] GC(927) Using 13 workers of 13 for evacuation
[2023-11-08T18:56:51.516+0100][gc,phases     ] GC(927)   Pre Evacuate Collection Set: 0,1ms
[2023-11-08T18:56:51.516+0100][gc,phases     ] GC(927)   Evacuate Collection Set: 2,9ms
[2023-11-08T18:56:51.516+0100][gc,phases     ] GC(927)   Post Evacuate Collection Set: 0,4ms
[2023-11-08T18:56:51.516+0100][gc,phases     ] GC(927)   Other: 0,2ms
[2023-11-08T18:56:51.516+0100][gc,heap       ] GC(927) Eden regions: 45->0(599)
[2023-11-08T18:56:51.516+0100][gc,heap       ] GC(927) Survivor regions: 6->4(7)
[2023-11-08T18:56:51.516+0100][gc,heap       ] GC(927) Old regions: 97->83
[2023-11-08T18:56:51.516+0100][gc,heap       ] GC(927) Humongous regions: 129->129
[2023-11-08T18:56:51.516+0100][gc,metaspace  ] GC(927) Metaspace: 48287K(52224K)->48287K(52224K) NonClass: 42312K(44544K)->42312K(44544K) Class: 5975K(7680K)->5975K(7680K)
[2023-11-08T18:56:51.516+0100][gc            ] GC(927) Pause Young (Mixed) (G1 Evacuation Pause) 274M->213M(1024M) 3,678ms
[2023-11-08T18:56:51.516+0100][gc,cpu        ] GC(927) User=0,03s Sys=0,00s Real=0,01s
[2023-11-08T18:56:53.625+0100][gc,start      ] GC(928) Pause Young (Normal) (G1 Evacuation Pause)
[2023-11-08T18:56:53.625+0100][gc,task       ] GC(928) Using 13 workers of 13 for evacuation
[2023-11-08T18:56:53.628+0100][gc,phases     ] GC(928)   Pre Evacuate Collection Set: 0,0ms
[2023-11-08T18:56:53.628+0100][gc,phases     ] GC(928)   Evacuate Collection Set: 2,5ms
[2023-11-08T18:56:53.628+0100][gc,phases     ] GC(928)   Post Evacuate Collection Set: 0,6ms
[2023-11-08T18:56:53.628+0100][gc,phases     ] GC(928)   Other: 0,3ms
[2023-11-08T18:56:53.628+0100][gc,heap       ] GC(928) Eden regions: 599->0(608)
[2023-11-08T18:56:53.628+0100][gc,heap       ] GC(928) Survivor regions: 4->6(76)
[2023-11-08T18:56:53.628+0100][gc,heap       ] GC(928) Old regions: 83->83
[2023-11-08T18:56:53.629+0100][gc,heap       ] GC(928) Humongous regions: 129->129
[2023-11-08T18:56:53.629+0100][gc,metaspace  ] GC(928) Metaspace: 48287K(52224K)->48287K(52224K) NonClass: 42312K(44544K)->42312K(44544K) Class: 5975K(7680K)->5975K(7680K)
[2023-11-08T18:56:53.629+0100][gc            ] GC(928) Pause Young (Normal) (G1 Evacuation Pause) 812M->215M(1024M) 3,631ms
[2023-11-08T18:56:53.629+0100][gc,cpu        ] GC(928) User=0,03s Sys=0,00s Real=0,00s
[2023-11-08T18:56:55.617+0100][gc,start      ] GC(929) Pause Young (Normal) (G1 Evacuation Pause)
[2023-11-08T18:56:55.617+0100][gc,task       ] GC(929) Using 13 workers of 13 for evacuation
[2023-11-08T18:56:55.624+0100][gc,phases     ] GC(929)   Pre Evacuate Collection Set: 0,0ms
[2023-11-08T18:56:55.624+0100][gc,phases     ] GC(929)   Evacuate Collection Set: 5,4ms
[2023-11-08T18:56:55.624+0100][gc,phases     ] GC(929)   Post Evacuate Collection Set: 0,7ms
[2023-11-08T18:56:55.624+0100][gc,phases     ] GC(929)   Other: 0,3ms
[2023-11-08T18:56:55.624+0100][gc,heap       ] GC(929) Eden regions: 608->0(606)
[2023-11-08T18:56:55.624+0100][gc,heap       ] GC(929) Survivor regions: 6->8(77)
[2023-11-08T18:56:55.624+0100][gc,heap       ] GC(929) Old regions: 83->83
[2023-11-08T18:56:55.624+0100][gc,heap       ] GC(929) Humongous regions: 129->129
[2023-11-08T18:56:55.624+0100][gc,metaspace  ] GC(929) Metaspace: 48287K(52224K)->48287K(52224K) NonClass: 42312K(44544K)->42312K(44544K) Class: 5975K(7680K)->5975K(7680K)
[2023-11-08T18:56:55.624+0100][gc            ] GC(929) Pause Young (Normal) (G1 Evacuation Pause) 823M->216M(1024M) 6,573ms
[2023-11-08T18:56:55.624+0100][gc,cpu        ] GC(929) User=0,07s Sys=0,00s Real=0,01s
[2023-11-08T18:56:57.578+0100][gc,start      ] GC(930) Pause Young (Concurrent Start) (G1 Evacuation Pause)
[2023-11-08T18:56:57.578+0100][gc,task       ] GC(930) Using 13 workers of 13 for evacuation
[2023-11-08T18:56:57.584+0100][gc,phases     ] GC(930)   Pre Evacuate Collection Set: 0,3ms
[2023-11-08T18:56:57.584+0100][gc,phases     ] GC(930)   Evacuate Collection Set: 4,4ms
[2023-11-08T18:56:57.584+0100][gc,phases     ] GC(930)   Post Evacuate Collection Set: 0,7ms
[2023-11-08T18:56:57.584+0100][gc,phases     ] GC(930)   Other: 0,4ms
[2023-11-08T18:56:57.584+0100][gc,heap       ] GC(930) Eden regions: 606->0(604)
[2023-11-08T18:56:57.584+0100][gc,heap       ] GC(930) Survivor regions: 8->10(77)
[2023-11-08T18:56:57.584+0100][gc,heap       ] GC(930) Old regions: 83->83
[2023-11-08T18:56:57.584+0100][gc,heap       ] GC(930) Humongous regions: 129->129
[2023-11-08T18:56:57.584+0100][gc,metaspace  ] GC(930) Metaspace: 48287K(52224K)->48287K(52224K) NonClass: 42312K(44544K)->42312K(44544K) Class: 5975K(7680K)->5975K(7680K)
[2023-11-08T18:56:57.584+0100][gc            ] GC(930) Pause Young (Concurrent Start) (G1 Evacuation Pause) 822M->219M(1024M) 5,922ms
[2023-11-08T18:56:57.584+0100][gc,cpu        ] GC(930) User=0,04s Sys=0,02s Real=0,01s
[2023-11-08T18:56:57.584+0100][gc            ] GC(931) Concurrent Cycle
[2023-11-08T18:56:57.584+0100][gc,marking    ] GC(931) Concurrent Clear Claimed Marks
[2023-11-08T18:56:57.584+0100][gc,marking    ] GC(931) Concurrent Clear Claimed Marks 0,378ms
[2023-11-08T18:56:57.584+0100][gc,marking    ] GC(931) Concurrent Scan Root Regions
[2023-11-08T18:56:57.588+0100][gc,marking    ] GC(931) Concurrent Scan Root Regions 3,769ms
[2023-11-08T18:56:57.588+0100][gc,marking    ] GC(931) Concurrent Mark (6089,197s)
[2023-11-08T18:56:57.588+0100][gc,marking    ] GC(931) Concurrent Mark From Roots
[2023-11-08T18:56:57.588+0100][gc,task       ] GC(931) Using 3 workers of 3 for marking
[2023-11-08T18:56:57.610+0100][gc,marking    ] GC(931) Concurrent Mark From Roots 21,694ms
[2023-11-08T18:56:57.610+0100][gc,marking    ] GC(931) Concurrent Preclean
[2023-11-08T18:56:57.610+0100][gc,marking    ] GC(931) Concurrent Preclean 0,246ms
[2023-11-08T18:56:57.610+0100][gc,marking    ] GC(931) Concurrent Mark (6089,197s, 6089,219s) 22,006ms
[2023-11-08T18:56:57.610+0100][gc,start      ] GC(931) Pause Remark
[2023-11-08T18:56:57.614+0100][gc,stringtable] GC(931) Cleaned string and symbol table, strings: 18399 processed, 0 removed, symbols: 94795 processed, 0 removed
[2023-11-08T18:56:57.614+0100][gc            ] GC(931) Pause Remark 229M->229M(1024M) 3,645ms
[2023-11-08T18:56:57.614+0100][gc,cpu        ] GC(931) User=0,04s Sys=0,00s Real=0,00s
[2023-11-08T18:56:57.614+0100][gc,marking    ] GC(931) Concurrent Rebuild Remembered Sets
[2023-11-08T18:56:57.628+0100][gc,marking    ] GC(931) Concurrent Rebuild Remembered Sets 14,168ms
[2023-11-08T18:56:57.628+0100][gc,start      ] GC(931) Pause Cleanup
[2023-11-08T18:56:57.629+0100][gc            ] GC(931) Pause Cleanup 232M->232M(1024M) 0,211ms
[2023-11-08T18:56:57.629+0100][gc,cpu        ] GC(931) User=0,00s Sys=0,00s Real=0,00s
[2023-11-08T18:56:57.629+0100][gc,marking    ] GC(931) Concurrent Cleanup for Next Mark
[2023-11-08T18:56:57.630+0100][gc,marking    ] GC(931) Concurrent Cleanup for Next Mark 1,222ms
[2023-11-08T18:56:57.630+0100][gc            ] GC(931) Concurrent Cycle 46,069ms
[2023-11-08T18:56:57.726+0100][gc,start      ] GC(932) Pause Young (Prepare Mixed) (G1 Evacuation Pause)
[2023-11-08T18:56:57.726+0100][gc,task       ] GC(932) Using 13 workers of 13 for evacuation
[2023-11-08T18:56:57.732+0100][gc,phases     ] GC(932)   Pre Evacuate Collection Set: 0,0ms
[2023-11-08T18:56:57.732+0100][gc,phases     ] GC(932)   Evacuate Collection Set: 5,2ms
[2023-11-08T18:56:57.732+0100][gc,phases     ] GC(932)   Post Evacuate Collection Set: 0,5ms
[2023-11-08T18:56:57.732+0100][gc,phases     ] GC(932)   Other: 0,3ms
[2023-11-08T18:56:57.732+0100][gc,heap       ] GC(932) Eden regions: 41->0(48)
[2023-11-08T18:56:57.732+0100][gc,heap       ] GC(932) Survivor regions: 10->3(7)
[2023-11-08T18:56:57.732+0100][gc,heap       ] GC(932) Old regions: 83->89
[2023-11-08T18:56:57.732+0100][gc,heap       ] GC(932) Humongous regions: 129->129
[2023-11-08T18:56:57.732+0100][gc,metaspace  ] GC(932) Metaspace: 48287K(52224K)->48287K(52224K) NonClass: 42312K(44544K)->42312K(44544K) Class: 5975K(7680K)->5975K(7680K)
[2023-11-08T18:56:57.732+0100][gc            ] GC(932) Pause Young (Prepare Mixed) (G1 Evacuation Pause) 260M->219M(1024M) 6,095ms
[2023-11-08T18:56:57.732+0100][gc,cpu        ] GC(932) User=0,06s Sys=0,00s Real=0,00s
[2023-11-08T18:56:57.883+0100][gc,start      ] GC(933) Pause Young (Mixed) (G1 Evacuation Pause)
[2023-11-08T18:56:57.883+0100][gc,task       ] GC(933) Using 13 workers of 13 for evacuation
[2023-11-08T18:56:57.887+0100][gc,phases     ] GC(933)   Pre Evacuate Collection Set: 0,0ms
[2023-11-08T18:56:57.887+0100][gc,phases     ] GC(933)   Evacuate Collection Set: 2,6ms
[2023-11-08T18:56:57.887+0100][gc,phases     ] GC(933)   Post Evacuate Collection Set: 0,6ms
[2023-11-08T18:56:57.887+0100][gc,phases     ] GC(933)   Other: 0,3ms
[2023-11-08T18:56:57.887+0100][gc,heap       ] GC(933) Eden regions: 48->0(611)
[2023-11-08T18:56:57.887+0100][gc,heap       ] GC(933) Survivor regions: 3->3(7)
[2023-11-08T18:56:57.887+0100][gc,heap       ] GC(933) Old regions: 89->89
[2023-11-08T18:56:57.887+0100][gc,heap       ] GC(933) Humongous regions: 129->129
[2023-11-08T18:56:57.887+0100][gc,metaspace  ] GC(933) Metaspace: 48287K(52224K)->48287K(52224K) NonClass: 42312K(44544K)->42312K(44544K) Class: 5975K(7680K)->5975K(7680K)
[2023-11-08T18:56:57.887+0100][gc            ] GC(933) Pause Young (Mixed) (G1 Evacuation Pause) 267M->218M(1024M) 3,796ms
[2023-11-08T18:56:57.887+0100][gc,cpu        ] GC(933) User=0,02s Sys=0,02s Real=0,00s
[2023-11-08T18:56:59.934+0100][gc,start      ] GC(934) Pause Young (Normal) (G1 Evacuation Pause)
[2023-11-08T18:56:59.934+0100][gc,task       ] GC(934) Using 13 workers of 13 for evacuation
[2023-11-08T18:56:59.939+0100][gc,phases     ] GC(934)   Pre Evacuate Collection Set: 0,0ms
[2023-11-08T18:56:59.939+0100][gc,phases     ] GC(934)   Evacuate Collection Set: 3,6ms
[2023-11-08T18:56:59.939+0100][gc,phases     ] GC(934)   Post Evacuate Collection Set: 0,7ms
[2023-11-08T18:56:59.939+0100][gc,phases     ] GC(934)   Other: 0,3ms
[2023-11-08T18:56:59.939+0100][gc,heap       ] GC(934) Eden regions: 611->0(47)
[2023-11-08T18:56:59.939+0100][gc,heap       ] GC(934) Survivor regions: 3->4(77)
[2023-11-08T18:56:59.939+0100][gc,heap       ] GC(934) Old regions: 89->89
[2023-11-08T18:56:59.939+0100][gc,heap       ] GC(934) Humongous regions: 129->129
[2023-11-08T18:56:59.939+0100][gc,metaspace  ] GC(934) Metaspace: 48287K(52224K)->48287K(52224K) NonClass: 42312K(44544K)->42312K(44544K) Class: 5975K(7680K)->5975K(7680K)
[2023-11-08T18:56:59.939+0100][gc            ] GC(934) Pause Young (Normal) (G1 Evacuation Pause) 829M->220M(1024M) 4,791ms
[2023-11-08T18:56:59.939+0100][gc,cpu        ] GC(934) User=0,03s Sys=0,00s Real=0,01s
[2023-11-08T18:57:00.094+0100][gc,start      ] GC(935) Pause Young (Normal) (G1 Evacuation Pause)
[2023-11-08T18:57:00.094+0100][gc,task       ] GC(935) Using 13 workers of 13 for evacuation
[2023-11-08T18:57:00.097+0100][gc,phases     ] GC(935)   Pre Evacuate Collection Set: 0,0ms
[2023-11-08T18:57:00.097+0100][gc,phases     ] GC(935)   Evacuate Collection Set: 2,1ms
[2023-11-08T18:57:00.097+0100][gc,phases     ] GC(935)   Post Evacuate Collection Set: 0,4ms
[2023-11-08T18:57:00.097+0100][gc,phases     ] GC(935)   Other: 0,2ms
[2023-11-08T18:57:00.097+0100][gc,heap       ] GC(935) Eden regions: 47->0(48)
[2023-11-08T18:57:00.097+0100][gc,heap       ] GC(935) Survivor regions: 4->3(7)
[2023-11-08T18:57:00.097+0100][gc,heap       ] GC(935) Old regions: 89->91
[2023-11-08T18:57:00.097+0100][gc,heap       ] GC(935) Humongous regions: 129->129
[2023-11-08T18:57:00.097+0100][gc,metaspace  ] GC(935) Metaspace: 48287K(52224K)->48287K(52224K) NonClass: 42312K(44544K)->42312K(44544K) Class: 5975K(7680K)->5975K(7680K)
[2023-11-08T18:57:00.097+0100][gc            ] GC(935) Pause Young (Normal) (G1 Evacuation Pause) 267M->220M(1024M) 2,827ms
[2023-11-08T18:57:00.097+0100][gc,cpu        ] GC(935) User=0,03s Sys=0,00s Real=0,01s
[2023-11-08T18:57:00.249+0100][gc,start      ] GC(936) Pause Young (Normal) (G1 Evacuation Pause)
[2023-11-08T18:57:00.249+0100][gc,task       ] GC(936) Using 13 workers of 13 for evacuation
[2023-11-08T18:57:00.252+0100][gc,phases     ] GC(936)   Pre Evacuate Collection Set: 0,0ms
[2023-11-08T18:57:00.252+0100][gc,phases     ] GC(936)   Evacuate Collection Set: 2,1ms
[2023-11-08T18:57:00.252+0100][gc,phases     ] GC(936)   Post Evacuate Collection Set: 0,5ms
[2023-11-08T18:57:00.252+0100][gc,phases     ] GC(936)   Other: 0,2ms
[2023-11-08T18:57:00.252+0100][gc,heap       ] GC(936) Eden regions: 48->0(134)
[2023-11-08T18:57:00.252+0100][gc,heap       ] GC(936) Survivor regions: 3->3(7)
[2023-11-08T18:57:00.252+0100][gc,heap       ] GC(936) Old regions: 91->91
[2023-11-08T18:57:00.252+0100][gc,heap       ] GC(936) Humongous regions: 129->129
[2023-11-08T18:57:00.252+0100][gc,metaspace  ] GC(936) Metaspace: 48287K(52224K)->48287K(52224K) NonClass: 42312K(44544K)->42312K(44544K) Class: 5975K(7680K)->5975K(7680K)
[2023-11-08T18:57:00.252+0100][gc            ] GC(936) Pause Young (Normal) (G1 Evacuation Pause) 268M->220M(1024M) 2,980ms
[2023-11-08T18:57:00.252+0100][gc,cpu        ] GC(936) User=0,02s Sys=0,00s Real=0,00s
[2023-11-08T18:57:00.677+0100][gc,start      ] GC(937) Pause Young (Normal) (G1 Evacuation Pause)
[2023-11-08T18:57:00.677+0100][gc,task       ] GC(937) Using 13 workers of 13 for evacuation
[2023-11-08T18:57:00.678+0100][gc,phases     ] GC(937)   Pre Evacuate Collection Set: 0,0ms
[2023-11-08T18:57:00.678+0100][gc,phases     ] GC(937)   Evacuate Collection Set: 1,2ms
[2023-11-08T18:57:00.678+0100][gc,phases     ] GC(937)   Post Evacuate Collection Set: 0,4ms
[2023-11-08T18:57:00.678+0100][gc,phases     ] GC(937)   Other: 0,2ms
[2023-11-08T18:57:00.678+0100][gc,heap       ] GC(937) Eden regions: 134->0(214)
[2023-11-08T18:57:00.678+0100][gc,heap       ] GC(937) Survivor regions: 3->3(18)
[2023-11-08T18:57:00.678+0100][gc,heap       ] GC(937) Old regions: 91->91
[2023-11-08T18:57:00.678+0100][gc,heap       ] GC(937) Humongous regions: 129->129
[2023-11-08T18:57:00.678+0100][gc,metaspace  ] GC(937) Metaspace: 48287K(52224K)->48287K(52224K) NonClass: 42312K(44544K)->42312K(44544K) Class: 5975K(7680K)->5975K(7680K)
[2023-11-08T18:57:00.678+0100][gc            ] GC(937) Pause Young (Normal) (G1 Evacuation Pause) 354M->221M(1024M) 1,869ms
[2023-11-08T18:57:00.678+0100][gc,cpu        ] GC(937) User=0,00s Sys=0,01s Real=0,00s
[2023-11-08T18:57:01.354+0100][gc,start      ] GC(938) Pause Young (Normal) (G1 Evacuation Pause)
[2023-11-08T18:57:01.354+0100][gc,task       ] GC(938) Using 13 workers of 13 for evacuation
[2023-11-08T18:57:01.357+0100][gc,phases     ] GC(938)   Pre Evacuate Collection Set: 0,0ms
[2023-11-08T18:57:01.357+0100][gc,phases     ] GC(938)   Evacuate Collection Set: 2,2ms
[2023-11-08T18:57:01.357+0100][gc,phases     ] GC(938)   Post Evacuate Collection Set: 0,5ms
[2023-11-08T18:57:01.357+0100][gc,phases     ] GC(938)   Other: 0,2ms
[2023-11-08T18:57:01.357+0100][gc,heap       ] GC(938) Eden regions: 214->0(273)
[2023-11-08T18:57:01.357+0100][gc,heap       ] GC(938) Survivor regions: 3->4(28)
[2023-11-08T18:57:01.357+0100][gc,heap       ] GC(938) Old regions: 91->91
[2023-11-08T18:57:01.357+0100][gc,heap       ] GC(938) Humongous regions: 129->129
[2023-11-08T18:57:01.357+0100][gc,metaspace  ] GC(938) Metaspace: 48287K(52224K)->48287K(52224K) NonClass: 42312K(44544K)->42312K(44544K) Class: 5975K(7680K)->5975K(7680K)
[2023-11-08T18:57:01.357+0100][gc            ] GC(938) Pause Young (Normal) (G1 Evacuation Pause) 435M->221M(1024M) 3,128ms
[2023-11-08T18:57:01.357+0100][gc,cpu        ] GC(938) User=0,03s Sys=0,00s Real=0,01s
[2023-11-08T18:57:02.232+0100][gc,start      ] GC(939) Pause Young (Normal) (G1 Evacuation Pause)
[2023-11-08T18:57:02.232+0100][gc,task       ] GC(939) Using 13 workers of 13 for evacuation
[2023-11-08T18:57:02.235+0100][gc,phases     ] GC(939)   Pre Evacuate Collection Set: 0,0ms
[2023-11-08T18:57:02.235+0100][gc,phases     ] GC(939)   Evacuate Collection Set: 2,2ms
[2023-11-08T18:57:02.235+0100][gc,phases     ] GC(939)   Post Evacuate Collection Set: 0,6ms
[2023-11-08T18:57:02.235+0100][gc,phases     ] GC(939)   Other: 0,3ms
[2023-11-08T18:57:02.235+0100][gc,heap       ] GC(939) Eden regions: 273->0(304)
[2023-11-08T18:57:02.235+0100][gc,heap       ] GC(939) Survivor regions: 4->4(35)
[2023-11-08T18:57:02.235+0100][gc,heap       ] GC(939) Old regions: 91->91
[2023-11-08T18:57:02.235+0100][gc,heap       ] GC(939) Humongous regions: 129->129
[2023-11-08T18:57:02.235+0100][gc,metaspace  ] GC(939) Metaspace: 48287K(52224K)->48287K(52224K) NonClass: 42312K(44544K)->42312K(44544K) Class: 5975K(7680K)->5975K(7680K)
[2023-11-08T18:57:02.235+0100][gc            ] GC(939) Pause Young (Normal) (G1 Evacuation Pause) 494M->222M(1024M) 3,300ms
[2023-11-08T18:57:02.235+0100][gc,cpu        ] GC(939) User=0,01s Sys=0,02s Real=0,01s
[2023-11-08T18:57:03.248+0100][gc,start      ] GC(940) Pause Young (Normal) (G1 Evacuation Pause)
[2023-11-08T18:57:03.248+0100][gc,task       ] GC(940) Using 13 workers of 13 for evacuation
[2023-11-08T18:57:03.251+0100][gc,phases     ] GC(940)   Pre Evacuate Collection Set: 0,0ms
[2023-11-08T18:57:03.251+0100][gc,phases     ] GC(940)   Evacuate Collection Set: 2,3ms
[2023-11-08T18:57:03.251+0100][gc,phases     ] GC(940)   Post Evacuate Collection Set: 0,6ms
[2023-11-08T18:57:03.251+0100][gc,phases     ] GC(940)   Other: 0,2ms
[2023-11-08T18:57:03.251+0100][gc,heap       ] GC(940) Eden regions: 304->0(344)
[2023-11-08T18:57:03.251+0100][gc,heap       ] GC(940) Survivor regions: 4->5(39)
[2023-11-08T18:57:03.251+0100][gc,heap       ] GC(940) Old regions: 91->91
[2023-11-08T18:57:03.251+0100][gc,heap       ] GC(940) Humongous regions: 129->129
[2023-11-08T18:57:03.251+0100][gc,metaspace  ] GC(940) Metaspace: 48287K(52224K)->48287K(52224K) NonClass: 42312K(44544K)->42312K(44544K) Class: 5975K(7680K)->5975K(7680K)
[2023-11-08T18:57:03.251+0100][gc            ] GC(940) Pause Young (Normal) (G1 Evacuation Pause) 526M->223M(1024M) 3,358ms
[2023-11-08T18:57:03.251+0100][gc,cpu        ] GC(940) User=0,02s Sys=0,01s Real=0,00s
[2023-11-08T18:57:04.460+0100][gc,start      ] GC(941) Pause Young (Normal) (G1 Evacuation Pause)
[2023-11-08T18:57:04.460+0100][gc,task       ] GC(941) Using 13 workers of 13 for evacuation
[2023-11-08T18:57:04.464+0100][gc,phases     ] GC(941)   Pre Evacuate Collection Set: 0,0ms
[2023-11-08T18:57:04.464+0100][gc,phases     ] GC(941)   Evacuate Collection Set: 3,1ms
[2023-11-08T18:57:04.464+0100][gc,phases     ] GC(941)   Post Evacuate Collection Set: 0,6ms
[2023-11-08T18:57:04.464+0100][gc,phases     ] GC(941)   Other: 0,2ms
[2023-11-08T18:57:04.464+0100][gc,heap       ] GC(941) Eden regions: 344->0(370)
[2023-11-08T18:57:04.464+0100][gc,heap       ] GC(941) Survivor regions: 5->6(44)
[2023-11-08T18:57:04.464+0100][gc,heap       ] GC(941) Old regions: 91->91
[2023-11-08T18:57:04.464+0100][gc,heap       ] GC(941) Humongous regions: 129->129
[2023-11-08T18:57:04.464+0100][gc,metaspace  ] GC(941) Metaspace: 48287K(52224K)->48287K(52224K) NonClass: 42312K(44544K)->42312K(44544K) Class: 5975K(7680K)->5975K(7680K)
[2023-11-08T18:57:04.464+0100][gc            ] GC(941) Pause Young (Normal) (G1 Evacuation Pause) 567M->224M(1024M) 4,046ms
[2023-11-08T18:57:04.464+0100][gc,cpu        ] GC(941) User=0,00s Sys=0,03s Real=0,01s
[2023-11-08T18:57:05.777+0100][gc,start      ] GC(942) Pause Young (Normal) (G1 Evacuation Pause)
[2023-11-08T18:57:05.777+0100][gc,task       ] GC(942) Using 13 workers of 13 for evacuation
[2023-11-08T18:57:05.780+0100][gc,phases     ] GC(942)   Pre Evacuate Collection Set: 0,0ms
[2023-11-08T18:57:05.780+0100][gc,phases     ] GC(942)   Evacuate Collection Set: 3,0ms
[2023-11-08T18:57:05.780+0100][gc,phases     ] GC(942)   Post Evacuate Collection Set: 0,5ms
[2023-11-08T18:57:05.780+0100][gc,phases     ] GC(942)   Other: 0,2ms
[2023-11-08T18:57:05.780+0100][gc,heap       ] GC(942) Eden regions: 370->0(404)
[2023-11-08T18:57:05.780+0100][gc,heap       ] GC(942) Survivor regions: 6->8(47)
[2023-11-08T18:57:05.780+0100][gc,heap       ] GC(942) Old regions: 91->91
[2023-11-08T18:57:05.780+0100][gc,heap       ] GC(942) Humongous regions: 129->129
[2023-11-08T18:57:05.780+0100][gc,metaspace  ] GC(942) Metaspace: 48287K(52224K)->48287K(52224K) NonClass: 42312K(44544K)->42312K(44544K) Class: 5975K(7680K)->5975K(7680K)
[2023-11-08T18:57:05.780+0100][gc            ] GC(942) Pause Young (Normal) (G1 Evacuation Pause) 594M->225M(1024M) 3,835ms
[2023-11-08T18:57:05.780+0100][gc,cpu        ] GC(942) User=0,04s Sys=0,00s Real=0,00s
[2023-11-08T18:57:07.140+0100][gc,start      ] GC(943) Pause Young (Normal) (G1 Evacuation Pause)
[2023-11-08T18:57:07.140+0100][gc,task       ] GC(943) Using 13 workers of 13 for evacuation
[2023-11-08T18:57:07.144+0100][gc,phases     ] GC(943)   Pre Evacuate Collection Set: 0,0ms
[2023-11-08T18:57:07.144+0100][gc,phases     ] GC(943)   Evacuate Collection Set: 3,2ms
[2023-11-08T18:57:07.144+0100][gc,phases     ] GC(943)   Post Evacuate Collection Set: 0,5ms
[2023-11-08T18:57:07.144+0100][gc,phases     ] GC(943)   Other: 0,3ms
[2023-11-08T18:57:07.144+0100][gc,heap       ] GC(943) Eden regions: 404->0(448)
[2023-11-08T18:57:07.144+0100][gc,heap       ] GC(943) Survivor regions: 8->9(52)
[2023-11-08T18:57:07.144+0100][gc,heap       ] GC(943) Old regions: 91->91
[2023-11-08T18:57:07.144+0100][gc,heap       ] GC(943) Humongous regions: 129->129
[2023-11-08T18:57:07.144+0100][gc,metaspace  ] GC(943) Metaspace: 48287K(52224K)->48287K(52224K) NonClass: 42312K(44544K)->42312K(44544K) Class: 5975K(7680K)->5975K(7680K)
[2023-11-08T18:57:07.144+0100][gc            ] GC(943) Pause Young (Normal) (G1 Evacuation Pause) 629M->226M(1024M) 4,143ms
[2023-11-08T18:57:07.144+0100][gc,cpu        ] GC(943) User=0,04s Sys=0,00s Real=0,01s
[2023-11-08T18:57:08.598+0100][gc,start      ] GC(944) Pause Young (Normal) (G1 Evacuation Pause)
[2023-11-08T18:57:08.598+0100][gc,task       ] GC(944) Using 13 workers of 13 for evacuation
[2023-11-08T18:57:08.604+0100][gc,phases     ] GC(944)   Pre Evacuate Collection Set: 0,0ms
[2023-11-08T18:57:08.604+0100][gc,phases     ] GC(944)   Evacuate Collection Set: 4,9ms
[2023-11-08T18:57:08.604+0100][gc,phases     ] GC(944)   Post Evacuate Collection Set: 0,5ms
[2023-11-08T18:57:08.604+0100][gc,phases     ] GC(944)   Other: 0,3ms
[2023-11-08T18:57:08.604+0100][gc,heap       ] GC(944) Eden regions: 448->0(482)
[2023-11-08T18:57:08.604+0100][gc,heap       ] GC(944) Survivor regions: 9->10(58)
[2023-11-08T18:57:08.604+0100][gc,heap       ] GC(944) Old regions: 91->91
[2023-11-08T18:57:08.604+0100][gc,heap       ] GC(944) Humongous regions: 129->129
[2023-11-08T18:57:08.604+0100][gc,metaspace  ] GC(944) Metaspace: 48287K(52224K)->48287K(52224K) NonClass: 42312K(44544K)->42312K(44544K) Class: 5975K(7680K)->5975K(7680K)
[2023-11-08T18:57:08.604+0100][gc            ] GC(944) Pause Young (Normal) (G1 Evacuation Pause) 674M->228M(1024M) 5,763ms
[2023-11-08T18:57:08.604+0100][gc,cpu        ] GC(944) User=0,05s Sys=0,00s Real=0,01s
[2023-11-08T18:57:10.194+0100][gc,start      ] GC(945) Pause Young (Normal) (G1 Evacuation Pause)
[2023-11-08T18:57:10.194+0100][gc,task       ] GC(945) Using 13 workers of 13 for evacuation
[2023-11-08T18:57:10.200+0100][gc,phases     ] GC(945)   Pre Evacuate Collection Set: 0,0ms
[2023-11-08T18:57:10.200+0100][gc,phases     ] GC(945)   Evacuate Collection Set: 4,8ms
[2023-11-08T18:57:10.200+0100][gc,phases     ] GC(945)   Post Evacuate Collection Set: 0,7ms
[2023-11-08T18:57:10.200+0100][gc,phases     ] GC(945)   Other: 0,3ms
[2023-11-08T18:57:10.200+0100][gc,heap       ] GC(945) Eden regions: 482->0(521)
[2023-11-08T18:57:10.200+0100][gc,heap       ] GC(945) Survivor regions: 10->12(62)
[2023-11-08T18:57:10.200+0100][gc,heap       ] GC(945) Old regions: 91->91
[2023-11-08T18:57:10.200+0100][gc,heap       ] GC(945) Humongous regions: 129->129
[2023-11-08T18:57:10.200+0100][gc,metaspace  ] GC(945) Metaspace: 48287K(52224K)->48287K(52224K) NonClass: 42312K(44544K)->42312K(44544K) Class: 5975K(7680K)->5975K(7680K)
[2023-11-08T18:57:10.200+0100][gc            ] GC(945) Pause Young (Normal) (G1 Evacuation Pause) 710M->230M(1024M) 5,996ms
[2023-11-08T18:57:10.200+0100][gc,cpu        ] GC(945) User=0,06s Sys=0,00s Real=0,01s
[2023-11-08T18:57:12.036+0100][gc,start      ] GC(946) Pause Young (Concurrent Start) (G1 Evacuation Pause)
[2023-11-08T18:57:12.036+0100][gc,task       ] GC(946) Using 13 workers of 13 for evacuation
[2023-11-08T18:57:12.044+0100][gc,phases     ] GC(946)   Pre Evacuate Collection Set: 0,2ms
[2023-11-08T18:57:12.044+0100][gc,phases     ] GC(946)   Evacuate Collection Set: 6,3ms
[2023-11-08T18:57:12.044+0100][gc,phases     ] GC(946)   Post Evacuate Collection Set: 0,7ms
[2023-11-08T18:57:12.044+0100][gc,phases     ] GC(946)   Other: 0,3ms
[2023-11-08T18:57:12.044+0100][gc,heap       ] GC(946) Eden regions: 521->0(526)
[2023-11-08T18:57:12.044+0100][gc,heap       ] GC(946) Survivor regions: 12->13(67)
[2023-11-08T18:57:12.044+0100][gc,heap       ] GC(946) Old regions: 91->91
[2023-11-08T18:57:12.044+0100][gc,heap       ] GC(946) Humongous regions: 129->129
[2023-11-08T18:57:12.044+0100][gc,metaspace  ] GC(946) Metaspace: 48287K(52224K)->48287K(52224K) NonClass: 42312K(44544K)->42312K(44544K) Class: 5975K(7680K)->5975K(7680K)
[2023-11-08T18:57:12.044+0100][gc            ] GC(946) Pause Young (Concurrent Start) (G1 Evacuation Pause) 751M->231M(1024M) 7,738ms
[2023-11-08T18:57:12.044+0100][gc,cpu        ] GC(946) User=0,08s Sys=0,01s Real=0,01s
[2023-11-08T18:57:12.044+0100][gc            ] GC(947) Concurrent Cycle
[2023-11-08T18:57:12.044+0100][gc,marking    ] GC(947) Concurrent Clear Claimed Marks
[2023-11-08T18:57:12.044+0100][gc,marking    ] GC(947) Concurrent Clear Claimed Marks 0,370ms
[2023-11-08T18:57:12.044+0100][gc,marking    ] GC(947) Concurrent Scan Root Regions
[2023-11-08T18:57:12.048+0100][gc,marking    ] GC(947) Concurrent Scan Root Regions 4,141ms
[2023-11-08T18:57:12.048+0100][gc,marking    ] GC(947) Concurrent Mark (6103,657s)
[2023-11-08T18:57:12.048+0100][gc,marking    ] GC(947) Concurrent Mark From Roots
[2023-11-08T18:57:12.048+0100][gc,task       ] GC(947) Using 3 workers of 3 for marking
[2023-11-08T18:57:12.076+0100][gc,marking    ] GC(947) Concurrent Mark From Roots 27,037ms
[2023-11-08T18:57:12.076+0100][gc,marking    ] GC(947) Concurrent Preclean
[2023-11-08T18:57:12.076+0100][gc,marking    ] GC(947) Concurrent Preclean 0,221ms
[2023-11-08T18:57:12.076+0100][gc,marking    ] GC(947) Concurrent Mark (6103,657s, 6103,684s) 27,326ms
[2023-11-08T18:57:12.076+0100][gc,start      ] GC(947) Pause Remark
[2023-11-08T18:57:12.079+0100][gc,stringtable] GC(947) Cleaned string and symbol table, strings: 18399 processed, 0 removed, symbols: 94795 processed, 0 removed
[2023-11-08T18:57:12.079+0100][gc            ] GC(947) Pause Remark 241M->241M(1024M) 3,133ms
[2023-11-08T18:57:12.079+0100][gc,cpu        ] GC(947) User=0,03s Sys=0,00s Real=0,00s
[2023-11-08T18:57:12.079+0100][gc,marking    ] GC(947) Concurrent Rebuild Remembered Sets
[2023-11-08T18:57:12.098+0100][gc,marking    ] GC(947) Concurrent Rebuild Remembered Sets 18,957ms
[2023-11-08T18:57:12.098+0100][gc,start      ] GC(947) Pause Cleanup
[2023-11-08T18:57:12.098+0100][gc            ] GC(947) Pause Cleanup 248M->248M(1024M) 0,178ms
[2023-11-08T18:57:12.098+0100][gc,cpu        ] GC(947) User=0,00s Sys=0,00s Real=0,00s
[2023-11-08T18:57:12.099+0100][gc,marking    ] GC(947) Concurrent Cleanup for Next Mark
[2023-11-08T18:57:12.100+0100][gc,marking    ] GC(947) Concurrent Cleanup for Next Mark 1,961ms
[2023-11-08T18:57:12.101+0100][gc            ] GC(947) Concurrent Cycle 56,735ms
[2023-11-08T18:57:12.167+0100][gc,start      ] GC(948) Pause Young (Prepare Mixed) (G1 Evacuation Pause)
[2023-11-08T18:57:12.167+0100][gc,task       ] GC(948) Using 13 workers of 13 for evacuation
[2023-11-08T18:57:12.174+0100][gc,phases     ] GC(948)   Pre Evacuate Collection Set: 0,0ms
[2023-11-08T18:57:12.174+0100][gc,phases     ] GC(948)   Evacuate Collection Set: 6,5ms
[2023-11-08T18:57:12.174+0100][gc,phases     ] GC(948)   Post Evacuate Collection Set: 0,5ms
[2023-11-08T18:57:12.174+0100][gc,phases     ] GC(948)   Other: 0,3ms
[2023-11-08T18:57:12.174+0100][gc,heap       ] GC(948) Eden regions: 38->0(47)
[2023-11-08T18:57:12.174+0100][gc,heap       ] GC(948) Survivor regions: 13->4(7)
[2023-11-08T18:57:12.174+0100][gc,heap       ] GC(948) Old regions: 91->100
[2023-11-08T18:57:12.174+0100][gc,heap       ] GC(948) Humongous regions: 129->129
[2023-11-08T18:57:12.174+0100][gc,metaspace  ] GC(948) Metaspace: 48287K(52224K)->48287K(52224K) NonClass: 42312K(44544K)->42312K(44544K) Class: 5975K(7680K)->5975K(7680K)
[2023-11-08T18:57:12.174+0100][gc            ] GC(948) Pause Young (Prepare Mixed) (G1 Evacuation Pause) 269M->231M(1024M) 7,562ms
[2023-11-08T18:57:12.174+0100][gc,cpu        ] GC(948) User=0,06s Sys=0,02s Real=0,00s
[2023-11-08T18:57:12.326+0100][gc,start      ] GC(949) Pause Young (Mixed) (G1 Evacuation Pause)
[2023-11-08T18:57:12.326+0100][gc,task       ] GC(949) Using 13 workers of 13 for evacuation
[2023-11-08T18:57:12.331+0100][gc,phases     ] GC(949)   Pre Evacuate Collection Set: 0,0ms
[2023-11-08T18:57:12.331+0100][gc,phases     ] GC(949)   Evacuate Collection Set: 4,4ms
[2023-11-08T18:57:12.331+0100][gc,phases     ] GC(949)   Post Evacuate Collection Set: 0,5ms
[2023-11-08T18:57:12.331+0100][gc,phases     ] GC(949)   Other: 0,3ms
[2023-11-08T18:57:12.331+0100][gc,heap       ] GC(949) Eden regions: 47->0(282)
[2023-11-08T18:57:12.331+0100][gc,heap       ] GC(949) Survivor regions: 4->4(7)
[2023-11-08T18:57:12.331+0100][gc,heap       ] GC(949) Old regions: 100->100
[2023-11-08T18:57:12.331+0100][gc,heap       ] GC(949) Humongous regions: 129->129
[2023-11-08T18:57:12.331+0100][gc,metaspace  ] GC(949) Metaspace: 48287K(52224K)->48287K(52224K) NonClass: 42312K(44544K)->42312K(44544K) Class: 5975K(7680K)->5975K(7680K)
[2023-11-08T18:57:12.332+0100][gc            ] GC(949) Pause Young (Mixed) (G1 Evacuation Pause) 278M->231M(1024M) 5,418ms
[2023-11-08T18:57:12.332+0100][gc,cpu        ] GC(949) User=0,04s Sys=0,00s Real=0,00s
[2023-11-08T18:57:13.276+0100][gc,start      ] GC(950) Pause Young (Normal) (G1 Evacuation Pause)
[2023-11-08T18:57:13.276+0100][gc,task       ] GC(950) Using 13 workers of 13 for evacuation
[2023-11-08T18:57:13.280+0100][gc,phases     ] GC(950)   Pre Evacuate Collection Set: 0,0ms
[2023-11-08T18:57:13.280+0100][gc,phases     ] GC(950)   Evacuate Collection Set: 2,9ms
[2023-11-08T18:57:13.280+0100][gc,phases     ] GC(950)   Post Evacuate Collection Set: 0,6ms
[2023-11-08T18:57:13.280+0100][gc,phases     ] GC(950)   Other: 0,2ms
[2023-11-08T18:57:13.280+0100][gc,heap       ] GC(950) Eden regions: 282->0(46)
[2023-11-08T18:57:13.280+0100][gc,heap       ] GC(950) Survivor regions: 4->5(36)
[2023-11-08T18:57:13.280+0100][gc,heap       ] GC(950) Old regions: 100->100
[2023-11-08T18:57:13.280+0100][gc,heap       ] GC(950) Humongous regions: 129->129
[2023-11-08T18:57:13.280+0100][gc,metaspace  ] GC(950) Metaspace: 48287K(52224K)->48287K(52224K) NonClass: 42312K(44544K)->42312K(44544K) Class: 5975K(7680K)->5975K(7680K)
[2023-11-08T18:57:13.280+0100][gc            ] GC(950) Pause Young (Normal) (G1 Evacuation Pause) 513M->231M(1024M) 3,841ms
[2023-11-08T18:57:13.280+0100][gc,cpu        ] GC(950) User=0,04s Sys=0,00s Real=0,00s
[2023-11-08T18:57:13.432+0100][gc,start      ] GC(951) Pause Young (Normal) (G1 Evacuation Pause)
[2023-11-08T18:57:13.432+0100][gc,task       ] GC(951) Using 13 workers of 13 for evacuation
[2023-11-08T18:57:13.435+0100][gc,phases     ] GC(951)   Pre Evacuate Collection Set: 0,0ms
[2023-11-08T18:57:13.435+0100][gc,phases     ] GC(951)   Evacuate Collection Set: 2,7ms
[2023-11-08T18:57:13.435+0100][gc,phases     ] GC(951)   Post Evacuate Collection Set: 0,4ms
[2023-11-08T18:57:13.435+0100][gc,phases     ] GC(951)   Other: 0,2ms
[2023-11-08T18:57:13.435+0100][gc,heap       ] GC(951) Eden regions: 46->0(292)
[2023-11-08T18:57:13.435+0100][gc,heap       ] GC(951) Survivor regions: 5->3(7)
[2023-11-08T18:57:13.435+0100][gc,heap       ] GC(951) Old regions: 100->102
[2023-11-08T18:57:13.435+0100][gc,heap       ] GC(951) Humongous regions: 129->129
[2023-11-08T18:57:13.435+0100][gc,metaspace  ] GC(951) Metaspace: 48287K(52224K)->48287K(52224K) NonClass: 42312K(44544K)->42312K(44544K) Class: 5975K(7680K)->5975K(7680K)
[2023-11-08T18:57:13.436+0100][gc            ] GC(951) Pause Young (Normal) (G1 Evacuation Pause) 277M->232M(1024M) 3,418ms
[2023-11-08T18:57:13.436+0100][gc,cpu        ] GC(951) User=0,03s Sys=0,00s Real=0,01s
[2023-11-08T18:57:14.362+0100][gc,start      ] GC(952) Pause Young (Normal) (G1 Evacuation Pause)
[2023-11-08T18:57:14.362+0100][gc,task       ] GC(952) Using 13 workers of 13 for evacuation
[2023-11-08T18:57:14.365+0100][gc,phases     ] GC(952)   Pre Evacuate Collection Set: 0,0ms
[2023-11-08T18:57:14.365+0100][gc,phases     ] GC(952)   Evacuate Collection Set: 1,8ms
[2023-11-08T18:57:14.365+0100][gc,phases     ] GC(952)   Post Evacuate Collection Set: 0,7ms
[2023-11-08T18:57:14.365+0100][gc,phases     ] GC(952)   Other: 0,2ms
[2023-11-08T18:57:14.365+0100][gc,heap       ] GC(952) Eden regions: 292->0(327)
[2023-11-08T18:57:14.365+0100][gc,heap       ] GC(952) Survivor regions: 3->4(37)
[2023-11-08T18:57:14.365+0100][gc,heap       ] GC(952) Old regions: 102->102
[2023-11-08T18:57:14.365+0100][gc,heap       ] GC(952) Humongous regions: 129->129
[2023-11-08T18:57:14.365+0100][gc,metaspace  ] GC(952) Metaspace: 48287K(52224K)->48287K(52224K) NonClass: 42312K(44544K)->42312K(44544K) Class: 5975K(7680K)->5975K(7680K)
[2023-11-08T18:57:14.365+0100][gc            ] GC(952) Pause Young (Normal) (G1 Evacuation Pause) 524M->232M(1024M) 2,877ms
[2023-11-08T18:57:14.365+0100][gc,cpu        ] GC(952) User=0,03s Sys=0,00s Real=0,01s
[2023-11-08T18:57:15.451+0100][gc,start      ] GC(953) Pause Young (Normal) (G1 Evacuation Pause)
[2023-11-08T18:57:15.451+0100][gc,task       ] GC(953) Using 13 workers of 13 for evacuation
[2023-11-08T18:57:15.454+0100][gc,phases     ] GC(953)   Pre Evacuate Collection Set: 0,0ms
[2023-11-08T18:57:15.454+0100][gc,phases     ] GC(953)   Evacuate Collection Set: 2,2ms
[2023-11-08T18:57:15.454+0100][gc,phases     ] GC(953)   Post Evacuate Collection Set: 0,6ms
[2023-11-08T18:57:15.454+0100][gc,phases     ] GC(953)   Other: 0,2ms
[2023-11-08T18:57:15.454+0100][gc,heap       ] GC(953) Eden regions: 327->0(373)
[2023-11-08T18:57:15.454+0100][gc,heap       ] GC(953) Survivor regions: 4->5(42)
[2023-11-08T18:57:15.454+0100][gc,heap       ] GC(953) Old regions: 102->102
[2023-11-08T18:57:15.454+0100][gc,heap       ] GC(953) Humongous regions: 129->129
[2023-11-08T18:57:15.454+0100][gc,metaspace  ] GC(953) Metaspace: 48287K(52224K)->48287K(52224K) NonClass: 42312K(44544K)->42312K(44544K) Class: 5975K(7680K)->5975K(7680K)
[2023-11-08T18:57:15.454+0100][gc            ] GC(953) Pause Young (Normal) (G1 Evacuation Pause) 559M->233M(1024M) 3,265ms
[2023-11-08T18:57:15.455+0100][gc,cpu        ] GC(953) User=0,01s Sys=0,02s Real=0,00s
[2023-11-08T18:57:16.752+0100][gc,start      ] GC(954) Pause Young (Normal) (G1 Evacuation Pause)
[2023-11-08T18:57:16.752+0100][gc,task       ] GC(954) Using 13 workers of 13 for evacuation
[2023-11-08T18:57:16.755+0100][gc,phases     ] GC(954)   Pre Evacuate Collection Set: 0,0ms
[2023-11-08T18:57:16.755+0100][gc,phases     ] GC(954)   Evacuate Collection Set: 2,0ms
[2023-11-08T18:57:16.755+0100][gc,phases     ] GC(954)   Post Evacuate Collection Set: 0,7ms
[2023-11-08T18:57:16.755+0100][gc,phases     ] GC(954)   Other: 0,3ms
[2023-11-08T18:57:16.755+0100][gc,heap       ] GC(954) Eden regions: 373->0(410)
[2023-11-08T18:57:16.755+0100][gc,heap       ] GC(954) Survivor regions: 5->2(48)
[2023-11-08T18:57:16.755+0100][gc,heap       ] GC(954) Old regions: 102->102
[2023-11-08T18:57:16.755+0100][gc,heap       ] GC(954) Humongous regions: 129->129
[2023-11-08T18:57:16.755+0100][gc,metaspace  ] GC(954) Metaspace: 48287K(52224K)->48287K(52224K) NonClass: 42312K(44544K)->42312K(44544K) Class: 5975K(7680K)->5975K(7680K)
[2023-11-08T18:57:16.755+0100][gc            ] GC(954) Pause Young (Normal) (G1 Evacuation Pause) 606M->231M(1024M) 3,136ms
[2023-11-08T18:57:16.755+0100][gc,cpu        ] GC(954) User=0,02s Sys=0,01s Real=0,01s
[2023-11-08T18:57:18.176+0100][gc,start      ] GC(955) Pause Young (Concurrent Start) (G1 Evacuation Pause)
[2023-11-08T18:57:18.176+0100][gc,task       ] GC(955) Using 13 workers of 13 for evacuation
[2023-11-08T18:57:18.179+0100][gc,phases     ] GC(955)   Pre Evacuate Collection Set: 0,2ms
[2023-11-08T18:57:18.179+0100][gc,phases     ] GC(955)   Evacuate Collection Set: 2,4ms
[2023-11-08T18:57:18.179+0100][gc,phases     ] GC(955)   Post Evacuate Collection Set: 0,6ms
[2023-11-08T18:57:18.179+0100][gc,phases     ] GC(955)   Other: 0,2ms
[2023-11-08T18:57:18.179+0100][gc,heap       ] GC(955) Eden regions: 410->0(437)
[2023-11-08T18:57:18.179+0100][gc,heap       ] GC(955) Survivor regions: 2->3(52)
[2023-11-08T18:57:18.179+0100][gc,heap       ] GC(955) Old regions: 102->102
[2023-11-08T18:57:18.179+0100][gc,heap       ] GC(955) Humongous regions: 129->129
[2023-11-08T18:57:18.179+0100][gc,metaspace  ] GC(955) Metaspace: 48287K(52224K)->48287K(52224K) NonClass: 42312K(44544K)->42312K(44544K) Class: 5975K(7680K)->5975K(7680K)
[2023-11-08T18:57:18.179+0100][gc            ] GC(955) Pause Young (Concurrent Start) (G1 Evacuation Pause) 641M->231M(1024M) 3,595ms
[2023-11-08T18:57:18.179+0100][gc,cpu        ] GC(955) User=0,01s Sys=0,02s Real=0,00s
[2023-11-08T18:57:18.180+0100][gc            ] GC(956) Concurrent Cycle
[2023-11-08T18:57:18.180+0100][gc,marking    ] GC(956) Concurrent Clear Claimed Marks
[2023-11-08T18:57:18.180+0100][gc,marking    ] GC(956) Concurrent Clear Claimed Marks 0,408ms
[2023-11-08T18:57:18.180+0100][gc,marking    ] GC(956) Concurrent Scan Root Regions
[2023-11-08T18:57:18.182+0100][gc,marking    ] GC(956) Concurrent Scan Root Regions 2,105ms
[2023-11-08T18:57:18.182+0100][gc,marking    ] GC(956) Concurrent Mark (6109,791s)
[2023-11-08T18:57:18.182+0100][gc,marking    ] GC(956) Concurrent Mark From Roots
[2023-11-08T18:57:18.182+0100][gc,task       ] GC(956) Using 3 workers of 3 for marking
[2023-11-08T18:57:18.201+0100][gc,marking    ] GC(956) Concurrent Mark From Roots 18,713ms
[2023-11-08T18:57:18.201+0100][gc,marking    ] GC(956) Concurrent Preclean
[2023-11-08T18:57:18.201+0100][gc,marking    ] GC(956) Concurrent Preclean 0,339ms
[2023-11-08T18:57:18.201+0100][gc,marking    ] GC(956) Concurrent Mark (6109,791s, 6109,810s) 19,157ms
[2023-11-08T18:57:18.201+0100][gc,start      ] GC(956) Pause Remark
[2023-11-08T18:57:18.205+0100][gc,stringtable] GC(956) Cleaned string and symbol table, strings: 18402 processed, 0 removed, symbols: 94795 processed, 0 removed
[2023-11-08T18:57:18.205+0100][gc            ] GC(956) Pause Remark 241M->241M(1024M) 3,492ms
[2023-11-08T18:57:18.205+0100][gc,cpu        ] GC(956) User=0,03s Sys=0,00s Real=0,01s
[2023-11-08T18:57:18.205+0100][gc,marking    ] GC(956) Concurrent Rebuild Remembered Sets
[2023-11-08T18:57:18.217+0100][gc,marking    ] GC(956) Concurrent Rebuild Remembered Sets 12,213ms
[2023-11-08T18:57:18.217+0100][gc,start      ] GC(956) Pause Cleanup
[2023-11-08T18:57:18.218+0100][gc            ] GC(956) Pause Cleanup 247M->247M(1024M) 0,186ms
[2023-11-08T18:57:18.218+0100][gc,cpu        ] GC(956) User=0,00s Sys=0,00s Real=0,00s
[2023-11-08T18:57:18.218+0100][gc,marking    ] GC(956) Concurrent Cleanup for Next Mark
[2023-11-08T18:57:18.220+0100][gc,marking    ] GC(956) Concurrent Cleanup for Next Mark 1,897ms
[2023-11-08T18:57:18.220+0100][gc            ] GC(956) Concurrent Cycle 40,203ms
[2023-11-08T18:57:18.400+0100][gc,start      ] GC(957) Pause Young (Prepare Mixed) (G1 Evacuation Pause)
[2023-11-08T18:57:18.400+0100][gc,task       ] GC(957) Using 13 workers of 13 for evacuation
[2023-11-08T18:57:18.405+0100][gc,phases     ] GC(957)   Pre Evacuate Collection Set: 0,0ms
[2023-11-08T18:57:18.405+0100][gc,phases     ] GC(957)   Evacuate Collection Set: 3,6ms
[2023-11-08T18:57:18.405+0100][gc,phases     ] GC(957)   Post Evacuate Collection Set: 0,5ms
[2023-11-08T18:57:18.405+0100][gc,phases     ] GC(957)   Other: 0,3ms
[2023-11-08T18:57:18.405+0100][gc,heap       ] GC(957) Eden regions: 70->0(48)
[2023-11-08T18:57:18.405+0100][gc,heap       ] GC(957) Survivor regions: 3->3(10)
[2023-11-08T18:57:18.405+0100][gc,heap       ] GC(957) Old regions: 102->102
[2023-11-08T18:57:18.405+0100][gc,heap       ] GC(957) Humongous regions: 129->129
[2023-11-08T18:57:18.405+0100][gc,metaspace  ] GC(957) Metaspace: 48287K(52224K)->48287K(52224K) NonClass: 42312K(44544K)->42312K(44544K) Class: 5975K(7680K)->5975K(7680K)
[2023-11-08T18:57:18.405+0100][gc            ] GC(957) Pause Young (Prepare Mixed) (G1 Evacuation Pause) 301M->232M(1024M) 4,560ms
[2023-11-08T18:57:18.405+0100][gc,cpu        ] GC(957) User=0,04s Sys=0,00s Real=0,01s
[2023-11-08T18:57:18.569+0100][gc,start      ] GC(958) Pause Young (Mixed) (G1 Evacuation Pause)
[2023-11-08T18:57:18.569+0100][gc,task       ] GC(958) Using 13 workers of 13 for evacuation
[2023-11-08T18:57:18.573+0100][gc,phases     ] GC(958)   Pre Evacuate Collection Set: 0,1ms
[2023-11-08T18:57:18.573+0100][gc,phases     ] GC(958)   Evacuate Collection Set: 3,5ms
[2023-11-08T18:57:18.573+0100][gc,phases     ] GC(958)   Post Evacuate Collection Set: 0,5ms
[2023-11-08T18:57:18.574+0100][gc,phases     ] GC(958)   Other: 0,3ms
[2023-11-08T18:57:18.574+0100][gc,heap       ] GC(958) Eden regions: 48->0(219)
[2023-11-08T18:57:18.574+0100][gc,heap       ] GC(958) Survivor regions: 3->3(7)
[2023-11-08T18:57:18.574+0100][gc,heap       ] GC(958) Old regions: 102->80
[2023-11-08T18:57:18.574+0100][gc,heap       ] GC(958) Humongous regions: 129->129
[2023-11-08T18:57:18.574+0100][gc,metaspace  ] GC(958) Metaspace: 48287K(52224K)->48287K(52224K) NonClass: 42312K(44544K)->42312K(44544K) Class: 5975K(7680K)->5975K(7680K)
[2023-11-08T18:57:18.574+0100][gc            ] GC(958) Pause Young (Mixed) (G1 Evacuation Pause) 280M->209M(1024M) 4,585ms
[2023-11-08T18:57:18.574+0100][gc,cpu        ] GC(958) User=0,04s Sys=0,00s Real=0,00s
[2023-11-08T18:57:19.296+0100][gc,start      ] GC(959) Pause Young (Normal) (G1 Evacuation Pause)
[2023-11-08T18:57:19.296+0100][gc,task       ] GC(959) Using 13 workers of 13 for evacuation
[2023-11-08T18:57:19.299+0100][gc,phases     ] GC(959)   Pre Evacuate Collection Set: 0,0ms
[2023-11-08T18:57:19.299+0100][gc,phases     ] GC(959)   Evacuate Collection Set: 2,1ms
[2023-11-08T18:57:19.299+0100][gc,phases     ] GC(959)   Post Evacuate Collection Set: 0,6ms
[2023-11-08T18:57:19.299+0100][gc,phases     ] GC(959)   Other: 0,2ms
[2023-11-08T18:57:19.299+0100][gc,heap       ] GC(959) Eden regions: 219->0(288)
[2023-11-08T18:57:19.299+0100][gc,heap       ] GC(959) Survivor regions: 3->4(28)
[2023-11-08T18:57:19.299+0100][gc,heap       ] GC(959) Old regions: 80->80
[2023-11-08T18:57:19.299+0100][gc,heap       ] GC(959) Humongous regions: 129->129
[2023-11-08T18:57:19.299+0100][gc,metaspace  ] GC(959) Metaspace: 48287K(52224K)->48287K(52224K) NonClass: 42312K(44544K)->42312K(44544K) Class: 5975K(7680K)->5975K(7680K)
[2023-11-08T18:57:19.299+0100][gc            ] GC(959) Pause Young (Normal) (G1 Evacuation Pause) 428M->210M(1024M) 3,124ms
[2023-11-08T18:57:19.299+0100][gc,cpu        ] GC(959) User=0,01s Sys=0,01s Real=0,00s
[2023-11-08T18:57:20.270+0100][gc,start      ] GC(960) Pause Young (Normal) (G1 Evacuation Pause)
[2023-11-08T18:57:20.270+0100][gc,task       ] GC(960) Using 13 workers of 13 for evacuation
[2023-11-08T18:57:20.275+0100][gc,phases     ] GC(960)   Pre Evacuate Collection Set: 0,0ms
[2023-11-08T18:57:20.275+0100][gc,phases     ] GC(960)   Evacuate Collection Set: 4,9ms
[2023-11-08T18:57:20.275+0100][gc,phases     ] GC(960)   Post Evacuate Collection Set: 0,7ms
[2023-11-08T18:57:20.275+0100][gc,phases     ] GC(960)   Other: 0,2ms
[2023-11-08T18:57:20.275+0100][gc,heap       ] GC(960) Eden regions: 288->0(343)
[2023-11-08T18:57:20.275+0100][gc,heap       ] GC(960) Survivor regions: 4->5(37)
[2023-11-08T18:57:20.275+0100][gc,heap       ] GC(960) Old regions: 80->80
[2023-11-08T18:57:20.275+0100][gc,heap       ] GC(960) Humongous regions: 129->129
[2023-11-08T18:57:20.275+0100][gc,metaspace  ] GC(960) Metaspace: 48287K(52224K)->48287K(52224K) NonClass: 42312K(44544K)->42312K(44544K) Class: 5975K(7680K)->5975K(7680K)
[2023-11-08T18:57:20.275+0100][gc            ] GC(960) Pause Young (Normal) (G1 Evacuation Pause) 498M->211M(1024M) 5,881ms
[2023-11-08T18:57:20.275+0100][gc,cpu        ] GC(960) User=0,04s Sys=0,00s Real=0,01s
[2023-11-08T18:57:21.410+0100][gc,start      ] GC(961) Pause Young (Normal) (G1 Evacuation Pause)
[2023-11-08T18:57:21.410+0100][gc,task       ] GC(961) Using 13 workers of 13 for evacuation
[2023-11-08T18:57:21.414+0100][gc,phases     ] GC(961)   Pre Evacuate Collection Set: 0,0ms
[2023-11-08T18:57:21.414+0100][gc,phases     ] GC(961)   Evacuate Collection Set: 3,4ms
[2023-11-08T18:57:21.414+0100][gc,phases     ] GC(961)   Post Evacuate Collection Set: 0,5ms
[2023-11-08T18:57:21.414+0100][gc,phases     ] GC(961)   Other: 0,2ms
[2023-11-08T18:57:21.414+0100][gc,heap       ] GC(961) Eden regions: 343->0(404)
[2023-11-08T18:57:21.414+0100][gc,heap       ] GC(961) Survivor regions: 5->6(44)
[2023-11-08T18:57:21.414+0100][gc,heap       ] GC(961) Old regions: 80->80
[2023-11-08T18:57:21.414+0100][gc,heap       ] GC(961) Humongous regions: 129->129
[2023-11-08T18:57:21.414+0100][gc,metaspace  ] GC(961) Metaspace: 48287K(52224K)->48287K(52224K) NonClass: 42312K(44544K)->42312K(44544K) Class: 5975K(7680K)->5975K(7680K)
[2023-11-08T18:57:21.414+0100][gc            ] GC(961) Pause Young (Normal) (G1 Evacuation Pause) 554M->212M(1024M) 4,223ms
[2023-11-08T18:57:21.414+0100][gc,cpu        ] GC(961) User=0,04s Sys=0,00s Real=0,00s
[2023-11-08T18:57:22.778+0100][gc,start      ] GC(962) Pause Young (Normal) (G1 Evacuation Pause)
[2023-11-08T18:57:22.778+0100][gc,task       ] GC(962) Using 13 workers of 13 for evacuation
[2023-11-08T18:57:22.782+0100][gc,phases     ] GC(962)   Pre Evacuate Collection Set: 0,0ms
[2023-11-08T18:57:22.782+0100][gc,phases     ] GC(962)   Evacuate Collection Set: 3,4ms
[2023-11-08T18:57:22.782+0100][gc,phases     ] GC(962)   Post Evacuate Collection Set: 0,6ms
[2023-11-08T18:57:22.782+0100][gc,phases     ] GC(962)   Other: 0,2ms
[2023-11-08T18:57:22.782+0100][gc,heap       ] GC(962) Eden regions: 404->0(451)
[2023-11-08T18:57:22.782+0100][gc,heap       ] GC(962) Survivor regions: 6->7(52)
[2023-11-08T18:57:22.782+0100][gc,heap       ] GC(962) Old regions: 80->80
[2023-11-08T18:57:22.782+0100][gc,heap       ] GC(962) Humongous regions: 129->129
[2023-11-08T18:57:22.782+0100][gc,metaspace  ] GC(962) Metaspace: 48287K(52224K)->48287K(52224K) NonClass: 42312K(44544K)->42312K(44544K) Class: 5975K(7680K)->5975K(7680K)
[2023-11-08T18:57:22.782+0100][gc            ] GC(962) Pause Young (Normal) (G1 Evacuation Pause) 616M->213M(1024M) 4,282ms
[2023-11-08T18:57:22.782+0100][gc,cpu        ] GC(962) User=0,05s Sys=0,00s Real=0,00s
[2023-11-08T18:57:24.378+0100][gc,start      ] GC(963) Pause Young (Normal) (G1 Evacuation Pause)
[2023-11-08T18:57:24.378+0100][gc,task       ] GC(963) Using 13 workers of 13 for evacuation
[2023-11-08T18:57:24.382+0100][gc,phases     ] GC(963)   Pre Evacuate Collection Set: 0,0ms
[2023-11-08T18:57:24.383+0100][gc,phases     ] GC(963)   Evacuate Collection Set: 4,1ms
[2023-11-08T18:57:24.383+0100][gc,phases     ] GC(963)   Post Evacuate Collection Set: 0,6ms
[2023-11-08T18:57:24.383+0100][gc,phases     ] GC(963)   Other: 0,3ms
[2023-11-08T18:57:24.383+0100][gc,heap       ] GC(963) Eden regions: 451->0(502)
[2023-11-08T18:57:24.383+0100][gc,heap       ] GC(963) Survivor regions: 7->8(58)
[2023-11-08T18:57:24.383+0100][gc,heap       ] GC(963) Old regions: 80->80
[2023-11-08T18:57:24.383+0100][gc,heap       ] GC(963) Humongous regions: 129->129
[2023-11-08T18:57:24.383+0100][gc,metaspace  ] GC(963) Metaspace: 48287K(52224K)->48287K(52224K) NonClass: 42312K(44544K)->42312K(44544K) Class: 5975K(7680K)->5975K(7680K)
[2023-11-08T18:57:24.383+0100][gc            ] GC(963) Pause Young (Normal) (G1 Evacuation Pause) 664M->214M(1024M) 5,039ms
[2023-11-08T18:57:24.383+0100][gc,cpu        ] GC(963) User=0,05s Sys=0,00s Real=0,00s
[2023-11-08T18:57:26.059+0100][gc,start      ] GC(964) Pause Young (Concurrent Start) (G1 Evacuation Pause)
[2023-11-08T18:57:26.059+0100][gc,task       ] GC(964) Using 13 workers of 13 for evacuation
[2023-11-08T18:57:26.065+0100][gc,phases     ] GC(964)   Pre Evacuate Collection Set: 0,3ms
[2023-11-08T18:57:26.065+0100][gc,phases     ] GC(964)   Evacuate Collection Set: 4,8ms
[2023-11-08T18:57:26.065+0100][gc,phases     ] GC(964)   Post Evacuate Collection Set: 0,7ms
[2023-11-08T18:57:26.065+0100][gc,phases     ] GC(964)   Other: 0,3ms
[2023-11-08T18:57:26.065+0100][gc,heap       ] GC(964) Eden regions: 502->0(526)
[2023-11-08T18:57:26.065+0100][gc,heap       ] GC(964) Survivor regions: 8->10(64)
[2023-11-08T18:57:26.065+0100][gc,heap       ] GC(964) Old regions: 80->80
[2023-11-08T18:57:26.065+0100][gc,heap       ] GC(964) Humongous regions: 129->129
[2023-11-08T18:57:26.065+0100][gc,metaspace  ] GC(964) Metaspace: 48287K(52224K)->48287K(52224K) NonClass: 42312K(44544K)->42312K(44544K) Class: 5975K(7680K)->5975K(7680K)
[2023-11-08T18:57:26.065+0100][gc            ] GC(964) Pause Young (Concurrent Start) (G1 Evacuation Pause) 716M->216M(1024M) 6,198ms
[2023-11-08T18:57:26.065+0100][gc,cpu        ] GC(964) User=0,06s Sys=0,01s Real=0,01s
[2023-11-08T18:57:26.065+0100][gc            ] GC(965) Concurrent Cycle
[2023-11-08T18:57:26.065+0100][gc,marking    ] GC(965) Concurrent Clear Claimed Marks
[2023-11-08T18:57:26.066+0100][gc,marking    ] GC(965) Concurrent Clear Claimed Marks 0,403ms
[2023-11-08T18:57:26.066+0100][gc,marking    ] GC(965) Concurrent Scan Root Regions
[2023-11-08T18:57:26.069+0100][gc,marking    ] GC(965) Concurrent Scan Root Regions 3,633ms
[2023-11-08T18:57:26.069+0100][gc,marking    ] GC(965) Concurrent Mark (6117,678s)
[2023-11-08T18:57:26.069+0100][gc,marking    ] GC(965) Concurrent Mark From Roots
[2023-11-08T18:57:26.069+0100][gc,task       ] GC(965) Using 3 workers of 3 for marking
[2023-11-08T18:57:26.088+0100][gc,marking    ] GC(965) Concurrent Mark From Roots 18,243ms
[2023-11-08T18:57:26.088+0100][gc,marking    ] GC(965) Concurrent Preclean
[2023-11-08T18:57:26.088+0100][gc,marking    ] GC(965) Concurrent Preclean 0,321ms
[2023-11-08T18:57:26.088+0100][gc,marking    ] GC(965) Concurrent Mark (6117,678s, 6117,696s) 18,648ms
[2023-11-08T18:57:26.088+0100][gc,start      ] GC(965) Pause Remark
[2023-11-08T18:57:26.091+0100][gc,stringtable] GC(965) Cleaned string and symbol table, strings: 18402 processed, 0 removed, symbols: 94795 processed, 0 removed
[2023-11-08T18:57:26.091+0100][gc            ] GC(965) Pause Remark 226M->226M(1024M) 3,307ms
[2023-11-08T18:57:26.091+0100][gc,cpu        ] GC(965) User=0,03s Sys=0,00s Real=0,00s
[2023-11-08T18:57:26.091+0100][gc,marking    ] GC(965) Concurrent Rebuild Remembered Sets
[2023-11-08T18:57:26.102+0100][gc,marking    ] GC(965) Concurrent Rebuild Remembered Sets 10,959ms
[2023-11-08T18:57:26.103+0100][gc,start      ] GC(965) Pause Cleanup
[2023-11-08T18:57:26.103+0100][gc            ] GC(965) Pause Cleanup 227M->227M(1024M) 0,170ms
[2023-11-08T18:57:26.103+0100][gc,cpu        ] GC(965) User=0,00s Sys=0,00s Real=0,01s
[2023-11-08T18:57:26.103+0100][gc,marking    ] GC(965) Concurrent Cleanup for Next Mark
[2023-11-08T18:57:26.105+0100][gc,marking    ] GC(965) Concurrent Cleanup for Next Mark 1,728ms
[2023-11-08T18:57:26.105+0100][gc            ] GC(965) Concurrent Cycle 39,586ms
[2023-11-08T18:57:26.205+0100][gc,start      ] GC(966) Pause Young (Prepare Mixed) (G1 Evacuation Pause)
[2023-11-08T18:57:26.205+0100][gc,task       ] GC(966) Using 13 workers of 13 for evacuation
[2023-11-08T18:57:26.211+0100][gc,phases     ] GC(966)   Pre Evacuate Collection Set: 0,0ms
[2023-11-08T18:57:26.211+0100][gc,phases     ] GC(966)   Evacuate Collection Set: 5,3ms
[2023-11-08T18:57:26.211+0100][gc,phases     ] GC(966)   Post Evacuate Collection Set: 0,4ms
[2023-11-08T18:57:26.211+0100][gc,phases     ] GC(966)   Other: 0,3ms
[2023-11-08T18:57:26.211+0100][gc,heap       ] GC(966) Eden regions: 41->0(47)
[2023-11-08T18:57:26.211+0100][gc,heap       ] GC(966) Survivor regions: 10->4(7)
[2023-11-08T18:57:26.211+0100][gc,heap       ] GC(966) Old regions: 80->86
[2023-11-08T18:57:26.211+0100][gc,heap       ] GC(966) Humongous regions: 129->129
[2023-11-08T18:57:26.211+0100][gc,metaspace  ] GC(966) Metaspace: 48287K(52224K)->48287K(52224K) NonClass: 42312K(44544K)->42312K(44544K) Class: 5975K(7680K)->5975K(7680K)
[2023-11-08T18:57:26.211+0100][gc            ] GC(966) Pause Young (Prepare Mixed) (G1 Evacuation Pause) 257M->216M(1024M) 6,083ms
[2023-11-08T18:57:26.211+0100][gc,cpu        ] GC(966) User=0,05s Sys=0,02s Real=0,00s
[2023-11-08T18:57:26.357+0100][gc,start      ] GC(967) Pause Young (Mixed) (G1 Evacuation Pause)
[2023-11-08T18:57:26.357+0100][gc,task       ] GC(967) Using 13 workers of 13 for evacuation
[2023-11-08T18:57:26.361+0100][gc,phases     ] GC(967)   Pre Evacuate Collection Set: 0,0ms
[2023-11-08T18:57:26.361+0100][gc,phases     ] GC(967)   Evacuate Collection Set: 2,6ms
[2023-11-08T18:57:26.361+0100][gc,phases     ] GC(967)   Post Evacuate Collection Set: 0,5ms
[2023-11-08T18:57:26.361+0100][gc,phases     ] GC(967)   Other: 0,3ms
[2023-11-08T18:57:26.361+0100][gc,heap       ] GC(967) Eden regions: 47->0(514)
[2023-11-08T18:57:26.361+0100][gc,heap       ] GC(967) Survivor regions: 4->4(7)
[2023-11-08T18:57:26.361+0100][gc,heap       ] GC(967) Old regions: 86->86
[2023-11-08T18:57:26.361+0100][gc,heap       ] GC(967) Humongous regions: 129->129
[2023-11-08T18:57:26.361+0100][gc,metaspace  ] GC(967) Metaspace: 48287K(52224K)->48287K(52224K) NonClass: 42312K(44544K)->42312K(44544K) Class: 5975K(7680K)->5975K(7680K)
[2023-11-08T18:57:26.361+0100][gc            ] GC(967) Pause Young (Mixed) (G1 Evacuation Pause) 263M->216M(1024M) 3,565ms
[2023-11-08T18:57:26.361+0100][gc,cpu        ] GC(967) User=0,04s Sys=0,00s Real=0,00s
[2023-11-08T18:57:28.093+0100][gc,start      ] GC(968) Pause Young (Normal) (G1 Evacuation Pause)
[2023-11-08T18:57:28.093+0100][gc,task       ] GC(968) Using 13 workers of 13 for evacuation
[2023-11-08T18:57:28.096+0100][gc,phases     ] GC(968)   Pre Evacuate Collection Set: 0,0ms
[2023-11-08T18:57:28.097+0100][gc,phases     ] GC(968)   Evacuate Collection Set: 2,5ms
[2023-11-08T18:57:28.097+0100][gc,phases     ] GC(968)   Post Evacuate Collection Set: 0,5ms
[2023-11-08T18:57:28.097+0100][gc,phases     ] GC(968)   Other: 0,2ms
[2023-11-08T18:57:28.097+0100][gc,heap       ] GC(968) Eden regions: 514->0(400)
[2023-11-08T18:57:28.097+0100][gc,heap       ] GC(968) Survivor regions: 4->5(65)
[2023-11-08T18:57:28.097+0100][gc,heap       ] GC(968) Old regions: 86->86
[2023-11-08T18:57:28.097+0100][gc,heap       ] GC(968) Humongous regions: 129->129
[2023-11-08T18:57:28.097+0100][gc,metaspace  ] GC(968) Metaspace: 48287K(52224K)->48287K(52224K) NonClass: 42312K(44544K)->42312K(44544K) Class: 5975K(7680K)->5975K(7680K)
[2023-11-08T18:57:28.097+0100][gc            ] GC(968) Pause Young (Normal) (G1 Evacuation Pause) 730M->217M(1024M) 3,389ms
[2023-11-08T18:57:28.097+0100][gc,cpu        ] GC(968) User=0,04s Sys=0,00s Real=0,01s
[2023-11-08T18:57:29.518+0100][gc,start      ] GC(969) Pause Young (Normal) (G1 Evacuation Pause)
[2023-11-08T18:57:29.519+0100][gc,task       ] GC(969) Using 13 workers of 13 for evacuation
[2023-11-08T18:57:29.523+0100][gc,phases     ] GC(969)   Pre Evacuate Collection Set: 0,0ms
[2023-11-08T18:57:29.523+0100][gc,phases     ] GC(969)   Evacuate Collection Set: 3,3ms
[2023-11-08T18:57:29.523+0100][gc,phases     ] GC(969)   Post Evacuate Collection Set: 0,7ms
[2023-11-08T18:57:29.523+0100][gc,phases     ] GC(969)   Other: 0,3ms
[2023-11-08T18:57:29.523+0100][gc,heap       ] GC(969) Eden regions: 400->0(510)
[2023-11-08T18:57:29.523+0100][gc,heap       ] GC(969) Survivor regions: 5->6(51)
[2023-11-08T18:57:29.523+0100][gc,heap       ] GC(969) Old regions: 86->86
[2023-11-08T18:57:29.523+0100][gc,heap       ] GC(969) Humongous regions: 129->129
[2023-11-08T18:57:29.523+0100][gc,metaspace  ] GC(969) Metaspace: 48287K(52224K)->48287K(52224K) NonClass: 42312K(44544K)->42312K(44544K) Class: 5975K(7680K)->5975K(7680K)
[2023-11-08T18:57:29.523+0100][gc            ] GC(969) Pause Young (Normal) (G1 Evacuation Pause) 617M->218M(1024M) 4,455ms
[2023-11-08T18:57:29.523+0100][gc,cpu        ] GC(969) User=0,01s Sys=0,03s Real=0,01s
[2023-11-08T18:57:31.224+0100][gc,start      ] GC(970) Pause Young (Normal) (G1 Evacuation Pause)
[2023-11-08T18:57:31.224+0100][gc,task       ] GC(970) Using 13 workers of 13 for evacuation
[2023-11-08T18:57:31.228+0100][gc,phases     ] GC(970)   Pre Evacuate Collection Set: 0,0ms
[2023-11-08T18:57:31.228+0100][gc,phases     ] GC(970)   Evacuate Collection Set: 3,1ms
[2023-11-08T18:57:31.228+0100][gc,phases     ] GC(970)   Post Evacuate Collection Set: 0,5ms
[2023-11-08T18:57:31.228+0100][gc,phases     ] GC(970)   Other: 0,2ms
[2023-11-08T18:57:31.228+0100][gc,heap       ] GC(970) Eden regions: 510->0(579)
[2023-11-08T18:57:31.228+0100][gc,heap       ] GC(970) Survivor regions: 6->7(65)
[2023-11-08T18:57:31.228+0100][gc,heap       ] GC(970) Old regions: 86->86
[2023-11-08T18:57:31.228+0100][gc,heap       ] GC(970) Humongous regions: 129->129
[2023-11-08T18:57:31.228+0100][gc,metaspace  ] GC(970) Metaspace: 48287K(52224K)->48287K(52224K) NonClass: 42312K(44544K)->42312K(44544K) Class: 5975K(7680K)->5975K(7680K)
[2023-11-08T18:57:31.228+0100][gc            ] GC(970) Pause Young (Normal) (G1 Evacuation Pause) 728M->219M(1024M) 3,967ms
[2023-11-08T18:57:31.228+0100][gc,cpu        ] GC(970) User=0,03s Sys=0,01s Real=0,00s
[2023-11-08T18:57:33.135+0100][gc,start      ] GC(971) Pause Young (Concurrent Start) (G1 Evacuation Pause)
[2023-11-08T18:57:33.135+0100][gc,task       ] GC(971) Using 13 workers of 13 for evacuation
[2023-11-08T18:57:33.140+0100][gc,phases     ] GC(971)   Pre Evacuate Collection Set: 0,2ms
[2023-11-08T18:57:33.140+0100][gc,phases     ] GC(971)   Evacuate Collection Set: 4,2ms
[2023-11-08T18:57:33.140+0100][gc,phases     ] GC(971)   Post Evacuate Collection Set: 0,5ms
[2023-11-08T18:57:33.140+0100][gc,phases     ] GC(971)   Other: 0,3ms
[2023-11-08T18:57:33.140+0100][gc,heap       ] GC(971) Eden regions: 579->0(599)
[2023-11-08T18:57:33.140+0100][gc,heap       ] GC(971) Survivor regions: 7->9(74)
[2023-11-08T18:57:33.140+0100][gc,heap       ] GC(971) Old regions: 86->86
[2023-11-08T18:57:33.140+0100][gc,heap       ] GC(971) Humongous regions: 129->129
[2023-11-08T18:57:33.140+0100][gc,metaspace  ] GC(971) Metaspace: 48287K(52224K)->48287K(52224K) NonClass: 42312K(44544K)->42312K(44544K) Class: 5975K(7680K)->5975K(7680K)
[2023-11-08T18:57:33.141+0100][gc            ] GC(971) Pause Young (Concurrent Start) (G1 Evacuation Pause) 798M->221M(1024M) 5,294ms
[2023-11-08T18:57:33.141+0100][gc,cpu        ] GC(971) User=0,05s Sys=0,00s Real=0,00s
[2023-11-08T18:57:33.141+0100][gc            ] GC(972) Concurrent Cycle
[2023-11-08T18:57:33.141+0100][gc,marking    ] GC(972) Concurrent Clear Claimed Marks
[2023-11-08T18:57:33.141+0100][gc,marking    ] GC(972) Concurrent Clear Claimed Marks 0,356ms
[2023-11-08T18:57:33.141+0100][gc,marking    ] GC(972) Concurrent Scan Root Regions
[2023-11-08T18:57:33.144+0100][gc,marking    ] GC(972) Concurrent Scan Root Regions 2,701ms
[2023-11-08T18:57:33.144+0100][gc,marking    ] GC(972) Concurrent Mark (6124,752s)
[2023-11-08T18:57:33.144+0100][gc,marking    ] GC(972) Concurrent Mark From Roots
[2023-11-08T18:57:33.144+0100][gc,task       ] GC(972) Using 3 workers of 3 for marking
[2023-11-08T18:57:33.164+0100][gc,marking    ] GC(972) Concurrent Mark From Roots 20,654ms
[2023-11-08T18:57:33.164+0100][gc,marking    ] GC(972) Concurrent Preclean
[2023-11-08T18:57:33.165+0100][gc,marking    ] GC(972) Concurrent Preclean 0,190ms
[2023-11-08T18:57:33.165+0100][gc,marking    ] GC(972) Concurrent Mark (6124,752s, 6124,773s) 20,901ms
[2023-11-08T18:57:33.165+0100][gc,start      ] GC(972) Pause Remark
[2023-11-08T18:57:33.169+0100][gc,stringtable] GC(972) Cleaned string and symbol table, strings: 18402 processed, 0 removed, symbols: 94795 processed, 0 removed
[2023-11-08T18:57:33.169+0100][gc            ] GC(972) Pause Remark 232M->232M(1024M) 4,494ms
[2023-11-08T18:57:33.169+0100][gc,cpu        ] GC(972) User=0,04s Sys=0,00s Real=0,00s
[2023-11-08T18:57:33.169+0100][gc,marking    ] GC(972) Concurrent Rebuild Remembered Sets
[2023-11-08T18:57:33.182+0100][gc,marking    ] GC(972) Concurrent Rebuild Remembered Sets 13,088ms
[2023-11-08T18:57:33.183+0100][gc,start      ] GC(972) Pause Cleanup
[2023-11-08T18:57:33.183+0100][gc            ] GC(972) Pause Cleanup 236M->236M(1024M) 0,187ms
[2023-11-08T18:57:33.183+0100][gc,cpu        ] GC(972) User=0,00s Sys=0,00s Real=0,00s
[2023-11-08T18:57:33.183+0100][gc,marking    ] GC(972) Concurrent Cleanup for Next Mark
[2023-11-08T18:57:33.184+0100][gc,marking    ] GC(972) Concurrent Cleanup for Next Mark 1,402ms
[2023-11-08T18:57:33.184+0100][gc            ] GC(972) Concurrent Cycle 43,789ms
[2023-11-08T18:57:33.411+0100][gc,start      ] GC(973) Pause Young (Prepare Mixed) (G1 Evacuation Pause)
[2023-11-08T18:57:33.411+0100][gc,task       ] GC(973) Using 13 workers of 13 for evacuation
[2023-11-08T18:57:33.417+0100][gc,phases     ] GC(973)   Pre Evacuate Collection Set: 0,0ms
[2023-11-08T18:57:33.417+0100][gc,phases     ] GC(973)   Evacuate Collection Set: 4,9ms
[2023-11-08T18:57:33.417+0100][gc,phases     ] GC(973)   Post Evacuate Collection Set: 0,5ms
[2023-11-08T18:57:33.417+0100][gc,phases     ] GC(973)   Other: 0,2ms
[2023-11-08T18:57:33.417+0100][gc,heap       ] GC(973) Eden regions: 81->0(44)
[2023-11-08T18:57:33.417+0100][gc,heap       ] GC(973) Survivor regions: 9->7(12)
[2023-11-08T18:57:33.417+0100][gc,heap       ] GC(973) Old regions: 86->88
[2023-11-08T18:57:33.417+0100][gc,heap       ] GC(973) Humongous regions: 129->129
[2023-11-08T18:57:33.417+0100][gc,metaspace  ] GC(973) Metaspace: 48287K(52224K)->48287K(52224K) NonClass: 42312K(44544K)->42312K(44544K) Class: 5975K(7680K)->5975K(7680K)
[2023-11-08T18:57:33.417+0100][gc            ] GC(973) Pause Young (Prepare Mixed) (G1 Evacuation Pause) 302M->221M(1024M) 5,844ms
[2023-11-08T18:57:33.417+0100][gc,cpu        ] GC(973) User=0,06s Sys=0,01s Real=0,01s
[2023-11-08T18:57:33.568+0100][gc,start      ] GC(974) Pause Young (Mixed) (G1 Evacuation Pause)
[2023-11-08T18:57:33.568+0100][gc,task       ] GC(974) Using 13 workers of 13 for evacuation
[2023-11-08T18:57:33.572+0100][gc,phases     ] GC(974)   Pre Evacuate Collection Set: 0,0ms
[2023-11-08T18:57:33.572+0100][gc,phases     ] GC(974)   Evacuate Collection Set: 3,0ms
[2023-11-08T18:57:33.572+0100][gc,phases     ] GC(974)   Post Evacuate Collection Set: 0,5ms
[2023-11-08T18:57:33.572+0100][gc,phases     ] GC(974)   Other: 0,3ms
[2023-11-08T18:57:33.572+0100][gc,heap       ] GC(974) Eden regions: 44->0(328)
[2023-11-08T18:57:33.572+0100][gc,heap       ] GC(974) Survivor regions: 7->4(7)
[2023-11-08T18:57:33.572+0100][gc,heap       ] GC(974) Old regions: 88->90
[2023-11-08T18:57:33.572+0100][gc,heap       ] GC(974) Humongous regions: 129->129
[2023-11-08T18:57:33.572+0100][gc,metaspace  ] GC(974) Metaspace: 48287K(52224K)->48287K(52224K) NonClass: 42312K(44544K)->42312K(44544K) Class: 5975K(7680K)->5975K(7680K)
[2023-11-08T18:57:33.572+0100][gc            ] GC(974) Pause Young (Mixed) (G1 Evacuation Pause) 265M->221M(1024M) 3,930ms
[2023-11-08T18:57:33.572+0100][gc,cpu        ] GC(974) User=0,04s Sys=0,00s Real=0,00s
[2023-11-08T18:57:34.720+0100][gc,start      ] GC(975) Pause Young (Normal) (G1 Evacuation Pause)
[2023-11-08T18:57:34.720+0100][gc,task       ] GC(975) Using 13 workers of 13 for evacuation
[2023-11-08T18:57:34.724+0100][gc,phases     ] GC(975)   Pre Evacuate Collection Set: 0,0ms
[2023-11-08T18:57:34.724+0100][gc,phases     ] GC(975)   Evacuate Collection Set: 2,5ms
[2023-11-08T18:57:34.724+0100][gc,phases     ] GC(975)   Post Evacuate Collection Set: 0,5ms
[2023-11-08T18:57:34.724+0100][gc,phases     ] GC(975)   Other: 0,2ms
[2023-11-08T18:57:34.724+0100][gc,heap       ] GC(975) Eden regions: 328->0(380)
[2023-11-08T18:57:34.724+0100][gc,heap       ] GC(975) Survivor regions: 4->5(42)
[2023-11-08T18:57:34.724+0100][gc,heap       ] GC(975) Old regions: 90->90
[2023-11-08T18:57:34.724+0100][gc,heap       ] GC(975) Humongous regions: 129->129
[2023-11-08T18:57:34.724+0100][gc,metaspace  ] GC(975) Metaspace: 48287K(52224K)->48287K(52224K) NonClass: 42312K(44544K)->42312K(44544K) Class: 5975K(7680K)->5975K(7680K)
[2023-11-08T18:57:34.724+0100][gc            ] GC(975) Pause Young (Normal) (G1 Evacuation Pause) 549M->221M(1024M) 3,330ms
[2023-11-08T18:57:34.724+0100][gc,cpu        ] GC(975) User=0,02s Sys=0,01s Real=0,01s
[2023-11-08T18:57:36.063+0100][gc,start      ] GC(976) Pause Young (Normal) (G1 Evacuation Pause)
[2023-11-08T18:57:36.063+0100][gc,task       ] GC(976) Using 13 workers of 13 for evacuation
[2023-11-08T18:57:36.068+0100][gc,phases     ] GC(976)   Pre Evacuate Collection Set: 0,0ms
[2023-11-08T18:57:36.068+0100][gc,phases     ] GC(976)   Evacuate Collection Set: 3,6ms
[2023-11-08T18:57:36.068+0100][gc,phases     ] GC(976)   Post Evacuate Collection Set: 0,6ms
[2023-11-08T18:57:36.068+0100][gc,phases     ] GC(976)   Other: 0,2ms
[2023-11-08T18:57:36.068+0100][gc,heap       ] GC(976) Eden regions: 380->0(421)
[2023-11-08T18:57:36.068+0100][gc,heap       ] GC(976) Survivor regions: 5->6(49)
[2023-11-08T18:57:36.068+0100][gc,heap       ] GC(976) Old regions: 90->90
[2023-11-08T18:57:36.068+0100][gc,heap       ] GC(976) Humongous regions: 129->129
[2023-11-08T18:57:36.068+0100][gc,metaspace  ] GC(976) Metaspace: 48287K(52224K)->48287K(52224K) NonClass: 42312K(44544K)->42312K(44544K) Class: 5975K(7680K)->5975K(7680K)
[2023-11-08T18:57:36.068+0100][gc            ] GC(976) Pause Young (Normal) (G1 Evacuation Pause) 601M->223M(1024M) 4,490ms
[2023-11-08T18:57:36.068+0100][gc,cpu        ] GC(976) User=0,05s Sys=0,00s Real=0,00s
[2023-11-08T18:57:37.485+0100][gc,start      ] GC(977) Pause Young (Normal) (G1 Evacuation Pause)
[2023-11-08T18:57:37.485+0100][gc,task       ] GC(977) Using 13 workers of 13 for evacuation
[2023-11-08T18:57:37.489+0100][gc,phases     ] GC(977)   Pre Evacuate Collection Set: 0,0ms
[2023-11-08T18:57:37.489+0100][gc,phases     ] GC(977)   Evacuate Collection Set: 3,0ms
[2023-11-08T18:57:37.489+0100][gc,phases     ] GC(977)   Post Evacuate Collection Set: 0,8ms
[2023-11-08T18:57:37.489+0100][gc,phases     ] GC(977)   Other: 0,3ms
[2023-11-08T18:57:37.489+0100][gc,heap       ] GC(977) Eden regions: 421->0(490)
[2023-11-08T18:57:37.489+0100][gc,heap       ] GC(977) Survivor regions: 6->7(54)
[2023-11-08T18:57:37.489+0100][gc,heap       ] GC(977) Old regions: 90->90
[2023-11-08T18:57:37.489+0100][gc,heap       ] GC(977) Humongous regions: 129->129
[2023-11-08T18:57:37.489+0100][gc,metaspace  ] GC(977) Metaspace: 48287K(52224K)->48287K(52224K) NonClass: 42312K(44544K)->42312K(44544K) Class: 5975K(7680K)->5975K(7680K)
[2023-11-08T18:57:37.489+0100][gc            ] GC(977) Pause Young (Normal) (G1 Evacuation Pause) 644M->224M(1024M) 4,291ms
[2023-11-08T18:57:37.489+0100][gc,cpu        ] GC(977) User=0,03s Sys=0,00s Real=0,00s
[2023-11-08T18:57:39.125+0100][gc,start      ] GC(978) Pause Young (Normal) (G1 Evacuation Pause)
[2023-11-08T18:57:39.125+0100][gc,task       ] GC(978) Using 13 workers of 13 for evacuation
[2023-11-08T18:57:39.129+0100][gc,phases     ] GC(978)   Pre Evacuate Collection Set: 0,0ms
[2023-11-08T18:57:39.129+0100][gc,phases     ] GC(978)   Evacuate Collection Set: 3,4ms
[2023-11-08T18:57:39.129+0100][gc,phases     ] GC(978)   Post Evacuate Collection Set: 0,7ms
[2023-11-08T18:57:39.129+0100][gc,phases     ] GC(978)   Other: 0,3ms
[2023-11-08T18:57:39.129+0100][gc,heap       ] GC(978) Eden regions: 490->0(538)
[2023-11-08T18:57:39.129+0100][gc,heap       ] GC(978) Survivor regions: 7->9(63)
[2023-11-08T18:57:39.129+0100][gc,heap       ] GC(978) Old regions: 90->90
[2023-11-08T18:57:39.129+0100][gc,heap       ] GC(978) Humongous regions: 129->129
[2023-11-08T18:57:39.129+0100][gc,metaspace  ] GC(978) Metaspace: 48287K(52224K)->48287K(52224K) NonClass: 42312K(44544K)->42312K(44544K) Class: 5975K(7680K)->5975K(7680K)
[2023-11-08T18:57:39.129+0100][gc            ] GC(978) Pause Young (Normal) (G1 Evacuation Pause) 714M->225M(1024M) 4,499ms
[2023-11-08T18:57:39.129+0100][gc,cpu        ] GC(978) User=0,05s Sys=0,00s Real=0,00s
[2023-11-08T18:57:40.976+0100][gc,start      ] GC(979) Pause Young (Concurrent Start) (G1 Evacuation Pause)
[2023-11-08T18:57:40.976+0100][gc,task       ] GC(979) Using 13 workers of 13 for evacuation
[2023-11-08T18:57:40.983+0100][gc,phases     ] GC(979)   Pre Evacuate Collection Set: 0,3ms
[2023-11-08T18:57:40.983+0100][gc,phases     ] GC(979)   Evacuate Collection Set: 5,3ms
[2023-11-08T18:57:40.983+0100][gc,phases     ] GC(979)   Post Evacuate Collection Set: 1,1ms
[2023-11-08T18:57:40.983+0100][gc,phases     ] GC(979)   Other: 0,4ms
[2023-11-08T18:57:40.983+0100][gc,heap       ] GC(979) Eden regions: 538->0(541)
[2023-11-08T18:57:40.983+0100][gc,heap       ] GC(979) Survivor regions: 9->10(69)
[2023-11-08T18:57:40.983+0100][gc,heap       ] GC(979) Old regions: 90->90
[2023-11-08T18:57:40.983+0100][gc,heap       ] GC(979) Humongous regions: 129->129
[2023-11-08T18:57:40.983+0100][gc,metaspace  ] GC(979) Metaspace: 48287K(52224K)->48287K(52224K) NonClass: 42312K(44544K)->42312K(44544K) Class: 5975K(7680K)->5975K(7680K)
[2023-11-08T18:57:40.983+0100][gc            ] GC(979) Pause Young (Concurrent Start) (G1 Evacuation Pause) 763M->227M(1024M) 7,177ms
[2023-11-08T18:57:40.983+0100][gc,cpu        ] GC(979) User=0,06s Sys=0,01s Real=0,01s
[2023-11-08T18:57:40.983+0100][gc            ] GC(980) Concurrent Cycle
[2023-11-08T18:57:40.983+0100][gc,marking    ] GC(980) Concurrent Clear Claimed Marks
[2023-11-08T18:57:40.984+0100][gc,marking    ] GC(980) Concurrent Clear Claimed Marks 0,530ms
[2023-11-08T18:57:40.984+0100][gc,marking    ] GC(980) Concurrent Scan Root Regions
[2023-11-08T18:57:40.989+0100][gc,marking    ] GC(980) Concurrent Scan Root Regions 4,997ms
[2023-11-08T18:57:40.989+0100][gc,marking    ] GC(980) Concurrent Mark (6132,597s)
[2023-11-08T18:57:40.989+0100][gc,marking    ] GC(980) Concurrent Mark From Roots
[2023-11-08T18:57:40.989+0100][gc,task       ] GC(980) Using 3 workers of 3 for marking
[2023-11-08T18:57:41.026+0100][gc,marking    ] GC(980) Concurrent Mark From Roots 36,805ms
[2023-11-08T18:57:41.026+0100][gc,marking    ] GC(980) Concurrent Preclean
[2023-11-08T18:57:41.026+0100][gc,marking    ] GC(980) Concurrent Preclean 0,204ms
[2023-11-08T18:57:41.026+0100][gc,marking    ] GC(980) Concurrent Mark (6132,597s, 6132,634s) 37,070ms
[2023-11-08T18:57:41.026+0100][gc,start      ] GC(980) Pause Remark
[2023-11-08T18:57:41.029+0100][gc,stringtable] GC(980) Cleaned string and symbol table, strings: 18402 processed, 0 removed, symbols: 94795 processed, 0 removed
[2023-11-08T18:57:41.029+0100][gc            ] GC(980) Pause Remark 241M->241M(1024M) 3,359ms
[2023-11-08T18:57:41.029+0100][gc,cpu        ] GC(980) User=0,03s Sys=0,00s Real=0,00s
[2023-11-08T18:57:41.029+0100][gc,marking    ] GC(980) Concurrent Rebuild Remembered Sets
[2023-11-08T18:57:41.046+0100][gc,marking    ] GC(980) Concurrent Rebuild Remembered Sets 16,916ms
[2023-11-08T18:57:41.047+0100][gc,start      ] GC(980) Pause Cleanup
[2023-11-08T18:57:41.047+0100][gc            ] GC(980) Pause Cleanup 246M->246M(1024M) 0,247ms
[2023-11-08T18:57:41.047+0100][gc,cpu        ] GC(980) User=0,01s Sys=0,00s Real=0,00s
[2023-11-08T18:57:41.047+0100][gc,marking    ] GC(980) Concurrent Cleanup for Next Mark
[2023-11-08T18:57:41.051+0100][gc,marking    ] GC(980) Concurrent Cleanup for Next Mark 3,828ms
[2023-11-08T18:57:41.051+0100][gc            ] GC(980) Concurrent Cycle 67,698ms
[2023-11-08T18:57:41.217+0100][gc,start      ] GC(981) Pause Young (Normal) (G1 Evacuation Pause)
[2023-11-08T18:57:41.217+0100][gc,task       ] GC(981) Using 13 workers of 13 for evacuation
[2023-11-08T18:57:41.222+0100][gc,phases     ] GC(981)   Pre Evacuate Collection Set: 0,0ms
[2023-11-08T18:57:41.222+0100][gc,phases     ] GC(981)   Evacuate Collection Set: 4,6ms
[2023-11-08T18:57:41.222+0100][gc,phases     ] GC(981)   Post Evacuate Collection Set: 0,4ms
[2023-11-08T18:57:41.222+0100][gc,phases     ] GC(981)   Other: 0,2ms
[2023-11-08T18:57:41.222+0100][gc,heap       ] GC(981) Eden regions: 65->0(261)
[2023-11-08T18:57:41.222+0100][gc,heap       ] GC(981) Survivor regions: 10->5(10)
[2023-11-08T18:57:41.222+0100][gc,heap       ] GC(981) Old regions: 90->95
[2023-11-08T18:57:41.222+0100][gc,heap       ] GC(981) Humongous regions: 129->129
[2023-11-08T18:57:41.222+0100][gc,metaspace  ] GC(981) Metaspace: 48287K(52224K)->48287K(52224K) NonClass: 42312K(44544K)->42312K(44544K) Class: 5975K(7680K)->5975K(7680K)
[2023-11-08T18:57:41.222+0100][gc            ] GC(981) Pause Young (Normal) (G1 Evacuation Pause) 292M->227M(1024M) 5,264ms
[2023-11-08T18:57:41.222+0100][gc,cpu        ] GC(981) User=0,05s Sys=0,00s Real=0,00s
[2023-11-08T18:57:42.114+0100][gc,start      ] GC(982) Pause Young (Concurrent Start) (G1 Evacuation Pause)
[2023-11-08T18:57:42.114+0100][gc,task       ] GC(982) Using 13 workers of 13 for evacuation
[2023-11-08T18:57:42.118+0100][gc,phases     ] GC(982)   Pre Evacuate Collection Set: 0,2ms
[2023-11-08T18:57:42.118+0100][gc,phases     ] GC(982)   Evacuate Collection Set: 2,8ms
[2023-11-08T18:57:42.118+0100][gc,phases     ] GC(982)   Post Evacuate Collection Set: 0,5ms
[2023-11-08T18:57:42.118+0100][gc,phases     ] GC(982)   Other: 0,2ms
[2023-11-08T18:57:42.118+0100][gc,heap       ] GC(982) Eden regions: 261->0(310)
[2023-11-08T18:57:42.118+0100][gc,heap       ] GC(982) Survivor regions: 5->6(34)
[2023-11-08T18:57:42.118+0100][gc,heap       ] GC(982) Old regions: 95->95
[2023-11-08T18:57:42.118+0100][gc,heap       ] GC(982) Humongous regions: 129->129
[2023-11-08T18:57:42.118+0100][gc,metaspace  ] GC(982) Metaspace: 48287K(52224K)->48287K(52224K) NonClass: 42312K(44544K)->42312K(44544K) Class: 5975K(7680K)->5975K(7680K)
[2023-11-08T18:57:42.118+0100][gc            ] GC(982) Pause Young (Concurrent Start) (G1 Evacuation Pause) 488M->227M(1024M) 3,833ms
[2023-11-08T18:57:42.118+0100][gc,cpu        ] GC(982) User=0,03s Sys=0,00s Real=0,01s
[2023-11-08T18:57:42.118+0100][gc            ] GC(983) Concurrent Cycle
[2023-11-08T18:57:42.118+0100][gc,marking    ] GC(983) Concurrent Clear Claimed Marks
[2023-11-08T18:57:42.118+0100][gc,marking    ] GC(983) Concurrent Clear Claimed Marks 0,383ms
[2023-11-08T18:57:42.119+0100][gc,marking    ] GC(983) Concurrent Scan Root Regions
[2023-11-08T18:57:42.121+0100][gc,marking    ] GC(983) Concurrent Scan Root Regions 2,037ms
[2023-11-08T18:57:42.121+0100][gc,marking    ] GC(983) Concurrent Mark (6133,729s)
[2023-11-08T18:57:42.121+0100][gc,marking    ] GC(983) Concurrent Mark From Roots
[2023-11-08T18:57:42.121+0100][gc,task       ] GC(983) Using 3 workers of 3 for marking
[2023-11-08T18:57:42.146+0100][gc,marking    ] GC(983) Concurrent Mark From Roots 25,154ms
[2023-11-08T18:57:42.146+0100][gc,marking    ] GC(983) Concurrent Preclean
[2023-11-08T18:57:42.146+0100][gc,marking    ] GC(983) Concurrent Preclean 0,225ms
[2023-11-08T18:57:42.146+0100][gc,marking    ] GC(983) Concurrent Mark (6133,729s, 6133,755s) 25,439ms
[2023-11-08T18:57:42.146+0100][gc,start      ] GC(983) Pause Remark
[2023-11-08T18:57:42.149+0100][gc,stringtable] GC(983) Cleaned string and symbol table, strings: 18402 processed, 0 removed, symbols: 94795 processed, 0 removed
[2023-11-08T18:57:42.150+0100][gc            ] GC(983) Pause Remark 238M->238M(1024M) 3,357ms
[2023-11-08T18:57:42.150+0100][gc,cpu        ] GC(983) User=0,02s Sys=0,02s Real=0,00s
[2023-11-08T18:57:42.150+0100][gc,marking    ] GC(983) Concurrent Rebuild Remembered Sets
[2023-11-08T18:57:42.166+0100][gc,marking    ] GC(983) Concurrent Rebuild Remembered Sets 16,015ms
[2023-11-08T18:57:42.166+0100][gc,start      ] GC(983) Pause Cleanup
[2023-11-08T18:57:42.166+0100][gc            ] GC(983) Pause Cleanup 243M->243M(1024M) 0,175ms
[2023-11-08T18:57:42.166+0100][gc,cpu        ] GC(983) User=0,00s Sys=0,00s Real=0,00s
[2023-11-08T18:57:42.166+0100][gc,marking    ] GC(983) Concurrent Cleanup for Next Mark
[2023-11-08T18:57:42.168+0100][gc,marking    ] GC(983) Concurrent Cleanup for Next Mark 1,919ms
[2023-11-08T18:57:42.168+0100][gc            ] GC(983) Concurrent Cycle 49,980ms
[2023-11-08T18:57:42.414+0100][gc,start      ] GC(984) Pause Young (Prepare Mixed) (G1 Evacuation Pause)
[2023-11-08T18:57:42.415+0100][gc,task       ] GC(984) Using 13 workers of 13 for evacuation
[2023-11-08T18:57:42.419+0100][gc,phases     ] GC(984)   Pre Evacuate Collection Set: 0,0ms
[2023-11-08T18:57:42.419+0100][gc,phases     ] GC(984)   Evacuate Collection Set: 3,6ms
[2023-11-08T18:57:42.419+0100][gc,phases     ] GC(984)   Post Evacuate Collection Set: 0,6ms
[2023-11-08T18:57:42.419+0100][gc,phases     ] GC(984)   Other: 0,3ms
[2023-11-08T18:57:42.419+0100][gc,heap       ] GC(984) Eden regions: 90->0(45)
[2023-11-08T18:57:42.419+0100][gc,heap       ] GC(984) Survivor regions: 6->6(12)
[2023-11-08T18:57:42.419+0100][gc,heap       ] GC(984) Old regions: 95->95
[2023-11-08T18:57:42.419+0100][gc,heap       ] GC(984) Humongous regions: 129->129
[2023-11-08T18:57:42.419+0100][gc,metaspace  ] GC(984) Metaspace: 48287K(52224K)->48287K(52224K) NonClass: 42312K(44544K)->42312K(44544K) Class: 5975K(7680K)->5975K(7680K)
[2023-11-08T18:57:42.419+0100][gc            ] GC(984) Pause Young (Prepare Mixed) (G1 Evacuation Pause) 317M->228M(1024M) 4,762ms
[2023-11-08T18:57:42.419+0100][gc,cpu        ] GC(984) User=0,03s Sys=0,02s Real=0,01s
[2023-11-08T18:57:42.567+0100][gc,start      ] GC(985) Pause Young (Mixed) (G1 Evacuation Pause)
[2023-11-08T18:57:42.567+0100][gc,task       ] GC(985) Using 13 workers of 13 for evacuation
[2023-11-08T18:57:42.571+0100][gc,phases     ] GC(985)   Pre Evacuate Collection Set: 0,0ms
[2023-11-08T18:57:42.571+0100][gc,phases     ] GC(985)   Evacuate Collection Set: 2,8ms
[2023-11-08T18:57:42.571+0100][gc,phases     ] GC(985)   Post Evacuate Collection Set: 0,6ms
[2023-11-08T18:57:42.571+0100][gc,phases     ] GC(985)   Other: 0,3ms
[2023-11-08T18:57:42.571+0100][gc,heap       ] GC(985) Eden regions: 45->0(394)
[2023-11-08T18:57:42.571+0100][gc,heap       ] GC(985) Survivor regions: 6->4(7)
[2023-11-08T18:57:42.571+0100][gc,heap       ] GC(985) Old regions: 95->97
[2023-11-08T18:57:42.571+0100][gc,heap       ] GC(985) Humongous regions: 129->129
[2023-11-08T18:57:42.571+0100][gc,metaspace  ] GC(985) Metaspace: 48287K(52224K)->48287K(52224K) NonClass: 42312K(44544K)->42312K(44544K) Class: 5975K(7680K)->5975K(7680K)
[2023-11-08T18:57:42.571+0100][gc            ] GC(985) Pause Young (Mixed) (G1 Evacuation Pause) 273M->227M(1024M) 3,894ms
[2023-11-08T18:57:42.571+0100][gc,cpu        ] GC(985) User=0,02s Sys=0,02s Real=0,00s
[2023-11-08T18:57:43.881+0100][gc,start      ] GC(986) Pause Young (Normal) (G1 Evacuation Pause)
[2023-11-08T18:57:43.881+0100][gc,task       ] GC(986) Using 13 workers of 13 for evacuation
[2023-11-08T18:57:43.886+0100][gc,phases     ] GC(986)   Pre Evacuate Collection Set: 0,0ms
[2023-11-08T18:57:43.886+0100][gc,phases     ] GC(986)   Evacuate Collection Set: 3,9ms
[2023-11-08T18:57:43.886+0100][gc,phases     ] GC(986)   Post Evacuate Collection Set: 0,6ms
[2023-11-08T18:57:43.886+0100][gc,phases     ] GC(986)   Other: 0,3ms
[2023-11-08T18:57:43.886+0100][gc,heap       ] GC(986) Eden regions: 394->0(116)
[2023-11-08T18:57:43.886+0100][gc,heap       ] GC(986) Survivor regions: 4->5(50)
[2023-11-08T18:57:43.886+0100][gc,heap       ] GC(986) Old regions: 97->97
[2023-11-08T18:57:43.886+0100][gc,heap       ] GC(986) Humongous regions: 129->129
[2023-11-08T18:57:43.886+0100][gc,metaspace  ] GC(986) Metaspace: 48287K(52224K)->48287K(52224K) NonClass: 42312K(44544K)->42312K(44544K) Class: 5975K(7680K)->5975K(7680K)
[2023-11-08T18:57:43.886+0100][gc            ] GC(986) Pause Young (Normal) (G1 Evacuation Pause) 621M->228M(1024M) 4,893ms
[2023-11-08T18:57:43.886+0100][gc,cpu        ] GC(986) User=0,04s Sys=0,01s Real=0,01s
[2023-11-08T18:57:44.263+0100][gc,start      ] GC(987) Pause Young (Normal) (G1 Evacuation Pause)
[2023-11-08T18:57:44.263+0100][gc,task       ] GC(987) Using 13 workers of 13 for evacuation
[2023-11-08T18:57:44.265+0100][gc,phases     ] GC(987)   Pre Evacuate Collection Set: 0,0ms
[2023-11-08T18:57:44.266+0100][gc,phases     ] GC(987)   Evacuate Collection Set: 1,8ms
[2023-11-08T18:57:44.266+0100][gc,phases     ] GC(987)   Post Evacuate Collection Set: 0,6ms
[2023-11-08T18:57:44.266+0100][gc,phases     ] GC(987)   Other: 0,2ms
[2023-11-08T18:57:44.266+0100][gc,heap       ] GC(987) Eden regions: 116->0(390)
[2023-11-08T18:57:44.266+0100][gc,heap       ] GC(987) Survivor regions: 5->5(16)
[2023-11-08T18:57:44.266+0100][gc,heap       ] GC(987) Old regions: 97->97
[2023-11-08T18:57:44.266+0100][gc,heap       ] GC(987) Humongous regions: 129->129
[2023-11-08T18:57:44.266+0100][gc,metaspace  ] GC(987) Metaspace: 48287K(52224K)->48287K(52224K) NonClass: 42312K(44544K)->42312K(44544K) Class: 5975K(7680K)->5975K(7680K)
[2023-11-08T18:57:44.266+0100][gc            ] GC(987) Pause Young (Normal) (G1 Evacuation Pause) 344M->228M(1024M) 2,805ms
[2023-11-08T18:57:44.266+0100][gc,cpu        ] GC(987) User=0,01s Sys=0,01s Real=0,00s
[2023-11-08T18:57:45.569+0100][gc,start      ] GC(988) Pause Young (Normal) (G1 Evacuation Pause)
[2023-11-08T18:57:45.569+0100][gc,task       ] GC(988) Using 13 workers of 13 for evacuation
[2023-11-08T18:57:45.573+0100][gc,phases     ] GC(988)   Pre Evacuate Collection Set: 0,0ms
[2023-11-08T18:57:45.573+0100][gc,phases     ] GC(988)   Evacuate Collection Set: 2,7ms
[2023-11-08T18:57:45.573+0100][gc,phases     ] GC(988)   Post Evacuate Collection Set: 0,6ms
[2023-11-08T18:57:45.573+0100][gc,phases     ] GC(988)   Other: 0,3ms
[2023-11-08T18:57:45.573+0100][gc,heap       ] GC(988) Eden regions: 390->0(506)
[2023-11-08T18:57:45.573+0100][gc,heap       ] GC(988) Survivor regions: 5->6(50)
[2023-11-08T18:57:45.573+0100][gc,heap       ] GC(988) Old regions: 97->97
[2023-11-08T18:57:45.573+0100][gc,heap       ] GC(988) Humongous regions: 129->129
[2023-11-08T18:57:45.573+0100][gc,metaspace  ] GC(988) Metaspace: 48287K(52224K)->48287K(52224K) NonClass: 42312K(44544K)->42312K(44544K) Class: 5975K(7680K)->5975K(7680K)
[2023-11-08T18:57:45.573+0100][gc            ] GC(988) Pause Young (Normal) (G1 Evacuation Pause) 618M->229M(1024M) 3,732ms
[2023-11-08T18:57:45.573+0100][gc,cpu        ] GC(988) User=0,04s Sys=0,00s Real=0,00s
[2023-11-08T18:57:47.350+0100][gc,start      ] GC(989) Pause Young (Normal) (G1 Evacuation Pause)
[2023-11-08T18:57:47.350+0100][gc,task       ] GC(989) Using 13 workers of 13 for evacuation
[2023-11-08T18:57:47.355+0100][gc,phases     ] GC(989)   Pre Evacuate Collection Set: 0,0ms
[2023-11-08T18:57:47.355+0100][gc,phases     ] GC(989)   Evacuate Collection Set: 3,1ms
[2023-11-08T18:57:47.355+0100][gc,phases     ] GC(989)   Post Evacuate Collection Set: 0,8ms
[2023-11-08T18:57:47.355+0100][gc,phases     ] GC(989)   Other: 0,3ms
[2023-11-08T18:57:47.355+0100][gc,heap       ] GC(989) Eden regions: 506->0(584)
[2023-11-08T18:57:47.355+0100][gc,heap       ] GC(989) Survivor regions: 6->7(64)
[2023-11-08T18:57:47.355+0100][gc,heap       ] GC(989) Old regions: 97->97
[2023-11-08T18:57:47.355+0100][gc,heap       ] GC(989) Humongous regions: 129->129
[2023-11-08T18:57:47.355+0100][gc,metaspace  ] GC(989) Metaspace: 48287K(52224K)->48287K(52224K) NonClass: 42312K(44544K)->42312K(44544K) Class: 5975K(7680K)->5975K(7680K)
[2023-11-08T18:57:47.355+0100][gc            ] GC(989) Pause Young (Normal) (G1 Evacuation Pause) 735M->231M(1024M) 4,333ms
[2023-11-08T18:57:47.355+0100][gc,cpu        ] GC(989) User=0,04s Sys=0,00s Real=0,01s
[2023-11-08T18:57:49.308+0100][gc,start      ] GC(990) Pause Young (Concurrent Start) (G1 Evacuation Pause)
[2023-11-08T18:57:49.308+0100][gc,task       ] GC(990) Using 13 workers of 13 for evacuation
[2023-11-08T18:57:49.312+0100][gc,phases     ] GC(990)   Pre Evacuate Collection Set: 0,2ms
[2023-11-08T18:57:49.312+0100][gc,phases     ] GC(990)   Evacuate Collection Set: 2,6ms
[2023-11-08T18:57:49.312+0100][gc,phases     ] GC(990)   Post Evacuate Collection Set: 0,6ms
[2023-11-08T18:57:49.312+0100][gc,phases     ] GC(990)   Other: 0,3ms
[2023-11-08T18:57:49.312+0100][gc,heap       ] GC(990) Eden regions: 584->0(599)
[2023-11-08T18:57:49.312+0100][gc,heap       ] GC(990) Survivor regions: 7->3(74)
[2023-11-08T18:57:49.312+0100][gc,heap       ] GC(990) Old regions: 97->97
[2023-11-08T18:57:49.312+0100][gc,heap       ] GC(990) Humongous regions: 129->129
[2023-11-08T18:57:49.312+0100][gc,metaspace  ] GC(990) Metaspace: 48287K(52224K)->48287K(52224K) NonClass: 42312K(44544K)->42312K(44544K) Class: 5975K(7680K)->5975K(7680K)
[2023-11-08T18:57:49.312+0100][gc            ] GC(990) Pause Young (Concurrent Start) (G1 Evacuation Pause) 815M->226M(1024M) 3,888ms
[2023-11-08T18:57:49.312+0100][gc,cpu        ] GC(990) User=0,00s Sys=0,03s Real=0,00s
[2023-11-08T18:57:49.312+0100][gc            ] GC(991) Concurrent Cycle
[2023-11-08T18:57:49.312+0100][gc,marking    ] GC(991) Concurrent Clear Claimed Marks
[2023-11-08T18:57:49.312+0100][gc,marking    ] GC(991) Concurrent Clear Claimed Marks 0,335ms
[2023-11-08T18:57:49.312+0100][gc,marking    ] GC(991) Concurrent Scan Root Regions
[2023-11-08T18:57:49.315+0100][gc,marking    ] GC(991) Concurrent Scan Root Regions 2,642ms
[2023-11-08T18:57:49.315+0100][gc,marking    ] GC(991) Concurrent Mark (6140,924s)
[2023-11-08T18:57:49.315+0100][gc,marking    ] GC(991) Concurrent Mark From Roots
[2023-11-08T18:57:49.315+0100][gc,task       ] GC(991) Using 3 workers of 3 for marking
[2023-11-08T18:57:49.335+0100][gc,marking    ] GC(991) Concurrent Mark From Roots 20,108ms
[2023-11-08T18:57:49.335+0100][gc,marking    ] GC(991) Concurrent Preclean
[2023-11-08T18:57:49.335+0100][gc,marking    ] GC(991) Concurrent Preclean 0,225ms
[2023-11-08T18:57:49.335+0100][gc,marking    ] GC(991) Concurrent Mark (6140,924s, 6140,944s) 20,406ms
[2023-11-08T18:57:49.336+0100][gc,start      ] GC(991) Pause Remark
[2023-11-08T18:57:49.339+0100][gc,stringtable] GC(991) Cleaned string and symbol table, strings: 18402 processed, 0 removed, symbols: 94795 processed, 0 removed
[2023-11-08T18:57:49.339+0100][gc            ] GC(991) Pause Remark 237M->237M(1024M) 3,531ms
[2023-11-08T18:57:49.339+0100][gc,cpu        ] GC(991) User=0,04s Sys=0,00s Real=0,00s
[2023-11-08T18:57:49.339+0100][gc,marking    ] GC(991) Concurrent Rebuild Remembered Sets
[2023-11-08T18:57:49.351+0100][gc,marking    ] GC(991) Concurrent Rebuild Remembered Sets 11,528ms
[2023-11-08T18:57:49.351+0100][gc,start      ] GC(991) Pause Cleanup
[2023-11-08T18:57:49.351+0100][gc            ] GC(991) Pause Cleanup 239M->239M(1024M) 0,164ms
[2023-11-08T18:57:49.351+0100][gc,cpu        ] GC(991) User=0,00s Sys=0,00s Real=0,00s
[2023-11-08T18:57:49.351+0100][gc,marking    ] GC(991) Concurrent Cleanup for Next Mark
[2023-11-08T18:57:49.353+0100][gc,marking    ] GC(991) Concurrent Cleanup for Next Mark 1,744ms
[2023-11-08T18:57:49.353+0100][gc            ] GC(991) Concurrent Cycle 40,981ms
[2023-11-08T18:57:49.617+0100][gc,start      ] GC(992) Pause Young (Prepare Mixed) (G1 Evacuation Pause)
[2023-11-08T18:57:49.617+0100][gc,task       ] GC(992) Using 13 workers of 13 for evacuation
[2023-11-08T18:57:49.620+0100][gc,phases     ] GC(992)   Pre Evacuate Collection Set: 0,0ms
[2023-11-08T18:57:49.620+0100][gc,phases     ] GC(992)   Evacuate Collection Set: 2,9ms
[2023-11-08T18:57:49.620+0100][gc,phases     ] GC(992)   Post Evacuate Collection Set: 0,4ms
[2023-11-08T18:57:49.620+0100][gc,phases     ] GC(992)   Other: 0,2ms
[2023-11-08T18:57:49.620+0100][gc,heap       ] GC(992) Eden regions: 96->0(49)
[2023-11-08T18:57:49.620+0100][gc,heap       ] GC(992) Survivor regions: 3->2(13)
[2023-11-08T18:57:49.620+0100][gc,heap       ] GC(992) Old regions: 97->97
[2023-11-08T18:57:49.620+0100][gc,heap       ] GC(992) Humongous regions: 129->129
[2023-11-08T18:57:49.620+0100][gc,metaspace  ] GC(992) Metaspace: 48287K(52224K)->48287K(52224K) NonClass: 42312K(44544K)->42312K(44544K) Class: 5975K(7680K)->5975K(7680K)
[2023-11-08T18:57:49.620+0100][gc            ] GC(992) Pause Young (Prepare Mixed) (G1 Evacuation Pause) 322M->226M(1024M) 3,605ms
[2023-11-08T18:57:49.620+0100][gc,cpu        ] GC(992) User=0,03s Sys=0,00s Real=0,00s
[2023-11-08T18:57:49.790+0100][gc,start      ] GC(993) Pause Young (Mixed) (G1 Evacuation Pause)
[2023-11-08T18:57:49.790+0100][gc,task       ] GC(993) Using 13 workers of 13 for evacuation
[2023-11-08T18:57:49.794+0100][gc,phases     ] GC(993)   Pre Evacuate Collection Set: 0,1ms
[2023-11-08T18:57:49.794+0100][gc,phases     ] GC(993)   Evacuate Collection Set: 3,7ms
[2023-11-08T18:57:49.794+0100][gc,phases     ] GC(993)   Post Evacuate Collection Set: 0,6ms
[2023-11-08T18:57:49.794+0100][gc,phases     ] GC(993)   Other: 0,4ms
[2023-11-08T18:57:49.794+0100][gc,heap       ] GC(993) Eden regions: 49->0(521)
[2023-11-08T18:57:49.794+0100][gc,heap       ] GC(993) Survivor regions: 2->2(7)
[2023-11-08T18:57:49.794+0100][gc,heap       ] GC(993) Old regions: 97->79
[2023-11-08T18:57:49.794+0100][gc,heap       ] GC(993) Humongous regions: 129->129
[2023-11-08T18:57:49.794+0100][gc,metaspace  ] GC(993) Metaspace: 48287K(52224K)->48287K(52224K) NonClass: 42312K(44544K)->42312K(44544K) Class: 5975K(7680K)->5975K(7680K)
[2023-11-08T18:57:49.794+0100][gc            ] GC(993) Pause Young (Mixed) (G1 Evacuation Pause) 275M->208M(1024M) 4,945ms
[2023-11-08T18:57:49.794+0100][gc,cpu        ] GC(993) User=0,04s Sys=0,01s Real=0,00s
[2023-11-08T18:57:51.525+0100][gc,start      ] GC(994) Pause Young (Normal) (G1 Evacuation Pause)
[2023-11-08T18:57:51.525+0100][gc,task       ] GC(994) Using 13 workers of 13 for evacuation
[2023-11-08T18:57:51.528+0100][gc,phases     ] GC(994)   Pre Evacuate Collection Set: 0,0ms
[2023-11-08T18:57:51.528+0100][gc,phases     ] GC(994)   Evacuate Collection Set: 2,3ms
[2023-11-08T18:57:51.528+0100][gc,phases     ] GC(994)   Post Evacuate Collection Set: 0,6ms
[2023-11-08T18:57:51.528+0100][gc,phases     ] GC(994)   Other: 0,3ms
[2023-11-08T18:57:51.528+0100][gc,heap       ] GC(994) Eden regions: 521->0(558)
[2023-11-08T18:57:51.528+0100][gc,heap       ] GC(994) Survivor regions: 2->4(66)
[2023-11-08T18:57:51.528+0100][gc,heap       ] GC(994) Old regions: 79->79
[2023-11-08T18:57:51.528+0100][gc,heap       ] GC(994) Humongous regions: 129->129
[2023-11-08T18:57:51.528+0100][gc,metaspace  ] GC(994) Metaspace: 48287K(52224K)->48287K(52224K) NonClass: 42312K(44544K)->42312K(44544K) Class: 5975K(7680K)->5975K(7680K)
[2023-11-08T18:57:51.529+0100][gc            ] GC(994) Pause Young (Normal) (G1 Evacuation Pause) 729M->209M(1024M) 3,417ms
[2023-11-08T18:57:51.529+0100][gc,cpu        ] GC(994) User=0,03s Sys=0,00s Real=0,00s
[2023-11-08T18:57:53.501+0100][gc,start      ] GC(995) Pause Young (Normal) (G1 Evacuation Pause)
[2023-11-08T18:57:53.501+0100][gc,task       ] GC(995) Using 13 workers of 13 for evacuation
[2023-11-08T18:57:53.505+0100][gc,phases     ] GC(995)   Pre Evacuate Collection Set: 0,0ms
[2023-11-08T18:57:53.505+0100][gc,phases     ] GC(995)   Evacuate Collection Set: 3,4ms
[2023-11-08T18:57:53.505+0100][gc,phases     ] GC(995)   Post Evacuate Collection Set: 0,7ms
[2023-11-08T18:57:53.505+0100][gc,phases     ] GC(995)   Other: 0,3ms
[2023-11-08T18:57:53.505+0100][gc,heap       ] GC(995) Eden regions: 558->0(594)
[2023-11-08T18:57:53.505+0100][gc,heap       ] GC(995) Survivor regions: 4->5(71)
[2023-11-08T18:57:53.505+0100][gc,heap       ] GC(995) Old regions: 79->79
[2023-11-08T18:57:53.505+0100][gc,heap       ] GC(995) Humongous regions: 129->129
[2023-11-08T18:57:53.505+0100][gc,metaspace  ] GC(995) Metaspace: 48287K(52224K)->48287K(52224K) NonClass: 42312K(44544K)->42312K(44544K) Class: 5975K(7680K)->5975K(7680K)
[2023-11-08T18:57:53.505+0100][gc            ] GC(995) Pause Young (Normal) (G1 Evacuation Pause) 767M->211M(1024M) 4,585ms
[2023-11-08T18:57:53.505+0100][gc,cpu        ] GC(995) User=0,04s Sys=0,01s Real=0,01s
[2023-11-08T18:57:55.508+0100][gc,start      ] GC(996) Pause Young (Concurrent Start) (G1 Evacuation Pause)
[2023-11-08T18:57:55.508+0100][gc,task       ] GC(996) Using 13 workers of 13 for evacuation
[2023-11-08T18:57:55.513+0100][gc,phases     ] GC(996)   Pre Evacuate Collection Set: 0,3ms
[2023-11-08T18:57:55.513+0100][gc,phases     ] GC(996)   Evacuate Collection Set: 4,2ms
[2023-11-08T18:57:55.513+0100][gc,phases     ] GC(996)   Post Evacuate Collection Set: 0,7ms
[2023-11-08T18:57:55.514+0100][gc,phases     ] GC(996)   Other: 0,3ms
[2023-11-08T18:57:55.514+0100][gc,heap       ] GC(996) Eden regions: 594->0(607)
[2023-11-08T18:57:55.514+0100][gc,heap       ] GC(996) Survivor regions: 5->7(75)
[2023-11-08T18:57:55.514+0100][gc,heap       ] GC(996) Old regions: 79->79
[2023-11-08T18:57:55.514+0100][gc,heap       ] GC(996) Humongous regions: 129->129
[2023-11-08T18:57:55.514+0100][gc,metaspace  ] GC(996) Metaspace: 48287K(52224K)->48287K(52224K) NonClass: 42312K(44544K)->42312K(44544K) Class: 5975K(7680K)->5975K(7680K)
[2023-11-08T18:57:55.514+0100][gc            ] GC(996) Pause Young (Concurrent Start) (G1 Evacuation Pause) 805M->213M(1024M) 5,551ms
[2023-11-08T18:57:55.514+0100][gc,cpu        ] GC(996) User=0,05s Sys=0,00s Real=0,00s
[2023-11-08T18:57:55.514+0100][gc            ] GC(997) Concurrent Cycle
[2023-11-08T18:57:55.514+0100][gc,marking    ] GC(997) Concurrent Clear Claimed Marks
[2023-11-08T18:57:55.514+0100][gc,marking    ] GC(997) Concurrent Clear Claimed Marks 0,346ms
[2023-11-08T18:57:55.514+0100][gc,marking    ] GC(997) Concurrent Scan Root Regions
[2023-11-08T18:57:55.517+0100][gc,marking    ] GC(997) Concurrent Scan Root Regions 2,653ms
[2023-11-08T18:57:55.517+0100][gc,marking    ] GC(997) Concurrent Mark (6147,125s)
[2023-11-08T18:57:55.517+0100][gc,marking    ] GC(997) Concurrent Mark From Roots
[2023-11-08T18:57:55.517+0100][gc,task       ] GC(997) Using 3 workers of 3 for marking
[2023-11-08T18:57:55.534+0100][gc,marking    ] GC(997) Concurrent Mark From Roots 17,664ms
[2023-11-08T18:57:55.534+0100][gc,marking    ] GC(997) Concurrent Preclean
[2023-11-08T18:57:55.535+0100][gc,marking    ] GC(997) Concurrent Preclean 0,216ms
[2023-11-08T18:57:55.535+0100][gc,marking    ] GC(997) Concurrent Mark (6147,125s, 6147,143s) 17,958ms
[2023-11-08T18:57:55.535+0100][gc,start      ] GC(997) Pause Remark
[2023-11-08T18:57:55.538+0100][gc,stringtable] GC(997) Cleaned string and symbol table, strings: 18402 processed, 0 removed, symbols: 94795 processed, 0 removed
[2023-11-08T18:57:55.538+0100][gc            ] GC(997) Pause Remark 223M->223M(1024M) 3,466ms
[2023-11-08T18:57:55.538+0100][gc,cpu        ] GC(997) User=0,02s Sys=0,02s Real=0,00s
[2023-11-08T18:57:55.538+0100][gc,marking    ] GC(997) Concurrent Rebuild Remembered Sets
[2023-11-08T18:57:55.550+0100][gc,marking    ] GC(997) Concurrent Rebuild Remembered Sets 11,850ms
[2023-11-08T18:57:55.550+0100][gc,start      ] GC(997) Pause Cleanup
[2023-11-08T18:57:55.551+0100][gc            ] GC(997) Pause Cleanup 223M->223M(1024M) 0,208ms
[2023-11-08T18:57:55.551+0100][gc,cpu        ] GC(997) User=0,00s Sys=0,00s Real=0,00s
[2023-11-08T18:57:55.551+0100][gc,marking    ] GC(997) Concurrent Cleanup for Next Mark
[2023-11-08T18:57:55.552+0100][gc,marking    ] GC(997) Concurrent Cleanup for Next Mark 1,817ms
[2023-11-08T18:57:55.553+0100][gc            ] GC(997) Concurrent Cycle 38,914ms
[2023-11-08T18:57:55.661+0100][gc,start      ] GC(998) Pause Young (Normal) (G1 Evacuation Pause)
[2023-11-08T18:57:55.661+0100][gc,task       ] GC(998) Using 13 workers of 13 for evacuation
[2023-11-08T18:57:55.667+0100][gc,phases     ] GC(998)   Pre Evacuate Collection Set: 0,0ms
[2023-11-08T18:57:55.667+0100][gc,phases     ] GC(998)   Evacuate Collection Set: 5,5ms
[2023-11-08T18:57:55.667+0100][gc,phases     ] GC(998)   Post Evacuate Collection Set: 0,6ms
[2023-11-08T18:57:55.667+0100][gc,phases     ] GC(998)   Other: 0,3ms
[2023-11-08T18:57:55.667+0100][gc,heap       ] GC(998) Eden regions: 44->0(144)
[2023-11-08T18:57:55.667+0100][gc,heap       ] GC(998) Survivor regions: 7->5(7)
[2023-11-08T18:57:55.667+0100][gc,heap       ] GC(998) Old regions: 79->83
[2023-11-08T18:57:55.667+0100][gc,heap       ] GC(998) Humongous regions: 129->129
[2023-11-08T18:57:55.667+0100][gc,metaspace  ] GC(998) Metaspace: 48287K(52224K)->48287K(52224K) NonClass: 42312K(44544K)->42312K(44544K) Class: 5975K(7680K)->5975K(7680K)
[2023-11-08T18:57:55.667+0100][gc            ] GC(998) Pause Young (Normal) (G1 Evacuation Pause) 257M->213M(1024M) 6,505ms
[2023-11-08T18:57:55.667+0100][gc,cpu        ] GC(998) User=0,05s Sys=0,02s Real=0,01s
[2023-11-08T18:57:56.144+0100][gc,start      ] GC(999) Pause Young (Concurrent Start) (G1 Evacuation Pause)
[2023-11-08T18:57:56.144+0100][gc,task       ] GC(999) Using 13 workers of 13 for evacuation
[2023-11-08T18:57:56.148+0100][gc,phases     ] GC(999)   Pre Evacuate Collection Set: 0,3ms
[2023-11-08T18:57:56.148+0100][gc,phases     ] GC(999)   Evacuate Collection Set: 3,5ms
[2023-11-08T18:57:56.148+0100][gc,phases     ] GC(999)   Post Evacuate Collection Set: 0,5ms
[2023-11-08T18:57:56.148+0100][gc,phases     ] GC(999)   Other: 0,3ms
[2023-11-08T18:57:56.148+0100][gc,heap       ] GC(999) Eden regions: 144->0(185)
[2023-11-08T18:57:56.148+0100][gc,heap       ] GC(999) Survivor regions: 5->5(19)
[2023-11-08T18:57:56.148+0100][gc,heap       ] GC(999) Old regions: 83->83
[2023-11-08T18:57:56.148+0100][gc,heap       ] GC(999) Humongous regions: 129->129
[2023-11-08T18:57:56.148+0100][gc,metaspace  ] GC(999) Metaspace: 48287K(52224K)->48287K(52224K) NonClass: 42312K(44544K)->42312K(44544K) Class: 5975K(7680K)->5975K(7680K)
[2023-11-08T18:57:56.148+0100][gc            ] GC(999) Pause Young (Concurrent Start) (G1 Evacuation Pause) 357M->213M(1024M) 4,659ms
[2023-11-08T18:57:56.149+0100][gc,cpu        ] GC(999) User=0,01s Sys=0,03s Real=0,00s
[2023-11-08T18:57:56.149+0100][gc            ] GC(1000) Concurrent Cycle
[2023-11-08T18:57:56.149+0100][gc,marking    ] GC(1000) Concurrent Clear Claimed Marks
[2023-11-08T18:57:56.149+0100][gc,marking    ] GC(1000) Concurrent Clear Claimed Marks 0,362ms
[2023-11-08T18:57:56.149+0100][gc,marking    ] GC(1000) Concurrent Scan Root Regions
[2023-11-08T18:57:56.150+0100][gc,marking    ] GC(1000) Concurrent Scan Root Regions 1,368ms
[2023-11-08T18:57:56.150+0100][gc,marking    ] GC(1000) Concurrent Mark (6147,759s)
[2023-11-08T18:57:56.150+0100][gc,marking    ] GC(1000) Concurrent Mark From Roots
[2023-11-08T18:57:56.150+0100][gc,task       ] GC(1000) Using 3 workers of 3 for marking
[2023-11-08T18:57:56.170+0100][gc,marking    ] GC(1000) Concurrent Mark From Roots 19,999ms
[2023-11-08T18:57:56.170+0100][gc,marking    ] GC(1000) Concurrent Preclean
[2023-11-08T18:57:56.171+0100][gc,marking    ] GC(1000) Concurrent Preclean 0,258ms
[2023-11-08T18:57:56.171+0100][gc,marking    ] GC(1000) Concurrent Mark (6147,759s, 6147,779s) 20,340ms
[2023-11-08T18:57:56.171+0100][gc,start      ] GC(1000) Pause Remark
[2023-11-08T18:57:56.174+0100][gc,stringtable] GC(1000) Cleaned string and symbol table, strings: 18402 processed, 0 removed, symbols: 94795 processed, 0 removed
[2023-11-08T18:57:56.174+0100][gc            ] GC(1000) Pause Remark 220M->220M(1024M) 3,476ms
[2023-11-08T18:57:56.174+0100][gc,cpu        ] GC(1000) User=0,01s Sys=0,02s Real=0,00s
[2023-11-08T18:57:56.174+0100][gc,marking    ] GC(1000) Concurrent Rebuild Remembered Sets
[2023-11-08T18:57:56.188+0100][gc,marking    ] GC(1000) Concurrent Rebuild Remembered Sets 13,498ms
[2023-11-08T18:57:56.188+0100][gc,start      ] GC(1000) Pause Cleanup
[2023-11-08T18:57:56.188+0100][gc            ] GC(1000) Pause Cleanup 224M->224M(1024M) 0,156ms
[2023-11-08T18:57:56.188+0100][gc,cpu        ] GC(1000) User=0,00s Sys=0,00s Real=0,00s
[2023-11-08T18:57:56.188+0100][gc,marking    ] GC(1000) Concurrent Cleanup for Next Mark
[2023-11-08T18:57:56.190+0100][gc,marking    ] GC(1000) Concurrent Cleanup for Next Mark 1,843ms
[2023-11-08T18:57:56.190+0100][gc            ] GC(1000) Concurrent Cycle 41,627ms
[2023-11-08T18:57:56.322+0100][gc,start      ] GC(1001) Pause Young (Prepare Mixed) (G1 Evacuation Pause)
[2023-11-08T18:57:56.322+0100][gc,task       ] GC(1001) Using 13 workers of 13 for evacuation
[2023-11-08T18:57:56.328+0100][gc,phases     ] GC(1001)   Pre Evacuate Collection Set: 0,0ms
[2023-11-08T18:57:56.328+0100][gc,phases     ] GC(1001)   Evacuate Collection Set: 4,6ms
[2023-11-08T18:57:56.328+0100][gc,phases     ] GC(1001)   Post Evacuate Collection Set: 0,6ms
[2023-11-08T18:57:56.328+0100][gc,phases     ] GC(1001)   Other: 0,3ms
[2023-11-08T18:57:56.328+0100][gc,heap       ] GC(1001) Eden regions: 52->0(46)
[2023-11-08T18:57:56.328+0100][gc,heap       ] GC(1001) Survivor regions: 5->5(8)
[2023-11-08T18:57:56.328+0100][gc,heap       ] GC(1001) Old regions: 83->83
[2023-11-08T18:57:56.328+0100][gc,heap       ] GC(1001) Humongous regions: 129->129
[2023-11-08T18:57:56.328+0100][gc,metaspace  ] GC(1001) Metaspace: 48287K(52224K)->48287K(52224K) NonClass: 42312K(44544K)->42312K(44544K) Class: 5975K(7680K)->5975K(7680K)
[2023-11-08T18:57:56.328+0100][gc            ] GC(1001) Pause Young (Prepare Mixed) (G1 Evacuation Pause) 265M->214M(1024M) 5,617ms
[2023-11-08T18:57:56.328+0100][gc,cpu        ] GC(1001) User=0,04s Sys=0,00s Real=0,01s
[2023-11-08T18:57:56.477+0100][gc,start      ] GC(1002) Pause Young (Mixed) (G1 Evacuation Pause)
[2023-11-08T18:57:56.477+0100][gc,task       ] GC(1002) Using 13 workers of 13 for evacuation
[2023-11-08T18:57:56.481+0100][gc,phases     ] GC(1002)   Pre Evacuate Collection Set: 0,0ms
[2023-11-08T18:57:56.481+0100][gc,phases     ] GC(1002)   Evacuate Collection Set: 3,3ms
[2023-11-08T18:57:56.481+0100][gc,phases     ] GC(1002)   Post Evacuate Collection Set: 0,5ms
[2023-11-08T18:57:56.481+0100][gc,phases     ] GC(1002)   Other: 0,3ms
[2023-11-08T18:57:56.481+0100][gc,heap       ] GC(1002) Eden regions: 46->0(291)
[2023-11-08T18:57:56.481+0100][gc,heap       ] GC(1002) Survivor regions: 5->3(7)
[2023-11-08T18:57:56.481+0100][gc,heap       ] GC(1002) Old regions: 83->83
[2023-11-08T18:57:56.481+0100][gc,heap       ] GC(1002) Humongous regions: 129->129
[2023-11-08T18:57:56.481+0100][gc,metaspace  ] GC(1002) Metaspace: 48287K(52224K)->48287K(52224K) NonClass: 42312K(44544K)->42312K(44544K) Class: 5975K(7680K)->5975K(7680K)
[2023-11-08T18:57:56.481+0100][gc            ] GC(1002) Pause Young (Mixed) (G1 Evacuation Pause) 260M->213M(1024M) 4,081ms
[2023-11-08T18:57:56.481+0100][gc,cpu        ] GC(1002) User=0,03s Sys=0,00s Real=0,00s
[2023-11-08T18:57:57.457+0100][gc,start      ] GC(1003) Pause Young (Normal) (G1 Evacuation Pause)
[2023-11-08T18:57:57.458+0100][gc,task       ] GC(1003) Using 13 workers of 13 for evacuation
[2023-11-08T18:57:57.462+0100][gc,phases     ] GC(1003)   Pre Evacuate Collection Set: 0,0ms
[2023-11-08T18:57:57.462+0100][gc,phases     ] GC(1003)   Evacuate Collection Set: 3,5ms
[2023-11-08T18:57:57.462+0100][gc,phases     ] GC(1003)   Post Evacuate Collection Set: 0,4ms
[2023-11-08T18:57:57.462+0100][gc,phases     ] GC(1003)   Other: 0,2ms
[2023-11-08T18:57:57.462+0100][gc,heap       ] GC(1003) Eden regions: 291->0(306)
[2023-11-08T18:57:57.462+0100][gc,heap       ] GC(1003) Survivor regions: 3->4(37)
[2023-11-08T18:57:57.462+0100][gc,heap       ] GC(1003) Old regions: 83->83
[2023-11-08T18:57:57.462+0100][gc,heap       ] GC(1003) Humongous regions: 129->129
[2023-11-08T18:57:57.462+0100][gc,metaspace  ] GC(1003) Metaspace: 48287K(52224K)->48287K(52224K) NonClass: 42312K(44544K)->42312K(44544K) Class: 5975K(7680K)->5975K(7680K)
[2023-11-08T18:57:57.462+0100][gc            ] GC(1003) Pause Young (Normal) (G1 Evacuation Pause) 504M->213M(1024M) 4,287ms
[2023-11-08T18:57:57.462+0100][gc,cpu        ] GC(1003) User=0,04s Sys=0,00s Real=0,00s
[2023-11-08T18:57:58.497+0100][gc,start      ] GC(1004) Pause Young (Normal) (G1 Evacuation Pause)
[2023-11-08T18:57:58.497+0100][gc,task       ] GC(1004) Using 13 workers of 13 for evacuation
[2023-11-08T18:57:58.500+0100][gc,phases     ] GC(1004)   Pre Evacuate Collection Set: 0,0ms
[2023-11-08T18:57:58.500+0100][gc,phases     ] GC(1004)   Evacuate Collection Set: 2,5ms
[2023-11-08T18:57:58.500+0100][gc,phases     ] GC(1004)   Post Evacuate Collection Set: 0,6ms
[2023-11-08T18:57:58.500+0100][gc,phases     ] GC(1004)   Other: 0,2ms
[2023-11-08T18:57:58.500+0100][gc,heap       ] GC(1004) Eden regions: 306->0(388)
[2023-11-08T18:57:58.501+0100][gc,heap       ] GC(1004) Survivor regions: 4->5(39)
[2023-11-08T18:57:58.501+0100][gc,heap       ] GC(1004) Old regions: 83->83
[2023-11-08T18:57:58.501+0100][gc,heap       ] GC(1004) Humongous regions: 129->129
[2023-11-08T18:57:58.501+0100][gc,metaspace  ] GC(1004) Metaspace: 48287K(52224K)->48287K(52224K) NonClass: 42312K(44544K)->42312K(44544K) Class: 5975K(7680K)->5975K(7680K)
[2023-11-08T18:57:58.501+0100][gc            ] GC(1004) Pause Young (Normal) (G1 Evacuation Pause) 519M->214M(1024M) 3,481ms
[2023-11-08T18:57:58.501+0100][gc,cpu        ] GC(1004) User=0,03s Sys=0,00s Real=0,00s
[2023-11-08T18:57:59.878+0100][gc,start      ] GC(1005) Pause Young (Normal) (G1 Evacuation Pause)
[2023-11-08T18:57:59.878+0100][gc,task       ] GC(1005) Using 13 workers of 13 for evacuation
[2023-11-08T18:57:59.881+0100][gc,phases     ] GC(1005)   Pre Evacuate Collection Set: 0,0ms
[2023-11-08T18:57:59.881+0100][gc,phases     ] GC(1005)   Evacuate Collection Set: 2,5ms
[2023-11-08T18:57:59.881+0100][gc,phases     ] GC(1005)   Post Evacuate Collection Set: 0,5ms
[2023-11-08T18:57:59.881+0100][gc,phases     ] GC(1005)   Other: 0,2ms
[2023-11-08T18:57:59.881+0100][gc,heap       ] GC(1005) Eden regions: 388->0(449)
[2023-11-08T18:57:59.881+0100][gc,heap       ] GC(1005) Survivor regions: 5->6(50)
[2023-11-08T18:57:59.881+0100][gc,heap       ] GC(1005) Old regions: 83->83
[2023-11-08T18:57:59.881+0100][gc,heap       ] GC(1005) Humongous regions: 129->129
[2023-11-08T18:57:59.881+0100][gc,metaspace  ] GC(1005) Metaspace: 48287K(52224K)->48287K(52224K) NonClass: 42312K(44544K)->42312K(44544K) Class: 5975K(7680K)->5975K(7680K)
[2023-11-08T18:57:59.881+0100][gc            ] GC(1005) Pause Young (Normal) (G1 Evacuation Pause) 602M->215M(1024M) 3,343ms
[2023-11-08T18:57:59.881+0100][gc,cpu        ] GC(1005) User=0,04s Sys=0,00s Real=0,00s
[2023-11-08T18:58:01.360+0100][gc,start      ] GC(1006) Pause Young (Normal) (G1 Evacuation Pause)
[2023-11-08T18:58:01.360+0100][gc,task       ] GC(1006) Using 13 workers of 13 for evacuation
[2023-11-08T18:58:01.364+0100][gc,phases     ] GC(1006)   Pre Evacuate Collection Set: 0,0ms
[2023-11-08T18:58:01.364+0100][gc,phases     ] GC(1006)   Evacuate Collection Set: 3,4ms
[2023-11-08T18:58:01.364+0100][gc,phases     ] GC(1006)   Post Evacuate Collection Set: 0,7ms
[2023-11-08T18:58:01.364+0100][gc,phases     ] GC(1006)   Other: 0,3ms
[2023-11-08T18:58:01.364+0100][gc,heap       ] GC(1006) Eden regions: 449->0(512)
[2023-11-08T18:58:01.364+0100][gc,heap       ] GC(1006) Survivor regions: 6->7(57)
[2023-11-08T18:58:01.364+0100][gc,heap       ] GC(1006) Old regions: 83->83
[2023-11-08T18:58:01.364+0100][gc,heap       ] GC(1006) Humongous regions: 129->129
[2023-11-08T18:58:01.364+0100][gc,metaspace  ] GC(1006) Metaspace: 48287K(52224K)->48287K(52224K) NonClass: 42312K(44544K)->42312K(44544K) Class: 5975K(7680K)->5975K(7680K)
[2023-11-08T18:58:01.364+0100][gc            ] GC(1006) Pause Young (Normal) (G1 Evacuation Pause) 664M->217M(1024M) 4,710ms
[2023-11-08T18:58:01.364+0100][gc,cpu        ] GC(1006) User=0,03s Sys=0,01s Real=0,01s
[2023-11-08T18:58:03.058+0100][gc,start      ] GC(1007) Pause Young (Normal) (G1 Evacuation Pause)
[2023-11-08T18:58:03.058+0100][gc,task       ] GC(1007) Using 13 workers of 13 for evacuation
[2023-11-08T18:58:03.064+0100][gc,phases     ] GC(1007)   Pre Evacuate Collection Set: 0,0ms
[2023-11-08T18:58:03.064+0100][gc,phases     ] GC(1007)   Evacuate Collection Set: 5,2ms
[2023-11-08T18:58:03.064+0100][gc,phases     ] GC(1007)   Post Evacuate Collection Set: 0,5ms
[2023-11-08T18:58:03.064+0100][gc,phases     ] GC(1007)   Other: 0,3ms
[2023-11-08T18:58:03.064+0100][gc,heap       ] GC(1007) Eden regions: 512->0(552)
[2023-11-08T18:58:03.064+0100][gc,heap       ] GC(1007) Survivor regions: 7->9(65)
[2023-11-08T18:58:03.064+0100][gc,heap       ] GC(1007) Old regions: 83->83
[2023-11-08T18:58:03.064+0100][gc,heap       ] GC(1007) Humongous regions: 129->129
[2023-11-08T18:58:03.064+0100][gc,metaspace  ] GC(1007) Metaspace: 48287K(52224K)->48287K(52224K) NonClass: 42312K(44544K)->42312K(44544K) Class: 5975K(7680K)->5975K(7680K)
[2023-11-08T18:58:03.064+0100][gc            ] GC(1007) Pause Young (Normal) (G1 Evacuation Pause) 729M->218M(1024M) 6,071ms
[2023-11-08T18:58:03.064+0100][gc,cpu        ] GC(1007) User=0,03s Sys=0,03s Real=0,01s
[2023-11-08T18:58:04.993+0100][gc,start      ] GC(1008) Pause Young (Normal) (G1 Evacuation Pause)
[2023-11-08T18:58:04.993+0100][gc,task       ] GC(1008) Using 13 workers of 13 for evacuation
[2023-11-08T18:58:04.998+0100][gc,phases     ] GC(1008)   Pre Evacuate Collection Set: 0,0ms
[2023-11-08T18:58:04.999+0100][gc,phases     ] GC(1008)   Evacuate Collection Set: 4,5ms
[2023-11-08T18:58:04.999+0100][gc,phases     ] GC(1008)   Post Evacuate Collection Set: 0,7ms
[2023-11-08T18:58:04.999+0100][gc,phases     ] GC(1008)   Other: 0,3ms
[2023-11-08T18:58:04.999+0100][gc,heap       ] GC(1008) Eden regions: 552->0(588)
[2023-11-08T18:58:04.999+0100][gc,heap       ] GC(1008) Survivor regions: 9->10(71)
[2023-11-08T18:58:04.999+0100][gc,heap       ] GC(1008) Old regions: 83->83
[2023-11-08T18:58:04.999+0100][gc,heap       ] GC(1008) Humongous regions: 129->129
[2023-11-08T18:58:04.999+0100][gc,metaspace  ] GC(1008) Metaspace: 48287K(52224K)->48287K(52224K) NonClass: 42312K(44544K)->42312K(44544K) Class: 5975K(7680K)->5975K(7680K)
[2023-11-08T18:58:04.999+0100][gc            ] GC(1008) Pause Young (Normal) (G1 Evacuation Pause) 770M->220M(1024M) 5,642ms
[2023-11-08T18:58:04.999+0100][gc,cpu        ] GC(1008) User=0,05s Sys=0,00s Real=0,01s
[2023-11-08T18:58:07.036+0100][gc,start      ] GC(1009) Pause Young (Concurrent Start) (G1 Evacuation Pause)
[2023-11-08T18:58:07.036+0100][gc,task       ] GC(1009) Using 13 workers of 13 for evacuation
[2023-11-08T18:58:07.042+0100][gc,phases     ] GC(1009)   Pre Evacuate Collection Set: 0,2ms
[2023-11-08T18:58:07.042+0100][gc,phases     ] GC(1009)   Evacuate Collection Set: 4,9ms
[2023-11-08T18:58:07.042+0100][gc,phases     ] GC(1009)   Post Evacuate Collection Set: 0,6ms
[2023-11-08T18:58:07.042+0100][gc,phases     ] GC(1009)   Other: 0,2ms
[2023-11-08T18:58:07.042+0100][gc,heap       ] GC(1009) Eden regions: 588->0(602)
[2023-11-08T18:58:07.042+0100][gc,heap       ] GC(1009) Survivor regions: 10->12(75)
[2023-11-08T18:58:07.042+0100][gc,heap       ] GC(1009) Old regions: 83->83
[2023-11-08T18:58:07.042+0100][gc,heap       ] GC(1009) Humongous regions: 129->129
[2023-11-08T18:58:07.042+0100][gc,metaspace  ] GC(1009) Metaspace: 48287K(52224K)->48287K(52224K) NonClass: 42312K(44544K)->42312K(44544K) Class: 5975K(7680K)->5975K(7680K)
[2023-11-08T18:58:07.042+0100][gc            ] GC(1009) Pause Young (Concurrent Start) (G1 Evacuation Pause) 808M->221M(1024M) 5,998ms
[2023-11-08T18:58:07.042+0100][gc,cpu        ] GC(1009) User=0,05s Sys=0,00s Real=0,00s
[2023-11-08T18:58:07.042+0100][gc            ] GC(1010) Concurrent Cycle
[2023-11-08T18:58:07.042+0100][gc,marking    ] GC(1010) Concurrent Clear Claimed Marks
[2023-11-08T18:58:07.042+0100][gc,marking    ] GC(1010) Concurrent Clear Claimed Marks 0,402ms
[2023-11-08T18:58:07.042+0100][gc,marking    ] GC(1010) Concurrent Scan Root Regions
[2023-11-08T18:58:07.045+0100][gc,marking    ] GC(1010) Concurrent Scan Root Regions 2,801ms
[2023-11-08T18:58:07.045+0100][gc,marking    ] GC(1010) Concurrent Mark (6158,654s)
[2023-11-08T18:58:07.045+0100][gc,marking    ] GC(1010) Concurrent Mark From Roots
[2023-11-08T18:58:07.045+0100][gc,task       ] GC(1010) Using 3 workers of 3 for marking
[2023-11-08T18:58:07.067+0100][gc,marking    ] GC(1010) Concurrent Mark From Roots 21,979ms
[2023-11-08T18:58:07.067+0100][gc,marking    ] GC(1010) Concurrent Preclean
[2023-11-08T18:58:07.067+0100][gc,marking    ] GC(1010) Concurrent Preclean 0,210ms
[2023-11-08T18:58:07.067+0100][gc,marking    ] GC(1010) Concurrent Mark (6158,654s, 6158,676s) 22,257ms
[2023-11-08T18:58:07.068+0100][gc,start      ] GC(1010) Pause Remark
[2023-11-08T18:58:07.070+0100][gc,stringtable] GC(1010) Cleaned string and symbol table, strings: 18402 processed, 0 removed, symbols: 94795 processed, 0 removed
[2023-11-08T18:58:07.071+0100][gc            ] GC(1010) Pause Remark 234M->234M(1024M) 3,140ms
[2023-11-08T18:58:07.071+0100][gc,cpu        ] GC(1010) User=0,04s Sys=0,00s Real=0,00s
[2023-11-08T18:58:07.071+0100][gc,marking    ] GC(1010) Concurrent Rebuild Remembered Sets
[2023-11-08T18:58:07.084+0100][gc,marking    ] GC(1010) Concurrent Rebuild Remembered Sets 12,868ms
[2023-11-08T18:58:07.084+0100][gc,start      ] GC(1010) Pause Cleanup
[2023-11-08T18:58:07.084+0100][gc            ] GC(1010) Pause Cleanup 237M->237M(1024M) 0,195ms
[2023-11-08T18:58:07.084+0100][gc,cpu        ] GC(1010) User=0,00s Sys=0,00s Real=0,00s
[2023-11-08T18:58:07.084+0100][gc,marking    ] GC(1010) Concurrent Cleanup for Next Mark
[2023-11-08T18:58:07.086+0100][gc,marking    ] GC(1010) Concurrent Cleanup for Next Mark 1,828ms
[2023-11-08T18:58:07.086+0100][gc            ] GC(1010) Concurrent Cycle 44,108ms
[2023-11-08T18:58:07.329+0100][gc,start      ] GC(1011) Pause Young (Normal) (G1 Evacuation Pause)
[2023-11-08T18:58:07.329+0100][gc,task       ] GC(1011) Using 13 workers of 13 for evacuation
[2023-11-08T18:58:07.336+0100][gc,phases     ] GC(1011)   Pre Evacuate Collection Set: 0,0ms
[2023-11-08T18:58:07.336+0100][gc,phases     ] GC(1011)   Evacuate Collection Set: 5,8ms
[2023-11-08T18:58:07.336+0100][gc,phases     ] GC(1011)   Post Evacuate Collection Set: 0,5ms
[2023-11-08T18:58:07.336+0100][gc,phases     ] GC(1011)   Other: 0,3ms
[2023-11-08T18:58:07.336+0100][gc,heap       ] GC(1011) Eden regions: 90->0(443)
[2023-11-08T18:58:07.336+0100][gc,heap       ] GC(1011) Survivor regions: 12->7(13)
[2023-11-08T18:58:07.336+0100][gc,heap       ] GC(1011) Old regions: 83->88
[2023-11-08T18:58:07.336+0100][gc,heap       ] GC(1011) Humongous regions: 129->129
[2023-11-08T18:58:07.336+0100][gc,metaspace  ] GC(1011) Metaspace: 48287K(52224K)->48287K(52224K) NonClass: 42312K(44544K)->42312K(44544K) Class: 5975K(7680K)->5975K(7680K)
[2023-11-08T18:58:07.336+0100][gc            ] GC(1011) Pause Young (Normal) (G1 Evacuation Pause) 311M->222M(1024M) 6,699ms
[2023-11-08T18:58:07.336+0100][gc,cpu        ] GC(1011) User=0,08s Sys=0,00s Real=0,01s
[2023-11-08T18:58:08.802+0100][gc,start      ] GC(1012) Pause Young (Concurrent Start) (G1 Evacuation Pause)
[2023-11-08T18:58:08.802+0100][gc,task       ] GC(1012) Using 13 workers of 13 for evacuation
[2023-11-08T18:58:08.807+0100][gc,phases     ] GC(1012)   Pre Evacuate Collection Set: 0,2ms
[2023-11-08T18:58:08.807+0100][gc,phases     ] GC(1012)   Evacuate Collection Set: 3,8ms
[2023-11-08T18:58:08.807+0100][gc,phases     ] GC(1012)   Post Evacuate Collection Set: 0,7ms
[2023-11-08T18:58:08.807+0100][gc,phases     ] GC(1012)   Other: 0,3ms
[2023-11-08T18:58:08.807+0100][gc,heap       ] GC(1012) Eden regions: 443->0(523)
[2023-11-08T18:58:08.807+0100][gc,heap       ] GC(1012) Survivor regions: 7->8(57)
[2023-11-08T18:58:08.807+0100][gc,heap       ] GC(1012) Old regions: 88->88
[2023-11-08T18:58:08.807+0100][gc,heap       ] GC(1012) Humongous regions: 129->129
[2023-11-08T18:58:08.807+0100][gc,metaspace  ] GC(1012) Metaspace: 48287K(52224K)->48287K(52224K) NonClass: 42312K(44544K)->42312K(44544K) Class: 5975K(7680K)->5975K(7680K)
[2023-11-08T18:58:08.807+0100][gc            ] GC(1012) Pause Young (Concurrent Start) (G1 Evacuation Pause) 665M->223M(1024M) 5,113ms
[2023-11-08T18:58:08.807+0100][gc,cpu        ] GC(1012) User=0,03s Sys=0,01s Real=0,01s
[2023-11-08T18:58:08.807+0100][gc            ] GC(1013) Concurrent Cycle
[2023-11-08T18:58:08.807+0100][gc,marking    ] GC(1013) Concurrent Clear Claimed Marks
[2023-11-08T18:58:08.808+0100][gc,marking    ] GC(1013) Concurrent Clear Claimed Marks 0,356ms
[2023-11-08T18:58:08.808+0100][gc,marking    ] GC(1013) Concurrent Scan Root Regions
[2023-11-08T18:58:08.810+0100][gc,marking    ] GC(1013) Concurrent Scan Root Regions 2,262ms
[2023-11-08T18:58:08.810+0100][gc,marking    ] GC(1013) Concurrent Mark (6160,419s)
[2023-11-08T18:58:08.810+0100][gc,marking    ] GC(1013) Concurrent Mark From Roots
[2023-11-08T18:58:08.810+0100][gc,task       ] GC(1013) Using 3 workers of 3 for marking
[2023-11-08T18:58:08.835+0100][gc,marking    ] GC(1013) Concurrent Mark From Roots 24,807ms
[2023-11-08T18:58:08.835+0100][gc,marking    ] GC(1013) Concurrent Preclean
[2023-11-08T18:58:08.835+0100][gc,marking    ] GC(1013) Concurrent Preclean 0,202ms
[2023-11-08T18:58:08.835+0100][gc,marking    ] GC(1013) Concurrent Mark (6160,419s, 6160,444s) 25,061ms
[2023-11-08T18:58:08.835+0100][gc,start      ] GC(1013) Pause Remark
[2023-11-08T18:58:08.838+0100][gc,stringtable] GC(1013) Cleaned string and symbol table, strings: 18402 processed, 0 removed, symbols: 94795 processed, 0 removed
[2023-11-08T18:58:08.839+0100][gc            ] GC(1013) Pause Remark 233M->233M(1024M) 3,411ms
[2023-11-08T18:58:08.839+0100][gc,cpu        ] GC(1013) User=0,01s Sys=0,02s Real=0,00s
[2023-11-08T18:58:08.839+0100][gc,marking    ] GC(1013) Concurrent Rebuild Remembered Sets
[2023-11-08T18:58:08.854+0100][gc,marking    ] GC(1013) Concurrent Rebuild Remembered Sets 15,480ms
[2023-11-08T18:58:08.854+0100][gc,start      ] GC(1013) Pause Cleanup
[2023-11-08T18:58:08.855+0100][gc            ] GC(1013) Pause Cleanup 238M->238M(1024M) 0,210ms
[2023-11-08T18:58:08.855+0100][gc,cpu        ] GC(1013) User=0,00s Sys=0,00s Real=0,00s
[2023-11-08T18:58:08.855+0100][gc,marking    ] GC(1013) Concurrent Cleanup for Next Mark
[2023-11-08T18:58:08.856+0100][gc,marking    ] GC(1013) Concurrent Cleanup for Next Mark 1,802ms
[2023-11-08T18:58:08.856+0100][gc            ] GC(1013) Concurrent Cycle 49,198ms
[2023-11-08T18:58:09.128+0100][gc,start      ] GC(1014) Pause Young (Normal) (G1 Evacuation Pause)
[2023-11-08T18:58:09.128+0100][gc,task       ] GC(1014) Using 13 workers of 13 for evacuation
[2023-11-08T18:58:09.133+0100][gc,phases     ] GC(1014)   Pre Evacuate Collection Set: 0,0ms
[2023-11-08T18:58:09.133+0100][gc,phases     ] GC(1014)   Evacuate Collection Set: 4,2ms
[2023-11-08T18:58:09.133+0100][gc,phases     ] GC(1014)   Post Evacuate Collection Set: 0,5ms
[2023-11-08T18:58:09.133+0100][gc,phases     ] GC(1014)   Other: 0,2ms
[2023-11-08T18:58:09.133+0100][gc,heap       ] GC(1014) Eden regions: 98->0(389)
[2023-11-08T18:58:09.133+0100][gc,heap       ] GC(1014) Survivor regions: 8->7(14)
[2023-11-08T18:58:09.133+0100][gc,heap       ] GC(1014) Old regions: 88->90
[2023-11-08T18:58:09.133+0100][gc,heap       ] GC(1014) Humongous regions: 129->129
[2023-11-08T18:58:09.133+0100][gc,metaspace  ] GC(1014) Metaspace: 48287K(52224K)->48287K(52224K) NonClass: 42312K(44544K)->42312K(44544K) Class: 5975K(7680K)->5975K(7680K)
[2023-11-08T18:58:09.133+0100][gc            ] GC(1014) Pause Young (Normal) (G1 Evacuation Pause) 321M->223M(1024M) 5,097ms
[2023-11-08T18:58:09.133+0100][gc,cpu        ] GC(1014) User=0,05s Sys=0,01s Real=0,00s
[2023-11-08T18:58:10.482+0100][gc,start      ] GC(1015) Pause Young (Concurrent Start) (G1 Evacuation Pause)
[2023-11-08T18:58:10.482+0100][gc,task       ] GC(1015) Using 13 workers of 13 for evacuation
[2023-11-08T18:58:10.487+0100][gc,phases     ] GC(1015)   Pre Evacuate Collection Set: 0,2ms
[2023-11-08T18:58:10.487+0100][gc,phases     ] GC(1015)   Evacuate Collection Set: 3,8ms
[2023-11-08T18:58:10.487+0100][gc,phases     ] GC(1015)   Post Evacuate Collection Set: 0,6ms
[2023-11-08T18:58:10.487+0100][gc,phases     ] GC(1015)   Other: 0,3ms
[2023-11-08T18:58:10.487+0100][gc,heap       ] GC(1015) Eden regions: 389->0(455)
[2023-11-08T18:58:10.487+0100][gc,heap       ] GC(1015) Survivor regions: 7->8(50)
[2023-11-08T18:58:10.487+0100][gc,heap       ] GC(1015) Old regions: 90->90
[2023-11-08T18:58:10.487+0100][gc,heap       ] GC(1015) Humongous regions: 129->129
[2023-11-08T18:58:10.487+0100][gc,metaspace  ] GC(1015) Metaspace: 48287K(52224K)->48287K(52224K) NonClass: 42312K(44544K)->42312K(44544K) Class: 5975K(7680K)->5975K(7680K)
[2023-11-08T18:58:10.487+0100][gc            ] GC(1015) Pause Young (Concurrent Start) (G1 Evacuation Pause) 612M->224M(1024M) 5,087ms
[2023-11-08T18:58:10.487+0100][gc,cpu        ] GC(1015) User=0,04s Sys=0,00s Real=0,01s
[2023-11-08T18:58:10.487+0100][gc            ] GC(1016) Concurrent Cycle
[2023-11-08T18:58:10.487+0100][gc,marking    ] GC(1016) Concurrent Clear Claimed Marks
[2023-11-08T18:58:10.488+0100][gc,marking    ] GC(1016) Concurrent Clear Claimed Marks 0,378ms
[2023-11-08T18:58:10.488+0100][gc,marking    ] GC(1016) Concurrent Scan Root Regions
[2023-11-08T18:58:10.490+0100][gc,marking    ] GC(1016) Concurrent Scan Root Regions 2,178ms
[2023-11-08T18:58:10.490+0100][gc,marking    ] GC(1016) Concurrent Mark (6162,098s)
[2023-11-08T18:58:10.490+0100][gc,marking    ] GC(1016) Concurrent Mark From Roots
[2023-11-08T18:58:10.490+0100][gc,task       ] GC(1016) Using 3 workers of 3 for marking
[2023-11-08T18:58:10.514+0100][gc,marking    ] GC(1016) Concurrent Mark From Roots 24,424ms
[2023-11-08T18:58:10.514+0100][gc,marking    ] GC(1016) Concurrent Preclean
[2023-11-08T18:58:10.515+0100][gc,marking    ] GC(1016) Concurrent Preclean 0,333ms
[2023-11-08T18:58:10.515+0100][gc,marking    ] GC(1016) Concurrent Mark (6162,098s, 6162,123s) 24,859ms
[2023-11-08T18:58:10.515+0100][gc,start      ] GC(1016) Pause Remark
[2023-11-08T18:58:10.518+0100][gc,stringtable] GC(1016) Cleaned string and symbol table, strings: 18402 processed, 0 removed, symbols: 94795 processed, 0 removed
[2023-11-08T18:58:10.518+0100][gc            ] GC(1016) Pause Remark 235M->235M(1024M) 3,627ms
[2023-11-08T18:58:10.519+0100][gc,cpu        ] GC(1016) User=0,02s Sys=0,02s Real=0,00s
[2023-11-08T18:58:10.519+0100][gc,marking    ] GC(1016) Concurrent Rebuild Remembered Sets
[2023-11-08T18:58:10.534+0100][gc,marking    ] GC(1016) Concurrent Rebuild Remembered Sets 15,418ms
[2023-11-08T18:58:10.534+0100][gc,start      ] GC(1016) Pause Cleanup
[2023-11-08T18:58:10.534+0100][gc            ] GC(1016) Pause Cleanup 240M->240M(1024M) 0,214ms
[2023-11-08T18:58:10.534+0100][gc,cpu        ] GC(1016) User=0,00s Sys=0,00s Real=0,00s
[2023-11-08T18:58:10.534+0100][gc,marking    ] GC(1016) Concurrent Cleanup for Next Mark
[2023-11-08T18:58:10.536+0100][gc,marking    ] GC(1016) Concurrent Cleanup for Next Mark 1,769ms
[2023-11-08T18:58:10.536+0100][gc            ] GC(1016) Concurrent Cycle 49,092ms
[2023-11-08T18:58:10.638+0100][gc,start      ] GC(1017) Pause Young (Normal) (G1 Evacuation Pause)
[2023-11-08T18:58:10.638+0100][gc,task       ] GC(1017) Using 13 workers of 13 for evacuation
[2023-11-08T18:58:10.644+0100][gc,phases     ] GC(1017)   Pre Evacuate Collection Set: 0,0ms
[2023-11-08T18:58:10.644+0100][gc,phases     ] GC(1017)   Evacuate Collection Set: 4,5ms
[2023-11-08T18:58:10.644+0100][gc,phases     ] GC(1017)   Post Evacuate Collection Set: 0,6ms
[2023-11-08T18:58:10.644+0100][gc,phases     ] GC(1017)   Other: 0,3ms
[2023-11-08T18:58:10.644+0100][gc,heap       ] GC(1017) Eden regions: 45->0(361)
[2023-11-08T18:58:10.644+0100][gc,heap       ] GC(1017) Survivor regions: 8->4(7)
[2023-11-08T18:58:10.644+0100][gc,heap       ] GC(1017) Old regions: 90->94
[2023-11-08T18:58:10.644+0100][gc,heap       ] GC(1017) Humongous regions: 129->129
[2023-11-08T18:58:10.644+0100][gc,metaspace  ] GC(1017) Metaspace: 48287K(52224K)->48287K(52224K) NonClass: 42312K(44544K)->42312K(44544K) Class: 5975K(7680K)->5975K(7680K)
[2023-11-08T18:58:10.644+0100][gc            ] GC(1017) Pause Young (Normal) (G1 Evacuation Pause) 269M->224M(1024M) 5,591ms
[2023-11-08T18:58:10.644+0100][gc,cpu        ] GC(1017) User=0,06s Sys=0,00s Real=0,01s
[2023-11-08T18:58:11.924+0100][gc,start      ] GC(1018) Pause Young (Normal) (G1 Evacuation Pause)
[2023-11-08T18:58:11.924+0100][gc,task       ] GC(1018) Using 13 workers of 13 for evacuation
[2023-11-08T18:58:11.928+0100][gc,phases     ] GC(1018)   Pre Evacuate Collection Set: 0,0ms
[2023-11-08T18:58:11.928+0100][gc,phases     ] GC(1018)   Evacuate Collection Set: 2,9ms
[2023-11-08T18:58:11.928+0100][gc,phases     ] GC(1018)   Post Evacuate Collection Set: 0,6ms
[2023-11-08T18:58:11.928+0100][gc,phases     ] GC(1018)   Other: 0,2ms
[2023-11-08T18:58:11.928+0100][gc,heap       ] GC(1018) Eden regions: 361->0(388)
[2023-11-08T18:58:11.928+0100][gc,heap       ] GC(1018) Survivor regions: 4->5(46)
[2023-11-08T18:58:11.928+0100][gc,heap       ] GC(1018) Old regions: 94->94
[2023-11-08T18:58:11.928+0100][gc,heap       ] GC(1018) Humongous regions: 129->129
[2023-11-08T18:58:11.928+0100][gc,metaspace  ] GC(1018) Metaspace: 48287K(52224K)->48287K(52224K) NonClass: 42312K(44544K)->42312K(44544K) Class: 5975K(7680K)->5975K(7680K)
[2023-11-08T18:58:11.928+0100][gc            ] GC(1018) Pause Young (Normal) (G1 Evacuation Pause) 585M->225M(1024M) 3,843ms
[2023-11-08T18:58:11.928+0100][gc,cpu        ] GC(1018) User=0,03s Sys=0,00s Real=0,00s
[2023-11-08T18:58:13.113+0100][gc,start      ] GC(1019) Pause Young (Normal) (G1 Evacuation Pause)
[2023-11-08T18:58:13.113+0100][gc,task       ] GC(1019) Using 13 workers of 13 for evacuation
[2023-11-08T18:58:13.117+0100][gc,phases     ] GC(1019)   Pre Evacuate Collection Set: 0,0ms
[2023-11-08T18:58:13.117+0100][gc,phases     ] GC(1019)   Evacuate Collection Set: 3,5ms
[2023-11-08T18:58:13.117+0100][gc,phases     ] GC(1019)   Post Evacuate Collection Set: 0,6ms
[2023-11-08T18:58:13.118+0100][gc,phases     ] GC(1019)   Other: 0,2ms
[2023-11-08T18:58:13.118+0100][gc,heap       ] GC(1019) Eden regions: 388->0(444)
[2023-11-08T18:58:13.118+0100][gc,heap       ] GC(1019) Survivor regions: 5->6(50)
[2023-11-08T18:58:13.118+0100][gc,heap       ] GC(1019) Old regions: 94->94
[2023-11-08T18:58:13.118+0100][gc,heap       ] GC(1019) Humongous regions: 129->129
[2023-11-08T18:58:13.118+0100][gc,metaspace  ] GC(1019) Metaspace: 48287K(52224K)->48287K(52224K) NonClass: 42312K(44544K)->42312K(44544K) Class: 5975K(7680K)->5975K(7680K)
[2023-11-08T18:58:13.118+0100][gc            ] GC(1019) Pause Young (Normal) (G1 Evacuation Pause) 613M->226M(1024M) 4,486ms
[2023-11-08T18:58:13.118+0100][gc,cpu        ] GC(1019) User=0,04s Sys=0,00s Real=0,01s
[2023-11-08T18:58:14.601+0100][gc,start      ] GC(1020) Pause Young (Normal) (G1 Evacuation Pause)
[2023-11-08T18:58:14.601+0100][gc,task       ] GC(1020) Using 13 workers of 13 for evacuation
[2023-11-08T18:58:14.605+0100][gc,phases     ] GC(1020)   Pre Evacuate Collection Set: 0,0ms
[2023-11-08T18:58:14.605+0100][gc,phases     ] GC(1020)   Evacuate Collection Set: 3,0ms
[2023-11-08T18:58:14.605+0100][gc,phases     ] GC(1020)   Post Evacuate Collection Set: 0,6ms
[2023-11-08T18:58:14.605+0100][gc,phases     ] GC(1020)   Other: 0,2ms
[2023-11-08T18:58:14.605+0100][gc,heap       ] GC(1020) Eden regions: 444->0(504)
[2023-11-08T18:58:14.605+0100][gc,heap       ] GC(1020) Survivor regions: 6->7(57)
[2023-11-08T18:58:14.605+0100][gc,heap       ] GC(1020) Old regions: 94->94
[2023-11-08T18:58:14.605+0100][gc,heap       ] GC(1020) Humongous regions: 129->129
[2023-11-08T18:58:14.605+0100][gc,metaspace  ] GC(1020) Metaspace: 48287K(52224K)->48287K(52224K) NonClass: 42312K(44544K)->42312K(44544K) Class: 5975K(7680K)->5975K(7680K)
[2023-11-08T18:58:14.605+0100][gc            ] GC(1020) Pause Young (Normal) (G1 Evacuation Pause) 670M->227M(1024M) 4,035ms
[2023-11-08T18:58:14.605+0100][gc,cpu        ] GC(1020) User=0,04s Sys=0,00s Real=0,01s
[2023-11-08T18:58:16.310+0100][gc,start      ] GC(1021) Pause Young (Normal) (G1 Evacuation Pause)
[2023-11-08T18:58:16.310+0100][gc,task       ] GC(1021) Using 13 workers of 13 for evacuation
[2023-11-08T18:58:16.314+0100][gc,phases     ] GC(1021)   Pre Evacuate Collection Set: 0,0ms
[2023-11-08T18:58:16.314+0100][gc,phases     ] GC(1021)   Evacuate Collection Set: 3,4ms
[2023-11-08T18:58:16.314+0100][gc,phases     ] GC(1021)   Post Evacuate Collection Set: 0,6ms
[2023-11-08T18:58:16.314+0100][gc,phases     ] GC(1021)   Other: 0,2ms
[2023-11-08T18:58:16.314+0100][gc,heap       ] GC(1021) Eden regions: 504->0(557)
[2023-11-08T18:58:16.314+0100][gc,heap       ] GC(1021) Survivor regions: 7->9(64)
[2023-11-08T18:58:16.314+0100][gc,heap       ] GC(1021) Old regions: 94->94
[2023-11-08T18:58:16.314+0100][gc,heap       ] GC(1021) Humongous regions: 129->129
[2023-11-08T18:58:16.314+0100][gc,metaspace  ] GC(1021) Metaspace: 48287K(52224K)->48287K(52224K) NonClass: 42312K(44544K)->42312K(44544K) Class: 5975K(7680K)->5975K(7680K)
[2023-11-08T18:58:16.314+0100][gc            ] GC(1021) Pause Young (Normal) (G1 Evacuation Pause) 731M->229M(1024M) 4,264ms
[2023-11-08T18:58:16.314+0100][gc,cpu        ] GC(1021) User=0,04s Sys=0,00s Real=0,00s
[2023-11-08T18:58:18.239+0100][gc,start      ] GC(1022) Pause Young (Normal) (G1 Evacuation Pause)
[2023-11-08T18:58:18.239+0100][gc,task       ] GC(1022) Using 13 workers of 13 for evacuation
[2023-11-08T18:58:18.244+0100][gc,phases     ] GC(1022)   Pre Evacuate Collection Set: 0,0ms
[2023-11-08T18:58:18.244+0100][gc,phases     ] GC(1022)   Evacuate Collection Set: 3,9ms
[2023-11-08T18:58:18.244+0100][gc,phases     ] GC(1022)   Post Evacuate Collection Set: 0,6ms
[2023-11-08T18:58:18.244+0100][gc,phases     ] GC(1022)   Other: 0,3ms
[2023-11-08T18:58:18.244+0100][gc,heap       ] GC(1022) Eden regions: 557->0(573)
[2023-11-08T18:58:18.244+0100][gc,heap       ] GC(1022) Survivor regions: 9->10(71)
[2023-11-08T18:58:18.244+0100][gc,heap       ] GC(1022) Old regions: 94->94
[2023-11-08T18:58:18.244+0100][gc,heap       ] GC(1022) Humongous regions: 129->129
[2023-11-08T18:58:18.244+0100][gc,metaspace  ] GC(1022) Metaspace: 48287K(52224K)->48287K(52224K) NonClass: 42312K(44544K)->42312K(44544K) Class: 5975K(7680K)->5975K(7680K)
[2023-11-08T18:58:18.244+0100][gc            ] GC(1022) Pause Young (Normal) (G1 Evacuation Pause) 786M->230M(1024M) 5,042ms
[2023-11-08T18:58:18.244+0100][gc,cpu        ] GC(1022) User=0,02s Sys=0,04s Real=0,01s
[2023-11-08T18:58:20.159+0100][gc,start      ] GC(1023) Pause Young (Concurrent Start) (G1 Evacuation Pause)
[2023-11-08T18:58:20.159+0100][gc,task       ] GC(1023) Using 13 workers of 13 for evacuation
[2023-11-08T18:58:20.165+0100][gc,phases     ] GC(1023)   Pre Evacuate Collection Set: 0,2ms
[2023-11-08T18:58:20.165+0100][gc,phases     ] GC(1023)   Evacuate Collection Set: 5,0ms
[2023-11-08T18:58:20.165+0100][gc,phases     ] GC(1023)   Post Evacuate Collection Set: 0,6ms
[2023-11-08T18:58:20.165+0100][gc,phases     ] GC(1023)   Other: 0,3ms
[2023-11-08T18:58:20.165+0100][gc,heap       ] GC(1023) Eden regions: 573->0(585)
[2023-11-08T18:58:20.165+0100][gc,heap       ] GC(1023) Survivor regions: 10->12(73)
[2023-11-08T18:58:20.165+0100][gc,heap       ] GC(1023) Old regions: 94->94
[2023-11-08T18:58:20.165+0100][gc,heap       ] GC(1023) Humongous regions: 129->129
[2023-11-08T18:58:20.165+0100][gc,metaspace  ] GC(1023) Metaspace: 48287K(52224K)->48287K(52224K) NonClass: 42312K(44544K)->42312K(44544K) Class: 5975K(7680K)->5975K(7680K)
[2023-11-08T18:58:20.165+0100][gc            ] GC(1023) Pause Young (Concurrent Start) (G1 Evacuation Pause) 803M->232M(1024M) 6,228ms
[2023-11-08T18:58:20.165+0100][gc,cpu        ] GC(1023) User=0,06s Sys=0,00s Real=0,01s
[2023-11-08T18:58:20.165+0100][gc            ] GC(1024) Concurrent Cycle
[2023-11-08T18:58:20.165+0100][gc,marking    ] GC(1024) Concurrent Clear Claimed Marks
[2023-11-08T18:58:20.166+0100][gc,marking    ] GC(1024) Concurrent Clear Claimed Marks 0,392ms
[2023-11-08T18:58:20.166+0100][gc,marking    ] GC(1024) Concurrent Scan Root Regions
[2023-11-08T18:58:20.169+0100][gc,marking    ] GC(1024) Concurrent Scan Root Regions 3,146ms
[2023-11-08T18:58:20.169+0100][gc,marking    ] GC(1024) Concurrent Mark (6171,777s)
[2023-11-08T18:58:20.169+0100][gc,marking    ] GC(1024) Concurrent Mark From Roots
[2023-11-08T18:58:20.169+0100][gc,task       ] GC(1024) Using 3 workers of 3 for marking
[2023-11-08T18:58:20.193+0100][gc,marking    ] GC(1024) Concurrent Mark From Roots 24,193ms
[2023-11-08T18:58:20.193+0100][gc,marking    ] GC(1024) Concurrent Preclean
[2023-11-08T18:58:20.193+0100][gc,marking    ] GC(1024) Concurrent Preclean 0,252ms
[2023-11-08T18:58:20.193+0100][gc,marking    ] GC(1024) Concurrent Mark (6171,777s, 6171,802s) 24,513ms
[2023-11-08T18:58:20.194+0100][gc,start      ] GC(1024) Pause Remark
[2023-11-08T18:58:20.197+0100][gc,stringtable] GC(1024) Cleaned string and symbol table, strings: 18402 processed, 0 removed, symbols: 94795 processed, 0 removed
[2023-11-08T18:58:20.197+0100][gc            ] GC(1024) Pause Remark 243M->243M(1024M) 3,616ms
[2023-11-08T18:58:20.197+0100][gc,cpu        ] GC(1024) User=0,03s Sys=0,00s Real=0,01s
[2023-11-08T18:58:20.197+0100][gc,marking    ] GC(1024) Concurrent Rebuild Remembered Sets
[2023-11-08T18:58:20.215+0100][gc,marking    ] GC(1024) Concurrent Rebuild Remembered Sets 17,546ms
[2023-11-08T18:58:20.215+0100][gc,start      ] GC(1024) Pause Cleanup
[2023-11-08T18:58:20.216+0100][gc            ] GC(1024) Pause Cleanup 248M->248M(1024M) 0,234ms
[2023-11-08T18:58:20.216+0100][gc,cpu        ] GC(1024) User=0,00s Sys=0,01s Real=0,00s
[2023-11-08T18:58:20.216+0100][gc,marking    ] GC(1024) Concurrent Cleanup for Next Mark
[2023-11-08T18:58:20.217+0100][gc,marking    ] GC(1024) Concurrent Cleanup for Next Mark 1,822ms
[2023-11-08T18:58:20.217+0100][gc            ] GC(1024) Concurrent Cycle 52,275ms
[2023-11-08T18:58:20.297+0100][gc,start      ] GC(1025) Pause Young (Prepare Mixed) (G1 Evacuation Pause)
[2023-11-08T18:58:20.297+0100][gc,task       ] GC(1025) Using 13 workers of 13 for evacuation
[2023-11-08T18:58:20.306+0100][gc,phases     ] GC(1025)   Pre Evacuate Collection Set: 0,0ms
[2023-11-08T18:58:20.306+0100][gc,phases     ] GC(1025)   Evacuate Collection Set: 8,5ms
[2023-11-08T18:58:20.306+0100][gc,phases     ] GC(1025)   Post Evacuate Collection Set: 0,6ms
[2023-11-08T18:58:20.306+0100][gc,phases     ] GC(1025)   Other: 0,3ms
[2023-11-08T18:58:20.306+0100][gc,heap       ] GC(1025) Eden regions: 39->0(46)
[2023-11-08T18:58:20.306+0100][gc,heap       ] GC(1025) Survivor regions: 12->5(7)
[2023-11-08T18:58:20.306+0100][gc,heap       ] GC(1025) Old regions: 94->102
[2023-11-08T18:58:20.306+0100][gc,heap       ] GC(1025) Humongous regions: 129->129
[2023-11-08T18:58:20.306+0100][gc,metaspace  ] GC(1025) Metaspace: 48287K(52224K)->48287K(52224K) NonClass: 42312K(44544K)->42312K(44544K) Class: 5975K(7680K)->5975K(7680K)
[2023-11-08T18:58:20.306+0100][gc            ] GC(1025) Pause Young (Prepare Mixed) (G1 Evacuation Pause) 271M->233M(1024M) 9,562ms
[2023-11-08T18:58:20.306+0100][gc,cpu        ] GC(1025) User=0,06s Sys=0,02s Real=0,01s
[2023-11-08T18:58:20.465+0100][gc,start      ] GC(1026) Pause Young (Mixed) (G1 Evacuation Pause)
[2023-11-08T18:58:20.465+0100][gc,task       ] GC(1026) Using 13 workers of 13 for evacuation
[2023-11-08T18:58:20.469+0100][gc,phases     ] GC(1026)   Pre Evacuate Collection Set: 0,0ms
[2023-11-08T18:58:20.469+0100][gc,phases     ] GC(1026)   Evacuate Collection Set: 3,2ms
[2023-11-08T18:58:20.469+0100][gc,phases     ] GC(1026)   Post Evacuate Collection Set: 0,5ms
[2023-11-08T18:58:20.469+0100][gc,phases     ] GC(1026)   Other: 0,3ms
[2023-11-08T18:58:20.469+0100][gc,heap       ] GC(1026) Eden regions: 46->0(339)
[2023-11-08T18:58:20.469+0100][gc,heap       ] GC(1026) Survivor regions: 5->4(7)
[2023-11-08T18:58:20.469+0100][gc,heap       ] GC(1026) Old regions: 102->102
[2023-11-08T18:58:20.469+0100][gc,heap       ] GC(1026) Humongous regions: 129->129
[2023-11-08T18:58:20.469+0100][gc,metaspace  ] GC(1026) Metaspace: 48287K(52224K)->48287K(52224K) NonClass: 42312K(44544K)->42312K(44544K) Class: 5975K(7680K)->5975K(7680K)
[2023-11-08T18:58:20.469+0100][gc            ] GC(1026) Pause Young (Mixed) (G1 Evacuation Pause) 279M->232M(1024M) 4,154ms
[2023-11-08T18:58:20.469+0100][gc,cpu        ] GC(1026) User=0,05s Sys=0,00s Real=0,00s
[2023-11-08T18:58:21.606+0100][gc,start      ] GC(1027) Pause Young (Normal) (G1 Evacuation Pause)
[2023-11-08T18:58:21.606+0100][gc,task       ] GC(1027) Using 13 workers of 13 for evacuation
[2023-11-08T18:58:21.609+0100][gc,phases     ] GC(1027)   Pre Evacuate Collection Set: 0,0ms
[2023-11-08T18:58:21.609+0100][gc,phases     ] GC(1027)   Evacuate Collection Set: 1,4ms
[2023-11-08T18:58:21.609+0100][gc,phases     ] GC(1027)   Post Evacuate Collection Set: 0,6ms
[2023-11-08T18:58:21.609+0100][gc,phases     ] GC(1027)   Other: 0,2ms
[2023-11-08T18:58:21.609+0100][gc,heap       ] GC(1027) Eden regions: 339->0(186)
[2023-11-08T18:58:21.609+0100][gc,heap       ] GC(1027) Survivor regions: 4->2(43)
[2023-11-08T18:58:21.609+0100][gc,heap       ] GC(1027) Old regions: 102->102
[2023-11-08T18:58:21.609+0100][gc,heap       ] GC(1027) Humongous regions: 129->129
[2023-11-08T18:58:21.609+0100][gc,metaspace  ] GC(1027) Metaspace: 48287K(52224K)->48287K(52224K) NonClass: 42312K(44544K)->42312K(44544K) Class: 5975K(7680K)->5975K(7680K)
[2023-11-08T18:58:21.609+0100][gc            ] GC(1027) Pause Young (Normal) (G1 Evacuation Pause) 571M->230M(1024M) 2,352ms
[2023-11-08T18:58:21.609+0100][gc,cpu        ] GC(1027) User=0,00s Sys=0,02s Real=0,00s
[2023-11-08T18:58:22.220+0100][gc,start      ] GC(1028) Pause Young (Normal) (G1 Evacuation Pause)
[2023-11-08T18:58:22.220+0100][gc,task       ] GC(1028) Using 13 workers of 13 for evacuation
[2023-11-08T18:58:22.222+0100][gc,phases     ] GC(1028)   Pre Evacuate Collection Set: 0,0ms
[2023-11-08T18:58:22.222+0100][gc,phases     ] GC(1028)   Evacuate Collection Set: 1,6ms
[2023-11-08T18:58:22.222+0100][gc,phases     ] GC(1028)   Post Evacuate Collection Set: 0,5ms
[2023-11-08T18:58:22.222+0100][gc,phases     ] GC(1028)   Other: 0,2ms
[2023-11-08T18:58:22.222+0100][gc,heap       ] GC(1028) Eden regions: 186->0(389)
[2023-11-08T18:58:22.222+0100][gc,heap       ] GC(1028) Survivor regions: 2->2(24)
[2023-11-08T18:58:22.222+0100][gc,heap       ] GC(1028) Old regions: 102->102
[2023-11-08T18:58:22.222+0100][gc,heap       ] GC(1028) Humongous regions: 129->129
[2023-11-08T18:58:22.222+0100][gc,metaspace  ] GC(1028) Metaspace: 48287K(52224K)->48287K(52224K) NonClass: 42312K(44544K)->42312K(44544K) Class: 5975K(7680K)->5975K(7680K)
[2023-11-08T18:58:22.222+0100][gc            ] GC(1028) Pause Young (Normal) (G1 Evacuation Pause) 416M->230M(1024M) 2,365ms
[2023-11-08T18:58:22.222+0100][gc,cpu        ] GC(1028) User=0,01s Sys=0,01s Real=0,00s
[2023-11-08T18:58:23.638+0100][gc,start      ] GC(1029) Pause Young (Normal) (G1 Evacuation Pause)
[2023-11-08T18:58:23.638+0100][gc,task       ] GC(1029) Using 13 workers of 13 for evacuation
[2023-11-08T18:58:23.641+0100][gc,phases     ] GC(1029)   Pre Evacuate Collection Set: 0,0ms
[2023-11-08T18:58:23.641+0100][gc,phases     ] GC(1029)   Evacuate Collection Set: 1,9ms
[2023-11-08T18:58:23.641+0100][gc,phases     ] GC(1029)   Post Evacuate Collection Set: 0,6ms
[2023-11-08T18:58:23.641+0100][gc,phases     ] GC(1029)   Other: 0,2ms
[2023-11-08T18:58:23.641+0100][gc,heap       ] GC(1029) Eden regions: 389->0(423)
[2023-11-08T18:58:23.641+0100][gc,heap       ] GC(1029) Survivor regions: 2->3(49)
[2023-11-08T18:58:23.641+0100][gc,heap       ] GC(1029) Old regions: 102->102
[2023-11-08T18:58:23.641+0100][gc,heap       ] GC(1029) Humongous regions: 129->129
[2023-11-08T18:58:23.641+0100][gc,metaspace  ] GC(1029) Metaspace: 48287K(52224K)->48287K(52224K) NonClass: 42312K(44544K)->42312K(44544K) Class: 5975K(7680K)->5975K(7680K)
[2023-11-08T18:58:23.641+0100][gc            ] GC(1029) Pause Young (Normal) (G1 Evacuation Pause) 619M->231M(1024M) 2,967ms
[2023-11-08T18:58:23.641+0100][gc,cpu        ] GC(1029) User=0,03s Sys=0,00s Real=0,00s
[2023-11-08T18:58:25.067+0100][gc,start      ] GC(1030) Pause Young (Normal) (G1 Evacuation Pause)
[2023-11-08T18:58:25.067+0100][gc,task       ] GC(1030) Using 13 workers of 13 for evacuation
[2023-11-08T18:58:25.070+0100][gc,phases     ] GC(1030)   Pre Evacuate Collection Set: 0,0ms
[2023-11-08T18:58:25.070+0100][gc,phases     ] GC(1030)   Evacuate Collection Set: 2,5ms
[2023-11-08T18:58:25.070+0100][gc,phases     ] GC(1030)   Post Evacuate Collection Set: 0,7ms
[2023-11-08T18:58:25.070+0100][gc,phases     ] GC(1030)   Other: 0,2ms
[2023-11-08T18:58:25.071+0100][gc,heap       ] GC(1030) Eden regions: 423->0(459)
[2023-11-08T18:58:25.071+0100][gc,heap       ] GC(1030) Survivor regions: 3->4(54)
[2023-11-08T18:58:25.071+0100][gc,heap       ] GC(1030) Old regions: 102->102
[2023-11-08T18:58:25.071+0100][gc,heap       ] GC(1030) Humongous regions: 129->129
[2023-11-08T18:58:25.071+0100][gc,metaspace  ] GC(1030) Metaspace: 48287K(52224K)->48287K(52224K) NonClass: 42312K(44544K)->42312K(44544K) Class: 5975K(7680K)->5975K(7680K)
[2023-11-08T18:58:25.071+0100][gc            ] GC(1030) Pause Young (Normal) (G1 Evacuation Pause) 654M->232M(1024M) 3,555ms
[2023-11-08T18:58:25.071+0100][gc,cpu        ] GC(1030) User=0,02s Sys=0,01s Real=0,00s
[2023-11-08T18:58:26.680+0100][gc,start      ] GC(1031) Pause Young (Normal) (G1 Evacuation Pause)
[2023-11-08T18:58:26.680+0100][gc,task       ] GC(1031) Using 13 workers of 13 for evacuation
[2023-11-08T18:58:26.684+0100][gc,phases     ] GC(1031)   Pre Evacuate Collection Set: 0,0ms
[2023-11-08T18:58:26.684+0100][gc,phases     ] GC(1031)   Evacuate Collection Set: 3,3ms
[2023-11-08T18:58:26.684+0100][gc,phases     ] GC(1031)   Post Evacuate Collection Set: 0,5ms
[2023-11-08T18:58:26.684+0100][gc,phases     ] GC(1031)   Other: 0,2ms
[2023-11-08T18:58:26.684+0100][gc,heap       ] GC(1031) Eden regions: 459->0(488)
[2023-11-08T18:58:26.684+0100][gc,heap       ] GC(1031) Survivor regions: 4->6(58)
[2023-11-08T18:58:26.684+0100][gc,heap       ] GC(1031) Old regions: 102->102
[2023-11-08T18:58:26.684+0100][gc,heap       ] GC(1031) Humongous regions: 129->129
[2023-11-08T18:58:26.684+0100][gc,metaspace  ] GC(1031) Metaspace: 48287K(52224K)->48287K(52224K) NonClass: 42312K(44544K)->42312K(44544K) Class: 5975K(7680K)->5975K(7680K)
[2023-11-08T18:58:26.684+0100][gc            ] GC(1031) Pause Young (Normal) (G1 Evacuation Pause) 691M->234M(1024M) 4,245ms
[2023-11-08T18:58:26.684+0100][gc,cpu        ] GC(1031) User=0,00s Sys=0,05s Real=0,01s
[2023-11-08T18:58:28.430+0100][gc,start      ] GC(1032) Pause Young (Concurrent Start) (G1 Evacuation Pause)
[2023-11-08T18:58:28.430+0100][gc,task       ] GC(1032) Using 13 workers of 13 for evacuation
[2023-11-08T18:58:28.435+0100][gc,phases     ] GC(1032)   Pre Evacuate Collection Set: 0,2ms
[2023-11-08T18:58:28.435+0100][gc,phases     ] GC(1032)   Evacuate Collection Set: 4,4ms
[2023-11-08T18:58:28.435+0100][gc,phases     ] GC(1032)   Post Evacuate Collection Set: 0,7ms
[2023-11-08T18:58:28.435+0100][gc,phases     ] GC(1032)   Other: 0,3ms
[2023-11-08T18:58:28.435+0100][gc,heap       ] GC(1032) Eden regions: 488->0(512)
[2023-11-08T18:58:28.435+0100][gc,heap       ] GC(1032) Survivor regions: 6->7(62)
[2023-11-08T18:58:28.435+0100][gc,heap       ] GC(1032) Old regions: 102->102
[2023-11-08T18:58:28.435+0100][gc,heap       ] GC(1032) Humongous regions: 129->129
[2023-11-08T18:58:28.435+0100][gc,metaspace  ] GC(1032) Metaspace: 48287K(52224K)->48287K(52224K) NonClass: 42312K(44544K)->42312K(44544K) Class: 5975K(7680K)->5975K(7680K)
[2023-11-08T18:58:28.435+0100][gc            ] GC(1032) Pause Young (Concurrent Start) (G1 Evacuation Pause) 722M->235M(1024M) 5,813ms
[2023-11-08T18:58:28.435+0100][gc,cpu        ] GC(1032) User=0,05s Sys=0,00s Real=0,01s
[2023-11-08T18:58:28.435+0100][gc            ] GC(1033) Concurrent Cycle
[2023-11-08T18:58:28.436+0100][gc,marking    ] GC(1033) Concurrent Clear Claimed Marks
[2023-11-08T18:58:28.436+0100][gc,marking    ] GC(1033) Concurrent Clear Claimed Marks 0,359ms
[2023-11-08T18:58:28.436+0100][gc,marking    ] GC(1033) Concurrent Scan Root Regions
[2023-11-08T18:58:28.439+0100][gc,marking    ] GC(1033) Concurrent Scan Root Regions 2,605ms
[2023-11-08T18:58:28.439+0100][gc,marking    ] GC(1033) Concurrent Mark (6180,047s)
[2023-11-08T18:58:28.439+0100][gc,marking    ] GC(1033) Concurrent Mark From Roots
[2023-11-08T18:58:28.439+0100][gc,task       ] GC(1033) Using 3 workers of 3 for marking
[2023-11-08T18:58:28.458+0100][gc,marking    ] GC(1033) Concurrent Mark From Roots 19,775ms
[2023-11-08T18:58:28.458+0100][gc,marking    ] GC(1033) Concurrent Preclean
[2023-11-08T18:58:28.459+0100][gc,marking    ] GC(1033) Concurrent Preclean 0,259ms
[2023-11-08T18:58:28.459+0100][gc,marking    ] GC(1033) Concurrent Mark (6180,047s, 6180,067s) 20,117ms
[2023-11-08T18:58:28.459+0100][gc,start      ] GC(1033) Pause Remark
[2023-11-08T18:58:28.462+0100][gc,stringtable] GC(1033) Cleaned string and symbol table, strings: 18402 processed, 0 removed, symbols: 94795 processed, 0 removed
[2023-11-08T18:58:28.463+0100][gc            ] GC(1033) Pause Remark 245M->244M(1024M) 3,842ms
[2023-11-08T18:58:28.463+0100][gc,cpu        ] GC(1033) User=0,03s Sys=0,00s Real=0,01s
[2023-11-08T18:58:28.463+0100][gc,marking    ] GC(1033) Concurrent Rebuild Remembered Sets
[2023-11-08T18:58:28.476+0100][gc,marking    ] GC(1033) Concurrent Rebuild Remembered Sets 13,272ms
[2023-11-08T18:58:28.476+0100][gc,start      ] GC(1033) Pause Cleanup
[2023-11-08T18:58:28.476+0100][gc            ] GC(1033) Pause Cleanup 246M->246M(1024M) 0,165ms
[2023-11-08T18:58:28.476+0100][gc,cpu        ] GC(1033) User=0,00s Sys=0,00s Real=0,00s
[2023-11-08T18:58:28.476+0100][gc,marking    ] GC(1033) Concurrent Cleanup for Next Mark
[2023-11-08T18:58:28.478+0100][gc,marking    ] GC(1033) Concurrent Cleanup for Next Mark 1,759ms
[2023-11-08T18:58:28.478+0100][gc            ] GC(1033) Concurrent Cycle 42,734ms
[2023-11-08T18:58:28.645+0100][gc,start      ] GC(1034) Pause Young (Prepare Mixed) (G1 Evacuation Pause)
[2023-11-08T18:58:28.645+0100][gc,task       ] GC(1034) Using 13 workers of 13 for evacuation
[2023-11-08T18:58:28.651+0100][gc,phases     ] GC(1034)   Pre Evacuate Collection Set: 0,0ms
[2023-11-08T18:58:28.651+0100][gc,phases     ] GC(1034)   Evacuate Collection Set: 5,6ms
[2023-11-08T18:58:28.651+0100][gc,phases     ] GC(1034)   Post Evacuate Collection Set: 0,4ms
[2023-11-08T18:58:28.652+0100][gc,phases     ] GC(1034)   Other: 0,2ms
[2023-11-08T18:58:28.652+0100][gc,heap       ] GC(1034) Eden regions: 60->0(46)
[2023-11-08T18:58:28.652+0100][gc,heap       ] GC(1034) Survivor regions: 7->5(9)
[2023-11-08T18:58:28.652+0100][gc,heap       ] GC(1034) Old regions: 101->102
[2023-11-08T18:58:28.652+0100][gc,heap       ] GC(1034) Humongous regions: 129->129
[2023-11-08T18:58:28.652+0100][gc,metaspace  ] GC(1034) Metaspace: 48287K(52224K)->48287K(52224K) NonClass: 42312K(44544K)->42312K(44544K) Class: 5975K(7680K)->5975K(7680K)
[2023-11-08T18:58:28.652+0100][gc            ] GC(1034) Pause Young (Prepare Mixed) (G1 Evacuation Pause) 294M->234M(1024M) 6,292ms
[2023-11-08T18:58:28.652+0100][gc,cpu        ] GC(1034) User=0,05s Sys=0,01s Real=0,00s
[2023-11-08T18:58:28.806+0100][gc,start      ] GC(1035) Pause Young (Mixed) (G1 Evacuation Pause)
[2023-11-08T18:58:28.806+0100][gc,task       ] GC(1035) Using 13 workers of 13 for evacuation
[2023-11-08T18:58:28.810+0100][gc,phases     ] GC(1035)   Pre Evacuate Collection Set: 0,1ms
[2023-11-08T18:58:28.810+0100][gc,phases     ] GC(1035)   Evacuate Collection Set: 3,7ms
[2023-11-08T18:58:28.810+0100][gc,phases     ] GC(1035)   Post Evacuate Collection Set: 0,4ms
[2023-11-08T18:58:28.810+0100][gc,phases     ] GC(1035)   Other: 0,3ms
[2023-11-08T18:58:28.810+0100][gc,heap       ] GC(1035) Eden regions: 46->0(447)
[2023-11-08T18:58:28.810+0100][gc,heap       ] GC(1035) Survivor regions: 5->3(7)
[2023-11-08T18:58:28.810+0100][gc,heap       ] GC(1035) Old regions: 102->83
[2023-11-08T18:58:28.810+0100][gc,heap       ] GC(1035) Humongous regions: 129->129
[2023-11-08T18:58:28.810+0100][gc,metaspace  ] GC(1035) Metaspace: 48287K(52224K)->48287K(52224K) NonClass: 42312K(44544K)->42312K(44544K) Class: 5975K(7680K)->5975K(7680K)
[2023-11-08T18:58:28.810+0100][gc            ] GC(1035) Pause Young (Mixed) (G1 Evacuation Pause) 280M->212M(1024M) 4,465ms
[2023-11-08T18:58:28.811+0100][gc,cpu        ] GC(1035) User=0,04s Sys=0,00s Real=0,00s
[2023-11-08T18:58:30.418+0100][gc,start      ] GC(1036) Pause Young (Normal) (G1 Evacuation Pause)
[2023-11-08T18:58:30.418+0100][gc,task       ] GC(1036) Using 13 workers of 13 for evacuation
[2023-11-08T18:58:30.421+0100][gc,phases     ] GC(1036)   Pre Evacuate Collection Set: 0,0ms
[2023-11-08T18:58:30.421+0100][gc,phases     ] GC(1036)   Evacuate Collection Set: 2,7ms
[2023-11-08T18:58:30.421+0100][gc,phases     ] GC(1036)   Post Evacuate Collection Set: 0,5ms
[2023-11-08T18:58:30.421+0100][gc,phases     ] GC(1036)   Other: 0,2ms
[2023-11-08T18:58:30.421+0100][gc,heap       ] GC(1036) Eden regions: 447->0(397)
[2023-11-08T18:58:30.421+0100][gc,heap       ] GC(1036) Survivor regions: 3->5(57)
[2023-11-08T18:58:30.421+0100][gc,heap       ] GC(1036) Old regions: 83->83
[2023-11-08T18:58:30.421+0100][gc,heap       ] GC(1036) Humongous regions: 129->129
[2023-11-08T18:58:30.421+0100][gc,metaspace  ] GC(1036) Metaspace: 48287K(52224K)->48287K(52224K) NonClass: 42312K(44544K)->42312K(44544K) Class: 5975K(7680K)->5975K(7680K)
[2023-11-08T18:58:30.421+0100][gc            ] GC(1036) Pause Young (Normal) (G1 Evacuation Pause) 659M->214M(1024M) 3,502ms
[2023-11-08T18:58:30.421+0100][gc,cpu        ] GC(1036) User=0,03s Sys=0,00s Real=0,00s
[2023-11-08T18:58:31.830+0100][gc,start      ] GC(1037) Pause Young (Normal) (G1 Evacuation Pause)
[2023-11-08T18:58:31.830+0100][gc,task       ] GC(1037) Using 13 workers of 13 for evacuation
[2023-11-08T18:58:31.834+0100][gc,phases     ] GC(1037)   Pre Evacuate Collection Set: 0,0ms
[2023-11-08T18:58:31.834+0100][gc,phases     ] GC(1037)   Evacuate Collection Set: 3,2ms
[2023-11-08T18:58:31.834+0100][gc,phases     ] GC(1037)   Post Evacuate Collection Set: 0,6ms
[2023-11-08T18:58:31.834+0100][gc,phases     ] GC(1037)   Other: 0,3ms
[2023-11-08T18:58:31.834+0100][gc,heap       ] GC(1037) Eden regions: 397->0(456)
[2023-11-08T18:58:31.834+0100][gc,heap       ] GC(1037) Survivor regions: 5->6(51)
[2023-11-08T18:58:31.834+0100][gc,heap       ] GC(1037) Old regions: 83->83
[2023-11-08T18:58:31.834+0100][gc,heap       ] GC(1037) Humongous regions: 129->129
[2023-11-08T18:58:31.834+0100][gc,metaspace  ] GC(1037) Metaspace: 48287K(52224K)->48287K(52224K) NonClass: 42312K(44544K)->42312K(44544K) Class: 5975K(7680K)->5975K(7680K)
[2023-11-08T18:58:31.834+0100][gc            ] GC(1037) Pause Young (Normal) (G1 Evacuation Pause) 611M->215M(1024M) 4,304ms
[2023-11-08T18:58:31.834+0100][gc,cpu        ] GC(1037) User=0,03s Sys=0,00s Real=0,00s
[2023-11-08T18:58:33.474+0100][gc,start      ] GC(1038) Pause Young (Normal) (G1 Evacuation Pause)
[2023-11-08T18:58:33.474+0100][gc,task       ] GC(1038) Using 13 workers of 13 for evacuation
[2023-11-08T18:58:33.479+0100][gc,phases     ] GC(1038)   Pre Evacuate Collection Set: 0,0ms
[2023-11-08T18:58:33.479+0100][gc,phases     ] GC(1038)   Evacuate Collection Set: 4,6ms
[2023-11-08T18:58:33.479+0100][gc,phases     ] GC(1038)   Post Evacuate Collection Set: 0,6ms
[2023-11-08T18:58:33.479+0100][gc,phases     ] GC(1038)   Other: 0,3ms
[2023-11-08T18:58:33.479+0100][gc,heap       ] GC(1038) Eden regions: 456->0(468)
[2023-11-08T18:58:33.479+0100][gc,heap       ] GC(1038) Survivor regions: 6->8(58)
[2023-11-08T18:58:33.479+0100][gc,heap       ] GC(1038) Old regions: 83->83
[2023-11-08T18:58:33.480+0100][gc,heap       ] GC(1038) Humongous regions: 129->129
[2023-11-08T18:58:33.480+0100][gc,metaspace  ] GC(1038) Metaspace: 48287K(52224K)->48287K(52224K) NonClass: 42312K(44544K)->42312K(44544K) Class: 5975K(7680K)->5975K(7680K)
[2023-11-08T18:58:33.480+0100][gc            ] GC(1038) Pause Young (Normal) (G1 Evacuation Pause) 671M->217M(1024M) 5,669ms
[2023-11-08T18:58:33.480+0100][gc,cpu        ] GC(1038) User=0,04s Sys=0,00s Real=0,01s
[2023-11-08T18:58:35.141+0100][gc,start      ] GC(1039) Pause Young (Normal) (G1 Evacuation Pause)
[2023-11-08T18:58:35.141+0100][gc,task       ] GC(1039) Using 13 workers of 13 for evacuation
[2023-11-08T18:58:35.145+0100][gc,phases     ] GC(1039)   Pre Evacuate Collection Set: 0,0ms
[2023-11-08T18:58:35.145+0100][gc,phases     ] GC(1039)   Evacuate Collection Set: 3,2ms
[2023-11-08T18:58:35.145+0100][gc,phases     ] GC(1039)   Post Evacuate Collection Set: 0,6ms
[2023-11-08T18:58:35.145+0100][gc,phases     ] GC(1039)   Other: 0,3ms
[2023-11-08T18:58:35.145+0100][gc,heap       ] GC(1039) Eden regions: 468->0(531)
[2023-11-08T18:58:35.145+0100][gc,heap       ] GC(1039) Survivor regions: 8->9(60)
[2023-11-08T18:58:35.145+0100][gc,heap       ] GC(1039) Old regions: 83->83
[2023-11-08T18:58:35.145+0100][gc,heap       ] GC(1039) Humongous regions: 129->129
[2023-11-08T18:58:35.145+0100][gc,metaspace  ] GC(1039) Metaspace: 48287K(52224K)->48287K(52224K) NonClass: 42312K(44544K)->42312K(44544K) Class: 5975K(7680K)->5975K(7680K)
[2023-11-08T18:58:35.145+0100][gc            ] GC(1039) Pause Young (Normal) (G1 Evacuation Pause) 685M->218M(1024M) 4,181ms
[2023-11-08T18:58:35.145+0100][gc,cpu        ] GC(1039) User=0,04s Sys=0,00s Real=0,01s
[2023-11-08T18:58:37.055+0100][gc,start      ] GC(1040) Pause Young (Normal) (G1 Evacuation Pause)
[2023-11-08T18:58:37.055+0100][gc,task       ] GC(1040) Using 13 workers of 13 for evacuation
[2023-11-08T18:58:37.060+0100][gc,phases     ] GC(1040)   Pre Evacuate Collection Set: 0,0ms
[2023-11-08T18:58:37.060+0100][gc,phases     ] GC(1040)   Evacuate Collection Set: 3,8ms
[2023-11-08T18:58:37.060+0100][gc,phases     ] GC(1040)   Post Evacuate Collection Set: 0,6ms
[2023-11-08T18:58:37.060+0100][gc,phases     ] GC(1040)   Other: 0,2ms
[2023-11-08T18:58:37.060+0100][gc,heap       ] GC(1040) Eden regions: 531->0(582)
[2023-11-08T18:58:37.060+0100][gc,heap       ] GC(1040) Survivor regions: 9->11(68)
[2023-11-08T18:58:37.060+0100][gc,heap       ] GC(1040) Old regions: 83->83
[2023-11-08T18:58:37.060+0100][gc,heap       ] GC(1040) Humongous regions: 129->129
[2023-11-08T18:58:37.060+0100][gc,metaspace  ] GC(1040) Metaspace: 48287K(52224K)->48287K(52224K) NonClass: 42312K(44544K)->42312K(44544K) Class: 5975K(7680K)->5975K(7680K)
[2023-11-08T18:58:37.060+0100][gc            ] GC(1040) Pause Young (Normal) (G1 Evacuation Pause) 749M->220M(1024M) 4,663ms
[2023-11-08T18:58:37.060+0100][gc,cpu        ] GC(1040) User=0,03s Sys=0,02s Real=0,00s
[2023-11-08T18:58:39.116+0100][gc,start      ] GC(1041) Pause Young (Concurrent Start) (G1 Evacuation Pause)
[2023-11-08T18:58:39.116+0100][gc,task       ] GC(1041) Using 13 workers of 13 for evacuation
[2023-11-08T18:58:39.121+0100][gc,phases     ] GC(1041)   Pre Evacuate Collection Set: 0,2ms
[2023-11-08T18:58:39.121+0100][gc,phases     ] GC(1041)   Evacuate Collection Set: 4,4ms
[2023-11-08T18:58:39.121+0100][gc,phases     ] GC(1041)   Post Evacuate Collection Set: 0,7ms
[2023-11-08T18:58:39.121+0100][gc,phases     ] GC(1041)   Other: 0,4ms
[2023-11-08T18:58:39.121+0100][gc,heap       ] GC(1041) Eden regions: 582->0(601)
[2023-11-08T18:58:39.121+0100][gc,heap       ] GC(1041) Survivor regions: 11->13(75)
[2023-11-08T18:58:39.121+0100][gc,heap       ] GC(1041) Old regions: 83->83
[2023-11-08T18:58:39.121+0100][gc,heap       ] GC(1041) Humongous regions: 129->129
[2023-11-08T18:58:39.121+0100][gc,metaspace  ] GC(1041) Metaspace: 48287K(52224K)->48287K(52224K) NonClass: 42312K(44544K)->42312K(44544K) Class: 5975K(7680K)->5975K(7680K)
[2023-11-08T18:58:39.121+0100][gc            ] GC(1041) Pause Young (Concurrent Start) (G1 Evacuation Pause) 802M->222M(1024M) 5,829ms
[2023-11-08T18:58:39.121+0100][gc,cpu        ] GC(1041) User=0,06s Sys=0,01s Real=0,00s
[2023-11-08T18:58:39.121+0100][gc            ] GC(1042) Concurrent Cycle
[2023-11-08T18:58:39.121+0100][gc,marking    ] GC(1042) Concurrent Clear Claimed Marks
[2023-11-08T18:58:39.122+0100][gc,marking    ] GC(1042) Concurrent Clear Claimed Marks 0,407ms
[2023-11-08T18:58:39.122+0100][gc,marking    ] GC(1042) Concurrent Scan Root Regions
[2023-11-08T18:58:39.124+0100][gc,marking    ] GC(1042) Concurrent Scan Root Regions 2,523ms
[2023-11-08T18:58:39.124+0100][gc,marking    ] GC(1042) Concurrent Mark (6190,733s)
[2023-11-08T18:58:39.124+0100][gc,marking    ] GC(1042) Concurrent Mark From Roots
[2023-11-08T18:58:39.124+0100][gc,task       ] GC(1042) Using 3 workers of 3 for marking
[2023-11-08T18:58:39.146+0100][gc,marking    ] GC(1042) Concurrent Mark From Roots 21,206ms
[2023-11-08T18:58:39.146+0100][gc,marking    ] GC(1042) Concurrent Preclean
[2023-11-08T18:58:39.146+0100][gc,marking    ] GC(1042) Concurrent Preclean 0,273ms
[2023-11-08T18:58:39.146+0100][gc,marking    ] GC(1042) Concurrent Mark (6190,733s, 6190,755s) 21,552ms
[2023-11-08T18:58:39.146+0100][gc,start      ] GC(1042) Pause Remark
[2023-11-08T18:58:39.149+0100][gc,stringtable] GC(1042) Cleaned string and symbol table, strings: 18402 processed, 0 removed, symbols: 94795 processed, 0 removed
[2023-11-08T18:58:39.150+0100][gc            ] GC(1042) Pause Remark 232M->232M(1024M) 3,418ms
[2023-11-08T18:58:39.150+0100][gc,cpu        ] GC(1042) User=0,03s Sys=0,00s Real=0,00s
[2023-11-08T18:58:39.150+0100][gc,marking    ] GC(1042) Concurrent Rebuild Remembered Sets
[2023-11-08T18:58:39.164+0100][gc,marking    ] GC(1042) Concurrent Rebuild Remembered Sets 14,076ms
[2023-11-08T18:58:39.164+0100][gc,start      ] GC(1042) Pause Cleanup
[2023-11-08T18:58:39.164+0100][gc            ] GC(1042) Pause Cleanup 234M->234M(1024M) 0,216ms
[2023-11-08T18:58:39.164+0100][gc,cpu        ] GC(1042) User=0,00s Sys=0,00s Real=0,00s
[2023-11-08T18:58:39.164+0100][gc,marking    ] GC(1042) Concurrent Cleanup for Next Mark
[2023-11-08T18:58:39.166+0100][gc,marking    ] GC(1042) Concurrent Cleanup for Next Mark 1,785ms
[2023-11-08T18:58:39.166+0100][gc            ] GC(1042) Concurrent Cycle 44,621ms
[2023-11-08T18:58:39.447+0100][gc,start      ] GC(1043) Pause Young (Normal) (G1 Evacuation Pause)
[2023-11-08T18:58:39.447+0100][gc,task       ] GC(1043) Using 13 workers of 13 for evacuation
[2023-11-08T18:58:39.453+0100][gc,phases     ] GC(1043)   Pre Evacuate Collection Set: 0,0ms
[2023-11-08T18:58:39.453+0100][gc,phases     ] GC(1043)   Evacuate Collection Set: 5,5ms
[2023-11-08T18:58:39.453+0100][gc,phases     ] GC(1043)   Post Evacuate Collection Set: 0,4ms
[2023-11-08T18:58:39.453+0100][gc,phases     ] GC(1043)   Other: 0,2ms
[2023-11-08T18:58:39.453+0100][gc,heap       ] GC(1043) Eden regions: 93->0(488)
[2023-11-08T18:58:39.453+0100][gc,heap       ] GC(1043) Survivor regions: 13->9(14)
[2023-11-08T18:58:39.453+0100][gc,heap       ] GC(1043) Old regions: 83->88
[2023-11-08T18:58:39.453+0100][gc,heap       ] GC(1043) Humongous regions: 129->129
[2023-11-08T18:58:39.453+0100][gc,metaspace  ] GC(1043) Metaspace: 48287K(52224K)->48287K(52224K) NonClass: 42312K(44544K)->42312K(44544K) Class: 5975K(7680K)->5975K(7680K)
[2023-11-08T18:58:39.453+0100][gc            ] GC(1043) Pause Young (Normal) (G1 Evacuation Pause) 315M->223M(1024M) 6,174ms
[2023-11-08T18:58:39.453+0100][gc,cpu        ] GC(1043) User=0,05s Sys=0,01s Real=0,00s
[2023-11-08T18:58:41.204+0100][gc,start      ] GC(1044) Pause Young (Concurrent Start) (G1 Evacuation Pause)
[2023-11-08T18:58:41.204+0100][gc,task       ] GC(1044) Using 13 workers of 13 for evacuation
[2023-11-08T18:58:41.208+0100][gc,phases     ] GC(1044)   Pre Evacuate Collection Set: 0,2ms
[2023-11-08T18:58:41.208+0100][gc,phases     ] GC(1044)   Evacuate Collection Set: 3,3ms
[2023-11-08T18:58:41.208+0100][gc,phases     ] GC(1044)   Post Evacuate Collection Set: 0,6ms
[2023-11-08T18:58:41.208+0100][gc,phases     ] GC(1044)   Other: 0,2ms
[2023-11-08T18:58:41.208+0100][gc,heap       ] GC(1044) Eden regions: 488->0(263)
[2023-11-08T18:58:41.208+0100][gc,heap       ] GC(1044) Survivor regions: 9->9(63)
[2023-11-08T18:58:41.208+0100][gc,heap       ] GC(1044) Old regions: 88->88
[2023-11-08T18:58:41.208+0100][gc,heap       ] GC(1044) Humongous regions: 129->129
[2023-11-08T18:58:41.208+0100][gc,metaspace  ] GC(1044) Metaspace: 48287K(52224K)->48287K(52224K) NonClass: 42312K(44544K)->42312K(44544K) Class: 5975K(7680K)->5975K(7680K)
[2023-11-08T18:58:41.208+0100][gc            ] GC(1044) Pause Young (Concurrent Start) (G1 Evacuation Pause) 711M->224M(1024M) 4,453ms
[2023-11-08T18:58:41.208+0100][gc,cpu        ] GC(1044) User=0,04s Sys=0,00s Real=0,00s
[2023-11-08T18:58:41.208+0100][gc            ] GC(1045) Concurrent Cycle
[2023-11-08T18:58:41.208+0100][gc,marking    ] GC(1045) Concurrent Clear Claimed Marks
[2023-11-08T18:58:41.209+0100][gc,marking    ] GC(1045) Concurrent Clear Claimed Marks 0,388ms
[2023-11-08T18:58:41.209+0100][gc,marking    ] GC(1045) Concurrent Scan Root Regions
[2023-11-08T18:58:41.212+0100][gc,marking    ] GC(1045) Concurrent Scan Root Regions 3,128ms
[2023-11-08T18:58:41.212+0100][gc,marking    ] GC(1045) Concurrent Mark (6192,820s)
[2023-11-08T18:58:41.212+0100][gc,marking    ] GC(1045) Concurrent Mark From Roots
[2023-11-08T18:58:41.212+0100][gc,task       ] GC(1045) Using 3 workers of 3 for marking
[2023-11-08T18:58:41.236+0100][gc,marking    ] GC(1045) Concurrent Mark From Roots 23,718ms
[2023-11-08T18:58:41.236+0100][gc,marking    ] GC(1045) Concurrent Preclean
[2023-11-08T18:58:41.236+0100][gc,marking    ] GC(1045) Concurrent Preclean 0,226ms
[2023-11-08T18:58:41.236+0100][gc,marking    ] GC(1045) Concurrent Mark (6192,820s, 6192,844s) 24,005ms
[2023-11-08T18:58:41.236+0100][gc,start      ] GC(1045) Pause Remark
[2023-11-08T18:58:41.239+0100][gc,stringtable] GC(1045) Cleaned string and symbol table, strings: 18402 processed, 0 removed, symbols: 94795 processed, 0 removed
[2023-11-08T18:58:41.239+0100][gc            ] GC(1045) Pause Remark 234M->234M(1024M) 3,267ms
[2023-11-08T18:58:41.239+0100][gc,cpu        ] GC(1045) User=0,04s Sys=0,00s Real=0,00s
[2023-11-08T18:58:41.239+0100][gc,marking    ] GC(1045) Concurrent Rebuild Remembered Sets
[2023-11-08T18:58:41.254+0100][gc,marking    ] GC(1045) Concurrent Rebuild Remembered Sets 14,876ms
[2023-11-08T18:58:41.254+0100][gc,start      ] GC(1045) Pause Cleanup
[2023-11-08T18:58:41.255+0100][gc            ] GC(1045) Pause Cleanup 239M->239M(1024M) 0,177ms
[2023-11-08T18:58:41.255+0100][gc,cpu        ] GC(1045) User=0,00s Sys=0,00s Real=0,00s
[2023-11-08T18:58:41.255+0100][gc,marking    ] GC(1045) Concurrent Cleanup for Next Mark
[2023-11-08T18:58:41.256+0100][gc,marking    ] GC(1045) Concurrent Cleanup for Next Mark 1,795ms
[2023-11-08T18:58:41.256+0100][gc            ] GC(1045) Concurrent Cycle 48,280ms
[2023-11-08T18:58:41.546+0100][gc,start      ] GC(1046) Pause Young (Prepare Mixed) (G1 Evacuation Pause)
[2023-11-08T18:58:41.546+0100][gc,task       ] GC(1046) Using 13 workers of 13 for evacuation
[2023-11-08T18:58:41.550+0100][gc,phases     ] GC(1046)   Pre Evacuate Collection Set: 0,0ms
[2023-11-08T18:58:41.550+0100][gc,phases     ] GC(1046)   Evacuate Collection Set: 3,6ms
[2023-11-08T18:58:41.550+0100][gc,phases     ] GC(1046)   Post Evacuate Collection Set: 0,5ms
[2023-11-08T18:58:41.550+0100][gc,phases     ] GC(1046)   Other: 0,3ms
[2023-11-08T18:58:41.550+0100][gc,heap       ] GC(1046) Eden regions: 94->0(45)
[2023-11-08T18:58:41.550+0100][gc,heap       ] GC(1046) Survivor regions: 9->6(13)
[2023-11-08T18:58:41.550+0100][gc,heap       ] GC(1046) Old regions: 88->91
[2023-11-08T18:58:41.550+0100][gc,heap       ] GC(1046) Humongous regions: 129->129
[2023-11-08T18:58:41.550+0100][gc,metaspace  ] GC(1046) Metaspace: 48287K(52224K)->48287K(52224K) NonClass: 42312K(44544K)->42312K(44544K) Class: 5975K(7680K)->5975K(7680K)
[2023-11-08T18:58:41.550+0100][gc            ] GC(1046) Pause Young (Prepare Mixed) (G1 Evacuation Pause) 318M->224M(1024M) 4,530ms
[2023-11-08T18:58:41.550+0100][gc,cpu        ] GC(1046) User=0,05s Sys=0,00s Real=0,00s
[2023-11-08T18:58:41.702+0100][gc,start      ] GC(1047) Pause Young (Mixed) (G1 Evacuation Pause)
[2023-11-08T18:58:41.702+0100][gc,task       ] GC(1047) Using 13 workers of 13 for evacuation
[2023-11-08T18:58:41.705+0100][gc,phases     ] GC(1047)   Pre Evacuate Collection Set: 0,0ms
[2023-11-08T18:58:41.705+0100][gc,phases     ] GC(1047)   Evacuate Collection Set: 2,9ms
[2023-11-08T18:58:41.705+0100][gc,phases     ] GC(1047)   Post Evacuate Collection Set: 0,5ms
[2023-11-08T18:58:41.705+0100][gc,phases     ] GC(1047)   Other: 0,3ms
[2023-11-08T18:58:41.705+0100][gc,heap       ] GC(1047) Eden regions: 45->0(181)
[2023-11-08T18:58:41.705+0100][gc,heap       ] GC(1047) Survivor regions: 6->5(7)
[2023-11-08T18:58:41.705+0100][gc,heap       ] GC(1047) Old regions: 91->92
[2023-11-08T18:58:41.705+0100][gc,heap       ] GC(1047) Humongous regions: 129->129
[2023-11-08T18:58:41.705+0100][gc,metaspace  ] GC(1047) Metaspace: 48287K(52224K)->48287K(52224K) NonClass: 42312K(44544K)->42312K(44544K) Class: 5975K(7680K)->5975K(7680K)
[2023-11-08T18:58:41.705+0100][gc            ] GC(1047) Pause Young (Mixed) (G1 Evacuation Pause) 269M->223M(1024M) 3,837ms
[2023-11-08T18:58:41.705+0100][gc,cpu        ] GC(1047) User=0,04s Sys=0,00s Real=0,01s
[2023-11-08T18:58:42.339+0100][gc,start      ] GC(1048) Pause Young (Normal) (G1 Evacuation Pause)
[2023-11-08T18:58:42.339+0100][gc,task       ] GC(1048) Using 13 workers of 13 for evacuation
[2023-11-08T18:58:42.342+0100][gc,phases     ] GC(1048)   Pre Evacuate Collection Set: 0,0ms
[2023-11-08T18:58:42.342+0100][gc,phases     ] GC(1048)   Evacuate Collection Set: 1,9ms
[2023-11-08T18:58:42.342+0100][gc,phases     ] GC(1048)   Post Evacuate Collection Set: 0,6ms
[2023-11-08T18:58:42.342+0100][gc,phases     ] GC(1048)   Other: 0,2ms
[2023-11-08T18:58:42.342+0100][gc,heap       ] GC(1048) Eden regions: 181->0(458)
[2023-11-08T18:58:42.342+0100][gc,heap       ] GC(1048) Survivor regions: 5->5(24)
[2023-11-08T18:58:42.342+0100][gc,heap       ] GC(1048) Old regions: 92->92
[2023-11-08T18:58:42.342+0100][gc,heap       ] GC(1048) Humongous regions: 129->129
[2023-11-08T18:58:42.342+0100][gc,metaspace  ] GC(1048) Metaspace: 48287K(52224K)->48287K(52224K) NonClass: 42312K(44544K)->42312K(44544K) Class: 5975K(7680K)->5975K(7680K)
[2023-11-08T18:58:42.342+0100][gc            ] GC(1048) Pause Young (Normal) (G1 Evacuation Pause) 404M->223M(1024M) 2,711ms
[2023-11-08T18:58:42.342+0100][gc,cpu        ] GC(1048) User=0,02s Sys=0,02s Real=0,00s
[2023-11-08T18:58:43.866+0100][gc,start      ] GC(1049) Pause Young (Normal) (G1 Evacuation Pause)
[2023-11-08T18:58:43.866+0100][gc,task       ] GC(1049) Using 13 workers of 13 for evacuation
[2023-11-08T18:58:43.870+0100][gc,phases     ] GC(1049)   Pre Evacuate Collection Set: 0,0ms
[2023-11-08T18:58:43.870+0100][gc,phases     ] GC(1049)   Evacuate Collection Set: 3,1ms
[2023-11-08T18:58:43.870+0100][gc,phases     ] GC(1049)   Post Evacuate Collection Set: 0,7ms
[2023-11-08T18:58:43.870+0100][gc,phases     ] GC(1049)   Other: 0,3ms
[2023-11-08T18:58:43.870+0100][gc,heap       ] GC(1049) Eden regions: 458->0(499)
[2023-11-08T18:58:43.870+0100][gc,heap       ] GC(1049) Survivor regions: 5->6(58)
[2023-11-08T18:58:43.870+0100][gc,heap       ] GC(1049) Old regions: 92->92
[2023-11-08T18:58:43.870+0100][gc,heap       ] GC(1049) Humongous regions: 129->129
[2023-11-08T18:58:43.871+0100][gc,metaspace  ] GC(1049) Metaspace: 48287K(52224K)->48287K(52224K) NonClass: 42312K(44544K)->42312K(44544K) Class: 5975K(7680K)->5975K(7680K)
[2023-11-08T18:58:43.871+0100][gc            ] GC(1049) Pause Young (Normal) (G1 Evacuation Pause) 681M->224M(1024M) 4,293ms
[2023-11-08T18:58:43.871+0100][gc,cpu        ] GC(1049) User=0,00s Sys=0,04s Real=0,00s
[2023-11-08T18:58:45.471+0100][gc,start      ] GC(1050) Pause Young (Normal) (G1 Evacuation Pause)
[2023-11-08T18:58:45.471+0100][gc,task       ] GC(1050) Using 13 workers of 13 for evacuation
[2023-11-08T18:58:45.475+0100][gc,phases     ] GC(1050)   Pre Evacuate Collection Set: 0,0ms
[2023-11-08T18:58:45.475+0100][gc,phases     ] GC(1050)   Evacuate Collection Set: 3,1ms
[2023-11-08T18:58:45.475+0100][gc,phases     ] GC(1050)   Post Evacuate Collection Set: 0,7ms
[2023-11-08T18:58:45.475+0100][gc,phases     ] GC(1050)   Other: 0,2ms
[2023-11-08T18:58:45.475+0100][gc,heap       ] GC(1050) Eden regions: 499->0(584)
[2023-11-08T18:58:45.475+0100][gc,heap       ] GC(1050) Survivor regions: 6->7(64)
[2023-11-08T18:58:45.475+0100][gc,heap       ] GC(1050) Old regions: 92->92
[2023-11-08T18:58:45.475+0100][gc,heap       ] GC(1050) Humongous regions: 129->129
[2023-11-08T18:58:45.475+0100][gc,metaspace  ] GC(1050) Metaspace: 48287K(52224K)->48287K(52224K) NonClass: 42312K(44544K)->42312K(44544K) Class: 5975K(7680K)->5975K(7680K)
[2023-11-08T18:58:45.475+0100][gc            ] GC(1050) Pause Young (Normal) (G1 Evacuation Pause) 723M->225M(1024M) 4,231ms
[2023-11-08T18:58:45.475+0100][gc,cpu        ] GC(1050) User=0,02s Sys=0,02s Real=0,01s
[2023-11-08T18:58:47.404+0100][gc,start      ] GC(1051) Pause Young (Normal) (G1 Evacuation Pause)
[2023-11-08T18:58:47.404+0100][gc,task       ] GC(1051) Using 13 workers of 13 for evacuation
[2023-11-08T18:58:47.408+0100][gc,phases     ] GC(1051)   Pre Evacuate Collection Set: 0,0ms
[2023-11-08T18:58:47.408+0100][gc,phases     ] GC(1051)   Evacuate Collection Set: 3,5ms
[2023-11-08T18:58:47.408+0100][gc,phases     ] GC(1051)   Post Evacuate Collection Set: 0,6ms
[2023-11-08T18:58:47.408+0100][gc,phases     ] GC(1051)   Other: 0,3ms
[2023-11-08T18:58:47.408+0100][gc,heap       ] GC(1051) Eden regions: 584->0(604)
[2023-11-08T18:58:47.408+0100][gc,heap       ] GC(1051) Survivor regions: 7->9(74)
[2023-11-08T18:58:47.408+0100][gc,heap       ] GC(1051) Old regions: 92->92
[2023-11-08T18:58:47.408+0100][gc,heap       ] GC(1051) Humongous regions: 129->129
[2023-11-08T18:58:47.408+0100][gc,metaspace  ] GC(1051) Metaspace: 48287K(52224K)->48287K(52224K) NonClass: 42312K(44544K)->42312K(44544K) Class: 5975K(7680K)->5975K(7680K)
[2023-11-08T18:58:47.408+0100][gc            ] GC(1051) Pause Young (Normal) (G1 Evacuation Pause) 809M->227M(1024M) 4,402ms
[2023-11-08T18:58:47.408+0100][gc,cpu        ] GC(1051) User=0,05s Sys=0,00s Real=0,00s
[2023-11-08T18:58:49.441+0100][gc,start      ] GC(1052) Pause Young (Concurrent Start) (G1 Evacuation Pause)
[2023-11-08T18:58:49.441+0100][gc,task       ] GC(1052) Using 13 workers of 13 for evacuation
[2023-11-08T18:58:49.447+0100][gc,phases     ] GC(1052)   Pre Evacuate Collection Set: 0,3ms
[2023-11-08T18:58:49.447+0100][gc,phases     ] GC(1052)   Evacuate Collection Set: 4,3ms
[2023-11-08T18:58:49.447+0100][gc,phases     ] GC(1052)   Post Evacuate Collection Set: 0,7ms
[2023-11-08T18:58:49.447+0100][gc,phases     ] GC(1052)   Other: 0,3ms
[2023-11-08T18:58:49.447+0100][gc,heap       ] GC(1052) Eden regions: 604->0(604)
[2023-11-08T18:58:49.447+0100][gc,heap       ] GC(1052) Survivor regions: 9->10(77)
[2023-11-08T18:58:49.447+0100][gc,heap       ] GC(1052) Old regions: 92->92
[2023-11-08T18:58:49.447+0100][gc,heap       ] GC(1052) Humongous regions: 129->129
[2023-11-08T18:58:49.447+0100][gc,metaspace  ] GC(1052) Metaspace: 48287K(52224K)->48287K(52224K) NonClass: 42312K(44544K)->42312K(44544K) Class: 5975K(7680K)->5975K(7680K)
[2023-11-08T18:58:49.447+0100][gc            ] GC(1052) Pause Young (Concurrent Start) (G1 Evacuation Pause) 831M->228M(1024M) 5,639ms
[2023-11-08T18:58:49.447+0100][gc,cpu        ] GC(1052) User=0,05s Sys=0,00s Real=0,01s
[2023-11-08T18:58:49.447+0100][gc            ] GC(1053) Concurrent Cycle
[2023-11-08T18:58:49.447+0100][gc,marking    ] GC(1053) Concurrent Clear Claimed Marks
[2023-11-08T18:58:49.447+0100][gc,marking    ] GC(1053) Concurrent Clear Claimed Marks 0,411ms
[2023-11-08T18:58:49.447+0100][gc,marking    ] GC(1053) Concurrent Scan Root Regions
[2023-11-08T18:58:49.450+0100][gc,marking    ] GC(1053) Concurrent Scan Root Regions 2,419ms
[2023-11-08T18:58:49.450+0100][gc,marking    ] GC(1053) Concurrent Mark (6201,058s)
[2023-11-08T18:58:49.450+0100][gc,marking    ] GC(1053) Concurrent Mark From Roots
[2023-11-08T18:58:49.450+0100][gc,task       ] GC(1053) Using 3 workers of 3 for marking
[2023-11-08T18:58:49.477+0100][gc,marking    ] GC(1053) Concurrent Mark From Roots 27,207ms
[2023-11-08T18:58:49.477+0100][gc,marking    ] GC(1053) Concurrent Preclean
[2023-11-08T18:58:49.477+0100][gc,marking    ] GC(1053) Concurrent Preclean 0,226ms
[2023-11-08T18:58:49.477+0100][gc,marking    ] GC(1053) Concurrent Mark (6201,058s, 6201,086s) 27,502ms
[2023-11-08T18:58:49.477+0100][gc,start      ] GC(1053) Pause Remark
[2023-11-08T18:58:49.481+0100][gc,stringtable] GC(1053) Cleaned string and symbol table, strings: 18402 processed, 0 removed, symbols: 94795 processed, 0 removed
[2023-11-08T18:58:49.481+0100][gc            ] GC(1053) Pause Remark 239M->239M(1024M) 3,651ms
[2023-11-08T18:58:49.481+0100][gc,cpu        ] GC(1053) User=0,03s Sys=0,00s Real=0,00s
[2023-11-08T18:58:49.481+0100][gc,marking    ] GC(1053) Concurrent Rebuild Remembered Sets
[2023-11-08T18:58:49.498+0100][gc,marking    ] GC(1053) Concurrent Rebuild Remembered Sets 16,555ms
[2023-11-08T18:58:49.498+0100][gc,start      ] GC(1053) Pause Cleanup
[2023-11-08T18:58:49.498+0100][gc            ] GC(1053) Pause Cleanup 243M->243M(1024M) 0,211ms
[2023-11-08T18:58:49.498+0100][gc,cpu        ] GC(1053) User=0,00s Sys=0,00s Real=0,00s
[2023-11-08T18:58:49.498+0100][gc,marking    ] GC(1053) Concurrent Cleanup for Next Mark
[2023-11-08T18:58:49.500+0100][gc,marking    ] GC(1053) Concurrent Cleanup for Next Mark 1,803ms
[2023-11-08T18:58:49.500+0100][gc            ] GC(1053) Concurrent Cycle 53,170ms
[2023-11-08T18:58:49.650+0100][gc,start      ] GC(1054) Pause Young (Normal) (G1 Evacuation Pause)
[2023-11-08T18:58:49.650+0100][gc,task       ] GC(1054) Using 13 workers of 13 for evacuation
[2023-11-08T18:58:49.655+0100][gc,phases     ] GC(1054)   Pre Evacuate Collection Set: 0,0ms
[2023-11-08T18:58:49.655+0100][gc,phases     ] GC(1054)   Evacuate Collection Set: 4,1ms
[2023-11-08T18:58:49.655+0100][gc,phases     ] GC(1054)   Post Evacuate Collection Set: 0,4ms
[2023-11-08T18:58:49.655+0100][gc,phases     ] GC(1054)   Other: 0,2ms
[2023-11-08T18:58:49.655+0100][gc,heap       ] GC(1054) Eden regions: 59->0(266)
[2023-11-08T18:58:49.655+0100][gc,heap       ] GC(1054) Survivor regions: 10->5(9)
[2023-11-08T18:58:49.655+0100][gc,heap       ] GC(1054) Old regions: 92->97
[2023-11-08T18:58:49.655+0100][gc,heap       ] GC(1054) Humongous regions: 129->129
[2023-11-08T18:58:49.655+0100][gc,metaspace  ] GC(1054) Metaspace: 48287K(52224K)->48287K(52224K) NonClass: 42312K(44544K)->42312K(44544K) Class: 5975K(7680K)->5975K(7680K)
[2023-11-08T18:58:49.655+0100][gc            ] GC(1054) Pause Young (Normal) (G1 Evacuation Pause) 287M->228M(1024M) 4,814ms
[2023-11-08T18:58:49.655+0100][gc,cpu        ] GC(1054) User=0,03s Sys=0,01s Real=0,01s
[2023-11-08T18:58:50.530+0100][gc,start      ] GC(1055) Pause Young (Concurrent Start) (G1 Evacuation Pause)
[2023-11-08T18:58:50.530+0100][gc,task       ] GC(1055) Using 13 workers of 13 for evacuation
[2023-11-08T18:58:50.533+0100][gc,phases     ] GC(1055)   Pre Evacuate Collection Set: 0,3ms
[2023-11-08T18:58:50.534+0100][gc,phases     ] GC(1055)   Evacuate Collection Set: 2,5ms
[2023-11-08T18:58:50.534+0100][gc,phases     ] GC(1055)   Post Evacuate Collection Set: 0,6ms
[2023-11-08T18:58:50.534+0100][gc,phases     ] GC(1055)   Other: 0,3ms
[2023-11-08T18:58:50.534+0100][gc,heap       ] GC(1055) Eden regions: 266->0(411)
[2023-11-08T18:58:50.534+0100][gc,heap       ] GC(1055) Survivor regions: 5->5(34)
[2023-11-08T18:58:50.534+0100][gc,heap       ] GC(1055) Old regions: 97->97
[2023-11-08T18:58:50.534+0100][gc,heap       ] GC(1055) Humongous regions: 129->129
[2023-11-08T18:58:50.534+0100][gc,metaspace  ] GC(1055) Metaspace: 48287K(52224K)->48287K(52224K) NonClass: 42312K(44544K)->42312K(44544K) Class: 5975K(7680K)->5975K(7680K)
[2023-11-08T18:58:50.534+0100][gc            ] GC(1055) Pause Young (Concurrent Start) (G1 Evacuation Pause) 494M->229M(1024M) 3,846ms
[2023-11-08T18:58:50.534+0100][gc,cpu        ] GC(1055) User=0,02s Sys=0,02s Real=0,00s
[2023-11-08T18:58:50.534+0100][gc            ] GC(1056) Concurrent Cycle
[2023-11-08T18:58:50.534+0100][gc,marking    ] GC(1056) Concurrent Clear Claimed Marks
[2023-11-08T18:58:50.534+0100][gc,marking    ] GC(1056) Concurrent Clear Claimed Marks 0,393ms
[2023-11-08T18:58:50.534+0100][gc,marking    ] GC(1056) Concurrent Scan Root Regions
[2023-11-08T18:58:50.536+0100][gc,marking    ] GC(1056) Concurrent Scan Root Regions 1,676ms
[2023-11-08T18:58:50.536+0100][gc,marking    ] GC(1056) Concurrent Mark (6202,144s)
[2023-11-08T18:58:50.536+0100][gc,marking    ] GC(1056) Concurrent Mark From Roots
[2023-11-08T18:58:50.536+0100][gc,task       ] GC(1056) Using 3 workers of 3 for marking
[2023-11-08T18:58:50.564+0100][gc,marking    ] GC(1056) Concurrent Mark From Roots 28,189ms
[2023-11-08T18:58:50.564+0100][gc,marking    ] GC(1056) Concurrent Preclean
[2023-11-08T18:58:50.564+0100][gc,marking    ] GC(1056) Concurrent Preclean 0,211ms
[2023-11-08T18:58:50.564+0100][gc,marking    ] GC(1056) Concurrent Mark (6202,144s, 6202,173s) 28,463ms
[2023-11-08T18:58:50.565+0100][gc,start      ] GC(1056) Pause Remark
[2023-11-08T18:58:50.568+0100][gc,stringtable] GC(1056) Cleaned string and symbol table, strings: 18402 processed, 0 removed, symbols: 94795 processed, 0 removed
[2023-11-08T18:58:50.568+0100][gc            ] GC(1056) Pause Remark 239M->239M(1024M) 3,481ms
[2023-11-08T18:58:50.568+0100][gc,cpu        ] GC(1056) User=0,03s Sys=0,00s Real=0,00s
[2023-11-08T18:58:50.568+0100][gc,marking    ] GC(1056) Concurrent Rebuild Remembered Sets
[2023-11-08T18:58:50.585+0100][gc,marking    ] GC(1056) Concurrent Rebuild Remembered Sets 16,746ms
[2023-11-08T18:58:50.585+0100][gc,start      ] GC(1056) Pause Cleanup
[2023-11-08T18:58:50.585+0100][gc            ] GC(1056) Pause Cleanup 244M->244M(1024M) 0,230ms
[2023-11-08T18:58:50.585+0100][gc,cpu        ] GC(1056) User=0,00s Sys=0,00s Real=0,00s
[2023-11-08T18:58:50.585+0100][gc,marking    ] GC(1056) Concurrent Cleanup for Next Mark
[2023-11-08T18:58:50.587+0100][gc,marking    ] GC(1056) Concurrent Cleanup for Next Mark 1,807ms
[2023-11-08T18:58:50.587+0100][gc            ] GC(1056) Concurrent Cycle 53,425ms
[2023-11-08T18:58:50.854+0100][gc,start      ] GC(1057) Pause Young (Normal) (G1 Evacuation Pause)
[2023-11-08T18:58:50.854+0100][gc,task       ] GC(1057) Using 13 workers of 13 for evacuation
[2023-11-08T18:58:50.857+0100][gc,phases     ] GC(1057)   Pre Evacuate Collection Set: 0,0ms
[2023-11-08T18:58:50.857+0100][gc,phases     ] GC(1057)   Evacuate Collection Set: 2,7ms
[2023-11-08T18:58:50.857+0100][gc,phases     ] GC(1057)   Post Evacuate Collection Set: 0,5ms
[2023-11-08T18:58:50.857+0100][gc,phases     ] GC(1057)   Other: 0,2ms
[2023-11-08T18:58:50.858+0100][gc,heap       ] GC(1057) Eden regions: 89->0(290)
[2023-11-08T18:58:50.858+0100][gc,heap       ] GC(1057) Survivor regions: 5->5(12)
[2023-11-08T18:58:50.858+0100][gc,heap       ] GC(1057) Old regions: 97->97
[2023-11-08T18:58:50.858+0100][gc,heap       ] GC(1057) Humongous regions: 129->129
[2023-11-08T18:58:50.858+0100][gc,metaspace  ] GC(1057) Metaspace: 48287K(52224K)->48287K(52224K) NonClass: 42312K(44544K)->42312K(44544K) Class: 5975K(7680K)->5975K(7680K)
[2023-11-08T18:58:50.858+0100][gc            ] GC(1057) Pause Young (Normal) (G1 Evacuation Pause) 318M->229M(1024M) 3,613ms
[2023-11-08T18:58:50.858+0100][gc,cpu        ] GC(1057) User=0,04s Sys=0,00s Real=0,01s
[2023-11-08T18:58:51.879+0100][gc,start      ] GC(1058) Pause Young (Normal) (G1 Evacuation Pause)
[2023-11-08T18:58:51.879+0100][gc,task       ] GC(1058) Using 13 workers of 13 for evacuation
[2023-11-08T18:58:51.882+0100][gc,phases     ] GC(1058)   Pre Evacuate Collection Set: 0,0ms
[2023-11-08T18:58:51.882+0100][gc,phases     ] GC(1058)   Evacuate Collection Set: 2,3ms
[2023-11-08T18:58:51.882+0100][gc,phases     ] GC(1058)   Post Evacuate Collection Set: 0,6ms
[2023-11-08T18:58:51.882+0100][gc,phases     ] GC(1058)   Other: 0,2ms
[2023-11-08T18:58:51.882+0100][gc,heap       ] GC(1058) Eden regions: 290->0(334)
[2023-11-08T18:58:51.882+0100][gc,heap       ] GC(1058) Survivor regions: 5->6(37)
[2023-11-08T18:58:51.882+0100][gc,heap       ] GC(1058) Old regions: 97->97
[2023-11-08T18:58:51.882+0100][gc,heap       ] GC(1058) Humongous regions: 129->129
[2023-11-08T18:58:51.882+0100][gc,metaspace  ] GC(1058) Metaspace: 48287K(52224K)->48287K(52224K) NonClass: 42312K(44544K)->42312K(44544K) Class: 5975K(7680K)->5975K(7680K)
[2023-11-08T18:58:51.882+0100][gc            ] GC(1058) Pause Young (Normal) (G1 Evacuation Pause) 519M->230M(1024M) 3,320ms
[2023-11-08T18:58:51.882+0100][gc,cpu        ] GC(1058) User=0,01s Sys=0,01s Real=0,00s
[2023-11-08T18:58:53.209+0100][gc,start      ] GC(1059) Pause Young (Normal) (G1 Evacuation Pause)
[2023-11-08T18:58:53.209+0100][gc,task       ] GC(1059) Using 13 workers of 13 for evacuation
[2023-11-08T18:58:53.212+0100][gc,phases     ] GC(1059)   Pre Evacuate Collection Set: 0,0ms
[2023-11-08T18:58:53.212+0100][gc,phases     ] GC(1059)   Evacuate Collection Set: 2,8ms
[2023-11-08T18:58:53.212+0100][gc,phases     ] GC(1059)   Post Evacuate Collection Set: 0,5ms
[2023-11-08T18:58:53.212+0100][gc,phases     ] GC(1059)   Other: 0,2ms
[2023-11-08T18:58:53.212+0100][gc,heap       ] GC(1059) Eden regions: 334->0(376)
[2023-11-08T18:58:53.212+0100][gc,heap       ] GC(1059) Survivor regions: 6->7(43)
[2023-11-08T18:58:53.212+0100][gc,heap       ] GC(1059) Old regions: 97->97
[2023-11-08T18:58:53.212+0100][gc,heap       ] GC(1059) Humongous regions: 129->129
[2023-11-08T18:58:53.212+0100][gc,metaspace  ] GC(1059) Metaspace: 48287K(52224K)->48287K(52224K) NonClass: 42312K(44544K)->42312K(44544K) Class: 5975K(7680K)->5975K(7680K)
[2023-11-08T18:58:53.212+0100][gc            ] GC(1059) Pause Young (Normal) (G1 Evacuation Pause) 564M->230M(1024M) 3,563ms
[2023-11-08T18:58:53.212+0100][gc,cpu        ] GC(1059) User=0,04s Sys=0,00s Real=0,00s
[2023-11-08T18:58:55.141+0100][gc,start      ] GC(1060) Pause Young (Normal) (G1 Evacuation Pause)
[2023-11-08T18:58:55.141+0100][gc,task       ] GC(1060) Using 13 workers of 13 for evacuation
[2023-11-08T18:58:55.145+0100][gc,phases     ] GC(1060)   Pre Evacuate Collection Set: 0,0ms
[2023-11-08T18:58:55.145+0100][gc,phases     ] GC(1060)   Evacuate Collection Set: 3,3ms
[2023-11-08T18:58:55.145+0100][gc,phases     ] GC(1060)   Post Evacuate Collection Set: 0,6ms
[2023-11-08T18:58:55.145+0100][gc,phases     ] GC(1060)   Other: 0,3ms
[2023-11-08T18:58:55.145+0100][gc,heap       ] GC(1060) Eden regions: 376->0(404)
[2023-11-08T18:58:55.145+0100][gc,heap       ] GC(1060) Survivor regions: 7->7(48)
[2023-11-08T18:58:55.145+0100][gc,heap       ] GC(1060) Old regions: 97->97
[2023-11-08T18:58:55.145+0100][gc,heap       ] GC(1060) Humongous regions: 129->129
[2023-11-08T18:58:55.145+0100][gc,metaspace  ] GC(1060) Metaspace: 48287K(52224K)->48287K(52224K) NonClass: 42312K(44544K)->42312K(44544K) Class: 5975K(7680K)->5975K(7680K)
[2023-11-08T18:58:55.145+0100][gc            ] GC(1060) Pause Young (Normal) (G1 Evacuation Pause) 606M->231M(1024M) 4,367ms
[2023-11-08T18:58:55.145+0100][gc,cpu        ] GC(1060) User=0,04s Sys=0,00s Real=0,01s
[2023-11-08T18:58:58.892+0100][gc,start      ] GC(1061) Pause Young (Normal) (G1 Evacuation Pause)
[2023-11-08T18:58:58.892+0100][gc,task       ] GC(1061) Using 13 workers of 13 for evacuation
[2023-11-08T18:58:58.897+0100][gc,phases     ] GC(1061)   Pre Evacuate Collection Set: 0,0ms
[2023-11-08T18:58:58.897+0100][gc,phases     ] GC(1061)   Evacuate Collection Set: 3,5ms
[2023-11-08T18:58:58.897+0100][gc,phases     ] GC(1061)   Post Evacuate Collection Set: 0,8ms
[2023-11-08T18:58:58.897+0100][gc,phases     ] GC(1061)   Other: 0,3ms
[2023-11-08T18:58:58.897+0100][gc,heap       ] GC(1061) Eden regions: 404->0(439)
[2023-11-08T18:58:58.897+0100][gc,heap       ] GC(1061) Survivor regions: 7->8(52)
[2023-11-08T18:58:58.897+0100][gc,heap       ] GC(1061) Old regions: 97->97
[2023-11-08T18:58:58.897+0100][gc,heap       ] GC(1061) Humongous regions: 129->129
[2023-11-08T18:58:58.897+0100][gc,metaspace  ] GC(1061) Metaspace: 48287K(52224K)->48287K(52224K) NonClass: 42312K(44544K)->42312K(44544K) Class: 5975K(7680K)->5975K(7680K)
[2023-11-08T18:58:58.897+0100][gc            ] GC(1061) Pause Young (Normal) (G1 Evacuation Pause) 635M->232M(1024M) 4,766ms
[2023-11-08T18:58:58.897+0100][gc,cpu        ] GC(1061) User=0,05s Sys=0,00s Real=0,01s
[2023-11-08T18:59:16.661+0100][gc,start      ] GC(1062) Pause Young (Normal) (G1 Evacuation Pause)
[2023-11-08T18:59:16.661+0100][gc,task       ] GC(1062) Using 13 workers of 13 for evacuation
[2023-11-08T18:59:16.665+0100][gc,phases     ] GC(1062)   Pre Evacuate Collection Set: 0,0ms
[2023-11-08T18:59:16.665+0100][gc,phases     ] GC(1062)   Evacuate Collection Set: 2,8ms
[2023-11-08T18:59:16.665+0100][gc,phases     ] GC(1062)   Post Evacuate Collection Set: 0,9ms
[2023-11-08T18:59:16.665+0100][gc,phases     ] GC(1062)   Other: 0,4ms
[2023-11-08T18:59:16.665+0100][gc,heap       ] GC(1062) Eden regions: 439->0(462)
[2023-11-08T18:59:16.665+0100][gc,heap       ] GC(1062) Survivor regions: 8->2(56)
[2023-11-08T18:59:16.665+0100][gc,heap       ] GC(1062) Old regions: 97->97
[2023-11-08T18:59:16.665+0100][gc,heap       ] GC(1062) Humongous regions: 129->129
[2023-11-08T18:59:16.665+0100][gc,metaspace  ] GC(1062) Metaspace: 48287K(52224K)->48287K(52224K) NonClass: 42312K(44544K)->42312K(44544K) Class: 5975K(7680K)->5975K(7680K)
[2023-11-08T18:59:16.665+0100][gc            ] GC(1062) Pause Young (Normal) (G1 Evacuation Pause) 671M->226M(1024M) 4,291ms
[2023-11-08T18:59:16.665+0100][gc,cpu        ] GC(1062) User=0,04s Sys=0,00s Real=0,01s
[2023-11-08T18:59:25.888+0100][gc,start      ] GC(1063) Pause Young (Normal) (G1 Evacuation Pause)
[2023-11-08T18:59:25.888+0100][gc,task       ] GC(1063) Using 13 workers of 13 for evacuation
[2023-11-08T18:59:25.892+0100][gc,phases     ] GC(1063)   Pre Evacuate Collection Set: 0,0ms
[2023-11-08T18:59:25.892+0100][gc,phases     ] GC(1063)   Evacuate Collection Set: 2,6ms
[2023-11-08T18:59:25.892+0100][gc,phases     ] GC(1063)   Post Evacuate Collection Set: 0,7ms
[2023-11-08T18:59:25.892+0100][gc,phases     ] GC(1063)   Other: 0,2ms
[2023-11-08T18:59:25.892+0100][gc,heap       ] GC(1063) Eden regions: 462->0(486)
[2023-11-08T18:59:25.892+0100][gc,heap       ] GC(1063) Survivor regions: 2->3(58)
[2023-11-08T18:59:25.892+0100][gc,heap       ] GC(1063) Old regions: 97->97
[2023-11-08T18:59:25.892+0100][gc,heap       ] GC(1063) Humongous regions: 129->129
[2023-11-08T18:59:25.892+0100][gc,metaspace  ] GC(1063) Metaspace: 48288K(52224K)->48288K(52224K) NonClass: 42313K(44544K)->42313K(44544K) Class: 5975K(7680K)->5975K(7680K)
[2023-11-08T18:59:25.892+0100][gc            ] GC(1063) Pause Young (Normal) (G1 Evacuation Pause) 688M->226M(1024M) 3,716ms
[2023-11-08T18:59:25.892+0100][gc,cpu        ] GC(1063) User=0,03s Sys=0,00s Real=0,00s
[2023-11-08T18:59:30.447+0100][gc,start      ] GC(1064) Pause Young (Normal) (G1 Evacuation Pause)
[2023-11-08T18:59:30.447+0100][gc,task       ] GC(1064) Using 13 workers of 13 for evacuation
[2023-11-08T18:59:30.451+0100][gc,phases     ] GC(1064)   Pre Evacuate Collection Set: 0,0ms
[2023-11-08T18:59:30.451+0100][gc,phases     ] GC(1064)   Evacuate Collection Set: 3,0ms
[2023-11-08T18:59:30.451+0100][gc,phases     ] GC(1064)   Post Evacuate Collection Set: 0,7ms
[2023-11-08T18:59:30.451+0100][gc,phases     ] GC(1064)   Other: 0,3ms
[2023-11-08T18:59:30.451+0100][gc,heap       ] GC(1064) Eden regions: 486->0(514)
[2023-11-08T18:59:30.452+0100][gc,heap       ] GC(1064) Survivor regions: 3->3(62)
[2023-11-08T18:59:30.452+0100][gc,heap       ] GC(1064) Old regions: 97->97
[2023-11-08T18:59:30.452+0100][gc,heap       ] GC(1064) Humongous regions: 129->129
[2023-11-08T18:59:30.452+0100][gc,metaspace  ] GC(1064) Metaspace: 48288K(52224K)->48288K(52224K) NonClass: 42313K(44544K)->42313K(44544K) Class: 5975K(7680K)->5975K(7680K)
[2023-11-08T18:59:30.452+0100][gc            ] GC(1064) Pause Young (Normal) (G1 Evacuation Pause) 712M->226M(1024M) 4,255ms
[2023-11-08T18:59:30.452+0100][gc,cpu        ] GC(1064) User=0,02s Sys=0,02s Real=0,00s
[2023-11-08T19:00:58.877+0100][gc,start      ] GC(1065) Pause Young (Normal) (G1 Evacuation Pause)
[2023-11-08T19:00:58.877+0100][gc,task       ] GC(1065) Using 13 workers of 13 for evacuation
[2023-11-08T19:00:58.888+0100][gc,phases     ] GC(1065)   Pre Evacuate Collection Set: 0,0ms
[2023-11-08T19:00:58.888+0100][gc,phases     ] GC(1065)   Evacuate Collection Set: 9,6ms
[2023-11-08T19:00:58.888+0100][gc,phases     ] GC(1065)   Post Evacuate Collection Set: 0,6ms
[2023-11-08T19:00:58.888+0100][gc,phases     ] GC(1065)   Other: 0,4ms
[2023-11-08T19:00:58.888+0100][gc,heap       ] GC(1065) Eden regions: 514->0(501)
[2023-11-08T19:00:58.888+0100][gc,heap       ] GC(1065) Survivor regions: 3->12(65)
[2023-11-08T19:00:58.888+0100][gc,heap       ] GC(1065) Old regions: 97->97
[2023-11-08T19:00:58.888+0100][gc,heap       ] GC(1065) Humongous regions: 129->129
[2023-11-08T19:00:58.888+0100][gc,metaspace  ] GC(1065) Metaspace: 48288K(52224K)->48288K(52224K) NonClass: 42313K(44544K)->42313K(44544K) Class: 5975K(7680K)->5975K(7680K)
[2023-11-08T19:00:58.888+0100][gc            ] GC(1065) Pause Young (Normal) (G1 Evacuation Pause) 740M->235M(1024M) 10,652ms
[2023-11-08T19:00:58.888+0100][gc,cpu        ] GC(1065) User=0,12s Sys=0,00s Real=0,01s
[2023-11-08T19:01:17.845+0100][gc,start      ] GC(1066) Pause Young (Normal) (G1 Evacuation Pause)
[2023-11-08T19:01:17.845+0100][gc,task       ] GC(1066) Using 13 workers of 13 for evacuation
[2023-11-08T19:01:17.855+0100][gc,phases     ] GC(1066)   Pre Evacuate Collection Set: 0,0ms
[2023-11-08T19:01:17.855+0100][gc,phases     ] GC(1066)   Evacuate Collection Set: 9,1ms
[2023-11-08T19:01:17.855+0100][gc,phases     ] GC(1066)   Post Evacuate Collection Set: 0,7ms
[2023-11-08T19:01:17.855+0100][gc,phases     ] GC(1066)   Other: 0,2ms
[2023-11-08T19:01:17.855+0100][gc,heap       ] GC(1066) Eden regions: 501->0(521)
[2023-11-08T19:01:17.855+0100][gc,heap       ] GC(1066) Survivor regions: 12->25(65)
[2023-11-08T19:01:17.855+0100][gc,heap       ] GC(1066) Old regions: 97->97
[2023-11-08T19:01:17.855+0100][gc,heap       ] GC(1066) Humongous regions: 129->129
[2023-11-08T19:01:17.856+0100][gc,metaspace  ] GC(1066) Metaspace: 48288K(52224K)->48288K(52224K) NonClass: 42313K(44544K)->42313K(44544K) Class: 5975K(7680K)->5975K(7680K)
[2023-11-08T19:01:17.856+0100][gc            ] GC(1066) Pause Young (Normal) (G1 Evacuation Pause) 736M->249M(1024M) 10,069ms
[2023-11-08T19:01:17.856+0100][gc,cpu        ] GC(1066) User=0,08s Sys=0,02s Real=0,01s
[2023-11-08T19:01:19.208+0100][gc,start      ] GC(1067) Pause Young (Normal) (G1 Evacuation Pause)
[2023-11-08T19:01:19.208+0100][gc,task       ] GC(1067) Using 13 workers of 13 for evacuation
[2023-11-08T19:01:19.217+0100][gc,phases     ] GC(1067)   Pre Evacuate Collection Set: 0,0ms
[2023-11-08T19:01:19.217+0100][gc,phases     ] GC(1067)   Evacuate Collection Set: 8,2ms
[2023-11-08T19:01:19.217+0100][gc,phases     ] GC(1067)   Post Evacuate Collection Set: 0,6ms
[2023-11-08T19:01:19.217+0100][gc,phases     ] GC(1067)   Other: 0,2ms
[2023-11-08T19:01:19.217+0100][gc,heap       ] GC(1067) Eden regions: 521->0(538)
[2023-11-08T19:01:19.217+0100][gc,heap       ] GC(1067) Survivor regions: 25->26(69)
[2023-11-08T19:01:19.217+0100][gc,heap       ] GC(1067) Old regions: 97->97
[2023-11-08T19:01:19.217+0100][gc,heap       ] GC(1067) Humongous regions: 129->129
[2023-11-08T19:01:19.217+0100][gc,metaspace  ] GC(1067) Metaspace: 48288K(52224K)->48288K(52224K) NonClass: 42313K(44544K)->42313K(44544K) Class: 5975K(7680K)->5975K(7680K)
[2023-11-08T19:01:19.217+0100][gc            ] GC(1067) Pause Young (Normal) (G1 Evacuation Pause) 770M->250M(1024M) 9,138ms
[2023-11-08T19:01:19.217+0100][gc,cpu        ] GC(1067) User=0,10s Sys=0,00s Real=0,01s
[2023-11-08T19:01:20.546+0100][gc,start      ] GC(1068) Pause Young (Normal) (G1 Evacuation Pause)
[2023-11-08T19:01:20.546+0100][gc,task       ] GC(1068) Using 13 workers of 13 for evacuation
[2023-11-08T19:01:20.555+0100][gc,phases     ] GC(1068)   Pre Evacuate Collection Set: 0,0ms
[2023-11-08T19:01:20.555+0100][gc,phases     ] GC(1068)   Evacuate Collection Set: 7,8ms
[2023-11-08T19:01:20.555+0100][gc,phases     ] GC(1068)   Post Evacuate Collection Set: 0,6ms
[2023-11-08T19:01:20.555+0100][gc,phases     ] GC(1068)   Other: 0,2ms
[2023-11-08T19:01:20.555+0100][gc,heap       ] GC(1068) Eden regions: 504->0(545)
[2023-11-08T19:01:20.555+0100][gc,heap       ] GC(1068) Survivor regions: 26->27(67)
[2023-11-08T19:01:20.555+0100][gc,heap       ] GC(1068) Old regions: 97->97
[2023-11-08T19:01:20.555+0100][gc,heap       ] GC(1068) Humongous regions: 129->129
[2023-11-08T19:01:20.555+0100][gc,metaspace  ] GC(1068) Metaspace: 48288K(52224K)->48288K(52224K) NonClass: 42313K(44544K)->42313K(44544K) Class: 5975K(7680K)->5975K(7680K)
[2023-11-08T19:01:20.555+0100][gc            ] GC(1068) Pause Young (Normal) (G1 Evacuation Pause) 754M->250M(1024M) 8,819ms
[2023-11-08T19:01:20.555+0100][gc,cpu        ] GC(1068) User=0,10s Sys=0,00s Real=0,01s
[2023-11-08T19:01:21.981+0100][gc,start      ] GC(1069) Pause Young (Concurrent Start) (G1 Evacuation Pause)
[2023-11-08T19:01:21.981+0100][gc,task       ] GC(1069) Using 13 workers of 13 for evacuation
[2023-11-08T19:01:21.991+0100][gc,phases     ] GC(1069)   Pre Evacuate Collection Set: 0,2ms
[2023-11-08T19:01:21.991+0100][gc,phases     ] GC(1069)   Evacuate Collection Set: 9,2ms
[2023-11-08T19:01:21.991+0100][gc,phases     ] GC(1069)   Post Evacuate Collection Set: 0,6ms
[2023-11-08T19:01:21.992+0100][gc,phases     ] GC(1069)   Other: 0,2ms
[2023-11-08T19:01:21.992+0100][gc,heap       ] GC(1069) Eden regions: 545->0(559)
[2023-11-08T19:01:21.992+0100][gc,heap       ] GC(1069) Survivor regions: 27->26(72)
[2023-11-08T19:01:21.992+0100][gc,heap       ] GC(1069) Old regions: 97->98
[2023-11-08T19:01:21.992+0100][gc,heap       ] GC(1069) Humongous regions: 129->129
[2023-11-08T19:01:21.992+0100][gc,metaspace  ] GC(1069) Metaspace: 48288K(52224K)->48288K(52224K) NonClass: 42313K(44544K)->42313K(44544K) Class: 5975K(7680K)->5975K(7680K)
[2023-11-08T19:01:21.992+0100][gc            ] GC(1069) Pause Young (Concurrent Start) (G1 Evacuation Pause) 795M->250M(1024M) 10,338ms
[2023-11-08T19:01:21.992+0100][gc,cpu        ] GC(1069) User=0,10s Sys=0,00s Real=0,01s
[2023-11-08T19:01:21.992+0100][gc            ] GC(1070) Concurrent Cycle
[2023-11-08T19:01:21.992+0100][gc,marking    ] GC(1070) Concurrent Clear Claimed Marks
[2023-11-08T19:01:21.992+0100][gc,marking    ] GC(1070) Concurrent Clear Claimed Marks 0,394ms
[2023-11-08T19:01:21.992+0100][gc,marking    ] GC(1070) Concurrent Scan Root Regions
[2023-11-08T19:01:21.999+0100][gc,marking    ] GC(1070) Concurrent Scan Root Regions 7,020ms
[2023-11-08T19:01:21.999+0100][gc,marking    ] GC(1070) Concurrent Mark (6353,608s)
[2023-11-08T19:01:21.999+0100][gc,marking    ] GC(1070) Concurrent Mark From Roots
[2023-11-08T19:01:21.999+0100][gc,task       ] GC(1070) Using 3 workers of 3 for marking
[2023-11-08T19:01:22.019+0100][gc,marking    ] GC(1070) Concurrent Mark From Roots 19,753ms
[2023-11-08T19:01:22.019+0100][gc,marking    ] GC(1070) Concurrent Preclean
[2023-11-08T19:01:22.019+0100][gc,marking    ] GC(1070) Concurrent Preclean 0,246ms
[2023-11-08T19:01:22.019+0100][gc,marking    ] GC(1070) Concurrent Mark (6353,608s, 6353,628s) 20,098ms
[2023-11-08T19:01:22.019+0100][gc,start      ] GC(1070) Pause Remark
[2023-11-08T19:01:22.023+0100][gc,stringtable] GC(1070) Cleaned string and symbol table, strings: 18405 processed, 0 removed, symbols: 94795 processed, 0 removed
[2023-11-08T19:01:22.023+0100][gc            ] GC(1070) Pause Remark 259M->258M(1024M) 3,844ms
[2023-11-08T19:01:22.023+0100][gc,cpu        ] GC(1070) User=0,03s Sys=0,01s Real=0,01s
[2023-11-08T19:01:22.023+0100][gc,marking    ] GC(1070) Concurrent Rebuild Remembered Sets
[2023-11-08T19:01:22.036+0100][gc,marking    ] GC(1070) Concurrent Rebuild Remembered Sets 12,541ms
[2023-11-08T19:01:22.036+0100][gc,start      ] GC(1070) Pause Cleanup
[2023-11-08T19:01:22.036+0100][gc            ] GC(1070) Pause Cleanup 263M->263M(1024M) 0,173ms
[2023-11-08T19:01:22.036+0100][gc,cpu        ] GC(1070) User=0,00s Sys=0,00s Real=0,00s
[2023-11-08T19:01:22.036+0100][gc,marking    ] GC(1070) Concurrent Cleanup for Next Mark
[2023-11-08T19:01:22.038+0100][gc,marking    ] GC(1070) Concurrent Cleanup for Next Mark 1,877ms
[2023-11-08T19:01:22.038+0100][gc            ] GC(1070) Concurrent Cycle 46,630ms
[2023-11-08T19:01:22.202+0100][gc,start      ] GC(1071) Pause Young (Prepare Mixed) (G1 Evacuation Pause)
[2023-11-08T19:01:22.202+0100][gc,task       ] GC(1071) Using 13 workers of 13 for evacuation
[2023-11-08T19:01:22.213+0100][gc,phases     ] GC(1071)   Pre Evacuate Collection Set: 0,0ms
[2023-11-08T19:01:22.213+0100][gc,phases     ] GC(1071)   Evacuate Collection Set: 10,3ms
[2023-11-08T19:01:22.213+0100][gc,phases     ] GC(1071)   Post Evacuate Collection Set: 0,4ms
[2023-11-08T19:01:22.213+0100][gc,phases     ] GC(1071)   Other: 0,3ms
[2023-11-08T19:01:22.213+0100][gc,heap       ] GC(1071) Eden regions: 77->0(46)
[2023-11-08T19:01:22.213+0100][gc,heap       ] GC(1071) Survivor regions: 26->5(13)
[2023-11-08T19:01:22.213+0100][gc,heap       ] GC(1071) Old regions: 97->120
[2023-11-08T19:01:22.213+0100][gc,heap       ] GC(1071) Humongous regions: 129->129
[2023-11-08T19:01:22.213+0100][gc,metaspace  ] GC(1071) Metaspace: 48288K(52224K)->48288K(52224K) NonClass: 42313K(44544K)->42313K(44544K) Class: 5975K(7680K)->5975K(7680K)
[2023-11-08T19:01:22.213+0100][gc            ] GC(1071) Pause Young (Prepare Mixed) (G1 Evacuation Pause) 326M->251M(1024M) 11,053ms
[2023-11-08T19:01:22.213+0100][gc,cpu        ] GC(1071) User=0,12s Sys=0,00s Real=0,01s
[2023-11-08T19:01:22.322+0100][gc,start      ] GC(1072) Pause Young (Mixed) (G1 Evacuation Pause)
[2023-11-08T19:01:22.322+0100][gc,task       ] GC(1072) Using 13 workers of 13 for evacuation
[2023-11-08T19:01:22.326+0100][gc,phases     ] GC(1072)   Pre Evacuate Collection Set: 0,1ms
[2023-11-08T19:01:22.326+0100][gc,phases     ] GC(1072)   Evacuate Collection Set: 3,1ms
[2023-11-08T19:01:22.326+0100][gc,phases     ] GC(1072)   Post Evacuate Collection Set: 0,5ms
[2023-11-08T19:01:22.326+0100][gc,phases     ] GC(1072)   Other: 0,3ms
[2023-11-08T19:01:22.326+0100][gc,heap       ] GC(1072) Eden regions: 46->0(573)
[2023-11-08T19:01:22.326+0100][gc,heap       ] GC(1072) Survivor regions: 5->2(7)
[2023-11-08T19:01:22.326+0100][gc,heap       ] GC(1072) Old regions: 120->105
[2023-11-08T19:01:22.326+0100][gc,heap       ] GC(1072) Humongous regions: 129->129
[2023-11-08T19:01:22.326+0100][gc,metaspace  ] GC(1072) Metaspace: 48288K(52224K)->48288K(52224K) NonClass: 42313K(44544K)->42313K(44544K) Class: 5975K(7680K)->5975K(7680K)
[2023-11-08T19:01:22.326+0100][gc            ] GC(1072) Pause Young (Mixed) (G1 Evacuation Pause) 297M->233M(1024M) 4,204ms
[2023-11-08T19:01:22.326+0100][gc,cpu        ] GC(1072) User=0,04s Sys=0,00s Real=0,01s
[2023-11-08T19:01:23.711+0100][gc,start      ] GC(1073) Pause Young (Normal) (G1 Evacuation Pause)
[2023-11-08T19:01:23.711+0100][gc,task       ] GC(1073) Using 13 workers of 13 for evacuation
[2023-11-08T19:01:23.714+0100][gc,phases     ] GC(1073)   Pre Evacuate Collection Set: 0,0ms
[2023-11-08T19:01:23.714+0100][gc,phases     ] GC(1073)   Evacuate Collection Set: 1,4ms
[2023-11-08T19:01:23.714+0100][gc,phases     ] GC(1073)   Post Evacuate Collection Set: 0,6ms
[2023-11-08T19:01:23.714+0100][gc,phases     ] GC(1073)   Other: 0,3ms
[2023-11-08T19:01:23.714+0100][gc,heap       ] GC(1073) Eden regions: 573->0(50)
[2023-11-08T19:01:23.714+0100][gc,heap       ] GC(1073) Survivor regions: 2->1(72)
[2023-11-08T19:01:23.714+0100][gc,heap       ] GC(1073) Old regions: 105->105
[2023-11-08T19:01:23.714+0100][gc,heap       ] GC(1073) Humongous regions: 129->129
[2023-11-08T19:01:23.714+0100][gc,metaspace  ] GC(1073) Metaspace: 48288K(52224K)->48288K(52224K) NonClass: 42313K(44544K)->42313K(44544K) Class: 5975K(7680K)->5975K(7680K)
[2023-11-08T19:01:23.714+0100][gc            ] GC(1073) Pause Young (Normal) (G1 Evacuation Pause) 806M->233M(1024M) 2,560ms
[2023-11-08T19:01:23.714+0100][gc,cpu        ] GC(1073) User=0,01s Sys=0,02s Real=0,00s
[2023-11-08T19:01:23.832+0100][gc,start      ] GC(1074) Pause Young (Normal) (G1 Evacuation Pause)
[2023-11-08T19:01:23.832+0100][gc,task       ] GC(1074) Using 13 workers of 13 for evacuation
[2023-11-08T19:01:23.834+0100][gc,phases     ] GC(1074)   Pre Evacuate Collection Set: 0,0ms
[2023-11-08T19:01:23.834+0100][gc,phases     ] GC(1074)   Evacuate Collection Set: 1,3ms
[2023-11-08T19:01:23.834+0100][gc,phases     ] GC(1074)   Post Evacuate Collection Set: 0,5ms
[2023-11-08T19:01:23.834+0100][gc,phases     ] GC(1074)   Other: 0,2ms
[2023-11-08T19:01:23.834+0100][gc,heap       ] GC(1074) Eden regions: 50->0(50)
[2023-11-08T19:01:23.834+0100][gc,heap       ] GC(1074) Survivor regions: 1->1(7)
[2023-11-08T19:01:23.834+0100][gc,heap       ] GC(1074) Old regions: 105->105
[2023-11-08T19:01:23.834+0100][gc,heap       ] GC(1074) Humongous regions: 129->129
[2023-11-08T19:01:23.834+0100][gc,metaspace  ] GC(1074) Metaspace: 48288K(52224K)->48288K(52224K) NonClass: 42313K(44544K)->42313K(44544K) Class: 5975K(7680K)->5975K(7680K)
[2023-11-08T19:01:23.835+0100][gc            ] GC(1074) Pause Young (Normal) (G1 Evacuation Pause) 283M->233M(1024M) 2,105ms
[2023-11-08T19:01:23.835+0100][gc,cpu        ] GC(1074) User=0,01s Sys=0,00s Real=0,00s
[2023-11-08T19:01:23.955+0100][gc,start      ] GC(1075) Pause Young (Normal) (G1 Evacuation Pause)
[2023-11-08T19:01:23.955+0100][gc,task       ] GC(1075) Using 13 workers of 13 for evacuation
[2023-11-08T19:01:23.956+0100][gc,phases     ] GC(1075)   Pre Evacuate Collection Set: 0,0ms
[2023-11-08T19:01:23.956+0100][gc,phases     ] GC(1075)   Evacuate Collection Set: 1,0ms
[2023-11-08T19:01:23.956+0100][gc,phases     ] GC(1075)   Post Evacuate Collection Set: 0,3ms
[2023-11-08T19:01:23.956+0100][gc,phases     ] GC(1075)   Other: 0,2ms
[2023-11-08T19:01:23.956+0100][gc,heap       ] GC(1075) Eden regions: 50->0(89)
[2023-11-08T19:01:23.956+0100][gc,heap       ] GC(1075) Survivor regions: 1->1(7)
[2023-11-08T19:01:23.956+0100][gc,heap       ] GC(1075) Old regions: 105->105
[2023-11-08T19:01:23.956+0100][gc,heap       ] GC(1075) Humongous regions: 129->129
[2023-11-08T19:01:23.956+0100][gc,metaspace  ] GC(1075) Metaspace: 48288K(52224K)->48288K(52224K) NonClass: 42313K(44544K)->42313K(44544K) Class: 5975K(7680K)->5975K(7680K)
[2023-11-08T19:01:23.956+0100][gc            ] GC(1075) Pause Young (Normal) (G1 Evacuation Pause) 283M->233M(1024M) 1,574ms
[2023-11-08T19:01:23.956+0100][gc,cpu        ] GC(1075) User=0,01s Sys=0,01s Real=0,00s
[2023-11-08T19:01:24.177+0100][gc,start      ] GC(1076) Pause Young (Normal) (G1 Evacuation Pause)
[2023-11-08T19:01:24.177+0100][gc,task       ] GC(1076) Using 13 workers of 13 for evacuation
[2023-11-08T19:01:24.179+0100][gc,phases     ] GC(1076)   Pre Evacuate Collection Set: 0,0ms
[2023-11-08T19:01:24.179+0100][gc,phases     ] GC(1076)   Evacuate Collection Set: 1,0ms
[2023-11-08T19:01:24.179+0100][gc,phases     ] GC(1076)   Post Evacuate Collection Set: 0,3ms
[2023-11-08T19:01:24.179+0100][gc,phases     ] GC(1076)   Other: 0,2ms
[2023-11-08T19:01:24.179+0100][gc,heap       ] GC(1076) Eden regions: 89->0(120)
[2023-11-08T19:01:24.179+0100][gc,heap       ] GC(1076) Survivor regions: 1->1(12)
[2023-11-08T19:01:24.179+0100][gc,heap       ] GC(1076) Old regions: 105->105
[2023-11-08T19:01:24.179+0100][gc,heap       ] GC(1076) Humongous regions: 129->129
[2023-11-08T19:01:24.179+0100][gc,metaspace  ] GC(1076) Metaspace: 48288K(52224K)->48288K(52224K) NonClass: 42313K(44544K)->42313K(44544K) Class: 5975K(7680K)->5975K(7680K)
[2023-11-08T19:01:24.179+0100][gc            ] GC(1076) Pause Young (Normal) (G1 Evacuation Pause) 322M->233M(1024M) 1,673ms
[2023-11-08T19:01:24.179+0100][gc,cpu        ] GC(1076) User=0,01s Sys=0,01s Real=0,00s
[2023-11-08T19:01:24.468+0100][gc,start      ] GC(1077) Pause Young (Normal) (G1 Evacuation Pause)
[2023-11-08T19:01:24.468+0100][gc,task       ] GC(1077) Using 13 workers of 13 for evacuation
[2023-11-08T19:01:24.470+0100][gc,phases     ] GC(1077)   Pre Evacuate Collection Set: 0,0ms
[2023-11-08T19:01:24.470+0100][gc,phases     ] GC(1077)   Evacuate Collection Set: 1,6ms
[2023-11-08T19:01:24.470+0100][gc,phases     ] GC(1077)   Post Evacuate Collection Set: 0,5ms
[2023-11-08T19:01:24.470+0100][gc,phases     ] GC(1077)   Other: 0,2ms
[2023-11-08T19:01:24.470+0100][gc,heap       ] GC(1077) Eden regions: 120->0(144)
[2023-11-08T19:01:24.470+0100][gc,heap       ] GC(1077) Survivor regions: 1->1(16)
[2023-11-08T19:01:24.470+0100][gc,heap       ] GC(1077) Old regions: 105->105
[2023-11-08T19:01:24.470+0100][gc,heap       ] GC(1077) Humongous regions: 129->129
[2023-11-08T19:01:24.470+0100][gc,metaspace  ] GC(1077) Metaspace: 48288K(52224K)->48288K(52224K) NonClass: 42313K(44544K)->42313K(44544K) Class: 5975K(7680K)->5975K(7680K)
[2023-11-08T19:01:24.470+0100][gc            ] GC(1077) Pause Young (Normal) (G1 Evacuation Pause) 353M->233M(1024M) 2,481ms
[2023-11-08T19:01:24.470+0100][gc,cpu        ] GC(1077) User=0,01s Sys=0,01s Real=0,00s
[2023-11-08T19:01:24.812+0100][gc,start      ] GC(1078) Pause Young (Normal) (G1 Evacuation Pause)
[2023-11-08T19:01:24.812+0100][gc,task       ] GC(1078) Using 13 workers of 13 for evacuation
[2023-11-08T19:01:24.814+0100][gc,phases     ] GC(1078)   Pre Evacuate Collection Set: 0,0ms
[2023-11-08T19:01:24.814+0100][gc,phases     ] GC(1078)   Evacuate Collection Set: 1,4ms
[2023-11-08T19:01:24.814+0100][gc,phases     ] GC(1078)   Post Evacuate Collection Set: 0,4ms
[2023-11-08T19:01:24.814+0100][gc,phases     ] GC(1078)   Other: 0,2ms
[2023-11-08T19:01:24.814+0100][gc,heap       ] GC(1078) Eden regions: 144->0(163)
[2023-11-08T19:01:24.814+0100][gc,heap       ] GC(1078) Survivor regions: 1->1(19)
[2023-11-08T19:01:24.814+0100][gc,heap       ] GC(1078) Old regions: 105->105
[2023-11-08T19:01:24.814+0100][gc,heap       ] GC(1078) Humongous regions: 129->129
[2023-11-08T19:01:24.814+0100][gc,metaspace  ] GC(1078) Metaspace: 48288K(52224K)->48288K(52224K) NonClass: 42313K(44544K)->42313K(44544K) Class: 5975K(7680K)->5975K(7680K)
[2023-11-08T19:01:24.814+0100][gc            ] GC(1078) Pause Young (Normal) (G1 Evacuation Pause) 377M->233M(1024M) 2,114ms
[2023-11-08T19:01:24.814+0100][gc,cpu        ] GC(1078) User=0,01s Sys=0,01s Real=0,00s
[2023-11-08T19:01:25.204+0100][gc,start      ] GC(1079) Pause Young (Normal) (G1 Evacuation Pause)
[2023-11-08T19:01:25.204+0100][gc,task       ] GC(1079) Using 13 workers of 13 for evacuation
[2023-11-08T19:01:25.206+0100][gc,phases     ] GC(1079)   Pre Evacuate Collection Set: 0,0ms
[2023-11-08T19:01:25.206+0100][gc,phases     ] GC(1079)   Evacuate Collection Set: 1,1ms
[2023-11-08T19:01:25.206+0100][gc,phases     ] GC(1079)   Post Evacuate Collection Set: 0,5ms
[2023-11-08T19:01:25.206+0100][gc,phases     ] GC(1079)   Other: 0,2ms
[2023-11-08T19:01:25.206+0100][gc,heap       ] GC(1079) Eden regions: 163->0(180)
[2023-11-08T19:01:25.206+0100][gc,heap       ] GC(1079) Survivor regions: 1->1(21)
[2023-11-08T19:01:25.206+0100][gc,heap       ] GC(1079) Old regions: 105->105
[2023-11-08T19:01:25.206+0100][gc,heap       ] GC(1079) Humongous regions: 129->129
[2023-11-08T19:01:25.206+0100][gc,metaspace  ] GC(1079) Metaspace: 48288K(52224K)->48288K(52224K) NonClass: 42313K(44544K)->42313K(44544K) Class: 5975K(7680K)->5975K(7680K)
[2023-11-08T19:01:25.206+0100][gc            ] GC(1079) Pause Young (Normal) (G1 Evacuation Pause) 396M->233M(1024M) 1,975ms
[2023-11-08T19:01:25.206+0100][gc,cpu        ] GC(1079) User=0,01s Sys=0,00s Real=0,00s
[2023-11-08T19:01:25.643+0100][gc,start      ] GC(1080) Pause Young (Normal) (G1 Evacuation Pause)
[2023-11-08T19:01:25.643+0100][gc,task       ] GC(1080) Using 13 workers of 13 for evacuation
[2023-11-08T19:01:25.645+0100][gc,phases     ] GC(1080)   Pre Evacuate Collection Set: 0,0ms
[2023-11-08T19:01:25.645+0100][gc,phases     ] GC(1080)   Evacuate Collection Set: 1,0ms
[2023-11-08T19:01:25.645+0100][gc,phases     ] GC(1080)   Post Evacuate Collection Set: 0,5ms
[2023-11-08T19:01:25.645+0100][gc,phases     ] GC(1080)   Other: 0,2ms
[2023-11-08T19:01:25.645+0100][gc,heap       ] GC(1080) Eden regions: 180->0(201)
[2023-11-08T19:01:25.645+0100][gc,heap       ] GC(1080) Survivor regions: 1->2(23)
[2023-11-08T19:01:25.645+0100][gc,heap       ] GC(1080) Old regions: 105->105
[2023-11-08T19:01:25.645+0100][gc,heap       ] GC(1080) Humongous regions: 129->129
[2023-11-08T19:01:25.645+0100][gc,metaspace  ] GC(1080) Metaspace: 48288K(52224K)->48288K(52224K) NonClass: 42313K(44544K)->42313K(44544K) Class: 5975K(7680K)->5975K(7680K)
[2023-11-08T19:01:25.645+0100][gc            ] GC(1080) Pause Young (Normal) (G1 Evacuation Pause) 413M->233M(1024M) 1,896ms
[2023-11-08T19:01:25.645+0100][gc,cpu        ] GC(1080) User=0,01s Sys=0,01s Real=0,00s
[2023-11-08T19:01:26.162+0100][gc,start      ] GC(1081) Pause Young (Normal) (G1 Evacuation Pause)
[2023-11-08T19:01:26.162+0100][gc,task       ] GC(1081) Using 13 workers of 13 for evacuation
[2023-11-08T19:01:26.164+0100][gc,phases     ] GC(1081)   Pre Evacuate Collection Set: 0,0ms
[2023-11-08T19:01:26.164+0100][gc,phases     ] GC(1081)   Evacuate Collection Set: 1,2ms
[2023-11-08T19:01:26.164+0100][gc,phases     ] GC(1081)   Post Evacuate Collection Set: 0,4ms
[2023-11-08T19:01:26.164+0100][gc,phases     ] GC(1081)   Other: 0,2ms
[2023-11-08T19:01:26.164+0100][gc,heap       ] GC(1081) Eden regions: 201->0(219)
[2023-11-08T19:01:26.164+0100][gc,heap       ] GC(1081) Survivor regions: 2->2(26)
[2023-11-08T19:01:26.164+0100][gc,heap       ] GC(1081) Old regions: 105->105
[2023-11-08T19:01:26.164+0100][gc,heap       ] GC(1081) Humongous regions: 129->129
[2023-11-08T19:01:26.164+0100][gc,metaspace  ] GC(1081) Metaspace: 48288K(52224K)->48288K(52224K) NonClass: 42313K(44544K)->42313K(44544K) Class: 5975K(7680K)->5975K(7680K)
[2023-11-08T19:01:26.164+0100][gc            ] GC(1081) Pause Young (Normal) (G1 Evacuation Pause) 434M->233M(1024M) 1,920ms
[2023-11-08T19:01:26.164+0100][gc,cpu        ] GC(1081) User=0,01s Sys=0,00s Real=0,01s
[2023-11-08T19:01:26.728+0100][gc,start      ] GC(1082) Pause Young (Normal) (G1 Evacuation Pause)
[2023-11-08T19:01:26.728+0100][gc,task       ] GC(1082) Using 13 workers of 13 for evacuation
[2023-11-08T19:01:26.730+0100][gc,phases     ] GC(1082)   Pre Evacuate Collection Set: 0,0ms
[2023-11-08T19:01:26.730+0100][gc,phases     ] GC(1082)   Evacuate Collection Set: 1,1ms
[2023-11-08T19:01:26.730+0100][gc,phases     ] GC(1082)   Post Evacuate Collection Set: 0,5ms
[2023-11-08T19:01:26.730+0100][gc,phases     ] GC(1082)   Other: 0,2ms
[2023-11-08T19:01:26.730+0100][gc,heap       ] GC(1082) Eden regions: 219->0(250)
[2023-11-08T19:01:26.730+0100][gc,heap       ] GC(1082) Survivor regions: 2->2(28)
[2023-11-08T19:01:26.730+0100][gc,heap       ] GC(1082) Old regions: 105->105
[2023-11-08T19:01:26.730+0100][gc,heap       ] GC(1082) Humongous regions: 129->129
[2023-11-08T19:01:26.730+0100][gc,metaspace  ] GC(1082) Metaspace: 48288K(52224K)->48288K(52224K) NonClass: 42313K(44544K)->42313K(44544K) Class: 5975K(7680K)->5975K(7680K)
[2023-11-08T19:01:26.730+0100][gc            ] GC(1082) Pause Young (Normal) (G1 Evacuation Pause) 452M->233M(1024M) 1,872ms
[2023-11-08T19:01:26.730+0100][gc,cpu        ] GC(1082) User=0,00s Sys=0,00s Real=0,00s
[2023-11-08T19:01:27.381+0100][gc,start      ] GC(1083) Pause Young (Normal) (G1 Evacuation Pause)
[2023-11-08T19:01:27.381+0100][gc,task       ] GC(1083) Using 13 workers of 13 for evacuation
[2023-11-08T19:01:27.383+0100][gc,phases     ] GC(1083)   Pre Evacuate Collection Set: 0,0ms
[2023-11-08T19:01:27.383+0100][gc,phases     ] GC(1083)   Evacuate Collection Set: 1,3ms
[2023-11-08T19:01:27.383+0100][gc,phases     ] GC(1083)   Post Evacuate Collection Set: 0,4ms
[2023-11-08T19:01:27.383+0100][gc,phases     ] GC(1083)   Other: 0,2ms
[2023-11-08T19:01:27.383+0100][gc,heap       ] GC(1083) Eden regions: 250->0(285)
[2023-11-08T19:01:27.383+0100][gc,heap       ] GC(1083) Survivor regions: 2->1(32)
[2023-11-08T19:01:27.383+0100][gc,heap       ] GC(1083) Old regions: 105->106
[2023-11-08T19:01:27.383+0100][gc,heap       ] GC(1083) Humongous regions: 129->129
[2023-11-08T19:01:27.383+0100][gc,metaspace  ] GC(1083) Metaspace: 48288K(52224K)->48288K(52224K) NonClass: 42313K(44544K)->42313K(44544K) Class: 5975K(7680K)->5975K(7680K)
[2023-11-08T19:01:27.383+0100][gc            ] GC(1083) Pause Young (Normal) (G1 Evacuation Pause) 483M->233M(1024M) 1,988ms
[2023-11-08T19:01:27.383+0100][gc,cpu        ] GC(1083) User=0,01s Sys=0,01s Real=0,01s
[2023-11-08T19:01:28.127+0100][gc,start      ] GC(1084) Pause Young (Normal) (G1 Evacuation Pause)
[2023-11-08T19:01:28.127+0100][gc,task       ] GC(1084) Using 13 workers of 13 for evacuation
[2023-11-08T19:01:28.129+0100][gc,phases     ] GC(1084)   Pre Evacuate Collection Set: 0,0ms
[2023-11-08T19:01:28.129+0100][gc,phases     ] GC(1084)   Evacuate Collection Set: 1,2ms
[2023-11-08T19:01:28.129+0100][gc,phases     ] GC(1084)   Post Evacuate Collection Set: 0,5ms
[2023-11-08T19:01:28.129+0100][gc,phases     ] GC(1084)   Other: 0,2ms
[2023-11-08T19:01:28.129+0100][gc,heap       ] GC(1084) Eden regions: 285->0(315)
[2023-11-08T19:01:28.129+0100][gc,heap       ] GC(1084) Survivor regions: 1->1(36)
[2023-11-08T19:01:28.129+0100][gc,heap       ] GC(1084) Old regions: 106->106
[2023-11-08T19:01:28.129+0100][gc,heap       ] GC(1084) Humongous regions: 129->129
[2023-11-08T19:01:28.129+0100][gc,metaspace  ] GC(1084) Metaspace: 48288K(52224K)->48288K(52224K) NonClass: 42313K(44544K)->42313K(44544K) Class: 5975K(7680K)->5975K(7680K)
[2023-11-08T19:01:28.129+0100][gc            ] GC(1084) Pause Young (Normal) (G1 Evacuation Pause) 518M->233M(1024M) 2,006ms
[2023-11-08T19:01:28.129+0100][gc,cpu        ] GC(1084) User=0,00s Sys=0,01s Real=0,00s
[2023-11-08T19:01:28.948+0100][gc,start      ] GC(1085) Pause Young (Normal) (G1 Evacuation Pause)
[2023-11-08T19:01:28.948+0100][gc,task       ] GC(1085) Using 13 workers of 13 for evacuation
[2023-11-08T19:01:28.950+0100][gc,phases     ] GC(1085)   Pre Evacuate Collection Set: 0,0ms
[2023-11-08T19:01:28.951+0100][gc,phases     ] GC(1085)   Evacuate Collection Set: 2,1ms
[2023-11-08T19:01:28.951+0100][gc,phases     ] GC(1085)   Post Evacuate Collection Set: 0,5ms
[2023-11-08T19:01:28.951+0100][gc,phases     ] GC(1085)   Other: 0,2ms
[2023-11-08T19:01:28.951+0100][gc,heap       ] GC(1085) Eden regions: 315->0(340)
[2023-11-08T19:01:28.951+0100][gc,heap       ] GC(1085) Survivor regions: 1->2(40)
[2023-11-08T19:01:28.951+0100][gc,heap       ] GC(1085) Old regions: 106->106
[2023-11-08T19:01:28.951+0100][gc,heap       ] GC(1085) Humongous regions: 129->129
[2023-11-08T19:01:28.951+0100][gc,metaspace  ] GC(1085) Metaspace: 48288K(52224K)->48288K(52224K) NonClass: 42313K(44544K)->42313K(44544K) Class: 5975K(7680K)->5975K(7680K)
[2023-11-08T19:01:28.951+0100][gc            ] GC(1085) Pause Young (Normal) (G1 Evacuation Pause) 548M->234M(1024M) 2,863ms
[2023-11-08T19:01:28.951+0100][gc,cpu        ] GC(1085) User=0,01s Sys=0,01s Real=0,00s
[2023-11-08T19:01:29.827+0100][gc,start      ] GC(1086) Pause Young (Normal) (G1 Evacuation Pause)
[2023-11-08T19:01:29.827+0100][gc,task       ] GC(1086) Using 13 workers of 13 for evacuation
[2023-11-08T19:01:29.830+0100][gc,phases     ] GC(1086)   Pre Evacuate Collection Set: 0,0ms
[2023-11-08T19:01:29.830+0100][gc,phases     ] GC(1086)   Evacuate Collection Set: 2,0ms
[2023-11-08T19:01:29.830+0100][gc,phases     ] GC(1086)   Post Evacuate Collection Set: 0,6ms
[2023-11-08T19:01:29.830+0100][gc,phases     ] GC(1086)   Other: 0,2ms
[2023-11-08T19:01:29.830+0100][gc,heap       ] GC(1086) Eden regions: 340->0(369)
[2023-11-08T19:01:29.830+0100][gc,heap       ] GC(1086) Survivor regions: 2->2(43)
[2023-11-08T19:01:29.830+0100][gc,heap       ] GC(1086) Old regions: 106->106
[2023-11-08T19:01:29.830+0100][gc,heap       ] GC(1086) Humongous regions: 129->129
[2023-11-08T19:01:29.830+0100][gc,metaspace  ] GC(1086) Metaspace: 48288K(52224K)->48288K(52224K) NonClass: 42313K(44544K)->42313K(44544K) Class: 5975K(7680K)->5975K(7680K)
[2023-11-08T19:01:29.830+0100][gc            ] GC(1086) Pause Young (Normal) (G1 Evacuation Pause) 574M->234M(1024M) 2,874ms
[2023-11-08T19:01:29.830+0100][gc,cpu        ] GC(1086) User=0,01s Sys=0,02s Real=0,00s
[2023-11-08T19:01:30.783+0100][gc,start      ] GC(1087) Pause Young (Normal) (G1 Evacuation Pause)
[2023-11-08T19:01:30.783+0100][gc,task       ] GC(1087) Using 13 workers of 13 for evacuation
[2023-11-08T19:01:30.787+0100][gc,phases     ] GC(1087)   Pre Evacuate Collection Set: 0,0ms
[2023-11-08T19:01:30.788+0100][gc,phases     ] GC(1087)   Evacuate Collection Set: 3,6ms
[2023-11-08T19:01:30.788+0100][gc,phases     ] GC(1087)   Post Evacuate Collection Set: 0,5ms
[2023-11-08T19:01:30.788+0100][gc,phases     ] GC(1087)   Other: 0,2ms
[2023-11-08T19:01:30.788+0100][gc,heap       ] GC(1087) Eden regions: 369->0(399)
[2023-11-08T19:01:30.788+0100][gc,heap       ] GC(1087) Survivor regions: 2->3(47)
[2023-11-08T19:01:30.788+0100][gc,heap       ] GC(1087) Old regions: 106->106
[2023-11-08T19:01:30.788+0100][gc,heap       ] GC(1087) Humongous regions: 129->129
[2023-11-08T19:01:30.788+0100][gc,metaspace  ] GC(1087) Metaspace: 48288K(52224K)->48288K(52224K) NonClass: 42313K(44544K)->42313K(44544K) Class: 5975K(7680K)->5975K(7680K)
[2023-11-08T19:01:30.788+0100][gc            ] GC(1087) Pause Young (Normal) (G1 Evacuation Pause) 603M->235M(1024M) 4,473ms
[2023-11-08T19:01:30.788+0100][gc,cpu        ] GC(1087) User=0,04s Sys=0,00s Real=0,00s
[2023-11-08T19:01:31.828+0100][gc,start      ] GC(1088) Pause Young (Normal) (G1 Evacuation Pause)
[2023-11-08T19:01:31.828+0100][gc,task       ] GC(1088) Using 13 workers of 13 for evacuation
[2023-11-08T19:01:31.832+0100][gc,phases     ] GC(1088)   Pre Evacuate Collection Set: 0,0ms
[2023-11-08T19:01:31.832+0100][gc,phases     ] GC(1088)   Evacuate Collection Set: 3,4ms
[2023-11-08T19:01:31.832+0100][gc,phases     ] GC(1088)   Post Evacuate Collection Set: 0,6ms
[2023-11-08T19:01:31.832+0100][gc,phases     ] GC(1088)   Other: 0,2ms
[2023-11-08T19:01:31.832+0100][gc,heap       ] GC(1088) Eden regions: 399->0(429)
[2023-11-08T19:01:31.832+0100][gc,heap       ] GC(1088) Survivor regions: 3->4(51)
[2023-11-08T19:01:31.832+0100][gc,heap       ] GC(1088) Old regions: 106->106
[2023-11-08T19:01:31.832+0100][gc,heap       ] GC(1088) Humongous regions: 129->129
[2023-11-08T19:01:31.832+0100][gc,metaspace  ] GC(1088) Metaspace: 48288K(52224K)->48288K(52224K) NonClass: 42313K(44544K)->42313K(44544K) Class: 5975K(7680K)->5975K(7680K)
[2023-11-08T19:01:31.832+0100][gc            ] GC(1088) Pause Young (Normal) (G1 Evacuation Pause) 634M->237M(1024M) 4,282ms
[2023-11-08T19:01:31.832+0100][gc,cpu        ] GC(1088) User=0,00s Sys=0,04s Real=0,00s
[2023-11-08T19:01:32.933+0100][gc,start      ] GC(1089) Pause Young (Normal) (G1 Evacuation Pause)
[2023-11-08T19:01:32.933+0100][gc,task       ] GC(1089) Using 13 workers of 13 for evacuation
[2023-11-08T19:01:32.937+0100][gc,phases     ] GC(1089)   Pre Evacuate Collection Set: 0,0ms
[2023-11-08T19:01:32.937+0100][gc,phases     ] GC(1089)   Evacuate Collection Set: 3,8ms
[2023-11-08T19:01:32.937+0100][gc,phases     ] GC(1089)   Post Evacuate Collection Set: 0,5ms
[2023-11-08T19:01:32.937+0100][gc,phases     ] GC(1089)   Other: 0,2ms
[2023-11-08T19:01:32.937+0100][gc,heap       ] GC(1089) Eden regions: 429->0(461)
[2023-11-08T19:01:32.937+0100][gc,heap       ] GC(1089) Survivor regions: 4->6(55)
[2023-11-08T19:01:32.937+0100][gc,heap       ] GC(1089) Old regions: 106->106
[2023-11-08T19:01:32.937+0100][gc,heap       ] GC(1089) Humongous regions: 129->129
[2023-11-08T19:01:32.937+0100][gc,metaspace  ] GC(1089) Metaspace: 48288K(52224K)->48288K(52224K) NonClass: 42313K(44544K)->42313K(44544K) Class: 5975K(7680K)->5975K(7680K)
[2023-11-08T19:01:32.937+0100][gc            ] GC(1089) Pause Young (Normal) (G1 Evacuation Pause) 666M->238M(1024M) 4,603ms
[2023-11-08T19:01:32.937+0100][gc,cpu        ] GC(1089) User=0,03s Sys=0,00s Real=0,01s
[2023-11-08T19:01:34.107+0100][gc,start      ] GC(1090) Pause Young (Normal) (G1 Evacuation Pause)
[2023-11-08T19:01:34.107+0100][gc,task       ] GC(1090) Using 13 workers of 13 for evacuation
[2023-11-08T19:01:34.112+0100][gc,phases     ] GC(1090)   Pre Evacuate Collection Set: 0,0ms
[2023-11-08T19:01:34.112+0100][gc,phases     ] GC(1090)   Evacuate Collection Set: 3,9ms
[2023-11-08T19:01:34.112+0100][gc,phases     ] GC(1090)   Post Evacuate Collection Set: 0,5ms
[2023-11-08T19:01:34.112+0100][gc,phases     ] GC(1090)   Other: 0,3ms
[2023-11-08T19:01:34.112+0100][gc,heap       ] GC(1090) Eden regions: 461->0(496)
[2023-11-08T19:01:34.112+0100][gc,heap       ] GC(1090) Survivor regions: 6->4(59)
[2023-11-08T19:01:34.112+0100][gc,heap       ] GC(1090) Old regions: 106->106
[2023-11-08T19:01:34.112+0100][gc,heap       ] GC(1090) Humongous regions: 129->129
[2023-11-08T19:01:34.112+0100][gc,metaspace  ] GC(1090) Metaspace: 48288K(52224K)->48288K(52224K) NonClass: 42313K(44544K)->42313K(44544K) Class: 5975K(7680K)->5975K(7680K)
[2023-11-08T19:01:34.112+0100][gc            ] GC(1090) Pause Young (Normal) (G1 Evacuation Pause) 699M->237M(1024M) 4,755ms
[2023-11-08T19:01:34.112+0100][gc,cpu        ] GC(1090) User=0,01s Sys=0,03s Real=0,00s
[2023-11-08T19:01:35.394+0100][gc,start      ] GC(1091) Pause Young (Normal) (G1 Evacuation Pause)
[2023-11-08T19:01:35.394+0100][gc,task       ] GC(1091) Using 13 workers of 13 for evacuation
[2023-11-08T19:01:35.398+0100][gc,phases     ] GC(1091)   Pre Evacuate Collection Set: 0,0ms
[2023-11-08T19:01:35.398+0100][gc,phases     ] GC(1091)   Evacuate Collection Set: 3,1ms
[2023-11-08T19:01:35.398+0100][gc,phases     ] GC(1091)   Post Evacuate Collection Set: 0,6ms
[2023-11-08T19:01:35.398+0100][gc,phases     ] GC(1091)   Other: 0,2ms
[2023-11-08T19:01:35.398+0100][gc,heap       ] GC(1091) Eden regions: 496->0(523)
[2023-11-08T19:01:35.398+0100][gc,heap       ] GC(1091) Survivor regions: 4->6(63)
[2023-11-08T19:01:35.398+0100][gc,heap       ] GC(1091) Old regions: 106->106
[2023-11-08T19:01:35.398+0100][gc,heap       ] GC(1091) Humongous regions: 129->129
[2023-11-08T19:01:35.398+0100][gc,metaspace  ] GC(1091) Metaspace: 48288K(52224K)->48288K(52224K) NonClass: 42313K(44544K)->42313K(44544K) Class: 5975K(7680K)->5975K(7680K)
[2023-11-08T19:01:35.398+0100][gc            ] GC(1091) Pause Young (Normal) (G1 Evacuation Pause) 733M->238M(1024M) 4,030ms
[2023-11-08T19:01:35.398+0100][gc,cpu        ] GC(1091) User=0,04s Sys=0,00s Real=0,01s
[2023-11-08T19:01:36.704+0100][gc,start      ] GC(1092) Pause Young (Concurrent Start) (G1 Evacuation Pause)
[2023-11-08T19:01:36.704+0100][gc,task       ] GC(1092) Using 13 workers of 13 for evacuation
[2023-11-08T19:01:36.709+0100][gc,phases     ] GC(1092)   Pre Evacuate Collection Set: 0,2ms
[2023-11-08T19:01:36.709+0100][gc,phases     ] GC(1092)   Evacuate Collection Set: 4,1ms
[2023-11-08T19:01:36.709+0100][gc,phases     ] GC(1092)   Post Evacuate Collection Set: 0,6ms
[2023-11-08T19:01:36.709+0100][gc,phases     ] GC(1092)   Other: 0,2ms
[2023-11-08T19:01:36.709+0100][gc,heap       ] GC(1092) Eden regions: 523->0(540)
[2023-11-08T19:01:36.709+0100][gc,heap       ] GC(1092) Survivor regions: 6->8(67)
[2023-11-08T19:01:36.709+0100][gc,heap       ] GC(1092) Old regions: 106->106
[2023-11-08T19:01:36.709+0100][gc,heap       ] GC(1092) Humongous regions: 129->129
[2023-11-08T19:01:36.709+0100][gc,metaspace  ] GC(1092) Metaspace: 48288K(52224K)->48288K(52224K) NonClass: 42313K(44544K)->42313K(44544K) Class: 5975K(7680K)->5975K(7680K)
[2023-11-08T19:01:36.709+0100][gc            ] GC(1092) Pause Young (Concurrent Start) (G1 Evacuation Pause) 761M->240M(1024M) 5,163ms
[2023-11-08T19:01:36.709+0100][gc,cpu        ] GC(1092) User=0,05s Sys=0,00s Real=0,00s
[2023-11-08T19:01:36.709+0100][gc            ] GC(1093) Concurrent Cycle
[2023-11-08T19:01:36.709+0100][gc,marking    ] GC(1093) Concurrent Clear Claimed Marks
[2023-11-08T19:01:36.710+0100][gc,marking    ] GC(1093) Concurrent Clear Claimed Marks 0,403ms
[2023-11-08T19:01:36.710+0100][gc,marking    ] GC(1093) Concurrent Scan Root Regions
[2023-11-08T19:01:36.713+0100][gc,marking    ] GC(1093) Concurrent Scan Root Regions 3,633ms
[2023-11-08T19:01:36.714+0100][gc,marking    ] GC(1093) Concurrent Mark (6368,322s)
[2023-11-08T19:01:36.714+0100][gc,marking    ] GC(1093) Concurrent Mark From Roots
[2023-11-08T19:01:36.714+0100][gc,task       ] GC(1093) Using 3 workers of 3 for marking
[2023-11-08T19:01:36.733+0100][gc,marking    ] GC(1093) Concurrent Mark From Roots 19,805ms
[2023-11-08T19:01:36.733+0100][gc,marking    ] GC(1093) Concurrent Preclean
[2023-11-08T19:01:36.734+0100][gc,marking    ] GC(1093) Concurrent Preclean 0,246ms
[2023-11-08T19:01:36.734+0100][gc,marking    ] GC(1093) Concurrent Mark (6368,322s, 6368,342s) 20,131ms
[2023-11-08T19:01:36.734+0100][gc,start      ] GC(1093) Pause Remark
[2023-11-08T19:01:36.737+0100][gc,stringtable] GC(1093) Cleaned string and symbol table, strings: 18405 processed, 0 removed, symbols: 94795 processed, 0 removed
[2023-11-08T19:01:36.737+0100][gc            ] GC(1093) Pause Remark 250M->244M(1024M) 3,235ms
[2023-11-08T19:01:36.737+0100][gc,cpu        ] GC(1093) User=0,04s Sys=0,00s Real=0,01s
[2023-11-08T19:01:36.737+0100][gc,marking    ] GC(1093) Concurrent Rebuild Remembered Sets
[2023-11-08T19:01:36.749+0100][gc,marking    ] GC(1093) Concurrent Rebuild Remembered Sets 11,780ms
[2023-11-08T19:01:36.749+0100][gc,start      ] GC(1093) Pause Cleanup
[2023-11-08T19:01:36.749+0100][gc            ] GC(1093) Pause Cleanup 249M->249M(1024M) 0,165ms
[2023-11-08T19:01:36.749+0100][gc,cpu        ] GC(1093) User=0,00s Sys=0,00s Real=0,00s
[2023-11-08T19:01:36.749+0100][gc,marking    ] GC(1093) Concurrent Cleanup for Next Mark
[2023-11-08T19:01:36.751+0100][gc,marking    ] GC(1093) Concurrent Cleanup for Next Mark 1,838ms
[2023-11-08T19:01:36.751+0100][gc            ] GC(1093) Concurrent Cycle 41,827ms
[2023-11-08T19:01:36.909+0100][gc,start      ] GC(1094) Pause Young (Prepare Mixed) (G1 Evacuation Pause)
[2023-11-08T19:01:36.909+0100][gc,task       ] GC(1094) Using 13 workers of 13 for evacuation
[2023-11-08T19:01:36.914+0100][gc,phases     ] GC(1094)   Pre Evacuate Collection Set: 0,0ms
[2023-11-08T19:01:36.914+0100][gc,phases     ] GC(1094)   Evacuate Collection Set: 4,9ms
[2023-11-08T19:01:36.914+0100][gc,phases     ] GC(1094)   Post Evacuate Collection Set: 0,5ms
[2023-11-08T19:01:36.914+0100][gc,phases     ] GC(1094)   Other: 0,3ms
[2023-11-08T19:01:36.914+0100][gc,heap       ] GC(1094) Eden regions: 74->0(45)
[2023-11-08T19:01:36.914+0100][gc,heap       ] GC(1094) Survivor regions: 8->6(11)
[2023-11-08T19:01:36.914+0100][gc,heap       ] GC(1094) Old regions: 100->102
[2023-11-08T19:01:36.914+0100][gc,heap       ] GC(1094) Humongous regions: 129->129
[2023-11-08T19:01:36.914+0100][gc,metaspace  ] GC(1094) Metaspace: 48288K(52224K)->48288K(52224K) NonClass: 42313K(44544K)->42313K(44544K) Class: 5975K(7680K)->5975K(7680K)
[2023-11-08T19:01:36.914+0100][gc            ] GC(1094) Pause Young (Prepare Mixed) (G1 Evacuation Pause) 308M->234M(1024M) 5,793ms
[2023-11-08T19:01:36.914+0100][gc,cpu        ] GC(1094) User=0,06s Sys=0,00s Real=0,00s
[2023-11-08T19:01:37.023+0100][gc,start      ] GC(1095) Pause Young (Mixed) (G1 Evacuation Pause)
[2023-11-08T19:01:37.023+0100][gc,task       ] GC(1095) Using 13 workers of 13 for evacuation
[2023-11-08T19:01:37.027+0100][gc,phases     ] GC(1095)   Pre Evacuate Collection Set: 0,1ms
[2023-11-08T19:01:37.027+0100][gc,phases     ] GC(1095)   Evacuate Collection Set: 3,5ms
[2023-11-08T19:01:37.027+0100][gc,phases     ] GC(1095)   Post Evacuate Collection Set: 0,4ms
[2023-11-08T19:01:37.027+0100][gc,phases     ] GC(1095)   Other: 0,2ms
[2023-11-08T19:01:37.027+0100][gc,heap       ] GC(1095) Eden regions: 45->0(530)
[2023-11-08T19:01:37.027+0100][gc,heap       ] GC(1095) Survivor regions: 6->4(7)
[2023-11-08T19:01:37.027+0100][gc,heap       ] GC(1095) Old regions: 102->84
[2023-11-08T19:01:37.027+0100][gc,heap       ] GC(1095) Humongous regions: 129->129
[2023-11-08T19:01:37.027+0100][gc,metaspace  ] GC(1095) Metaspace: 48288K(52224K)->48288K(52224K) NonClass: 42313K(44544K)->42313K(44544K) Class: 5975K(7680K)->5975K(7680K)
[2023-11-08T19:01:37.027+0100][gc            ] GC(1095) Pause Young (Mixed) (G1 Evacuation Pause) 279M->214M(1024M) 4,370ms
[2023-11-08T19:01:37.027+0100][gc,cpu        ] GC(1095) User=0,02s Sys=0,02s Real=0,01s
[2023-11-08T19:01:38.387+0100][gc,start      ] GC(1096) Pause Young (Normal) (G1 Evacuation Pause)
[2023-11-08T19:01:38.387+0100][gc,task       ] GC(1096) Using 13 workers of 13 for evacuation
[2023-11-08T19:01:38.391+0100][gc,phases     ] GC(1096)   Pre Evacuate Collection Set: 0,0ms
[2023-11-08T19:01:38.391+0100][gc,phases     ] GC(1096)   Evacuate Collection Set: 2,6ms
[2023-11-08T19:01:38.391+0100][gc,phases     ] GC(1096)   Post Evacuate Collection Set: 0,6ms
[2023-11-08T19:01:38.391+0100][gc,phases     ] GC(1096)   Other: 0,2ms
[2023-11-08T19:01:38.391+0100][gc,heap       ] GC(1096) Eden regions: 530->0(496)
[2023-11-08T19:01:38.391+0100][gc,heap       ] GC(1096) Survivor regions: 4->5(67)
[2023-11-08T19:01:38.391+0100][gc,heap       ] GC(1096) Old regions: 84->84
[2023-11-08T19:01:38.391+0100][gc,heap       ] GC(1096) Humongous regions: 129->129
[2023-11-08T19:01:38.391+0100][gc,metaspace  ] GC(1096) Metaspace: 48289K(52224K)->48289K(52224K) NonClass: 42313K(44544K)->42313K(44544K) Class: 5975K(7680K)->5975K(7680K)
[2023-11-08T19:01:38.391+0100][gc            ] GC(1096) Pause Young (Normal) (G1 Evacuation Pause) 744M->216M(1024M) 3,717ms
[2023-11-08T19:01:38.391+0100][gc,cpu        ] GC(1096) User=0,02s Sys=0,02s Real=0,00s
[2023-11-08T19:01:39.596+0100][gc,start      ] GC(1097) Pause Young (Normal) (G1 Evacuation Pause)
[2023-11-08T19:01:39.596+0100][gc,task       ] GC(1097) Using 13 workers of 13 for evacuation
[2023-11-08T19:01:39.600+0100][gc,phases     ] GC(1097)   Pre Evacuate Collection Set: 0,0ms
[2023-11-08T19:01:39.600+0100][gc,phases     ] GC(1097)   Evacuate Collection Set: 3,0ms
[2023-11-08T19:01:39.600+0100][gc,phases     ] GC(1097)   Post Evacuate Collection Set: 0,6ms
[2023-11-08T19:01:39.600+0100][gc,phases     ] GC(1097)   Other: 0,3ms
[2023-11-08T19:01:39.600+0100][gc,heap       ] GC(1097) Eden regions: 496->0(581)
[2023-11-08T19:01:39.600+0100][gc,heap       ] GC(1097) Survivor regions: 5->7(63)
[2023-11-08T19:01:39.600+0100][gc,heap       ] GC(1097) Old regions: 84->84
[2023-11-08T19:01:39.600+0100][gc,heap       ] GC(1097) Humongous regions: 129->129
[2023-11-08T19:01:39.600+0100][gc,metaspace  ] GC(1097) Metaspace: 48289K(52224K)->48289K(52224K) NonClass: 42313K(44544K)->42313K(44544K) Class: 5975K(7680K)->5975K(7680K)
[2023-11-08T19:01:39.600+0100][gc            ] GC(1097) Pause Young (Normal) (G1 Evacuation Pause) 712M->218M(1024M) 4,030ms
[2023-11-08T19:01:39.600+0100][gc,cpu        ] GC(1097) User=0,04s Sys=0,00s Real=0,00s
[2023-11-08T19:01:41.028+0100][gc,start      ] GC(1098) Pause Young (Normal) (G1 Evacuation Pause)
[2023-11-08T19:01:41.029+0100][gc,task       ] GC(1098) Using 13 workers of 13 for evacuation
[2023-11-08T19:01:41.034+0100][gc,phases     ] GC(1098)   Pre Evacuate Collection Set: 0,0ms
[2023-11-08T19:01:41.034+0100][gc,phases     ] GC(1098)   Evacuate Collection Set: 5,0ms
[2023-11-08T19:01:41.034+0100][gc,phases     ] GC(1098)   Post Evacuate Collection Set: 0,7ms
[2023-11-08T19:01:41.034+0100][gc,phases     ] GC(1098)   Other: 0,3ms
[2023-11-08T19:01:41.034+0100][gc,heap       ] GC(1098) Eden regions: 581->0(602)
[2023-11-08T19:01:41.034+0100][gc,heap       ] GC(1098) Survivor regions: 7->9(74)
[2023-11-08T19:01:41.034+0100][gc,heap       ] GC(1098) Old regions: 84->84
[2023-11-08T19:01:41.034+0100][gc,heap       ] GC(1098) Humongous regions: 129->129
[2023-11-08T19:01:41.034+0100][gc,metaspace  ] GC(1098) Metaspace: 48289K(52224K)->48289K(52224K) NonClass: 42313K(44544K)->42313K(44544K) Class: 5975K(7680K)->5975K(7680K)
[2023-11-08T19:01:41.035+0100][gc            ] GC(1098) Pause Young (Normal) (G1 Evacuation Pause) 799M->219M(1024M) 6,015ms
[2023-11-08T19:01:41.035+0100][gc,cpu        ] GC(1098) User=0,05s Sys=0,01s Real=0,00s
[2023-11-08T19:01:42.502+0100][gc,start      ] GC(1099) Pause Young (Concurrent Start) (G1 Evacuation Pause)
[2023-11-08T19:01:42.502+0100][gc,task       ] GC(1099) Using 13 workers of 13 for evacuation
[2023-11-08T19:01:42.508+0100][gc,phases     ] GC(1099)   Pre Evacuate Collection Set: 0,2ms
[2023-11-08T19:01:42.508+0100][gc,phases     ] GC(1099)   Evacuate Collection Set: 4,8ms
[2023-11-08T19:01:42.508+0100][gc,phases     ] GC(1099)   Post Evacuate Collection Set: 0,5ms
[2023-11-08T19:01:42.508+0100][gc,phases     ] GC(1099)   Other: 0,2ms
[2023-11-08T19:01:42.508+0100][gc,heap       ] GC(1099) Eden regions: 602->0(604)
[2023-11-08T19:01:42.508+0100][gc,heap       ] GC(1099) Survivor regions: 9->10(77)
[2023-11-08T19:01:42.508+0100][gc,heap       ] GC(1099) Old regions: 84->84
[2023-11-08T19:01:42.508+0100][gc,heap       ] GC(1099) Humongous regions: 129->129
[2023-11-08T19:01:42.508+0100][gc,metaspace  ] GC(1099) Metaspace: 48289K(52224K)->48289K(52224K) NonClass: 42313K(44544K)->42313K(44544K) Class: 5975K(7680K)->5975K(7680K)
[2023-11-08T19:01:42.508+0100][gc            ] GC(1099) Pause Young (Concurrent Start) (G1 Evacuation Pause) 821M->221M(1024M) 5,895ms
[2023-11-08T19:01:42.508+0100][gc,cpu        ] GC(1099) User=0,01s Sys=0,05s Real=0,01s
[2023-11-08T19:01:42.508+0100][gc            ] GC(1100) Concurrent Cycle
[2023-11-08T19:01:42.508+0100][gc,marking    ] GC(1100) Concurrent Clear Claimed Marks
[2023-11-08T19:01:42.508+0100][gc,marking    ] GC(1100) Concurrent Clear Claimed Marks 0,184ms
[2023-11-08T19:01:42.508+0100][gc,marking    ] GC(1100) Concurrent Scan Root Regions
[2023-11-08T19:01:42.512+0100][gc,marking    ] GC(1100) Concurrent Scan Root Regions 3,327ms
[2023-11-08T19:01:42.512+0100][gc,marking    ] GC(1100) Concurrent Mark (6374,120s)
[2023-11-08T19:01:42.512+0100][gc,marking    ] GC(1100) Concurrent Mark From Roots
[2023-11-08T19:01:42.512+0100][gc,task       ] GC(1100) Using 3 workers of 3 for marking
[2023-11-08T19:01:42.530+0100][gc,marking    ] GC(1100) Concurrent Mark From Roots 18,083ms
[2023-11-08T19:01:42.530+0100][gc,marking    ] GC(1100) Concurrent Preclean
[2023-11-08T19:01:42.530+0100][gc,marking    ] GC(1100) Concurrent Preclean 0,313ms
[2023-11-08T19:01:42.530+0100][gc,marking    ] GC(1100) Concurrent Mark (6374,120s, 6374,139s) 18,483ms
[2023-11-08T19:01:42.530+0100][gc,start      ] GC(1100) Pause Remark
[2023-11-08T19:01:42.534+0100][gc,stringtable] GC(1100) Cleaned string and symbol table, strings: 18405 processed, 0 removed, symbols: 94795 processed, 0 removed
[2023-11-08T19:01:42.534+0100][gc            ] GC(1100) Pause Remark 233M->233M(1024M) 3,684ms
[2023-11-08T19:01:42.534+0100][gc,cpu        ] GC(1100) User=0,03s Sys=0,00s Real=0,00s
[2023-11-08T19:01:42.534+0100][gc,marking    ] GC(1100) Concurrent Rebuild Remembered Sets
[2023-11-08T19:01:42.547+0100][gc,marking    ] GC(1100) Concurrent Rebuild Remembered Sets 12,377ms
[2023-11-08T19:01:42.547+0100][gc,start      ] GC(1100) Pause Cleanup
[2023-11-08T19:01:42.547+0100][gc            ] GC(1100) Pause Cleanup 240M->240M(1024M) 0,176ms
[2023-11-08T19:01:42.547+0100][gc,cpu        ] GC(1100) User=0,00s Sys=0,00s Real=0,00s
[2023-11-08T19:01:42.547+0100][gc,marking    ] GC(1100) Concurrent Cleanup for Next Mark
[2023-11-08T19:01:42.549+0100][gc,marking    ] GC(1100) Concurrent Cleanup for Next Mark 1,835ms
[2023-11-08T19:01:42.549+0100][gc            ] GC(1100) Concurrent Cycle 40,732ms
[2023-11-08T19:01:42.615+0100][gc,start      ] GC(1101) Pause Young (Prepare Mixed) (G1 Evacuation Pause)
[2023-11-08T19:01:42.615+0100][gc,task       ] GC(1101) Using 13 workers of 13 for evacuation
[2023-11-08T19:01:42.624+0100][gc,phases     ] GC(1101)   Pre Evacuate Collection Set: 0,0ms
[2023-11-08T19:01:42.624+0100][gc,phases     ] GC(1101)   Evacuate Collection Set: 7,9ms
[2023-11-08T19:01:42.624+0100][gc,phases     ] GC(1101)   Post Evacuate Collection Set: 0,5ms
[2023-11-08T19:01:42.624+0100][gc,phases     ] GC(1101)   Other: 0,2ms
[2023-11-08T19:01:42.624+0100][gc,heap       ] GC(1101) Eden regions: 44->0(46)
[2023-11-08T19:01:42.624+0100][gc,heap       ] GC(1101) Survivor regions: 10->5(7)
[2023-11-08T19:01:42.624+0100][gc,heap       ] GC(1101) Old regions: 84->90
[2023-11-08T19:01:42.624+0100][gc,heap       ] GC(1101) Humongous regions: 129->129
[2023-11-08T19:01:42.624+0100][gc,metaspace  ] GC(1101) Metaspace: 48289K(52224K)->48289K(52224K) NonClass: 42313K(44544K)->42313K(44544K) Class: 5975K(7680K)->5975K(7680K)
[2023-11-08T19:01:42.624+0100][gc            ] GC(1101) Pause Young (Prepare Mixed) (G1 Evacuation Pause) 265M->222M(1024M) 8,731ms
[2023-11-08T19:01:42.624+0100][gc,cpu        ] GC(1101) User=0,08s Sys=0,00s Real=0,01s
[2023-11-08T19:01:42.745+0100][gc,start      ] GC(1102) Pause Young (Mixed) (G1 Evacuation Pause)
[2023-11-08T19:01:42.745+0100][gc,task       ] GC(1102) Using 13 workers of 13 for evacuation
[2023-11-08T19:01:42.749+0100][gc,phases     ] GC(1102)   Pre Evacuate Collection Set: 0,0ms
[2023-11-08T19:01:42.749+0100][gc,phases     ] GC(1102)   Evacuate Collection Set: 3,6ms
[2023-11-08T19:01:42.749+0100][gc,phases     ] GC(1102)   Post Evacuate Collection Set: 0,4ms
[2023-11-08T19:01:42.749+0100][gc,phases     ] GC(1102)   Other: 0,2ms
[2023-11-08T19:01:42.749+0100][gc,heap       ] GC(1102) Eden regions: 46->0(289)
[2023-11-08T19:01:42.749+0100][gc,heap       ] GC(1102) Survivor regions: 5->3(7)
[2023-11-08T19:01:42.749+0100][gc,heap       ] GC(1102) Old regions: 90->89
[2023-11-08T19:01:42.749+0100][gc,heap       ] GC(1102) Humongous regions: 129->129
[2023-11-08T19:01:42.749+0100][gc,metaspace  ] GC(1102) Metaspace: 48289K(52224K)->48289K(52224K) NonClass: 42313K(44544K)->42313K(44544K) Class: 5975K(7680K)->5975K(7680K)
[2023-11-08T19:01:42.749+0100][gc            ] GC(1102) Pause Young (Mixed) (G1 Evacuation Pause) 268M->219M(1024M) 4,404ms
[2023-11-08T19:01:42.749+0100][gc,cpu        ] GC(1102) User=0,05s Sys=0,00s Real=0,00s
[2023-11-08T19:01:43.485+0100][gc,start      ] GC(1103) Pause Young (Normal) (G1 Evacuation Pause)
[2023-11-08T19:01:43.485+0100][gc,task       ] GC(1103) Using 13 workers of 13 for evacuation
[2023-11-08T19:01:43.487+0100][gc,phases     ] GC(1103)   Pre Evacuate Collection Set: 0,0ms
[2023-11-08T19:01:43.487+0100][gc,phases     ] GC(1103)   Evacuate Collection Set: 1,8ms
[2023-11-08T19:01:43.487+0100][gc,phases     ] GC(1103)   Post Evacuate Collection Set: 0,5ms
[2023-11-08T19:01:43.487+0100][gc,phases     ] GC(1103)   Other: 0,2ms
[2023-11-08T19:01:43.487+0100][gc,heap       ] GC(1103) Eden regions: 289->0(340)
[2023-11-08T19:01:43.487+0100][gc,heap       ] GC(1103) Survivor regions: 3->4(37)
[2023-11-08T19:01:43.487+0100][gc,heap       ] GC(1103) Old regions: 89->89
[2023-11-08T19:01:43.487+0100][gc,heap       ] GC(1103) Humongous regions: 129->129
[2023-11-08T19:01:43.487+0100][gc,metaspace  ] GC(1103) Metaspace: 48289K(52224K)->48289K(52224K) NonClass: 42313K(44544K)->42313K(44544K) Class: 5975K(7680K)->5975K(7680K)
[2023-11-08T19:01:43.487+0100][gc            ] GC(1103) Pause Young (Normal) (G1 Evacuation Pause) 508M->220M(1024M) 2,593ms
[2023-11-08T19:01:43.487+0100][gc,cpu        ] GC(1103) User=0,01s Sys=0,02s Real=0,00s
[2023-11-08T19:01:44.342+0100][gc,start      ] GC(1104) Pause Young (Normal) (G1 Evacuation Pause)
[2023-11-08T19:01:44.342+0100][gc,task       ] GC(1104) Using 13 workers of 13 for evacuation
[2023-11-08T19:01:44.345+0100][gc,phases     ] GC(1104)   Pre Evacuate Collection Set: 0,0ms
[2023-11-08T19:01:44.345+0100][gc,phases     ] GC(1104)   Evacuate Collection Set: 2,2ms
[2023-11-08T19:01:44.345+0100][gc,phases     ] GC(1104)   Post Evacuate Collection Set: 0,5ms
[2023-11-08T19:01:44.345+0100][gc,phases     ] GC(1104)   Other: 0,2ms
[2023-11-08T19:01:44.345+0100][gc,heap       ] GC(1104) Eden regions: 340->0(406)
[2023-11-08T19:01:44.345+0100][gc,heap       ] GC(1104) Survivor regions: 4->5(43)
[2023-11-08T19:01:44.345+0100][gc,heap       ] GC(1104) Old regions: 89->89
[2023-11-08T19:01:44.345+0100][gc,heap       ] GC(1104) Humongous regions: 129->129
[2023-11-08T19:01:44.345+0100][gc,metaspace  ] GC(1104) Metaspace: 48289K(52224K)->48289K(52224K) NonClass: 42313K(44544K)->42313K(44544K) Class: 5975K(7680K)->5975K(7680K)
[2023-11-08T19:01:44.345+0100][gc            ] GC(1104) Pause Young (Normal) (G1 Evacuation Pause) 560M->221M(1024M) 2,958ms
[2023-11-08T19:01:44.345+0100][gc,cpu        ] GC(1104) User=0,03s Sys=0,00s Real=0,01s
[2023-11-08T19:01:45.391+0100][gc,start      ] GC(1105) Pause Young (Normal) (G1 Evacuation Pause)
[2023-11-08T19:01:45.391+0100][gc,task       ] GC(1105) Using 13 workers of 13 for evacuation
[2023-11-08T19:01:45.394+0100][gc,phases     ] GC(1105)   Pre Evacuate Collection Set: 0,0ms
[2023-11-08T19:01:45.394+0100][gc,phases     ] GC(1105)   Evacuate Collection Set: 2,5ms
[2023-11-08T19:01:45.394+0100][gc,phases     ] GC(1105)   Post Evacuate Collection Set: 0,5ms
[2023-11-08T19:01:45.394+0100][gc,phases     ] GC(1105)   Other: 0,2ms
[2023-11-08T19:01:45.394+0100][gc,heap       ] GC(1105) Eden regions: 406->0(475)
[2023-11-08T19:01:45.394+0100][gc,heap       ] GC(1105) Survivor regions: 5->6(52)
[2023-11-08T19:01:45.394+0100][gc,heap       ] GC(1105) Old regions: 89->89
[2023-11-08T19:01:45.394+0100][gc,heap       ] GC(1105) Humongous regions: 129->129
[2023-11-08T19:01:45.394+0100][gc,metaspace  ] GC(1105) Metaspace: 48289K(52224K)->48289K(52224K) NonClass: 42313K(44544K)->42313K(44544K) Class: 5975K(7680K)->5975K(7680K)
[2023-11-08T19:01:45.394+0100][gc            ] GC(1105) Pause Young (Normal) (G1 Evacuation Pause) 627M->222M(1024M) 3,330ms
[2023-11-08T19:01:45.394+0100][gc,cpu        ] GC(1105) User=0,02s Sys=0,02s Real=0,00s
[2023-11-08T19:01:46.621+0100][gc,start      ] GC(1106) Pause Young (Normal) (G1 Evacuation Pause)
[2023-11-08T19:01:46.621+0100][gc,task       ] GC(1106) Using 13 workers of 13 for evacuation
[2023-11-08T19:01:46.625+0100][gc,phases     ] GC(1106)   Pre Evacuate Collection Set: 0,0ms
[2023-11-08T19:01:46.625+0100][gc,phases     ] GC(1106)   Evacuate Collection Set: 3,1ms
[2023-11-08T19:01:46.625+0100][gc,phases     ] GC(1106)   Post Evacuate Collection Set: 0,6ms
[2023-11-08T19:01:46.625+0100][gc,phases     ] GC(1106)   Other: 0,2ms
[2023-11-08T19:01:46.625+0100][gc,heap       ] GC(1106) Eden regions: 475->0(534)
[2023-11-08T19:01:46.625+0100][gc,heap       ] GC(1106) Survivor regions: 6->8(61)
[2023-11-08T19:01:46.625+0100][gc,heap       ] GC(1106) Old regions: 89->89
[2023-11-08T19:01:46.625+0100][gc,heap       ] GC(1106) Humongous regions: 129->129
[2023-11-08T19:01:46.625+0100][gc,metaspace  ] GC(1106) Metaspace: 48289K(52224K)->48289K(52224K) NonClass: 42313K(44544K)->42313K(44544K) Class: 5975K(7680K)->5975K(7680K)
[2023-11-08T19:01:46.625+0100][gc            ] GC(1106) Pause Young (Normal) (G1 Evacuation Pause) 697M->224M(1024M) 3,962ms
[2023-11-08T19:01:46.625+0100][gc,cpu        ] GC(1106) User=0,05s Sys=0,00s Real=0,01s
[2023-11-08T19:01:47.975+0100][gc,start      ] GC(1107) Pause Young (Normal) (G1 Evacuation Pause)
[2023-11-08T19:01:47.975+0100][gc,task       ] GC(1107) Using 13 workers of 13 for evacuation
[2023-11-08T19:01:47.980+0100][gc,phases     ] GC(1107)   Pre Evacuate Collection Set: 0,0ms
[2023-11-08T19:01:47.980+0100][gc,phases     ] GC(1107)   Evacuate Collection Set: 4,0ms
[2023-11-08T19:01:47.980+0100][gc,phases     ] GC(1107)   Post Evacuate Collection Set: 0,5ms
[2023-11-08T19:01:47.980+0100][gc,phases     ] GC(1107)   Other: 0,2ms
[2023-11-08T19:01:47.980+0100][gc,heap       ] GC(1107) Eden regions: 534->0(564)
[2023-11-08T19:01:47.980+0100][gc,heap       ] GC(1107) Survivor regions: 8->9(68)
[2023-11-08T19:01:47.980+0100][gc,heap       ] GC(1107) Old regions: 89->89
[2023-11-08T19:01:47.980+0100][gc,heap       ] GC(1107) Humongous regions: 129->129
[2023-11-08T19:01:47.980+0100][gc,metaspace  ] GC(1107) Metaspace: 48289K(52224K)->48289K(52224K) NonClass: 42313K(44544K)->42313K(44544K) Class: 5975K(7680K)->5975K(7680K)
[2023-11-08T19:01:47.980+0100][gc            ] GC(1107) Pause Young (Normal) (G1 Evacuation Pause) 758M->225M(1024M) 4,903ms
[2023-11-08T19:01:47.980+0100][gc,cpu        ] GC(1107) User=0,01s Sys=0,04s Real=0,00s
[2023-11-08T19:01:49.437+0100][gc,start      ] GC(1108) Pause Young (Concurrent Start) (G1 Evacuation Pause)
[2023-11-08T19:01:49.437+0100][gc,task       ] GC(1108) Using 13 workers of 13 for evacuation
[2023-11-08T19:01:49.444+0100][gc,phases     ] GC(1108)   Pre Evacuate Collection Set: 0,2ms
[2023-11-08T19:01:49.444+0100][gc,phases     ] GC(1108)   Evacuate Collection Set: 6,1ms
[2023-11-08T19:01:49.444+0100][gc,phases     ] GC(1108)   Post Evacuate Collection Set: 0,7ms
[2023-11-08T19:01:49.444+0100][gc,phases     ] GC(1108)   Other: 0,3ms
[2023-11-08T19:01:49.444+0100][gc,heap       ] GC(1108) Eden regions: 564->0(578)
[2023-11-08T19:01:49.444+0100][gc,heap       ] GC(1108) Survivor regions: 9->12(72)
[2023-11-08T19:01:49.444+0100][gc,heap       ] GC(1108) Old regions: 89->89
[2023-11-08T19:01:49.444+0100][gc,heap       ] GC(1108) Humongous regions: 129->129
[2023-11-08T19:01:49.444+0100][gc,metaspace  ] GC(1108) Metaspace: 48289K(52224K)->48289K(52224K) NonClass: 42313K(44544K)->42313K(44544K) Class: 5975K(7680K)->5975K(7680K)
[2023-11-08T19:01:49.444+0100][gc            ] GC(1108) Pause Young (Concurrent Start) (G1 Evacuation Pause) 789M->227M(1024M) 7,442ms
[2023-11-08T19:01:49.444+0100][gc,cpu        ] GC(1108) User=0,07s Sys=0,00s Real=0,01s
[2023-11-08T19:01:49.444+0100][gc            ] GC(1109) Concurrent Cycle
[2023-11-08T19:01:49.444+0100][gc,marking    ] GC(1109) Concurrent Clear Claimed Marks
[2023-11-08T19:01:49.444+0100][gc,marking    ] GC(1109) Concurrent Clear Claimed Marks 0,410ms
[2023-11-08T19:01:49.445+0100][gc,marking    ] GC(1109) Concurrent Scan Root Regions
[2023-11-08T19:01:49.448+0100][gc,marking    ] GC(1109) Concurrent Scan Root Regions 3,470ms
[2023-11-08T19:01:49.448+0100][gc,marking    ] GC(1109) Concurrent Mark (6381,057s)
[2023-11-08T19:01:49.448+0100][gc,marking    ] GC(1109) Concurrent Mark From Roots
[2023-11-08T19:01:49.448+0100][gc,task       ] GC(1109) Using 3 workers of 3 for marking
[2023-11-08T19:01:49.470+0100][gc,marking    ] GC(1109) Concurrent Mark From Roots 21,932ms
[2023-11-08T19:01:49.470+0100][gc,marking    ] GC(1109) Concurrent Preclean
[2023-11-08T19:01:49.470+0100][gc,marking    ] GC(1109) Concurrent Preclean 0,235ms
[2023-11-08T19:01:49.470+0100][gc,marking    ] GC(1109) Concurrent Mark (6381,057s, 6381,079s) 22,242ms
[2023-11-08T19:01:49.470+0100][gc,start      ] GC(1109) Pause Remark
[2023-11-08T19:01:49.482+0100][gc,stringtable] GC(1109) Cleaned string and symbol table, strings: 18405 processed, 0 removed, symbols: 94795 processed, 0 removed
[2023-11-08T19:01:49.482+0100][gc            ] GC(1109) Pause Remark 239M->239M(1024M) 11,438ms
[2023-11-08T19:01:49.482+0100][gc,cpu        ] GC(1109) User=0,11s Sys=0,02s Real=0,01s
[2023-11-08T19:01:49.482+0100][gc,marking    ] GC(1109) Concurrent Rebuild Remembered Sets
[2023-11-08T19:01:49.498+0100][gc,marking    ] GC(1109) Concurrent Rebuild Remembered Sets 16,151ms
[2023-11-08T19:01:49.498+0100][gc,start      ] GC(1109) Pause Cleanup
[2023-11-08T19:01:49.498+0100][gc            ] GC(1109) Pause Cleanup 244M->244M(1024M) 0,177ms
[2023-11-08T19:01:49.498+0100][gc,cpu        ] GC(1109) User=0,00s Sys=0,00s Real=0,00s
[2023-11-08T19:01:49.499+0100][gc,marking    ] GC(1109) Concurrent Cleanup for Next Mark
[2023-11-08T19:01:49.500+0100][gc,marking    ] GC(1109) Concurrent Cleanup for Next Mark 1,918ms
[2023-11-08T19:01:49.500+0100][gc            ] GC(1109) Concurrent Cycle 56,427ms
[2023-11-08T19:01:49.561+0100][gc,start      ] GC(1110) Pause Young (Prepare Mixed) (G1 Evacuation Pause)
[2023-11-08T19:01:49.561+0100][gc,task       ] GC(1110) Using 13 workers of 13 for evacuation
[2023-11-08T19:01:49.567+0100][gc,phases     ] GC(1110)   Pre Evacuate Collection Set: 0,0ms
[2023-11-08T19:01:49.567+0100][gc,phases     ] GC(1110)   Evacuate Collection Set: 5,3ms
[2023-11-08T19:01:49.567+0100][gc,phases     ] GC(1110)   Post Evacuate Collection Set: 0,6ms
[2023-11-08T19:01:49.568+0100][gc,phases     ] GC(1110)   Other: 0,2ms
[2023-11-08T19:01:49.568+0100][gc,heap       ] GC(1110) Eden regions: 39->0(46)
[2023-11-08T19:01:49.568+0100][gc,heap       ] GC(1110) Survivor regions: 12->5(7)
[2023-11-08T19:01:49.568+0100][gc,heap       ] GC(1110) Old regions: 89->97
[2023-11-08T19:01:49.568+0100][gc,heap       ] GC(1110) Humongous regions: 129->129
[2023-11-08T19:01:49.568+0100][gc,metaspace  ] GC(1110) Metaspace: 48289K(52224K)->48289K(52224K) NonClass: 42313K(44544K)->42313K(44544K) Class: 5975K(7680K)->5975K(7680K)
[2023-11-08T19:01:49.568+0100][gc            ] GC(1110) Pause Young (Prepare Mixed) (G1 Evacuation Pause) 266M->228M(1024M) 6,197ms
[2023-11-08T19:01:49.568+0100][gc,cpu        ] GC(1110) User=0,07s Sys=0,00s Real=0,01s
[2023-11-08T19:01:49.671+0100][gc,start      ] GC(1111) Pause Young (Mixed) (G1 Evacuation Pause)
[2023-11-08T19:01:49.671+0100][gc,task       ] GC(1111) Using 13 workers of 13 for evacuation
[2023-11-08T19:01:49.675+0100][gc,phases     ] GC(1111)   Pre Evacuate Collection Set: 0,0ms
[2023-11-08T19:01:49.675+0100][gc,phases     ] GC(1111)   Evacuate Collection Set: 3,1ms
[2023-11-08T19:01:49.675+0100][gc,phases     ] GC(1111)   Post Evacuate Collection Set: 0,4ms
[2023-11-08T19:01:49.675+0100][gc,phases     ] GC(1111)   Other: 0,2ms
[2023-11-08T19:01:49.675+0100][gc,heap       ] GC(1111) Eden regions: 46->0(591)
[2023-11-08T19:01:49.675+0100][gc,heap       ] GC(1111) Survivor regions: 5->5(7)
[2023-11-08T19:01:49.675+0100][gc,heap       ] GC(1111) Old regions: 97->96
[2023-11-08T19:01:49.675+0100][gc,heap       ] GC(1111) Humongous regions: 129->129
[2023-11-08T19:01:49.675+0100][gc,metaspace  ] GC(1111) Metaspace: 48289K(52224K)->48289K(52224K) NonClass: 42313K(44544K)->42313K(44544K) Class: 5975K(7680K)->5975K(7680K)
[2023-11-08T19:01:49.675+0100][gc            ] GC(1111) Pause Young (Mixed) (G1 Evacuation Pause) 274M->228M(1024M) 3,895ms
[2023-11-08T19:01:49.675+0100][gc,cpu        ] GC(1111) User=0,02s Sys=0,02s Real=0,01s
[2023-11-08T19:01:51.197+0100][gc,start      ] GC(1112) Pause Young (Normal) (G1 Evacuation Pause)
[2023-11-08T19:01:51.197+0100][gc,task       ] GC(1112) Using 13 workers of 13 for evacuation
[2023-11-08T19:01:51.201+0100][gc,phases     ] GC(1112)   Pre Evacuate Collection Set: 0,0ms
[2023-11-08T19:01:51.201+0100][gc,phases     ] GC(1112)   Evacuate Collection Set: 2,7ms
[2023-11-08T19:01:51.201+0100][gc,phases     ] GC(1112)   Post Evacuate Collection Set: 0,6ms
[2023-11-08T19:01:51.201+0100][gc,phases     ] GC(1112)   Other: 0,2ms
[2023-11-08T19:01:51.201+0100][gc,heap       ] GC(1112) Eden regions: 591->0(604)
[2023-11-08T19:01:51.201+0100][gc,heap       ] GC(1112) Survivor regions: 5->6(75)
[2023-11-08T19:01:51.201+0100][gc,heap       ] GC(1112) Old regions: 96->96
[2023-11-08T19:01:51.201+0100][gc,heap       ] GC(1112) Humongous regions: 129->129
[2023-11-08T19:01:51.201+0100][gc,metaspace  ] GC(1112) Metaspace: 48289K(52224K)->48289K(52224K) NonClass: 42313K(44544K)->42313K(44544K) Class: 5975K(7680K)->5975K(7680K)
[2023-11-08T19:01:51.201+0100][gc            ] GC(1112) Pause Young (Normal) (G1 Evacuation Pause) 819M->229M(1024M) 3,765ms
[2023-11-08T19:01:51.201+0100][gc,cpu        ] GC(1112) User=0,04s Sys=0,00s Real=0,00s
[2023-11-08T19:01:52.755+0100][gc,start      ] GC(1113) Pause Young (Normal) (G1 Evacuation Pause)
[2023-11-08T19:01:52.755+0100][gc,task       ] GC(1113) Using 13 workers of 13 for evacuation
[2023-11-08T19:01:52.759+0100][gc,phases     ] GC(1113)   Pre Evacuate Collection Set: 0,0ms
[2023-11-08T19:01:52.759+0100][gc,phases     ] GC(1113)   Evacuate Collection Set: 3,1ms
[2023-11-08T19:01:52.759+0100][gc,phases     ] GC(1113)   Post Evacuate Collection Set: 0,6ms
[2023-11-08T19:01:52.759+0100][gc,phases     ] GC(1113)   Other: 0,2ms
[2023-11-08T19:01:52.759+0100][gc,heap       ] GC(1113) Eden regions: 604->0(606)
[2023-11-08T19:01:52.759+0100][gc,heap       ] GC(1113) Survivor regions: 6->8(77)
[2023-11-08T19:01:52.759+0100][gc,heap       ] GC(1113) Old regions: 96->96
[2023-11-08T19:01:52.759+0100][gc,heap       ] GC(1113) Humongous regions: 129->129
[2023-11-08T19:01:52.759+0100][gc,metaspace  ] GC(1113) Metaspace: 48289K(52224K)->48289K(52224K) NonClass: 42313K(44544K)->42313K(44544K) Class: 5975K(7680K)->5975K(7680K)
[2023-11-08T19:01:52.759+0100][gc            ] GC(1113) Pause Young (Normal) (G1 Evacuation Pause) 833M->231M(1024M) 4,021ms
[2023-11-08T19:01:52.759+0100][gc,cpu        ] GC(1113) User=0,02s Sys=0,02s Real=0,00s
[2023-11-08T19:01:54.308+0100][gc,start      ] GC(1114) Pause Young (Concurrent Start) (G1 Evacuation Pause)
[2023-11-08T19:01:54.308+0100][gc,task       ] GC(1114) Using 13 workers of 13 for evacuation
[2023-11-08T19:01:54.314+0100][gc,phases     ] GC(1114)   Pre Evacuate Collection Set: 0,2ms
[2023-11-08T19:01:54.314+0100][gc,phases     ] GC(1114)   Evacuate Collection Set: 4,5ms
[2023-11-08T19:01:54.314+0100][gc,phases     ] GC(1114)   Post Evacuate Collection Set: 0,6ms
[2023-11-08T19:01:54.314+0100][gc,phases     ] GC(1114)   Other: 0,3ms
[2023-11-08T19:01:54.314+0100][gc,heap       ] GC(1114) Eden regions: 606->0(604)
[2023-11-08T19:01:54.314+0100][gc,heap       ] GC(1114) Survivor regions: 8->10(77)
[2023-11-08T19:01:54.314+0100][gc,heap       ] GC(1114) Old regions: 96->96
[2023-11-08T19:01:54.314+0100][gc,heap       ] GC(1114) Humongous regions: 129->129
[2023-11-08T19:01:54.314+0100][gc,metaspace  ] GC(1114) Metaspace: 48289K(52224K)->48289K(52224K) NonClass: 42313K(44544K)->42313K(44544K) Class: 5975K(7680K)->5975K(7680K)
[2023-11-08T19:01:54.314+0100][gc            ] GC(1114) Pause Young (Concurrent Start) (G1 Evacuation Pause) 837M->233M(1024M) 5,728ms
[2023-11-08T19:01:54.314+0100][gc,cpu        ] GC(1114) User=0,06s Sys=0,01s Real=0,00s
[2023-11-08T19:01:54.314+0100][gc            ] GC(1115) Concurrent Cycle
[2023-11-08T19:01:54.314+0100][gc,marking    ] GC(1115) Concurrent Clear Claimed Marks
[2023-11-08T19:01:54.314+0100][gc,marking    ] GC(1115) Concurrent Clear Claimed Marks 0,366ms
[2023-11-08T19:01:54.314+0100][gc,marking    ] GC(1115) Concurrent Scan Root Regions
[2023-11-08T19:01:54.318+0100][gc,marking    ] GC(1115) Concurrent Scan Root Regions 3,563ms
[2023-11-08T19:01:54.318+0100][gc,marking    ] GC(1115) Concurrent Mark (6385,926s)
[2023-11-08T19:01:54.318+0100][gc,marking    ] GC(1115) Concurrent Mark From Roots
[2023-11-08T19:01:54.318+0100][gc,task       ] GC(1115) Using 3 workers of 3 for marking
[2023-11-08T19:01:54.346+0100][gc,marking    ] GC(1115) Concurrent Mark From Roots 27,796ms
[2023-11-08T19:01:54.346+0100][gc,marking    ] GC(1115) Concurrent Preclean
[2023-11-08T19:01:54.346+0100][gc,marking    ] GC(1115) Concurrent Preclean 0,289ms
[2023-11-08T19:01:54.346+0100][gc,marking    ] GC(1115) Concurrent Mark (6385,926s, 6385,955s) 28,143ms
[2023-11-08T19:01:54.346+0100][gc,start      ] GC(1115) Pause Remark
[2023-11-08T19:01:54.349+0100][gc,stringtable] GC(1115) Cleaned string and symbol table, strings: 18405 processed, 0 removed, symbols: 94795 processed, 0 removed
[2023-11-08T19:01:54.350+0100][gc            ] GC(1115) Pause Remark 245M->245M(1024M) 3,442ms
[2023-11-08T19:01:54.350+0100][gc,cpu        ] GC(1115) User=0,01s Sys=0,02s Real=0,00s
[2023-11-08T19:01:54.350+0100][gc,marking    ] GC(1115) Concurrent Rebuild Remembered Sets
[2023-11-08T19:01:54.369+0100][gc,marking    ] GC(1115) Concurrent Rebuild Remembered Sets 18,870ms
[2023-11-08T19:01:54.369+0100][gc,start      ] GC(1115) Pause Cleanup
[2023-11-08T19:01:54.369+0100][gc            ] GC(1115) Pause Cleanup 253M->253M(1024M) 0,187ms
[2023-11-08T19:01:54.369+0100][gc,cpu        ] GC(1115) User=0,00s Sys=0,00s Real=0,00s
[2023-11-08T19:01:54.369+0100][gc,marking    ] GC(1115) Concurrent Cleanup for Next Mark
[2023-11-08T19:01:54.371+0100][gc,marking    ] GC(1115) Concurrent Cleanup for Next Mark 2,300ms
[2023-11-08T19:01:54.371+0100][gc            ] GC(1115) Concurrent Cycle 57,533ms
[2023-11-08T19:01:54.620+0100][gc,start      ] GC(1116) Pause Young (Prepare Mixed) (G1 Evacuation Pause)
[2023-11-08T19:01:54.620+0100][gc,task       ] GC(1116) Using 13 workers of 13 for evacuation
[2023-11-08T19:01:54.626+0100][gc,phases     ] GC(1116)   Pre Evacuate Collection Set: 0,0ms
[2023-11-08T19:01:54.626+0100][gc,phases     ] GC(1116)   Evacuate Collection Set: 4,8ms
[2023-11-08T19:01:54.626+0100][gc,phases     ] GC(1116)   Post Evacuate Collection Set: 0,5ms
[2023-11-08T19:01:54.626+0100][gc,phases     ] GC(1116)   Other: 0,3ms
[2023-11-08T19:01:54.626+0100][gc,heap       ] GC(1116) Eden regions: 112->0(42)
[2023-11-08T19:01:54.626+0100][gc,heap       ] GC(1116) Survivor regions: 10->9(16)
[2023-11-08T19:01:54.626+0100][gc,heap       ] GC(1116) Old regions: 96->98
[2023-11-08T19:01:54.626+0100][gc,heap       ] GC(1116) Humongous regions: 129->129
[2023-11-08T19:01:54.626+0100][gc,metaspace  ] GC(1116) Metaspace: 48289K(52224K)->48289K(52224K) NonClass: 42313K(44544K)->42313K(44544K) Class: 5975K(7680K)->5975K(7680K)
[2023-11-08T19:01:54.626+0100][gc            ] GC(1116) Pause Young (Prepare Mixed) (G1 Evacuation Pause) 345M->233M(1024M) 5,803ms
[2023-11-08T19:01:54.626+0100][gc,cpu        ] GC(1116) User=0,06s Sys=0,01s Real=0,01s
[2023-11-08T19:01:54.723+0100][gc,start      ] GC(1117) Pause Young (Mixed) (G1 Evacuation Pause)
[2023-11-08T19:01:54.723+0100][gc,task       ] GC(1117) Using 13 workers of 13 for evacuation
[2023-11-08T19:01:54.727+0100][gc,phases     ] GC(1117)   Pre Evacuate Collection Set: 0,0ms
[2023-11-08T19:01:54.727+0100][gc,phases     ] GC(1117)   Evacuate Collection Set: 3,7ms
[2023-11-08T19:01:54.727+0100][gc,phases     ] GC(1117)   Post Evacuate Collection Set: 0,4ms
[2023-11-08T19:01:54.727+0100][gc,phases     ] GC(1117)   Other: 0,2ms
[2023-11-08T19:01:54.727+0100][gc,heap       ] GC(1117) Eden regions: 42->0(533)
[2023-11-08T19:01:54.727+0100][gc,heap       ] GC(1117) Survivor regions: 9->4(7)
[2023-11-08T19:01:54.727+0100][gc,heap       ] GC(1117) Old regions: 98->102
[2023-11-08T19:01:54.727+0100][gc,heap       ] GC(1117) Humongous regions: 129->129
[2023-11-08T19:01:54.727+0100][gc,metaspace  ] GC(1117) Metaspace: 48289K(52224K)->48289K(52224K) NonClass: 42313K(44544K)->42313K(44544K) Class: 5975K(7680K)->5975K(7680K)
[2023-11-08T19:01:54.727+0100][gc            ] GC(1117) Pause Young (Mixed) (G1 Evacuation Pause) 275M->232M(1024M) 4,455ms
[2023-11-08T19:01:54.727+0100][gc,cpu        ] GC(1117) User=0,05s Sys=0,00s Real=0,00s
[2023-11-08T19:01:56.083+0100][gc,start      ] GC(1118) Pause Young (Normal) (G1 Evacuation Pause)
[2023-11-08T19:01:56.083+0100][gc,task       ] GC(1118) Using 13 workers of 13 for evacuation
[2023-11-08T19:01:56.086+0100][gc,phases     ] GC(1118)   Pre Evacuate Collection Set: 0,0ms
[2023-11-08T19:01:56.086+0100][gc,phases     ] GC(1118)   Evacuate Collection Set: 2,5ms
[2023-11-08T19:01:56.086+0100][gc,phases     ] GC(1118)   Post Evacuate Collection Set: 0,5ms
[2023-11-08T19:01:56.086+0100][gc,phases     ] GC(1118)   Other: 0,2ms
[2023-11-08T19:01:56.086+0100][gc,heap       ] GC(1118) Eden regions: 533->0(568)
[2023-11-08T19:01:56.086+0100][gc,heap       ] GC(1118) Survivor regions: 4->5(68)
[2023-11-08T19:01:56.086+0100][gc,heap       ] GC(1118) Old regions: 102->102
[2023-11-08T19:01:56.086+0100][gc,heap       ] GC(1118) Humongous regions: 129->129
[2023-11-08T19:01:56.086+0100][gc,metaspace  ] GC(1118) Metaspace: 48289K(52224K)->48289K(52224K) NonClass: 42313K(44544K)->42313K(44544K) Class: 5975K(7680K)->5975K(7680K)
[2023-11-08T19:01:56.086+0100][gc            ] GC(1118) Pause Young (Normal) (G1 Evacuation Pause) 765M->233M(1024M) 3,391ms
[2023-11-08T19:01:56.086+0100][gc,cpu        ] GC(1118) User=0,01s Sys=0,02s Real=0,00s
[2023-11-08T19:01:57.561+0100][gc,start      ] GC(1119) Pause Young (Normal) (G1 Evacuation Pause)
[2023-11-08T19:01:57.561+0100][gc,task       ] GC(1119) Using 13 workers of 13 for evacuation
[2023-11-08T19:01:57.565+0100][gc,phases     ] GC(1119)   Pre Evacuate Collection Set: 0,0ms
[2023-11-08T19:01:57.565+0100][gc,phases     ] GC(1119)   Evacuate Collection Set: 2,8ms
[2023-11-08T19:01:57.565+0100][gc,phases     ] GC(1119)   Post Evacuate Collection Set: 0,6ms
[2023-11-08T19:01:57.565+0100][gc,phases     ] GC(1119)   Other: 0,2ms
[2023-11-08T19:01:57.565+0100][gc,heap       ] GC(1119) Eden regions: 568->0(585)
[2023-11-08T19:01:57.565+0100][gc,heap       ] GC(1119) Survivor regions: 5->7(72)
[2023-11-08T19:01:57.565+0100][gc,heap       ] GC(1119) Old regions: 102->102
[2023-11-08T19:01:57.565+0100][gc,heap       ] GC(1119) Humongous regions: 129->129
[2023-11-08T19:01:57.565+0100][gc,metaspace  ] GC(1119) Metaspace: 48289K(52224K)->48289K(52224K) NonClass: 42313K(44544K)->42313K(44544K) Class: 5975K(7680K)->5975K(7680K)
[2023-11-08T19:01:57.565+0100][gc            ] GC(1119) Pause Young (Normal) (G1 Evacuation Pause) 801M->235M(1024M) 3,722ms
[2023-11-08T19:01:57.565+0100][gc,cpu        ] GC(1119) User=0,04s Sys=0,00s Real=0,01s
[2023-11-08T19:01:59.183+0100][gc,start      ] GC(1120) Pause Young (Concurrent Start) (G1 Evacuation Pause)
[2023-11-08T19:01:59.183+0100][gc,task       ] GC(1120) Using 13 workers of 13 for evacuation
[2023-11-08T19:01:59.187+0100][gc,phases     ] GC(1120)   Pre Evacuate Collection Set: 0,2ms
[2023-11-08T19:01:59.187+0100][gc,phases     ] GC(1120)   Evacuate Collection Set: 2,8ms
[2023-11-08T19:01:59.187+0100][gc,phases     ] GC(1120)   Post Evacuate Collection Set: 0,6ms
[2023-11-08T19:01:59.187+0100][gc,phases     ] GC(1120)   Other: 0,2ms
[2023-11-08T19:01:59.187+0100][gc,heap       ] GC(1120) Eden regions: 585->0(603)
[2023-11-08T19:01:59.187+0100][gc,heap       ] GC(1120) Survivor regions: 7->4(74)
[2023-11-08T19:01:59.187+0100][gc,heap       ] GC(1120) Old regions: 102->102
[2023-11-08T19:01:59.187+0100][gc,heap       ] GC(1120) Humongous regions: 129->129
[2023-11-08T19:01:59.187+0100][gc,metaspace  ] GC(1120) Metaspace: 48289K(52224K)->48289K(52224K) NonClass: 42313K(44544K)->42313K(44544K) Class: 5975K(7680K)->5975K(7680K)
[2023-11-08T19:01:59.187+0100][gc            ] GC(1120) Pause Young (Concurrent Start) (G1 Evacuation Pause) 820M->232M(1024M) 3,932ms
[2023-11-08T19:01:59.187+0100][gc,cpu        ] GC(1120) User=0,02s Sys=0,02s Real=0,00s
[2023-11-08T19:01:59.187+0100][gc            ] GC(1121) Concurrent Cycle
[2023-11-08T19:01:59.187+0100][gc,marking    ] GC(1121) Concurrent Clear Claimed Marks
[2023-11-08T19:01:59.187+0100][gc,marking    ] GC(1121) Concurrent Clear Claimed Marks 0,338ms
[2023-11-08T19:01:59.188+0100][gc,marking    ] GC(1121) Concurrent Scan Root Regions
[2023-11-08T19:01:59.190+0100][gc,marking    ] GC(1121) Concurrent Scan Root Regions 2,784ms
[2023-11-08T19:01:59.190+0100][gc,marking    ] GC(1121) Concurrent Mark (6390,799s)
[2023-11-08T19:01:59.190+0100][gc,marking    ] GC(1121) Concurrent Mark From Roots
[2023-11-08T19:01:59.190+0100][gc,task       ] GC(1121) Using 3 workers of 3 for marking
[2023-11-08T19:01:59.213+0100][gc,marking    ] GC(1121) Concurrent Mark From Roots 22,837ms
[2023-11-08T19:01:59.213+0100][gc,marking    ] GC(1121) Concurrent Preclean
[2023-11-08T19:01:59.213+0100][gc,marking    ] GC(1121) Concurrent Preclean 0,250ms
[2023-11-08T19:01:59.214+0100][gc,marking    ] GC(1121) Concurrent Mark (6390,799s, 6390,822s) 23,156ms
[2023-11-08T19:01:59.214+0100][gc,start      ] GC(1121) Pause Remark
[2023-11-08T19:01:59.217+0100][gc,stringtable] GC(1121) Cleaned string and symbol table, strings: 18405 processed, 0 removed, symbols: 94795 processed, 0 removed
[2023-11-08T19:01:59.217+0100][gc            ] GC(1121) Pause Remark 244M->242M(1024M) 3,485ms
[2023-11-08T19:01:59.217+0100][gc,cpu        ] GC(1121) User=0,03s Sys=0,00s Real=0,01s
[2023-11-08T19:01:59.217+0100][gc,marking    ] GC(1121) Concurrent Rebuild Remembered Sets
[2023-11-08T19:01:59.230+0100][gc,marking    ] GC(1121) Concurrent Rebuild Remembered Sets 12,599ms
[2023-11-08T19:01:59.230+0100][gc,start      ] GC(1121) Pause Cleanup
[2023-11-08T19:01:59.230+0100][gc            ] GC(1121) Pause Cleanup 246M->246M(1024M) 0,163ms
[2023-11-08T19:01:59.230+0100][gc,cpu        ] GC(1121) User=0,00s Sys=0,00s Real=0,00s
[2023-11-08T19:01:59.230+0100][gc,marking    ] GC(1121) Concurrent Cleanup for Next Mark
[2023-11-08T19:01:59.232+0100][gc,marking    ] GC(1121) Concurrent Cleanup for Next Mark 1,953ms
[2023-11-08T19:01:59.232+0100][gc            ] GC(1121) Concurrent Cycle 45,073ms
[2023-11-08T19:01:59.420+0100][gc,start      ] GC(1122) Pause Young (Prepare Mixed) (G1 Evacuation Pause)
[2023-11-08T19:01:59.420+0100][gc,task       ] GC(1122) Using 13 workers of 13 for evacuation
[2023-11-08T19:01:59.424+0100][gc,phases     ] GC(1122)   Pre Evacuate Collection Set: 0,0ms
[2023-11-08T19:01:59.424+0100][gc,phases     ] GC(1122)   Evacuate Collection Set: 3,5ms
[2023-11-08T19:01:59.424+0100][gc,phases     ] GC(1122)   Post Evacuate Collection Set: 0,5ms
[2023-11-08T19:01:59.425+0100][gc,phases     ] GC(1122)   Other: 0,2ms
[2023-11-08T19:01:59.425+0100][gc,heap       ] GC(1122) Eden regions: 83->0(47)
[2023-11-08T19:01:59.425+0100][gc,heap       ] GC(1122) Survivor regions: 4->4(11)
[2023-11-08T19:01:59.425+0100][gc,heap       ] GC(1122) Old regions: 100->100
[2023-11-08T19:01:59.425+0100][gc,heap       ] GC(1122) Humongous regions: 129->129
[2023-11-08T19:01:59.425+0100][gc,metaspace  ] GC(1122) Metaspace: 48289K(52224K)->48289K(52224K) NonClass: 42313K(44544K)->42313K(44544K) Class: 5975K(7680K)->5975K(7680K)
[2023-11-08T19:01:59.425+0100][gc            ] GC(1122) Pause Young (Prepare Mixed) (G1 Evacuation Pause) 313M->230M(1024M) 4,269ms
[2023-11-08T19:01:59.425+0100][gc,cpu        ] GC(1122) User=0,02s Sys=0,01s Real=0,01s
[2023-11-08T19:01:59.559+0100][gc,start      ] GC(1123) Pause Young (Mixed) (G1 Evacuation Pause)
[2023-11-08T19:01:59.559+0100][gc,task       ] GC(1123) Using 13 workers of 13 for evacuation
[2023-11-08T19:01:59.563+0100][gc,phases     ] GC(1123)   Pre Evacuate Collection Set: 0,1ms
[2023-11-08T19:01:59.563+0100][gc,phases     ] GC(1123)   Evacuate Collection Set: 3,5ms
[2023-11-08T19:01:59.563+0100][gc,phases     ] GC(1123)   Post Evacuate Collection Set: 0,4ms
[2023-11-08T19:01:59.563+0100][gc,phases     ] GC(1123)   Other: 0,3ms
[2023-11-08T19:01:59.563+0100][gc,heap       ] GC(1123) Eden regions: 47->0(548)
[2023-11-08T19:01:59.563+0100][gc,heap       ] GC(1123) Survivor regions: 4->4(7)
[2023-11-08T19:01:59.563+0100][gc,heap       ] GC(1123) Old regions: 100->79
[2023-11-08T19:01:59.563+0100][gc,heap       ] GC(1123) Humongous regions: 129->129
[2023-11-08T19:01:59.563+0100][gc,metaspace  ] GC(1123) Metaspace: 48289K(52224K)->48289K(52224K) NonClass: 42313K(44544K)->42313K(44544K) Class: 5975K(7680K)->5975K(7680K)
[2023-11-08T19:01:59.563+0100][gc            ] GC(1123) Pause Young (Mixed) (G1 Evacuation Pause) 277M->209M(1024M) 4,387ms
[2023-11-08T19:01:59.563+0100][gc,cpu        ] GC(1123) User=0,02s Sys=0,02s Real=0,01s
[2023-11-08T19:02:01.079+0100][gc,start      ] GC(1124) Pause Young (Normal) (G1 Evacuation Pause)
[2023-11-08T19:02:01.079+0100][gc,task       ] GC(1124) Using 13 workers of 13 for evacuation
[2023-11-08T19:02:01.083+0100][gc,phases     ] GC(1124)   Pre Evacuate Collection Set: 0,0ms
[2023-11-08T19:02:01.083+0100][gc,phases     ] GC(1124)   Evacuate Collection Set: 3,1ms
[2023-11-08T19:02:01.083+0100][gc,phases     ] GC(1124)   Post Evacuate Collection Set: 0,7ms
[2023-11-08T19:02:01.083+0100][gc,phases     ] GC(1124)   Other: 0,2ms
[2023-11-08T19:02:01.083+0100][gc,heap       ] GC(1124) Eden regions: 548->0(601)
[2023-11-08T19:02:01.083+0100][gc,heap       ] GC(1124) Survivor regions: 4->5(69)
[2023-11-08T19:02:01.083+0100][gc,heap       ] GC(1124) Old regions: 79->79
[2023-11-08T19:02:01.083+0100][gc,heap       ] GC(1124) Humongous regions: 129->129
[2023-11-08T19:02:01.083+0100][gc,metaspace  ] GC(1124) Metaspace: 48289K(52224K)->48289K(52224K) NonClass: 42313K(44544K)->42313K(44544K) Class: 5975K(7680K)->5975K(7680K)
[2023-11-08T19:02:01.083+0100][gc            ] GC(1124) Pause Young (Normal) (G1 Evacuation Pause) 757M->211M(1024M) 4,085ms
[2023-11-08T19:02:01.083+0100][gc,cpu        ] GC(1124) User=0,02s Sys=0,02s Real=0,01s
[2023-11-08T19:02:02.757+0100][gc,start      ] GC(1125) Pause Young (Normal) (G1 Evacuation Pause)
[2023-11-08T19:02:02.757+0100][gc,task       ] GC(1125) Using 13 workers of 13 for evacuation
[2023-11-08T19:02:02.762+0100][gc,phases     ] GC(1125)   Pre Evacuate Collection Set: 0,0ms
[2023-11-08T19:02:02.762+0100][gc,phases     ] GC(1125)   Evacuate Collection Set: 4,5ms
[2023-11-08T19:02:02.762+0100][gc,phases     ] GC(1125)   Post Evacuate Collection Set: 0,6ms
[2023-11-08T19:02:02.762+0100][gc,phases     ] GC(1125)   Other: 0,3ms
[2023-11-08T19:02:02.762+0100][gc,heap       ] GC(1125) Eden regions: 601->0(606)
[2023-11-08T19:02:02.762+0100][gc,heap       ] GC(1125) Survivor regions: 5->8(76)
[2023-11-08T19:02:02.762+0100][gc,heap       ] GC(1125) Old regions: 79->79
[2023-11-08T19:02:02.762+0100][gc,heap       ] GC(1125) Humongous regions: 129->129
[2023-11-08T19:02:02.762+0100][gc,metaspace  ] GC(1125) Metaspace: 48289K(52224K)->48289K(52224K) NonClass: 42313K(44544K)->42313K(44544K) Class: 5975K(7680K)->5975K(7680K)
[2023-11-08T19:02:02.762+0100][gc            ] GC(1125) Pause Young (Normal) (G1 Evacuation Pause) 812M->213M(1024M) 5,530ms
[2023-11-08T19:02:02.762+0100][gc,cpu        ] GC(1125) User=0,05s Sys=0,00s Real=0,00s
[2023-11-08T19:02:04.430+0100][gc,start      ] GC(1126) Pause Young (Concurrent Start) (G1 Evacuation Pause)
[2023-11-08T19:02:04.430+0100][gc,task       ] GC(1126) Using 13 workers of 13 for evacuation
[2023-11-08T19:02:04.435+0100][gc,phases     ] GC(1126)   Pre Evacuate Collection Set: 0,2ms
[2023-11-08T19:02:04.435+0100][gc,phases     ] GC(1126)   Evacuate Collection Set: 4,0ms
[2023-11-08T19:02:04.435+0100][gc,phases     ] GC(1126)   Post Evacuate Collection Set: 0,6ms
[2023-11-08T19:02:04.435+0100][gc,phases     ] GC(1126)   Other: 0,2ms
[2023-11-08T19:02:04.435+0100][gc,heap       ] GC(1126) Eden regions: 606->0(605)
[2023-11-08T19:02:04.435+0100][gc,heap       ] GC(1126) Survivor regions: 8->9(77)
[2023-11-08T19:02:04.435+0100][gc,heap       ] GC(1126) Old regions: 79->79
[2023-11-08T19:02:04.435+0100][gc,heap       ] GC(1126) Humongous regions: 129->129
[2023-11-08T19:02:04.435+0100][gc,metaspace  ] GC(1126) Metaspace: 48289K(52224K)->48289K(52224K) NonClass: 42313K(44544K)->42313K(44544K) Class: 5975K(7680K)->5975K(7680K)
[2023-11-08T19:02:04.435+0100][gc            ] GC(1126) Pause Young (Concurrent Start) (G1 Evacuation Pause) 819M->215M(1024M) 5,230ms
[2023-11-08T19:02:04.435+0100][gc,cpu        ] GC(1126) User=0,05s Sys=0,00s Real=0,01s
[2023-11-08T19:02:04.435+0100][gc            ] GC(1127) Concurrent Cycle
[2023-11-08T19:02:04.435+0100][gc,marking    ] GC(1127) Concurrent Clear Claimed Marks
[2023-11-08T19:02:04.435+0100][gc,marking    ] GC(1127) Concurrent Clear Claimed Marks 0,377ms
[2023-11-08T19:02:04.435+0100][gc,marking    ] GC(1127) Concurrent Scan Root Regions
[2023-11-08T19:02:04.439+0100][gc,marking    ] GC(1127) Concurrent Scan Root Regions 3,634ms
[2023-11-08T19:02:04.439+0100][gc,marking    ] GC(1127) Concurrent Mark (6396,047s)
[2023-11-08T19:02:04.439+0100][gc,marking    ] GC(1127) Concurrent Mark From Roots
[2023-11-08T19:02:04.439+0100][gc,task       ] GC(1127) Using 3 workers of 3 for marking
[2023-11-08T19:02:04.462+0100][gc,marking    ] GC(1127) Concurrent Mark From Roots 22,640ms
[2023-11-08T19:02:04.462+0100][gc,marking    ] GC(1127) Concurrent Preclean
[2023-11-08T19:02:04.462+0100][gc,marking    ] GC(1127) Concurrent Preclean 0,226ms
[2023-11-08T19:02:04.462+0100][gc,marking    ] GC(1127) Concurrent Mark (6396,047s, 6396,070s) 22,937ms
[2023-11-08T19:02:04.462+0100][gc,start      ] GC(1127) Pause Remark
[2023-11-08T19:02:04.465+0100][gc,stringtable] GC(1127) Cleaned string and symbol table, strings: 18405 processed, 0 removed, symbols: 94795 processed, 0 removed
[2023-11-08T19:02:04.465+0100][gc            ] GC(1127) Pause Remark 225M->225M(1024M) 3,433ms
[2023-11-08T19:02:04.466+0100][gc,cpu        ] GC(1127) User=0,04s Sys=0,00s Real=0,01s
[2023-11-08T19:02:04.466+0100][gc,marking    ] GC(1127) Concurrent Rebuild Remembered Sets
[2023-11-08T19:02:04.479+0100][gc,marking    ] GC(1127) Concurrent Rebuild Remembered Sets 13,024ms
[2023-11-08T19:02:04.479+0100][gc,start      ] GC(1127) Pause Cleanup
[2023-11-08T19:02:04.479+0100][gc            ] GC(1127) Pause Cleanup 229M->229M(1024M) 0,199ms
[2023-11-08T19:02:04.479+0100][gc,cpu        ] GC(1127) User=0,00s Sys=0,00s Real=0,00s
[2023-11-08T19:02:04.479+0100][gc,marking    ] GC(1127) Concurrent Cleanup for Next Mark
[2023-11-08T19:02:04.481+0100][gc,marking    ] GC(1127) Concurrent Cleanup for Next Mark 1,825ms
[2023-11-08T19:02:04.481+0100][gc            ] GC(1127) Concurrent Cycle 46,085ms
[2023-11-08T19:02:04.565+0100][gc,start      ] GC(1128) Pause Young (Normal) (G1 Evacuation Pause)
[2023-11-08T19:02:04.565+0100][gc,task       ] GC(1128) Using 13 workers of 13 for evacuation
[2023-11-08T19:02:04.570+0100][gc,phases     ] GC(1128)   Pre Evacuate Collection Set: 0,0ms
[2023-11-08T19:02:04.570+0100][gc,phases     ] GC(1128)   Evacuate Collection Set: 4,3ms
[2023-11-08T19:02:04.570+0100][gc,phases     ] GC(1128)   Post Evacuate Collection Set: 0,5ms
[2023-11-08T19:02:04.570+0100][gc,phases     ] GC(1128)   Other: 0,2ms
[2023-11-08T19:02:04.570+0100][gc,heap       ] GC(1128) Eden regions: 42->0(480)
[2023-11-08T19:02:04.570+0100][gc,heap       ] GC(1128) Survivor regions: 9->2(7)
[2023-11-08T19:02:04.570+0100][gc,heap       ] GC(1128) Old regions: 79->86
[2023-11-08T19:02:04.570+0100][gc,heap       ] GC(1128) Humongous regions: 129->129
[2023-11-08T19:02:04.570+0100][gc,metaspace  ] GC(1128) Metaspace: 48289K(52224K)->48289K(52224K) NonClass: 42313K(44544K)->42313K(44544K) Class: 5975K(7680K)->5975K(7680K)
[2023-11-08T19:02:04.570+0100][gc            ] GC(1128) Pause Young (Normal) (G1 Evacuation Pause) 257M->215M(1024M) 5,121ms
[2023-11-08T19:02:04.570+0100][gc,cpu        ] GC(1128) User=0,05s Sys=0,00s Real=0,00s
[2023-11-08T19:02:05.856+0100][gc,start      ] GC(1129) Pause Young (Concurrent Start) (G1 Evacuation Pause)
[2023-11-08T19:02:05.856+0100][gc,task       ] GC(1129) Using 13 workers of 13 for evacuation
[2023-11-08T19:02:05.859+0100][gc,phases     ] GC(1129)   Pre Evacuate Collection Set: 0,2ms
[2023-11-08T19:02:05.859+0100][gc,phases     ] GC(1129)   Evacuate Collection Set: 2,2ms
[2023-11-08T19:02:05.859+0100][gc,phases     ] GC(1129)   Post Evacuate Collection Set: 0,5ms
[2023-11-08T19:02:05.859+0100][gc,phases     ] GC(1129)   Other: 0,2ms
[2023-11-08T19:02:05.859+0100][gc,heap       ] GC(1129) Eden regions: 480->0(335)
[2023-11-08T19:02:05.859+0100][gc,heap       ] GC(1129) Survivor regions: 2->4(61)
[2023-11-08T19:02:05.859+0100][gc,heap       ] GC(1129) Old regions: 86->86
[2023-11-08T19:02:05.859+0100][gc,heap       ] GC(1129) Humongous regions: 129->129
[2023-11-08T19:02:05.859+0100][gc,metaspace  ] GC(1129) Metaspace: 48289K(52224K)->48289K(52224K) NonClass: 42313K(44544K)->42313K(44544K) Class: 5975K(7680K)->5975K(7680K)
[2023-11-08T19:02:05.860+0100][gc            ] GC(1129) Pause Young (Concurrent Start) (G1 Evacuation Pause) 695M->216M(1024M) 3,241ms
[2023-11-08T19:02:05.860+0100][gc,cpu        ] GC(1129) User=0,01s Sys=0,02s Real=0,00s
[2023-11-08T19:02:05.860+0100][gc            ] GC(1130) Concurrent Cycle
[2023-11-08T19:02:05.860+0100][gc,marking    ] GC(1130) Concurrent Clear Claimed Marks
[2023-11-08T19:02:05.860+0100][gc,marking    ] GC(1130) Concurrent Clear Claimed Marks 0,308ms
[2023-11-08T19:02:05.860+0100][gc,marking    ] GC(1130) Concurrent Scan Root Regions
[2023-11-08T19:02:05.861+0100][gc,marking    ] GC(1130) Concurrent Scan Root Regions 1,549ms
[2023-11-08T19:02:05.861+0100][gc,marking    ] GC(1130) Concurrent Mark (6397,470s)
[2023-11-08T19:02:05.862+0100][gc,marking    ] GC(1130) Concurrent Mark From Roots
[2023-11-08T19:02:05.862+0100][gc,task       ] GC(1130) Using 3 workers of 3 for marking
[2023-11-08T19:02:05.885+0100][gc,marking    ] GC(1130) Concurrent Mark From Roots 23,005ms
[2023-11-08T19:02:05.885+0100][gc,marking    ] GC(1130) Concurrent Preclean
[2023-11-08T19:02:05.885+0100][gc,marking    ] GC(1130) Concurrent Preclean 0,217ms
[2023-11-08T19:02:05.885+0100][gc,marking    ] GC(1130) Concurrent Mark (6397,470s, 6397,493s) 23,299ms
[2023-11-08T19:02:05.885+0100][gc,start      ] GC(1130) Pause Remark
[2023-11-08T19:02:05.888+0100][gc,stringtable] GC(1130) Cleaned string and symbol table, strings: 18405 processed, 0 removed, symbols: 94795 processed, 0 removed
[2023-11-08T19:02:05.888+0100][gc            ] GC(1130) Pause Remark 227M->227M(1024M) 3,366ms
[2023-11-08T19:02:05.888+0100][gc,cpu        ] GC(1130) User=0,04s Sys=0,00s Real=0,00s
[2023-11-08T19:02:05.888+0100][gc,marking    ] GC(1130) Concurrent Rebuild Remembered Sets
[2023-11-08T19:02:05.902+0100][gc,marking    ] GC(1130) Concurrent Rebuild Remembered Sets 13,916ms
[2023-11-08T19:02:05.903+0100][gc,start      ] GC(1130) Pause Cleanup
[2023-11-08T19:02:05.903+0100][gc            ] GC(1130) Pause Cleanup 232M->232M(1024M) 0,235ms
[2023-11-08T19:02:05.903+0100][gc,cpu        ] GC(1130) User=0,00s Sys=0,00s Real=0,01s
[2023-11-08T19:02:05.903+0100][gc,marking    ] GC(1130) Concurrent Cleanup for Next Mark
[2023-11-08T19:02:05.905+0100][gc,marking    ] GC(1130) Concurrent Cleanup for Next Mark 1,894ms
[2023-11-08T19:02:05.905+0100][gc            ] GC(1130) Concurrent Cycle 45,297ms
[2023-11-08T19:02:06.826+0100][gc,start      ] GC(1131) Pause Young (Prepare Mixed) (G1 Evacuation Pause)
[2023-11-08T19:02:06.826+0100][gc,task       ] GC(1131) Using 13 workers of 13 for evacuation
[2023-11-08T19:02:06.829+0100][gc,phases     ] GC(1131)   Pre Evacuate Collection Set: 0,0ms
[2023-11-08T19:02:06.829+0100][gc,phases     ] GC(1131)   Evacuate Collection Set: 2,9ms
[2023-11-08T19:02:06.829+0100][gc,phases     ] GC(1131)   Post Evacuate Collection Set: 0,5ms
[2023-11-08T19:02:06.829+0100][gc,phases     ] GC(1131)   Other: 0,2ms
[2023-11-08T19:02:06.829+0100][gc,heap       ] GC(1131) Eden regions: 335->0(46)
[2023-11-08T19:02:06.829+0100][gc,heap       ] GC(1131) Survivor regions: 4->5(43)
[2023-11-08T19:02:06.829+0100][gc,heap       ] GC(1131) Old regions: 86->86
[2023-11-08T19:02:06.829+0100][gc,heap       ] GC(1131) Humongous regions: 129->129
[2023-11-08T19:02:06.829+0100][gc,metaspace  ] GC(1131) Metaspace: 48289K(52224K)->48289K(52224K) NonClass: 42313K(44544K)->42313K(44544K) Class: 5975K(7680K)->5975K(7680K)
[2023-11-08T19:02:06.829+0100][gc            ] GC(1131) Pause Young (Prepare Mixed) (G1 Evacuation Pause) 551M->217M(1024M) 3,676ms
[2023-11-08T19:02:06.829+0100][gc,cpu        ] GC(1131) User=0,03s Sys=0,00s Real=0,00s
[2023-11-08T19:02:06.958+0100][gc,start      ] GC(1132) Pause Young (Mixed) (G1 Evacuation Pause)
[2023-11-08T19:02:06.958+0100][gc,task       ] GC(1132) Using 13 workers of 13 for evacuation
[2023-11-08T19:02:06.960+0100][gc,phases     ] GC(1132)   Pre Evacuate Collection Set: 0,0ms
[2023-11-08T19:02:06.960+0100][gc,phases     ] GC(1132)   Evacuate Collection Set: 2,1ms
[2023-11-08T19:02:06.960+0100][gc,phases     ] GC(1132)   Post Evacuate Collection Set: 0,4ms
[2023-11-08T19:02:06.961+0100][gc,phases     ] GC(1132)   Other: 0,3ms
[2023-11-08T19:02:06.961+0100][gc,heap       ] GC(1132) Eden regions: 46->0(480)
[2023-11-08T19:02:06.961+0100][gc,heap       ] GC(1132) Survivor regions: 5->3(7)
[2023-11-08T19:02:06.961+0100][gc,heap       ] GC(1132) Old regions: 86->87
[2023-11-08T19:02:06.961+0100][gc,heap       ] GC(1132) Humongous regions: 129->129
[2023-11-08T19:02:06.961+0100][gc,metaspace  ] GC(1132) Metaspace: 48289K(52224K)->48289K(52224K) NonClass: 42313K(44544K)->42313K(44544K) Class: 5975K(7680K)->5975K(7680K)
[2023-11-08T19:02:06.961+0100][gc            ] GC(1132) Pause Young (Mixed) (G1 Evacuation Pause) 263M->216M(1024M) 2,976ms
[2023-11-08T19:02:06.961+0100][gc,cpu        ] GC(1132) User=0,03s Sys=0,00s Real=0,00s
[2023-11-08T19:02:08.279+0100][gc,start      ] GC(1133) Pause Young (Normal) (G1 Evacuation Pause)
[2023-11-08T19:02:08.279+0100][gc,task       ] GC(1133) Using 13 workers of 13 for evacuation
[2023-11-08T19:02:08.282+0100][gc,phases     ] GC(1133)   Pre Evacuate Collection Set: 0,0ms
[2023-11-08T19:02:08.282+0100][gc,phases     ] GC(1133)   Evacuate Collection Set: 2,4ms
[2023-11-08T19:02:08.282+0100][gc,phases     ] GC(1133)   Post Evacuate Collection Set: 0,7ms
[2023-11-08T19:02:08.283+0100][gc,phases     ] GC(1133)   Other: 0,2ms
[2023-11-08T19:02:08.283+0100][gc,heap       ] GC(1133) Eden regions: 480->0(502)
[2023-11-08T19:02:08.283+0100][gc,heap       ] GC(1133) Survivor regions: 3->5(61)
[2023-11-08T19:02:08.283+0100][gc,heap       ] GC(1133) Old regions: 87->87
[2023-11-08T19:02:08.283+0100][gc,heap       ] GC(1133) Humongous regions: 129->129
[2023-11-08T19:02:08.283+0100][gc,metaspace  ] GC(1133) Metaspace: 48289K(52224K)->48289K(52224K) NonClass: 42313K(44544K)->42313K(44544K) Class: 5975K(7680K)->5975K(7680K)
[2023-11-08T19:02:08.283+0100][gc            ] GC(1133) Pause Young (Normal) (G1 Evacuation Pause) 696M->218M(1024M) 3,466ms
[2023-11-08T19:02:08.283+0100][gc,cpu        ] GC(1133) User=0,02s Sys=0,02s Real=0,01s
[2023-11-08T19:02:09.676+0100][gc,start      ] GC(1134) Pause Young (Normal) (G1 Evacuation Pause)
[2023-11-08T19:02:09.676+0100][gc,task       ] GC(1134) Using 13 workers of 13 for evacuation
[2023-11-08T19:02:09.680+0100][gc,phases     ] GC(1134)   Pre Evacuate Collection Set: 0,0ms
[2023-11-08T19:02:09.680+0100][gc,phases     ] GC(1134)   Evacuate Collection Set: 2,9ms
[2023-11-08T19:02:09.680+0100][gc,phases     ] GC(1134)   Post Evacuate Collection Set: 0,6ms
[2023-11-08T19:02:09.680+0100][gc,phases     ] GC(1134)   Other: 0,3ms
[2023-11-08T19:02:09.680+0100][gc,heap       ] GC(1134) Eden regions: 502->0(538)
[2023-11-08T19:02:09.680+0100][gc,heap       ] GC(1134) Survivor regions: 5->6(64)
[2023-11-08T19:02:09.680+0100][gc,heap       ] GC(1134) Old regions: 87->87
[2023-11-08T19:02:09.680+0100][gc,heap       ] GC(1134) Humongous regions: 129->129
[2023-11-08T19:02:09.680+0100][gc,metaspace  ] GC(1134) Metaspace: 48289K(52224K)->48289K(52224K) NonClass: 42313K(44544K)->42313K(44544K) Class: 5975K(7680K)->5975K(7680K)
[2023-11-08T19:02:09.680+0100][gc            ] GC(1134) Pause Young (Normal) (G1 Evacuation Pause) 720M->219M(1024M) 3,885ms
[2023-11-08T19:02:09.680+0100][gc,cpu        ] GC(1134) User=0,00s Sys=0,04s Real=0,00s
[2023-11-08T19:02:11.175+0100][gc,start      ] GC(1135) Pause Young (Concurrent Start) (G1 Evacuation Pause)
[2023-11-08T19:02:11.175+0100][gc,task       ] GC(1135) Using 13 workers of 13 for evacuation
[2023-11-08T19:02:11.179+0100][gc,phases     ] GC(1135)   Pre Evacuate Collection Set: 0,2ms
[2023-11-08T19:02:11.180+0100][gc,phases     ] GC(1135)   Evacuate Collection Set: 3,6ms
[2023-11-08T19:02:11.180+0100][gc,phases     ] GC(1135)   Post Evacuate Collection Set: 0,7ms
[2023-11-08T19:02:11.180+0100][gc,phases     ] GC(1135)   Other: 0,2ms
[2023-11-08T19:02:11.180+0100][gc,heap       ] GC(1135) Eden regions: 538->0(560)
[2023-11-08T19:02:11.180+0100][gc,heap       ] GC(1135) Survivor regions: 6->8(68)
[2023-11-08T19:02:11.180+0100][gc,heap       ] GC(1135) Old regions: 87->87
[2023-11-08T19:02:11.180+0100][gc,heap       ] GC(1135) Humongous regions: 129->129
[2023-11-08T19:02:11.180+0100][gc,metaspace  ] GC(1135) Metaspace: 48289K(52224K)->48289K(52224K) NonClass: 42313K(44544K)->42313K(44544K) Class: 5975K(7680K)->5975K(7680K)
[2023-11-08T19:02:11.180+0100][gc            ] GC(1135) Pause Young (Concurrent Start) (G1 Evacuation Pause) 757M->221M(1024M) 4,806ms
[2023-11-08T19:02:11.180+0100][gc,cpu        ] GC(1135) User=0,02s Sys=0,03s Real=0,00s
[2023-11-08T19:02:11.180+0100][gc            ] GC(1136) Concurrent Cycle
[2023-11-08T19:02:11.180+0100][gc,marking    ] GC(1136) Concurrent Clear Claimed Marks
[2023-11-08T19:02:11.180+0100][gc,marking    ] GC(1136) Concurrent Clear Claimed Marks 0,354ms
[2023-11-08T19:02:11.180+0100][gc,marking    ] GC(1136) Concurrent Scan Root Regions
[2023-11-08T19:02:11.183+0100][gc,marking    ] GC(1136) Concurrent Scan Root Regions 2,514ms
[2023-11-08T19:02:11.183+0100][gc,marking    ] GC(1136) Concurrent Mark (6402,791s)
[2023-11-08T19:02:11.183+0100][gc,marking    ] GC(1136) Concurrent Mark From Roots
[2023-11-08T19:02:11.183+0100][gc,task       ] GC(1136) Using 3 workers of 3 for marking
[2023-11-08T19:02:11.205+0100][gc,marking    ] GC(1136) Concurrent Mark From Roots 22,854ms
[2023-11-08T19:02:11.205+0100][gc,marking    ] GC(1136) Concurrent Preclean
[2023-11-08T19:02:11.206+0100][gc,marking    ] GC(1136) Concurrent Preclean 0,252ms
[2023-11-08T19:02:11.206+0100][gc,marking    ] GC(1136) Concurrent Mark (6402,791s, 6402,814s) 23,173ms
[2023-11-08T19:02:11.206+0100][gc,start      ] GC(1136) Pause Remark
[2023-11-08T19:02:11.209+0100][gc,stringtable] GC(1136) Cleaned string and symbol table, strings: 18405 processed, 0 removed, symbols: 94795 processed, 0 removed
[2023-11-08T19:02:11.209+0100][gc            ] GC(1136) Pause Remark 232M->232M(1024M) 3,146ms
[2023-11-08T19:02:11.209+0100][gc,cpu        ] GC(1136) User=0,03s Sys=0,00s Real=0,00s
[2023-11-08T19:02:11.209+0100][gc,marking    ] GC(1136) Concurrent Rebuild Remembered Sets
[2023-11-08T19:02:11.225+0100][gc,marking    ] GC(1136) Concurrent Rebuild Remembered Sets 16,222ms
[2023-11-08T19:02:11.226+0100][gc,start      ] GC(1136) Pause Cleanup
[2023-11-08T19:02:11.226+0100][gc            ] GC(1136) Pause Cleanup 237M->237M(1024M) 0,195ms
[2023-11-08T19:02:11.226+0100][gc,cpu        ] GC(1136) User=0,00s Sys=0,00s Real=0,00s
[2023-11-08T19:02:11.226+0100][gc,marking    ] GC(1136) Concurrent Cleanup for Next Mark
[2023-11-08T19:02:11.228+0100][gc,marking    ] GC(1136) Concurrent Cleanup for Next Mark 1,968ms
[2023-11-08T19:02:11.228+0100][gc            ] GC(1136) Concurrent Cycle 48,243ms
[2023-11-08T19:02:11.427+0100][gc,start      ] GC(1137) Pause Young (Normal) (G1 Evacuation Pause)
[2023-11-08T19:02:11.427+0100][gc,task       ] GC(1137) Using 13 workers of 13 for evacuation
[2023-11-08T19:02:11.432+0100][gc,phases     ] GC(1137)   Pre Evacuate Collection Set: 0,0ms
[2023-11-08T19:02:11.432+0100][gc,phases     ] GC(1137)   Evacuate Collection Set: 3,9ms
[2023-11-08T19:02:11.432+0100][gc,phases     ] GC(1137)   Post Evacuate Collection Set: 0,5ms
[2023-11-08T19:02:11.432+0100][gc,phases     ] GC(1137)   Other: 0,2ms
[2023-11-08T19:02:11.432+0100][gc,heap       ] GC(1137) Eden regions: 85->0(513)
[2023-11-08T19:02:11.432+0100][gc,heap       ] GC(1137) Survivor regions: 8->7(12)
[2023-11-08T19:02:11.432+0100][gc,heap       ] GC(1137) Old regions: 87->88
[2023-11-08T19:02:11.432+0100][gc,heap       ] GC(1137) Humongous regions: 129->129
[2023-11-08T19:02:11.432+0100][gc,metaspace  ] GC(1137) Metaspace: 48289K(52224K)->48289K(52224K) NonClass: 42313K(44544K)->42313K(44544K) Class: 5975K(7680K)->5975K(7680K)
[2023-11-08T19:02:11.432+0100][gc            ] GC(1137) Pause Young (Normal) (G1 Evacuation Pause) 306M->222M(1024M) 4,604ms
[2023-11-08T19:02:11.432+0100][gc,cpu        ] GC(1137) User=0,05s Sys=0,00s Real=0,00s
[2023-11-08T19:02:12.845+0100][gc,start      ] GC(1138) Pause Young (Concurrent Start) (G1 Evacuation Pause)
[2023-11-08T19:02:12.845+0100][gc,task       ] GC(1138) Using 13 workers of 13 for evacuation
[2023-11-08T19:02:12.849+0100][gc,phases     ] GC(1138)   Pre Evacuate Collection Set: 0,2ms
[2023-11-08T19:02:12.849+0100][gc,phases     ] GC(1138)   Evacuate Collection Set: 3,6ms
[2023-11-08T19:02:12.849+0100][gc,phases     ] GC(1138)   Post Evacuate Collection Set: 0,6ms
[2023-11-08T19:02:12.849+0100][gc,phases     ] GC(1138)   Other: 0,2ms
[2023-11-08T19:02:12.849+0100][gc,heap       ] GC(1138) Eden regions: 513->0(547)
[2023-11-08T19:02:12.849+0100][gc,heap       ] GC(1138) Survivor regions: 7->8(65)
[2023-11-08T19:02:12.849+0100][gc,heap       ] GC(1138) Old regions: 88->88
[2023-11-08T19:02:12.849+0100][gc,heap       ] GC(1138) Humongous regions: 129->129
[2023-11-08T19:02:12.849+0100][gc,metaspace  ] GC(1138) Metaspace: 48289K(52224K)->48289K(52224K) NonClass: 42313K(44544K)->42313K(44544K) Class: 5975K(7680K)->5975K(7680K)
[2023-11-08T19:02:12.849+0100][gc            ] GC(1138) Pause Young (Concurrent Start) (G1 Evacuation Pause) 735M->223M(1024M) 4,736ms
[2023-11-08T19:02:12.849+0100][gc,cpu        ] GC(1138) User=0,04s Sys=0,00s Real=0,00s
[2023-11-08T19:02:12.849+0100][gc            ] GC(1139) Concurrent Cycle
[2023-11-08T19:02:12.850+0100][gc,marking    ] GC(1139) Concurrent Clear Claimed Marks
[2023-11-08T19:02:12.850+0100][gc,marking    ] GC(1139) Concurrent Clear Claimed Marks 0,323ms
[2023-11-08T19:02:12.850+0100][gc,marking    ] GC(1139) Concurrent Scan Root Regions
[2023-11-08T19:02:12.853+0100][gc,marking    ] GC(1139) Concurrent Scan Root Regions 2,820ms
[2023-11-08T19:02:12.853+0100][gc,marking    ] GC(1139) Concurrent Mark (6404,461s)
[2023-11-08T19:02:12.853+0100][gc,marking    ] GC(1139) Concurrent Mark From Roots
[2023-11-08T19:02:12.853+0100][gc,task       ] GC(1139) Using 3 workers of 3 for marking
[2023-11-08T19:02:12.876+0100][gc,marking    ] GC(1139) Concurrent Mark From Roots 23,314ms
[2023-11-08T19:02:12.876+0100][gc,marking    ] GC(1139) Concurrent Preclean
[2023-11-08T19:02:12.876+0100][gc,marking    ] GC(1139) Concurrent Preclean 0,240ms
[2023-11-08T19:02:12.876+0100][gc,marking    ] GC(1139) Concurrent Mark (6404,461s, 6404,485s) 23,626ms
[2023-11-08T19:02:12.876+0100][gc,start      ] GC(1139) Pause Remark
[2023-11-08T19:02:12.880+0100][gc,stringtable] GC(1139) Cleaned string and symbol table, strings: 18405 processed, 0 removed, symbols: 94795 processed, 0 removed
[2023-11-08T19:02:12.880+0100][gc            ] GC(1139) Pause Remark 234M->234M(1024M) 3,217ms
[2023-11-08T19:02:12.880+0100][gc,cpu        ] GC(1139) User=0,03s Sys=0,00s Real=0,00s
[2023-11-08T19:02:12.880+0100][gc,marking    ] GC(1139) Concurrent Rebuild Remembered Sets
[2023-11-08T19:02:12.894+0100][gc,marking    ] GC(1139) Concurrent Rebuild Remembered Sets 14,150ms
[2023-11-08T19:02:12.894+0100][gc,start      ] GC(1139) Pause Cleanup
[2023-11-08T19:02:12.894+0100][gc            ] GC(1139) Pause Cleanup 240M->240M(1024M) 0,201ms
[2023-11-08T19:02:12.894+0100][gc,cpu        ] GC(1139) User=0,00s Sys=0,00s Real=0,00s
[2023-11-08T19:02:12.894+0100][gc,marking    ] GC(1139) Concurrent Cleanup for Next Mark
[2023-11-08T19:02:12.896+0100][gc,marking    ] GC(1139) Concurrent Cleanup for Next Mark 1,970ms
[2023-11-08T19:02:12.896+0100][gc            ] GC(1139) Concurrent Cycle 46,919ms
[2023-11-08T19:02:12.972+0100][gc,start      ] GC(1140) Pause Young (Normal) (G1 Evacuation Pause)
[2023-11-08T19:02:12.972+0100][gc,task       ] GC(1140) Using 13 workers of 13 for evacuation
[2023-11-08T19:02:12.977+0100][gc,phases     ] GC(1140)   Pre Evacuate Collection Set: 0,0ms
[2023-11-08T19:02:12.977+0100][gc,phases     ] GC(1140)   Evacuate Collection Set: 3,7ms
[2023-11-08T19:02:12.977+0100][gc,phases     ] GC(1140)   Post Evacuate Collection Set: 0,5ms
[2023-11-08T19:02:12.977+0100][gc,phases     ] GC(1140)   Other: 0,2ms
[2023-11-08T19:02:12.977+0100][gc,heap       ] GC(1140) Eden regions: 43->0(287)
[2023-11-08T19:02:12.977+0100][gc,heap       ] GC(1140) Survivor regions: 8->3(7)
[2023-11-08T19:02:12.977+0100][gc,heap       ] GC(1140) Old regions: 88->94
[2023-11-08T19:02:12.977+0100][gc,heap       ] GC(1140) Humongous regions: 129->129
[2023-11-08T19:02:12.977+0100][gc,metaspace  ] GC(1140) Metaspace: 48289K(52224K)->48289K(52224K) NonClass: 42313K(44544K)->42313K(44544K) Class: 5975K(7680K)->5975K(7680K)
[2023-11-08T19:02:12.977+0100][gc            ] GC(1140) Pause Young (Normal) (G1 Evacuation Pause) 266M->223M(1024M) 4,546ms
[2023-11-08T19:02:12.977+0100][gc,cpu        ] GC(1140) User=0,05s Sys=0,00s Real=0,01s
[2023-11-08T19:02:13.781+0100][gc,start      ] GC(1141) Pause Young (Concurrent Start) (G1 Evacuation Pause)
[2023-11-08T19:02:13.781+0100][gc,task       ] GC(1141) Using 13 workers of 13 for evacuation
[2023-11-08T19:02:13.784+0100][gc,phases     ] GC(1141)   Pre Evacuate Collection Set: 0,2ms
[2023-11-08T19:02:13.784+0100][gc,phases     ] GC(1141)   Evacuate Collection Set: 2,0ms
[2023-11-08T19:02:13.784+0100][gc,phases     ] GC(1141)   Post Evacuate Collection Set: 0,5ms
[2023-11-08T19:02:13.784+0100][gc,phases     ] GC(1141)   Other: 0,2ms
[2023-11-08T19:02:13.784+0100][gc,heap       ] GC(1141) Eden regions: 287->0(336)
[2023-11-08T19:02:13.784+0100][gc,heap       ] GC(1141) Survivor regions: 3->4(37)
[2023-11-08T19:02:13.784+0100][gc,heap       ] GC(1141) Old regions: 94->94
[2023-11-08T19:02:13.784+0100][gc,heap       ] GC(1141) Humongous regions: 129->129
[2023-11-08T19:02:13.784+0100][gc,metaspace  ] GC(1141) Metaspace: 48289K(52224K)->48289K(52224K) NonClass: 42313K(44544K)->42313K(44544K) Class: 5975K(7680K)->5975K(7680K)
[2023-11-08T19:02:13.784+0100][gc            ] GC(1141) Pause Young (Concurrent Start) (G1 Evacuation Pause) 510M->224M(1024M) 3,031ms
[2023-11-08T19:02:13.784+0100][gc,cpu        ] GC(1141) User=0,02s Sys=0,00s Real=0,01s
[2023-11-08T19:02:13.784+0100][gc            ] GC(1142) Concurrent Cycle
[2023-11-08T19:02:13.785+0100][gc,marking    ] GC(1142) Concurrent Clear Claimed Marks
[2023-11-08T19:02:13.785+0100][gc,marking    ] GC(1142) Concurrent Clear Claimed Marks 0,416ms
[2023-11-08T19:02:13.785+0100][gc,marking    ] GC(1142) Concurrent Scan Root Regions
[2023-11-08T19:02:13.787+0100][gc,marking    ] GC(1142) Concurrent Scan Root Regions 2,240ms
[2023-11-08T19:02:13.787+0100][gc,marking    ] GC(1142) Concurrent Mark (6405,396s)
[2023-11-08T19:02:13.787+0100][gc,marking    ] GC(1142) Concurrent Mark From Roots
[2023-11-08T19:02:13.787+0100][gc,task       ] GC(1142) Using 3 workers of 3 for marking
[2023-11-08T19:02:13.818+0100][gc,marking    ] GC(1142) Concurrent Mark From Roots 30,527ms
[2023-11-08T19:02:13.818+0100][gc,marking    ] GC(1142) Concurrent Preclean
[2023-11-08T19:02:13.818+0100][gc,marking    ] GC(1142) Concurrent Preclean 0,227ms
[2023-11-08T19:02:13.818+0100][gc,marking    ] GC(1142) Concurrent Mark (6405,396s, 6405,427s) 30,840ms
[2023-11-08T19:02:13.818+0100][gc,start      ] GC(1142) Pause Remark
[2023-11-08T19:02:13.821+0100][gc,stringtable] GC(1142) Cleaned string and symbol table, strings: 18405 processed, 0 removed, symbols: 94795 processed, 0 removed
[2023-11-08T19:02:13.822+0100][gc            ] GC(1142) Pause Remark 242M->242M(1024M) 3,299ms
[2023-11-08T19:02:13.822+0100][gc,cpu        ] GC(1142) User=0,02s Sys=0,02s Real=0,00s
[2023-11-08T19:02:13.822+0100][gc,marking    ] GC(1142) Concurrent Rebuild Remembered Sets
[2023-11-08T19:02:13.838+0100][gc,marking    ] GC(1142) Concurrent Rebuild Remembered Sets 15,924ms
[2023-11-08T19:02:13.838+0100][gc,start      ] GC(1142) Pause Cleanup
[2023-11-08T19:02:13.838+0100][gc            ] GC(1142) Pause Cleanup 248M->248M(1024M) 0,154ms
[2023-11-08T19:02:13.838+0100][gc,cpu        ] GC(1142) User=0,00s Sys=0,00s Real=0,00s
[2023-11-08T19:02:13.838+0100][gc,marking    ] GC(1142) Concurrent Cleanup for Next Mark
[2023-11-08T19:02:13.840+0100][gc,marking    ] GC(1142) Concurrent Cleanup for Next Mark 1,671ms
[2023-11-08T19:02:13.840+0100][gc            ] GC(1142) Concurrent Cycle 55,242ms
[2023-11-08T19:02:14.133+0100][gc,start      ] GC(1143) Pause Young (Prepare Mixed) (G1 Evacuation Pause)
[2023-11-08T19:02:14.133+0100][gc,task       ] GC(1143) Using 13 workers of 13 for evacuation
[2023-11-08T19:02:14.137+0100][gc,phases     ] GC(1143)   Pre Evacuate Collection Set: 0,0ms
[2023-11-08T19:02:14.137+0100][gc,phases     ] GC(1143)   Evacuate Collection Set: 2,8ms
[2023-11-08T19:02:14.137+0100][gc,phases     ] GC(1143)   Post Evacuate Collection Set: 0,5ms
[2023-11-08T19:02:14.137+0100][gc,phases     ] GC(1143)   Other: 0,3ms
[2023-11-08T19:02:14.137+0100][gc,heap       ] GC(1143) Eden regions: 129->0(47)
[2023-11-08T19:02:14.137+0100][gc,heap       ] GC(1143) Survivor regions: 4->4(17)
[2023-11-08T19:02:14.137+0100][gc,heap       ] GC(1143) Old regions: 94->94
[2023-11-08T19:02:14.137+0100][gc,heap       ] GC(1143) Humongous regions: 129->129
[2023-11-08T19:02:14.137+0100][gc,metaspace  ] GC(1143) Metaspace: 48289K(52224K)->48289K(52224K) NonClass: 42313K(44544K)->42313K(44544K) Class: 5975K(7680K)->5975K(7680K)
[2023-11-08T19:02:14.137+0100][gc            ] GC(1143) Pause Young (Prepare Mixed) (G1 Evacuation Pause) 353M->224M(1024M) 3,768ms
[2023-11-08T19:02:14.137+0100][gc,cpu        ] GC(1143) User=0,04s Sys=0,00s Real=0,01s
[2023-11-08T19:02:14.267+0100][gc,start      ] GC(1144) Pause Young (Mixed) (G1 Evacuation Pause)
[2023-11-08T19:02:14.267+0100][gc,task       ] GC(1144) Using 13 workers of 13 for evacuation
[2023-11-08T19:02:14.269+0100][gc,phases     ] GC(1144)   Pre Evacuate Collection Set: 0,0ms
[2023-11-08T19:02:14.269+0100][gc,phases     ] GC(1144)   Evacuate Collection Set: 1,9ms
[2023-11-08T19:02:14.269+0100][gc,phases     ] GC(1144)   Post Evacuate Collection Set: 0,4ms
[2023-11-08T19:02:14.269+0100][gc,phases     ] GC(1144)   Other: 0,2ms
[2023-11-08T19:02:14.269+0100][gc,heap       ] GC(1144) Eden regions: 47->0(461)
[2023-11-08T19:02:14.269+0100][gc,heap       ] GC(1144) Survivor regions: 4->4(7)
[2023-11-08T19:02:14.269+0100][gc,heap       ] GC(1144) Old regions: 94->93
[2023-11-08T19:02:14.269+0100][gc,heap       ] GC(1144) Humongous regions: 129->129
[2023-11-08T19:02:14.269+0100][gc,metaspace  ] GC(1144) Metaspace: 48289K(52224K)->48289K(52224K) NonClass: 42313K(44544K)->42313K(44544K) Class: 5975K(7680K)->5975K(7680K)
[2023-11-08T19:02:14.269+0100][gc            ] GC(1144) Pause Young (Mixed) (G1 Evacuation Pause) 271M->223M(1024M) 2,696ms
[2023-11-08T19:02:14.270+0100][gc,cpu        ] GC(1144) User=0,01s Sys=0,02s Real=0,00s
[2023-11-08T19:02:15.544+0100][gc,start      ] GC(1145) Pause Young (Normal) (G1 Evacuation Pause)
[2023-11-08T19:02:15.544+0100][gc,task       ] GC(1145) Using 13 workers of 13 for evacuation
[2023-11-08T19:02:15.548+0100][gc,phases     ] GC(1145)   Pre Evacuate Collection Set: 0,0ms
[2023-11-08T19:02:15.548+0100][gc,phases     ] GC(1145)   Evacuate Collection Set: 3,2ms
[2023-11-08T19:02:15.548+0100][gc,phases     ] GC(1145)   Post Evacuate Collection Set: 0,5ms
[2023-11-08T19:02:15.548+0100][gc,phases     ] GC(1145)   Other: 0,3ms
[2023-11-08T19:02:15.548+0100][gc,heap       ] GC(1145) Eden regions: 461->0(408)
[2023-11-08T19:02:15.548+0100][gc,heap       ] GC(1145) Survivor regions: 4->6(59)
[2023-11-08T19:02:15.548+0100][gc,heap       ] GC(1145) Old regions: 93->93
[2023-11-08T19:02:15.548+0100][gc,heap       ] GC(1145) Humongous regions: 129->129
[2023-11-08T19:02:15.548+0100][gc,metaspace  ] GC(1145) Metaspace: 48289K(52224K)->48289K(52224K) NonClass: 42313K(44544K)->42313K(44544K) Class: 5975K(7680K)->5975K(7680K)
[2023-11-08T19:02:15.548+0100][gc            ] GC(1145) Pause Young (Normal) (G1 Evacuation Pause) 684M->225M(1024M) 4,083ms
[2023-11-08T19:02:15.548+0100][gc,cpu        ] GC(1145) User=0,02s Sys=0,02s Real=0,00s
[2023-11-08T19:02:16.682+0100][gc,start      ] GC(1146) Pause Young (Normal) (G1 Evacuation Pause)
[2023-11-08T19:02:16.682+0100][gc,task       ] GC(1146) Using 13 workers of 13 for evacuation
[2023-11-08T19:02:16.686+0100][gc,phases     ] GC(1146)   Pre Evacuate Collection Set: 0,0ms
[2023-11-08T19:02:16.686+0100][gc,phases     ] GC(1146)   Evacuate Collection Set: 3,0ms
[2023-11-08T19:02:16.686+0100][gc,phases     ] GC(1146)   Post Evacuate Collection Set: 0,6ms
[2023-11-08T19:02:16.686+0100][gc,phases     ] GC(1146)   Other: 0,2ms
[2023-11-08T19:02:16.686+0100][gc,heap       ] GC(1146) Eden regions: 408->0(528)
[2023-11-08T19:02:16.686+0100][gc,heap       ] GC(1146) Survivor regions: 6->7(52)
[2023-11-08T19:02:16.686+0100][gc,heap       ] GC(1146) Old regions: 93->93
[2023-11-08T19:02:16.686+0100][gc,heap       ] GC(1146) Humongous regions: 129->129
[2023-11-08T19:02:16.686+0100][gc,metaspace  ] GC(1146) Metaspace: 48289K(52224K)->48289K(52224K) NonClass: 42313K(44544K)->42313K(44544K) Class: 5975K(7680K)->5975K(7680K)
[2023-11-08T19:02:16.686+0100][gc            ] GC(1146) Pause Young (Normal) (G1 Evacuation Pause) 633M->226M(1024M) 3,840ms
[2023-11-08T19:02:16.686+0100][gc,cpu        ] GC(1146) User=0,04s Sys=0,00s Real=0,01s
[2023-11-08T19:02:18.174+0100][gc,start      ] GC(1147) Pause Young (Normal) (G1 Evacuation Pause)
[2023-11-08T19:02:18.174+0100][gc,task       ] GC(1147) Using 13 workers of 13 for evacuation
[2023-11-08T19:02:18.178+0100][gc,phases     ] GC(1147)   Pre Evacuate Collection Set: 0,0ms
[2023-11-08T19:02:18.178+0100][gc,phases     ] GC(1147)   Evacuate Collection Set: 4,0ms
[2023-11-08T19:02:18.178+0100][gc,phases     ] GC(1147)   Post Evacuate Collection Set: 0,6ms
[2023-11-08T19:02:18.178+0100][gc,phases     ] GC(1147)   Other: 0,2ms
[2023-11-08T19:02:18.178+0100][gc,heap       ] GC(1147) Eden regions: 528->0(588)
[2023-11-08T19:02:18.178+0100][gc,heap       ] GC(1147) Survivor regions: 7->8(67)
[2023-11-08T19:02:18.178+0100][gc,heap       ] GC(1147) Old regions: 93->93
[2023-11-08T19:02:18.178+0100][gc,heap       ] GC(1147) Humongous regions: 129->129
[2023-11-08T19:02:18.178+0100][gc,metaspace  ] GC(1147) Metaspace: 48289K(52224K)->48289K(52224K) NonClass: 42313K(44544K)->42313K(44544K) Class: 5975K(7680K)->5975K(7680K)
[2023-11-08T19:02:18.178+0100][gc            ] GC(1147) Pause Young (Normal) (G1 Evacuation Pause) 754M->227M(1024M) 4,869ms
[2023-11-08T19:02:18.178+0100][gc,cpu        ] GC(1147) User=0,04s Sys=0,00s Real=0,01s
[2023-11-08T19:02:19.814+0100][gc,start      ] GC(1148) Pause Young (Concurrent Start) (G1 Evacuation Pause)
[2023-11-08T19:02:19.814+0100][gc,task       ] GC(1148) Using 13 workers of 13 for evacuation
[2023-11-08T19:02:19.822+0100][gc,phases     ] GC(1148)   Pre Evacuate Collection Set: 0,2ms
[2023-11-08T19:02:19.822+0100][gc,phases     ] GC(1148)   Evacuate Collection Set: 7,2ms
[2023-11-08T19:02:19.822+0100][gc,phases     ] GC(1148)   Post Evacuate Collection Set: 0,6ms
[2023-11-08T19:02:19.822+0100][gc,phases     ] GC(1148)   Other: 0,3ms
[2023-11-08T19:02:19.822+0100][gc,heap       ] GC(1148) Eden regions: 588->0(600)
[2023-11-08T19:02:19.822+0100][gc,heap       ] GC(1148) Survivor regions: 8->10(75)
[2023-11-08T19:02:19.822+0100][gc,heap       ] GC(1148) Old regions: 93->93
[2023-11-08T19:02:19.822+0100][gc,heap       ] GC(1148) Humongous regions: 129->129
[2023-11-08T19:02:19.822+0100][gc,metaspace  ] GC(1148) Metaspace: 48289K(52224K)->48289K(52224K) NonClass: 42313K(44544K)->42313K(44544K) Class: 5975K(7680K)->5975K(7680K)
[2023-11-08T19:02:19.822+0100][gc            ] GC(1148) Pause Young (Concurrent Start) (G1 Evacuation Pause) 815M->229M(1024M) 8,399ms
[2023-11-08T19:02:19.822+0100][gc,cpu        ] GC(1148) User=0,06s Sys=0,00s Real=0,01s
[2023-11-08T19:02:19.822+0100][gc            ] GC(1149) Concurrent Cycle
[2023-11-08T19:02:19.823+0100][gc,marking    ] GC(1149) Concurrent Clear Claimed Marks
[2023-11-08T19:02:19.823+0100][gc,marking    ] GC(1149) Concurrent Clear Claimed Marks 0,340ms
[2023-11-08T19:02:19.823+0100][gc,marking    ] GC(1149) Concurrent Scan Root Regions
[2023-11-08T19:02:19.826+0100][gc,marking    ] GC(1149) Concurrent Scan Root Regions 3,488ms
[2023-11-08T19:02:19.826+0100][gc,marking    ] GC(1149) Concurrent Mark (6411,435s)
[2023-11-08T19:02:19.826+0100][gc,marking    ] GC(1149) Concurrent Mark From Roots
[2023-11-08T19:02:19.826+0100][gc,task       ] GC(1149) Using 3 workers of 3 for marking
[2023-11-08T19:02:19.853+0100][gc,marking    ] GC(1149) Concurrent Mark From Roots 26,283ms
[2023-11-08T19:02:19.853+0100][gc,marking    ] GC(1149) Concurrent Preclean
[2023-11-08T19:02:19.853+0100][gc,marking    ] GC(1149) Concurrent Preclean 0,217ms
[2023-11-08T19:02:19.853+0100][gc,marking    ] GC(1149) Concurrent Mark (6411,435s, 6411,462s) 26,566ms
[2023-11-08T19:02:19.853+0100][gc,start      ] GC(1149) Pause Remark
[2023-11-08T19:02:19.857+0100][gc,stringtable] GC(1149) Cleaned string and symbol table, strings: 18405 processed, 0 removed, symbols: 94795 processed, 0 removed
[2023-11-08T19:02:19.857+0100][gc            ] GC(1149) Pause Remark 247M->247M(1024M) 3,681ms
[2023-11-08T19:02:19.857+0100][gc,cpu        ] GC(1149) User=0,03s Sys=0,00s Real=0,01s
[2023-11-08T19:02:19.857+0100][gc,marking    ] GC(1149) Concurrent Rebuild Remembered Sets
[2023-11-08T19:02:19.874+0100][gc,marking    ] GC(1149) Concurrent Rebuild Remembered Sets 17,344ms
[2023-11-08T19:02:19.874+0100][gc,start      ] GC(1149) Pause Cleanup
[2023-11-08T19:02:19.875+0100][gc            ] GC(1149) Pause Cleanup 253M->253M(1024M) 0,205ms
[2023-11-08T19:02:19.875+0100][gc,cpu        ] GC(1149) User=0,00s Sys=0,00s Real=0,00s
[2023-11-08T19:02:19.875+0100][gc,marking    ] GC(1149) Concurrent Cleanup for Next Mark
[2023-11-08T19:02:19.877+0100][gc,marking    ] GC(1149) Concurrent Cleanup for Next Mark 1,860ms
[2023-11-08T19:02:19.877+0100][gc            ] GC(1149) Concurrent Cycle 54,120ms
[2023-11-08T19:02:20.132+0100][gc,start      ] GC(1150) Pause Young (Normal) (G1 Evacuation Pause)
[2023-11-08T19:02:20.132+0100][gc,task       ] GC(1150) Using 13 workers of 13 for evacuation
[2023-11-08T19:02:20.138+0100][gc,phases     ] GC(1150)   Pre Evacuate Collection Set: 0,0ms
[2023-11-08T19:02:20.138+0100][gc,phases     ] GC(1150)   Evacuate Collection Set: 4,8ms
[2023-11-08T19:02:20.138+0100][gc,phases     ] GC(1150)   Post Evacuate Collection Set: 0,6ms
[2023-11-08T19:02:20.138+0100][gc,phases     ] GC(1150)   Other: 0,2ms
[2023-11-08T19:02:20.138+0100][gc,heap       ] GC(1150) Eden regions: 114->0(550)
[2023-11-08T19:02:20.138+0100][gc,heap       ] GC(1150) Survivor regions: 10->9(16)
[2023-11-08T19:02:20.138+0100][gc,heap       ] GC(1150) Old regions: 93->95
[2023-11-08T19:02:20.138+0100][gc,heap       ] GC(1150) Humongous regions: 129->129
[2023-11-08T19:02:20.138+0100][gc,metaspace  ] GC(1150) Metaspace: 48289K(52224K)->48289K(52224K) NonClass: 42313K(44544K)->42313K(44544K) Class: 5975K(7680K)->5975K(7680K)
[2023-11-08T19:02:20.138+0100][gc            ] GC(1150) Pause Young (Normal) (G1 Evacuation Pause) 343M->230M(1024M) 5,758ms
[2023-11-08T19:02:20.138+0100][gc,cpu        ] GC(1150) User=0,06s Sys=0,00s Real=0,01s
[2023-11-08T19:02:21.676+0100][gc,start      ] GC(1151) Pause Young (Concurrent Start) (G1 Evacuation Pause)
[2023-11-08T19:02:21.676+0100][gc,task       ] GC(1151) Using 13 workers of 13 for evacuation
[2023-11-08T19:02:21.684+0100][gc,phases     ] GC(1151)   Pre Evacuate Collection Set: 0,3ms
[2023-11-08T19:02:21.684+0100][gc,phases     ] GC(1151)   Evacuate Collection Set: 5,9ms
[2023-11-08T19:02:21.684+0100][gc,phases     ] GC(1151)   Post Evacuate Collection Set: 0,7ms
[2023-11-08T19:02:21.684+0100][gc,phases     ] GC(1151)   Other: 0,3ms
[2023-11-08T19:02:21.684+0100][gc,heap       ] GC(1151) Eden regions: 550->0(583)
[2023-11-08T19:02:21.684+0100][gc,heap       ] GC(1151) Survivor regions: 9->10(70)
[2023-11-08T19:02:21.684+0100][gc,heap       ] GC(1151) Old regions: 95->95
[2023-11-08T19:02:21.684+0100][gc,heap       ] GC(1151) Humongous regions: 129->129
[2023-11-08T19:02:21.684+0100][gc,metaspace  ] GC(1151) Metaspace: 48289K(52224K)->48289K(52224K) NonClass: 42313K(44544K)->42313K(44544K) Class: 5975K(7680K)->5975K(7680K)
[2023-11-08T19:02:21.684+0100][gc            ] GC(1151) Pause Young (Concurrent Start) (G1 Evacuation Pause) 780M->232M(1024M) 7,230ms
[2023-11-08T19:02:21.684+0100][gc,cpu        ] GC(1151) User=0,07s Sys=0,00s Real=0,01s
[2023-11-08T19:02:21.684+0100][gc            ] GC(1152) Concurrent Cycle
[2023-11-08T19:02:21.684+0100][gc,marking    ] GC(1152) Concurrent Clear Claimed Marks
[2023-11-08T19:02:21.684+0100][gc,marking    ] GC(1152) Concurrent Clear Claimed Marks 0,345ms
[2023-11-08T19:02:21.684+0100][gc,marking    ] GC(1152) Concurrent Scan Root Regions
[2023-11-08T19:02:21.686+0100][gc,marking    ] GC(1152) Concurrent Scan Root Regions 2,023ms
[2023-11-08T19:02:21.686+0100][gc,marking    ] GC(1152) Concurrent Mark (6413,295s)
[2023-11-08T19:02:21.686+0100][gc,marking    ] GC(1152) Concurrent Mark From Roots
[2023-11-08T19:02:21.686+0100][gc,task       ] GC(1152) Using 3 workers of 3 for marking
[2023-11-08T19:02:21.718+0100][gc,marking    ] GC(1152) Concurrent Mark From Roots 32,304ms
[2023-11-08T19:02:21.718+0100][gc,marking    ] GC(1152) Concurrent Preclean
[2023-11-08T19:02:21.719+0100][gc,marking    ] GC(1152) Concurrent Preclean 0,272ms
[2023-11-08T19:02:21.719+0100][gc,marking    ] GC(1152) Concurrent Mark (6413,295s, 6413,327s) 32,646ms
[2023-11-08T19:02:21.719+0100][gc,start      ] GC(1152) Pause Remark
[2023-11-08T19:02:21.723+0100][gc,stringtable] GC(1152) Cleaned string and symbol table, strings: 18405 processed, 0 removed, symbols: 94795 processed, 0 removed
[2023-11-08T19:02:21.723+0100][gc            ] GC(1152) Pause Remark 242M->242M(1024M) 4,005ms
[2023-11-08T19:02:21.723+0100][gc,cpu        ] GC(1152) User=0,02s Sys=0,02s Real=0,01s
[2023-11-08T19:02:21.723+0100][gc,marking    ] GC(1152) Concurrent Rebuild Remembered Sets
[2023-11-08T19:02:21.744+0100][gc,marking    ] GC(1152) Concurrent Rebuild Remembered Sets 21,134ms
[2023-11-08T19:02:21.744+0100][gc,start      ] GC(1152) Pause Cleanup
[2023-11-08T19:02:21.745+0100][gc            ] GC(1152) Pause Cleanup 249M->249M(1024M) 0,286ms
[2023-11-08T19:02:21.745+0100][gc,cpu        ] GC(1152) User=0,00s Sys=0,00s Real=0,00s
[2023-11-08T19:02:21.745+0100][gc,marking    ] GC(1152) Concurrent Cleanup for Next Mark
[2023-11-08T19:02:21.747+0100][gc,marking    ] GC(1152) Concurrent Cleanup for Next Mark 2,782ms
[2023-11-08T19:02:21.748+0100][gc            ] GC(1152) Concurrent Cycle 63,858ms
[2023-11-08T19:02:21.936+0100][gc,start      ] GC(1153) Pause Young (Normal) (G1 Evacuation Pause)
[2023-11-08T19:02:21.936+0100][gc,task       ] GC(1153) Using 13 workers of 13 for evacuation
[2023-11-08T19:02:21.942+0100][gc,phases     ] GC(1153)   Pre Evacuate Collection Set: 0,0ms
[2023-11-08T19:02:21.942+0100][gc,phases     ] GC(1153)   Evacuate Collection Set: 5,4ms
[2023-11-08T19:02:21.942+0100][gc,phases     ] GC(1153)   Post Evacuate Collection Set: 0,4ms
[2023-11-08T19:02:21.942+0100][gc,phases     ] GC(1153)   Other: 0,2ms
[2023-11-08T19:02:21.942+0100][gc,heap       ] GC(1153) Eden regions: 93->0(264)
[2023-11-08T19:02:21.942+0100][gc,heap       ] GC(1153) Survivor regions: 10->8(13)
[2023-11-08T19:02:21.942+0100][gc,heap       ] GC(1153) Old regions: 95->99
[2023-11-08T19:02:21.942+0100][gc,heap       ] GC(1153) Humongous regions: 129->129
[2023-11-08T19:02:21.942+0100][gc,metaspace  ] GC(1153) Metaspace: 48289K(52224K)->48289K(52224K) NonClass: 42313K(44544K)->42313K(44544K) Class: 5975K(7680K)->5975K(7680K)
[2023-11-08T19:02:21.942+0100][gc            ] GC(1153) Pause Young (Normal) (G1 Evacuation Pause) 325M->232M(1024M) 6,078ms
[2023-11-08T19:02:21.942+0100][gc,cpu        ] GC(1153) User=0,05s Sys=0,01s Real=0,00s
[2023-11-08T19:02:22.675+0100][gc,start      ] GC(1154) Pause Young (Concurrent Start) (G1 Evacuation Pause)
[2023-11-08T19:02:22.675+0100][gc,task       ] GC(1154) Using 13 workers of 13 for evacuation
[2023-11-08T19:02:22.680+0100][gc,phases     ] GC(1154)   Pre Evacuate Collection Set: 0,2ms
[2023-11-08T19:02:22.680+0100][gc,phases     ] GC(1154)   Evacuate Collection Set: 3,6ms
[2023-11-08T19:02:22.680+0100][gc,phases     ] GC(1154)   Post Evacuate Collection Set: 0,5ms
[2023-11-08T19:02:22.680+0100][gc,phases     ] GC(1154)   Other: 0,2ms
[2023-11-08T19:02:22.680+0100][gc,heap       ] GC(1154) Eden regions: 264->0(336)
[2023-11-08T19:02:22.680+0100][gc,heap       ] GC(1154) Survivor regions: 8->8(34)
[2023-11-08T19:02:22.680+0100][gc,heap       ] GC(1154) Old regions: 99->99
[2023-11-08T19:02:22.680+0100][gc,heap       ] GC(1154) Humongous regions: 129->129
[2023-11-08T19:02:22.680+0100][gc,metaspace  ] GC(1154) Metaspace: 48289K(52224K)->48289K(52224K) NonClass: 42313K(44544K)->42313K(44544K) Class: 5975K(7680K)->5975K(7680K)
[2023-11-08T19:02:22.680+0100][gc            ] GC(1154) Pause Young (Concurrent Start) (G1 Evacuation Pause) 496M->232M(1024M) 4,632ms
[2023-11-08T19:02:22.680+0100][gc,cpu        ] GC(1154) User=0,04s Sys=0,01s Real=0,00s
[2023-11-08T19:02:22.680+0100][gc            ] GC(1155) Concurrent Cycle
[2023-11-08T19:02:22.680+0100][gc,marking    ] GC(1155) Concurrent Clear Claimed Marks
[2023-11-08T19:02:22.680+0100][gc,marking    ] GC(1155) Concurrent Clear Claimed Marks 0,220ms
[2023-11-08T19:02:22.680+0100][gc,marking    ] GC(1155) Concurrent Scan Root Regions
[2023-11-08T19:02:22.682+0100][gc,marking    ] GC(1155) Concurrent Scan Root Regions 2,408ms
[2023-11-08T19:02:22.682+0100][gc,marking    ] GC(1155) Concurrent Mark (6414,291s)
[2023-11-08T19:02:22.682+0100][gc,marking    ] GC(1155) Concurrent Mark From Roots
[2023-11-08T19:02:22.682+0100][gc,task       ] GC(1155) Using 3 workers of 3 for marking
[2023-11-08T19:02:22.709+0100][gc,marking    ] GC(1155) Concurrent Mark From Roots 26,606ms
[2023-11-08T19:02:22.709+0100][gc,marking    ] GC(1155) Concurrent Preclean
[2023-11-08T19:02:22.709+0100][gc,marking    ] GC(1155) Concurrent Preclean 0,221ms
[2023-11-08T19:02:22.709+0100][gc,marking    ] GC(1155) Concurrent Mark (6414,291s, 6414,318s) 26,884ms
[2023-11-08T19:02:22.709+0100][gc,start      ] GC(1155) Pause Remark
[2023-11-08T19:02:22.713+0100][gc,stringtable] GC(1155) Cleaned string and symbol table, strings: 18405 processed, 0 removed, symbols: 94795 processed, 0 removed
[2023-11-08T19:02:22.713+0100][gc            ] GC(1155) Pause Remark 243M->243M(1024M) 3,369ms
[2023-11-08T19:02:22.713+0100][gc,cpu        ] GC(1155) User=0,03s Sys=0,00s Real=0,00s
[2023-11-08T19:02:22.713+0100][gc,marking    ] GC(1155) Concurrent Rebuild Remembered Sets
[2023-11-08T19:02:22.731+0100][gc,marking    ] GC(1155) Concurrent Rebuild Remembered Sets 18,087ms
[2023-11-08T19:02:22.731+0100][gc,start      ] GC(1155) Pause Cleanup
[2023-11-08T19:02:22.731+0100][gc            ] GC(1155) Pause Cleanup 249M->249M(1024M) 0,208ms
[2023-11-08T19:02:22.731+0100][gc,cpu        ] GC(1155) User=0,00s Sys=0,00s Real=0,00s
[2023-11-08T19:02:22.731+0100][gc,marking    ] GC(1155) Concurrent Cleanup for Next Mark
[2023-11-08T19:02:22.733+0100][gc,marking    ] GC(1155) Concurrent Cleanup for Next Mark 1,952ms
[2023-11-08T19:02:22.733+0100][gc            ] GC(1155) Concurrent Cycle 53,781ms
[2023-11-08T19:02:22.834+0100][gc,start      ] GC(1156) Pause Young (Normal) (G1 Evacuation Pause)
[2023-11-08T19:02:22.834+0100][gc,task       ] GC(1156) Using 13 workers of 13 for evacuation
[2023-11-08T19:02:22.838+0100][gc,phases     ] GC(1156)   Pre Evacuate Collection Set: 0,0ms
[2023-11-08T19:02:22.838+0100][gc,phases     ] GC(1156)   Evacuate Collection Set: 3,3ms
[2023-11-08T19:02:22.838+0100][gc,phases     ] GC(1156)   Post Evacuate Collection Set: 0,4ms
[2023-11-08T19:02:22.838+0100][gc,phases     ] GC(1156)   Other: 0,2ms
[2023-11-08T19:02:22.838+0100][gc,heap       ] GC(1156) Eden regions: 53->0(460)
[2023-11-08T19:02:22.838+0100][gc,heap       ] GC(1156) Survivor regions: 8->5(8)
[2023-11-08T19:02:22.838+0100][gc,heap       ] GC(1156) Old regions: 99->102
[2023-11-08T19:02:22.838+0100][gc,heap       ] GC(1156) Humongous regions: 129->129
[2023-11-08T19:02:22.838+0100][gc,metaspace  ] GC(1156) Metaspace: 48289K(52224K)->48289K(52224K) NonClass: 42313K(44544K)->42313K(44544K) Class: 5975K(7680K)->5975K(7680K)
[2023-11-08T19:02:22.838+0100][gc            ] GC(1156) Pause Young (Normal) (G1 Evacuation Pause) 285M->233M(1024M) 3,994ms
[2023-11-08T19:02:22.838+0100][gc,cpu        ] GC(1156) User=0,04s Sys=0,00s Real=0,01s
[2023-11-08T19:02:24.131+0100][gc,start      ] GC(1157) Pause Young (Normal) (G1 Evacuation Pause)
[2023-11-08T19:02:24.131+0100][gc,task       ] GC(1157) Using 13 workers of 13 for evacuation
[2023-11-08T19:02:24.135+0100][gc,phases     ] GC(1157)   Pre Evacuate Collection Set: 0,0ms
[2023-11-08T19:02:24.135+0100][gc,phases     ] GC(1157)   Evacuate Collection Set: 3,0ms
[2023-11-08T19:02:24.135+0100][gc,phases     ] GC(1157)   Post Evacuate Collection Set: 0,6ms
[2023-11-08T19:02:24.135+0100][gc,phases     ] GC(1157)   Other: 0,3ms
[2023-11-08T19:02:24.135+0100][gc,heap       ] GC(1157) Eden regions: 460->0(362)
[2023-11-08T19:02:24.135+0100][gc,heap       ] GC(1157) Survivor regions: 5->6(59)
[2023-11-08T19:02:24.135+0100][gc,heap       ] GC(1157) Old regions: 102->102
[2023-11-08T19:02:24.135+0100][gc,heap       ] GC(1157) Humongous regions: 129->129
[2023-11-08T19:02:24.135+0100][gc,metaspace  ] GC(1157) Metaspace: 48289K(52224K)->48289K(52224K) NonClass: 42313K(44544K)->42313K(44544K) Class: 5975K(7680K)->5975K(7680K)
[2023-11-08T19:02:24.135+0100][gc            ] GC(1157) Pause Young (Normal) (G1 Evacuation Pause) 693M->234M(1024M) 3,949ms
[2023-11-08T19:02:24.135+0100][gc,cpu        ] GC(1157) User=0,01s Sys=0,02s Real=0,01s
[2023-11-08T19:02:25.145+0100][gc,start      ] GC(1158) Pause Young (Normal) (G1 Evacuation Pause)
[2023-11-08T19:02:25.145+0100][gc,task       ] GC(1158) Using 13 workers of 13 for evacuation
[2023-11-08T19:02:25.148+0100][gc,phases     ] GC(1158)   Pre Evacuate Collection Set: 0,0ms
[2023-11-08T19:02:25.148+0100][gc,phases     ] GC(1158)   Evacuate Collection Set: 2,0ms
[2023-11-08T19:02:25.148+0100][gc,phases     ] GC(1158)   Post Evacuate Collection Set: 0,7ms
[2023-11-08T19:02:25.148+0100][gc,phases     ] GC(1158)   Other: 0,3ms
[2023-11-08T19:02:25.148+0100][gc,heap       ] GC(1158) Eden regions: 362->0(514)
[2023-11-08T19:02:25.148+0100][gc,heap       ] GC(1158) Survivor regions: 6->3(46)
[2023-11-08T19:02:25.148+0100][gc,heap       ] GC(1158) Old regions: 102->102
[2023-11-08T19:02:25.148+0100][gc,heap       ] GC(1158) Humongous regions: 129->129
[2023-11-08T19:02:25.148+0100][gc,metaspace  ] GC(1158) Metaspace: 48289K(52224K)->48289K(52224K) NonClass: 42313K(44544K)->42313K(44544K) Class: 5975K(7680K)->5975K(7680K)
[2023-11-08T19:02:25.148+0100][gc            ] GC(1158) Pause Young (Normal) (G1 Evacuation Pause) 596M->231M(1024M) 3,216ms
[2023-11-08T19:02:25.148+0100][gc,cpu        ] GC(1158) User=0,03s Sys=0,00s Real=0,00s
[2023-11-08T19:02:26.575+0100][gc,start      ] GC(1159) Pause Young (Normal) (G1 Evacuation Pause)
[2023-11-08T19:02:26.575+0100][gc,task       ] GC(1159) Using 13 workers of 13 for evacuation
[2023-11-08T19:02:26.578+0100][gc,phases     ] GC(1159)   Pre Evacuate Collection Set: 0,0ms
[2023-11-08T19:02:26.578+0100][gc,phases     ] GC(1159)   Evacuate Collection Set: 2,3ms
[2023-11-08T19:02:26.578+0100][gc,phases     ] GC(1159)   Post Evacuate Collection Set: 0,7ms
[2023-11-08T19:02:26.578+0100][gc,phases     ] GC(1159)   Other: 0,3ms
[2023-11-08T19:02:26.578+0100][gc,heap       ] GC(1159) Eden regions: 514->0(591)
[2023-11-08T19:02:26.578+0100][gc,heap       ] GC(1159) Survivor regions: 3->4(65)
[2023-11-08T19:02:26.578+0100][gc,heap       ] GC(1159) Old regions: 102->102
[2023-11-08T19:02:26.578+0100][gc,heap       ] GC(1159) Humongous regions: 129->129
[2023-11-08T19:02:26.578+0100][gc,metaspace  ] GC(1159) Metaspace: 48289K(52224K)->48289K(52224K) NonClass: 42313K(44544K)->42313K(44544K) Class: 5975K(7680K)->5975K(7680K)
[2023-11-08T19:02:26.578+0100][gc            ] GC(1159) Pause Young (Normal) (G1 Evacuation Pause) 745M->232M(1024M) 3,388ms
[2023-11-08T19:02:26.578+0100][gc,cpu        ] GC(1159) User=0,01s Sys=0,02s Real=0,00s
[2023-11-08T19:02:28.223+0100][gc,start      ] GC(1160) Pause Young (Concurrent Start) (G1 Evacuation Pause)
[2023-11-08T19:02:28.223+0100][gc,task       ] GC(1160) Using 13 workers of 13 for evacuation
[2023-11-08T19:02:28.227+0100][gc,phases     ] GC(1160)   Pre Evacuate Collection Set: 0,2ms
[2023-11-08T19:02:28.227+0100][gc,phases     ] GC(1160)   Evacuate Collection Set: 3,4ms
[2023-11-08T19:02:28.227+0100][gc,phases     ] GC(1160)   Post Evacuate Collection Set: 0,6ms
[2023-11-08T19:02:28.227+0100][gc,phases     ] GC(1160)   Other: 0,2ms
[2023-11-08T19:02:28.227+0100][gc,heap       ] GC(1160) Eden regions: 591->0(604)
[2023-11-08T19:02:28.227+0100][gc,heap       ] GC(1160) Survivor regions: 4->6(75)
[2023-11-08T19:02:28.227+0100][gc,heap       ] GC(1160) Old regions: 102->102
[2023-11-08T19:02:28.227+0100][gc,heap       ] GC(1160) Humongous regions: 129->129
[2023-11-08T19:02:28.227+0100][gc,metaspace  ] GC(1160) Metaspace: 48289K(52224K)->48289K(52224K) NonClass: 42313K(44544K)->42313K(44544K) Class: 5975K(7680K)->5975K(7680K)
[2023-11-08T19:02:28.227+0100][gc            ] GC(1160) Pause Young (Concurrent Start) (G1 Evacuation Pause) 823M->234M(1024M) 4,495ms
[2023-11-08T19:02:28.227+0100][gc,cpu        ] GC(1160) User=0,02s Sys=0,02s Real=0,00s
[2023-11-08T19:02:28.227+0100][gc            ] GC(1161) Concurrent Cycle
[2023-11-08T19:02:28.227+0100][gc,marking    ] GC(1161) Concurrent Clear Claimed Marks
[2023-11-08T19:02:28.228+0100][gc,marking    ] GC(1161) Concurrent Clear Claimed Marks 0,089ms
[2023-11-08T19:02:28.228+0100][gc,marking    ] GC(1161) Concurrent Scan Root Regions
[2023-11-08T19:02:28.231+0100][gc,marking    ] GC(1161) Concurrent Scan Root Regions 3,280ms
[2023-11-08T19:02:28.231+0100][gc,marking    ] GC(1161) Concurrent Mark (6419,839s)
[2023-11-08T19:02:28.231+0100][gc,marking    ] GC(1161) Concurrent Mark From Roots
[2023-11-08T19:02:28.231+0100][gc,task       ] GC(1161) Using 3 workers of 3 for marking
[2023-11-08T19:02:28.250+0100][gc,marking    ] GC(1161) Concurrent Mark From Roots 18,794ms
[2023-11-08T19:02:28.250+0100][gc,marking    ] GC(1161) Concurrent Preclean
[2023-11-08T19:02:28.250+0100][gc,marking    ] GC(1161) Concurrent Preclean 0,286ms
[2023-11-08T19:02:28.250+0100][gc,marking    ] GC(1161) Concurrent Mark (6419,839s, 6419,859s) 19,148ms
[2023-11-08T19:02:28.250+0100][gc,start      ] GC(1161) Pause Remark
[2023-11-08T19:02:28.254+0100][gc,stringtable] GC(1161) Cleaned string and symbol table, strings: 18405 processed, 0 removed, symbols: 94795 processed, 0 removed
[2023-11-08T19:02:28.254+0100][gc            ] GC(1161) Pause Remark 240M->239M(1024M) 3,707ms
[2023-11-08T19:02:28.254+0100][gc,cpu        ] GC(1161) User=0,02s Sys=0,02s Real=0,00s
[2023-11-08T19:02:28.254+0100][gc,marking    ] GC(1161) Concurrent Rebuild Remembered Sets
[2023-11-08T19:02:28.268+0100][gc,marking    ] GC(1161) Concurrent Rebuild Remembered Sets 13,599ms
[2023-11-08T19:02:28.268+0100][gc,start      ] GC(1161) Pause Cleanup
[2023-11-08T19:02:28.268+0100][gc            ] GC(1161) Pause Cleanup 245M->245M(1024M) 0,163ms
[2023-11-08T19:02:28.268+0100][gc,cpu        ] GC(1161) User=0,00s Sys=0,00s Real=0,00s
[2023-11-08T19:02:28.268+0100][gc,marking    ] GC(1161) Concurrent Cleanup for Next Mark
[2023-11-08T19:02:28.270+0100][gc,marking    ] GC(1161) Concurrent Cleanup for Next Mark 1,702ms
[2023-11-08T19:02:28.270+0100][gc            ] GC(1161) Concurrent Cycle 42,367ms
[2023-11-08T19:02:28.539+0100][gc,start      ] GC(1162) Pause Young (Prepare Mixed) (G1 Evacuation Pause)
[2023-11-08T19:02:28.539+0100][gc,task       ] GC(1162) Using 13 workers of 13 for evacuation
[2023-11-08T19:02:28.543+0100][gc,phases     ] GC(1162)   Pre Evacuate Collection Set: 0,0ms
[2023-11-08T19:02:28.543+0100][gc,phases     ] GC(1162)   Evacuate Collection Set: 3,7ms
[2023-11-08T19:02:28.543+0100][gc,phases     ] GC(1162)   Post Evacuate Collection Set: 0,5ms
[2023-11-08T19:02:28.543+0100][gc,phases     ] GC(1162)   Other: 0,3ms
[2023-11-08T19:02:28.543+0100][gc,heap       ] GC(1162) Eden regions: 105->0(45)
[2023-11-08T19:02:28.543+0100][gc,heap       ] GC(1162) Survivor regions: 6->6(14)
[2023-11-08T19:02:28.543+0100][gc,heap       ] GC(1162) Old regions: 101->101
[2023-11-08T19:02:28.543+0100][gc,heap       ] GC(1162) Humongous regions: 129->129
[2023-11-08T19:02:28.543+0100][gc,metaspace  ] GC(1162) Metaspace: 48289K(52224K)->48289K(52224K) NonClass: 42313K(44544K)->42313K(44544K) Class: 5975K(7680K)->5975K(7680K)
[2023-11-08T19:02:28.543+0100][gc            ] GC(1162) Pause Young (Prepare Mixed) (G1 Evacuation Pause) 338M->233M(1024M) 4,722ms
[2023-11-08T19:02:28.543+0100][gc,cpu        ] GC(1162) User=0,02s Sys=0,02s Real=0,01s
[2023-11-08T19:02:28.666+0100][gc,start      ] GC(1163) Pause Young (Mixed) (G1 Evacuation Pause)
[2023-11-08T19:02:28.666+0100][gc,task       ] GC(1163) Using 13 workers of 13 for evacuation
[2023-11-08T19:02:28.670+0100][gc,phases     ] GC(1163)   Pre Evacuate Collection Set: 0,1ms
[2023-11-08T19:02:28.670+0100][gc,phases     ] GC(1163)   Evacuate Collection Set: 3,4ms
[2023-11-08T19:02:28.670+0100][gc,phases     ] GC(1163)   Post Evacuate Collection Set: 0,4ms
[2023-11-08T19:02:28.670+0100][gc,phases     ] GC(1163)   Other: 0,2ms
[2023-11-08T19:02:28.670+0100][gc,heap       ] GC(1163) Eden regions: 45->0(611)
[2023-11-08T19:02:28.670+0100][gc,heap       ] GC(1163) Survivor regions: 6->3(7)
[2023-11-08T19:02:28.670+0100][gc,heap       ] GC(1163) Old regions: 101->82
[2023-11-08T19:02:28.670+0100][gc,heap       ] GC(1163) Humongous regions: 129->129
[2023-11-08T19:02:28.670+0100][gc,metaspace  ] GC(1163) Metaspace: 48289K(52224K)->48289K(52224K) NonClass: 42313K(44544K)->42313K(44544K) Class: 5975K(7680K)->5975K(7680K)
[2023-11-08T19:02:28.670+0100][gc            ] GC(1163) Pause Young (Mixed) (G1 Evacuation Pause) 278M->212M(1024M) 4,180ms
[2023-11-08T19:02:28.670+0100][gc,cpu        ] GC(1163) User=0,04s Sys=0,00s Real=0,00s
[2023-11-08T19:02:30.370+0100][gc,start      ] GC(1164) Pause Young (Normal) (G1 Evacuation Pause)
[2023-11-08T19:02:30.370+0100][gc,task       ] GC(1164) Using 13 workers of 13 for evacuation
[2023-11-08T19:02:30.373+0100][gc,phases     ] GC(1164)   Pre Evacuate Collection Set: 0,0ms
[2023-11-08T19:02:30.373+0100][gc,phases     ] GC(1164)   Evacuate Collection Set: 2,4ms
[2023-11-08T19:02:30.373+0100][gc,phases     ] GC(1164)   Post Evacuate Collection Set: 0,6ms
[2023-11-08T19:02:30.373+0100][gc,phases     ] GC(1164)   Other: 0,2ms
[2023-11-08T19:02:30.373+0100][gc,heap       ] GC(1164) Eden regions: 611->0(609)
[2023-11-08T19:02:30.373+0100][gc,heap       ] GC(1164) Survivor regions: 3->5(77)
[2023-11-08T19:02:30.373+0100][gc,heap       ] GC(1164) Old regions: 82->82
[2023-11-08T19:02:30.373+0100][gc,heap       ] GC(1164) Humongous regions: 129->129
[2023-11-08T19:02:30.373+0100][gc,metaspace  ] GC(1164) Metaspace: 48289K(52224K)->48289K(52224K) NonClass: 42313K(44544K)->42313K(44544K) Class: 5975K(7680K)->5975K(7680K)
[2023-11-08T19:02:30.373+0100][gc            ] GC(1164) Pause Young (Normal) (G1 Evacuation Pause) 823M->213M(1024M) 3,362ms
[2023-11-08T19:02:30.373+0100][gc,cpu        ] GC(1164) User=0,03s Sys=0,00s Real=0,00s
[2023-11-08T19:02:32.051+0100][gc,start      ] GC(1165) Pause Young (Normal) (G1 Evacuation Pause)
[2023-11-08T19:02:32.051+0100][gc,task       ] GC(1165) Using 13 workers of 13 for evacuation
[2023-11-08T19:02:32.055+0100][gc,phases     ] GC(1165)   Pre Evacuate Collection Set: 0,0ms
[2023-11-08T19:02:32.055+0100][gc,phases     ] GC(1165)   Evacuate Collection Set: 2,7ms
[2023-11-08T19:02:32.055+0100][gc,phases     ] GC(1165)   Post Evacuate Collection Set: 0,6ms
[2023-11-08T19:02:32.055+0100][gc,phases     ] GC(1165)   Other: 0,2ms
[2023-11-08T19:02:32.055+0100][gc,heap       ] GC(1165) Eden regions: 609->0(607)
[2023-11-08T19:02:32.055+0100][gc,heap       ] GC(1165) Survivor regions: 5->7(77)
[2023-11-08T19:02:32.055+0100][gc,heap       ] GC(1165) Old regions: 82->82
[2023-11-08T19:02:32.055+0100][gc,heap       ] GC(1165) Humongous regions: 129->129
[2023-11-08T19:02:32.055+0100][gc,metaspace  ] GC(1165) Metaspace: 48289K(52224K)->48289K(52224K) NonClass: 42313K(44544K)->42313K(44544K) Class: 5975K(7680K)->5975K(7680K)
[2023-11-08T19:02:32.055+0100][gc            ] GC(1165) Pause Young (Normal) (G1 Evacuation Pause) 822M->216M(1024M) 3,575ms
[2023-11-08T19:02:32.055+0100][gc,cpu        ] GC(1165) User=0,02s Sys=0,02s Real=0,01s
[2023-11-08T19:02:33.720+0100][gc,start      ] GC(1166) Pause Young (Concurrent Start) (G1 Evacuation Pause)
[2023-11-08T19:02:33.720+0100][gc,task       ] GC(1166) Using 13 workers of 13 for evacuation
[2023-11-08T19:02:33.725+0100][gc,phases     ] GC(1166)   Pre Evacuate Collection Set: 0,2ms
[2023-11-08T19:02:33.725+0100][gc,phases     ] GC(1166)   Evacuate Collection Set: 3,7ms
[2023-11-08T19:02:33.725+0100][gc,phases     ] GC(1166)   Post Evacuate Collection Set: 0,6ms
[2023-11-08T19:02:33.725+0100][gc,phases     ] GC(1166)   Other: 0,2ms
[2023-11-08T19:02:33.725+0100][gc,heap       ] GC(1166) Eden regions: 607->0(606)
[2023-11-08T19:02:33.725+0100][gc,heap       ] GC(1166) Survivor regions: 7->8(77)
[2023-11-08T19:02:33.725+0100][gc,heap       ] GC(1166) Old regions: 82->82
[2023-11-08T19:02:33.725+0100][gc,heap       ] GC(1166) Humongous regions: 129->129
[2023-11-08T19:02:33.725+0100][gc,metaspace  ] GC(1166) Metaspace: 48289K(52224K)->48289K(52224K) NonClass: 42313K(44544K)->42313K(44544K) Class: 5975K(7680K)->5975K(7680K)
[2023-11-08T19:02:33.725+0100][gc            ] GC(1166) Pause Young (Concurrent Start) (G1 Evacuation Pause) 823M->217M(1024M) 4,869ms
[2023-11-08T19:02:33.725+0100][gc,cpu        ] GC(1166) User=0,05s Sys=0,00s Real=0,01s
[2023-11-08T19:02:33.725+0100][gc            ] GC(1167) Concurrent Cycle
[2023-11-08T19:02:33.725+0100][gc,marking    ] GC(1167) Concurrent Clear Claimed Marks
[2023-11-08T19:02:33.725+0100][gc,marking    ] GC(1167) Concurrent Clear Claimed Marks 0,366ms
[2023-11-08T19:02:33.725+0100][gc,marking    ] GC(1167) Concurrent Scan Root Regions
[2023-11-08T19:02:33.728+0100][gc,marking    ] GC(1167) Concurrent Scan Root Regions 2,692ms
[2023-11-08T19:02:33.728+0100][gc,marking    ] GC(1167) Concurrent Mark (6425,337s)
[2023-11-08T19:02:33.728+0100][gc,marking    ] GC(1167) Concurrent Mark From Roots
[2023-11-08T19:02:33.728+0100][gc,task       ] GC(1167) Using 3 workers of 3 for marking
[2023-11-08T19:02:33.747+0100][gc,marking    ] GC(1167) Concurrent Mark From Roots 18,920ms
[2023-11-08T19:02:33.747+0100][gc,marking    ] GC(1167) Concurrent Preclean
[2023-11-08T19:02:33.747+0100][gc,marking    ] GC(1167) Concurrent Preclean 0,227ms
[2023-11-08T19:02:33.747+0100][gc,marking    ] GC(1167) Concurrent Mark (6425,337s, 6425,356s) 19,222ms
[2023-11-08T19:02:33.748+0100][gc,start      ] GC(1167) Pause Remark
[2023-11-08T19:02:33.751+0100][gc,stringtable] GC(1167) Cleaned string and symbol table, strings: 18405 processed, 0 removed, symbols: 94795 processed, 0 removed
[2023-11-08T19:02:33.751+0100][gc            ] GC(1167) Pause Remark 228M->228M(1024M) 3,447ms
[2023-11-08T19:02:33.751+0100][gc,cpu        ] GC(1167) User=0,03s Sys=0,00s Real=0,00s
[2023-11-08T19:02:33.751+0100][gc,marking    ] GC(1167) Concurrent Rebuild Remembered Sets
[2023-11-08T19:02:33.763+0100][gc,marking    ] GC(1167) Concurrent Rebuild Remembered Sets 11,950ms
[2023-11-08T19:02:33.763+0100][gc,start      ] GC(1167) Pause Cleanup
[2023-11-08T19:02:33.763+0100][gc            ] GC(1167) Pause Cleanup 233M->233M(1024M) 0,161ms
[2023-11-08T19:02:33.763+0100][gc,cpu        ] GC(1167) User=0,00s Sys=0,00s Real=0,00s
[2023-11-08T19:02:33.763+0100][gc,marking    ] GC(1167) Concurrent Cleanup for Next Mark
[2023-11-08T19:02:33.765+0100][gc,marking    ] GC(1167) Concurrent Cleanup for Next Mark 1,822ms
[2023-11-08T19:02:33.765+0100][gc            ] GC(1167) Concurrent Cycle 40,259ms
[2023-11-08T19:02:33.940+0100][gc,start      ] GC(1168) Pause Young (Prepare Mixed) (G1 Evacuation Pause)
[2023-11-08T19:02:33.940+0100][gc,task       ] GC(1168) Using 13 workers of 13 for evacuation
[2023-11-08T19:02:33.946+0100][gc,phases     ] GC(1168)   Pre Evacuate Collection Set: 0,0ms
[2023-11-08T19:02:33.946+0100][gc,phases     ] GC(1168)   Evacuate Collection Set: 5,7ms
[2023-11-08T19:02:33.946+0100][gc,phases     ] GC(1168)   Post Evacuate Collection Set: 0,4ms
[2023-11-08T19:02:33.946+0100][gc,phases     ] GC(1168)   Other: 0,2ms
[2023-11-08T19:02:33.946+0100][gc,heap       ] GC(1168) Eden regions: 81->0(44)
[2023-11-08T19:02:33.946+0100][gc,heap       ] GC(1168) Survivor regions: 8->7(12)
[2023-11-08T19:02:33.946+0100][gc,heap       ] GC(1168) Old regions: 82->84
[2023-11-08T19:02:33.946+0100][gc,heap       ] GC(1168) Humongous regions: 129->129
[2023-11-08T19:02:33.946+0100][gc,metaspace  ] GC(1168) Metaspace: 48289K(52224K)->48289K(52224K) NonClass: 42313K(44544K)->42313K(44544K) Class: 5975K(7680K)->5975K(7680K)
[2023-11-08T19:02:33.946+0100][gc            ] GC(1168) Pause Young (Prepare Mixed) (G1 Evacuation Pause) 298M->218M(1024M) 6,434ms
[2023-11-08T19:02:33.946+0100][gc,cpu        ] GC(1168) User=0,05s Sys=0,01s Real=0,01s
[2023-11-08T19:02:34.073+0100][gc,start      ] GC(1169) Pause Young (Mixed) (G1 Evacuation Pause)
[2023-11-08T19:02:34.073+0100][gc,task       ] GC(1169) Using 13 workers of 13 for evacuation
[2023-11-08T19:02:34.077+0100][gc,phases     ] GC(1169)   Pre Evacuate Collection Set: 0,0ms
[2023-11-08T19:02:34.077+0100][gc,phases     ] GC(1169)   Evacuate Collection Set: 3,1ms
[2023-11-08T19:02:34.077+0100][gc,phases     ] GC(1169)   Post Evacuate Collection Set: 0,4ms
[2023-11-08T19:02:34.077+0100][gc,phases     ] GC(1169)   Other: 0,2ms
[2023-11-08T19:02:34.077+0100][gc,heap       ] GC(1169) Eden regions: 44->0(245)
[2023-11-08T19:02:34.077+0100][gc,heap       ] GC(1169) Survivor regions: 7->3(7)
[2023-11-08T19:02:34.077+0100][gc,heap       ] GC(1169) Old regions: 84->88
[2023-11-08T19:02:34.077+0100][gc,heap       ] GC(1169) Humongous regions: 129->129
[2023-11-08T19:02:34.077+0100][gc,metaspace  ] GC(1169) Metaspace: 48289K(52224K)->48289K(52224K) NonClass: 42313K(44544K)->42313K(44544K) Class: 5975K(7680K)->5975K(7680K)
[2023-11-08T19:02:34.077+0100][gc            ] GC(1169) Pause Young (Mixed) (G1 Evacuation Pause) 262M->217M(1024M) 3,923ms
[2023-11-08T19:02:34.077+0100][gc,cpu        ] GC(1169) User=0,03s Sys=0,00s Real=0,01s
[2023-11-08T19:02:34.779+0100][gc,start      ] GC(1170) Pause Young (Normal) (G1 Evacuation Pause)
[2023-11-08T19:02:34.779+0100][gc,task       ] GC(1170) Using 13 workers of 13 for evacuation
[2023-11-08T19:02:34.782+0100][gc,phases     ] GC(1170)   Pre Evacuate Collection Set: 0,0ms
[2023-11-08T19:02:34.782+0100][gc,phases     ] GC(1170)   Evacuate Collection Set: 2,0ms
[2023-11-08T19:02:34.782+0100][gc,phases     ] GC(1170)   Post Evacuate Collection Set: 0,4ms
[2023-11-08T19:02:34.782+0100][gc,phases     ] GC(1170)   Other: 0,2ms
[2023-11-08T19:02:34.782+0100][gc,heap       ] GC(1170) Eden regions: 245->0(289)
[2023-11-08T19:02:34.782+0100][gc,heap       ] GC(1170) Survivor regions: 3->3(31)
[2023-11-08T19:02:34.782+0100][gc,heap       ] GC(1170) Old regions: 88->88
[2023-11-08T19:02:34.782+0100][gc,heap       ] GC(1170) Humongous regions: 129->129
[2023-11-08T19:02:34.782+0100][gc,metaspace  ] GC(1170) Metaspace: 48289K(52224K)->48289K(52224K) NonClass: 42313K(44544K)->42313K(44544K) Class: 5975K(7680K)->5975K(7680K)
[2023-11-08T19:02:34.782+0100][gc            ] GC(1170) Pause Young (Normal) (G1 Evacuation Pause) 462M->217M(1024M) 2,700ms
[2023-11-08T19:02:34.782+0100][gc,cpu        ] GC(1170) User=0,01s Sys=0,02s Real=0,00s
[2023-11-08T19:02:35.579+0100][gc,start      ] GC(1171) Pause Young (Normal) (G1 Evacuation Pause)
[2023-11-08T19:02:35.579+0100][gc,task       ] GC(1171) Using 13 workers of 13 for evacuation
[2023-11-08T19:02:35.582+0100][gc,phases     ] GC(1171)   Pre Evacuate Collection Set: 0,0ms
[2023-11-08T19:02:35.582+0100][gc,phases     ] GC(1171)   Evacuate Collection Set: 1,7ms
[2023-11-08T19:02:35.582+0100][gc,phases     ] GC(1171)   Post Evacuate Collection Set: 0,6ms
[2023-11-08T19:02:35.582+0100][gc,phases     ] GC(1171)   Other: 0,2ms
[2023-11-08T19:02:35.582+0100][gc,heap       ] GC(1171) Eden regions: 289->0(351)
[2023-11-08T19:02:35.582+0100][gc,heap       ] GC(1171) Survivor regions: 3->4(37)
[2023-11-08T19:02:35.582+0100][gc,heap       ] GC(1171) Old regions: 88->88
[2023-11-08T19:02:35.582+0100][gc,heap       ] GC(1171) Humongous regions: 129->129
[2023-11-08T19:02:35.582+0100][gc,metaspace  ] GC(1171) Metaspace: 48289K(52224K)->48289K(52224K) NonClass: 42313K(44544K)->42313K(44544K) Class: 5975K(7680K)->5975K(7680K)
[2023-11-08T19:02:35.582+0100][gc            ] GC(1171) Pause Young (Normal) (G1 Evacuation Pause) 506M->218M(1024M) 2,692ms
[2023-11-08T19:02:35.582+0100][gc,cpu        ] GC(1171) User=0,01s Sys=0,01s Real=0,00s
[2023-11-08T19:02:36.540+0100][gc,start      ] GC(1172) Pause Young (Normal) (G1 Evacuation Pause)
[2023-11-08T19:02:36.540+0100][gc,task       ] GC(1172) Using 13 workers of 13 for evacuation
[2023-11-08T19:02:36.543+0100][gc,phases     ] GC(1172)   Pre Evacuate Collection Set: 0,0ms
[2023-11-08T19:02:36.543+0100][gc,phases     ] GC(1172)   Evacuate Collection Set: 2,4ms
[2023-11-08T19:02:36.543+0100][gc,phases     ] GC(1172)   Post Evacuate Collection Set: 0,6ms
[2023-11-08T19:02:36.543+0100][gc,phases     ] GC(1172)   Other: 0,2ms
[2023-11-08T19:02:36.543+0100][gc,heap       ] GC(1172) Eden regions: 351->0(399)
[2023-11-08T19:02:36.543+0100][gc,heap       ] GC(1172) Survivor regions: 4->5(45)
[2023-11-08T19:02:36.543+0100][gc,heap       ] GC(1172) Old regions: 88->88
[2023-11-08T19:02:36.543+0100][gc,heap       ] GC(1172) Humongous regions: 129->129
[2023-11-08T19:02:36.543+0100][gc,metaspace  ] GC(1172) Metaspace: 48289K(52224K)->48289K(52224K) NonClass: 42313K(44544K)->42313K(44544K) Class: 5975K(7680K)->5975K(7680K)
[2023-11-08T19:02:36.543+0100][gc            ] GC(1172) Pause Young (Normal) (G1 Evacuation Pause) 569M->219M(1024M) 3,362ms
[2023-11-08T19:02:36.543+0100][gc,cpu        ] GC(1172) User=0,02s Sys=0,02s Real=0,01s
[2023-11-08T19:02:37.669+0100][gc,start      ] GC(1173) Pause Young (Normal) (G1 Evacuation Pause)
[2023-11-08T19:02:37.669+0100][gc,task       ] GC(1173) Using 13 workers of 13 for evacuation
[2023-11-08T19:02:37.672+0100][gc,phases     ] GC(1173)   Pre Evacuate Collection Set: 0,0ms
[2023-11-08T19:02:37.672+0100][gc,phases     ] GC(1173)   Evacuate Collection Set: 2,8ms
[2023-11-08T19:02:37.672+0100][gc,phases     ] GC(1173)   Post Evacuate Collection Set: 0,5ms
[2023-11-08T19:02:37.672+0100][gc,phases     ] GC(1173)   Other: 0,2ms
[2023-11-08T19:02:37.672+0100][gc,heap       ] GC(1173) Eden regions: 399->0(444)
[2023-11-08T19:02:37.672+0100][gc,heap       ] GC(1173) Survivor regions: 5->7(51)
[2023-11-08T19:02:37.672+0100][gc,heap       ] GC(1173) Old regions: 88->88
[2023-11-08T19:02:37.672+0100][gc,heap       ] GC(1173) Humongous regions: 129->129
[2023-11-08T19:02:37.672+0100][gc,metaspace  ] GC(1173) Metaspace: 48289K(52224K)->48289K(52224K) NonClass: 42313K(44544K)->42313K(44544K) Class: 5975K(7680K)->5975K(7680K)
[2023-11-08T19:02:37.672+0100][gc            ] GC(1173) Pause Young (Normal) (G1 Evacuation Pause) 618M->220M(1024M) 3,672ms
[2023-11-08T19:02:37.672+0100][gc,cpu        ] GC(1173) User=0,04s Sys=0,00s Real=0,00s
[2023-11-08T19:02:38.889+0100][gc,start      ] GC(1174) Pause Young (Normal) (G1 Evacuation Pause)
[2023-11-08T19:02:38.889+0100][gc,task       ] GC(1174) Using 13 workers of 13 for evacuation
[2023-11-08T19:02:38.893+0100][gc,phases     ] GC(1174)   Pre Evacuate Collection Set: 0,0ms
[2023-11-08T19:02:38.893+0100][gc,phases     ] GC(1174)   Evacuate Collection Set: 3,4ms
[2023-11-08T19:02:38.893+0100][gc,phases     ] GC(1174)   Post Evacuate Collection Set: 0,5ms
[2023-11-08T19:02:38.893+0100][gc,phases     ] GC(1174)   Other: 0,2ms
[2023-11-08T19:02:38.893+0100][gc,heap       ] GC(1174) Eden regions: 444->0(505)
[2023-11-08T19:02:38.893+0100][gc,heap       ] GC(1174) Survivor regions: 7->8(57)
[2023-11-08T19:02:38.893+0100][gc,heap       ] GC(1174) Old regions: 88->88
[2023-11-08T19:02:38.893+0100][gc,heap       ] GC(1174) Humongous regions: 129->129
[2023-11-08T19:02:38.893+0100][gc,metaspace  ] GC(1174) Metaspace: 48289K(52224K)->48289K(52224K) NonClass: 42313K(44544K)->42313K(44544K) Class: 5975K(7680K)->5975K(7680K)
[2023-11-08T19:02:38.893+0100][gc            ] GC(1174) Pause Young (Normal) (G1 Evacuation Pause) 664M->222M(1024M) 4,226ms
[2023-11-08T19:02:38.893+0100][gc,cpu        ] GC(1174) User=0,04s Sys=0,00s Real=0,00s
[2023-11-08T19:02:40.271+0100][gc,start      ] GC(1175) Pause Young (Normal) (G1 Evacuation Pause)
[2023-11-08T19:02:40.271+0100][gc,task       ] GC(1175) Using 13 workers of 13 for evacuation
[2023-11-08T19:02:40.276+0100][gc,phases     ] GC(1175)   Pre Evacuate Collection Set: 0,0ms
[2023-11-08T19:02:40.276+0100][gc,phases     ] GC(1175)   Evacuate Collection Set: 3,7ms
[2023-11-08T19:02:40.276+0100][gc,phases     ] GC(1175)   Post Evacuate Collection Set: 0,5ms
[2023-11-08T19:02:40.276+0100][gc,phases     ] GC(1175)   Other: 0,2ms
[2023-11-08T19:02:40.276+0100][gc,heap       ] GC(1175) Eden regions: 505->0(542)
[2023-11-08T19:02:40.276+0100][gc,heap       ] GC(1175) Survivor regions: 8->9(65)
[2023-11-08T19:02:40.276+0100][gc,heap       ] GC(1175) Old regions: 88->88
[2023-11-08T19:02:40.276+0100][gc,heap       ] GC(1175) Humongous regions: 129->129
[2023-11-08T19:02:40.276+0100][gc,metaspace  ] GC(1175) Metaspace: 48289K(52224K)->48289K(52224K) NonClass: 42313K(44544K)->42313K(44544K) Class: 5975K(7680K)->5975K(7680K)
[2023-11-08T19:02:40.276+0100][gc            ] GC(1175) Pause Young (Normal) (G1 Evacuation Pause) 727M->223M(1024M) 4,540ms
[2023-11-08T19:02:40.276+0100][gc,cpu        ] GC(1175) User=0,01s Sys=0,04s Real=0,01s
[2023-11-08T19:02:41.786+0100][gc,start      ] GC(1176) Pause Young (Normal) (G1 Evacuation Pause)
[2023-11-08T19:02:41.786+0100][gc,task       ] GC(1176) Using 13 workers of 13 for evacuation
[2023-11-08T19:02:41.791+0100][gc,phases     ] GC(1176)   Pre Evacuate Collection Set: 0,0ms
[2023-11-08T19:02:41.791+0100][gc,phases     ] GC(1176)   Evacuate Collection Set: 4,3ms
[2023-11-08T19:02:41.791+0100][gc,phases     ] GC(1176)   Post Evacuate Collection Set: 0,5ms
[2023-11-08T19:02:41.791+0100][gc,phases     ] GC(1176)   Other: 0,2ms
[2023-11-08T19:02:41.791+0100][gc,heap       ] GC(1176) Eden regions: 542->0(559)
[2023-11-08T19:02:41.791+0100][gc,heap       ] GC(1176) Survivor regions: 9->11(69)
[2023-11-08T19:02:41.791+0100][gc,heap       ] GC(1176) Old regions: 88->88
[2023-11-08T19:02:41.791+0100][gc,heap       ] GC(1176) Humongous regions: 129->129
[2023-11-08T19:02:41.791+0100][gc,metaspace  ] GC(1176) Metaspace: 48289K(52224K)->48289K(52224K) NonClass: 42313K(44544K)->42313K(44544K) Class: 5975K(7680K)->5975K(7680K)
[2023-11-08T19:02:41.791+0100][gc            ] GC(1176) Pause Young (Normal) (G1 Evacuation Pause) 765M->225M(1024M) 5,156ms
[2023-11-08T19:02:41.792+0100][gc,cpu        ] GC(1176) User=0,05s Sys=0,00s Real=0,00s
[2023-11-08T19:02:43.327+0100][gc,start      ] GC(1177) Pause Young (Normal) (G1 Evacuation Pause)
[2023-11-08T19:02:43.327+0100][gc,task       ] GC(1177) Using 13 workers of 13 for evacuation
[2023-11-08T19:02:43.332+0100][gc,phases     ] GC(1177)   Pre Evacuate Collection Set: 0,0ms
[2023-11-08T19:02:43.332+0100][gc,phases     ] GC(1177)   Evacuate Collection Set: 4,6ms
[2023-11-08T19:02:43.332+0100][gc,phases     ] GC(1177)   Post Evacuate Collection Set: 0,5ms
[2023-11-08T19:02:43.332+0100][gc,phases     ] GC(1177)   Other: 0,2ms
[2023-11-08T19:02:43.332+0100][gc,heap       ] GC(1177) Eden regions: 559->0(575)
[2023-11-08T19:02:43.332+0100][gc,heap       ] GC(1177) Survivor regions: 11->13(72)
[2023-11-08T19:02:43.332+0100][gc,heap       ] GC(1177) Old regions: 88->88
[2023-11-08T19:02:43.332+0100][gc,heap       ] GC(1177) Humongous regions: 129->129
[2023-11-08T19:02:43.332+0100][gc,metaspace  ] GC(1177) Metaspace: 48289K(52224K)->48289K(52224K) NonClass: 42313K(44544K)->42313K(44544K) Class: 5975K(7680K)->5975K(7680K)
[2023-11-08T19:02:43.332+0100][gc            ] GC(1177) Pause Young (Normal) (G1 Evacuation Pause) 784M->227M(1024M) 5,423ms
[2023-11-08T19:02:43.332+0100][gc,cpu        ] GC(1177) User=0,05s Sys=0,00s Real=0,00s
[2023-11-08T19:02:44.896+0100][gc,start      ] GC(1178) Pause Young (Concurrent Start) (G1 Evacuation Pause)
[2023-11-08T19:02:44.896+0100][gc,task       ] GC(1178) Using 13 workers of 13 for evacuation
[2023-11-08T19:02:44.902+0100][gc,phases     ] GC(1178)   Pre Evacuate Collection Set: 0,2ms
[2023-11-08T19:02:44.902+0100][gc,phases     ] GC(1178)   Evacuate Collection Set: 5,6ms
[2023-11-08T19:02:44.902+0100][gc,phases     ] GC(1178)   Post Evacuate Collection Set: 0,6ms
[2023-11-08T19:02:44.902+0100][gc,phases     ] GC(1178)   Other: 0,2ms
[2023-11-08T19:02:44.902+0100][gc,heap       ] GC(1178) Eden regions: 575->0(588)
[2023-11-08T19:02:44.902+0100][gc,heap       ] GC(1178) Survivor regions: 13->15(74)
[2023-11-08T19:02:44.902+0100][gc,heap       ] GC(1178) Old regions: 88->88
[2023-11-08T19:02:44.902+0100][gc,heap       ] GC(1178) Humongous regions: 129->129
[2023-11-08T19:02:44.902+0100][gc,metaspace  ] GC(1178) Metaspace: 48289K(52224K)->48289K(52224K) NonClass: 42313K(44544K)->42313K(44544K) Class: 5975K(7680K)->5975K(7680K)
[2023-11-08T19:02:44.902+0100][gc            ] GC(1178) Pause Young (Concurrent Start) (G1 Evacuation Pause) 802M->229M(1024M) 6,659ms
[2023-11-08T19:02:44.902+0100][gc,cpu        ] GC(1178) User=0,07s Sys=0,01s Real=0,00s
[2023-11-08T19:02:44.902+0100][gc            ] GC(1179) Concurrent Cycle
[2023-11-08T19:02:44.902+0100][gc,marking    ] GC(1179) Concurrent Clear Claimed Marks
[2023-11-08T19:02:44.903+0100][gc,marking    ] GC(1179) Concurrent Clear Claimed Marks 0,352ms
[2023-11-08T19:02:44.903+0100][gc,marking    ] GC(1179) Concurrent Scan Root Regions
[2023-11-08T19:02:44.906+0100][gc,marking    ] GC(1179) Concurrent Scan Root Regions 3,211ms
[2023-11-08T19:02:44.906+0100][gc,marking    ] GC(1179) Concurrent Mark (6436,515s)
[2023-11-08T19:02:44.906+0100][gc,marking    ] GC(1179) Concurrent Mark From Roots
[2023-11-08T19:02:44.906+0100][gc,task       ] GC(1179) Using 3 workers of 3 for marking
[2023-11-08T19:02:44.931+0100][gc,marking    ] GC(1179) Concurrent Mark From Roots 24,482ms
[2023-11-08T19:02:44.931+0100][gc,marking    ] GC(1179) Concurrent Preclean
[2023-11-08T19:02:44.931+0100][gc,marking    ] GC(1179) Concurrent Preclean 0,244ms
[2023-11-08T19:02:44.931+0100][gc,marking    ] GC(1179) Concurrent Mark (6436,515s, 6436,539s) 24,786ms
[2023-11-08T19:02:44.931+0100][gc,start      ] GC(1179) Pause Remark
[2023-11-08T19:02:44.934+0100][gc,stringtable] GC(1179) Cleaned string and symbol table, strings: 18405 processed, 0 removed, symbols: 94795 processed, 0 removed
[2023-11-08T19:02:44.934+0100][gc            ] GC(1179) Pause Remark 240M->240M(1024M) 3,144ms
[2023-11-08T19:02:44.934+0100][gc,cpu        ] GC(1179) User=0,02s Sys=0,02s Real=0,00s
[2023-11-08T19:02:44.934+0100][gc,marking    ] GC(1179) Concurrent Rebuild Remembered Sets
[2023-11-08T19:02:44.950+0100][gc,marking    ] GC(1179) Concurrent Rebuild Remembered Sets 15,430ms
[2023-11-08T19:02:44.950+0100][gc,start      ] GC(1179) Pause Cleanup
[2023-11-08T19:02:44.950+0100][gc            ] GC(1179) Pause Cleanup 247M->247M(1024M) 0,214ms
[2023-11-08T19:02:44.950+0100][gc,cpu        ] GC(1179) User=0,00s Sys=0,00s Real=0,00s
[2023-11-08T19:02:44.950+0100][gc,marking    ] GC(1179) Concurrent Cleanup for Next Mark
[2023-11-08T19:02:44.952+0100][gc,marking    ] GC(1179) Concurrent Cleanup for Next Mark 1,844ms
[2023-11-08T19:02:44.952+0100][gc            ] GC(1179) Concurrent Cycle 49,582ms
[2023-11-08T19:02:45.046+0100][gc,start      ] GC(1180) Pause Young (Normal) (G1 Evacuation Pause)
[2023-11-08T19:02:45.046+0100][gc,task       ] GC(1180) Using 13 workers of 13 for evacuation
[2023-11-08T19:02:45.054+0100][gc,phases     ] GC(1180)   Pre Evacuate Collection Set: 0,0ms
[2023-11-08T19:02:45.054+0100][gc,phases     ] GC(1180)   Evacuate Collection Set: 6,9ms
[2023-11-08T19:02:45.054+0100][gc,phases     ] GC(1180)   Post Evacuate Collection Set: 0,4ms
[2023-11-08T19:02:45.054+0100][gc,phases     ] GC(1180)   Other: 0,2ms
[2023-11-08T19:02:45.054+0100][gc,heap       ] GC(1180) Eden regions: 57->0(370)
[2023-11-08T19:02:45.054+0100][gc,heap       ] GC(1180) Survivor regions: 15->6(9)
[2023-11-08T19:02:45.054+0100][gc,heap       ] GC(1180) Old regions: 88->98
[2023-11-08T19:02:45.054+0100][gc,heap       ] GC(1180) Humongous regions: 129->129
[2023-11-08T19:02:45.054+0100][gc,metaspace  ] GC(1180) Metaspace: 48289K(52224K)->48289K(52224K) NonClass: 42313K(44544K)->42313K(44544K) Class: 5975K(7680K)->5975K(7680K)
[2023-11-08T19:02:45.054+0100][gc            ] GC(1180) Pause Young (Normal) (G1 Evacuation Pause) 286M->230M(1024M) 7,599ms
[2023-11-08T19:02:45.054+0100][gc,cpu        ] GC(1180) User=0,09s Sys=0,00s Real=0,00s
[2023-11-08T19:02:46.062+0100][gc,start      ] GC(1181) Pause Young (Concurrent Start) (G1 Evacuation Pause)
[2023-11-08T19:02:46.062+0100][gc,task       ] GC(1181) Using 13 workers of 13 for evacuation
[2023-11-08T19:02:46.066+0100][gc,phases     ] GC(1181)   Pre Evacuate Collection Set: 0,3ms
[2023-11-08T19:02:46.066+0100][gc,phases     ] GC(1181)   Evacuate Collection Set: 2,7ms
[2023-11-08T19:02:46.066+0100][gc,phases     ] GC(1181)   Post Evacuate Collection Set: 0,6ms
[2023-11-08T19:02:46.066+0100][gc,phases     ] GC(1181)   Other: 0,3ms
[2023-11-08T19:02:46.066+0100][gc,heap       ] GC(1181) Eden regions: 370->0(413)
[2023-11-08T19:02:46.066+0100][gc,heap       ] GC(1181) Survivor regions: 6->7(47)
[2023-11-08T19:02:46.066+0100][gc,heap       ] GC(1181) Old regions: 98->98
[2023-11-08T19:02:46.066+0100][gc,heap       ] GC(1181) Humongous regions: 129->129
[2023-11-08T19:02:46.066+0100][gc,metaspace  ] GC(1181) Metaspace: 48289K(52224K)->48289K(52224K) NonClass: 42313K(44544K)->42313K(44544K) Class: 5975K(7680K)->5975K(7680K)
[2023-11-08T19:02:46.066+0100][gc            ] GC(1181) Pause Young (Concurrent Start) (G1 Evacuation Pause) 600M->231M(1024M) 4,008ms
[2023-11-08T19:02:46.066+0100][gc,cpu        ] GC(1181) User=0,02s Sys=0,02s Real=0,01s
[2023-11-08T19:02:46.066+0100][gc            ] GC(1182) Concurrent Cycle
[2023-11-08T19:02:46.066+0100][gc,marking    ] GC(1182) Concurrent Clear Claimed Marks
[2023-11-08T19:02:46.067+0100][gc,marking    ] GC(1182) Concurrent Clear Claimed Marks 0,418ms
[2023-11-08T19:02:46.067+0100][gc,marking    ] GC(1182) Concurrent Scan Root Regions
[2023-11-08T19:02:46.069+0100][gc,marking    ] GC(1182) Concurrent Scan Root Regions 1,857ms
[2023-11-08T19:02:46.069+0100][gc,marking    ] GC(1182) Concurrent Mark (6437,677s)
[2023-11-08T19:02:46.069+0100][gc,marking    ] GC(1182) Concurrent Mark From Roots
[2023-11-08T19:02:46.069+0100][gc,task       ] GC(1182) Using 3 workers of 3 for marking
[2023-11-08T19:02:46.099+0100][gc,marking    ] GC(1182) Concurrent Mark From Roots 30,348ms
[2023-11-08T19:02:46.099+0100][gc,marking    ] GC(1182) Concurrent Preclean
[2023-11-08T19:02:46.099+0100][gc,marking    ] GC(1182) Concurrent Preclean 0,235ms
[2023-11-08T19:02:46.099+0100][gc,marking    ] GC(1182) Concurrent Mark (6437,677s, 6437,708s) 30,653ms
[2023-11-08T19:02:46.100+0100][gc,start      ] GC(1182) Pause Remark
[2023-11-08T19:02:46.103+0100][gc,stringtable] GC(1182) Cleaned string and symbol table, strings: 18405 processed, 0 removed, symbols: 94795 processed, 0 removed
[2023-11-08T19:02:46.103+0100][gc            ] GC(1182) Pause Remark 244M->244M(1024M) 3,629ms
[2023-11-08T19:02:46.103+0100][gc,cpu        ] GC(1182) User=0,03s Sys=0,00s Real=0,01s
[2023-11-08T19:02:46.103+0100][gc,marking    ] GC(1182) Concurrent Rebuild Remembered Sets
[2023-11-08T19:02:46.124+0100][gc,marking    ] GC(1182) Concurrent Rebuild Remembered Sets 20,229ms
[2023-11-08T19:02:46.124+0100][gc,start      ] GC(1182) Pause Cleanup
[2023-11-08T19:02:46.124+0100][gc            ] GC(1182) Pause Cleanup 250M->250M(1024M) 0,168ms
[2023-11-08T19:02:46.124+0100][gc,cpu        ] GC(1182) User=0,00s Sys=0,00s Real=0,00s
[2023-11-08T19:02:46.124+0100][gc,marking    ] GC(1182) Concurrent Cleanup for Next Mark
[2023-11-08T19:02:46.126+0100][gc,marking    ] GC(1182) Concurrent Cleanup for Next Mark 1,950ms
[2023-11-08T19:02:46.126+0100][gc            ] GC(1182) Concurrent Cycle 59,642ms
[2023-11-08T19:02:46.246+0100][gc,start      ] GC(1183) Pause Young (Prepare Mixed) (G1 Evacuation Pause)
[2023-11-08T19:02:46.246+0100][gc,task       ] GC(1183) Using 13 workers of 13 for evacuation
[2023-11-08T19:02:46.249+0100][gc,phases     ] GC(1183)   Pre Evacuate Collection Set: 0,0ms
[2023-11-08T19:02:46.249+0100][gc,phases     ] GC(1183)   Evacuate Collection Set: 2,9ms
[2023-11-08T19:02:46.249+0100][gc,phases     ] GC(1183)   Post Evacuate Collection Set: 0,4ms
[2023-11-08T19:02:46.249+0100][gc,phases     ] GC(1183)   Other: 0,2ms
[2023-11-08T19:02:46.249+0100][gc,heap       ] GC(1183) Eden regions: 62->0(46)
[2023-11-08T19:02:46.249+0100][gc,heap       ] GC(1183) Survivor regions: 7->5(9)
[2023-11-08T19:02:46.249+0100][gc,heap       ] GC(1183) Old regions: 98->100
[2023-11-08T19:02:46.249+0100][gc,heap       ] GC(1183) Humongous regions: 129->129
[2023-11-08T19:02:46.249+0100][gc,metaspace  ] GC(1183) Metaspace: 48289K(52224K)->48289K(52224K) NonClass: 42313K(44544K)->42313K(44544K) Class: 5975K(7680K)->5975K(7680K)
[2023-11-08T19:02:46.249+0100][gc            ] GC(1183) Pause Young (Prepare Mixed) (G1 Evacuation Pause) 293M->231M(1024M) 3,636ms
[2023-11-08T19:02:46.249+0100][gc,cpu        ] GC(1183) User=0,03s Sys=0,00s Real=0,00s
[2023-11-08T19:02:46.385+0100][gc,start      ] GC(1184) Pause Young (Mixed) (G1 Evacuation Pause)
[2023-11-08T19:02:46.385+0100][gc,task       ] GC(1184) Using 13 workers of 13 for evacuation
[2023-11-08T19:02:46.388+0100][gc,phases     ] GC(1184)   Pre Evacuate Collection Set: 0,0ms
[2023-11-08T19:02:46.388+0100][gc,phases     ] GC(1184)   Evacuate Collection Set: 2,3ms
[2023-11-08T19:02:46.388+0100][gc,phases     ] GC(1184)   Post Evacuate Collection Set: 0,4ms
[2023-11-08T19:02:46.388+0100][gc,phases     ] GC(1184)   Other: 0,2ms
[2023-11-08T19:02:46.388+0100][gc,heap       ] GC(1184) Eden regions: 46->0(555)
[2023-11-08T19:02:46.388+0100][gc,heap       ] GC(1184) Survivor regions: 5->3(7)
[2023-11-08T19:02:46.388+0100][gc,heap       ] GC(1184) Old regions: 100->101
[2023-11-08T19:02:46.388+0100][gc,heap       ] GC(1184) Humongous regions: 129->129
[2023-11-08T19:02:46.388+0100][gc,metaspace  ] GC(1184) Metaspace: 48289K(52224K)->48289K(52224K) NonClass: 42313K(44544K)->42313K(44544K) Class: 5975K(7680K)->5975K(7680K)
[2023-11-08T19:02:46.388+0100][gc            ] GC(1184) Pause Young (Mixed) (G1 Evacuation Pause) 277M->230M(1024M) 3,052ms
[2023-11-08T19:02:46.388+0100][gc,cpu        ] GC(1184) User=0,02s Sys=0,00s Real=0,00s
[2023-11-08T19:02:47.927+0100][gc,start      ] GC(1185) Pause Young (Normal) (G1 Evacuation Pause)
[2023-11-08T19:02:47.927+0100][gc,task       ] GC(1185) Using 13 workers of 13 for evacuation
[2023-11-08T19:02:47.930+0100][gc,phases     ] GC(1185)   Pre Evacuate Collection Set: 0,0ms
[2023-11-08T19:02:47.930+0100][gc,phases     ] GC(1185)   Evacuate Collection Set: 2,1ms
[2023-11-08T19:02:47.930+0100][gc,phases     ] GC(1185)   Post Evacuate Collection Set: 0,6ms
[2023-11-08T19:02:47.930+0100][gc,phases     ] GC(1185)   Other: 0,2ms
[2023-11-08T19:02:47.930+0100][gc,heap       ] GC(1185) Eden regions: 555->0(47)
[2023-11-08T19:02:47.930+0100][gc,heap       ] GC(1185) Survivor regions: 3->4(70)
[2023-11-08T19:02:47.930+0100][gc,heap       ] GC(1185) Old regions: 101->101
[2023-11-08T19:02:47.930+0100][gc,heap       ] GC(1185) Humongous regions: 129->129
[2023-11-08T19:02:47.930+0100][gc,metaspace  ] GC(1185) Metaspace: 48289K(52224K)->48289K(52224K) NonClass: 42313K(44544K)->42313K(44544K) Class: 5975K(7680K)->5975K(7680K)
[2023-11-08T19:02:47.930+0100][gc            ] GC(1185) Pause Young (Normal) (G1 Evacuation Pause) 785M->232M(1024M) 2,959ms
[2023-11-08T19:02:47.930+0100][gc,cpu        ] GC(1185) User=0,01s Sys=0,01s Real=0,00s
[2023-11-08T19:02:48.039+0100][gc,start      ] GC(1186) Pause Young (Normal) (G1 Evacuation Pause)
[2023-11-08T19:02:48.039+0100][gc,task       ] GC(1186) Using 13 workers of 13 for evacuation
[2023-11-08T19:02:48.041+0100][gc,phases     ] GC(1186)   Pre Evacuate Collection Set: 0,0ms
[2023-11-08T19:02:48.041+0100][gc,phases     ] GC(1186)   Evacuate Collection Set: 2,0ms
[2023-11-08T19:02:48.041+0100][gc,phases     ] GC(1186)   Post Evacuate Collection Set: 0,4ms
[2023-11-08T19:02:48.041+0100][gc,phases     ] GC(1186)   Other: 0,3ms
[2023-11-08T19:02:48.041+0100][gc,heap       ] GC(1186) Eden regions: 47->0(121)
[2023-11-08T19:02:48.041+0100][gc,heap       ] GC(1186) Survivor regions: 4->4(7)
[2023-11-08T19:02:48.041+0100][gc,heap       ] GC(1186) Old regions: 101->102
[2023-11-08T19:02:48.042+0100][gc,heap       ] GC(1186) Humongous regions: 129->129
[2023-11-08T19:02:48.042+0100][gc,metaspace  ] GC(1186) Metaspace: 48289K(52224K)->48289K(52224K) NonClass: 42313K(44544K)->42313K(44544K) Class: 5975K(7680K)->5975K(7680K)
[2023-11-08T19:02:48.042+0100][gc            ] GC(1186) Pause Young (Normal) (G1 Evacuation Pause) 279M->232M(1024M) 2,839ms
[2023-11-08T19:02:48.042+0100][gc,cpu        ] GC(1186) User=0,01s Sys=0,01s Real=0,00s
[2023-11-08T19:02:48.352+0100][gc,start      ] GC(1187) Pause Young (Normal) (G1 Evacuation Pause)
[2023-11-08T19:02:48.352+0100][gc,task       ] GC(1187) Using 13 workers of 13 for evacuation
[2023-11-08T19:02:48.356+0100][gc,phases     ] GC(1187)   Pre Evacuate Collection Set: 0,0ms
[2023-11-08T19:02:48.356+0100][gc,phases     ] GC(1187)   Evacuate Collection Set: 2,5ms
[2023-11-08T19:02:48.356+0100][gc,phases     ] GC(1187)   Post Evacuate Collection Set: 0,5ms
[2023-11-08T19:02:48.356+0100][gc,phases     ] GC(1187)   Other: 0,2ms
[2023-11-08T19:02:48.356+0100][gc,heap       ] GC(1187) Eden regions: 121->0(215)
[2023-11-08T19:02:48.356+0100][gc,heap       ] GC(1187) Survivor regions: 4->4(16)
[2023-11-08T19:02:48.356+0100][gc,heap       ] GC(1187) Old regions: 102->102
[2023-11-08T19:02:48.356+0100][gc,heap       ] GC(1187) Humongous regions: 129->129
[2023-11-08T19:02:48.356+0100][gc,metaspace  ] GC(1187) Metaspace: 48289K(52224K)->48289K(52224K) NonClass: 42313K(44544K)->42313K(44544K) Class: 5975K(7680K)->5975K(7680K)
[2023-11-08T19:02:48.356+0100][gc            ] GC(1187) Pause Young (Normal) (G1 Evacuation Pause) 353M->232M(1024M) 3,253ms
[2023-11-08T19:02:48.356+0100][gc,cpu        ] GC(1187) User=0,02s Sys=0,00s Real=0,01s
[2023-11-08T19:02:48.931+0100][gc,start      ] GC(1188) Pause Young (Normal) (G1 Evacuation Pause)
[2023-11-08T19:02:48.931+0100][gc,task       ] GC(1188) Using 13 workers of 13 for evacuation
[2023-11-08T19:02:48.934+0100][gc,phases     ] GC(1188)   Pre Evacuate Collection Set: 0,0ms
[2023-11-08T19:02:48.934+0100][gc,phases     ] GC(1188)   Evacuate Collection Set: 2,1ms
[2023-11-08T19:02:48.934+0100][gc,phases     ] GC(1188)   Post Evacuate Collection Set: 0,5ms
[2023-11-08T19:02:48.934+0100][gc,phases     ] GC(1188)   Other: 0,2ms
[2023-11-08T19:02:48.934+0100][gc,heap       ] GC(1188) Eden regions: 215->0(269)
[2023-11-08T19:02:48.934+0100][gc,heap       ] GC(1188) Survivor regions: 4->5(28)
[2023-11-08T19:02:48.934+0100][gc,heap       ] GC(1188) Old regions: 102->102
[2023-11-08T19:02:48.934+0100][gc,heap       ] GC(1188) Humongous regions: 129->129
[2023-11-08T19:02:48.934+0100][gc,metaspace  ] GC(1188) Metaspace: 48289K(52224K)->48289K(52224K) NonClass: 42313K(44544K)->42313K(44544K) Class: 5975K(7680K)->5975K(7680K)
[2023-11-08T19:02:48.934+0100][gc            ] GC(1188) Pause Young (Normal) (G1 Evacuation Pause) 447M->233M(1024M) 2,900ms
[2023-11-08T19:02:48.934+0100][gc,cpu        ] GC(1188) User=0,01s Sys=0,01s Real=0,00s
[2023-11-08T19:02:49.651+0100][gc,start      ] GC(1189) Pause Young (Normal) (G1 Evacuation Pause)
[2023-11-08T19:02:49.651+0100][gc,task       ] GC(1189) Using 13 workers of 13 for evacuation
[2023-11-08T19:02:49.655+0100][gc,phases     ] GC(1189)   Pre Evacuate Collection Set: 0,0ms
[2023-11-08T19:02:49.655+0100][gc,phases     ] GC(1189)   Evacuate Collection Set: 2,5ms
[2023-11-08T19:02:49.655+0100][gc,phases     ] GC(1189)   Post Evacuate Collection Set: 0,6ms
[2023-11-08T19:02:49.655+0100][gc,phases     ] GC(1189)   Other: 0,3ms
[2023-11-08T19:02:49.655+0100][gc,heap       ] GC(1189) Eden regions: 269->0(324)
[2023-11-08T19:02:49.655+0100][gc,heap       ] GC(1189) Survivor regions: 5->6(35)
[2023-11-08T19:02:49.655+0100][gc,heap       ] GC(1189) Old regions: 102->102
[2023-11-08T19:02:49.655+0100][gc,heap       ] GC(1189) Humongous regions: 129->129
[2023-11-08T19:02:49.655+0100][gc,metaspace  ] GC(1189) Metaspace: 48289K(52224K)->48289K(52224K) NonClass: 42313K(44544K)->42313K(44544K) Class: 5975K(7680K)->5975K(7680K)
[2023-11-08T19:02:49.655+0100][gc            ] GC(1189) Pause Young (Normal) (G1 Evacuation Pause) 502M->234M(1024M) 3,557ms
[2023-11-08T19:02:49.655+0100][gc,cpu        ] GC(1189) User=0,02s Sys=0,02s Real=0,01s
[2023-11-08T19:02:50.517+0100][gc,start      ] GC(1190) Pause Young (Normal) (G1 Evacuation Pause)
[2023-11-08T19:02:50.517+0100][gc,task       ] GC(1190) Using 13 workers of 13 for evacuation
[2023-11-08T19:02:50.520+0100][gc,phases     ] GC(1190)   Pre Evacuate Collection Set: 0,0ms
[2023-11-08T19:02:50.520+0100][gc,phases     ] GC(1190)   Evacuate Collection Set: 1,8ms
[2023-11-08T19:02:50.520+0100][gc,phases     ] GC(1190)   Post Evacuate Collection Set: 0,6ms
[2023-11-08T19:02:50.520+0100][gc,phases     ] GC(1190)   Other: 0,3ms
[2023-11-08T19:02:50.520+0100][gc,heap       ] GC(1190) Eden regions: 324->0(370)
[2023-11-08T19:02:50.520+0100][gc,heap       ] GC(1190) Survivor regions: 6->3(42)
[2023-11-08T19:02:50.520+0100][gc,heap       ] GC(1190) Old regions: 102->102
[2023-11-08T19:02:50.520+0100][gc,heap       ] GC(1190) Humongous regions: 129->129
[2023-11-08T19:02:50.520+0100][gc,metaspace  ] GC(1190) Metaspace: 48289K(52224K)->48289K(52224K) NonClass: 42313K(44544K)->42313K(44544K) Class: 5975K(7680K)->5975K(7680K)
[2023-11-08T19:02:50.520+0100][gc            ] GC(1190) Pause Young (Normal) (G1 Evacuation Pause) 558M->230M(1024M) 2,801ms
[2023-11-08T19:02:50.520+0100][gc,cpu        ] GC(1190) User=0,00s Sys=0,03s Real=0,00s
[2023-11-08T19:02:51.508+0100][gc,start      ] GC(1191) Pause Young (Normal) (G1 Evacuation Pause)
[2023-11-08T19:02:51.508+0100][gc,task       ] GC(1191) Using 13 workers of 13 for evacuation
[2023-11-08T19:02:51.511+0100][gc,phases     ] GC(1191)   Pre Evacuate Collection Set: 0,0ms
[2023-11-08T19:02:51.511+0100][gc,phases     ] GC(1191)   Evacuate Collection Set: 2,3ms
[2023-11-08T19:02:51.511+0100][gc,phases     ] GC(1191)   Post Evacuate Collection Set: 0,7ms
[2023-11-08T19:02:51.511+0100][gc,phases     ] GC(1191)   Other: 0,3ms
[2023-11-08T19:02:51.511+0100][gc,heap       ] GC(1191) Eden regions: 370->0(414)
[2023-11-08T19:02:51.511+0100][gc,heap       ] GC(1191) Survivor regions: 3->4(47)
[2023-11-08T19:02:51.511+0100][gc,heap       ] GC(1191) Old regions: 102->102
[2023-11-08T19:02:51.511+0100][gc,heap       ] GC(1191) Humongous regions: 129->129
[2023-11-08T19:02:51.511+0100][gc,metaspace  ] GC(1191) Metaspace: 48289K(52224K)->48289K(52224K) NonClass: 42313K(44544K)->42313K(44544K) Class: 5975K(7680K)->5975K(7680K)
[2023-11-08T19:02:51.511+0100][gc            ] GC(1191) Pause Young (Normal) (G1 Evacuation Pause) 600M->232M(1024M) 3,352ms
[2023-11-08T19:02:51.512+0100][gc,cpu        ] GC(1191) User=0,02s Sys=0,02s Real=0,00s
[2023-11-08T19:02:52.650+0100][gc,start      ] GC(1192) Pause Young (Normal) (G1 Evacuation Pause)
[2023-11-08T19:02:52.650+0100][gc,task       ] GC(1192) Using 13 workers of 13 for evacuation
[2023-11-08T19:02:52.653+0100][gc,phases     ] GC(1192)   Pre Evacuate Collection Set: 0,0ms
[2023-11-08T19:02:52.653+0100][gc,phases     ] GC(1192)   Evacuate Collection Set: 2,5ms
[2023-11-08T19:02:52.653+0100][gc,phases     ] GC(1192)   Post Evacuate Collection Set: 0,6ms
[2023-11-08T19:02:52.653+0100][gc,phases     ] GC(1192)   Other: 0,2ms
[2023-11-08T19:02:52.653+0100][gc,heap       ] GC(1192) Eden regions: 414->0(486)
[2023-11-08T19:02:52.653+0100][gc,heap       ] GC(1192) Survivor regions: 4->5(53)
[2023-11-08T19:02:52.653+0100][gc,heap       ] GC(1192) Old regions: 102->102
[2023-11-08T19:02:52.653+0100][gc,heap       ] GC(1192) Humongous regions: 129->129
[2023-11-08T19:02:52.653+0100][gc,metaspace  ] GC(1192) Metaspace: 48289K(52224K)->48289K(52224K) NonClass: 42313K(44544K)->42313K(44544K) Class: 5975K(7680K)->5975K(7680K)
[2023-11-08T19:02:52.653+0100][gc            ] GC(1192) Pause Young (Normal) (G1 Evacuation Pause) 646M->233M(1024M) 3,421ms
[2023-11-08T19:02:52.654+0100][gc,cpu        ] GC(1192) User=0,03s Sys=0,00s Real=0,00s
[2023-11-08T19:02:53.998+0100][gc,start      ] GC(1193) Pause Young (Normal) (G1 Evacuation Pause)
[2023-11-08T19:02:53.998+0100][gc,task       ] GC(1193) Using 13 workers of 13 for evacuation
[2023-11-08T19:02:54.003+0100][gc,phases     ] GC(1193)   Pre Evacuate Collection Set: 0,0ms
[2023-11-08T19:02:54.003+0100][gc,phases     ] GC(1193)   Evacuate Collection Set: 3,7ms
[2023-11-08T19:02:54.003+0100][gc,phases     ] GC(1193)   Post Evacuate Collection Set: 0,5ms
[2023-11-08T19:02:54.003+0100][gc,phases     ] GC(1193)   Other: 0,2ms
[2023-11-08T19:02:54.003+0100][gc,heap       ] GC(1193) Eden regions: 486->0(521)
[2023-11-08T19:02:54.003+0100][gc,heap       ] GC(1193) Survivor regions: 5->7(62)
[2023-11-08T19:02:54.003+0100][gc,heap       ] GC(1193) Old regions: 102->102
[2023-11-08T19:02:54.003+0100][gc,heap       ] GC(1193) Humongous regions: 129->129
[2023-11-08T19:02:54.003+0100][gc,metaspace  ] GC(1193) Metaspace: 48289K(52224K)->48289K(52224K) NonClass: 42313K(44544K)->42313K(44544K) Class: 5975K(7680K)->5975K(7680K)
[2023-11-08T19:02:54.003+0100][gc            ] GC(1193) Pause Young (Normal) (G1 Evacuation Pause) 719M->235M(1024M) 4,536ms
[2023-11-08T19:02:54.003+0100][gc,cpu        ] GC(1193) User=0,03s Sys=0,00s Real=0,01s
[2023-11-08T19:02:55.424+0100][gc,start      ] GC(1194) Pause Young (Normal) (G1 Evacuation Pause)
[2023-11-08T19:02:55.424+0100][gc,task       ] GC(1194) Using 13 workers of 13 for evacuation
[2023-11-08T19:02:55.429+0100][gc,phases     ] GC(1194)   Pre Evacuate Collection Set: 0,0ms
[2023-11-08T19:02:55.429+0100][gc,phases     ] GC(1194)   Evacuate Collection Set: 4,4ms
[2023-11-08T19:02:55.429+0100][gc,phases     ] GC(1194)   Post Evacuate Collection Set: 0,6ms
[2023-11-08T19:02:55.429+0100][gc,phases     ] GC(1194)   Other: 0,2ms
[2023-11-08T19:02:55.429+0100][gc,heap       ] GC(1194) Eden regions: 521->0(540)
[2023-11-08T19:02:55.429+0100][gc,heap       ] GC(1194) Survivor regions: 7->9(66)
[2023-11-08T19:02:55.429+0100][gc,heap       ] GC(1194) Old regions: 102->102
[2023-11-08T19:02:55.429+0100][gc,heap       ] GC(1194) Humongous regions: 129->129
[2023-11-08T19:02:55.429+0100][gc,metaspace  ] GC(1194) Metaspace: 48289K(52224K)->48289K(52224K) NonClass: 42313K(44544K)->42313K(44544K) Class: 5975K(7680K)->5975K(7680K)
[2023-11-08T19:02:55.429+0100][gc            ] GC(1194) Pause Young (Normal) (G1 Evacuation Pause) 756M->237M(1024M) 5,308ms
[2023-11-08T19:02:55.429+0100][gc,cpu        ] GC(1194) User=0,04s Sys=0,01s Real=0,00s
[2023-11-08T19:02:56.909+0100][gc,start      ] GC(1195) Pause Young (Concurrent Start) (G1 Evacuation Pause)
[2023-11-08T19:02:56.909+0100][gc,task       ] GC(1195) Using 13 workers of 13 for evacuation
[2023-11-08T19:02:56.915+0100][gc,phases     ] GC(1195)   Pre Evacuate Collection Set: 0,2ms
[2023-11-08T19:02:56.915+0100][gc,phases     ] GC(1195)   Evacuate Collection Set: 4,5ms
[2023-11-08T19:02:56.915+0100][gc,phases     ] GC(1195)   Post Evacuate Collection Set: 0,7ms
[2023-11-08T19:02:56.915+0100][gc,phases     ] GC(1195)   Other: 0,3ms
[2023-11-08T19:02:56.915+0100][gc,heap       ] GC(1195) Eden regions: 540->0(558)
[2023-11-08T19:02:56.915+0100][gc,heap       ] GC(1195) Survivor regions: 9->11(69)
[2023-11-08T19:02:56.915+0100][gc,heap       ] GC(1195) Old regions: 102->102
[2023-11-08T19:02:56.915+0100][gc,heap       ] GC(1195) Humongous regions: 129->129
[2023-11-08T19:02:56.915+0100][gc,metaspace  ] GC(1195) Metaspace: 48289K(52224K)->48289K(52224K) NonClass: 42313K(44544K)->42313K(44544K) Class: 5975K(7680K)->5975K(7680K)
[2023-11-08T19:02:56.915+0100][gc            ] GC(1195) Pause Young (Concurrent Start) (G1 Evacuation Pause) 777M->239M(1024M) 5,873ms
[2023-11-08T19:02:56.915+0100][gc,cpu        ] GC(1195) User=0,05s Sys=0,01s Real=0,01s
[2023-11-08T19:02:56.915+0100][gc            ] GC(1196) Concurrent Cycle
[2023-11-08T19:02:56.915+0100][gc,marking    ] GC(1196) Concurrent Clear Claimed Marks
[2023-11-08T19:02:56.915+0100][gc,marking    ] GC(1196) Concurrent Clear Claimed Marks 0,359ms
[2023-11-08T19:02:56.915+0100][gc,marking    ] GC(1196) Concurrent Scan Root Regions
[2023-11-08T19:02:56.918+0100][gc,marking    ] GC(1196) Concurrent Scan Root Regions 3,158ms
[2023-11-08T19:02:56.918+0100][gc,marking    ] GC(1196) Concurrent Mark (6448,527s)
[2023-11-08T19:02:56.918+0100][gc,marking    ] GC(1196) Concurrent Mark From Roots
[2023-11-08T19:02:56.918+0100][gc,task       ] GC(1196) Using 3 workers of 3 for marking
[2023-11-08T19:02:56.938+0100][gc,marking    ] GC(1196) Concurrent Mark From Roots 19,989ms
[2023-11-08T19:02:56.938+0100][gc,marking    ] GC(1196) Concurrent Preclean
[2023-11-08T19:02:56.939+0100][gc,marking    ] GC(1196) Concurrent Preclean 0,253ms
[2023-11-08T19:02:56.939+0100][gc,marking    ] GC(1196) Concurrent Mark (6448,527s, 6448,547s) 20,314ms
[2023-11-08T19:02:56.939+0100][gc,start      ] GC(1196) Pause Remark
[2023-11-08T19:02:56.942+0100][gc,stringtable] GC(1196) Cleaned string and symbol table, strings: 18405 processed, 0 removed, symbols: 94795 processed, 0 removed
[2023-11-08T19:02:56.943+0100][gc            ] GC(1196) Pause Remark 250M->248M(1024M) 3,827ms
[2023-11-08T19:02:56.943+0100][gc,cpu        ] GC(1196) User=0,02s Sys=0,02s Real=0,01s
[2023-11-08T19:02:56.943+0100][gc,marking    ] GC(1196) Concurrent Rebuild Remembered Sets
[2023-11-08T19:02:56.955+0100][gc,marking    ] GC(1196) Concurrent Rebuild Remembered Sets 12,296ms
[2023-11-08T19:02:56.955+0100][gc,start      ] GC(1196) Pause Cleanup
[2023-11-08T19:02:56.955+0100][gc            ] GC(1196) Pause Cleanup 249M->249M(1024M) 0,171ms
[2023-11-08T19:02:56.955+0100][gc,cpu        ] GC(1196) User=0,00s Sys=0,00s Real=0,00s
[2023-11-08T19:02:56.955+0100][gc,marking    ] GC(1196) Concurrent Cleanup for Next Mark
[2023-11-08T19:02:56.957+0100][gc,marking    ] GC(1196) Concurrent Cleanup for Next Mark 1,849ms
[2023-11-08T19:02:56.957+0100][gc            ] GC(1196) Concurrent Cycle 42,572ms
[2023-11-08T19:02:57.051+0100][gc,start      ] GC(1197) Pause Young (Prepare Mixed) (G1 Evacuation Pause)
[2023-11-08T19:02:57.051+0100][gc,task       ] GC(1197) Using 13 workers of 13 for evacuation
[2023-11-08T19:02:57.057+0100][gc,phases     ] GC(1197)   Pre Evacuate Collection Set: 0,0ms
[2023-11-08T19:02:57.057+0100][gc,phases     ] GC(1197)   Evacuate Collection Set: 5,0ms
[2023-11-08T19:02:57.057+0100][gc,phases     ] GC(1197)   Post Evacuate Collection Set: 0,4ms
[2023-11-08T19:02:57.057+0100][gc,phases     ] GC(1197)   Other: 0,2ms
[2023-11-08T19:02:57.057+0100][gc,heap       ] GC(1197) Eden regions: 47->0(46)
[2023-11-08T19:02:57.057+0100][gc,heap       ] GC(1197) Survivor regions: 11->5(8)
[2023-11-08T19:02:57.057+0100][gc,heap       ] GC(1197) Old regions: 100->105
[2023-11-08T19:02:57.057+0100][gc,heap       ] GC(1197) Humongous regions: 129->129
[2023-11-08T19:02:57.057+0100][gc,metaspace  ] GC(1197) Metaspace: 48289K(52224K)->48289K(52224K) NonClass: 42313K(44544K)->42313K(44544K) Class: 5975K(7680K)->5975K(7680K)
[2023-11-08T19:02:57.057+0100][gc            ] GC(1197) Pause Young (Prepare Mixed) (G1 Evacuation Pause) 284M->236M(1024M) 5,800ms
[2023-11-08T19:02:57.057+0100][gc,cpu        ] GC(1197) User=0,05s Sys=0,01s Real=0,01s
[2023-11-08T19:02:57.170+0100][gc,start      ] GC(1198) Pause Young (Mixed) (G1 Evacuation Pause)
[2023-11-08T19:02:57.170+0100][gc,task       ] GC(1198) Using 13 workers of 13 for evacuation
[2023-11-08T19:02:57.174+0100][gc,phases     ] GC(1198)   Pre Evacuate Collection Set: 0,1ms
[2023-11-08T19:02:57.174+0100][gc,phases     ] GC(1198)   Evacuate Collection Set: 3,6ms
[2023-11-08T19:02:57.174+0100][gc,phases     ] GC(1198)   Post Evacuate Collection Set: 0,4ms
[2023-11-08T19:02:57.174+0100][gc,phases     ] GC(1198)   Other: 0,2ms
[2023-11-08T19:02:57.174+0100][gc,heap       ] GC(1198) Eden regions: 46->0(575)
[2023-11-08T19:02:57.174+0100][gc,heap       ] GC(1198) Survivor regions: 5->3(7)
[2023-11-08T19:02:57.174+0100][gc,heap       ] GC(1198) Old regions: 105->87
[2023-11-08T19:02:57.174+0100][gc,heap       ] GC(1198) Humongous regions: 129->129
[2023-11-08T19:02:57.174+0100][gc,metaspace  ] GC(1198) Metaspace: 48289K(52224K)->48289K(52224K) NonClass: 42313K(44544K)->42313K(44544K) Class: 5975K(7680K)->5975K(7680K)
[2023-11-08T19:02:57.174+0100][gc            ] GC(1198) Pause Young (Mixed) (G1 Evacuation Pause) 282M->217M(1024M) 4,453ms
[2023-11-08T19:02:57.174+0100][gc,cpu        ] GC(1198) User=0,04s Sys=0,00s Real=0,00s
[2023-11-08T19:02:58.757+0100][gc,start      ] GC(1199) Pause Young (Normal) (G1 Evacuation Pause)
[2023-11-08T19:02:58.757+0100][gc,task       ] GC(1199) Using 13 workers of 13 for evacuation
[2023-11-08T19:02:58.760+0100][gc,phases     ] GC(1199)   Pre Evacuate Collection Set: 0,0ms
[2023-11-08T19:02:58.761+0100][gc,phases     ] GC(1199)   Evacuate Collection Set: 2,5ms
[2023-11-08T19:02:58.761+0100][gc,phases     ] GC(1199)   Post Evacuate Collection Set: 0,6ms
[2023-11-08T19:02:58.761+0100][gc,phases     ] GC(1199)   Other: 0,2ms
[2023-11-08T19:02:58.761+0100][gc,heap       ] GC(1199) Eden regions: 575->0(239)
[2023-11-08T19:02:58.761+0100][gc,heap       ] GC(1199) Survivor regions: 3->5(73)
[2023-11-08T19:02:58.761+0100][gc,heap       ] GC(1199) Old regions: 87->87
[2023-11-08T19:02:58.761+0100][gc,heap       ] GC(1199) Humongous regions: 129->129
[2023-11-08T19:02:58.761+0100][gc,metaspace  ] GC(1199) Metaspace: 48289K(52224K)->48289K(52224K) NonClass: 42313K(44544K)->42313K(44544K) Class: 5975K(7680K)->5975K(7680K)
[2023-11-08T19:02:58.761+0100][gc            ] GC(1199) Pause Young (Normal) (G1 Evacuation Pause) 792M->218M(1024M) 3,412ms
[2023-11-08T19:02:58.761+0100][gc,cpu        ] GC(1199) User=0,03s Sys=0,00s Real=0,00s
[2023-11-08T19:02:59.429+0100][gc,start      ] GC(1200) Pause Young (Normal) (G1 Evacuation Pause)
[2023-11-08T19:02:59.429+0100][gc,task       ] GC(1200) Using 13 workers of 13 for evacuation
[2023-11-08T19:02:59.433+0100][gc,phases     ] GC(1200)   Pre Evacuate Collection Set: 0,0ms
[2023-11-08T19:02:59.433+0100][gc,phases     ] GC(1200)   Evacuate Collection Set: 3,0ms
[2023-11-08T19:02:59.433+0100][gc,phases     ] GC(1200)   Post Evacuate Collection Set: 0,6ms
[2023-11-08T19:02:59.433+0100][gc,phases     ] GC(1200)   Other: 0,3ms
[2023-11-08T19:02:59.433+0100][gc,heap       ] GC(1200) Eden regions: 239->0(524)
[2023-11-08T19:02:59.433+0100][gc,heap       ] GC(1200) Survivor regions: 5->6(31)
[2023-11-08T19:02:59.433+0100][gc,heap       ] GC(1200) Old regions: 87->87
[2023-11-08T19:02:59.433+0100][gc,heap       ] GC(1200) Humongous regions: 129->129
[2023-11-08T19:02:59.433+0100][gc,metaspace  ] GC(1200) Metaspace: 48289K(52224K)->48289K(52224K) NonClass: 42313K(44544K)->42313K(44544K) Class: 5975K(7680K)->5975K(7680K)
[2023-11-08T19:02:59.433+0100][gc            ] GC(1200) Pause Young (Normal) (G1 Evacuation Pause) 457M->219M(1024M) 4,075ms
[2023-11-08T19:02:59.433+0100][gc,cpu        ] GC(1200) User=0,03s Sys=0,00s Real=0,00s
[2023-11-08T19:03:00.853+0100][gc,start      ] GC(1201) Pause Young (Normal) (G1 Evacuation Pause)
[2023-11-08T19:03:00.853+0100][gc,task       ] GC(1201) Using 13 workers of 13 for evacuation
[2023-11-08T19:03:00.856+0100][gc,phases     ] GC(1201)   Pre Evacuate Collection Set: 0,0ms
[2023-11-08T19:03:00.856+0100][gc,phases     ] GC(1201)   Evacuate Collection Set: 2,8ms
[2023-11-08T19:03:00.856+0100][gc,phases     ] GC(1201)   Post Evacuate Collection Set: 0,6ms
[2023-11-08T19:03:00.856+0100][gc,phases     ] GC(1201)   Other: 0,2ms
[2023-11-08T19:03:00.856+0100][gc,heap       ] GC(1201) Eden regions: 524->0(606)
[2023-11-08T19:03:00.856+0100][gc,heap       ] GC(1201) Survivor regions: 6->8(67)
[2023-11-08T19:03:00.856+0100][gc,heap       ] GC(1201) Old regions: 87->87
[2023-11-08T19:03:00.856+0100][gc,heap       ] GC(1201) Humongous regions: 129->129
[2023-11-08T19:03:00.856+0100][gc,metaspace  ] GC(1201) Metaspace: 48289K(52224K)->48289K(52224K) NonClass: 42313K(44544K)->42313K(44544K) Class: 5975K(7680K)->5975K(7680K)
[2023-11-08T19:03:00.856+0100][gc            ] GC(1201) Pause Young (Normal) (G1 Evacuation Pause) 743M->221M(1024M) 3,705ms
[2023-11-08T19:03:00.856+0100][gc,cpu        ] GC(1201) User=0,04s Sys=0,00s Real=0,01s
[2023-11-08T19:03:02.524+0100][gc,start      ] GC(1202) Pause Young (Normal) (G1 Evacuation Pause)
[2023-11-08T19:03:02.524+0100][gc,task       ] GC(1202) Using 13 workers of 13 for evacuation
[2023-11-08T19:03:02.529+0100][gc,phases     ] GC(1202)   Pre Evacuate Collection Set: 0,0ms
[2023-11-08T19:03:02.529+0100][gc,phases     ] GC(1202)   Evacuate Collection Set: 3,5ms
[2023-11-08T19:03:02.529+0100][gc,phases     ] GC(1202)   Post Evacuate Collection Set: 0,6ms
[2023-11-08T19:03:02.529+0100][gc,phases     ] GC(1202)   Other: 0,2ms
[2023-11-08T19:03:02.529+0100][gc,heap       ] GC(1202) Eden regions: 606->0(605)
[2023-11-08T19:03:02.529+0100][gc,heap       ] GC(1202) Survivor regions: 8->9(77)
[2023-11-08T19:03:02.529+0100][gc,heap       ] GC(1202) Old regions: 87->87
[2023-11-08T19:03:02.529+0100][gc,heap       ] GC(1202) Humongous regions: 129->129
[2023-11-08T19:03:02.529+0100][gc,metaspace  ] GC(1202) Metaspace: 48289K(52224K)->48289K(52224K) NonClass: 42313K(44544K)->42313K(44544K) Class: 5975K(7680K)->5975K(7680K)
[2023-11-08T19:03:02.529+0100][gc            ] GC(1202) Pause Young (Normal) (G1 Evacuation Pause) 827M->223M(1024M) 4,336ms
[2023-11-08T19:03:02.529+0100][gc,cpu        ] GC(1202) User=0,05s Sys=0,00s Real=0,00s
[2023-11-08T19:03:04.186+0100][gc,start      ] GC(1203) Pause Young (Concurrent Start) (G1 Evacuation Pause)
[2023-11-08T19:03:04.186+0100][gc,task       ] GC(1203) Using 13 workers of 13 for evacuation
[2023-11-08T19:03:04.192+0100][gc,phases     ] GC(1203)   Pre Evacuate Collection Set: 0,2ms
[2023-11-08T19:03:04.192+0100][gc,phases     ] GC(1203)   Evacuate Collection Set: 5,2ms
[2023-11-08T19:03:04.192+0100][gc,phases     ] GC(1203)   Post Evacuate Collection Set: 0,5ms
[2023-11-08T19:03:04.192+0100][gc,phases     ] GC(1203)   Other: 0,2ms
[2023-11-08T19:03:04.192+0100][gc,heap       ] GC(1203) Eden regions: 605->0(602)
[2023-11-08T19:03:04.192+0100][gc,heap       ] GC(1203) Survivor regions: 9->12(77)
[2023-11-08T19:03:04.192+0100][gc,heap       ] GC(1203) Old regions: 87->87
[2023-11-08T19:03:04.192+0100][gc,heap       ] GC(1203) Humongous regions: 129->129
[2023-11-08T19:03:04.192+0100][gc,metaspace  ] GC(1203) Metaspace: 48289K(52224K)->48289K(52224K) NonClass: 42313K(44544K)->42313K(44544K) Class: 5975K(7680K)->5975K(7680K)
[2023-11-08T19:03:04.192+0100][gc            ] GC(1203) Pause Young (Concurrent Start) (G1 Evacuation Pause) 828M->226M(1024M) 6,243ms
[2023-11-08T19:03:04.192+0100][gc,cpu        ] GC(1203) User=0,02s Sys=0,03s Real=0,00s
[2023-11-08T19:03:04.192+0100][gc            ] GC(1204) Concurrent Cycle
[2023-11-08T19:03:04.192+0100][gc,marking    ] GC(1204) Concurrent Clear Claimed Marks
[2023-11-08T19:03:04.192+0100][gc,marking    ] GC(1204) Concurrent Clear Claimed Marks 0,382ms
[2023-11-08T19:03:04.192+0100][gc,marking    ] GC(1204) Concurrent Scan Root Regions
[2023-11-08T19:03:04.196+0100][gc,marking    ] GC(1204) Concurrent Scan Root Regions 3,246ms
[2023-11-08T19:03:04.196+0100][gc,marking    ] GC(1204) Concurrent Mark (6455,804s)
[2023-11-08T19:03:04.196+0100][gc,marking    ] GC(1204) Concurrent Mark From Roots
[2023-11-08T19:03:04.196+0100][gc,task       ] GC(1204) Using 3 workers of 3 for marking
[2023-11-08T19:03:04.217+0100][gc,marking    ] GC(1204) Concurrent Mark From Roots 21,687ms
[2023-11-08T19:03:04.217+0100][gc,marking    ] GC(1204) Concurrent Preclean
[2023-11-08T19:03:04.218+0100][gc,marking    ] GC(1204) Concurrent Preclean 0,234ms
[2023-11-08T19:03:04.218+0100][gc,marking    ] GC(1204) Concurrent Mark (6455,804s, 6455,826s) 21,979ms
[2023-11-08T19:03:04.218+0100][gc,start      ] GC(1204) Pause Remark
[2023-11-08T19:03:04.221+0100][gc,stringtable] GC(1204) Cleaned string and symbol table, strings: 18405 processed, 0 removed, symbols: 94795 processed, 0 removed
[2023-11-08T19:03:04.221+0100][gc            ] GC(1204) Pause Remark 237M->237M(1024M) 3,589ms
[2023-11-08T19:03:04.221+0100][gc,cpu        ] GC(1204) User=0,04s Sys=0,00s Real=0,00s
[2023-11-08T19:03:04.221+0100][gc,marking    ] GC(1204) Concurrent Rebuild Remembered Sets
[2023-11-08T19:03:04.235+0100][gc,marking    ] GC(1204) Concurrent Rebuild Remembered Sets 13,461ms
[2023-11-08T19:03:04.235+0100][gc,start      ] GC(1204) Pause Cleanup
[2023-11-08T19:03:04.235+0100][gc            ] GC(1204) Pause Cleanup 242M->242M(1024M) 0,163ms
[2023-11-08T19:03:04.235+0100][gc,cpu        ] GC(1204) User=0,00s Sys=0,00s Real=0,00s
[2023-11-08T19:03:04.235+0100][gc,marking    ] GC(1204) Concurrent Cleanup for Next Mark
[2023-11-08T19:03:04.237+0100][gc,marking    ] GC(1204) Concurrent Cleanup for Next Mark 1,969ms
[2023-11-08T19:03:04.237+0100][gc            ] GC(1204) Concurrent Cycle 45,398ms
[2023-11-08T19:03:04.303+0100][gc,start      ] GC(1205) Pause Young (Prepare Mixed) (G1 Evacuation Pause)
[2023-11-08T19:03:04.303+0100][gc,task       ] GC(1205) Using 13 workers of 13 for evacuation
[2023-11-08T19:03:04.310+0100][gc,phases     ] GC(1205)   Pre Evacuate Collection Set: 0,0ms
[2023-11-08T19:03:04.310+0100][gc,phases     ] GC(1205)   Evacuate Collection Set: 6,2ms
[2023-11-08T19:03:04.310+0100][gc,phases     ] GC(1205)   Post Evacuate Collection Set: 0,4ms
[2023-11-08T19:03:04.310+0100][gc,phases     ] GC(1205)   Other: 0,2ms
[2023-11-08T19:03:04.310+0100][gc,heap       ] GC(1205) Eden regions: 39->0(47)
[2023-11-08T19:03:04.310+0100][gc,heap       ] GC(1205) Survivor regions: 12->4(7)
[2023-11-08T19:03:04.310+0100][gc,heap       ] GC(1205) Old regions: 87->96
[2023-11-08T19:03:04.310+0100][gc,heap       ] GC(1205) Humongous regions: 129->129
[2023-11-08T19:03:04.310+0100][gc,metaspace  ] GC(1205) Metaspace: 48289K(52224K)->48289K(52224K) NonClass: 42313K(44544K)->42313K(44544K) Class: 5975K(7680K)->5975K(7680K)
[2023-11-08T19:03:04.310+0100][gc            ] GC(1205) Pause Young (Prepare Mixed) (G1 Evacuation Pause) 265M->226M(1024M) 6,885ms
[2023-11-08T19:03:04.310+0100][gc,cpu        ] GC(1205) User=0,04s Sys=0,01s Real=0,00s
[2023-11-08T19:03:04.445+0100][gc,start      ] GC(1206) Pause Young (Mixed) (G1 Evacuation Pause)
[2023-11-08T19:03:04.445+0100][gc,task       ] GC(1206) Using 13 workers of 13 for evacuation
[2023-11-08T19:03:04.448+0100][gc,phases     ] GC(1206)   Pre Evacuate Collection Set: 0,0ms
[2023-11-08T19:03:04.448+0100][gc,phases     ] GC(1206)   Evacuate Collection Set: 2,9ms
[2023-11-08T19:03:04.448+0100][gc,phases     ] GC(1206)   Post Evacuate Collection Set: 0,4ms
[2023-11-08T19:03:04.448+0100][gc,phases     ] GC(1206)   Other: 0,2ms
[2023-11-08T19:03:04.448+0100][gc,heap       ] GC(1206) Eden regions: 47->0(390)
[2023-11-08T19:03:04.448+0100][gc,heap       ] GC(1206) Survivor regions: 4->3(7)
[2023-11-08T19:03:04.448+0100][gc,heap       ] GC(1206) Old regions: 96->96
[2023-11-08T19:03:04.448+0100][gc,heap       ] GC(1206) Humongous regions: 129->129
[2023-11-08T19:03:04.448+0100][gc,metaspace  ] GC(1206) Metaspace: 48289K(52224K)->48289K(52224K) NonClass: 42313K(44544K)->42313K(44544K) Class: 5975K(7680K)->5975K(7680K)
[2023-11-08T19:03:04.448+0100][gc            ] GC(1206) Pause Young (Mixed) (G1 Evacuation Pause) 273M->225M(1024M) 3,682ms
[2023-11-08T19:03:04.448+0100][gc,cpu        ] GC(1206) User=0,04s Sys=0,00s Real=0,00s
[2023-11-08T19:03:05.539+0100][gc,start      ] GC(1207) Pause Young (Normal) (G1 Evacuation Pause)
[2023-11-08T19:03:05.539+0100][gc,task       ] GC(1207) Using 13 workers of 13 for evacuation
[2023-11-08T19:03:05.542+0100][gc,phases     ] GC(1207)   Pre Evacuate Collection Set: 0,0ms
[2023-11-08T19:03:05.542+0100][gc,phases     ] GC(1207)   Evacuate Collection Set: 2,2ms
[2023-11-08T19:03:05.542+0100][gc,phases     ] GC(1207)   Post Evacuate Collection Set: 0,6ms
[2023-11-08T19:03:05.542+0100][gc,phases     ] GC(1207)   Other: 0,2ms
[2023-11-08T19:03:05.542+0100][gc,heap       ] GC(1207) Eden regions: 390->0(389)
[2023-11-08T19:03:05.542+0100][gc,heap       ] GC(1207) Survivor regions: 3->4(50)
[2023-11-08T19:03:05.542+0100][gc,heap       ] GC(1207) Old regions: 96->96
[2023-11-08T19:03:05.542+0100][gc,heap       ] GC(1207) Humongous regions: 129->129
[2023-11-08T19:03:05.542+0100][gc,metaspace  ] GC(1207) Metaspace: 48289K(52224K)->48289K(52224K) NonClass: 42313K(44544K)->42313K(44544K) Class: 5975K(7680K)->5975K(7680K)
[2023-11-08T19:03:05.542+0100][gc            ] GC(1207) Pause Young (Normal) (G1 Evacuation Pause) 615M->226M(1024M) 3,070ms
[2023-11-08T19:03:05.542+0100][gc,cpu        ] GC(1207) User=0,01s Sys=0,02s Real=0,00s
[2023-11-08T19:03:06.615+0100][gc,start      ] GC(1208) Pause Young (Normal) (G1 Evacuation Pause)
[2023-11-08T19:03:06.615+0100][gc,task       ] GC(1208) Using 13 workers of 13 for evacuation
[2023-11-08T19:03:06.618+0100][gc,phases     ] GC(1208)   Pre Evacuate Collection Set: 0,0ms
[2023-11-08T19:03:06.618+0100][gc,phases     ] GC(1208)   Evacuate Collection Set: 2,3ms
[2023-11-08T19:03:06.618+0100][gc,phases     ] GC(1208)   Post Evacuate Collection Set: 0,6ms
[2023-11-08T19:03:06.618+0100][gc,phases     ] GC(1208)   Other: 0,2ms
[2023-11-08T19:03:06.618+0100][gc,heap       ] GC(1208) Eden regions: 389->0(444)
[2023-11-08T19:03:06.618+0100][gc,heap       ] GC(1208) Survivor regions: 4->6(50)
[2023-11-08T19:03:06.618+0100][gc,heap       ] GC(1208) Old regions: 96->96
[2023-11-08T19:03:06.618+0100][gc,heap       ] GC(1208) Humongous regions: 129->129
[2023-11-08T19:03:06.618+0100][gc,metaspace  ] GC(1208) Metaspace: 48289K(52224K)->48289K(52224K) NonClass: 42313K(44544K)->42313K(44544K) Class: 5975K(7680K)->5975K(7680K)
[2023-11-08T19:03:06.618+0100][gc            ] GC(1208) Pause Young (Normal) (G1 Evacuation Pause) 615M->228M(1024M) 3,255ms
[2023-11-08T19:03:06.618+0100][gc,cpu        ] GC(1208) User=0,01s Sys=0,02s Real=0,00s
[2023-11-08T19:03:07.840+0100][gc,start      ] GC(1209) Pause Young (Normal) (G1 Evacuation Pause)
[2023-11-08T19:03:07.840+0100][gc,task       ] GC(1209) Using 13 workers of 13 for evacuation
[2023-11-08T19:03:07.844+0100][gc,phases     ] GC(1209)   Pre Evacuate Collection Set: 0,0ms
[2023-11-08T19:03:07.844+0100][gc,phases     ] GC(1209)   Evacuate Collection Set: 3,7ms
[2023-11-08T19:03:07.844+0100][gc,phases     ] GC(1209)   Post Evacuate Collection Set: 0,5ms
[2023-11-08T19:03:07.844+0100][gc,phases     ] GC(1209)   Other: 0,2ms
[2023-11-08T19:03:07.844+0100][gc,heap       ] GC(1209) Eden regions: 444->0(499)
[2023-11-08T19:03:07.844+0100][gc,heap       ] GC(1209) Survivor regions: 6->7(57)
[2023-11-08T19:03:07.844+0100][gc,heap       ] GC(1209) Old regions: 96->96
[2023-11-08T19:03:07.844+0100][gc,heap       ] GC(1209) Humongous regions: 129->129
[2023-11-08T19:03:07.844+0100][gc,metaspace  ] GC(1209) Metaspace: 48289K(52224K)->48289K(52224K) NonClass: 42313K(44544K)->42313K(44544K) Class: 5975K(7680K)->5975K(7680K)
[2023-11-08T19:03:07.844+0100][gc            ] GC(1209) Pause Young (Normal) (G1 Evacuation Pause) 672M->229M(1024M) 4,563ms
[2023-11-08T19:03:07.844+0100][gc,cpu        ] GC(1209) User=0,01s Sys=0,03s Real=0,01s
[2023-11-08T19:03:09.202+0100][gc,start      ] GC(1210) Pause Young (Normal) (G1 Evacuation Pause)
[2023-11-08T19:03:09.202+0100][gc,task       ] GC(1210) Using 13 workers of 13 for evacuation
[2023-11-08T19:03:09.207+0100][gc,phases     ] GC(1210)   Pre Evacuate Collection Set: 0,0ms
[2023-11-08T19:03:09.207+0100][gc,phases     ] GC(1210)   Evacuate Collection Set: 3,7ms
[2023-11-08T19:03:09.207+0100][gc,phases     ] GC(1210)   Post Evacuate Collection Set: 0,5ms
[2023-11-08T19:03:09.207+0100][gc,phases     ] GC(1210)   Other: 0,2ms
[2023-11-08T19:03:09.207+0100][gc,heap       ] GC(1210) Eden regions: 499->0(556)
[2023-11-08T19:03:09.207+0100][gc,heap       ] GC(1210) Survivor regions: 7->9(64)
[2023-11-08T19:03:09.207+0100][gc,heap       ] GC(1210) Old regions: 96->96
[2023-11-08T19:03:09.207+0100][gc,heap       ] GC(1210) Humongous regions: 129->129
[2023-11-08T19:03:09.207+0100][gc,metaspace  ] GC(1210) Metaspace: 48289K(52224K)->48289K(52224K) NonClass: 42313K(44544K)->42313K(44544K) Class: 5975K(7680K)->5975K(7680K)
[2023-11-08T19:03:09.207+0100][gc            ] GC(1210) Pause Young (Normal) (G1 Evacuation Pause) 728M->231M(1024M) 4,545ms
[2023-11-08T19:03:09.207+0100][gc,cpu        ] GC(1210) User=0,04s Sys=0,01s Real=0,01s
[2023-11-08T19:03:10.760+0100][gc,start      ] GC(1211) Pause Young (Concurrent Start) (G1 Evacuation Pause)
[2023-11-08T19:03:10.760+0100][gc,task       ] GC(1211) Using 13 workers of 13 for evacuation
[2023-11-08T19:03:10.766+0100][gc,phases     ] GC(1211)   Pre Evacuate Collection Set: 0,2ms
[2023-11-08T19:03:10.766+0100][gc,phases     ] GC(1211)   Evacuate Collection Set: 5,4ms
[2023-11-08T19:03:10.766+0100][gc,phases     ] GC(1211)   Post Evacuate Collection Set: 0,6ms
[2023-11-08T19:03:10.766+0100][gc,phases     ] GC(1211)   Other: 0,2ms
[2023-11-08T19:03:10.766+0100][gc,heap       ] GC(1211) Eden regions: 556->0(572)
[2023-11-08T19:03:10.766+0100][gc,heap       ] GC(1211) Survivor regions: 9->11(71)
[2023-11-08T19:03:10.766+0100][gc,heap       ] GC(1211) Old regions: 96->96
[2023-11-08T19:03:10.766+0100][gc,heap       ] GC(1211) Humongous regions: 129->129
[2023-11-08T19:03:10.766+0100][gc,metaspace  ] GC(1211) Metaspace: 48289K(52224K)->48289K(52224K) NonClass: 42313K(44544K)->42313K(44544K) Class: 5975K(7680K)->5975K(7680K)
[2023-11-08T19:03:10.766+0100][gc            ] GC(1211) Pause Young (Concurrent Start) (G1 Evacuation Pause) 787M->233M(1024M) 6,477ms
[2023-11-08T19:03:10.766+0100][gc,cpu        ] GC(1211) User=0,05s Sys=0,01s Real=0,01s
[2023-11-08T19:03:10.766+0100][gc            ] GC(1212) Concurrent Cycle
[2023-11-08T19:03:10.766+0100][gc,marking    ] GC(1212) Concurrent Clear Claimed Marks
[2023-11-08T19:03:10.766+0100][gc,marking    ] GC(1212) Concurrent Clear Claimed Marks 0,212ms
[2023-11-08T19:03:10.766+0100][gc,marking    ] GC(1212) Concurrent Scan Root Regions
[2023-11-08T19:03:10.770+0100][gc,marking    ] GC(1212) Concurrent Scan Root Regions 3,354ms
[2023-11-08T19:03:10.770+0100][gc,marking    ] GC(1212) Concurrent Mark (6462,378s)
[2023-11-08T19:03:10.770+0100][gc,marking    ] GC(1212) Concurrent Mark From Roots
[2023-11-08T19:03:10.770+0100][gc,task       ] GC(1212) Using 3 workers of 3 for marking
[2023-11-08T19:03:10.799+0100][gc,marking    ] GC(1212) Concurrent Mark From Roots 29,255ms
[2023-11-08T19:03:10.799+0100][gc,marking    ] GC(1212) Concurrent Preclean
[2023-11-08T19:03:10.799+0100][gc,marking    ] GC(1212) Concurrent Preclean 0,253ms
[2023-11-08T19:03:10.799+0100][gc,marking    ] GC(1212) Concurrent Mark (6462,378s, 6462,408s) 29,586ms
[2023-11-08T19:03:10.800+0100][gc,start      ] GC(1212) Pause Remark
[2023-11-08T19:03:10.804+0100][gc,stringtable] GC(1212) Cleaned string and symbol table, strings: 18405 processed, 0 removed, symbols: 94795 processed, 0 removed
[2023-11-08T19:03:10.804+0100][gc            ] GC(1212) Pause Remark 245M->245M(1024M) 4,257ms
[2023-11-08T19:03:10.804+0100][gc,cpu        ] GC(1212) User=0,03s Sys=0,00s Real=0,01s
[2023-11-08T19:03:10.804+0100][gc,marking    ] GC(1212) Concurrent Rebuild Remembered Sets
[2023-11-08T19:03:10.823+0100][gc,marking    ] GC(1212) Concurrent Rebuild Remembered Sets 19,092ms
[2023-11-08T19:03:10.823+0100][gc,start      ] GC(1212) Pause Cleanup
[2023-11-08T19:03:10.823+0100][gc            ] GC(1212) Pause Cleanup 251M->251M(1024M) 0,197ms
[2023-11-08T19:03:10.823+0100][gc,cpu        ] GC(1212) User=0,01s Sys=0,00s Real=0,00s
[2023-11-08T19:03:10.824+0100][gc,marking    ] GC(1212) Concurrent Cleanup for Next Mark
[2023-11-08T19:03:10.826+0100][gc,marking    ] GC(1212) Concurrent Cleanup for Next Mark 1,984ms
[2023-11-08T19:03:10.826+0100][gc            ] GC(1212) Concurrent Cycle 59,317ms
[2023-11-08T19:03:10.891+0100][gc,start      ] GC(1213) Pause Young (Prepare Mixed) (G1 Evacuation Pause)
[2023-11-08T19:03:10.891+0100][gc,task       ] GC(1213) Using 13 workers of 13 for evacuation
[2023-11-08T19:03:10.897+0100][gc,phases     ] GC(1213)   Pre Evacuate Collection Set: 0,0ms
[2023-11-08T19:03:10.897+0100][gc,phases     ] GC(1213)   Evacuate Collection Set: 5,3ms
[2023-11-08T19:03:10.897+0100][gc,phases     ] GC(1213)   Post Evacuate Collection Set: 0,4ms
[2023-11-08T19:03:10.897+0100][gc,phases     ] GC(1213)   Other: 0,2ms
[2023-11-08T19:03:10.897+0100][gc,heap       ] GC(1213) Eden regions: 40->0(47)
[2023-11-08T19:03:10.897+0100][gc,heap       ] GC(1213) Survivor regions: 11->4(7)
[2023-11-08T19:03:10.897+0100][gc,heap       ] GC(1213) Old regions: 96->103
[2023-11-08T19:03:10.897+0100][gc,heap       ] GC(1213) Humongous regions: 129->129
[2023-11-08T19:03:10.897+0100][gc,metaspace  ] GC(1213) Metaspace: 48289K(52224K)->48289K(52224K) NonClass: 42313K(44544K)->42313K(44544K) Class: 5975K(7680K)->5975K(7680K)
[2023-11-08T19:03:10.897+0100][gc            ] GC(1213) Pause Young (Prepare Mixed) (G1 Evacuation Pause) 273M->233M(1024M) 6,096ms
[2023-11-08T19:03:10.897+0100][gc,cpu        ] GC(1213) User=0,06s Sys=0,01s Real=0,01s
[2023-11-08T19:03:11.030+0100][gc,start      ] GC(1214) Pause Young (Mixed) (G1 Evacuation Pause)
[2023-11-08T19:03:11.030+0100][gc,task       ] GC(1214) Using 13 workers of 13 for evacuation
[2023-11-08T19:03:11.035+0100][gc,phases     ] GC(1214)   Pre Evacuate Collection Set: 0,0ms
[2023-11-08T19:03:11.035+0100][gc,phases     ] GC(1214)   Evacuate Collection Set: 3,8ms
[2023-11-08T19:03:11.035+0100][gc,phases     ] GC(1214)   Post Evacuate Collection Set: 0,5ms
[2023-11-08T19:03:11.035+0100][gc,phases     ] GC(1214)   Other: 0,2ms
[2023-11-08T19:03:11.035+0100][gc,heap       ] GC(1214) Eden regions: 47->0(419)
[2023-11-08T19:03:11.035+0100][gc,heap       ] GC(1214) Survivor regions: 4->4(7)
[2023-11-08T19:03:11.035+0100][gc,heap       ] GC(1214) Old regions: 103->101
[2023-11-08T19:03:11.035+0100][gc,heap       ] GC(1214) Humongous regions: 129->129
[2023-11-08T19:03:11.035+0100][gc,metaspace  ] GC(1214) Metaspace: 48289K(52224K)->48289K(52224K) NonClass: 42313K(44544K)->42313K(44544K) Class: 5975K(7680K)->5975K(7680K)
[2023-11-08T19:03:11.035+0100][gc            ] GC(1214) Pause Young (Mixed) (G1 Evacuation Pause) 280M->232M(1024M) 4,563ms
[2023-11-08T19:03:11.035+0100][gc,cpu        ] GC(1214) User=0,04s Sys=0,01s Real=0,01s
[2023-11-08T19:03:12.193+0100][gc,start      ] GC(1215) Pause Young (Normal) (G1 Evacuation Pause)
[2023-11-08T19:03:12.193+0100][gc,task       ] GC(1215) Using 13 workers of 13 for evacuation
[2023-11-08T19:03:12.197+0100][gc,phases     ] GC(1215)   Pre Evacuate Collection Set: 0,0ms
[2023-11-08T19:03:12.197+0100][gc,phases     ] GC(1215)   Evacuate Collection Set: 3,0ms
[2023-11-08T19:03:12.197+0100][gc,phases     ] GC(1215)   Post Evacuate Collection Set: 0,6ms
[2023-11-08T19:03:12.197+0100][gc,phases     ] GC(1215)   Other: 0,2ms
[2023-11-08T19:03:12.197+0100][gc,heap       ] GC(1215) Eden regions: 419->0(420)
[2023-11-08T19:03:12.197+0100][gc,heap       ] GC(1215) Survivor regions: 4->5(53)
[2023-11-08T19:03:12.197+0100][gc,heap       ] GC(1215) Old regions: 101->101
[2023-11-08T19:03:12.197+0100][gc,heap       ] GC(1215) Humongous regions: 129->129
[2023-11-08T19:03:12.197+0100][gc,metaspace  ] GC(1215) Metaspace: 48289K(52224K)->48289K(52224K) NonClass: 42313K(44544K)->42313K(44544K) Class: 5975K(7680K)->5975K(7680K)
[2023-11-08T19:03:12.197+0100][gc            ] GC(1215) Pause Young (Normal) (G1 Evacuation Pause) 651M->233M(1024M) 3,992ms
[2023-11-08T19:03:12.197+0100][gc,cpu        ] GC(1215) User=0,03s Sys=0,00s Real=0,01s
[2023-11-08T19:03:13.335+0100][gc,start      ] GC(1216) Pause Young (Normal) (G1 Evacuation Pause)
[2023-11-08T19:03:13.335+0100][gc,task       ] GC(1216) Using 13 workers of 13 for evacuation
[2023-11-08T19:03:13.338+0100][gc,phases     ] GC(1216)   Pre Evacuate Collection Set: 0,0ms
[2023-11-08T19:03:13.338+0100][gc,phases     ] GC(1216)   Evacuate Collection Set: 2,1ms
[2023-11-08T19:03:13.338+0100][gc,phases     ] GC(1216)   Post Evacuate Collection Set: 0,7ms
[2023-11-08T19:03:13.338+0100][gc,phases     ] GC(1216)   Other: 0,3ms
[2023-11-08T19:03:13.338+0100][gc,heap       ] GC(1216) Eden regions: 420->0(474)
[2023-11-08T19:03:13.338+0100][gc,heap       ] GC(1216) Survivor regions: 5->3(54)
[2023-11-08T19:03:13.338+0100][gc,heap       ] GC(1216) Old regions: 101->101
[2023-11-08T19:03:13.338+0100][gc,heap       ] GC(1216) Humongous regions: 129->129
[2023-11-08T19:03:13.338+0100][gc,metaspace  ] GC(1216) Metaspace: 48289K(52224K)->48289K(52224K) NonClass: 42313K(44544K)->42313K(44544K) Class: 5975K(7680K)->5975K(7680K)
[2023-11-08T19:03:13.338+0100][gc            ] GC(1216) Pause Young (Normal) (G1 Evacuation Pause) 653M->231M(1024M) 3,252ms
[2023-11-08T19:03:13.338+0100][gc,cpu        ] GC(1216) User=0,02s Sys=0,01s Real=0,00s
[2023-11-08T19:03:14.639+0100][gc,start      ] GC(1217) Pause Young (Normal) (G1 Evacuation Pause)
[2023-11-08T19:03:14.639+0100][gc,task       ] GC(1217) Using 13 workers of 13 for evacuation
[2023-11-08T19:03:14.642+0100][gc,phases     ] GC(1217)   Pre Evacuate Collection Set: 0,0ms
[2023-11-08T19:03:14.642+0100][gc,phases     ] GC(1217)   Evacuate Collection Set: 2,6ms
[2023-11-08T19:03:14.642+0100][gc,phases     ] GC(1217)   Post Evacuate Collection Set: 0,6ms
[2023-11-08T19:03:14.642+0100][gc,phases     ] GC(1217)   Other: 0,2ms
[2023-11-08T19:03:14.642+0100][gc,heap       ] GC(1217) Eden regions: 474->0(517)
[2023-11-08T19:03:14.642+0100][gc,heap       ] GC(1217) Survivor regions: 3->4(60)
[2023-11-08T19:03:14.642+0100][gc,heap       ] GC(1217) Old regions: 101->101
[2023-11-08T19:03:14.642+0100][gc,heap       ] GC(1217) Humongous regions: 129->129
[2023-11-08T19:03:14.642+0100][gc,metaspace  ] GC(1217) Metaspace: 48289K(52224K)->48289K(52224K) NonClass: 42313K(44544K)->42313K(44544K) Class: 5975K(7680K)->5975K(7680K)
[2023-11-08T19:03:14.642+0100][gc            ] GC(1217) Pause Young (Normal) (G1 Evacuation Pause) 705M->232M(1024M) 3,490ms
[2023-11-08T19:03:14.642+0100][gc,cpu        ] GC(1217) User=0,02s Sys=0,02s Real=0,00s
[2023-11-08T19:03:16.057+0100][gc,start      ] GC(1218) Pause Young (Concurrent Start) (G1 Evacuation Pause)
[2023-11-08T19:03:16.057+0100][gc,task       ] GC(1218) Using 13 workers of 13 for evacuation
[2023-11-08T19:03:16.061+0100][gc,phases     ] GC(1218)   Pre Evacuate Collection Set: 0,2ms
[2023-11-08T19:03:16.062+0100][gc,phases     ] GC(1218)   Evacuate Collection Set: 3,6ms
[2023-11-08T19:03:16.062+0100][gc,phases     ] GC(1218)   Post Evacuate Collection Set: 0,6ms
[2023-11-08T19:03:16.062+0100][gc,phases     ] GC(1218)   Other: 0,2ms
[2023-11-08T19:03:16.062+0100][gc,heap       ] GC(1218) Eden regions: 517->0(545)
[2023-11-08T19:03:16.062+0100][gc,heap       ] GC(1218) Survivor regions: 4->6(66)
[2023-11-08T19:03:16.062+0100][gc,heap       ] GC(1218) Old regions: 101->101
[2023-11-08T19:03:16.062+0100][gc,heap       ] GC(1218) Humongous regions: 129->129
[2023-11-08T19:03:16.062+0100][gc,metaspace  ] GC(1218) Metaspace: 48289K(52224K)->48289K(52224K) NonClass: 42313K(44544K)->42313K(44544K) Class: 5975K(7680K)->5975K(7680K)
[2023-11-08T19:03:16.062+0100][gc            ] GC(1218) Pause Young (Concurrent Start) (G1 Evacuation Pause) 749M->234M(1024M) 4,667ms
[2023-11-08T19:03:16.062+0100][gc,cpu        ] GC(1218) User=0,04s Sys=0,00s Real=0,00s
[2023-11-08T19:03:16.062+0100][gc            ] GC(1219) Concurrent Cycle
[2023-11-08T19:03:16.062+0100][gc,marking    ] GC(1219) Concurrent Clear Claimed Marks
[2023-11-08T19:03:16.062+0100][gc,marking    ] GC(1219) Concurrent Clear Claimed Marks 0,390ms
[2023-11-08T19:03:16.062+0100][gc,marking    ] GC(1219) Concurrent Scan Root Regions
[2023-11-08T19:03:16.065+0100][gc,marking    ] GC(1219) Concurrent Scan Root Regions 2,606ms
[2023-11-08T19:03:16.065+0100][gc,marking    ] GC(1219) Concurrent Mark (6467,673s)
[2023-11-08T19:03:16.065+0100][gc,marking    ] GC(1219) Concurrent Mark From Roots
[2023-11-08T19:03:16.065+0100][gc,task       ] GC(1219) Using 3 workers of 3 for marking
[2023-11-08T19:03:16.087+0100][gc,marking    ] GC(1219) Concurrent Mark From Roots 22,179ms
[2023-11-08T19:03:16.087+0100][gc,marking    ] GC(1219) Concurrent Preclean
[2023-11-08T19:03:16.087+0100][gc,marking    ] GC(1219) Concurrent Preclean 0,270ms
[2023-11-08T19:03:16.087+0100][gc,marking    ] GC(1219) Concurrent Mark (6467,673s, 6467,696s) 22,529ms
[2023-11-08T19:03:16.088+0100][gc,start      ] GC(1219) Pause Remark
[2023-11-08T19:03:16.090+0100][gc,stringtable] GC(1219) Cleaned string and symbol table, strings: 18405 processed, 0 removed, symbols: 94795 processed, 0 removed
[2023-11-08T19:03:16.091+0100][gc            ] GC(1219) Pause Remark 245M->244M(1024M) 3,188ms
[2023-11-08T19:03:16.091+0100][gc,cpu        ] GC(1219) User=0,04s Sys=0,00s Real=0,00s
[2023-11-08T19:03:16.091+0100][gc,marking    ] GC(1219) Concurrent Rebuild Remembered Sets
[2023-11-08T19:03:16.104+0100][gc,marking    ] GC(1219) Concurrent Rebuild Remembered Sets 13,230ms
[2023-11-08T19:03:16.104+0100][gc,start      ] GC(1219) Pause Cleanup
[2023-11-08T19:03:16.104+0100][gc            ] GC(1219) Pause Cleanup 249M->249M(1024M) 0,165ms
[2023-11-08T19:03:16.104+0100][gc,cpu        ] GC(1219) User=0,01s Sys=0,00s Real=0,00s
[2023-11-08T19:03:16.104+0100][gc,marking    ] GC(1219) Concurrent Cleanup for Next Mark
[2023-11-08T19:03:16.106+0100][gc,marking    ] GC(1219) Concurrent Cleanup for Next Mark 1,841ms
[2023-11-08T19:03:16.106+0100][gc            ] GC(1219) Concurrent Cycle 44,660ms
[2023-11-08T19:03:16.263+0100][gc,start      ] GC(1220) Pause Young (Prepare Mixed) (G1 Evacuation Pause)
[2023-11-08T19:03:16.263+0100][gc,task       ] GC(1220) Using 13 workers of 13 for evacuation
[2023-11-08T19:03:16.268+0100][gc,phases     ] GC(1220)   Pre Evacuate Collection Set: 0,0ms
[2023-11-08T19:03:16.268+0100][gc,phases     ] GC(1220)   Evacuate Collection Set: 4,1ms
[2023-11-08T19:03:16.268+0100][gc,phases     ] GC(1220)   Post Evacuate Collection Set: 0,4ms
[2023-11-08T19:03:16.268+0100][gc,phases     ] GC(1220)   Other: 0,2ms
[2023-11-08T19:03:16.268+0100][gc,heap       ] GC(1220) Eden regions: 75->0(45)
[2023-11-08T19:03:16.268+0100][gc,heap       ] GC(1220) Survivor regions: 6->6(11)
[2023-11-08T19:03:16.268+0100][gc,heap       ] GC(1220) Old regions: 100->100
[2023-11-08T19:03:16.268+0100][gc,heap       ] GC(1220) Humongous regions: 129->129
[2023-11-08T19:03:16.268+0100][gc,metaspace  ] GC(1220) Metaspace: 48289K(52224K)->48289K(52224K) NonClass: 42313K(44544K)->42313K(44544K) Class: 5975K(7680K)->5975K(7680K)
[2023-11-08T19:03:16.268+0100][gc            ] GC(1220) Pause Young (Prepare Mixed) (G1 Evacuation Pause) 308M->233M(1024M) 4,847ms
[2023-11-08T19:03:16.268+0100][gc,cpu        ] GC(1220) User=0,04s Sys=0,00s Real=0,00s
[2023-11-08T19:03:16.393+0100][gc,start      ] GC(1221) Pause Young (Mixed) (G1 Evacuation Pause)
[2023-11-08T19:03:16.393+0100][gc,task       ] GC(1221) Using 13 workers of 13 for evacuation
[2023-11-08T19:03:16.397+0100][gc,phases     ] GC(1221)   Pre Evacuate Collection Set: 0,1ms
[2023-11-08T19:03:16.397+0100][gc,phases     ] GC(1221)   Evacuate Collection Set: 3,6ms
[2023-11-08T19:03:16.397+0100][gc,phases     ] GC(1221)   Post Evacuate Collection Set: 0,4ms
[2023-11-08T19:03:16.397+0100][gc,phases     ] GC(1221)   Other: 0,2ms
[2023-11-08T19:03:16.397+0100][gc,heap       ] GC(1221) Eden regions: 45->0(444)
[2023-11-08T19:03:16.397+0100][gc,heap       ] GC(1221) Survivor regions: 6->4(7)
[2023-11-08T19:03:16.397+0100][gc,heap       ] GC(1221) Old regions: 100->82
[2023-11-08T19:03:16.397+0100][gc,heap       ] GC(1221) Humongous regions: 129->129
[2023-11-08T19:03:16.397+0100][gc,metaspace  ] GC(1221) Metaspace: 48289K(52224K)->48289K(52224K) NonClass: 42313K(44544K)->42313K(44544K) Class: 5975K(7680K)->5975K(7680K)
[2023-11-08T19:03:16.397+0100][gc            ] GC(1221) Pause Young (Mixed) (G1 Evacuation Pause) 278M->212M(1024M) 4,339ms
[2023-11-08T19:03:16.397+0100][gc,cpu        ] GC(1221) User=0,05s Sys=0,00s Real=0,01s
[2023-11-08T19:03:17.646+0100][gc,start      ] GC(1222) Pause Young (Normal) (G1 Evacuation Pause)
[2023-11-08T19:03:17.646+0100][gc,task       ] GC(1222) Using 13 workers of 13 for evacuation
[2023-11-08T19:03:17.649+0100][gc,phases     ] GC(1222)   Pre Evacuate Collection Set: 0,0ms
[2023-11-08T19:03:17.649+0100][gc,phases     ] GC(1222)   Evacuate Collection Set: 2,3ms
[2023-11-08T19:03:17.649+0100][gc,phases     ] GC(1222)   Post Evacuate Collection Set: 0,6ms
[2023-11-08T19:03:17.649+0100][gc,phases     ] GC(1222)   Other: 0,2ms
[2023-11-08T19:03:17.649+0100][gc,heap       ] GC(1222) Eden regions: 444->0(472)
[2023-11-08T19:03:17.649+0100][gc,heap       ] GC(1222) Survivor regions: 4->5(56)
[2023-11-08T19:03:17.649+0100][gc,heap       ] GC(1222) Old regions: 82->82
[2023-11-08T19:03:17.649+0100][gc,heap       ] GC(1222) Humongous regions: 129->129
[2023-11-08T19:03:17.649+0100][gc,metaspace  ] GC(1222) Metaspace: 48289K(52224K)->48289K(52224K) NonClass: 42313K(44544K)->42313K(44544K) Class: 5975K(7680K)->5975K(7680K)
[2023-11-08T19:03:17.649+0100][gc            ] GC(1222) Pause Young (Normal) (G1 Evacuation Pause) 656M->213M(1024M) 3,123ms
[2023-11-08T19:03:17.649+0100][gc,cpu        ] GC(1222) User=0,03s Sys=0,00s Real=0,00s
[2023-11-08T19:03:18.936+0100][gc,start      ] GC(1223) Pause Young (Normal) (G1 Evacuation Pause)
[2023-11-08T19:03:18.936+0100][gc,task       ] GC(1223) Using 13 workers of 13 for evacuation
[2023-11-08T19:03:18.940+0100][gc,phases     ] GC(1223)   Pre Evacuate Collection Set: 0,0ms
[2023-11-08T19:03:18.940+0100][gc,phases     ] GC(1223)   Evacuate Collection Set: 2,8ms
[2023-11-08T19:03:18.940+0100][gc,phases     ] GC(1223)   Post Evacuate Collection Set: 0,6ms
[2023-11-08T19:03:18.940+0100][gc,phases     ] GC(1223)   Other: 0,3ms
[2023-11-08T19:03:18.940+0100][gc,heap       ] GC(1223) Eden regions: 472->0(513)
[2023-11-08T19:03:18.940+0100][gc,heap       ] GC(1223) Survivor regions: 5->7(60)
[2023-11-08T19:03:18.940+0100][gc,heap       ] GC(1223) Old regions: 82->82
[2023-11-08T19:03:18.940+0100][gc,heap       ] GC(1223) Humongous regions: 129->129
[2023-11-08T19:03:18.940+0100][gc,metaspace  ] GC(1223) Metaspace: 48289K(52224K)->48289K(52224K) NonClass: 42313K(44544K)->42313K(44544K) Class: 5975K(7680K)->5975K(7680K)
[2023-11-08T19:03:18.940+0100][gc            ] GC(1223) Pause Young (Normal) (G1 Evacuation Pause) 685M->215M(1024M) 3,852ms
[2023-11-08T19:03:18.940+0100][gc,cpu        ] GC(1223) User=0,00s Sys=0,03s Real=0,00s
[2023-11-08T19:03:20.342+0100][gc,start      ] GC(1224) Pause Young (Normal) (G1 Evacuation Pause)
[2023-11-08T19:03:20.343+0100][gc,task       ] GC(1224) Using 13 workers of 13 for evacuation
[2023-11-08T19:03:20.346+0100][gc,phases     ] GC(1224)   Pre Evacuate Collection Set: 0,0ms
[2023-11-08T19:03:20.347+0100][gc,phases     ] GC(1224)   Evacuate Collection Set: 3,2ms
[2023-11-08T19:03:20.347+0100][gc,phases     ] GC(1224)   Post Evacuate Collection Set: 0,6ms
[2023-11-08T19:03:20.347+0100][gc,phases     ] GC(1224)   Other: 0,2ms
[2023-11-08T19:03:20.347+0100][gc,heap       ] GC(1224) Eden regions: 513->0(552)
[2023-11-08T19:03:20.347+0100][gc,heap       ] GC(1224) Survivor regions: 7->9(65)
[2023-11-08T19:03:20.347+0100][gc,heap       ] GC(1224) Old regions: 82->82
[2023-11-08T19:03:20.347+0100][gc,heap       ] GC(1224) Humongous regions: 129->129
[2023-11-08T19:03:20.347+0100][gc,metaspace  ] GC(1224) Metaspace: 48289K(52224K)->48289K(52224K) NonClass: 42313K(44544K)->42313K(44544K) Class: 5975K(7680K)->5975K(7680K)
[2023-11-08T19:03:20.347+0100][gc            ] GC(1224) Pause Young (Normal) (G1 Evacuation Pause) 728M->217M(1024M) 4,109ms
[2023-11-08T19:03:20.347+0100][gc,cpu        ] GC(1224) User=0,01s Sys=0,04s Real=0,01s
[2023-11-08T19:03:21.877+0100][gc,start      ] GC(1225) Pause Young (Normal) (G1 Evacuation Pause)
[2023-11-08T19:03:21.877+0100][gc,task       ] GC(1225) Using 13 workers of 13 for evacuation
[2023-11-08T19:03:21.882+0100][gc,phases     ] GC(1225)   Pre Evacuate Collection Set: 0,0ms
[2023-11-08T19:03:21.882+0100][gc,phases     ] GC(1225)   Evacuate Collection Set: 3,9ms
[2023-11-08T19:03:21.882+0100][gc,phases     ] GC(1225)   Post Evacuate Collection Set: 0,5ms
[2023-11-08T19:03:21.882+0100][gc,phases     ] GC(1225)   Other: 0,3ms
[2023-11-08T19:03:21.882+0100][gc,heap       ] GC(1225) Eden regions: 552->0(570)
[2023-11-08T19:03:21.882+0100][gc,heap       ] GC(1225) Survivor regions: 9->11(71)
[2023-11-08T19:03:21.882+0100][gc,heap       ] GC(1225) Old regions: 82->82
[2023-11-08T19:03:21.882+0100][gc,heap       ] GC(1225) Humongous regions: 129->129
[2023-11-08T19:03:21.882+0100][gc,metaspace  ] GC(1225) Metaspace: 48289K(52224K)->48289K(52224K) NonClass: 42313K(44544K)->42313K(44544K) Class: 5975K(7680K)->5975K(7680K)
[2023-11-08T19:03:21.882+0100][gc            ] GC(1225) Pause Young (Normal) (G1 Evacuation Pause) 769M->219M(1024M) 4,828ms
[2023-11-08T19:03:21.882+0100][gc,cpu        ] GC(1225) User=0,05s Sys=0,00s Real=0,00s
[2023-11-08T19:03:23.473+0100][gc,start      ] GC(1226) Pause Young (Concurrent Start) (G1 Evacuation Pause)
[2023-11-08T19:03:23.473+0100][gc,task       ] GC(1226) Using 13 workers of 13 for evacuation
[2023-11-08T19:03:23.479+0100][gc,phases     ] GC(1226)   Pre Evacuate Collection Set: 0,3ms
[2023-11-08T19:03:23.479+0100][gc,phases     ] GC(1226)   Evacuate Collection Set: 4,9ms
[2023-11-08T19:03:23.479+0100][gc,phases     ] GC(1226)   Post Evacuate Collection Set: 0,7ms
[2023-11-08T19:03:23.479+0100][gc,phases     ] GC(1226)   Other: 0,4ms
[2023-11-08T19:03:23.479+0100][gc,heap       ] GC(1226) Eden regions: 570->0(583)
[2023-11-08T19:03:23.479+0100][gc,heap       ] GC(1226) Survivor regions: 11->13(73)
[2023-11-08T19:03:23.479+0100][gc,heap       ] GC(1226) Old regions: 82->82
[2023-11-08T19:03:23.479+0100][gc,heap       ] GC(1226) Humongous regions: 129->129
[2023-11-08T19:03:23.479+0100][gc,metaspace  ] GC(1226) Metaspace: 48289K(52224K)->48289K(52224K) NonClass: 42313K(44544K)->42313K(44544K) Class: 5975K(7680K)->5975K(7680K)
[2023-11-08T19:03:23.479+0100][gc            ] GC(1226) Pause Young (Concurrent Start) (G1 Evacuation Pause) 789M->221M(1024M) 6,487ms
[2023-11-08T19:03:23.479+0100][gc,cpu        ] GC(1226) User=0,06s Sys=0,00s Real=0,01s
[2023-11-08T19:03:23.479+0100][gc            ] GC(1227) Concurrent Cycle
[2023-11-08T19:03:23.479+0100][gc,marking    ] GC(1227) Concurrent Clear Claimed Marks
[2023-11-08T19:03:23.480+0100][gc,marking    ] GC(1227) Concurrent Clear Claimed Marks 0,353ms
[2023-11-08T19:03:23.480+0100][gc,marking    ] GC(1227) Concurrent Scan Root Regions
[2023-11-08T19:03:23.483+0100][gc,marking    ] GC(1227) Concurrent Scan Root Regions 3,434ms
[2023-11-08T19:03:23.483+0100][gc,marking    ] GC(1227) Concurrent Mark (6475,092s)
[2023-11-08T19:03:23.483+0100][gc,marking    ] GC(1227) Concurrent Mark From Roots
[2023-11-08T19:03:23.483+0100][gc,task       ] GC(1227) Using 3 workers of 3 for marking
[2023-11-08T19:03:23.503+0100][gc,marking    ] GC(1227) Concurrent Mark From Roots 19,681ms
[2023-11-08T19:03:23.503+0100][gc,marking    ] GC(1227) Concurrent Preclean
[2023-11-08T19:03:23.503+0100][gc,marking    ] GC(1227) Concurrent Preclean 0,269ms
[2023-11-08T19:03:23.503+0100][gc,marking    ] GC(1227) Concurrent Mark (6475,092s, 6475,112s) 20,025ms
[2023-11-08T19:03:23.503+0100][gc,start      ] GC(1227) Pause Remark
[2023-11-08T19:03:23.507+0100][gc,stringtable] GC(1227) Cleaned string and symbol table, strings: 18405 processed, 0 removed, symbols: 94795 processed, 0 removed
[2023-11-08T19:03:23.507+0100][gc            ] GC(1227) Pause Remark 232M->232M(1024M) 3,738ms
[2023-11-08T19:03:23.507+0100][gc,cpu        ] GC(1227) User=0,03s Sys=0,00s Real=0,00s
[2023-11-08T19:03:23.507+0100][gc,marking    ] GC(1227) Concurrent Rebuild Remembered Sets
[2023-11-08T19:03:23.520+0100][gc,marking    ] GC(1227) Concurrent Rebuild Remembered Sets 13,112ms
[2023-11-08T19:03:23.520+0100][gc,start      ] GC(1227) Pause Cleanup
[2023-11-08T19:03:23.521+0100][gc            ] GC(1227) Pause Cleanup 238M->238M(1024M) 0,151ms
[2023-11-08T19:03:23.521+0100][gc,cpu        ] GC(1227) User=0,00s Sys=0,00s Real=0,00s
[2023-11-08T19:03:23.521+0100][gc,marking    ] GC(1227) Concurrent Cleanup for Next Mark
[2023-11-08T19:03:23.523+0100][gc,marking    ] GC(1227) Concurrent Cleanup for Next Mark 1,836ms
[2023-11-08T19:03:23.523+0100][gc            ] GC(1227) Concurrent Cycle 43,330ms
[2023-11-08T19:03:23.769+0100][gc,start      ] GC(1228) Pause Young (Prepare Mixed) (G1 Evacuation Pause)
[2023-11-08T19:03:23.769+0100][gc,task       ] GC(1228) Using 13 workers of 13 for evacuation
[2023-11-08T19:03:23.775+0100][gc,phases     ] GC(1228)   Pre Evacuate Collection Set: 0,0ms
[2023-11-08T19:03:23.775+0100][gc,phases     ] GC(1228)   Evacuate Collection Set: 5,1ms
[2023-11-08T19:03:23.775+0100][gc,phases     ] GC(1228)   Post Evacuate Collection Set: 0,6ms
[2023-11-08T19:03:23.775+0100][gc,phases     ] GC(1228)   Other: 0,3ms
[2023-11-08T19:03:23.775+0100][gc,heap       ] GC(1228) Eden regions: 105->0(42)
[2023-11-08T19:03:23.775+0100][gc,heap       ] GC(1228) Survivor regions: 13->9(15)
[2023-11-08T19:03:23.775+0100][gc,heap       ] GC(1228) Old regions: 82->86
[2023-11-08T19:03:23.775+0100][gc,heap       ] GC(1228) Humongous regions: 129->129
[2023-11-08T19:03:23.775+0100][gc,metaspace  ] GC(1228) Metaspace: 48289K(52224K)->48289K(52224K) NonClass: 42313K(44544K)->42313K(44544K) Class: 5975K(7680K)->5975K(7680K)
[2023-11-08T19:03:23.775+0100][gc            ] GC(1228) Pause Young (Prepare Mixed) (G1 Evacuation Pause) 326M->221M(1024M) 6,233ms
[2023-11-08T19:03:23.775+0100][gc,cpu        ] GC(1228) User=0,06s Sys=0,01s Real=0,01s
[2023-11-08T19:03:23.884+0100][gc,start      ] GC(1229) Pause Young (Mixed) (G1 Evacuation Pause)
[2023-11-08T19:03:23.884+0100][gc,task       ] GC(1229) Using 13 workers of 13 for evacuation
[2023-11-08T19:03:23.889+0100][gc,phases     ] GC(1229)   Pre Evacuate Collection Set: 0,0ms
[2023-11-08T19:03:23.889+0100][gc,phases     ] GC(1229)   Evacuate Collection Set: 3,7ms
[2023-11-08T19:03:23.889+0100][gc,phases     ] GC(1229)   Post Evacuate Collection Set: 0,5ms
[2023-11-08T19:03:23.889+0100][gc,phases     ] GC(1229)   Other: 0,3ms
[2023-11-08T19:03:23.889+0100][gc,heap       ] GC(1229) Eden regions: 42->0(560)
[2023-11-08T19:03:23.889+0100][gc,heap       ] GC(1229) Survivor regions: 9->5(7)
[2023-11-08T19:03:23.889+0100][gc,heap       ] GC(1229) Old regions: 86->89
[2023-11-08T19:03:23.889+0100][gc,heap       ] GC(1229) Humongous regions: 129->129
[2023-11-08T19:03:23.889+0100][gc,metaspace  ] GC(1229) Metaspace: 48289K(52224K)->48289K(52224K) NonClass: 42313K(44544K)->42313K(44544K) Class: 5975K(7680K)->5975K(7680K)
[2023-11-08T19:03:23.889+0100][gc            ] GC(1229) Pause Young (Mixed) (G1 Evacuation Pause) 263M->221M(1024M) 4,694ms
[2023-11-08T19:03:23.889+0100][gc,cpu        ] GC(1229) User=0,05s Sys=0,00s Real=0,00s
[2023-11-08T19:03:25.595+0100][gc,start      ] GC(1230) Pause Young (Normal) (G1 Evacuation Pause)
[2023-11-08T19:03:25.595+0100][gc,task       ] GC(1230) Using 13 workers of 13 for evacuation
[2023-11-08T19:03:25.599+0100][gc,phases     ] GC(1230)   Pre Evacuate Collection Set: 0,0ms
[2023-11-08T19:03:25.599+0100][gc,phases     ] GC(1230)   Evacuate Collection Set: 3,2ms
[2023-11-08T19:03:25.599+0100][gc,phases     ] GC(1230)   Post Evacuate Collection Set: 0,6ms
[2023-11-08T19:03:25.599+0100][gc,phases     ] GC(1230)   Other: 0,2ms
[2023-11-08T19:03:25.599+0100][gc,heap       ] GC(1230) Eden regions: 560->0(545)
[2023-11-08T19:03:25.599+0100][gc,heap       ] GC(1230) Survivor regions: 5->6(71)
[2023-11-08T19:03:25.599+0100][gc,heap       ] GC(1230) Old regions: 89->89
[2023-11-08T19:03:25.599+0100][gc,heap       ] GC(1230) Humongous regions: 129->129
[2023-11-08T19:03:25.599+0100][gc,metaspace  ] GC(1230) Metaspace: 48289K(52224K)->48289K(52224K) NonClass: 42313K(44544K)->42313K(44544K) Class: 5975K(7680K)->5975K(7680K)
[2023-11-08T19:03:25.599+0100][gc            ] GC(1230) Pause Young (Normal) (G1 Evacuation Pause) 781M->222M(1024M) 4,170ms
[2023-11-08T19:03:25.599+0100][gc,cpu        ] GC(1230) User=0,02s Sys=0,02s Real=0,00s
[2023-11-08T19:03:27.657+0100][gc,start      ] GC(1231) Pause Young (Normal) (G1 Evacuation Pause)
[2023-11-08T19:03:27.657+0100][gc,task       ] GC(1231) Using 13 workers of 13 for evacuation
[2023-11-08T19:03:27.662+0100][gc,phases     ] GC(1231)   Pre Evacuate Collection Set: 0,0ms
[2023-11-08T19:03:27.662+0100][gc,phases     ] GC(1231)   Evacuate Collection Set: 4,1ms
[2023-11-08T19:03:27.662+0100][gc,phases     ] GC(1231)   Post Evacuate Collection Set: 0,6ms
[2023-11-08T19:03:27.662+0100][gc,phases     ] GC(1231)   Other: 0,3ms
[2023-11-08T19:03:27.662+0100][gc,heap       ] GC(1231) Eden regions: 545->0(583)
[2023-11-08T19:03:27.662+0100][gc,heap       ] GC(1231) Survivor regions: 6->8(69)
[2023-11-08T19:03:27.662+0100][gc,heap       ] GC(1231) Old regions: 89->89
[2023-11-08T19:03:27.662+0100][gc,heap       ] GC(1231) Humongous regions: 129->129
[2023-11-08T19:03:27.662+0100][gc,metaspace  ] GC(1231) Metaspace: 48289K(52224K)->48289K(52224K) NonClass: 42313K(44544K)->42313K(44544K) Class: 5975K(7680K)->5975K(7680K)
[2023-11-08T19:03:27.662+0100][gc            ] GC(1231) Pause Young (Normal) (G1 Evacuation Pause) 767M->224M(1024M) 5,087ms
[2023-11-08T19:03:27.662+0100][gc,cpu        ] GC(1231) User=0,05s Sys=0,01s Real=0,00s
[2023-11-08T19:03:30.384+0100][gc,start      ] GC(1232) Pause Young (Concurrent Start) (G1 Evacuation Pause)
[2023-11-08T19:03:30.384+0100][gc,task       ] GC(1232) Using 13 workers of 13 for evacuation
[2023-11-08T19:03:30.390+0100][gc,phases     ] GC(1232)   Pre Evacuate Collection Set: 0,3ms
[2023-11-08T19:03:30.390+0100][gc,phases     ] GC(1232)   Evacuate Collection Set: 5,1ms
[2023-11-08T19:03:30.390+0100][gc,phases     ] GC(1232)   Post Evacuate Collection Set: 0,7ms
[2023-11-08T19:03:30.390+0100][gc,phases     ] GC(1232)   Other: 0,3ms
[2023-11-08T19:03:30.390+0100][gc,heap       ] GC(1232) Eden regions: 583->0(582)
[2023-11-08T19:03:30.390+0100][gc,heap       ] GC(1232) Survivor regions: 8->9(74)
[2023-11-08T19:03:30.390+0100][gc,heap       ] GC(1232) Old regions: 89->89
[2023-11-08T19:03:30.390+0100][gc,heap       ] GC(1232) Humongous regions: 129->129
[2023-11-08T19:03:30.390+0100][gc,metaspace  ] GC(1232) Metaspace: 48289K(52224K)->48289K(52224K) NonClass: 42313K(44544K)->42313K(44544K) Class: 5975K(7680K)->5975K(7680K)
[2023-11-08T19:03:30.390+0100][gc            ] GC(1232) Pause Young (Concurrent Start) (G1 Evacuation Pause) 807M->225M(1024M) 6,542ms
[2023-11-08T19:03:30.390+0100][gc,cpu        ] GC(1232) User=0,06s Sys=0,01s Real=0,00s
[2023-11-08T19:03:30.390+0100][gc            ] GC(1233) Concurrent Cycle
[2023-11-08T19:03:30.390+0100][gc,marking    ] GC(1233) Concurrent Clear Claimed Marks
[2023-11-08T19:03:30.391+0100][gc,marking    ] GC(1233) Concurrent Clear Claimed Marks 0,342ms
[2023-11-08T19:03:30.391+0100][gc,marking    ] GC(1233) Concurrent Scan Root Regions
[2023-11-08T19:03:30.394+0100][gc,marking    ] GC(1233) Concurrent Scan Root Regions 3,292ms
[2023-11-08T19:03:30.394+0100][gc,marking    ] GC(1233) Concurrent Mark (6482,003s)
[2023-11-08T19:03:30.394+0100][gc,marking    ] GC(1233) Concurrent Mark From Roots
[2023-11-08T19:03:30.394+0100][gc,task       ] GC(1233) Using 3 workers of 3 for marking
[2023-11-08T19:03:30.418+0100][gc,marking    ] GC(1233) Concurrent Mark From Roots 24,149ms
[2023-11-08T19:03:30.418+0100][gc,marking    ] GC(1233) Concurrent Preclean
[2023-11-08T19:03:30.418+0100][gc,marking    ] GC(1233) Concurrent Preclean 0,191ms
[2023-11-08T19:03:30.419+0100][gc,marking    ] GC(1233) Concurrent Mark (6482,003s, 6482,027s) 24,388ms
[2023-11-08T19:03:30.419+0100][gc,start      ] GC(1233) Pause Remark
[2023-11-08T19:03:30.422+0100][gc,stringtable] GC(1233) Cleaned string and symbol table, strings: 18405 processed, 0 removed, symbols: 94795 processed, 0 removed
[2023-11-08T19:03:30.422+0100][gc            ] GC(1233) Pause Remark 233M->233M(1024M) 3,808ms
[2023-11-08T19:03:30.423+0100][gc,cpu        ] GC(1233) User=0,02s Sys=0,03s Real=0,00s
[2023-11-08T19:03:30.423+0100][gc,marking    ] GC(1233) Concurrent Rebuild Remembered Sets
[2023-11-08T19:03:30.437+0100][gc,marking    ] GC(1233) Concurrent Rebuild Remembered Sets 14,072ms
[2023-11-08T19:03:30.437+0100][gc,start      ] GC(1233) Pause Cleanup
[2023-11-08T19:03:30.437+0100][gc            ] GC(1233) Pause Cleanup 236M->236M(1024M) 0,290ms
[2023-11-08T19:03:30.437+0100][gc,cpu        ] GC(1233) User=0,00s Sys=0,00s Real=0,00s
[2023-11-08T19:03:30.437+0100][gc,marking    ] GC(1233) Concurrent Cleanup for Next Mark
[2023-11-08T19:03:30.439+0100][gc,marking    ] GC(1233) Concurrent Cleanup for Next Mark 2,174ms
[2023-11-08T19:03:30.439+0100][gc            ] GC(1233) Concurrent Cycle 49,037ms
[2023-11-08T19:03:30.678+0100][gc,start      ] GC(1234) Pause Young (Normal) (G1 Evacuation Pause)
[2023-11-08T19:03:30.678+0100][gc,task       ] GC(1234) Using 13 workers of 13 for evacuation
[2023-11-08T19:03:30.683+0100][gc,phases     ] GC(1234)   Pre Evacuate Collection Set: 0,0ms
[2023-11-08T19:03:30.683+0100][gc,phases     ] GC(1234)   Evacuate Collection Set: 4,7ms
[2023-11-08T19:03:30.683+0100][gc,phases     ] GC(1234)   Post Evacuate Collection Set: 0,5ms
[2023-11-08T19:03:30.683+0100][gc,phases     ] GC(1234)   Other: 0,3ms
[2023-11-08T19:03:30.683+0100][gc,heap       ] GC(1234) Eden regions: 48->0(162)
[2023-11-08T19:03:30.683+0100][gc,heap       ] GC(1234) Survivor regions: 9->4(8)
[2023-11-08T19:03:30.683+0100][gc,heap       ] GC(1234) Old regions: 89->95
[2023-11-08T19:03:30.683+0100][gc,heap       ] GC(1234) Humongous regions: 129->129
[2023-11-08T19:03:30.683+0100][gc,metaspace  ] GC(1234) Metaspace: 48289K(52224K)->48289K(52224K) NonClass: 42313K(44544K)->42313K(44544K) Class: 5975K(7680K)->5975K(7680K)
[2023-11-08T19:03:30.684+0100][gc            ] GC(1234) Pause Young (Normal) (G1 Evacuation Pause) 273M->225M(1024M) 5,689ms
[2023-11-08T19:03:30.684+0100][gc,cpu        ] GC(1234) User=0,06s Sys=0,00s Real=0,01s
[2023-11-08T19:03:31.926+0100][gc,start      ] GC(1235) Pause Young (Concurrent Start) (G1 Evacuation Pause)
[2023-11-08T19:03:31.926+0100][gc,task       ] GC(1235) Using 13 workers of 13 for evacuation
[2023-11-08T19:03:31.929+0100][gc,phases     ] GC(1235)   Pre Evacuate Collection Set: 0,2ms
[2023-11-08T19:03:31.929+0100][gc,phases     ] GC(1235)   Evacuate Collection Set: 2,0ms
[2023-11-08T19:03:31.929+0100][gc,phases     ] GC(1235)   Post Evacuate Collection Set: 0,6ms
[2023-11-08T19:03:31.929+0100][gc,phases     ] GC(1235)   Other: 0,3ms
[2023-11-08T19:03:31.929+0100][gc,heap       ] GC(1235) Eden regions: 162->0(211)
[2023-11-08T19:03:31.929+0100][gc,heap       ] GC(1235) Survivor regions: 4->4(21)
[2023-11-08T19:03:31.929+0100][gc,heap       ] GC(1235) Old regions: 95->95
[2023-11-08T19:03:31.929+0100][gc,heap       ] GC(1235) Humongous regions: 129->129
[2023-11-08T19:03:31.929+0100][gc,metaspace  ] GC(1235) Metaspace: 48289K(52224K)->48289K(52224K) NonClass: 42313K(44544K)->42313K(44544K) Class: 5975K(7680K)->5975K(7680K)
[2023-11-08T19:03:31.929+0100][gc            ] GC(1235) Pause Young (Concurrent Start) (G1 Evacuation Pause) 387M->226M(1024M) 3,253ms
[2023-11-08T19:03:31.929+0100][gc,cpu        ] GC(1235) User=0,02s Sys=0,01s Real=0,00s
[2023-11-08T19:03:31.930+0100][gc            ] GC(1236) Concurrent Cycle
[2023-11-08T19:03:31.930+0100][gc,marking    ] GC(1236) Concurrent Clear Claimed Marks
[2023-11-08T19:03:31.930+0100][gc,marking    ] GC(1236) Concurrent Clear Claimed Marks 0,332ms
[2023-11-08T19:03:31.930+0100][gc,marking    ] GC(1236) Concurrent Scan Root Regions
[2023-11-08T19:03:31.932+0100][gc,marking    ] GC(1236) Concurrent Scan Root Regions 1,757ms
[2023-11-08T19:03:31.932+0100][gc,marking    ] GC(1236) Concurrent Mark (6483,540s)
[2023-11-08T19:03:31.932+0100][gc,marking    ] GC(1236) Concurrent Mark From Roots
[2023-11-08T19:03:31.932+0100][gc,task       ] GC(1236) Using 3 workers of 3 for marking
[2023-11-08T19:03:31.953+0100][gc,marking    ] GC(1236) Concurrent Mark From Roots 21,147ms
[2023-11-08T19:03:31.953+0100][gc,marking    ] GC(1236) Concurrent Preclean
[2023-11-08T19:03:31.953+0100][gc,marking    ] GC(1236) Concurrent Preclean 0,159ms
[2023-11-08T19:03:31.953+0100][gc,marking    ] GC(1236) Concurrent Mark (6483,540s, 6483,562s) 21,376ms
[2023-11-08T19:03:31.953+0100][gc,start      ] GC(1236) Pause Remark
[2023-11-08T19:03:31.957+0100][gc,stringtable] GC(1236) Cleaned string and symbol table, strings: 18405 processed, 0 removed, symbols: 94795 processed, 0 removed
[2023-11-08T19:03:31.957+0100][gc            ] GC(1236) Pause Remark 229M->229M(1024M) 4,070ms
[2023-11-08T19:03:31.957+0100][gc,cpu        ] GC(1236) User=0,04s Sys=0,00s Real=0,01s
[2023-11-08T19:03:31.957+0100][gc,marking    ] GC(1236) Concurrent Rebuild Remembered Sets
[2023-11-08T19:03:31.971+0100][gc,marking    ] GC(1236) Concurrent Rebuild Remembered Sets 14,035ms
[2023-11-08T19:03:31.972+0100][gc,start      ] GC(1236) Pause Cleanup
[2023-11-08T19:03:31.972+0100][gc            ] GC(1236) Pause Cleanup 232M->232M(1024M) 0,232ms
[2023-11-08T19:03:31.972+0100][gc,cpu        ] GC(1236) User=0,00s Sys=0,00s Real=0,00s
[2023-11-08T19:03:31.972+0100][gc,marking    ] GC(1236) Concurrent Cleanup for Next Mark
[2023-11-08T19:03:31.973+0100][gc,marking    ] GC(1236) Concurrent Cleanup for Next Mark 1,505ms
[2023-11-08T19:03:31.973+0100][gc            ] GC(1236) Concurrent Cycle 43,973ms
[2023-11-08T19:13:02.012+0100][gc,start      ] GC(1237) Pause Young (Prepare Mixed) (G1 Evacuation Pause)
[2023-11-08T19:13:02.012+0100][gc,task       ] GC(1237) Using 13 workers of 13 for evacuation
[2023-11-08T19:13:02.018+0100][gc,phases     ] GC(1237)   Pre Evacuate Collection Set: 0,0ms
[2023-11-08T19:13:02.018+0100][gc,phases     ] GC(1237)   Evacuate Collection Set: 5,4ms
[2023-11-08T19:13:02.018+0100][gc,phases     ] GC(1237)   Post Evacuate Collection Set: 0,7ms
[2023-11-08T19:13:02.018+0100][gc,phases     ] GC(1237)   Other: 0,6ms
[2023-11-08T19:13:02.018+0100][gc,heap       ] GC(1237) Eden regions: 211->0(47)
[2023-11-08T19:13:02.018+0100][gc,heap       ] GC(1237) Survivor regions: 4->4(27)
[2023-11-08T19:13:02.018+0100][gc,heap       ] GC(1237) Old regions: 95->95
[2023-11-08T19:13:02.018+0100][gc,heap       ] GC(1237) Humongous regions: 129->129
[2023-11-08T19:13:02.018+0100][gc,metaspace  ] GC(1237) Metaspace: 48291K(52224K)->48291K(52224K) NonClass: 42316K(44544K)->42316K(44544K) Class: 5975K(7680K)->5975K(7680K)
[2023-11-08T19:13:02.019+0100][gc            ] GC(1237) Pause Young (Prepare Mixed) (G1 Evacuation Pause) 437M->226M(1024M) 6,817ms
[2023-11-08T19:13:02.019+0100][gc,cpu        ] GC(1237) User=0,05s Sys=0,01s Real=0,01s
[2023-11-08T19:13:56.177+0100][gc,start      ] GC(1238) Pause Young (Mixed) (G1 Evacuation Pause)
[2023-11-08T19:13:56.177+0100][gc,task       ] GC(1238) Using 13 workers of 13 for evacuation
[2023-11-08T19:13:56.185+0100][gc,phases     ] GC(1238)   Pre Evacuate Collection Set: 0,0ms
[2023-11-08T19:13:56.185+0100][gc,phases     ] GC(1238)   Evacuate Collection Set: 7,1ms
[2023-11-08T19:13:56.185+0100][gc,phases     ] GC(1238)   Post Evacuate Collection Set: 0,9ms
[2023-11-08T19:13:56.185+0100][gc,phases     ] GC(1238)   Other: 0,5ms
[2023-11-08T19:13:56.185+0100][gc,heap       ] GC(1238) Eden regions: 47->0(189)
[2023-11-08T19:13:56.185+0100][gc,heap       ] GC(1238) Survivor regions: 4->7(7)
[2023-11-08T19:13:56.185+0100][gc,heap       ] GC(1238) Old regions: 95->95
[2023-11-08T19:13:56.185+0100][gc,heap       ] GC(1238) Humongous regions: 129->129
[2023-11-08T19:13:56.185+0100][gc,metaspace  ] GC(1238) Metaspace: 48291K(52224K)->48291K(52224K) NonClass: 42316K(44544K)->42316K(44544K) Class: 5975K(7680K)->5975K(7680K)
[2023-11-08T19:13:56.185+0100][gc            ] GC(1238) Pause Young (Mixed) (G1 Evacuation Pause) 273M->229M(1024M) 8,786ms
[2023-11-08T19:13:56.185+0100][gc,cpu        ] GC(1238) User=0,09s Sys=0,00s Real=0,01s
[2023-11-08T19:14:53.908+0100][gc,start      ] GC(1239) Pause Young (Normal) (G1 Evacuation Pause)
[2023-11-08T19:14:53.908+0100][gc,task       ] GC(1239) Using 13 workers of 13 for evacuation
[2023-11-08T19:14:53.916+0100][gc,phases     ] GC(1239)   Pre Evacuate Collection Set: 0,0ms
[2023-11-08T19:14:53.917+0100][gc,phases     ] GC(1239)   Evacuate Collection Set: 7,2ms
[2023-11-08T19:14:53.917+0100][gc,phases     ] GC(1239)   Post Evacuate Collection Set: 0,6ms
[2023-11-08T19:14:53.917+0100][gc,phases     ] GC(1239)   Other: 0,3ms
[2023-11-08T19:14:53.917+0100][gc,heap       ] GC(1239) Eden regions: 44->0(89)
[2023-11-08T19:14:53.917+0100][gc,heap       ] GC(1239) Survivor regions: 7->5(7)
[2023-11-08T19:14:53.917+0100][gc,heap       ] GC(1239) Old regions: 95->102
[2023-11-08T19:14:53.917+0100][gc,heap       ] GC(1239) Humongous regions: 129->129
[2023-11-08T19:14:53.917+0100][gc,metaspace  ] GC(1239) Metaspace: 48295K(52224K)->48295K(52224K) NonClass: 42319K(44544K)->42319K(44544K) Class: 5975K(7680K)->5975K(7680K)
[2023-11-08T19:14:53.917+0100][gc            ] GC(1239) Pause Young (Normal) (G1 Evacuation Pause) 273M->234M(1024M) 8,286ms
[2023-11-08T19:14:53.917+0100][gc,cpu        ] GC(1239) User=0,10s Sys=0,00s Real=0,01s
[2023-11-08T19:15:58.178+0100][gc,start      ] GC(1240) Pause Young (Concurrent Start) (G1 Evacuation Pause)
[2023-11-08T19:15:58.178+0100][gc,task       ] GC(1240) Using 13 workers of 13 for evacuation
[2023-11-08T19:15:58.190+0100][gc,phases     ] GC(1240)   Pre Evacuate Collection Set: 0,3ms
[2023-11-08T19:15:58.190+0100][gc,phases     ] GC(1240)   Evacuate Collection Set: 10,7ms
[2023-11-08T19:15:58.190+0100][gc,phases     ] GC(1240)   Post Evacuate Collection Set: 0,7ms
[2023-11-08T19:15:58.190+0100][gc,phases     ] GC(1240)   Other: 0,4ms
[2023-11-08T19:15:58.190+0100][gc,heap       ] GC(1240) Eden regions: 56->0(57)
[2023-11-08T19:15:58.190+0100][gc,heap       ] GC(1240) Survivor regions: 5->8(8)
[2023-11-08T19:15:58.190+0100][gc,heap       ] GC(1240) Old regions: 102->109
[2023-11-08T19:15:58.190+0100][gc,heap       ] GC(1240) Humongous regions: 129->129
[2023-11-08T19:15:58.190+0100][gc,metaspace  ] GC(1240) Metaspace: 48295K(52224K)->48295K(52224K) NonClass: 42319K(44544K)->42319K(44544K) Class: 5975K(7680K)->5975K(7680K)
[2023-11-08T19:15:58.190+0100][gc            ] GC(1240) Pause Young (Concurrent Start) (G1 Evacuation Pause) 290M->244M(1024M) 12,230ms
[2023-11-08T19:15:58.190+0100][gc,cpu        ] GC(1240) User=0,11s Sys=0,02s Real=0,01s
[2023-11-08T19:15:58.190+0100][gc            ] GC(1241) Concurrent Cycle
[2023-11-08T19:15:58.190+0100][gc,marking    ] GC(1241) Concurrent Clear Claimed Marks
[2023-11-08T19:15:58.190+0100][gc,marking    ] GC(1241) Concurrent Clear Claimed Marks 0,332ms
[2023-11-08T19:15:58.190+0100][gc,marking    ] GC(1241) Concurrent Scan Root Regions
[2023-11-08T19:15:58.194+0100][gc,marking    ] GC(1241) Concurrent Scan Root Regions 3,287ms
[2023-11-08T19:15:58.194+0100][gc,marking    ] GC(1241) Concurrent Mark (7229,802s)
[2023-11-08T19:15:58.194+0100][gc,marking    ] GC(1241) Concurrent Mark From Roots
[2023-11-08T19:15:58.194+0100][gc,task       ] GC(1241) Using 3 workers of 3 for marking
[2023-11-08T19:15:58.211+0100][gc,marking    ] GC(1241) Concurrent Mark From Roots 16,785ms
[2023-11-08T19:15:58.211+0100][gc,marking    ] GC(1241) Concurrent Preclean
[2023-11-08T19:15:58.211+0100][gc,marking    ] GC(1241) Concurrent Preclean 0,188ms
[2023-11-08T19:15:58.211+0100][gc,marking    ] GC(1241) Concurrent Mark (7229,802s, 7229,819s) 17,029ms
[2023-11-08T19:15:58.211+0100][gc,start      ] GC(1241) Pause Remark
[2023-11-08T19:15:58.216+0100][gc,stringtable] GC(1241) Cleaned string and symbol table, strings: 18405 processed, 2 removed, symbols: 94795 processed, 0 removed
[2023-11-08T19:15:58.216+0100][gc            ] GC(1241) Pause Remark 244M->243M(1024M) 5,098ms
[2023-11-08T19:15:58.216+0100][gc,cpu        ] GC(1241) User=0,05s Sys=0,00s Real=0,01s
[2023-11-08T19:15:58.216+0100][gc,marking    ] GC(1241) Concurrent Rebuild Remembered Sets
[2023-11-08T19:15:58.230+0100][gc,marking    ] GC(1241) Concurrent Rebuild Remembered Sets 13,654ms
[2023-11-08T19:15:58.230+0100][gc,start      ] GC(1241) Pause Cleanup
[2023-11-08T19:15:58.230+0100][gc            ] GC(1241) Pause Cleanup 243M->243M(1024M) 0,219ms
[2023-11-08T19:15:58.230+0100][gc,cpu        ] GC(1241) User=0,00s Sys=0,00s Real=0,00s
[2023-11-08T19:15:58.230+0100][gc,marking    ] GC(1241) Concurrent Cleanup for Next Mark
[2023-11-08T19:15:58.232+0100][gc,marking    ] GC(1241) Concurrent Cleanup for Next Mark 1,394ms
[2023-11-08T19:15:58.232+0100][gc            ] GC(1241) Concurrent Cycle 41,688ms
[2023-11-08T19:16:11.974+0100][gc,start      ] GC(1242) Pause Young (Prepare Mixed) (G1 Evacuation Pause)
[2023-11-08T19:16:11.974+0100][gc,task       ] GC(1242) Using 13 workers of 13 for evacuation
[2023-11-08T19:16:11.985+0100][gc,phases     ] GC(1242)   Pre Evacuate Collection Set: 0,0ms
[2023-11-08T19:16:11.985+0100][gc,phases     ] GC(1242)   Evacuate Collection Set: 10,3ms
[2023-11-08T19:16:11.985+0100][gc,phases     ] GC(1242)   Post Evacuate Collection Set: 0,5ms
[2023-11-08T19:16:11.985+0100][gc,phases     ] GC(1242)   Other: 0,3ms
[2023-11-08T19:16:11.985+0100][gc,heap       ] GC(1242) Eden regions: 43->0(45)
[2023-11-08T19:16:11.985+0100][gc,heap       ] GC(1242) Survivor regions: 8->6(7)
[2023-11-08T19:16:11.985+0100][gc,heap       ] GC(1242) Old regions: 108->116
[2023-11-08T19:16:11.985+0100][gc,heap       ] GC(1242) Humongous regions: 129->129
[2023-11-08T19:16:11.985+0100][gc,metaspace  ] GC(1242) Metaspace: 48295K(52224K)->48295K(52224K) NonClass: 42320K(44544K)->42320K(44544K) Class: 5975K(7680K)->5975K(7680K)
[2023-11-08T19:16:11.985+0100][gc            ] GC(1242) Pause Young (Prepare Mixed) (G1 Evacuation Pause) 286M->248M(1024M) 11,225ms
[2023-11-08T19:16:11.985+0100][gc,cpu        ] GC(1242) User=0,13s Sys=0,00s Real=0,02s
[2023-11-08T19:16:12.465+0100][gc,start      ] GC(1243) Pause Young (Mixed) (G1 Evacuation Pause)
[2023-11-08T19:16:12.465+0100][gc,task       ] GC(1243) Using 13 workers of 13 for evacuation
[2023-11-08T19:16:12.471+0100][gc,phases     ] GC(1243)   Pre Evacuate Collection Set: 0,0ms
[2023-11-08T19:16:12.472+0100][gc,phases     ] GC(1243)   Evacuate Collection Set: 5,7ms
[2023-11-08T19:16:12.472+0100][gc,phases     ] GC(1243)   Post Evacuate Collection Set: 0,5ms
[2023-11-08T19:16:12.472+0100][gc,phases     ] GC(1243)   Other: 0,3ms
[2023-11-08T19:16:12.472+0100][gc,heap       ] GC(1243) Eden regions: 45->0(50)
[2023-11-08T19:16:12.472+0100][gc,heap       ] GC(1243) Survivor regions: 6->3(7)
[2023-11-08T19:16:12.472+0100][gc,heap       ] GC(1243) Old regions: 116->102
[2023-11-08T19:16:12.472+0100][gc,heap       ] GC(1243) Humongous regions: 129->129
[2023-11-08T19:16:12.472+0100][gc,metaspace  ] GC(1243) Metaspace: 48295K(52224K)->48295K(52224K) NonClass: 42320K(44544K)->42320K(44544K) Class: 5975K(7680K)->5975K(7680K)
[2023-11-08T19:16:12.472+0100][gc            ] GC(1243) Pause Young (Mixed) (G1 Evacuation Pause) 293M->231M(1024M) 6,570ms
[2023-11-08T19:16:12.472+0100][gc,cpu        ] GC(1243) User=0,07s Sys=0,00s Real=0,00s
[2023-11-08T19:16:12.970+0100][gc,start      ] GC(1244) Pause Young (Concurrent Start) (G1 Evacuation Pause)
[2023-11-08T19:16:12.970+0100][gc,task       ] GC(1244) Using 13 workers of 13 for evacuation
[2023-11-08T19:16:12.975+0100][gc,phases     ] GC(1244)   Pre Evacuate Collection Set: 0,3ms
[2023-11-08T19:16:12.975+0100][gc,phases     ] GC(1244)   Evacuate Collection Set: 3,6ms
[2023-11-08T19:16:12.975+0100][gc,phases     ] GC(1244)   Post Evacuate Collection Set: 0,5ms
[2023-11-08T19:16:12.975+0100][gc,phases     ] GC(1244)   Other: 0,3ms
[2023-11-08T19:16:12.975+0100][gc,heap       ] GC(1244) Eden regions: 50->0(69)
[2023-11-08T19:16:12.975+0100][gc,heap       ] GC(1244) Survivor regions: 3->4(7)
[2023-11-08T19:16:12.975+0100][gc,heap       ] GC(1244) Old regions: 102->102
[2023-11-08T19:16:12.975+0100][gc,heap       ] GC(1244) Humongous regions: 129->129
[2023-11-08T19:16:12.975+0100][gc,metaspace  ] GC(1244) Metaspace: 48295K(52224K)->48295K(52224K) NonClass: 42320K(44544K)->42320K(44544K) Class: 5975K(7680K)->5975K(7680K)
[2023-11-08T19:16:12.975+0100][gc            ] GC(1244) Pause Young (Concurrent Start) (G1 Evacuation Pause) 281M->232M(1024M) 4,852ms
[2023-11-08T19:16:12.975+0100][gc,cpu        ] GC(1244) User=0,00s Sys=0,04s Real=0,01s
[2023-11-08T19:16:12.975+0100][gc            ] GC(1245) Concurrent Cycle
[2023-11-08T19:16:12.975+0100][gc,marking    ] GC(1245) Concurrent Clear Claimed Marks
[2023-11-08T19:16:12.975+0100][gc,marking    ] GC(1245) Concurrent Clear Claimed Marks 0,227ms
[2023-11-08T19:16:12.976+0100][gc,marking    ] GC(1245) Concurrent Scan Root Regions
[2023-11-08T19:16:12.977+0100][gc,marking    ] GC(1245) Concurrent Scan Root Regions 1,950ms
[2023-11-08T19:16:12.978+0100][gc,marking    ] GC(1245) Concurrent Mark (7244,586s)
[2023-11-08T19:16:12.978+0100][gc,marking    ] GC(1245) Concurrent Mark From Roots
[2023-11-08T19:16:12.978+0100][gc,task       ] GC(1245) Using 3 workers of 3 for marking
[2023-11-08T19:16:12.993+0100][gc,marking    ] GC(1245) Concurrent Mark From Roots 15,210ms
[2023-11-08T19:16:12.993+0100][gc,marking    ] GC(1245) Concurrent Preclean
[2023-11-08T19:16:12.993+0100][gc,marking    ] GC(1245) Concurrent Preclean 0,203ms
[2023-11-08T19:16:12.993+0100][gc,marking    ] GC(1245) Concurrent Mark (7244,586s, 7244,602s) 15,465ms
[2023-11-08T19:16:12.993+0100][gc,start      ] GC(1245) Pause Remark
[2023-11-08T19:16:12.997+0100][gc,stringtable] GC(1245) Cleaned string and symbol table, strings: 18403 processed, 0 removed, symbols: 94795 processed, 0 removed
[2023-11-08T19:16:12.997+0100][gc            ] GC(1245) Pause Remark 234M->231M(1024M) 4,238ms
[2023-11-08T19:16:12.997+0100][gc,cpu        ] GC(1245) User=0,04s Sys=0,00s Real=0,01s
[2023-11-08T19:16:12.997+0100][gc,marking    ] GC(1245) Concurrent Rebuild Remembered Sets
[2023-11-08T19:16:13.006+0100][gc,marking    ] GC(1245) Concurrent Rebuild Remembered Sets 8,628ms
[2023-11-08T19:16:13.006+0100][gc,start      ] GC(1245) Pause Cleanup
[2023-11-08T19:16:13.006+0100][gc            ] GC(1245) Pause Cleanup 232M->232M(1024M) 0,158ms
[2023-11-08T19:16:13.006+0100][gc,cpu        ] GC(1245) User=0,00s Sys=0,00s Real=0,00s
[2023-11-08T19:16:13.006+0100][gc,marking    ] GC(1245) Concurrent Cleanup for Next Mark
[2023-11-08T19:16:13.008+0100][gc,marking    ] GC(1245) Concurrent Cleanup for Next Mark 1,666ms
[2023-11-08T19:16:13.008+0100][gc            ] GC(1245) Concurrent Cycle 32,847ms
[2023-11-08T19:16:13.685+0100][gc,start      ] GC(1246) Pause Young (Prepare Mixed) (G1 Evacuation Pause)
[2023-11-08T19:16:13.685+0100][gc,task       ] GC(1246) Using 13 workers of 13 for evacuation
[2023-11-08T19:16:13.688+0100][gc,phases     ] GC(1246)   Pre Evacuate Collection Set: 0,0ms
[2023-11-08T19:16:13.688+0100][gc,phases     ] GC(1246)   Evacuate Collection Set: 2,7ms
[2023-11-08T19:16:13.688+0100][gc,phases     ] GC(1246)   Post Evacuate Collection Set: 0,4ms
[2023-11-08T19:16:13.689+0100][gc,phases     ] GC(1246)   Other: 0,2ms
[2023-11-08T19:16:13.689+0100][gc,heap       ] GC(1246) Eden regions: 69->0(46)
[2023-11-08T19:16:13.689+0100][gc,heap       ] GC(1246) Survivor regions: 4->5(10)
[2023-11-08T19:16:13.689+0100][gc,heap       ] GC(1246) Old regions: 99->99
[2023-11-08T19:16:13.689+0100][gc,heap       ] GC(1246) Humongous regions: 129->129
[2023-11-08T19:16:13.689+0100][gc,metaspace  ] GC(1246) Metaspace: 48295K(52224K)->48295K(52224K) NonClass: 42320K(44544K)->42320K(44544K) Class: 5975K(7680K)->5975K(7680K)
[2023-11-08T19:16:13.689+0100][gc            ] GC(1246) Pause Young (Prepare Mixed) (G1 Evacuation Pause) 298M->230M(1024M) 3,490ms
[2023-11-08T19:16:13.689+0100][gc,cpu        ] GC(1246) User=0,03s Sys=0,00s Real=0,00s
[2023-11-08T19:16:14.119+0100][gc,start      ] GC(1247) Pause Young (Mixed) (G1 Evacuation Pause)
[2023-11-08T19:16:14.119+0100][gc,task       ] GC(1247) Using 13 workers of 13 for evacuation
[2023-11-08T19:16:14.124+0100][gc,phases     ] GC(1247)   Pre Evacuate Collection Set: 0,1ms
[2023-11-08T19:16:14.124+0100][gc,phases     ] GC(1247)   Evacuate Collection Set: 3,7ms
[2023-11-08T19:16:14.124+0100][gc,phases     ] GC(1247)   Post Evacuate Collection Set: 0,5ms
[2023-11-08T19:16:14.124+0100][gc,phases     ] GC(1247)   Other: 0,4ms
[2023-11-08T19:16:14.124+0100][gc,heap       ] GC(1247) Eden regions: 46->0(98)
[2023-11-08T19:16:14.124+0100][gc,heap       ] GC(1247) Survivor regions: 5->3(7)
[2023-11-08T19:16:14.124+0100][gc,heap       ] GC(1247) Old regions: 99->82
[2023-11-08T19:16:14.124+0100][gc,heap       ] GC(1247) Humongous regions: 129->129
[2023-11-08T19:16:14.124+0100][gc,metaspace  ] GC(1247) Metaspace: 48295K(52224K)->48295K(52224K) NonClass: 42320K(44544K)->42320K(44544K) Class: 5975K(7680K)->5975K(7680K)
[2023-11-08T19:16:14.124+0100][gc            ] GC(1247) Pause Young (Mixed) (G1 Evacuation Pause) 276M->212M(1024M) 4,735ms
[2023-11-08T19:16:14.124+0100][gc,cpu        ] GC(1247) User=0,04s Sys=0,00s Real=0,01s
[2023-11-08T19:16:15.014+0100][gc,start      ] GC(1248) Pause Young (Concurrent Start) (G1 Evacuation Pause)
[2023-11-08T19:16:15.014+0100][gc,task       ] GC(1248) Using 13 workers of 13 for evacuation
[2023-11-08T19:16:15.019+0100][gc,phases     ] GC(1248)   Pre Evacuate Collection Set: 0,2ms
[2023-11-08T19:16:15.019+0100][gc,phases     ] GC(1248)   Evacuate Collection Set: 3,4ms
[2023-11-08T19:16:15.019+0100][gc,phases     ] GC(1248)   Post Evacuate Collection Set: 1,7ms
[2023-11-08T19:16:15.019+0100][gc,phases     ] GC(1248)   Other: 0,3ms
[2023-11-08T19:16:15.019+0100][gc,heap       ] GC(1248) Eden regions: 98->0(105)
[2023-11-08T19:16:15.019+0100][gc,heap       ] GC(1248) Survivor regions: 3->4(13)
[2023-11-08T19:16:15.019+0100][gc,heap       ] GC(1248) Old regions: 82->82
[2023-11-08T19:16:15.019+0100][gc,heap       ] GC(1248) Humongous regions: 129->129
[2023-11-08T19:16:15.019+0100][gc,metaspace  ] GC(1248) Metaspace: 48295K(52224K)->48295K(52224K) NonClass: 42320K(44544K)->42320K(44544K) Class: 5975K(7680K)->5975K(7680K)
[2023-11-08T19:16:15.019+0100][gc            ] GC(1248) Pause Young (Concurrent Start) (G1 Evacuation Pause) 310M->212M(1024M) 5,804ms
[2023-11-08T19:16:15.019+0100][gc,cpu        ] GC(1248) User=0,04s Sys=0,00s Real=0,01s
[2023-11-08T19:16:15.020+0100][gc            ] GC(1249) Concurrent Cycle
[2023-11-08T19:16:15.020+0100][gc,marking    ] GC(1249) Concurrent Clear Claimed Marks
[2023-11-08T19:16:15.020+0100][gc,marking    ] GC(1249) Concurrent Clear Claimed Marks 0,346ms
[2023-11-08T19:16:15.020+0100][gc,marking    ] GC(1249) Concurrent Scan Root Regions
[2023-11-08T19:16:15.022+0100][gc,marking    ] GC(1249) Concurrent Scan Root Regions 1,884ms
[2023-11-08T19:16:15.022+0100][gc,marking    ] GC(1249) Concurrent Mark (7246,630s)
[2023-11-08T19:16:15.022+0100][gc,marking    ] GC(1249) Concurrent Mark From Roots
[2023-11-08T19:16:15.022+0100][gc,task       ] GC(1249) Using 3 workers of 3 for marking
[2023-11-08T19:16:15.038+0100][gc,marking    ] GC(1249) Concurrent Mark From Roots 16,077ms
[2023-11-08T19:16:15.038+0100][gc,marking    ] GC(1249) Concurrent Preclean
[2023-11-08T19:16:15.038+0100][gc,marking    ] GC(1249) Concurrent Preclean 0,186ms
[2023-11-08T19:16:15.038+0100][gc,marking    ] GC(1249) Concurrent Mark (7246,630s, 7246,647s) 16,320ms
[2023-11-08T19:16:15.038+0100][gc,start      ] GC(1249) Pause Remark
[2023-11-08T19:16:15.042+0100][gc,stringtable] GC(1249) Cleaned string and symbol table, strings: 18403 processed, 0 removed, symbols: 94795 processed, 0 removed
[2023-11-08T19:16:15.042+0100][gc            ] GC(1249) Pause Remark 214M->214M(1024M) 3,978ms
[2023-11-08T19:16:15.042+0100][gc,cpu        ] GC(1249) User=0,02s Sys=0,01s Real=0,00s
[2023-11-08T19:16:15.042+0100][gc,marking    ] GC(1249) Concurrent Rebuild Remembered Sets
[2023-11-08T19:16:15.051+0100][gc,marking    ] GC(1249) Concurrent Rebuild Remembered Sets 8,882ms
[2023-11-08T19:16:15.051+0100][gc,start      ] GC(1249) Pause Cleanup
[2023-11-08T19:16:15.052+0100][gc            ] GC(1249) Pause Cleanup 216M->216M(1024M) 0,162ms
[2023-11-08T19:16:15.052+0100][gc,cpu        ] GC(1249) User=0,00s Sys=0,00s Real=0,00s
[2023-11-08T19:16:15.052+0100][gc,marking    ] GC(1249) Concurrent Cleanup for Next Mark
[2023-11-08T19:16:15.054+0100][gc,marking    ] GC(1249) Concurrent Cleanup for Next Mark 2,328ms
[2023-11-08T19:16:15.054+0100][gc            ] GC(1249) Concurrent Cycle 34,490ms
[2023-11-08T19:16:16.043+0100][gc,start      ] GC(1250) Pause Young (Prepare Mixed) (G1 Evacuation Pause)
[2023-11-08T19:16:16.043+0100][gc,task       ] GC(1250) Using 13 workers of 13 for evacuation
[2023-11-08T19:16:16.047+0100][gc,phases     ] GC(1250)   Pre Evacuate Collection Set: 0,0ms
[2023-11-08T19:16:16.047+0100][gc,phases     ] GC(1250)   Evacuate Collection Set: 3,3ms
[2023-11-08T19:16:16.047+0100][gc,phases     ] GC(1250)   Post Evacuate Collection Set: 0,6ms
[2023-11-08T19:16:16.047+0100][gc,phases     ] GC(1250)   Other: 0,3ms
[2023-11-08T19:16:16.047+0100][gc,heap       ] GC(1250) Eden regions: 105->0(46)
[2023-11-08T19:16:16.047+0100][gc,heap       ] GC(1250) Survivor regions: 4->5(14)
[2023-11-08T19:16:16.047+0100][gc,heap       ] GC(1250) Old regions: 82->82
[2023-11-08T19:16:16.047+0100][gc,heap       ] GC(1250) Humongous regions: 129->129
[2023-11-08T19:16:16.047+0100][gc,metaspace  ] GC(1250) Metaspace: 48295K(52224K)->48295K(52224K) NonClass: 42320K(44544K)->42320K(44544K) Class: 5975K(7680K)->5975K(7680K)
[2023-11-08T19:16:16.047+0100][gc            ] GC(1250) Pause Young (Prepare Mixed) (G1 Evacuation Pause) 317M->213M(1024M) 4,310ms
[2023-11-08T19:16:16.047+0100][gc,cpu        ] GC(1250) User=0,02s Sys=0,02s Real=0,00s
[2023-11-08T19:16:16.508+0100][gc,start      ] GC(1251) Pause Young (Mixed) (G1 Evacuation Pause)
[2023-11-08T19:16:16.508+0100][gc,task       ] GC(1251) Using 13 workers of 13 for evacuation
[2023-11-08T19:16:16.512+0100][gc,phases     ] GC(1251)   Pre Evacuate Collection Set: 0,0ms
[2023-11-08T19:16:16.512+0100][gc,phases     ] GC(1251)   Evacuate Collection Set: 2,9ms
[2023-11-08T19:16:16.512+0100][gc,phases     ] GC(1251)   Post Evacuate Collection Set: 0,6ms
[2023-11-08T19:16:16.512+0100][gc,phases     ] GC(1251)   Other: 0,3ms
[2023-11-08T19:16:16.512+0100][gc,heap       ] GC(1251) Eden regions: 46->0(131)
[2023-11-08T19:16:16.512+0100][gc,heap       ] GC(1251) Survivor regions: 5->4(7)
[2023-11-08T19:16:16.512+0100][gc,heap       ] GC(1251) Old regions: 82->81
[2023-11-08T19:16:16.512+0100][gc,heap       ] GC(1251) Humongous regions: 129->129
[2023-11-08T19:16:16.512+0100][gc,metaspace  ] GC(1251) Metaspace: 48295K(52224K)->48295K(52224K) NonClass: 42320K(44544K)->42320K(44544K) Class: 5975K(7680K)->5975K(7680K)
[2023-11-08T19:16:16.512+0100][gc            ] GC(1251) Pause Young (Mixed) (G1 Evacuation Pause) 259M->211M(1024M) 3,918ms
[2023-11-08T19:16:16.512+0100][gc,cpu        ] GC(1251) User=0,04s Sys=0,00s Real=0,00s
[2023-11-08T19:16:17.819+0100][gc,start      ] GC(1252) Pause Young (Concurrent Start) (G1 Evacuation Pause)
[2023-11-08T19:16:17.819+0100][gc,task       ] GC(1252) Using 13 workers of 13 for evacuation
[2023-11-08T19:16:17.823+0100][gc,phases     ] GC(1252)   Pre Evacuate Collection Set: 0,3ms
[2023-11-08T19:16:17.823+0100][gc,phases     ] GC(1252)   Evacuate Collection Set: 3,4ms
[2023-11-08T19:16:17.823+0100][gc,phases     ] GC(1252)   Post Evacuate Collection Set: 0,6ms
[2023-11-08T19:16:17.823+0100][gc,phases     ] GC(1252)   Other: 0,3ms
[2023-11-08T19:16:17.823+0100][gc,heap       ] GC(1252) Eden regions: 131->0(143)
[2023-11-08T19:16:17.823+0100][gc,heap       ] GC(1252) Survivor regions: 4->5(17)
[2023-11-08T19:16:17.823+0100][gc,heap       ] GC(1252) Old regions: 81->81
[2023-11-08T19:16:17.823+0100][gc,heap       ] GC(1252) Humongous regions: 129->129
[2023-11-08T19:16:17.823+0100][gc,metaspace  ] GC(1252) Metaspace: 48295K(52224K)->48295K(52224K) NonClass: 42320K(44544K)->42320K(44544K) Class: 5975K(7680K)->5975K(7680K)
[2023-11-08T19:16:17.823+0100][gc            ] GC(1252) Pause Young (Concurrent Start) (G1 Evacuation Pause) 342M->212M(1024M) 4,681ms
[2023-11-08T19:16:17.823+0100][gc,cpu        ] GC(1252) User=0,03s Sys=0,02s Real=0,01s
[2023-11-08T19:16:17.823+0100][gc            ] GC(1253) Concurrent Cycle
[2023-11-08T19:16:17.823+0100][gc,marking    ] GC(1253) Concurrent Clear Claimed Marks
[2023-11-08T19:16:17.824+0100][gc,marking    ] GC(1253) Concurrent Clear Claimed Marks 0,356ms
[2023-11-08T19:16:17.824+0100][gc,marking    ] GC(1253) Concurrent Scan Root Regions
[2023-11-08T19:16:17.827+0100][gc,marking    ] GC(1253) Concurrent Scan Root Regions 2,939ms
[2023-11-08T19:16:17.827+0100][gc,marking    ] GC(1253) Concurrent Mark (7249,435s)
[2023-11-08T19:16:17.827+0100][gc,marking    ] GC(1253) Concurrent Mark From Roots
[2023-11-08T19:16:17.827+0100][gc,task       ] GC(1253) Using 3 workers of 3 for marking
[2023-11-08T19:16:17.842+0100][gc,marking    ] GC(1253) Concurrent Mark From Roots 14,846ms
[2023-11-08T19:16:17.842+0100][gc,marking    ] GC(1253) Concurrent Preclean
[2023-11-08T19:16:17.842+0100][gc,marking    ] GC(1253) Concurrent Preclean 0,216ms
[2023-11-08T19:16:17.842+0100][gc,marking    ] GC(1253) Concurrent Mark (7249,435s, 7249,450s) 15,139ms
[2023-11-08T19:16:17.842+0100][gc,start      ] GC(1253) Pause Remark
[2023-11-08T19:16:17.846+0100][gc,stringtable] GC(1253) Cleaned string and symbol table, strings: 18403 processed, 0 removed, symbols: 94795 processed, 0 removed
[2023-11-08T19:16:17.846+0100][gc            ] GC(1253) Pause Remark 214M->214M(1024M) 3,708ms
[2023-11-08T19:16:17.846+0100][gc,cpu        ] GC(1253) User=0,04s Sys=0,00s Real=0,01s
[2023-11-08T19:16:17.846+0100][gc,marking    ] GC(1253) Concurrent Rebuild Remembered Sets
[2023-11-08T19:16:17.856+0100][gc,marking    ] GC(1253) Concurrent Rebuild Remembered Sets 9,930ms
[2023-11-08T19:16:17.856+0100][gc,start      ] GC(1253) Pause Cleanup
[2023-11-08T19:16:17.856+0100][gc            ] GC(1253) Pause Cleanup 216M->216M(1024M) 0,267ms
[2023-11-08T19:16:17.856+0100][gc,cpu        ] GC(1253) User=0,00s Sys=0,00s Real=0,00s
[2023-11-08T19:16:17.856+0100][gc,marking    ] GC(1253) Concurrent Cleanup for Next Mark
[2023-11-08T19:16:17.858+0100][gc,marking    ] GC(1253) Concurrent Cleanup for Next Mark 1,700ms
[2023-11-08T19:16:17.858+0100][gc            ] GC(1253) Concurrent Cycle 34,735ms
[2023-11-08T19:16:19.190+0100][gc,start      ] GC(1254) Pause Young (Prepare Mixed) (G1 Evacuation Pause)
[2023-11-08T19:16:19.190+0100][gc,task       ] GC(1254) Using 13 workers of 13 for evacuation
[2023-11-08T19:16:19.195+0100][gc,phases     ] GC(1254)   Pre Evacuate Collection Set: 0,0ms
[2023-11-08T19:16:19.195+0100][gc,phases     ] GC(1254)   Evacuate Collection Set: 4,0ms
[2023-11-08T19:16:19.195+0100][gc,phases     ] GC(1254)   Post Evacuate Collection Set: 0,6ms
[2023-11-08T19:16:19.195+0100][gc,phases     ] GC(1254)   Other: 0,3ms
[2023-11-08T19:16:19.195+0100][gc,heap       ] GC(1254) Eden regions: 135->0(46)
[2023-11-08T19:16:19.195+0100][gc,heap       ] GC(1254) Survivor regions: 5->5(18)
[2023-11-08T19:16:19.195+0100][gc,heap       ] GC(1254) Old regions: 81->81
[2023-11-08T19:16:19.195+0100][gc,heap       ] GC(1254) Humongous regions: 129->129
[2023-11-08T19:16:19.195+0100][gc,metaspace  ] GC(1254) Metaspace: 48295K(52224K)->48295K(52224K) NonClass: 42320K(44544K)->42320K(44544K) Class: 5975K(7680K)->5975K(7680K)
[2023-11-08T19:16:19.195+0100][gc            ] GC(1254) Pause Young (Prepare Mixed) (G1 Evacuation Pause) 347M->212M(1024M) 5,011ms
[2023-11-08T19:16:19.195+0100][gc,cpu        ] GC(1254) User=0,05s Sys=0,00s Real=0,01s
[2023-11-08T19:16:28.714+0100][gc,start      ] GC(1255) Pause Young (Mixed) (G1 Evacuation Pause)
[2023-11-08T19:16:28.714+0100][gc,task       ] GC(1255) Using 13 workers of 13 for evacuation
[2023-11-08T19:16:28.721+0100][gc,phases     ] GC(1255)   Pre Evacuate Collection Set: 0,0ms
[2023-11-08T19:16:28.721+0100][gc,phases     ] GC(1255)   Evacuate Collection Set: 5,9ms
[2023-11-08T19:16:28.721+0100][gc,phases     ] GC(1255)   Post Evacuate Collection Set: 0,7ms
[2023-11-08T19:16:28.721+0100][gc,phases     ] GC(1255)   Other: 0,4ms
[2023-11-08T19:16:28.721+0100][gc,heap       ] GC(1255) Eden regions: 46->0(156)
[2023-11-08T19:16:28.721+0100][gc,heap       ] GC(1255) Survivor regions: 5->5(7)
[2023-11-08T19:16:28.721+0100][gc,heap       ] GC(1255) Old regions: 81->80
[2023-11-08T19:16:28.721+0100][gc,heap       ] GC(1255) Humongous regions: 129->129
[2023-11-08T19:16:28.721+0100][gc,metaspace  ] GC(1255) Metaspace: 48295K(52224K)->48295K(52224K) NonClass: 42320K(44544K)->42320K(44544K) Class: 5975K(7680K)->5975K(7680K)
[2023-11-08T19:16:28.721+0100][gc            ] GC(1255) Pause Young (Mixed) (G1 Evacuation Pause) 258M->211M(1024M) 7,141ms
[2023-11-08T19:16:28.721+0100][gc,cpu        ] GC(1255) User=0,07s Sys=0,00s Real=0,01s
[2023-11-08T19:19:44.199+0100][gc,start      ] GC(1256) Pause Young (Concurrent Start) (G1 Evacuation Pause)
[2023-11-08T19:19:44.199+0100][gc,task       ] GC(1256) Using 13 workers of 13 for evacuation
[2023-11-08T19:19:44.207+0100][gc,phases     ] GC(1256)   Pre Evacuate Collection Set: 0,3ms
[2023-11-08T19:19:44.208+0100][gc,phases     ] GC(1256)   Evacuate Collection Set: 6,6ms
[2023-11-08T19:19:44.208+0100][gc,phases     ] GC(1256)   Post Evacuate Collection Set: 0,9ms
[2023-11-08T19:19:44.208+0100][gc,phases     ] GC(1256)   Other: 0,4ms
[2023-11-08T19:19:44.208+0100][gc,heap       ] GC(1256) Eden regions: 156->0(160)
[2023-11-08T19:19:44.208+0100][gc,heap       ] GC(1256) Survivor regions: 5->9(21)
[2023-11-08T19:19:44.208+0100][gc,heap       ] GC(1256) Old regions: 80->80
[2023-11-08T19:19:44.208+0100][gc,heap       ] GC(1256) Humongous regions: 129->129
[2023-11-08T19:19:44.208+0100][gc,metaspace  ] GC(1256) Metaspace: 48295K(52224K)->48295K(52224K) NonClass: 42320K(44544K)->42320K(44544K) Class: 5975K(7680K)->5975K(7680K)
[2023-11-08T19:19:44.208+0100][gc            ] GC(1256) Pause Young (Concurrent Start) (G1 Evacuation Pause) 367M->216M(1024M) 8,365ms
[2023-11-08T19:19:44.208+0100][gc,cpu        ] GC(1256) User=0,07s Sys=0,01s Real=0,01s
[2023-11-08T19:19:44.208+0100][gc            ] GC(1257) Concurrent Cycle
[2023-11-08T19:19:44.208+0100][gc,marking    ] GC(1257) Concurrent Clear Claimed Marks
[2023-11-08T19:19:44.208+0100][gc,marking    ] GC(1257) Concurrent Clear Claimed Marks 0,251ms
[2023-11-08T19:19:44.208+0100][gc,marking    ] GC(1257) Concurrent Scan Root Regions
[2023-11-08T19:19:44.210+0100][gc,marking    ] GC(1257) Concurrent Scan Root Regions 2,321ms
[2023-11-08T19:19:44.210+0100][gc,marking    ] GC(1257) Concurrent Mark (7455,819s)
[2023-11-08T19:19:44.210+0100][gc,marking    ] GC(1257) Concurrent Mark From Roots
[2023-11-08T19:19:44.210+0100][gc,task       ] GC(1257) Using 3 workers of 3 for marking
[2023-11-08T19:19:44.223+0100][gc,marking    ] GC(1257) Concurrent Mark From Roots 12,289ms
[2023-11-08T19:19:44.223+0100][gc,marking    ] GC(1257) Concurrent Preclean
[2023-11-08T19:19:44.223+0100][gc,marking    ] GC(1257) Concurrent Preclean 0,156ms
[2023-11-08T19:19:44.223+0100][gc,marking    ] GC(1257) Concurrent Mark (7455,819s, 7455,832s) 12,499ms
[2023-11-08T19:19:44.223+0100][gc,start      ] GC(1257) Pause Remark
[2023-11-08T19:19:44.227+0100][gc,stringtable] GC(1257) Cleaned string and symbol table, strings: 18403 processed, 0 removed, symbols: 94795 processed, 0 removed
[2023-11-08T19:19:44.227+0100][gc            ] GC(1257) Pause Remark 216M->216M(1024M) 3,844ms
[2023-11-08T19:19:44.227+0100][gc,cpu        ] GC(1257) User=0,04s Sys=0,00s Real=0,00s
[2023-11-08T19:19:44.227+0100][gc,marking    ] GC(1257) Concurrent Rebuild Remembered Sets
[2023-11-08T19:19:44.235+0100][gc,marking    ] GC(1257) Concurrent Rebuild Remembered Sets 8,209ms
[2023-11-08T19:19:44.235+0100][gc,start      ] GC(1257) Pause Cleanup
[2023-11-08T19:19:44.236+0100][gc            ] GC(1257) Pause Cleanup 216M->216M(1024M) 0,196ms
[2023-11-08T19:19:44.236+0100][gc,cpu        ] GC(1257) User=0,00s Sys=0,00s Real=0,00s
[2023-11-08T19:19:44.236+0100][gc,marking    ] GC(1257) Concurrent Cleanup for Next Mark
[2023-11-08T19:19:44.237+0100][gc,marking    ] GC(1257) Concurrent Cleanup for Next Mark 1,439ms
[2023-11-08T19:19:44.237+0100][gc            ] GC(1257) Concurrent Cycle 29,338ms
[2023-11-08T19:20:45.017+0100][gc,start      ] GC(1258) Pause Young (Prepare Mixed) (G1 Evacuation Pause)
[2023-11-08T19:20:45.017+0100][gc,task       ] GC(1258) Using 13 workers of 13 for evacuation
[2023-11-08T19:20:45.028+0100][gc,phases     ] GC(1258)   Pre Evacuate Collection Set: 0,0ms
[2023-11-08T19:20:45.028+0100][gc,phases     ] GC(1258)   Evacuate Collection Set: 9,6ms
[2023-11-08T19:20:45.028+0100][gc,phases     ] GC(1258)   Post Evacuate Collection Set: 0,4ms
[2023-11-08T19:20:45.028+0100][gc,phases     ] GC(1258)   Other: 0,3ms
[2023-11-08T19:20:45.028+0100][gc,heap       ] GC(1258) Eden regions: 141->0(33)
[2023-11-08T19:20:45.028+0100][gc,heap       ] GC(1258) Survivor regions: 9->18(19)
[2023-11-08T19:20:45.028+0100][gc,heap       ] GC(1258) Old regions: 80->80
[2023-11-08T19:20:45.028+0100][gc,heap       ] GC(1258) Humongous regions: 129->129
[2023-11-08T19:20:45.028+0100][gc,metaspace  ] GC(1258) Metaspace: 48299K(52224K)->48299K(52224K) NonClass: 42324K(44544K)->42324K(44544K) Class: 5975K(7680K)->5975K(7680K)
[2023-11-08T19:20:45.028+0100][gc            ] GC(1258) Pause Young (Prepare Mixed) (G1 Evacuation Pause) 357M->224M(1024M) 10,505ms
[2023-11-08T19:20:45.028+0100][gc,cpu        ] GC(1258) User=0,10s Sys=0,00s Real=0,01s
[2023-11-08T19:20:45.230+0100][gc,start      ] GC(1259) Pause Young (Mixed) (G1 Evacuation Pause)
[2023-11-08T19:20:45.230+0100][gc,task       ] GC(1259) Using 13 workers of 13 for evacuation
[2023-11-08T19:20:45.239+0100][gc,phases     ] GC(1259)   Pre Evacuate Collection Set: 0,0ms
[2023-11-08T19:20:45.239+0100][gc,phases     ] GC(1259)   Evacuate Collection Set: 7,5ms
[2023-11-08T19:20:45.239+0100][gc,phases     ] GC(1259)   Post Evacuate Collection Set: 0,5ms
[2023-11-08T19:20:45.239+0100][gc,phases     ] GC(1259)   Other: 0,4ms
[2023-11-08T19:20:45.239+0100][gc,heap       ] GC(1259) Eden regions: 33->0(186)
[2023-11-08T19:20:45.239+0100][gc,heap       ] GC(1259) Survivor regions: 18->3(7)
[2023-11-08T19:20:45.239+0100][gc,heap       ] GC(1259) Old regions: 80->96
[2023-11-08T19:20:45.239+0100][gc,heap       ] GC(1259) Humongous regions: 129->129
[2023-11-08T19:20:45.239+0100][gc,metaspace  ] GC(1259) Metaspace: 48299K(52224K)->48299K(52224K) NonClass: 42324K(44544K)->42324K(44544K) Class: 5975K(7680K)->5975K(7680K)
[2023-11-08T19:20:45.239+0100][gc            ] GC(1259) Pause Young (Mixed) (G1 Evacuation Pause) 257M->225M(1024M) 8,530ms
[2023-11-08T19:20:45.239+0100][gc,cpu        ] GC(1259) User=0,08s Sys=0,01s Real=0,01s
[2023-11-08T19:20:46.479+0100][gc,start      ] GC(1260) Pause Young (Concurrent Start) (G1 Evacuation Pause)
[2023-11-08T19:20:46.479+0100][gc,task       ] GC(1260) Using 13 workers of 13 for evacuation
[2023-11-08T19:20:46.484+0100][gc,phases     ] GC(1260)   Pre Evacuate Collection Set: 0,3ms
[2023-11-08T19:20:46.484+0100][gc,phases     ] GC(1260)   Evacuate Collection Set: 4,4ms
[2023-11-08T19:20:46.484+0100][gc,phases     ] GC(1260)   Post Evacuate Collection Set: 0,7ms
[2023-11-08T19:20:46.485+0100][gc,phases     ] GC(1260)   Other: 0,3ms
[2023-11-08T19:20:46.485+0100][gc,heap       ] GC(1260) Eden regions: 186->0(196)
[2023-11-08T19:20:46.485+0100][gc,heap       ] GC(1260) Survivor regions: 3->4(24)
[2023-11-08T19:20:46.485+0100][gc,heap       ] GC(1260) Old regions: 96->96
[2023-11-08T19:20:46.485+0100][gc,heap       ] GC(1260) Humongous regions: 129->129
[2023-11-08T19:20:46.485+0100][gc,metaspace  ] GC(1260) Metaspace: 48299K(52224K)->48299K(52224K) NonClass: 42324K(44544K)->42324K(44544K) Class: 5975K(7680K)->5975K(7680K)
[2023-11-08T19:20:46.485+0100][gc            ] GC(1260) Pause Young (Concurrent Start) (G1 Evacuation Pause) 411M->226M(1024M) 5,827ms
[2023-11-08T19:20:46.485+0100][gc,cpu        ] GC(1260) User=0,05s Sys=0,00s Real=0,01s
[2023-11-08T19:20:46.485+0100][gc            ] GC(1261) Concurrent Cycle
[2023-11-08T19:20:46.485+0100][gc,marking    ] GC(1261) Concurrent Clear Claimed Marks
[2023-11-08T19:20:46.485+0100][gc,marking    ] GC(1261) Concurrent Clear Claimed Marks 0,376ms
[2023-11-08T19:20:46.485+0100][gc,marking    ] GC(1261) Concurrent Scan Root Regions
[2023-11-08T19:20:46.487+0100][gc,marking    ] GC(1261) Concurrent Scan Root Regions 2,266ms
[2023-11-08T19:20:46.487+0100][gc,marking    ] GC(1261) Concurrent Mark (7518,096s)
[2023-11-08T19:20:46.487+0100][gc,marking    ] GC(1261) Concurrent Mark From Roots
[2023-11-08T19:20:46.487+0100][gc,task       ] GC(1261) Using 3 workers of 3 for marking
[2023-11-08T19:20:46.505+0100][gc,marking    ] GC(1261) Concurrent Mark From Roots 17,525ms
[2023-11-08T19:20:46.505+0100][gc,marking    ] GC(1261) Concurrent Preclean
[2023-11-08T19:20:46.505+0100][gc,marking    ] GC(1261) Concurrent Preclean 0,189ms
[2023-11-08T19:20:46.505+0100][gc,marking    ] GC(1261) Concurrent Mark (7518,096s, 7518,114s) 17,778ms
[2023-11-08T19:20:46.505+0100][gc,start      ] GC(1261) Pause Remark
[2023-11-08T19:20:46.508+0100][gc,stringtable] GC(1261) Cleaned string and symbol table, strings: 18403 processed, 0 removed, symbols: 94795 processed, 0 removed
[2023-11-08T19:20:46.509+0100][gc            ] GC(1261) Pause Remark 230M->230M(1024M) 3,226ms
[2023-11-08T19:20:46.509+0100][gc,cpu        ] GC(1261) User=0,03s Sys=0,00s Real=0,00s
[2023-11-08T19:20:46.509+0100][gc,marking    ] GC(1261) Concurrent Rebuild Remembered Sets
[2023-11-08T19:20:46.520+0100][gc,marking    ] GC(1261) Concurrent Rebuild Remembered Sets 10,917ms
[2023-11-08T19:20:46.520+0100][gc,start      ] GC(1261) Pause Cleanup
[2023-11-08T19:20:46.520+0100][gc            ] GC(1261) Pause Cleanup 232M->232M(1024M) 0,149ms
[2023-11-08T19:20:46.520+0100][gc,cpu        ] GC(1261) User=0,00s Sys=0,00s Real=0,00s
[2023-11-08T19:20:46.520+0100][gc,marking    ] GC(1261) Concurrent Cleanup for Next Mark
[2023-11-08T19:20:46.522+0100][gc,marking    ] GC(1261) Concurrent Cleanup for Next Mark 1,582ms
[2023-11-08T19:20:46.522+0100][gc            ] GC(1261) Concurrent Cycle 36,829ms
[2023-11-08T19:20:47.878+0100][gc,start      ] GC(1262) Pause Young (Prepare Mixed) (G1 Evacuation Pause)
[2023-11-08T19:20:47.878+0100][gc,task       ] GC(1262) Using 13 workers of 13 for evacuation
[2023-11-08T19:20:47.882+0100][gc,phases     ] GC(1262)   Pre Evacuate Collection Set: 0,0ms
[2023-11-08T19:20:47.882+0100][gc,phases     ] GC(1262)   Evacuate Collection Set: 3,5ms
[2023-11-08T19:20:47.882+0100][gc,phases     ] GC(1262)   Post Evacuate Collection Set: 0,4ms
[2023-11-08T19:20:47.882+0100][gc,phases     ] GC(1262)   Other: 0,2ms
[2023-11-08T19:20:47.882+0100][gc,heap       ] GC(1262) Eden regions: 195->0(46)
[2023-11-08T19:20:47.882+0100][gc,heap       ] GC(1262) Survivor regions: 4->5(25)
[2023-11-08T19:20:47.882+0100][gc,heap       ] GC(1262) Old regions: 96->96
[2023-11-08T19:20:47.882+0100][gc,heap       ] GC(1262) Humongous regions: 129->129
[2023-11-08T19:20:47.882+0100][gc,metaspace  ] GC(1262) Metaspace: 48299K(52224K)->48299K(52224K) NonClass: 42324K(44544K)->42324K(44544K) Class: 5975K(7680K)->5975K(7680K)
[2023-11-08T19:20:47.882+0100][gc            ] GC(1262) Pause Young (Prepare Mixed) (G1 Evacuation Pause) 421M->227M(1024M) 4,244ms
[2023-11-08T19:20:47.882+0100][gc,cpu        ] GC(1262) User=0,05s Sys=0,00s Real=0,00s
[2023-11-08T19:20:48.195+0100][gc,start      ] GC(1263) Pause Young (Mixed) (G1 Evacuation Pause)
[2023-11-08T19:20:48.195+0100][gc,task       ] GC(1263) Using 13 workers of 13 for evacuation
[2023-11-08T19:20:48.199+0100][gc,phases     ] GC(1263)   Pre Evacuate Collection Set: 0,0ms
[2023-11-08T19:20:48.199+0100][gc,phases     ] GC(1263)   Evacuate Collection Set: 2,8ms
[2023-11-08T19:20:48.199+0100][gc,phases     ] GC(1263)   Post Evacuate Collection Set: 0,6ms
[2023-11-08T19:20:48.199+0100][gc,phases     ] GC(1263)   Other: 0,3ms
[2023-11-08T19:20:48.199+0100][gc,heap       ] GC(1263) Eden regions: 46->0(243)
[2023-11-08T19:20:48.199+0100][gc,heap       ] GC(1263) Survivor regions: 5->4(7)
[2023-11-08T19:20:48.199+0100][gc,heap       ] GC(1263) Old regions: 96->90
[2023-11-08T19:20:48.199+0100][gc,heap       ] GC(1263) Humongous regions: 129->129
[2023-11-08T19:20:48.199+0100][gc,metaspace  ] GC(1263) Metaspace: 48299K(52224K)->48299K(52224K) NonClass: 42324K(44544K)->42324K(44544K) Class: 5975K(7680K)->5975K(7680K)
[2023-11-08T19:20:48.199+0100][gc            ] GC(1263) Pause Young (Mixed) (G1 Evacuation Pause) 273M->220M(1024M) 3,814ms
[2023-11-08T19:20:48.199+0100][gc,cpu        ] GC(1263) User=0,02s Sys=0,02s Real=0,00s
[2023-11-08T19:20:49.920+0100][gc,start      ] GC(1264) Pause Young (Concurrent Start) (G1 Evacuation Pause)
[2023-11-08T19:20:49.920+0100][gc,task       ] GC(1264) Using 13 workers of 13 for evacuation
[2023-11-08T19:20:49.924+0100][gc,phases     ] GC(1264)   Pre Evacuate Collection Set: 0,2ms
[2023-11-08T19:20:49.924+0100][gc,phases     ] GC(1264)   Evacuate Collection Set: 3,3ms
[2023-11-08T19:20:49.924+0100][gc,phases     ] GC(1264)   Post Evacuate Collection Set: 0,6ms
[2023-11-08T19:20:49.924+0100][gc,phases     ] GC(1264)   Other: 0,3ms
[2023-11-08T19:20:49.924+0100][gc,heap       ] GC(1264) Eden regions: 243->0(257)
[2023-11-08T19:20:49.924+0100][gc,heap       ] GC(1264) Survivor regions: 4->5(31)
[2023-11-08T19:20:49.924+0100][gc,heap       ] GC(1264) Old regions: 90->90
[2023-11-08T19:20:49.925+0100][gc,heap       ] GC(1264) Humongous regions: 129->129
[2023-11-08T19:20:49.925+0100][gc,metaspace  ] GC(1264) Metaspace: 48299K(52224K)->48299K(52224K) NonClass: 42324K(44544K)->42324K(44544K) Class: 5975K(7680K)->5975K(7680K)
[2023-11-08T19:20:49.925+0100][gc            ] GC(1264) Pause Young (Concurrent Start) (G1 Evacuation Pause) 463M->221M(1024M) 4,560ms
[2023-11-08T19:20:49.925+0100][gc,cpu        ] GC(1264) User=0,04s Sys=0,00s Real=0,01s
[2023-11-08T19:20:49.925+0100][gc            ] GC(1265) Concurrent Cycle
[2023-11-08T19:20:49.925+0100][gc,marking    ] GC(1265) Concurrent Clear Claimed Marks
[2023-11-08T19:20:49.925+0100][gc,marking    ] GC(1265) Concurrent Clear Claimed Marks 0,283ms
[2023-11-08T19:20:49.925+0100][gc,marking    ] GC(1265) Concurrent Scan Root Regions
[2023-11-08T19:20:49.927+0100][gc,marking    ] GC(1265) Concurrent Scan Root Regions 2,171ms
[2023-11-08T19:20:49.927+0100][gc,marking    ] GC(1265) Concurrent Mark (7521,536s)
[2023-11-08T19:20:49.927+0100][gc,marking    ] GC(1265) Concurrent Mark From Roots
[2023-11-08T19:20:49.927+0100][gc,task       ] GC(1265) Using 3 workers of 3 for marking
[2023-11-08T19:20:49.946+0100][gc,marking    ] GC(1265) Concurrent Mark From Roots 18,870ms
[2023-11-08T19:20:49.946+0100][gc,marking    ] GC(1265) Concurrent Preclean
[2023-11-08T19:20:49.946+0100][gc,marking    ] GC(1265) Concurrent Preclean 0,168ms
[2023-11-08T19:20:49.946+0100][gc,marking    ] GC(1265) Concurrent Mark (7521,536s, 7521,555s) 19,091ms
[2023-11-08T19:20:49.946+0100][gc,start      ] GC(1265) Pause Remark
[2023-11-08T19:20:49.950+0100][gc,stringtable] GC(1265) Cleaned string and symbol table, strings: 18403 processed, 0 removed, symbols: 94795 processed, 0 removed
[2023-11-08T19:20:49.950+0100][gc            ] GC(1265) Pause Remark 226M->226M(1024M) 3,634ms
[2023-11-08T19:20:49.950+0100][gc,cpu        ] GC(1265) User=0,02s Sys=0,02s Real=0,00s
[2023-11-08T19:20:49.950+0100][gc,marking    ] GC(1265) Concurrent Rebuild Remembered Sets
[2023-11-08T19:20:49.961+0100][gc,marking    ] GC(1265) Concurrent Rebuild Remembered Sets 10,537ms
[2023-11-08T19:20:49.961+0100][gc,start      ] GC(1265) Pause Cleanup
[2023-11-08T19:20:49.961+0100][gc            ] GC(1265) Pause Cleanup 227M->227M(1024M) 0,151ms
[2023-11-08T19:20:49.961+0100][gc,cpu        ] GC(1265) User=0,00s Sys=0,00s Real=0,00s
[2023-11-08T19:20:49.961+0100][gc,marking    ] GC(1265) Concurrent Cleanup for Next Mark
[2023-11-08T19:20:49.963+0100][gc,marking    ] GC(1265) Concurrent Cleanup for Next Mark 1,599ms
[2023-11-08T19:20:49.963+0100][gc            ] GC(1265) Concurrent Cycle 38,057ms
[2023-11-08T19:20:51.701+0100][gc,start      ] GC(1266) Pause Young (Prepare Mixed) (G1 Evacuation Pause)
[2023-11-08T19:20:51.701+0100][gc,task       ] GC(1266) Using 13 workers of 13 for evacuation
[2023-11-08T19:20:51.706+0100][gc,phases     ] GC(1266)   Pre Evacuate Collection Set: 0,0ms
[2023-11-08T19:20:51.706+0100][gc,phases     ] GC(1266)   Evacuate Collection Set: 3,7ms
[2023-11-08T19:20:51.706+0100][gc,phases     ] GC(1266)   Post Evacuate Collection Set: 0,6ms
[2023-11-08T19:20:51.706+0100][gc,phases     ] GC(1266)   Other: 0,3ms
[2023-11-08T19:20:51.706+0100][gc,heap       ] GC(1266) Eden regions: 254->0(45)
[2023-11-08T19:20:51.706+0100][gc,heap       ] GC(1266) Survivor regions: 5->6(33)
[2023-11-08T19:20:51.706+0100][gc,heap       ] GC(1266) Old regions: 90->90
[2023-11-08T19:20:51.706+0100][gc,heap       ] GC(1266) Humongous regions: 129->129
[2023-11-08T19:20:51.706+0100][gc,metaspace  ] GC(1266) Metaspace: 48299K(52224K)->48299K(52224K) NonClass: 42324K(44544K)->42324K(44544K) Class: 5975K(7680K)->5975K(7680K)
[2023-11-08T19:20:51.706+0100][gc            ] GC(1266) Pause Young (Prepare Mixed) (G1 Evacuation Pause) 475M->222M(1024M) 4,765ms
[2023-11-08T19:20:51.706+0100][gc,cpu        ] GC(1266) User=0,05s Sys=0,00s Real=0,01s
[2023-11-08T19:20:52.008+0100][gc,start      ] GC(1267) Pause Young (Mixed) (G1 Evacuation Pause)
[2023-11-08T19:20:52.008+0100][gc,task       ] GC(1267) Using 13 workers of 13 for evacuation
[2023-11-08T19:20:52.012+0100][gc,phases     ] GC(1267)   Pre Evacuate Collection Set: 0,0ms
[2023-11-08T19:20:52.013+0100][gc,phases     ] GC(1267)   Evacuate Collection Set: 3,4ms
[2023-11-08T19:20:52.013+0100][gc,phases     ] GC(1267)   Post Evacuate Collection Set: 0,6ms
[2023-11-08T19:20:52.013+0100][gc,phases     ] GC(1267)   Other: 0,4ms
[2023-11-08T19:20:52.013+0100][gc,heap       ] GC(1267) Eden regions: 45->0(288)
[2023-11-08T19:20:52.013+0100][gc,heap       ] GC(1267) Survivor regions: 6->4(7)
[2023-11-08T19:20:52.013+0100][gc,heap       ] GC(1267) Old regions: 90->91
[2023-11-08T19:20:52.013+0100][gc,heap       ] GC(1267) Humongous regions: 129->129
[2023-11-08T19:20:52.013+0100][gc,metaspace  ] GC(1267) Metaspace: 48299K(52224K)->48299K(52224K) NonClass: 42324K(44544K)->42324K(44544K) Class: 5975K(7680K)->5975K(7680K)
[2023-11-08T19:20:52.013+0100][gc            ] GC(1267) Pause Young (Mixed) (G1 Evacuation Pause) 267M->221M(1024M) 4,645ms
[2023-11-08T19:20:52.013+0100][gc,cpu        ] GC(1267) User=0,04s Sys=0,00s Real=0,00s
[2023-11-08T19:20:54.109+0100][gc,start      ] GC(1268) Pause Young (Normal) (G1 Evacuation Pause)
[2023-11-08T19:20:54.109+0100][gc,task       ] GC(1268) Using 13 workers of 13 for evacuation
[2023-11-08T19:20:54.113+0100][gc,phases     ] GC(1268)   Pre Evacuate Collection Set: 0,0ms
[2023-11-08T19:20:54.113+0100][gc,phases     ] GC(1268)   Evacuate Collection Set: 3,0ms
[2023-11-08T19:20:54.113+0100][gc,phases     ] GC(1268)   Post Evacuate Collection Set: 0,6ms
[2023-11-08T19:20:54.113+0100][gc,phases     ] GC(1268)   Other: 0,3ms
[2023-11-08T19:20:54.113+0100][gc,heap       ] GC(1268) Eden regions: 288->0(313)
[2023-11-08T19:20:54.113+0100][gc,heap       ] GC(1268) Survivor regions: 4->5(37)
[2023-11-08T19:20:54.113+0100][gc,heap       ] GC(1268) Old regions: 91->91
[2023-11-08T19:20:54.113+0100][gc,heap       ] GC(1268) Humongous regions: 129->129
[2023-11-08T19:20:54.113+0100][gc,metaspace  ] GC(1268) Metaspace: 48299K(52224K)->48299K(52224K) NonClass: 42324K(44544K)->42324K(44544K) Class: 5975K(7680K)->5975K(7680K)
[2023-11-08T19:20:54.113+0100][gc            ] GC(1268) Pause Young (Normal) (G1 Evacuation Pause) 509M->222M(1024M) 4,033ms
[2023-11-08T19:20:54.113+0100][gc,cpu        ] GC(1268) User=0,03s Sys=0,00s Real=0,00s
[2023-11-08T19:20:57.206+0100][gc,start      ] GC(1269) Pause Young (Normal) (G1 Evacuation Pause)
[2023-11-08T19:20:57.206+0100][gc,task       ] GC(1269) Using 13 workers of 13 for evacuation
[2023-11-08T19:20:57.212+0100][gc,phases     ] GC(1269)   Pre Evacuate Collection Set: 0,0ms
[2023-11-08T19:20:57.212+0100][gc,phases     ] GC(1269)   Evacuate Collection Set: 4,3ms
[2023-11-08T19:20:57.212+0100][gc,phases     ] GC(1269)   Post Evacuate Collection Set: 0,9ms
[2023-11-08T19:20:57.212+0100][gc,phases     ] GC(1269)   Other: 0,3ms
[2023-11-08T19:20:57.212+0100][gc,heap       ] GC(1269) Eden regions: 313->0(343)
[2023-11-08T19:20:57.212+0100][gc,heap       ] GC(1269) Survivor regions: 5->6(40)
[2023-11-08T19:20:57.212+0100][gc,heap       ] GC(1269) Old regions: 91->91
[2023-11-08T19:20:57.212+0100][gc,heap       ] GC(1269) Humongous regions: 129->129
[2023-11-08T19:20:57.212+0100][gc,metaspace  ] GC(1269) Metaspace: 48299K(52224K)->48299K(52224K) NonClass: 42324K(44544K)->42324K(44544K) Class: 5975K(7680K)->5975K(7680K)
[2023-11-08T19:20:57.212+0100][gc            ] GC(1269) Pause Young (Normal) (G1 Evacuation Pause) 535M->223M(1024M) 5,643ms
[2023-11-08T19:20:57.212+0100][gc,cpu        ] GC(1269) User=0,04s Sys=0,01s Real=0,00s
[2023-11-08T19:21:00.674+0100][gc,start      ] GC(1270) Pause Young (Concurrent Start) (G1 Evacuation Pause)
[2023-11-08T19:21:00.674+0100][gc,task       ] GC(1270) Using 13 workers of 13 for evacuation
[2023-11-08T19:21:00.679+0100][gc,phases     ] GC(1270)   Pre Evacuate Collection Set: 0,3ms
[2023-11-08T19:21:00.679+0100][gc,phases     ] GC(1270)   Evacuate Collection Set: 3,8ms
[2023-11-08T19:21:00.679+0100][gc,phases     ] GC(1270)   Post Evacuate Collection Set: 0,7ms
[2023-11-08T19:21:00.679+0100][gc,phases     ] GC(1270)   Other: 0,4ms
[2023-11-08T19:21:00.679+0100][gc,heap       ] GC(1270) Eden regions: 343->0(363)
[2023-11-08T19:21:00.679+0100][gc,heap       ] GC(1270) Survivor regions: 6->6(44)
[2023-11-08T19:21:00.679+0100][gc,heap       ] GC(1270) Old regions: 91->91
[2023-11-08T19:21:00.679+0100][gc,heap       ] GC(1270) Humongous regions: 129->129
[2023-11-08T19:21:00.679+0100][gc,metaspace  ] GC(1270) Metaspace: 48300K(52224K)->48300K(52224K) NonClass: 42324K(44544K)->42324K(44544K) Class: 5975K(7680K)->5975K(7680K)
[2023-11-08T19:21:00.679+0100][gc            ] GC(1270) Pause Young (Concurrent Start) (G1 Evacuation Pause) 566M->223M(1024M) 5,265ms
[2023-11-08T19:21:00.680+0100][gc,cpu        ] GC(1270) User=0,03s Sys=0,02s Real=0,01s
[2023-11-08T19:21:00.680+0100][gc            ] GC(1271) Concurrent Cycle
[2023-11-08T19:21:00.680+0100][gc,marking    ] GC(1271) Concurrent Clear Claimed Marks
[2023-11-08T19:21:00.680+0100][gc,marking    ] GC(1271) Concurrent Clear Claimed Marks 0,301ms
[2023-11-08T19:21:00.680+0100][gc,marking    ] GC(1271) Concurrent Scan Root Regions
[2023-11-08T19:21:00.684+0100][gc,marking    ] GC(1271) Concurrent Scan Root Regions 3,742ms
[2023-11-08T19:21:00.684+0100][gc,marking    ] GC(1271) Concurrent Mark (7532,292s)
[2023-11-08T19:21:00.684+0100][gc,marking    ] GC(1271) Concurrent Mark From Roots
[2023-11-08T19:21:00.684+0100][gc,task       ] GC(1271) Using 3 workers of 3 for marking
[2023-11-08T19:21:00.697+0100][gc,marking    ] GC(1271) Concurrent Mark From Roots 13,268ms
[2023-11-08T19:21:00.697+0100][gc,marking    ] GC(1271) Concurrent Preclean
[2023-11-08T19:21:00.697+0100][gc,marking    ] GC(1271) Concurrent Preclean 0,162ms
[2023-11-08T19:21:00.697+0100][gc,marking    ] GC(1271) Concurrent Mark (7532,292s, 7532,306s) 13,491ms
[2023-11-08T19:21:00.697+0100][gc,start      ] GC(1271) Pause Remark
[2023-11-08T19:21:00.702+0100][gc,stringtable] GC(1271) Cleaned string and symbol table, strings: 18403 processed, 0 removed, symbols: 94795 processed, 0 removed
[2023-11-08T19:21:00.702+0100][gc            ] GC(1271) Pause Remark 228M->228M(1024M) 4,512ms
[2023-11-08T19:21:00.702+0100][gc,cpu        ] GC(1271) User=0,04s Sys=0,00s Real=0,00s
[2023-11-08T19:21:00.702+0100][gc,marking    ] GC(1271) Concurrent Rebuild Remembered Sets
[2023-11-08T19:21:00.712+0100][gc,marking    ] GC(1271) Concurrent Rebuild Remembered Sets 10,003ms
[2023-11-08T19:21:00.712+0100][gc,start      ] GC(1271) Pause Cleanup
[2023-11-08T19:21:00.712+0100][gc            ] GC(1271) Pause Cleanup 228M->228M(1024M) 0,210ms
[2023-11-08T19:21:00.712+0100][gc,cpu        ] GC(1271) User=0,00s Sys=0,00s Real=0,00s
[2023-11-08T19:21:00.712+0100][gc,marking    ] GC(1271) Concurrent Cleanup for Next Mark
[2023-11-08T19:21:00.714+0100][gc,marking    ] GC(1271) Concurrent Cleanup for Next Mark 1,526ms
[2023-11-08T19:21:00.714+0100][gc            ] GC(1271) Concurrent Cycle 34,527ms
[2023-11-08T19:21:04.076+0100][gc,start      ] GC(1272) Pause Young (Prepare Mixed) (G1 Evacuation Pause)
[2023-11-08T19:21:04.076+0100][gc,task       ] GC(1272) Using 13 workers of 13 for evacuation
[2023-11-08T19:21:04.081+0100][gc,phases     ] GC(1272)   Pre Evacuate Collection Set: 0,0ms
[2023-11-08T19:21:04.081+0100][gc,phases     ] GC(1272)   Evacuate Collection Set: 4,1ms
[2023-11-08T19:21:04.081+0100][gc,phases     ] GC(1272)   Post Evacuate Collection Set: 0,7ms
[2023-11-08T19:21:04.081+0100][gc,phases     ] GC(1272)   Other: 0,3ms
[2023-11-08T19:21:04.081+0100][gc,heap       ] GC(1272) Eden regions: 338->0(44)
[2023-11-08T19:21:04.081+0100][gc,heap       ] GC(1272) Survivor regions: 6->7(43)
[2023-11-08T19:21:04.081+0100][gc,heap       ] GC(1272) Old regions: 91->91
[2023-11-08T19:21:04.081+0100][gc,heap       ] GC(1272) Humongous regions: 129->129
[2023-11-08T19:21:04.081+0100][gc,metaspace  ] GC(1272) Metaspace: 48300K(52224K)->48300K(52224K) NonClass: 42324K(44544K)->42324K(44544K) Class: 5975K(7680K)->5975K(7680K)
[2023-11-08T19:21:04.081+0100][gc            ] GC(1272) Pause Young (Prepare Mixed) (G1 Evacuation Pause) 561M->224M(1024M) 5,393ms
[2023-11-08T19:21:04.081+0100][gc,cpu        ] GC(1272) User=0,05s Sys=0,01s Real=0,00s
[2023-11-08T19:21:04.530+0100][gc,start      ] GC(1273) Pause Young (Mixed) (G1 Evacuation Pause)
[2023-11-08T19:21:04.530+0100][gc,task       ] GC(1273) Using 13 workers of 13 for evacuation
[2023-11-08T19:21:04.534+0100][gc,phases     ] GC(1273)   Pre Evacuate Collection Set: 0,0ms
[2023-11-08T19:21:04.534+0100][gc,phases     ] GC(1273)   Evacuate Collection Set: 3,4ms
[2023-11-08T19:21:04.534+0100][gc,phases     ] GC(1273)   Post Evacuate Collection Set: 0,7ms
[2023-11-08T19:21:04.534+0100][gc,phases     ] GC(1273)   Other: 0,3ms
[2023-11-08T19:21:04.534+0100][gc,heap       ] GC(1273) Eden regions: 44->0(398)
[2023-11-08T19:21:04.534+0100][gc,heap       ] GC(1273) Survivor regions: 7->5(7)
[2023-11-08T19:21:04.534+0100][gc,heap       ] GC(1273) Old regions: 91->81
[2023-11-08T19:21:04.534+0100][gc,heap       ] GC(1273) Humongous regions: 129->129
[2023-11-08T19:21:04.534+0100][gc,metaspace  ] GC(1273) Metaspace: 48300K(52224K)->48300K(52224K) NonClass: 42324K(44544K)->42324K(44544K) Class: 5975K(7680K)->5975K(7680K)
[2023-11-08T19:21:04.534+0100][gc            ] GC(1273) Pause Young (Mixed) (G1 Evacuation Pause) 268M->212M(1024M) 4,650ms
[2023-11-08T19:21:04.535+0100][gc,cpu        ] GC(1273) User=0,04s Sys=0,00s Real=0,00s
[2023-11-08T19:21:07.944+0100][gc,start      ] GC(1274) Pause Young (Normal) (G1 Evacuation Pause)
[2023-11-08T19:21:07.944+0100][gc,task       ] GC(1274) Using 13 workers of 13 for evacuation
[2023-11-08T19:21:07.948+0100][gc,phases     ] GC(1274)   Pre Evacuate Collection Set: 0,0ms
[2023-11-08T19:21:07.948+0100][gc,phases     ] GC(1274)   Evacuate Collection Set: 3,2ms
[2023-11-08T19:21:07.948+0100][gc,phases     ] GC(1274)   Post Evacuate Collection Set: 0,7ms
[2023-11-08T19:21:07.949+0100][gc,phases     ] GC(1274)   Other: 0,3ms
[2023-11-08T19:21:07.949+0100][gc,heap       ] GC(1274) Eden regions: 398->0(439)
[2023-11-08T19:21:07.949+0100][gc,heap       ] GC(1274) Survivor regions: 5->5(51)
[2023-11-08T19:21:07.949+0100][gc,heap       ] GC(1274) Old regions: 81->81
[2023-11-08T19:21:07.949+0100][gc,heap       ] GC(1274) Humongous regions: 129->129
[2023-11-08T19:21:07.949+0100][gc,metaspace  ] GC(1274) Metaspace: 48300K(52224K)->48300K(52224K) NonClass: 42324K(44544K)->42324K(44544K) Class: 5975K(7680K)->5975K(7680K)
[2023-11-08T19:21:07.949+0100][gc            ] GC(1274) Pause Young (Normal) (G1 Evacuation Pause) 610M->213M(1024M) 4,480ms
[2023-11-08T19:21:07.949+0100][gc,cpu        ] GC(1274) User=0,04s Sys=0,00s Real=0,00s
[2023-11-08T19:21:11.307+0100][gc,start      ] GC(1275) Pause Young (Normal) (G1 Evacuation Pause)
[2023-11-08T19:21:11.307+0100][gc,task       ] GC(1275) Using 13 workers of 13 for evacuation
[2023-11-08T19:21:11.312+0100][gc,phases     ] GC(1275)   Pre Evacuate Collection Set: 0,0ms
[2023-11-08T19:21:11.312+0100][gc,phases     ] GC(1275)   Evacuate Collection Set: 3,6ms
[2023-11-08T19:21:11.312+0100][gc,phases     ] GC(1275)   Post Evacuate Collection Set: 1,0ms
[2023-11-08T19:21:11.312+0100][gc,phases     ] GC(1275)   Other: 0,4ms
[2023-11-08T19:21:11.312+0100][gc,heap       ] GC(1275) Eden regions: 439->0(471)
[2023-11-08T19:21:11.312+0100][gc,heap       ] GC(1275) Survivor regions: 5->6(56)
[2023-11-08T19:21:11.312+0100][gc,heap       ] GC(1275) Old regions: 81->81
[2023-11-08T19:21:11.312+0100][gc,heap       ] GC(1275) Humongous regions: 129->129
[2023-11-08T19:21:11.312+0100][gc,metaspace  ] GC(1275) Metaspace: 48300K(52224K)->48300K(52224K) NonClass: 42324K(44544K)->42324K(44544K) Class: 5975K(7680K)->5975K(7680K)
[2023-11-08T19:21:11.312+0100][gc            ] GC(1275) Pause Young (Normal) (G1 Evacuation Pause) 652M->214M(1024M) 5,125ms
[2023-11-08T19:21:11.312+0100][gc,cpu        ] GC(1275) User=0,03s Sys=0,02s Real=0,00s
[2023-11-08T19:21:16.179+0100][gc,start      ] GC(1276) Pause Young (Concurrent Start) (G1 Evacuation Pause)
[2023-11-08T19:21:16.179+0100][gc,task       ] GC(1276) Using 13 workers of 13 for evacuation
[2023-11-08T19:21:16.184+0100][gc,phases     ] GC(1276)   Pre Evacuate Collection Set: 0,2ms
[2023-11-08T19:21:16.184+0100][gc,phases     ] GC(1276)   Evacuate Collection Set: 3,6ms
[2023-11-08T19:21:16.184+0100][gc,phases     ] GC(1276)   Post Evacuate Collection Set: 0,7ms
[2023-11-08T19:21:16.184+0100][gc,phases     ] GC(1276)   Other: 0,3ms
[2023-11-08T19:21:16.184+0100][gc,heap       ] GC(1276) Eden regions: 471->0(492)
[2023-11-08T19:21:16.184+0100][gc,heap       ] GC(1276) Survivor regions: 6->6(60)
[2023-11-08T19:21:16.184+0100][gc,heap       ] GC(1276) Old regions: 81->81
[2023-11-08T19:21:16.184+0100][gc,heap       ] GC(1276) Humongous regions: 129->129
[2023-11-08T19:21:16.184+0100][gc,metaspace  ] GC(1276) Metaspace: 48300K(52224K)->48300K(52224K) NonClass: 42324K(44544K)->42324K(44544K) Class: 5975K(7680K)->5975K(7680K)
[2023-11-08T19:21:16.184+0100][gc            ] GC(1276) Pause Young (Concurrent Start) (G1 Evacuation Pause) 685M->214M(1024M) 4,973ms
[2023-11-08T19:21:16.184+0100][gc,cpu        ] GC(1276) User=0,01s Sys=0,04s Real=0,01s
[2023-11-08T19:21:16.184+0100][gc            ] GC(1277) Concurrent Cycle
[2023-11-08T19:21:16.184+0100][gc,marking    ] GC(1277) Concurrent Clear Claimed Marks
[2023-11-08T19:21:16.184+0100][gc,marking    ] GC(1277) Concurrent Clear Claimed Marks 0,316ms
[2023-11-08T19:21:16.184+0100][gc,marking    ] GC(1277) Concurrent Scan Root Regions
[2023-11-08T19:21:16.187+0100][gc,marking    ] GC(1277) Concurrent Scan Root Regions 3,055ms
[2023-11-08T19:21:16.187+0100][gc,marking    ] GC(1277) Concurrent Mark (7547,796s)
[2023-11-08T19:21:16.187+0100][gc,marking    ] GC(1277) Concurrent Mark From Roots
[2023-11-08T19:21:16.187+0100][gc,task       ] GC(1277) Using 3 workers of 3 for marking
[2023-11-08T19:21:16.201+0100][gc,marking    ] GC(1277) Concurrent Mark From Roots 13,918ms
[2023-11-08T19:21:16.201+0100][gc,marking    ] GC(1277) Concurrent Preclean
[2023-11-08T19:21:16.202+0100][gc,marking    ] GC(1277) Concurrent Preclean 0,167ms
[2023-11-08T19:21:16.202+0100][gc,marking    ] GC(1277) Concurrent Mark (7547,796s, 7547,810s) 14,140ms
[2023-11-08T19:21:16.202+0100][gc,start      ] GC(1277) Pause Remark
[2023-11-08T19:21:16.206+0100][gc,stringtable] GC(1277) Cleaned string and symbol table, strings: 18403 processed, 0 removed, symbols: 94795 processed, 0 removed
[2023-11-08T19:21:16.206+0100][gc            ] GC(1277) Pause Remark 218M->218M(1024M) 4,031ms
[2023-11-08T19:21:16.206+0100][gc,cpu        ] GC(1277) User=0,02s Sys=0,02s Real=0,01s
[2023-11-08T19:21:16.206+0100][gc,marking    ] GC(1277) Concurrent Rebuild Remembered Sets
[2023-11-08T19:21:16.214+0100][gc,marking    ] GC(1277) Concurrent Rebuild Remembered Sets 8,468ms
[2023-11-08T19:21:16.215+0100][gc,start      ] GC(1277) Pause Cleanup
[2023-11-08T19:21:16.215+0100][gc            ] GC(1277) Pause Cleanup 218M->218M(1024M) 0,236ms
[2023-11-08T19:21:16.215+0100][gc,cpu        ] GC(1277) User=0,01s Sys=0,00s Real=0,01s
[2023-11-08T19:21:16.215+0100][gc,marking    ] GC(1277) Concurrent Cleanup for Next Mark
[2023-11-08T19:21:16.216+0100][gc,marking    ] GC(1277) Concurrent Cleanup for Next Mark 1,582ms
[2023-11-08T19:21:16.216+0100][gc            ] GC(1277) Concurrent Cycle 32,486ms
[2023-11-08T19:21:20.931+0100][gc,start      ] GC(1278) Pause Young (Prepare Mixed) (G1 Evacuation Pause)
[2023-11-08T19:21:20.931+0100][gc,task       ] GC(1278) Using 13 workers of 13 for evacuation
[2023-11-08T19:21:20.937+0100][gc,phases     ] GC(1278)   Pre Evacuate Collection Set: 0,0ms
[2023-11-08T19:21:20.937+0100][gc,phases     ] GC(1278)   Evacuate Collection Set: 5,5ms
[2023-11-08T19:21:20.937+0100][gc,phases     ] GC(1278)   Post Evacuate Collection Set: 0,6ms
[2023-11-08T19:21:20.937+0100][gc,phases     ] GC(1278)   Other: 0,3ms
[2023-11-08T19:21:20.937+0100][gc,heap       ] GC(1278) Eden regions: 467->0(44)
[2023-11-08T19:21:20.937+0100][gc,heap       ] GC(1278) Survivor regions: 6->7(60)
[2023-11-08T19:21:20.937+0100][gc,heap       ] GC(1278) Old regions: 81->81
[2023-11-08T19:21:20.937+0100][gc,heap       ] GC(1278) Humongous regions: 129->129
[2023-11-08T19:21:20.937+0100][gc,metaspace  ] GC(1278) Metaspace: 48300K(52224K)->48300K(52224K) NonClass: 42324K(44544K)->42324K(44544K) Class: 5975K(7680K)->5975K(7680K)
[2023-11-08T19:21:20.937+0100][gc            ] GC(1278) Pause Young (Prepare Mixed) (G1 Evacuation Pause) 681M->214M(1024M) 6,634ms
[2023-11-08T19:21:20.938+0100][gc,cpu        ] GC(1278) User=0,05s Sys=0,02s Real=0,01s
[2023-11-08T19:21:21.343+0100][gc,start      ] GC(1279) Pause Young (Mixed) (G1 Evacuation Pause)
[2023-11-08T19:21:21.343+0100][gc,task       ] GC(1279) Using 13 workers of 13 for evacuation
[2023-11-08T19:21:21.348+0100][gc,phases     ] GC(1279)   Pre Evacuate Collection Set: 0,0ms
[2023-11-08T19:21:21.348+0100][gc,phases     ] GC(1279)   Evacuate Collection Set: 3,9ms
[2023-11-08T19:21:21.348+0100][gc,phases     ] GC(1279)   Post Evacuate Collection Set: 0,7ms
[2023-11-08T19:21:21.348+0100][gc,phases     ] GC(1279)   Other: 0,3ms
[2023-11-08T19:21:21.348+0100][gc,heap       ] GC(1279) Eden regions: 44->0(504)
[2023-11-08T19:21:21.348+0100][gc,heap       ] GC(1279) Survivor regions: 7->4(7)
[2023-11-08T19:21:21.348+0100][gc,heap       ] GC(1279) Old regions: 81->82
[2023-11-08T19:21:21.348+0100][gc,heap       ] GC(1279) Humongous regions: 129->129
[2023-11-08T19:21:21.348+0100][gc,metaspace  ] GC(1279) Metaspace: 48300K(52224K)->48300K(52224K) NonClass: 42324K(44544K)->42324K(44544K) Class: 5975K(7680K)->5975K(7680K)
[2023-11-08T19:21:21.348+0100][gc            ] GC(1279) Pause Young (Mixed) (G1 Evacuation Pause) 258M->212M(1024M) 5,109ms
[2023-11-08T19:21:21.348+0100][gc,cpu        ] GC(1279) User=0,05s Sys=0,01s Real=0,00s
[2023-11-08T19:21:26.363+0100][gc,start      ] GC(1280) Pause Young (Normal) (G1 Evacuation Pause)
[2023-11-08T19:21:26.363+0100][gc,task       ] GC(1280) Using 13 workers of 13 for evacuation
[2023-11-08T19:21:26.367+0100][gc,phases     ] GC(1280)   Pre Evacuate Collection Set: 0,0ms
[2023-11-08T19:21:26.367+0100][gc,phases     ] GC(1280)   Evacuate Collection Set: 3,1ms
[2023-11-08T19:21:26.367+0100][gc,phases     ] GC(1280)   Post Evacuate Collection Set: 0,8ms
[2023-11-08T19:21:26.367+0100][gc,phases     ] GC(1280)   Other: 0,3ms
[2023-11-08T19:21:26.367+0100][gc,heap       ] GC(1280) Eden regions: 504->0(534)
[2023-11-08T19:21:26.367+0100][gc,heap       ] GC(1280) Survivor regions: 4->4(64)
[2023-11-08T19:21:26.367+0100][gc,heap       ] GC(1280) Old regions: 82->82
[2023-11-08T19:21:26.367+0100][gc,heap       ] GC(1280) Humongous regions: 129->129
[2023-11-08T19:21:26.367+0100][gc,metaspace  ] GC(1280) Metaspace: 48300K(52224K)->48300K(52224K) NonClass: 42324K(44544K)->42324K(44544K) Class: 5975K(7680K)->5975K(7680K)
[2023-11-08T19:21:26.367+0100][gc            ] GC(1280) Pause Young (Normal) (G1 Evacuation Pause) 716M->212M(1024M) 4,353ms
[2023-11-08T19:21:26.367+0100][gc,cpu        ] GC(1280) User=0,02s Sys=0,02s Real=0,01s
[2023-11-08T19:21:31.693+0100][gc,start      ] GC(1281) Pause Young (Normal) (G1 Evacuation Pause)
[2023-11-08T19:21:31.693+0100][gc,task       ] GC(1281) Using 13 workers of 13 for evacuation
[2023-11-08T19:21:31.697+0100][gc,phases     ] GC(1281)   Pre Evacuate Collection Set: 0,0ms
[2023-11-08T19:21:31.697+0100][gc,phases     ] GC(1281)   Evacuate Collection Set: 3,2ms
[2023-11-08T19:21:31.697+0100][gc,phases     ] GC(1281)   Post Evacuate Collection Set: 0,6ms
[2023-11-08T19:21:31.697+0100][gc,phases     ] GC(1281)   Other: 0,2ms
[2023-11-08T19:21:31.697+0100][gc,heap       ] GC(1281) Eden regions: 534->0(565)
[2023-11-08T19:21:31.697+0100][gc,heap       ] GC(1281) Survivor regions: 4->5(68)
[2023-11-08T19:21:31.697+0100][gc,heap       ] GC(1281) Old regions: 82->82
[2023-11-08T19:21:31.697+0100][gc,heap       ] GC(1281) Humongous regions: 129->129
[2023-11-08T19:21:31.697+0100][gc,metaspace  ] GC(1281) Metaspace: 48300K(52224K)->48300K(52224K) NonClass: 42324K(44544K)->42324K(44544K) Class: 5975K(7680K)->5975K(7680K)
[2023-11-08T19:21:31.697+0100][gc            ] GC(1281) Pause Young (Normal) (G1 Evacuation Pause) 746M->213M(1024M) 4,157ms
[2023-11-08T19:21:31.697+0100][gc,cpu        ] GC(1281) User=0,04s Sys=0,00s Real=0,01s
[2023-11-08T19:21:37.439+0100][gc,start      ] GC(1282) Pause Young (Concurrent Start) (G1 Evacuation Pause)
[2023-11-08T19:21:37.439+0100][gc,task       ] GC(1282) Using 13 workers of 13 for evacuation
[2023-11-08T19:21:37.444+0100][gc,phases     ] GC(1282)   Pre Evacuate Collection Set: 0,3ms
[2023-11-08T19:21:37.445+0100][gc,phases     ] GC(1282)   Evacuate Collection Set: 3,9ms
[2023-11-08T19:21:37.445+0100][gc,phases     ] GC(1282)   Post Evacuate Collection Set: 0,8ms
[2023-11-08T19:21:37.445+0100][gc,phases     ] GC(1282)   Other: 0,4ms
[2023-11-08T19:21:37.445+0100][gc,heap       ] GC(1282) Eden regions: 565->0(585)
[2023-11-08T19:21:37.445+0100][gc,heap       ] GC(1282) Survivor regions: 5->5(72)
[2023-11-08T19:21:37.445+0100][gc,heap       ] GC(1282) Old regions: 82->82
[2023-11-08T19:21:37.445+0100][gc,heap       ] GC(1282) Humongous regions: 129->129
[2023-11-08T19:21:37.445+0100][gc,metaspace  ] GC(1282) Metaspace: 48300K(52224K)->48300K(52224K) NonClass: 42324K(44544K)->42324K(44544K) Class: 5975K(7680K)->5975K(7680K)
[2023-11-08T19:21:37.445+0100][gc            ] GC(1282) Pause Young (Concurrent Start) (G1 Evacuation Pause) 778M->214M(1024M) 5,611ms
[2023-11-08T19:21:37.445+0100][gc,cpu        ] GC(1282) User=0,05s Sys=0,00s Real=0,01s
[2023-11-08T19:21:37.445+0100][gc            ] GC(1283) Concurrent Cycle
[2023-11-08T19:21:37.445+0100][gc,marking    ] GC(1283) Concurrent Clear Claimed Marks
[2023-11-08T19:21:37.445+0100][gc,marking    ] GC(1283) Concurrent Clear Claimed Marks 0,318ms
[2023-11-08T19:21:37.445+0100][gc,marking    ] GC(1283) Concurrent Scan Root Regions
[2023-11-08T19:21:37.448+0100][gc,marking    ] GC(1283) Concurrent Scan Root Regions 3,208ms
[2023-11-08T19:21:37.448+0100][gc,marking    ] GC(1283) Concurrent Mark (7569,057s)
[2023-11-08T19:21:37.448+0100][gc,marking    ] GC(1283) Concurrent Mark From Roots
[2023-11-08T19:21:37.448+0100][gc,task       ] GC(1283) Using 3 workers of 3 for marking
[2023-11-08T19:21:37.462+0100][gc,marking    ] GC(1283) Concurrent Mark From Roots 13,558ms
[2023-11-08T19:21:37.462+0100][gc,marking    ] GC(1283) Concurrent Preclean
[2023-11-08T19:21:37.462+0100][gc,marking    ] GC(1283) Concurrent Preclean 0,169ms
[2023-11-08T19:21:37.462+0100][gc,marking    ] GC(1283) Concurrent Mark (7569,057s, 7569,071s) 13,785ms
[2023-11-08T19:21:37.462+0100][gc,start      ] GC(1283) Pause Remark
[2023-11-08T19:21:37.465+0100][gc,stringtable] GC(1283) Cleaned string and symbol table, strings: 18403 processed, 0 removed, symbols: 94795 processed, 0 removed
[2023-11-08T19:21:37.466+0100][gc            ] GC(1283) Pause Remark 218M->218M(1024M) 3,303ms
[2023-11-08T19:21:37.466+0100][gc,cpu        ] GC(1283) User=0,01s Sys=0,02s Real=0,01s
[2023-11-08T19:21:37.466+0100][gc,marking    ] GC(1283) Concurrent Rebuild Remembered Sets
[2023-11-08T19:21:37.474+0100][gc,marking    ] GC(1283) Concurrent Rebuild Remembered Sets 7,823ms
[2023-11-08T19:21:37.474+0100][gc,start      ] GC(1283) Pause Cleanup
[2023-11-08T19:21:37.474+0100][gc            ] GC(1283) Pause Cleanup 219M->219M(1024M) 0,140ms
[2023-11-08T19:21:37.474+0100][gc,cpu        ] GC(1283) User=0,01s Sys=0,00s Real=0,00s
[2023-11-08T19:21:37.474+0100][gc,marking    ] GC(1283) Concurrent Cleanup for Next Mark
[2023-11-08T19:21:37.475+0100][gc,marking    ] GC(1283) Concurrent Cleanup for Next Mark 1,542ms
[2023-11-08T19:21:37.475+0100][gc            ] GC(1283) Concurrent Cycle 30,690ms
[2023-11-08T19:21:42.904+0100][gc,start      ] GC(1284) Pause Young (Prepare Mixed) (G1 Evacuation Pause)
[2023-11-08T19:21:42.904+0100][gc,task       ] GC(1284) Using 13 workers of 13 for evacuation
[2023-11-08T19:21:42.910+0100][gc,phases     ] GC(1284)   Pre Evacuate Collection Set: 0,0ms
[2023-11-08T19:21:42.910+0100][gc,phases     ] GC(1284)   Evacuate Collection Set: 5,2ms
[2023-11-08T19:21:42.910+0100][gc,phases     ] GC(1284)   Post Evacuate Collection Set: 0,6ms
[2023-11-08T19:21:42.910+0100][gc,phases     ] GC(1284)   Other: 0,4ms
[2023-11-08T19:21:42.910+0100][gc,heap       ] GC(1284) Eden regions: 541->0(45)
[2023-11-08T19:21:42.910+0100][gc,heap       ] GC(1284) Survivor regions: 5->6(69)
[2023-11-08T19:21:42.910+0100][gc,heap       ] GC(1284) Old regions: 82->82
[2023-11-08T19:21:42.910+0100][gc,heap       ] GC(1284) Humongous regions: 129->129
[2023-11-08T19:21:42.910+0100][gc,metaspace  ] GC(1284) Metaspace: 48301K(52224K)->48301K(52224K) NonClass: 42325K(44544K)->42325K(44544K) Class: 5975K(7680K)->5975K(7680K)
[2023-11-08T19:21:42.910+0100][gc            ] GC(1284) Pause Young (Prepare Mixed) (G1 Evacuation Pause) 755M->214M(1024M) 6,316ms
[2023-11-08T19:21:42.910+0100][gc,cpu        ] GC(1284) User=0,04s Sys=0,02s Real=0,00s
[2023-11-08T19:21:43.363+0100][gc,start      ] GC(1285) Pause Young (Mixed) (G1 Evacuation Pause)
[2023-11-08T19:21:43.363+0100][gc,task       ] GC(1285) Using 13 workers of 13 for evacuation
[2023-11-08T19:21:43.367+0100][gc,phases     ] GC(1285)   Pre Evacuate Collection Set: 0,0ms
[2023-11-08T19:21:43.368+0100][gc,phases     ] GC(1285)   Evacuate Collection Set: 3,6ms
[2023-11-08T19:21:43.368+0100][gc,phases     ] GC(1285)   Post Evacuate Collection Set: 0,6ms
[2023-11-08T19:21:43.368+0100][gc,phases     ] GC(1285)   Other: 0,4ms
[2023-11-08T19:21:43.368+0100][gc,heap       ] GC(1285) Eden regions: 45->0(589)
[2023-11-08T19:21:43.368+0100][gc,heap       ] GC(1285) Survivor regions: 6->4(7)
[2023-11-08T19:21:43.368+0100][gc,heap       ] GC(1285) Old regions: 82->81
[2023-11-08T19:21:43.368+0100][gc,heap       ] GC(1285) Humongous regions: 129->129
[2023-11-08T19:21:43.368+0100][gc,metaspace  ] GC(1285) Metaspace: 48301K(52224K)->48301K(52224K) NonClass: 42325K(44544K)->42325K(44544K) Class: 5975K(7680K)->5975K(7680K)
[2023-11-08T19:21:43.368+0100][gc            ] GC(1285) Pause Young (Mixed) (G1 Evacuation Pause) 259M->211M(1024M) 4,795ms
[2023-11-08T19:21:43.368+0100][gc,cpu        ] GC(1285) User=0,02s Sys=0,03s Real=0,00s
[2023-11-08T19:21:49.305+0100][gc,start      ] GC(1286) Pause Young (Normal) (G1 Evacuation Pause)
[2023-11-08T19:21:49.305+0100][gc,task       ] GC(1286) Using 13 workers of 13 for evacuation
[2023-11-08T19:21:49.310+0100][gc,phases     ] GC(1286)   Pre Evacuate Collection Set: 0,0ms
[2023-11-08T19:21:49.310+0100][gc,phases     ] GC(1286)   Evacuate Collection Set: 3,9ms
[2023-11-08T19:21:49.310+0100][gc,phases     ] GC(1286)   Post Evacuate Collection Set: 0,9ms
[2023-11-08T19:21:49.311+0100][gc,phases     ] GC(1286)   Other: 0,3ms
[2023-11-08T19:21:49.311+0100][gc,heap       ] GC(1286) Eden regions: 589->0(600)
[2023-11-08T19:21:49.311+0100][gc,heap       ] GC(1286) Survivor regions: 4->4(75)
[2023-11-08T19:21:49.311+0100][gc,heap       ] GC(1286) Old regions: 81->81
[2023-11-08T19:21:49.311+0100][gc,heap       ] GC(1286) Humongous regions: 129->129
[2023-11-08T19:21:49.311+0100][gc,metaspace  ] GC(1286) Metaspace: 48301K(52224K)->48301K(52224K) NonClass: 42325K(44544K)->42325K(44544K) Class: 5975K(7680K)->5975K(7680K)
[2023-11-08T19:21:49.311+0100][gc            ] GC(1286) Pause Young (Normal) (G1 Evacuation Pause) 800M->211M(1024M) 5,207ms
[2023-11-08T19:21:49.311+0100][gc,cpu        ] GC(1286) User=0,05s Sys=0,01s Real=0,00s
[2023-11-08T19:21:55.342+0100][gc,start      ] GC(1287) Pause Young (Normal) (G1 Evacuation Pause)
[2023-11-08T19:21:55.342+0100][gc,task       ] GC(1287) Using 13 workers of 13 for evacuation
[2023-11-08T19:21:55.346+0100][gc,phases     ] GC(1287)   Pre Evacuate Collection Set: 0,0ms
[2023-11-08T19:21:55.346+0100][gc,phases     ] GC(1287)   Evacuate Collection Set: 3,5ms
[2023-11-08T19:21:55.346+0100][gc,phases     ] GC(1287)   Post Evacuate Collection Set: 0,7ms
[2023-11-08T19:21:55.346+0100][gc,phases     ] GC(1287)   Other: 0,3ms
[2023-11-08T19:21:55.346+0100][gc,heap       ] GC(1287) Eden regions: 600->0(609)
[2023-11-08T19:21:55.346+0100][gc,heap       ] GC(1287) Survivor regions: 4->5(76)
[2023-11-08T19:21:55.346+0100][gc,heap       ] GC(1287) Old regions: 81->81
[2023-11-08T19:21:55.346+0100][gc,heap       ] GC(1287) Humongous regions: 129->129
[2023-11-08T19:21:55.346+0100][gc,metaspace  ] GC(1287) Metaspace: 48301K(52224K)->48301K(52224K) NonClass: 42325K(44544K)->42325K(44544K) Class: 5975K(7680K)->5975K(7680K)
[2023-11-08T19:21:55.347+0100][gc            ] GC(1287) Pause Young (Normal) (G1 Evacuation Pause) 811M->212M(1024M) 4,688ms
[2023-11-08T19:21:55.347+0100][gc,cpu        ] GC(1287) User=0,05s Sys=0,00s Real=0,01s
[2023-11-08T19:22:01.423+0100][gc,start      ] GC(1288) Pause Young (Concurrent Start) (G1 Evacuation Pause)
[2023-11-08T19:22:01.423+0100][gc,task       ] GC(1288) Using 13 workers of 13 for evacuation
[2023-11-08T19:22:01.428+0100][gc,phases     ] GC(1288)   Pre Evacuate Collection Set: 0,2ms
[2023-11-08T19:22:01.428+0100][gc,phases     ] GC(1288)   Evacuate Collection Set: 3,9ms
[2023-11-08T19:22:01.428+0100][gc,phases     ] GC(1288)   Post Evacuate Collection Set: 0,7ms
[2023-11-08T19:22:01.428+0100][gc,phases     ] GC(1288)   Other: 0,4ms
[2023-11-08T19:22:01.428+0100][gc,heap       ] GC(1288) Eden regions: 609->0(609)
[2023-11-08T19:22:01.428+0100][gc,heap       ] GC(1288) Survivor regions: 5->5(77)
[2023-11-08T19:22:01.428+0100][gc,heap       ] GC(1288) Old regions: 81->81
[2023-11-08T19:22:01.428+0100][gc,heap       ] GC(1288) Humongous regions: 129->129
[2023-11-08T19:22:01.428+0100][gc,metaspace  ] GC(1288) Metaspace: 48301K(52224K)->48301K(52224K) NonClass: 42325K(44544K)->42325K(44544K) Class: 5975K(7680K)->5975K(7680K)
[2023-11-08T19:22:01.428+0100][gc            ] GC(1288) Pause Young (Concurrent Start) (G1 Evacuation Pause) 821M->212M(1024M) 5,347ms
[2023-11-08T19:22:01.428+0100][gc,cpu        ] GC(1288) User=0,05s Sys=0,00s Real=0,01s
[2023-11-08T19:22:01.428+0100][gc            ] GC(1289) Concurrent Cycle
[2023-11-08T19:22:01.428+0100][gc,marking    ] GC(1289) Concurrent Clear Claimed Marks
[2023-11-08T19:22:01.428+0100][gc,marking    ] GC(1289) Concurrent Clear Claimed Marks 0,393ms
[2023-11-08T19:22:01.428+0100][gc,marking    ] GC(1289) Concurrent Scan Root Regions
[2023-11-08T19:22:01.432+0100][gc,marking    ] GC(1289) Concurrent Scan Root Regions 3,933ms
[2023-11-08T19:22:01.432+0100][gc,marking    ] GC(1289) Concurrent Mark (7593,041s)
[2023-11-08T19:22:01.432+0100][gc,marking    ] GC(1289) Concurrent Mark From Roots
[2023-11-08T19:22:01.432+0100][gc,task       ] GC(1289) Using 3 workers of 3 for marking
[2023-11-08T19:22:01.447+0100][gc,marking    ] GC(1289) Concurrent Mark From Roots 14,127ms
[2023-11-08T19:22:01.447+0100][gc,marking    ] GC(1289) Concurrent Preclean
[2023-11-08T19:22:01.447+0100][gc,marking    ] GC(1289) Concurrent Preclean 0,338ms
[2023-11-08T19:22:01.447+0100][gc,marking    ] GC(1289) Concurrent Mark (7593,041s, 7593,056s) 14,541ms
[2023-11-08T19:22:01.447+0100][gc,start      ] GC(1289) Pause Remark
[2023-11-08T19:22:01.451+0100][gc,stringtable] GC(1289) Cleaned string and symbol table, strings: 18403 processed, 0 removed, symbols: 94795 processed, 0 removed
[2023-11-08T19:22:01.451+0100][gc            ] GC(1289) Pause Remark 217M->217M(1024M) 3,956ms
[2023-11-08T19:22:01.451+0100][gc,cpu        ] GC(1289) User=0,04s Sys=0,00s Real=0,00s
[2023-11-08T19:22:01.451+0100][gc,marking    ] GC(1289) Concurrent Rebuild Remembered Sets
[2023-11-08T19:22:01.460+0100][gc,marking    ] GC(1289) Concurrent Rebuild Remembered Sets 9,196ms
[2023-11-08T19:22:01.461+0100][gc,start      ] GC(1289) Pause Cleanup
[2023-11-08T19:22:01.461+0100][gc            ] GC(1289) Pause Cleanup 218M->218M(1024M) 0,170ms
[2023-11-08T19:22:01.461+0100][gc,cpu        ] GC(1289) User=0,00s Sys=0,00s Real=0,00s
[2023-11-08T19:22:01.461+0100][gc,marking    ] GC(1289) Concurrent Cleanup for Next Mark
[2023-11-08T19:22:01.462+0100][gc,marking    ] GC(1289) Concurrent Cleanup for Next Mark 1,548ms
[2023-11-08T19:22:01.462+0100][gc            ] GC(1289) Concurrent Cycle 34,355ms
[2023-11-08T19:22:07.348+0100][gc,start      ] GC(1290) Pause Young (Prepare Mixed) (G1 Evacuation Pause)
[2023-11-08T19:22:07.348+0100][gc,task       ] GC(1290) Using 13 workers of 13 for evacuation
[2023-11-08T19:22:07.353+0100][gc,phases     ] GC(1290)   Pre Evacuate Collection Set: 0,0ms
[2023-11-08T19:22:07.353+0100][gc,phases     ] GC(1290)   Evacuate Collection Set: 4,4ms
[2023-11-08T19:22:07.353+0100][gc,phases     ] GC(1290)   Post Evacuate Collection Set: 0,6ms
[2023-11-08T19:22:07.353+0100][gc,phases     ] GC(1290)   Other: 0,3ms
[2023-11-08T19:22:07.353+0100][gc,heap       ] GC(1290) Eden regions: 602->0(45)
[2023-11-08T19:22:07.353+0100][gc,heap       ] GC(1290) Survivor regions: 5->6(76)
[2023-11-08T19:22:07.353+0100][gc,heap       ] GC(1290) Old regions: 81->81
[2023-11-08T19:22:07.353+0100][gc,heap       ] GC(1290) Humongous regions: 129->129
[2023-11-08T19:22:07.353+0100][gc,metaspace  ] GC(1290) Metaspace: 48301K(52224K)->48301K(52224K) NonClass: 42325K(44544K)->42325K(44544K) Class: 5975K(7680K)->5975K(7680K)
[2023-11-08T19:22:07.353+0100][gc            ] GC(1290) Pause Young (Prepare Mixed) (G1 Evacuation Pause) 814M->213M(1024M) 5,495ms
[2023-11-08T19:22:07.353+0100][gc,cpu        ] GC(1290) User=0,06s Sys=0,00s Real=0,00s
[2023-11-08T19:22:07.789+0100][gc,start      ] GC(1291) Pause Young (Mixed) (G1 Evacuation Pause)
[2023-11-08T19:22:07.789+0100][gc,task       ] GC(1291) Using 13 workers of 13 for evacuation
[2023-11-08T19:22:07.794+0100][gc,phases     ] GC(1291)   Pre Evacuate Collection Set: 0,0ms
[2023-11-08T19:22:07.794+0100][gc,phases     ] GC(1291)   Evacuate Collection Set: 3,5ms
[2023-11-08T19:22:07.794+0100][gc,phases     ] GC(1291)   Post Evacuate Collection Set: 0,6ms
[2023-11-08T19:22:07.794+0100][gc,phases     ] GC(1291)   Other: 0,3ms
[2023-11-08T19:22:07.794+0100][gc,heap       ] GC(1291) Eden regions: 45->0(610)
[2023-11-08T19:22:07.794+0100][gc,heap       ] GC(1291) Survivor regions: 6->4(7)
[2023-11-08T19:22:07.794+0100][gc,heap       ] GC(1291) Old regions: 81->80
[2023-11-08T19:22:07.794+0100][gc,heap       ] GC(1291) Humongous regions: 129->129
[2023-11-08T19:22:07.794+0100][gc,metaspace  ] GC(1291) Metaspace: 48301K(52224K)->48301K(52224K) NonClass: 42325K(44544K)->42325K(44544K) Class: 5975K(7680K)->5975K(7680K)
[2023-11-08T19:22:07.794+0100][gc            ] GC(1291) Pause Young (Mixed) (G1 Evacuation Pause) 258M->211M(1024M) 4,550ms
[2023-11-08T19:22:07.794+0100][gc,cpu        ] GC(1291) User=0,04s Sys=0,00s Real=0,00s
[2023-11-08T19:22:13.881+0100][gc,start      ] GC(1292) Pause Young (Normal) (G1 Evacuation Pause)
[2023-11-08T19:22:13.881+0100][gc,task       ] GC(1292) Using 13 workers of 13 for evacuation
[2023-11-08T19:22:13.885+0100][gc,phases     ] GC(1292)   Pre Evacuate Collection Set: 0,0ms
[2023-11-08T19:22:13.885+0100][gc,phases     ] GC(1292)   Evacuate Collection Set: 3,4ms
[2023-11-08T19:22:13.885+0100][gc,phases     ] GC(1292)   Post Evacuate Collection Set: 0,8ms
[2023-11-08T19:22:13.885+0100][gc,phases     ] GC(1292)   Other: 0,3ms
[2023-11-08T19:22:13.885+0100][gc,heap       ] GC(1292) Eden regions: 610->0(609)
[2023-11-08T19:22:13.885+0100][gc,heap       ] GC(1292) Survivor regions: 4->5(77)
[2023-11-08T19:22:13.885+0100][gc,heap       ] GC(1292) Old regions: 80->80
[2023-11-08T19:22:13.885+0100][gc,heap       ] GC(1292) Humongous regions: 129->129
[2023-11-08T19:22:13.885+0100][gc,metaspace  ] GC(1292) Metaspace: 48301K(52224K)->48301K(52224K) NonClass: 42325K(44544K)->42325K(44544K) Class: 5975K(7680K)->5975K(7680K)
[2023-11-08T19:22:13.885+0100][gc            ] GC(1292) Pause Young (Normal) (G1 Evacuation Pause) 821M->212M(1024M) 4,767ms
[2023-11-08T19:22:13.885+0100][gc,cpu        ] GC(1292) User=0,05s Sys=0,00s Real=0,01s
[2023-11-08T19:22:19.992+0100][gc,start      ] GC(1293) Pause Young (Normal) (G1 Evacuation Pause)
[2023-11-08T19:22:19.992+0100][gc,task       ] GC(1293) Using 13 workers of 13 for evacuation
[2023-11-08T19:22:19.997+0100][gc,phases     ] GC(1293)   Pre Evacuate Collection Set: 0,0ms
[2023-11-08T19:22:19.997+0100][gc,phases     ] GC(1293)   Evacuate Collection Set: 4,0ms
[2023-11-08T19:22:19.997+0100][gc,phases     ] GC(1293)   Post Evacuate Collection Set: 0,8ms
[2023-11-08T19:22:19.997+0100][gc,phases     ] GC(1293)   Other: 0,3ms
[2023-11-08T19:22:19.997+0100][gc,heap       ] GC(1293) Eden regions: 609->0(609)
[2023-11-08T19:22:19.997+0100][gc,heap       ] GC(1293) Survivor regions: 5->5(77)
[2023-11-08T19:22:19.997+0100][gc,heap       ] GC(1293) Old regions: 80->80
[2023-11-08T19:22:19.997+0100][gc,heap       ] GC(1293) Humongous regions: 129->129
[2023-11-08T19:22:19.997+0100][gc,metaspace  ] GC(1293) Metaspace: 48301K(52224K)->48301K(52224K) NonClass: 42325K(44544K)->42325K(44544K) Class: 5975K(7680K)->5975K(7680K)
[2023-11-08T19:22:19.997+0100][gc            ] GC(1293) Pause Young (Normal) (G1 Evacuation Pause) 821M->212M(1024M) 5,270ms
[2023-11-08T19:22:19.997+0100][gc,cpu        ] GC(1293) User=0,05s Sys=0,00s Real=0,01s
[2023-11-08T19:22:25.972+0100][gc,start      ] GC(1294) Pause Young (Concurrent Start) (G1 Evacuation Pause)
[2023-11-08T19:22:25.972+0100][gc,task       ] GC(1294) Using 13 workers of 13 for evacuation
[2023-11-08T19:22:25.977+0100][gc,phases     ] GC(1294)   Pre Evacuate Collection Set: 0,3ms
[2023-11-08T19:22:25.977+0100][gc,phases     ] GC(1294)   Evacuate Collection Set: 4,2ms
[2023-11-08T19:22:25.977+0100][gc,phases     ] GC(1294)   Post Evacuate Collection Set: 0,8ms
[2023-11-08T19:22:25.977+0100][gc,phases     ] GC(1294)   Other: 0,4ms
[2023-11-08T19:22:25.977+0100][gc,heap       ] GC(1294) Eden regions: 609->0(608)
[2023-11-08T19:22:25.977+0100][gc,heap       ] GC(1294) Survivor regions: 5->6(77)
[2023-11-08T19:22:25.977+0100][gc,heap       ] GC(1294) Old regions: 80->80
[2023-11-08T19:22:25.977+0100][gc,heap       ] GC(1294) Humongous regions: 129->129
[2023-11-08T19:22:25.977+0100][gc,metaspace  ] GC(1294) Metaspace: 48301K(52224K)->48301K(52224K) NonClass: 42325K(44544K)->42325K(44544K) Class: 5975K(7680K)->5975K(7680K)
[2023-11-08T19:22:25.977+0100][gc            ] GC(1294) Pause Young (Concurrent Start) (G1 Evacuation Pause) 821M->212M(1024M) 5,887ms
[2023-11-08T19:22:25.977+0100][gc,cpu        ] GC(1294) User=0,04s Sys=0,01s Real=0,01s
[2023-11-08T19:22:25.978+0100][gc            ] GC(1295) Concurrent Cycle
[2023-11-08T19:22:25.978+0100][gc,marking    ] GC(1295) Concurrent Clear Claimed Marks
[2023-11-08T19:22:25.978+0100][gc,marking    ] GC(1295) Concurrent Clear Claimed Marks 0,316ms
[2023-11-08T19:22:25.978+0100][gc,marking    ] GC(1295) Concurrent Scan Root Regions
[2023-11-08T19:22:25.981+0100][gc,marking    ] GC(1295) Concurrent Scan Root Regions 3,453ms
[2023-11-08T19:22:25.981+0100][gc,marking    ] GC(1295) Concurrent Mark (7617,590s)
[2023-11-08T19:22:25.981+0100][gc,marking    ] GC(1295) Concurrent Mark From Roots
[2023-11-08T19:22:25.981+0100][gc,task       ] GC(1295) Using 3 workers of 3 for marking
[2023-11-08T19:22:25.996+0100][gc,marking    ] GC(1295) Concurrent Mark From Roots 14,257ms
[2023-11-08T19:22:25.996+0100][gc,marking    ] GC(1295) Concurrent Preclean
[2023-11-08T19:22:25.996+0100][gc,marking    ] GC(1295) Concurrent Preclean 0,286ms
[2023-11-08T19:22:25.996+0100][gc,marking    ] GC(1295) Concurrent Mark (7617,590s, 7617,605s) 14,630ms
[2023-11-08T19:22:25.996+0100][gc,start      ] GC(1295) Pause Remark
[2023-11-08T19:22:26.000+0100][gc,stringtable] GC(1295) Cleaned string and symbol table, strings: 18403 processed, 0 removed, symbols: 94795 processed, 0 removed
[2023-11-08T19:22:26.000+0100][gc            ] GC(1295) Pause Remark 217M->217M(1024M) 3,975ms
[2023-11-08T19:22:26.000+0100][gc,cpu        ] GC(1295) User=0,04s Sys=0,00s Real=0,00s
[2023-11-08T19:22:26.000+0100][gc,marking    ] GC(1295) Concurrent Rebuild Remembered Sets
[2023-11-08T19:22:26.014+0100][gc,marking    ] GC(1295) Concurrent Rebuild Remembered Sets 13,542ms
[2023-11-08T19:22:26.014+0100][gc,start      ] GC(1295) Pause Cleanup
[2023-11-08T19:22:26.014+0100][gc            ] GC(1295) Pause Cleanup 217M->217M(1024M) 0,241ms
[2023-11-08T19:22:26.014+0100][gc,cpu        ] GC(1295) User=0,00s Sys=0,00s Real=0,00s
[2023-11-08T19:22:26.014+0100][gc,marking    ] GC(1295) Concurrent Cleanup for Next Mark
[2023-11-08T19:22:26.016+0100][gc,marking    ] GC(1295) Concurrent Cleanup for Next Mark 1,603ms
[2023-11-08T19:22:26.016+0100][gc            ] GC(1295) Concurrent Cycle 38,490ms
[2023-11-08T19:22:32.056+0100][gc,start      ] GC(1296) Pause Young (Prepare Mixed) (G1 Evacuation Pause)
[2023-11-08T19:22:32.056+0100][gc,task       ] GC(1296) Using 13 workers of 13 for evacuation
[2023-11-08T19:22:32.062+0100][gc,phases     ] GC(1296)   Pre Evacuate Collection Set: 0,0ms
[2023-11-08T19:22:32.063+0100][gc,phases     ] GC(1296)   Evacuate Collection Set: 5,6ms
[2023-11-08T19:22:32.063+0100][gc,phases     ] GC(1296)   Post Evacuate Collection Set: 0,8ms
[2023-11-08T19:22:32.063+0100][gc,phases     ] GC(1296)   Other: 0,3ms
[2023-11-08T19:22:32.063+0100][gc,heap       ] GC(1296) Eden regions: 608->0(45)
[2023-11-08T19:22:32.063+0100][gc,heap       ] GC(1296) Survivor regions: 6->6(77)
[2023-11-08T19:22:32.063+0100][gc,heap       ] GC(1296) Old regions: 80->80
[2023-11-08T19:22:32.063+0100][gc,heap       ] GC(1296) Humongous regions: 129->129
[2023-11-08T19:22:32.063+0100][gc,metaspace  ] GC(1296) Metaspace: 48301K(52224K)->48301K(52224K) NonClass: 42325K(44544K)->42325K(44544K) Class: 5975K(7680K)->5975K(7680K)
[2023-11-08T19:22:32.063+0100][gc            ] GC(1296) Pause Young (Prepare Mixed) (G1 Evacuation Pause) 820M->212M(1024M) 6,815ms
[2023-11-08T19:22:32.063+0100][gc,cpu        ] GC(1296) User=0,06s Sys=0,02s Real=0,00s
[2023-11-08T19:22:32.513+0100][gc,start      ] GC(1297) Pause Young (Mixed) (G1 Evacuation Pause)
[2023-11-08T19:22:32.513+0100][gc,task       ] GC(1297) Using 13 workers of 13 for evacuation
[2023-11-08T19:22:32.518+0100][gc,phases     ] GC(1297)   Pre Evacuate Collection Set: 0,0ms
[2023-11-08T19:22:32.518+0100][gc,phases     ] GC(1297)   Evacuate Collection Set: 3,6ms
[2023-11-08T19:22:32.518+0100][gc,phases     ] GC(1297)   Post Evacuate Collection Set: 0,6ms
[2023-11-08T19:22:32.518+0100][gc,phases     ] GC(1297)   Other: 0,3ms
[2023-11-08T19:22:32.518+0100][gc,heap       ] GC(1297) Eden regions: 45->0(610)
[2023-11-08T19:22:32.518+0100][gc,heap       ] GC(1297) Survivor regions: 6->4(7)
[2023-11-08T19:22:32.518+0100][gc,heap       ] GC(1297) Old regions: 80->81
[2023-11-08T19:22:32.518+0100][gc,heap       ] GC(1297) Humongous regions: 129->129
[2023-11-08T19:22:32.518+0100][gc,metaspace  ] GC(1297) Metaspace: 48301K(52224K)->48301K(52224K) NonClass: 42325K(44544K)->42325K(44544K) Class: 5975K(7680K)->5975K(7680K)
[2023-11-08T19:22:32.518+0100][gc            ] GC(1297) Pause Young (Mixed) (G1 Evacuation Pause) 257M->212M(1024M) 4,673ms
[2023-11-08T19:22:32.518+0100][gc,cpu        ] GC(1297) User=0,05s Sys=0,00s Real=0,01s
[2023-11-08T19:22:38.599+0100][gc,start      ] GC(1298) Pause Young (Normal) (G1 Evacuation Pause)
[2023-11-08T19:22:38.599+0100][gc,task       ] GC(1298) Using 13 workers of 13 for evacuation
[2023-11-08T19:22:38.604+0100][gc,phases     ] GC(1298)   Pre Evacuate Collection Set: 0,0ms
[2023-11-08T19:22:38.604+0100][gc,phases     ] GC(1298)   Evacuate Collection Set: 3,4ms
[2023-11-08T19:22:38.604+0100][gc,phases     ] GC(1298)   Post Evacuate Collection Set: 0,9ms
[2023-11-08T19:22:38.604+0100][gc,phases     ] GC(1298)   Other: 0,4ms
[2023-11-08T19:22:38.604+0100][gc,heap       ] GC(1298) Eden regions: 610->0(610)
[2023-11-08T19:22:38.604+0100][gc,heap       ] GC(1298) Survivor regions: 4->4(77)
[2023-11-08T19:22:38.604+0100][gc,heap       ] GC(1298) Old regions: 81->81
[2023-11-08T19:22:38.604+0100][gc,heap       ] GC(1298) Humongous regions: 129->129
[2023-11-08T19:22:38.604+0100][gc,metaspace  ] GC(1298) Metaspace: 48302K(52224K)->48302K(52224K) NonClass: 42327K(44544K)->42327K(44544K) Class: 5975K(7680K)->5975K(7680K)
[2023-11-08T19:22:38.604+0100][gc            ] GC(1298) Pause Young (Normal) (G1 Evacuation Pause) 822M->212M(1024M) 4,754ms
[2023-11-08T19:22:38.604+0100][gc,cpu        ] GC(1298) User=0,02s Sys=0,03s Real=0,01s
[2023-11-08T19:22:44.596+0100][gc,start      ] GC(1299) Pause Young (Normal) (G1 Evacuation Pause)
[2023-11-08T19:22:44.596+0100][gc,task       ] GC(1299) Using 13 workers of 13 for evacuation
[2023-11-08T19:22:44.602+0100][gc,phases     ] GC(1299)   Pre Evacuate Collection Set: 0,0ms
[2023-11-08T19:22:44.602+0100][gc,phases     ] GC(1299)   Evacuate Collection Set: 4,2ms
[2023-11-08T19:22:44.602+0100][gc,phases     ] GC(1299)   Post Evacuate Collection Set: 1,0ms
[2023-11-08T19:22:44.602+0100][gc,phases     ] GC(1299)   Other: 0,3ms
[2023-11-08T19:22:44.602+0100][gc,heap       ] GC(1299) Eden regions: 610->0(609)
[2023-11-08T19:22:44.602+0100][gc,heap       ] GC(1299) Survivor regions: 4->5(77)
[2023-11-08T19:22:44.602+0100][gc,heap       ] GC(1299) Old regions: 81->81
[2023-11-08T19:22:44.602+0100][gc,heap       ] GC(1299) Humongous regions: 129->129
[2023-11-08T19:22:44.602+0100][gc,metaspace  ] GC(1299) Metaspace: 48302K(52224K)->48302K(52224K) NonClass: 42327K(44544K)->42327K(44544K) Class: 5975K(7680K)->5975K(7680K)
[2023-11-08T19:22:44.602+0100][gc            ] GC(1299) Pause Young (Normal) (G1 Evacuation Pause) 822M->212M(1024M) 5,765ms
[2023-11-08T19:22:44.602+0100][gc,cpu        ] GC(1299) User=0,05s Sys=0,00s Real=0,00s
[2023-11-08T19:22:50.614+0100][gc,start      ] GC(1300) Pause Young (Concurrent Start) (G1 Evacuation Pause)
[2023-11-08T19:22:50.614+0100][gc,task       ] GC(1300) Using 13 workers of 13 for evacuation
[2023-11-08T19:22:50.620+0100][gc,phases     ] GC(1300)   Pre Evacuate Collection Set: 0,3ms
[2023-11-08T19:22:50.620+0100][gc,phases     ] GC(1300)   Evacuate Collection Set: 4,0ms
[2023-11-08T19:22:50.620+0100][gc,phases     ] GC(1300)   Post Evacuate Collection Set: 0,7ms
[2023-11-08T19:22:50.620+0100][gc,phases     ] GC(1300)   Other: 0,3ms
[2023-11-08T19:22:50.620+0100][gc,heap       ] GC(1300) Eden regions: 609->0(609)
[2023-11-08T19:22:50.620+0100][gc,heap       ] GC(1300) Survivor regions: 5->5(77)
[2023-11-08T19:22:50.620+0100][gc,heap       ] GC(1300) Old regions: 81->81
[2023-11-08T19:22:50.620+0100][gc,heap       ] GC(1300) Humongous regions: 129->129
[2023-11-08T19:22:50.620+0100][gc,metaspace  ] GC(1300) Metaspace: 48302K(52224K)->48302K(52224K) NonClass: 42327K(44544K)->42327K(44544K) Class: 5975K(7680K)->5975K(7680K)
[2023-11-08T19:22:50.620+0100][gc            ] GC(1300) Pause Young (Concurrent Start) (G1 Evacuation Pause) 821M->213M(1024M) 5,458ms
[2023-11-08T19:22:50.620+0100][gc,cpu        ] GC(1300) User=0,05s Sys=0,00s Real=0,01s
[2023-11-08T19:22:50.620+0100][gc            ] GC(1301) Concurrent Cycle
[2023-11-08T19:22:50.620+0100][gc,marking    ] GC(1301) Concurrent Clear Claimed Marks
[2023-11-08T19:22:50.620+0100][gc,marking    ] GC(1301) Concurrent Clear Claimed Marks 0,356ms
[2023-11-08T19:22:50.620+0100][gc,marking    ] GC(1301) Concurrent Scan Root Regions
[2023-11-08T19:22:50.624+0100][gc,marking    ] GC(1301) Concurrent Scan Root Regions 3,839ms
[2023-11-08T19:22:50.624+0100][gc,marking    ] GC(1301) Concurrent Mark (7642,233s)
[2023-11-08T19:22:50.624+0100][gc,marking    ] GC(1301) Concurrent Mark From Roots
[2023-11-08T19:22:50.624+0100][gc,task       ] GC(1301) Using 3 workers of 3 for marking
[2023-11-08T19:22:50.638+0100][gc,marking    ] GC(1301) Concurrent Mark From Roots 14,232ms
[2023-11-08T19:22:50.638+0100][gc,marking    ] GC(1301) Concurrent Preclean
[2023-11-08T19:22:50.639+0100][gc,marking    ] GC(1301) Concurrent Preclean 0,308ms
[2023-11-08T19:22:50.639+0100][gc,marking    ] GC(1301) Concurrent Mark (7642,233s, 7642,247s) 14,621ms
[2023-11-08T19:22:50.639+0100][gc,start      ] GC(1301) Pause Remark
[2023-11-08T19:22:50.643+0100][gc,stringtable] GC(1301) Cleaned string and symbol table, strings: 18403 processed, 0 removed, symbols: 94795 processed, 0 removed
[2023-11-08T19:22:50.643+0100][gc            ] GC(1301) Pause Remark 217M->217M(1024M) 3,913ms
[2023-11-08T19:22:50.643+0100][gc,cpu        ] GC(1301) User=0,01s Sys=0,02s Real=0,01s
[2023-11-08T19:22:50.643+0100][gc,marking    ] GC(1301) Concurrent Rebuild Remembered Sets
[2023-11-08T19:22:50.652+0100][gc,marking    ] GC(1301) Concurrent Rebuild Remembered Sets 9,295ms
[2023-11-08T19:22:50.653+0100][gc,start      ] GC(1301) Pause Cleanup
[2023-11-08T19:22:50.653+0100][gc            ] GC(1301) Pause Cleanup 218M->218M(1024M) 0,219ms
[2023-11-08T19:22:50.653+0100][gc,cpu        ] GC(1301) User=0,00s Sys=0,00s Real=0,00s
[2023-11-08T19:22:50.653+0100][gc,marking    ] GC(1301) Concurrent Cleanup for Next Mark
[2023-11-08T19:22:50.654+0100][gc,marking    ] GC(1301) Concurrent Cleanup for Next Mark 1,570ms
[2023-11-08T19:22:50.655+0100][gc            ] GC(1301) Concurrent Cycle 34,665ms
[2023-11-08T19:22:56.686+0100][gc,start      ] GC(1302) Pause Young (Prepare Mixed) (G1 Evacuation Pause)
[2023-11-08T19:22:56.686+0100][gc,task       ] GC(1302) Using 13 workers of 13 for evacuation
[2023-11-08T19:22:56.692+0100][gc,phases     ] GC(1302)   Pre Evacuate Collection Set: 0,0ms
[2023-11-08T19:22:56.692+0100][gc,phases     ] GC(1302)   Evacuate Collection Set: 4,6ms
[2023-11-08T19:22:56.692+0100][gc,phases     ] GC(1302)   Post Evacuate Collection Set: 0,8ms
[2023-11-08T19:22:56.692+0100][gc,phases     ] GC(1302)   Other: 0,4ms
[2023-11-08T19:22:56.692+0100][gc,heap       ] GC(1302) Eden regions: 609->0(46)
[2023-11-08T19:22:56.692+0100][gc,heap       ] GC(1302) Survivor regions: 5->5(77)
[2023-11-08T19:22:56.692+0100][gc,heap       ] GC(1302) Old regions: 81->81
[2023-11-08T19:22:56.692+0100][gc,heap       ] GC(1302) Humongous regions: 129->129
[2023-11-08T19:22:56.692+0100][gc,metaspace  ] GC(1302) Metaspace: 48302K(52224K)->48302K(52224K) NonClass: 42327K(44544K)->42327K(44544K) Class: 5975K(7680K)->5975K(7680K)
[2023-11-08T19:22:56.692+0100][gc            ] GC(1302) Pause Young (Prepare Mixed) (G1 Evacuation Pause) 822M->213M(1024M) 5,952ms
[2023-11-08T19:22:56.692+0100][gc,cpu        ] GC(1302) User=0,05s Sys=0,02s Real=0,00s
[2023-11-08T19:22:57.175+0100][gc,start      ] GC(1303) Pause Young (Mixed) (G1 Evacuation Pause)
[2023-11-08T19:22:57.175+0100][gc,task       ] GC(1303) Using 13 workers of 13 for evacuation
[2023-11-08T19:22:57.179+0100][gc,phases     ] GC(1303)   Pre Evacuate Collection Set: 0,1ms
[2023-11-08T19:22:57.179+0100][gc,phases     ] GC(1303)   Evacuate Collection Set: 3,5ms
[2023-11-08T19:22:57.179+0100][gc,phases     ] GC(1303)   Post Evacuate Collection Set: 0,6ms
[2023-11-08T19:22:57.179+0100][gc,phases     ] GC(1303)   Other: 0,4ms
[2023-11-08T19:22:57.179+0100][gc,heap       ] GC(1303) Eden regions: 46->0(610)
[2023-11-08T19:22:57.179+0100][gc,heap       ] GC(1303) Survivor regions: 5->4(7)
[2023-11-08T19:22:57.179+0100][gc,heap       ] GC(1303) Old regions: 81->80
[2023-11-08T19:22:57.179+0100][gc,heap       ] GC(1303) Humongous regions: 129->129
[2023-11-08T19:22:57.179+0100][gc,metaspace  ] GC(1303) Metaspace: 48302K(52224K)->48302K(52224K) NonClass: 42327K(44544K)->42327K(44544K) Class: 5975K(7680K)->5975K(7680K)
[2023-11-08T19:22:57.179+0100][gc            ] GC(1303) Pause Young (Mixed) (G1 Evacuation Pause) 259M->211M(1024M) 4,696ms
[2023-11-08T19:22:57.179+0100][gc,cpu        ] GC(1303) User=0,02s Sys=0,02s Real=0,01s
[2023-11-08T19:23:03.279+0100][gc,start      ] GC(1304) Pause Young (Normal) (G1 Evacuation Pause)
[2023-11-08T19:23:03.279+0100][gc,task       ] GC(1304) Using 13 workers of 13 for evacuation
[2023-11-08T19:23:03.284+0100][gc,phases     ] GC(1304)   Pre Evacuate Collection Set: 0,0ms
[2023-11-08T19:23:03.284+0100][gc,phases     ] GC(1304)   Evacuate Collection Set: 4,6ms
[2023-11-08T19:23:03.284+0100][gc,phases     ] GC(1304)   Post Evacuate Collection Set: 0,9ms
[2023-11-08T19:23:03.284+0100][gc,phases     ] GC(1304)   Other: 0,3ms
[2023-11-08T19:23:03.285+0100][gc,heap       ] GC(1304) Eden regions: 610->0(609)
[2023-11-08T19:23:03.285+0100][gc,heap       ] GC(1304) Survivor regions: 4->5(77)
[2023-11-08T19:23:03.285+0100][gc,heap       ] GC(1304) Old regions: 80->80
[2023-11-08T19:23:03.285+0100][gc,heap       ] GC(1304) Humongous regions: 129->129
[2023-11-08T19:23:03.285+0100][gc,metaspace  ] GC(1304) Metaspace: 48302K(52224K)->48302K(52224K) NonClass: 42327K(44544K)->42327K(44544K) Class: 5975K(7680K)->5975K(7680K)
[2023-11-08T19:23:03.285+0100][gc            ] GC(1304) Pause Young (Normal) (G1 Evacuation Pause) 821M->211M(1024M) 6,095ms
[2023-11-08T19:23:03.285+0100][gc,cpu        ] GC(1304) User=0,04s Sys=0,03s Real=0,01s
[2023-11-08T19:23:09.411+0100][gc,start      ] GC(1305) Pause Young (Normal) (G1 Evacuation Pause)
[2023-11-08T19:23:09.411+0100][gc,task       ] GC(1305) Using 13 workers of 13 for evacuation
[2023-11-08T19:23:09.416+0100][gc,phases     ] GC(1305)   Pre Evacuate Collection Set: 0,0ms
[2023-11-08T19:23:09.416+0100][gc,phases     ] GC(1305)   Evacuate Collection Set: 3,8ms
[2023-11-08T19:23:09.416+0100][gc,phases     ] GC(1305)   Post Evacuate Collection Set: 0,8ms
[2023-11-08T19:23:09.416+0100][gc,phases     ] GC(1305)   Other: 0,3ms
[2023-11-08T19:23:09.416+0100][gc,heap       ] GC(1305) Eden regions: 609->0(609)
[2023-11-08T19:23:09.416+0100][gc,heap       ] GC(1305) Survivor regions: 5->5(77)
[2023-11-08T19:23:09.416+0100][gc,heap       ] GC(1305) Old regions: 80->80
[2023-11-08T19:23:09.416+0100][gc,heap       ] GC(1305) Humongous regions: 129->129
[2023-11-08T19:23:09.416+0100][gc,metaspace  ] GC(1305) Metaspace: 48311K(52224K)->48311K(52224K) NonClass: 42335K(44544K)->42335K(44544K) Class: 5975K(7680K)->5975K(7680K)
[2023-11-08T19:23:09.416+0100][gc            ] GC(1305) Pause Young (Normal) (G1 Evacuation Pause) 820M->212M(1024M) 5,144ms
[2023-11-08T19:23:09.416+0100][gc,cpu        ] GC(1305) User=0,04s Sys=0,00s Real=0,01s
[2023-11-08T19:23:15.461+0100][gc,start      ] GC(1306) Pause Young (Concurrent Start) (G1 Evacuation Pause)
[2023-11-08T19:23:15.461+0100][gc,task       ] GC(1306) Using 13 workers of 13 for evacuation
[2023-11-08T19:23:15.466+0100][gc,phases     ] GC(1306)   Pre Evacuate Collection Set: 0,3ms
[2023-11-08T19:23:15.466+0100][gc,phases     ] GC(1306)   Evacuate Collection Set: 4,0ms
[2023-11-08T19:23:15.466+0100][gc,phases     ] GC(1306)   Post Evacuate Collection Set: 0,8ms
[2023-11-08T19:23:15.466+0100][gc,phases     ] GC(1306)   Other: 0,4ms
[2023-11-08T19:23:15.466+0100][gc,heap       ] GC(1306) Eden regions: 609->0(609)
[2023-11-08T19:23:15.466+0100][gc,heap       ] GC(1306) Survivor regions: 5->5(77)
[2023-11-08T19:23:15.466+0100][gc,heap       ] GC(1306) Old regions: 80->80
[2023-11-08T19:23:15.466+0100][gc,heap       ] GC(1306) Humongous regions: 129->129
[2023-11-08T19:23:15.466+0100][gc,metaspace  ] GC(1306) Metaspace: 48311K(52224K)->48311K(52224K) NonClass: 42335K(44544K)->42335K(44544K) Class: 5975K(7680K)->5975K(7680K)
[2023-11-08T19:23:15.466+0100][gc            ] GC(1306) Pause Young (Concurrent Start) (G1 Evacuation Pause) 821M->212M(1024M) 5,623ms
[2023-11-08T19:23:15.466+0100][gc,cpu        ] GC(1306) User=0,05s Sys=0,00s Real=0,01s
[2023-11-08T19:23:15.466+0100][gc            ] GC(1307) Concurrent Cycle
[2023-11-08T19:23:15.466+0100][gc,marking    ] GC(1307) Concurrent Clear Claimed Marks
[2023-11-08T19:23:15.467+0100][gc,marking    ] GC(1307) Concurrent Clear Claimed Marks 0,351ms
[2023-11-08T19:23:15.467+0100][gc,marking    ] GC(1307) Concurrent Scan Root Regions
[2023-11-08T19:23:15.470+0100][gc,marking    ] GC(1307) Concurrent Scan Root Regions 3,635ms
[2023-11-08T19:23:15.470+0100][gc,marking    ] GC(1307) Concurrent Mark (7667,079s)
[2023-11-08T19:23:15.470+0100][gc,marking    ] GC(1307) Concurrent Mark From Roots
[2023-11-08T19:23:15.471+0100][gc,task       ] GC(1307) Using 3 workers of 3 for marking
[2023-11-08T19:23:15.485+0100][gc,marking    ] GC(1307) Concurrent Mark From Roots 14,524ms
[2023-11-08T19:23:15.485+0100][gc,marking    ] GC(1307) Concurrent Preclean
[2023-11-08T19:23:15.485+0100][gc,marking    ] GC(1307) Concurrent Preclean 0,164ms
[2023-11-08T19:23:15.485+0100][gc,marking    ] GC(1307) Concurrent Mark (7667,079s, 7667,094s) 14,747ms
[2023-11-08T19:23:15.485+0100][gc,start      ] GC(1307) Pause Remark
[2023-11-08T19:23:15.489+0100][gc,stringtable] GC(1307) Cleaned string and symbol table, strings: 18403 processed, 0 removed, symbols: 94795 processed, 0 removed
[2023-11-08T19:23:15.489+0100][gc            ] GC(1307) Pause Remark 216M->216M(1024M) 3,853ms
[2023-11-08T19:23:15.489+0100][gc,cpu        ] GC(1307) User=0,04s Sys=0,00s Real=0,00s
[2023-11-08T19:23:15.489+0100][gc,marking    ] GC(1307) Concurrent Rebuild Remembered Sets
[2023-11-08T19:23:15.498+0100][gc,marking    ] GC(1307) Concurrent Rebuild Remembered Sets 8,167ms
[2023-11-08T19:23:15.498+0100][gc,start      ] GC(1307) Pause Cleanup
[2023-11-08T19:23:15.498+0100][gc            ] GC(1307) Pause Cleanup 217M->217M(1024M) 0,226ms
[2023-11-08T19:23:15.498+0100][gc,cpu        ] GC(1307) User=0,00s Sys=0,00s Real=0,00s
[2023-11-08T19:23:15.498+0100][gc,marking    ] GC(1307) Concurrent Cleanup for Next Mark
[2023-11-08T19:23:15.500+0100][gc,marking    ] GC(1307) Concurrent Cleanup for Next Mark 1,528ms
[2023-11-08T19:23:15.500+0100][gc            ] GC(1307) Concurrent Cycle 33,198ms
[2023-11-08T19:23:21.613+0100][gc,start      ] GC(1308) Pause Young (Prepare Mixed) (G1 Evacuation Pause)
[2023-11-08T19:23:21.613+0100][gc,task       ] GC(1308) Using 13 workers of 13 for evacuation
[2023-11-08T19:23:21.619+0100][gc,phases     ] GC(1308)   Pre Evacuate Collection Set: 0,0ms
[2023-11-08T19:23:21.619+0100][gc,phases     ] GC(1308)   Evacuate Collection Set: 4,6ms
[2023-11-08T19:23:21.619+0100][gc,phases     ] GC(1308)   Post Evacuate Collection Set: 0,8ms
[2023-11-08T19:23:21.619+0100][gc,phases     ] GC(1308)   Other: 0,3ms
[2023-11-08T19:23:21.619+0100][gc,heap       ] GC(1308) Eden regions: 609->0(46)
[2023-11-08T19:23:21.619+0100][gc,heap       ] GC(1308) Survivor regions: 5->5(77)
[2023-11-08T19:23:21.619+0100][gc,heap       ] GC(1308) Old regions: 80->80
[2023-11-08T19:23:21.619+0100][gc,heap       ] GC(1308) Humongous regions: 129->129
[2023-11-08T19:23:21.619+0100][gc,metaspace  ] GC(1308) Metaspace: 48311K(52224K)->48311K(52224K) NonClass: 42335K(44544K)->42335K(44544K) Class: 5975K(7680K)->5975K(7680K)
[2023-11-08T19:23:21.619+0100][gc            ] GC(1308) Pause Young (Prepare Mixed) (G1 Evacuation Pause) 821M->212M(1024M) 5,861ms
[2023-11-08T19:23:21.619+0100][gc,cpu        ] GC(1308) User=0,06s Sys=0,01s Real=0,01s
[2023-11-08T19:23:22.061+0100][gc,start      ] GC(1309) Pause Young (Mixed) (G1 Evacuation Pause)
[2023-11-08T19:23:22.061+0100][gc,task       ] GC(1309) Using 13 workers of 13 for evacuation
[2023-11-08T19:23:22.066+0100][gc,phases     ] GC(1309)   Pre Evacuate Collection Set: 0,0ms
[2023-11-08T19:23:22.066+0100][gc,phases     ] GC(1309)   Evacuate Collection Set: 3,7ms
[2023-11-08T19:23:22.066+0100][gc,phases     ] GC(1309)   Post Evacuate Collection Set: 0,5ms
[2023-11-08T19:23:22.066+0100][gc,phases     ] GC(1309)   Other: 0,3ms
[2023-11-08T19:23:22.066+0100][gc,heap       ] GC(1309) Eden regions: 46->0(610)
[2023-11-08T19:23:22.066+0100][gc,heap       ] GC(1309) Survivor regions: 5->4(7)
[2023-11-08T19:23:22.066+0100][gc,heap       ] GC(1309) Old regions: 80->81
[2023-11-08T19:23:22.066+0100][gc,heap       ] GC(1309) Humongous regions: 129->129
[2023-11-08T19:23:22.066+0100][gc,metaspace  ] GC(1309) Metaspace: 48311K(52224K)->48311K(52224K) NonClass: 42335K(44544K)->42335K(44544K) Class: 5975K(7680K)->5975K(7680K)
[2023-11-08T19:23:22.066+0100][gc            ] GC(1309) Pause Young (Mixed) (G1 Evacuation Pause) 258M->211M(1024M) 4,664ms
[2023-11-08T19:23:22.066+0100][gc,cpu        ] GC(1309) User=0,04s Sys=0,00s Real=0,01s
[2023-11-08T19:23:28.152+0100][gc,start      ] GC(1310) Pause Young (Normal) (G1 Evacuation Pause)
[2023-11-08T19:23:28.152+0100][gc,task       ] GC(1310) Using 13 workers of 13 for evacuation
[2023-11-08T19:23:28.157+0100][gc,phases     ] GC(1310)   Pre Evacuate Collection Set: 0,0ms
[2023-11-08T19:23:28.157+0100][gc,phases     ] GC(1310)   Evacuate Collection Set: 3,4ms
[2023-11-08T19:23:28.157+0100][gc,phases     ] GC(1310)   Post Evacuate Collection Set: 0,8ms
[2023-11-08T19:23:28.157+0100][gc,phases     ] GC(1310)   Other: 0,3ms
[2023-11-08T19:23:28.157+0100][gc,heap       ] GC(1310) Eden regions: 610->0(610)
[2023-11-08T19:23:28.157+0100][gc,heap       ] GC(1310) Survivor regions: 4->4(77)
[2023-11-08T19:23:28.157+0100][gc,heap       ] GC(1310) Old regions: 81->81
[2023-11-08T19:23:28.157+0100][gc,heap       ] GC(1310) Humongous regions: 129->129
[2023-11-08T19:23:28.157+0100][gc,metaspace  ] GC(1310) Metaspace: 48311K(52224K)->48311K(52224K) NonClass: 42335K(44544K)->42335K(44544K) Class: 5975K(7680K)->5975K(7680K)
[2023-11-08T19:23:28.157+0100][gc            ] GC(1310) Pause Young (Normal) (G1 Evacuation Pause) 821M->211M(1024M) 4,716ms
[2023-11-08T19:23:28.157+0100][gc,cpu        ] GC(1310) User=0,04s Sys=0,01s Real=0,01s
[2023-11-08T19:23:34.293+0100][gc,start      ] GC(1311) Pause Young (Normal) (G1 Evacuation Pause)
[2023-11-08T19:23:34.293+0100][gc,task       ] GC(1311) Using 13 workers of 13 for evacuation
[2023-11-08T19:23:34.298+0100][gc,phases     ] GC(1311)   Pre Evacuate Collection Set: 0,0ms
[2023-11-08T19:23:34.298+0100][gc,phases     ] GC(1311)   Evacuate Collection Set: 3,4ms
[2023-11-08T19:23:34.298+0100][gc,phases     ] GC(1311)   Post Evacuate Collection Set: 0,7ms
[2023-11-08T19:23:34.298+0100][gc,phases     ] GC(1311)   Other: 0,3ms
[2023-11-08T19:23:34.298+0100][gc,heap       ] GC(1311) Eden regions: 610->0(609)
[2023-11-08T19:23:34.298+0100][gc,heap       ] GC(1311) Survivor regions: 4->5(77)
[2023-11-08T19:23:34.298+0100][gc,heap       ] GC(1311) Old regions: 81->81
[2023-11-08T19:23:34.298+0100][gc,heap       ] GC(1311) Humongous regions: 129->129
[2023-11-08T19:23:34.298+0100][gc,metaspace  ] GC(1311) Metaspace: 48311K(52224K)->48311K(52224K) NonClass: 42335K(44544K)->42335K(44544K) Class: 5975K(7680K)->5975K(7680K)
[2023-11-08T19:23:34.298+0100][gc            ] GC(1311) Pause Young (Normal) (G1 Evacuation Pause) 821M->211M(1024M) 4,583ms
[2023-11-08T19:23:34.298+0100][gc,cpu        ] GC(1311) User=0,05s Sys=0,00s Real=0,01s
[2023-11-08T19:23:40.406+0100][gc,start      ] GC(1312) Pause Young (Concurrent Start) (G1 Evacuation Pause)
[2023-11-08T19:23:40.406+0100][gc,task       ] GC(1312) Using 13 workers of 13 for evacuation
[2023-11-08T19:23:40.411+0100][gc,phases     ] GC(1312)   Pre Evacuate Collection Set: 0,3ms
[2023-11-08T19:23:40.411+0100][gc,phases     ] GC(1312)   Evacuate Collection Set: 4,1ms
[2023-11-08T19:23:40.411+0100][gc,phases     ] GC(1312)   Post Evacuate Collection Set: 0,8ms
[2023-11-08T19:23:40.411+0100][gc,phases     ] GC(1312)   Other: 0,3ms
[2023-11-08T19:23:40.411+0100][gc,heap       ] GC(1312) Eden regions: 609->0(609)
[2023-11-08T19:23:40.411+0100][gc,heap       ] GC(1312) Survivor regions: 5->5(77)
[2023-11-08T19:23:40.411+0100][gc,heap       ] GC(1312) Old regions: 81->81
[2023-11-08T19:23:40.411+0100][gc,heap       ] GC(1312) Humongous regions: 129->129
[2023-11-08T19:23:40.411+0100][gc,metaspace  ] GC(1312) Metaspace: 48311K(52224K)->48311K(52224K) NonClass: 42335K(44544K)->42335K(44544K) Class: 5975K(7680K)->5975K(7680K)
[2023-11-08T19:23:40.411+0100][gc            ] GC(1312) Pause Young (Concurrent Start) (G1 Evacuation Pause) 820M->212M(1024M) 5,646ms
[2023-11-08T19:23:40.411+0100][gc,cpu        ] GC(1312) User=0,03s Sys=0,01s Real=0,00s
[2023-11-08T19:23:40.411+0100][gc            ] GC(1313) Concurrent Cycle
[2023-11-08T19:23:40.411+0100][gc,marking    ] GC(1313) Concurrent Clear Claimed Marks
[2023-11-08T19:23:40.412+0100][gc,marking    ] GC(1313) Concurrent Clear Claimed Marks 0,353ms
[2023-11-08T19:23:40.412+0100][gc,marking    ] GC(1313) Concurrent Scan Root Regions
[2023-11-08T19:23:40.415+0100][gc,marking    ] GC(1313) Concurrent Scan Root Regions 3,002ms
[2023-11-08T19:23:40.415+0100][gc,marking    ] GC(1313) Concurrent Mark (7692,023s)
[2023-11-08T19:23:40.415+0100][gc,marking    ] GC(1313) Concurrent Mark From Roots
[2023-11-08T19:23:40.415+0100][gc,task       ] GC(1313) Using 3 workers of 3 for marking
[2023-11-08T19:23:40.430+0100][gc,marking    ] GC(1313) Concurrent Mark From Roots 14,907ms
[2023-11-08T19:23:40.430+0100][gc,marking    ] GC(1313) Concurrent Preclean
[2023-11-08T19:23:40.430+0100][gc,marking    ] GC(1313) Concurrent Preclean 0,209ms
[2023-11-08T19:23:40.430+0100][gc,marking    ] GC(1313) Concurrent Mark (7692,023s, 7692,039s) 15,192ms
[2023-11-08T19:23:40.430+0100][gc,start      ] GC(1313) Pause Remark
[2023-11-08T19:23:40.434+0100][gc,stringtable] GC(1313) Cleaned string and symbol table, strings: 18403 processed, 0 removed, symbols: 94795 processed, 0 removed
[2023-11-08T19:23:40.434+0100][gc            ] GC(1313) Pause Remark 216M->216M(1024M) 4,200ms
[2023-11-08T19:23:40.434+0100][gc,cpu        ] GC(1313) User=0,02s Sys=0,02s Real=0,00s
[2023-11-08T19:23:40.434+0100][gc,marking    ] GC(1313) Concurrent Rebuild Remembered Sets
[2023-11-08T19:23:40.443+0100][gc,marking    ] GC(1313) Concurrent Rebuild Remembered Sets 8,446ms
[2023-11-08T19:23:40.443+0100][gc,start      ] GC(1313) Pause Cleanup
[2023-11-08T19:23:40.443+0100][gc            ] GC(1313) Pause Cleanup 217M->217M(1024M) 0,144ms
[2023-11-08T19:23:40.443+0100][gc,cpu        ] GC(1313) User=0,00s Sys=0,00s Real=0,00s
[2023-11-08T19:23:40.443+0100][gc,marking    ] GC(1313) Concurrent Cleanup for Next Mark
[2023-11-08T19:23:40.445+0100][gc,marking    ] GC(1313) Concurrent Cleanup for Next Mark 1,491ms
[2023-11-08T19:23:40.445+0100][gc            ] GC(1313) Concurrent Cycle 33,433ms
[2023-11-08T19:23:46.392+0100][gc,start      ] GC(1314) Pause Young (Prepare Mixed) (G1 Evacuation Pause)
[2023-11-08T19:23:46.392+0100][gc,task       ] GC(1314) Using 13 workers of 13 for evacuation
[2023-11-08T19:23:46.399+0100][gc,phases     ] GC(1314)   Pre Evacuate Collection Set: 0,0ms
[2023-11-08T19:23:46.399+0100][gc,phases     ] GC(1314)   Evacuate Collection Set: 5,1ms
[2023-11-08T19:23:46.399+0100][gc,phases     ] GC(1314)   Post Evacuate Collection Set: 0,7ms
[2023-11-08T19:23:46.399+0100][gc,phases     ] GC(1314)   Other: 0,3ms
[2023-11-08T19:23:46.399+0100][gc,heap       ] GC(1314) Eden regions: 609->0(46)
[2023-11-08T19:23:46.399+0100][gc,heap       ] GC(1314) Survivor regions: 5->5(77)
[2023-11-08T19:23:46.399+0100][gc,heap       ] GC(1314) Old regions: 81->81
[2023-11-08T19:23:46.399+0100][gc,heap       ] GC(1314) Humongous regions: 129->129
[2023-11-08T19:23:46.399+0100][gc,metaspace  ] GC(1314) Metaspace: 48311K(52224K)->48311K(52224K) NonClass: 42335K(44544K)->42335K(44544K) Class: 5975K(7680K)->5975K(7680K)
[2023-11-08T19:23:46.399+0100][gc            ] GC(1314) Pause Young (Prepare Mixed) (G1 Evacuation Pause) 821M->212M(1024M) 6,306ms
[2023-11-08T19:23:46.399+0100][gc,cpu        ] GC(1314) User=0,05s Sys=0,01s Real=0,01s
[2023-11-08T19:23:46.849+0100][gc,start      ] GC(1315) Pause Young (Mixed) (G1 Evacuation Pause)
[2023-11-08T19:23:46.849+0100][gc,task       ] GC(1315) Using 13 workers of 13 for evacuation
[2023-11-08T19:23:46.853+0100][gc,phases     ] GC(1315)   Pre Evacuate Collection Set: 0,0ms
[2023-11-08T19:23:46.853+0100][gc,phases     ] GC(1315)   Evacuate Collection Set: 3,5ms
[2023-11-08T19:23:46.853+0100][gc,phases     ] GC(1315)   Post Evacuate Collection Set: 0,5ms
[2023-11-08T19:23:46.854+0100][gc,phases     ] GC(1315)   Other: 0,2ms
[2023-11-08T19:23:46.854+0100][gc,heap       ] GC(1315) Eden regions: 46->0(610)
[2023-11-08T19:23:46.854+0100][gc,heap       ] GC(1315) Survivor regions: 5->4(7)
[2023-11-08T19:23:46.854+0100][gc,heap       ] GC(1315) Old regions: 81->81
[2023-11-08T19:23:46.854+0100][gc,heap       ] GC(1315) Humongous regions: 129->129
[2023-11-08T19:23:46.854+0100][gc,metaspace  ] GC(1315) Metaspace: 48311K(52224K)->48311K(52224K) NonClass: 42335K(44544K)->42335K(44544K) Class: 5975K(7680K)->5975K(7680K)
[2023-11-08T19:23:46.854+0100][gc            ] GC(1315) Pause Young (Mixed) (G1 Evacuation Pause) 258M->211M(1024M) 4,337ms
[2023-11-08T19:23:46.854+0100][gc,cpu        ] GC(1315) User=0,05s Sys=0,00s Real=0,00s
[2023-11-08T19:23:52.898+0100][gc,start      ] GC(1316) Pause Young (Normal) (G1 Evacuation Pause)
[2023-11-08T19:23:52.898+0100][gc,task       ] GC(1316) Using 13 workers of 13 for evacuation
[2023-11-08T19:23:52.903+0100][gc,phases     ] GC(1316)   Pre Evacuate Collection Set: 0,0ms
[2023-11-08T19:23:52.903+0100][gc,phases     ] GC(1316)   Evacuate Collection Set: 3,8ms
[2023-11-08T19:23:52.903+0100][gc,phases     ] GC(1316)   Post Evacuate Collection Set: 0,8ms
[2023-11-08T19:23:52.903+0100][gc,phases     ] GC(1316)   Other: 0,3ms
[2023-11-08T19:23:52.903+0100][gc,heap       ] GC(1316) Eden regions: 610->0(609)
[2023-11-08T19:23:52.903+0100][gc,heap       ] GC(1316) Survivor regions: 4->5(77)
[2023-11-08T19:23:52.903+0100][gc,heap       ] GC(1316) Old regions: 81->81
[2023-11-08T19:23:52.903+0100][gc,heap       ] GC(1316) Humongous regions: 129->129
[2023-11-08T19:23:52.903+0100][gc,metaspace  ] GC(1316) Metaspace: 48311K(52224K)->48311K(52224K) NonClass: 42335K(44544K)->42335K(44544K) Class: 5975K(7680K)->5975K(7680K)
[2023-11-08T19:23:52.903+0100][gc            ] GC(1316) Pause Young (Normal) (G1 Evacuation Pause) 821M->212M(1024M) 5,055ms
[2023-11-08T19:23:52.903+0100][gc,cpu        ] GC(1316) User=0,04s Sys=0,00s Real=0,01s
[2023-11-08T19:23:58.905+0100][gc,start      ] GC(1317) Pause Young (Normal) (G1 Evacuation Pause)
[2023-11-08T19:23:58.905+0100][gc,task       ] GC(1317) Using 13 workers of 13 for evacuation
[2023-11-08T19:23:58.910+0100][gc,phases     ] GC(1317)   Pre Evacuate Collection Set: 0,0ms
[2023-11-08T19:23:58.910+0100][gc,phases     ] GC(1317)   Evacuate Collection Set: 3,7ms
[2023-11-08T19:23:58.910+0100][gc,phases     ] GC(1317)   Post Evacuate Collection Set: 0,9ms
[2023-11-08T19:23:58.910+0100][gc,phases     ] GC(1317)   Other: 0,3ms
[2023-11-08T19:23:58.910+0100][gc,heap       ] GC(1317) Eden regions: 609->0(609)
[2023-11-08T19:23:58.910+0100][gc,heap       ] GC(1317) Survivor regions: 5->5(77)
[2023-11-08T19:23:58.911+0100][gc,heap       ] GC(1317) Old regions: 81->81
[2023-11-08T19:23:58.911+0100][gc,heap       ] GC(1317) Humongous regions: 129->129
[2023-11-08T19:23:58.911+0100][gc,metaspace  ] GC(1317) Metaspace: 48311K(52224K)->48311K(52224K) NonClass: 42335K(44544K)->42335K(44544K) Class: 5975K(7680K)->5975K(7680K)
[2023-11-08T19:23:58.911+0100][gc            ] GC(1317) Pause Young (Normal) (G1 Evacuation Pause) 821M->212M(1024M) 5,155ms
[2023-11-08T19:23:58.911+0100][gc,cpu        ] GC(1317) User=0,05s Sys=0,01s Real=0,00s
[2023-11-08T19:24:05.045+0100][gc,start      ] GC(1318) Pause Young (Concurrent Start) (G1 Evacuation Pause)
[2023-11-08T19:24:05.045+0100][gc,task       ] GC(1318) Using 13 workers of 13 for evacuation
[2023-11-08T19:24:05.050+0100][gc,phases     ] GC(1318)   Pre Evacuate Collection Set: 0,3ms
[2023-11-08T19:24:05.050+0100][gc,phases     ] GC(1318)   Evacuate Collection Set: 4,2ms
[2023-11-08T19:24:05.050+0100][gc,phases     ] GC(1318)   Post Evacuate Collection Set: 0,9ms
[2023-11-08T19:24:05.050+0100][gc,phases     ] GC(1318)   Other: 0,4ms
[2023-11-08T19:24:05.050+0100][gc,heap       ] GC(1318) Eden regions: 609->0(609)
[2023-11-08T19:24:05.050+0100][gc,heap       ] GC(1318) Survivor regions: 5->5(77)
[2023-11-08T19:24:05.050+0100][gc,heap       ] GC(1318) Old regions: 81->81
[2023-11-08T19:24:05.050+0100][gc,heap       ] GC(1318) Humongous regions: 129->129
[2023-11-08T19:24:05.050+0100][gc,metaspace  ] GC(1318) Metaspace: 48311K(52224K)->48311K(52224K) NonClass: 42335K(44544K)->42335K(44544K) Class: 5975K(7680K)->5975K(7680K)
[2023-11-08T19:24:05.051+0100][gc            ] GC(1318) Pause Young (Concurrent Start) (G1 Evacuation Pause) 821M->212M(1024M) 5,944ms
[2023-11-08T19:24:05.051+0100][gc,cpu        ] GC(1318) User=0,05s Sys=0,00s Real=0,00s
[2023-11-08T19:24:05.051+0100][gc            ] GC(1319) Concurrent Cycle
[2023-11-08T19:24:05.051+0100][gc,marking    ] GC(1319) Concurrent Clear Claimed Marks
[2023-11-08T19:24:05.051+0100][gc,marking    ] GC(1319) Concurrent Clear Claimed Marks 0,388ms
[2023-11-08T19:24:05.051+0100][gc,marking    ] GC(1319) Concurrent Scan Root Regions
[2023-11-08T19:24:05.054+0100][gc,marking    ] GC(1319) Concurrent Scan Root Regions 2,907ms
[2023-11-08T19:24:05.054+0100][gc,marking    ] GC(1319) Concurrent Mark (7716,663s)
[2023-11-08T19:24:05.054+0100][gc,marking    ] GC(1319) Concurrent Mark From Roots
[2023-11-08T19:24:05.054+0100][gc,task       ] GC(1319) Using 3 workers of 3 for marking
[2023-11-08T19:24:05.069+0100][gc,marking    ] GC(1319) Concurrent Mark From Roots 14,678ms
[2023-11-08T19:24:05.069+0100][gc,marking    ] GC(1319) Concurrent Preclean
[2023-11-08T19:24:05.069+0100][gc,marking    ] GC(1319) Concurrent Preclean 0,196ms
[2023-11-08T19:24:05.069+0100][gc,marking    ] GC(1319) Concurrent Mark (7716,663s, 7716,677s) 14,925ms
[2023-11-08T19:24:05.069+0100][gc,start      ] GC(1319) Pause Remark
[2023-11-08T19:24:05.073+0100][gc,stringtable] GC(1319) Cleaned string and symbol table, strings: 18403 processed, 0 removed, symbols: 94795 processed, 0 removed
[2023-11-08T19:24:05.073+0100][gc            ] GC(1319) Pause Remark 217M->217M(1024M) 3,765ms
[2023-11-08T19:24:05.073+0100][gc,cpu        ] GC(1319) User=0,04s Sys=0,00s Real=0,00s
[2023-11-08T19:24:05.073+0100][gc,marking    ] GC(1319) Concurrent Rebuild Remembered Sets
[2023-11-08T19:24:05.081+0100][gc,marking    ] GC(1319) Concurrent Rebuild Remembered Sets 8,256ms
[2023-11-08T19:24:05.081+0100][gc,start      ] GC(1319) Pause Cleanup
[2023-11-08T19:24:05.081+0100][gc            ] GC(1319) Pause Cleanup 217M->217M(1024M) 0,151ms
[2023-11-08T19:24:05.081+0100][gc,cpu        ] GC(1319) User=0,00s Sys=0,00s Real=0,00s
[2023-11-08T19:24:05.081+0100][gc,marking    ] GC(1319) Concurrent Cleanup for Next Mark
[2023-11-08T19:24:05.083+0100][gc,marking    ] GC(1319) Concurrent Cleanup for Next Mark 1,684ms
[2023-11-08T19:24:05.083+0100][gc            ] GC(1319) Concurrent Cycle 32,665ms
[2023-11-08T19:24:11.173+0100][gc,start      ] GC(1320) Pause Young (Prepare Mixed) (G1 Evacuation Pause)
[2023-11-08T19:24:11.173+0100][gc,task       ] GC(1320) Using 13 workers of 13 for evacuation
[2023-11-08T19:24:11.179+0100][gc,phases     ] GC(1320)   Pre Evacuate Collection Set: 0,0ms
[2023-11-08T19:24:11.180+0100][gc,phases     ] GC(1320)   Evacuate Collection Set: 5,1ms
[2023-11-08T19:24:11.180+0100][gc,phases     ] GC(1320)   Post Evacuate Collection Set: 0,9ms
[2023-11-08T19:24:11.180+0100][gc,phases     ] GC(1320)   Other: 0,4ms
[2023-11-08T19:24:11.180+0100][gc,heap       ] GC(1320) Eden regions: 609->0(46)
[2023-11-08T19:24:11.180+0100][gc,heap       ] GC(1320) Survivor regions: 5->5(77)
[2023-11-08T19:24:11.180+0100][gc,heap       ] GC(1320) Old regions: 81->81
[2023-11-08T19:24:11.180+0100][gc,heap       ] GC(1320) Humongous regions: 129->129
[2023-11-08T19:24:11.180+0100][gc,metaspace  ] GC(1320) Metaspace: 48311K(52224K)->48311K(52224K) NonClass: 42335K(44544K)->42335K(44544K) Class: 5975K(7680K)->5975K(7680K)
[2023-11-08T19:24:11.180+0100][gc            ] GC(1320) Pause Young (Prepare Mixed) (G1 Evacuation Pause) 821M->213M(1024M) 6,557ms
[2023-11-08T19:24:11.180+0100][gc,cpu        ] GC(1320) User=0,06s Sys=0,01s Real=0,01s
[2023-11-08T19:24:11.607+0100][gc,start      ] GC(1321) Pause Young (Mixed) (G1 Evacuation Pause)
[2023-11-08T19:24:11.607+0100][gc,task       ] GC(1321) Using 13 workers of 13 for evacuation
[2023-11-08T19:24:11.611+0100][gc,phases     ] GC(1321)   Pre Evacuate Collection Set: 0,0ms
[2023-11-08T19:24:11.611+0100][gc,phases     ] GC(1321)   Evacuate Collection Set: 3,3ms
[2023-11-08T19:24:11.611+0100][gc,phases     ] GC(1321)   Post Evacuate Collection Set: 0,6ms
[2023-11-08T19:24:11.611+0100][gc,phases     ] GC(1321)   Other: 0,3ms
[2023-11-08T19:24:11.611+0100][gc,heap       ] GC(1321) Eden regions: 46->0(610)
[2023-11-08T19:24:11.611+0100][gc,heap       ] GC(1321) Survivor regions: 5->4(7)
[2023-11-08T19:24:11.611+0100][gc,heap       ] GC(1321) Old regions: 81->80
[2023-11-08T19:24:11.611+0100][gc,heap       ] GC(1321) Humongous regions: 129->129
[2023-11-08T19:24:11.611+0100][gc,metaspace  ] GC(1321) Metaspace: 48311K(52224K)->48311K(52224K) NonClass: 42335K(44544K)->42335K(44544K) Class: 5975K(7680K)->5975K(7680K)
[2023-11-08T19:24:11.611+0100][gc            ] GC(1321) Pause Young (Mixed) (G1 Evacuation Pause) 259M->211M(1024M) 4,434ms
[2023-11-08T19:24:11.611+0100][gc,cpu        ] GC(1321) User=0,02s Sys=0,02s Real=0,00s
[2023-11-08T19:24:17.573+0100][gc,start      ] GC(1322) Pause Young (Normal) (G1 Evacuation Pause)
[2023-11-08T19:24:17.573+0100][gc,task       ] GC(1322) Using 13 workers of 13 for evacuation
[2023-11-08T19:24:17.577+0100][gc,phases     ] GC(1322)   Pre Evacuate Collection Set: 0,0ms
[2023-11-08T19:24:17.577+0100][gc,phases     ] GC(1322)   Evacuate Collection Set: 3,3ms
[2023-11-08T19:24:17.577+0100][gc,phases     ] GC(1322)   Post Evacuate Collection Set: 0,8ms
[2023-11-08T19:24:17.577+0100][gc,phases     ] GC(1322)   Other: 0,3ms
[2023-11-08T19:24:17.577+0100][gc,heap       ] GC(1322) Eden regions: 610->0(610)
[2023-11-08T19:24:17.577+0100][gc,heap       ] GC(1322) Survivor regions: 4->4(77)
[2023-11-08T19:24:17.577+0100][gc,heap       ] GC(1322) Old regions: 80->80
[2023-11-08T19:24:17.577+0100][gc,heap       ] GC(1322) Humongous regions: 129->129
[2023-11-08T19:24:17.577+0100][gc,metaspace  ] GC(1322) Metaspace: 48311K(52224K)->48311K(52224K) NonClass: 42335K(44544K)->42335K(44544K) Class: 5975K(7680K)->5975K(7680K)
[2023-11-08T19:24:17.577+0100][gc            ] GC(1322) Pause Young (Normal) (G1 Evacuation Pause) 821M->211M(1024M) 4,596ms
[2023-11-08T19:24:17.577+0100][gc,cpu        ] GC(1322) User=0,05s Sys=0,00s Real=0,01s
[2023-11-08T19:24:23.547+0100][gc,start      ] GC(1323) Pause Young (Normal) (G1 Evacuation Pause)
[2023-11-08T19:24:23.547+0100][gc,task       ] GC(1323) Using 13 workers of 13 for evacuation
[2023-11-08T19:24:23.551+0100][gc,phases     ] GC(1323)   Pre Evacuate Collection Set: 0,0ms
[2023-11-08T19:24:23.551+0100][gc,phases     ] GC(1323)   Evacuate Collection Set: 3,3ms
[2023-11-08T19:24:23.551+0100][gc,phases     ] GC(1323)   Post Evacuate Collection Set: 0,8ms
[2023-11-08T19:24:23.551+0100][gc,phases     ] GC(1323)   Other: 0,4ms
[2023-11-08T19:24:23.551+0100][gc,heap       ] GC(1323) Eden regions: 610->0(610)
[2023-11-08T19:24:23.551+0100][gc,heap       ] GC(1323) Survivor regions: 4->4(77)
[2023-11-08T19:24:23.551+0100][gc,heap       ] GC(1323) Old regions: 80->80
[2023-11-08T19:24:23.551+0100][gc,heap       ] GC(1323) Humongous regions: 129->129
[2023-11-08T19:24:23.551+0100][gc,metaspace  ] GC(1323) Metaspace: 48311K(52224K)->48311K(52224K) NonClass: 42335K(44544K)->42335K(44544K) Class: 5975K(7680K)->5975K(7680K)
[2023-11-08T19:24:23.551+0100][gc            ] GC(1323) Pause Young (Normal) (G1 Evacuation Pause) 821M->211M(1024M) 4,685ms
[2023-11-08T19:24:23.551+0100][gc,cpu        ] GC(1323) User=0,02s Sys=0,03s Real=0,00s
[2023-11-08T19:24:29.641+0100][gc,start      ] GC(1324) Pause Young (Concurrent Start) (G1 Evacuation Pause)
[2023-11-08T19:24:29.641+0100][gc,task       ] GC(1324) Using 13 workers of 13 for evacuation
[2023-11-08T19:24:29.647+0100][gc,phases     ] GC(1324)   Pre Evacuate Collection Set: 0,3ms
[2023-11-08T19:24:29.647+0100][gc,phases     ] GC(1324)   Evacuate Collection Set: 4,3ms
[2023-11-08T19:24:29.647+0100][gc,phases     ] GC(1324)   Post Evacuate Collection Set: 0,8ms
[2023-11-08T19:24:29.647+0100][gc,phases     ] GC(1324)   Other: 0,4ms
[2023-11-08T19:24:29.647+0100][gc,heap       ] GC(1324) Eden regions: 610->0(609)
[2023-11-08T19:24:29.647+0100][gc,heap       ] GC(1324) Survivor regions: 4->5(77)
[2023-11-08T19:24:29.647+0100][gc,heap       ] GC(1324) Old regions: 80->80
[2023-11-08T19:24:29.647+0100][gc,heap       ] GC(1324) Humongous regions: 129->129
[2023-11-08T19:24:29.647+0100][gc,metaspace  ] GC(1324) Metaspace: 48311K(52224K)->48311K(52224K) NonClass: 42335K(44544K)->42335K(44544K) Class: 5975K(7680K)->5975K(7680K)
[2023-11-08T19:24:29.647+0100][gc            ] GC(1324) Pause Young (Concurrent Start) (G1 Evacuation Pause) 821M->212M(1024M) 5,908ms
[2023-11-08T19:24:29.647+0100][gc,cpu        ] GC(1324) User=0,04s Sys=0,01s Real=0,01s
[2023-11-08T19:24:29.647+0100][gc            ] GC(1325) Concurrent Cycle
[2023-11-08T19:24:29.647+0100][gc,marking    ] GC(1325) Concurrent Clear Claimed Marks
[2023-11-08T19:24:29.648+0100][gc,marking    ] GC(1325) Concurrent Clear Claimed Marks 0,340ms
[2023-11-08T19:24:29.648+0100][gc,marking    ] GC(1325) Concurrent Scan Root Regions
[2023-11-08T19:24:29.652+0100][gc,marking    ] GC(1325) Concurrent Scan Root Regions 4,120ms
[2023-11-08T19:24:29.652+0100][gc,marking    ] GC(1325) Concurrent Mark (7741,260s)
[2023-11-08T19:24:29.652+0100][gc,marking    ] GC(1325) Concurrent Mark From Roots
[2023-11-08T19:24:29.652+0100][gc,task       ] GC(1325) Using 3 workers of 3 for marking
[2023-11-08T19:24:29.667+0100][gc,marking    ] GC(1325) Concurrent Mark From Roots 14,792ms
[2023-11-08T19:24:29.667+0100][gc,marking    ] GC(1325) Concurrent Preclean
[2023-11-08T19:24:29.667+0100][gc,marking    ] GC(1325) Concurrent Preclean 0,333ms
[2023-11-08T19:24:29.667+0100][gc,marking    ] GC(1325) Concurrent Mark (7741,260s, 7741,276s) 15,204ms
[2023-11-08T19:24:29.667+0100][gc,start      ] GC(1325) Pause Remark
[2023-11-08T19:24:29.672+0100][gc,stringtable] GC(1325) Cleaned string and symbol table, strings: 18403 processed, 0 removed, symbols: 94795 processed, 0 removed
[2023-11-08T19:24:29.672+0100][gc            ] GC(1325) Pause Remark 216M->216M(1024M) 4,785ms
[2023-11-08T19:24:29.672+0100][gc,cpu        ] GC(1325) User=0,05s Sys=0,00s Real=0,00s
[2023-11-08T19:24:29.672+0100][gc,marking    ] GC(1325) Concurrent Rebuild Remembered Sets
[2023-11-08T19:24:29.682+0100][gc,marking    ] GC(1325) Concurrent Rebuild Remembered Sets 9,630ms
[2023-11-08T19:24:29.682+0100][gc,start      ] GC(1325) Pause Cleanup
[2023-11-08T19:24:29.682+0100][gc            ] GC(1325) Pause Cleanup 217M->217M(1024M) 0,252ms
[2023-11-08T19:24:29.682+0100][gc,cpu        ] GC(1325) User=0,00s Sys=0,00s Real=0,00s
[2023-11-08T19:24:29.682+0100][gc,marking    ] GC(1325) Concurrent Cleanup for Next Mark
[2023-11-08T19:24:29.684+0100][gc,marking    ] GC(1325) Concurrent Cleanup for Next Mark 1,669ms
[2023-11-08T19:24:29.684+0100][gc            ] GC(1325) Concurrent Cycle 36,827ms
[2023-11-08T19:24:35.459+0100][gc,start      ] GC(1326) Pause Young (Prepare Mixed) (G1 Evacuation Pause)
[2023-11-08T19:24:35.459+0100][gc,task       ] GC(1326) Using 13 workers of 13 for evacuation
[2023-11-08T19:24:35.465+0100][gc,phases     ] GC(1326)   Pre Evacuate Collection Set: 0,0ms
[2023-11-08T19:24:35.465+0100][gc,phases     ] GC(1326)   Evacuate Collection Set: 5,0ms
[2023-11-08T19:24:35.465+0100][gc,phases     ] GC(1326)   Post Evacuate Collection Set: 0,6ms
[2023-11-08T19:24:35.465+0100][gc,phases     ] GC(1326)   Other: 0,2ms
[2023-11-08T19:24:35.465+0100][gc,heap       ] GC(1326) Eden regions: 609->0(46)
[2023-11-08T19:24:35.465+0100][gc,heap       ] GC(1326) Survivor regions: 5->5(77)
[2023-11-08T19:24:35.465+0100][gc,heap       ] GC(1326) Old regions: 80->81
[2023-11-08T19:24:35.465+0100][gc,heap       ] GC(1326) Humongous regions: 129->129
[2023-11-08T19:24:35.465+0100][gc,metaspace  ] GC(1326) Metaspace: 48311K(52224K)->48311K(52224K) NonClass: 42335K(44544K)->42335K(44544K) Class: 5975K(7680K)->5975K(7680K)
[2023-11-08T19:24:35.465+0100][gc            ] GC(1326) Pause Young (Prepare Mixed) (G1 Evacuation Pause) 821M->212M(1024M) 5,943ms
[2023-11-08T19:24:35.465+0100][gc,cpu        ] GC(1326) User=0,03s Sys=0,03s Real=0,01s
[2023-11-08T19:24:35.901+0100][gc,start      ] GC(1327) Pause Young (Mixed) (G1 Evacuation Pause)
[2023-11-08T19:24:35.901+0100][gc,task       ] GC(1327) Using 13 workers of 13 for evacuation
[2023-11-08T19:24:35.906+0100][gc,phases     ] GC(1327)   Pre Evacuate Collection Set: 0,0ms
[2023-11-08T19:24:35.906+0100][gc,phases     ] GC(1327)   Evacuate Collection Set: 3,8ms
[2023-11-08T19:24:35.906+0100][gc,phases     ] GC(1327)   Post Evacuate Collection Set: 0,6ms
[2023-11-08T19:24:35.906+0100][gc,phases     ] GC(1327)   Other: 0,4ms
[2023-11-08T19:24:35.906+0100][gc,heap       ] GC(1327) Eden regions: 46->0(610)
[2023-11-08T19:24:35.906+0100][gc,heap       ] GC(1327) Survivor regions: 5->4(7)
[2023-11-08T19:24:35.906+0100][gc,heap       ] GC(1327) Old regions: 81->80
[2023-11-08T19:24:35.906+0100][gc,heap       ] GC(1327) Humongous regions: 129->129
[2023-11-08T19:24:35.906+0100][gc,metaspace  ] GC(1327) Metaspace: 48311K(52224K)->48311K(52224K) NonClass: 42335K(44544K)->42335K(44544K) Class: 5975K(7680K)->5975K(7680K)
[2023-11-08T19:24:35.906+0100][gc            ] GC(1327) Pause Young (Mixed) (G1 Evacuation Pause) 258M->211M(1024M) 5,040ms
[2023-11-08T19:24:35.906+0100][gc,cpu        ] GC(1327) User=0,05s Sys=0,00s Real=0,01s
[2023-11-08T19:24:42.133+0100][gc,start      ] GC(1328) Pause Young (Normal) (G1 Evacuation Pause)
[2023-11-08T19:24:42.133+0100][gc,task       ] GC(1328) Using 13 workers of 13 for evacuation
[2023-11-08T19:24:42.138+0100][gc,phases     ] GC(1328)   Pre Evacuate Collection Set: 0,0ms
[2023-11-08T19:24:42.138+0100][gc,phases     ] GC(1328)   Evacuate Collection Set: 3,6ms
[2023-11-08T19:24:42.138+0100][gc,phases     ] GC(1328)   Post Evacuate Collection Set: 0,8ms
[2023-11-08T19:24:42.138+0100][gc,phases     ] GC(1328)   Other: 0,3ms
[2023-11-08T19:24:42.138+0100][gc,heap       ] GC(1328) Eden regions: 610->0(609)
[2023-11-08T19:24:42.138+0100][gc,heap       ] GC(1328) Survivor regions: 4->5(77)
[2023-11-08T19:24:42.138+0100][gc,heap       ] GC(1328) Old regions: 80->80
[2023-11-08T19:24:42.138+0100][gc,heap       ] GC(1328) Humongous regions: 129->129
[2023-11-08T19:24:42.138+0100][gc,metaspace  ] GC(1328) Metaspace: 48311K(52224K)->48311K(52224K) NonClass: 42335K(44544K)->42335K(44544K) Class: 5975K(7680K)->5975K(7680K)
[2023-11-08T19:24:42.138+0100][gc            ] GC(1328) Pause Young (Normal) (G1 Evacuation Pause) 821M->211M(1024M) 4,878ms
[2023-11-08T19:24:42.138+0100][gc,cpu        ] GC(1328) User=0,04s Sys=0,00s Real=0,01s
[2023-11-08T19:24:48.133+0100][gc,start      ] GC(1329) Pause Young (Normal) (G1 Evacuation Pause)
[2023-11-08T19:24:48.134+0100][gc,task       ] GC(1329) Using 13 workers of 13 for evacuation
[2023-11-08T19:24:48.138+0100][gc,phases     ] GC(1329)   Pre Evacuate Collection Set: 0,0ms
[2023-11-08T19:24:48.138+0100][gc,phases     ] GC(1329)   Evacuate Collection Set: 3,7ms
[2023-11-08T19:24:48.138+0100][gc,phases     ] GC(1329)   Post Evacuate Collection Set: 0,8ms
[2023-11-08T19:24:48.138+0100][gc,phases     ] GC(1329)   Other: 0,3ms
[2023-11-08T19:24:48.138+0100][gc,heap       ] GC(1329) Eden regions: 609->0(609)
[2023-11-08T19:24:48.138+0100][gc,heap       ] GC(1329) Survivor regions: 5->5(77)
[2023-11-08T19:24:48.138+0100][gc,heap       ] GC(1329) Old regions: 80->80
[2023-11-08T19:24:48.138+0100][gc,heap       ] GC(1329) Humongous regions: 129->129
[2023-11-08T19:24:48.138+0100][gc,metaspace  ] GC(1329) Metaspace: 48311K(52224K)->48311K(52224K) NonClass: 42335K(44544K)->42335K(44544K) Class: 5975K(7680K)->5975K(7680K)
[2023-11-08T19:24:48.138+0100][gc            ] GC(1329) Pause Young (Normal) (G1 Evacuation Pause) 820M->211M(1024M) 5,026ms
[2023-11-08T19:24:48.139+0100][gc,cpu        ] GC(1329) User=0,05s Sys=0,00s Real=0,01s
[2023-11-08T19:24:54.085+0100][gc,start      ] GC(1330) Pause Young (Concurrent Start) (G1 Evacuation Pause)
[2023-11-08T19:24:54.085+0100][gc,task       ] GC(1330) Using 13 workers of 13 for evacuation
[2023-11-08T19:24:54.091+0100][gc,phases     ] GC(1330)   Pre Evacuate Collection Set: 0,3ms
[2023-11-08T19:24:54.091+0100][gc,phases     ] GC(1330)   Evacuate Collection Set: 4,2ms
[2023-11-08T19:24:54.091+0100][gc,phases     ] GC(1330)   Post Evacuate Collection Set: 0,9ms
[2023-11-08T19:24:54.091+0100][gc,phases     ] GC(1330)   Other: 0,4ms
[2023-11-08T19:24:54.091+0100][gc,heap       ] GC(1330) Eden regions: 609->0(609)
[2023-11-08T19:24:54.091+0100][gc,heap       ] GC(1330) Survivor regions: 5->5(77)
[2023-11-08T19:24:54.091+0100][gc,heap       ] GC(1330) Old regions: 80->81
[2023-11-08T19:24:54.091+0100][gc,heap       ] GC(1330) Humongous regions: 129->129
[2023-11-08T19:24:54.091+0100][gc,metaspace  ] GC(1330) Metaspace: 48311K(52224K)->48311K(52224K) NonClass: 42335K(44544K)->42335K(44544K) Class: 5975K(7680K)->5975K(7680K)
[2023-11-08T19:24:54.091+0100][gc            ] GC(1330) Pause Young (Concurrent Start) (G1 Evacuation Pause) 820M->211M(1024M) 5,906ms
[2023-11-08T19:24:54.091+0100][gc,cpu        ] GC(1330) User=0,05s Sys=0,00s Real=0,00s
[2023-11-08T19:24:54.091+0100][gc            ] GC(1331) Concurrent Cycle
[2023-11-08T19:24:54.091+0100][gc,marking    ] GC(1331) Concurrent Clear Claimed Marks
[2023-11-08T19:24:54.091+0100][gc,marking    ] GC(1331) Concurrent Clear Claimed Marks 0,376ms
[2023-11-08T19:24:54.091+0100][gc,marking    ] GC(1331) Concurrent Scan Root Regions
[2023-11-08T19:24:54.095+0100][gc,marking    ] GC(1331) Concurrent Scan Root Regions 3,531ms
[2023-11-08T19:24:54.095+0100][gc,marking    ] GC(1331) Concurrent Mark (7765,703s)
[2023-11-08T19:24:54.095+0100][gc,marking    ] GC(1331) Concurrent Mark From Roots
[2023-11-08T19:24:54.095+0100][gc,task       ] GC(1331) Using 3 workers of 3 for marking
[2023-11-08T19:24:54.109+0100][gc,marking    ] GC(1331) Concurrent Mark From Roots 14,470ms
[2023-11-08T19:24:54.109+0100][gc,marking    ] GC(1331) Concurrent Preclean
[2023-11-08T19:24:54.110+0100][gc,marking    ] GC(1331) Concurrent Preclean 0,302ms
[2023-11-08T19:24:54.110+0100][gc,marking    ] GC(1331) Concurrent Mark (7765,703s, 7765,718s) 14,859ms
[2023-11-08T19:24:54.110+0100][gc,start      ] GC(1331) Pause Remark
[2023-11-08T19:24:54.114+0100][gc,stringtable] GC(1331) Cleaned string and symbol table, strings: 18403 processed, 0 removed, symbols: 94795 processed, 0 removed
[2023-11-08T19:24:54.114+0100][gc            ] GC(1331) Pause Remark 216M->216M(1024M) 3,951ms
[2023-11-08T19:24:54.114+0100][gc,cpu        ] GC(1331) User=0,02s Sys=0,02s Real=0,00s
[2023-11-08T19:24:54.114+0100][gc,marking    ] GC(1331) Concurrent Rebuild Remembered Sets
[2023-11-08T19:24:54.123+0100][gc,marking    ] GC(1331) Concurrent Rebuild Remembered Sets 9,138ms
[2023-11-08T19:24:54.123+0100][gc,start      ] GC(1331) Pause Cleanup
[2023-11-08T19:24:54.124+0100][gc            ] GC(1331) Pause Cleanup 216M->216M(1024M) 0,247ms
[2023-11-08T19:24:54.124+0100][gc,cpu        ] GC(1331) User=0,00s Sys=0,00s Real=0,00s
[2023-11-08T19:24:54.124+0100][gc,marking    ] GC(1331) Concurrent Cleanup for Next Mark
[2023-11-08T19:24:54.125+0100][gc,marking    ] GC(1331) Concurrent Cleanup for Next Mark 1,537ms
[2023-11-08T19:24:54.125+0100][gc            ] GC(1331) Concurrent Cycle 34,366ms
[2023-11-08T19:25:00.147+0100][gc,start      ] GC(1332) Pause Young (Prepare Mixed) (G1 Evacuation Pause)
[2023-11-08T19:25:00.148+0100][gc,task       ] GC(1332) Using 13 workers of 13 for evacuation
[2023-11-08T19:25:00.154+0100][gc,phases     ] GC(1332)   Pre Evacuate Collection Set: 0,0ms
[2023-11-08T19:25:00.154+0100][gc,phases     ] GC(1332)   Evacuate Collection Set: 5,1ms
[2023-11-08T19:25:00.154+0100][gc,phases     ] GC(1332)   Post Evacuate Collection Set: 0,7ms
[2023-11-08T19:25:00.154+0100][gc,phases     ] GC(1332)   Other: 0,4ms
[2023-11-08T19:25:00.154+0100][gc,heap       ] GC(1332) Eden regions: 609->0(46)
[2023-11-08T19:25:00.154+0100][gc,heap       ] GC(1332) Survivor regions: 5->5(77)
[2023-11-08T19:25:00.154+0100][gc,heap       ] GC(1332) Old regions: 81->81
[2023-11-08T19:25:00.154+0100][gc,heap       ] GC(1332) Humongous regions: 129->129
[2023-11-08T19:25:00.154+0100][gc,metaspace  ] GC(1332) Metaspace: 48311K(52224K)->48311K(52224K) NonClass: 42335K(44544K)->42335K(44544K) Class: 5975K(7680K)->5975K(7680K)
[2023-11-08T19:25:00.154+0100][gc            ] GC(1332) Pause Young (Prepare Mixed) (G1 Evacuation Pause) 820M->212M(1024M) 6,378ms
[2023-11-08T19:25:00.154+0100][gc,cpu        ] GC(1332) User=0,06s Sys=0,01s Real=0,00s
[2023-11-08T19:25:00.623+0100][gc,start      ] GC(1333) Pause Young (Mixed) (G1 Evacuation Pause)
[2023-11-08T19:25:00.623+0100][gc,task       ] GC(1333) Using 13 workers of 13 for evacuation
[2023-11-08T19:25:00.628+0100][gc,phases     ] GC(1333)   Pre Evacuate Collection Set: 0,0ms
[2023-11-08T19:25:00.628+0100][gc,phases     ] GC(1333)   Evacuate Collection Set: 3,5ms
[2023-11-08T19:25:00.628+0100][gc,phases     ] GC(1333)   Post Evacuate Collection Set: 0,5ms
[2023-11-08T19:25:00.628+0100][gc,phases     ] GC(1333)   Other: 0,3ms
[2023-11-08T19:25:00.628+0100][gc,heap       ] GC(1333) Eden regions: 46->0(610)
[2023-11-08T19:25:00.628+0100][gc,heap       ] GC(1333) Survivor regions: 5->4(7)
[2023-11-08T19:25:00.628+0100][gc,heap       ] GC(1333) Old regions: 81->81
[2023-11-08T19:25:00.628+0100][gc,heap       ] GC(1333) Humongous regions: 129->129
[2023-11-08T19:25:00.628+0100][gc,metaspace  ] GC(1333) Metaspace: 48311K(52224K)->48311K(52224K) NonClass: 42335K(44544K)->42335K(44544K) Class: 5975K(7680K)->5975K(7680K)
[2023-11-08T19:25:00.628+0100][gc            ] GC(1333) Pause Young (Mixed) (G1 Evacuation Pause) 258M->211M(1024M) 4,552ms
[2023-11-08T19:25:00.628+0100][gc,cpu        ] GC(1333) User=0,05s Sys=0,00s Real=0,00s
[2023-11-08T19:25:06.722+0100][gc,start      ] GC(1334) Pause Young (Normal) (G1 Evacuation Pause)
[2023-11-08T19:25:06.722+0100][gc,task       ] GC(1334) Using 13 workers of 13 for evacuation
[2023-11-08T19:25:06.727+0100][gc,phases     ] GC(1334)   Pre Evacuate Collection Set: 0,0ms
[2023-11-08T19:25:06.727+0100][gc,phases     ] GC(1334)   Evacuate Collection Set: 3,6ms
[2023-11-08T19:25:06.727+0100][gc,phases     ] GC(1334)   Post Evacuate Collection Set: 0,8ms
[2023-11-08T19:25:06.727+0100][gc,phases     ] GC(1334)   Other: 0,3ms
[2023-11-08T19:25:06.727+0100][gc,heap       ] GC(1334) Eden regions: 610->0(610)
[2023-11-08T19:25:06.727+0100][gc,heap       ] GC(1334) Survivor regions: 4->4(77)
[2023-11-08T19:25:06.727+0100][gc,heap       ] GC(1334) Old regions: 81->81
[2023-11-08T19:25:06.727+0100][gc,heap       ] GC(1334) Humongous regions: 129->129
[2023-11-08T19:25:06.727+0100][gc,metaspace  ] GC(1334) Metaspace: 48311K(52224K)->48311K(52224K) NonClass: 42335K(44544K)->42335K(44544K) Class: 5975K(7680K)->5975K(7680K)
[2023-11-08T19:25:06.727+0100][gc            ] GC(1334) Pause Young (Normal) (G1 Evacuation Pause) 821M->211M(1024M) 4,864ms
[2023-11-08T19:25:06.727+0100][gc,cpu        ] GC(1334) User=0,05s Sys=0,00s Real=0,01s
[2023-11-08T19:25:12.770+0100][gc,start      ] GC(1335) Pause Young (Normal) (G1 Evacuation Pause)
[2023-11-08T19:25:12.770+0100][gc,task       ] GC(1335) Using 13 workers of 13 for evacuation
[2023-11-08T19:25:12.775+0100][gc,phases     ] GC(1335)   Pre Evacuate Collection Set: 0,0ms
[2023-11-08T19:25:12.775+0100][gc,phases     ] GC(1335)   Evacuate Collection Set: 3,4ms
[2023-11-08T19:25:12.775+0100][gc,phases     ] GC(1335)   Post Evacuate Collection Set: 0,7ms
[2023-11-08T19:25:12.775+0100][gc,phases     ] GC(1335)   Other: 0,3ms
[2023-11-08T19:25:12.775+0100][gc,heap       ] GC(1335) Eden regions: 610->0(609)
[2023-11-08T19:25:12.775+0100][gc,heap       ] GC(1335) Survivor regions: 4->5(77)
[2023-11-08T19:25:12.775+0100][gc,heap       ] GC(1335) Old regions: 81->81
[2023-11-08T19:25:12.775+0100][gc,heap       ] GC(1335) Humongous regions: 129->129
[2023-11-08T19:25:12.775+0100][gc,metaspace  ] GC(1335) Metaspace: 48311K(52224K)->48311K(52224K) NonClass: 42335K(44544K)->42335K(44544K) Class: 5975K(7680K)->5975K(7680K)
[2023-11-08T19:25:12.775+0100][gc            ] GC(1335) Pause Young (Normal) (G1 Evacuation Pause) 821M->211M(1024M) 4,581ms
[2023-11-08T19:25:12.775+0100][gc,cpu        ] GC(1335) User=0,05s Sys=0,00s Real=0,01s
[2023-11-08T19:25:18.848+0100][gc,start      ] GC(1336) Pause Young (Concurrent Start) (G1 Evacuation Pause)
[2023-11-08T19:25:18.849+0100][gc,task       ] GC(1336) Using 13 workers of 13 for evacuation
[2023-11-08T19:25:18.854+0100][gc,phases     ] GC(1336)   Pre Evacuate Collection Set: 0,2ms
[2023-11-08T19:25:18.854+0100][gc,phases     ] GC(1336)   Evacuate Collection Set: 4,1ms
[2023-11-08T19:25:18.854+0100][gc,phases     ] GC(1336)   Post Evacuate Collection Set: 0,8ms
[2023-11-08T19:25:18.854+0100][gc,phases     ] GC(1336)   Other: 0,3ms
[2023-11-08T19:25:18.854+0100][gc,heap       ] GC(1336) Eden regions: 609->0(609)
[2023-11-08T19:25:18.854+0100][gc,heap       ] GC(1336) Survivor regions: 5->5(77)
[2023-11-08T19:25:18.854+0100][gc,heap       ] GC(1336) Old regions: 81->81
[2023-11-08T19:25:18.854+0100][gc,heap       ] GC(1336) Humongous regions: 129->129
[2023-11-08T19:25:18.854+0100][gc,metaspace  ] GC(1336) Metaspace: 48311K(52224K)->48311K(52224K) NonClass: 42335K(44544K)->42335K(44544K) Class: 5975K(7680K)->5975K(7680K)
[2023-11-08T19:25:18.854+0100][gc            ] GC(1336) Pause Young (Concurrent Start) (G1 Evacuation Pause) 820M->212M(1024M) 5,579ms
[2023-11-08T19:25:18.854+0100][gc,cpu        ] GC(1336) User=0,05s Sys=0,01s Real=0,00s
[2023-11-08T19:25:18.854+0100][gc            ] GC(1337) Concurrent Cycle
[2023-11-08T19:25:18.854+0100][gc,marking    ] GC(1337) Concurrent Clear Claimed Marks
[2023-11-08T19:25:18.855+0100][gc,marking    ] GC(1337) Concurrent Clear Claimed Marks 0,345ms
[2023-11-08T19:25:18.855+0100][gc,marking    ] GC(1337) Concurrent Scan Root Regions
[2023-11-08T19:25:18.858+0100][gc,marking    ] GC(1337) Concurrent Scan Root Regions 3,459ms
[2023-11-08T19:25:18.858+0100][gc,marking    ] GC(1337) Concurrent Mark (7790,467s)
[2023-11-08T19:25:18.858+0100][gc,marking    ] GC(1337) Concurrent Mark From Roots
[2023-11-08T19:25:18.858+0100][gc,task       ] GC(1337) Using 3 workers of 3 for marking
[2023-11-08T19:25:18.880+0100][gc,marking    ] GC(1337) Concurrent Mark From Roots 21,970ms
[2023-11-08T19:25:18.880+0100][gc,marking    ] GC(1337) Concurrent Preclean
[2023-11-08T19:25:18.880+0100][gc,marking    ] GC(1337) Concurrent Preclean 0,190ms
[2023-11-08T19:25:18.880+0100][gc,marking    ] GC(1337) Concurrent Mark (7790,467s, 7790,489s) 22,219ms
[2023-11-08T19:25:18.880+0100][gc,start      ] GC(1337) Pause Remark
[2023-11-08T19:25:18.885+0100][gc,stringtable] GC(1337) Cleaned string and symbol table, strings: 18403 processed, 0 removed, symbols: 94795 processed, 0 removed
[2023-11-08T19:25:18.885+0100][gc            ] GC(1337) Pause Remark 218M->218M(1024M) 4,615ms
[2023-11-08T19:25:18.885+0100][gc,cpu        ] GC(1337) User=0,05s Sys=0,00s Real=0,01s
[2023-11-08T19:25:18.885+0100][gc,marking    ] GC(1337) Concurrent Rebuild Remembered Sets
[2023-11-08T19:25:18.896+0100][gc,marking    ] GC(1337) Concurrent Rebuild Remembered Sets 10,558ms
[2023-11-08T19:25:18.896+0100][gc,start      ] GC(1337) Pause Cleanup
[2023-11-08T19:25:18.896+0100][gc            ] GC(1337) Pause Cleanup 219M->219M(1024M) 0,168ms
[2023-11-08T19:25:18.896+0100][gc,cpu        ] GC(1337) User=0,00s Sys=0,00s Real=0,00s
[2023-11-08T19:25:18.896+0100][gc,marking    ] GC(1337) Concurrent Cleanup for Next Mark
[2023-11-08T19:25:18.898+0100][gc,marking    ] GC(1337) Concurrent Cleanup for Next Mark 1,479ms
[2023-11-08T19:25:18.898+0100][gc            ] GC(1337) Concurrent Cycle 43,418ms
[2023-11-08T19:25:25.130+0100][gc,start      ] GC(1338) Pause Young (Prepare Mixed) (G1 Evacuation Pause)
[2023-11-08T19:25:25.130+0100][gc,task       ] GC(1338) Using 13 workers of 13 for evacuation
[2023-11-08T19:25:25.136+0100][gc,phases     ] GC(1338)   Pre Evacuate Collection Set: 0,0ms
[2023-11-08T19:25:25.136+0100][gc,phases     ] GC(1338)   Evacuate Collection Set: 5,1ms
[2023-11-08T19:25:25.136+0100][gc,phases     ] GC(1338)   Post Evacuate Collection Set: 0,6ms
[2023-11-08T19:25:25.136+0100][gc,phases     ] GC(1338)   Other: 0,2ms
[2023-11-08T19:25:25.136+0100][gc,heap       ] GC(1338) Eden regions: 609->0(46)
[2023-11-08T19:25:25.136+0100][gc,heap       ] GC(1338) Survivor regions: 5->5(77)
[2023-11-08T19:25:25.136+0100][gc,heap       ] GC(1338) Old regions: 81->81
[2023-11-08T19:25:25.136+0100][gc,heap       ] GC(1338) Humongous regions: 129->129
[2023-11-08T19:25:25.136+0100][gc,metaspace  ] GC(1338) Metaspace: 48311K(52224K)->48311K(52224K) NonClass: 42335K(44544K)->42335K(44544K) Class: 5975K(7680K)->5975K(7680K)
[2023-11-08T19:25:25.136+0100][gc            ] GC(1338) Pause Young (Prepare Mixed) (G1 Evacuation Pause) 821M->212M(1024M) 6,001ms
[2023-11-08T19:25:25.136+0100][gc,cpu        ] GC(1338) User=0,07s Sys=0,00s Real=0,01s
[2023-11-08T19:25:25.606+0100][gc,start      ] GC(1339) Pause Young (Mixed) (G1 Evacuation Pause)
[2023-11-08T19:25:25.606+0100][gc,task       ] GC(1339) Using 13 workers of 13 for evacuation
[2023-11-08T19:25:25.611+0100][gc,phases     ] GC(1339)   Pre Evacuate Collection Set: 0,0ms
[2023-11-08T19:25:25.611+0100][gc,phases     ] GC(1339)   Evacuate Collection Set: 4,0ms
[2023-11-08T19:25:25.611+0100][gc,phases     ] GC(1339)   Post Evacuate Collection Set: 0,8ms
[2023-11-08T19:25:25.611+0100][gc,phases     ] GC(1339)   Other: 0,4ms
[2023-11-08T19:25:25.611+0100][gc,heap       ] GC(1339) Eden regions: 46->0(610)
[2023-11-08T19:25:25.611+0100][gc,heap       ] GC(1339) Survivor regions: 5->4(7)
[2023-11-08T19:25:25.611+0100][gc,heap       ] GC(1339) Old regions: 81->80
[2023-11-08T19:25:25.611+0100][gc,heap       ] GC(1339) Humongous regions: 129->129
[2023-11-08T19:25:25.611+0100][gc,metaspace  ] GC(1339) Metaspace: 48311K(52224K)->48311K(52224K) NonClass: 42335K(44544K)->42335K(44544K) Class: 5975K(7680K)->5975K(7680K)
[2023-11-08T19:25:25.611+0100][gc            ] GC(1339) Pause Young (Mixed) (G1 Evacuation Pause) 258M->210M(1024M) 5,370ms
[2023-11-08T19:25:25.611+0100][gc,cpu        ] GC(1339) User=0,05s Sys=0,00s Real=0,00s
[2023-11-08T19:25:31.745+0100][gc,start      ] GC(1340) Pause Young (Normal) (G1 Evacuation Pause)
[2023-11-08T19:25:31.745+0100][gc,task       ] GC(1340) Using 13 workers of 13 for evacuation
[2023-11-08T19:25:31.751+0100][gc,phases     ] GC(1340)   Pre Evacuate Collection Set: 0,0ms
[2023-11-08T19:25:31.751+0100][gc,phases     ] GC(1340)   Evacuate Collection Set: 4,2ms
[2023-11-08T19:25:31.751+0100][gc,phases     ] GC(1340)   Post Evacuate Collection Set: 0,7ms
[2023-11-08T19:25:31.751+0100][gc,phases     ] GC(1340)   Other: 0,3ms
[2023-11-08T19:25:31.751+0100][gc,heap       ] GC(1340) Eden regions: 610->0(610)
[2023-11-08T19:25:31.751+0100][gc,heap       ] GC(1340) Survivor regions: 4->4(77)
[2023-11-08T19:25:31.751+0100][gc,heap       ] GC(1340) Old regions: 80->80
[2023-11-08T19:25:31.751+0100][gc,heap       ] GC(1340) Humongous regions: 129->129
[2023-11-08T19:25:31.751+0100][gc,metaspace  ] GC(1340) Metaspace: 48311K(52224K)->48311K(52224K) NonClass: 42335K(44544K)->42335K(44544K) Class: 5975K(7680K)->5975K(7680K)
[2023-11-08T19:25:31.751+0100][gc            ] GC(1340) Pause Young (Normal) (G1 Evacuation Pause) 820M->211M(1024M) 5,390ms
[2023-11-08T19:25:31.751+0100][gc,cpu        ] GC(1340) User=0,04s Sys=0,01s Real=0,00s
[2023-11-08T19:25:37.842+0100][gc,start      ] GC(1341) Pause Young (Normal) (G1 Evacuation Pause)
[2023-11-08T19:25:37.842+0100][gc,task       ] GC(1341) Using 13 workers of 13 for evacuation
[2023-11-08T19:25:37.848+0100][gc,phases     ] GC(1341)   Pre Evacuate Collection Set: 0,0ms
[2023-11-08T19:25:37.848+0100][gc,phases     ] GC(1341)   Evacuate Collection Set: 4,5ms
[2023-11-08T19:25:37.848+0100][gc,phases     ] GC(1341)   Post Evacuate Collection Set: 0,7ms
[2023-11-08T19:25:37.848+0100][gc,phases     ] GC(1341)   Other: 0,3ms
[2023-11-08T19:25:37.848+0100][gc,heap       ] GC(1341) Eden regions: 610->0(609)
[2023-11-08T19:25:37.848+0100][gc,heap       ] GC(1341) Survivor regions: 4->5(77)
[2023-11-08T19:25:37.848+0100][gc,heap       ] GC(1341) Old regions: 80->80
[2023-11-08T19:25:37.848+0100][gc,heap       ] GC(1341) Humongous regions: 129->129
[2023-11-08T19:25:37.848+0100][gc,metaspace  ] GC(1341) Metaspace: 48311K(52224K)->48311K(52224K) NonClass: 42335K(44544K)->42335K(44544K) Class: 5975K(7680K)->5975K(7680K)
[2023-11-08T19:25:37.848+0100][gc            ] GC(1341) Pause Young (Normal) (G1 Evacuation Pause) 821M->211M(1024M) 5,724ms
[2023-11-08T19:25:37.848+0100][gc,cpu        ] GC(1341) User=0,04s Sys=0,01s Real=0,01s
[2023-11-08T19:25:43.845+0100][gc,start      ] GC(1342) Pause Young (Concurrent Start) (G1 Evacuation Pause)
[2023-11-08T19:25:43.845+0100][gc,task       ] GC(1342) Using 13 workers of 13 for evacuation
[2023-11-08T19:25:43.850+0100][gc,phases     ] GC(1342)   Pre Evacuate Collection Set: 0,2ms
[2023-11-08T19:25:43.850+0100][gc,phases     ] GC(1342)   Evacuate Collection Set: 3,9ms
[2023-11-08T19:25:43.850+0100][gc,phases     ] GC(1342)   Post Evacuate Collection Set: 0,6ms
[2023-11-08T19:25:43.850+0100][gc,phases     ] GC(1342)   Other: 0,2ms
[2023-11-08T19:25:43.850+0100][gc,heap       ] GC(1342) Eden regions: 609->0(609)
[2023-11-08T19:25:43.850+0100][gc,heap       ] GC(1342) Survivor regions: 5->5(77)
[2023-11-08T19:25:43.850+0100][gc,heap       ] GC(1342) Old regions: 80->80
[2023-11-08T19:25:43.850+0100][gc,heap       ] GC(1342) Humongous regions: 129->129
[2023-11-08T19:25:43.850+0100][gc,metaspace  ] GC(1342) Metaspace: 48311K(52224K)->48311K(52224K) NonClass: 42335K(44544K)->42335K(44544K) Class: 5975K(7680K)->5975K(7680K)
[2023-11-08T19:25:43.850+0100][gc            ] GC(1342) Pause Young (Concurrent Start) (G1 Evacuation Pause) 820M->211M(1024M) 5,077ms
[2023-11-08T19:25:43.850+0100][gc,cpu        ] GC(1342) User=0,05s Sys=0,00s Real=0,00s
[2023-11-08T19:25:43.850+0100][gc            ] GC(1343) Concurrent Cycle
[2023-11-08T19:25:43.850+0100][gc,marking    ] GC(1343) Concurrent Clear Claimed Marks
[2023-11-08T19:25:43.851+0100][gc,marking    ] GC(1343) Concurrent Clear Claimed Marks 0,343ms
[2023-11-08T19:25:43.851+0100][gc,marking    ] GC(1343) Concurrent Scan Root Regions
[2023-11-08T19:25:43.855+0100][gc,marking    ] GC(1343) Concurrent Scan Root Regions 3,922ms
[2023-11-08T19:25:43.855+0100][gc,marking    ] GC(1343) Concurrent Mark (7815,463s)
[2023-11-08T19:25:43.855+0100][gc,marking    ] GC(1343) Concurrent Mark From Roots
[2023-11-08T19:25:43.855+0100][gc,task       ] GC(1343) Using 3 workers of 3 for marking
[2023-11-08T19:25:43.869+0100][gc,marking    ] GC(1343) Concurrent Mark From Roots 14,101ms
[2023-11-08T19:25:43.869+0100][gc,marking    ] GC(1343) Concurrent Preclean
[2023-11-08T19:25:43.869+0100][gc,marking    ] GC(1343) Concurrent Preclean 0,305ms
[2023-11-08T19:25:43.869+0100][gc,marking    ] GC(1343) Concurrent Mark (7815,463s, 7815,478s) 14,484ms
[2023-11-08T19:25:43.869+0100][gc,start      ] GC(1343) Pause Remark
[2023-11-08T19:25:43.873+0100][gc,stringtable] GC(1343) Cleaned string and symbol table, strings: 18405 processed, 0 removed, symbols: 94795 processed, 0 removed
[2023-11-08T19:25:43.873+0100][gc            ] GC(1343) Pause Remark 216M->216M(1024M) 3,931ms
[2023-11-08T19:25:43.873+0100][gc,cpu        ] GC(1343) User=0,05s Sys=0,00s Real=0,00s
[2023-11-08T19:25:43.873+0100][gc,marking    ] GC(1343) Concurrent Rebuild Remembered Sets
[2023-11-08T19:25:43.882+0100][gc,marking    ] GC(1343) Concurrent Rebuild Remembered Sets 8,302ms
[2023-11-08T19:25:43.882+0100][gc,start      ] GC(1343) Pause Cleanup
[2023-11-08T19:25:43.882+0100][gc            ] GC(1343) Pause Cleanup 216M->216M(1024M) 0,213ms
[2023-11-08T19:25:43.882+0100][gc,cpu        ] GC(1343) User=0,00s Sys=0,00s Real=0,00s
[2023-11-08T19:25:43.882+0100][gc,marking    ] GC(1343) Concurrent Cleanup for Next Mark
[2023-11-08T19:25:43.884+0100][gc,marking    ] GC(1343) Concurrent Cleanup for Next Mark 1,623ms
[2023-11-08T19:25:43.884+0100][gc            ] GC(1343) Concurrent Cycle 33,509ms
[2023-11-08T19:25:49.691+0100][gc,start      ] GC(1344) Pause Young (Prepare Mixed) (G1 Evacuation Pause)
[2023-11-08T19:25:49.691+0100][gc,task       ] GC(1344) Using 13 workers of 13 for evacuation
[2023-11-08T19:25:49.698+0100][gc,phases     ] GC(1344)   Pre Evacuate Collection Set: 0,0ms
[2023-11-08T19:25:49.698+0100][gc,phases     ] GC(1344)   Evacuate Collection Set: 5,5ms
[2023-11-08T19:25:49.698+0100][gc,phases     ] GC(1344)   Post Evacuate Collection Set: 0,7ms
[2023-11-08T19:25:49.698+0100][gc,phases     ] GC(1344)   Other: 0,4ms
[2023-11-08T19:25:49.698+0100][gc,heap       ] GC(1344) Eden regions: 609->0(46)
[2023-11-08T19:25:49.698+0100][gc,heap       ] GC(1344) Survivor regions: 5->5(77)
[2023-11-08T19:25:49.698+0100][gc,heap       ] GC(1344) Old regions: 80->81
[2023-11-08T19:25:49.698+0100][gc,heap       ] GC(1344) Humongous regions: 129->129
[2023-11-08T19:25:49.698+0100][gc,metaspace  ] GC(1344) Metaspace: 48311K(52224K)->48311K(52224K) NonClass: 42335K(44544K)->42335K(44544K) Class: 5975K(7680K)->5975K(7680K)
[2023-11-08T19:25:49.698+0100][gc            ] GC(1344) Pause Young (Prepare Mixed) (G1 Evacuation Pause) 820M->212M(1024M) 6,772ms
[2023-11-08T19:25:49.698+0100][gc,cpu        ] GC(1344) User=0,06s Sys=0,02s Real=0,01s
[2023-11-08T19:25:50.124+0100][gc,start      ] GC(1345) Pause Young (Mixed) (G1 Evacuation Pause)
[2023-11-08T19:25:50.124+0100][gc,task       ] GC(1345) Using 13 workers of 13 for evacuation
[2023-11-08T19:25:50.130+0100][gc,phases     ] GC(1345)   Pre Evacuate Collection Set: 0,0ms
[2023-11-08T19:25:50.130+0100][gc,phases     ] GC(1345)   Evacuate Collection Set: 4,7ms
[2023-11-08T19:25:50.130+0100][gc,phases     ] GC(1345)   Post Evacuate Collection Set: 0,7ms
[2023-11-08T19:25:50.130+0100][gc,phases     ] GC(1345)   Other: 0,4ms
[2023-11-08T19:25:50.130+0100][gc,heap       ] GC(1345) Eden regions: 46->0(610)
[2023-11-08T19:25:50.130+0100][gc,heap       ] GC(1345) Survivor regions: 5->4(7)
[2023-11-08T19:25:50.130+0100][gc,heap       ] GC(1345) Old regions: 81->80
[2023-11-08T19:25:50.130+0100][gc,heap       ] GC(1345) Humongous regions: 129->129
[2023-11-08T19:25:50.130+0100][gc,metaspace  ] GC(1345) Metaspace: 48311K(52224K)->48311K(52224K) NonClass: 42335K(44544K)->42335K(44544K) Class: 5975K(7680K)->5975K(7680K)
[2023-11-08T19:25:50.130+0100][gc            ] GC(1345) Pause Young (Mixed) (G1 Evacuation Pause) 258M->210M(1024M) 6,009ms
[2023-11-08T19:25:50.130+0100][gc,cpu        ] GC(1345) User=0,05s Sys=0,00s Real=0,00s
[2023-11-08T19:25:56.156+0100][gc,start      ] GC(1346) Pause Young (Normal) (G1 Evacuation Pause)
[2023-11-08T19:25:56.156+0100][gc,task       ] GC(1346) Using 13 workers of 13 for evacuation
[2023-11-08T19:25:56.161+0100][gc,phases     ] GC(1346)   Pre Evacuate Collection Set: 0,0ms
[2023-11-08T19:25:56.161+0100][gc,phases     ] GC(1346)   Evacuate Collection Set: 3,5ms
[2023-11-08T19:25:56.161+0100][gc,phases     ] GC(1346)   Post Evacuate Collection Set: 0,7ms
[2023-11-08T19:25:56.161+0100][gc,phases     ] GC(1346)   Other: 0,3ms
[2023-11-08T19:25:56.161+0100][gc,heap       ] GC(1346) Eden regions: 610->0(610)
[2023-11-08T19:25:56.161+0100][gc,heap       ] GC(1346) Survivor regions: 4->4(77)
[2023-11-08T19:25:56.161+0100][gc,heap       ] GC(1346) Old regions: 80->80
[2023-11-08T19:25:56.161+0100][gc,heap       ] GC(1346) Humongous regions: 129->129
[2023-11-08T19:25:56.161+0100][gc,metaspace  ] GC(1346) Metaspace: 48311K(52224K)->48311K(52224K) NonClass: 42335K(44544K)->42335K(44544K) Class: 5975K(7680K)->5975K(7680K)
[2023-11-08T19:25:56.161+0100][gc            ] GC(1346) Pause Young (Normal) (G1 Evacuation Pause) 820M->211M(1024M) 4,500ms
[2023-11-08T19:25:56.161+0100][gc,cpu        ] GC(1346) User=0,05s Sys=0,00s Real=0,00s
[2023-11-08T19:26:02.193+0100][gc,start      ] GC(1347) Pause Young (Normal) (G1 Evacuation Pause)
[2023-11-08T19:26:02.193+0100][gc,task       ] GC(1347) Using 13 workers of 13 for evacuation
[2023-11-08T19:26:02.198+0100][gc,phases     ] GC(1347)   Pre Evacuate Collection Set: 0,0ms
[2023-11-08T19:26:02.198+0100][gc,phases     ] GC(1347)   Evacuate Collection Set: 3,8ms
[2023-11-08T19:26:02.198+0100][gc,phases     ] GC(1347)   Post Evacuate Collection Set: 0,9ms
[2023-11-08T19:26:02.198+0100][gc,phases     ] GC(1347)   Other: 0,3ms
[2023-11-08T19:26:02.198+0100][gc,heap       ] GC(1347) Eden regions: 610->0(610)
[2023-11-08T19:26:02.198+0100][gc,heap       ] GC(1347) Survivor regions: 4->4(77)
[2023-11-08T19:26:02.198+0100][gc,heap       ] GC(1347) Old regions: 80->80
[2023-11-08T19:26:02.198+0100][gc,heap       ] GC(1347) Humongous regions: 129->129
[2023-11-08T19:26:02.198+0100][gc,metaspace  ] GC(1347) Metaspace: 48311K(52224K)->48311K(52224K) NonClass: 42335K(44544K)->42335K(44544K) Class: 5975K(7680K)->5975K(7680K)
[2023-11-08T19:26:02.198+0100][gc            ] GC(1347) Pause Young (Normal) (G1 Evacuation Pause) 821M->211M(1024M) 5,056ms
[2023-11-08T19:26:02.198+0100][gc,cpu        ] GC(1347) User=0,05s Sys=0,00s Real=0,01s
[2023-11-08T19:26:08.222+0100][gc,start      ] GC(1348) Pause Young (Concurrent Start) (G1 Evacuation Pause)
[2023-11-08T19:26:08.222+0100][gc,task       ] GC(1348) Using 13 workers of 13 for evacuation
[2023-11-08T19:26:08.229+0100][gc,phases     ] GC(1348)   Pre Evacuate Collection Set: 0,3ms
[2023-11-08T19:26:08.229+0100][gc,phases     ] GC(1348)   Evacuate Collection Set: 5,3ms
[2023-11-08T19:26:08.229+0100][gc,phases     ] GC(1348)   Post Evacuate Collection Set: 0,7ms
[2023-11-08T19:26:08.229+0100][gc,phases     ] GC(1348)   Other: 0,4ms
[2023-11-08T19:26:08.229+0100][gc,heap       ] GC(1348) Eden regions: 610->0(609)
[2023-11-08T19:26:08.229+0100][gc,heap       ] GC(1348) Survivor regions: 4->5(77)
[2023-11-08T19:26:08.229+0100][gc,heap       ] GC(1348) Old regions: 80->80
[2023-11-08T19:26:08.229+0100][gc,heap       ] GC(1348) Humongous regions: 129->129
[2023-11-08T19:26:08.229+0100][gc,metaspace  ] GC(1348) Metaspace: 48311K(52224K)->48311K(52224K) NonClass: 42335K(44544K)->42335K(44544K) Class: 5975K(7680K)->5975K(7680K)
[2023-11-08T19:26:08.229+0100][gc            ] GC(1348) Pause Young (Concurrent Start) (G1 Evacuation Pause) 821M->212M(1024M) 6,883ms
[2023-11-08T19:26:08.229+0100][gc,cpu        ] GC(1348) User=0,05s Sys=0,01s Real=0,01s
[2023-11-08T19:26:08.229+0100][gc            ] GC(1349) Concurrent Cycle
[2023-11-08T19:26:08.229+0100][gc,marking    ] GC(1349) Concurrent Clear Claimed Marks
[2023-11-08T19:26:08.229+0100][gc,marking    ] GC(1349) Concurrent Clear Claimed Marks 0,244ms
[2023-11-08T19:26:08.229+0100][gc,marking    ] GC(1349) Concurrent Scan Root Regions
[2023-11-08T19:26:08.232+0100][gc,marking    ] GC(1349) Concurrent Scan Root Regions 2,691ms
[2023-11-08T19:26:08.232+0100][gc,marking    ] GC(1349) Concurrent Mark (7839,841s)
[2023-11-08T19:26:08.232+0100][gc,marking    ] GC(1349) Concurrent Mark From Roots
[2023-11-08T19:26:08.232+0100][gc,task       ] GC(1349) Using 3 workers of 3 for marking
[2023-11-08T19:26:08.247+0100][gc,marking    ] GC(1349) Concurrent Mark From Roots 14,338ms
[2023-11-08T19:26:08.247+0100][gc,marking    ] GC(1349) Concurrent Preclean
[2023-11-08T19:26:08.247+0100][gc,marking    ] GC(1349) Concurrent Preclean 0,308ms
[2023-11-08T19:26:08.247+0100][gc,marking    ] GC(1349) Concurrent Mark (7839,841s, 7839,855s) 14,727ms
[2023-11-08T19:26:08.247+0100][gc,start      ] GC(1349) Pause Remark
[2023-11-08T19:26:08.251+0100][gc,stringtable] GC(1349) Cleaned string and symbol table, strings: 18405 processed, 0 removed, symbols: 94795 processed, 0 removed
[2023-11-08T19:26:08.251+0100][gc            ] GC(1349) Pause Remark 216M->216M(1024M) 3,664ms
[2023-11-08T19:26:08.251+0100][gc,cpu        ] GC(1349) User=0,02s Sys=0,02s Real=0,00s
[2023-11-08T19:26:08.251+0100][gc,marking    ] GC(1349) Concurrent Rebuild Remembered Sets
[2023-11-08T19:26:08.261+0100][gc,marking    ] GC(1349) Concurrent Rebuild Remembered Sets 9,899ms
[2023-11-08T19:26:08.261+0100][gc,start      ] GC(1349) Pause Cleanup
[2023-11-08T19:26:08.261+0100][gc            ] GC(1349) Pause Cleanup 217M->217M(1024M) 0,214ms
[2023-11-08T19:26:08.261+0100][gc,cpu        ] GC(1349) User=0,00s Sys=0,00s Real=0,00s
[2023-11-08T19:26:08.261+0100][gc,marking    ] GC(1349) Concurrent Cleanup for Next Mark
[2023-11-08T19:26:08.263+0100][gc,marking    ] GC(1349) Concurrent Cleanup for Next Mark 1,565ms
[2023-11-08T19:26:08.263+0100][gc            ] GC(1349) Concurrent Cycle 33,666ms
[2023-11-08T19:27:00.505+0100][gc,start      ] GC(1350) Pause Young (Prepare Mixed) (G1 Evacuation Pause)
[2023-11-08T19:27:00.505+0100][gc,task       ] GC(1350) Using 13 workers of 13 for evacuation
[2023-11-08T19:27:00.512+0100][gc,phases     ] GC(1350)   Pre Evacuate Collection Set: 0,0ms
[2023-11-08T19:27:00.512+0100][gc,phases     ] GC(1350)   Evacuate Collection Set: 5,8ms
[2023-11-08T19:27:00.512+0100][gc,phases     ] GC(1350)   Post Evacuate Collection Set: 0,7ms
[2023-11-08T19:27:00.512+0100][gc,phases     ] GC(1350)   Other: 0,3ms
[2023-11-08T19:27:00.512+0100][gc,heap       ] GC(1350) Eden regions: 609->0(45)
[2023-11-08T19:27:00.512+0100][gc,heap       ] GC(1350) Survivor regions: 5->6(77)
[2023-11-08T19:27:00.512+0100][gc,heap       ] GC(1350) Old regions: 80->81
[2023-11-08T19:27:00.512+0100][gc,heap       ] GC(1350) Humongous regions: 129->129
[2023-11-08T19:27:00.512+0100][gc,metaspace  ] GC(1350) Metaspace: 48311K(52224K)->48311K(52224K) NonClass: 42335K(44544K)->42335K(44544K) Class: 5975K(7680K)->5975K(7680K)
[2023-11-08T19:27:00.512+0100][gc            ] GC(1350) Pause Young (Prepare Mixed) (G1 Evacuation Pause) 821M->213M(1024M) 6,957ms
[2023-11-08T19:27:00.512+0100][gc,cpu        ] GC(1350) User=0,08s Sys=0,00s Real=0,00s
[2023-11-08T19:27:00.946+0100][gc,start      ] GC(1351) Pause Young (Mixed) (G1 Evacuation Pause)
[2023-11-08T19:27:00.946+0100][gc,task       ] GC(1351) Using 13 workers of 13 for evacuation
[2023-11-08T19:27:00.952+0100][gc,phases     ] GC(1351)   Pre Evacuate Collection Set: 0,0ms
[2023-11-08T19:27:00.952+0100][gc,phases     ] GC(1351)   Evacuate Collection Set: 4,9ms
[2023-11-08T19:27:00.952+0100][gc,phases     ] GC(1351)   Post Evacuate Collection Set: 0,6ms
[2023-11-08T19:27:00.952+0100][gc,phases     ] GC(1351)   Other: 0,4ms
[2023-11-08T19:27:00.952+0100][gc,heap       ] GC(1351) Eden regions: 45->0(610)
[2023-11-08T19:27:00.952+0100][gc,heap       ] GC(1351) Survivor regions: 6->4(7)
[2023-11-08T19:27:00.952+0100][gc,heap       ] GC(1351) Old regions: 81->82
[2023-11-08T19:27:00.952+0100][gc,heap       ] GC(1351) Humongous regions: 129->129
[2023-11-08T19:27:00.952+0100][gc,metaspace  ] GC(1351) Metaspace: 48311K(52224K)->48311K(52224K) NonClass: 42335K(44544K)->42335K(44544K) Class: 5975K(7680K)->5975K(7680K)
[2023-11-08T19:27:00.952+0100][gc            ] GC(1351) Pause Young (Mixed) (G1 Evacuation Pause) 258M->213M(1024M) 6,096ms
[2023-11-08T19:27:00.952+0100][gc,cpu        ] GC(1351) User=0,07s Sys=0,00s Real=0,00s
[2023-11-08T19:27:04.791+0100][gc,start      ] GC(1352) Pause Young (Normal) (G1 Evacuation Pause)
[2023-11-08T19:27:04.791+0100][gc,task       ] GC(1352) Using 13 workers of 13 for evacuation
[2023-11-08T19:27:04.795+0100][gc,phases     ] GC(1352)   Pre Evacuate Collection Set: 0,0ms
[2023-11-08T19:27:04.795+0100][gc,phases     ] GC(1352)   Evacuate Collection Set: 3,2ms
[2023-11-08T19:27:04.795+0100][gc,phases     ] GC(1352)   Post Evacuate Collection Set: 0,7ms
[2023-11-08T19:27:04.795+0100][gc,phases     ] GC(1352)   Other: 0,3ms
[2023-11-08T19:27:04.795+0100][gc,heap       ] GC(1352) Eden regions: 610->0(609)
[2023-11-08T19:27:04.795+0100][gc,heap       ] GC(1352) Survivor regions: 4->5(77)
[2023-11-08T19:27:04.795+0100][gc,heap       ] GC(1352) Old regions: 82->82
[2023-11-08T19:27:04.796+0100][gc,heap       ] GC(1352) Humongous regions: 129->129
[2023-11-08T19:27:04.796+0100][gc,metaspace  ] GC(1352) Metaspace: 48311K(52224K)->48311K(52224K) NonClass: 42335K(44544K)->42335K(44544K) Class: 5975K(7680K)->5975K(7680K)
[2023-11-08T19:27:04.796+0100][gc            ] GC(1352) Pause Young (Normal) (G1 Evacuation Pause) 823M->214M(1024M) 4,377ms
[2023-11-08T19:27:04.796+0100][gc,cpu        ] GC(1352) User=0,02s Sys=0,02s Real=0,01s
[2023-11-08T19:27:08.661+0100][gc,start      ] GC(1353) Pause Young (Normal) (G1 Evacuation Pause)
[2023-11-08T19:27:08.661+0100][gc,task       ] GC(1353) Using 13 workers of 13 for evacuation
[2023-11-08T19:27:08.665+0100][gc,phases     ] GC(1353)   Pre Evacuate Collection Set: 0,0ms
[2023-11-08T19:27:08.665+0100][gc,phases     ] GC(1353)   Evacuate Collection Set: 3,5ms
[2023-11-08T19:27:08.665+0100][gc,phases     ] GC(1353)   Post Evacuate Collection Set: 0,6ms
[2023-11-08T19:27:08.665+0100][gc,phases     ] GC(1353)   Other: 0,2ms
[2023-11-08T19:27:08.665+0100][gc,heap       ] GC(1353) Eden regions: 609->0(611)
[2023-11-08T19:27:08.665+0100][gc,heap       ] GC(1353) Survivor regions: 5->3(77)
[2023-11-08T19:27:08.665+0100][gc,heap       ] GC(1353) Old regions: 82->82
[2023-11-08T19:27:08.665+0100][gc,heap       ] GC(1353) Humongous regions: 129->129
[2023-11-08T19:27:08.665+0100][gc,metaspace  ] GC(1353) Metaspace: 48311K(52224K)->48311K(52224K) NonClass: 42335K(44544K)->42335K(44544K) Class: 5975K(7680K)->5975K(7680K)
[2023-11-08T19:27:08.665+0100][gc            ] GC(1353) Pause Young (Normal) (G1 Evacuation Pause) 823M->212M(1024M) 4,513ms
[2023-11-08T19:27:08.665+0100][gc,cpu        ] GC(1353) User=0,04s Sys=0,00s Real=0,01s
[2023-11-08T19:27:12.077+0100][gc,start      ] GC(1354) Pause Young (Concurrent Start) (G1 Evacuation Pause)
[2023-11-08T19:27:12.077+0100][gc,task       ] GC(1354) Using 13 workers of 13 for evacuation
[2023-11-08T19:27:12.082+0100][gc,phases     ] GC(1354)   Pre Evacuate Collection Set: 0,2ms
[2023-11-08T19:27:12.082+0100][gc,phases     ] GC(1354)   Evacuate Collection Set: 3,8ms
[2023-11-08T19:27:12.082+0100][gc,phases     ] GC(1354)   Post Evacuate Collection Set: 0,7ms
[2023-11-08T19:27:12.082+0100][gc,phases     ] GC(1354)   Other: 0,3ms
[2023-11-08T19:27:12.082+0100][gc,heap       ] GC(1354) Eden regions: 611->0(610)
[2023-11-08T19:27:12.082+0100][gc,heap       ] GC(1354) Survivor regions: 3->4(77)
[2023-11-08T19:27:12.082+0100][gc,heap       ] GC(1354) Old regions: 82->82
[2023-11-08T19:27:12.082+0100][gc,heap       ] GC(1354) Humongous regions: 129->129
[2023-11-08T19:27:12.082+0100][gc,metaspace  ] GC(1354) Metaspace: 48311K(52224K)->48311K(52224K) NonClass: 42335K(44544K)->42335K(44544K) Class: 5975K(7680K)->5975K(7680K)
[2023-11-08T19:27:12.082+0100][gc            ] GC(1354) Pause Young (Concurrent Start) (G1 Evacuation Pause) 823M->213M(1024M) 5,134ms
[2023-11-08T19:27:12.082+0100][gc,cpu        ] GC(1354) User=0,05s Sys=0,00s Real=0,00s
[2023-11-08T19:27:12.082+0100][gc            ] GC(1355) Concurrent Cycle
[2023-11-08T19:27:12.082+0100][gc,marking    ] GC(1355) Concurrent Clear Claimed Marks
[2023-11-08T19:27:12.082+0100][gc,marking    ] GC(1355) Concurrent Clear Claimed Marks 0,277ms
[2023-11-08T19:27:12.082+0100][gc,marking    ] GC(1355) Concurrent Scan Root Regions
[2023-11-08T19:27:12.085+0100][gc,marking    ] GC(1355) Concurrent Scan Root Regions 2,695ms
[2023-11-08T19:27:12.085+0100][gc,marking    ] GC(1355) Concurrent Mark (7903,694s)
[2023-11-08T19:27:12.085+0100][gc,marking    ] GC(1355) Concurrent Mark From Roots
[2023-11-08T19:27:12.085+0100][gc,task       ] GC(1355) Using 3 workers of 3 for marking
[2023-11-08T19:27:12.099+0100][gc,marking    ] GC(1355) Concurrent Mark From Roots 14,280ms
[2023-11-08T19:27:12.099+0100][gc,marking    ] GC(1355) Concurrent Preclean
[2023-11-08T19:27:12.099+0100][gc,marking    ] GC(1355) Concurrent Preclean 0,186ms
[2023-11-08T19:27:12.100+0100][gc,marking    ] GC(1355) Concurrent Mark (7903,694s, 7903,708s) 14,514ms
[2023-11-08T19:27:12.100+0100][gc,start      ] GC(1355) Pause Remark
[2023-11-08T19:27:12.103+0100][gc,stringtable] GC(1355) Cleaned string and symbol table, strings: 18405 processed, 0 removed, symbols: 94795 processed, 0 removed
[2023-11-08T19:27:12.103+0100][gc            ] GC(1355) Pause Remark 218M->218M(1024M) 3,457ms
[2023-11-08T19:27:12.103+0100][gc,cpu        ] GC(1355) User=0,04s Sys=0,00s Real=0,01s
[2023-11-08T19:27:12.103+0100][gc,marking    ] GC(1355) Concurrent Rebuild Remembered Sets
[2023-11-08T19:27:12.112+0100][gc,marking    ] GC(1355) Concurrent Rebuild Remembered Sets 8,706ms
[2023-11-08T19:27:12.112+0100][gc,start      ] GC(1355) Pause Cleanup
[2023-11-08T19:27:12.112+0100][gc            ] GC(1355) Pause Cleanup 218M->218M(1024M) 0,152ms
[2023-11-08T19:27:12.112+0100][gc,cpu        ] GC(1355) User=0,00s Sys=0,00s Real=0,00s
[2023-11-08T19:27:12.112+0100][gc,marking    ] GC(1355) Concurrent Cleanup for Next Mark
[2023-11-08T19:27:12.114+0100][gc,marking    ] GC(1355) Concurrent Cleanup for Next Mark 1,642ms
[2023-11-08T19:27:12.114+0100][gc            ] GC(1355) Concurrent Cycle 31,988ms
[2023-11-08T19:27:14.430+0100][gc,start      ] GC(1356) Pause Young (Prepare Mixed) (G1 Evacuation Pause)
[2023-11-08T19:27:14.430+0100][gc,task       ] GC(1356) Using 13 workers of 13 for evacuation
[2023-11-08T19:27:14.436+0100][gc,phases     ] GC(1356)   Pre Evacuate Collection Set: 0,0ms
[2023-11-08T19:27:14.436+0100][gc,phases     ] GC(1356)   Evacuate Collection Set: 4,8ms
[2023-11-08T19:27:14.436+0100][gc,phases     ] GC(1356)   Post Evacuate Collection Set: 0,5ms
[2023-11-08T19:27:14.436+0100][gc,phases     ] GC(1356)   Other: 0,2ms
[2023-11-08T19:27:14.436+0100][gc,heap       ] GC(1356) Eden regions: 385->0(46)
[2023-11-08T19:27:14.436+0100][gc,heap       ] GC(1356) Survivor regions: 4->5(49)
[2023-11-08T19:27:14.436+0100][gc,heap       ] GC(1356) Old regions: 82->82
[2023-11-08T19:27:14.436+0100][gc,heap       ] GC(1356) Humongous regions: 129->129
[2023-11-08T19:27:14.436+0100][gc,metaspace  ] GC(1356) Metaspace: 48311K(52224K)->48311K(52224K) NonClass: 42335K(44544K)->42335K(44544K) Class: 5975K(7680K)->5975K(7680K)
[2023-11-08T19:27:14.436+0100][gc            ] GC(1356) Pause Young (Prepare Mixed) (G1 Evacuation Pause) 598M->213M(1024M) 5,700ms
[2023-11-08T19:27:14.436+0100][gc,cpu        ] GC(1356) User=0,06s Sys=0,00s Real=0,01s
[2023-11-08T19:27:14.661+0100][gc,start      ] GC(1357) Pause Young (Mixed) (G1 Evacuation Pause)
[2023-11-08T19:27:14.661+0100][gc,task       ] GC(1357) Using 13 workers of 13 for evacuation
[2023-11-08T19:27:14.665+0100][gc,phases     ] GC(1357)   Pre Evacuate Collection Set: 0,0ms
[2023-11-08T19:27:14.665+0100][gc,phases     ] GC(1357)   Evacuate Collection Set: 3,3ms
[2023-11-08T19:27:14.665+0100][gc,phases     ] GC(1357)   Post Evacuate Collection Set: 0,4ms
[2023-11-08T19:27:14.665+0100][gc,phases     ] GC(1357)   Other: 0,2ms
[2023-11-08T19:27:14.665+0100][gc,heap       ] GC(1357) Eden regions: 46->0(576)
[2023-11-08T19:27:14.665+0100][gc,heap       ] GC(1357) Survivor regions: 5->4(7)
[2023-11-08T19:27:14.665+0100][gc,heap       ] GC(1357) Old regions: 82->80
[2023-11-08T19:27:14.665+0100][gc,heap       ] GC(1357) Humongous regions: 129->129
[2023-11-08T19:27:14.665+0100][gc,metaspace  ] GC(1357) Metaspace: 48311K(52224K)->48311K(52224K) NonClass: 42335K(44544K)->42335K(44544K) Class: 5975K(7680K)->5975K(7680K)
[2023-11-08T19:27:14.665+0100][gc            ] GC(1357) Pause Young (Mixed) (G1 Evacuation Pause) 259M->211M(1024M) 4,126ms
[2023-11-08T19:27:14.665+0100][gc,cpu        ] GC(1357) User=0,04s Sys=0,00s Real=0,01s
[2023-11-08T19:27:17.841+0100][gc,start      ] GC(1358) Pause Young (Normal) (G1 Evacuation Pause)
[2023-11-08T19:27:17.841+0100][gc,task       ] GC(1358) Using 13 workers of 13 for evacuation
[2023-11-08T19:27:17.846+0100][gc,phases     ] GC(1358)   Pre Evacuate Collection Set: 0,0ms
[2023-11-08T19:27:17.846+0100][gc,phases     ] GC(1358)   Evacuate Collection Set: 3,5ms
[2023-11-08T19:27:17.846+0100][gc,phases     ] GC(1358)   Post Evacuate Collection Set: 0,6ms
[2023-11-08T19:27:17.846+0100][gc,phases     ] GC(1358)   Other: 0,2ms
[2023-11-08T19:27:17.846+0100][gc,heap       ] GC(1358) Eden regions: 576->0(609)
[2023-11-08T19:27:17.846+0100][gc,heap       ] GC(1358) Survivor regions: 4->5(73)
[2023-11-08T19:27:17.846+0100][gc,heap       ] GC(1358) Old regions: 80->80
[2023-11-08T19:27:17.846+0100][gc,heap       ] GC(1358) Humongous regions: 129->129
[2023-11-08T19:27:17.846+0100][gc,metaspace  ] GC(1358) Metaspace: 48311K(52224K)->48311K(52224K) NonClass: 42335K(44544K)->42335K(44544K) Class: 5975K(7680K)->5975K(7680K)
[2023-11-08T19:27:17.846+0100][gc            ] GC(1358) Pause Young (Normal) (G1 Evacuation Pause) 787M->212M(1024M) 4,398ms
[2023-11-08T19:27:17.846+0100][gc,cpu        ] GC(1358) User=0,05s Sys=0,00s Real=0,01s
[2023-11-08T19:27:21.622+0100][gc,start      ] GC(1359) Pause Young (Normal) (G1 Evacuation Pause)
[2023-11-08T19:27:21.622+0100][gc,task       ] GC(1359) Using 13 workers of 13 for evacuation
[2023-11-08T19:27:21.626+0100][gc,phases     ] GC(1359)   Pre Evacuate Collection Set: 0,0ms
[2023-11-08T19:27:21.626+0100][gc,phases     ] GC(1359)   Evacuate Collection Set: 3,5ms
[2023-11-08T19:27:21.626+0100][gc,phases     ] GC(1359)   Post Evacuate Collection Set: 0,7ms
[2023-11-08T19:27:21.626+0100][gc,phases     ] GC(1359)   Other: 0,2ms
[2023-11-08T19:27:21.626+0100][gc,heap       ] GC(1359) Eden regions: 609->0(607)
[2023-11-08T19:27:21.626+0100][gc,heap       ] GC(1359) Survivor regions: 5->7(77)
[2023-11-08T19:27:21.626+0100][gc,heap       ] GC(1359) Old regions: 80->80
[2023-11-08T19:27:21.626+0100][gc,heap       ] GC(1359) Humongous regions: 129->129
[2023-11-08T19:27:21.626+0100][gc,metaspace  ] GC(1359) Metaspace: 48311K(52224K)->48311K(52224K) NonClass: 42335K(44544K)->42335K(44544K) Class: 5975K(7680K)->5975K(7680K)
[2023-11-08T19:27:21.627+0100][gc            ] GC(1359) Pause Young (Normal) (G1 Evacuation Pause) 821M->213M(1024M) 4,631ms
[2023-11-08T19:27:21.627+0100][gc,cpu        ] GC(1359) User=0,04s Sys=0,00s Real=0,01s
[2023-11-08T19:27:26.563+0100][gc,start      ] GC(1360) Pause Young (Concurrent Start) (G1 Evacuation Pause)
[2023-11-08T19:27:26.563+0100][gc,task       ] GC(1360) Using 13 workers of 13 for evacuation
[2023-11-08T19:27:26.570+0100][gc,phases     ] GC(1360)   Pre Evacuate Collection Set: 0,3ms
[2023-11-08T19:27:26.570+0100][gc,phases     ] GC(1360)   Evacuate Collection Set: 5,6ms
[2023-11-08T19:27:26.570+0100][gc,phases     ] GC(1360)   Post Evacuate Collection Set: 0,8ms
[2023-11-08T19:27:26.570+0100][gc,phases     ] GC(1360)   Other: 0,4ms
[2023-11-08T19:27:26.570+0100][gc,heap       ] GC(1360) Eden regions: 607->0(606)
[2023-11-08T19:27:26.570+0100][gc,heap       ] GC(1360) Survivor regions: 7->8(77)
[2023-11-08T19:27:26.570+0100][gc,heap       ] GC(1360) Old regions: 80->80
[2023-11-08T19:27:26.570+0100][gc,heap       ] GC(1360) Humongous regions: 129->129
[2023-11-08T19:27:26.570+0100][gc,metaspace  ] GC(1360) Metaspace: 48311K(52224K)->48311K(52224K) NonClass: 42335K(44544K)->42335K(44544K) Class: 5975K(7680K)->5975K(7680K)
[2023-11-08T19:27:26.571+0100][gc            ] GC(1360) Pause Young (Concurrent Start) (G1 Evacuation Pause) 820M->215M(1024M) 7,262ms
[2023-11-08T19:27:26.571+0100][gc,cpu        ] GC(1360) User=0,05s Sys=0,01s Real=0,00s
[2023-11-08T19:27:26.571+0100][gc            ] GC(1361) Concurrent Cycle
[2023-11-08T19:27:26.571+0100][gc,marking    ] GC(1361) Concurrent Clear Claimed Marks
[2023-11-08T19:27:26.571+0100][gc,marking    ] GC(1361) Concurrent Clear Claimed Marks 0,458ms
[2023-11-08T19:27:26.571+0100][gc,marking    ] GC(1361) Concurrent Scan Root Regions
[2023-11-08T19:27:26.574+0100][gc,marking    ] GC(1361) Concurrent Scan Root Regions 3,132ms
[2023-11-08T19:27:26.574+0100][gc,marking    ] GC(1361) Concurrent Mark (7918,183s)
[2023-11-08T19:27:26.574+0100][gc,marking    ] GC(1361) Concurrent Mark From Roots
[2023-11-08T19:27:26.574+0100][gc,task       ] GC(1361) Using 3 workers of 3 for marking
[2023-11-08T19:27:26.590+0100][gc,marking    ] GC(1361) Concurrent Mark From Roots 15,824ms
[2023-11-08T19:27:26.590+0100][gc,marking    ] GC(1361) Concurrent Preclean
[2023-11-08T19:27:26.591+0100][gc,marking    ] GC(1361) Concurrent Preclean 0,308ms
[2023-11-08T19:27:26.591+0100][gc,marking    ] GC(1361) Concurrent Mark (7918,183s, 7918,199s) 16,212ms
[2023-11-08T19:27:26.591+0100][gc,start      ] GC(1361) Pause Remark
[2023-11-08T19:27:26.595+0100][gc,stringtable] GC(1361) Cleaned string and symbol table, strings: 18405 processed, 0 removed, symbols: 94795 processed, 0 removed
[2023-11-08T19:27:26.595+0100][gc            ] GC(1361) Pause Remark 220M->220M(1024M) 4,410ms
[2023-11-08T19:27:26.595+0100][gc,cpu        ] GC(1361) User=0,04s Sys=0,00s Real=0,01s
[2023-11-08T19:27:26.595+0100][gc,marking    ] GC(1361) Concurrent Rebuild Remembered Sets
[2023-11-08T19:27:26.605+0100][gc,marking    ] GC(1361) Concurrent Rebuild Remembered Sets 10,032ms
[2023-11-08T19:27:26.605+0100][gc,start      ] GC(1361) Pause Cleanup
[2023-11-08T19:27:26.606+0100][gc            ] GC(1361) Pause Cleanup 221M->221M(1024M) 0,167ms
[2023-11-08T19:27:26.606+0100][gc,cpu        ] GC(1361) User=0,00s Sys=0,00s Real=0,00s
[2023-11-08T19:27:26.606+0100][gc,marking    ] GC(1361) Concurrent Cleanup for Next Mark
[2023-11-08T19:27:26.607+0100][gc,marking    ] GC(1361) Concurrent Cleanup for Next Mark 1,668ms
[2023-11-08T19:27:26.607+0100][gc            ] GC(1361) Concurrent Cycle 36,842ms
[2023-11-08T19:27:30.219+0100][gc,start      ] GC(1362) Pause Young (Prepare Mixed) (G1 Evacuation Pause)
[2023-11-08T19:27:30.219+0100][gc,task       ] GC(1362) Using 13 workers of 13 for evacuation
[2023-11-08T19:27:30.226+0100][gc,phases     ] GC(1362)   Pre Evacuate Collection Set: 0,0ms
[2023-11-08T19:27:30.226+0100][gc,phases     ] GC(1362)   Evacuate Collection Set: 6,3ms
[2023-11-08T19:27:30.226+0100][gc,phases     ] GC(1362)   Post Evacuate Collection Set: 0,6ms
[2023-11-08T19:27:30.226+0100][gc,phases     ] GC(1362)   Other: 0,3ms
[2023-11-08T19:27:30.226+0100][gc,heap       ] GC(1362) Eden regions: 489->0(41)
[2023-11-08T19:27:30.226+0100][gc,heap       ] GC(1362) Survivor regions: 8->10(63)
[2023-11-08T19:27:30.226+0100][gc,heap       ] GC(1362) Old regions: 80->80
[2023-11-08T19:27:30.226+0100][gc,heap       ] GC(1362) Humongous regions: 129->129
[2023-11-08T19:27:30.226+0100][gc,metaspace  ] GC(1362) Metaspace: 48311K(52224K)->48311K(52224K) NonClass: 42335K(44544K)->42335K(44544K) Class: 5975K(7680K)->5975K(7680K)
[2023-11-08T19:27:30.226+0100][gc            ] GC(1362) Pause Young (Prepare Mixed) (G1 Evacuation Pause) 704M->216M(1024M) 7,449ms
[2023-11-08T19:27:30.226+0100][gc,cpu        ] GC(1362) User=0,06s Sys=0,02s Real=0,01s
[2023-11-08T19:27:30.651+0100][gc,start      ] GC(1363) Pause Young (Mixed) (G1 Evacuation Pause)
[2023-11-08T19:27:30.651+0100][gc,task       ] GC(1363) Using 13 workers of 13 for evacuation
[2023-11-08T19:27:30.657+0100][gc,phases     ] GC(1363)   Pre Evacuate Collection Set: 0,0ms
[2023-11-08T19:27:30.657+0100][gc,phases     ] GC(1363)   Evacuate Collection Set: 5,7ms
[2023-11-08T19:27:30.657+0100][gc,phases     ] GC(1363)   Post Evacuate Collection Set: 0,6ms
[2023-11-08T19:27:30.657+0100][gc,phases     ] GC(1363)   Other: 0,3ms
[2023-11-08T19:27:30.657+0100][gc,heap       ] GC(1363) Eden regions: 41->0(571)
[2023-11-08T19:27:30.657+0100][gc,heap       ] GC(1363) Survivor regions: 10->4(7)
[2023-11-08T19:27:30.657+0100][gc,heap       ] GC(1363) Old regions: 80->85
[2023-11-08T19:27:30.657+0100][gc,heap       ] GC(1363) Humongous regions: 129->129
[2023-11-08T19:27:30.657+0100][gc,metaspace  ] GC(1363) Metaspace: 48311K(52224K)->48311K(52224K) NonClass: 42335K(44544K)->42335K(44544K) Class: 5975K(7680K)->5975K(7680K)
[2023-11-08T19:27:30.657+0100][gc            ] GC(1363) Pause Young (Mixed) (G1 Evacuation Pause) 257M->215M(1024M) 6,873ms
[2023-11-08T19:27:30.657+0100][gc,cpu        ] GC(1363) User=0,06s Sys=0,02s Real=0,01s
[2023-11-08T19:27:34.651+0100][gc,start      ] GC(1364) Pause Young (Normal) (G1 Evacuation Pause)
[2023-11-08T19:27:34.651+0100][gc,task       ] GC(1364) Using 13 workers of 13 for evacuation
[2023-11-08T19:27:34.656+0100][gc,phases     ] GC(1364)   Pre Evacuate Collection Set: 0,0ms
[2023-11-08T19:27:34.656+0100][gc,phases     ] GC(1364)   Evacuate Collection Set: 3,9ms
[2023-11-08T19:27:34.656+0100][gc,phases     ] GC(1364)   Post Evacuate Collection Set: 0,6ms
[2023-11-08T19:27:34.656+0100][gc,phases     ] GC(1364)   Other: 0,2ms
[2023-11-08T19:27:34.656+0100][gc,heap       ] GC(1364) Eden regions: 571->0(576)
[2023-11-08T19:27:34.656+0100][gc,heap       ] GC(1364) Survivor regions: 4->5(72)
[2023-11-08T19:27:34.656+0100][gc,heap       ] GC(1364) Old regions: 85->85
[2023-11-08T19:27:34.656+0100][gc,heap       ] GC(1364) Humongous regions: 129->129
[2023-11-08T19:27:34.656+0100][gc,metaspace  ] GC(1364) Metaspace: 48311K(52224K)->48311K(52224K) NonClass: 42335K(44544K)->42335K(44544K) Class: 5975K(7680K)->5975K(7680K)
[2023-11-08T19:27:34.656+0100][gc            ] GC(1364) Pause Young (Normal) (G1 Evacuation Pause) 786M->216M(1024M) 4,784ms
[2023-11-08T19:27:34.656+0100][gc,cpu        ] GC(1364) User=0,05s Sys=0,00s Real=0,01s
[2023-11-08T19:27:39.304+0100][gc,start      ] GC(1365) Pause Young (Normal) (G1 Evacuation Pause)
[2023-11-08T19:27:39.304+0100][gc,task       ] GC(1365) Using 13 workers of 13 for evacuation
[2023-11-08T19:27:39.309+0100][gc,phases     ] GC(1365)   Pre Evacuate Collection Set: 0,0ms
[2023-11-08T19:27:39.309+0100][gc,phases     ] GC(1365)   Evacuate Collection Set: 3,8ms
[2023-11-08T19:27:39.309+0100][gc,phases     ] GC(1365)   Post Evacuate Collection Set: 0,7ms
[2023-11-08T19:27:39.309+0100][gc,phases     ] GC(1365)   Other: 0,3ms
[2023-11-08T19:27:39.309+0100][gc,heap       ] GC(1365) Eden regions: 576->0(608)
[2023-11-08T19:27:39.309+0100][gc,heap       ] GC(1365) Survivor regions: 5->6(73)
[2023-11-08T19:27:39.309+0100][gc,heap       ] GC(1365) Old regions: 85->85
[2023-11-08T19:27:39.309+0100][gc,heap       ] GC(1365) Humongous regions: 129->129
[2023-11-08T19:27:39.309+0100][gc,metaspace  ] GC(1365) Metaspace: 48311K(52224K)->48311K(52224K) NonClass: 42335K(44544K)->42335K(44544K) Class: 5975K(7680K)->5975K(7680K)
[2023-11-08T19:27:39.309+0100][gc            ] GC(1365) Pause Young (Normal) (G1 Evacuation Pause) 792M->218M(1024M) 4,939ms
[2023-11-08T19:27:39.309+0100][gc,cpu        ] GC(1365) User=0,05s Sys=0,00s Real=0,00s
[2023-11-08T19:27:44.240+0100][gc,start      ] GC(1366) Pause Young (Normal) (G1 Evacuation Pause)
[2023-11-08T19:27:44.240+0100][gc,task       ] GC(1366) Using 13 workers of 13 for evacuation
[2023-11-08T19:27:44.245+0100][gc,phases     ] GC(1366)   Pre Evacuate Collection Set: 0,0ms
[2023-11-08T19:27:44.245+0100][gc,phases     ] GC(1366)   Evacuate Collection Set: 4,0ms
[2023-11-08T19:27:44.245+0100][gc,phases     ] GC(1366)   Post Evacuate Collection Set: 0,7ms
[2023-11-08T19:27:44.245+0100][gc,phases     ] GC(1366)   Other: 0,3ms
[2023-11-08T19:27:44.245+0100][gc,heap       ] GC(1366) Eden regions: 608->0(606)
[2023-11-08T19:27:44.245+0100][gc,heap       ] GC(1366) Survivor regions: 6->8(77)
[2023-11-08T19:27:44.246+0100][gc,heap       ] GC(1366) Old regions: 85->85
[2023-11-08T19:27:44.246+0100][gc,heap       ] GC(1366) Humongous regions: 129->129
[2023-11-08T19:27:44.246+0100][gc,metaspace  ] GC(1366) Metaspace: 48311K(52224K)->48311K(52224K) NonClass: 42335K(44544K)->42335K(44544K) Class: 5975K(7680K)->5975K(7680K)
[2023-11-08T19:27:44.246+0100][gc            ] GC(1366) Pause Young (Normal) (G1 Evacuation Pause) 826M->219M(1024M) 5,211ms
[2023-11-08T19:27:44.246+0100][gc,cpu        ] GC(1366) User=0,06s Sys=0,00s Real=0,01s
[2023-11-08T19:27:48.815+0100][gc,start      ] GC(1367) Pause Young (Concurrent Start) (G1 Evacuation Pause)
[2023-11-08T19:27:48.815+0100][gc,task       ] GC(1367) Using 13 workers of 13 for evacuation
[2023-11-08T19:27:48.821+0100][gc,phases     ] GC(1367)   Pre Evacuate Collection Set: 0,2ms
[2023-11-08T19:27:48.821+0100][gc,phases     ] GC(1367)   Evacuate Collection Set: 5,0ms
[2023-11-08T19:27:48.821+0100][gc,phases     ] GC(1367)   Post Evacuate Collection Set: 0,7ms
[2023-11-08T19:27:48.821+0100][gc,phases     ] GC(1367)   Other: 0,3ms
[2023-11-08T19:27:48.821+0100][gc,heap       ] GC(1367) Eden regions: 606->0(605)
[2023-11-08T19:27:48.821+0100][gc,heap       ] GC(1367) Survivor regions: 8->9(77)
[2023-11-08T19:27:48.821+0100][gc,heap       ] GC(1367) Old regions: 85->85
[2023-11-08T19:27:48.821+0100][gc,heap       ] GC(1367) Humongous regions: 129->129
[2023-11-08T19:27:48.821+0100][gc,metaspace  ] GC(1367) Metaspace: 48311K(52224K)->48311K(52224K) NonClass: 42335K(44544K)->42335K(44544K) Class: 5975K(7680K)->5975K(7680K)
[2023-11-08T19:27:48.821+0100][gc            ] GC(1367) Pause Young (Concurrent Start) (G1 Evacuation Pause) 825M->221M(1024M) 6,443ms
[2023-11-08T19:27:48.821+0100][gc,cpu        ] GC(1367) User=0,06s Sys=0,00s Real=0,00s
[2023-11-08T19:27:48.821+0100][gc            ] GC(1368) Concurrent Cycle
[2023-11-08T19:27:48.821+0100][gc,marking    ] GC(1368) Concurrent Clear Claimed Marks
[2023-11-08T19:27:48.822+0100][gc,marking    ] GC(1368) Concurrent Clear Claimed Marks 0,294ms
[2023-11-08T19:27:48.822+0100][gc,marking    ] GC(1368) Concurrent Scan Root Regions
[2023-11-08T19:27:48.826+0100][gc,marking    ] GC(1368) Concurrent Scan Root Regions 3,877ms
[2023-11-08T19:27:48.826+0100][gc,marking    ] GC(1368) Concurrent Mark (7940,434s)
[2023-11-08T19:27:48.826+0100][gc,marking    ] GC(1368) Concurrent Mark From Roots
[2023-11-08T19:27:48.826+0100][gc,task       ] GC(1368) Using 3 workers of 3 for marking
[2023-11-08T19:27:48.843+0100][gc,marking    ] GC(1368) Concurrent Mark From Roots 17,664ms
[2023-11-08T19:27:48.843+0100][gc,marking    ] GC(1368) Concurrent Preclean
[2023-11-08T19:27:48.844+0100][gc,marking    ] GC(1368) Concurrent Preclean 0,290ms
[2023-11-08T19:27:48.844+0100][gc,marking    ] GC(1368) Concurrent Mark (7940,434s, 7940,452s) 18,024ms
[2023-11-08T19:27:48.844+0100][gc,start      ] GC(1368) Pause Remark
[2023-11-08T19:27:48.848+0100][gc,stringtable] GC(1368) Cleaned string and symbol table, strings: 18405 processed, 0 removed, symbols: 94795 processed, 0 removed
[2023-11-08T19:27:48.848+0100][gc            ] GC(1368) Pause Remark 226M->226M(1024M) 3,925ms
[2023-11-08T19:27:48.848+0100][gc,cpu        ] GC(1368) User=0,04s Sys=0,00s Real=0,00s
[2023-11-08T19:27:48.848+0100][gc,marking    ] GC(1368) Concurrent Rebuild Remembered Sets
[2023-11-08T19:27:48.858+0100][gc,marking    ] GC(1368) Concurrent Rebuild Remembered Sets 10,275ms
[2023-11-08T19:27:48.858+0100][gc,start      ] GC(1368) Pause Cleanup
[2023-11-08T19:27:48.858+0100][gc            ] GC(1368) Pause Cleanup 227M->227M(1024M) 0,164ms
[2023-11-08T19:27:48.858+0100][gc,cpu        ] GC(1368) User=0,00s Sys=0,00s Real=0,00s
[2023-11-08T19:27:48.858+0100][gc,marking    ] GC(1368) Concurrent Cleanup for Next Mark
[2023-11-08T19:27:48.860+0100][gc,marking    ] GC(1368) Concurrent Cleanup for Next Mark 1,544ms
[2023-11-08T19:27:48.860+0100][gc            ] GC(1368) Concurrent Cycle 38,710ms
[2023-11-08T19:27:49.244+0100][gc,start      ] GC(1369) Pause Young (Prepare Mixed) (G1 Evacuation Pause)
[2023-11-08T19:27:49.244+0100][gc,task       ] GC(1369) Using 13 workers of 13 for evacuation
[2023-11-08T19:27:49.251+0100][gc,phases     ] GC(1369)   Pre Evacuate Collection Set: 0,0ms
[2023-11-08T19:27:49.251+0100][gc,phases     ] GC(1369)   Evacuate Collection Set: 5,6ms
[2023-11-08T19:27:49.251+0100][gc,phases     ] GC(1369)   Post Evacuate Collection Set: 0,5ms
[2023-11-08T19:27:49.251+0100][gc,phases     ] GC(1369)   Other: 0,2ms
[2023-11-08T19:27:49.251+0100][gc,heap       ] GC(1369) Eden regions: 42->0(47)
[2023-11-08T19:27:49.251+0100][gc,heap       ] GC(1369) Survivor regions: 9->4(7)
[2023-11-08T19:27:49.251+0100][gc,heap       ] GC(1369) Old regions: 85->91
[2023-11-08T19:27:49.251+0100][gc,heap       ] GC(1369) Humongous regions: 129->129
[2023-11-08T19:27:49.251+0100][gc,metaspace  ] GC(1369) Metaspace: 48311K(52224K)->48311K(52224K) NonClass: 42335K(44544K)->42335K(44544K) Class: 5975K(7680K)->5975K(7680K)
[2023-11-08T19:27:49.251+0100][gc            ] GC(1369) Pause Young (Prepare Mixed) (G1 Evacuation Pause) 263M->221M(1024M) 6,513ms
[2023-11-08T19:27:49.251+0100][gc,cpu        ] GC(1369) User=0,06s Sys=0,02s Real=0,00s
[2023-11-08T19:27:49.713+0100][gc,start      ] GC(1370) Pause Young (Mixed) (G1 Evacuation Pause)
[2023-11-08T19:27:49.713+0100][gc,task       ] GC(1370) Using 13 workers of 13 for evacuation
[2023-11-08T19:27:49.716+0100][gc,phases     ] GC(1370)   Pre Evacuate Collection Set: 0,0ms
[2023-11-08T19:27:49.716+0100][gc,phases     ] GC(1370)   Evacuate Collection Set: 2,8ms
[2023-11-08T19:27:49.716+0100][gc,phases     ] GC(1370)   Post Evacuate Collection Set: 0,4ms
[2023-11-08T19:27:49.716+0100][gc,phases     ] GC(1370)   Other: 0,2ms
[2023-11-08T19:27:49.716+0100][gc,heap       ] GC(1370) Eden regions: 47->0(253)
[2023-11-08T19:27:49.716+0100][gc,heap       ] GC(1370) Survivor regions: 4->4(7)
[2023-11-08T19:27:49.716+0100][gc,heap       ] GC(1370) Old regions: 91->89
[2023-11-08T19:27:49.716+0100][gc,heap       ] GC(1370) Humongous regions: 129->129
[2023-11-08T19:27:49.716+0100][gc,metaspace  ] GC(1370) Metaspace: 48311K(52224K)->48311K(52224K) NonClass: 42335K(44544K)->42335K(44544K) Class: 5975K(7680K)->5975K(7680K)
[2023-11-08T19:27:49.716+0100][gc            ] GC(1370) Pause Young (Mixed) (G1 Evacuation Pause) 268M->219M(1024M) 3,605ms
[2023-11-08T19:27:49.716+0100][gc,cpu        ] GC(1370) User=0,03s Sys=0,00s Real=0,01s
[2023-11-08T19:27:51.298+0100][gc,start      ] GC(1371) Pause Young (Normal) (G1 Evacuation Pause)
[2023-11-08T19:27:51.298+0100][gc,task       ] GC(1371) Using 13 workers of 13 for evacuation
[2023-11-08T19:27:51.301+0100][gc,phases     ] GC(1371)   Pre Evacuate Collection Set: 0,0ms
[2023-11-08T19:27:51.301+0100][gc,phases     ] GC(1371)   Evacuate Collection Set: 1,7ms
[2023-11-08T19:27:51.301+0100][gc,phases     ] GC(1371)   Post Evacuate Collection Set: 0,5ms
[2023-11-08T19:27:51.301+0100][gc,phases     ] GC(1371)   Other: 0,2ms
[2023-11-08T19:27:51.301+0100][gc,heap       ] GC(1371) Eden regions: 253->0(322)
[2023-11-08T19:27:51.301+0100][gc,heap       ] GC(1371) Survivor regions: 4->2(33)
[2023-11-08T19:27:51.301+0100][gc,heap       ] GC(1371) Old regions: 89->89
[2023-11-08T19:27:51.301+0100][gc,heap       ] GC(1371) Humongous regions: 129->129
[2023-11-08T19:27:51.301+0100][gc,metaspace  ] GC(1371) Metaspace: 48311K(52224K)->48311K(52224K) NonClass: 42335K(44544K)->42335K(44544K) Class: 5975K(7680K)->5975K(7680K)
[2023-11-08T19:27:51.301+0100][gc            ] GC(1371) Pause Young (Normal) (G1 Evacuation Pause) 472M->217M(1024M) 2,662ms
[2023-11-08T19:27:51.301+0100][gc,cpu        ] GC(1371) User=0,02s Sys=0,00s Real=0,00s
[2023-11-08T19:27:53.587+0100][gc,start      ] GC(1372) Pause Young (Normal) (G1 Evacuation Pause)
[2023-11-08T19:27:53.587+0100][gc,task       ] GC(1372) Using 13 workers of 13 for evacuation
[2023-11-08T19:27:53.590+0100][gc,phases     ] GC(1372)   Pre Evacuate Collection Set: 0,0ms
[2023-11-08T19:27:53.590+0100][gc,phases     ] GC(1372)   Evacuate Collection Set: 2,7ms
[2023-11-08T19:27:53.590+0100][gc,phases     ] GC(1372)   Post Evacuate Collection Set: 0,7ms
[2023-11-08T19:27:53.590+0100][gc,phases     ] GC(1372)   Other: 0,3ms
[2023-11-08T19:27:53.590+0100][gc,heap       ] GC(1372) Eden regions: 322->0(338)
[2023-11-08T19:27:53.590+0100][gc,heap       ] GC(1372) Survivor regions: 2->3(41)
[2023-11-08T19:27:53.590+0100][gc,heap       ] GC(1372) Old regions: 89->89
[2023-11-08T19:27:53.590+0100][gc,heap       ] GC(1372) Humongous regions: 129->129
[2023-11-08T19:27:53.590+0100][gc,metaspace  ] GC(1372) Metaspace: 48311K(52224K)->48311K(52224K) NonClass: 42335K(44544K)->42335K(44544K) Class: 5975K(7680K)->5975K(7680K)
[2023-11-08T19:27:53.590+0100][gc            ] GC(1372) Pause Young (Normal) (G1 Evacuation Pause) 539M->217M(1024M) 3,954ms
[2023-11-08T19:27:53.590+0100][gc,cpu        ] GC(1372) User=0,02s Sys=0,02s Real=0,00s
[2023-11-08T19:27:56.468+0100][gc,start      ] GC(1373) Pause Young (Normal) (G1 Evacuation Pause)
[2023-11-08T19:27:56.468+0100][gc,task       ] GC(1373) Using 13 workers of 13 for evacuation
[2023-11-08T19:27:56.471+0100][gc,phases     ] GC(1373)   Pre Evacuate Collection Set: 0,0ms
[2023-11-08T19:27:56.471+0100][gc,phases     ] GC(1373)   Evacuate Collection Set: 2,6ms
[2023-11-08T19:27:56.471+0100][gc,phases     ] GC(1373)   Post Evacuate Collection Set: 0,7ms
[2023-11-08T19:27:56.471+0100][gc,phases     ] GC(1373)   Other: 0,3ms
[2023-11-08T19:27:56.471+0100][gc,heap       ] GC(1373) Eden regions: 338->0(400)
[2023-11-08T19:27:56.471+0100][gc,heap       ] GC(1373) Survivor regions: 3->4(43)
[2023-11-08T19:27:56.471+0100][gc,heap       ] GC(1373) Old regions: 89->89
[2023-11-08T19:27:56.471+0100][gc,heap       ] GC(1373) Humongous regions: 129->129
[2023-11-08T19:27:56.471+0100][gc,metaspace  ] GC(1373) Metaspace: 48311K(52224K)->48311K(52224K) NonClass: 42335K(44544K)->42335K(44544K) Class: 5975K(7680K)->5975K(7680K)
[2023-11-08T19:27:56.471+0100][gc            ] GC(1373) Pause Young (Normal) (G1 Evacuation Pause) 555M->218M(1024M) 3,745ms
[2023-11-08T19:27:56.471+0100][gc,cpu        ] GC(1373) User=0,02s Sys=0,02s Real=0,00s
[2023-11-08T19:27:59.153+0100][gc,start      ] GC(1374) Pause Young (Normal) (G1 Evacuation Pause)
[2023-11-08T19:27:59.153+0100][gc,task       ] GC(1374) Using 13 workers of 13 for evacuation
[2023-11-08T19:27:59.157+0100][gc,phases     ] GC(1374)   Pre Evacuate Collection Set: 0,1ms
[2023-11-08T19:27:59.157+0100][gc,phases     ] GC(1374)   Evacuate Collection Set: 3,4ms
[2023-11-08T19:27:59.157+0100][gc,phases     ] GC(1374)   Post Evacuate Collection Set: 0,8ms
[2023-11-08T19:27:59.157+0100][gc,phases     ] GC(1374)   Other: 0,4ms
[2023-11-08T19:27:59.157+0100][gc,heap       ] GC(1374) Eden regions: 400->0(466)
[2023-11-08T19:27:59.158+0100][gc,heap       ] GC(1374) Survivor regions: 4->4(51)
[2023-11-08T19:27:59.158+0100][gc,heap       ] GC(1374) Old regions: 89->89
[2023-11-08T19:27:59.158+0100][gc,heap       ] GC(1374) Humongous regions: 129->129
[2023-11-08T19:27:59.158+0100][gc,metaspace  ] GC(1374) Metaspace: 48311K(52224K)->48311K(52224K) NonClass: 42335K(44544K)->42335K(44544K) Class: 5975K(7680K)->5975K(7680K)
[2023-11-08T19:27:59.158+0100][gc            ] GC(1374) Pause Young (Normal) (G1 Evacuation Pause) 618M->219M(1024M) 4,914ms
[2023-11-08T19:27:59.158+0100][gc,cpu        ] GC(1374) User=0,05s Sys=0,00s Real=0,01s
[2023-11-08T19:28:03.064+0100][gc,start      ] GC(1375) Pause Young (Normal) (G1 Evacuation Pause)
[2023-11-08T19:28:03.064+0100][gc,task       ] GC(1375) Using 13 workers of 13 for evacuation
[2023-11-08T19:28:03.069+0100][gc,phases     ] GC(1375)   Pre Evacuate Collection Set: 0,0ms
[2023-11-08T19:28:03.069+0100][gc,phases     ] GC(1375)   Evacuate Collection Set: 3,9ms
[2023-11-08T19:28:03.069+0100][gc,phases     ] GC(1375)   Post Evacuate Collection Set: 0,7ms
[2023-11-08T19:28:03.069+0100][gc,phases     ] GC(1375)   Other: 0,3ms
[2023-11-08T19:28:03.069+0100][gc,heap       ] GC(1375) Eden regions: 466->0(507)
[2023-11-08T19:28:03.069+0100][gc,heap       ] GC(1375) Survivor regions: 4->6(59)
[2023-11-08T19:28:03.069+0100][gc,heap       ] GC(1375) Old regions: 89->89
[2023-11-08T19:28:03.069+0100][gc,heap       ] GC(1375) Humongous regions: 129->129
[2023-11-08T19:28:03.069+0100][gc,metaspace  ] GC(1375) Metaspace: 48311K(52224K)->48311K(52224K) NonClass: 42335K(44544K)->42335K(44544K) Class: 5975K(7680K)->5975K(7680K)
[2023-11-08T19:28:03.069+0100][gc            ] GC(1375) Pause Young (Normal) (G1 Evacuation Pause) 685M->220M(1024M) 5,039ms
[2023-11-08T19:28:03.069+0100][gc,cpu        ] GC(1375) User=0,00s Sys=0,04s Real=0,00s
[2023-11-08T19:28:07.067+0100][gc,start      ] GC(1376) Pause Young (Normal) (G1 Evacuation Pause)
[2023-11-08T19:28:07.067+0100][gc,task       ] GC(1376) Using 13 workers of 13 for evacuation
[2023-11-08T19:28:07.073+0100][gc,phases     ] GC(1376)   Pre Evacuate Collection Set: 0,0ms
[2023-11-08T19:28:07.073+0100][gc,phases     ] GC(1376)   Evacuate Collection Set: 4,5ms
[2023-11-08T19:28:07.073+0100][gc,phases     ] GC(1376)   Post Evacuate Collection Set: 0,8ms
[2023-11-08T19:28:07.073+0100][gc,phases     ] GC(1376)   Other: 0,3ms
[2023-11-08T19:28:07.073+0100][gc,heap       ] GC(1376) Eden regions: 507->0(537)
[2023-11-08T19:28:07.073+0100][gc,heap       ] GC(1376) Survivor regions: 6->7(65)
[2023-11-08T19:28:07.073+0100][gc,heap       ] GC(1376) Old regions: 89->89
[2023-11-08T19:28:07.073+0100][gc,heap       ] GC(1376) Humongous regions: 129->129
[2023-11-08T19:28:07.073+0100][gc,metaspace  ] GC(1376) Metaspace: 48311K(52224K)->48311K(52224K) NonClass: 42335K(44544K)->42335K(44544K) Class: 5975K(7680K)->5975K(7680K)
[2023-11-08T19:28:07.073+0100][gc            ] GC(1376) Pause Young (Normal) (G1 Evacuation Pause) 727M->222M(1024M) 5,730ms
[2023-11-08T19:28:07.073+0100][gc,cpu        ] GC(1376) User=0,06s Sys=0,00s Real=0,00s
[2023-11-08T19:28:10.729+0100][gc,start      ] GC(1377) Pause Young (Normal) (G1 Evacuation Pause)
[2023-11-08T19:28:10.729+0100][gc,task       ] GC(1377) Using 13 workers of 13 for evacuation
[2023-11-08T19:28:10.734+0100][gc,phases     ] GC(1377)   Pre Evacuate Collection Set: 0,0ms
[2023-11-08T19:28:10.734+0100][gc,phases     ] GC(1377)   Evacuate Collection Set: 4,2ms
[2023-11-08T19:28:10.734+0100][gc,phases     ] GC(1377)   Post Evacuate Collection Set: 0,7ms
[2023-11-08T19:28:10.734+0100][gc,phases     ] GC(1377)   Other: 0,2ms
[2023-11-08T19:28:10.734+0100][gc,heap       ] GC(1377) Eden regions: 537->0(581)
[2023-11-08T19:28:10.734+0100][gc,heap       ] GC(1377) Survivor regions: 7->8(68)
[2023-11-08T19:28:10.734+0100][gc,heap       ] GC(1377) Old regions: 89->89
[2023-11-08T19:28:10.734+0100][gc,heap       ] GC(1377) Humongous regions: 129->129
[2023-11-08T19:28:10.734+0100][gc,metaspace  ] GC(1377) Metaspace: 48311K(52224K)->48311K(52224K) NonClass: 42335K(44544K)->42335K(44544K) Class: 5975K(7680K)->5975K(7680K)
[2023-11-08T19:28:10.734+0100][gc            ] GC(1377) Pause Young (Normal) (G1 Evacuation Pause) 759M->223M(1024M) 5,259ms
[2023-11-08T19:28:10.734+0100][gc,cpu        ] GC(1377) User=0,05s Sys=0,00s Real=0,00s
[2023-11-08T19:28:15.404+0100][gc,start      ] GC(1378) Pause Young (Normal) (G1 Evacuation Pause)
[2023-11-08T19:28:15.404+0100][gc,task       ] GC(1378) Using 13 workers of 13 for evacuation
[2023-11-08T19:28:15.411+0100][gc,phases     ] GC(1378)   Pre Evacuate Collection Set: 0,0ms
[2023-11-08T19:28:15.411+0100][gc,phases     ] GC(1378)   Evacuate Collection Set: 6,3ms
[2023-11-08T19:28:15.411+0100][gc,phases     ] GC(1378)   Post Evacuate Collection Set: 0,7ms
[2023-11-08T19:28:15.411+0100][gc,phases     ] GC(1378)   Other: 0,3ms
[2023-11-08T19:28:15.411+0100][gc,heap       ] GC(1378) Eden regions: 581->0(595)
[2023-11-08T19:28:15.411+0100][gc,heap       ] GC(1378) Survivor regions: 8->10(74)
[2023-11-08T19:28:15.411+0100][gc,heap       ] GC(1378) Old regions: 89->89
[2023-11-08T19:28:15.411+0100][gc,heap       ] GC(1378) Humongous regions: 129->129
[2023-11-08T19:28:15.411+0100][gc,metaspace  ] GC(1378) Metaspace: 48311K(52224K)->48311K(52224K) NonClass: 42335K(44544K)->42335K(44544K) Class: 5975K(7680K)->5975K(7680K)
[2023-11-08T19:28:15.411+0100][gc            ] GC(1378) Pause Young (Normal) (G1 Evacuation Pause) 804M->225M(1024M) 7,321ms
[2023-11-08T19:28:15.411+0100][gc,cpu        ] GC(1378) User=0,06s Sys=0,01s Real=0,00s
[2023-11-08T19:28:20.240+0100][gc,start      ] GC(1379) Pause Young (Concurrent Start) (G1 Evacuation Pause)
[2023-11-08T19:28:20.240+0100][gc,task       ] GC(1379) Using 13 workers of 13 for evacuation
[2023-11-08T19:28:20.247+0100][gc,phases     ] GC(1379)   Pre Evacuate Collection Set: 0,3ms
[2023-11-08T19:28:20.247+0100][gc,phases     ] GC(1379)   Evacuate Collection Set: 5,9ms
[2023-11-08T19:28:20.247+0100][gc,phases     ] GC(1379)   Post Evacuate Collection Set: 0,7ms
[2023-11-08T19:28:20.247+0100][gc,phases     ] GC(1379)   Other: 0,3ms
[2023-11-08T19:28:20.247+0100][gc,heap       ] GC(1379) Eden regions: 595->0(602)
[2023-11-08T19:28:20.247+0100][gc,heap       ] GC(1379) Survivor regions: 10->12(76)
[2023-11-08T19:28:20.247+0100][gc,heap       ] GC(1379) Old regions: 89->89
[2023-11-08T19:28:20.247+0100][gc,heap       ] GC(1379) Humongous regions: 129->129
[2023-11-08T19:28:20.247+0100][gc,metaspace  ] GC(1379) Metaspace: 48311K(52224K)->48311K(52224K) NonClass: 42335K(44544K)->42335K(44544K) Class: 5975K(7680K)->5975K(7680K)
[2023-11-08T19:28:20.247+0100][gc            ] GC(1379) Pause Young (Concurrent Start) (G1 Evacuation Pause) 820M->227M(1024M) 7,290ms
[2023-11-08T19:28:20.247+0100][gc,cpu        ] GC(1379) User=0,07s Sys=0,01s Real=0,01s
[2023-11-08T19:28:20.247+0100][gc            ] GC(1380) Concurrent Cycle
[2023-11-08T19:28:20.247+0100][gc,marking    ] GC(1380) Concurrent Clear Claimed Marks
[2023-11-08T19:28:20.247+0100][gc,marking    ] GC(1380) Concurrent Clear Claimed Marks 0,306ms
[2023-11-08T19:28:20.247+0100][gc,marking    ] GC(1380) Concurrent Scan Root Regions
[2023-11-08T19:28:20.253+0100][gc,marking    ] GC(1380) Concurrent Scan Root Regions 5,359ms
[2023-11-08T19:28:20.253+0100][gc,marking    ] GC(1380) Concurrent Mark (7971,861s)
[2023-11-08T19:28:20.253+0100][gc,marking    ] GC(1380) Concurrent Mark From Roots
[2023-11-08T19:28:20.253+0100][gc,task       ] GC(1380) Using 3 workers of 3 for marking
[2023-11-08T19:28:20.269+0100][gc,marking    ] GC(1380) Concurrent Mark From Roots 15,958ms
[2023-11-08T19:28:20.269+0100][gc,marking    ] GC(1380) Concurrent Preclean
[2023-11-08T19:28:20.269+0100][gc,marking    ] GC(1380) Concurrent Preclean 0,362ms
[2023-11-08T19:28:20.269+0100][gc,marking    ] GC(1380) Concurrent Mark (7971,861s, 7971,878s) 16,425ms
[2023-11-08T19:28:20.269+0100][gc,start      ] GC(1380) Pause Remark
[2023-11-08T19:28:20.273+0100][gc,stringtable] GC(1380) Cleaned string and symbol table, strings: 18405 processed, 0 removed, symbols: 94795 processed, 0 removed
[2023-11-08T19:28:20.273+0100][gc            ] GC(1380) Pause Remark 232M->232M(1024M) 4,059ms
[2023-11-08T19:28:20.273+0100][gc,cpu        ] GC(1380) User=0,04s Sys=0,00s Real=0,00s
[2023-11-08T19:28:20.273+0100][gc,marking    ] GC(1380) Concurrent Rebuild Remembered Sets
[2023-11-08T19:28:20.284+0100][gc,marking    ] GC(1380) Concurrent Rebuild Remembered Sets 10,985ms
[2023-11-08T19:28:20.285+0100][gc,start      ] GC(1380) Pause Cleanup
[2023-11-08T19:28:20.285+0100][gc            ] GC(1380) Pause Cleanup 235M->235M(1024M) 0,170ms
[2023-11-08T19:28:20.285+0100][gc,cpu        ] GC(1380) User=0,00s Sys=0,00s Real=0,00s
[2023-11-08T19:28:20.285+0100][gc,marking    ] GC(1380) Concurrent Cleanup for Next Mark
[2023-11-08T19:28:20.287+0100][gc,marking    ] GC(1380) Concurrent Cleanup for Next Mark 2,599ms
[2023-11-08T19:28:20.288+0100][gc            ] GC(1380) Concurrent Cycle 40,583ms
[2023-11-08T19:28:20.476+0100][gc,start      ] GC(1381) Pause Young (Prepare Mixed) (G1 Evacuation Pause)
[2023-11-08T19:28:20.477+0100][gc,task       ] GC(1381) Using 13 workers of 13 for evacuation
[2023-11-08T19:28:20.484+0100][gc,phases     ] GC(1381)   Pre Evacuate Collection Set: 0,0ms
[2023-11-08T19:28:20.484+0100][gc,phases     ] GC(1381)   Evacuate Collection Set: 6,8ms
[2023-11-08T19:28:20.484+0100][gc,phases     ] GC(1381)   Post Evacuate Collection Set: 0,6ms
[2023-11-08T19:28:20.484+0100][gc,phases     ] GC(1381)   Other: 0,3ms
[2023-11-08T19:28:20.484+0100][gc,heap       ] GC(1381) Eden regions: 39->0(46)
[2023-11-08T19:28:20.484+0100][gc,heap       ] GC(1381) Survivor regions: 12->5(7)
[2023-11-08T19:28:20.484+0100][gc,heap       ] GC(1381) Old regions: 89->96
[2023-11-08T19:28:20.484+0100][gc,heap       ] GC(1381) Humongous regions: 129->129
[2023-11-08T19:28:20.484+0100][gc,metaspace  ] GC(1381) Metaspace: 48311K(52224K)->48311K(52224K) NonClass: 42335K(44544K)->42335K(44544K) Class: 5975K(7680K)->5975K(7680K)
[2023-11-08T19:28:20.484+0100][gc            ] GC(1381) Pause Young (Prepare Mixed) (G1 Evacuation Pause) 266M->227M(1024M) 7,766ms
[2023-11-08T19:28:20.484+0100][gc,cpu        ] GC(1381) User=0,09s Sys=0,00s Real=0,01s
[2023-11-08T19:28:20.781+0100][gc,start      ] GC(1382) Pause Young (Mixed) (G1 Evacuation Pause)
[2023-11-08T19:28:20.781+0100][gc,task       ] GC(1382) Using 13 workers of 13 for evacuation
[2023-11-08T19:28:20.786+0100][gc,phases     ] GC(1382)   Pre Evacuate Collection Set: 0,0ms
[2023-11-08T19:28:20.786+0100][gc,phases     ] GC(1382)   Evacuate Collection Set: 3,8ms
[2023-11-08T19:28:20.786+0100][gc,phases     ] GC(1382)   Post Evacuate Collection Set: 0,5ms
[2023-11-08T19:28:20.786+0100][gc,phases     ] GC(1382)   Other: 0,2ms
[2023-11-08T19:28:20.786+0100][gc,heap       ] GC(1382) Eden regions: 46->0(574)
[2023-11-08T19:28:20.786+0100][gc,heap       ] GC(1382) Survivor regions: 5->3(7)
[2023-11-08T19:28:20.786+0100][gc,heap       ] GC(1382) Old regions: 96->89
[2023-11-08T19:28:20.786+0100][gc,heap       ] GC(1382) Humongous regions: 129->129
[2023-11-08T19:28:20.786+0100][gc,metaspace  ] GC(1382) Metaspace: 48311K(52224K)->48311K(52224K) NonClass: 42335K(44544K)->42335K(44544K) Class: 5975K(7680K)->5975K(7680K)
[2023-11-08T19:28:20.786+0100][gc            ] GC(1382) Pause Young (Mixed) (G1 Evacuation Pause) 273M->218M(1024M) 4,611ms
[2023-11-08T19:28:20.786+0100][gc,cpu        ] GC(1382) User=0,05s Sys=0,00s Real=0,01s
[2023-11-08T19:28:25.146+0100][gc,start      ] GC(1383) Pause Young (Normal) (G1 Evacuation Pause)
[2023-11-08T19:28:25.146+0100][gc,task       ] GC(1383) Using 13 workers of 13 for evacuation
[2023-11-08T19:28:25.150+0100][gc,phases     ] GC(1383)   Pre Evacuate Collection Set: 0,0ms
[2023-11-08T19:28:25.150+0100][gc,phases     ] GC(1383)   Evacuate Collection Set: 2,6ms
[2023-11-08T19:28:25.150+0100][gc,phases     ] GC(1383)   Post Evacuate Collection Set: 0,7ms
[2023-11-08T19:28:25.150+0100][gc,phases     ] GC(1383)   Other: 0,3ms
[2023-11-08T19:28:25.150+0100][gc,heap       ] GC(1383) Eden regions: 574->0(503)
[2023-11-08T19:28:25.150+0100][gc,heap       ] GC(1383) Survivor regions: 3->3(73)
[2023-11-08T19:28:25.150+0100][gc,heap       ] GC(1383) Old regions: 89->89
[2023-11-08T19:28:25.150+0100][gc,heap       ] GC(1383) Humongous regions: 129->129
[2023-11-08T19:28:25.150+0100][gc,metaspace  ] GC(1383) Metaspace: 48311K(52224K)->48311K(52224K) NonClass: 42335K(44544K)->42335K(44544K) Class: 5975K(7680K)->5975K(7680K)
[2023-11-08T19:28:25.150+0100][gc            ] GC(1383) Pause Young (Normal) (G1 Evacuation Pause) 792M->218M(1024M) 3,955ms
[2023-11-08T19:28:25.150+0100][gc,cpu        ] GC(1383) User=0,03s Sys=0,00s Real=0,00s
[2023-11-08T19:28:28.778+0100][gc,start      ] GC(1384) Pause Young (Normal) (G1 Evacuation Pause)
[2023-11-08T19:28:28.778+0100][gc,task       ] GC(1384) Using 13 workers of 13 for evacuation
[2023-11-08T19:28:28.783+0100][gc,phases     ] GC(1384)   Pre Evacuate Collection Set: 0,0ms
[2023-11-08T19:28:28.783+0100][gc,phases     ] GC(1384)   Evacuate Collection Set: 3,8ms
[2023-11-08T19:28:28.783+0100][gc,phases     ] GC(1384)   Post Evacuate Collection Set: 0,6ms
[2023-11-08T19:28:28.783+0100][gc,phases     ] GC(1384)   Other: 0,3ms
[2023-11-08T19:28:28.783+0100][gc,heap       ] GC(1384) Eden regions: 503->0(584)
[2023-11-08T19:28:28.783+0100][gc,heap       ] GC(1384) Survivor regions: 3->4(64)
[2023-11-08T19:28:28.783+0100][gc,heap       ] GC(1384) Old regions: 89->89
[2023-11-08T19:28:28.783+0100][gc,heap       ] GC(1384) Humongous regions: 129->129
[2023-11-08T19:28:28.783+0100][gc,metaspace  ] GC(1384) Metaspace: 48311K(52224K)->48311K(52224K) NonClass: 42335K(44544K)->42335K(44544K) Class: 5975K(7680K)->5975K(7680K)
[2023-11-08T19:28:28.783+0100][gc            ] GC(1384) Pause Young (Normal) (G1 Evacuation Pause) 721M->219M(1024M) 4,950ms
[2023-11-08T19:28:28.783+0100][gc,cpu        ] GC(1384) User=0,05s Sys=0,00s Real=0,01s
[2023-11-08T19:29:18.955+0100][gc,start      ] GC(1385) Pause Young (Concurrent Start) (G1 Evacuation Pause)
[2023-11-08T19:29:18.955+0100][gc,task       ] GC(1385) Using 13 workers of 13 for evacuation
[2023-11-08T19:29:18.960+0100][gc,phases     ] GC(1385)   Pre Evacuate Collection Set: 0,3ms
[2023-11-08T19:29:18.960+0100][gc,phases     ] GC(1385)   Evacuate Collection Set: 4,1ms
[2023-11-08T19:29:18.960+0100][gc,phases     ] GC(1385)   Post Evacuate Collection Set: 0,7ms
[2023-11-08T19:29:18.960+0100][gc,phases     ] GC(1385)   Other: 0,4ms
[2023-11-08T19:29:18.960+0100][gc,heap       ] GC(1385) Eden regions: 584->0(604)
[2023-11-08T19:29:18.960+0100][gc,heap       ] GC(1385) Survivor regions: 4->2(74)
[2023-11-08T19:29:18.960+0100][gc,heap       ] GC(1385) Old regions: 89->89
[2023-11-08T19:29:18.960+0100][gc,heap       ] GC(1385) Humongous regions: 129->129
[2023-11-08T19:29:18.960+0100][gc,metaspace  ] GC(1385) Metaspace: 48311K(52224K)->48311K(52224K) NonClass: 42335K(44544K)->42335K(44544K) Class: 5975K(7680K)->5975K(7680K)
[2023-11-08T19:29:18.961+0100][gc            ] GC(1385) Pause Young (Concurrent Start) (G1 Evacuation Pause) 803M->217M(1024M) 5,536ms
[2023-11-08T19:29:18.961+0100][gc,cpu        ] GC(1385) User=0,05s Sys=0,00s Real=0,00s
[2023-11-08T19:29:18.961+0100][gc            ] GC(1386) Concurrent Cycle
[2023-11-08T19:29:18.961+0100][gc,marking    ] GC(1386) Concurrent Clear Claimed Marks
[2023-11-08T19:29:18.961+0100][gc,marking    ] GC(1386) Concurrent Clear Claimed Marks 0,306ms
[2023-11-08T19:29:18.961+0100][gc,marking    ] GC(1386) Concurrent Scan Root Regions
[2023-11-08T19:29:18.963+0100][gc,marking    ] GC(1386) Concurrent Scan Root Regions 2,448ms
[2023-11-08T19:29:18.963+0100][gc,marking    ] GC(1386) Concurrent Mark (8030,572s)
[2023-11-08T19:29:18.963+0100][gc,marking    ] GC(1386) Concurrent Mark From Roots
[2023-11-08T19:29:18.963+0100][gc,task       ] GC(1386) Using 3 workers of 3 for marking
[2023-11-08T19:29:18.981+0100][gc,marking    ] GC(1386) Concurrent Mark From Roots 17,372ms
[2023-11-08T19:29:18.981+0100][gc,marking    ] GC(1386) Concurrent Preclean
[2023-11-08T19:29:18.981+0100][gc,marking    ] GC(1386) Concurrent Preclean 0,192ms
[2023-11-08T19:29:18.981+0100][gc,marking    ] GC(1386) Concurrent Mark (8030,572s, 8030,590s) 17,621ms
[2023-11-08T19:29:18.981+0100][gc,start      ] GC(1386) Pause Remark
[2023-11-08T19:29:18.986+0100][gc,stringtable] GC(1386) Cleaned string and symbol table, strings: 18405 processed, 0 removed, symbols: 94795 processed, 0 removed
[2023-11-08T19:29:18.987+0100][gc            ] GC(1386) Pause Remark 222M->222M(1024M) 5,502ms
[2023-11-08T19:29:18.987+0100][gc,cpu        ] GC(1386) User=0,04s Sys=0,01s Real=0,01s
[2023-11-08T19:29:18.987+0100][gc,marking    ] GC(1386) Concurrent Rebuild Remembered Sets
[2023-11-08T19:29:18.998+0100][gc,marking    ] GC(1386) Concurrent Rebuild Remembered Sets 11,390ms
[2023-11-08T19:29:18.998+0100][gc,start      ] GC(1386) Pause Cleanup
[2023-11-08T19:29:18.998+0100][gc            ] GC(1386) Pause Cleanup 222M->222M(1024M) 0,189ms
[2023-11-08T19:29:18.998+0100][gc,cpu        ] GC(1386) User=0,00s Sys=0,00s Real=0,00s
[2023-11-08T19:29:18.998+0100][gc,marking    ] GC(1386) Concurrent Cleanup for Next Mark
[2023-11-08T19:29:19.001+0100][gc,marking    ] GC(1386) Concurrent Cleanup for Next Mark 2,174ms
[2023-11-08T19:29:19.001+0100][gc            ] GC(1386) Concurrent Cycle 40,168ms
[2023-11-08T19:29:19.334+0100][gc,start      ] GC(1387) Pause Young (Prepare Mixed) (G1 Evacuation Pause)
[2023-11-08T19:29:19.334+0100][gc,task       ] GC(1387) Using 13 workers of 13 for evacuation
[2023-11-08T19:29:19.340+0100][gc,phases     ] GC(1387)   Pre Evacuate Collection Set: 0,0ms
[2023-11-08T19:29:19.340+0100][gc,phases     ] GC(1387)   Evacuate Collection Set: 4,6ms
[2023-11-08T19:29:19.340+0100][gc,phases     ] GC(1387)   Post Evacuate Collection Set: 0,6ms
[2023-11-08T19:29:19.340+0100][gc,phases     ] GC(1387)   Other: 0,3ms
[2023-11-08T19:29:19.340+0100][gc,heap       ] GC(1387) Eden regions: 49->0(49)
[2023-11-08T19:29:19.340+0100][gc,heap       ] GC(1387) Survivor regions: 2->2(7)
[2023-11-08T19:29:19.340+0100][gc,heap       ] GC(1387) Old regions: 89->89
[2023-11-08T19:29:19.340+0100][gc,heap       ] GC(1387) Humongous regions: 129->129
[2023-11-08T19:29:19.340+0100][gc,metaspace  ] GC(1387) Metaspace: 48311K(52224K)->48311K(52224K) NonClass: 42335K(44544K)->42335K(44544K) Class: 5975K(7680K)->5975K(7680K)
[2023-11-08T19:29:19.340+0100][gc            ] GC(1387) Pause Young (Prepare Mixed) (G1 Evacuation Pause) 266M->217M(1024M) 5,603ms
[2023-11-08T19:29:19.340+0100][gc,cpu        ] GC(1387) User=0,04s Sys=0,00s Real=0,01s
[2023-11-08T19:29:19.671+0100][gc,start      ] GC(1388) Pause Young (Mixed) (G1 Evacuation Pause)
[2023-11-08T19:29:19.671+0100][gc,task       ] GC(1388) Using 13 workers of 13 for evacuation
[2023-11-08T19:29:19.675+0100][gc,phases     ] GC(1388)   Pre Evacuate Collection Set: 0,0ms
[2023-11-08T19:29:19.675+0100][gc,phases     ] GC(1388)   Evacuate Collection Set: 3,4ms
[2023-11-08T19:29:19.675+0100][gc,phases     ] GC(1388)   Post Evacuate Collection Set: 0,6ms
[2023-11-08T19:29:19.675+0100][gc,phases     ] GC(1388)   Other: 0,3ms
[2023-11-08T19:29:19.675+0100][gc,heap       ] GC(1388) Eden regions: 49->0(157)
[2023-11-08T19:29:19.675+0100][gc,heap       ] GC(1388) Survivor regions: 2->2(7)
[2023-11-08T19:29:19.675+0100][gc,heap       ] GC(1388) Old regions: 89->79
[2023-11-08T19:29:19.675+0100][gc,heap       ] GC(1388) Humongous regions: 129->129
[2023-11-08T19:29:19.675+0100][gc,metaspace  ] GC(1388) Metaspace: 48311K(52224K)->48311K(52224K) NonClass: 42335K(44544K)->42335K(44544K) Class: 5975K(7680K)->5975K(7680K)
[2023-11-08T19:29:19.675+0100][gc            ] GC(1388) Pause Young (Mixed) (G1 Evacuation Pause) 266M->208M(1024M) 4,513ms
[2023-11-08T19:29:19.675+0100][gc,cpu        ] GC(1388) User=0,02s Sys=0,02s Real=0,01s
[2023-11-08T19:29:20.713+0100][gc,start      ] GC(1389) Pause Young (Normal) (G1 Evacuation Pause)
[2023-11-08T19:29:20.713+0100][gc,task       ] GC(1389) Using 13 workers of 13 for evacuation
[2023-11-08T19:29:20.716+0100][gc,phases     ] GC(1389)   Pre Evacuate Collection Set: 0,0ms
[2023-11-08T19:29:20.716+0100][gc,phases     ] GC(1389)   Evacuate Collection Set: 2,6ms
[2023-11-08T19:29:20.716+0100][gc,phases     ] GC(1389)   Post Evacuate Collection Set: 0,5ms
[2023-11-08T19:29:20.716+0100][gc,phases     ] GC(1389)   Other: 0,2ms
[2023-11-08T19:29:20.716+0100][gc,heap       ] GC(1389) Eden regions: 157->0(190)
[2023-11-08T19:29:20.716+0100][gc,heap       ] GC(1389) Survivor regions: 2->3(20)
[2023-11-08T19:29:20.716+0100][gc,heap       ] GC(1389) Old regions: 79->79
[2023-11-08T19:29:20.716+0100][gc,heap       ] GC(1389) Humongous regions: 129->129
[2023-11-08T19:29:20.716+0100][gc,metaspace  ] GC(1389) Metaspace: 48311K(52224K)->48311K(52224K) NonClass: 42335K(44544K)->42335K(44544K) Class: 5975K(7680K)->5975K(7680K)
[2023-11-08T19:29:20.716+0100][gc            ] GC(1389) Pause Young (Normal) (G1 Evacuation Pause) 365M->208M(1024M) 3,563ms
[2023-11-08T19:29:20.716+0100][gc,cpu        ] GC(1389) User=0,03s Sys=0,00s Real=0,01s
[2023-11-08T19:29:21.828+0100][gc,start      ] GC(1390) Pause Young (Normal) (G1 Evacuation Pause)
[2023-11-08T19:29:21.828+0100][gc,task       ] GC(1390) Using 13 workers of 13 for evacuation
[2023-11-08T19:29:21.831+0100][gc,phases     ] GC(1390)   Pre Evacuate Collection Set: 0,0ms
[2023-11-08T19:29:21.831+0100][gc,phases     ] GC(1390)   Evacuate Collection Set: 2,4ms
[2023-11-08T19:29:21.831+0100][gc,phases     ] GC(1390)   Post Evacuate Collection Set: 0,6ms
[2023-11-08T19:29:21.831+0100][gc,phases     ] GC(1390)   Other: 0,3ms
[2023-11-08T19:29:21.831+0100][gc,heap       ] GC(1390) Eden regions: 190->0(230)
[2023-11-08T19:29:21.831+0100][gc,heap       ] GC(1390) Survivor regions: 3->3(25)
[2023-11-08T19:29:21.831+0100][gc,heap       ] GC(1390) Old regions: 79->79
[2023-11-08T19:29:21.831+0100][gc,heap       ] GC(1390) Humongous regions: 129->129
[2023-11-08T19:29:21.831+0100][gc,metaspace  ] GC(1390) Metaspace: 48311K(52224K)->48311K(52224K) NonClass: 42335K(44544K)->42335K(44544K) Class: 5975K(7680K)->5975K(7680K)
[2023-11-08T19:29:21.831+0100][gc            ] GC(1390) Pause Young (Normal) (G1 Evacuation Pause) 398M->208M(1024M) 3,480ms
[2023-11-08T19:29:21.831+0100][gc,cpu        ] GC(1390) User=0,02s Sys=0,02s Real=0,00s
[2023-11-08T19:29:23.307+0100][gc,start      ] GC(1391) Pause Young (Normal) (G1 Evacuation Pause)
[2023-11-08T19:29:23.307+0100][gc,task       ] GC(1391) Using 13 workers of 13 for evacuation
[2023-11-08T19:29:23.310+0100][gc,phases     ] GC(1391)   Pre Evacuate Collection Set: 0,0ms
[2023-11-08T19:29:23.310+0100][gc,phases     ] GC(1391)   Evacuate Collection Set: 2,6ms
[2023-11-08T19:29:23.310+0100][gc,phases     ] GC(1391)   Post Evacuate Collection Set: 0,6ms
[2023-11-08T19:29:23.310+0100][gc,phases     ] GC(1391)   Other: 0,3ms
[2023-11-08T19:29:23.310+0100][gc,heap       ] GC(1391) Eden regions: 230->0(275)
[2023-11-08T19:29:23.310+0100][gc,heap       ] GC(1391) Survivor regions: 3->3(30)
[2023-11-08T19:29:23.310+0100][gc,heap       ] GC(1391) Old regions: 79->79
[2023-11-08T19:29:23.310+0100][gc,heap       ] GC(1391) Humongous regions: 129->129
[2023-11-08T19:29:23.310+0100][gc,metaspace  ] GC(1391) Metaspace: 48311K(52224K)->48311K(52224K) NonClass: 42335K(44544K)->42335K(44544K) Class: 5975K(7680K)->5975K(7680K)
[2023-11-08T19:29:23.310+0100][gc            ] GC(1391) Pause Young (Normal) (G1 Evacuation Pause) 438M->209M(1024M) 3,794ms
[2023-11-08T19:29:23.310+0100][gc,cpu        ] GC(1391) User=0,01s Sys=0,02s Real=0,00s
[2023-11-08T19:29:25.026+0100][gc,start      ] GC(1392) Pause Young (Normal) (G1 Evacuation Pause)
[2023-11-08T19:29:25.026+0100][gc,task       ] GC(1392) Using 13 workers of 13 for evacuation
[2023-11-08T19:29:25.031+0100][gc,phases     ] GC(1392)   Pre Evacuate Collection Set: 0,1ms
[2023-11-08T19:29:25.031+0100][gc,phases     ] GC(1392)   Evacuate Collection Set: 4,2ms
[2023-11-08T19:29:25.031+0100][gc,phases     ] GC(1392)   Post Evacuate Collection Set: 0,8ms
[2023-11-08T19:29:25.031+0100][gc,phases     ] GC(1392)   Other: 0,5ms
[2023-11-08T19:29:25.031+0100][gc,heap       ] GC(1392) Eden regions: 275->0(304)
[2023-11-08T19:29:25.031+0100][gc,heap       ] GC(1392) Survivor regions: 3->3(35)
[2023-11-08T19:29:25.031+0100][gc,heap       ] GC(1392) Old regions: 79->79
[2023-11-08T19:29:25.031+0100][gc,heap       ] GC(1392) Humongous regions: 129->129
[2023-11-08T19:29:25.031+0100][gc,metaspace  ] GC(1392) Metaspace: 48311K(52224K)->48311K(52224K) NonClass: 42335K(44544K)->42335K(44544K) Class: 5975K(7680K)->5975K(7680K)
[2023-11-08T19:29:25.032+0100][gc            ] GC(1392) Pause Young (Normal) (G1 Evacuation Pause) 484M->209M(1024M) 5,706ms
[2023-11-08T19:29:25.032+0100][gc,cpu        ] GC(1392) User=0,05s Sys=0,00s Real=0,00s
[2023-11-08T19:29:26.897+0100][gc,start      ] GC(1393) Pause Young (Normal) (G1 Evacuation Pause)
[2023-11-08T19:29:26.897+0100][gc,task       ] GC(1393) Using 13 workers of 13 for evacuation
[2023-11-08T19:29:26.901+0100][gc,phases     ] GC(1393)   Pre Evacuate Collection Set: 0,0ms
[2023-11-08T19:29:26.901+0100][gc,phases     ] GC(1393)   Evacuate Collection Set: 3,1ms
[2023-11-08T19:29:26.901+0100][gc,phases     ] GC(1393)   Post Evacuate Collection Set: 0,6ms
[2023-11-08T19:29:26.901+0100][gc,phases     ] GC(1393)   Other: 0,3ms
[2023-11-08T19:29:26.901+0100][gc,heap       ] GC(1393) Eden regions: 304->0(329)
[2023-11-08T19:29:26.902+0100][gc,heap       ] GC(1393) Survivor regions: 3->4(39)
[2023-11-08T19:29:26.902+0100][gc,heap       ] GC(1393) Old regions: 79->79
[2023-11-08T19:29:26.902+0100][gc,heap       ] GC(1393) Humongous regions: 129->129
[2023-11-08T19:29:26.902+0100][gc,metaspace  ] GC(1393) Metaspace: 48311K(52224K)->48311K(52224K) NonClass: 42335K(44544K)->42335K(44544K) Class: 5975K(7680K)->5975K(7680K)
[2023-11-08T19:29:26.902+0100][gc            ] GC(1393) Pause Young (Normal) (G1 Evacuation Pause) 513M->209M(1024M) 4,237ms
[2023-11-08T19:29:26.902+0100][gc,cpu        ] GC(1393) User=0,04s Sys=0,00s Real=0,00s
[2023-11-08T19:29:28.883+0100][gc,start      ] GC(1394) Pause Young (Normal) (G1 Evacuation Pause)
[2023-11-08T19:29:28.883+0100][gc,task       ] GC(1394) Using 13 workers of 13 for evacuation
[2023-11-08T19:29:28.887+0100][gc,phases     ] GC(1394)   Pre Evacuate Collection Set: 0,0ms
[2023-11-08T19:29:28.887+0100][gc,phases     ] GC(1394)   Evacuate Collection Set: 2,9ms
[2023-11-08T19:29:28.887+0100][gc,phases     ] GC(1394)   Post Evacuate Collection Set: 0,7ms
[2023-11-08T19:29:28.887+0100][gc,phases     ] GC(1394)   Other: 0,3ms
[2023-11-08T19:29:28.887+0100][gc,heap       ] GC(1394) Eden regions: 329->0(359)
[2023-11-08T19:29:28.887+0100][gc,heap       ] GC(1394) Survivor regions: 4->4(42)
[2023-11-08T19:29:28.887+0100][gc,heap       ] GC(1394) Old regions: 79->79
[2023-11-08T19:29:28.887+0100][gc,heap       ] GC(1394) Humongous regions: 129->129
[2023-11-08T19:29:28.887+0100][gc,metaspace  ] GC(1394) Metaspace: 48311K(52224K)->48311K(52224K) NonClass: 42335K(44544K)->42335K(44544K) Class: 5975K(7680K)->5975K(7680K)
[2023-11-08T19:29:28.887+0100][gc            ] GC(1394) Pause Young (Normal) (G1 Evacuation Pause) 538M->210M(1024M) 4,116ms
[2023-11-08T19:29:28.887+0100][gc,cpu        ] GC(1394) User=0,02s Sys=0,02s Real=0,00s
[2023-11-08T19:29:31.012+0100][gc,start      ] GC(1395) Pause Young (Normal) (G1 Evacuation Pause)
[2023-11-08T19:29:31.012+0100][gc,task       ] GC(1395) Using 13 workers of 13 for evacuation
[2023-11-08T19:29:31.016+0100][gc,phases     ] GC(1395)   Pre Evacuate Collection Set: 0,0ms
[2023-11-08T19:29:31.016+0100][gc,phases     ] GC(1395)   Evacuate Collection Set: 3,7ms
[2023-11-08T19:29:31.016+0100][gc,phases     ] GC(1395)   Post Evacuate Collection Set: 0,6ms
[2023-11-08T19:29:31.017+0100][gc,phases     ] GC(1395)   Other: 0,3ms
[2023-11-08T19:29:31.017+0100][gc,heap       ] GC(1395) Eden regions: 359->0(392)
[2023-11-08T19:29:31.017+0100][gc,heap       ] GC(1395) Survivor regions: 4->4(46)
[2023-11-08T19:29:31.017+0100][gc,heap       ] GC(1395) Old regions: 79->79
[2023-11-08T19:29:31.017+0100][gc,heap       ] GC(1395) Humongous regions: 129->129
[2023-11-08T19:29:31.017+0100][gc,metaspace  ] GC(1395) Metaspace: 48311K(52224K)->48311K(52224K) NonClass: 42335K(44544K)->42335K(44544K) Class: 5975K(7680K)->5975K(7680K)
[2023-11-08T19:29:31.017+0100][gc            ] GC(1395) Pause Young (Normal) (G1 Evacuation Pause) 569M->210M(1024M) 4,734ms
[2023-11-08T19:29:31.017+0100][gc,cpu        ] GC(1395) User=0,04s Sys=0,01s Real=0,01s
[2023-11-08T19:29:33.325+0100][gc,start      ] GC(1396) Pause Young (Normal) (G1 Evacuation Pause)
[2023-11-08T19:29:33.325+0100][gc,task       ] GC(1396) Using 13 workers of 13 for evacuation
[2023-11-08T19:29:33.330+0100][gc,phases     ] GC(1396)   Pre Evacuate Collection Set: 0,0ms
[2023-11-08T19:29:33.330+0100][gc,phases     ] GC(1396)   Evacuate Collection Set: 4,0ms
[2023-11-08T19:29:33.330+0100][gc,phases     ] GC(1396)   Post Evacuate Collection Set: 0,7ms
[2023-11-08T19:29:33.330+0100][gc,phases     ] GC(1396)   Other: 0,3ms
[2023-11-08T19:29:33.330+0100][gc,heap       ] GC(1396) Eden regions: 392->0(413)
[2023-11-08T19:29:33.330+0100][gc,heap       ] GC(1396) Survivor regions: 4->5(50)
[2023-11-08T19:29:33.330+0100][gc,heap       ] GC(1396) Old regions: 79->80
[2023-11-08T19:29:33.330+0100][gc,heap       ] GC(1396) Humongous regions: 129->129
[2023-11-08T19:29:33.330+0100][gc,metaspace  ] GC(1396) Metaspace: 48311K(52224K)->48311K(52224K) NonClass: 42335K(44544K)->42335K(44544K) Class: 5975K(7680K)->5975K(7680K)
[2023-11-08T19:29:33.330+0100][gc            ] GC(1396) Pause Young (Normal) (G1 Evacuation Pause) 602M->211M(1024M) 5,246ms
[2023-11-08T19:29:33.330+0100][gc,cpu        ] GC(1396) User=0,05s Sys=0,00s Real=0,00s
[2023-11-08T19:29:35.775+0100][gc,start      ] GC(1397) Pause Young (Normal) (G1 Evacuation Pause)
[2023-11-08T19:29:35.775+0100][gc,task       ] GC(1397) Using 13 workers of 13 for evacuation
[2023-11-08T19:29:35.782+0100][gc,phases     ] GC(1397)   Pre Evacuate Collection Set: 0,0ms
[2023-11-08T19:29:35.782+0100][gc,phases     ] GC(1397)   Evacuate Collection Set: 5,5ms
[2023-11-08T19:29:35.782+0100][gc,phases     ] GC(1397)   Post Evacuate Collection Set: 0,8ms
[2023-11-08T19:29:35.782+0100][gc,phases     ] GC(1397)   Other: 0,3ms
[2023-11-08T19:29:35.782+0100][gc,heap       ] GC(1397) Eden regions: 413->0(432)
[2023-11-08T19:29:35.782+0100][gc,heap       ] GC(1397) Survivor regions: 5->7(53)
[2023-11-08T19:29:35.782+0100][gc,heap       ] GC(1397) Old regions: 80->80
[2023-11-08T19:29:35.782+0100][gc,heap       ] GC(1397) Humongous regions: 129->129
[2023-11-08T19:29:35.782+0100][gc,metaspace  ] GC(1397) Metaspace: 48311K(52224K)->48311K(52224K) NonClass: 42335K(44544K)->42335K(44544K) Class: 5975K(7680K)->5975K(7680K)
[2023-11-08T19:29:35.782+0100][gc            ] GC(1397) Pause Young (Normal) (G1 Evacuation Pause) 624M->212M(1024M) 6,962ms
[2023-11-08T19:29:35.782+0100][gc,cpu        ] GC(1397) User=0,04s Sys=0,01s Real=0,00s
[2023-11-08T19:29:38.343+0100][gc,start      ] GC(1398) Pause Young (Normal) (G1 Evacuation Pause)
[2023-11-08T19:29:38.343+0100][gc,task       ] GC(1398) Using 13 workers of 13 for evacuation
[2023-11-08T19:29:38.348+0100][gc,phases     ] GC(1398)   Pre Evacuate Collection Set: 0,0ms
[2023-11-08T19:29:38.349+0100][gc,phases     ] GC(1398)   Evacuate Collection Set: 4,8ms
[2023-11-08T19:29:38.349+0100][gc,phases     ] GC(1398)   Post Evacuate Collection Set: 0,7ms
[2023-11-08T19:29:38.349+0100][gc,phases     ] GC(1398)   Other: 0,3ms
[2023-11-08T19:29:38.349+0100][gc,heap       ] GC(1398) Eden regions: 432->0(454)
[2023-11-08T19:29:38.349+0100][gc,heap       ] GC(1398) Survivor regions: 7->8(55)
[2023-11-08T19:29:38.349+0100][gc,heap       ] GC(1398) Old regions: 80->80
[2023-11-08T19:29:38.349+0100][gc,heap       ] GC(1398) Humongous regions: 129->129
[2023-11-08T19:29:38.349+0100][gc,metaspace  ] GC(1398) Metaspace: 48311K(52224K)->48311K(52224K) NonClass: 42335K(44544K)->42335K(44544K) Class: 5975K(7680K)->5975K(7680K)
[2023-11-08T19:29:38.349+0100][gc            ] GC(1398) Pause Young (Normal) (G1 Evacuation Pause) 644M->214M(1024M) 6,027ms
[2023-11-08T19:29:38.349+0100][gc,cpu        ] GC(1398) User=0,04s Sys=0,01s Real=0,00s
[2023-11-08T19:29:41.025+0100][gc,start      ] GC(1399) Pause Young (Normal) (G1 Evacuation Pause)
[2023-11-08T19:29:41.025+0100][gc,task       ] GC(1399) Using 13 workers of 13 for evacuation
[2023-11-08T19:29:41.030+0100][gc,phases     ] GC(1399)   Pre Evacuate Collection Set: 0,0ms
[2023-11-08T19:29:41.031+0100][gc,phases     ] GC(1399)   Evacuate Collection Set: 4,3ms
[2023-11-08T19:29:41.031+0100][gc,phases     ] GC(1399)   Post Evacuate Collection Set: 0,6ms
[2023-11-08T19:29:41.031+0100][gc,phases     ] GC(1399)   Other: 0,2ms
[2023-11-08T19:29:41.031+0100][gc,heap       ] GC(1399) Eden regions: 454->0(482)
[2023-11-08T19:29:41.031+0100][gc,heap       ] GC(1399) Survivor regions: 8->8(58)
[2023-11-08T19:29:41.031+0100][gc,heap       ] GC(1399) Old regions: 80->80
[2023-11-08T19:29:41.031+0100][gc,heap       ] GC(1399) Humongous regions: 129->129
[2023-11-08T19:29:41.031+0100][gc,metaspace  ] GC(1399) Metaspace: 48312K(52224K)->48312K(52224K) NonClass: 42336K(44544K)->42336K(44544K) Class: 5975K(7680K)->5975K(7680K)
[2023-11-08T19:29:41.031+0100][gc            ] GC(1399) Pause Young (Normal) (G1 Evacuation Pause) 668M->215M(1024M) 5,224ms
[2023-11-08T19:29:41.031+0100][gc,cpu        ] GC(1399) User=0,06s Sys=0,00s Real=0,00s
[2023-11-08T19:29:43.908+0100][gc,start      ] GC(1400) Pause Young (Normal) (G1 Evacuation Pause)
[2023-11-08T19:29:43.908+0100][gc,task       ] GC(1400) Using 13 workers of 13 for evacuation
[2023-11-08T19:29:43.915+0100][gc,phases     ] GC(1400)   Pre Evacuate Collection Set: 0,0ms
[2023-11-08T19:29:43.915+0100][gc,phases     ] GC(1400)   Evacuate Collection Set: 6,4ms
[2023-11-08T19:29:43.915+0100][gc,phases     ] GC(1400)   Post Evacuate Collection Set: 0,6ms
[2023-11-08T19:29:43.915+0100][gc,phases     ] GC(1400)   Other: 0,3ms
[2023-11-08T19:29:43.915+0100][gc,heap       ] GC(1400) Eden regions: 482->0(503)
[2023-11-08T19:29:43.915+0100][gc,heap       ] GC(1400) Survivor regions: 8->10(62)
[2023-11-08T19:29:43.915+0100][gc,heap       ] GC(1400) Old regions: 80->80
[2023-11-08T19:29:43.915+0100][gc,heap       ] GC(1400) Humongous regions: 129->129
[2023-11-08T19:29:43.915+0100][gc,metaspace  ] GC(1400) Metaspace: 48312K(52224K)->48312K(52224K) NonClass: 42336K(44544K)->42336K(44544K) Class: 5975K(7680K)->5975K(7680K)
[2023-11-08T19:29:43.915+0100][gc            ] GC(1400) Pause Young (Normal) (G1 Evacuation Pause) 697M->216M(1024M) 7,375ms
[2023-11-08T19:29:43.915+0100][gc,cpu        ] GC(1400) User=0,05s Sys=0,02s Real=0,01s
[2023-11-08T19:29:46.865+0100][gc,start      ] GC(1401) Pause Young (Normal) (G1 Evacuation Pause)
[2023-11-08T19:29:46.865+0100][gc,task       ] GC(1401) Using 13 workers of 13 for evacuation
[2023-11-08T19:29:46.872+0100][gc,phases     ] GC(1401)   Pre Evacuate Collection Set: 0,0ms
[2023-11-08T19:29:46.872+0100][gc,phases     ] GC(1401)   Evacuate Collection Set: 5,3ms
[2023-11-08T19:29:46.872+0100][gc,phases     ] GC(1401)   Post Evacuate Collection Set: 0,7ms
[2023-11-08T19:29:46.872+0100][gc,phases     ] GC(1401)   Other: 0,3ms
[2023-11-08T19:29:46.872+0100][gc,heap       ] GC(1401) Eden regions: 503->0(532)
[2023-11-08T19:29:46.872+0100][gc,heap       ] GC(1401) Survivor regions: 10->10(65)
[2023-11-08T19:29:46.872+0100][gc,heap       ] GC(1401) Old regions: 80->81
[2023-11-08T19:29:46.872+0100][gc,heap       ] GC(1401) Humongous regions: 129->129
[2023-11-08T19:29:46.872+0100][gc,metaspace  ] GC(1401) Metaspace: 48312K(52224K)->48312K(52224K) NonClass: 42336K(44544K)->42336K(44544K) Class: 5975K(7680K)->5975K(7680K)
[2023-11-08T19:29:46.872+0100][gc            ] GC(1401) Pause Young (Normal) (G1 Evacuation Pause) 719M->217M(1024M) 6,309ms
[2023-11-08T19:29:46.872+0100][gc,cpu        ] GC(1401) User=0,04s Sys=0,02s Real=0,00s
[2023-11-08T19:29:50.009+0100][gc,start      ] GC(1402) Pause Young (Concurrent Start) (G1 Evacuation Pause)
[2023-11-08T19:29:50.009+0100][gc,task       ] GC(1402) Using 13 workers of 13 for evacuation
[2023-11-08T19:29:50.017+0100][gc,phases     ] GC(1402)   Pre Evacuate Collection Set: 0,3ms
[2023-11-08T19:29:50.017+0100][gc,phases     ] GC(1402)   Evacuate Collection Set: 6,4ms
[2023-11-08T19:29:50.017+0100][gc,phases     ] GC(1402)   Post Evacuate Collection Set: 0,7ms
[2023-11-08T19:29:50.017+0100][gc,phases     ] GC(1402)   Other: 0,3ms
[2023-11-08T19:29:50.017+0100][gc,heap       ] GC(1402) Eden regions: 532->0(550)
[2023-11-08T19:29:50.017+0100][gc,heap       ] GC(1402) Survivor regions: 10->12(68)
[2023-11-08T19:29:50.017+0100][gc,heap       ] GC(1402) Old regions: 81->81
[2023-11-08T19:29:50.017+0100][gc,heap       ] GC(1402) Humongous regions: 129->129
[2023-11-08T19:29:50.017+0100][gc,metaspace  ] GC(1402) Metaspace: 48312K(52224K)->48312K(52224K) NonClass: 42336K(44544K)->42336K(44544K) Class: 5975K(7680K)->5975K(7680K)
[2023-11-08T19:29:50.017+0100][gc            ] GC(1402) Pause Young (Concurrent Start) (G1 Evacuation Pause) 749M->219M(1024M) 7,796ms
[2023-11-08T19:29:50.017+0100][gc,cpu        ] GC(1402) User=0,07s Sys=0,00s Real=0,01s
[2023-11-08T19:29:50.017+0100][gc            ] GC(1403) Concurrent Cycle
[2023-11-08T19:29:50.017+0100][gc,marking    ] GC(1403) Concurrent Clear Claimed Marks
[2023-11-08T19:29:50.017+0100][gc,marking    ] GC(1403) Concurrent Clear Claimed Marks 0,314ms
[2023-11-08T19:29:50.017+0100][gc,marking    ] GC(1403) Concurrent Scan Root Regions
[2023-11-08T19:29:50.021+0100][gc,marking    ] GC(1403) Concurrent Scan Root Regions 3,556ms
[2023-11-08T19:29:50.021+0100][gc,marking    ] GC(1403) Concurrent Mark (8061,629s)
[2023-11-08T19:29:50.021+0100][gc,marking    ] GC(1403) Concurrent Mark From Roots
[2023-11-08T19:29:50.021+0100][gc,task       ] GC(1403) Using 3 workers of 3 for marking
[2023-11-08T19:29:50.037+0100][gc,marking    ] GC(1403) Concurrent Mark From Roots 16,084ms
[2023-11-08T19:29:50.037+0100][gc,marking    ] GC(1403) Concurrent Preclean
[2023-11-08T19:29:50.037+0100][gc,marking    ] GC(1403) Concurrent Preclean 0,165ms
[2023-11-08T19:29:50.037+0100][gc,marking    ] GC(1403) Concurrent Mark (8061,629s, 8061,646s) 16,300ms
[2023-11-08T19:29:50.037+0100][gc,start      ] GC(1403) Pause Remark
[2023-11-08T19:29:50.041+0100][gc,stringtable] GC(1403) Cleaned string and symbol table, strings: 18405 processed, 0 removed, symbols: 94795 processed, 0 removed
[2023-11-08T19:29:50.041+0100][gc            ] GC(1403) Pause Remark 225M->225M(1024M) 3,635ms
[2023-11-08T19:29:50.041+0100][gc,cpu        ] GC(1403) User=0,04s Sys=0,00s Real=0,00s
[2023-11-08T19:29:50.041+0100][gc,marking    ] GC(1403) Concurrent Rebuild Remembered Sets
[2023-11-08T19:29:50.051+0100][gc,marking    ] GC(1403) Concurrent Rebuild Remembered Sets 10,382ms
[2023-11-08T19:29:50.051+0100][gc,start      ] GC(1403) Pause Cleanup
[2023-11-08T19:29:50.052+0100][gc            ] GC(1403) Pause Cleanup 225M->225M(1024M) 0,234ms
[2023-11-08T19:29:50.052+0100][gc,cpu        ] GC(1403) User=0,00s Sys=0,00s Real=0,00s
[2023-11-08T19:29:50.052+0100][gc,marking    ] GC(1403) Concurrent Cleanup for Next Mark
[2023-11-08T19:29:50.053+0100][gc,marking    ] GC(1403) Concurrent Cleanup for Next Mark 1,598ms
[2023-11-08T19:29:50.053+0100][gc            ] GC(1403) Concurrent Cycle 36,706ms
[2023-11-08T19:29:52.542+0100][gc,start      ] GC(1404) Pause Young (Prepare Mixed) (G1 Evacuation Pause)
[2023-11-08T19:29:52.542+0100][gc,task       ] GC(1404) Using 13 workers of 13 for evacuation
[2023-11-08T19:29:52.550+0100][gc,phases     ] GC(1404)   Pre Evacuate Collection Set: 0,0ms
[2023-11-08T19:29:52.550+0100][gc,phases     ] GC(1404)   Evacuate Collection Set: 6,6ms
[2023-11-08T19:29:52.550+0100][gc,phases     ] GC(1404)   Post Evacuate Collection Set: 0,6ms
[2023-11-08T19:29:52.550+0100][gc,phases     ] GC(1404)   Other: 0,3ms
[2023-11-08T19:29:52.550+0100][gc,heap       ] GC(1404) Eden regions: 427->0(39)
[2023-11-08T19:29:52.550+0100][gc,heap       ] GC(1404) Survivor regions: 12->12(55)
[2023-11-08T19:29:52.550+0100][gc,heap       ] GC(1404) Old regions: 81->81
[2023-11-08T19:29:52.550+0100][gc,heap       ] GC(1404) Humongous regions: 129->129
[2023-11-08T19:29:52.550+0100][gc,metaspace  ] GC(1404) Metaspace: 48312K(52224K)->48312K(52224K) NonClass: 42336K(44544K)->42336K(44544K) Class: 5975K(7680K)->5975K(7680K)
[2023-11-08T19:29:52.550+0100][gc            ] GC(1404) Pause Young (Prepare Mixed) (G1 Evacuation Pause) 646M->220M(1024M) 7,594ms
[2023-11-08T19:29:52.550+0100][gc,cpu        ] GC(1404) User=0,08s Sys=0,01s Real=0,01s
[2023-11-08T19:29:52.774+0100][gc,start      ] GC(1405) Pause Young (Mixed) (G1 Evacuation Pause)
[2023-11-08T19:29:52.774+0100][gc,task       ] GC(1405) Using 13 workers of 13 for evacuation
[2023-11-08T19:29:52.780+0100][gc,phases     ] GC(1405)   Pre Evacuate Collection Set: 0,0ms
[2023-11-08T19:29:52.780+0100][gc,phases     ] GC(1405)   Evacuate Collection Set: 5,5ms
[2023-11-08T19:29:52.780+0100][gc,phases     ] GC(1405)   Post Evacuate Collection Set: 0,5ms
[2023-11-08T19:29:52.781+0100][gc,phases     ] GC(1405)   Other: 0,2ms
[2023-11-08T19:29:52.781+0100][gc,heap       ] GC(1405) Eden regions: 39->0(592)
[2023-11-08T19:29:52.781+0100][gc,heap       ] GC(1405) Survivor regions: 12->4(7)
[2023-11-08T19:29:52.781+0100][gc,heap       ] GC(1405) Old regions: 81->88
[2023-11-08T19:29:52.781+0100][gc,heap       ] GC(1405) Humongous regions: 129->129
[2023-11-08T19:29:52.781+0100][gc,metaspace  ] GC(1405) Metaspace: 48312K(52224K)->48312K(52224K) NonClass: 42336K(44544K)->42336K(44544K) Class: 5975K(7680K)->5975K(7680K)
[2023-11-08T19:29:52.781+0100][gc            ] GC(1405) Pause Young (Mixed) (G1 Evacuation Pause) 259M->218M(1024M) 6,310ms
[2023-11-08T19:29:52.781+0100][gc,cpu        ] GC(1405) User=0,07s Sys=0,00s Real=0,01s
[2023-11-08T19:29:56.248+0100][gc,start      ] GC(1406) Pause Young (Normal) (G1 Evacuation Pause)
[2023-11-08T19:29:56.248+0100][gc,task       ] GC(1406) Using 13 workers of 13 for evacuation
[2023-11-08T19:29:56.253+0100][gc,phases     ] GC(1406)   Pre Evacuate Collection Set: 0,0ms
[2023-11-08T19:29:56.253+0100][gc,phases     ] GC(1406)   Evacuate Collection Set: 3,7ms
[2023-11-08T19:29:56.253+0100][gc,phases     ] GC(1406)   Post Evacuate Collection Set: 0,6ms
[2023-11-08T19:29:56.253+0100][gc,phases     ] GC(1406)   Other: 0,3ms
[2023-11-08T19:29:56.253+0100][gc,heap       ] GC(1406) Eden regions: 592->0(605)
[2023-11-08T19:29:56.253+0100][gc,heap       ] GC(1406) Survivor regions: 4->5(75)
[2023-11-08T19:29:56.253+0100][gc,heap       ] GC(1406) Old regions: 88->88
[2023-11-08T19:29:56.253+0100][gc,heap       ] GC(1406) Humongous regions: 129->129
[2023-11-08T19:29:56.253+0100][gc,metaspace  ] GC(1406) Metaspace: 48312K(52224K)->48312K(52224K) NonClass: 42336K(44544K)->42336K(44544K) Class: 5975K(7680K)->5975K(7680K)
[2023-11-08T19:29:56.253+0100][gc            ] GC(1406) Pause Young (Normal) (G1 Evacuation Pause) 810M->219M(1024M) 4,773ms
[2023-11-08T19:29:56.253+0100][gc,cpu        ] GC(1406) User=0,04s Sys=0,00s Real=0,00s
[2023-11-08T19:29:59.835+0100][gc,start      ] GC(1407) Pause Young (Normal) (G1 Evacuation Pause)
[2023-11-08T19:29:59.835+0100][gc,task       ] GC(1407) Using 13 workers of 13 for evacuation
[2023-11-08T19:29:59.839+0100][gc,phases     ] GC(1407)   Pre Evacuate Collection Set: 0,0ms
[2023-11-08T19:29:59.839+0100][gc,phases     ] GC(1407)   Evacuate Collection Set: 3,3ms
[2023-11-08T19:29:59.839+0100][gc,phases     ] GC(1407)   Post Evacuate Collection Set: 0,6ms
[2023-11-08T19:29:59.839+0100][gc,phases     ] GC(1407)   Other: 0,2ms
[2023-11-08T19:29:59.839+0100][gc,heap       ] GC(1407) Eden regions: 605->0(608)
[2023-11-08T19:29:59.839+0100][gc,heap       ] GC(1407) Survivor regions: 5->6(77)
[2023-11-08T19:29:59.839+0100][gc,heap       ] GC(1407) Old regions: 88->88
[2023-11-08T19:29:59.839+0100][gc,heap       ] GC(1407) Humongous regions: 129->129
[2023-11-08T19:29:59.839+0100][gc,metaspace  ] GC(1407) Metaspace: 48312K(52224K)->48312K(52224K) NonClass: 42336K(44544K)->42336K(44544K) Class: 5975K(7680K)->5975K(7680K)
[2023-11-08T19:29:59.839+0100][gc            ] GC(1407) Pause Young (Normal) (G1 Evacuation Pause) 824M->220M(1024M) 4,232ms
[2023-11-08T19:29:59.839+0100][gc,cpu        ] GC(1407) User=0,02s Sys=0,03s Real=0,00s
[2023-11-08T19:30:03.368+0100][gc,start      ] GC(1408) Pause Young (Concurrent Start) (G1 Evacuation Pause)
[2023-11-08T19:30:03.368+0100][gc,task       ] GC(1408) Using 13 workers of 13 for evacuation
[2023-11-08T19:30:03.373+0100][gc,phases     ] GC(1408)   Pre Evacuate Collection Set: 0,3ms
[2023-11-08T19:30:03.373+0100][gc,phases     ] GC(1408)   Evacuate Collection Set: 4,4ms
[2023-11-08T19:30:03.373+0100][gc,phases     ] GC(1408)   Post Evacuate Collection Set: 0,7ms
[2023-11-08T19:30:03.373+0100][gc,phases     ] GC(1408)   Other: 0,4ms
[2023-11-08T19:30:03.373+0100][gc,heap       ] GC(1408) Eden regions: 608->0(606)
[2023-11-08T19:30:03.373+0100][gc,heap       ] GC(1408) Survivor regions: 6->8(77)
[2023-11-08T19:30:03.373+0100][gc,heap       ] GC(1408) Old regions: 88->88
[2023-11-08T19:30:03.374+0100][gc,heap       ] GC(1408) Humongous regions: 129->129
[2023-11-08T19:30:03.374+0100][gc,metaspace  ] GC(1408) Metaspace: 48312K(52224K)->48312K(52224K) NonClass: 42336K(44544K)->42336K(44544K) Class: 5975K(7680K)->5975K(7680K)
[2023-11-08T19:30:03.374+0100][gc            ] GC(1408) Pause Young (Concurrent Start) (G1 Evacuation Pause) 828M->222M(1024M) 5,942ms
[2023-11-08T19:30:03.374+0100][gc,cpu        ] GC(1408) User=0,05s Sys=0,00s Real=0,00s
[2023-11-08T19:30:03.374+0100][gc            ] GC(1409) Concurrent Cycle
[2023-11-08T19:30:03.374+0100][gc,marking    ] GC(1409) Concurrent Clear Claimed Marks
[2023-11-08T19:30:03.374+0100][gc,marking    ] GC(1409) Concurrent Clear Claimed Marks 0,347ms
[2023-11-08T19:30:03.374+0100][gc,marking    ] GC(1409) Concurrent Scan Root Regions
[2023-11-08T19:30:03.377+0100][gc,marking    ] GC(1409) Concurrent Scan Root Regions 2,832ms
[2023-11-08T19:30:03.377+0100][gc,marking    ] GC(1409) Concurrent Mark (8074,985s)
[2023-11-08T19:30:03.377+0100][gc,marking    ] GC(1409) Concurrent Mark From Roots
[2023-11-08T19:30:03.377+0100][gc,task       ] GC(1409) Using 3 workers of 3 for marking
[2023-11-08T19:30:03.393+0100][gc,marking    ] GC(1409) Concurrent Mark From Roots 16,419ms
[2023-11-08T19:30:03.393+0100][gc,marking    ] GC(1409) Concurrent Preclean
[2023-11-08T19:30:03.394+0100][gc,marking    ] GC(1409) Concurrent Preclean 0,221ms
[2023-11-08T19:30:03.394+0100][gc,marking    ] GC(1409) Concurrent Mark (8074,985s, 8075,002s) 16,691ms
[2023-11-08T19:30:03.394+0100][gc,start      ] GC(1409) Pause Remark
[2023-11-08T19:30:03.398+0100][gc,stringtable] GC(1409) Cleaned string and symbol table, strings: 18405 processed, 0 removed, symbols: 94795 processed, 0 removed
[2023-11-08T19:30:03.398+0100][gc            ] GC(1409) Pause Remark 227M->227M(1024M) 4,320ms
[2023-11-08T19:30:03.398+0100][gc,cpu        ] GC(1409) User=0,02s Sys=0,02s Real=0,01s
[2023-11-08T19:30:03.398+0100][gc,marking    ] GC(1409) Concurrent Rebuild Remembered Sets
[2023-11-08T19:30:03.410+0100][gc,marking    ] GC(1409) Concurrent Rebuild Remembered Sets 11,387ms
[2023-11-08T19:30:03.410+0100][gc,start      ] GC(1409) Pause Cleanup
[2023-11-08T19:30:03.410+0100][gc            ] GC(1409) Pause Cleanup 230M->230M(1024M) 0,247ms
[2023-11-08T19:30:03.410+0100][gc,cpu        ] GC(1409) User=0,00s Sys=0,00s Real=0,00s
[2023-11-08T19:30:03.410+0100][gc,marking    ] GC(1409) Concurrent Cleanup for Next Mark
[2023-11-08T19:30:03.412+0100][gc,marking    ] GC(1409) Concurrent Cleanup for Next Mark 1,616ms
[2023-11-08T19:30:03.412+0100][gc            ] GC(1409) Concurrent Cycle 38,190ms
[2023-11-08T19:30:03.663+0100][gc,start      ] GC(1410) Pause Young (Prepare Mixed) (G1 Evacuation Pause)
[2023-11-08T19:30:03.663+0100][gc,task       ] GC(1410) Using 13 workers of 13 for evacuation
[2023-11-08T19:30:03.668+0100][gc,phases     ] GC(1410)   Pre Evacuate Collection Set: 0,0ms
[2023-11-08T19:30:03.668+0100][gc,phases     ] GC(1410)   Evacuate Collection Set: 4,7ms
[2023-11-08T19:30:03.668+0100][gc,phases     ] GC(1410)   Post Evacuate Collection Set: 0,4ms
[2023-11-08T19:30:03.668+0100][gc,phases     ] GC(1410)   Other: 0,2ms
[2023-11-08T19:30:03.668+0100][gc,heap       ] GC(1410) Eden regions: 49->0(47)
[2023-11-08T19:30:03.668+0100][gc,heap       ] GC(1410) Survivor regions: 8->4(8)
[2023-11-08T19:30:03.668+0100][gc,heap       ] GC(1410) Old regions: 88->92
[2023-11-08T19:30:03.668+0100][gc,heap       ] GC(1410) Humongous regions: 129->129
[2023-11-08T19:30:03.668+0100][gc,metaspace  ] GC(1410) Metaspace: 48312K(52224K)->48312K(52224K) NonClass: 42336K(44544K)->42336K(44544K) Class: 5975K(7680K)->5975K(7680K)
[2023-11-08T19:30:03.668+0100][gc            ] GC(1410) Pause Young (Prepare Mixed) (G1 Evacuation Pause) 271M->222M(1024M) 5,488ms
[2023-11-08T19:30:03.669+0100][gc,cpu        ] GC(1410) User=0,05s Sys=0,01s Real=0,00s
[2023-11-08T19:30:03.928+0100][gc,start      ] GC(1411) Pause Young (Mixed) (G1 Evacuation Pause)
[2023-11-08T19:30:03.928+0100][gc,task       ] GC(1411) Using 13 workers of 13 for evacuation
[2023-11-08T19:30:03.932+0100][gc,phases     ] GC(1411)   Pre Evacuate Collection Set: 0,0ms
[2023-11-08T19:30:03.932+0100][gc,phases     ] GC(1411)   Evacuate Collection Set: 3,0ms
[2023-11-08T19:30:03.932+0100][gc,phases     ] GC(1411)   Post Evacuate Collection Set: 0,4ms
[2023-11-08T19:30:03.932+0100][gc,phases     ] GC(1411)   Other: 0,3ms
[2023-11-08T19:30:03.932+0100][gc,heap       ] GC(1411) Eden regions: 47->0(610)
[2023-11-08T19:30:03.932+0100][gc,heap       ] GC(1411) Survivor regions: 4->4(7)
[2023-11-08T19:30:03.932+0100][gc,heap       ] GC(1411) Old regions: 92->90
[2023-11-08T19:30:03.932+0100][gc,heap       ] GC(1411) Humongous regions: 129->129
[2023-11-08T19:30:03.932+0100][gc,metaspace  ] GC(1411) Metaspace: 48312K(52224K)->48312K(52224K) NonClass: 42336K(44544K)->42336K(44544K) Class: 5975K(7680K)->5975K(7680K)
[2023-11-08T19:30:03.932+0100][gc            ] GC(1411) Pause Young (Mixed) (G1 Evacuation Pause) 269M->221M(1024M) 3,793ms
[2023-11-08T19:30:03.932+0100][gc,cpu        ] GC(1411) User=0,04s Sys=0,00s Real=0,00s
[2023-11-08T19:30:07.492+0100][gc,start      ] GC(1412) Pause Young (Normal) (G1 Evacuation Pause)
[2023-11-08T19:30:07.492+0100][gc,task       ] GC(1412) Using 13 workers of 13 for evacuation
[2023-11-08T19:30:07.496+0100][gc,phases     ] GC(1412)   Pre Evacuate Collection Set: 0,0ms
[2023-11-08T19:30:07.496+0100][gc,phases     ] GC(1412)   Evacuate Collection Set: 3,2ms
[2023-11-08T19:30:07.496+0100][gc,phases     ] GC(1412)   Post Evacuate Collection Set: 0,7ms
[2023-11-08T19:30:07.496+0100][gc,phases     ] GC(1412)   Other: 0,3ms
[2023-11-08T19:30:07.496+0100][gc,heap       ] GC(1412) Eden regions: 610->0(609)
[2023-11-08T19:30:07.496+0100][gc,heap       ] GC(1412) Survivor regions: 4->5(77)
[2023-11-08T19:30:07.496+0100][gc,heap       ] GC(1412) Old regions: 90->90
[2023-11-08T19:30:07.496+0100][gc,heap       ] GC(1412) Humongous regions: 129->129
[2023-11-08T19:30:07.496+0100][gc,metaspace  ] GC(1412) Metaspace: 48312K(52224K)->48312K(52224K) NonClass: 42336K(44544K)->42336K(44544K) Class: 5975K(7680K)->5975K(7680K)
[2023-11-08T19:30:07.496+0100][gc            ] GC(1412) Pause Young (Normal) (G1 Evacuation Pause) 831M->222M(1024M) 4,330ms
[2023-11-08T19:30:07.496+0100][gc,cpu        ] GC(1412) User=0,04s Sys=0,00s Real=0,01s
[2023-11-08T19:30:11.647+0100][gc,start      ] GC(1413) Pause Young (Normal) (G1 Evacuation Pause)
[2023-11-08T19:30:11.647+0100][gc,task       ] GC(1413) Using 13 workers of 13 for evacuation
[2023-11-08T19:30:11.650+0100][gc,phases     ] GC(1413)   Pre Evacuate Collection Set: 0,0ms
[2023-11-08T19:30:11.650+0100][gc,phases     ] GC(1413)   Evacuate Collection Set: 2,5ms
[2023-11-08T19:30:11.650+0100][gc,phases     ] GC(1413)   Post Evacuate Collection Set: 0,7ms
[2023-11-08T19:30:11.650+0100][gc,phases     ] GC(1413)   Other: 0,3ms
[2023-11-08T19:30:11.650+0100][gc,heap       ] GC(1413) Eden regions: 609->0(611)
[2023-11-08T19:30:11.650+0100][gc,heap       ] GC(1413) Survivor regions: 5->3(77)
[2023-11-08T19:30:11.650+0100][gc,heap       ] GC(1413) Old regions: 90->90
[2023-11-08T19:30:11.650+0100][gc,heap       ] GC(1413) Humongous regions: 129->129
[2023-11-08T19:30:11.650+0100][gc,metaspace  ] GC(1413) Metaspace: 48312K(52224K)->48312K(52224K) NonClass: 42336K(44544K)->42336K(44544K) Class: 5975K(7680K)->5975K(7680K)
[2023-11-08T19:30:11.650+0100][gc            ] GC(1413) Pause Young (Normal) (G1 Evacuation Pause) 831M->219M(1024M) 3,629ms
[2023-11-08T19:30:11.650+0100][gc,cpu        ] GC(1413) User=0,01s Sys=0,02s Real=0,00s
[2023-11-08T19:30:15.867+0100][gc,start      ] GC(1414) Pause Young (Concurrent Start) (G1 Evacuation Pause)
[2023-11-08T19:30:15.867+0100][gc,task       ] GC(1414) Using 13 workers of 13 for evacuation
[2023-11-08T19:30:15.873+0100][gc,phases     ] GC(1414)   Pre Evacuate Collection Set: 0,3ms
[2023-11-08T19:30:15.873+0100][gc,phases     ] GC(1414)   Evacuate Collection Set: 4,3ms
[2023-11-08T19:30:15.873+0100][gc,phases     ] GC(1414)   Post Evacuate Collection Set: 0,8ms
[2023-11-08T19:30:15.873+0100][gc,phases     ] GC(1414)   Other: 0,4ms
[2023-11-08T19:30:15.873+0100][gc,heap       ] GC(1414) Eden regions: 611->0(610)
[2023-11-08T19:30:15.873+0100][gc,heap       ] GC(1414) Survivor regions: 3->4(77)
[2023-11-08T19:30:15.873+0100][gc,heap       ] GC(1414) Old regions: 90->90
[2023-11-08T19:30:15.873+0100][gc,heap       ] GC(1414) Humongous regions: 129->129
[2023-11-08T19:30:15.873+0100][gc,metaspace  ] GC(1414) Metaspace: 48312K(52224K)->48312K(52224K) NonClass: 42336K(44544K)->42336K(44544K) Class: 5975K(7680K)->5975K(7680K)
[2023-11-08T19:30:15.873+0100][gc            ] GC(1414) Pause Young (Concurrent Start) (G1 Evacuation Pause) 830M->221M(1024M) 5,926ms
[2023-11-08T19:30:15.873+0100][gc,cpu        ] GC(1414) User=0,06s Sys=0,00s Real=0,00s
[2023-11-08T19:30:15.873+0100][gc            ] GC(1415) Concurrent Cycle
[2023-11-08T19:30:15.873+0100][gc,marking    ] GC(1415) Concurrent Clear Claimed Marks
[2023-11-08T19:30:15.873+0100][gc,marking    ] GC(1415) Concurrent Clear Claimed Marks 0,288ms
[2023-11-08T19:30:15.873+0100][gc,marking    ] GC(1415) Concurrent Scan Root Regions
[2023-11-08T19:30:15.877+0100][gc,marking    ] GC(1415) Concurrent Scan Root Regions 3,175ms
[2023-11-08T19:30:15.877+0100][gc,marking    ] GC(1415) Concurrent Mark (8087,485s)
[2023-11-08T19:30:15.877+0100][gc,marking    ] GC(1415) Concurrent Mark From Roots
[2023-11-08T19:30:15.877+0100][gc,task       ] GC(1415) Using 3 workers of 3 for marking
[2023-11-08T19:30:15.892+0100][gc,marking    ] GC(1415) Concurrent Mark From Roots 15,002ms
[2023-11-08T19:30:15.892+0100][gc,marking    ] GC(1415) Concurrent Preclean
[2023-11-08T19:30:15.892+0100][gc,marking    ] GC(1415) Concurrent Preclean 0,185ms
[2023-11-08T19:30:15.892+0100][gc,marking    ] GC(1415) Concurrent Mark (8087,485s, 8087,500s) 15,240ms
[2023-11-08T19:30:15.892+0100][gc,start      ] GC(1415) Pause Remark
[2023-11-08T19:30:15.896+0100][gc,stringtable] GC(1415) Cleaned string and symbol table, strings: 18405 processed, 0 removed, symbols: 94795 processed, 0 removed
[2023-11-08T19:30:15.896+0100][gc            ] GC(1415) Pause Remark 226M->226M(1024M) 3,908ms
[2023-11-08T19:30:15.896+0100][gc,cpu        ] GC(1415) User=0,04s Sys=0,00s Real=0,01s
[2023-11-08T19:30:15.896+0100][gc,marking    ] GC(1415) Concurrent Rebuild Remembered Sets
[2023-11-08T19:30:15.906+0100][gc,marking    ] GC(1415) Concurrent Rebuild Remembered Sets 9,705ms
[2023-11-08T19:30:15.906+0100][gc,start      ] GC(1415) Pause Cleanup
[2023-11-08T19:30:15.906+0100][gc            ] GC(1415) Pause Cleanup 226M->226M(1024M) 0,246ms
[2023-11-08T19:30:15.906+0100][gc,cpu        ] GC(1415) User=0,00s Sys=0,00s Real=0,00s
[2023-11-08T19:30:15.906+0100][gc,marking    ] GC(1415) Concurrent Cleanup for Next Mark
[2023-11-08T19:30:15.908+0100][gc,marking    ] GC(1415) Concurrent Cleanup for Next Mark 1,645ms
[2023-11-08T19:30:15.908+0100][gc            ] GC(1415) Concurrent Cycle 34,977ms
[2023-11-08T19:30:16.185+0100][gc,start      ] GC(1416) Pause Young (Prepare Mixed) (G1 Evacuation Pause)
[2023-11-08T19:30:16.185+0100][gc,task       ] GC(1416) Using 13 workers of 13 for evacuation
[2023-11-08T19:30:16.189+0100][gc,phases     ] GC(1416)   Pre Evacuate Collection Set: 0,0ms
[2023-11-08T19:30:16.189+0100][gc,phases     ] GC(1416)   Evacuate Collection Set: 3,9ms
[2023-11-08T19:30:16.189+0100][gc,phases     ] GC(1416)   Post Evacuate Collection Set: 0,5ms
[2023-11-08T19:30:16.189+0100][gc,phases     ] GC(1416)   Other: 0,3ms
[2023-11-08T19:30:16.189+0100][gc,heap       ] GC(1416) Eden regions: 47->0(47)
[2023-11-08T19:30:16.189+0100][gc,heap       ] GC(1416) Survivor regions: 4->4(7)
[2023-11-08T19:30:16.189+0100][gc,heap       ] GC(1416) Old regions: 90->90
[2023-11-08T19:30:16.189+0100][gc,heap       ] GC(1416) Humongous regions: 129->129
[2023-11-08T19:30:16.189+0100][gc,metaspace  ] GC(1416) Metaspace: 48312K(52224K)->48312K(52224K) NonClass: 42336K(44544K)->42336K(44544K) Class: 5975K(7680K)->5975K(7680K)
[2023-11-08T19:30:16.190+0100][gc            ] GC(1416) Pause Young (Prepare Mixed) (G1 Evacuation Pause) 268M->220M(1024M) 4,863ms
[2023-11-08T19:30:16.190+0100][gc,cpu        ] GC(1416) User=0,05s Sys=0,00s Real=0,00s
[2023-11-08T19:30:16.533+0100][gc,start      ] GC(1417) Pause Young (Mixed) (G1 Evacuation Pause)
[2023-11-08T19:30:16.533+0100][gc,task       ] GC(1417) Using 13 workers of 13 for evacuation
[2023-11-08T19:30:16.537+0100][gc,phases     ] GC(1417)   Pre Evacuate Collection Set: 0,1ms
[2023-11-08T19:30:16.537+0100][gc,phases     ] GC(1417)   Evacuate Collection Set: 3,1ms
[2023-11-08T19:30:16.537+0100][gc,phases     ] GC(1417)   Post Evacuate Collection Set: 0,5ms
[2023-11-08T19:30:16.537+0100][gc,phases     ] GC(1417)   Other: 0,3ms
[2023-11-08T19:30:16.537+0100][gc,heap       ] GC(1417) Eden regions: 47->0(557)
[2023-11-08T19:30:16.537+0100][gc,heap       ] GC(1417) Survivor regions: 4->4(7)
[2023-11-08T19:30:16.537+0100][gc,heap       ] GC(1417) Old regions: 90->80
[2023-11-08T19:30:16.537+0100][gc,heap       ] GC(1417) Humongous regions: 129->129
[2023-11-08T19:30:16.537+0100][gc,metaspace  ] GC(1417) Metaspace: 48312K(52224K)->48312K(52224K) NonClass: 42336K(44544K)->42336K(44544K) Class: 5975K(7680K)->5975K(7680K)
[2023-11-08T19:30:16.537+0100][gc            ] GC(1417) Pause Young (Mixed) (G1 Evacuation Pause) 267M->209M(1024M) 4,181ms
[2023-11-08T19:30:16.537+0100][gc,cpu        ] GC(1417) User=0,04s Sys=0,00s Real=0,01s
[2023-11-08T19:30:20.303+0100][gc,start      ] GC(1418) Pause Young (Normal) (G1 Evacuation Pause)
[2023-11-08T19:30:20.303+0100][gc,task       ] GC(1418) Using 13 workers of 13 for evacuation
[2023-11-08T19:30:20.307+0100][gc,phases     ] GC(1418)   Pre Evacuate Collection Set: 0,1ms
[2023-11-08T19:30:20.307+0100][gc,phases     ] GC(1418)   Evacuate Collection Set: 3,4ms
[2023-11-08T19:30:20.307+0100][gc,phases     ] GC(1418)   Post Evacuate Collection Set: 0,7ms
[2023-11-08T19:30:20.307+0100][gc,phases     ] GC(1418)   Other: 0,5ms
[2023-11-08T19:30:20.307+0100][gc,heap       ] GC(1418) Eden regions: 557->0(609)
[2023-11-08T19:30:20.307+0100][gc,heap       ] GC(1418) Survivor regions: 4->5(71)
[2023-11-08T19:30:20.307+0100][gc,heap       ] GC(1418) Old regions: 80->80
[2023-11-08T19:30:20.307+0100][gc,heap       ] GC(1418) Humongous regions: 129->129
[2023-11-08T19:30:20.307+0100][gc,metaspace  ] GC(1418) Metaspace: 48312K(52224K)->48312K(52224K) NonClass: 42336K(44544K)->42336K(44544K) Class: 5975K(7680K)->5975K(7680K)
[2023-11-08T19:30:20.307+0100][gc            ] GC(1418) Pause Young (Normal) (G1 Evacuation Pause) 766M->210M(1024M) 4,715ms
[2023-11-08T19:30:20.307+0100][gc,cpu        ] GC(1418) User=0,02s Sys=0,03s Real=0,01s
[2023-11-08T19:30:24.506+0100][gc,start      ] GC(1419) Pause Young (Normal) (G1 Evacuation Pause)
[2023-11-08T19:30:24.506+0100][gc,task       ] GC(1419) Using 13 workers of 13 for evacuation
[2023-11-08T19:30:24.510+0100][gc,phases     ] GC(1419)   Pre Evacuate Collection Set: 0,1ms
[2023-11-08T19:30:24.510+0100][gc,phases     ] GC(1419)   Evacuate Collection Set: 3,3ms
[2023-11-08T19:30:24.510+0100][gc,phases     ] GC(1419)   Post Evacuate Collection Set: 0,6ms
[2023-11-08T19:30:24.510+0100][gc,phases     ] GC(1419)   Other: 0,4ms
[2023-11-08T19:30:24.510+0100][gc,heap       ] GC(1419) Eden regions: 609->0(608)
[2023-11-08T19:30:24.510+0100][gc,heap       ] GC(1419) Survivor regions: 5->6(77)
[2023-11-08T19:30:24.510+0100][gc,heap       ] GC(1419) Old regions: 80->80
[2023-11-08T19:30:24.510+0100][gc,heap       ] GC(1419) Humongous regions: 129->129
[2023-11-08T19:30:24.510+0100][gc,metaspace  ] GC(1419) Metaspace: 48312K(52224K)->48312K(52224K) NonClass: 42336K(44544K)->42336K(44544K) Class: 5975K(7680K)->5975K(7680K)
[2023-11-08T19:30:24.510+0100][gc            ] GC(1419) Pause Young (Normal) (G1 Evacuation Pause) 819M->212M(1024M) 4,317ms
[2023-11-08T19:30:24.510+0100][gc,cpu        ] GC(1419) User=0,04s Sys=0,00s Real=0,00s
[2023-11-08T19:30:28.587+0100][gc,start      ] GC(1420) Pause Young (Concurrent Start) (G1 Evacuation Pause)
[2023-11-08T19:30:28.588+0100][gc,task       ] GC(1420) Using 13 workers of 13 for evacuation
[2023-11-08T19:30:28.593+0100][gc,phases     ] GC(1420)   Pre Evacuate Collection Set: 0,2ms
[2023-11-08T19:30:28.593+0100][gc,phases     ] GC(1420)   Evacuate Collection Set: 3,9ms
[2023-11-08T19:30:28.593+0100][gc,phases     ] GC(1420)   Post Evacuate Collection Set: 0,8ms
[2023-11-08T19:30:28.593+0100][gc,phases     ] GC(1420)   Other: 0,3ms
[2023-11-08T19:30:28.593+0100][gc,heap       ] GC(1420) Eden regions: 608->0(607)
[2023-11-08T19:30:28.593+0100][gc,heap       ] GC(1420) Survivor regions: 6->7(77)
[2023-11-08T19:30:28.593+0100][gc,heap       ] GC(1420) Old regions: 80->80
[2023-11-08T19:30:28.593+0100][gc,heap       ] GC(1420) Humongous regions: 129->129
[2023-11-08T19:30:28.593+0100][gc,metaspace  ] GC(1420) Metaspace: 48312K(52224K)->48312K(52224K) NonClass: 42336K(44544K)->42336K(44544K) Class: 5975K(7680K)->5975K(7680K)
[2023-11-08T19:30:28.593+0100][gc            ] GC(1420) Pause Young (Concurrent Start) (G1 Evacuation Pause) 820M->213M(1024M) 5,413ms
[2023-11-08T19:30:28.593+0100][gc,cpu        ] GC(1420) User=0,05s Sys=0,00s Real=0,00s
[2023-11-08T19:30:28.593+0100][gc            ] GC(1421) Concurrent Cycle
[2023-11-08T19:30:28.593+0100][gc,marking    ] GC(1421) Concurrent Clear Claimed Marks
[2023-11-08T19:30:28.593+0100][gc,marking    ] GC(1421) Concurrent Clear Claimed Marks 0,339ms
[2023-11-08T19:30:28.593+0100][gc,marking    ] GC(1421) Concurrent Scan Root Regions
[2023-11-08T19:30:28.597+0100][gc,marking    ] GC(1421) Concurrent Scan Root Regions 3,614ms
[2023-11-08T19:30:28.597+0100][gc,marking    ] GC(1421) Concurrent Mark (8100,206s)
[2023-11-08T19:30:28.597+0100][gc,marking    ] GC(1421) Concurrent Mark From Roots
[2023-11-08T19:30:28.597+0100][gc,task       ] GC(1421) Using 3 workers of 3 for marking
[2023-11-08T19:30:28.616+0100][gc,marking    ] GC(1421) Concurrent Mark From Roots 18,617ms
[2023-11-08T19:30:28.616+0100][gc,marking    ] GC(1421) Concurrent Preclean
[2023-11-08T19:30:28.616+0100][gc,marking    ] GC(1421) Concurrent Preclean 0,205ms
[2023-11-08T19:30:28.616+0100][gc,marking    ] GC(1421) Concurrent Mark (8100,206s, 8100,224s) 18,881ms
[2023-11-08T19:30:28.616+0100][gc,start      ] GC(1421) Pause Remark
[2023-11-08T19:30:28.619+0100][gc,stringtable] GC(1421) Cleaned string and symbol table, strings: 18405 processed, 0 removed, symbols: 94795 processed, 0 removed
[2023-11-08T19:30:28.619+0100][gc            ] GC(1421) Pause Remark 218M->218M(1024M) 3,368ms
[2023-11-08T19:30:28.619+0100][gc,cpu        ] GC(1421) User=0,03s Sys=0,00s Real=0,00s
[2023-11-08T19:30:28.619+0100][gc,marking    ] GC(1421) Concurrent Rebuild Remembered Sets
[2023-11-08T19:30:28.630+0100][gc,marking    ] GC(1421) Concurrent Rebuild Remembered Sets 10,967ms
[2023-11-08T19:30:28.631+0100][gc,start      ] GC(1421) Pause Cleanup
[2023-11-08T19:30:28.631+0100][gc            ] GC(1421) Pause Cleanup 219M->219M(1024M) 0,183ms
[2023-11-08T19:30:28.631+0100][gc,cpu        ] GC(1421) User=0,00s Sys=0,01s Real=0,00s
[2023-11-08T19:30:28.631+0100][gc,marking    ] GC(1421) Concurrent Cleanup for Next Mark
[2023-11-08T19:30:28.633+0100][gc,marking    ] GC(1421) Concurrent Cleanup for Next Mark 1,767ms
[2023-11-08T19:30:28.633+0100][gc            ] GC(1421) Concurrent Cycle 39,723ms
[2023-11-08T19:30:28.881+0100][gc,start      ] GC(1422) Pause Young (Prepare Mixed) (G1 Evacuation Pause)
[2023-11-08T19:30:28.881+0100][gc,task       ] GC(1422) Using 13 workers of 13 for evacuation
[2023-11-08T19:30:28.887+0100][gc,phases     ] GC(1422)   Pre Evacuate Collection Set: 0,0ms
[2023-11-08T19:30:28.887+0100][gc,phases     ] GC(1422)   Evacuate Collection Set: 5,2ms
[2023-11-08T19:30:28.887+0100][gc,phases     ] GC(1422)   Post Evacuate Collection Set: 0,6ms
[2023-11-08T19:30:28.887+0100][gc,phases     ] GC(1422)   Other: 0,2ms
[2023-11-08T19:30:28.887+0100][gc,heap       ] GC(1422) Eden regions: 44->0(47)
[2023-11-08T19:30:28.887+0100][gc,heap       ] GC(1422) Survivor regions: 7->4(7)
[2023-11-08T19:30:28.887+0100][gc,heap       ] GC(1422) Old regions: 80->84
[2023-11-08T19:30:28.887+0100][gc,heap       ] GC(1422) Humongous regions: 129->129
[2023-11-08T19:30:28.887+0100][gc,metaspace  ] GC(1422) Metaspace: 48312K(52224K)->48312K(52224K) NonClass: 42336K(44544K)->42336K(44544K) Class: 5975K(7680K)->5975K(7680K)
[2023-11-08T19:30:28.887+0100][gc            ] GC(1422) Pause Young (Prepare Mixed) (G1 Evacuation Pause) 257M->213M(1024M) 6,213ms
[2023-11-08T19:30:28.887+0100][gc,cpu        ] GC(1422) User=0,05s Sys=0,01s Real=0,01s
[2023-11-08T19:30:29.191+0100][gc,start      ] GC(1423) Pause Young (Mixed) (G1 Evacuation Pause)
[2023-11-08T19:30:29.192+0100][gc,task       ] GC(1423) Using 13 workers of 13 for evacuation
[2023-11-08T19:30:29.196+0100][gc,phases     ] GC(1423)   Pre Evacuate Collection Set: 0,0ms
[2023-11-08T19:30:29.196+0100][gc,phases     ] GC(1423)   Evacuate Collection Set: 3,9ms
[2023-11-08T19:30:29.196+0100][gc,phases     ] GC(1423)   Post Evacuate Collection Set: 0,4ms
[2023-11-08T19:30:29.196+0100][gc,phases     ] GC(1423)   Other: 0,3ms
[2023-11-08T19:30:29.196+0100][gc,heap       ] GC(1423) Eden regions: 47->0(218)
[2023-11-08T19:30:29.196+0100][gc,heap       ] GC(1423) Survivor regions: 4->4(7)
[2023-11-08T19:30:29.196+0100][gc,heap       ] GC(1423) Old regions: 84->83
[2023-11-08T19:30:29.196+0100][gc,heap       ] GC(1423) Humongous regions: 129->129
[2023-11-08T19:30:29.196+0100][gc,metaspace  ] GC(1423) Metaspace: 48312K(52224K)->48312K(52224K) NonClass: 42336K(44544K)->42336K(44544K) Class: 5975K(7680K)->5975K(7680K)
[2023-11-08T19:30:29.196+0100][gc            ] GC(1423) Pause Young (Mixed) (G1 Evacuation Pause) 260M->213M(1024M) 4,694ms
[2023-11-08T19:30:29.196+0100][gc,cpu        ] GC(1423) User=0,03s Sys=0,01s Real=0,01s
[2023-11-08T19:30:30.681+0100][gc,start      ] GC(1424) Pause Young (Normal) (G1 Evacuation Pause)
[2023-11-08T19:30:30.681+0100][gc,task       ] GC(1424) Using 13 workers of 13 for evacuation
[2023-11-08T19:30:30.684+0100][gc,phases     ] GC(1424)   Pre Evacuate Collection Set: 0,0ms
[2023-11-08T19:30:30.684+0100][gc,phases     ] GC(1424)   Evacuate Collection Set: 2,2ms
[2023-11-08T19:30:30.684+0100][gc,phases     ] GC(1424)   Post Evacuate Collection Set: 0,6ms
[2023-11-08T19:30:30.684+0100][gc,phases     ] GC(1424)   Other: 0,3ms
[2023-11-08T19:30:30.684+0100][gc,heap       ] GC(1424) Eden regions: 218->0(273)
[2023-11-08T19:30:30.684+0100][gc,heap       ] GC(1424) Survivor regions: 4->4(28)
[2023-11-08T19:30:30.684+0100][gc,heap       ] GC(1424) Old regions: 83->83
[2023-11-08T19:30:30.684+0100][gc,heap       ] GC(1424) Humongous regions: 129->129
[2023-11-08T19:30:30.684+0100][gc,metaspace  ] GC(1424) Metaspace: 48312K(52224K)->48312K(52224K) NonClass: 42336K(44544K)->42336K(44544K) Class: 5975K(7680K)->5975K(7680K)
[2023-11-08T19:30:30.684+0100][gc            ] GC(1424) Pause Young (Normal) (G1 Evacuation Pause) 431M->213M(1024M) 3,333ms
[2023-11-08T19:30:30.684+0100][gc,cpu        ] GC(1424) User=0,03s Sys=0,00s Real=0,01s
[2023-11-08T19:30:32.495+0100][gc,start      ] GC(1425) Pause Young (Normal) (G1 Evacuation Pause)
[2023-11-08T19:30:32.495+0100][gc,task       ] GC(1425) Using 13 workers of 13 for evacuation
[2023-11-08T19:30:32.498+0100][gc,phases     ] GC(1425)   Pre Evacuate Collection Set: 0,0ms
[2023-11-08T19:30:32.498+0100][gc,phases     ] GC(1425)   Evacuate Collection Set: 2,1ms
[2023-11-08T19:30:32.498+0100][gc,phases     ] GC(1425)   Post Evacuate Collection Set: 0,6ms
[2023-11-08T19:30:32.498+0100][gc,phases     ] GC(1425)   Other: 0,3ms
[2023-11-08T19:30:32.498+0100][gc,heap       ] GC(1425) Eden regions: 273->0(324)
[2023-11-08T19:30:32.498+0100][gc,heap       ] GC(1425) Survivor regions: 4->2(35)
[2023-11-08T19:30:32.498+0100][gc,heap       ] GC(1425) Old regions: 83->83
[2023-11-08T19:30:32.498+0100][gc,heap       ] GC(1425) Humongous regions: 129->129
[2023-11-08T19:30:32.498+0100][gc,metaspace  ] GC(1425) Metaspace: 48312K(52224K)->48312K(52224K) NonClass: 42336K(44544K)->42336K(44544K) Class: 5975K(7680K)->5975K(7680K)
[2023-11-08T19:30:32.498+0100][gc            ] GC(1425) Pause Young (Normal) (G1 Evacuation Pause) 486M->212M(1024M) 3,277ms
[2023-11-08T19:30:32.498+0100][gc,cpu        ] GC(1425) User=0,01s Sys=0,02s Real=0,01s
[2023-11-08T19:30:34.738+0100][gc,start      ] GC(1426) Pause Young (Normal) (G1 Evacuation Pause)
[2023-11-08T19:30:34.738+0100][gc,task       ] GC(1426) Using 13 workers of 13 for evacuation
[2023-11-08T19:30:34.741+0100][gc,phases     ] GC(1426)   Pre Evacuate Collection Set: 0,0ms
[2023-11-08T19:30:34.741+0100][gc,phases     ] GC(1426)   Evacuate Collection Set: 2,2ms
[2023-11-08T19:30:34.741+0100][gc,phases     ] GC(1426)   Post Evacuate Collection Set: 0,6ms
[2023-11-08T19:30:34.741+0100][gc,phases     ] GC(1426)   Other: 0,3ms
[2023-11-08T19:30:34.741+0100][gc,heap       ] GC(1426) Eden regions: 324->0(363)
[2023-11-08T19:30:34.741+0100][gc,heap       ] GC(1426) Survivor regions: 2->3(41)
[2023-11-08T19:30:34.741+0100][gc,heap       ] GC(1426) Old regions: 83->83
[2023-11-08T19:30:34.741+0100][gc,heap       ] GC(1426) Humongous regions: 129->129
[2023-11-08T19:30:34.741+0100][gc,metaspace  ] GC(1426) Metaspace: 48312K(52224K)->48312K(52224K) NonClass: 42336K(44544K)->42336K(44544K) Class: 5975K(7680K)->5975K(7680K)
[2023-11-08T19:30:34.741+0100][gc            ] GC(1426) Pause Young (Normal) (G1 Evacuation Pause) 536M->212M(1024M) 3,305ms
[2023-11-08T19:30:34.741+0100][gc,cpu        ] GC(1426) User=0,03s Sys=0,00s Real=0,00s
[2023-11-08T19:30:37.183+0100][gc,start      ] GC(1427) Pause Young (Normal) (G1 Evacuation Pause)
[2023-11-08T19:30:37.183+0100][gc,task       ] GC(1427) Using 13 workers of 13 for evacuation
[2023-11-08T19:30:37.186+0100][gc,phases     ] GC(1427)   Pre Evacuate Collection Set: 0,0ms
[2023-11-08T19:30:37.187+0100][gc,phases     ] GC(1427)   Evacuate Collection Set: 2,8ms
[2023-11-08T19:30:37.187+0100][gc,phases     ] GC(1427)   Post Evacuate Collection Set: 0,8ms
[2023-11-08T19:30:37.187+0100][gc,phases     ] GC(1427)   Other: 0,3ms
[2023-11-08T19:30:37.187+0100][gc,heap       ] GC(1427) Eden regions: 363->0(402)
[2023-11-08T19:30:37.187+0100][gc,heap       ] GC(1427) Survivor regions: 3->3(46)
[2023-11-08T19:30:37.187+0100][gc,heap       ] GC(1427) Old regions: 83->83
[2023-11-08T19:30:37.187+0100][gc,heap       ] GC(1427) Humongous regions: 129->129
[2023-11-08T19:30:37.187+0100][gc,metaspace  ] GC(1427) Metaspace: 48312K(52224K)->48312K(52224K) NonClass: 42336K(44544K)->42336K(44544K) Class: 5975K(7680K)->5975K(7680K)
[2023-11-08T19:30:37.187+0100][gc            ] GC(1427) Pause Young (Normal) (G1 Evacuation Pause) 575M->213M(1024M) 4,194ms
[2023-11-08T19:30:37.187+0100][gc,cpu        ] GC(1427) User=0,02s Sys=0,02s Real=0,01s
[2023-11-08T19:30:39.908+0100][gc,start      ] GC(1428) Pause Young (Normal) (G1 Evacuation Pause)
[2023-11-08T19:30:39.908+0100][gc,task       ] GC(1428) Using 13 workers of 13 for evacuation
[2023-11-08T19:30:39.913+0100][gc,phases     ] GC(1428)   Pre Evacuate Collection Set: 0,0ms
[2023-11-08T19:30:39.913+0100][gc,phases     ] GC(1428)   Evacuate Collection Set: 4,3ms
[2023-11-08T19:30:39.913+0100][gc,phases     ] GC(1428)   Post Evacuate Collection Set: 0,8ms
[2023-11-08T19:30:39.913+0100][gc,phases     ] GC(1428)   Other: 0,3ms
[2023-11-08T19:30:39.913+0100][gc,heap       ] GC(1428) Eden regions: 402->0(419)
[2023-11-08T19:30:39.913+0100][gc,heap       ] GC(1428) Survivor regions: 3->4(51)
[2023-11-08T19:30:39.913+0100][gc,heap       ] GC(1428) Old regions: 83->83
[2023-11-08T19:30:39.913+0100][gc,heap       ] GC(1428) Humongous regions: 129->129
[2023-11-08T19:30:39.913+0100][gc,metaspace  ] GC(1428) Metaspace: 48312K(52224K)->48312K(52224K) NonClass: 42336K(44544K)->42336K(44544K) Class: 5975K(7680K)->5975K(7680K)
[2023-11-08T19:30:39.913+0100][gc            ] GC(1428) Pause Young (Normal) (G1 Evacuation Pause) 615M->214M(1024M) 5,552ms
[2023-11-08T19:30:39.913+0100][gc,cpu        ] GC(1428) User=0,05s Sys=0,00s Real=0,00s
[2023-11-08T19:30:42.762+0100][gc,start      ] GC(1429) Pause Young (Normal) (G1 Evacuation Pause)
[2023-11-08T19:30:42.762+0100][gc,task       ] GC(1429) Using 13 workers of 13 for evacuation
[2023-11-08T19:30:42.766+0100][gc,phases     ] GC(1429)   Pre Evacuate Collection Set: 0,0ms
[2023-11-08T19:30:42.766+0100][gc,phases     ] GC(1429)   Evacuate Collection Set: 3,6ms
[2023-11-08T19:30:42.766+0100][gc,phases     ] GC(1429)   Post Evacuate Collection Set: 0,7ms
[2023-11-08T19:30:42.766+0100][gc,phases     ] GC(1429)   Other: 0,2ms
[2023-11-08T19:30:42.766+0100][gc,heap       ] GC(1429) Eden regions: 419->0(444)
[2023-11-08T19:30:42.766+0100][gc,heap       ] GC(1429) Survivor regions: 4->5(53)
[2023-11-08T19:30:42.766+0100][gc,heap       ] GC(1429) Old regions: 83->83
[2023-11-08T19:30:42.766+0100][gc,heap       ] GC(1429) Humongous regions: 129->129
[2023-11-08T19:30:42.766+0100][gc,metaspace  ] GC(1429) Metaspace: 48312K(52224K)->48312K(52224K) NonClass: 42336K(44544K)->42336K(44544K) Class: 5975K(7680K)->5975K(7680K)
[2023-11-08T19:30:42.766+0100][gc            ] GC(1429) Pause Young (Normal) (G1 Evacuation Pause) 633M->215M(1024M) 4,680ms
[2023-11-08T19:30:42.766+0100][gc,cpu        ] GC(1429) User=0,04s Sys=0,00s Real=0,01s
[2023-11-08T19:30:45.783+0100][gc,start      ] GC(1430) Pause Young (Normal) (G1 Evacuation Pause)
[2023-11-08T19:30:45.783+0100][gc,task       ] GC(1430) Using 13 workers of 13 for evacuation
[2023-11-08T19:30:45.789+0100][gc,phases     ] GC(1430)   Pre Evacuate Collection Set: 0,0ms
[2023-11-08T19:30:45.789+0100][gc,phases     ] GC(1430)   Evacuate Collection Set: 4,3ms
[2023-11-08T19:30:45.789+0100][gc,phases     ] GC(1430)   Post Evacuate Collection Set: 0,8ms
[2023-11-08T19:30:45.789+0100][gc,phases     ] GC(1430)   Other: 0,2ms
[2023-11-08T19:30:45.789+0100][gc,heap       ] GC(1430) Eden regions: 444->0(473)
[2023-11-08T19:30:45.789+0100][gc,heap       ] GC(1430) Survivor regions: 5->6(57)
[2023-11-08T19:30:45.789+0100][gc,heap       ] GC(1430) Old regions: 83->83
[2023-11-08T19:30:45.789+0100][gc,heap       ] GC(1430) Humongous regions: 129->129
[2023-11-08T19:30:45.789+0100][gc,metaspace  ] GC(1430) Metaspace: 48312K(52224K)->48312K(52224K) NonClass: 42336K(44544K)->42336K(44544K) Class: 5975K(7680K)->5975K(7680K)
[2023-11-08T19:30:45.789+0100][gc            ] GC(1430) Pause Young (Normal) (G1 Evacuation Pause) 659M->215M(1024M) 5,501ms
[2023-11-08T19:30:45.789+0100][gc,cpu        ] GC(1430) User=0,01s Sys=0,04s Real=0,00s
[2023-11-08T19:30:49.093+0100][gc,start      ] GC(1431) Pause Young (Normal) (G1 Evacuation Pause)
[2023-11-08T19:30:49.093+0100][gc,task       ] GC(1431) Using 13 workers of 13 for evacuation
[2023-11-08T19:30:49.097+0100][gc,phases     ] GC(1431)   Pre Evacuate Collection Set: 0,0ms
[2023-11-08T19:30:49.097+0100][gc,phases     ] GC(1431)   Evacuate Collection Set: 3,6ms
[2023-11-08T19:30:49.097+0100][gc,phases     ] GC(1431)   Post Evacuate Collection Set: 0,6ms
[2023-11-08T19:30:49.097+0100][gc,phases     ] GC(1431)   Other: 0,3ms
[2023-11-08T19:30:49.097+0100][gc,heap       ] GC(1431) Eden regions: 473->0(505)
[2023-11-08T19:30:49.097+0100][gc,heap       ] GC(1431) Survivor regions: 6->7(60)
[2023-11-08T19:30:49.097+0100][gc,heap       ] GC(1431) Old regions: 83->83
[2023-11-08T19:30:49.097+0100][gc,heap       ] GC(1431) Humongous regions: 129->129
[2023-11-08T19:30:49.097+0100][gc,metaspace  ] GC(1431) Metaspace: 48312K(52224K)->48312K(52224K) NonClass: 42336K(44544K)->42336K(44544K) Class: 5975K(7680K)->5975K(7680K)
[2023-11-08T19:30:49.097+0100][gc            ] GC(1431) Pause Young (Normal) (G1 Evacuation Pause) 688M->216M(1024M) 4,553ms
[2023-11-08T19:30:49.097+0100][gc,cpu        ] GC(1431) User=0,05s Sys=0,00s Real=0,01s
[2023-11-08T19:30:53.571+0100][gc,start      ] GC(1432) Pause Young (Normal) (G1 Evacuation Pause)
[2023-11-08T19:30:53.571+0100][gc,task       ] GC(1432) Using 13 workers of 13 for evacuation
[2023-11-08T19:30:53.577+0100][gc,phases     ] GC(1432)   Pre Evacuate Collection Set: 0,0ms
[2023-11-08T19:30:53.577+0100][gc,phases     ] GC(1432)   Evacuate Collection Set: 4,9ms
[2023-11-08T19:30:53.577+0100][gc,phases     ] GC(1432)   Post Evacuate Collection Set: 0,7ms
[2023-11-08T19:30:53.577+0100][gc,phases     ] GC(1432)   Other: 0,3ms
[2023-11-08T19:30:53.577+0100][gc,heap       ] GC(1432) Eden regions: 505->0(526)
[2023-11-08T19:30:53.577+0100][gc,heap       ] GC(1432) Survivor regions: 7->8(64)
[2023-11-08T19:30:53.577+0100][gc,heap       ] GC(1432) Old regions: 83->83
[2023-11-08T19:30:53.577+0100][gc,heap       ] GC(1432) Humongous regions: 129->129
[2023-11-08T19:30:53.577+0100][gc,metaspace  ] GC(1432) Metaspace: 48312K(52224K)->48312K(52224K) NonClass: 42336K(44544K)->42336K(44544K) Class: 5975K(7680K)->5975K(7680K)
[2023-11-08T19:30:53.577+0100][gc            ] GC(1432) Pause Young (Normal) (G1 Evacuation Pause) 721M->218M(1024M) 6,048ms
[2023-11-08T19:30:53.577+0100][gc,cpu        ] GC(1432) User=0,06s Sys=0,00s Real=0,01s
[2023-11-08T19:30:59.439+0100][gc,start      ] GC(1433) Pause Young (Normal) (G1 Evacuation Pause)
[2023-11-08T19:30:59.439+0100][gc,task       ] GC(1433) Using 13 workers of 13 for evacuation
[2023-11-08T19:30:59.444+0100][gc,phases     ] GC(1433)   Pre Evacuate Collection Set: 0,0ms
[2023-11-08T19:30:59.444+0100][gc,phases     ] GC(1433)   Evacuate Collection Set: 3,6ms
[2023-11-08T19:30:59.444+0100][gc,phases     ] GC(1433)   Post Evacuate Collection Set: 0,8ms
[2023-11-08T19:30:59.444+0100][gc,phases     ] GC(1433)   Other: 0,3ms
[2023-11-08T19:30:59.444+0100][gc,heap       ] GC(1433) Eden regions: 526->0(555)
[2023-11-08T19:30:59.444+0100][gc,heap       ] GC(1433) Survivor regions: 8->4(67)
[2023-11-08T19:30:59.444+0100][gc,heap       ] GC(1433) Old regions: 83->83
[2023-11-08T19:30:59.444+0100][gc,heap       ] GC(1433) Humongous regions: 129->129
[2023-11-08T19:30:59.444+0100][gc,metaspace  ] GC(1433) Metaspace: 48312K(52224K)->48312K(52224K) NonClass: 42336K(44544K)->42336K(44544K) Class: 5975K(7680K)->5975K(7680K)
[2023-11-08T19:30:59.444+0100][gc            ] GC(1433) Pause Young (Normal) (G1 Evacuation Pause) 744M->214M(1024M) 4,915ms
[2023-11-08T19:30:59.444+0100][gc,cpu        ] GC(1433) User=0,02s Sys=0,02s Real=0,01s
[2023-11-08T19:31:05.506+0100][gc,start      ] GC(1434) Pause Young (Concurrent Start) (G1 Evacuation Pause)
[2023-11-08T19:31:05.506+0100][gc,task       ] GC(1434) Using 13 workers of 13 for evacuation
[2023-11-08T19:31:05.512+0100][gc,phases     ] GC(1434)   Pre Evacuate Collection Set: 0,3ms
[2023-11-08T19:31:05.512+0100][gc,phases     ] GC(1434)   Evacuate Collection Set: 5,2ms
[2023-11-08T19:31:05.512+0100][gc,phases     ] GC(1434)   Post Evacuate Collection Set: 0,7ms
[2023-11-08T19:31:05.512+0100][gc,phases     ] GC(1434)   Other: 0,4ms
[2023-11-08T19:31:05.512+0100][gc,heap       ] GC(1434) Eden regions: 555->0(561)
[2023-11-08T19:31:05.512+0100][gc,heap       ] GC(1434) Survivor regions: 4->6(70)
[2023-11-08T19:31:05.512+0100][gc,heap       ] GC(1434) Old regions: 83->83
[2023-11-08T19:31:05.512+0100][gc,heap       ] GC(1434) Humongous regions: 129->129
[2023-11-08T19:31:05.512+0100][gc,metaspace  ] GC(1434) Metaspace: 48312K(52224K)->48312K(52224K) NonClass: 42336K(44544K)->42336K(44544K) Class: 5975K(7680K)->5975K(7680K)
[2023-11-08T19:31:05.512+0100][gc            ] GC(1434) Pause Young (Concurrent Start) (G1 Evacuation Pause) 769M->215M(1024M) 6,724ms
[2023-11-08T19:31:05.512+0100][gc,cpu        ] GC(1434) User=0,04s Sys=0,03s Real=0,00s
[2023-11-08T19:31:05.512+0100][gc            ] GC(1435) Concurrent Cycle
[2023-11-08T19:31:05.512+0100][gc,marking    ] GC(1435) Concurrent Clear Claimed Marks
[2023-11-08T19:31:05.513+0100][gc,marking    ] GC(1435) Concurrent Clear Claimed Marks 0,307ms
[2023-11-08T19:31:05.513+0100][gc,marking    ] GC(1435) Concurrent Scan Root Regions
[2023-11-08T19:31:05.516+0100][gc,marking    ] GC(1435) Concurrent Scan Root Regions 2,858ms
[2023-11-08T19:31:05.516+0100][gc,marking    ] GC(1435) Concurrent Mark (8137,124s)
[2023-11-08T19:31:05.516+0100][gc,marking    ] GC(1435) Concurrent Mark From Roots
[2023-11-08T19:31:05.516+0100][gc,task       ] GC(1435) Using 3 workers of 3 for marking
[2023-11-08T19:31:05.530+0100][gc,marking    ] GC(1435) Concurrent Mark From Roots 14,629ms
[2023-11-08T19:31:05.530+0100][gc,marking    ] GC(1435) Concurrent Preclean
[2023-11-08T19:31:05.530+0100][gc,marking    ] GC(1435) Concurrent Preclean 0,172ms
[2023-11-08T19:31:05.530+0100][gc,marking    ] GC(1435) Concurrent Mark (8137,124s, 8137,139s) 14,847ms
[2023-11-08T19:31:05.531+0100][gc,start      ] GC(1435) Pause Remark
[2023-11-08T19:31:05.534+0100][gc,stringtable] GC(1435) Cleaned string and symbol table, strings: 18405 processed, 0 removed, symbols: 94795 processed, 0 removed
[2023-11-08T19:31:05.534+0100][gc            ] GC(1435) Pause Remark 220M->220M(1024M) 3,414ms
[2023-11-08T19:31:05.534+0100][gc,cpu        ] GC(1435) User=0,03s Sys=0,00s Real=0,00s
[2023-11-08T19:31:05.534+0100][gc,marking    ] GC(1435) Concurrent Rebuild Remembered Sets
[2023-11-08T19:31:05.543+0100][gc,marking    ] GC(1435) Concurrent Rebuild Remembered Sets 9,199ms
[2023-11-08T19:31:05.543+0100][gc,start      ] GC(1435) Pause Cleanup
[2023-11-08T19:31:05.544+0100][gc            ] GC(1435) Pause Cleanup 220M->220M(1024M) 0,153ms
[2023-11-08T19:31:05.544+0100][gc,cpu        ] GC(1435) User=0,00s Sys=0,00s Real=0,00s
[2023-11-08T19:31:05.544+0100][gc,marking    ] GC(1435) Concurrent Cleanup for Next Mark
[2023-11-08T19:31:05.545+0100][gc,marking    ] GC(1435) Concurrent Cleanup for Next Mark 1,482ms
[2023-11-08T19:31:05.545+0100][gc            ] GC(1435) Concurrent Cycle 32,791ms
[2023-11-08T19:31:07.517+0100][gc,start      ] GC(1436) Pause Young (Prepare Mixed) (G1 Evacuation Pause)
[2023-11-08T19:31:07.517+0100][gc,task       ] GC(1436) Using 13 workers of 13 for evacuation
[2023-11-08T19:31:07.524+0100][gc,phases     ] GC(1436)   Pre Evacuate Collection Set: 0,0ms
[2023-11-08T19:31:07.524+0100][gc,phases     ] GC(1436)   Evacuate Collection Set: 5,7ms
[2023-11-08T19:31:07.524+0100][gc,phases     ] GC(1436)   Post Evacuate Collection Set: 0,7ms
[2023-11-08T19:31:07.524+0100][gc,phases     ] GC(1436)   Other: 0,3ms
[2023-11-08T19:31:07.524+0100][gc,heap       ] GC(1436) Eden regions: 174->0(45)
[2023-11-08T19:31:07.524+0100][gc,heap       ] GC(1436) Survivor regions: 6->6(23)
[2023-11-08T19:31:07.524+0100][gc,heap       ] GC(1436) Old regions: 83->83
[2023-11-08T19:31:07.524+0100][gc,heap       ] GC(1436) Humongous regions: 129->129
[2023-11-08T19:31:07.524+0100][gc,metaspace  ] GC(1436) Metaspace: 48312K(52224K)->48312K(52224K) NonClass: 42336K(44544K)->42336K(44544K) Class: 5975K(7680K)->5975K(7680K)
[2023-11-08T19:31:07.524+0100][gc            ] GC(1436) Pause Young (Prepare Mixed) (G1 Evacuation Pause) 389M->216M(1024M) 7,009ms
[2023-11-08T19:31:07.524+0100][gc,cpu        ] GC(1436) User=0,08s Sys=0,00s Real=0,01s
[2023-11-08T19:31:08.004+0100][gc,start      ] GC(1437) Pause Young (Mixed) (G1 Evacuation Pause)
[2023-11-08T19:31:08.004+0100][gc,task       ] GC(1437) Using 13 workers of 13 for evacuation
[2023-11-08T19:31:08.009+0100][gc,phases     ] GC(1437)   Pre Evacuate Collection Set: 0,0ms
[2023-11-08T19:31:08.009+0100][gc,phases     ] GC(1437)   Evacuate Collection Set: 4,5ms
[2023-11-08T19:31:08.009+0100][gc,phases     ] GC(1437)   Post Evacuate Collection Set: 0,7ms
[2023-11-08T19:31:08.009+0100][gc,phases     ] GC(1437)   Other: 0,4ms
[2023-11-08T19:31:08.009+0100][gc,heap       ] GC(1437) Eden regions: 45->0(474)
[2023-11-08T19:31:08.009+0100][gc,heap       ] GC(1437) Survivor regions: 6->4(7)
[2023-11-08T19:31:08.009+0100][gc,heap       ] GC(1437) Old regions: 83->83
[2023-11-08T19:31:08.009+0100][gc,heap       ] GC(1437) Humongous regions: 129->129
[2023-11-08T19:31:08.009+0100][gc,metaspace  ] GC(1437) Metaspace: 48312K(52224K)->48312K(52224K) NonClass: 42336K(44544K)->42336K(44544K) Class: 5975K(7680K)->5975K(7680K)
[2023-11-08T19:31:08.009+0100][gc            ] GC(1437) Pause Young (Mixed) (G1 Evacuation Pause) 261M->213M(1024M) 5,755ms
[2023-11-08T19:31:08.009+0100][gc,cpu        ] GC(1437) User=0,04s Sys=0,01s Real=0,00s
[2023-11-08T19:31:13.240+0100][gc,start      ] GC(1438) Pause Young (Normal) (G1 Evacuation Pause)
[2023-11-08T19:31:13.240+0100][gc,task       ] GC(1438) Using 13 workers of 13 for evacuation
[2023-11-08T19:31:13.245+0100][gc,phases     ] GC(1438)   Pre Evacuate Collection Set: 0,0ms
[2023-11-08T19:31:13.245+0100][gc,phases     ] GC(1438)   Evacuate Collection Set: 3,2ms
[2023-11-08T19:31:13.245+0100][gc,phases     ] GC(1438)   Post Evacuate Collection Set: 0,7ms
[2023-11-08T19:31:13.245+0100][gc,phases     ] GC(1438)   Other: 0,3ms
[2023-11-08T19:31:13.245+0100][gc,heap       ] GC(1438) Eden regions: 474->0(254)
[2023-11-08T19:31:13.245+0100][gc,heap       ] GC(1438) Survivor regions: 4->5(60)
[2023-11-08T19:31:13.245+0100][gc,heap       ] GC(1438) Old regions: 83->83
[2023-11-08T19:31:13.245+0100][gc,heap       ] GC(1438) Humongous regions: 129->129
[2023-11-08T19:31:13.245+0100][gc,metaspace  ] GC(1438) Metaspace: 48312K(52224K)->48312K(52224K) NonClass: 42336K(44544K)->42336K(44544K) Class: 5975K(7680K)->5975K(7680K)
[2023-11-08T19:31:13.245+0100][gc            ] GC(1438) Pause Young (Normal) (G1 Evacuation Pause) 687M->214M(1024M) 4,425ms
[2023-11-08T19:31:13.245+0100][gc,cpu        ] GC(1438) User=0,04s Sys=0,00s Real=0,01s
[2023-11-08T19:31:16.102+0100][gc,start      ] GC(1439) Pause Young (Normal) (G1 Evacuation Pause)
[2023-11-08T19:31:16.102+0100][gc,task       ] GC(1439) Using 13 workers of 13 for evacuation
[2023-11-08T19:31:16.106+0100][gc,phases     ] GC(1439)   Pre Evacuate Collection Set: 0,0ms
[2023-11-08T19:31:16.106+0100][gc,phases     ] GC(1439)   Evacuate Collection Set: 2,9ms
[2023-11-08T19:31:16.106+0100][gc,phases     ] GC(1439)   Post Evacuate Collection Set: 0,7ms
[2023-11-08T19:31:16.106+0100][gc,phases     ] GC(1439)   Other: 0,3ms
[2023-11-08T19:31:16.106+0100][gc,heap       ] GC(1439) Eden regions: 254->0(217)
[2023-11-08T19:31:16.106+0100][gc,heap       ] GC(1439) Survivor regions: 5->6(33)
[2023-11-08T19:31:16.106+0100][gc,heap       ] GC(1439) Old regions: 83->83
[2023-11-08T19:31:16.106+0100][gc,heap       ] GC(1439) Humongous regions: 129->129
[2023-11-08T19:31:16.106+0100][gc,metaspace  ] GC(1439) Metaspace: 48312K(52224K)->48312K(52224K) NonClass: 42336K(44544K)->42336K(44544K) Class: 5975K(7680K)->5975K(7680K)
[2023-11-08T19:31:16.106+0100][gc            ] GC(1439) Pause Young (Normal) (G1 Evacuation Pause) 468M->215M(1024M) 4,130ms
[2023-11-08T19:31:16.106+0100][gc,cpu        ] GC(1439) User=0,04s Sys=0,00s Real=0,01s
[2023-11-08T19:32:23.499+0100][gc,start      ] GC(1440) Pause Young (Normal) (G1 Evacuation Pause)
[2023-11-08T19:32:23.499+0100][gc,task       ] GC(1440) Using 13 workers of 13 for evacuation
[2023-11-08T19:32:23.504+0100][gc,phases     ] GC(1440)   Pre Evacuate Collection Set: 0,0ms
[2023-11-08T19:32:23.504+0100][gc,phases     ] GC(1440)   Evacuate Collection Set: 4,0ms
[2023-11-08T19:32:23.504+0100][gc,phases     ] GC(1440)   Post Evacuate Collection Set: 0,9ms
[2023-11-08T19:32:23.504+0100][gc,phases     ] GC(1440)   Other: 0,3ms
[2023-11-08T19:32:23.504+0100][gc,heap       ] GC(1440) Eden regions: 217->0(276)
[2023-11-08T19:32:23.504+0100][gc,heap       ] GC(1440) Survivor regions: 6->7(28)
[2023-11-08T19:32:23.504+0100][gc,heap       ] GC(1440) Old regions: 83->83
[2023-11-08T19:32:23.504+0100][gc,heap       ] GC(1440) Humongous regions: 129->129
[2023-11-08T19:32:23.504+0100][gc,metaspace  ] GC(1440) Metaspace: 48312K(52224K)->48312K(52224K) NonClass: 42336K(44544K)->42336K(44544K) Class: 5975K(7680K)->5975K(7680K)
[2023-11-08T19:32:23.504+0100][gc            ] GC(1440) Pause Young (Normal) (G1 Evacuation Pause) 432M->217M(1024M) 5,395ms
[2023-11-08T19:32:23.504+0100][gc,cpu        ] GC(1440) User=0,02s Sys=0,03s Real=0,01s
[2023-11-08T19:32:34.087+0100][gc,start      ] GC(1441) Pause Young (Normal) (G1 Evacuation Pause)
[2023-11-08T19:32:34.087+0100][gc,task       ] GC(1441) Using 13 workers of 13 for evacuation
[2023-11-08T19:32:34.093+0100][gc,phases     ] GC(1441)   Pre Evacuate Collection Set: 0,0ms
[2023-11-08T19:32:34.093+0100][gc,phases     ] GC(1441)   Evacuate Collection Set: 5,4ms
[2023-11-08T19:32:34.093+0100][gc,phases     ] GC(1441)   Post Evacuate Collection Set: 0,6ms
[2023-11-08T19:32:34.093+0100][gc,phases     ] GC(1441)   Other: 0,2ms
[2023-11-08T19:32:34.093+0100][gc,heap       ] GC(1441) Eden regions: 276->0(323)
[2023-11-08T19:32:34.093+0100][gc,heap       ] GC(1441) Survivor regions: 7->14(36)
[2023-11-08T19:32:34.093+0100][gc,heap       ] GC(1441) Old regions: 83->83
[2023-11-08T19:32:34.093+0100][gc,heap       ] GC(1441) Humongous regions: 129->129
[2023-11-08T19:32:34.093+0100][gc,metaspace  ] GC(1441) Metaspace: 48312K(52224K)->48312K(52224K) NonClass: 42336K(44544K)->42336K(44544K) Class: 5975K(7680K)->5975K(7680K)
[2023-11-08T19:32:34.093+0100][gc            ] GC(1441) Pause Young (Normal) (G1 Evacuation Pause) 493M->224M(1024M) 6,330ms
[2023-11-08T19:32:34.093+0100][gc,cpu        ] GC(1441) User=0,05s Sys=0,00s Real=0,00s
[2023-11-08T19:32:35.078+0100][gc,start      ] GC(1442) Pause Young (Normal) (G1 Evacuation Pause)
[2023-11-08T19:32:35.078+0100][gc,task       ] GC(1442) Using 13 workers of 13 for evacuation
[2023-11-08T19:32:35.088+0100][gc,phases     ] GC(1442)   Pre Evacuate Collection Set: 0,0ms
[2023-11-08T19:32:35.088+0100][gc,phases     ] GC(1442)   Evacuate Collection Set: 8,8ms
[2023-11-08T19:32:35.088+0100][gc,phases     ] GC(1442)   Post Evacuate Collection Set: 0,6ms
[2023-11-08T19:32:35.088+0100][gc,phases     ] GC(1442)   Other: 0,2ms
[2023-11-08T19:32:35.088+0100][gc,heap       ] GC(1442) Eden regions: 323->0(353)
[2023-11-08T19:32:35.088+0100][gc,heap       ] GC(1442) Survivor regions: 14->26(43)
[2023-11-08T19:32:35.088+0100][gc,heap       ] GC(1442) Old regions: 83->83
[2023-11-08T19:32:35.088+0100][gc,heap       ] GC(1442) Humongous regions: 129->129
[2023-11-08T19:32:35.088+0100][gc,metaspace  ] GC(1442) Metaspace: 48312K(52224K)->48312K(52224K) NonClass: 42336K(44544K)->42336K(44544K) Class: 5975K(7680K)->5975K(7680K)
[2023-11-08T19:32:35.088+0100][gc            ] GC(1442) Pause Young (Normal) (G1 Evacuation Pause) 547M->235M(1024M) 9,726ms
[2023-11-08T19:32:35.088+0100][gc,cpu        ] GC(1442) User=0,09s Sys=0,02s Real=0,01s
[2023-11-08T19:32:36.203+0100][gc,start      ] GC(1443) Pause Young (Normal) (G1 Evacuation Pause)
[2023-11-08T19:32:36.203+0100][gc,task       ] GC(1443) Using 13 workers of 13 for evacuation
[2023-11-08T19:32:36.208+0100][gc,phases     ] GC(1443)   Pre Evacuate Collection Set: 0,0ms
[2023-11-08T19:32:36.208+0100][gc,phases     ] GC(1443)   Evacuate Collection Set: 4,5ms
[2023-11-08T19:32:36.208+0100][gc,phases     ] GC(1443)   Post Evacuate Collection Set: 0,5ms
[2023-11-08T19:32:36.208+0100][gc,phases     ] GC(1443)   Other: 0,2ms
[2023-11-08T19:32:36.208+0100][gc,heap       ] GC(1443) Eden regions: 353->0(419)
[2023-11-08T19:32:36.208+0100][gc,heap       ] GC(1443) Survivor regions: 26->12(48)
[2023-11-08T19:32:36.208+0100][gc,heap       ] GC(1443) Old regions: 83->83
[2023-11-08T19:32:36.208+0100][gc,heap       ] GC(1443) Humongous regions: 129->129
[2023-11-08T19:32:36.208+0100][gc,metaspace  ] GC(1443) Metaspace: 48312K(52224K)->48312K(52224K) NonClass: 42336K(44544K)->42336K(44544K) Class: 5975K(7680K)->5975K(7680K)
[2023-11-08T19:32:36.208+0100][gc            ] GC(1443) Pause Young (Normal) (G1 Evacuation Pause) 588M->222M(1024M) 5,325ms
[2023-11-08T19:32:36.208+0100][gc,cpu        ] GC(1443) User=0,06s Sys=0,00s Real=0,00s
[2023-11-08T19:32:37.498+0100][gc,start      ] GC(1444) Pause Young (Normal) (G1 Evacuation Pause)
[2023-11-08T19:32:37.498+0100][gc,task       ] GC(1444) Using 13 workers of 13 for evacuation
[2023-11-08T19:32:37.508+0100][gc,phases     ] GC(1444)   Pre Evacuate Collection Set: 0,0ms
[2023-11-08T19:32:37.508+0100][gc,phases     ] GC(1444)   Evacuate Collection Set: 9,2ms
[2023-11-08T19:32:37.508+0100][gc,phases     ] GC(1444)   Post Evacuate Collection Set: 0,7ms
[2023-11-08T19:32:37.508+0100][gc,phases     ] GC(1444)   Other: 0,3ms
[2023-11-08T19:32:37.508+0100][gc,heap       ] GC(1444) Eden regions: 419->0(464)
[2023-11-08T19:32:37.508+0100][gc,heap       ] GC(1444) Survivor regions: 12->25(54)
[2023-11-08T19:32:37.508+0100][gc,heap       ] GC(1444) Old regions: 83->83
[2023-11-08T19:32:37.508+0100][gc,heap       ] GC(1444) Humongous regions: 129->129
[2023-11-08T19:32:37.508+0100][gc,metaspace  ] GC(1444) Metaspace: 48312K(52224K)->48312K(52224K) NonClass: 42336K(44544K)->42336K(44544K) Class: 5975K(7680K)->5975K(7680K)
[2023-11-08T19:32:37.508+0100][gc            ] GC(1444) Pause Young (Normal) (G1 Evacuation Pause) 641M->235M(1024M) 10,315ms
[2023-11-08T19:32:37.508+0100][gc,cpu        ] GC(1444) User=0,11s Sys=0,00s Real=0,01s
[2023-11-08T19:32:38.799+0100][gc,start      ] GC(1445) Pause Young (Normal) (G1 Evacuation Pause)
[2023-11-08T19:32:38.799+0100][gc,task       ] GC(1445) Using 13 workers of 13 for evacuation
[2023-11-08T19:32:38.808+0100][gc,phases     ] GC(1445)   Pre Evacuate Collection Set: 0,0ms
[2023-11-08T19:32:38.808+0100][gc,phases     ] GC(1445)   Evacuate Collection Set: 7,6ms
[2023-11-08T19:32:38.808+0100][gc,phases     ] GC(1445)   Post Evacuate Collection Set: 0,9ms
[2023-11-08T19:32:38.808+0100][gc,phases     ] GC(1445)   Other: 0,2ms
[2023-11-08T19:32:38.808+0100][gc,heap       ] GC(1445) Eden regions: 464->0(518)
[2023-11-08T19:32:38.808+0100][gc,heap       ] GC(1445) Survivor regions: 25->15(62)
[2023-11-08T19:32:38.808+0100][gc,heap       ] GC(1445) Old regions: 83->83
[2023-11-08T19:32:38.808+0100][gc,heap       ] GC(1445) Humongous regions: 129->129
[2023-11-08T19:32:38.808+0100][gc,metaspace  ] GC(1445) Metaspace: 48312K(52224K)->48312K(52224K) NonClass: 42336K(44544K)->42336K(44544K) Class: 5975K(7680K)->5975K(7680K)
[2023-11-08T19:32:38.808+0100][gc            ] GC(1445) Pause Young (Normal) (G1 Evacuation Pause) 699M->225M(1024M) 8,929ms
[2023-11-08T19:32:38.808+0100][gc,cpu        ] GC(1445) User=0,04s Sys=0,04s Real=0,01s
[2023-11-08T19:32:40.451+0100][gc,start      ] GC(1446) Pause Young (Normal) (G1 Evacuation Pause)
[2023-11-08T19:32:40.451+0100][gc,task       ] GC(1446) Using 13 workers of 13 for evacuation
[2023-11-08T19:32:40.460+0100][gc,phases     ] GC(1446)   Pre Evacuate Collection Set: 0,0ms
[2023-11-08T19:32:40.460+0100][gc,phases     ] GC(1446)   Evacuate Collection Set: 8,9ms
[2023-11-08T19:32:40.460+0100][gc,phases     ] GC(1446)   Post Evacuate Collection Set: 0,5ms
[2023-11-08T19:32:40.460+0100][gc,phases     ] GC(1446)   Other: 0,3ms
[2023-11-08T19:32:40.460+0100][gc,heap       ] GC(1446) Eden regions: 518->0(560)
[2023-11-08T19:32:40.460+0100][gc,heap       ] GC(1446) Survivor regions: 15->28(67)
[2023-11-08T19:32:40.460+0100][gc,heap       ] GC(1446) Old regions: 83->83
[2023-11-08T19:32:40.460+0100][gc,heap       ] GC(1446) Humongous regions: 129->129
[2023-11-08T19:32:40.460+0100][gc,metaspace  ] GC(1446) Metaspace: 48312K(52224K)->48312K(52224K) NonClass: 42336K(44544K)->42336K(44544K) Class: 5975K(7680K)->5975K(7680K)
[2023-11-08T19:32:40.460+0100][gc            ] GC(1446) Pause Young (Normal) (G1 Evacuation Pause) 743M->238M(1024M) 9,830ms
[2023-11-08T19:32:40.460+0100][gc,cpu        ] GC(1446) User=0,11s Sys=0,01s Real=0,01s
[2023-11-08T19:32:42.051+0100][gc,start      ] GC(1447) Pause Young (Normal) (G1 Evacuation Pause)
[2023-11-08T19:32:42.051+0100][gc,task       ] GC(1447) Using 13 workers of 13 for evacuation
[2023-11-08T19:32:42.060+0100][gc,phases     ] GC(1447)   Pre Evacuate Collection Set: 0,0ms
[2023-11-08T19:32:42.060+0100][gc,phases     ] GC(1447)   Evacuate Collection Set: 8,2ms
[2023-11-08T19:32:42.060+0100][gc,phases     ] GC(1447)   Post Evacuate Collection Set: 0,6ms
[2023-11-08T19:32:42.060+0100][gc,phases     ] GC(1447)   Other: 0,3ms
[2023-11-08T19:32:42.060+0100][gc,heap       ] GC(1447) Eden regions: 560->0(587)
[2023-11-08T19:32:42.060+0100][gc,heap       ] GC(1447) Survivor regions: 28->20(74)
[2023-11-08T19:32:42.060+0100][gc,heap       ] GC(1447) Old regions: 83->83
[2023-11-08T19:32:42.060+0100][gc,heap       ] GC(1447) Humongous regions: 129->129
[2023-11-08T19:32:42.060+0100][gc,metaspace  ] GC(1447) Metaspace: 48312K(52224K)->48312K(52224K) NonClass: 42336K(44544K)->42336K(44544K) Class: 5975K(7680K)->5975K(7680K)
[2023-11-08T19:32:42.060+0100][gc            ] GC(1447) Pause Young (Normal) (G1 Evacuation Pause) 798M->230M(1024M) 9,358ms
[2023-11-08T19:32:42.060+0100][gc,cpu        ] GC(1447) User=0,08s Sys=0,03s Real=0,01s
[2023-11-08T19:32:44.007+0100][gc,start      ] GC(1448) Pause Young (Concurrent Start) (G1 Evacuation Pause)
[2023-11-08T19:32:44.007+0100][gc,task       ] GC(1448) Using 13 workers of 13 for evacuation
[2023-11-08T19:32:44.014+0100][gc,phases     ] GC(1448)   Pre Evacuate Collection Set: 0,2ms
[2023-11-08T19:32:44.014+0100][gc,phases     ] GC(1448)   Evacuate Collection Set: 6,1ms
[2023-11-08T19:32:44.014+0100][gc,phases     ] GC(1448)   Post Evacuate Collection Set: 0,6ms
[2023-11-08T19:32:44.015+0100][gc,phases     ] GC(1448)   Other: 0,3ms
[2023-11-08T19:32:44.015+0100][gc,heap       ] GC(1448) Eden regions: 587->0(602)
[2023-11-08T19:32:44.015+0100][gc,heap       ] GC(1448) Survivor regions: 20->12(76)
[2023-11-08T19:32:44.015+0100][gc,heap       ] GC(1448) Old regions: 83->83
[2023-11-08T19:32:44.015+0100][gc,heap       ] GC(1448) Humongous regions: 129->129
[2023-11-08T19:32:44.015+0100][gc,metaspace  ] GC(1448) Metaspace: 48312K(52224K)->48312K(52224K) NonClass: 42336K(44544K)->42336K(44544K) Class: 5975K(7680K)->5975K(7680K)
[2023-11-08T19:32:44.015+0100][gc            ] GC(1448) Pause Young (Concurrent Start) (G1 Evacuation Pause) 817M->222M(1024M) 7,313ms
[2023-11-08T19:32:44.015+0100][gc,cpu        ] GC(1448) User=0,07s Sys=0,02s Real=0,00s
[2023-11-08T19:32:44.015+0100][gc            ] GC(1449) Concurrent Cycle
[2023-11-08T19:32:44.015+0100][gc,marking    ] GC(1449) Concurrent Clear Claimed Marks
[2023-11-08T19:32:44.015+0100][gc,marking    ] GC(1449) Concurrent Clear Claimed Marks 0,363ms
[2023-11-08T19:32:44.015+0100][gc,marking    ] GC(1449) Concurrent Scan Root Regions
[2023-11-08T19:32:44.019+0100][gc,marking    ] GC(1449) Concurrent Scan Root Regions 3,643ms
[2023-11-08T19:32:44.019+0100][gc,marking    ] GC(1449) Concurrent Mark (8235,627s)
[2023-11-08T19:32:44.019+0100][gc,marking    ] GC(1449) Concurrent Mark From Roots
[2023-11-08T19:32:44.019+0100][gc,task       ] GC(1449) Using 3 workers of 3 for marking
[2023-11-08T19:32:44.034+0100][gc,marking    ] GC(1449) Concurrent Mark From Roots 15,395ms
[2023-11-08T19:32:44.034+0100][gc,marking    ] GC(1449) Concurrent Preclean
[2023-11-08T19:32:44.035+0100][gc,marking    ] GC(1449) Concurrent Preclean 0,330ms
[2023-11-08T19:32:44.035+0100][gc,marking    ] GC(1449) Concurrent Mark (8235,627s, 8235,643s) 15,817ms
[2023-11-08T19:32:44.035+0100][gc,start      ] GC(1449) Pause Remark
[2023-11-08T19:32:44.039+0100][gc,stringtable] GC(1449) Cleaned string and symbol table, strings: 18405 processed, 0 removed, symbols: 94795 processed, 0 removed
[2023-11-08T19:32:44.039+0100][gc            ] GC(1449) Pause Remark 230M->230M(1024M) 4,199ms
[2023-11-08T19:32:44.039+0100][gc,cpu        ] GC(1449) User=0,05s Sys=0,00s Real=0,00s
[2023-11-08T19:32:44.039+0100][gc,marking    ] GC(1449) Concurrent Rebuild Remembered Sets
[2023-11-08T19:32:44.050+0100][gc,marking    ] GC(1449) Concurrent Rebuild Remembered Sets 10,896ms
[2023-11-08T19:32:44.050+0100][gc,start      ] GC(1449) Pause Cleanup
[2023-11-08T19:32:44.050+0100][gc            ] GC(1449) Pause Cleanup 235M->235M(1024M) 0,152ms
[2023-11-08T19:32:44.050+0100][gc,cpu        ] GC(1449) User=0,00s Sys=0,00s Real=0,00s
[2023-11-08T19:32:44.050+0100][gc,marking    ] GC(1449) Concurrent Cleanup for Next Mark
[2023-11-08T19:32:44.052+0100][gc,marking    ] GC(1449) Concurrent Cleanup for Next Mark 1,788ms
[2023-11-08T19:32:44.052+0100][gc            ] GC(1449) Concurrent Cycle 37,532ms
[2023-11-08T19:32:44.274+0100][gc,start      ] GC(1450) Pause Young (Prepare Mixed) (G1 Evacuation Pause)
[2023-11-08T19:32:44.274+0100][gc,task       ] GC(1450) Using 13 workers of 13 for evacuation
[2023-11-08T19:32:44.280+0100][gc,phases     ] GC(1450)   Pre Evacuate Collection Set: 0,0ms
[2023-11-08T19:32:44.280+0100][gc,phases     ] GC(1450)   Evacuate Collection Set: 6,1ms
[2023-11-08T19:32:44.280+0100][gc,phases     ] GC(1450)   Post Evacuate Collection Set: 0,4ms
[2023-11-08T19:32:44.280+0100][gc,phases     ] GC(1450)   Other: 0,3ms
[2023-11-08T19:32:44.280+0100][gc,heap       ] GC(1450) Eden regions: 86->0(40)
[2023-11-08T19:32:44.280+0100][gc,heap       ] GC(1450) Survivor regions: 12->11(13)
[2023-11-08T19:32:44.280+0100][gc,heap       ] GC(1450) Old regions: 83->85
[2023-11-08T19:32:44.280+0100][gc,heap       ] GC(1450) Humongous regions: 129->129
[2023-11-08T19:32:44.280+0100][gc,metaspace  ] GC(1450) Metaspace: 48312K(52224K)->48312K(52224K) NonClass: 42336K(44544K)->42336K(44544K) Class: 5975K(7680K)->5975K(7680K)
[2023-11-08T19:32:44.281+0100][gc            ] GC(1450) Pause Young (Prepare Mixed) (G1 Evacuation Pause) 308M->222M(1024M) 6,924ms
[2023-11-08T19:32:44.281+0100][gc,cpu        ] GC(1450) User=0,08s Sys=0,00s Real=0,01s
[2023-11-08T19:32:44.402+0100][gc,start      ] GC(1451) Pause Young (Mixed) (G1 Evacuation Pause)
[2023-11-08T19:32:44.402+0100][gc,task       ] GC(1451) Using 13 workers of 13 for evacuation
[2023-11-08T19:32:44.407+0100][gc,phases     ] GC(1451)   Pre Evacuate Collection Set: 0,0ms
[2023-11-08T19:32:44.407+0100][gc,phases     ] GC(1451)   Evacuate Collection Set: 4,4ms
[2023-11-08T19:32:44.407+0100][gc,phases     ] GC(1451)   Post Evacuate Collection Set: 0,6ms
[2023-11-08T19:32:44.407+0100][gc,phases     ] GC(1451)   Other: 0,3ms
[2023-11-08T19:32:44.407+0100][gc,heap       ] GC(1451) Eden regions: 40->0(608)
[2023-11-08T19:32:44.407+0100][gc,heap       ] GC(1451) Survivor regions: 11->6(7)
[2023-11-08T19:32:44.407+0100][gc,heap       ] GC(1451) Old regions: 85->88
[2023-11-08T19:32:44.407+0100][gc,heap       ] GC(1451) Humongous regions: 129->129
[2023-11-08T19:32:44.407+0100][gc,metaspace  ] GC(1451) Metaspace: 48312K(52224K)->48312K(52224K) NonClass: 42336K(44544K)->42336K(44544K) Class: 5975K(7680K)->5975K(7680K)
[2023-11-08T19:32:44.407+0100][gc            ] GC(1451) Pause Young (Mixed) (G1 Evacuation Pause) 262M->220M(1024M) 5,622ms
[2023-11-08T19:32:44.407+0100][gc,cpu        ] GC(1451) User=0,05s Sys=0,01s Real=0,01s
[2023-11-08T19:32:46.961+0100][gc,start      ] GC(1452) Pause Young (Normal) (G1 Evacuation Pause)
[2023-11-08T19:32:46.961+0100][gc,task       ] GC(1452) Using 13 workers of 13 for evacuation
[2023-11-08T19:32:46.965+0100][gc,phases     ] GC(1452)   Pre Evacuate Collection Set: 0,0ms
[2023-11-08T19:32:46.965+0100][gc,phases     ] GC(1452)   Evacuate Collection Set: 3,4ms
[2023-11-08T19:32:46.965+0100][gc,phases     ] GC(1452)   Post Evacuate Collection Set: 0,7ms
[2023-11-08T19:32:46.965+0100][gc,phases     ] GC(1452)   Other: 0,2ms
[2023-11-08T19:32:46.965+0100][gc,heap       ] GC(1452) Eden regions: 608->0(47)
[2023-11-08T19:32:46.965+0100][gc,heap       ] GC(1452) Survivor regions: 6->4(77)
[2023-11-08T19:32:46.965+0100][gc,heap       ] GC(1452) Old regions: 88->88
[2023-11-08T19:32:46.965+0100][gc,heap       ] GC(1452) Humongous regions: 129->129
[2023-11-08T19:32:46.965+0100][gc,metaspace  ] GC(1452) Metaspace: 48312K(52224K)->48312K(52224K) NonClass: 42336K(44544K)->42336K(44544K) Class: 5975K(7680K)->5975K(7680K)
[2023-11-08T19:32:46.965+0100][gc            ] GC(1452) Pause Young (Normal) (G1 Evacuation Pause) 828M->218M(1024M) 4,571ms
[2023-11-08T19:32:46.965+0100][gc,cpu        ] GC(1452) User=0,05s Sys=0,00s Real=0,01s
[2023-11-08T19:32:47.165+0100][gc,start      ] GC(1453) Pause Young (Normal) (G1 Evacuation Pause)
[2023-11-08T19:32:47.165+0100][gc,task       ] GC(1453) Using 13 workers of 13 for evacuation
[2023-11-08T19:32:47.168+0100][gc,phases     ] GC(1453)   Pre Evacuate Collection Set: 0,0ms
[2023-11-08T19:32:47.168+0100][gc,phases     ] GC(1453)   Evacuate Collection Set: 2,5ms
[2023-11-08T19:32:47.168+0100][gc,phases     ] GC(1453)   Post Evacuate Collection Set: 0,6ms
[2023-11-08T19:32:47.168+0100][gc,phases     ] GC(1453)   Other: 0,2ms
[2023-11-08T19:32:47.168+0100][gc,heap       ] GC(1453) Eden regions: 47->0(323)
[2023-11-08T19:32:47.168+0100][gc,heap       ] GC(1453) Survivor regions: 4->5(7)
[2023-11-08T19:32:47.168+0100][gc,heap       ] GC(1453) Old regions: 88->88
[2023-11-08T19:32:47.168+0100][gc,heap       ] GC(1453) Humongous regions: 129->129
[2023-11-08T19:32:47.168+0100][gc,metaspace  ] GC(1453) Metaspace: 48312K(52224K)->48312K(52224K) NonClass: 42336K(44544K)->42336K(44544K) Class: 5975K(7680K)->5975K(7680K)
[2023-11-08T19:32:47.168+0100][gc            ] GC(1453) Pause Young (Normal) (G1 Evacuation Pause) 265M->219M(1024M) 3,491ms
[2023-11-08T19:32:47.168+0100][gc,cpu        ] GC(1453) User=0,04s Sys=0,00s Real=0,00s
[2023-11-08T19:32:48.716+0100][gc,start      ] GC(1454) Pause Young (Normal) (G1 Evacuation Pause)
[2023-11-08T19:32:48.716+0100][gc,task       ] GC(1454) Using 13 workers of 13 for evacuation
[2023-11-08T19:32:48.722+0100][gc,phases     ] GC(1454)   Pre Evacuate Collection Set: 0,0ms
[2023-11-08T19:32:48.722+0100][gc,phases     ] GC(1454)   Evacuate Collection Set: 5,1ms
[2023-11-08T19:32:48.722+0100][gc,phases     ] GC(1454)   Post Evacuate Collection Set: 0,6ms
[2023-11-08T19:32:48.722+0100][gc,phases     ] GC(1454)   Other: 0,2ms
[2023-11-08T19:32:48.722+0100][gc,heap       ] GC(1454) Eden regions: 323->0(392)
[2023-11-08T19:32:48.722+0100][gc,heap       ] GC(1454) Survivor regions: 5->12(41)
[2023-11-08T19:32:48.722+0100][gc,heap       ] GC(1454) Old regions: 88->88
[2023-11-08T19:32:48.722+0100][gc,heap       ] GC(1454) Humongous regions: 129->129
[2023-11-08T19:32:48.722+0100][gc,metaspace  ] GC(1454) Metaspace: 48312K(52224K)->48312K(52224K) NonClass: 42336K(44544K)->42336K(44544K) Class: 5975K(7680K)->5975K(7680K)
[2023-11-08T19:32:48.722+0100][gc            ] GC(1454) Pause Young (Normal) (G1 Evacuation Pause) 542M->226M(1024M) 6,095ms
[2023-11-08T19:32:48.722+0100][gc,cpu        ] GC(1454) User=0,06s Sys=0,01s Real=0,00s
[2023-11-08T19:32:50.385+0100][gc,start      ] GC(1455) Pause Young (Normal) (G1 Evacuation Pause)
[2023-11-08T19:32:50.385+0100][gc,task       ] GC(1455) Using 13 workers of 13 for evacuation
[2023-11-08T19:32:50.394+0100][gc,phases     ] GC(1455)   Pre Evacuate Collection Set: 0,0ms
[2023-11-08T19:32:50.394+0100][gc,phases     ] GC(1455)   Evacuate Collection Set: 8,9ms
[2023-11-08T19:32:50.394+0100][gc,phases     ] GC(1455)   Post Evacuate Collection Set: 0,6ms
[2023-11-08T19:32:50.395+0100][gc,phases     ] GC(1455)   Other: 0,3ms
[2023-11-08T19:32:50.395+0100][gc,heap       ] GC(1455) Eden regions: 392->0(447)
[2023-11-08T19:32:50.395+0100][gc,heap       ] GC(1455) Survivor regions: 12->24(51)
[2023-11-08T19:32:50.395+0100][gc,heap       ] GC(1455) Old regions: 88->88
[2023-11-08T19:32:50.395+0100][gc,heap       ] GC(1455) Humongous regions: 129->129
[2023-11-08T19:32:50.395+0100][gc,metaspace  ] GC(1455) Metaspace: 48312K(52224K)->48312K(52224K) NonClass: 42336K(44544K)->42336K(44544K) Class: 5975K(7680K)->5975K(7680K)
[2023-11-08T19:32:50.395+0100][gc            ] GC(1455) Pause Young (Normal) (G1 Evacuation Pause) 618M->238M(1024M) 10,032ms
[2023-11-08T19:32:50.395+0100][gc,cpu        ] GC(1455) User=0,10s Sys=0,01s Real=0,01s
[2023-11-08T19:32:52.388+0100][gc,start      ] GC(1456) Pause Young (Normal) (G1 Evacuation Pause)
[2023-11-08T19:32:52.388+0100][gc,task       ] GC(1456) Using 13 workers of 13 for evacuation
[2023-11-08T19:32:52.394+0100][gc,phases     ] GC(1456)   Pre Evacuate Collection Set: 0,0ms
[2023-11-08T19:32:52.394+0100][gc,phases     ] GC(1456)   Evacuate Collection Set: 4,5ms
[2023-11-08T19:32:52.394+0100][gc,phases     ] GC(1456)   Post Evacuate Collection Set: 0,7ms
[2023-11-08T19:32:52.394+0100][gc,phases     ] GC(1456)   Other: 0,3ms
[2023-11-08T19:32:52.394+0100][gc,heap       ] GC(1456) Eden regions: 447->0(555)
[2023-11-08T19:32:52.394+0100][gc,heap       ] GC(1456) Survivor regions: 24->13(59)
[2023-11-08T19:32:52.394+0100][gc,heap       ] GC(1456) Old regions: 88->88
[2023-11-08T19:32:52.394+0100][gc,heap       ] GC(1456) Humongous regions: 129->129
[2023-11-08T19:32:52.394+0100][gc,metaspace  ] GC(1456) Metaspace: 48312K(52224K)->48312K(52224K) NonClass: 42336K(44544K)->42336K(44544K) Class: 5975K(7680K)->5975K(7680K)
[2023-11-08T19:32:52.394+0100][gc            ] GC(1456) Pause Young (Normal) (G1 Evacuation Pause) 685M->227M(1024M) 5,597ms
[2023-11-08T19:32:52.394+0100][gc,cpu        ] GC(1456) User=0,05s Sys=0,00s Real=0,00s
[2023-11-08T19:32:54.822+0100][gc,start      ] GC(1457) Pause Young (Normal) (G1 Evacuation Pause)
[2023-11-08T19:32:54.822+0100][gc,task       ] GC(1457) Using 13 workers of 13 for evacuation
[2023-11-08T19:32:54.833+0100][gc,phases     ] GC(1457)   Pre Evacuate Collection Set: 0,0ms
[2023-11-08T19:32:54.833+0100][gc,phases     ] GC(1457)   Evacuate Collection Set: 10,3ms
[2023-11-08T19:32:54.833+0100][gc,phases     ] GC(1457)   Post Evacuate Collection Set: 0,5ms
[2023-11-08T19:32:54.833+0100][gc,phases     ] GC(1457)   Other: 0,2ms
[2023-11-08T19:32:54.833+0100][gc,heap       ] GC(1457) Eden regions: 555->0(584)
[2023-11-08T19:32:54.833+0100][gc,heap       ] GC(1457) Survivor regions: 13->27(71)
[2023-11-08T19:32:54.833+0100][gc,heap       ] GC(1457) Old regions: 88->88
[2023-11-08T19:32:54.833+0100][gc,heap       ] GC(1457) Humongous regions: 129->129
[2023-11-08T19:32:54.833+0100][gc,metaspace  ] GC(1457) Metaspace: 48312K(52224K)->48312K(52224K) NonClass: 42336K(44544K)->42336K(44544K) Class: 5975K(7680K)->5975K(7680K)
[2023-11-08T19:32:54.833+0100][gc            ] GC(1457) Pause Young (Normal) (G1 Evacuation Pause) 782M->241M(1024M) 11,182ms
[2023-11-08T19:32:54.833+0100][gc,cpu        ] GC(1457) User=0,13s Sys=0,00s Real=0,01s
[2023-11-08T19:32:57.384+0100][gc,start      ] GC(1458) Pause Young (Normal) (G1 Evacuation Pause)
[2023-11-08T19:32:57.384+0100][gc,task       ] GC(1458) Using 13 workers of 13 for evacuation
[2023-11-08T19:32:57.393+0100][gc,phases     ] GC(1458)   Pre Evacuate Collection Set: 0,0ms
[2023-11-08T19:32:57.393+0100][gc,phases     ] GC(1458)   Evacuate Collection Set: 7,7ms
[2023-11-08T19:32:57.393+0100][gc,phases     ] GC(1458)   Post Evacuate Collection Set: 0,5ms
[2023-11-08T19:32:57.393+0100][gc,phases     ] GC(1458)   Other: 0,3ms
[2023-11-08T19:32:57.393+0100][gc,heap       ] GC(1458) Eden regions: 584->0(593)
[2023-11-08T19:32:57.393+0100][gc,heap       ] GC(1458) Survivor regions: 27->21(77)
[2023-11-08T19:32:57.393+0100][gc,heap       ] GC(1458) Old regions: 88->88
[2023-11-08T19:32:57.393+0100][gc,heap       ] GC(1458) Humongous regions: 129->129
[2023-11-08T19:32:57.393+0100][gc,metaspace  ] GC(1458) Metaspace: 48312K(52224K)->48312K(52224K) NonClass: 42336K(44544K)->42336K(44544K) Class: 5975K(7680K)->5975K(7680K)
[2023-11-08T19:32:57.393+0100][gc            ] GC(1458) Pause Young (Normal) (G1 Evacuation Pause) 825M->235M(1024M) 8,613ms
[2023-11-08T19:32:57.393+0100][gc,cpu        ] GC(1458) User=0,09s Sys=0,00s Real=0,00s
[2023-11-08T19:32:59.917+0100][gc,start      ] GC(1459) Pause Young (Concurrent Start) (G1 Evacuation Pause)
[2023-11-08T19:32:59.917+0100][gc,task       ] GC(1459) Using 13 workers of 13 for evacuation
[2023-11-08T19:32:59.925+0100][gc,phases     ] GC(1459)   Pre Evacuate Collection Set: 0,2ms
[2023-11-08T19:32:59.925+0100][gc,phases     ] GC(1459)   Evacuate Collection Set: 6,9ms
[2023-11-08T19:32:59.925+0100][gc,phases     ] GC(1459)   Post Evacuate Collection Set: 0,7ms
[2023-11-08T19:32:59.925+0100][gc,phases     ] GC(1459)   Other: 0,3ms
[2023-11-08T19:32:59.925+0100][gc,heap       ] GC(1459) Eden regions: 593->0(598)
[2023-11-08T19:32:59.925+0100][gc,heap       ] GC(1459) Survivor regions: 21->16(77)
[2023-11-08T19:32:59.925+0100][gc,heap       ] GC(1459) Old regions: 88->88
[2023-11-08T19:32:59.925+0100][gc,heap       ] GC(1459) Humongous regions: 129->129
[2023-11-08T19:32:59.925+0100][gc,metaspace  ] GC(1459) Metaspace: 48312K(52224K)->48312K(52224K) NonClass: 42336K(44544K)->42336K(44544K) Class: 5975K(7680K)->5975K(7680K)
[2023-11-08T19:32:59.925+0100][gc            ] GC(1459) Pause Young (Concurrent Start) (G1 Evacuation Pause) 828M->231M(1024M) 8,296ms
[2023-11-08T19:32:59.925+0100][gc,cpu        ] GC(1459) User=0,07s Sys=0,00s Real=0,01s
[2023-11-08T19:32:59.925+0100][gc            ] GC(1460) Concurrent Cycle
[2023-11-08T19:32:59.925+0100][gc,marking    ] GC(1460) Concurrent Clear Claimed Marks
[2023-11-08T19:32:59.925+0100][gc,marking    ] GC(1460) Concurrent Clear Claimed Marks 0,219ms
[2023-11-08T19:32:59.925+0100][gc,marking    ] GC(1460) Concurrent Scan Root Regions
[2023-11-08T19:32:59.929+0100][gc,marking    ] GC(1460) Concurrent Scan Root Regions 3,914ms
[2023-11-08T19:32:59.929+0100][gc,marking    ] GC(1460) Concurrent Mark (8251,538s)
[2023-11-08T19:32:59.929+0100][gc,marking    ] GC(1460) Concurrent Mark From Roots
[2023-11-08T19:32:59.929+0100][gc,task       ] GC(1460) Using 3 workers of 3 for marking
[2023-11-08T19:32:59.950+0100][gc,marking    ] GC(1460) Concurrent Mark From Roots 20,756ms
[2023-11-08T19:32:59.950+0100][gc,marking    ] GC(1460) Concurrent Preclean
[2023-11-08T19:32:59.950+0100][gc,marking    ] GC(1460) Concurrent Preclean 0,244ms
[2023-11-08T19:32:59.950+0100][gc,marking    ] GC(1460) Concurrent Mark (8251,538s, 8251,559s) 21,069ms
[2023-11-08T19:32:59.950+0100][gc,start      ] GC(1460) Pause Remark
[2023-11-08T19:32:59.954+0100][gc,stringtable] GC(1460) Cleaned string and symbol table, strings: 18405 processed, 0 removed, symbols: 94795 processed, 0 removed
[2023-11-08T19:32:59.954+0100][gc            ] GC(1460) Pause Remark 239M->239M(1024M) 3,666ms
[2023-11-08T19:32:59.954+0100][gc,cpu        ] GC(1460) User=0,03s Sys=0,01s Real=0,00s
[2023-11-08T19:32:59.954+0100][gc,marking    ] GC(1460) Concurrent Rebuild Remembered Sets
[2023-11-08T19:32:59.965+0100][gc,marking    ] GC(1460) Concurrent Rebuild Remembered Sets 11,325ms
[2023-11-08T19:32:59.966+0100][gc,start      ] GC(1460) Pause Cleanup
[2023-11-08T19:32:59.966+0100][gc            ] GC(1460) Pause Cleanup 241M->241M(1024M) 0,148ms
[2023-11-08T19:32:59.966+0100][gc,cpu        ] GC(1460) User=0,00s Sys=0,00s Real=0,00s
[2023-11-08T19:32:59.966+0100][gc,marking    ] GC(1460) Concurrent Cleanup for Next Mark
[2023-11-08T19:32:59.968+0100][gc,marking    ] GC(1460) Concurrent Cleanup for Next Mark 1,910ms
[2023-11-08T19:32:59.968+0100][gc            ] GC(1460) Concurrent Cycle 42,836ms
[2023-11-08T19:33:00.185+0100][gc,start      ] GC(1461) Pause Young (Prepare Mixed) (G1 Evacuation Pause)
[2023-11-08T19:33:00.185+0100][gc,task       ] GC(1461) Using 13 workers of 13 for evacuation
[2023-11-08T19:33:00.195+0100][gc,phases     ] GC(1461)   Pre Evacuate Collection Set: 0,0ms
[2023-11-08T19:33:00.195+0100][gc,phases     ] GC(1461)   Evacuate Collection Set: 8,8ms
[2023-11-08T19:33:00.195+0100][gc,phases     ] GC(1461)   Post Evacuate Collection Set: 0,4ms
[2023-11-08T19:33:00.195+0100][gc,phases     ] GC(1461)   Other: 0,3ms
[2023-11-08T19:33:00.195+0100][gc,heap       ] GC(1461) Eden regions: 48->0(48)
[2023-11-08T19:33:00.195+0100][gc,heap       ] GC(1461) Survivor regions: 16->3(8)
[2023-11-08T19:33:00.195+0100][gc,heap       ] GC(1461) Old regions: 88->101
[2023-11-08T19:33:00.195+0100][gc,heap       ] GC(1461) Humongous regions: 129->129
[2023-11-08T19:33:00.195+0100][gc,metaspace  ] GC(1461) Metaspace: 48312K(52224K)->48312K(52224K) NonClass: 42336K(44544K)->42336K(44544K) Class: 5975K(7680K)->5975K(7680K)
[2023-11-08T19:33:00.195+0100][gc            ] GC(1461) Pause Young (Prepare Mixed) (G1 Evacuation Pause) 279M->230M(1024M) 9,646ms
[2023-11-08T19:33:00.195+0100][gc,cpu        ] GC(1461) User=0,09s Sys=0,01s Real=0,01s
[2023-11-08T19:33:00.433+0100][gc,start      ] GC(1462) Pause Young (Mixed) (G1 Evacuation Pause)
[2023-11-08T19:33:00.433+0100][gc,task       ] GC(1462) Using 13 workers of 13 for evacuation
[2023-11-08T19:33:00.438+0100][gc,phases     ] GC(1462)   Pre Evacuate Collection Set: 0,1ms
[2023-11-08T19:33:00.438+0100][gc,phases     ] GC(1462)   Evacuate Collection Set: 4,1ms
[2023-11-08T19:33:00.438+0100][gc,phases     ] GC(1462)   Post Evacuate Collection Set: 0,6ms
[2023-11-08T19:33:00.438+0100][gc,phases     ] GC(1462)   Other: 0,3ms
[2023-11-08T19:33:00.438+0100][gc,heap       ] GC(1462) Eden regions: 48->0(612)
[2023-11-08T19:33:00.438+0100][gc,heap       ] GC(1462) Survivor regions: 3->2(7)
[2023-11-08T19:33:00.438+0100][gc,heap       ] GC(1462) Old regions: 101->94
[2023-11-08T19:33:00.438+0100][gc,heap       ] GC(1462) Humongous regions: 129->129
[2023-11-08T19:33:00.438+0100][gc,metaspace  ] GC(1462) Metaspace: 48312K(52224K)->48312K(52224K) NonClass: 42336K(44544K)->42336K(44544K) Class: 5975K(7680K)->5975K(7680K)
[2023-11-08T19:33:00.438+0100][gc            ] GC(1462) Pause Young (Mixed) (G1 Evacuation Pause) 278M->222M(1024M) 5,267ms
[2023-11-08T19:33:00.438+0100][gc,cpu        ] GC(1462) User=0,05s Sys=0,00s Real=0,01s
[2023-11-08T19:33:02.933+0100][gc,start      ] GC(1463) Pause Young (Normal) (G1 Evacuation Pause)
[2023-11-08T19:33:02.933+0100][gc,task       ] GC(1463) Using 13 workers of 13 for evacuation
[2023-11-08T19:33:02.938+0100][gc,phases     ] GC(1463)   Pre Evacuate Collection Set: 0,0ms
[2023-11-08T19:33:02.938+0100][gc,phases     ] GC(1463)   Evacuate Collection Set: 4,4ms
[2023-11-08T19:33:02.938+0100][gc,phases     ] GC(1463)   Post Evacuate Collection Set: 0,7ms
[2023-11-08T19:33:02.938+0100][gc,phases     ] GC(1463)   Other: 0,3ms
[2023-11-08T19:33:02.938+0100][gc,heap       ] GC(1463) Eden regions: 612->0(41)
[2023-11-08T19:33:02.938+0100][gc,heap       ] GC(1463) Survivor regions: 2->10(77)
[2023-11-08T19:33:02.938+0100][gc,heap       ] GC(1463) Old regions: 94->94
[2023-11-08T19:33:02.938+0100][gc,heap       ] GC(1463) Humongous regions: 129->129
[2023-11-08T19:33:02.938+0100][gc,metaspace  ] GC(1463) Metaspace: 48312K(52224K)->48312K(52224K) NonClass: 42336K(44544K)->42336K(44544K) Class: 5975K(7680K)->5975K(7680K)
[2023-11-08T19:33:02.938+0100][gc            ] GC(1463) Pause Young (Normal) (G1 Evacuation Pause) 834M->230M(1024M) 5,535ms
[2023-11-08T19:33:02.938+0100][gc,cpu        ] GC(1463) User=0,06s Sys=0,01s Real=0,01s
[2023-11-08T19:33:03.160+0100][gc,start      ] GC(1464) Pause Young (Normal) (G1 Evacuation Pause)
[2023-11-08T19:33:03.161+0100][gc,task       ] GC(1464) Using 13 workers of 13 for evacuation
[2023-11-08T19:33:03.164+0100][gc,phases     ] GC(1464)   Pre Evacuate Collection Set: 0,0ms
[2023-11-08T19:33:03.164+0100][gc,phases     ] GC(1464)   Evacuate Collection Set: 3,1ms
[2023-11-08T19:33:03.164+0100][gc,phases     ] GC(1464)   Post Evacuate Collection Set: 0,5ms
[2023-11-08T19:33:03.164+0100][gc,phases     ] GC(1464)   Other: 0,2ms
[2023-11-08T19:33:03.164+0100][gc,heap       ] GC(1464) Eden regions: 41->0(319)
[2023-11-08T19:33:03.164+0100][gc,heap       ] GC(1464) Survivor regions: 10->2(7)
[2023-11-08T19:33:03.164+0100][gc,heap       ] GC(1464) Old regions: 94->103
[2023-11-08T19:33:03.164+0100][gc,heap       ] GC(1464) Humongous regions: 129->129
[2023-11-08T19:33:03.164+0100][gc,metaspace  ] GC(1464) Metaspace: 48312K(52224K)->48312K(52224K) NonClass: 42336K(44544K)->42336K(44544K) Class: 5975K(7680K)->5975K(7680K)
[2023-11-08T19:33:03.164+0100][gc            ] GC(1464) Pause Young (Normal) (G1 Evacuation Pause) 271M->231M(1024M) 3,990ms
[2023-11-08T19:33:03.165+0100][gc,cpu        ] GC(1464) User=0,04s Sys=0,00s Real=0,01s
[2023-11-08T19:33:04.449+0100][gc,start      ] GC(1465) Pause Young (Normal) (G1 Evacuation Pause)
[2023-11-08T19:33:04.449+0100][gc,task       ] GC(1465) Using 13 workers of 13 for evacuation
[2023-11-08T19:33:04.455+0100][gc,phases     ] GC(1465)   Pre Evacuate Collection Set: 0,0ms
[2023-11-08T19:33:04.455+0100][gc,phases     ] GC(1465)   Evacuate Collection Set: 5,7ms
[2023-11-08T19:33:04.455+0100][gc,phases     ] GC(1465)   Post Evacuate Collection Set: 0,8ms
[2023-11-08T19:33:04.455+0100][gc,phases     ] GC(1465)   Other: 0,3ms
[2023-11-08T19:33:04.455+0100][gc,heap       ] GC(1465) Eden regions: 319->0(471)
[2023-11-08T19:33:04.455+0100][gc,heap       ] GC(1465) Survivor regions: 2->11(41)
[2023-11-08T19:33:04.455+0100][gc,heap       ] GC(1465) Old regions: 103->103
[2023-11-08T19:33:04.455+0100][gc,heap       ] GC(1465) Humongous regions: 129->129
[2023-11-08T19:33:04.455+0100][gc,metaspace  ] GC(1465) Metaspace: 48312K(52224K)->48312K(52224K) NonClass: 42336K(44544K)->42336K(44544K) Class: 5975K(7680K)->5975K(7680K)
[2023-11-08T19:33:04.455+0100][gc            ] GC(1465) Pause Young (Normal) (G1 Evacuation Pause) 550M->240M(1024M) 6,886ms
[2023-11-08T19:33:04.456+0100][gc,cpu        ] GC(1465) User=0,05s Sys=0,01s Real=0,01s
[2023-11-08T19:33:06.419+0100][gc,start      ] GC(1466) Pause Young (Concurrent Start) (G1 Evacuation Pause)
[2023-11-08T19:33:06.419+0100][gc,task       ] GC(1466) Using 13 workers of 13 for evacuation
[2023-11-08T19:33:06.426+0100][gc,phases     ] GC(1466)   Pre Evacuate Collection Set: 0,2ms
[2023-11-08T19:33:06.426+0100][gc,phases     ] GC(1466)   Evacuate Collection Set: 5,4ms
[2023-11-08T19:33:06.426+0100][gc,phases     ] GC(1466)   Post Evacuate Collection Set: 0,6ms
[2023-11-08T19:33:06.426+0100][gc,phases     ] GC(1466)   Other: 0,3ms
[2023-11-08T19:33:06.426+0100][gc,heap       ] GC(1466) Eden regions: 471->0(512)
[2023-11-08T19:33:06.426+0100][gc,heap       ] GC(1466) Survivor regions: 11->11(61)
[2023-11-08T19:33:06.426+0100][gc,heap       ] GC(1466) Old regions: 103->103
[2023-11-08T19:33:06.426+0100][gc,heap       ] GC(1466) Humongous regions: 129->129
[2023-11-08T19:33:06.426+0100][gc,metaspace  ] GC(1466) Metaspace: 48312K(52224K)->48312K(52224K) NonClass: 42336K(44544K)->42336K(44544K) Class: 5975K(7680K)->5975K(7680K)
[2023-11-08T19:33:06.426+0100][gc            ] GC(1466) Pause Young (Concurrent Start) (G1 Evacuation Pause) 711M->240M(1024M) 6,807ms
[2023-11-08T19:33:06.426+0100][gc,cpu        ] GC(1466) User=0,06s Sys=0,01s Real=0,01s
[2023-11-08T19:33:06.426+0100][gc            ] GC(1467) Concurrent Cycle
[2023-11-08T19:33:06.426+0100][gc,marking    ] GC(1467) Concurrent Clear Claimed Marks
[2023-11-08T19:33:06.427+0100][gc,marking    ] GC(1467) Concurrent Clear Claimed Marks 0,277ms
[2023-11-08T19:33:06.427+0100][gc,marking    ] GC(1467) Concurrent Scan Root Regions
[2023-11-08T19:33:06.429+0100][gc,marking    ] GC(1467) Concurrent Scan Root Regions 2,418ms
[2023-11-08T19:33:06.429+0100][gc,marking    ] GC(1467) Concurrent Mark (8258,038s)
[2023-11-08T19:33:06.429+0100][gc,marking    ] GC(1467) Concurrent Mark From Roots
[2023-11-08T19:33:06.429+0100][gc,task       ] GC(1467) Using 3 workers of 3 for marking
[2023-11-08T19:33:06.446+0100][gc,marking    ] GC(1467) Concurrent Mark From Roots 16,765ms
[2023-11-08T19:33:06.446+0100][gc,marking    ] GC(1467) Concurrent Preclean
[2023-11-08T19:33:06.446+0100][gc,marking    ] GC(1467) Concurrent Preclean 0,349ms
[2023-11-08T19:33:06.446+0100][gc,marking    ] GC(1467) Concurrent Mark (8258,038s, 8258,055s) 17,188ms
[2023-11-08T19:33:06.446+0100][gc,start      ] GC(1467) Pause Remark
[2023-11-08T19:33:06.450+0100][gc,stringtable] GC(1467) Cleaned string and symbol table, strings: 18405 processed, 0 removed, symbols: 94795 processed, 0 removed
[2023-11-08T19:33:06.450+0100][gc            ] GC(1467) Pause Remark 246M->245M(1024M) 3,364ms
[2023-11-08T19:33:06.450+0100][gc,cpu        ] GC(1467) User=0,01s Sys=0,02s Real=0,00s
[2023-11-08T19:33:06.450+0100][gc,marking    ] GC(1467) Concurrent Rebuild Remembered Sets
[2023-11-08T19:33:06.460+0100][gc,marking    ] GC(1467) Concurrent Rebuild Remembered Sets 10,679ms
[2023-11-08T19:33:06.461+0100][gc,start      ] GC(1467) Pause Cleanup
[2023-11-08T19:33:06.461+0100][gc            ] GC(1467) Pause Cleanup 248M->248M(1024M) 0,162ms
[2023-11-08T19:33:06.461+0100][gc,cpu        ] GC(1467) User=0,00s Sys=0,00s Real=0,00s
[2023-11-08T19:33:06.461+0100][gc,marking    ] GC(1467) Concurrent Cleanup for Next Mark
[2023-11-08T19:33:06.463+0100][gc,marking    ] GC(1467) Concurrent Cleanup for Next Mark 1,845ms
[2023-11-08T19:33:06.463+0100][gc            ] GC(1467) Concurrent Cycle 36,507ms
[2023-11-08T19:33:06.598+0100][gc,start      ] GC(1468) Pause Young (Prepare Mixed) (G1 Evacuation Pause)
[2023-11-08T19:33:06.598+0100][gc,task       ] GC(1468) Using 13 workers of 13 for evacuation
[2023-11-08T19:33:06.604+0100][gc,phases     ] GC(1468)   Pre Evacuate Collection Set: 0,0ms
[2023-11-08T19:33:06.604+0100][gc,phases     ] GC(1468)   Evacuate Collection Set: 5,8ms
[2023-11-08T19:33:06.604+0100][gc,phases     ] GC(1468)   Post Evacuate Collection Set: 0,5ms
[2023-11-08T19:33:06.604+0100][gc,phases     ] GC(1468)   Other: 0,3ms
[2023-11-08T19:33:06.604+0100][gc,heap       ] GC(1468) Eden regions: 40->0(48)
[2023-11-08T19:33:06.604+0100][gc,heap       ] GC(1468) Survivor regions: 11->3(7)
[2023-11-08T19:33:06.604+0100][gc,heap       ] GC(1468) Old regions: 102->111
[2023-11-08T19:33:06.604+0100][gc,heap       ] GC(1468) Humongous regions: 129->129
[2023-11-08T19:33:06.604+0100][gc,metaspace  ] GC(1468) Metaspace: 48312K(52224K)->48312K(52224K) NonClass: 42336K(44544K)->42336K(44544K) Class: 5975K(7680K)->5975K(7680K)
[2023-11-08T19:33:06.604+0100][gc            ] GC(1468) Pause Young (Prepare Mixed) (G1 Evacuation Pause) 279M->240M(1024M) 6,691ms
[2023-11-08T19:33:06.604+0100][gc,cpu        ] GC(1468) User=0,06s Sys=0,00s Real=0,01s
[2023-11-08T19:33:06.810+0100][gc,start      ] GC(1469) Pause Young (Mixed) (G1 Evacuation Pause)
[2023-11-08T19:33:06.810+0100][gc,task       ] GC(1469) Using 13 workers of 13 for evacuation
[2023-11-08T19:33:06.815+0100][gc,phases     ] GC(1469)   Pre Evacuate Collection Set: 0,1ms
[2023-11-08T19:33:06.816+0100][gc,phases     ] GC(1469)   Evacuate Collection Set: 4,6ms
[2023-11-08T19:33:06.816+0100][gc,phases     ] GC(1469)   Post Evacuate Collection Set: 0,4ms
[2023-11-08T19:33:06.816+0100][gc,phases     ] GC(1469)   Other: 0,2ms
[2023-11-08T19:33:06.816+0100][gc,heap       ] GC(1469) Eden regions: 48->0(185)
[2023-11-08T19:33:06.816+0100][gc,heap       ] GC(1469) Survivor regions: 3->3(7)
[2023-11-08T19:33:06.816+0100][gc,heap       ] GC(1469) Old regions: 111->90
[2023-11-08T19:33:06.816+0100][gc,heap       ] GC(1469) Humongous regions: 129->129
[2023-11-08T19:33:06.816+0100][gc,metaspace  ] GC(1469) Metaspace: 48312K(52224K)->48312K(52224K) NonClass: 42336K(44544K)->42336K(44544K) Class: 5975K(7680K)->5975K(7680K)
[2023-11-08T19:33:06.816+0100][gc            ] GC(1469) Pause Young (Mixed) (G1 Evacuation Pause) 288M->219M(1024M) 5,495ms
[2023-11-08T19:33:06.816+0100][gc,cpu        ] GC(1469) User=0,05s Sys=0,00s Real=0,01s
[2023-11-08T19:33:07.556+0100][gc,start      ] GC(1470) Pause Young (Normal) (G1 Evacuation Pause)
[2023-11-08T19:33:07.556+0100][gc,task       ] GC(1470) Using 13 workers of 13 for evacuation
[2023-11-08T19:33:07.560+0100][gc,phases     ] GC(1470)   Pre Evacuate Collection Set: 0,0ms
[2023-11-08T19:33:07.560+0100][gc,phases     ] GC(1470)   Evacuate Collection Set: 3,2ms
[2023-11-08T19:33:07.560+0100][gc,phases     ] GC(1470)   Post Evacuate Collection Set: 0,5ms
[2023-11-08T19:33:07.560+0100][gc,phases     ] GC(1470)   Other: 0,2ms
[2023-11-08T19:33:07.560+0100][gc,heap       ] GC(1470) Eden regions: 185->0(245)
[2023-11-08T19:33:07.560+0100][gc,heap       ] GC(1470) Survivor regions: 3->9(24)
[2023-11-08T19:33:07.560+0100][gc,heap       ] GC(1470) Old regions: 90->90
[2023-11-08T19:33:07.560+0100][gc,heap       ] GC(1470) Humongous regions: 129->129
[2023-11-08T19:33:07.560+0100][gc,metaspace  ] GC(1470) Metaspace: 48312K(52224K)->48312K(52224K) NonClass: 42336K(44544K)->42336K(44544K) Class: 5975K(7680K)->5975K(7680K)
[2023-11-08T19:33:07.560+0100][gc            ] GC(1470) Pause Young (Normal) (G1 Evacuation Pause) 404M->225M(1024M) 3,943ms
[2023-11-08T19:33:07.560+0100][gc,cpu        ] GC(1470) User=0,04s Sys=0,00s Real=0,00s
[2023-11-08T19:33:08.564+0100][gc,start      ] GC(1471) Pause Young (Normal) (G1 Evacuation Pause)
[2023-11-08T19:33:08.564+0100][gc,task       ] GC(1471) Using 13 workers of 13 for evacuation
[2023-11-08T19:33:08.566+0100][gc,phases     ] GC(1471)   Pre Evacuate Collection Set: 0,0ms
[2023-11-08T19:33:08.566+0100][gc,phases     ] GC(1471)   Evacuate Collection Set: 1,9ms
[2023-11-08T19:33:08.566+0100][gc,phases     ] GC(1471)   Post Evacuate Collection Set: 0,6ms
[2023-11-08T19:33:08.566+0100][gc,phases     ] GC(1471)   Other: 0,3ms
[2023-11-08T19:33:08.566+0100][gc,heap       ] GC(1471) Eden regions: 245->0(296)
[2023-11-08T19:33:08.566+0100][gc,heap       ] GC(1471) Survivor regions: 9->4(32)
[2023-11-08T19:33:08.566+0100][gc,heap       ] GC(1471) Old regions: 90->90
[2023-11-08T19:33:08.566+0100][gc,heap       ] GC(1471) Humongous regions: 129->129
[2023-11-08T19:33:08.566+0100][gc,metaspace  ] GC(1471) Metaspace: 48312K(52224K)->48312K(52224K) NonClass: 42336K(44544K)->42336K(44544K) Class: 5975K(7680K)->5975K(7680K)
[2023-11-08T19:33:08.566+0100][gc            ] GC(1471) Pause Young (Normal) (G1 Evacuation Pause) 470M->220M(1024M) 2,939ms
[2023-11-08T19:33:08.566+0100][gc,cpu        ] GC(1471) User=0,01s Sys=0,01s Real=0,00s
[2023-11-08T19:33:09.964+0100][gc,start      ] GC(1472) Pause Young (Concurrent Start) (G1 Evacuation Pause)
[2023-11-08T19:33:09.964+0100][gc,task       ] GC(1472) Using 13 workers of 13 for evacuation
[2023-11-08T19:33:09.971+0100][gc,phases     ] GC(1472)   Pre Evacuate Collection Set: 0,2ms
[2023-11-08T19:33:09.971+0100][gc,phases     ] GC(1472)   Evacuate Collection Set: 5,5ms
[2023-11-08T19:33:09.971+0100][gc,phases     ] GC(1472)   Post Evacuate Collection Set: 0,7ms
[2023-11-08T19:33:09.971+0100][gc,phases     ] GC(1472)   Other: 0,3ms
[2023-11-08T19:33:09.971+0100][gc,heap       ] GC(1472) Eden regions: 296->0(321)
[2023-11-08T19:33:09.971+0100][gc,heap       ] GC(1472) Survivor regions: 4->10(38)
[2023-11-08T19:33:09.971+0100][gc,heap       ] GC(1472) Old regions: 90->90
[2023-11-08T19:33:09.971+0100][gc,heap       ] GC(1472) Humongous regions: 129->129
[2023-11-08T19:33:09.971+0100][gc,metaspace  ] GC(1472) Metaspace: 48312K(52224K)->48312K(52224K) NonClass: 42336K(44544K)->42336K(44544K) Class: 5975K(7680K)->5975K(7680K)
[2023-11-08T19:33:09.971+0100][gc            ] GC(1472) Pause Young (Concurrent Start) (G1 Evacuation Pause) 516M->227M(1024M) 6,925ms
[2023-11-08T19:33:09.971+0100][gc,cpu        ] GC(1472) User=0,06s Sys=0,00s Real=0,00s
[2023-11-08T19:33:09.971+0100][gc            ] GC(1473) Concurrent Cycle
[2023-11-08T19:33:09.971+0100][gc,marking    ] GC(1473) Concurrent Clear Claimed Marks
[2023-11-08T19:33:09.971+0100][gc,marking    ] GC(1473) Concurrent Clear Claimed Marks 0,318ms
[2023-11-08T19:33:09.971+0100][gc,marking    ] GC(1473) Concurrent Scan Root Regions
[2023-11-08T19:33:09.974+0100][gc,marking    ] GC(1473) Concurrent Scan Root Regions 2,798ms
[2023-11-08T19:33:09.974+0100][gc,marking    ] GC(1473) Concurrent Mark (8261,583s)
[2023-11-08T19:33:09.974+0100][gc,marking    ] GC(1473) Concurrent Mark From Roots
[2023-11-08T19:33:09.974+0100][gc,task       ] GC(1473) Using 3 workers of 3 for marking
[2023-11-08T19:33:09.992+0100][gc,marking    ] GC(1473) Concurrent Mark From Roots 17,691ms
[2023-11-08T19:33:09.992+0100][gc,marking    ] GC(1473) Concurrent Preclean
[2023-11-08T19:33:09.992+0100][gc,marking    ] GC(1473) Concurrent Preclean 0,260ms
[2023-11-08T19:33:09.992+0100][gc,marking    ] GC(1473) Concurrent Mark (8261,583s, 8261,601s) 18,021ms
[2023-11-08T19:33:09.992+0100][gc,start      ] GC(1473) Pause Remark
[2023-11-08T19:33:09.995+0100][gc,stringtable] GC(1473) Cleaned string and symbol table, strings: 18405 processed, 0 removed, symbols: 94795 processed, 0 removed
[2023-11-08T19:33:09.996+0100][gc            ] GC(1473) Pause Remark 234M->231M(1024M) 3,392ms
[2023-11-08T19:33:09.996+0100][gc,cpu        ] GC(1473) User=0,04s Sys=0,00s Real=0,01s
[2023-11-08T19:33:09.996+0100][gc,marking    ] GC(1473) Concurrent Rebuild Remembered Sets
[2023-11-08T19:33:10.008+0100][gc,marking    ] GC(1473) Concurrent Rebuild Remembered Sets 12,008ms
[2023-11-08T19:33:10.008+0100][gc,start      ] GC(1473) Pause Cleanup
[2023-11-08T19:33:10.008+0100][gc            ] GC(1473) Pause Cleanup 236M->236M(1024M) 0,216ms
[2023-11-08T19:33:10.008+0100][gc,cpu        ] GC(1473) User=0,00s Sys=0,01s Real=0,00s
[2023-11-08T19:33:10.008+0100][gc,marking    ] GC(1473) Concurrent Cleanup for Next Mark
[2023-11-08T19:33:10.010+0100][gc,marking    ] GC(1473) Concurrent Cleanup for Next Mark 1,937ms
[2023-11-08T19:33:10.010+0100][gc            ] GC(1473) Concurrent Cycle 39,366ms
[2023-11-08T19:33:10.127+0100][gc,start      ] GC(1474) Pause Young (Prepare Mixed) (G1 Evacuation Pause)
[2023-11-08T19:33:10.127+0100][gc,task       ] GC(1474) Using 13 workers of 13 for evacuation
[2023-11-08T19:33:10.134+0100][gc,phases     ] GC(1474)   Pre Evacuate Collection Set: 0,0ms
[2023-11-08T19:33:10.134+0100][gc,phases     ] GC(1474)   Evacuate Collection Set: 6,2ms
[2023-11-08T19:33:10.134+0100][gc,phases     ] GC(1474)   Post Evacuate Collection Set: 0,6ms
[2023-11-08T19:33:10.134+0100][gc,phases     ] GC(1474)   Other: 0,3ms
[2023-11-08T19:33:10.134+0100][gc,heap       ] GC(1474) Eden regions: 41->0(49)
[2023-11-08T19:33:10.134+0100][gc,heap       ] GC(1474) Survivor regions: 10->2(7)
[2023-11-08T19:33:10.134+0100][gc,heap       ] GC(1474) Old regions: 87->96
[2023-11-08T19:33:10.134+0100][gc,heap       ] GC(1474) Humongous regions: 129->129
[2023-11-08T19:33:10.134+0100][gc,metaspace  ] GC(1474) Metaspace: 48312K(52224K)->48312K(52224K) NonClass: 42336K(44544K)->42336K(44544K) Class: 5975K(7680K)->5975K(7680K)
[2023-11-08T19:33:10.134+0100][gc            ] GC(1474) Pause Young (Prepare Mixed) (G1 Evacuation Pause) 265M->225M(1024M) 7,259ms
[2023-11-08T19:33:10.134+0100][gc,cpu        ] GC(1474) User=0,06s Sys=0,02s Real=0,00s
[2023-11-08T19:33:10.323+0100][gc,start      ] GC(1475) Pause Young (Mixed) (G1 Evacuation Pause)
[2023-11-08T19:33:10.323+0100][gc,task       ] GC(1475) Using 13 workers of 13 for evacuation
[2023-11-08T19:33:10.328+0100][gc,phases     ] GC(1475)   Pre Evacuate Collection Set: 0,1ms
[2023-11-08T19:33:10.328+0100][gc,phases     ] GC(1475)   Evacuate Collection Set: 3,8ms
[2023-11-08T19:33:10.328+0100][gc,phases     ] GC(1475)   Post Evacuate Collection Set: 0,5ms
[2023-11-08T19:33:10.328+0100][gc,phases     ] GC(1475)   Other: 0,3ms
[2023-11-08T19:33:10.328+0100][gc,heap       ] GC(1475) Eden regions: 49->0(160)
[2023-11-08T19:33:10.328+0100][gc,heap       ] GC(1475) Survivor regions: 2->4(7)
[2023-11-08T19:33:10.328+0100][gc,heap       ] GC(1475) Old regions: 96->90
[2023-11-08T19:33:10.328+0100][gc,heap       ] GC(1475) Humongous regions: 129->129
[2023-11-08T19:33:10.328+0100][gc,metaspace  ] GC(1475) Metaspace: 48312K(52224K)->48312K(52224K) NonClass: 42336K(44544K)->42336K(44544K) Class: 5975K(7680K)->5975K(7680K)
[2023-11-08T19:33:10.328+0100][gc            ] GC(1475) Pause Young (Mixed) (G1 Evacuation Pause) 274M->220M(1024M) 4,918ms
[2023-11-08T19:33:10.328+0100][gc,cpu        ] GC(1475) User=0,04s Sys=0,01s Real=0,00s
[2023-11-08T19:33:10.982+0100][gc,start      ] GC(1476) Pause Young (Concurrent Start) (G1 Evacuation Pause)
[2023-11-08T19:33:10.982+0100][gc,task       ] GC(1476) Using 13 workers of 13 for evacuation
[2023-11-08T19:33:10.986+0100][gc,phases     ] GC(1476)   Pre Evacuate Collection Set: 0,2ms
[2023-11-08T19:33:10.986+0100][gc,phases     ] GC(1476)   Evacuate Collection Set: 3,8ms
[2023-11-08T19:33:10.986+0100][gc,phases     ] GC(1476)   Post Evacuate Collection Set: 0,5ms
[2023-11-08T19:33:10.986+0100][gc,phases     ] GC(1476)   Other: 0,2ms
[2023-11-08T19:33:10.986+0100][gc,heap       ] GC(1476) Eden regions: 160->0(192)
[2023-11-08T19:33:10.986+0100][gc,heap       ] GC(1476) Survivor regions: 4->9(21)
[2023-11-08T19:33:10.986+0100][gc,heap       ] GC(1476) Old regions: 90->90
[2023-11-08T19:33:10.986+0100][gc,heap       ] GC(1476) Humongous regions: 129->129
[2023-11-08T19:33:10.986+0100][gc,metaspace  ] GC(1476) Metaspace: 48312K(52224K)->48312K(52224K) NonClass: 42336K(44544K)->42336K(44544K) Class: 5975K(7680K)->5975K(7680K)
[2023-11-08T19:33:10.986+0100][gc            ] GC(1476) Pause Young (Concurrent Start) (G1 Evacuation Pause) 380M->225M(1024M) 4,853ms
[2023-11-08T19:33:10.986+0100][gc,cpu        ] GC(1476) User=0,05s Sys=0,00s Real=0,01s
[2023-11-08T19:33:10.986+0100][gc            ] GC(1477) Concurrent Cycle
[2023-11-08T19:33:10.986+0100][gc,marking    ] GC(1477) Concurrent Clear Claimed Marks
[2023-11-08T19:33:10.987+0100][gc,marking    ] GC(1477) Concurrent Clear Claimed Marks 0,471ms
[2023-11-08T19:33:10.987+0100][gc,marking    ] GC(1477) Concurrent Scan Root Regions
[2023-11-08T19:33:10.990+0100][gc,marking    ] GC(1477) Concurrent Scan Root Regions 2,786ms
[2023-11-08T19:33:10.990+0100][gc,marking    ] GC(1477) Concurrent Mark (8262,598s)
[2023-11-08T19:33:10.990+0100][gc,marking    ] GC(1477) Concurrent Mark From Roots
[2023-11-08T19:33:10.990+0100][gc,task       ] GC(1477) Using 3 workers of 3 for marking
[2023-11-08T19:33:11.013+0100][gc,marking    ] GC(1477) Concurrent Mark From Roots 22,866ms
[2023-11-08T19:33:11.013+0100][gc,marking    ] GC(1477) Concurrent Preclean
[2023-11-08T19:33:11.013+0100][gc,marking    ] GC(1477) Concurrent Preclean 0,237ms
[2023-11-08T19:33:11.013+0100][gc,marking    ] GC(1477) Concurrent Mark (8262,598s, 8262,622s) 23,161ms
[2023-11-08T19:33:11.013+0100][gc,start      ] GC(1477) Pause Remark
[2023-11-08T19:33:11.018+0100][gc,stringtable] GC(1477) Cleaned string and symbol table, strings: 18405 processed, 0 removed, symbols: 94795 processed, 0 removed
[2023-11-08T19:33:11.018+0100][gc            ] GC(1477) Pause Remark 233M->233M(1024M) 4,684ms
[2023-11-08T19:33:11.018+0100][gc,cpu        ] GC(1477) User=0,04s Sys=0,00s Real=0,01s
[2023-11-08T19:33:11.018+0100][gc,marking    ] GC(1477) Concurrent Rebuild Remembered Sets
[2023-11-08T19:33:11.035+0100][gc,marking    ] GC(1477) Concurrent Rebuild Remembered Sets 16,859ms
[2023-11-08T19:33:11.035+0100][gc,start      ] GC(1477) Pause Cleanup
[2023-11-08T19:33:11.035+0100][gc            ] GC(1477) Pause Cleanup 238M->238M(1024M) 0,213ms
[2023-11-08T19:33:11.035+0100][gc,cpu        ] GC(1477) User=0,00s Sys=0,00s Real=0,00s
[2023-11-08T19:33:11.035+0100][gc,marking    ] GC(1477) Concurrent Cleanup for Next Mark
[2023-11-08T19:33:11.037+0100][gc,marking    ] GC(1477) Concurrent Cleanup for Next Mark 1,991ms
[2023-11-08T19:33:11.037+0100][gc            ] GC(1477) Concurrent Cycle 50,935ms
