[2023-11-02T10:09:03.964+0100][gc,heap] Heap region size: 1M
[2023-11-02T10:09:03.974+0100][gc     ] Using G1
[2023-11-02T10:09:03.975+0100][gc,heap,coops] Heap address: 0x00000000c0000000, size: 1024 MB, Compressed Oops mode: 32-bit
[2023-11-02T10:09:03.975+0100][gc,cds       ] Mark closed archive regions in map: [0x00000000fff00000, 0x00000000fff6bff8]
[2023-11-02T10:09:03.975+0100][gc,cds       ] Mark open archive regions in map: [0x00000000ffe00000, 0x00000000ffe47ff8]
[2023-11-02T10:09:05.013+0100][gc,start     ] GC(0) Pause Young (Normal) (G1 Evacuation Pause)
[2023-11-02T10:09:05.014+0100][gc,task      ] GC(0) Using 13 workers of 13 for evacuation
[2023-11-02T10:09:05.024+0100][gc,phases    ] GC(0)   Pre Evacuate Collection Set: 0,0ms
[2023-11-02T10:09:05.024+0100][gc,phases    ] GC(0)   Evacuate Collection Set: 8,6ms
[2023-11-02T10:09:05.024+0100][gc,phases    ] GC(0)   Post Evacuate Collection Set: 0,8ms
[2023-11-02T10:09:05.024+0100][gc,phases    ] GC(0)   Other: 1,1ms
[2023-11-02T10:09:05.024+0100][gc,heap      ] GC(0) Eden regions: 51->0(44)
[2023-11-02T10:09:05.024+0100][gc,heap      ] GC(0) Survivor regions: 0->7(7)
[2023-11-02T10:09:05.024+0100][gc,heap      ] GC(0) Old regions: 2->2
[2023-11-02T10:09:05.024+0100][gc,heap      ] GC(0) Humongous regions: 0->0
[2023-11-02T10:09:05.024+0100][gc,metaspace ] GC(0) Metaspace: 14284K(15104K)->14284K(15104K) NonClass: 12537K(13056K)->12537K(13056K) Class: 1746K(2048K)->1746K(2048K)
[2023-11-02T10:09:05.024+0100][gc           ] GC(0) Pause Young (Normal) (G1 Evacuation Pause) 51M->7M(1024M) 10,673ms
[2023-11-02T10:09:05.024+0100][gc,cpu       ] GC(0) User=0,10s Sys=0,00s Real=0,01s
[2023-11-02T10:09:05.577+0100][gc,start     ] GC(1) Pause Young (Concurrent Start) (Metadata GC Threshold)
[2023-11-02T10:09:05.577+0100][gc,task      ] GC(1) Using 13 workers of 13 for evacuation
[2023-11-02T10:09:05.589+0100][gc,phases    ] GC(1)   Pre Evacuate Collection Set: 0,1ms
[2023-11-02T10:09:05.589+0100][gc,phases    ] GC(1)   Evacuate Collection Set: 11,7ms
[2023-11-02T10:09:05.589+0100][gc,phases    ] GC(1)   Post Evacuate Collection Set: 0,6ms
[2023-11-02T10:09:05.589+0100][gc,phases    ] GC(1)   Other: 0,4ms
[2023-11-02T10:09:05.589+0100][gc,heap      ] GC(1) Eden regions: 28->0(49)
[2023-11-02T10:09:05.589+0100][gc,heap      ] GC(1) Survivor regions: 7->2(7)
[2023-11-02T10:09:05.589+0100][gc,heap      ] GC(1) Old regions: 2->9
[2023-11-02T10:09:05.589+0100][gc,heap      ] GC(1) Humongous regions: 0->0
[2023-11-02T10:09:05.589+0100][gc,metaspace ] GC(1) Metaspace: 20478K(21248K)->20478K(21248K) NonClass: 18011K(18432K)->18011K(18432K) Class: 2466K(2816K)->2466K(2816K)
[2023-11-02T10:09:05.589+0100][gc           ] GC(1) Pause Young (Concurrent Start) (Metadata GC Threshold) 34M->8M(1024M) 12,896ms
[2023-11-02T10:09:05.589+0100][gc,cpu       ] GC(1) User=0,07s Sys=0,00s Real=0,02s
[2023-11-02T10:09:05.590+0100][gc           ] GC(2) Concurrent Cycle
[2023-11-02T10:09:05.590+0100][gc,marking   ] GC(2) Concurrent Clear Claimed Marks
[2023-11-02T10:09:05.590+0100][gc,marking   ] GC(2) Concurrent Clear Claimed Marks 0,087ms
[2023-11-02T10:09:05.590+0100][gc,marking   ] GC(2) Concurrent Scan Root Regions
[2023-11-02T10:09:05.591+0100][gc,marking   ] GC(2) Concurrent Scan Root Regions 1,141ms
[2023-11-02T10:09:05.591+0100][gc,marking   ] GC(2) Concurrent Mark (1,632s)
[2023-11-02T10:09:05.591+0100][gc,marking   ] GC(2) Concurrent Mark From Roots
[2023-11-02T10:09:05.591+0100][gc,task      ] GC(2) Using 3 workers of 3 for marking
[2023-11-02T10:09:05.596+0100][gc,marking   ] GC(2) Concurrent Mark From Roots 5,516ms
[2023-11-02T10:09:05.596+0100][gc,marking   ] GC(2) Concurrent Preclean
[2023-11-02T10:09:05.597+0100][gc,marking   ] GC(2) Concurrent Preclean 0,217ms
[2023-11-02T10:09:05.597+0100][gc,marking   ] GC(2) Concurrent Mark (1,632s, 1,638s) 5,821ms
[2023-11-02T10:09:05.597+0100][gc,start     ] GC(2) Pause Remark
[2023-11-02T10:09:05.599+0100][gc,stringtable] GC(2) Cleaned string and symbol table, strings: 5258 processed, 0 removed, symbols: 52225 processed, 47 removed
[2023-11-02T10:09:05.599+0100][gc            ] GC(2) Pause Remark 9M->9M(1024M) 2,253ms
[2023-11-02T10:09:05.599+0100][gc,cpu        ] GC(2) User=0,02s Sys=0,00s Real=0,01s
[2023-11-02T10:09:05.599+0100][gc,marking    ] GC(2) Concurrent Rebuild Remembered Sets
[2023-11-02T10:09:05.602+0100][gc,marking    ] GC(2) Concurrent Rebuild Remembered Sets 3,091ms
[2023-11-02T10:09:05.603+0100][gc,start      ] GC(2) Pause Cleanup
[2023-11-02T10:09:05.603+0100][gc            ] GC(2) Pause Cleanup 9M->9M(1024M) 0,352ms
[2023-11-02T10:09:05.603+0100][gc,cpu        ] GC(2) User=0,00s Sys=0,00s Real=0,00s
[2023-11-02T10:09:05.603+0100][gc,marking    ] GC(2) Concurrent Cleanup for Next Mark
[2023-11-02T10:09:05.607+0100][gc,marking    ] GC(2) Concurrent Cleanup for Next Mark 4,034ms
[2023-11-02T10:09:05.607+0100][gc            ] GC(2) Concurrent Cycle 17,655ms
[2023-11-02T10:09:06.195+0100][gc,start      ] GC(3) Pause Young (Normal) (G1 Evacuation Pause)
[2023-11-02T10:09:06.195+0100][gc,task       ] GC(3) Using 13 workers of 13 for evacuation
[2023-11-02T10:09:06.198+0100][gc,phases     ] GC(3)   Pre Evacuate Collection Set: 0,0ms
[2023-11-02T10:09:06.198+0100][gc,phases     ] GC(3)   Evacuate Collection Set: 3,0ms
[2023-11-02T10:09:06.198+0100][gc,phases     ] GC(3)   Post Evacuate Collection Set: 0,4ms
[2023-11-02T10:09:06.198+0100][gc,phases     ] GC(3)   Other: 0,2ms
[2023-11-02T10:09:06.198+0100][gc,heap       ] GC(3) Eden regions: 49->0(46)
[2023-11-02T10:09:06.198+0100][gc,heap       ] GC(3) Survivor regions: 2->5(7)
[2023-11-02T10:09:06.198+0100][gc,heap       ] GC(3) Old regions: 9->9
[2023-11-02T10:09:06.198+0100][gc,heap       ] GC(3) Humongous regions: 129->129
[2023-11-02T10:09:06.198+0100][gc,metaspace  ] GC(3) Metaspace: 28435K(29696K)->28435K(29696K) NonClass: 25144K(25856K)->25144K(25856K) Class: 3290K(3840K)->3290K(3840K)
[2023-11-02T10:09:06.198+0100][gc            ] GC(3) Pause Young (Normal) (G1 Evacuation Pause) 186M->140M(1024M) 3,679ms
[2023-11-02T10:09:06.198+0100][gc,cpu        ] GC(3) User=0,04s Sys=0,00s Real=0,00s
[2023-11-02T10:09:06.500+0100][gc,start      ] GC(4) Pause Young (Concurrent Start) (Metadata GC Threshold)
[2023-11-02T10:09:06.500+0100][gc,task       ] GC(4) Using 13 workers of 13 for evacuation
[2023-11-02T10:09:06.506+0100][gc,phases     ] GC(4)   Pre Evacuate Collection Set: 0,1ms
[2023-11-02T10:09:06.506+0100][gc,phases     ] GC(4)   Evacuate Collection Set: 5,6ms
[2023-11-02T10:09:06.506+0100][gc,phases     ] GC(4)   Post Evacuate Collection Set: 0,4ms
[2023-11-02T10:09:06.506+0100][gc,phases     ] GC(4)   Other: 0,2ms
[2023-11-02T10:09:06.506+0100][gc,heap       ] GC(4) Eden regions: 31->0(48)
[2023-11-02T10:09:06.506+0100][gc,heap       ] GC(4) Survivor regions: 5->3(7)
[2023-11-02T10:09:06.506+0100][gc,heap       ] GC(4) Old regions: 9->13
[2023-11-02T10:09:06.506+0100][gc,heap       ] GC(4) Humongous regions: 129->129
[2023-11-02T10:09:06.506+0100][gc,metaspace  ] GC(4) Metaspace: 34309K(35840K)->34309K(35840K) NonClass: 30314K(31232K)->30314K(31232K) Class: 3994K(4608K)->3994K(4608K)
[2023-11-02T10:09:06.506+0100][gc            ] GC(4) Pause Young (Concurrent Start) (Metadata GC Threshold) 170M->142M(1024M) 6,478ms
[2023-11-02T10:09:06.506+0100][gc,cpu        ] GC(4) User=0,05s Sys=0,01s Real=0,00s
[2023-11-02T10:09:06.506+0100][gc            ] GC(5) Concurrent Cycle
[2023-11-02T10:09:06.506+0100][gc,marking    ] GC(5) Concurrent Clear Claimed Marks
[2023-11-02T10:09:06.507+0100][gc,marking    ] GC(5) Concurrent Clear Claimed Marks 0,175ms
[2023-11-02T10:09:06.507+0100][gc,marking    ] GC(5) Concurrent Scan Root Regions
[2023-11-02T10:09:06.508+0100][gc,marking    ] GC(5) Concurrent Scan Root Regions 1,570ms
[2023-11-02T10:09:06.508+0100][gc,marking    ] GC(5) Concurrent Mark (2,550s)
[2023-11-02T10:09:06.508+0100][gc,marking    ] GC(5) Concurrent Mark From Roots
[2023-11-02T10:09:06.508+0100][gc,task       ] GC(5) Using 3 workers of 3 for marking
[2023-11-02T10:09:06.520+0100][gc,marking    ] GC(5) Concurrent Mark From Roots 11,639ms
[2023-11-02T10:09:06.520+0100][gc,marking    ] GC(5) Concurrent Preclean
[2023-11-02T10:09:06.520+0100][gc,marking    ] GC(5) Concurrent Preclean 0,142ms
[2023-11-02T10:09:06.520+0100][gc,marking    ] GC(5) Concurrent Mark (2,550s, 2,561s) 11,834ms
[2023-11-02T10:09:06.520+0100][gc,start      ] GC(5) Pause Remark
[2023-11-02T10:09:06.524+0100][gc,stringtable] GC(5) Cleaned string and symbol table, strings: 11095 processed, 13 removed, symbols: 85423 processed, 15 removed
[2023-11-02T10:09:06.524+0100][gc            ] GC(5) Pause Remark 144M->144M(1024M) 3,480ms
[2023-11-02T10:09:06.524+0100][gc,cpu        ] GC(5) User=0,04s Sys=0,00s Real=0,00s
[2023-11-02T10:09:06.524+0100][gc,marking    ] GC(5) Concurrent Rebuild Remembered Sets
[2023-11-02T10:09:06.529+0100][gc,marking    ] GC(5) Concurrent Rebuild Remembered Sets 4,945ms
[2023-11-02T10:09:06.529+0100][gc,start      ] GC(5) Pause Cleanup
[2023-11-02T10:09:06.529+0100][gc            ] GC(5) Pause Cleanup 144M->144M(1024M) 0,172ms
[2023-11-02T10:09:06.529+0100][gc,cpu        ] GC(5) User=0,00s Sys=0,00s Real=0,00s
[2023-11-02T10:09:06.529+0100][gc,marking    ] GC(5) Concurrent Cleanup for Next Mark
[2023-11-02T10:09:06.532+0100][gc,marking    ] GC(5) Concurrent Cleanup for Next Mark 2,520ms
[2023-11-02T10:09:06.532+0100][gc            ] GC(5) Concurrent Cycle 25,276ms
[2023-11-02T10:12:45.596+0100][gc,start      ] GC(6) Pause Young (Normal) (G1 Evacuation Pause)
[2023-11-02T10:12:45.596+0100][gc,task       ] GC(6) Using 13 workers of 13 for evacuation
[2023-11-02T10:12:45.602+0100][gc,phases     ] GC(6)   Pre Evacuate Collection Set: 0,0ms
[2023-11-02T10:12:45.602+0100][gc,phases     ] GC(6)   Evacuate Collection Set: 4,6ms
[2023-11-02T10:12:45.602+0100][gc,phases     ] GC(6)   Post Evacuate Collection Set: 1,1ms
[2023-11-02T10:12:45.602+0100][gc,phases     ] GC(6)   Other: 0,3ms
[2023-11-02T10:12:45.602+0100][gc,heap       ] GC(6) Eden regions: 48->0(46)
[2023-11-02T10:12:45.602+0100][gc,heap       ] GC(6) Survivor regions: 3->5(7)
[2023-11-02T10:12:45.602+0100][gc,heap       ] GC(6) Old regions: 13->13
[2023-11-02T10:12:45.602+0100][gc,heap       ] GC(6) Humongous regions: 129->129
[2023-11-02T10:12:45.602+0100][gc,metaspace  ] GC(6) Metaspace: 40934K(43392K)->40934K(43392K) NonClass: 35645K(36864K)->35645K(36864K) Class: 5289K(6528K)->5289K(6528K)
[2023-11-02T10:12:45.602+0100][gc            ] GC(6) Pause Young (Normal) (G1 Evacuation Pause) 190M->145M(1024M) 6,143ms
[2023-11-02T10:12:45.602+0100][gc,cpu        ] GC(6) User=0,05s Sys=0,00s Real=0,01s
[2023-11-02T10:12:58.675+0100][gc,start      ] GC(7) Pause Young (Normal) (G1 Evacuation Pause)
[2023-11-02T10:12:58.675+0100][gc,task       ] GC(7) Using 13 workers of 13 for evacuation
[2023-11-02T10:12:58.682+0100][gc,phases     ] GC(7)   Pre Evacuate Collection Set: 0,0ms
[2023-11-02T10:12:58.682+0100][gc,phases     ] GC(7)   Evacuate Collection Set: 5,7ms
[2023-11-02T10:12:58.682+0100][gc,phases     ] GC(7)   Post Evacuate Collection Set: 1,1ms
[2023-11-02T10:12:58.682+0100][gc,phases     ] GC(7)   Other: 0,3ms
[2023-11-02T10:12:58.682+0100][gc,heap       ] GC(7) Eden regions: 46->0(45)
[2023-11-02T10:12:58.682+0100][gc,heap       ] GC(7) Survivor regions: 5->6(7)
[2023-11-02T10:12:58.682+0100][gc,heap       ] GC(7) Old regions: 13->16
[2023-11-02T10:12:58.682+0100][gc,heap       ] GC(7) Humongous regions: 129->129
[2023-11-02T10:12:58.682+0100][gc,metaspace  ] GC(7) Metaspace: 41971K(44544K)->41971K(44544K) NonClass: 36594K(37888K)->36594K(37888K) Class: 5377K(6656K)->5377K(6656K)
[2023-11-02T10:12:58.682+0100][gc            ] GC(7) Pause Young (Normal) (G1 Evacuation Pause) 191M->148M(1024M) 7,203ms
[2023-11-02T10:12:58.682+0100][gc,cpu        ] GC(7) User=0,08s Sys=0,00s Real=0,01s
[2023-11-02T10:13:56.172+0100][gc,start      ] GC(8) Pause Young (Normal) (G1 Evacuation Pause)
[2023-11-02T10:13:56.172+0100][gc,task       ] GC(8) Using 13 workers of 13 for evacuation
[2023-11-02T10:13:56.179+0100][gc,phases     ] GC(8)   Pre Evacuate Collection Set: 0,0ms
[2023-11-02T10:13:56.180+0100][gc,phases     ] GC(8)   Evacuate Collection Set: 6,0ms
[2023-11-02T10:13:56.180+0100][gc,phases     ] GC(8)   Post Evacuate Collection Set: 1,4ms
[2023-11-02T10:13:56.180+0100][gc,phases     ] GC(8)   Other: 0,4ms
[2023-11-02T10:13:56.180+0100][gc,heap       ] GC(8) Eden regions: 45->0(44)
[2023-11-02T10:13:56.180+0100][gc,heap       ] GC(8) Survivor regions: 6->7(7)
[2023-11-02T10:13:56.180+0100][gc,heap       ] GC(8) Old regions: 16->18
[2023-11-02T10:13:56.180+0100][gc,heap       ] GC(8) Humongous regions: 129->129
[2023-11-02T10:13:56.180+0100][gc,metaspace  ] GC(8) Metaspace: 43802K(46720K)->43802K(46720K) NonClass: 38147K(39680K)->38147K(39680K) Class: 5655K(7040K)->5655K(7040K)
[2023-11-02T10:13:56.180+0100][gc            ] GC(8) Pause Young (Normal) (G1 Evacuation Pause) 193M->152M(1024M) 8,014ms
[2023-11-02T10:13:56.180+0100][gc,cpu        ] GC(8) User=0,07s Sys=0,01s Real=0,01s
[2023-11-02T10:17:01.720+0100][gc,start      ] GC(9) Pause Young (Normal) (G1 Evacuation Pause)
[2023-11-02T10:17:01.720+0100][gc,task       ] GC(9) Using 13 workers of 13 for evacuation
[2023-11-02T10:17:01.729+0100][gc,phases     ] GC(9)   Pre Evacuate Collection Set: 0,0ms
[2023-11-02T10:17:01.729+0100][gc,phases     ] GC(9)   Evacuate Collection Set: 7,3ms
[2023-11-02T10:17:01.729+0100][gc,phases     ] GC(9)   Post Evacuate Collection Set: 0,6ms
[2023-11-02T10:17:01.729+0100][gc,phases     ] GC(9)   Other: 0,3ms
[2023-11-02T10:17:01.729+0100][gc,heap       ] GC(9) Eden regions: 44->0(46)
[2023-11-02T10:17:01.729+0100][gc,heap       ] GC(9) Survivor regions: 7->5(7)
[2023-11-02T10:17:01.729+0100][gc,heap       ] GC(9) Old regions: 18->25
[2023-11-02T10:17:01.729+0100][gc,heap       ] GC(9) Humongous regions: 129->129
[2023-11-02T10:17:01.729+0100][gc,metaspace  ] GC(9) Metaspace: 44247K(47232K)->44247K(47232K) NonClass: 38565K(40192K)->38565K(40192K) Class: 5682K(7040K)->5682K(7040K)
[2023-11-02T10:17:01.729+0100][gc            ] GC(9) Pause Young (Normal) (G1 Evacuation Pause) 196M->156M(1024M) 8,356ms
[2023-11-02T10:17:01.729+0100][gc,cpu        ] GC(9) User=0,09s Sys=0,00s Real=0,01s
[2023-11-02T10:18:57.693+0100][gc,start      ] GC(10) Pause Young (Normal) (G1 Evacuation Pause)
[2023-11-02T10:18:57.693+0100][gc,task       ] GC(10) Using 13 workers of 13 for evacuation
[2023-11-02T10:18:57.699+0100][gc,phases     ] GC(10)   Pre Evacuate Collection Set: 0,0ms
[2023-11-02T10:18:57.699+0100][gc,phases     ] GC(10)   Evacuate Collection Set: 5,0ms
[2023-11-02T10:18:57.699+0100][gc,phases     ] GC(10)   Post Evacuate Collection Set: 0,6ms
[2023-11-02T10:18:57.699+0100][gc,phases     ] GC(10)   Other: 0,3ms
[2023-11-02T10:18:57.699+0100][gc,heap       ] GC(10) Eden regions: 46->0(46)
[2023-11-02T10:18:57.699+0100][gc,heap       ] GC(10) Survivor regions: 5->5(7)
[2023-11-02T10:18:57.699+0100][gc,heap       ] GC(10) Old regions: 25->29
[2023-11-02T10:18:57.699+0100][gc,heap       ] GC(10) Humongous regions: 129->129
[2023-11-02T10:18:57.699+0100][gc,metaspace  ] GC(10) Metaspace: 44359K(47232K)->44359K(47232K) NonClass: 38674K(40192K)->38674K(40192K) Class: 5684K(7040K)->5684K(7040K)
[2023-11-02T10:18:57.699+0100][gc            ] GC(10) Pause Young (Normal) (G1 Evacuation Pause) 202M->161M(1024M) 6,100ms
[2023-11-02T10:18:57.699+0100][gc,cpu        ] GC(10) User=0,05s Sys=0,01s Real=0,00s
[2023-11-02T10:25:29.609+0100][gc,start      ] GC(11) Pause Young (Normal) (G1 Evacuation Pause)
[2023-11-02T10:25:29.609+0100][gc,task       ] GC(11) Using 13 workers of 13 for evacuation
[2023-11-02T10:25:29.614+0100][gc,phases     ] GC(11)   Pre Evacuate Collection Set: 0,0ms
[2023-11-02T10:25:29.614+0100][gc,phases     ] GC(11)   Evacuate Collection Set: 3,7ms
[2023-11-02T10:25:29.614+0100][gc,phases     ] GC(11)   Post Evacuate Collection Set: 0,6ms
[2023-11-02T10:25:29.614+0100][gc,phases     ] GC(11)   Other: 0,3ms
[2023-11-02T10:25:29.614+0100][gc,heap       ] GC(11) Eden regions: 46->0(56)
[2023-11-02T10:25:29.614+0100][gc,heap       ] GC(11) Survivor regions: 5->3(7)
[2023-11-02T10:25:29.614+0100][gc,heap       ] GC(11) Old regions: 29->34
[2023-11-02T10:25:29.614+0100][gc,heap       ] GC(11) Humongous regions: 129->129
[2023-11-02T10:25:29.614+0100][gc,metaspace  ] GC(11) Metaspace: 44898K(47872K)->44898K(47872K) NonClass: 39185K(40704K)->39185K(40704K) Class: 5713K(7168K)->5713K(7168K)
[2023-11-02T10:25:29.614+0100][gc            ] GC(11) Pause Young (Normal) (G1 Evacuation Pause) 207M->163M(1024M) 4,840ms
[2023-11-02T10:25:29.614+0100][gc,cpu        ] GC(11) User=0,04s Sys=0,01s Real=0,00s
[2023-11-02T10:25:31.571+0100][gc,start      ] GC(12) Pause Young (Normal) (G1 Evacuation Pause)
[2023-11-02T10:25:31.571+0100][gc,task       ] GC(12) Using 13 workers of 13 for evacuation
[2023-11-02T10:25:31.575+0100][gc,phases     ] GC(12)   Pre Evacuate Collection Set: 0,0ms
[2023-11-02T10:25:31.575+0100][gc,phases     ] GC(12)   Evacuate Collection Set: 3,2ms
[2023-11-02T10:25:31.575+0100][gc,phases     ] GC(12)   Post Evacuate Collection Set: 0,4ms
[2023-11-02T10:25:31.575+0100][gc,phases     ] GC(12)   Other: 0,2ms
[2023-11-02T10:25:31.575+0100][gc,heap       ] GC(12) Eden regions: 56->0(146)
[2023-11-02T10:25:31.575+0100][gc,heap       ] GC(12) Survivor regions: 3->4(8)
[2023-11-02T10:25:31.575+0100][gc,heap       ] GC(12) Old regions: 34->34
[2023-11-02T10:25:31.575+0100][gc,heap       ] GC(12) Humongous regions: 129->129
[2023-11-02T10:25:31.575+0100][gc,metaspace  ] GC(12) Metaspace: 44900K(47872K)->44900K(47872K) NonClass: 39186K(40704K)->39186K(40704K) Class: 5714K(7168K)->5714K(7168K)
[2023-11-02T10:25:31.575+0100][gc            ] GC(12) Pause Young (Normal) (G1 Evacuation Pause) 219M->164M(1024M) 4,005ms
[2023-11-02T10:25:31.575+0100][gc,cpu        ] GC(12) User=0,04s Sys=0,00s Real=0,00s
[2023-11-02T10:25:34.941+0100][gc,start      ] GC(13) Pause Young (Normal) (G1 Evacuation Pause)
[2023-11-02T10:25:34.942+0100][gc,task       ] GC(13) Using 13 workers of 13 for evacuation
[2023-11-02T10:25:34.945+0100][gc,phases     ] GC(13)   Pre Evacuate Collection Set: 0,0ms
[2023-11-02T10:25:34.945+0100][gc,phases     ] GC(13)   Evacuate Collection Set: 2,9ms
[2023-11-02T10:25:34.945+0100][gc,phases     ] GC(13)   Post Evacuate Collection Set: 0,5ms
[2023-11-02T10:25:34.945+0100][gc,phases     ] GC(13)   Other: 0,3ms
[2023-11-02T10:25:34.945+0100][gc,heap       ] GC(13) Eden regions: 146->0(179)
[2023-11-02T10:25:34.945+0100][gc,heap       ] GC(13) Survivor regions: 4->5(19)
[2023-11-02T10:25:34.945+0100][gc,heap       ] GC(13) Old regions: 34->34
[2023-11-02T10:25:34.945+0100][gc,heap       ] GC(13) Humongous regions: 129->129
[2023-11-02T10:25:34.945+0100][gc,metaspace  ] GC(13) Metaspace: 44907K(47872K)->44907K(47872K) NonClass: 39193K(40704K)->39193K(40704K) Class: 5714K(7168K)->5714K(7168K)
[2023-11-02T10:25:34.945+0100][gc            ] GC(13) Pause Young (Normal) (G1 Evacuation Pause) 310M->166M(1024M) 3,788ms
[2023-11-02T10:25:34.945+0100][gc,cpu        ] GC(13) User=0,03s Sys=0,01s Real=0,00s
[2023-11-02T10:25:38.462+0100][gc,start      ] GC(14) Pause Young (Normal) (G1 Evacuation Pause)
[2023-11-02T10:25:38.462+0100][gc,task       ] GC(14) Using 13 workers of 13 for evacuation
[2023-11-02T10:25:38.466+0100][gc,phases     ] GC(14)   Pre Evacuate Collection Set: 0,0ms
[2023-11-02T10:25:38.466+0100][gc,phases     ] GC(14)   Evacuate Collection Set: 3,0ms
[2023-11-02T10:25:38.466+0100][gc,phases     ] GC(14)   Post Evacuate Collection Set: 0,6ms
[2023-11-02T10:25:38.466+0100][gc,phases     ] GC(14)   Other: 0,2ms
[2023-11-02T10:25:38.466+0100][gc,heap       ] GC(14) Eden regions: 179->0(199)
[2023-11-02T10:25:38.466+0100][gc,heap       ] GC(14) Survivor regions: 5->6(23)
[2023-11-02T10:25:38.466+0100][gc,heap       ] GC(14) Old regions: 34->34
[2023-11-02T10:25:38.466+0100][gc,heap       ] GC(14) Humongous regions: 129->129
[2023-11-02T10:25:38.466+0100][gc,metaspace  ] GC(14) Metaspace: 44907K(47872K)->44907K(47872K) NonClass: 39193K(40704K)->39193K(40704K) Class: 5714K(7168K)->5714K(7168K)
[2023-11-02T10:25:38.466+0100][gc            ] GC(14) Pause Young (Normal) (G1 Evacuation Pause) 345M->166M(1024M) 3,935ms
[2023-11-02T10:25:38.466+0100][gc,cpu        ] GC(14) User=0,03s Sys=0,00s Real=0,00s
[2023-11-02T10:25:41.619+0100][gc,start      ] GC(15) Pause Young (Normal) (G1 Evacuation Pause)
[2023-11-02T10:25:41.619+0100][gc,task       ] GC(15) Using 13 workers of 13 for evacuation
[2023-11-02T10:25:41.625+0100][gc,phases     ] GC(15)   Pre Evacuate Collection Set: 0,0ms
[2023-11-02T10:25:41.625+0100][gc,phases     ] GC(15)   Evacuate Collection Set: 5,1ms
[2023-11-02T10:25:41.625+0100][gc,phases     ] GC(15)   Post Evacuate Collection Set: 0,6ms
[2023-11-02T10:25:41.625+0100][gc,phases     ] GC(15)   Other: 0,3ms
[2023-11-02T10:25:41.625+0100][gc,heap       ] GC(15) Eden regions: 199->0(294)
[2023-11-02T10:25:41.625+0100][gc,heap       ] GC(15) Survivor regions: 6->9(26)
[2023-11-02T10:25:41.625+0100][gc,heap       ] GC(15) Old regions: 34->34
[2023-11-02T10:25:41.625+0100][gc,heap       ] GC(15) Humongous regions: 129->129
[2023-11-02T10:25:41.625+0100][gc,metaspace  ] GC(15) Metaspace: 45098K(48128K)->45098K(48128K) NonClass: 39364K(40960K)->39364K(40960K) Class: 5733K(7168K)->5733K(7168K)
[2023-11-02T10:25:41.625+0100][gc            ] GC(15) Pause Young (Normal) (G1 Evacuation Pause) 365M->169M(1024M) 6,122ms
[2023-11-02T10:25:41.625+0100][gc,cpu        ] GC(15) User=0,05s Sys=0,01s Real=0,00s
[2023-11-02T10:25:47.378+0100][gc,start      ] GC(16) Pause Young (Normal) (G1 Evacuation Pause)
[2023-11-02T10:25:47.378+0100][gc,task       ] GC(16) Using 13 workers of 13 for evacuation
[2023-11-02T10:25:47.385+0100][gc,phases     ] GC(16)   Pre Evacuate Collection Set: 0,0ms
[2023-11-02T10:25:47.385+0100][gc,phases     ] GC(16)   Evacuate Collection Set: 5,8ms
[2023-11-02T10:25:47.385+0100][gc,phases     ] GC(16)   Post Evacuate Collection Set: 0,5ms
[2023-11-02T10:25:47.385+0100][gc,phases     ] GC(16)   Other: 0,3ms
[2023-11-02T10:25:47.385+0100][gc,heap       ] GC(16) Eden regions: 293->0(382)
[2023-11-02T10:25:47.385+0100][gc,heap       ] GC(16) Survivor regions: 9->10(38)
[2023-11-02T10:25:47.385+0100][gc,heap       ] GC(16) Old regions: 34->34
[2023-11-02T10:25:47.385+0100][gc,heap       ] GC(16) Humongous regions: 129->129
[2023-11-02T10:25:47.385+0100][gc,metaspace  ] GC(16) Metaspace: 45293K(48512K)->45293K(48512K) NonClass: 39507K(41216K)->39507K(41216K) Class: 5786K(7296K)->5786K(7296K)
[2023-11-02T10:25:47.385+0100][gc            ] GC(16) Pause Young (Normal) (G1 Evacuation Pause) 462M->171M(1024M) 6,711ms
[2023-11-02T10:25:47.385+0100][gc,cpu        ] GC(16) User=0,07s Sys=0,00s Real=0,01s
[2023-11-02T10:25:56.049+0100][gc,start      ] GC(17) Pause Young (Normal) (G1 Evacuation Pause)
[2023-11-02T10:25:56.049+0100][gc,task       ] GC(17) Using 13 workers of 13 for evacuation
[2023-11-02T10:25:56.054+0100][gc,phases     ] GC(17)   Pre Evacuate Collection Set: 0,0ms
[2023-11-02T10:25:56.054+0100][gc,phases     ] GC(17)   Evacuate Collection Set: 5,0ms
[2023-11-02T10:25:56.054+0100][gc,phases     ] GC(17)   Post Evacuate Collection Set: 0,7ms
[2023-11-02T10:25:56.054+0100][gc,phases     ] GC(17)   Other: 0,3ms
[2023-11-02T10:25:56.054+0100][gc,heap       ] GC(17) Eden regions: 380->0(420)
[2023-11-02T10:25:56.055+0100][gc,heap       ] GC(17) Survivor regions: 10->11(49)
[2023-11-02T10:25:56.055+0100][gc,heap       ] GC(17) Old regions: 34->34
[2023-11-02T10:25:56.055+0100][gc,heap       ] GC(17) Humongous regions: 129->129
[2023-11-02T10:25:56.055+0100][gc,metaspace  ] GC(17) Metaspace: 45300K(48512K)->45300K(48512K) NonClass: 39514K(41216K)->39514K(41216K) Class: 5786K(7296K)->5786K(7296K)
[2023-11-02T10:25:56.055+0100][gc            ] GC(17) Pause Young (Normal) (G1 Evacuation Pause) 551M->171M(1024M) 6,042ms
[2023-11-02T10:25:56.055+0100][gc,cpu        ] GC(17) User=0,05s Sys=0,02s Real=0,00s
[2023-11-02T10:29:39.763+0100][gc,start      ] GC(18) Pause Young (Normal) (G1 Evacuation Pause)
[2023-11-02T10:29:39.763+0100][gc,task       ] GC(18) Using 13 workers of 13 for evacuation
[2023-11-02T10:29:39.774+0100][gc,phases     ] GC(18)   Pre Evacuate Collection Set: 0,0ms
[2023-11-02T10:29:39.774+0100][gc,phases     ] GC(18)   Evacuate Collection Set: 9,9ms
[2023-11-02T10:29:39.774+0100][gc,phases     ] GC(18)   Post Evacuate Collection Set: 1,1ms
[2023-11-02T10:29:39.774+0100][gc,phases     ] GC(18)   Other: 0,4ms
[2023-11-02T10:29:39.774+0100][gc,heap       ] GC(18) Eden regions: 420->0(473)
[2023-11-02T10:29:39.774+0100][gc,heap       ] GC(18) Survivor regions: 11->17(54)
[2023-11-02T10:29:39.774+0100][gc,heap       ] GC(18) Old regions: 34->34
[2023-11-02T10:29:39.774+0100][gc,heap       ] GC(18) Humongous regions: 129->129
[2023-11-02T10:29:39.774+0100][gc,metaspace  ] GC(18) Metaspace: 45413K(48512K)->45413K(48512K) NonClass: 39623K(41216K)->39623K(41216K) Class: 5790K(7296K)->5790K(7296K)
[2023-11-02T10:29:39.775+0100][gc            ] GC(18) Pause Young (Normal) (G1 Evacuation Pause) 591M->178M(1024M) 11,633ms
[2023-11-02T10:29:39.775+0100][gc,cpu        ] GC(18) User=0,11s Sys=0,02s Real=0,01s
[2023-11-02T11:02:33.089+0100][gc,start      ] GC(19) Pause Young (Normal) (G1 Evacuation Pause)
[2023-11-02T11:02:33.089+0100][gc,task       ] GC(19) Using 13 workers of 13 for evacuation
[2023-11-02T11:02:33.103+0100][gc,phases     ] GC(19)   Pre Evacuate Collection Set: 0,0ms
[2023-11-02T11:02:33.103+0100][gc,phases     ] GC(19)   Evacuate Collection Set: 12,2ms
[2023-11-02T11:02:33.103+0100][gc,phases     ] GC(19)   Post Evacuate Collection Set: 1,9ms
[2023-11-02T11:02:33.103+0100][gc,phases     ] GC(19)   Other: 0,4ms
[2023-11-02T11:02:33.103+0100][gc,heap       ] GC(19) Eden regions: 473->0(489)
[2023-11-02T11:02:33.103+0100][gc,heap       ] GC(19) Survivor regions: 17->19(62)
[2023-11-02T11:02:33.103+0100][gc,heap       ] GC(19) Old regions: 34->34
[2023-11-02T11:02:33.103+0100][gc,heap       ] GC(19) Humongous regions: 129->129
[2023-11-02T11:02:33.103+0100][gc,metaspace  ] GC(19) Metaspace: 45731K(49024K)->45731K(49024K) NonClass: 39926K(41728K)->39926K(41728K) Class: 5804K(7296K)->5804K(7296K)
[2023-11-02T11:02:33.103+0100][gc            ] GC(19) Pause Young (Normal) (G1 Evacuation Pause) 651M->180M(1024M) 14,637ms
[2023-11-02T11:02:33.103+0100][gc,cpu        ] GC(19) User=0,11s Sys=0,01s Real=0,02s
[2023-11-02T11:48:15.821+0100][gc,start      ] GC(20) Pause Young (Normal) (G1 Evacuation Pause)
[2023-11-02T11:48:15.821+0100][gc,task       ] GC(20) Using 13 workers of 13 for evacuation
[2023-11-02T11:48:15.840+0100][gc,phases     ] GC(20)   Pre Evacuate Collection Set: 0,0ms
[2023-11-02T11:48:15.840+0100][gc,phases     ] GC(20)   Evacuate Collection Set: 17,1ms
[2023-11-02T11:48:15.840+0100][gc,phases     ] GC(20)   Post Evacuate Collection Set: 1,7ms
[2023-11-02T11:48:15.840+0100][gc,phases     ] GC(20)   Other: 0,4ms
[2023-11-02T11:48:15.840+0100][gc,heap       ] GC(20) Eden regions: 489->0(485)
[2023-11-02T11:48:15.840+0100][gc,heap       ] GC(20) Survivor regions: 19->32(64)
[2023-11-02T11:48:15.840+0100][gc,heap       ] GC(20) Old regions: 34->34
[2023-11-02T11:48:15.840+0100][gc,heap       ] GC(20) Humongous regions: 129->129
[2023-11-02T11:48:15.840+0100][gc,metaspace  ] GC(20) Metaspace: 46043K(49280K)->46043K(49280K) NonClass: 40232K(41984K)->40232K(41984K) Class: 5810K(7296K)->5810K(7296K)
[2023-11-02T11:48:15.840+0100][gc            ] GC(20) Pause Young (Normal) (G1 Evacuation Pause) 669M->192M(1024M) 19,293ms
[2023-11-02T11:48:15.840+0100][gc,cpu        ] GC(20) User=0,18s Sys=0,05s Real=0,02s
[2023-11-02T12:42:42.817+0100][gc,start      ] GC(21) Pause Young (Normal) (G1 Evacuation Pause)
[2023-11-02T12:42:42.817+0100][gc,task       ] GC(21) Using 13 workers of 13 for evacuation
[2023-11-02T12:42:42.834+0100][gc,phases     ] GC(21)   Pre Evacuate Collection Set: 0,0ms
[2023-11-02T12:42:42.834+0100][gc,phases     ] GC(21)   Evacuate Collection Set: 12,8ms
[2023-11-02T12:42:42.834+0100][gc,phases     ] GC(21)   Post Evacuate Collection Set: 3,7ms
[2023-11-02T12:42:42.834+0100][gc,phases     ] GC(21)   Other: 0,3ms
[2023-11-02T12:42:42.834+0100][gc,heap       ] GC(21) Eden regions: 390->0(379)
[2023-11-02T12:42:42.834+0100][gc,heap       ] GC(21) Survivor regions: 32->21(53)
[2023-11-02T12:42:42.834+0100][gc,heap       ] GC(21) Old regions: 34->38
[2023-11-02T12:42:42.834+0100][gc,heap       ] GC(21) Humongous regions: 129->129
[2023-11-02T12:42:42.834+0100][gc,metaspace  ] GC(21) Metaspace: 46469K(49920K)->46469K(49920K) NonClass: 40560K(42496K)->40560K(42496K) Class: 5909K(7424K)->5909K(7424K)
[2023-11-02T12:42:42.834+0100][gc            ] GC(21) Pause Young (Normal) (G1 Evacuation Pause) 582M->185M(1024M) 16,997ms
[2023-11-02T12:42:42.834+0100][gc,cpu        ] GC(21) User=0,17s Sys=0,01s Real=0,02s
[2023-11-02T12:42:45.252+0100][gc,heap,exit  ] Heap
[2023-11-02T12:42:45.252+0100][gc,heap,exit  ]  garbage-first heap   total 1048576K, used 199479K [0x00000000c0000000, 0x0000000100000000)
[2023-11-02T12:42:45.252+0100][gc,heap,exit  ]   region size 1024K, 31 young (31744K), 21 survivors (21504K)
[2023-11-02T12:42:45.252+0100][gc,heap,exit  ]  Metaspace       used 46880K, capacity 50132K, committed 50304K, reserved 1091584K
[2023-11-02T12:42:45.252+0100][gc,heap,exit  ]   class space    used 6013K, capacity 7532K, committed 7552K, reserved 1048576K
