[2023-11-01T12:07:39.874+0100][gc,heap] Heap region size: 1M
[2023-11-01T12:07:39.882+0100][gc     ] Using G1
[2023-11-01T12:07:39.882+0100][gc,heap,coops] Heap address: 0x00000000c0000000, size: 1024 MB, Compressed Oops mode: 32-bit
[2023-11-01T12:07:39.882+0100][gc,cds       ] Mark closed archive regions in map: [0x00000000fff00000, 0x00000000fff6bff8]
[2023-11-01T12:07:39.882+0100][gc,cds       ] Mark open archive regions in map: [0x00000000ffe00000, 0x00000000ffe47ff8]
[2023-11-01T12:07:40.593+0100][gc,start     ] GC(0) Pause Young (Normal) (G1 Evacuation Pause)
[2023-11-01T12:07:40.594+0100][gc,task      ] GC(0) Using 13 workers of 13 for evacuation
[2023-11-01T12:07:40.604+0100][gc,phases    ] GC(0)   Pre Evacuate Collection Set: 0,0ms
[2023-11-01T12:07:40.604+0100][gc,phases    ] GC(0)   Evacuate Collection Set: 9,5ms
[2023-11-01T12:07:40.604+0100][gc,phases    ] GC(0)   Post Evacuate Collection Set: 0,4ms
[2023-11-01T12:07:40.604+0100][gc,phases    ] GC(0)   Other: 1,3ms
[2023-11-01T12:07:40.604+0100][gc,heap      ] GC(0) Eden regions: 51->0(44)
[2023-11-01T12:07:40.604+0100][gc,heap      ] GC(0) Survivor regions: 0->7(7)
[2023-11-01T12:07:40.604+0100][gc,heap      ] GC(0) Old regions: 2->2
[2023-11-01T12:07:40.604+0100][gc,heap      ] GC(0) Humongous regions: 0->0
[2023-11-01T12:07:40.604+0100][gc,metaspace ] GC(0) Metaspace: 14278K(15104K)->14278K(15104K) NonClass: 12532K(13056K)->12532K(13056K) Class: 1746K(2048K)->1746K(2048K)
[2023-11-01T12:07:40.604+0100][gc           ] GC(0) Pause Young (Normal) (G1 Evacuation Pause) 51M->7M(1024M) 11,302ms
[2023-11-01T12:07:40.604+0100][gc,cpu       ] GC(0) User=0,12s Sys=0,01s Real=0,01s
[2023-11-01T12:07:41.030+0100][gc,start     ] GC(1) Pause Young (Concurrent Start) (Metadata GC Threshold)
[2023-11-01T12:07:41.030+0100][gc,task      ] GC(1) Using 13 workers of 13 for evacuation
[2023-11-01T12:07:41.040+0100][gc,phases    ] GC(1)   Pre Evacuate Collection Set: 0,1ms
[2023-11-01T12:07:41.040+0100][gc,phases    ] GC(1)   Evacuate Collection Set: 9,2ms
[2023-11-01T12:07:41.040+0100][gc,phases    ] GC(1)   Post Evacuate Collection Set: 0,5ms
[2023-11-01T12:07:41.040+0100][gc,phases    ] GC(1)   Other: 0,3ms
[2023-11-01T12:07:41.040+0100][gc,heap      ] GC(1) Eden regions: 30->0(49)
[2023-11-01T12:07:41.040+0100][gc,heap      ] GC(1) Survivor regions: 7->2(7)
[2023-11-01T12:07:41.040+0100][gc,heap      ] GC(1) Old regions: 2->9
[2023-11-01T12:07:41.040+0100][gc,heap      ] GC(1) Humongous regions: 0->0
[2023-11-01T12:07:41.040+0100][gc,metaspace ] GC(1) Metaspace: 20550K(21248K)->20550K(21248K) NonClass: 18072K(18432K)->18072K(18432K) Class: 2478K(2816K)->2478K(2816K)
[2023-11-01T12:07:41.040+0100][gc           ] GC(1) Pause Young (Concurrent Start) (Metadata GC Threshold) 36M->8M(1024M) 10,283ms
[2023-11-01T12:07:41.040+0100][gc,cpu       ] GC(1) User=0,06s Sys=0,02s Real=0,01s
[2023-11-01T12:07:41.040+0100][gc           ] GC(2) Concurrent Cycle
[2023-11-01T12:07:41.040+0100][gc,marking   ] GC(2) Concurrent Clear Claimed Marks
[2023-11-01T12:07:41.040+0100][gc,marking   ] GC(2) Concurrent Clear Claimed Marks 0,092ms
[2023-11-01T12:07:41.040+0100][gc,marking   ] GC(2) Concurrent Scan Root Regions
[2023-11-01T12:07:41.041+0100][gc,marking   ] GC(2) Concurrent Scan Root Regions 1,147ms
[2023-11-01T12:07:41.041+0100][gc,marking   ] GC(2) Concurrent Mark (1,173s)
[2023-11-01T12:07:41.041+0100][gc,marking   ] GC(2) Concurrent Mark From Roots
[2023-11-01T12:07:41.042+0100][gc,task      ] GC(2) Using 3 workers of 3 for marking
[2023-11-01T12:07:41.045+0100][gc,marking   ] GC(2) Concurrent Mark From Roots 3,647ms
[2023-11-01T12:07:41.045+0100][gc,marking   ] GC(2) Concurrent Preclean
[2023-11-01T12:07:41.045+0100][gc,marking   ] GC(2) Concurrent Preclean 0,147ms
[2023-11-01T12:07:41.045+0100][gc,marking   ] GC(2) Concurrent Mark (1,173s, 1,177s) 3,854ms
[2023-11-01T12:07:41.045+0100][gc,start     ] GC(2) Pause Remark
[2023-11-01T12:07:41.047+0100][gc,stringtable] GC(2) Cleaned string and symbol table, strings: 5300 processed, 0 removed, symbols: 52344 processed, 47 removed
[2023-11-01T12:07:41.047+0100][gc            ] GC(2) Pause Remark 9M->9M(1024M) 1,647ms
[2023-11-01T12:07:41.047+0100][gc,cpu        ] GC(2) User=0,01s Sys=0,00s Real=0,01s
[2023-11-01T12:07:41.047+0100][gc,marking    ] GC(2) Concurrent Rebuild Remembered Sets
[2023-11-01T12:07:41.049+0100][gc,marking    ] GC(2) Concurrent Rebuild Remembered Sets 2,276ms
[2023-11-01T12:07:41.050+0100][gc,start      ] GC(2) Pause Cleanup
[2023-11-01T12:07:41.050+0100][gc            ] GC(2) Pause Cleanup 9M->9M(1024M) 0,283ms
[2023-11-01T12:07:41.050+0100][gc,cpu        ] GC(2) User=0,00s Sys=0,00s Real=0,00s
[2023-11-01T12:07:41.050+0100][gc,marking    ] GC(2) Concurrent Cleanup for Next Mark
[2023-11-01T12:07:41.052+0100][gc,marking    ] GC(2) Concurrent Cleanup for Next Mark 2,486ms
[2023-11-01T12:07:41.052+0100][gc            ] GC(2) Concurrent Cycle 12,419ms
[2023-11-01T12:07:41.545+0100][gc,start      ] GC(3) Pause Young (Normal) (G1 Evacuation Pause)
[2023-11-01T12:07:41.545+0100][gc,task       ] GC(3) Using 13 workers of 13 for evacuation
[2023-11-01T12:07:41.549+0100][gc,phases     ] GC(3)   Pre Evacuate Collection Set: 0,0ms
[2023-11-01T12:07:41.549+0100][gc,phases     ] GC(3)   Evacuate Collection Set: 3,3ms
[2023-11-01T12:07:41.549+0100][gc,phases     ] GC(3)   Post Evacuate Collection Set: 0,4ms
[2023-11-01T12:07:41.549+0100][gc,phases     ] GC(3)   Other: 0,2ms
[2023-11-01T12:07:41.549+0100][gc,heap       ] GC(3) Eden regions: 49->0(46)
[2023-11-01T12:07:41.549+0100][gc,heap       ] GC(3) Survivor regions: 2->5(7)
[2023-11-01T12:07:41.549+0100][gc,heap       ] GC(3) Old regions: 9->9
[2023-11-01T12:07:41.549+0100][gc,heap       ] GC(3) Humongous regions: 129->129
[2023-11-01T12:07:41.549+0100][gc,metaspace  ] GC(3) Metaspace: 28665K(29952K)->28665K(29952K) NonClass: 25351K(26112K)->25351K(26112K) Class: 3314K(3840K)->3314K(3840K)
[2023-11-01T12:07:41.549+0100][gc            ] GC(3) Pause Young (Normal) (G1 Evacuation Pause) 186M->141M(1024M) 3,996ms
[2023-11-01T12:07:41.549+0100][gc,cpu        ] GC(3) User=0,04s Sys=0,00s Real=0,01s
[2023-11-01T12:07:41.820+0100][gc,start      ] GC(4) Pause Young (Concurrent Start) (Metadata GC Threshold)
[2023-11-01T12:07:41.821+0100][gc,task       ] GC(4) Using 13 workers of 13 for evacuation
[2023-11-01T12:07:41.828+0100][gc,phases     ] GC(4)   Pre Evacuate Collection Set: 0,1ms
[2023-11-01T12:07:41.828+0100][gc,phases     ] GC(4)   Evacuate Collection Set: 6,4ms
[2023-11-01T12:07:41.828+0100][gc,phases     ] GC(4)   Post Evacuate Collection Set: 0,5ms
[2023-11-01T12:07:41.828+0100][gc,phases     ] GC(4)   Other: 0,2ms
[2023-11-01T12:07:41.828+0100][gc,heap       ] GC(4) Eden regions: 29->0(48)
[2023-11-01T12:07:41.828+0100][gc,heap       ] GC(4) Survivor regions: 5->3(7)
[2023-11-01T12:07:41.828+0100][gc,heap       ] GC(4) Old regions: 9->14
[2023-11-01T12:07:41.828+0100][gc,heap       ] GC(4) Humongous regions: 129->129
[2023-11-01T12:07:41.828+0100][gc,metaspace  ] GC(4) Metaspace: 34357K(35840K)->34357K(35840K) NonClass: 30353K(31232K)->30353K(31232K) Class: 4004K(4608K)->4004K(4608K)
[2023-11-01T12:07:41.828+0100][gc            ] GC(4) Pause Young (Concurrent Start) (Metadata GC Threshold) 169M->143M(1024M) 7,271ms
[2023-11-01T12:07:41.828+0100][gc,cpu        ] GC(4) User=0,06s Sys=0,00s Real=0,01s
[2023-11-01T12:07:41.828+0100][gc            ] GC(5) Concurrent Cycle
[2023-11-01T12:07:41.828+0100][gc,marking    ] GC(5) Concurrent Clear Claimed Marks
[2023-11-01T12:07:41.828+0100][gc,marking    ] GC(5) Concurrent Clear Claimed Marks 0,164ms
[2023-11-01T12:07:41.828+0100][gc,marking    ] GC(5) Concurrent Scan Root Regions
[2023-11-01T12:07:41.830+0100][gc,marking    ] GC(5) Concurrent Scan Root Regions 1,504ms
[2023-11-01T12:07:41.830+0100][gc,marking    ] GC(5) Concurrent Mark (1,961s)
[2023-11-01T12:07:41.830+0100][gc,marking    ] GC(5) Concurrent Mark From Roots
[2023-11-01T12:07:41.830+0100][gc,task       ] GC(5) Using 3 workers of 3 for marking
[2023-11-01T12:07:41.840+0100][gc,marking    ] GC(5) Concurrent Mark From Roots 10,807ms
[2023-11-01T12:07:41.840+0100][gc,marking    ] GC(5) Concurrent Preclean
[2023-11-01T12:07:41.841+0100][gc,marking    ] GC(5) Concurrent Preclean 0,165ms
[2023-11-01T12:07:41.841+0100][gc,marking    ] GC(5) Concurrent Mark (1,961s, 1,972s) 11,052ms
[2023-11-01T12:07:41.841+0100][gc,start      ] GC(5) Pause Remark
[2023-11-01T12:07:41.844+0100][gc,stringtable] GC(5) Cleaned string and symbol table, strings: 11091 processed, 13 removed, symbols: 85661 processed, 14 removed
[2023-11-01T12:07:41.844+0100][gc            ] GC(5) Pause Remark 144M->144M(1024M) 3,509ms
[2023-11-01T12:07:41.844+0100][gc,cpu        ] GC(5) User=0,03s Sys=0,00s Real=0,00s
[2023-11-01T12:07:41.844+0100][gc,marking    ] GC(5) Concurrent Rebuild Remembered Sets
[2023-11-01T12:07:41.849+0100][gc,marking    ] GC(5) Concurrent Rebuild Remembered Sets 4,426ms
[2023-11-01T12:07:41.849+0100][gc,start      ] GC(5) Pause Cleanup
[2023-11-01T12:07:41.849+0100][gc            ] GC(5) Pause Cleanup 145M->145M(1024M) 0,157ms
[2023-11-01T12:07:41.849+0100][gc,cpu        ] GC(5) User=0,00s Sys=0,00s Real=0,00s
[2023-11-01T12:07:41.849+0100][gc,marking    ] GC(5) Concurrent Cleanup for Next Mark
[2023-11-01T12:07:41.852+0100][gc,marking    ] GC(5) Concurrent Cleanup for Next Mark 2,416ms
[2023-11-01T12:07:41.852+0100][gc            ] GC(5) Concurrent Cycle 23,924ms
[2023-11-01T13:43:56.390+0100][gc,start      ] GC(6) Pause Young (Normal) (G1 Evacuation Pause)
[2023-11-01T13:43:56.390+0100][gc,task       ] GC(6) Using 13 workers of 13 for evacuation
[2023-11-01T13:43:56.393+0100][gc,phases     ] GC(6)   Pre Evacuate Collection Set: 0,0ms
[2023-11-01T13:43:56.393+0100][gc,phases     ] GC(6)   Evacuate Collection Set: 2,3ms
[2023-11-01T13:43:56.393+0100][gc,phases     ] GC(6)   Post Evacuate Collection Set: 0,7ms
[2023-11-01T13:43:56.393+0100][gc,phases     ] GC(6)   Other: 0,3ms
[2023-11-01T13:43:56.393+0100][gc,heap       ] GC(6) Eden regions: 48->0(48)
[2023-11-01T13:43:56.393+0100][gc,heap       ] GC(6) Survivor regions: 3->3(7)
[2023-11-01T13:43:56.393+0100][gc,heap       ] GC(6) Old regions: 14->14
[2023-11-01T13:43:56.393+0100][gc,heap       ] GC(6) Humongous regions: 129->129
[2023-11-01T13:43:56.393+0100][gc,metaspace  ] GC(6) Metaspace: 36861K(38656K)->36861K(38656K) NonClass: 32522K(33536K)->32522K(33536K) Class: 4338K(5120K)->4338K(5120K)
[2023-11-01T13:43:56.393+0100][gc            ] GC(6) Pause Young (Normal) (G1 Evacuation Pause) 191M->143M(1024M) 3,501ms
[2023-11-01T13:43:56.393+0100][gc,cpu        ] GC(6) User=0,03s Sys=0,00s Real=0,00s
[2023-11-01T13:57:11.510+0100][gc,start      ] GC(7) Pause Young (Normal) (G1 Evacuation Pause)
[2023-11-01T13:57:11.510+0100][gc,task       ] GC(7) Using 13 workers of 13 for evacuation
[2023-11-01T13:57:11.516+0100][gc,phases     ] GC(7)   Pre Evacuate Collection Set: 0,0ms
[2023-11-01T13:57:11.516+0100][gc,phases     ] GC(7)   Evacuate Collection Set: 3,7ms
[2023-11-01T13:57:11.516+0100][gc,phases     ] GC(7)   Post Evacuate Collection Set: 1,6ms
[2023-11-01T13:57:11.516+0100][gc,phases     ] GC(7)   Other: 0,3ms
[2023-11-01T13:57:11.516+0100][gc,heap       ] GC(7) Eden regions: 48->0(46)
[2023-11-01T13:57:11.516+0100][gc,heap       ] GC(7) Survivor regions: 3->5(7)
[2023-11-01T13:57:11.516+0100][gc,heap       ] GC(7) Old regions: 14->14
[2023-11-01T13:57:11.516+0100][gc,heap       ] GC(7) Humongous regions: 129->129
[2023-11-01T13:57:11.516+0100][gc,metaspace  ] GC(7) Metaspace: 41210K(43648K)->41210K(43648K) NonClass: 36060K(37376K)->36060K(37376K) Class: 5150K(6272K)->5150K(6272K)
[2023-11-01T13:57:11.516+0100][gc            ] GC(7) Pause Young (Normal) (G1 Evacuation Pause) 191M->145M(1024M) 5,861ms
[2023-11-01T13:57:11.516+0100][gc,cpu        ] GC(7) User=0,05s Sys=0,00s Real=0,01s
[2023-11-01T14:11:30.302+0100][gc,start      ] GC(8) Pause Young (Normal) (G1 Evacuation Pause)
[2023-11-01T14:11:30.303+0100][gc,task       ] GC(8) Using 13 workers of 13 for evacuation
[2023-11-01T14:11:30.307+0100][gc,phases     ] GC(8)   Pre Evacuate Collection Set: 0,0ms
[2023-11-01T14:11:30.307+0100][gc,phases     ] GC(8)   Evacuate Collection Set: 3,9ms
[2023-11-01T14:11:30.307+0100][gc,phases     ] GC(8)   Post Evacuate Collection Set: 0,7ms
[2023-11-01T14:11:30.307+0100][gc,phases     ] GC(8)   Other: 0,2ms
[2023-11-01T14:11:30.307+0100][gc,heap       ] GC(8) Eden regions: 46->0(46)
[2023-11-01T14:11:30.307+0100][gc,heap       ] GC(8) Survivor regions: 5->5(7)
[2023-11-01T14:11:30.307+0100][gc,heap       ] GC(8) Old regions: 14->16
[2023-11-01T14:11:30.307+0100][gc,heap       ] GC(8) Humongous regions: 129->129
[2023-11-01T14:11:30.307+0100][gc,metaspace  ] GC(8) Metaspace: 42046K(44672K)->42046K(44672K) NonClass: 36801K(38144K)->36801K(38144K) Class: 5245K(6528K)->5245K(6528K)
[2023-11-01T14:11:30.307+0100][gc            ] GC(8) Pause Young (Normal) (G1 Evacuation Pause) 191M->147M(1024M) 5,007ms
[2023-11-01T14:11:30.307+0100][gc,cpu        ] GC(8) User=0,06s Sys=0,00s Real=0,01s
[2023-11-01T14:11:49.727+0100][gc,start      ] GC(9) Pause Young (Normal) (G1 Evacuation Pause)
[2023-11-01T14:11:49.727+0100][gc,task       ] GC(9) Using 13 workers of 13 for evacuation
[2023-11-01T14:11:49.732+0100][gc,phases     ] GC(9)   Pre Evacuate Collection Set: 0,0ms
[2023-11-01T14:11:49.732+0100][gc,phases     ] GC(9)   Evacuate Collection Set: 4,5ms
[2023-11-01T14:11:49.732+0100][gc,phases     ] GC(9)   Post Evacuate Collection Set: 0,5ms
[2023-11-01T14:11:49.732+0100][gc,phases     ] GC(9)   Other: 0,2ms
[2023-11-01T14:11:49.732+0100][gc,heap       ] GC(9) Eden regions: 46->0(45)
[2023-11-01T14:11:49.732+0100][gc,heap       ] GC(9) Survivor regions: 5->6(7)
[2023-11-01T14:11:49.732+0100][gc,heap       ] GC(9) Old regions: 16->18
[2023-11-01T14:11:49.732+0100][gc,heap       ] GC(9) Humongous regions: 129->129
[2023-11-01T14:11:49.732+0100][gc,metaspace  ] GC(9) Metaspace: 42545K(45184K)->42545K(45184K) NonClass: 37282K(38656K)->37282K(38656K) Class: 5262K(6528K)->5262K(6528K)
[2023-11-01T14:11:49.732+0100][gc            ] GC(9) Pause Young (Normal) (G1 Evacuation Pause) 193M->150M(1024M) 5,404ms
[2023-11-01T14:11:49.732+0100][gc,cpu        ] GC(9) User=0,05s Sys=0,00s Real=0,00s
[2023-11-01T14:17:56.738+0100][gc,start      ] GC(10) Pause Young (Normal) (G1 Evacuation Pause)
[2023-11-01T14:17:56.738+0100][gc,task       ] GC(10) Using 13 workers of 13 for evacuation
[2023-11-01T14:17:56.744+0100][gc,phases     ] GC(10)   Pre Evacuate Collection Set: 0,0ms
[2023-11-01T14:17:56.744+0100][gc,phases     ] GC(10)   Evacuate Collection Set: 4,3ms
[2023-11-01T14:17:56.744+0100][gc,phases     ] GC(10)   Post Evacuate Collection Set: 1,0ms
[2023-11-01T14:17:56.744+0100][gc,phases     ] GC(10)   Other: 0,3ms
[2023-11-01T14:17:56.744+0100][gc,heap       ] GC(10) Eden regions: 45->0(52)
[2023-11-01T14:17:56.744+0100][gc,heap       ] GC(10) Survivor regions: 6->6(7)
[2023-11-01T14:17:56.744+0100][gc,heap       ] GC(10) Old regions: 18->20
[2023-11-01T14:17:56.744+0100][gc,heap       ] GC(10) Humongous regions: 129->129
[2023-11-01T14:17:56.744+0100][gc,metaspace  ] GC(10) Metaspace: 44756K(47872K)->44756K(47872K) NonClass: 39068K(40704K)->39068K(40704K) Class: 5687K(7168K)->5687K(7168K)
[2023-11-01T14:17:56.744+0100][gc            ] GC(10) Pause Young (Normal) (G1 Evacuation Pause) 195M->152M(1024M) 5,771ms
[2023-11-01T14:17:56.744+0100][gc,cpu        ] GC(10) User=0,05s Sys=0,00s Real=0,00s
[2023-11-01T14:24:19.172+0100][gc,start      ] GC(11) Pause Young (Normal) (G1 Evacuation Pause)
[2023-11-01T14:24:19.173+0100][gc,task       ] GC(11) Using 13 workers of 13 for evacuation
[2023-11-01T14:24:19.179+0100][gc,phases     ] GC(11)   Pre Evacuate Collection Set: 0,0ms
[2023-11-01T14:24:19.179+0100][gc,phases     ] GC(11)   Evacuate Collection Set: 5,9ms
[2023-11-01T14:24:19.180+0100][gc,phases     ] GC(11)   Post Evacuate Collection Set: 0,7ms
[2023-11-01T14:24:19.180+0100][gc,phases     ] GC(11)   Other: 0,3ms
[2023-11-01T14:24:19.180+0100][gc,heap       ] GC(11) Eden regions: 52->0(161)
[2023-11-01T14:24:19.180+0100][gc,heap       ] GC(11) Survivor regions: 6->6(8)
[2023-11-01T14:24:19.180+0100][gc,heap       ] GC(11) Old regions: 20->23
[2023-11-01T14:24:19.180+0100][gc,heap       ] GC(11) Humongous regions: 129->129
[2023-11-01T14:24:19.180+0100][gc,metaspace  ] GC(11) Metaspace: 44837K(47872K)->44837K(47872K) NonClass: 39149K(40704K)->39149K(40704K) Class: 5687K(7168K)->5687K(7168K)
[2023-11-01T14:24:19.180+0100][gc            ] GC(11) Pause Young (Normal) (G1 Evacuation Pause) 204M->155M(1024M) 7,170ms
[2023-11-01T14:24:19.180+0100][gc,cpu        ] GC(11) User=0,08s Sys=0,00s Real=0,01s
[2023-11-01T14:32:27.186+0100][gc,start      ] GC(12) Pause Young (Normal) (G1 Evacuation Pause)
[2023-11-01T14:32:27.186+0100][gc,task       ] GC(12) Using 13 workers of 13 for evacuation
[2023-11-01T14:32:27.200+0100][gc,phases     ] GC(12)   Pre Evacuate Collection Set: 0,0ms
[2023-11-01T14:32:27.200+0100][gc,phases     ] GC(12)   Evacuate Collection Set: 12,7ms
[2023-11-01T14:32:27.200+0100][gc,phases     ] GC(12)   Post Evacuate Collection Set: 0,8ms
[2023-11-01T14:32:27.200+0100][gc,phases     ] GC(12)   Other: 0,4ms
[2023-11-01T14:32:27.200+0100][gc,heap       ] GC(12) Eden regions: 161->0(68)
[2023-11-01T14:32:27.200+0100][gc,heap       ] GC(12) Survivor regions: 6->21(21)
[2023-11-01T14:32:27.200+0100][gc,heap       ] GC(12) Old regions: 23->23
[2023-11-01T14:32:27.200+0100][gc,heap       ] GC(12) Humongous regions: 129->129
[2023-11-01T14:32:27.200+0100][gc,metaspace  ] GC(12) Metaspace: 45039K(48128K)->45039K(48128K) NonClass: 39341K(40960K)->39341K(40960K) Class: 5697K(7168K)->5697K(7168K)
[2023-11-01T14:32:27.200+0100][gc            ] GC(12) Pause Young (Normal) (G1 Evacuation Pause) 316M->170M(1024M) 14,001ms
[2023-11-01T14:32:27.200+0100][gc,cpu        ] GC(12) User=0,14s Sys=0,01s Real=0,02s
[2023-11-01T14:34:21.683+0100][gc,start      ] GC(13) Pause Young (Normal) (G1 Evacuation Pause)
[2023-11-01T14:34:21.683+0100][gc,task       ] GC(13) Using 13 workers of 13 for evacuation
[2023-11-01T14:34:21.697+0100][gc,phases     ] GC(13)   Pre Evacuate Collection Set: 0,0ms
[2023-11-01T14:34:21.697+0100][gc,phases     ] GC(13)   Evacuate Collection Set: 13,6ms
[2023-11-01T14:34:21.697+0100][gc,phases     ] GC(13)   Post Evacuate Collection Set: 0,6ms
[2023-11-01T14:34:21.697+0100][gc,phases     ] GC(13)   Other: 0,4ms
[2023-11-01T14:34:21.697+0100][gc,heap       ] GC(13) Eden regions: 68->0(68)
[2023-11-01T14:34:21.697+0100][gc,heap       ] GC(13) Survivor regions: 21->9(12)
[2023-11-01T14:34:21.697+0100][gc,heap       ] GC(13) Old regions: 23->43
[2023-11-01T14:34:21.697+0100][gc,heap       ] GC(13) Humongous regions: 129->129
[2023-11-01T14:34:21.697+0100][gc,metaspace  ] GC(13) Metaspace: 45065K(48128K)->45065K(48128K) NonClass: 39368K(40960K)->39368K(40960K) Class: 5697K(7168K)->5697K(7168K)
[2023-11-01T14:34:21.697+0100][gc            ] GC(13) Pause Young (Normal) (G1 Evacuation Pause) 238M->179M(1024M) 14,615ms
[2023-11-01T14:34:21.698+0100][gc,cpu        ] GC(13) User=0,14s Sys=0,04s Real=0,02s
[2023-11-01T14:36:18.172+0100][gc,start      ] GC(14) Pause Young (Normal) (G1 Evacuation Pause)
[2023-11-01T14:36:18.172+0100][gc,task       ] GC(14) Using 13 workers of 13 for evacuation
[2023-11-01T14:36:18.176+0100][gc,phases     ] GC(14)   Pre Evacuate Collection Set: 0,0ms
[2023-11-01T14:36:18.176+0100][gc,phases     ] GC(14)   Evacuate Collection Set: 3,2ms
[2023-11-01T14:36:18.176+0100][gc,phases     ] GC(14)   Post Evacuate Collection Set: 0,7ms
[2023-11-01T14:36:18.176+0100][gc,phases     ] GC(14)   Other: 0,4ms
[2023-11-01T14:36:18.176+0100][gc,heap       ] GC(14) Eden regions: 68->0(105)
[2023-11-01T14:36:18.176+0100][gc,heap       ] GC(14) Survivor regions: 9->4(10)
[2023-11-01T14:36:18.176+0100][gc,heap       ] GC(14) Old regions: 43->46
[2023-11-01T14:36:18.176+0100][gc,heap       ] GC(14) Humongous regions: 129->129
[2023-11-01T14:36:18.176+0100][gc,metaspace  ] GC(14) Metaspace: 45080K(48128K)->45080K(48128K) NonClass: 39378K(40960K)->39378K(40960K) Class: 5701K(7168K)->5701K(7168K)
[2023-11-01T14:36:18.176+0100][gc            ] GC(14) Pause Young (Normal) (G1 Evacuation Pause) 247M->177M(1024M) 4,428ms
[2023-11-01T14:36:18.177+0100][gc,cpu        ] GC(14) User=0,04s Sys=0,00s Real=0,01s
[2023-11-01T14:39:17.393+0100][gc,start      ] GC(15) Pause Young (Normal) (G1 Evacuation Pause)
[2023-11-01T14:39:17.393+0100][gc,task       ] GC(15) Using 13 workers of 13 for evacuation
[2023-11-01T14:39:17.402+0100][gc,phases     ] GC(15)   Pre Evacuate Collection Set: 0,0ms
[2023-11-01T14:39:17.402+0100][gc,phases     ] GC(15)   Evacuate Collection Set: 8,0ms
[2023-11-01T14:39:17.402+0100][gc,phases     ] GC(15)   Post Evacuate Collection Set: 0,7ms
[2023-11-01T14:39:17.402+0100][gc,phases     ] GC(15)   Other: 0,4ms
[2023-11-01T14:39:17.402+0100][gc,heap       ] GC(15) Eden regions: 105->0(90)
[2023-11-01T14:39:17.402+0100][gc,heap       ] GC(15) Survivor regions: 4->14(14)
[2023-11-01T14:39:17.402+0100][gc,heap       ] GC(15) Old regions: 46->47
[2023-11-01T14:39:17.402+0100][gc,heap       ] GC(15) Humongous regions: 129->129
[2023-11-01T14:39:17.402+0100][gc,metaspace  ] GC(15) Metaspace: 45096K(48128K)->45096K(48128K) NonClass: 39388K(40960K)->39388K(40960K) Class: 5707K(7168K)->5707K(7168K)
[2023-11-01T14:39:17.402+0100][gc            ] GC(15) Pause Young (Normal) (G1 Evacuation Pause) 282M->187M(1024M) 9,341ms
[2023-11-01T14:39:17.402+0100][gc,cpu        ] GC(15) User=0,11s Sys=0,00s Real=0,01s
[2023-11-01T14:41:20.919+0100][gc,start      ] GC(16) Pause Young (Normal) (G1 Evacuation Pause)
[2023-11-01T14:41:20.920+0100][gc,task       ] GC(16) Using 13 workers of 13 for evacuation
[2023-11-01T14:41:20.933+0100][gc,phases     ] GC(16)   Pre Evacuate Collection Set: 0,0ms
[2023-11-01T14:41:20.933+0100][gc,phases     ] GC(16)   Evacuate Collection Set: 12,6ms
[2023-11-01T14:41:20.933+0100][gc,phases     ] GC(16)   Post Evacuate Collection Set: 0,6ms
[2023-11-01T14:41:20.933+0100][gc,phases     ] GC(16)   Other: 0,4ms
[2023-11-01T14:41:20.933+0100][gc,heap       ] GC(16) Eden regions: 88->0(95)
[2023-11-01T14:41:20.933+0100][gc,heap       ] GC(16) Survivor regions: 14->10(13)
[2023-11-01T14:41:20.933+0100][gc,heap       ] GC(16) Old regions: 47->61
[2023-11-01T14:41:20.933+0100][gc,heap       ] GC(16) Humongous regions: 129->129
[2023-11-01T14:41:20.933+0100][gc,metaspace  ] GC(16) Metaspace: 45456K(48640K)->45456K(48640K) NonClass: 39680K(41472K)->39680K(41472K) Class: 5776K(7168K)->5776K(7168K)
[2023-11-01T14:41:20.933+0100][gc            ] GC(16) Pause Young (Normal) (G1 Evacuation Pause) 275M->197M(1024M) 13,732ms
[2023-11-01T14:41:20.933+0100][gc,cpu        ] GC(16) User=0,16s Sys=0,00s Real=0,01s
[2023-11-01T14:43:55.599+0100][gc,start      ] GC(17) Pause Young (Normal) (G1 Evacuation Pause)
[2023-11-01T14:43:55.599+0100][gc,task       ] GC(17) Using 13 workers of 13 for evacuation
[2023-11-01T14:43:55.604+0100][gc,phases     ] GC(17)   Pre Evacuate Collection Set: 0,0ms
[2023-11-01T14:43:55.604+0100][gc,phases     ] GC(17)   Evacuate Collection Set: 3,8ms
[2023-11-01T14:43:55.604+0100][gc,phases     ] GC(17)   Post Evacuate Collection Set: 0,8ms
[2023-11-01T14:43:55.604+0100][gc,phases     ] GC(17)   Other: 0,4ms
[2023-11-01T14:43:55.604+0100][gc,heap       ] GC(17) Eden regions: 95->0(118)
[2023-11-01T14:43:55.604+0100][gc,heap       ] GC(17) Survivor regions: 10->3(14)
[2023-11-01T14:43:55.604+0100][gc,heap       ] GC(17) Old regions: 61->63
[2023-11-01T14:43:55.604+0100][gc,heap       ] GC(17) Humongous regions: 129->129
[2023-11-01T14:43:55.604+0100][gc,metaspace  ] GC(17) Metaspace: 45469K(48640K)->45469K(48640K) NonClass: 39692K(41472K)->39692K(41472K) Class: 5777K(7168K)->5777K(7168K)
[2023-11-01T14:43:55.604+0100][gc            ] GC(17) Pause Young (Normal) (G1 Evacuation Pause) 292M->193M(1024M) 5,128ms
[2023-11-01T14:43:55.604+0100][gc,cpu        ] GC(17) User=0,05s Sys=0,00s Real=0,00s
[2023-11-01T14:47:10.412+0100][gc,start      ] GC(18) Pause Young (Normal) (G1 Evacuation Pause)
[2023-11-01T14:47:10.412+0100][gc,task       ] GC(18) Using 13 workers of 13 for evacuation
[2023-11-01T14:47:10.421+0100][gc,phases     ] GC(18)   Pre Evacuate Collection Set: 0,0ms
[2023-11-01T14:47:10.421+0100][gc,phases     ] GC(18)   Evacuate Collection Set: 8,6ms
[2023-11-01T14:47:10.421+0100][gc,phases     ] GC(18)   Post Evacuate Collection Set: 0,7ms
[2023-11-01T14:47:10.421+0100][gc,phases     ] GC(18)   Other: 0,4ms
[2023-11-01T14:47:10.421+0100][gc,heap       ] GC(18) Eden regions: 118->0(115)
[2023-11-01T14:47:10.422+0100][gc,heap       ] GC(18) Survivor regions: 3->15(16)
[2023-11-01T14:47:10.422+0100][gc,heap       ] GC(18) Old regions: 63->63
[2023-11-01T14:47:10.422+0100][gc,heap       ] GC(18) Humongous regions: 129->129
[2023-11-01T14:47:10.422+0100][gc,metaspace  ] GC(18) Metaspace: 45475K(48640K)->45475K(48640K) NonClass: 39698K(41472K)->39698K(41472K) Class: 5777K(7168K)->5777K(7168K)
[2023-11-01T14:47:10.422+0100][gc            ] GC(18) Pause Young (Normal) (G1 Evacuation Pause) 311M->204M(1024M) 9,767ms
[2023-11-01T14:47:10.422+0100][gc,cpu        ] GC(18) User=0,10s Sys=0,00s Real=0,01s
[2023-11-01T14:50:15.972+0100][gc,start      ] GC(19) Pause Young (Normal) (G1 Evacuation Pause)
[2023-11-01T14:50:15.973+0100][gc,task       ] GC(19) Using 13 workers of 13 for evacuation
[2023-11-01T14:50:15.987+0100][gc,phases     ] GC(19)   Pre Evacuate Collection Set: 0,1ms
[2023-11-01T14:50:15.987+0100][gc,phases     ] GC(19)   Evacuate Collection Set: 13,5ms
[2023-11-01T14:50:15.987+0100][gc,phases     ] GC(19)   Post Evacuate Collection Set: 0,6ms
[2023-11-01T14:50:15.987+0100][gc,phases     ] GC(19)   Other: 0,4ms
[2023-11-01T14:50:15.987+0100][gc,heap       ] GC(19) Eden regions: 114->0(117)
[2023-11-01T14:50:15.987+0100][gc,heap       ] GC(19) Survivor regions: 15->14(17)
[2023-11-01T14:50:15.987+0100][gc,heap       ] GC(19) Old regions: 63->77
[2023-11-01T14:50:15.987+0100][gc,heap       ] GC(19) Humongous regions: 129->129
[2023-11-01T14:50:15.987+0100][gc,metaspace  ] GC(19) Metaspace: 45487K(48640K)->45487K(48640K) NonClass: 39708K(41472K)->39708K(41472K) Class: 5779K(7168K)->5779K(7168K)
[2023-11-01T14:50:15.987+0100][gc            ] GC(19) Pause Young (Normal) (G1 Evacuation Pause) 318M->217M(1024M) 14,664ms
[2023-11-01T14:50:15.987+0100][gc,cpu        ] GC(19) User=0,16s Sys=0,02s Real=0,02s
[2023-11-01T17:21:14.495+0100][gc,heap,exit  ] Heap
[2023-11-01T17:21:14.495+0100][gc,heap,exit  ]  garbage-first heap   total 1048576K, used 278088K [0x00000000c0000000, 0x0000000100000000)
[2023-11-01T17:21:14.495+0100][gc,heap,exit  ]   region size 1024K, 70 young (71680K), 14 survivors (14336K)
[2023-11-01T17:21:14.495+0100][gc,heap,exit  ]  Metaspace       used 46310K, capacity 49554K, committed 49792K, reserved 1091584K
[2023-11-01T17:21:14.495+0100][gc,heap,exit  ]   class space    used 5983K, capacity 7494K, committed 7552K, reserved 1048576K
