[2023-11-03T10:37:41.443+0100][gc,heap] Heap region size: 1M
[2023-11-03T10:37:41.455+0100][gc     ] Using G1
[2023-11-03T10:37:41.455+0100][gc,heap,coops] Heap address: 0x00000000c0000000, size: 1024 MB, Compressed Oops mode: 32-bit
[2023-11-03T10:37:41.455+0100][gc,cds       ] Mark closed archive regions in map: [0x00000000fff00000, 0x00000000fff6bff8]
[2023-11-03T10:37:41.456+0100][gc,cds       ] Mark open archive regions in map: [0x00000000ffe00000, 0x00000000ffe47ff8]
[2023-11-03T10:37:42.467+0100][gc,start     ] GC(0) Pause Young (Normal) (G1 Evacuation Pause)
[2023-11-03T10:37:42.468+0100][gc,task      ] GC(0) Using 13 workers of 13 for evacuation
[2023-11-03T10:37:42.481+0100][gc,phases    ] GC(0)   Pre Evacuate Collection Set: 0,0ms
[2023-11-03T10:37:42.481+0100][gc,phases    ] GC(0)   Evacuate Collection Set: 11,7ms
[2023-11-03T10:37:42.481+0100][gc,phases    ] GC(0)   Post Evacuate Collection Set: 0,9ms
[2023-11-03T10:37:42.481+0100][gc,phases    ] GC(0)   Other: 1,7ms
[2023-11-03T10:37:42.481+0100][gc,heap      ] GC(0) Eden regions: 51->0(44)
[2023-11-03T10:37:42.481+0100][gc,heap      ] GC(0) Survivor regions: 0->7(7)
[2023-11-03T10:37:42.481+0100][gc,heap      ] GC(0) Old regions: 2->2
[2023-11-03T10:37:42.481+0100][gc,heap      ] GC(0) Humongous regions: 0->0
[2023-11-03T10:37:42.481+0100][gc,metaspace ] GC(0) Metaspace: 14169K(15104K)->14169K(15104K) NonClass: 12436K(13056K)->12436K(13056K) Class: 1733K(2048K)->1733K(2048K)
[2023-11-03T10:37:42.481+0100][gc           ] GC(0) Pause Young (Normal) (G1 Evacuation Pause) 51M->7M(1024M) 14,454ms
[2023-11-03T10:37:42.481+0100][gc,cpu       ] GC(0) User=0,12s Sys=0,01s Real=0,01s
[2023-11-03T10:37:43.036+0100][gc,start     ] GC(1) Pause Young (Concurrent Start) (Metadata GC Threshold)
[2023-11-03T10:37:43.036+0100][gc,task      ] GC(1) Using 13 workers of 13 for evacuation
[2023-11-03T10:37:43.047+0100][gc,phases    ] GC(1)   Pre Evacuate Collection Set: 0,1ms
[2023-11-03T10:37:43.047+0100][gc,phases    ] GC(1)   Evacuate Collection Set: 9,4ms
[2023-11-03T10:37:43.047+0100][gc,phases    ] GC(1)   Post Evacuate Collection Set: 0,6ms
[2023-11-03T10:37:43.047+0100][gc,phases    ] GC(1)   Other: 0,4ms
[2023-11-03T10:37:43.047+0100][gc,heap      ] GC(1) Eden regions: 28->0(49)
[2023-11-03T10:37:43.047+0100][gc,heap      ] GC(1) Survivor regions: 7->2(7)
[2023-11-03T10:37:43.047+0100][gc,heap      ] GC(1) Old regions: 2->9
[2023-11-03T10:37:43.047+0100][gc,heap      ] GC(1) Humongous regions: 0->0
[2023-11-03T10:37:43.047+0100][gc,metaspace ] GC(1) Metaspace: 20480K(21248K)->20480K(21248K) NonClass: 18014K(18432K)->18014K(18432K) Class: 2466K(2816K)->2466K(2816K)
[2023-11-03T10:37:43.047+0100][gc           ] GC(1) Pause Young (Concurrent Start) (Metadata GC Threshold) 34M->8M(1024M) 10,651ms
[2023-11-03T10:37:43.047+0100][gc,cpu       ] GC(1) User=0,07s Sys=0,00s Real=0,01s
[2023-11-03T10:37:43.047+0100][gc           ] GC(2) Concurrent Cycle
[2023-11-03T10:37:43.047+0100][gc,marking   ] GC(2) Concurrent Clear Claimed Marks
[2023-11-03T10:37:43.047+0100][gc,marking   ] GC(2) Concurrent Clear Claimed Marks 0,063ms
[2023-11-03T10:37:43.047+0100][gc,marking   ] GC(2) Concurrent Scan Root Regions
[2023-11-03T10:37:43.049+0100][gc,marking   ] GC(2) Concurrent Scan Root Regions 1,743ms
[2023-11-03T10:37:43.049+0100][gc,marking   ] GC(2) Concurrent Mark (1,611s)
[2023-11-03T10:37:43.049+0100][gc,marking   ] GC(2) Concurrent Mark From Roots
[2023-11-03T10:37:43.049+0100][gc,task      ] GC(2) Using 3 workers of 3 for marking
[2023-11-03T10:37:43.056+0100][gc,marking   ] GC(2) Concurrent Mark From Roots 7,014ms
[2023-11-03T10:37:43.056+0100][gc,marking   ] GC(2) Concurrent Preclean
[2023-11-03T10:37:43.056+0100][gc,marking   ] GC(2) Concurrent Preclean 0,257ms
[2023-11-03T10:37:43.056+0100][gc,marking   ] GC(2) Concurrent Mark (1,611s, 1,619s) 7,349ms
[2023-11-03T10:37:43.056+0100][gc,start     ] GC(2) Pause Remark
[2023-11-03T10:37:43.059+0100][gc,stringtable] GC(2) Cleaned string and symbol table, strings: 5262 processed, 0 removed, symbols: 52293 processed, 47 removed
[2023-11-03T10:37:43.060+0100][gc            ] GC(2) Pause Remark 9M->9M(1024M) 3,269ms
[2023-11-03T10:37:43.060+0100][gc,cpu        ] GC(2) User=0,02s Sys=0,01s Real=0,00s
[2023-11-03T10:37:43.060+0100][gc,marking    ] GC(2) Concurrent Rebuild Remembered Sets
[2023-11-03T10:37:43.063+0100][gc,marking    ] GC(2) Concurrent Rebuild Remembered Sets 3,337ms
[2023-11-03T10:37:43.063+0100][gc,start      ] GC(2) Pause Cleanup
[2023-11-03T10:37:43.064+0100][gc            ] GC(2) Pause Cleanup 10M->10M(1024M) 0,286ms
[2023-11-03T10:37:43.064+0100][gc,cpu        ] GC(2) User=0,00s Sys=0,00s Real=0,00s
[2023-11-03T10:37:43.064+0100][gc,marking    ] GC(2) Concurrent Cleanup for Next Mark
[2023-11-03T10:37:43.067+0100][gc,marking    ] GC(2) Concurrent Cleanup for Next Mark 3,571ms
[2023-11-03T10:37:43.067+0100][gc            ] GC(2) Concurrent Cycle 20,384ms
[2023-11-03T10:37:43.655+0100][gc,start      ] GC(3) Pause Young (Normal) (G1 Evacuation Pause)
[2023-11-03T10:37:43.655+0100][gc,task       ] GC(3) Using 13 workers of 13 for evacuation
[2023-11-03T10:37:43.658+0100][gc,phases     ] GC(3)   Pre Evacuate Collection Set: 0,0ms
[2023-11-03T10:37:43.658+0100][gc,phases     ] GC(3)   Evacuate Collection Set: 2,6ms
[2023-11-03T10:37:43.659+0100][gc,phases     ] GC(3)   Post Evacuate Collection Set: 0,6ms
[2023-11-03T10:37:43.659+0100][gc,phases     ] GC(3)   Other: 0,2ms
[2023-11-03T10:37:43.659+0100][gc,heap       ] GC(3) Eden regions: 49->0(46)
[2023-11-03T10:37:43.659+0100][gc,heap       ] GC(3) Survivor regions: 2->5(7)
[2023-11-03T10:37:43.659+0100][gc,heap       ] GC(3) Old regions: 9->9
[2023-11-03T10:37:43.659+0100][gc,heap       ] GC(3) Humongous regions: 129->129
[2023-11-03T10:37:43.659+0100][gc,metaspace  ] GC(3) Metaspace: 28418K(29696K)->28418K(29696K) NonClass: 25128K(25856K)->25128K(25856K) Class: 3289K(3840K)->3289K(3840K)
[2023-11-03T10:37:43.659+0100][gc            ] GC(3) Pause Young (Normal) (G1 Evacuation Pause) 186M->140M(1024M) 3,608ms
[2023-11-03T10:37:43.659+0100][gc,cpu        ] GC(3) User=0,03s Sys=0,00s Real=0,00s
[2023-11-03T10:37:43.981+0100][gc,start      ] GC(4) Pause Young (Concurrent Start) (Metadata GC Threshold)
[2023-11-03T10:37:43.981+0100][gc,task       ] GC(4) Using 13 workers of 13 for evacuation
[2023-11-03T10:37:43.987+0100][gc,phases     ] GC(4)   Pre Evacuate Collection Set: 0,1ms
[2023-11-03T10:37:43.987+0100][gc,phases     ] GC(4)   Evacuate Collection Set: 5,4ms
[2023-11-03T10:37:43.987+0100][gc,phases     ] GC(4)   Post Evacuate Collection Set: 0,5ms
[2023-11-03T10:37:43.987+0100][gc,phases     ] GC(4)   Other: 0,2ms
[2023-11-03T10:37:43.987+0100][gc,heap       ] GC(4) Eden regions: 31->0(45)
[2023-11-03T10:37:43.987+0100][gc,heap       ] GC(4) Survivor regions: 5->6(7)
[2023-11-03T10:37:43.987+0100][gc,heap       ] GC(4) Old regions: 9->10
[2023-11-03T10:37:43.987+0100][gc,heap       ] GC(4) Humongous regions: 129->129
[2023-11-03T10:37:43.987+0100][gc,metaspace  ] GC(4) Metaspace: 34374K(35840K)->34374K(35840K) NonClass: 30368K(31232K)->30368K(31232K) Class: 4006K(4608K)->4006K(4608K)
[2023-11-03T10:37:43.987+0100][gc            ] GC(4) Pause Young (Concurrent Start) (Metadata GC Threshold) 171M->143M(1024M) 6,331ms
[2023-11-03T10:37:43.987+0100][gc,cpu        ] GC(4) User=0,05s Sys=0,00s Real=0,01s
[2023-11-03T10:37:43.987+0100][gc            ] GC(5) Concurrent Cycle
[2023-11-03T10:37:43.987+0100][gc,marking    ] GC(5) Concurrent Clear Claimed Marks
[2023-11-03T10:37:43.987+0100][gc,marking    ] GC(5) Concurrent Clear Claimed Marks 0,171ms
[2023-11-03T10:37:43.987+0100][gc,marking    ] GC(5) Concurrent Scan Root Regions
[2023-11-03T10:37:43.990+0100][gc,marking    ] GC(5) Concurrent Scan Root Regions 2,832ms
[2023-11-03T10:37:43.990+0100][gc,marking    ] GC(5) Concurrent Mark (2,553s)
[2023-11-03T10:37:43.990+0100][gc,marking    ] GC(5) Concurrent Mark From Roots
[2023-11-03T10:37:43.990+0100][gc,task       ] GC(5) Using 3 workers of 3 for marking
[2023-11-03T10:37:43.998+0100][gc,marking    ] GC(5) Concurrent Mark From Roots 7,160ms
[2023-11-03T10:37:43.998+0100][gc,marking    ] GC(5) Concurrent Preclean
[2023-11-03T10:37:43.998+0100][gc,marking    ] GC(5) Concurrent Preclean 0,175ms
[2023-11-03T10:37:43.998+0100][gc,marking    ] GC(5) Concurrent Mark (2,553s, 2,560s) 7,417ms
[2023-11-03T10:37:43.998+0100][gc,start      ] GC(5) Pause Remark
[2023-11-03T10:37:44.000+0100][gc,stringtable] GC(5) Cleaned string and symbol table, strings: 11101 processed, 13 removed, symbols: 85682 processed, 14 removed
[2023-11-03T10:37:44.000+0100][gc            ] GC(5) Pause Remark 144M->144M(1024M) 2,457ms
[2023-11-03T10:37:44.000+0100][gc,cpu        ] GC(5) User=0,02s Sys=0,00s Real=0,00s
[2023-11-03T10:37:44.000+0100][gc,marking    ] GC(5) Concurrent Rebuild Remembered Sets
[2023-11-03T10:37:44.003+0100][gc,marking    ] GC(5) Concurrent Rebuild Remembered Sets 2,647ms
[2023-11-03T10:37:44.003+0100][gc,start      ] GC(5) Pause Cleanup
[2023-11-03T10:37:44.004+0100][gc            ] GC(5) Pause Cleanup 145M->145M(1024M) 0,275ms
[2023-11-03T10:37:44.004+0100][gc,cpu        ] GC(5) User=0,00s Sys=0,00s Real=0,00s
[2023-11-03T10:37:44.004+0100][gc,marking    ] GC(5) Concurrent Cleanup for Next Mark
[2023-11-03T10:37:44.006+0100][gc,marking    ] GC(5) Concurrent Cleanup for Next Mark 2,859ms
[2023-11-03T10:37:44.006+0100][gc            ] GC(5) Concurrent Cycle 19,302ms
[2023-11-03T10:38:35.234+0100][gc,start      ] GC(6) Pause Young (Normal) (G1 Evacuation Pause)
[2023-11-03T10:38:35.234+0100][gc,task       ] GC(6) Using 13 workers of 13 for evacuation
[2023-11-03T10:38:35.240+0100][gc,phases     ] GC(6)   Pre Evacuate Collection Set: 0,0ms
[2023-11-03T10:38:35.240+0100][gc,phases     ] GC(6)   Evacuate Collection Set: 4,9ms
[2023-11-03T10:38:35.240+0100][gc,phases     ] GC(6)   Post Evacuate Collection Set: 0,6ms
[2023-11-03T10:38:35.240+0100][gc,phases     ] GC(6)   Other: 0,2ms
[2023-11-03T10:38:35.240+0100][gc,heap       ] GC(6) Eden regions: 45->0(46)
[2023-11-03T10:38:35.240+0100][gc,heap       ] GC(6) Survivor regions: 6->5(7)
[2023-11-03T10:38:35.240+0100][gc,heap       ] GC(6) Old regions: 10->13
[2023-11-03T10:38:35.240+0100][gc,heap       ] GC(6) Humongous regions: 129->129
[2023-11-03T10:38:35.240+0100][gc,metaspace  ] GC(6) Metaspace: 39738K(42060K)->39738K(42060K) NonClass: 34753K(36044K)->34753K(36044K) Class: 4984K(6016K)->4984K(6016K)
[2023-11-03T10:38:35.240+0100][gc            ] GC(6) Pause Young (Normal) (G1 Evacuation Pause) 188M->145M(1024M) 5,859ms
[2023-11-03T10:38:35.240+0100][gc,cpu        ] GC(6) User=0,06s Sys=0,00s Real=0,00s
[2023-11-03T10:38:57.939+0100][gc,start      ] GC(7) Pause Young (Normal) (G1 Evacuation Pause)
[2023-11-03T10:38:57.939+0100][gc,task       ] GC(7) Using 13 workers of 13 for evacuation
[2023-11-03T10:38:57.945+0100][gc,phases     ] GC(7)   Pre Evacuate Collection Set: 0,0ms
[2023-11-03T10:38:57.945+0100][gc,phases     ] GC(7)   Evacuate Collection Set: 4,8ms
[2023-11-03T10:38:57.945+0100][gc,phases     ] GC(7)   Post Evacuate Collection Set: 0,9ms
[2023-11-03T10:38:57.945+0100][gc,phases     ] GC(7)   Other: 0,3ms
[2023-11-03T10:38:57.945+0100][gc,heap       ] GC(7) Eden regions: 46->0(45)
[2023-11-03T10:38:57.945+0100][gc,heap       ] GC(7) Survivor regions: 5->6(7)
[2023-11-03T10:38:57.945+0100][gc,heap       ] GC(7) Old regions: 13->16
[2023-11-03T10:38:57.945+0100][gc,heap       ] GC(7) Humongous regions: 129->129
[2023-11-03T10:38:57.945+0100][gc,metaspace  ] GC(7) Metaspace: 40723K(42956K)->40723K(42956K) NonClass: 35648K(36812K)->35648K(36812K) Class: 5075K(6144K)->5075K(6144K)
[2023-11-03T10:38:57.945+0100][gc            ] GC(7) Pause Young (Normal) (G1 Evacuation Pause) 191M->148M(1024M) 6,222ms
[2023-11-03T10:38:57.945+0100][gc,cpu        ] GC(7) User=0,06s Sys=0,01s Real=0,00s
[2023-11-03T10:41:07.686+0100][gc,start      ] GC(8) Pause Young (Normal) (G1 Evacuation Pause)
[2023-11-03T10:41:07.686+0100][gc,task       ] GC(8) Using 13 workers of 13 for evacuation
[2023-11-03T10:41:07.694+0100][gc,phases     ] GC(8)   Pre Evacuate Collection Set: 0,1ms
[2023-11-03T10:41:07.694+0100][gc,phases     ] GC(8)   Evacuate Collection Set: 5,6ms
[2023-11-03T10:41:07.694+0100][gc,phases     ] GC(8)   Post Evacuate Collection Set: 1,2ms
[2023-11-03T10:41:07.694+0100][gc,phases     ] GC(8)   Other: 0,4ms
[2023-11-03T10:41:07.694+0100][gc,heap       ] GC(8) Eden regions: 45->0(44)
[2023-11-03T10:41:07.694+0100][gc,heap       ] GC(8) Survivor regions: 6->7(7)
[2023-11-03T10:41:07.694+0100][gc,heap       ] GC(8) Old regions: 16->18
[2023-11-03T10:41:07.694+0100][gc,heap       ] GC(8) Humongous regions: 129->129
[2023-11-03T10:41:07.694+0100][gc,metaspace  ] GC(8) Metaspace: 43205K(46028K)->43205K(46028K) NonClass: 37676K(39116K)->37676K(39116K) Class: 5528K(6912K)->5528K(6912K)
[2023-11-03T10:41:07.694+0100][gc            ] GC(8) Pause Young (Normal) (G1 Evacuation Pause) 193M->151M(1024M) 7,517ms
[2023-11-03T10:41:07.694+0100][gc,cpu        ] GC(8) User=0,07s Sys=0,00s Real=0,01s
[2023-11-03T10:41:37.442+0100][gc,start      ] GC(9) Pause Young (Normal) (G1 Evacuation Pause)
[2023-11-03T10:41:37.443+0100][gc,task       ] GC(9) Using 13 workers of 13 for evacuation
[2023-11-03T10:41:37.450+0100][gc,phases     ] GC(9)   Pre Evacuate Collection Set: 0,0ms
[2023-11-03T10:41:37.450+0100][gc,phases     ] GC(9)   Evacuate Collection Set: 6,4ms
[2023-11-03T10:41:37.450+0100][gc,phases     ] GC(9)   Post Evacuate Collection Set: 0,9ms
[2023-11-03T10:41:37.450+0100][gc,phases     ] GC(9)   Other: 0,3ms
[2023-11-03T10:41:37.450+0100][gc,heap       ] GC(9) Eden regions: 44->0(44)
[2023-11-03T10:41:37.450+0100][gc,heap       ] GC(9) Survivor regions: 7->7(7)
[2023-11-03T10:41:37.450+0100][gc,heap       ] GC(9) Old regions: 18->22
[2023-11-03T10:41:37.450+0100][gc,heap       ] GC(9) Humongous regions: 129->129
[2023-11-03T10:41:37.450+0100][gc,metaspace  ] GC(9) Metaspace: 43938K(46796K)->43938K(46796K) NonClass: 38372K(39884K)->38372K(39884K) Class: 5565K(6912K)->5565K(6912K)
[2023-11-03T10:41:37.450+0100][gc            ] GC(9) Pause Young (Normal) (G1 Evacuation Pause) 195M->155M(1024M) 7,741ms
[2023-11-03T10:41:37.450+0100][gc,cpu        ] GC(9) User=0,07s Sys=0,01s Real=0,01s
[2023-11-03T10:41:48.526+0100][gc,start      ] GC(10) Pause Young (Normal) (G1 Evacuation Pause)
[2023-11-03T10:41:48.526+0100][gc,task       ] GC(10) Using 13 workers of 13 for evacuation
[2023-11-03T10:41:48.535+0100][gc,phases     ] GC(10)   Pre Evacuate Collection Set: 0,0ms
[2023-11-03T10:41:48.535+0100][gc,phases     ] GC(10)   Evacuate Collection Set: 7,6ms
[2023-11-03T10:41:48.535+0100][gc,phases     ] GC(10)   Post Evacuate Collection Set: 0,8ms
[2023-11-03T10:41:48.535+0100][gc,phases     ] GC(10)   Other: 0,3ms
[2023-11-03T10:41:48.535+0100][gc,heap       ] GC(10) Eden regions: 44->0(46)
[2023-11-03T10:41:48.535+0100][gc,heap       ] GC(10) Survivor regions: 7->5(7)
[2023-11-03T10:41:48.535+0100][gc,heap       ] GC(10) Old regions: 22->29
[2023-11-03T10:41:48.535+0100][gc,heap       ] GC(10) Humongous regions: 129->129
[2023-11-03T10:41:48.535+0100][gc,metaspace  ] GC(10) Metaspace: 44034K(46796K)->44034K(46796K) NonClass: 38469K(39884K)->38469K(39884K) Class: 5565K(6912K)->5565K(6912K)
[2023-11-03T10:41:48.535+0100][gc            ] GC(10) Pause Young (Normal) (G1 Evacuation Pause) 199M->160M(1024M) 8,915ms
[2023-11-03T10:41:48.535+0100][gc,cpu        ] GC(10) User=0,08s Sys=0,00s Real=0,01s
[2023-11-03T10:41:58.610+0100][gc,start      ] GC(11) Pause Young (Normal) (G1 Evacuation Pause)
[2023-11-03T10:41:58.610+0100][gc,task       ] GC(11) Using 13 workers of 13 for evacuation
[2023-11-03T10:41:58.617+0100][gc,phases     ] GC(11)   Pre Evacuate Collection Set: 0,0ms
[2023-11-03T10:41:58.617+0100][gc,phases     ] GC(11)   Evacuate Collection Set: 5,6ms
[2023-11-03T10:41:58.617+0100][gc,phases     ] GC(11)   Post Evacuate Collection Set: 0,7ms
[2023-11-03T10:41:58.617+0100][gc,phases     ] GC(11)   Other: 0,3ms
[2023-11-03T10:41:58.617+0100][gc,heap       ] GC(11) Eden regions: 46->0(47)
[2023-11-03T10:41:58.617+0100][gc,heap       ] GC(11) Survivor regions: 5->6(7)
[2023-11-03T10:41:58.617+0100][gc,heap       ] GC(11) Old regions: 29->33
[2023-11-03T10:41:58.617+0100][gc,heap       ] GC(11) Humongous regions: 129->129
[2023-11-03T10:41:58.617+0100][gc,metaspace  ] GC(11) Metaspace: 44091K(47052K)->44091K(47052K) NonClass: 38525K(40140K)->38525K(40140K) Class: 5565K(6912K)->5565K(6912K)
[2023-11-03T10:41:58.617+0100][gc            ] GC(11) Pause Young (Normal) (G1 Evacuation Pause) 206M->166M(1024M) 6,859ms
[2023-11-03T10:41:58.617+0100][gc,cpu        ] GC(11) User=0,08s Sys=0,00s Real=0,01s
[2023-11-03T10:42:06.486+0100][gc,start      ] GC(12) Pause Young (Normal) (G1 Evacuation Pause)
[2023-11-03T10:42:06.486+0100][gc,task       ] GC(12) Using 13 workers of 13 for evacuation
[2023-11-03T10:42:06.493+0100][gc,phases     ] GC(12)   Pre Evacuate Collection Set: 0,0ms
[2023-11-03T10:42:06.493+0100][gc,phases     ] GC(12)   Evacuate Collection Set: 6,0ms
[2023-11-03T10:42:06.493+0100][gc,phases     ] GC(12)   Post Evacuate Collection Set: 0,7ms
[2023-11-03T10:42:06.493+0100][gc,phases     ] GC(12)   Other: 0,4ms
[2023-11-03T10:42:06.493+0100][gc,heap       ] GC(12) Eden regions: 47->0(53)
[2023-11-03T10:42:06.493+0100][gc,heap       ] GC(12) Survivor regions: 6->5(7)
[2023-11-03T10:42:06.493+0100][gc,heap       ] GC(12) Old regions: 33->39
[2023-11-03T10:42:06.493+0100][gc,heap       ] GC(12) Humongous regions: 129->129
[2023-11-03T10:42:06.493+0100][gc,metaspace  ] GC(12) Metaspace: 44566K(47436K)->44566K(47436K) NonClass: 38881K(40396K)->38881K(40396K) Class: 5684K(7040K)->5684K(7040K)
[2023-11-03T10:42:06.493+0100][gc            ] GC(12) Pause Young (Normal) (G1 Evacuation Pause) 213M->170M(1024M) 7,218ms
[2023-11-03T10:42:06.493+0100][gc,cpu        ] GC(12) User=0,07s Sys=0,00s Real=0,00s
[2023-11-03T10:42:40.381+0100][gc,start      ] GC(13) Pause Young (Normal) (G1 Evacuation Pause)
[2023-11-03T10:42:40.381+0100][gc,task       ] GC(13) Using 13 workers of 13 for evacuation
[2023-11-03T10:42:40.390+0100][gc,phases     ] GC(13)   Pre Evacuate Collection Set: 0,0ms
[2023-11-03T10:42:40.390+0100][gc,phases     ] GC(13)   Evacuate Collection Set: 7,7ms
[2023-11-03T10:42:40.390+0100][gc,phases     ] GC(13)   Post Evacuate Collection Set: 0,7ms
[2023-11-03T10:42:40.390+0100][gc,phases     ] GC(13)   Other: 0,4ms
[2023-11-03T10:42:40.390+0100][gc,heap       ] GC(13) Eden regions: 53->0(56)
[2023-11-03T10:42:40.390+0100][gc,heap       ] GC(13) Survivor regions: 5->5(8)
[2023-11-03T10:42:40.390+0100][gc,heap       ] GC(13) Old regions: 39->44
[2023-11-03T10:42:40.390+0100][gc,heap       ] GC(13) Humongous regions: 129->129
[2023-11-03T10:42:40.390+0100][gc,metaspace  ] GC(13) Metaspace: 44771K(47692K)->44771K(47692K) NonClass: 39083K(40652K)->39083K(40652K) Class: 5688K(7040K)->5688K(7040K)
[2023-11-03T10:42:40.390+0100][gc            ] GC(13) Pause Young (Normal) (G1 Evacuation Pause) 223M->175M(1024M) 8,981ms
[2023-11-03T10:42:40.390+0100][gc,cpu        ] GC(13) User=0,08s Sys=0,01s Real=0,01s
[2023-11-03T10:44:51.761+0100][gc,start      ] GC(14) Pause Young (Normal) (G1 Evacuation Pause)
[2023-11-03T10:44:51.761+0100][gc,task       ] GC(14) Using 13 workers of 13 for evacuation
[2023-11-03T10:44:51.769+0100][gc,phases     ] GC(14)   Pre Evacuate Collection Set: 0,0ms
[2023-11-03T10:44:51.769+0100][gc,phases     ] GC(14)   Evacuate Collection Set: 6,5ms
[2023-11-03T10:44:51.769+0100][gc,phases     ] GC(14)   Post Evacuate Collection Set: 0,8ms
[2023-11-03T10:44:51.769+0100][gc,phases     ] GC(14)   Other: 0,4ms
[2023-11-03T10:44:51.769+0100][gc,heap       ] GC(14) Eden regions: 56->0(60)
[2023-11-03T10:44:51.769+0100][gc,heap       ] GC(14) Survivor regions: 5->6(8)
[2023-11-03T10:44:51.769+0100][gc,heap       ] GC(14) Old regions: 44->49
[2023-11-03T10:44:51.769+0100][gc,heap       ] GC(14) Humongous regions: 129->129
[2023-11-03T10:44:51.769+0100][gc,metaspace  ] GC(14) Metaspace: 45187K(48332K)->45187K(48332K) NonClass: 39474K(41164K)->39474K(41164K) Class: 5713K(7168K)->5713K(7168K)
[2023-11-03T10:44:51.769+0100][gc            ] GC(14) Pause Young (Normal) (G1 Evacuation Pause) 231M->181M(1024M) 7,863ms
[2023-11-03T10:44:51.769+0100][gc,cpu        ] GC(14) User=0,09s Sys=0,00s Real=0,01s
[2023-11-03T10:45:05.500+0100][gc,start      ] GC(15) Pause Young (Normal) (G1 Evacuation Pause)
[2023-11-03T10:45:05.500+0100][gc,task       ] GC(15) Using 13 workers of 13 for evacuation
[2023-11-03T10:45:05.504+0100][gc,phases     ] GC(15)   Pre Evacuate Collection Set: 0,0ms
[2023-11-03T10:45:05.505+0100][gc,phases     ] GC(15)   Evacuate Collection Set: 3,4ms
[2023-11-03T10:45:05.505+0100][gc,phases     ] GC(15)   Post Evacuate Collection Set: 0,8ms
[2023-11-03T10:45:05.505+0100][gc,phases     ] GC(15)   Other: 0,4ms
[2023-11-03T10:45:05.505+0100][gc,heap       ] GC(15) Eden regions: 60->0(235)
[2023-11-03T10:45:05.505+0100][gc,heap       ] GC(15) Survivor regions: 6->3(9)
[2023-11-03T10:45:05.505+0100][gc,heap       ] GC(15) Old regions: 49->50
[2023-11-03T10:45:05.505+0100][gc,heap       ] GC(15) Humongous regions: 129->129
[2023-11-03T10:45:05.505+0100][gc,metaspace  ] GC(15) Metaspace: 45231K(48332K)->45231K(48332K) NonClass: 39513K(41164K)->39513K(41164K) Class: 5718K(7168K)->5718K(7168K)
[2023-11-03T10:45:05.505+0100][gc            ] GC(15) Pause Young (Normal) (G1 Evacuation Pause) 241M->180M(1024M) 4,784ms
[2023-11-03T10:45:05.505+0100][gc,cpu        ] GC(15) User=0,04s Sys=0,00s Real=0,00s
[2023-11-03T10:45:41.784+0100][gc,start      ] GC(16) Pause Young (Normal) (G1 Evacuation Pause)
[2023-11-03T10:45:41.784+0100][gc,task       ] GC(16) Using 13 workers of 13 for evacuation
[2023-11-03T10:45:41.798+0100][gc,phases     ] GC(16)   Pre Evacuate Collection Set: 0,0ms
[2023-11-03T10:45:41.798+0100][gc,phases     ] GC(16)   Evacuate Collection Set: 12,5ms
[2023-11-03T10:45:41.798+0100][gc,phases     ] GC(16)   Post Evacuate Collection Set: 0,8ms
[2023-11-03T10:45:41.798+0100][gc,phases     ] GC(16)   Other: 0,4ms
[2023-11-03T10:45:41.798+0100][gc,heap       ] GC(16) Eden regions: 235->0(119)
[2023-11-03T10:45:41.798+0100][gc,heap       ] GC(16) Survivor regions: 3->22(30)
[2023-11-03T10:45:41.798+0100][gc,heap       ] GC(16) Old regions: 50->50
[2023-11-03T10:45:41.798+0100][gc,heap       ] GC(16) Humongous regions: 129->129
[2023-11-03T10:45:41.798+0100][gc,metaspace  ] GC(16) Metaspace: 45471K(48588K)->45471K(48588K) NonClass: 39753K(41420K)->39753K(41420K) Class: 5718K(7168K)->5718K(7168K)
[2023-11-03T10:45:41.798+0100][gc            ] GC(16) Pause Young (Normal) (G1 Evacuation Pause) 415M->198M(1024M) 13,830ms
[2023-11-03T10:45:41.798+0100][gc,cpu        ] GC(16) User=0,14s Sys=0,02s Real=0,02s
[2023-11-03T10:45:50.930+0100][gc,start      ] GC(17) Pause Young (Normal) (G1 Evacuation Pause)
[2023-11-03T10:45:50.930+0100][gc,task       ] GC(17) Using 13 workers of 13 for evacuation
[2023-11-03T10:45:50.946+0100][gc,phases     ] GC(17)   Pre Evacuate Collection Set: 0,0ms
[2023-11-03T10:45:50.946+0100][gc,phases     ] GC(17)   Evacuate Collection Set: 15,3ms
[2023-11-03T10:45:50.946+0100][gc,phases     ] GC(17)   Post Evacuate Collection Set: 0,7ms
[2023-11-03T10:45:50.946+0100][gc,phases     ] GC(17)   Other: 0,4ms
[2023-11-03T10:45:50.946+0100][gc,heap       ] GC(17) Eden regions: 115->0(120)
[2023-11-03T10:45:50.946+0100][gc,heap       ] GC(17) Survivor regions: 22->10(18)
[2023-11-03T10:45:50.946+0100][gc,heap       ] GC(17) Old regions: 50->71
[2023-11-03T10:45:50.946+0100][gc,heap       ] GC(17) Humongous regions: 129->129
[2023-11-03T10:45:50.946+0100][gc,metaspace  ] GC(17) Metaspace: 45546K(48844K)->45546K(48844K) NonClass: 39828K(41676K)->39828K(41676K) Class: 5718K(7168K)->5718K(7168K)
[2023-11-03T10:45:50.946+0100][gc            ] GC(17) Pause Young (Normal) (G1 Evacuation Pause) 313M->208M(1024M) 16,454ms
[2023-11-03T10:45:50.946+0100][gc,cpu        ] GC(17) User=0,18s Sys=0,01s Real=0,02s
[2023-11-03T10:46:00.584+0100][gc,start      ] GC(18) Pause Young (Normal) (G1 Evacuation Pause)
[2023-11-03T10:46:00.584+0100][gc,task       ] GC(18) Using 13 workers of 13 for evacuation
[2023-11-03T10:46:00.591+0100][gc,phases     ] GC(18)   Pre Evacuate Collection Set: 0,0ms
[2023-11-03T10:46:00.591+0100][gc,phases     ] GC(18)   Evacuate Collection Set: 6,4ms
[2023-11-03T10:46:00.591+0100][gc,phases     ] GC(18)   Post Evacuate Collection Set: 0,6ms
[2023-11-03T10:46:00.591+0100][gc,phases     ] GC(18)   Other: 0,3ms
[2023-11-03T10:46:00.591+0100][gc,heap       ] GC(18) Eden regions: 120->0(152)
[2023-11-03T10:46:00.591+0100][gc,heap       ] GC(18) Survivor regions: 10->11(17)
[2023-11-03T10:46:00.591+0100][gc,heap       ] GC(18) Old regions: 71->71
[2023-11-03T10:46:00.591+0100][gc,heap       ] GC(18) Humongous regions: 129->129
[2023-11-03T10:46:00.591+0100][gc,metaspace  ] GC(18) Metaspace: 45605K(48844K)->45605K(48844K) NonClass: 39887K(41676K)->39887K(41676K) Class: 5718K(7168K)->5718K(7168K)
[2023-11-03T10:46:00.591+0100][gc            ] GC(18) Pause Young (Normal) (G1 Evacuation Pause) 328M->208M(1024M) 7,497ms
[2023-11-03T10:46:00.591+0100][gc,cpu        ] GC(18) User=0,08s Sys=0,00s Real=0,01s
[2023-11-03T10:46:15.047+0100][gc,start      ] GC(19) Pause Young (Normal) (G1 Evacuation Pause)
[2023-11-03T10:46:15.047+0100][gc,task       ] GC(19) Using 13 workers of 13 for evacuation
[2023-11-03T10:46:15.060+0100][gc,phases     ] GC(19)   Pre Evacuate Collection Set: 0,0ms
[2023-11-03T10:46:15.060+0100][gc,phases     ] GC(19)   Evacuate Collection Set: 11,3ms
[2023-11-03T10:46:15.060+0100][gc,phases     ] GC(19)   Post Evacuate Collection Set: 0,6ms
[2023-11-03T10:46:15.060+0100][gc,phases     ] GC(19)   Other: 0,4ms
[2023-11-03T10:46:15.060+0100][gc,heap       ] GC(19) Eden regions: 152->0(112)
[2023-11-03T10:46:15.060+0100][gc,heap       ] GC(19) Survivor regions: 11->21(21)
[2023-11-03T10:46:15.060+0100][gc,heap       ] GC(19) Old regions: 71->71
[2023-11-03T10:46:15.060+0100][gc,heap       ] GC(19) Humongous regions: 129->129
[2023-11-03T10:46:15.060+0100][gc,metaspace  ] GC(19) Metaspace: 45795K(49100K)->45795K(49100K) NonClass: 40077K(41932K)->40077K(41932K) Class: 5718K(7168K)->5718K(7168K)
[2023-11-03T10:46:15.060+0100][gc            ] GC(19) Pause Young (Normal) (G1 Evacuation Pause) 360M->219M(1024M) 12,474ms
[2023-11-03T10:46:15.060+0100][gc,cpu        ] GC(19) User=0,14s Sys=0,00s Real=0,01s
[2023-11-03T10:49:14.919+0100][gc,start      ] GC(20) Pause Young (Normal) (G1 Evacuation Pause)
[2023-11-03T10:49:14.919+0100][gc,task       ] GC(20) Using 13 workers of 13 for evacuation
[2023-11-03T10:49:14.925+0100][gc,phases     ] GC(20)   Pre Evacuate Collection Set: 0,0ms
[2023-11-03T10:49:14.925+0100][gc,phases     ] GC(20)   Evacuate Collection Set: 5,2ms
[2023-11-03T10:49:14.925+0100][gc,phases     ] GC(20)   Post Evacuate Collection Set: 0,8ms
[2023-11-03T10:49:14.925+0100][gc,phases     ] GC(20)   Other: 0,4ms
[2023-11-03T10:49:14.925+0100][gc,heap       ] GC(20) Eden regions: 110->0(234)
[2023-11-03T10:49:14.925+0100][gc,heap       ] GC(20) Survivor regions: 21->4(17)
[2023-11-03T10:49:14.926+0100][gc,heap       ] GC(20) Old regions: 71->75
[2023-11-03T10:49:14.926+0100][gc,heap       ] GC(20) Humongous regions: 129->129
[2023-11-03T10:49:14.926+0100][gc,metaspace  ] GC(20) Metaspace: 45904K(49100K)->45904K(49100K) NonClass: 40163K(41932K)->40163K(41932K) Class: 5741K(7168K)->5741K(7168K)
[2023-11-03T10:49:14.926+0100][gc            ] GC(20) Pause Young (Normal) (G1 Evacuation Pause) 329M->205M(1024M) 6,568ms
[2023-11-03T10:49:14.926+0100][gc,cpu        ] GC(20) User=0,06s Sys=0,01s Real=0,00s
[2023-11-03T10:49:51.099+0100][gc,start      ] GC(21) Pause Young (Normal) (G1 Evacuation Pause)
[2023-11-03T10:49:51.100+0100][gc,task       ] GC(21) Using 13 workers of 13 for evacuation
[2023-11-03T10:49:51.113+0100][gc,phases     ] GC(21)   Pre Evacuate Collection Set: 0,0ms
[2023-11-03T10:49:51.113+0100][gc,phases     ] GC(21)   Evacuate Collection Set: 12,2ms
[2023-11-03T10:49:51.113+0100][gc,phases     ] GC(21)   Post Evacuate Collection Set: 0,7ms
[2023-11-03T10:49:51.113+0100][gc,phases     ] GC(21)   Other: 0,4ms
[2023-11-03T10:49:51.113+0100][gc,heap       ] GC(21) Eden regions: 234->0(181)
[2023-11-03T10:49:51.113+0100][gc,heap       ] GC(21) Survivor regions: 4->21(30)
[2023-11-03T10:49:51.113+0100][gc,heap       ] GC(21) Old regions: 75->75
[2023-11-03T10:49:51.113+0100][gc,heap       ] GC(21) Humongous regions: 129->129
[2023-11-03T10:49:51.113+0100][gc,metaspace  ] GC(21) Metaspace: 46001K(49356K)->46001K(49356K) NonClass: 40259K(42188K)->40259K(42188K) Class: 5742K(7168K)->5742K(7168K)
[2023-11-03T10:49:51.113+0100][gc            ] GC(21) Pause Young (Normal) (G1 Evacuation Pause) 439M->223M(1024M) 13,411ms
[2023-11-03T10:49:51.113+0100][gc,cpu        ] GC(21) User=0,15s Sys=0,00s Real=0,01s
[2023-11-03T10:49:59.264+0100][gc,start      ] GC(22) Pause Young (Normal) (G1 Evacuation Pause)
[2023-11-03T10:49:59.264+0100][gc,task       ] GC(22) Using 13 workers of 13 for evacuation
[2023-11-03T10:49:59.272+0100][gc,phases     ] GC(22)   Pre Evacuate Collection Set: 0,0ms
[2023-11-03T10:49:59.272+0100][gc,phases     ] GC(22)   Evacuate Collection Set: 5,8ms
[2023-11-03T10:49:59.272+0100][gc,phases     ] GC(22)   Post Evacuate Collection Set: 1,1ms
[2023-11-03T10:49:59.272+0100][gc,phases     ] GC(22)   Other: 0,4ms
[2023-11-03T10:49:59.272+0100][gc,heap       ] GC(22) Eden regions: 178->0(271)
[2023-11-03T10:49:59.272+0100][gc,heap       ] GC(22) Survivor regions: 21->4(25)
[2023-11-03T10:49:59.272+0100][gc,heap       ] GC(22) Old regions: 75->79
[2023-11-03T10:49:59.272+0100][gc,heap       ] GC(22) Humongous regions: 129->129
[2023-11-03T10:49:59.272+0100][gc,metaspace  ] GC(22) Metaspace: 46005K(49356K)->46005K(49356K) NonClass: 40262K(42188K)->40262K(42188K) Class: 5742K(7168K)->5742K(7168K)
[2023-11-03T10:49:59.272+0100][gc            ] GC(22) Pause Young (Normal) (G1 Evacuation Pause) 401M->209M(1024M) 7,480ms
[2023-11-03T10:49:59.272+0100][gc,cpu        ] GC(22) User=0,07s Sys=0,00s Real=0,01s
[2023-11-03T10:50:14.962+0100][gc,start      ] GC(23) Pause Young (Normal) (G1 Evacuation Pause)
[2023-11-03T10:50:14.962+0100][gc,task       ] GC(23) Using 13 workers of 13 for evacuation
[2023-11-03T10:50:14.976+0100][gc,phases     ] GC(23)   Pre Evacuate Collection Set: 0,0ms
[2023-11-03T10:50:14.976+0100][gc,phases     ] GC(23)   Evacuate Collection Set: 12,6ms
[2023-11-03T10:50:14.976+0100][gc,phases     ] GC(23)   Post Evacuate Collection Set: 0,8ms
[2023-11-03T10:50:14.976+0100][gc,phases     ] GC(23)   Other: 0,4ms
[2023-11-03T10:50:14.976+0100][gc,heap       ] GC(23) Eden regions: 271->0(249)
[2023-11-03T10:50:14.976+0100][gc,heap       ] GC(23) Survivor regions: 4->23(35)
[2023-11-03T10:50:14.976+0100][gc,heap       ] GC(23) Old regions: 79->79
[2023-11-03T10:50:14.976+0100][gc,heap       ] GC(23) Humongous regions: 129->129
[2023-11-03T10:50:14.976+0100][gc,metaspace  ] GC(23) Metaspace: 46122K(49356K)->46122K(49356K) NonClass: 40379K(42188K)->40379K(42188K) Class: 5742K(7168K)->5742K(7168K)
[2023-11-03T10:50:14.976+0100][gc            ] GC(23) Pause Young (Normal) (G1 Evacuation Pause) 480M->228M(1024M) 13,853ms
[2023-11-03T10:50:14.976+0100][gc,cpu        ] GC(23) User=0,14s Sys=0,02s Real=0,02s
[2023-11-03T10:50:26.671+0100][gc,start      ] GC(24) Pause Young (Normal) (G1 Evacuation Pause)
[2023-11-03T10:50:26.671+0100][gc,task       ] GC(24) Using 13 workers of 13 for evacuation
[2023-11-03T10:50:26.679+0100][gc,phases     ] GC(24)   Pre Evacuate Collection Set: 0,0ms
[2023-11-03T10:50:26.679+0100][gc,phases     ] GC(24)   Evacuate Collection Set: 6,7ms
[2023-11-03T10:50:26.679+0100][gc,phases     ] GC(24)   Post Evacuate Collection Set: 0,8ms
[2023-11-03T10:50:26.679+0100][gc,phases     ] GC(24)   Other: 0,3ms
[2023-11-03T10:50:26.679+0100][gc,heap       ] GC(24) Eden regions: 249->0(321)
[2023-11-03T10:50:26.679+0100][gc,heap       ] GC(24) Survivor regions: 23->10(34)
[2023-11-03T10:50:26.679+0100][gc,heap       ] GC(24) Old regions: 79->82
[2023-11-03T10:50:26.679+0100][gc,heap       ] GC(24) Humongous regions: 129->129
[2023-11-03T10:50:26.679+0100][gc,metaspace  ] GC(24) Metaspace: 46151K(49356K)->46151K(49356K) NonClass: 40409K(42188K)->40409K(42188K) Class: 5742K(7168K)->5742K(7168K)
[2023-11-03T10:50:26.679+0100][gc            ] GC(24) Pause Young (Normal) (G1 Evacuation Pause) 477M->218M(1024M) 8,029ms
[2023-11-03T10:50:26.679+0100][gc,cpu        ] GC(24) User=0,09s Sys=0,01s Real=0,01s
[2023-11-03T10:50:44.204+0100][gc,start      ] GC(25) Pause Young (Normal) (G1 Evacuation Pause)
[2023-11-03T10:50:44.204+0100][gc,task       ] GC(25) Using 13 workers of 13 for evacuation
[2023-11-03T10:50:44.222+0100][gc,phases     ] GC(25)   Pre Evacuate Collection Set: 0,0ms
[2023-11-03T10:50:44.222+0100][gc,phases     ] GC(25)   Evacuate Collection Set: 16,9ms
[2023-11-03T10:50:44.222+0100][gc,phases     ] GC(25)   Post Evacuate Collection Set: 0,8ms
[2023-11-03T10:50:44.222+0100][gc,phases     ] GC(25)   Other: 0,4ms
[2023-11-03T10:50:44.222+0100][gc,heap       ] GC(25) Eden regions: 321->0(289)
[2023-11-03T10:50:44.222+0100][gc,heap       ] GC(25) Survivor regions: 10->30(42)
[2023-11-03T10:50:44.222+0100][gc,heap       ] GC(25) Old regions: 82->82
[2023-11-03T10:50:44.222+0100][gc,heap       ] GC(25) Humongous regions: 129->129
[2023-11-03T10:50:44.222+0100][gc,metaspace  ] GC(25) Metaspace: 46181K(49356K)->46181K(49356K) NonClass: 40438K(42188K)->40438K(42188K) Class: 5742K(7168K)->5742K(7168K)
[2023-11-03T10:50:44.222+0100][gc            ] GC(25) Pause Young (Normal) (G1 Evacuation Pause) 539M->239M(1024M) 18,281ms
[2023-11-03T10:50:44.222+0100][gc,cpu        ] GC(25) User=0,17s Sys=0,03s Real=0,02s
[2023-11-03T10:51:00.209+0100][gc,start      ] GC(26) Pause Young (Normal) (G1 Evacuation Pause)
[2023-11-03T10:51:00.209+0100][gc,task       ] GC(26) Using 13 workers of 13 for evacuation
[2023-11-03T10:51:00.223+0100][gc,phases     ] GC(26)   Pre Evacuate Collection Set: 0,0ms
[2023-11-03T10:51:00.223+0100][gc,phases     ] GC(26)   Evacuate Collection Set: 12,6ms
[2023-11-03T10:51:00.223+0100][gc,phases     ] GC(26)   Post Evacuate Collection Set: 0,8ms
[2023-11-03T10:51:00.223+0100][gc,phases     ] GC(26)   Other: 0,3ms
[2023-11-03T10:51:00.223+0100][gc,heap       ] GC(26) Eden regions: 287->0(327)
[2023-11-03T10:51:00.223+0100][gc,heap       ] GC(26) Survivor regions: 30->21(40)
[2023-11-03T10:51:00.223+0100][gc,heap       ] GC(26) Old regions: 82->84
[2023-11-03T10:51:00.223+0100][gc,heap       ] GC(26) Humongous regions: 129->129
[2023-11-03T10:51:00.223+0100][gc,metaspace  ] GC(26) Metaspace: 46240K(49356K)->46240K(49356K) NonClass: 40497K(42188K)->40497K(42188K) Class: 5742K(7168K)->5742K(7168K)
[2023-11-03T10:51:00.223+0100][gc            ] GC(26) Pause Young (Normal) (G1 Evacuation Pause) 526M->232M(1024M) 13,825ms
[2023-11-03T10:51:00.223+0100][gc,cpu        ] GC(26) User=0,16s Sys=0,00s Real=0,01s
[2023-11-03T10:51:19.520+0100][gc,start      ] GC(27) Pause Young (Normal) (G1 Evacuation Pause)
[2023-11-03T10:51:19.520+0100][gc,task       ] GC(27) Using 13 workers of 13 for evacuation
[2023-11-03T10:51:19.531+0100][gc,phases     ] GC(27)   Pre Evacuate Collection Set: 0,0ms
[2023-11-03T10:51:19.531+0100][gc,phases     ] GC(27)   Evacuate Collection Set: 9,9ms
[2023-11-03T10:51:19.531+0100][gc,phases     ] GC(27)   Post Evacuate Collection Set: 0,9ms
[2023-11-03T10:51:19.531+0100][gc,phases     ] GC(27)   Other: 0,4ms
[2023-11-03T10:51:19.531+0100][gc,heap       ] GC(27) Eden regions: 327->0(598)
[2023-11-03T10:51:19.531+0100][gc,heap       ] GC(27) Survivor regions: 21->16(44)
[2023-11-03T10:51:19.531+0100][gc,heap       ] GC(27) Old regions: 84->84
[2023-11-03T10:51:19.531+0100][gc,heap       ] GC(27) Humongous regions: 129->129
[2023-11-03T10:51:19.531+0100][gc,metaspace  ] GC(27) Metaspace: 46255K(49356K)->46255K(49356K) NonClass: 40512K(42188K)->40512K(42188K) Class: 5742K(7168K)->5742K(7168K)
[2023-11-03T10:51:19.531+0100][gc            ] GC(27) Pause Young (Normal) (G1 Evacuation Pause) 559M->227M(1024M) 11,354ms
[2023-11-03T10:51:19.531+0100][gc,cpu        ] GC(27) User=0,11s Sys=0,01s Real=0,01s
[2023-11-03T10:56:04.813+0100][gc,start      ] GC(28) Pause Young (Normal) (G1 Evacuation Pause)
[2023-11-03T10:56:04.814+0100][gc,task       ] GC(28) Using 13 workers of 13 for evacuation
[2023-11-03T10:56:04.827+0100][gc,phases     ] GC(28)   Pre Evacuate Collection Set: 0,0ms
[2023-11-03T10:56:04.827+0100][gc,phases     ] GC(28)   Evacuate Collection Set: 11,5ms
[2023-11-03T10:56:04.827+0100][gc,phases     ] GC(28)   Post Evacuate Collection Set: 1,1ms
[2023-11-03T10:56:04.827+0100][gc,phases     ] GC(28)   Other: 0,6ms
[2023-11-03T10:56:04.827+0100][gc,heap       ] GC(28) Eden regions: 593->0(599)
[2023-11-03T10:56:04.827+0100][gc,heap       ] GC(28) Survivor regions: 16->15(77)
[2023-11-03T10:56:04.827+0100][gc,heap       ] GC(28) Old regions: 84->84
[2023-11-03T10:56:04.827+0100][gc,heap       ] GC(28) Humongous regions: 129->129
[2023-11-03T10:56:04.827+0100][gc,metaspace  ] GC(28) Metaspace: 46377K(49612K)->46377K(49612K) NonClass: 40634K(42444K)->40634K(42444K) Class: 5742K(7168K)->5742K(7168K)
[2023-11-03T10:56:04.827+0100][gc            ] GC(28) Pause Young (Normal) (G1 Evacuation Pause) 820M->226M(1024M) 13,331ms
[2023-11-03T10:56:04.827+0100][gc,cpu        ] GC(28) User=0,12s Sys=0,01s Real=0,02s
[2023-11-03T10:56:51.393+0100][gc,start      ] GC(29) Pause Young (Normal) (G1 Evacuation Pause)
[2023-11-03T10:56:51.393+0100][gc,task       ] GC(29) Using 13 workers of 13 for evacuation
[2023-11-03T10:56:51.412+0100][gc,phases     ] GC(29)   Pre Evacuate Collection Set: 0,0ms
[2023-11-03T10:56:51.412+0100][gc,phases     ] GC(29)   Evacuate Collection Set: 17,8ms
[2023-11-03T10:56:51.412+0100][gc,phases     ] GC(29)   Post Evacuate Collection Set: 1,0ms
[2023-11-03T10:56:51.412+0100][gc,phases     ] GC(29)   Other: 0,4ms
[2023-11-03T10:56:51.412+0100][gc,heap       ] GC(29) Eden regions: 599->0(552)
[2023-11-03T10:56:51.412+0100][gc,heap       ] GC(29) Survivor regions: 15->31(77)
[2023-11-03T10:56:51.412+0100][gc,heap       ] GC(29) Old regions: 84->84
[2023-11-03T10:56:51.412+0100][gc,heap       ] GC(29) Humongous regions: 129->129
[2023-11-03T10:56:51.412+0100][gc,metaspace  ] GC(29) Metaspace: 46379K(49612K)->46379K(49612K) NonClass: 40636K(42444K)->40636K(42444K) Class: 5742K(7168K)->5742K(7168K)
[2023-11-03T10:56:51.412+0100][gc            ] GC(29) Pause Young (Normal) (G1 Evacuation Pause) 825M->242M(1024M) 19,318ms
[2023-11-03T10:56:51.412+0100][gc,cpu        ] GC(29) User=0,20s Sys=0,03s Real=0,02s
[2023-11-03T10:57:10.707+0100][gc,start      ] GC(30) Pause Young (Normal) (G1 Evacuation Pause)
[2023-11-03T10:57:10.707+0100][gc,task       ] GC(30) Using 13 workers of 13 for evacuation
[2023-11-03T10:57:10.725+0100][gc,phases     ] GC(30)   Pre Evacuate Collection Set: 0,0ms
[2023-11-03T10:57:10.725+0100][gc,phases     ] GC(30)   Evacuate Collection Set: 16,5ms
[2023-11-03T10:57:10.725+0100][gc,phases     ] GC(30)   Post Evacuate Collection Set: 0,9ms
[2023-11-03T10:57:10.725+0100][gc,phases     ] GC(30)   Other: 0,4ms
[2023-11-03T10:57:10.725+0100][gc,heap       ] GC(30) Eden regions: 379->0(538)
[2023-11-03T10:57:10.725+0100][gc,heap       ] GC(30) Survivor regions: 31->24(52)
[2023-11-03T10:57:10.725+0100][gc,heap       ] GC(30) Old regions: 84->91
[2023-11-03T10:57:10.725+0100][gc,heap       ] GC(30) Humongous regions: 129->129
[2023-11-03T10:57:10.725+0100][gc,metaspace  ] GC(30) Metaspace: 46379K(49612K)->46379K(49612K) NonClass: 40637K(42444K)->40637K(42444K) Class: 5742K(7168K)->5742K(7168K)
[2023-11-03T10:57:10.725+0100][gc            ] GC(30) Pause Young (Normal) (G1 Evacuation Pause) 621M->241M(1024M) 17,920ms
[2023-11-03T10:57:10.725+0100][gc,cpu        ] GC(30) User=0,19s Sys=0,03s Real=0,01s
[2023-11-03T10:57:38.432+0100][gc,start      ] GC(31) Pause Young (Normal) (G1 Evacuation Pause)
[2023-11-03T10:57:38.432+0100][gc,task       ] GC(31) Using 13 workers of 13 for evacuation
[2023-11-03T10:57:38.451+0100][gc,phases     ] GC(31)   Pre Evacuate Collection Set: 0,0ms
[2023-11-03T10:57:38.451+0100][gc,phases     ] GC(31)   Evacuate Collection Set: 18,1ms
[2023-11-03T10:57:38.451+0100][gc,phases     ] GC(31)   Post Evacuate Collection Set: 1,1ms
[2023-11-03T10:57:38.451+0100][gc,phases     ] GC(31)   Other: 0,4ms
[2023-11-03T10:57:38.451+0100][gc,heap       ] GC(31) Eden regions: 538->0(311)
[2023-11-03T10:57:38.451+0100][gc,heap       ] GC(31) Survivor regions: 24->33(71)
[2023-11-03T10:57:38.451+0100][gc,heap       ] GC(31) Old regions: 91->91
[2023-11-03T10:57:38.451+0100][gc,heap       ] GC(31) Humongous regions: 129->129
[2023-11-03T10:57:38.451+0100][gc,metaspace  ] GC(31) Metaspace: 46383K(49612K)->46383K(49612K) NonClass: 40640K(42444K)->40640K(42444K) Class: 5742K(7168K)->5742K(7168K)
[2023-11-03T10:57:38.451+0100][gc            ] GC(31) Pause Young (Normal) (G1 Evacuation Pause) 779M->251M(1024M) 19,757ms
[2023-11-03T10:57:38.451+0100][gc,cpu        ] GC(31) User=0,22s Sys=0,00s Real=0,02s
[2023-11-03T10:57:53.304+0100][gc,start      ] GC(32) Pause Young (Normal) (G1 Evacuation Pause)
[2023-11-03T10:57:53.304+0100][gc,task       ] GC(32) Using 13 workers of 13 for evacuation
[2023-11-03T10:57:53.318+0100][gc,phases     ] GC(32)   Pre Evacuate Collection Set: 0,0ms
[2023-11-03T10:57:53.318+0100][gc,phases     ] GC(32)   Evacuate Collection Set: 12,8ms
[2023-11-03T10:57:53.318+0100][gc,phases     ] GC(32)   Post Evacuate Collection Set: 0,9ms
[2023-11-03T10:57:53.318+0100][gc,phases     ] GC(32)   Other: 0,4ms
[2023-11-03T10:57:53.318+0100][gc,heap       ] GC(32) Eden regions: 237->0(382)
[2023-11-03T10:57:53.318+0100][gc,heap       ] GC(32) Survivor regions: 33->16(34)
[2023-11-03T10:57:53.318+0100][gc,heap       ] GC(32) Old regions: 91->100
[2023-11-03T10:57:53.318+0100][gc,heap       ] GC(32) Humongous regions: 129->129
[2023-11-03T10:57:53.318+0100][gc,metaspace  ] GC(32) Metaspace: 46403K(49612K)->46403K(49612K) NonClass: 40655K(42444K)->40655K(42444K) Class: 5748K(7168K)->5748K(7168K)
[2023-11-03T10:57:53.318+0100][gc            ] GC(32) Pause Young (Normal) (G1 Evacuation Pause) 488M->243M(1024M) 14,168ms
[2023-11-03T10:57:53.318+0100][gc,cpu        ] GC(32) User=0,16s Sys=0,00s Real=0,02s
[2023-11-03T10:58:11.694+0100][gc,start      ] GC(33) Pause Young (Normal) (G1 Evacuation Pause)
[2023-11-03T10:58:11.694+0100][gc,task       ] GC(33) Using 13 workers of 13 for evacuation
[2023-11-03T10:58:11.703+0100][gc,phases     ] GC(33)   Pre Evacuate Collection Set: 0,1ms
[2023-11-03T10:58:11.703+0100][gc,phases     ] GC(33)   Evacuate Collection Set: 8,1ms
[2023-11-03T10:58:11.703+0100][gc,phases     ] GC(33)   Post Evacuate Collection Set: 1,0ms
[2023-11-03T10:58:11.703+0100][gc,phases     ] GC(33)   Other: 0,4ms
[2023-11-03T10:58:11.703+0100][gc,heap       ] GC(33) Eden regions: 382->0(488)
[2023-11-03T10:58:11.703+0100][gc,heap       ] GC(33) Survivor regions: 16->12(50)
[2023-11-03T10:58:11.703+0100][gc,heap       ] GC(33) Old regions: 100->100
[2023-11-03T10:58:11.703+0100][gc,heap       ] GC(33) Humongous regions: 129->129
[2023-11-03T10:58:11.703+0100][gc,metaspace  ] GC(33) Metaspace: 46404K(49612K)->46404K(49612K) NonClass: 40656K(42444K)->40656K(42444K) Class: 5748K(7168K)->5748K(7168K)
[2023-11-03T10:58:11.703+0100][gc            ] GC(33) Pause Young (Normal) (G1 Evacuation Pause) 625M->239M(1024M) 9,719ms
[2023-11-03T10:58:11.703+0100][gc,cpu        ] GC(33) User=0,11s Sys=0,00s Real=0,01s
[2023-11-03T11:06:00.417+0100][gc,start      ] GC(34) Pause Young (Normal) (G1 Evacuation Pause)
[2023-11-03T11:06:00.417+0100][gc,task       ] GC(34) Using 13 workers of 13 for evacuation
[2023-11-03T11:06:00.432+0100][gc,phases     ] GC(34)   Pre Evacuate Collection Set: 0,1ms
[2023-11-03T11:06:00.432+0100][gc,phases     ] GC(34)   Evacuate Collection Set: 11,6ms
[2023-11-03T11:06:00.432+0100][gc,phases     ] GC(34)   Post Evacuate Collection Set: 2,6ms
[2023-11-03T11:06:00.432+0100][gc,phases     ] GC(34)   Other: 0,4ms
[2023-11-03T11:06:00.432+0100][gc,heap       ] GC(34) Eden regions: 373->0(411)
[2023-11-03T11:06:00.432+0100][gc,heap       ] GC(34) Survivor regions: 12->18(49)
[2023-11-03T11:06:00.432+0100][gc,heap       ] GC(34) Old regions: 100->100
[2023-11-03T11:06:00.432+0100][gc,heap       ] GC(34) Humongous regions: 129->129
[2023-11-03T11:06:00.432+0100][gc,metaspace  ] GC(34) Metaspace: 46416K(49612K)->46416K(49612K) NonClass: 40668K(42444K)->40668K(42444K) Class: 5748K(7168K)->5748K(7168K)
[2023-11-03T11:06:00.432+0100][gc            ] GC(34) Pause Young (Normal) (G1 Evacuation Pause) 612M->244M(1024M) 14,731ms
[2023-11-03T11:06:00.432+0100][gc,cpu        ] GC(34) User=0,15s Sys=0,00s Real=0,01s
[2023-11-03T11:20:41.569+0100][gc,start      ] GC(35) Pause Young (Normal) (G1 Evacuation Pause)
[2023-11-03T11:20:41.569+0100][gc,task       ] GC(35) Using 13 workers of 13 for evacuation
[2023-11-03T11:20:41.579+0100][gc,phases     ] GC(35)   Pre Evacuate Collection Set: 0,0ms
[2023-11-03T11:20:41.579+0100][gc,phases     ] GC(35)   Evacuate Collection Set: 8,7ms
[2023-11-03T11:20:41.579+0100][gc,phases     ] GC(35)   Post Evacuate Collection Set: 1,1ms
[2023-11-03T11:20:41.579+0100][gc,phases     ] GC(35)   Other: 0,4ms
[2023-11-03T11:20:41.579+0100][gc,heap       ] GC(35) Eden regions: 301->0(466)
[2023-11-03T11:20:41.579+0100][gc,heap       ] GC(35) Survivor regions: 18->12(40)
[2023-11-03T11:20:41.579+0100][gc,heap       ] GC(35) Old regions: 100->100
[2023-11-03T11:20:41.579+0100][gc,heap       ] GC(35) Humongous regions: 129->129
[2023-11-03T11:20:41.579+0100][gc,metaspace  ] GC(35) Metaspace: 46517K(49868K)->46517K(49868K) NonClass: 40769K(42700K)->40769K(42700K) Class: 5748K(7168K)->5748K(7168K)
[2023-11-03T11:20:41.579+0100][gc            ] GC(35) Pause Young (Normal) (G1 Evacuation Pause) 545M->239M(1024M) 10,353ms
[2023-11-03T11:20:41.579+0100][gc,cpu        ] GC(35) User=0,12s Sys=0,00s Real=0,01s
[2023-11-03T11:21:04.821+0100][gc,start      ] GC(36) Pause Young (Normal) (G1 Evacuation Pause)
[2023-11-03T11:21:04.821+0100][gc,task       ] GC(36) Using 13 workers of 13 for evacuation
[2023-11-03T11:21:04.834+0100][gc,phases     ] GC(36)   Pre Evacuate Collection Set: 0,0ms
[2023-11-03T11:21:04.834+0100][gc,phases     ] GC(36)   Evacuate Collection Set: 10,5ms
[2023-11-03T11:21:04.834+0100][gc,phases     ] GC(36)   Post Evacuate Collection Set: 1,6ms
[2023-11-03T11:21:04.834+0100][gc,phases     ] GC(36)   Other: 0,4ms
[2023-11-03T11:21:04.834+0100][gc,heap       ] GC(36) Eden regions: 377->0(437)
[2023-11-03T11:21:04.834+0100][gc,heap       ] GC(36) Survivor regions: 12->14(49)
[2023-11-03T11:21:04.834+0100][gc,heap       ] GC(36) Old regions: 100->100
[2023-11-03T11:21:04.834+0100][gc,heap       ] GC(36) Humongous regions: 129->129
[2023-11-03T11:21:04.834+0100][gc,metaspace  ] GC(36) Metaspace: 46518K(49868K)->46518K(49868K) NonClass: 40769K(42700K)->40769K(42700K) Class: 5748K(7168K)->5748K(7168K)
[2023-11-03T11:21:04.834+0100][gc            ] GC(36) Pause Young (Normal) (G1 Evacuation Pause) 616M->241M(1024M) 12,624ms
[2023-11-03T11:21:04.834+0100][gc,cpu        ] GC(36) User=0,12s Sys=0,00s Real=0,02s
[2023-11-03T11:21:29.634+0100][gc,start      ] GC(37) Pause Young (Normal) (G1 Evacuation Pause)
[2023-11-03T11:21:29.634+0100][gc,task       ] GC(37) Using 13 workers of 13 for evacuation
[2023-11-03T11:21:29.647+0100][gc,phases     ] GC(37)   Pre Evacuate Collection Set: 0,0ms
[2023-11-03T11:21:29.647+0100][gc,phases     ] GC(37)   Evacuate Collection Set: 11,3ms
[2023-11-03T11:21:29.647+0100][gc,phases     ] GC(37)   Post Evacuate Collection Set: 1,1ms
[2023-11-03T11:21:29.647+0100][gc,phases     ] GC(37)   Other: 0,5ms
[2023-11-03T11:21:29.647+0100][gc,heap       ] GC(37) Eden regions: 437->0(454)
[2023-11-03T11:21:29.647+0100][gc,heap       ] GC(37) Survivor regions: 14->19(57)
[2023-11-03T11:21:29.647+0100][gc,heap       ] GC(37) Old regions: 100->100
[2023-11-03T11:21:29.647+0100][gc,heap       ] GC(37) Humongous regions: 129->129
[2023-11-03T11:21:29.647+0100][gc,metaspace  ] GC(37) Metaspace: 46518K(49868K)->46518K(49868K) NonClass: 40769K(42700K)->40769K(42700K) Class: 5748K(7168K)->5748K(7168K)
[2023-11-03T11:21:29.647+0100][gc            ] GC(37) Pause Young (Normal) (G1 Evacuation Pause) 678M->245M(1024M) 13,023ms
[2023-11-03T11:21:29.647+0100][gc,cpu        ] GC(37) User=0,14s Sys=0,01s Real=0,02s
[2023-11-03T11:26:35.418+0100][gc,start      ] GC(38) Pause Young (Normal) (G1 Evacuation Pause)
[2023-11-03T11:26:35.418+0100][gc,task       ] GC(38) Using 13 workers of 13 for evacuation
[2023-11-03T11:26:35.437+0100][gc,phases     ] GC(38)   Pre Evacuate Collection Set: 0,0ms
[2023-11-03T11:26:35.437+0100][gc,phases     ] GC(38)   Evacuate Collection Set: 17,4ms
[2023-11-03T11:26:35.437+0100][gc,phases     ] GC(38)   Post Evacuate Collection Set: 1,0ms
[2023-11-03T11:26:35.437+0100][gc,phases     ] GC(38)   Other: 0,4ms
[2023-11-03T11:26:35.437+0100][gc,heap       ] GC(38) Eden regions: 454->0(417)
[2023-11-03T11:26:35.437+0100][gc,heap       ] GC(38) Survivor regions: 19->33(60)
[2023-11-03T11:26:35.437+0100][gc,heap       ] GC(38) Old regions: 100->100
[2023-11-03T11:26:35.437+0100][gc,heap       ] GC(38) Humongous regions: 129->129
[2023-11-03T11:26:35.437+0100][gc,metaspace  ] GC(38) Metaspace: 46536K(49868K)->46536K(49868K) NonClass: 40788K(42700K)->40788K(42700K) Class: 5748K(7168K)->5748K(7168K)
[2023-11-03T11:26:35.437+0100][gc            ] GC(38) Pause Young (Normal) (G1 Evacuation Pause) 699M->260M(1024M) 18,999ms
[2023-11-03T11:26:35.437+0100][gc,cpu        ] GC(38) User=0,22s Sys=0,00s Real=0,02s
[2023-11-03T11:32:46.223+0100][gc,start      ] GC(39) Pause Young (Normal) (G1 Evacuation Pause)
[2023-11-03T11:32:46.223+0100][gc,task       ] GC(39) Using 13 workers of 13 for evacuation
[2023-11-03T11:32:46.243+0100][gc,mmu        ] GC(39) MMU target violated: 20,3ms (20,0ms/21,0ms)
[2023-11-03T11:32:46.243+0100][gc,phases     ] GC(39)   Pre Evacuate Collection Set: 0,0ms
[2023-11-03T11:32:46.243+0100][gc,phases     ] GC(39)   Evacuate Collection Set: 19,3ms
[2023-11-03T11:32:46.244+0100][gc,phases     ] GC(39)   Post Evacuate Collection Set: 0,8ms
[2023-11-03T11:32:46.244+0100][gc,phases     ] GC(39)   Other: 0,5ms
[2023-11-03T11:32:46.244+0100][gc,heap       ] GC(39) Eden regions: 307->0(379)
[2023-11-03T11:32:46.244+0100][gc,heap       ] GC(39) Survivor regions: 33->20(43)
[2023-11-03T11:32:46.244+0100][gc,heap       ] GC(39) Old regions: 100->112
[2023-11-03T11:32:46.244+0100][gc,heap       ] GC(39) Humongous regions: 129->129
[2023-11-03T11:32:46.244+0100][gc,metaspace  ] GC(39) Metaspace: 46541K(49868K)->46541K(49868K) NonClass: 40792K(42700K)->40792K(42700K) Class: 5748K(7168K)->5748K(7168K)
[2023-11-03T11:32:46.244+0100][gc            ] GC(39) Pause Young (Normal) (G1 Evacuation Pause) 567M->258M(1024M) 20,598ms
[2023-11-03T11:32:46.244+0100][gc,cpu        ] GC(39) User=0,20s Sys=0,04s Real=0,02s
[2023-11-03T11:33:07.510+0100][gc,start      ] GC(40) Pause Young (Normal) (G1 Evacuation Pause)
[2023-11-03T11:33:07.510+0100][gc,task       ] GC(40) Using 13 workers of 13 for evacuation
[2023-11-03T11:33:07.528+0100][gc,phases     ] GC(40)   Pre Evacuate Collection Set: 0,0ms
[2023-11-03T11:33:07.528+0100][gc,phases     ] GC(40)   Evacuate Collection Set: 17,7ms
[2023-11-03T11:33:07.529+0100][gc,phases     ] GC(40)   Post Evacuate Collection Set: 0,8ms
[2023-11-03T11:33:07.529+0100][gc,phases     ] GC(40)   Other: 0,3ms
[2023-11-03T11:33:07.529+0100][gc,heap       ] GC(40) Eden regions: 379->0(411)
[2023-11-03T11:33:07.529+0100][gc,heap       ] GC(40) Survivor regions: 20->22(50)
[2023-11-03T11:33:07.529+0100][gc,heap       ] GC(40) Old regions: 112->112
[2023-11-03T11:33:07.529+0100][gc,heap       ] GC(40) Humongous regions: 129->129
[2023-11-03T11:33:07.529+0100][gc,metaspace  ] GC(40) Metaspace: 46541K(49868K)->46541K(49868K) NonClass: 40792K(42700K)->40792K(42700K) Class: 5748K(7168K)->5748K(7168K)
[2023-11-03T11:33:07.529+0100][gc            ] GC(40) Pause Young (Normal) (G1 Evacuation Pause) 637M->260M(1024M) 18,972ms
[2023-11-03T11:33:07.529+0100][gc,cpu        ] GC(40) User=0,13s Sys=0,00s Real=0,02s
[2023-11-03T11:33:30.836+0100][gc,start      ] GC(41) Pause Young (Normal) (G1 Evacuation Pause)
[2023-11-03T11:33:30.836+0100][gc,task       ] GC(41) Using 13 workers of 13 for evacuation
[2023-11-03T11:33:30.850+0100][gc,phases     ] GC(41)   Pre Evacuate Collection Set: 0,0ms
[2023-11-03T11:33:30.850+0100][gc,phases     ] GC(41)   Evacuate Collection Set: 13,0ms
[2023-11-03T11:33:30.850+0100][gc,phases     ] GC(41)   Post Evacuate Collection Set: 1,1ms
[2023-11-03T11:33:30.851+0100][gc,phases     ] GC(41)   Other: 0,4ms
[2023-11-03T11:33:30.851+0100][gc,heap       ] GC(41) Eden regions: 411->0(432)
[2023-11-03T11:33:30.851+0100][gc,heap       ] GC(41) Survivor regions: 22->24(55)
[2023-11-03T11:33:30.851+0100][gc,heap       ] GC(41) Old regions: 112->112
[2023-11-03T11:33:30.851+0100][gc,heap       ] GC(41) Humongous regions: 129->129
[2023-11-03T11:33:30.851+0100][gc,metaspace  ] GC(41) Metaspace: 46541K(49868K)->46541K(49868K) NonClass: 40792K(42700K)->40792K(42700K) Class: 5748K(7168K)->5748K(7168K)
[2023-11-03T11:33:30.851+0100][gc            ] GC(41) Pause Young (Normal) (G1 Evacuation Pause) 671M->262M(1024M) 14,603ms
[2023-11-03T11:33:30.851+0100][gc,cpu        ] GC(41) User=0,17s Sys=0,01s Real=0,01s
[2023-11-03T11:33:55.328+0100][gc,start      ] GC(42) Pause Young (Normal) (G1 Evacuation Pause)
[2023-11-03T11:33:55.328+0100][gc,task       ] GC(42) Using 13 workers of 13 for evacuation
[2023-11-03T11:33:55.344+0100][gc,phases     ] GC(42)   Pre Evacuate Collection Set: 0,1ms
[2023-11-03T11:33:55.344+0100][gc,phases     ] GC(42)   Evacuate Collection Set: 15,1ms
[2023-11-03T11:33:55.345+0100][gc,phases     ] GC(42)   Post Evacuate Collection Set: 1,0ms
[2023-11-03T11:33:55.345+0100][gc,phases     ] GC(42)   Other: 0,5ms
[2023-11-03T11:33:55.345+0100][gc,heap       ] GC(42) Eden regions: 432->0(424)
[2023-11-03T11:33:55.345+0100][gc,heap       ] GC(42) Survivor regions: 24->30(57)
[2023-11-03T11:33:55.345+0100][gc,heap       ] GC(42) Old regions: 112->112
[2023-11-03T11:33:55.345+0100][gc,heap       ] GC(42) Humongous regions: 129->129
[2023-11-03T11:33:55.345+0100][gc,metaspace  ] GC(42) Metaspace: 46541K(49868K)->46541K(49868K) NonClass: 40792K(42700K)->40792K(42700K) Class: 5748K(7168K)->5748K(7168K)
[2023-11-03T11:33:55.345+0100][gc            ] GC(42) Pause Young (Normal) (G1 Evacuation Pause) 694M->268M(1024M) 16,833ms
[2023-11-03T11:33:55.345+0100][gc,cpu        ] GC(42) User=0,19s Sys=0,00s Real=0,01s
[2023-11-03T11:34:18.665+0100][gc,start      ] GC(43) Pause Young (Normal) (G1 Evacuation Pause)
[2023-11-03T11:34:18.665+0100][gc,task       ] GC(43) Using 13 workers of 13 for evacuation
[2023-11-03T11:34:18.682+0100][gc,phases     ] GC(43)   Pre Evacuate Collection Set: 0,0ms
[2023-11-03T11:34:18.682+0100][gc,phases     ] GC(43)   Evacuate Collection Set: 15,7ms
[2023-11-03T11:34:18.682+0100][gc,phases     ] GC(43)   Post Evacuate Collection Set: 1,0ms
[2023-11-03T11:34:18.682+0100][gc,phases     ] GC(43)   Other: 0,4ms
[2023-11-03T11:34:18.682+0100][gc,heap       ] GC(43) Eden regions: 424->0(411)
[2023-11-03T11:34:18.682+0100][gc,heap       ] GC(43) Survivor regions: 30->32(57)
[2023-11-03T11:34:18.682+0100][gc,heap       ] GC(43) Old regions: 112->112
[2023-11-03T11:34:18.682+0100][gc,heap       ] GC(43) Humongous regions: 129->129
[2023-11-03T11:34:18.682+0100][gc,metaspace  ] GC(43) Metaspace: 46541K(49868K)->46541K(49868K) NonClass: 40792K(42700K)->40792K(42700K) Class: 5748K(7168K)->5748K(7168K)
[2023-11-03T11:34:18.682+0100][gc            ] GC(43) Pause Young (Normal) (G1 Evacuation Pause) 692M->270M(1024M) 17,233ms
[2023-11-03T11:34:18.682+0100][gc,cpu        ] GC(43) User=0,20s Sys=0,00s Real=0,02s
[2023-11-03T11:34:40.977+0100][gc,start      ] GC(44) Pause Young (Normal) (G1 Evacuation Pause)
[2023-11-03T11:34:40.977+0100][gc,task       ] GC(44) Using 13 workers of 13 for evacuation
[2023-11-03T11:34:40.995+0100][gc,phases     ] GC(44)   Pre Evacuate Collection Set: 0,0ms
[2023-11-03T11:34:40.995+0100][gc,phases     ] GC(44)   Evacuate Collection Set: 17,3ms
[2023-11-03T11:34:40.995+0100][gc,phases     ] GC(44)   Post Evacuate Collection Set: 0,9ms
[2023-11-03T11:34:40.995+0100][gc,phases     ] GC(44)   Other: 0,4ms
[2023-11-03T11:34:40.995+0100][gc,heap       ] GC(44) Eden regions: 411->0(411)
[2023-11-03T11:34:40.995+0100][gc,heap       ] GC(44) Survivor regions: 32->30(56)
[2023-11-03T11:34:40.995+0100][gc,heap       ] GC(44) Old regions: 112->117
[2023-11-03T11:34:40.995+0100][gc,heap       ] GC(44) Humongous regions: 129->129
[2023-11-03T11:34:40.995+0100][gc,metaspace  ] GC(44) Metaspace: 46541K(49868K)->46541K(49868K) NonClass: 40792K(42700K)->40792K(42700K) Class: 5748K(7168K)->5748K(7168K)
[2023-11-03T11:34:40.995+0100][gc            ] GC(44) Pause Young (Normal) (G1 Evacuation Pause) 681M->274M(1024M) 18,744ms
[2023-11-03T11:34:40.995+0100][gc,cpu        ] GC(44) User=0,21s Sys=0,01s Real=0,02s
[2023-11-03T11:35:03.802+0100][gc,start      ] GC(45) Pause Young (Normal) (G1 Evacuation Pause)
[2023-11-03T11:35:03.802+0100][gc,task       ] GC(45) Using 13 workers of 13 for evacuation
[2023-11-03T11:35:03.820+0100][gc,phases     ] GC(45)   Pre Evacuate Collection Set: 0,0ms
[2023-11-03T11:35:03.820+0100][gc,phases     ] GC(45)   Evacuate Collection Set: 16,5ms
[2023-11-03T11:35:03.820+0100][gc,phases     ] GC(45)   Post Evacuate Collection Set: 1,0ms
[2023-11-03T11:35:03.820+0100][gc,phases     ] GC(45)   Other: 0,4ms
[2023-11-03T11:35:03.820+0100][gc,heap       ] GC(45) Eden regions: 411->0(392)
[2023-11-03T11:35:03.820+0100][gc,heap       ] GC(45) Survivor regions: 30->31(56)
[2023-11-03T11:35:03.820+0100][gc,heap       ] GC(45) Old regions: 117->117
[2023-11-03T11:35:03.820+0100][gc,heap       ] GC(45) Humongous regions: 129->129
[2023-11-03T11:35:03.820+0100][gc,metaspace  ] GC(45) Metaspace: 46563K(49868K)->46563K(49868K) NonClass: 40815K(42700K)->40815K(42700K) Class: 5748K(7168K)->5748K(7168K)
[2023-11-03T11:35:03.820+0100][gc            ] GC(45) Pause Young (Normal) (G1 Evacuation Pause) 685M->275M(1024M) 18,118ms
[2023-11-03T11:35:03.820+0100][gc,cpu        ] GC(45) User=0,21s Sys=0,00s Real=0,02s
[2023-11-03T11:35:18.481+0100][gc,start      ] GC(46) Pause Young (Normal) (G1 Evacuation Pause)
[2023-11-03T11:35:18.481+0100][gc,task       ] GC(46) Using 13 workers of 13 for evacuation
[2023-11-03T11:35:18.496+0100][gc,phases     ] GC(46)   Pre Evacuate Collection Set: 0,1ms
[2023-11-03T11:35:18.496+0100][gc,phases     ] GC(46)   Evacuate Collection Set: 13,5ms
[2023-11-03T11:35:18.496+0100][gc,phases     ] GC(46)   Post Evacuate Collection Set: 0,8ms
[2023-11-03T11:35:18.496+0100][gc,phases     ] GC(46)   Other: 0,5ms
[2023-11-03T11:35:18.496+0100][gc,heap       ] GC(46) Eden regions: 244->0(489)
[2023-11-03T11:35:18.496+0100][gc,heap       ] GC(46) Survivor regions: 31->11(35)
[2023-11-03T11:35:18.496+0100][gc,heap       ] GC(46) Old regions: 117->128
[2023-11-03T11:35:18.496+0100][gc,heap       ] GC(46) Humongous regions: 129->129
[2023-11-03T11:35:18.496+0100][gc,metaspace  ] GC(46) Metaspace: 46563K(49868K)->46563K(49868K) NonClass: 40815K(42700K)->40815K(42700K) Class: 5748K(7168K)->5748K(7168K)
[2023-11-03T11:35:18.496+0100][gc            ] GC(46) Pause Young (Normal) (G1 Evacuation Pause) 519M->266M(1024M) 14,930ms
[2023-11-03T11:35:18.496+0100][gc,cpu        ] GC(46) User=0,14s Sys=0,02s Real=0,02s
[2023-11-03T11:35:48.287+0100][gc,start      ] GC(47) Pause Young (Normal) (G1 Evacuation Pause)
[2023-11-03T11:35:48.287+0100][gc,task       ] GC(47) Using 13 workers of 13 for evacuation
[2023-11-03T11:35:48.300+0100][gc,phases     ] GC(47)   Pre Evacuate Collection Set: 0,0ms
[2023-11-03T11:35:48.300+0100][gc,phases     ] GC(47)   Evacuate Collection Set: 11,5ms
[2023-11-03T11:35:48.300+0100][gc,phases     ] GC(47)   Post Evacuate Collection Set: 1,0ms
[2023-11-03T11:35:48.300+0100][gc,phases     ] GC(47)   Other: 0,4ms
[2023-11-03T11:35:48.300+0100][gc,heap       ] GC(47) Eden regions: 489->0(503)
[2023-11-03T11:35:48.300+0100][gc,heap       ] GC(47) Survivor regions: 11->20(63)
[2023-11-03T11:35:48.300+0100][gc,heap       ] GC(47) Old regions: 128->128
[2023-11-03T11:35:48.300+0100][gc,heap       ] GC(47) Humongous regions: 129->129
[2023-11-03T11:35:48.300+0100][gc,metaspace  ] GC(47) Metaspace: 46563K(49868K)->46563K(49868K) NonClass: 40815K(42700K)->40815K(42700K) Class: 5748K(7168K)->5748K(7168K)
[2023-11-03T11:35:48.300+0100][gc            ] GC(47) Pause Young (Normal) (G1 Evacuation Pause) 755M->274M(1024M) 12,948ms
[2023-11-03T11:35:48.300+0100][gc,cpu        ] GC(47) User=0,15s Sys=0,00s Real=0,01s
[2023-11-03T11:36:17.885+0100][gc,start      ] GC(48) Pause Young (Normal) (G1 Evacuation Pause)
[2023-11-03T11:36:17.886+0100][gc,task       ] GC(48) Using 13 workers of 13 for evacuation
[2023-11-03T11:36:17.902+0100][gc,phases     ] GC(48)   Pre Evacuate Collection Set: 0,0ms
[2023-11-03T11:36:17.902+0100][gc,phases     ] GC(48)   Evacuate Collection Set: 14,8ms
[2023-11-03T11:36:17.902+0100][gc,phases     ] GC(48)   Post Evacuate Collection Set: 1,0ms
[2023-11-03T11:36:17.902+0100][gc,phases     ] GC(48)   Other: 0,5ms
[2023-11-03T11:36:17.902+0100][gc,heap       ] GC(48) Eden regions: 464->0(468)
[2023-11-03T11:36:17.902+0100][gc,heap       ] GC(48) Survivor regions: 20->27(61)
[2023-11-03T11:36:17.902+0100][gc,heap       ] GC(48) Old regions: 128->128
[2023-11-03T11:36:17.902+0100][gc,heap       ] GC(48) Humongous regions: 129->129
[2023-11-03T11:36:17.902+0100][gc,metaspace  ] GC(48) Metaspace: 46563K(49868K)->46563K(49868K) NonClass: 40815K(42700K)->40815K(42700K) Class: 5748K(7168K)->5748K(7168K)
[2023-11-03T11:36:17.902+0100][gc            ] GC(48) Pause Young (Normal) (G1 Evacuation Pause) 738M->282M(1024M) 16,446ms
[2023-11-03T11:36:17.902+0100][gc,cpu        ] GC(48) User=0,19s Sys=0,01s Real=0,02s
[2023-11-03T11:36:43.013+0100][gc,start      ] GC(49) Pause Young (Normal) (G1 Evacuation Pause)
[2023-11-03T11:36:43.013+0100][gc,task       ] GC(49) Using 13 workers of 13 for evacuation
[2023-11-03T11:36:43.032+0100][gc,phases     ] GC(49)   Pre Evacuate Collection Set: 0,0ms
[2023-11-03T11:36:43.032+0100][gc,phases     ] GC(49)   Evacuate Collection Set: 17,5ms
[2023-11-03T11:36:43.032+0100][gc,phases     ] GC(49)   Post Evacuate Collection Set: 1,0ms
[2023-11-03T11:36:43.032+0100][gc,phases     ] GC(49)   Other: 0,5ms
[2023-11-03T11:36:43.032+0100][gc,heap       ] GC(49) Eden regions: 468->0(391)
[2023-11-03T11:36:43.032+0100][gc,heap       ] GC(49) Survivor regions: 27->35(62)
[2023-11-03T11:36:43.032+0100][gc,heap       ] GC(49) Old regions: 128->128
[2023-11-03T11:36:43.032+0100][gc,heap       ] GC(49) Humongous regions: 129->129
[2023-11-03T11:36:43.032+0100][gc,metaspace  ] GC(49) Metaspace: 46563K(49868K)->46563K(49868K) NonClass: 40815K(42700K)->40815K(42700K) Class: 5748K(7168K)->5748K(7168K)
[2023-11-03T11:36:43.032+0100][gc            ] GC(49) Pause Young (Normal) (G1 Evacuation Pause) 750M->290M(1024M) 19,107ms
[2023-11-03T11:36:43.032+0100][gc,cpu        ] GC(49) User=0,23s Sys=0,00s Real=0,02s
[2023-11-03T11:37:01.564+0100][gc,start      ] GC(50) Pause Young (Normal) (G1 Evacuation Pause)
[2023-11-03T11:37:01.565+0100][gc,task       ] GC(50) Using 13 workers of 13 for evacuation
[2023-11-03T11:37:01.582+0100][gc,phases     ] GC(50)   Pre Evacuate Collection Set: 0,0ms
[2023-11-03T11:37:01.582+0100][gc,phases     ] GC(50)   Evacuate Collection Set: 16,0ms
[2023-11-03T11:37:01.582+0100][gc,phases     ] GC(50)   Post Evacuate Collection Set: 0,8ms
[2023-11-03T11:37:01.582+0100][gc,phases     ] GC(50)   Other: 0,3ms
[2023-11-03T11:37:01.582+0100][gc,heap       ] GC(50) Eden regions: 309->0(471)
[2023-11-03T11:37:01.582+0100][gc,heap       ] GC(50) Survivor regions: 35->25(43)
[2023-11-03T11:37:01.582+0100][gc,heap       ] GC(50) Old regions: 128->134
[2023-11-03T11:37:01.582+0100][gc,heap       ] GC(50) Humongous regions: 129->129
[2023-11-03T11:37:01.582+0100][gc,metaspace  ] GC(50) Metaspace: 46563K(49868K)->46563K(49868K) NonClass: 40815K(42700K)->40815K(42700K) Class: 5748K(7168K)->5748K(7168K)
[2023-11-03T11:37:01.582+0100][gc            ] GC(50) Pause Young (Normal) (G1 Evacuation Pause) 599M->286M(1024M) 17,394ms
[2023-11-03T11:37:01.582+0100][gc,cpu        ] GC(50) User=0,21s Sys=0,01s Real=0,02s
[2023-11-03T11:37:22.356+0100][gc,start      ] GC(51) Pause Young (Normal) (G1 Evacuation Pause)
[2023-11-03T11:37:22.356+0100][gc,task       ] GC(51) Using 13 workers of 13 for evacuation
[2023-11-03T11:37:22.370+0100][gc,phases     ] GC(51)   Pre Evacuate Collection Set: 0,0ms
[2023-11-03T11:37:22.370+0100][gc,phases     ] GC(51)   Evacuate Collection Set: 12,9ms
[2023-11-03T11:37:22.370+0100][gc,phases     ] GC(51)   Post Evacuate Collection Set: 0,9ms
[2023-11-03T11:37:22.370+0100][gc,phases     ] GC(51)   Other: 0,4ms
[2023-11-03T11:37:22.370+0100][gc,heap       ] GC(51) Eden regions: 372->0(536)
[2023-11-03T11:37:22.370+0100][gc,heap       ] GC(51) Survivor regions: 25->23(50)
[2023-11-03T11:37:22.370+0100][gc,heap       ] GC(51) Old regions: 134->134
[2023-11-03T11:37:22.370+0100][gc,heap       ] GC(51) Humongous regions: 129->129
[2023-11-03T11:37:22.370+0100][gc,metaspace  ] GC(51) Metaspace: 46568K(49868K)->46568K(49868K) NonClass: 40820K(42700K)->40820K(42700K) Class: 5748K(7168K)->5748K(7168K)
[2023-11-03T11:37:22.370+0100][gc            ] GC(51) Pause Young (Normal) (G1 Evacuation Pause) 658M->284M(1024M) 14,356ms
[2023-11-03T11:37:22.370+0100][gc,cpu        ] GC(51) User=0,17s Sys=0,00s Real=0,01s
[2023-11-03T11:37:45.157+0100][gc,start      ] GC(52) Pause Young (Normal) (G1 Evacuation Pause)
[2023-11-03T11:37:45.157+0100][gc,task       ] GC(52) Using 13 workers of 13 for evacuation
[2023-11-03T11:37:45.177+0100][gc,phases     ] GC(52)   Pre Evacuate Collection Set: 0,0ms
[2023-11-03T11:37:45.177+0100][gc,phases     ] GC(52)   Evacuate Collection Set: 18,1ms
[2023-11-03T11:37:45.177+0100][gc,phases     ] GC(52)   Post Evacuate Collection Set: 1,0ms
[2023-11-03T11:37:45.177+0100][gc,phases     ] GC(52)   Other: 0,4ms
[2023-11-03T11:37:45.177+0100][gc,heap       ] GC(52) Eden regions: 401->0(347)
[2023-11-03T11:37:45.177+0100][gc,heap       ] GC(52) Survivor regions: 23->32(53)
[2023-11-03T11:37:45.177+0100][gc,heap       ] GC(52) Old regions: 134->134
[2023-11-03T11:37:45.177+0100][gc,heap       ] GC(52) Humongous regions: 129->129
[2023-11-03T11:37:45.177+0100][gc,metaspace  ] GC(52) Metaspace: 46587K(49868K)->46587K(49868K) NonClass: 40833K(42700K)->40833K(42700K) Class: 5753K(7168K)->5753K(7168K)
[2023-11-03T11:37:45.177+0100][gc            ] GC(52) Pause Young (Normal) (G1 Evacuation Pause) 685M->293M(1024M) 19,623ms
[2023-11-03T11:37:45.177+0100][gc,cpu        ] GC(52) User=0,23s Sys=0,00s Real=0,02s
[2023-11-03T11:38:03.489+0100][gc,start      ] GC(53) Pause Young (Normal) (G1 Evacuation Pause)
[2023-11-03T11:38:03.489+0100][gc,task       ] GC(53) Using 13 workers of 13 for evacuation
[2023-11-03T11:38:03.506+0100][gc,phases     ] GC(53)   Pre Evacuate Collection Set: 0,0ms
[2023-11-03T11:38:03.507+0100][gc,phases     ] GC(53)   Evacuate Collection Set: 15,9ms
[2023-11-03T11:38:03.507+0100][gc,phases     ] GC(53)   Post Evacuate Collection Set: 1,0ms
[2023-11-03T11:38:03.507+0100][gc,phases     ] GC(53)   Other: 0,4ms
[2023-11-03T11:38:03.507+0100][gc,heap       ] GC(53) Eden regions: 347->0(409)
[2023-11-03T11:38:03.507+0100][gc,heap       ] GC(53) Survivor regions: 32->19(48)
[2023-11-03T11:38:03.507+0100][gc,heap       ] GC(53) Old regions: 134->144
[2023-11-03T11:38:03.507+0100][gc,heap       ] GC(53) Humongous regions: 129->129
[2023-11-03T11:38:03.507+0100][gc,metaspace  ] GC(53) Metaspace: 46595K(49868K)->46595K(49868K) NonClass: 40841K(42700K)->40841K(42700K) Class: 5753K(7168K)->5753K(7168K)
[2023-11-03T11:38:03.507+0100][gc            ] GC(53) Pause Young (Normal) (G1 Evacuation Pause) 640M->290M(1024M) 17,397ms
[2023-11-03T11:38:03.507+0100][gc,cpu        ] GC(53) User=0,19s Sys=0,00s Real=0,02s
[2023-11-03T11:51:22.636+0100][gc,start      ] GC(54) Pause Young (Normal) (G1 Evacuation Pause)
[2023-11-03T11:51:22.636+0100][gc,task       ] GC(54) Using 13 workers of 13 for evacuation
[2023-11-03T11:51:22.648+0100][gc,phases     ] GC(54)   Pre Evacuate Collection Set: 0,0ms
[2023-11-03T11:51:22.648+0100][gc,phases     ] GC(54)   Evacuate Collection Set: 11,1ms
[2023-11-03T11:51:22.648+0100][gc,phases     ] GC(54)   Post Evacuate Collection Set: 0,9ms
[2023-11-03T11:51:22.648+0100][gc,phases     ] GC(54)   Other: 0,4ms
[2023-11-03T11:51:22.648+0100][gc,heap       ] GC(54) Eden regions: 409->0(182)
[2023-11-03T11:51:22.648+0100][gc,heap       ] GC(54) Survivor regions: 19->20(54)
[2023-11-03T11:51:22.648+0100][gc,heap       ] GC(54) Old regions: 144->144
[2023-11-03T11:51:22.648+0100][gc,heap       ] GC(54) Humongous regions: 129->129
[2023-11-03T11:51:22.648+0100][gc,metaspace  ] GC(54) Metaspace: 46676K(49868K)->46676K(49868K) NonClass: 40923K(42700K)->40923K(42700K) Class: 5753K(7168K)->5753K(7168K)
[2023-11-03T11:51:22.648+0100][gc            ] GC(54) Pause Young (Normal) (G1 Evacuation Pause) 699M->290M(1024M) 12,489ms
[2023-11-03T11:51:22.648+0100][gc,cpu        ] GC(54) User=0,14s Sys=0,00s Real=0,01s
[2023-11-03T11:51:33.207+0100][gc,start      ] GC(55) Pause Young (Normal) (G1 Evacuation Pause)
[2023-11-03T11:51:33.207+0100][gc,task       ] GC(55) Using 13 workers of 13 for evacuation
[2023-11-03T11:51:33.225+0100][gc,phases     ] GC(55)   Pre Evacuate Collection Set: 0,0ms
[2023-11-03T11:51:33.225+0100][gc,phases     ] GC(55)   Evacuate Collection Set: 16,5ms
[2023-11-03T11:51:33.225+0100][gc,phases     ] GC(55)   Post Evacuate Collection Set: 0,8ms
[2023-11-03T11:51:33.225+0100][gc,phases     ] GC(55)   Other: 0,4ms
[2023-11-03T11:51:33.225+0100][gc,heap       ] GC(55) Eden regions: 182->0(202)
[2023-11-03T11:51:33.225+0100][gc,heap       ] GC(55) Survivor regions: 20->16(26)
[2023-11-03T11:51:33.225+0100][gc,heap       ] GC(55) Old regions: 144->162
[2023-11-03T11:51:33.225+0100][gc,heap       ] GC(55) Humongous regions: 129->129
[2023-11-03T11:51:33.225+0100][gc,metaspace  ] GC(55) Metaspace: 46676K(49868K)->46676K(49868K) NonClass: 40923K(42700K)->40923K(42700K) Class: 5753K(7168K)->5753K(7168K)
[2023-11-03T11:51:33.225+0100][gc            ] GC(55) Pause Young (Normal) (G1 Evacuation Pause) 472M->305M(1024M) 17,760ms
[2023-11-03T11:51:33.225+0100][gc,cpu        ] GC(55) User=0,18s Sys=0,03s Real=0,01s
[2023-11-03T11:51:43.928+0100][gc,start      ] GC(56) Pause Young (Normal) (G1 Evacuation Pause)
[2023-11-03T11:51:43.928+0100][gc,task       ] GC(56) Using 13 workers of 13 for evacuation
[2023-11-03T11:51:43.940+0100][gc,phases     ] GC(56)   Pre Evacuate Collection Set: 0,0ms
[2023-11-03T11:51:43.941+0100][gc,phases     ] GC(56)   Evacuate Collection Set: 11,0ms
[2023-11-03T11:51:43.941+0100][gc,phases     ] GC(56)   Post Evacuate Collection Set: 0,7ms
[2023-11-03T11:51:43.941+0100][gc,phases     ] GC(56)   Other: 0,4ms
[2023-11-03T11:51:43.941+0100][gc,heap       ] GC(56) Eden regions: 202->0(293)
[2023-11-03T11:51:43.941+0100][gc,heap       ] GC(56) Survivor regions: 16->16(28)
[2023-11-03T11:51:43.941+0100][gc,heap       ] GC(56) Old regions: 162->166
[2023-11-03T11:51:43.941+0100][gc,heap       ] GC(56) Humongous regions: 129->129
[2023-11-03T11:51:43.941+0100][gc,metaspace  ] GC(56) Metaspace: 46676K(49868K)->46676K(49868K) NonClass: 40923K(42700K)->40923K(42700K) Class: 5753K(7168K)->5753K(7168K)
[2023-11-03T11:51:43.941+0100][gc            ] GC(56) Pause Young (Normal) (G1 Evacuation Pause) 507M->308M(1024M) 12,197ms
[2023-11-03T11:51:43.941+0100][gc,cpu        ] GC(56) User=0,13s Sys=0,01s Real=0,01s
[2023-11-03T11:52:00.156+0100][gc,start      ] GC(57) Pause Young (Normal) (G1 Evacuation Pause)
[2023-11-03T11:52:00.156+0100][gc,task       ] GC(57) Using 13 workers of 13 for evacuation
[2023-11-03T11:52:00.163+0100][gc,phases     ] GC(57)   Pre Evacuate Collection Set: 0,0ms
[2023-11-03T11:52:00.163+0100][gc,phases     ] GC(57)   Evacuate Collection Set: 6,3ms
[2023-11-03T11:52:00.163+0100][gc,phases     ] GC(57)   Post Evacuate Collection Set: 0,8ms
[2023-11-03T11:52:00.163+0100][gc,phases     ] GC(57)   Other: 0,3ms
[2023-11-03T11:52:00.163+0100][gc,heap       ] GC(57) Eden regions: 293->0(495)
[2023-11-03T11:52:00.163+0100][gc,heap       ] GC(57) Survivor regions: 16->10(39)
[2023-11-03T11:52:00.163+0100][gc,heap       ] GC(57) Old regions: 166->166
[2023-11-03T11:52:00.163+0100][gc,heap       ] GC(57) Humongous regions: 129->129
[2023-11-03T11:52:00.163+0100][gc,metaspace  ] GC(57) Metaspace: 46676K(49868K)->46676K(49868K) NonClass: 40923K(42700K)->40923K(42700K) Class: 5753K(7168K)->5753K(7168K)
[2023-11-03T11:52:00.163+0100][gc            ] GC(57) Pause Young (Normal) (G1 Evacuation Pause) 601M->302M(1024M) 7,533ms
[2023-11-03T11:52:00.163+0100][gc,cpu        ] GC(57) User=0,08s Sys=0,00s Real=0,00s
[2023-11-03T11:52:30.417+0100][gc,start      ] GC(58) Pause Young (Normal) (G1 Evacuation Pause)
[2023-11-03T11:52:30.417+0100][gc,task       ] GC(58) Using 13 workers of 13 for evacuation
[2023-11-03T11:52:30.430+0100][gc,phases     ] GC(58)   Pre Evacuate Collection Set: 0,0ms
[2023-11-03T11:52:30.430+0100][gc,phases     ] GC(58)   Evacuate Collection Set: 11,7ms
[2023-11-03T11:52:30.430+0100][gc,phases     ] GC(58)   Post Evacuate Collection Set: 1,1ms
[2023-11-03T11:52:30.430+0100][gc,phases     ] GC(58)   Other: 0,4ms
[2023-11-03T11:52:30.430+0100][gc,heap       ] GC(58) Eden regions: 495->0(476)
[2023-11-03T11:52:30.430+0100][gc,heap       ] GC(58) Survivor regions: 10->20(64)
[2023-11-03T11:52:30.430+0100][gc,heap       ] GC(58) Old regions: 166->166
[2023-11-03T11:52:30.430+0100][gc,heap       ] GC(58) Humongous regions: 129->129
[2023-11-03T11:52:30.430+0100][gc,metaspace  ] GC(58) Metaspace: 46676K(49868K)->46676K(49868K) NonClass: 40923K(42700K)->40923K(42700K) Class: 5753K(7168K)->5753K(7168K)
[2023-11-03T11:52:30.430+0100][gc            ] GC(58) Pause Young (Normal) (G1 Evacuation Pause) 797M->313M(1024M) 13,364ms
[2023-11-03T11:52:30.430+0100][gc,cpu        ] GC(58) User=0,16s Sys=0,00s Real=0,01s
[2023-11-03T11:52:55.814+0100][gc,start      ] GC(59) Pause Young (Normal) (G1 Evacuation Pause)
[2023-11-03T11:52:55.814+0100][gc,task       ] GC(59) Using 13 workers of 13 for evacuation
[2023-11-03T11:52:55.830+0100][gc,phases     ] GC(59)   Pre Evacuate Collection Set: 0,0ms
[2023-11-03T11:52:55.831+0100][gc,phases     ] GC(59)   Evacuate Collection Set: 15,2ms
[2023-11-03T11:52:55.831+0100][gc,phases     ] GC(59)   Post Evacuate Collection Set: 1,2ms
[2023-11-03T11:52:55.831+0100][gc,phases     ] GC(59)   Other: 0,4ms
[2023-11-03T11:52:55.831+0100][gc,heap       ] GC(59) Eden regions: 476->0(477)
[2023-11-03T11:52:55.831+0100][gc,heap       ] GC(59) Survivor regions: 20->29(62)
[2023-11-03T11:52:55.831+0100][gc,heap       ] GC(59) Old regions: 166->166
[2023-11-03T11:52:55.831+0100][gc,heap       ] GC(59) Humongous regions: 129->129
[2023-11-03T11:52:55.831+0100][gc,metaspace  ] GC(59) Metaspace: 46676K(49868K)->46676K(49868K) NonClass: 40923K(42700K)->40923K(42700K) Class: 5753K(7168K)->5753K(7168K)
[2023-11-03T11:52:55.831+0100][gc            ] GC(59) Pause Young (Normal) (G1 Evacuation Pause) 789M->321M(1024M) 16,921ms
[2023-11-03T11:52:55.831+0100][gc,cpu        ] GC(59) User=0,18s Sys=0,01s Real=0,01s
[2023-11-03T11:53:23.673+0100][gc,start      ] GC(60) Pause Young (Normal) (G1 Evacuation Pause)
[2023-11-03T11:53:23.673+0100][gc,task       ] GC(60) Using 13 workers of 13 for evacuation
[2023-11-03T11:53:23.693+0100][gc,phases     ] GC(60)   Pre Evacuate Collection Set: 0,0ms
[2023-11-03T11:53:23.693+0100][gc,phases     ] GC(60)   Evacuate Collection Set: 18,1ms
[2023-11-03T11:53:23.693+0100][gc,phases     ] GC(60)   Post Evacuate Collection Set: 1,1ms
[2023-11-03T11:53:23.693+0100][gc,phases     ] GC(60)   Other: 0,5ms
[2023-11-03T11:53:23.693+0100][gc,heap       ] GC(60) Eden regions: 477->0(352)
[2023-11-03T11:53:23.693+0100][gc,heap       ] GC(60) Survivor regions: 29->37(64)
[2023-11-03T11:53:23.693+0100][gc,heap       ] GC(60) Old regions: 166->166
[2023-11-03T11:53:23.693+0100][gc,heap       ] GC(60) Humongous regions: 129->129
[2023-11-03T11:53:23.693+0100][gc,metaspace  ] GC(60) Metaspace: 46676K(49868K)->46676K(49868K) NonClass: 40923K(42700K)->40923K(42700K) Class: 5753K(7168K)->5753K(7168K)
[2023-11-03T11:53:23.693+0100][gc            ] GC(60) Pause Young (Normal) (G1 Evacuation Pause) 798M->329M(1024M) 19,814ms
[2023-11-03T11:53:23.693+0100][gc,cpu        ] GC(60) User=0,23s Sys=0,00s Real=0,02s
[2023-11-03T11:53:45.460+0100][gc,start      ] GC(61) Pause Young (Normal) (G1 Evacuation Pause)
[2023-11-03T11:53:45.461+0100][gc,task       ] GC(61) Using 13 workers of 13 for evacuation
[2023-11-03T11:53:45.481+0100][gc,mmu        ] GC(61) MMU target violated: 20,4ms (20,0ms/21,0ms)
[2023-11-03T11:53:45.481+0100][gc,phases     ] GC(61)   Pre Evacuate Collection Set: 0,0ms
[2023-11-03T11:53:45.481+0100][gc,phases     ] GC(61)   Evacuate Collection Set: 19,3ms
[2023-11-03T11:53:45.481+0100][gc,phases     ] GC(61)   Post Evacuate Collection Set: 0,9ms
[2023-11-03T11:53:45.481+0100][gc,phases     ] GC(61)   Other: 0,4ms
[2023-11-03T11:53:45.481+0100][gc,heap       ] GC(61) Eden regions: 352->0(339)
[2023-11-03T11:53:45.481+0100][gc,heap       ] GC(61) Survivor regions: 37->26(49)
[2023-11-03T11:53:45.481+0100][gc,heap       ] GC(61) Old regions: 166->175
[2023-11-03T11:53:45.481+0100][gc,heap       ] GC(61) Humongous regions: 129->129
[2023-11-03T11:53:45.481+0100][gc,metaspace  ] GC(61) Metaspace: 46676K(49868K)->46676K(49868K) NonClass: 40923K(42700K)->40923K(42700K) Class: 5753K(7168K)->5753K(7168K)
[2023-11-03T11:53:45.481+0100][gc            ] GC(61) Pause Young (Normal) (G1 Evacuation Pause) 681M->328M(1024M) 20,792ms
[2023-11-03T11:53:45.481+0100][gc,cpu        ] GC(61) User=0,22s Sys=0,02s Real=0,02s
[2023-11-03T11:54:06.366+0100][gc,start      ] GC(62) Pause Young (Normal) (G1 Evacuation Pause)
[2023-11-03T11:54:06.366+0100][gc,task       ] GC(62) Using 13 workers of 13 for evacuation
[2023-11-03T11:54:06.381+0100][gc,phases     ] GC(62)   Pre Evacuate Collection Set: 0,0ms
[2023-11-03T11:54:06.382+0100][gc,phases     ] GC(62)   Evacuate Collection Set: 14,2ms
[2023-11-03T11:54:06.382+0100][gc,phases     ] GC(62)   Post Evacuate Collection Set: 0,9ms
[2023-11-03T11:54:06.382+0100][gc,phases     ] GC(62)   Other: 0,4ms
[2023-11-03T11:54:06.382+0100][gc,heap       ] GC(62) Eden regions: 339->0(421)
[2023-11-03T11:54:06.382+0100][gc,heap       ] GC(62) Survivor regions: 26->23(46)
[2023-11-03T11:54:06.382+0100][gc,heap       ] GC(62) Old regions: 175->177
[2023-11-03T11:54:06.382+0100][gc,heap       ] GC(62) Humongous regions: 129->129
[2023-11-03T11:54:06.382+0100][gc,metaspace  ] GC(62) Metaspace: 46676K(49868K)->46676K(49868K) NonClass: 40923K(42700K)->40923K(42700K) Class: 5753K(7168K)->5753K(7168K)
[2023-11-03T11:54:06.382+0100][gc            ] GC(62) Pause Young (Normal) (G1 Evacuation Pause) 667M->326M(1024M) 15,596ms
[2023-11-03T11:54:06.382+0100][gc,cpu        ] GC(62) User=0,17s Sys=0,01s Real=0,01s
[2023-11-03T11:57:14.184+0100][gc,start      ] GC(63) Pause Young (Normal) (G1 Evacuation Pause)
[2023-11-03T11:57:14.184+0100][gc,task       ] GC(63) Using 13 workers of 13 for evacuation
[2023-11-03T11:57:14.194+0100][gc,phases     ] GC(63)   Pre Evacuate Collection Set: 0,0ms
[2023-11-03T11:57:14.194+0100][gc,phases     ] GC(63)   Evacuate Collection Set: 9,0ms
[2023-11-03T11:57:14.194+0100][gc,phases     ] GC(63)   Post Evacuate Collection Set: 0,9ms
[2023-11-03T11:57:14.194+0100][gc,phases     ] GC(63)   Other: 0,5ms
[2023-11-03T11:57:14.194+0100][gc,heap       ] GC(63) Eden regions: 228->0(536)
[2023-11-03T11:57:14.194+0100][gc,heap       ] GC(63) Survivor regions: 23->13(32)
[2023-11-03T11:57:14.194+0100][gc,heap       ] GC(63) Old regions: 177->179
[2023-11-03T11:57:14.194+0100][gc,heap       ] GC(63) Humongous regions: 129->129
[2023-11-03T11:57:14.194+0100][gc,metaspace  ] GC(63) Metaspace: 46680K(50124K)->46680K(50124K) NonClass: 40926K(42956K)->40926K(42956K) Class: 5753K(7168K)->5753K(7168K)
[2023-11-03T11:57:14.194+0100][gc            ] GC(63) Pause Young (Normal) (G1 Evacuation Pause) 554M->318M(1024M) 10,581ms
[2023-11-03T11:57:14.194+0100][gc,cpu        ] GC(63) User=0,12s Sys=0,00s Real=0,02s
[2023-11-03T11:57:46.767+0100][gc,start      ] GC(64) Pause Young (Normal) (G1 Evacuation Pause)
[2023-11-03T11:57:46.767+0100][gc,task       ] GC(64) Using 13 workers of 13 for evacuation
[2023-11-03T11:57:46.783+0100][gc,phases     ] GC(64)   Pre Evacuate Collection Set: 0,0ms
[2023-11-03T11:57:46.783+0100][gc,phases     ] GC(64)   Evacuate Collection Set: 14,8ms
[2023-11-03T11:57:46.783+0100][gc,phases     ] GC(64)   Post Evacuate Collection Set: 1,1ms
[2023-11-03T11:57:46.783+0100][gc,phases     ] GC(64)   Other: 0,4ms
[2023-11-03T11:57:46.783+0100][gc,heap       ] GC(64) Eden regions: 536->0(524)
[2023-11-03T11:57:46.783+0100][gc,heap       ] GC(64) Survivor regions: 13->26(69)
[2023-11-03T11:57:46.783+0100][gc,heap       ] GC(64) Old regions: 179->179
[2023-11-03T11:57:46.783+0100][gc,heap       ] GC(64) Humongous regions: 129->129
[2023-11-03T11:57:46.783+0100][gc,metaspace  ] GC(64) Metaspace: 46680K(50124K)->46680K(50124K) NonClass: 40926K(42956K)->40926K(42956K) Class: 5753K(7168K)->5753K(7168K)
[2023-11-03T11:57:46.784+0100][gc            ] GC(64) Pause Young (Normal) (G1 Evacuation Pause) 854M->331M(1024M) 16,532ms
[2023-11-03T11:57:46.784+0100][gc,cpu        ] GC(64) User=0,19s Sys=0,00s Real=0,01s
[2023-11-03T11:58:18.152+0100][gc,start      ] GC(65) Pause Young (Normal) (G1 Evacuation Pause)
[2023-11-03T11:58:18.152+0100][gc,task       ] GC(65) Using 13 workers of 13 for evacuation
[2023-11-03T11:58:18.174+0100][gc,mmu        ] GC(65) MMU target violated: 21,0ms (20,0ms/21,0ms)
[2023-11-03T11:58:18.174+0100][gc,phases     ] GC(65)   Pre Evacuate Collection Set: 0,0ms
[2023-11-03T11:58:18.174+0100][gc,phases     ] GC(65)   Evacuate Collection Set: 20,3ms
[2023-11-03T11:58:18.174+0100][gc,phases     ] GC(65)   Post Evacuate Collection Set: 1,0ms
[2023-11-03T11:58:18.174+0100][gc,phases     ] GC(65)   Other: 0,6ms
[2023-11-03T11:58:18.174+0100][gc,heap       ] GC(65) Eden regions: 524->0(336)
[2023-11-03T11:58:18.174+0100][gc,heap       ] GC(65) Survivor regions: 26->38(69)
[2023-11-03T11:58:18.174+0100][gc,heap       ] GC(65) Old regions: 179->179
[2023-11-03T11:58:18.174+0100][gc,heap       ] GC(65) Humongous regions: 129->129
[2023-11-03T11:58:18.174+0100][gc,metaspace  ] GC(65) Metaspace: 46681K(50124K)->46681K(50124K) NonClass: 40927K(42956K)->40927K(42956K) Class: 5753K(7168K)->5753K(7168K)
[2023-11-03T11:58:18.174+0100][gc            ] GC(65) Pause Young (Normal) (G1 Evacuation Pause) 855M->343M(1024M) 22,012ms
[2023-11-03T11:58:18.174+0100][gc,cpu        ] GC(65) User=0,26s Sys=0,00s Real=0,03s
[2023-11-03T11:58:35.360+0100][gc,start      ] GC(66) Pause Young (Normal) (G1 Evacuation Pause)
[2023-11-03T11:58:35.360+0100][gc,task       ] GC(66) Using 13 workers of 13 for evacuation
[2023-11-03T11:58:35.380+0100][gc,phases     ] GC(66)   Pre Evacuate Collection Set: 0,0ms
[2023-11-03T11:58:35.380+0100][gc,phases     ] GC(66)   Evacuate Collection Set: 18,7ms
[2023-11-03T11:58:35.380+0100][gc,phases     ] GC(66)   Post Evacuate Collection Set: 0,8ms
[2023-11-03T11:58:35.380+0100][gc,phases     ] GC(66)   Other: 0,4ms
[2023-11-03T11:58:35.380+0100][gc,heap       ] GC(66) Eden regions: 290->0(311)
[2023-11-03T11:58:35.380+0100][gc,heap       ] GC(66) Survivor regions: 38->26(41)
[2023-11-03T11:58:35.380+0100][gc,heap       ] GC(66) Old regions: 179->188
[2023-11-03T11:58:35.380+0100][gc,heap       ] GC(66) Humongous regions: 129->129
[2023-11-03T11:58:35.380+0100][gc,metaspace  ] GC(66) Metaspace: 46681K(50124K)->46681K(50124K) NonClass: 40927K(42956K)->40927K(42956K) Class: 5753K(7168K)->5753K(7168K)
[2023-11-03T11:58:35.380+0100][gc            ] GC(66) Pause Young (Normal) (G1 Evacuation Pause) 633M->340M(1024M) 20,105ms
[2023-11-03T11:58:35.380+0100][gc,cpu        ] GC(66) User=0,22s Sys=0,03s Real=0,02s
[2023-11-03T11:58:52.623+0100][gc,start      ] GC(67) Pause Young (Normal) (G1 Evacuation Pause)
[2023-11-03T11:58:52.623+0100][gc,task       ] GC(67) Using 13 workers of 13 for evacuation
[2023-11-03T11:58:52.635+0100][gc,phases     ] GC(67)   Pre Evacuate Collection Set: 0,0ms
[2023-11-03T11:58:52.635+0100][gc,phases     ] GC(67)   Evacuate Collection Set: 10,7ms
[2023-11-03T11:58:52.635+0100][gc,phases     ] GC(67)   Post Evacuate Collection Set: 0,9ms
[2023-11-03T11:58:52.635+0100][gc,phases     ] GC(67)   Other: 0,5ms
[2023-11-03T11:58:52.635+0100][gc,heap       ] GC(67) Eden regions: 311->0(379)
[2023-11-03T11:58:52.635+0100][gc,heap       ] GC(67) Survivor regions: 26->19(43)
[2023-11-03T11:58:52.635+0100][gc,heap       ] GC(67) Old regions: 188->189
[2023-11-03T11:58:52.635+0100][gc,heap       ] GC(67) Humongous regions: 129->129
[2023-11-03T11:58:52.635+0100][gc,metaspace  ] GC(67) Metaspace: 46681K(50124K)->46681K(50124K) NonClass: 40927K(42956K)->40927K(42956K) Class: 5753K(7168K)->5753K(7168K)
[2023-11-03T11:58:52.635+0100][gc            ] GC(67) Pause Young (Normal) (G1 Evacuation Pause) 651M->335M(1024M) 12,234ms
[2023-11-03T11:58:52.635+0100][gc,cpu        ] GC(67) User=0,14s Sys=0,01s Real=0,02s
[2023-11-03T11:59:10.847+0100][gc,start      ] GC(68) Pause Young (Normal) (G1 Evacuation Pause)
[2023-11-03T11:59:10.847+0100][gc,task       ] GC(68) Using 13 workers of 13 for evacuation
[2023-11-03T11:59:10.856+0100][gc,phases     ] GC(68)   Pre Evacuate Collection Set: 0,0ms
[2023-11-03T11:59:10.856+0100][gc,phases     ] GC(68)   Evacuate Collection Set: 8,2ms
[2023-11-03T11:59:10.856+0100][gc,phases     ] GC(68)   Post Evacuate Collection Set: 1,0ms
[2023-11-03T11:59:10.856+0100][gc,phases     ] GC(68)   Other: 0,4ms
[2023-11-03T11:59:10.856+0100][gc,heap       ] GC(68) Eden regions: 319->0(492)
[2023-11-03T11:59:10.856+0100][gc,heap       ] GC(68) Survivor regions: 19->13(43)
[2023-11-03T11:59:10.856+0100][gc,heap       ] GC(68) Old regions: 189->189
[2023-11-03T11:59:10.856+0100][gc,heap       ] GC(68) Humongous regions: 129->129
[2023-11-03T11:59:10.856+0100][gc,metaspace  ] GC(68) Metaspace: 46681K(50124K)->46681K(50124K) NonClass: 40927K(42956K)->40927K(42956K) Class: 5753K(7168K)->5753K(7168K)
[2023-11-03T11:59:10.856+0100][gc            ] GC(68) Pause Young (Normal) (G1 Evacuation Pause) 654M->329M(1024M) 9,709ms
[2023-11-03T11:59:10.856+0100][gc,cpu        ] GC(68) User=0,11s Sys=0,00s Real=0,01s
[2023-11-03T11:59:37.844+0100][gc,start      ] GC(69) Pause Young (Normal) (G1 Evacuation Pause)
[2023-11-03T11:59:37.844+0100][gc,task       ] GC(69) Using 13 workers of 13 for evacuation
[2023-11-03T11:59:37.859+0100][gc,phases     ] GC(69)   Pre Evacuate Collection Set: 0,0ms
[2023-11-03T11:59:37.859+0100][gc,phases     ] GC(69)   Evacuate Collection Set: 13,3ms
[2023-11-03T11:59:37.859+0100][gc,phases     ] GC(69)   Post Evacuate Collection Set: 1,1ms
[2023-11-03T11:59:37.859+0100][gc,phases     ] GC(69)   Other: 0,4ms
[2023-11-03T11:59:37.859+0100][gc,heap       ] GC(69) Eden regions: 492->0(511)
[2023-11-03T11:59:37.859+0100][gc,heap       ] GC(69) Survivor regions: 13->22(64)
[2023-11-03T11:59:37.859+0100][gc,heap       ] GC(69) Old regions: 189->189
[2023-11-03T11:59:37.859+0100][gc,heap       ] GC(69) Humongous regions: 129->129
[2023-11-03T11:59:37.859+0100][gc,metaspace  ] GC(69) Metaspace: 46681K(50124K)->46681K(50124K) NonClass: 40927K(42956K)->40927K(42956K) Class: 5753K(7168K)->5753K(7168K)
[2023-11-03T11:59:37.859+0100][gc            ] GC(69) Pause Young (Normal) (G1 Evacuation Pause) 821M->337M(1024M) 14,997ms
[2023-11-03T11:59:37.859+0100][gc,cpu        ] GC(69) User=0,16s Sys=0,00s Real=0,02s
[2023-11-03T12:00:04.293+0100][gc,start      ] GC(70) Pause Young (Normal) (G1 Evacuation Pause)
[2023-11-03T12:00:04.293+0100][gc,task       ] GC(70) Using 13 workers of 13 for evacuation
[2023-11-03T12:00:04.310+0100][gc,phases     ] GC(70)   Pre Evacuate Collection Set: 0,0ms
[2023-11-03T12:00:04.310+0100][gc,phases     ] GC(70)   Evacuate Collection Set: 15,7ms
[2023-11-03T12:00:04.310+0100][gc,phases     ] GC(70)   Post Evacuate Collection Set: 1,1ms
[2023-11-03T12:00:04.310+0100][gc,phases     ] GC(70)   Other: 0,5ms
[2023-11-03T12:00:04.310+0100][gc,heap       ] GC(70) Eden regions: 439->0(492)
[2023-11-03T12:00:04.310+0100][gc,heap       ] GC(70) Survivor regions: 22->28(58)
[2023-11-03T12:00:04.310+0100][gc,heap       ] GC(70) Old regions: 189->189
[2023-11-03T12:00:04.310+0100][gc,heap       ] GC(70) Humongous regions: 129->129
[2023-11-03T12:00:04.310+0100][gc,metaspace  ] GC(70) Metaspace: 46681K(50124K)->46681K(50124K) NonClass: 40927K(42956K)->40927K(42956K) Class: 5753K(7168K)->5753K(7168K)
[2023-11-03T12:00:04.310+0100][gc            ] GC(70) Pause Young (Normal) (G1 Evacuation Pause) 776M->344M(1024M) 17,381ms
[2023-11-03T12:00:04.310+0100][gc,cpu        ] GC(70) User=0,21s Sys=0,00s Real=0,02s
[2023-11-03T12:00:38.797+0100][gc,start      ] GC(71) Pause Young (Normal) (G1 Evacuation Pause)
[2023-11-03T12:00:38.797+0100][gc,task       ] GC(71) Using 13 workers of 13 for evacuation
[2023-11-03T12:00:38.804+0100][gc,phases     ] GC(71)   Pre Evacuate Collection Set: 0,0ms
[2023-11-03T12:00:38.804+0100][gc,phases     ] GC(71)   Evacuate Collection Set: 6,3ms
[2023-11-03T12:00:38.804+0100][gc,phases     ] GC(71)   Post Evacuate Collection Set: 0,7ms
[2023-11-03T12:00:38.804+0100][gc,phases     ] GC(71)   Other: 0,3ms
[2023-11-03T12:00:38.804+0100][gc,heap       ] GC(71) Eden regions: 492->0(533)
[2023-11-03T12:00:38.804+0100][gc,heap       ] GC(71) Survivor regions: 28->12(65)
[2023-11-03T12:00:38.804+0100][gc,heap       ] GC(71) Old regions: 189->189
[2023-11-03T12:00:38.804+0100][gc,heap       ] GC(71) Humongous regions: 129->129
[2023-11-03T12:00:38.804+0100][gc,metaspace  ] GC(71) Metaspace: 46681K(50124K)->46681K(50124K) NonClass: 40927K(42956K)->40927K(42956K) Class: 5753K(7168K)->5753K(7168K)
[2023-11-03T12:00:38.804+0100][gc            ] GC(71) Pause Young (Normal) (G1 Evacuation Pause) 836M->328M(1024M) 7,392ms
[2023-11-03T12:00:38.804+0100][gc,cpu        ] GC(71) User=0,08s Sys=0,00s Real=0,00s
[2023-11-03T12:01:31.917+0100][gc,start      ] GC(72) Pause Young (Normal) (G1 Evacuation Pause)
[2023-11-03T12:01:31.917+0100][gc,task       ] GC(72) Using 13 workers of 13 for evacuation
[2023-11-03T12:01:31.933+0100][gc,phases     ] GC(72)   Pre Evacuate Collection Set: 0,0ms
[2023-11-03T12:01:31.933+0100][gc,phases     ] GC(72)   Evacuate Collection Set: 14,7ms
[2023-11-03T12:01:31.933+0100][gc,phases     ] GC(72)   Post Evacuate Collection Set: 0,7ms
[2023-11-03T12:01:31.933+0100][gc,phases     ] GC(72)   Other: 0,3ms
[2023-11-03T12:01:31.933+0100][gc,heap       ] GC(72) Eden regions: 533->0(506)
[2023-11-03T12:01:31.933+0100][gc,heap       ] GC(72) Survivor regions: 12->35(69)
[2023-11-03T12:01:31.933+0100][gc,heap       ] GC(72) Old regions: 189->189
[2023-11-03T12:01:31.933+0100][gc,heap       ] GC(72) Humongous regions: 129->129
[2023-11-03T12:01:31.933+0100][gc,metaspace  ] GC(72) Metaspace: 46681K(50124K)->46681K(50124K) NonClass: 40927K(42956K)->40927K(42956K) Class: 5753K(7168K)->5753K(7168K)
[2023-11-03T12:01:31.933+0100][gc            ] GC(72) Pause Young (Normal) (G1 Evacuation Pause) 861M->351M(1024M) 15,788ms
[2023-11-03T12:01:31.933+0100][gc,cpu        ] GC(72) User=0,19s Sys=0,00s Real=0,01s
[2023-11-03T12:02:17.514+0100][gc,start      ] GC(73) Pause Young (Normal) (G1 Evacuation Pause)
[2023-11-03T12:02:17.514+0100][gc,task       ] GC(73) Using 13 workers of 13 for evacuation
[2023-11-03T12:02:17.530+0100][gc,phases     ] GC(73)   Pre Evacuate Collection Set: 0,0ms
[2023-11-03T12:02:17.530+0100][gc,phases     ] GC(73)   Evacuate Collection Set: 14,7ms
[2023-11-03T12:02:17.530+0100][gc,phases     ] GC(73)   Post Evacuate Collection Set: 1,1ms
[2023-11-03T12:02:17.530+0100][gc,phases     ] GC(73)   Other: 0,5ms
[2023-11-03T12:02:17.530+0100][gc,heap       ] GC(73) Eden regions: 506->0(519)
[2023-11-03T12:02:17.530+0100][gc,heap       ] GC(73) Survivor regions: 35->26(68)
[2023-11-03T12:02:17.530+0100][gc,heap       ] GC(73) Old regions: 189->189
[2023-11-03T12:02:17.530+0100][gc,heap       ] GC(73) Humongous regions: 129->129
[2023-11-03T12:02:17.530+0100][gc,metaspace  ] GC(73) Metaspace: 46681K(50124K)->46681K(50124K) NonClass: 40927K(42956K)->40927K(42956K) Class: 5753K(7168K)->5753K(7168K)
[2023-11-03T12:02:17.530+0100][gc            ] GC(73) Pause Young (Normal) (G1 Evacuation Pause) 857M->342M(1024M) 16,438ms
[2023-11-03T12:02:17.530+0100][gc,cpu        ] GC(73) User=0,19s Sys=0,00s Real=0,02s
[2023-11-03T12:02:47.402+0100][gc,start      ] GC(74) Pause Young (Normal) (G1 Evacuation Pause)
[2023-11-03T12:02:47.403+0100][gc,task       ] GC(74) Using 13 workers of 13 for evacuation
[2023-11-03T12:02:47.426+0100][gc,mmu        ] GC(74) MMU target violated: 21,0ms (20,0ms/21,0ms)
[2023-11-03T12:02:47.426+0100][gc,phases     ] GC(74)   Pre Evacuate Collection Set: 0,0ms
[2023-11-03T12:02:47.426+0100][gc,phases     ] GC(74)   Evacuate Collection Set: 21,7ms
[2023-11-03T12:02:47.426+0100][gc,phases     ] GC(74)   Post Evacuate Collection Set: 1,1ms
[2023-11-03T12:02:47.426+0100][gc,phases     ] GC(74)   Other: 0,5ms
[2023-11-03T12:02:47.426+0100][gc,heap       ] GC(74) Eden regions: 519->0(391)
[2023-11-03T12:02:47.426+0100][gc,heap       ] GC(74) Survivor regions: 26->38(69)
[2023-11-03T12:02:47.426+0100][gc,heap       ] GC(74) Old regions: 189->189
[2023-11-03T12:02:47.426+0100][gc,heap       ] GC(74) Humongous regions: 129->129
[2023-11-03T12:02:47.426+0100][gc,metaspace  ] GC(74) Metaspace: 46684K(50124K)->46684K(50124K) NonClass: 40930K(42956K)->40930K(42956K) Class: 5753K(7168K)->5753K(7168K)
[2023-11-03T12:02:47.426+0100][gc            ] GC(74) Pause Young (Normal) (G1 Evacuation Pause) 861M->354M(1024M) 23,416ms
[2023-11-03T12:02:47.426+0100][gc,cpu        ] GC(74) User=0,27s Sys=0,00s Real=0,03s
[2023-11-03T12:03:01.613+0100][gc,start      ] GC(75) Pause Young (Normal) (G1 Evacuation Pause)
[2023-11-03T12:03:01.613+0100][gc,task       ] GC(75) Using 13 workers of 13 for evacuation
[2023-11-03T12:03:01.632+0100][gc,phases     ] GC(75)   Pre Evacuate Collection Set: 0,0ms
[2023-11-03T12:03:01.632+0100][gc,phases     ] GC(75)   Evacuate Collection Set: 17,7ms
[2023-11-03T12:03:01.632+0100][gc,phases     ] GC(75)   Post Evacuate Collection Set: 0,8ms
[2023-11-03T12:03:01.632+0100][gc,phases     ] GC(75)   Other: 0,4ms
[2023-11-03T12:03:01.632+0100][gc,heap       ] GC(75) Eden regions: 257->0(488)
[2023-11-03T12:03:01.632+0100][gc,heap       ] GC(75) Survivor regions: 38->16(37)
[2023-11-03T12:03:01.632+0100][gc,heap       ] GC(75) Old regions: 189->203
[2023-11-03T12:03:01.632+0100][gc,heap       ] GC(75) Humongous regions: 129->129
[2023-11-03T12:03:01.632+0100][gc,metaspace  ] GC(75) Metaspace: 46684K(50124K)->46684K(50124K) NonClass: 40930K(42956K)->40930K(42956K) Class: 5753K(7168K)->5753K(7168K)
[2023-11-03T12:03:01.632+0100][gc            ] GC(75) Pause Young (Normal) (G1 Evacuation Pause) 611M->346M(1024M) 19,064ms
[2023-11-03T12:03:01.632+0100][gc,cpu        ] GC(75) User=0,19s Sys=0,02s Real=0,02s
[2023-11-03T12:03:28.982+0100][gc,start      ] GC(76) Pause Young (Normal) (G1 Evacuation Pause)
[2023-11-03T12:03:28.982+0100][gc,task       ] GC(76) Using 13 workers of 13 for evacuation
[2023-11-03T12:03:28.996+0100][gc,phases     ] GC(76)   Pre Evacuate Collection Set: 0,0ms
[2023-11-03T12:03:28.996+0100][gc,phases     ] GC(76)   Evacuate Collection Set: 12,1ms
[2023-11-03T12:03:28.996+0100][gc,phases     ] GC(76)   Post Evacuate Collection Set: 1,0ms
[2023-11-03T12:03:28.996+0100][gc,phases     ] GC(76)   Other: 0,4ms
[2023-11-03T12:03:28.996+0100][gc,heap       ] GC(76) Eden regions: 488->0(509)
[2023-11-03T12:03:28.996+0100][gc,heap       ] GC(76) Survivor regions: 16->23(63)
[2023-11-03T12:03:28.996+0100][gc,heap       ] GC(76) Old regions: 203->203
[2023-11-03T12:03:28.996+0100][gc,heap       ] GC(76) Humongous regions: 129->129
[2023-11-03T12:03:28.996+0100][gc,metaspace  ] GC(76) Metaspace: 46684K(50124K)->46684K(50124K) NonClass: 40930K(42956K)->40930K(42956K) Class: 5753K(7168K)->5753K(7168K)
[2023-11-03T12:03:28.996+0100][gc            ] GC(76) Pause Young (Normal) (G1 Evacuation Pause) 834M->352M(1024M) 13,662ms
[2023-11-03T12:03:28.996+0100][gc,cpu        ] GC(76) User=0,16s Sys=0,00s Real=0,02s
[2023-11-03T12:03:52.289+0100][gc,start      ] GC(77) Pause Young (Normal) (G1 Evacuation Pause)
[2023-11-03T12:03:52.289+0100][gc,task       ] GC(77) Using 13 workers of 13 for evacuation
[2023-11-03T12:03:52.304+0100][gc,phases     ] GC(77)   Pre Evacuate Collection Set: 0,0ms
[2023-11-03T12:03:52.305+0100][gc,phases     ] GC(77)   Evacuate Collection Set: 13,8ms
[2023-11-03T12:03:52.305+0100][gc,phases     ] GC(77)   Post Evacuate Collection Set: 1,0ms
[2023-11-03T12:03:52.305+0100][gc,phases     ] GC(77)   Other: 0,4ms
[2023-11-03T12:03:52.305+0100][gc,heap       ] GC(77) Eden regions: 414->0(504)
[2023-11-03T12:03:52.305+0100][gc,heap       ] GC(77) Survivor regions: 23->25(55)
[2023-11-03T12:03:52.305+0100][gc,heap       ] GC(77) Old regions: 203->203
[2023-11-03T12:03:52.305+0100][gc,heap       ] GC(77) Humongous regions: 129->129
[2023-11-03T12:03:52.305+0100][gc,metaspace  ] GC(77) Metaspace: 46684K(50124K)->46684K(50124K) NonClass: 40930K(42956K)->40930K(42956K) Class: 5753K(7168K)->5753K(7168K)
[2023-11-03T12:03:52.305+0100][gc            ] GC(77) Pause Young (Normal) (G1 Evacuation Pause) 766M->355M(1024M) 15,286ms
[2023-11-03T12:03:52.305+0100][gc,cpu        ] GC(77) User=0,18s Sys=0,00s Real=0,01s
[2023-11-03T12:04:17.635+0100][gc,start      ] GC(78) Pause Young (Normal) (G1 Evacuation Pause)
[2023-11-03T12:04:17.635+0100][gc,task       ] GC(78) Using 13 workers of 13 for evacuation
[2023-11-03T12:04:17.653+0100][gc,phases     ] GC(78)   Pre Evacuate Collection Set: 0,0ms
[2023-11-03T12:04:17.653+0100][gc,phases     ] GC(78)   Evacuate Collection Set: 16,3ms
[2023-11-03T12:04:17.653+0100][gc,phases     ] GC(78)   Post Evacuate Collection Set: 0,9ms
[2023-11-03T12:04:17.653+0100][gc,phases     ] GC(78)   Other: 0,5ms
[2023-11-03T12:04:17.653+0100][gc,heap       ] GC(78) Eden regions: 443->0(466)
[2023-11-03T12:04:17.653+0100][gc,heap       ] GC(78) Survivor regions: 25->31(59)
[2023-11-03T12:04:17.653+0100][gc,heap       ] GC(78) Old regions: 203->203
[2023-11-03T12:04:17.653+0100][gc,heap       ] GC(78) Humongous regions: 129->129
[2023-11-03T12:04:17.653+0100][gc,metaspace  ] GC(78) Metaspace: 46684K(50124K)->46684K(50124K) NonClass: 40930K(42956K)->40930K(42956K) Class: 5753K(7168K)->5753K(7168K)
[2023-11-03T12:04:17.653+0100][gc            ] GC(78) Pause Young (Normal) (G1 Evacuation Pause) 798M->360M(1024M) 17,887ms
[2023-11-03T12:04:17.653+0100][gc,cpu        ] GC(78) User=0,21s Sys=0,00s Real=0,01s
[2023-11-03T12:04:44.384+0100][gc,start      ] GC(79) Pause Young (Normal) (G1 Evacuation Pause)
[2023-11-03T12:04:44.384+0100][gc,task       ] GC(79) Using 13 workers of 13 for evacuation
[2023-11-03T12:04:44.407+0100][gc,mmu        ] GC(79) MMU target violated: 21,0ms (20,0ms/21,0ms)
[2023-11-03T12:04:44.407+0100][gc,phases     ] GC(79)   Pre Evacuate Collection Set: 0,0ms
[2023-11-03T12:04:44.407+0100][gc,phases     ] GC(79)   Evacuate Collection Set: 20,4ms
[2023-11-03T12:04:44.407+0100][gc,phases     ] GC(79)   Post Evacuate Collection Set: 1,5ms
[2023-11-03T12:04:44.407+0100][gc,phases     ] GC(79)   Other: 0,6ms
[2023-11-03T12:04:44.407+0100][gc,heap       ] GC(79) Eden regions: 466->0(320)
[2023-11-03T12:04:44.407+0100][gc,heap       ] GC(79) Survivor regions: 31->38(63)
[2023-11-03T12:04:44.407+0100][gc,heap       ] GC(79) Old regions: 203->203
[2023-11-03T12:04:44.407+0100][gc,heap       ] GC(79) Humongous regions: 129->129
[2023-11-03T12:04:44.407+0100][gc,metaspace  ] GC(79) Metaspace: 46684K(50124K)->46684K(50124K) NonClass: 40930K(42956K)->40930K(42956K) Class: 5753K(7168K)->5753K(7168K)
[2023-11-03T12:04:44.407+0100][gc            ] GC(79) Pause Young (Normal) (G1 Evacuation Pause) 826M->367M(1024M) 22,548ms
[2023-11-03T12:04:44.407+0100][gc,cpu        ] GC(79) User=0,26s Sys=0,00s Real=0,03s
[2023-11-03T12:05:00.221+0100][gc,start      ] GC(80) Pause Young (Normal) (G1 Evacuation Pause)
[2023-11-03T12:05:00.221+0100][gc,task       ] GC(80) Using 13 workers of 13 for evacuation
[2023-11-03T12:05:00.239+0100][gc,phases     ] GC(80)   Pre Evacuate Collection Set: 0,0ms
[2023-11-03T12:05:00.239+0100][gc,phases     ] GC(80)   Evacuate Collection Set: 17,6ms
[2023-11-03T12:05:00.239+0100][gc,phases     ] GC(80)   Post Evacuate Collection Set: 0,8ms
[2023-11-03T12:05:00.239+0100][gc,phases     ] GC(80)   Other: 0,4ms
[2023-11-03T12:05:00.240+0100][gc,heap       ] GC(80) Eden regions: 278->0(346)
[2023-11-03T12:05:00.240+0100][gc,heap       ] GC(80) Survivor regions: 38->25(40)
[2023-11-03T12:05:00.240+0100][gc,heap       ] GC(80) Old regions: 203->211
[2023-11-03T12:05:00.240+0100][gc,heap       ] GC(80) Humongous regions: 129->129
[2023-11-03T12:05:00.240+0100][gc,metaspace  ] GC(80) Metaspace: 46684K(50124K)->46684K(50124K) NonClass: 40930K(42956K)->40930K(42956K) Class: 5753K(7168K)->5753K(7168K)
[2023-11-03T12:05:00.240+0100][gc            ] GC(80) Pause Young (Normal) (G1 Evacuation Pause) 645M->363M(1024M) 18,958ms
[2023-11-03T12:05:00.240+0100][gc,cpu        ] GC(80) User=0,23s Sys=0,00s Real=0,02s
[2023-11-03T12:05:21.528+0100][gc,start      ] GC(81) Pause Young (Normal) (G1 Evacuation Pause)
[2023-11-03T12:05:21.528+0100][gc,task       ] GC(81) Using 13 workers of 13 for evacuation
[2023-11-03T12:05:21.542+0100][gc,phases     ] GC(81)   Pre Evacuate Collection Set: 0,0ms
[2023-11-03T12:05:21.542+0100][gc,phases     ] GC(81)   Evacuate Collection Set: 12,0ms
[2023-11-03T12:05:21.542+0100][gc,phases     ] GC(81)   Post Evacuate Collection Set: 0,9ms
[2023-11-03T12:05:21.542+0100][gc,phases     ] GC(81)   Other: 0,4ms
[2023-11-03T12:05:21.542+0100][gc,heap       ] GC(81) Eden regions: 346->0(469)
[2023-11-03T12:05:21.542+0100][gc,heap       ] GC(81) Survivor regions: 25->23(47)
[2023-11-03T12:05:21.542+0100][gc,heap       ] GC(81) Old regions: 211->211
[2023-11-03T12:05:21.542+0100][gc,heap       ] GC(81) Humongous regions: 129->129
[2023-11-03T12:05:21.542+0100][gc,metaspace  ] GC(81) Metaspace: 46684K(50124K)->46684K(50124K) NonClass: 40930K(42956K)->40930K(42956K) Class: 5753K(7168K)->5753K(7168K)
[2023-11-03T12:05:21.542+0100][gc            ] GC(81) Pause Young (Normal) (G1 Evacuation Pause) 709M->360M(1024M) 13,527ms
[2023-11-03T12:05:21.542+0100][gc,cpu        ] GC(81) User=0,16s Sys=0,00s Real=0,01s
[2023-11-03T12:05:43.599+0100][gc,start      ] GC(82) Pause Young (Normal) (G1 Evacuation Pause)
[2023-11-03T12:05:43.599+0100][gc,task       ] GC(82) Using 13 workers of 13 for evacuation
[2023-11-03T12:05:43.613+0100][gc,phases     ] GC(82)   Pre Evacuate Collection Set: 0,0ms
[2023-11-03T12:05:43.613+0100][gc,phases     ] GC(82)   Evacuate Collection Set: 12,4ms
[2023-11-03T12:05:43.613+0100][gc,phases     ] GC(82)   Post Evacuate Collection Set: 0,9ms
[2023-11-03T12:05:43.613+0100][gc,phases     ] GC(82)   Other: 0,5ms
[2023-11-03T12:05:43.613+0100][gc,heap       ] GC(82) Eden regions: 345->0(456)
[2023-11-03T12:05:43.613+0100][gc,heap       ] GC(82) Survivor regions: 23->21(46)
[2023-11-03T12:05:43.613+0100][gc,heap       ] GC(82) Old regions: 211->211
[2023-11-03T12:05:43.613+0100][gc,heap       ] GC(82) Humongous regions: 129->129
[2023-11-03T12:05:43.613+0100][gc,metaspace  ] GC(82) Metaspace: 46684K(50124K)->46684K(50124K) NonClass: 40930K(42956K)->40930K(42956K) Class: 5753K(7168K)->5753K(7168K)
[2023-11-03T12:05:43.613+0100][gc            ] GC(82) Pause Young (Normal) (G1 Evacuation Pause) 705M->358M(1024M) 13,891ms
[2023-11-03T12:05:43.613+0100][gc,cpu        ] GC(82) User=0,17s Sys=0,00s Real=0,01s
[2023-11-03T13:05:14.701+0100][gc,start      ] GC(83) Pause Young (Normal) (G1 Evacuation Pause)
[2023-11-03T13:05:14.701+0100][gc,task       ] GC(83) Using 13 workers of 13 for evacuation
[2023-11-03T13:05:14.723+0100][gc,mmu        ] GC(83) MMU target violated: 21,0ms (20,0ms/21,0ms)
[2023-11-03T13:05:14.723+0100][gc,phases     ] GC(83)   Pre Evacuate Collection Set: 0,0ms
[2023-11-03T13:05:14.723+0100][gc,phases     ] GC(83)   Evacuate Collection Set: 20,3ms
[2023-11-03T13:05:14.723+0100][gc,phases     ] GC(83)   Post Evacuate Collection Set: 1,2ms
[2023-11-03T13:05:14.723+0100][gc,phases     ] GC(83)   Other: 0,7ms
[2023-11-03T13:05:14.723+0100][gc,heap       ] GC(83) Eden regions: 329->0(276)
[2023-11-03T13:05:14.723+0100][gc,heap       ] GC(83) Survivor regions: 21->37(44)
[2023-11-03T13:05:14.723+0100][gc,heap       ] GC(83) Old regions: 211->211
[2023-11-03T13:05:14.723+0100][gc,heap       ] GC(83) Humongous regions: 129->129
[2023-11-03T13:05:14.723+0100][gc,metaspace  ] GC(83) Metaspace: 46715K(50124K)->46715K(50124K) NonClass: 40961K(42956K)->40961K(42956K) Class: 5753K(7168K)->5753K(7168K)
[2023-11-03T13:05:14.723+0100][gc            ] GC(83) Pause Young (Normal) (G1 Evacuation Pause) 687M->375M(1024M) 22,345ms
[2023-11-03T13:05:14.723+0100][gc,cpu        ] GC(83) User=0,26s Sys=0,00s Real=0,02s
[2023-11-03T13:05:56.238+0100][gc,start      ] GC(84) Pause Young (Normal) (G1 Evacuation Pause)
[2023-11-03T13:05:56.238+0100][gc,task       ] GC(84) Using 13 workers of 13 for evacuation
[2023-11-03T13:05:56.256+0100][gc,phases     ] GC(84)   Pre Evacuate Collection Set: 0,0ms
[2023-11-03T13:05:56.256+0100][gc,phases     ] GC(84)   Evacuate Collection Set: 16,3ms
[2023-11-03T13:05:56.256+0100][gc,phases     ] GC(84)   Post Evacuate Collection Set: 1,0ms
[2023-11-03T13:05:56.256+0100][gc,phases     ] GC(84)   Other: 0,4ms
[2023-11-03T13:05:56.256+0100][gc,heap       ] GC(84) Eden regions: 276->0(297)
[2023-11-03T13:05:56.256+0100][gc,heap       ] GC(84) Survivor regions: 37->25(40)
[2023-11-03T13:05:56.256+0100][gc,heap       ] GC(84) Old regions: 211->216
[2023-11-03T13:05:56.256+0100][gc,heap       ] GC(84) Humongous regions: 129->129
[2023-11-03T13:05:56.256+0100][gc,metaspace  ] GC(84) Metaspace: 46716K(50124K)->46716K(50124K) NonClass: 40962K(42956K)->40962K(42956K) Class: 5753K(7168K)->5753K(7168K)
[2023-11-03T13:05:56.256+0100][gc            ] GC(84) Pause Young (Normal) (G1 Evacuation Pause) 651M->367M(1024M) 17,844ms
[2023-11-03T13:05:56.256+0100][gc,cpu        ] GC(84) User=0,21s Sys=0,00s Real=0,02s
[2023-11-03T13:06:15.640+0100][gc,start      ] GC(85) Pause Young (Normal) (G1 Evacuation Pause)
[2023-11-03T13:06:15.640+0100][gc,task       ] GC(85) Using 13 workers of 13 for evacuation
[2023-11-03T13:06:15.655+0100][gc,phases     ] GC(85)   Pre Evacuate Collection Set: 0,0ms
[2023-11-03T13:06:15.655+0100][gc,phases     ] GC(85)   Evacuate Collection Set: 13,2ms
[2023-11-03T13:06:15.655+0100][gc,phases     ] GC(85)   Post Evacuate Collection Set: 0,9ms
[2023-11-03T13:06:15.655+0100][gc,phases     ] GC(85)   Other: 0,4ms
[2023-11-03T13:06:15.655+0100][gc,heap       ] GC(85) Eden regions: 297->0(358)
[2023-11-03T13:06:15.655+0100][gc,heap       ] GC(85) Survivor regions: 25->13(41)
[2023-11-03T13:06:15.655+0100][gc,heap       ] GC(85) Old regions: 216->221
[2023-11-03T13:06:15.655+0100][gc,heap       ] GC(85) Humongous regions: 129->129
[2023-11-03T13:06:15.655+0100][gc,metaspace  ] GC(85) Metaspace: 46716K(50124K)->46716K(50124K) NonClass: 40962K(42956K)->40962K(42956K) Class: 5753K(7168K)->5753K(7168K)
[2023-11-03T13:06:15.655+0100][gc            ] GC(85) Pause Young (Normal) (G1 Evacuation Pause) 664M->361M(1024M) 14,627ms
[2023-11-03T13:06:15.655+0100][gc,cpu        ] GC(85) User=0,16s Sys=0,01s Real=0,02s
[2023-11-03T13:06:35.734+0100][gc,start      ] GC(86) Pause Young (Normal) (G1 Evacuation Pause)
[2023-11-03T13:06:35.734+0100][gc,task       ] GC(86) Using 13 workers of 13 for evacuation
[2023-11-03T13:06:35.741+0100][gc,phases     ] GC(86)   Pre Evacuate Collection Set: 0,0ms
[2023-11-03T13:06:35.742+0100][gc,phases     ] GC(86)   Evacuate Collection Set: 6,1ms
[2023-11-03T13:06:35.742+0100][gc,phases     ] GC(86)   Post Evacuate Collection Set: 1,0ms
[2023-11-03T13:06:35.742+0100][gc,phases     ] GC(86)   Other: 0,4ms
[2023-11-03T13:06:35.742+0100][gc,heap       ] GC(86) Eden regions: 358->0(232)
[2023-11-03T13:06:35.742+0100][gc,heap       ] GC(86) Survivor regions: 13->11(47)
[2023-11-03T13:06:35.742+0100][gc,heap       ] GC(86) Old regions: 221->221
[2023-11-03T13:06:35.742+0100][gc,heap       ] GC(86) Humongous regions: 129->129
[2023-11-03T13:06:35.742+0100][gc,metaspace  ] GC(86) Metaspace: 46716K(50124K)->46716K(50124K) NonClass: 40962K(42956K)->40962K(42956K) Class: 5753K(7168K)->5753K(7168K)
[2023-11-03T13:06:35.742+0100][gc            ] GC(86) Pause Young (Normal) (G1 Evacuation Pause) 719M->359M(1024M) 7,697ms
[2023-11-03T13:06:35.742+0100][gc,cpu        ] GC(86) User=0,08s Sys=0,01s Real=0,00s
[2023-11-03T13:06:48.899+0100][gc,start      ] GC(87) Pause Young (Normal) (G1 Evacuation Pause)
[2023-11-03T13:06:48.899+0100][gc,task       ] GC(87) Using 13 workers of 13 for evacuation
[2023-11-03T13:06:48.913+0100][gc,phases     ] GC(87)   Pre Evacuate Collection Set: 0,0ms
[2023-11-03T13:06:48.913+0100][gc,phases     ] GC(87)   Evacuate Collection Set: 12,9ms
[2023-11-03T13:06:48.913+0100][gc,phases     ] GC(87)   Post Evacuate Collection Set: 0,8ms
[2023-11-03T13:06:48.913+0100][gc,phases     ] GC(87)   Other: 0,3ms
[2023-11-03T13:06:48.913+0100][gc,heap       ] GC(87) Eden regions: 232->0(228)
[2023-11-03T13:06:48.913+0100][gc,heap       ] GC(87) Survivor regions: 11->28(31)
[2023-11-03T13:06:48.913+0100][gc,heap       ] GC(87) Old regions: 221->221
[2023-11-03T13:06:48.913+0100][gc,heap       ] GC(87) Humongous regions: 129->129
[2023-11-03T13:06:48.913+0100][gc,metaspace  ] GC(87) Metaspace: 46716K(50124K)->46716K(50124K) NonClass: 40962K(42956K)->40962K(42956K) Class: 5753K(7168K)->5753K(7168K)
[2023-11-03T13:06:48.913+0100][gc            ] GC(87) Pause Young (Normal) (G1 Evacuation Pause) 591M->376M(1024M) 14,223ms
[2023-11-03T13:06:48.913+0100][gc,cpu        ] GC(87) User=0,15s Sys=0,00s Real=0,01s
[2023-11-03T13:07:01.074+0100][gc,start      ] GC(88) Pause Young (Normal) (G1 Evacuation Pause)
[2023-11-03T13:07:01.075+0100][gc,task       ] GC(88) Using 13 workers of 13 for evacuation
[2023-11-03T13:07:01.084+0100][gc,phases     ] GC(88)   Pre Evacuate Collection Set: 0,0ms
[2023-11-03T13:07:01.085+0100][gc,phases     ] GC(88)   Evacuate Collection Set: 8,9ms
[2023-11-03T13:07:01.085+0100][gc,phases     ] GC(88)   Post Evacuate Collection Set: 0,8ms
[2023-11-03T13:07:01.085+0100][gc,phases     ] GC(88)   Other: 0,4ms
[2023-11-03T13:07:01.085+0100][gc,heap       ] GC(88) Eden regions: 228->0(398)
[2023-11-03T13:07:01.085+0100][gc,heap       ] GC(88) Survivor regions: 28->13(32)
[2023-11-03T13:07:01.085+0100][gc,heap       ] GC(88) Old regions: 221->227
[2023-11-03T13:07:01.085+0100][gc,heap       ] GC(88) Humongous regions: 129->129
[2023-11-03T13:07:01.085+0100][gc,metaspace  ] GC(88) Metaspace: 46716K(50124K)->46716K(50124K) NonClass: 40962K(42956K)->40962K(42956K) Class: 5753K(7168K)->5753K(7168K)
[2023-11-03T13:07:01.085+0100][gc            ] GC(88) Pause Young (Normal) (G1 Evacuation Pause) 604M->366M(1024M) 10,138ms
[2023-11-03T13:07:01.085+0100][gc,cpu        ] GC(88) User=0,10s Sys=0,02s Real=0,00s
[2023-11-03T13:07:23.379+0100][gc,start      ] GC(89) Pause Young (Normal) (G1 Evacuation Pause)
[2023-11-03T13:07:23.379+0100][gc,task       ] GC(89) Using 13 workers of 13 for evacuation
[2023-11-03T13:07:23.388+0100][gc,phases     ] GC(89)   Pre Evacuate Collection Set: 0,0ms
[2023-11-03T13:07:23.388+0100][gc,phases     ] GC(89)   Evacuate Collection Set: 8,2ms
[2023-11-03T13:07:23.388+0100][gc,phases     ] GC(89)   Post Evacuate Collection Set: 0,9ms
[2023-11-03T13:07:23.388+0100][gc,phases     ] GC(89)   Other: 0,4ms
[2023-11-03T13:07:23.388+0100][gc,heap       ] GC(89) Eden regions: 398->0(462)
[2023-11-03T13:07:23.388+0100][gc,heap       ] GC(89) Survivor regions: 13->13(52)
[2023-11-03T13:07:23.388+0100][gc,heap       ] GC(89) Old regions: 227->227
[2023-11-03T13:07:23.388+0100][gc,heap       ] GC(89) Humongous regions: 129->129
[2023-11-03T13:07:23.388+0100][gc,metaspace  ] GC(89) Metaspace: 46716K(50124K)->46716K(50124K) NonClass: 40962K(42956K)->40962K(42956K) Class: 5753K(7168K)->5753K(7168K)
[2023-11-03T13:07:23.388+0100][gc            ] GC(89) Pause Young (Normal) (G1 Evacuation Pause) 764M->366M(1024M) 9,537ms
[2023-11-03T13:07:23.389+0100][gc,cpu        ] GC(89) User=0,11s Sys=0,00s Real=0,01s
[2023-11-03T13:07:48.728+0100][gc,start      ] GC(90) Pause Young (Normal) (G1 Evacuation Pause)
[2023-11-03T13:07:48.728+0100][gc,task       ] GC(90) Using 13 workers of 13 for evacuation
[2023-11-03T13:07:48.740+0100][gc,phases     ] GC(90)   Pre Evacuate Collection Set: 0,0ms
[2023-11-03T13:07:48.740+0100][gc,phases     ] GC(90)   Evacuate Collection Set: 10,7ms
[2023-11-03T13:07:48.740+0100][gc,phases     ] GC(90)   Post Evacuate Collection Set: 1,0ms
[2023-11-03T13:07:48.740+0100][gc,phases     ] GC(90)   Other: 0,4ms
[2023-11-03T13:07:48.740+0100][gc,heap       ] GC(90) Eden regions: 462->0(487)
[2023-11-03T13:07:48.740+0100][gc,heap       ] GC(90) Survivor regions: 13->19(60)
[2023-11-03T13:07:48.740+0100][gc,heap       ] GC(90) Old regions: 227->227
[2023-11-03T13:07:48.740+0100][gc,heap       ] GC(90) Humongous regions: 129->129
[2023-11-03T13:07:48.740+0100][gc,metaspace  ] GC(90) Metaspace: 46716K(50124K)->46716K(50124K) NonClass: 40962K(42956K)->40962K(42956K) Class: 5753K(7168K)->5753K(7168K)
[2023-11-03T13:07:48.740+0100][gc            ] GC(90) Pause Young (Normal) (G1 Evacuation Pause) 828M->372M(1024M) 12,222ms
[2023-11-03T13:07:48.740+0100][gc,cpu        ] GC(90) User=0,14s Sys=0,00s Real=0,01s
[2023-11-03T13:08:16.092+0100][gc,start      ] GC(91) Pause Young (Normal) (G1 Evacuation Pause)
[2023-11-03T13:08:16.092+0100][gc,task       ] GC(91) Using 13 workers of 13 for evacuation
[2023-11-03T13:08:16.108+0100][gc,phases     ] GC(91)   Pre Evacuate Collection Set: 0,0ms
[2023-11-03T13:08:16.108+0100][gc,phases     ] GC(91)   Evacuate Collection Set: 14,2ms
[2023-11-03T13:08:16.108+0100][gc,phases     ] GC(91)   Post Evacuate Collection Set: 1,0ms
[2023-11-03T13:08:16.108+0100][gc,phases     ] GC(91)   Other: 0,4ms
[2023-11-03T13:08:16.108+0100][gc,heap       ] GC(91) Eden regions: 487->0(478)
[2023-11-03T13:08:16.108+0100][gc,heap       ] GC(91) Survivor regions: 19->27(64)
[2023-11-03T13:08:16.108+0100][gc,heap       ] GC(91) Old regions: 227->227
[2023-11-03T13:08:16.108+0100][gc,heap       ] GC(91) Humongous regions: 129->129
[2023-11-03T13:08:16.108+0100][gc,metaspace  ] GC(91) Metaspace: 46716K(50124K)->46716K(50124K) NonClass: 40962K(42956K)->40962K(42956K) Class: 5753K(7168K)->5753K(7168K)
[2023-11-03T13:08:16.108+0100][gc            ] GC(91) Pause Young (Normal) (G1 Evacuation Pause) 859M->380M(1024M) 15,722ms
[2023-11-03T13:08:16.108+0100][gc,cpu        ] GC(91) User=0,18s Sys=0,00s Real=0,02s
[2023-11-03T13:08:41.451+0100][gc,start      ] GC(92) Pause Young (Normal) (G1 Evacuation Pause)
[2023-11-03T13:08:41.452+0100][gc,task       ] GC(92) Using 13 workers of 13 for evacuation
[2023-11-03T13:08:41.475+0100][gc,mmu        ] GC(92) MMU target violated: 21,0ms (20,0ms/21,0ms)
[2023-11-03T13:08:41.475+0100][gc,phases     ] GC(92)   Pre Evacuate Collection Set: 0,0ms
[2023-11-03T13:08:41.475+0100][gc,phases     ] GC(92)   Evacuate Collection Set: 21,5ms
[2023-11-03T13:08:41.475+0100][gc,phases     ] GC(92)   Post Evacuate Collection Set: 1,5ms
[2023-11-03T13:08:41.475+0100][gc,phases     ] GC(92)   Other: 0,7ms
[2023-11-03T13:08:41.475+0100][gc,heap       ] GC(92) Eden regions: 478->0(312)
[2023-11-03T13:08:41.475+0100][gc,heap       ] GC(92) Survivor regions: 27->35(64)
[2023-11-03T13:08:41.475+0100][gc,heap       ] GC(92) Old regions: 227->227
[2023-11-03T13:08:41.475+0100][gc,heap       ] GC(92) Humongous regions: 129->129
[2023-11-03T13:08:41.475+0100][gc,metaspace  ] GC(92) Metaspace: 46716K(50124K)->46716K(50124K) NonClass: 40962K(42956K)->40962K(42956K) Class: 5753K(7168K)->5753K(7168K)
[2023-11-03T13:08:41.475+0100][gc            ] GC(92) Pause Young (Normal) (G1 Evacuation Pause) 858M->388M(1024M) 23,873ms
[2023-11-03T13:08:41.475+0100][gc,cpu        ] GC(92) User=0,27s Sys=0,00s Real=0,03s
[2023-11-03T13:08:58.678+0100][gc,start      ] GC(93) Pause Young (Normal) (G1 Evacuation Pause)
[2023-11-03T13:08:58.678+0100][gc,task       ] GC(93) Using 13 workers of 13 for evacuation
[2023-11-03T13:08:58.696+0100][gc,phases     ] GC(93)   Pre Evacuate Collection Set: 0,1ms
[2023-11-03T13:08:58.696+0100][gc,phases     ] GC(93)   Evacuate Collection Set: 16,6ms
[2023-11-03T13:08:58.696+0100][gc,phases     ] GC(93)   Post Evacuate Collection Set: 1,5ms
[2023-11-03T13:08:58.696+0100][gc,phases     ] GC(93)   Other: 0,5ms
[2023-11-03T13:08:58.696+0100][gc,heap       ] GC(93) Eden regions: 312->0(370)
[2023-11-03T13:08:58.696+0100][gc,heap       ] GC(93) Survivor regions: 35->23(44)
[2023-11-03T13:08:58.696+0100][gc,heap       ] GC(93) Old regions: 227->234
[2023-11-03T13:08:58.696+0100][gc,heap       ] GC(93) Humongous regions: 129->129
[2023-11-03T13:08:58.696+0100][gc,metaspace  ] GC(93) Metaspace: 46716K(50124K)->46716K(50124K) NonClass: 40962K(42956K)->40962K(42956K) Class: 5753K(7168K)->5753K(7168K)
[2023-11-03T13:08:58.696+0100][gc            ] GC(93) Pause Young (Normal) (G1 Evacuation Pause) 700M->383M(1024M) 18,702ms
[2023-11-03T13:08:58.696+0100][gc,cpu        ] GC(93) User=0,21s Sys=0,01s Real=0,02s
[2023-11-03T13:09:18.964+0100][gc,start      ] GC(94) Pause Young (Concurrent Start) (G1 Evacuation Pause)
[2023-11-03T13:09:18.964+0100][gc,task       ] GC(94) Using 13 workers of 13 for evacuation
[2023-11-03T13:09:18.977+0100][gc,phases     ] GC(94)   Pre Evacuate Collection Set: 0,4ms
[2023-11-03T13:09:18.977+0100][gc,phases     ] GC(94)   Evacuate Collection Set: 12,0ms
[2023-11-03T13:09:18.977+0100][gc,phases     ] GC(94)   Post Evacuate Collection Set: 0,9ms
[2023-11-03T13:09:18.977+0100][gc,phases     ] GC(94)   Other: 0,4ms
[2023-11-03T13:09:18.977+0100][gc,heap       ] GC(94) Eden regions: 370->0(360)
[2023-11-03T13:09:18.978+0100][gc,heap       ] GC(94) Survivor regions: 23->22(50)
[2023-11-03T13:09:18.978+0100][gc,heap       ] GC(94) Old regions: 234->234
[2023-11-03T13:09:18.978+0100][gc,heap       ] GC(94) Humongous regions: 129->129
[2023-11-03T13:09:18.978+0100][gc,metaspace  ] GC(94) Metaspace: 46716K(50124K)->46716K(50124K) NonClass: 40962K(42956K)->40962K(42956K) Class: 5753K(7168K)->5753K(7168K)
[2023-11-03T13:09:18.978+0100][gc            ] GC(94) Pause Young (Concurrent Start) (G1 Evacuation Pause) 753M->382M(1024M) 13,957ms
[2023-11-03T13:09:18.978+0100][gc,cpu        ] GC(94) User=0,15s Sys=0,00s Real=0,02s
[2023-11-03T13:09:18.978+0100][gc            ] GC(95) Concurrent Cycle
[2023-11-03T13:09:18.978+0100][gc,marking    ] GC(95) Concurrent Clear Claimed Marks
[2023-11-03T13:09:18.978+0100][gc,marking    ] GC(95) Concurrent Clear Claimed Marks 0,710ms
[2023-11-03T13:09:18.978+0100][gc,marking    ] GC(95) Concurrent Scan Root Regions
[2023-11-03T13:09:18.985+0100][gc,marking    ] GC(95) Concurrent Scan Root Regions 6,865ms
[2023-11-03T13:09:18.985+0100][gc,marking    ] GC(95) Concurrent Mark (9097,548s)
[2023-11-03T13:09:18.985+0100][gc,marking    ] GC(95) Concurrent Mark From Roots
[2023-11-03T13:09:18.985+0100][gc,task       ] GC(95) Using 3 workers of 3 for marking
[2023-11-03T13:09:19.012+0100][gc,marking    ] GC(95) Concurrent Mark From Roots 26,411ms
[2023-11-03T13:09:19.012+0100][gc,marking    ] GC(95) Concurrent Preclean
[2023-11-03T13:09:19.013+0100][gc,marking    ] GC(95) Concurrent Preclean 0,742ms
[2023-11-03T13:09:19.013+0100][gc,marking    ] GC(95) Concurrent Mark (9097,548s, 9097,575s) 27,259ms
[2023-11-03T13:09:19.013+0100][gc,start      ] GC(95) Pause Remark
[2023-11-03T13:09:19.023+0100][gc,stringtable] GC(95) Cleaned string and symbol table, strings: 18217 processed, 292 removed, symbols: 94342 processed, 3 removed
[2023-11-03T13:09:19.024+0100][gc            ] GC(95) Pause Remark 392M->365M(1024M) 10,886ms
[2023-11-03T13:09:19.024+0100][gc,cpu        ] GC(95) User=0,11s Sys=0,00s Real=0,01s
[2023-11-03T13:09:19.024+0100][gc,marking    ] GC(95) Concurrent Rebuild Remembered Sets
[2023-11-03T13:09:19.039+0100][gc,marking    ] GC(95) Concurrent Rebuild Remembered Sets 15,618ms
[2023-11-03T13:09:19.040+0100][gc,start      ] GC(95) Pause Cleanup
[2023-11-03T13:09:19.040+0100][gc            ] GC(95) Pause Cleanup 365M->365M(1024M) 0,355ms
[2023-11-03T13:09:19.040+0100][gc,cpu        ] GC(95) User=0,00s Sys=0,00s Real=0,00s
[2023-11-03T13:09:19.040+0100][gc,marking    ] GC(95) Concurrent Cleanup for Next Mark
[2023-11-03T13:09:19.043+0100][gc,marking    ] GC(95) Concurrent Cleanup for Next Mark 2,709ms
[2023-11-03T13:09:19.043+0100][gc            ] GC(95) Concurrent Cycle 65,402ms
[2023-11-03T13:09:23.037+0100][gc,start      ] GC(96) Pause Young (Prepare Mixed) (G1 Evacuation Pause)
[2023-11-03T13:09:23.037+0100][gc,task       ] GC(96) Using 13 workers of 13 for evacuation
[2023-11-03T13:09:23.052+0100][gc,phases     ] GC(96)   Pre Evacuate Collection Set: 0,0ms
[2023-11-03T13:09:23.052+0100][gc,phases     ] GC(96)   Evacuate Collection Set: 13,9ms
[2023-11-03T13:09:23.052+0100][gc,phases     ] GC(96)   Post Evacuate Collection Set: 0,8ms
[2023-11-03T13:09:23.052+0100][gc,phases     ] GC(96)   Other: 0,4ms
[2023-11-03T13:09:23.052+0100][gc,heap       ] GC(96) Eden regions: 91->0(43)
[2023-11-03T13:09:23.052+0100][gc,heap       ] GC(96) Survivor regions: 22->8(15)
[2023-11-03T13:09:23.052+0100][gc,heap       ] GC(96) Old regions: 207->226
[2023-11-03T13:09:23.052+0100][gc,heap       ] GC(96) Humongous regions: 129->129
[2023-11-03T13:09:23.052+0100][gc,metaspace  ] GC(96) Metaspace: 46394K(50124K)->46394K(50124K) NonClass: 40757K(42956K)->40757K(42956K) Class: 5637K(7168K)->5637K(7168K)
[2023-11-03T13:09:23.052+0100][gc            ] GC(96) Pause Young (Prepare Mixed) (G1 Evacuation Pause) 446M->360M(1024M) 15,256ms
[2023-11-03T13:09:23.052+0100][gc,cpu        ] GC(96) User=0,18s Sys=0,00s Real=0,01s
[2023-11-03T13:09:25.818+0100][gc,start      ] GC(97) Pause Young (Mixed) (G1 Evacuation Pause)
[2023-11-03T13:09:25.818+0100][gc,task       ] GC(97) Using 13 workers of 13 for evacuation
[2023-11-03T13:09:25.827+0100][gc,phases     ] GC(97)   Pre Evacuate Collection Set: 0,1ms
[2023-11-03T13:09:25.827+0100][gc,phases     ] GC(97)   Evacuate Collection Set: 7,7ms
[2023-11-03T13:09:25.827+0100][gc,phases     ] GC(97)   Post Evacuate Collection Set: 0,8ms
[2023-11-03T13:09:25.827+0100][gc,phases     ] GC(97)   Other: 0,4ms
[2023-11-03T13:09:25.827+0100][gc,heap       ] GC(97) Eden regions: 43->0(46)
[2023-11-03T13:09:25.827+0100][gc,heap       ] GC(97) Survivor regions: 8->5(7)
[2023-11-03T13:09:25.827+0100][gc,heap       ] GC(97) Old regions: 226->209
[2023-11-03T13:09:25.827+0100][gc,heap       ] GC(97) Humongous regions: 129->129
[2023-11-03T13:09:25.827+0100][gc,metaspace  ] GC(97) Metaspace: 46394K(50124K)->46394K(50124K) NonClass: 40757K(42956K)->40757K(42956K) Class: 5637K(7168K)->5637K(7168K)
[2023-11-03T13:09:25.827+0100][gc            ] GC(97) Pause Young (Mixed) (G1 Evacuation Pause) 403M->340M(1024M) 9,100ms
[2023-11-03T13:09:25.827+0100][gc,cpu        ] GC(97) User=0,10s Sys=0,00s Real=0,01s
[2023-11-03T13:09:28.121+0100][gc,start      ] GC(98) Pause Young (Mixed) (G1 Evacuation Pause)
[2023-11-03T13:09:28.121+0100][gc,task       ] GC(98) Using 13 workers of 13 for evacuation
[2023-11-03T13:09:28.126+0100][gc,phases     ] GC(98)   Pre Evacuate Collection Set: 0,1ms
[2023-11-03T13:09:28.126+0100][gc,phases     ] GC(98)   Evacuate Collection Set: 3,9ms
[2023-11-03T13:09:28.126+0100][gc,phases     ] GC(98)   Post Evacuate Collection Set: 0,7ms
[2023-11-03T13:09:28.126+0100][gc,phases     ] GC(98)   Other: 0,3ms
[2023-11-03T13:09:28.126+0100][gc,heap       ] GC(98) Eden regions: 46->0(48)
[2023-11-03T13:09:28.126+0100][gc,heap       ] GC(98) Survivor regions: 5->3(7)
[2023-11-03T13:09:28.126+0100][gc,heap       ] GC(98) Old regions: 209->180
[2023-11-03T13:09:28.126+0100][gc,heap       ] GC(98) Humongous regions: 129->129
[2023-11-03T13:09:28.126+0100][gc,metaspace  ] GC(98) Metaspace: 46394K(50124K)->46394K(50124K) NonClass: 40757K(42956K)->40757K(42956K) Class: 5637K(7168K)->5637K(7168K)
[2023-11-03T13:09:28.126+0100][gc            ] GC(98) Pause Young (Mixed) (G1 Evacuation Pause) 386M->309M(1024M) 5,093ms
[2023-11-03T13:09:28.126+0100][gc,cpu        ] GC(98) User=0,04s Sys=0,00s Real=0,01s
[2023-11-03T13:09:30.835+0100][gc,start      ] GC(99) Pause Young (Mixed) (G1 Evacuation Pause)
[2023-11-03T13:09:30.835+0100][gc,task       ] GC(99) Using 13 workers of 13 for evacuation
[2023-11-03T13:09:30.841+0100][gc,phases     ] GC(99)   Pre Evacuate Collection Set: 0,1ms
[2023-11-03T13:09:30.841+0100][gc,phases     ] GC(99)   Evacuate Collection Set: 4,9ms
[2023-11-03T13:09:30.841+0100][gc,phases     ] GC(99)   Post Evacuate Collection Set: 0,8ms
[2023-11-03T13:09:30.841+0100][gc,phases     ] GC(99)   Other: 0,3ms
[2023-11-03T13:09:30.841+0100][gc,heap       ] GC(99) Eden regions: 48->0(45)
[2023-11-03T13:09:30.841+0100][gc,heap       ] GC(99) Survivor regions: 3->6(7)
[2023-11-03T13:09:30.841+0100][gc,heap       ] GC(99) Old regions: 180->133
[2023-11-03T13:09:30.841+0100][gc,heap       ] GC(99) Humongous regions: 129->129
[2023-11-03T13:09:30.841+0100][gc,metaspace  ] GC(99) Metaspace: 46394K(50124K)->46394K(50124K) NonClass: 40757K(42956K)->40757K(42956K) Class: 5637K(7168K)->5637K(7168K)
[2023-11-03T13:09:30.841+0100][gc            ] GC(99) Pause Young (Mixed) (G1 Evacuation Pause) 357M->265M(1024M) 6,303ms
[2023-11-03T13:09:30.841+0100][gc,cpu        ] GC(99) User=0,06s Sys=0,00s Real=0,00s
[2023-11-03T13:09:33.179+0100][gc,start      ] GC(100) Pause Young (Mixed) (G1 Evacuation Pause)
[2023-11-03T13:09:33.179+0100][gc,task       ] GC(100) Using 13 workers of 13 for evacuation
[2023-11-03T13:09:33.186+0100][gc,phases     ] GC(100)   Pre Evacuate Collection Set: 0,1ms
[2023-11-03T13:09:33.186+0100][gc,phases     ] GC(100)   Evacuate Collection Set: 5,9ms
[2023-11-03T13:09:33.186+0100][gc,phases     ] GC(100)   Post Evacuate Collection Set: 0,6ms
[2023-11-03T13:09:33.186+0100][gc,phases     ] GC(100)   Other: 0,5ms
[2023-11-03T13:09:33.186+0100][gc,heap       ] GC(100) Eden regions: 45->0(558)
[2023-11-03T13:09:33.186+0100][gc,heap       ] GC(100) Survivor regions: 6->4(7)
[2023-11-03T13:09:33.186+0100][gc,heap       ] GC(100) Old regions: 133->113
[2023-11-03T13:09:33.186+0100][gc,heap       ] GC(100) Humongous regions: 129->129
[2023-11-03T13:09:33.186+0100][gc,metaspace  ] GC(100) Metaspace: 46394K(50124K)->46394K(50124K) NonClass: 40757K(42956K)->40757K(42956K) Class: 5637K(7168K)->5637K(7168K)
[2023-11-03T13:09:33.186+0100][gc            ] GC(100) Pause Young (Mixed) (G1 Evacuation Pause) 310M->244M(1024M) 7,213ms
[2023-11-03T13:09:33.186+0100][gc,cpu        ] GC(100) User=0,07s Sys=0,01s Real=0,01s
[2023-11-03T13:10:05.598+0100][gc,start      ] GC(101) Pause Young (Normal) (G1 Evacuation Pause)
[2023-11-03T13:10:05.598+0100][gc,task       ] GC(101) Using 13 workers of 13 for evacuation
[2023-11-03T13:10:05.614+0100][gc,phases     ] GC(101)   Pre Evacuate Collection Set: 0,0ms
[2023-11-03T13:10:05.614+0100][gc,phases     ] GC(101)   Evacuate Collection Set: 14,6ms
[2023-11-03T13:10:05.614+0100][gc,phases     ] GC(101)   Post Evacuate Collection Set: 1,2ms
[2023-11-03T13:10:05.614+0100][gc,phases     ] GC(101)   Other: 0,5ms
[2023-11-03T13:10:05.614+0100][gc,heap       ] GC(101) Eden regions: 558->0(302)
[2023-11-03T13:10:05.614+0100][gc,heap       ] GC(101) Survivor regions: 4->24(71)
[2023-11-03T13:10:05.614+0100][gc,heap       ] GC(101) Old regions: 113->113
[2023-11-03T13:10:05.614+0100][gc,heap       ] GC(101) Humongous regions: 129->129
[2023-11-03T13:10:05.614+0100][gc,metaspace  ] GC(101) Metaspace: 46394K(50124K)->46394K(50124K) NonClass: 40757K(42956K)->40757K(42956K) Class: 5637K(7168K)->5637K(7168K)
[2023-11-03T13:10:05.614+0100][gc            ] GC(101) Pause Young (Normal) (G1 Evacuation Pause) 802M->263M(1024M) 16,476ms
[2023-11-03T13:10:05.614+0100][gc,cpu        ] GC(101) User=0,18s Sys=0,01s Real=0,02s
[2023-11-03T13:10:16.257+0100][gc,start      ] GC(102) Pause Young (Normal) (G1 Evacuation Pause)
[2023-11-03T13:10:16.257+0100][gc,task       ] GC(102) Using 13 workers of 13 for evacuation
[2023-11-03T13:10:16.267+0100][gc,phases     ] GC(102)   Pre Evacuate Collection Set: 0,0ms
[2023-11-03T13:10:16.267+0100][gc,phases     ] GC(102)   Evacuate Collection Set: 9,2ms
[2023-11-03T13:10:16.267+0100][gc,phases     ] GC(102)   Post Evacuate Collection Set: 0,9ms
[2023-11-03T13:10:16.267+0100][gc,phases     ] GC(102)   Other: 0,4ms
[2023-11-03T13:10:16.267+0100][gc,heap       ] GC(102) Eden regions: 201->0(596)
[2023-11-03T13:10:16.267+0100][gc,heap       ] GC(102) Survivor regions: 24->7(29)
[2023-11-03T13:10:16.267+0100][gc,heap       ] GC(102) Old regions: 113->117
[2023-11-03T13:10:16.267+0100][gc,heap       ] GC(102) Humongous regions: 129->129
[2023-11-03T13:10:16.267+0100][gc,metaspace  ] GC(102) Metaspace: 46394K(50124K)->46394K(50124K) NonClass: 40757K(42956K)->40757K(42956K) Class: 5637K(7168K)->5637K(7168K)
[2023-11-03T13:10:16.267+0100][gc            ] GC(102) Pause Young (Normal) (G1 Evacuation Pause) 464M->251M(1024M) 10,632ms
[2023-11-03T13:10:16.267+0100][gc,cpu        ] GC(102) User=0,12s Sys=0,00s Real=0,01s
[2023-11-03T13:10:34.707+0100][gc,start      ] GC(103) Pause Young (Normal) (G1 Evacuation Pause)
[2023-11-03T13:10:34.707+0100][gc,task       ] GC(103) Using 13 workers of 13 for evacuation
[2023-11-03T13:10:34.715+0100][gc,phases     ] GC(103)   Pre Evacuate Collection Set: 0,0ms
[2023-11-03T13:10:34.715+0100][gc,phases     ] GC(103)   Evacuate Collection Set: 5,7ms
[2023-11-03T13:10:34.715+0100][gc,phases     ] GC(103)   Post Evacuate Collection Set: 1,1ms
[2023-11-03T13:10:34.715+0100][gc,phases     ] GC(103)   Other: 0,5ms
[2023-11-03T13:10:34.715+0100][gc,heap       ] GC(103) Eden regions: 341->0(549)
[2023-11-03T13:10:34.715+0100][gc,heap       ] GC(103) Survivor regions: 7->4(44)
[2023-11-03T13:10:34.715+0100][gc,heap       ] GC(103) Old regions: 117->117
[2023-11-03T13:10:34.715+0100][gc,heap       ] GC(103) Humongous regions: 129->129
[2023-11-03T13:10:34.715+0100][gc,metaspace  ] GC(103) Metaspace: 46394K(50124K)->46394K(50124K) NonClass: 40757K(42956K)->40757K(42956K) Class: 5637K(7168K)->5637K(7168K)
[2023-11-03T13:10:34.715+0100][gc            ] GC(103) Pause Young (Normal) (G1 Evacuation Pause) 592M->247M(1024M) 7,564ms
[2023-11-03T13:10:34.715+0100][gc,cpu        ] GC(103) User=0,07s Sys=0,01s Real=0,01s
[2023-11-03T13:11:36.622+0100][gc,start      ] GC(104) Pause Young (Normal) (G1 Evacuation Pause)
[2023-11-03T13:11:36.622+0100][gc,task       ] GC(104) Using 13 workers of 13 for evacuation
[2023-11-03T13:11:36.636+0100][gc,phases     ] GC(104)   Pre Evacuate Collection Set: 0,0ms
[2023-11-03T13:11:36.636+0100][gc,phases     ] GC(104)   Evacuate Collection Set: 13,2ms
[2023-11-03T13:11:36.636+0100][gc,phases     ] GC(104)   Post Evacuate Collection Set: 0,9ms
[2023-11-03T13:11:36.636+0100][gc,phases     ] GC(104)   Other: 0,4ms
[2023-11-03T13:11:36.636+0100][gc,heap       ] GC(104) Eden regions: 400->0(457)
[2023-11-03T13:11:36.636+0100][gc,heap       ] GC(104) Survivor regions: 4->21(51)
[2023-11-03T13:11:36.636+0100][gc,heap       ] GC(104) Old regions: 117->117
[2023-11-03T13:11:36.636+0100][gc,heap       ] GC(104) Humongous regions: 129->129
[2023-11-03T13:11:36.636+0100][gc,metaspace  ] GC(104) Metaspace: 46394K(50124K)->46394K(50124K) NonClass: 40757K(42956K)->40757K(42956K) Class: 5637K(7168K)->5637K(7168K)
[2023-11-03T13:11:36.636+0100][gc            ] GC(104) Pause Young (Normal) (G1 Evacuation Pause) 647M->265M(1024M) 14,609ms
[2023-11-03T13:11:36.636+0100][gc,cpu        ] GC(104) User=0,17s Sys=0,00s Real=0,02s
[2023-11-03T13:11:37.380+0100][gc,start      ] GC(105) Pause Young (Normal) (G1 Evacuation Pause)
[2023-11-03T13:11:37.380+0100][gc,task       ] GC(105) Using 13 workers of 13 for evacuation
[2023-11-03T13:11:37.395+0100][gc,phases     ] GC(105)   Pre Evacuate Collection Set: 0,0ms
[2023-11-03T13:11:37.395+0100][gc,phases     ] GC(105)   Evacuate Collection Set: 13,9ms
[2023-11-03T13:11:37.395+0100][gc,phases     ] GC(105)   Post Evacuate Collection Set: 0,8ms
[2023-11-03T13:11:37.395+0100][gc,phases     ] GC(105)   Other: 0,4ms
[2023-11-03T13:11:37.395+0100][gc,heap       ] GC(105) Eden regions: 457->0(454)
[2023-11-03T13:11:37.395+0100][gc,heap       ] GC(105) Survivor regions: 21->24(60)
[2023-11-03T13:11:37.395+0100][gc,heap       ] GC(105) Old regions: 117->117
[2023-11-03T13:11:37.395+0100][gc,heap       ] GC(105) Humongous regions: 129->129
[2023-11-03T13:11:37.395+0100][gc,metaspace  ] GC(105) Metaspace: 46394K(50124K)->46394K(50124K) NonClass: 40757K(42956K)->40757K(42956K) Class: 5637K(7168K)->5637K(7168K)
[2023-11-03T13:11:37.395+0100][gc            ] GC(105) Pause Young (Normal) (G1 Evacuation Pause) 722M->268M(1024M) 15,256ms
[2023-11-03T13:11:37.395+0100][gc,cpu        ] GC(105) User=0,18s Sys=0,00s Real=0,02s
[2023-11-03T13:11:42.271+0100][gc,start      ] GC(106) Pause Young (Normal) (G1 Evacuation Pause)
[2023-11-03T13:11:42.271+0100][gc,task       ] GC(106) Using 13 workers of 13 for evacuation
[2023-11-03T13:11:42.283+0100][gc,phases     ] GC(106)   Pre Evacuate Collection Set: 0,0ms
[2023-11-03T13:11:42.283+0100][gc,phases     ] GC(106)   Evacuate Collection Set: 10,9ms
[2023-11-03T13:11:42.283+0100][gc,phases     ] GC(106)   Post Evacuate Collection Set: 0,7ms
[2023-11-03T13:11:42.283+0100][gc,phases     ] GC(106)   Other: 0,3ms
[2023-11-03T13:11:42.283+0100][gc,heap       ] GC(106) Eden regions: 454->0(474)
[2023-11-03T13:11:42.283+0100][gc,heap       ] GC(106) Survivor regions: 24->27(60)
[2023-11-03T13:11:42.283+0100][gc,heap       ] GC(106) Old regions: 117->117
[2023-11-03T13:11:42.283+0100][gc,heap       ] GC(106) Humongous regions: 129->129
[2023-11-03T13:11:42.283+0100][gc,metaspace  ] GC(106) Metaspace: 46394K(50124K)->46394K(50124K) NonClass: 40757K(42956K)->40757K(42956K) Class: 5637K(7168K)->5637K(7168K)
[2023-11-03T13:11:42.283+0100][gc            ] GC(106) Pause Young (Normal) (G1 Evacuation Pause) 722M->270M(1024M) 12,018ms
[2023-11-03T13:11:42.284+0100][gc,cpu        ] GC(106) User=0,15s Sys=0,00s Real=0,01s
[2023-11-03T13:11:47.454+0100][gc,start      ] GC(107) Pause Young (Normal) (G1 Evacuation Pause)
[2023-11-03T13:11:47.454+0100][gc,task       ] GC(107) Using 13 workers of 13 for evacuation
[2023-11-03T13:11:47.464+0100][gc,phases     ] GC(107)   Pre Evacuate Collection Set: 0,1ms
[2023-11-03T13:11:47.464+0100][gc,phases     ] GC(107)   Evacuate Collection Set: 9,6ms
[2023-11-03T13:11:47.464+0100][gc,phases     ] GC(107)   Post Evacuate Collection Set: 0,6ms
[2023-11-03T13:11:47.464+0100][gc,phases     ] GC(107)   Other: 0,3ms
[2023-11-03T13:11:47.464+0100][gc,heap       ] GC(107) Eden regions: 474->0(536)
[2023-11-03T13:11:47.464+0100][gc,heap       ] GC(107) Survivor regions: 27->22(63)
[2023-11-03T13:11:47.464+0100][gc,heap       ] GC(107) Old regions: 117->117
[2023-11-03T13:11:47.464+0100][gc,heap       ] GC(107) Humongous regions: 129->129
[2023-11-03T13:11:47.464+0100][gc,metaspace  ] GC(107) Metaspace: 46394K(50124K)->46394K(50124K) NonClass: 40757K(42956K)->40757K(42956K) Class: 5637K(7168K)->5637K(7168K)
[2023-11-03T13:11:47.464+0100][gc            ] GC(107) Pause Young (Normal) (G1 Evacuation Pause) 744M->266M(1024M) 10,555ms
[2023-11-03T13:11:47.464+0100][gc,cpu        ] GC(107) User=0,12s Sys=0,00s Real=0,01s
[2023-11-03T13:11:49.203+0100][gc,start      ] GC(108) Pause Young (Normal) (G1 Evacuation Pause)
[2023-11-03T13:11:49.204+0100][gc,task       ] GC(108) Using 13 workers of 13 for evacuation
[2023-11-03T13:11:49.214+0100][gc,phases     ] GC(108)   Pre Evacuate Collection Set: 0,0ms
[2023-11-03T13:11:49.214+0100][gc,phases     ] GC(108)   Evacuate Collection Set: 9,8ms
[2023-11-03T13:11:49.214+0100][gc,phases     ] GC(108)   Post Evacuate Collection Set: 0,7ms
[2023-11-03T13:11:49.214+0100][gc,phases     ] GC(108)   Other: 0,3ms
[2023-11-03T13:11:49.214+0100][gc,heap       ] GC(108) Eden regions: 536->0(585)
[2023-11-03T13:11:49.214+0100][gc,heap       ] GC(108) Survivor regions: 22->22(70)
[2023-11-03T13:11:49.214+0100][gc,heap       ] GC(108) Old regions: 117->117
[2023-11-03T13:11:49.214+0100][gc,heap       ] GC(108) Humongous regions: 129->129
[2023-11-03T13:11:49.214+0100][gc,metaspace  ] GC(108) Metaspace: 46394K(50124K)->46394K(50124K) NonClass: 40757K(42956K)->40757K(42956K) Class: 5637K(7168K)->5637K(7168K)
[2023-11-03T13:11:49.214+0100][gc            ] GC(108) Pause Young (Normal) (G1 Evacuation Pause) 802M->266M(1024M) 11,026ms
[2023-11-03T13:11:49.215+0100][gc,cpu        ] GC(108) User=0,12s Sys=0,00s Real=0,02s
[2023-11-03T13:13:42.614+0100][gc,start      ] GC(109) Pause Young (Normal) (G1 Evacuation Pause)
[2023-11-03T13:13:42.615+0100][gc,task       ] GC(109) Using 13 workers of 13 for evacuation
[2023-11-03T13:13:42.637+0100][gc,mmu        ] GC(109) MMU target violated: 21,0ms (20,0ms/21,0ms)
[2023-11-03T13:13:42.637+0100][gc,phases     ] GC(109)   Pre Evacuate Collection Set: 0,0ms
[2023-11-03T13:13:42.637+0100][gc,phases     ] GC(109)   Evacuate Collection Set: 21,1ms
[2023-11-03T13:13:42.637+0100][gc,phases     ] GC(109)   Post Evacuate Collection Set: 1,2ms
[2023-11-03T13:13:42.637+0100][gc,phases     ] GC(109)   Other: 0,6ms
[2023-11-03T13:13:42.637+0100][gc,heap       ] GC(109) Eden regions: 522->0(470)
[2023-11-03T13:13:42.637+0100][gc,heap       ] GC(109) Survivor regions: 22->39(68)
[2023-11-03T13:13:42.637+0100][gc,heap       ] GC(109) Old regions: 117->117
[2023-11-03T13:13:42.637+0100][gc,heap       ] GC(109) Humongous regions: 129->129
[2023-11-03T13:13:42.637+0100][gc,metaspace  ] GC(109) Metaspace: 46395K(50124K)->46395K(50124K) NonClass: 40757K(42956K)->40757K(42956K) Class: 5637K(7168K)->5637K(7168K)
[2023-11-03T13:13:42.637+0100][gc            ] GC(109) Pause Young (Normal) (G1 Evacuation Pause) 788M->282M(1024M) 22,971ms
[2023-11-03T13:13:42.637+0100][gc,cpu        ] GC(109) User=0,28s Sys=0,00s Real=0,02s
[2023-11-03T13:14:03.324+0100][gc,start      ] GC(110) Pause Young (Normal) (G1 Evacuation Pause)
[2023-11-03T13:14:03.324+0100][gc,task       ] GC(110) Using 13 workers of 13 for evacuation
[2023-11-03T13:14:03.344+0100][gc,mmu        ] GC(110) MMU target violated: 20,4ms (20,0ms/21,0ms)
[2023-11-03T13:14:03.345+0100][gc,phases     ] GC(110)   Pre Evacuate Collection Set: 0,0ms
[2023-11-03T13:14:03.345+0100][gc,phases     ] GC(110)   Evacuate Collection Set: 19,3ms
[2023-11-03T13:14:03.345+0100][gc,phases     ] GC(110)   Post Evacuate Collection Set: 0,9ms
[2023-11-03T13:14:03.345+0100][gc,phases     ] GC(110)   Other: 0,5ms
[2023-11-03T13:14:03.345+0100][gc,heap       ] GC(110) Eden regions: 298->0(414)
[2023-11-03T13:14:03.345+0100][gc,heap       ] GC(110) Survivor regions: 39->24(43)
[2023-11-03T13:14:03.345+0100][gc,heap       ] GC(110) Old regions: 117->129
[2023-11-03T13:14:03.345+0100][gc,heap       ] GC(110) Humongous regions: 129->129
[2023-11-03T13:14:03.345+0100][gc,metaspace  ] GC(110) Metaspace: 46395K(50124K)->46395K(50124K) NonClass: 40757K(42956K)->40757K(42956K) Class: 5637K(7168K)->5637K(7168K)
[2023-11-03T13:14:03.345+0100][gc            ] GC(110) Pause Young (Normal) (G1 Evacuation Pause) 580M->280M(1024M) 20,735ms
[2023-11-03T13:14:03.345+0100][gc,cpu        ] GC(110) User=0,25s Sys=0,00s Real=0,02s
[2023-11-03T13:14:29.939+0100][gc,start      ] GC(111) Pause Young (Normal) (G1 Evacuation Pause)
[2023-11-03T13:14:29.939+0100][gc,task       ] GC(111) Using 13 workers of 13 for evacuation
[2023-11-03T13:14:29.955+0100][gc,phases     ] GC(111)   Pre Evacuate Collection Set: 0,0ms
[2023-11-03T13:14:29.955+0100][gc,phases     ] GC(111)   Evacuate Collection Set: 14,0ms
[2023-11-03T13:14:29.955+0100][gc,phases     ] GC(111)   Post Evacuate Collection Set: 1,1ms
[2023-11-03T13:14:29.955+0100][gc,phases     ] GC(111)   Other: 0,5ms
[2023-11-03T13:14:29.955+0100][gc,heap       ] GC(111) Eden regions: 414->0(412)
[2023-11-03T13:14:29.955+0100][gc,heap       ] GC(111) Survivor regions: 24->27(55)
[2023-11-03T13:14:29.955+0100][gc,heap       ] GC(111) Old regions: 129->129
[2023-11-03T13:14:29.955+0100][gc,heap       ] GC(111) Humongous regions: 129->129
[2023-11-03T13:14:29.955+0100][gc,metaspace  ] GC(111) Metaspace: 46395K(50124K)->46395K(50124K) NonClass: 40757K(42956K)->40757K(42956K) Class: 5637K(7168K)->5637K(7168K)
[2023-11-03T13:14:29.955+0100][gc            ] GC(111) Pause Young (Normal) (G1 Evacuation Pause) 694M->283M(1024M) 15,853ms
[2023-11-03T13:14:29.955+0100][gc,cpu        ] GC(111) User=0,17s Sys=0,01s Real=0,02s
[2023-11-03T13:14:55.844+0100][gc,start      ] GC(112) Pause Young (Normal) (G1 Evacuation Pause)
[2023-11-03T13:14:55.844+0100][gc,task       ] GC(112) Using 13 workers of 13 for evacuation
[2023-11-03T13:14:55.862+0100][gc,phases     ] GC(112)   Pre Evacuate Collection Set: 0,0ms
[2023-11-03T13:14:55.862+0100][gc,phases     ] GC(112)   Evacuate Collection Set: 16,3ms
[2023-11-03T13:14:55.862+0100][gc,phases     ] GC(112)   Post Evacuate Collection Set: 1,0ms
[2023-11-03T13:14:55.862+0100][gc,phases     ] GC(112)   Other: 0,5ms
[2023-11-03T13:14:55.862+0100][gc,heap       ] GC(112) Eden regions: 412->0(351)
[2023-11-03T13:14:55.862+0100][gc,heap       ] GC(112) Survivor regions: 27->29(55)
[2023-11-03T13:14:55.862+0100][gc,heap       ] GC(112) Old regions: 129->129
[2023-11-03T13:14:55.862+0100][gc,heap       ] GC(112) Humongous regions: 129->129
[2023-11-03T13:14:55.862+0100][gc,metaspace  ] GC(112) Metaspace: 46395K(50124K)->46395K(50124K) NonClass: 40757K(42956K)->40757K(42956K) Class: 5637K(7168K)->5637K(7168K)
[2023-11-03T13:14:55.862+0100][gc            ] GC(112) Pause Young (Normal) (G1 Evacuation Pause) 695M->285M(1024M) 17,932ms
[2023-11-03T13:14:55.862+0100][gc,cpu        ] GC(112) User=0,21s Sys=0,00s Real=0,02s
[2023-11-03T13:15:11.689+0100][gc,start      ] GC(113) Pause Young (Normal) (G1 Evacuation Pause)
[2023-11-03T13:15:11.690+0100][gc,task       ] GC(113) Using 13 workers of 13 for evacuation
[2023-11-03T13:15:11.703+0100][gc,phases     ] GC(113)   Pre Evacuate Collection Set: 0,0ms
[2023-11-03T13:15:11.703+0100][gc,phases     ] GC(113)   Evacuate Collection Set: 12,4ms
[2023-11-03T13:15:11.703+0100][gc,phases     ] GC(113)   Post Evacuate Collection Set: 0,8ms
[2023-11-03T13:15:11.703+0100][gc,phases     ] GC(113)   Other: 0,4ms
[2023-11-03T13:15:11.703+0100][gc,heap       ] GC(113) Eden regions: 253->0(479)
[2023-11-03T13:15:11.703+0100][gc,heap       ] GC(113) Survivor regions: 29->16(36)
[2023-11-03T13:15:11.703+0100][gc,heap       ] GC(113) Old regions: 129->135
[2023-11-03T13:15:11.703+0100][gc,heap       ] GC(113) Humongous regions: 129->129
[2023-11-03T13:15:11.703+0100][gc,metaspace  ] GC(113) Metaspace: 46395K(50124K)->46395K(50124K) NonClass: 40757K(42956K)->40757K(42956K) Class: 5637K(7168K)->5637K(7168K)
[2023-11-03T13:15:11.703+0100][gc            ] GC(113) Pause Young (Normal) (G1 Evacuation Pause) 538M->277M(1024M) 13,812ms
[2023-11-03T13:15:11.703+0100][gc,cpu        ] GC(113) User=0,16s Sys=0,00s Real=0,01s
[2023-11-03T13:15:39.540+0100][gc,start      ] GC(114) Pause Young (Normal) (G1 Evacuation Pause)
[2023-11-03T13:15:39.540+0100][gc,task       ] GC(114) Using 13 workers of 13 for evacuation
[2023-11-03T13:15:39.554+0100][gc,phases     ] GC(114)   Pre Evacuate Collection Set: 0,0ms
[2023-11-03T13:15:39.554+0100][gc,phases     ] GC(114)   Evacuate Collection Set: 12,6ms
[2023-11-03T13:15:39.554+0100][gc,phases     ] GC(114)   Post Evacuate Collection Set: 1,0ms
[2023-11-03T13:15:39.554+0100][gc,phases     ] GC(114)   Other: 0,5ms
[2023-11-03T13:15:39.554+0100][gc,heap       ] GC(114) Eden regions: 433->0(490)
[2023-11-03T13:15:39.555+0100][gc,heap       ] GC(114) Survivor regions: 16->20(57)
[2023-11-03T13:15:39.555+0100][gc,heap       ] GC(114) Old regions: 135->135
[2023-11-03T13:15:39.555+0100][gc,heap       ] GC(114) Humongous regions: 129->129
[2023-11-03T13:15:39.555+0100][gc,metaspace  ] GC(114) Metaspace: 46395K(50124K)->46395K(50124K) NonClass: 40757K(42956K)->40757K(42956K) Class: 5637K(7168K)->5637K(7168K)
[2023-11-03T13:15:39.555+0100][gc            ] GC(114) Pause Young (Normal) (G1 Evacuation Pause) 710M->281M(1024M) 14,237ms
[2023-11-03T13:15:39.555+0100][gc,cpu        ] GC(114) User=0,16s Sys=0,00s Real=0,02s
[2023-11-03T13:16:00.087+0100][gc,start      ] GC(115) Pause Young (Normal) (G1 Evacuation Pause)
[2023-11-03T13:16:00.087+0100][gc,task       ] GC(115) Using 13 workers of 13 for evacuation
[2023-11-03T13:16:00.101+0100][gc,phases     ] GC(115)   Pre Evacuate Collection Set: 0,0ms
[2023-11-03T13:16:00.101+0100][gc,phases     ] GC(115)   Evacuate Collection Set: 11,7ms
[2023-11-03T13:16:00.101+0100][gc,phases     ] GC(115)   Post Evacuate Collection Set: 1,1ms
[2023-11-03T13:16:00.101+0100][gc,phases     ] GC(115)   Other: 0,5ms
[2023-11-03T13:16:00.101+0100][gc,heap       ] GC(115) Eden regions: 333->0(543)
[2023-11-03T13:16:00.101+0100][gc,heap       ] GC(115) Survivor regions: 20->18(45)
[2023-11-03T13:16:00.101+0100][gc,heap       ] GC(115) Old regions: 135->135
[2023-11-03T13:16:00.101+0100][gc,heap       ] GC(115) Humongous regions: 129->129
[2023-11-03T13:16:00.101+0100][gc,metaspace  ] GC(115) Metaspace: 46395K(50124K)->46395K(50124K) NonClass: 40757K(42956K)->40757K(42956K) Class: 5637K(7168K)->5637K(7168K)
[2023-11-03T13:16:00.101+0100][gc            ] GC(115) Pause Young (Normal) (G1 Evacuation Pause) 614M->279M(1024M) 13,449ms
[2023-11-03T13:16:00.101+0100][gc,cpu        ] GC(115) User=0,15s Sys=0,00s Real=0,01s
[2023-11-03T13:16:24.118+0100][gc,start      ] GC(116) Pause Young (Normal) (G1 Evacuation Pause)
[2023-11-03T13:16:24.118+0100][gc,task       ] GC(116) Using 13 workers of 13 for evacuation
[2023-11-03T13:16:24.132+0100][gc,phases     ] GC(116)   Pre Evacuate Collection Set: 0,0ms
[2023-11-03T13:16:24.132+0100][gc,phases     ] GC(116)   Evacuate Collection Set: 12,7ms
[2023-11-03T13:16:24.132+0100][gc,phases     ] GC(116)   Post Evacuate Collection Set: 1,0ms
[2023-11-03T13:16:24.132+0100][gc,phases     ] GC(116)   Other: 0,4ms
[2023-11-03T13:16:24.132+0100][gc,heap       ] GC(116) Eden regions: 378->0(535)
[2023-11-03T13:16:24.132+0100][gc,heap       ] GC(116) Survivor regions: 18->18(50)
[2023-11-03T13:16:24.132+0100][gc,heap       ] GC(116) Old regions: 135->135
[2023-11-03T13:16:24.132+0100][gc,heap       ] GC(116) Humongous regions: 129->129
[2023-11-03T13:16:24.132+0100][gc,metaspace  ] GC(116) Metaspace: 46395K(50124K)->46395K(50124K) NonClass: 40757K(42956K)->40757K(42956K) Class: 5637K(7168K)->5637K(7168K)
[2023-11-03T13:16:24.132+0100][gc            ] GC(116) Pause Young (Normal) (G1 Evacuation Pause) 657M->279M(1024M) 14,266ms
[2023-11-03T13:16:24.132+0100][gc,cpu        ] GC(116) User=0,17s Sys=0,00s Real=0,01s
[2023-11-03T13:16:50.471+0100][gc,start      ] GC(117) Pause Young (Normal) (G1 Evacuation Pause)
[2023-11-03T13:16:50.471+0100][gc,task       ] GC(117) Using 13 workers of 13 for evacuation
[2023-11-03T13:16:50.486+0100][gc,phases     ] GC(117)   Pre Evacuate Collection Set: 0,0ms
[2023-11-03T13:16:50.486+0100][gc,phases     ] GC(117)   Evacuate Collection Set: 14,0ms
[2023-11-03T13:16:50.486+0100][gc,phases     ] GC(117)   Post Evacuate Collection Set: 1,1ms
[2023-11-03T13:16:50.486+0100][gc,phases     ] GC(117)   Other: 0,5ms
[2023-11-03T13:16:50.486+0100][gc,heap       ] GC(117) Eden regions: 422->0(500)
[2023-11-03T13:16:50.486+0100][gc,heap       ] GC(117) Survivor regions: 18->21(55)
[2023-11-03T13:16:50.486+0100][gc,heap       ] GC(117) Old regions: 135->135
[2023-11-03T13:16:50.486+0100][gc,heap       ] GC(117) Humongous regions: 129->129
[2023-11-03T13:16:50.486+0100][gc,metaspace  ] GC(117) Metaspace: 46395K(50124K)->46395K(50124K) NonClass: 40757K(42956K)->40757K(42956K) Class: 5637K(7168K)->5637K(7168K)
[2023-11-03T13:16:50.486+0100][gc            ] GC(117) Pause Young (Normal) (G1 Evacuation Pause) 701M->282M(1024M) 15,641ms
[2023-11-03T13:16:50.486+0100][gc,cpu        ] GC(117) User=0,18s Sys=0,01s Real=0,02s
[2023-11-03T13:17:13.784+0100][gc,start      ] GC(118) Pause Young (Normal) (G1 Evacuation Pause)
[2023-11-03T13:17:13.784+0100][gc,task       ] GC(118) Using 13 workers of 13 for evacuation
[2023-11-03T13:17:13.800+0100][gc,phases     ] GC(118)   Pre Evacuate Collection Set: 0,0ms
[2023-11-03T13:17:13.800+0100][gc,phases     ] GC(118)   Evacuate Collection Set: 14,2ms
[2023-11-03T13:17:13.800+0100][gc,phases     ] GC(118)   Post Evacuate Collection Set: 1,1ms
[2023-11-03T13:17:13.800+0100][gc,phases     ] GC(118)   Other: 0,4ms
[2023-11-03T13:17:13.800+0100][gc,heap       ] GC(118) Eden regions: 376->0(477)
[2023-11-03T13:17:13.800+0100][gc,heap       ] GC(118) Survivor regions: 21->22(50)
[2023-11-03T13:17:13.800+0100][gc,heap       ] GC(118) Old regions: 135->135
[2023-11-03T13:17:13.800+0100][gc,heap       ] GC(118) Humongous regions: 129->129
[2023-11-03T13:17:13.800+0100][gc,metaspace  ] GC(118) Metaspace: 46395K(50124K)->46395K(50124K) NonClass: 40757K(42956K)->40757K(42956K) Class: 5637K(7168K)->5637K(7168K)
[2023-11-03T13:17:13.800+0100][gc            ] GC(118) Pause Young (Normal) (G1 Evacuation Pause) 658M->283M(1024M) 15,873ms
[2023-11-03T13:17:13.800+0100][gc,cpu        ] GC(118) User=0,19s Sys=0,00s Real=0,02s
[2023-11-03T13:17:35.672+0100][gc,start      ] GC(119) Pause Young (Normal) (G1 Evacuation Pause)
[2023-11-03T13:17:35.672+0100][gc,task       ] GC(119) Using 13 workers of 13 for evacuation
[2023-11-03T13:17:35.689+0100][gc,phases     ] GC(119)   Pre Evacuate Collection Set: 0,0ms
[2023-11-03T13:17:35.689+0100][gc,phases     ] GC(119)   Evacuate Collection Set: 15,6ms
[2023-11-03T13:17:35.689+0100][gc,phases     ] GC(119)   Post Evacuate Collection Set: 1,1ms
[2023-11-03T13:17:35.689+0100][gc,phases     ] GC(119)   Other: 0,5ms
[2023-11-03T13:17:35.689+0100][gc,heap       ] GC(119) Eden regions: 367->0(456)
[2023-11-03T13:17:35.689+0100][gc,heap       ] GC(119) Survivor regions: 22->22(49)
[2023-11-03T13:17:35.689+0100][gc,heap       ] GC(119) Old regions: 135->135
[2023-11-03T13:17:35.689+0100][gc,heap       ] GC(119) Humongous regions: 129->129
[2023-11-03T13:17:35.689+0100][gc,metaspace  ] GC(119) Metaspace: 46395K(50124K)->46395K(50124K) NonClass: 40757K(42956K)->40757K(42956K) Class: 5637K(7168K)->5637K(7168K)
[2023-11-03T13:17:35.689+0100][gc            ] GC(119) Pause Young (Normal) (G1 Evacuation Pause) 650M->283M(1024M) 17,346ms
[2023-11-03T13:17:35.690+0100][gc,cpu        ] GC(119) User=0,20s Sys=0,00s Real=0,02s
[2023-11-03T13:19:12.060+0100][gc,start      ] GC(120) Pause Young (Normal) (G1 Evacuation Pause)
[2023-11-03T13:19:12.060+0100][gc,task       ] GC(120) Using 13 workers of 13 for evacuation
[2023-11-03T13:19:12.078+0100][gc,phases     ] GC(120)   Pre Evacuate Collection Set: 0,0ms
[2023-11-03T13:19:12.078+0100][gc,phases     ] GC(120)   Evacuate Collection Set: 16,7ms
[2023-11-03T13:19:12.078+0100][gc,phases     ] GC(120)   Post Evacuate Collection Set: 0,9ms
[2023-11-03T13:19:12.078+0100][gc,phases     ] GC(120)   Other: 0,4ms
[2023-11-03T13:19:12.078+0100][gc,heap       ] GC(120) Eden regions: 456->0(444)
[2023-11-03T13:19:12.078+0100][gc,heap       ] GC(120) Survivor regions: 22->29(60)
[2023-11-03T13:19:12.078+0100][gc,heap       ] GC(120) Old regions: 135->135
[2023-11-03T13:19:12.078+0100][gc,heap       ] GC(120) Humongous regions: 129->129
[2023-11-03T13:19:12.078+0100][gc,metaspace  ] GC(120) Metaspace: 46395K(50124K)->46395K(50124K) NonClass: 40757K(42956K)->40757K(42956K) Class: 5637K(7168K)->5637K(7168K)
[2023-11-03T13:19:12.078+0100][gc            ] GC(120) Pause Young (Normal) (G1 Evacuation Pause) 739M->290M(1024M) 18,094ms
[2023-11-03T13:19:12.078+0100][gc,cpu        ] GC(120) User=0,22s Sys=0,00s Real=0,02s
[2023-11-03T13:19:39.948+0100][gc,start      ] GC(121) Pause Young (Normal) (G1 Evacuation Pause)
[2023-11-03T13:19:39.948+0100][gc,task       ] GC(121) Using 13 workers of 13 for evacuation
[2023-11-03T13:19:39.970+0100][gc,mmu        ] GC(121) MMU target violated: 21,0ms (20,0ms/21,0ms)
[2023-11-03T13:19:39.970+0100][gc,phases     ] GC(121)   Pre Evacuate Collection Set: 0,0ms
[2023-11-03T13:19:39.970+0100][gc,phases     ] GC(121)   Evacuate Collection Set: 20,3ms
[2023-11-03T13:19:39.970+0100][gc,phases     ] GC(121)   Post Evacuate Collection Set: 1,1ms
[2023-11-03T13:19:39.970+0100][gc,phases     ] GC(121)   Other: 0,5ms
[2023-11-03T13:19:39.970+0100][gc,heap       ] GC(121) Eden regions: 444->0(288)
[2023-11-03T13:19:39.970+0100][gc,heap       ] GC(121) Survivor regions: 29->34(60)
[2023-11-03T13:19:39.970+0100][gc,heap       ] GC(121) Old regions: 135->135
[2023-11-03T13:19:39.970+0100][gc,heap       ] GC(121) Humongous regions: 129->129
[2023-11-03T13:19:39.970+0100][gc,metaspace  ] GC(121) Metaspace: 46395K(50124K)->46395K(50124K) NonClass: 40757K(42956K)->40757K(42956K) Class: 5637K(7168K)->5637K(7168K)
[2023-11-03T13:19:39.970+0100][gc            ] GC(121) Pause Young (Normal) (G1 Evacuation Pause) 734M->295M(1024M) 22,027ms
[2023-11-03T13:19:39.970+0100][gc,cpu        ] GC(121) User=0,27s Sys=0,00s Real=0,02s
[2023-11-03T13:23:47.659+0100][gc,start      ] GC(122) Pause Young (Normal) (G1 Evacuation Pause)
[2023-11-03T13:23:47.659+0100][gc,task       ] GC(122) Using 13 workers of 13 for evacuation
[2023-11-03T13:23:47.680+0100][gc,mmu        ] GC(122) MMU target violated: 20,2ms (20,0ms/21,0ms)
[2023-11-03T13:23:47.680+0100][gc,phases     ] GC(122)   Pre Evacuate Collection Set: 0,0ms
[2023-11-03T13:23:47.680+0100][gc,phases     ] GC(122)   Evacuate Collection Set: 19,1ms
[2023-11-03T13:23:47.680+0100][gc,phases     ] GC(122)   Post Evacuate Collection Set: 0,9ms
[2023-11-03T13:23:47.680+0100][gc,phases     ] GC(122)   Other: 0,5ms
[2023-11-03T13:23:47.680+0100][gc,heap       ] GC(122) Eden regions: 288->0(319)
[2023-11-03T13:23:47.680+0100][gc,heap       ] GC(122) Survivor regions: 34->20(41)
[2023-11-03T13:23:47.680+0100][gc,heap       ] GC(122) Old regions: 135->148
[2023-11-03T13:23:47.680+0100][gc,heap       ] GC(122) Humongous regions: 129->129
[2023-11-03T13:23:47.680+0100][gc,metaspace  ] GC(122) Metaspace: 46395K(50124K)->46395K(50124K) NonClass: 40757K(42956K)->40757K(42956K) Class: 5637K(7168K)->5637K(7168K)
[2023-11-03T13:23:47.680+0100][gc            ] GC(122) Pause Young (Normal) (G1 Evacuation Pause) 583M->294M(1024M) 20,531ms
[2023-11-03T13:23:47.680+0100][gc,cpu        ] GC(122) User=0,25s Sys=0,00s Real=0,02s
[2023-11-03T13:24:17.620+0100][gc,start      ] GC(123) Pause Young (Normal) (G1 Evacuation Pause)
[2023-11-03T13:24:17.620+0100][gc,task       ] GC(123) Using 13 workers of 13 for evacuation
[2023-11-03T13:24:17.633+0100][gc,phases     ] GC(123)   Pre Evacuate Collection Set: 0,0ms
[2023-11-03T13:24:17.633+0100][gc,phases     ] GC(123)   Evacuate Collection Set: 11,9ms
[2023-11-03T13:24:17.633+0100][gc,phases     ] GC(123)   Post Evacuate Collection Set: 0,9ms
[2023-11-03T13:24:17.633+0100][gc,phases     ] GC(123)   Other: 0,4ms
[2023-11-03T13:24:17.633+0100][gc,heap       ] GC(123) Eden regions: 319->0(361)
[2023-11-03T13:24:17.633+0100][gc,heap       ] GC(123) Survivor regions: 20->20(43)
[2023-11-03T13:24:17.633+0100][gc,heap       ] GC(123) Old regions: 148->148
[2023-11-03T13:24:17.633+0100][gc,heap       ] GC(123) Humongous regions: 129->129
[2023-11-03T13:24:17.633+0100][gc,metaspace  ] GC(123) Metaspace: 46395K(50124K)->46395K(50124K) NonClass: 40757K(42956K)->40757K(42956K) Class: 5637K(7168K)->5637K(7168K)
[2023-11-03T13:24:17.633+0100][gc            ] GC(123) Pause Young (Normal) (G1 Evacuation Pause) 613M->294M(1024M) 13,371ms
[2023-11-03T13:24:17.633+0100][gc,cpu        ] GC(123) User=0,15s Sys=0,00s Real=0,01s
[2023-11-03T13:24:51.213+0100][gc,start      ] GC(124) Pause Young (Normal) (G1 Evacuation Pause)
[2023-11-03T13:24:51.213+0100][gc,task       ] GC(124) Using 13 workers of 13 for evacuation
[2023-11-03T13:24:51.230+0100][gc,phases     ] GC(124)   Pre Evacuate Collection Set: 0,0ms
[2023-11-03T13:24:51.231+0100][gc,phases     ] GC(124)   Evacuate Collection Set: 15,9ms
[2023-11-03T13:24:51.231+0100][gc,phases     ] GC(124)   Post Evacuate Collection Set: 1,2ms
[2023-11-03T13:24:51.231+0100][gc,phases     ] GC(124)   Other: 0,5ms
[2023-11-03T13:24:51.231+0100][gc,heap       ] GC(124) Eden regions: 361->0(369)
[2023-11-03T13:24:51.231+0100][gc,heap       ] GC(124) Survivor regions: 20->25(48)
[2023-11-03T13:24:51.231+0100][gc,heap       ] GC(124) Old regions: 148->148
[2023-11-03T13:24:51.231+0100][gc,heap       ] GC(124) Humongous regions: 129->129
[2023-11-03T13:24:51.231+0100][gc,metaspace  ] GC(124) Metaspace: 46395K(50124K)->46395K(50124K) NonClass: 40757K(42956K)->40757K(42956K) Class: 5637K(7168K)->5637K(7168K)
[2023-11-03T13:24:51.231+0100][gc            ] GC(124) Pause Young (Normal) (G1 Evacuation Pause) 655M->299M(1024M) 17,721ms
[2023-11-03T13:24:51.231+0100][gc,cpu        ] GC(124) User=0,18s Sys=0,00s Real=0,02s
[2023-11-03T13:25:25.772+0100][gc,start      ] GC(125) Pause Young (Normal) (G1 Evacuation Pause)
[2023-11-03T13:25:25.772+0100][gc,task       ] GC(125) Using 13 workers of 13 for evacuation
[2023-11-03T13:25:25.789+0100][gc,phases     ] GC(125)   Pre Evacuate Collection Set: 0,0ms
[2023-11-03T13:25:25.789+0100][gc,phases     ] GC(125)   Evacuate Collection Set: 15,6ms
[2023-11-03T13:25:25.789+0100][gc,phases     ] GC(125)   Post Evacuate Collection Set: 1,0ms
[2023-11-03T13:25:25.789+0100][gc,phases     ] GC(125)   Other: 0,4ms
[2023-11-03T13:25:25.789+0100][gc,heap       ] GC(125) Eden regions: 369->0(362)
[2023-11-03T13:25:25.789+0100][gc,heap       ] GC(125) Survivor regions: 25->31(50)
[2023-11-03T13:25:25.789+0100][gc,heap       ] GC(125) Old regions: 148->148
[2023-11-03T13:25:25.789+0100][gc,heap       ] GC(125) Humongous regions: 129->129
[2023-11-03T13:25:25.789+0100][gc,metaspace  ] GC(125) Metaspace: 46395K(50124K)->46395K(50124K) NonClass: 40757K(42956K)->40757K(42956K) Class: 5637K(7168K)->5637K(7168K)
[2023-11-03T13:25:25.789+0100][gc            ] GC(125) Pause Young (Normal) (G1 Evacuation Pause) 668M->305M(1024M) 17,141ms
[2023-11-03T13:25:25.789+0100][gc,cpu        ] GC(125) User=0,20s Sys=0,00s Real=0,02s
[2023-11-03T13:26:00.332+0100][gc,start      ] GC(126) Pause Young (Normal) (G1 Evacuation Pause)
[2023-11-03T13:26:00.333+0100][gc,task       ] GC(126) Using 13 workers of 13 for evacuation
[2023-11-03T13:26:00.352+0100][gc,phases     ] GC(126)   Pre Evacuate Collection Set: 0,0ms
[2023-11-03T13:26:00.352+0100][gc,phases     ] GC(126)   Evacuate Collection Set: 18,0ms
[2023-11-03T13:26:00.352+0100][gc,phases     ] GC(126)   Post Evacuate Collection Set: 1,0ms
[2023-11-03T13:26:00.352+0100][gc,phases     ] GC(126)   Other: 0,4ms
[2023-11-03T13:26:00.352+0100][gc,heap       ] GC(126) Eden regions: 362->0(333)
[2023-11-03T13:26:00.352+0100][gc,heap       ] GC(126) Survivor regions: 31->29(50)
[2023-11-03T13:26:00.352+0100][gc,heap       ] GC(126) Old regions: 148->153
[2023-11-03T13:26:00.352+0100][gc,heap       ] GC(126) Humongous regions: 129->129
[2023-11-03T13:26:00.352+0100][gc,metaspace  ] GC(126) Metaspace: 46395K(50124K)->46395K(50124K) NonClass: 40757K(42956K)->40757K(42956K) Class: 5637K(7168K)->5637K(7168K)
[2023-11-03T13:26:00.352+0100][gc            ] GC(126) Pause Young (Normal) (G1 Evacuation Pause) 667M->309M(1024M) 19,555ms
[2023-11-03T13:26:00.352+0100][gc,cpu        ] GC(126) User=0,23s Sys=0,00s Real=0,02s
[2023-11-03T13:26:31.386+0100][gc,start      ] GC(127) Pause Young (Normal) (G1 Evacuation Pause)
[2023-11-03T13:26:31.386+0100][gc,task       ] GC(127) Using 13 workers of 13 for evacuation
[2023-11-03T13:26:31.403+0100][gc,phases     ] GC(127)   Pre Evacuate Collection Set: 0,0ms
[2023-11-03T13:26:31.403+0100][gc,phases     ] GC(127)   Evacuate Collection Set: 16,2ms
[2023-11-03T13:26:31.403+0100][gc,phases     ] GC(127)   Post Evacuate Collection Set: 1,1ms
[2023-11-03T13:26:31.403+0100][gc,phases     ] GC(127)   Other: 0,5ms
[2023-11-03T13:26:31.403+0100][gc,heap       ] GC(127) Eden regions: 333->0(365)
[2023-11-03T13:26:31.403+0100][gc,heap       ] GC(127) Survivor regions: 29->25(46)
[2023-11-03T13:26:31.403+0100][gc,heap       ] GC(127) Old regions: 153->159
[2023-11-03T13:26:31.404+0100][gc,heap       ] GC(127) Humongous regions: 129->129
[2023-11-03T13:26:31.404+0100][gc,metaspace  ] GC(127) Metaspace: 46395K(50124K)->46395K(50124K) NonClass: 40757K(42956K)->40757K(42956K) Class: 5637K(7168K)->5637K(7168K)
[2023-11-03T13:26:31.404+0100][gc            ] GC(127) Pause Young (Normal) (G1 Evacuation Pause) 642M->311M(1024M) 17,932ms
[2023-11-03T13:26:31.404+0100][gc,cpu        ] GC(127) User=0,21s Sys=0,00s Real=0,02s
[2023-11-03T13:27:06.162+0100][gc,start      ] GC(128) Pause Young (Normal) (G1 Evacuation Pause)
[2023-11-03T13:27:06.162+0100][gc,task       ] GC(128) Using 13 workers of 13 for evacuation
[2023-11-03T13:27:06.180+0100][gc,phases     ] GC(128)   Pre Evacuate Collection Set: 0,0ms
[2023-11-03T13:27:06.180+0100][gc,phases     ] GC(128)   Evacuate Collection Set: 16,4ms
[2023-11-03T13:27:06.180+0100][gc,phases     ] GC(128)   Post Evacuate Collection Set: 1,0ms
[2023-11-03T13:27:06.180+0100][gc,phases     ] GC(128)   Other: 0,5ms
[2023-11-03T13:27:06.180+0100][gc,heap       ] GC(128) Eden regions: 365->0(327)
[2023-11-03T13:27:06.180+0100][gc,heap       ] GC(128) Survivor regions: 25->30(49)
[2023-11-03T13:27:06.180+0100][gc,heap       ] GC(128) Old regions: 159->159
[2023-11-03T13:27:06.180+0100][gc,heap       ] GC(128) Humongous regions: 129->129
[2023-11-03T13:27:06.180+0100][gc,metaspace  ] GC(128) Metaspace: 46395K(50124K)->46395K(50124K) NonClass: 40757K(42956K)->40757K(42956K) Class: 5637K(7168K)->5637K(7168K)
[2023-11-03T13:27:06.180+0100][gc            ] GC(128) Pause Young (Normal) (G1 Evacuation Pause) 676M->315M(1024M) 18,042ms
[2023-11-03T13:27:06.180+0100][gc,cpu        ] GC(128) User=0,21s Sys=0,00s Real=0,02s
[2023-11-03T13:27:26.448+0100][gc,start      ] GC(129) Pause Young (Normal) (G1 Evacuation Pause)
[2023-11-03T13:27:26.448+0100][gc,task       ] GC(129) Using 13 workers of 13 for evacuation
[2023-11-03T13:27:26.462+0100][gc,phases     ] GC(129)   Pre Evacuate Collection Set: 0,0ms
[2023-11-03T13:27:26.462+0100][gc,phases     ] GC(129)   Evacuate Collection Set: 12,2ms
[2023-11-03T13:27:26.462+0100][gc,phases     ] GC(129)   Post Evacuate Collection Set: 0,8ms
[2023-11-03T13:27:26.462+0100][gc,phases     ] GC(129)   Other: 0,4ms
[2023-11-03T13:27:26.462+0100][gc,heap       ] GC(129) Eden regions: 213->0(432)
[2023-11-03T13:27:26.462+0100][gc,heap       ] GC(129) Survivor regions: 30->15(31)
[2023-11-03T13:27:26.462+0100][gc,heap       ] GC(129) Old regions: 159->167
[2023-11-03T13:27:26.462+0100][gc,heap       ] GC(129) Humongous regions: 129->129
[2023-11-03T13:27:26.462+0100][gc,metaspace  ] GC(129) Metaspace: 46395K(50124K)->46395K(50124K) NonClass: 40758K(42956K)->40758K(42956K) Class: 5637K(7168K)->5637K(7168K)
[2023-11-03T13:27:26.462+0100][gc            ] GC(129) Pause Young (Normal) (G1 Evacuation Pause) 528M->308M(1024M) 13,555ms
[2023-11-03T13:27:26.462+0100][gc,cpu        ] GC(129) User=0,16s Sys=0,00s Real=0,01s
[2023-11-03T13:31:49.059+0100][gc,start      ] GC(130) Pause Young (Normal) (G1 Evacuation Pause)
[2023-11-03T13:31:49.059+0100][gc,task       ] GC(130) Using 13 workers of 13 for evacuation
[2023-11-03T13:31:49.071+0100][gc,phases     ] GC(130)   Pre Evacuate Collection Set: 0,0ms
[2023-11-03T13:31:49.071+0100][gc,phases     ] GC(130)   Evacuate Collection Set: 10,3ms
[2023-11-03T13:31:49.071+0100][gc,phases     ] GC(130)   Post Evacuate Collection Set: 1,3ms
[2023-11-03T13:31:49.071+0100][gc,phases     ] GC(130)   Other: 0,5ms
[2023-11-03T13:31:49.071+0100][gc,heap       ] GC(130) Eden regions: 374->0(470)
[2023-11-03T13:31:49.071+0100][gc,heap       ] GC(130) Survivor regions: 15->13(49)
[2023-11-03T13:31:49.071+0100][gc,heap       ] GC(130) Old regions: 167->167
[2023-11-03T13:31:49.071+0100][gc,heap       ] GC(130) Humongous regions: 129->129
[2023-11-03T13:31:49.071+0100][gc,metaspace  ] GC(130) Metaspace: 47580K(51148K)->47580K(51148K) NonClass: 41657K(43724K)->41657K(43724K) Class: 5923K(7424K)->5923K(7424K)
[2023-11-03T13:31:49.071+0100][gc            ] GC(130) Pause Young (Normal) (G1 Evacuation Pause) 682M->306M(1024M) 12,125ms
[2023-11-03T13:31:49.071+0100][gc,cpu        ] GC(130) User=0,13s Sys=0,00s Real=0,01s
[2023-11-03T13:32:51.316+0100][gc,start      ] GC(131) Pause Young (Normal) (G1 Evacuation Pause)
[2023-11-03T13:32:51.316+0100][gc,task       ] GC(131) Using 13 workers of 13 for evacuation
[2023-11-03T13:32:51.333+0100][gc,phases     ] GC(131)   Pre Evacuate Collection Set: 0,0ms
[2023-11-03T13:32:51.333+0100][gc,phases     ] GC(131)   Evacuate Collection Set: 15,8ms
[2023-11-03T13:32:51.333+0100][gc,phases     ] GC(131)   Post Evacuate Collection Set: 1,1ms
[2023-11-03T13:32:51.333+0100][gc,phases     ] GC(131)   Other: 0,5ms
[2023-11-03T13:32:51.333+0100][gc,heap       ] GC(131) Eden regions: 444->0(421)
[2023-11-03T13:32:51.333+0100][gc,heap       ] GC(131) Survivor regions: 13->25(58)
[2023-11-03T13:32:51.333+0100][gc,heap       ] GC(131) Old regions: 167->167
[2023-11-03T13:32:51.333+0100][gc,heap       ] GC(131) Humongous regions: 129->129
[2023-11-03T13:32:51.333+0100][gc,metaspace  ] GC(131) Metaspace: 47591K(51148K)->47591K(51148K) NonClass: 41668K(43724K)->41668K(43724K) Class: 5923K(7424K)->5923K(7424K)
[2023-11-03T13:32:51.334+0100][gc            ] GC(131) Pause Young (Normal) (G1 Evacuation Pause) 750M->319M(1024M) 17,518ms
[2023-11-03T13:32:51.334+0100][gc,cpu        ] GC(131) User=0,21s Sys=0,00s Real=0,01s
[2023-11-03T13:33:15.409+0100][gc,start      ] GC(132) Pause Young (Normal) (G1 Evacuation Pause)
[2023-11-03T13:33:15.409+0100][gc,task       ] GC(132) Using 13 workers of 13 for evacuation
[2023-11-03T13:33:15.427+0100][gc,phases     ] GC(132)   Pre Evacuate Collection Set: 0,0ms
[2023-11-03T13:33:15.427+0100][gc,phases     ] GC(132)   Evacuate Collection Set: 16,4ms
[2023-11-03T13:33:15.427+0100][gc,phases     ] GC(132)   Post Evacuate Collection Set: 1,3ms
[2023-11-03T13:33:15.427+0100][gc,phases     ] GC(132)   Other: 0,4ms
[2023-11-03T13:33:15.427+0100][gc,heap       ] GC(132) Eden regions: 421->0(405)
[2023-11-03T13:33:15.427+0100][gc,heap       ] GC(132) Survivor regions: 25->29(56)
[2023-11-03T13:33:15.427+0100][gc,heap       ] GC(132) Old regions: 167->167
[2023-11-03T13:33:15.427+0100][gc,heap       ] GC(132) Humongous regions: 129->129
[2023-11-03T13:33:15.427+0100][gc,metaspace  ] GC(132) Metaspace: 47591K(51148K)->47591K(51148K) NonClass: 41668K(43724K)->41668K(43724K) Class: 5923K(7424K)->5923K(7424K)
[2023-11-03T13:33:15.427+0100][gc            ] GC(132) Pause Young (Normal) (G1 Evacuation Pause) 740M->323M(1024M) 18,263ms
[2023-11-03T13:33:15.427+0100][gc,cpu        ] GC(132) User=0,21s Sys=0,00s Real=0,02s
[2023-11-03T13:33:54.501+0100][gc,start      ] GC(133) Pause Young (Normal) (G1 Evacuation Pause)
[2023-11-03T13:33:54.501+0100][gc,task       ] GC(133) Using 13 workers of 13 for evacuation
[2023-11-03T13:33:54.517+0100][gc,phases     ] GC(133)   Pre Evacuate Collection Set: 0,0ms
[2023-11-03T13:33:54.517+0100][gc,phases     ] GC(133)   Evacuate Collection Set: 15,7ms
[2023-11-03T13:33:54.517+0100][gc,phases     ] GC(133)   Post Evacuate Collection Set: 0,7ms
[2023-11-03T13:33:54.517+0100][gc,phases     ] GC(133)   Other: 0,3ms
[2023-11-03T13:33:54.517+0100][gc,heap       ] GC(133) Eden regions: 405->0(324)
[2023-11-03T13:33:54.517+0100][gc,heap       ] GC(133) Survivor regions: 29->43(55)
[2023-11-03T13:33:54.517+0100][gc,heap       ] GC(133) Old regions: 167->167
[2023-11-03T13:33:54.517+0100][gc,heap       ] GC(133) Humongous regions: 129->129
[2023-11-03T13:33:54.517+0100][gc,metaspace  ] GC(133) Metaspace: 47591K(51148K)->47591K(51148K) NonClass: 41668K(43724K)->41668K(43724K) Class: 5923K(7424K)->5923K(7424K)
[2023-11-03T13:33:54.517+0100][gc            ] GC(133) Pause Young (Normal) (G1 Evacuation Pause) 728M->336M(1024M) 16,671ms
[2023-11-03T13:33:54.517+0100][gc,cpu        ] GC(133) User=0,19s Sys=0,00s Real=0,02s
[2023-11-03T13:38:55.365+0100][gc,start      ] GC(134) Pause Young (Normal) (G1 Evacuation Pause)
[2023-11-03T13:38:55.365+0100][gc,task       ] GC(134) Using 13 workers of 13 for evacuation
[2023-11-03T13:38:55.392+0100][gc,mmu        ] GC(134) MMU target violated: 21,0ms (20,0ms/21,0ms)
[2023-11-03T13:38:55.392+0100][gc,phases     ] GC(134)   Pre Evacuate Collection Set: 0,0ms
[2023-11-03T13:38:55.392+0100][gc,phases     ] GC(134)   Evacuate Collection Set: 25,4ms
[2023-11-03T13:38:55.392+0100][gc,phases     ] GC(134)   Post Evacuate Collection Set: 1,0ms
[2023-11-03T13:38:55.392+0100][gc,phases     ] GC(134)   Other: 0,5ms
[2023-11-03T13:38:55.392+0100][gc,heap       ] GC(134) Eden regions: 324->0(207)
[2023-11-03T13:38:55.392+0100][gc,heap       ] GC(134) Survivor regions: 43->33(46)
[2023-11-03T13:38:55.392+0100][gc,heap       ] GC(134) Old regions: 167->181
[2023-11-03T13:38:55.392+0100][gc,heap       ] GC(134) Humongous regions: 129->129
[2023-11-03T13:38:55.392+0100][gc,metaspace  ] GC(134) Metaspace: 47591K(51148K)->47591K(51148K) NonClass: 41668K(43724K)->41668K(43724K) Class: 5923K(7424K)->5923K(7424K)
[2023-11-03T13:38:55.392+0100][gc            ] GC(134) Pause Young (Normal) (G1 Evacuation Pause) 660M->341M(1024M) 27,036ms
[2023-11-03T13:38:55.392+0100][gc,cpu        ] GC(134) User=0,31s Sys=0,01s Real=0,03s
[2023-11-03T13:41:07.669+0100][gc,start      ] GC(135) Pause Young (Normal) (G1 Evacuation Pause)
[2023-11-03T13:41:07.669+0100][gc,task       ] GC(135) Using 13 workers of 13 for evacuation
[2023-11-03T13:41:07.682+0100][gc,phases     ] GC(135)   Pre Evacuate Collection Set: 0,0ms
[2023-11-03T13:41:07.682+0100][gc,phases     ] GC(135)   Evacuate Collection Set: 11,3ms
[2023-11-03T13:41:07.682+0100][gc,phases     ] GC(135)   Post Evacuate Collection Set: 0,8ms
[2023-11-03T13:41:07.682+0100][gc,phases     ] GC(135)   Other: 0,4ms
[2023-11-03T13:41:07.682+0100][gc,heap       ] GC(135) Eden regions: 207->0(394)
[2023-11-03T13:41:07.682+0100][gc,heap       ] GC(135) Survivor regions: 33->18(30)
[2023-11-03T13:41:07.682+0100][gc,heap       ] GC(135) Old regions: 181->184
[2023-11-03T13:41:07.682+0100][gc,heap       ] GC(135) Humongous regions: 129->129
[2023-11-03T13:41:07.682+0100][gc,metaspace  ] GC(135) Metaspace: 47614K(51148K)->47614K(51148K) NonClass: 41691K(43724K)->41691K(43724K) Class: 5923K(7424K)->5923K(7424K)
[2023-11-03T13:41:07.682+0100][gc            ] GC(135) Pause Young (Normal) (G1 Evacuation Pause) 548M->328M(1024M) 12,724ms
[2023-11-03T13:41:07.682+0100][gc,cpu        ] GC(135) User=0,14s Sys=0,00s Real=0,01s
[2023-11-03T13:41:30.914+0100][gc,start      ] GC(136) Pause Young (Normal) (G1 Evacuation Pause)
[2023-11-03T13:41:30.914+0100][gc,task       ] GC(136) Using 13 workers of 13 for evacuation
[2023-11-03T13:41:30.929+0100][gc,phases     ] GC(136)   Pre Evacuate Collection Set: 0,0ms
[2023-11-03T13:41:30.930+0100][gc,phases     ] GC(136)   Evacuate Collection Set: 14,1ms
[2023-11-03T13:41:30.930+0100][gc,phases     ] GC(136)   Post Evacuate Collection Set: 0,9ms
[2023-11-03T13:41:30.930+0100][gc,phases     ] GC(136)   Other: 0,4ms
[2023-11-03T13:41:30.930+0100][gc,heap       ] GC(136) Eden regions: 394->0(405)
[2023-11-03T13:41:30.930+0100][gc,heap       ] GC(136) Survivor regions: 18->22(52)
[2023-11-03T13:41:30.930+0100][gc,heap       ] GC(136) Old regions: 184->184
[2023-11-03T13:41:30.930+0100][gc,heap       ] GC(136) Humongous regions: 129->129
[2023-11-03T13:41:30.930+0100][gc,metaspace  ] GC(136) Metaspace: 47614K(51148K)->47614K(51148K) NonClass: 41691K(43724K)->41691K(43724K) Class: 5923K(7424K)->5923K(7424K)
[2023-11-03T13:41:30.930+0100][gc            ] GC(136) Pause Young (Normal) (G1 Evacuation Pause) 722M->332M(1024M) 15,568ms
[2023-11-03T13:41:30.930+0100][gc,cpu        ] GC(136) User=0,17s Sys=0,00s Real=0,01s
[2023-11-03T13:41:57.067+0100][gc,start      ] GC(137) Pause Young (Normal) (G1 Evacuation Pause)
[2023-11-03T13:41:57.067+0100][gc,task       ] GC(137) Using 13 workers of 13 for evacuation
[2023-11-03T13:41:57.082+0100][gc,phases     ] GC(137)   Pre Evacuate Collection Set: 0,0ms
[2023-11-03T13:41:57.082+0100][gc,phases     ] GC(137)   Evacuate Collection Set: 13,6ms
[2023-11-03T13:41:57.082+0100][gc,phases     ] GC(137)   Post Evacuate Collection Set: 1,0ms
[2023-11-03T13:41:57.082+0100][gc,phases     ] GC(137)   Other: 0,4ms
[2023-11-03T13:41:57.082+0100][gc,heap       ] GC(137) Eden regions: 405->0(426)
[2023-11-03T13:41:57.082+0100][gc,heap       ] GC(137) Survivor regions: 22->27(54)
[2023-11-03T13:41:57.082+0100][gc,heap       ] GC(137) Old regions: 184->184
[2023-11-03T13:41:57.082+0100][gc,heap       ] GC(137) Humongous regions: 129->129
[2023-11-03T13:41:57.083+0100][gc,metaspace  ] GC(137) Metaspace: 47614K(51148K)->47614K(51148K) NonClass: 41691K(43724K)->41691K(43724K) Class: 5923K(7424K)->5923K(7424K)
[2023-11-03T13:41:57.083+0100][gc            ] GC(137) Pause Young (Normal) (G1 Evacuation Pause) 737M->337M(1024M) 15,229ms
[2023-11-03T13:41:57.083+0100][gc,cpu        ] GC(137) User=0,17s Sys=0,01s Real=0,01s
[2023-11-03T13:42:21.388+0100][gc,start      ] GC(138) Pause Young (Normal) (G1 Evacuation Pause)
[2023-11-03T13:42:21.389+0100][gc,task       ] GC(138) Using 13 workers of 13 for evacuation
[2023-11-03T13:42:21.406+0100][gc,phases     ] GC(138)   Pre Evacuate Collection Set: 0,0ms
[2023-11-03T13:42:21.406+0100][gc,phases     ] GC(138)   Evacuate Collection Set: 16,5ms
[2023-11-03T13:42:21.406+0100][gc,phases     ] GC(138)   Post Evacuate Collection Set: 1,0ms
[2023-11-03T13:42:21.406+0100][gc,phases     ] GC(138)   Other: 0,5ms
[2023-11-03T13:42:21.406+0100][gc,heap       ] GC(138) Eden regions: 426->0(406)
[2023-11-03T13:42:21.406+0100][gc,heap       ] GC(138) Survivor regions: 27->31(57)
[2023-11-03T13:42:21.406+0100][gc,heap       ] GC(138) Old regions: 184->184
[2023-11-03T13:42:21.406+0100][gc,heap       ] GC(138) Humongous regions: 129->129
[2023-11-03T13:42:21.406+0100][gc,metaspace  ] GC(138) Metaspace: 47614K(51148K)->47614K(51148K) NonClass: 41691K(43724K)->41691K(43724K) Class: 5923K(7424K)->5923K(7424K)
[2023-11-03T13:42:21.406+0100][gc            ] GC(138) Pause Young (Normal) (G1 Evacuation Pause) 763M->341M(1024M) 18,083ms
[2023-11-03T13:42:21.407+0100][gc,cpu        ] GC(138) User=0,21s Sys=0,00s Real=0,02s
[2023-11-03T13:42:58.139+0100][gc,start      ] GC(139) Pause Young (Normal) (G1 Evacuation Pause)
[2023-11-03T13:42:58.139+0100][gc,task       ] GC(139) Using 13 workers of 13 for evacuation
[2023-11-03T13:42:58.160+0100][gc,mmu        ] GC(139) MMU target violated: 21,0ms (20,0ms/21,0ms)
[2023-11-03T13:42:58.161+0100][gc,phases     ] GC(139)   Pre Evacuate Collection Set: 0,0ms
[2023-11-03T13:42:58.161+0100][gc,phases     ] GC(139)   Evacuate Collection Set: 20,0ms
[2023-11-03T13:42:58.161+0100][gc,phases     ] GC(139)   Post Evacuate Collection Set: 1,0ms
[2023-11-03T13:42:58.161+0100][gc,phases     ] GC(139)   Other: 0,5ms
[2023-11-03T13:42:58.161+0100][gc,heap       ] GC(139) Eden regions: 406->0(239)
[2023-11-03T13:42:58.161+0100][gc,heap       ] GC(139) Survivor regions: 31->38(55)
[2023-11-03T13:42:58.161+0100][gc,heap       ] GC(139) Old regions: 184->187
[2023-11-03T13:42:58.161+0100][gc,heap       ] GC(139) Humongous regions: 129->129
[2023-11-03T13:42:58.161+0100][gc,metaspace  ] GC(139) Metaspace: 47614K(51148K)->47614K(51148K) NonClass: 41691K(43724K)->41691K(43724K) Class: 5923K(7424K)->5923K(7424K)
[2023-11-03T13:42:58.161+0100][gc            ] GC(139) Pause Young (Normal) (G1 Evacuation Pause) 747M->352M(1024M) 21,605ms
[2023-11-03T13:42:58.161+0100][gc,cpu        ] GC(139) User=0,26s Sys=0,00s Real=0,02s
[2023-11-03T13:45:06.119+0100][gc,start      ] GC(140) Pause Young (Normal) (G1 Evacuation Pause)
[2023-11-03T13:45:06.119+0100][gc,task       ] GC(140) Using 13 workers of 13 for evacuation
[2023-11-03T13:45:06.135+0100][gc,phases     ] GC(140)   Pre Evacuate Collection Set: 0,0ms
[2023-11-03T13:45:06.135+0100][gc,phases     ] GC(140)   Evacuate Collection Set: 15,0ms
[2023-11-03T13:45:06.135+0100][gc,phases     ] GC(140)   Post Evacuate Collection Set: 1,0ms
[2023-11-03T13:45:06.135+0100][gc,phases     ] GC(140)   Other: 0,4ms
[2023-11-03T13:45:06.135+0100][gc,heap       ] GC(140) Eden regions: 239->0(353)
[2023-11-03T13:45:06.135+0100][gc,heap       ] GC(140) Survivor regions: 38->19(35)
[2023-11-03T13:45:06.135+0100][gc,heap       ] GC(140) Old regions: 187->196
[2023-11-03T13:45:06.135+0100][gc,heap       ] GC(140) Humongous regions: 129->129
[2023-11-03T13:45:06.135+0100][gc,metaspace  ] GC(140) Metaspace: 47867K(51404K)->47867K(51404K) NonClass: 41944K(43980K)->41944K(43980K) Class: 5923K(7424K)->5923K(7424K)
[2023-11-03T13:45:06.135+0100][gc            ] GC(140) Pause Young (Normal) (G1 Evacuation Pause) 591M->342M(1024M) 16,558ms
[2023-11-03T13:45:06.135+0100][gc,cpu        ] GC(140) User=0,19s Sys=0,00s Real=0,02s
[2023-11-03T13:45:32.359+0100][gc,start      ] GC(141) Pause Young (Normal) (G1 Evacuation Pause)
[2023-11-03T13:45:32.359+0100][gc,task       ] GC(141) Using 13 workers of 13 for evacuation
[2023-11-03T13:45:32.371+0100][gc,phases     ] GC(141)   Pre Evacuate Collection Set: 0,0ms
[2023-11-03T13:45:32.371+0100][gc,phases     ] GC(141)   Evacuate Collection Set: 10,4ms
[2023-11-03T13:45:32.371+0100][gc,phases     ] GC(141)   Post Evacuate Collection Set: 1,1ms
[2023-11-03T13:45:32.371+0100][gc,phases     ] GC(141)   Other: 0,4ms
[2023-11-03T13:45:32.371+0100][gc,heap       ] GC(141) Eden regions: 353->0(439)
[2023-11-03T13:45:32.371+0100][gc,heap       ] GC(141) Survivor regions: 19->18(47)
[2023-11-03T13:45:32.371+0100][gc,heap       ] GC(141) Old regions: 196->196
[2023-11-03T13:45:32.371+0100][gc,heap       ] GC(141) Humongous regions: 129->129
[2023-11-03T13:45:32.371+0100][gc,metaspace  ] GC(141) Metaspace: 47888K(51404K)->47888K(51404K) NonClass: 41965K(43980K)->41965K(43980K) Class: 5923K(7424K)->5923K(7424K)
[2023-11-03T13:45:32.371+0100][gc            ] GC(141) Pause Young (Normal) (G1 Evacuation Pause) 695M->341M(1024M) 12,070ms
[2023-11-03T13:45:32.371+0100][gc,cpu        ] GC(141) User=0,13s Sys=0,01s Real=0,01s
[2023-11-03T13:46:01.161+0100][gc,start      ] GC(142) Pause Young (Normal) (G1 Evacuation Pause)
[2023-11-03T13:46:01.161+0100][gc,task       ] GC(142) Using 13 workers of 13 for evacuation
[2023-11-03T13:46:01.176+0100][gc,phases     ] GC(142)   Pre Evacuate Collection Set: 0,0ms
[2023-11-03T13:46:01.176+0100][gc,phases     ] GC(142)   Evacuate Collection Set: 14,0ms
[2023-11-03T13:46:01.176+0100][gc,phases     ] GC(142)   Post Evacuate Collection Set: 1,0ms
[2023-11-03T13:46:01.176+0100][gc,phases     ] GC(142)   Other: 0,5ms
[2023-11-03T13:46:01.176+0100][gc,heap       ] GC(142) Eden regions: 439->0(438)
[2023-11-03T13:46:01.176+0100][gc,heap       ] GC(142) Survivor regions: 18->25(58)
[2023-11-03T13:46:01.176+0100][gc,heap       ] GC(142) Old regions: 196->196
[2023-11-03T13:46:01.176+0100][gc,heap       ] GC(142) Humongous regions: 129->129
[2023-11-03T13:46:01.176+0100][gc,metaspace  ] GC(142) Metaspace: 47888K(51404K)->47888K(51404K) NonClass: 41965K(43980K)->41965K(43980K) Class: 5923K(7424K)->5923K(7424K)
[2023-11-03T13:46:01.176+0100][gc            ] GC(142) Pause Young (Normal) (G1 Evacuation Pause) 780M->348M(1024M) 15,614ms
[2023-11-03T13:46:01.176+0100][gc,cpu        ] GC(142) User=0,18s Sys=0,00s Real=0,02s
[2023-11-03T13:46:45.358+0100][gc,start      ] GC(143) Pause Young (Normal) (G1 Evacuation Pause)
[2023-11-03T13:46:45.358+0100][gc,task       ] GC(143) Using 13 workers of 13 for evacuation
[2023-11-03T13:46:45.380+0100][gc,mmu        ] GC(143) MMU target violated: 21,0ms (20,0ms/21,0ms)
[2023-11-03T13:46:45.380+0100][gc,phases     ] GC(143)   Pre Evacuate Collection Set: 0,0ms
[2023-11-03T13:46:45.380+0100][gc,phases     ] GC(143)   Evacuate Collection Set: 20,7ms
[2023-11-03T13:46:45.380+0100][gc,phases     ] GC(143)   Post Evacuate Collection Set: 1,0ms
[2023-11-03T13:46:45.380+0100][gc,phases     ] GC(143)   Other: 0,5ms
[2023-11-03T13:46:45.380+0100][gc,heap       ] GC(143) Eden regions: 438->0(268)
[2023-11-03T13:46:45.380+0100][gc,heap       ] GC(143) Survivor regions: 25->42(58)
[2023-11-03T13:46:45.380+0100][gc,heap       ] GC(143) Old regions: 196->196
[2023-11-03T13:46:45.380+0100][gc,heap       ] GC(143) Humongous regions: 129->129
[2023-11-03T13:46:45.380+0100][gc,metaspace  ] GC(143) Metaspace: 47888K(51404K)->47888K(51404K) NonClass: 41965K(43980K)->41965K(43980K) Class: 5923K(7424K)->5923K(7424K)
[2023-11-03T13:46:45.380+0100][gc            ] GC(143) Pause Young (Normal) (G1 Evacuation Pause) 786M->365M(1024M) 22,280ms
[2023-11-03T13:46:45.380+0100][gc,cpu        ] GC(143) User=0,27s Sys=0,00s Real=0,02s
[2023-11-03T13:52:19.420+0100][gc,start      ] GC(144) Pause Young (Normal) (G1 Evacuation Pause)
[2023-11-03T13:52:19.420+0100][gc,task       ] GC(144) Using 13 workers of 13 for evacuation
[2023-11-03T13:52:19.445+0100][gc,mmu        ] GC(144) MMU target violated: 21,0ms (20,0ms/21,0ms)
[2023-11-03T13:52:19.445+0100][gc,phases     ] GC(144)   Pre Evacuate Collection Set: 0,1ms
[2023-11-03T13:52:19.445+0100][gc,phases     ] GC(144)   Evacuate Collection Set: 22,8ms
[2023-11-03T13:52:19.445+0100][gc,phases     ] GC(144)   Post Evacuate Collection Set: 0,9ms
[2023-11-03T13:52:19.445+0100][gc,phases     ] GC(144)   Other: 0,6ms
[2023-11-03T13:52:19.445+0100][gc,heap       ] GC(144) Eden regions: 245->0(224)
[2023-11-03T13:52:19.445+0100][gc,heap       ] GC(144) Survivor regions: 42->27(36)
[2023-11-03T13:52:19.445+0100][gc,heap       ] GC(144) Old regions: 196->206
[2023-11-03T13:52:19.445+0100][gc,heap       ] GC(144) Humongous regions: 129->129
[2023-11-03T13:52:19.445+0100][gc,metaspace  ] GC(144) Metaspace: 48219K(51788K)->48219K(51788K) NonClass: 42197K(44236K)->42197K(44236K) Class: 6021K(7552K)->6021K(7552K)
[2023-11-03T13:52:19.445+0100][gc            ] GC(144) Pause Young (Normal) (G1 Evacuation Pause) 610M->359M(1024M) 24,513ms
[2023-11-03T13:52:19.445+0100][gc,cpu        ] GC(144) User=0,28s Sys=0,00s Real=0,02s
[2023-11-03T13:52:21.796+0100][gc,heap,exit  ] Heap
[2023-11-03T13:52:21.796+0100][gc,heap,exit  ]  garbage-first heap   total 1048576K, used 376752K [0x00000000c0000000, 0x0000000100000000)
[2023-11-03T13:52:21.796+0100][gc,heap,exit  ]   region size 1024K, 36 young (36864K), 27 survivors (27648K)
[2023-11-03T13:52:21.796+0100][gc,heap,exit  ]  Metaspace       used 48626K, capacity 52180K, committed 52556K, reserved 1093632K
[2023-11-03T13:52:21.796+0100][gc,heap,exit  ]   class space    used 6121K, capacity 7682K, committed 7808K, reserved 1048576K
