[2023-11-01T17:27:11.675+0100][gc,heap] Heap region size: 1M
[2023-11-01T17:27:11.687+0100][gc     ] Using G1
[2023-11-01T17:27:11.687+0100][gc,heap,coops] Heap address: 0x00000000c0000000, size: 1024 MB, Compressed Oops mode: 32-bit
[2023-11-01T17:27:11.688+0100][gc,cds       ] Mark closed archive regions in map: [0x00000000fff00000, 0x00000000fff6bff8]
[2023-11-01T17:27:11.688+0100][gc,cds       ] Mark open archive regions in map: [0x00000000ffe00000, 0x00000000ffe47ff8]
[2023-11-01T17:27:12.670+0100][gc,start     ] GC(0) Pause Young (Normal) (G1 Evacuation Pause)
[2023-11-01T17:27:12.672+0100][gc,task      ] GC(0) Using 13 workers of 13 for evacuation
[2023-11-01T17:27:12.681+0100][gc,phases    ] GC(0)   Pre Evacuate Collection Set: 0,0ms
[2023-11-01T17:27:12.681+0100][gc,phases    ] GC(0)   Evacuate Collection Set: 8,2ms
[2023-11-01T17:27:12.681+0100][gc,phases    ] GC(0)   Post Evacuate Collection Set: 0,7ms
[2023-11-01T17:27:12.681+0100][gc,phases    ] GC(0)   Other: 2,1ms
[2023-11-01T17:27:12.681+0100][gc,heap      ] GC(0) Eden regions: 51->0(44)
[2023-11-01T17:27:12.681+0100][gc,heap      ] GC(0) Survivor regions: 0->7(7)
[2023-11-01T17:27:12.681+0100][gc,heap      ] GC(0) Old regions: 2->2
[2023-11-01T17:27:12.681+0100][gc,heap      ] GC(0) Humongous regions: 0->0
[2023-11-01T17:27:12.681+0100][gc,metaspace ] GC(0) Metaspace: 14282K(15104K)->14282K(15104K) NonClass: 12535K(13056K)->12535K(13056K) Class: 1746K(2048K)->1746K(2048K)
[2023-11-01T17:27:12.681+0100][gc           ] GC(0) Pause Young (Normal) (G1 Evacuation Pause) 51M->7M(1024M) 11,137ms
[2023-11-01T17:27:12.681+0100][gc,cpu       ] GC(0) User=0,09s Sys=0,00s Real=0,01s
[2023-11-01T17:27:13.193+0100][gc,start     ] GC(1) Pause Young (Concurrent Start) (Metadata GC Threshold)
[2023-11-01T17:27:13.193+0100][gc,task      ] GC(1) Using 13 workers of 13 for evacuation
[2023-11-01T17:27:13.206+0100][gc,phases    ] GC(1)   Pre Evacuate Collection Set: 0,1ms
[2023-11-01T17:27:13.206+0100][gc,phases    ] GC(1)   Evacuate Collection Set: 11,7ms
[2023-11-01T17:27:13.206+0100][gc,phases    ] GC(1)   Post Evacuate Collection Set: 0,6ms
[2023-11-01T17:27:13.206+0100][gc,phases    ] GC(1)   Other: 0,4ms
[2023-11-01T17:27:13.206+0100][gc,heap      ] GC(1) Eden regions: 28->0(49)
[2023-11-01T17:27:13.206+0100][gc,heap      ] GC(1) Survivor regions: 7->2(7)
[2023-11-01T17:27:13.206+0100][gc,heap      ] GC(1) Old regions: 2->9
[2023-11-01T17:27:13.206+0100][gc,heap      ] GC(1) Humongous regions: 0->0
[2023-11-01T17:27:13.206+0100][gc,metaspace ] GC(1) Metaspace: 20456K(21248K)->20456K(21248K) NonClass: 17991K(18432K)->17991K(18432K) Class: 2465K(2816K)->2465K(2816K)
[2023-11-01T17:27:13.206+0100][gc           ] GC(1) Pause Young (Concurrent Start) (Metadata GC Threshold) 35M->8M(1024M) 12,915ms
[2023-11-01T17:27:13.206+0100][gc,cpu       ] GC(1) User=0,08s Sys=0,00s Real=0,01s
[2023-11-01T17:27:13.206+0100][gc           ] GC(2) Concurrent Cycle
[2023-11-01T17:27:13.206+0100][gc,marking   ] GC(2) Concurrent Clear Claimed Marks
[2023-11-01T17:27:13.206+0100][gc,marking   ] GC(2) Concurrent Clear Claimed Marks 0,065ms
[2023-11-01T17:27:13.206+0100][gc,marking   ] GC(2) Concurrent Scan Root Regions
[2023-11-01T17:27:13.208+0100][gc,marking   ] GC(2) Concurrent Scan Root Regions 1,223ms
[2023-11-01T17:27:13.208+0100][gc,marking   ] GC(2) Concurrent Mark (1,538s)
[2023-11-01T17:27:13.208+0100][gc,marking   ] GC(2) Concurrent Mark From Roots
[2023-11-01T17:27:13.208+0100][gc,task      ] GC(2) Using 3 workers of 3 for marking
[2023-11-01T17:27:13.213+0100][gc,marking   ] GC(2) Concurrent Mark From Roots 5,110ms
[2023-11-01T17:27:13.213+0100][gc,marking   ] GC(2) Concurrent Preclean
[2023-11-01T17:27:13.213+0100][gc,marking   ] GC(2) Concurrent Preclean 0,146ms
[2023-11-01T17:27:13.213+0100][gc,marking   ] GC(2) Concurrent Mark (1,538s, 1,544s) 5,321ms
[2023-11-01T17:27:13.213+0100][gc,start     ] GC(2) Pause Remark
[2023-11-01T17:27:13.215+0100][gc,stringtable] GC(2) Cleaned string and symbol table, strings: 5234 processed, 0 removed, symbols: 52018 processed, 46 removed
[2023-11-01T17:27:13.216+0100][gc            ] GC(2) Pause Remark 9M->9M(1024M) 2,528ms
[2023-11-01T17:27:13.216+0100][gc,cpu        ] GC(2) User=0,02s Sys=0,00s Real=0,00s
[2023-11-01T17:27:13.216+0100][gc,marking    ] GC(2) Concurrent Rebuild Remembered Sets
[2023-11-01T17:27:13.218+0100][gc,marking    ] GC(2) Concurrent Rebuild Remembered Sets 2,600ms
[2023-11-01T17:27:13.219+0100][gc,start      ] GC(2) Pause Cleanup
[2023-11-01T17:27:13.219+0100][gc            ] GC(2) Pause Cleanup 9M->9M(1024M) 0,265ms
[2023-11-01T17:27:13.219+0100][gc,cpu        ] GC(2) User=0,00s Sys=0,00s Real=0,00s
[2023-11-01T17:27:13.219+0100][gc,marking    ] GC(2) Concurrent Cleanup for Next Mark
[2023-11-01T17:27:13.223+0100][gc,marking    ] GC(2) Concurrent Cleanup for Next Mark 3,979ms
[2023-11-01T17:27:13.223+0100][gc            ] GC(2) Concurrent Cycle 16,762ms
[2023-11-01T17:27:14.361+0100][gc,start      ] GC(3) Pause Young (Normal) (G1 Evacuation Pause)
[2023-11-01T17:27:14.361+0100][gc,task       ] GC(3) Using 13 workers of 13 for evacuation
[2023-11-01T17:27:14.364+0100][gc,phases     ] GC(3)   Pre Evacuate Collection Set: 0,0ms
[2023-11-01T17:27:14.364+0100][gc,phases     ] GC(3)   Evacuate Collection Set: 2,6ms
[2023-11-01T17:27:14.364+0100][gc,phases     ] GC(3)   Post Evacuate Collection Set: 0,6ms
[2023-11-01T17:27:14.365+0100][gc,phases     ] GC(3)   Other: 0,2ms
[2023-11-01T17:27:14.365+0100][gc,heap       ] GC(3) Eden regions: 49->0(47)
[2023-11-01T17:27:14.365+0100][gc,heap       ] GC(3) Survivor regions: 2->4(7)
[2023-11-01T17:27:14.365+0100][gc,heap       ] GC(3) Old regions: 9->9
[2023-11-01T17:27:14.365+0100][gc,heap       ] GC(3) Humongous regions: 0->0
[2023-11-01T17:27:14.365+0100][gc,metaspace  ] GC(3) Metaspace: 23255K(24448K)->23255K(24448K) NonClass: 20472K(21248K)->20472K(21248K) Class: 2783K(3200K)->2783K(3200K)
[2023-11-01T17:27:14.365+0100][gc            ] GC(3) Pause Young (Normal) (G1 Evacuation Pause) 57M->10M(1024M) 3,637ms
[2023-11-01T17:27:14.365+0100][gc,cpu        ] GC(3) User=0,03s Sys=0,00s Real=0,01s
[2023-11-01T17:27:15.087+0100][gc,start      ] GC(4) Pause Young (Normal) (G1 Evacuation Pause)
[2023-11-01T17:27:15.087+0100][gc,task       ] GC(4) Using 13 workers of 13 for evacuation
[2023-11-01T17:27:15.091+0100][gc,phases     ] GC(4)   Pre Evacuate Collection Set: 0,0ms
[2023-11-01T17:27:15.091+0100][gc,phases     ] GC(4)   Evacuate Collection Set: 3,0ms
[2023-11-01T17:27:15.091+0100][gc,phases     ] GC(4)   Post Evacuate Collection Set: 0,8ms
[2023-11-01T17:27:15.091+0100][gc,phases     ] GC(4)   Other: 0,2ms
[2023-11-01T17:27:15.091+0100][gc,heap       ] GC(4) Eden regions: 47->0(45)
[2023-11-01T17:27:15.091+0100][gc,heap       ] GC(4) Survivor regions: 4->6(7)
[2023-11-01T17:27:15.091+0100][gc,heap       ] GC(4) Old regions: 9->9
[2023-11-01T17:27:15.091+0100][gc,heap       ] GC(4) Humongous regions: 129->129
[2023-11-01T17:27:15.091+0100][gc,metaspace  ] GC(4) Metaspace: 28423K(29568K)->28423K(29568K) NonClass: 25185K(25856K)->25185K(25856K) Class: 3237K(3712K)->3237K(3712K)
[2023-11-01T17:27:15.091+0100][gc            ] GC(4) Pause Young (Normal) (G1 Evacuation Pause) 186M->141M(1024M) 4,153ms
[2023-11-01T17:27:15.091+0100][gc,cpu        ] GC(4) User=0,04s Sys=0,00s Real=0,01s
[2023-11-01T17:27:15.508+0100][gc,start      ] GC(5) Pause Young (Concurrent Start) (Metadata GC Threshold)
[2023-11-01T17:27:15.508+0100][gc,task       ] GC(5) Using 13 workers of 13 for evacuation
[2023-11-01T17:27:15.514+0100][gc,phases     ] GC(5)   Pre Evacuate Collection Set: 0,1ms
[2023-11-01T17:27:15.514+0100][gc,phases     ] GC(5)   Evacuate Collection Set: 4,8ms
[2023-11-01T17:27:15.514+0100][gc,phases     ] GC(5)   Post Evacuate Collection Set: 0,5ms
[2023-11-01T17:27:15.514+0100][gc,phases     ] GC(5)   Other: 0,2ms
[2023-11-01T17:27:15.514+0100][gc,heap       ] GC(5) Eden regions: 37->0(44)
[2023-11-01T17:27:15.514+0100][gc,heap       ] GC(5) Survivor regions: 6->7(7)
[2023-11-01T17:27:15.514+0100][gc,heap       ] GC(5) Old regions: 9->12
[2023-11-01T17:27:15.514+0100][gc,heap       ] GC(5) Humongous regions: 129->129
[2023-11-01T17:27:15.514+0100][gc,metaspace  ] GC(5) Metaspace: 34440K(35840K)->34440K(35840K) NonClass: 30522K(31360K)->30522K(31360K) Class: 3918K(4480K)->3918K(4480K)
[2023-11-01T17:27:15.514+0100][gc            ] GC(5) Pause Young (Concurrent Start) (Metadata GC Threshold) 178M->146M(1024M) 5,799ms
[2023-11-01T17:27:15.514+0100][gc,cpu        ] GC(5) User=0,07s Sys=0,00s Real=0,01s
[2023-11-01T17:27:15.514+0100][gc            ] GC(6) Concurrent Cycle
[2023-11-01T17:27:15.514+0100][gc,marking    ] GC(6) Concurrent Clear Claimed Marks
[2023-11-01T17:27:15.514+0100][gc,marking    ] GC(6) Concurrent Clear Claimed Marks 0,154ms
[2023-11-01T17:27:15.514+0100][gc,marking    ] GC(6) Concurrent Scan Root Regions
[2023-11-01T17:27:15.516+0100][gc,marking    ] GC(6) Concurrent Scan Root Regions 2,254ms
[2023-11-01T17:27:15.516+0100][gc,marking    ] GC(6) Concurrent Mark (3,847s)
[2023-11-01T17:27:15.516+0100][gc,marking    ] GC(6) Concurrent Mark From Roots
[2023-11-01T17:27:15.516+0100][gc,task       ] GC(6) Using 3 workers of 3 for marking
[2023-11-01T17:27:15.523+0100][gc,marking    ] GC(6) Concurrent Mark From Roots 6,714ms
[2023-11-01T17:27:15.523+0100][gc,marking    ] GC(6) Concurrent Preclean
[2023-11-01T17:27:15.523+0100][gc,marking    ] GC(6) Concurrent Preclean 0,214ms
[2023-11-01T17:27:15.523+0100][gc,marking    ] GC(6) Concurrent Mark (3,847s, 3,854s) 6,998ms
[2023-11-01T17:27:15.524+0100][gc,start      ] GC(6) Pause Remark
[2023-11-01T17:27:15.526+0100][gc,stringtable] GC(6) Cleaned string and symbol table, strings: 12524 processed, 13 removed, symbols: 83504 processed, 15 removed
[2023-11-01T17:27:15.526+0100][gc            ] GC(6) Pause Remark 147M->147M(1024M) 2,807ms
[2023-11-01T17:27:15.526+0100][gc,cpu        ] GC(6) User=0,03s Sys=0,00s Real=0,00s
[2023-11-01T17:27:15.526+0100][gc,marking    ] GC(6) Concurrent Rebuild Remembered Sets
[2023-11-01T17:27:15.531+0100][gc,marking    ] GC(6) Concurrent Rebuild Remembered Sets 4,760ms
[2023-11-01T17:27:15.532+0100][gc,start      ] GC(6) Pause Cleanup
[2023-11-01T17:27:15.532+0100][gc            ] GC(6) Pause Cleanup 148M->148M(1024M) 0,261ms
[2023-11-01T17:27:15.532+0100][gc,cpu        ] GC(6) User=0,00s Sys=0,00s Real=0,00s
[2023-11-01T17:27:15.532+0100][gc,marking    ] GC(6) Concurrent Cleanup for Next Mark
[2023-11-01T17:27:15.536+0100][gc,marking    ] GC(6) Concurrent Cleanup for Next Mark 3,914ms
[2023-11-01T17:27:15.536+0100][gc            ] GC(6) Concurrent Cycle 22,072ms
[2023-11-01T17:27:15.908+0100][gc,start      ] GC(7) Pause Young (Normal) (G1 Evacuation Pause)
[2023-11-01T17:27:15.908+0100][gc,task       ] GC(7) Using 13 workers of 13 for evacuation
[2023-11-01T17:27:15.915+0100][gc,phases     ] GC(7)   Pre Evacuate Collection Set: 0,0ms
[2023-11-01T17:27:15.915+0100][gc,phases     ] GC(7)   Evacuate Collection Set: 5,7ms
[2023-11-01T17:27:15.915+0100][gc,phases     ] GC(7)   Post Evacuate Collection Set: 0,6ms
[2023-11-01T17:27:15.915+0100][gc,phases     ] GC(7)   Other: 0,2ms
[2023-11-01T17:27:15.915+0100][gc,heap       ] GC(7) Eden regions: 44->0(47)
[2023-11-01T17:27:15.915+0100][gc,heap       ] GC(7) Survivor regions: 7->4(7)
[2023-11-01T17:27:15.915+0100][gc,heap       ] GC(7) Old regions: 12->18
[2023-11-01T17:27:15.915+0100][gc,heap       ] GC(7) Humongous regions: 129->129
[2023-11-01T17:27:15.915+0100][gc,metaspace  ] GC(7) Metaspace: 39285K(41344K)->39285K(41344K) NonClass: 34657K(35840K)->34657K(35840K) Class: 4628K(5504K)->4628K(5504K)
[2023-11-01T17:27:15.915+0100][gc            ] GC(7) Pause Young (Normal) (G1 Evacuation Pause) 190M->149M(1024M) 6,623ms
[2023-11-01T17:27:15.915+0100][gc,cpu        ] GC(7) User=0,08s Sys=0,02s Real=0,01s
[2023-11-01T17:27:21.097+0100][gc,heap,exit  ] Heap
[2023-11-01T17:27:21.097+0100][gc,heap,exit  ]  garbage-first heap   total 1048576K, used 193050K [0x00000000c0000000, 0x0000000100000000)
[2023-11-01T17:27:21.097+0100][gc,heap,exit  ]   region size 1024K, 38 young (38912K), 4 survivors (4096K)
[2023-11-01T17:27:21.097+0100][gc,heap,exit  ]  Metaspace       used 41506K, capacity 43765K, committed 43904K, reserved 1087488K
[2023-11-01T17:27:21.097+0100][gc,heap,exit  ]   class space    used 5149K, capacity 6233K, committed 6272K, reserved 1048576K
