[2023-11-04T10:03:27.182+0100][gc,heap] Heap region size: 1M
[2023-11-04T10:03:27.193+0100][gc     ] Using G1
[2023-11-04T10:03:27.193+0100][gc,heap,coops] Heap address: 0x00000000c0000000, size: 1024 MB, Compressed Oops mode: 32-bit
[2023-11-04T10:03:27.193+0100][gc,cds       ] Mark closed archive regions in map: [0x00000000fff00000, 0x00000000fff6bff8]
[2023-11-04T10:03:27.193+0100][gc,cds       ] Mark open archive regions in map: [0x00000000ffe00000, 0x00000000ffe47ff8]
[2023-11-04T10:03:28.234+0100][gc,start     ] GC(0) Pause Young (Normal) (G1 Evacuation Pause)
[2023-11-04T10:03:28.236+0100][gc,task      ] GC(0) Using 13 workers of 13 for evacuation
[2023-11-04T10:03:28.249+0100][gc,phases    ] GC(0)   Pre Evacuate Collection Set: 0,0ms
[2023-11-04T10:03:28.249+0100][gc,phases    ] GC(0)   Evacuate Collection Set: 11,9ms
[2023-11-04T10:03:28.249+0100][gc,phases    ] GC(0)   Post Evacuate Collection Set: 0,7ms
[2023-11-04T10:03:28.249+0100][gc,phases    ] GC(0)   Other: 1,7ms
[2023-11-04T10:03:28.249+0100][gc,heap      ] GC(0) Eden regions: 51->0(44)
[2023-11-04T10:03:28.249+0100][gc,heap      ] GC(0) Survivor regions: 0->7(7)
[2023-11-04T10:03:28.249+0100][gc,heap      ] GC(0) Old regions: 2->2
[2023-11-04T10:03:28.249+0100][gc,heap      ] GC(0) Humongous regions: 0->0
[2023-11-04T10:03:28.249+0100][gc,metaspace ] GC(0) Metaspace: 14229K(14848K)->14229K(14848K) NonClass: 12490K(12800K)->12490K(12800K) Class: 1738K(2048K)->1738K(2048K)
[2023-11-04T10:03:28.249+0100][gc           ] GC(0) Pause Young (Normal) (G1 Evacuation Pause) 51M->7M(1024M) 14,449ms
[2023-11-04T10:03:28.249+0100][gc,cpu       ] GC(0) User=0,14s Sys=0,01s Real=0,01s
[2023-11-04T10:03:28.815+0100][gc,start     ] GC(1) Pause Young (Concurrent Start) (Metadata GC Threshold)
[2023-11-04T10:03:28.815+0100][gc,task      ] GC(1) Using 13 workers of 13 for evacuation
[2023-11-04T10:03:28.828+0100][gc,phases    ] GC(1)   Pre Evacuate Collection Set: 0,1ms
[2023-11-04T10:03:28.828+0100][gc,phases    ] GC(1)   Evacuate Collection Set: 11,6ms
[2023-11-04T10:03:28.828+0100][gc,phases    ] GC(1)   Post Evacuate Collection Set: 0,7ms
[2023-11-04T10:03:28.828+0100][gc,phases    ] GC(1)   Other: 0,4ms
[2023-11-04T10:03:28.828+0100][gc,heap      ] GC(1) Eden regions: 28->0(49)
[2023-11-04T10:03:28.828+0100][gc,heap      ] GC(1) Survivor regions: 7->2(7)
[2023-11-04T10:03:28.828+0100][gc,heap      ] GC(1) Old regions: 2->9
[2023-11-04T10:03:28.828+0100][gc,heap      ] GC(1) Humongous regions: 0->0
[2023-11-04T10:03:28.828+0100][gc,metaspace ] GC(1) Metaspace: 20477K(21248K)->20477K(21248K) NonClass: 18011K(18432K)->18011K(18432K) Class: 2466K(2816K)->2466K(2816K)
[2023-11-04T10:03:28.828+0100][gc           ] GC(1) Pause Young (Concurrent Start) (Metadata GC Threshold) 35M->8M(1024M) 12,858ms
[2023-11-04T10:03:28.828+0100][gc,cpu       ] GC(1) User=0,08s Sys=0,01s Real=0,01s
[2023-11-04T10:03:28.828+0100][gc           ] GC(2) Concurrent Cycle
[2023-11-04T10:03:28.828+0100][gc,marking   ] GC(2) Concurrent Clear Claimed Marks
[2023-11-04T10:03:28.828+0100][gc,marking   ] GC(2) Concurrent Clear Claimed Marks 0,084ms
[2023-11-04T10:03:28.828+0100][gc,marking   ] GC(2) Concurrent Scan Root Regions
[2023-11-04T10:03:28.829+0100][gc,marking   ] GC(2) Concurrent Scan Root Regions 1,210ms
[2023-11-04T10:03:28.830+0100][gc,marking   ] GC(2) Concurrent Mark (1,653s)
[2023-11-04T10:03:28.830+0100][gc,marking   ] GC(2) Concurrent Mark From Roots
[2023-11-04T10:03:28.830+0100][gc,task      ] GC(2) Using 3 workers of 3 for marking
[2023-11-04T10:03:28.836+0100][gc,marking   ] GC(2) Concurrent Mark From Roots 6,001ms
[2023-11-04T10:03:28.836+0100][gc,marking   ] GC(2) Concurrent Preclean
[2023-11-04T10:03:28.836+0100][gc,marking   ] GC(2) Concurrent Preclean 0,217ms
[2023-11-04T10:03:28.836+0100][gc,marking   ] GC(2) Concurrent Mark (1,653s, 1,660s) 6,287ms
[2023-11-04T10:03:28.836+0100][gc,start     ] GC(2) Pause Remark
[2023-11-04T10:03:28.839+0100][gc,stringtable] GC(2) Cleaned string and symbol table, strings: 5262 processed, 0 removed, symbols: 52293 processed, 47 removed
[2023-11-04T10:03:28.839+0100][gc            ] GC(2) Pause Remark 9M->9M(1024M) 2,969ms
[2023-11-04T10:03:28.839+0100][gc,cpu        ] GC(2) User=0,02s Sys=0,00s Real=0,00s
[2023-11-04T10:03:28.839+0100][gc,marking    ] GC(2) Concurrent Rebuild Remembered Sets
[2023-11-04T10:03:28.843+0100][gc,marking    ] GC(2) Concurrent Rebuild Remembered Sets 3,974ms
[2023-11-04T10:03:28.843+0100][gc,start      ] GC(2) Pause Cleanup
[2023-11-04T10:03:28.844+0100][gc            ] GC(2) Pause Cleanup 10M->10M(1024M) 0,317ms
[2023-11-04T10:03:28.844+0100][gc,cpu        ] GC(2) User=0,00s Sys=0,00s Real=0,00s
[2023-11-04T10:03:28.844+0100][gc,marking    ] GC(2) Concurrent Cleanup for Next Mark
[2023-11-04T10:03:28.849+0100][gc,marking    ] GC(2) Concurrent Cleanup for Next Mark 4,743ms
[2023-11-04T10:03:28.849+0100][gc            ] GC(2) Concurrent Cycle 20,552ms
[2023-11-04T10:03:29.449+0100][gc,start      ] GC(3) Pause Young (Normal) (G1 Evacuation Pause)
[2023-11-04T10:03:29.449+0100][gc,task       ] GC(3) Using 13 workers of 13 for evacuation
[2023-11-04T10:03:29.452+0100][gc,phases     ] GC(3)   Pre Evacuate Collection Set: 0,0ms
[2023-11-04T10:03:29.452+0100][gc,phases     ] GC(3)   Evacuate Collection Set: 3,0ms
[2023-11-04T10:03:29.452+0100][gc,phases     ] GC(3)   Post Evacuate Collection Set: 0,5ms
[2023-11-04T10:03:29.452+0100][gc,phases     ] GC(3)   Other: 0,2ms
[2023-11-04T10:03:29.453+0100][gc,heap       ] GC(3) Eden regions: 49->0(46)
[2023-11-04T10:03:29.453+0100][gc,heap       ] GC(3) Survivor regions: 2->5(7)
[2023-11-04T10:03:29.453+0100][gc,heap       ] GC(3) Old regions: 9->9
[2023-11-04T10:03:29.453+0100][gc,heap       ] GC(3) Humongous regions: 129->129
[2023-11-04T10:03:29.453+0100][gc,metaspace  ] GC(3) Metaspace: 28424K(29696K)->28424K(29696K) NonClass: 25133K(25856K)->25133K(25856K) Class: 3291K(3840K)->3291K(3840K)
[2023-11-04T10:03:29.453+0100][gc            ] GC(3) Pause Young (Normal) (G1 Evacuation Pause) 186M->140M(1024M) 3,855ms
[2023-11-04T10:03:29.453+0100][gc,cpu        ] GC(3) User=0,04s Sys=0,00s Real=0,00s
[2023-11-04T10:03:29.760+0100][gc,start      ] GC(4) Pause Young (Concurrent Start) (Metadata GC Threshold)
[2023-11-04T10:03:29.760+0100][gc,task       ] GC(4) Using 13 workers of 13 for evacuation
[2023-11-04T10:03:29.766+0100][gc,phases     ] GC(4)   Pre Evacuate Collection Set: 0,1ms
[2023-11-04T10:03:29.766+0100][gc,phases     ] GC(4)   Evacuate Collection Set: 5,6ms
[2023-11-04T10:03:29.766+0100][gc,phases     ] GC(4)   Post Evacuate Collection Set: 0,3ms
[2023-11-04T10:03:29.766+0100][gc,phases     ] GC(4)   Other: 0,2ms
[2023-11-04T10:03:29.766+0100][gc,heap       ] GC(4) Eden regions: 31->0(48)
[2023-11-04T10:03:29.766+0100][gc,heap       ] GC(4) Survivor regions: 5->3(7)
[2023-11-04T10:03:29.766+0100][gc,heap       ] GC(4) Old regions: 9->14
[2023-11-04T10:03:29.766+0100][gc,heap       ] GC(4) Humongous regions: 129->129
[2023-11-04T10:03:29.766+0100][gc,metaspace  ] GC(4) Metaspace: 34333K(35840K)->34333K(35840K) NonClass: 30336K(31232K)->30336K(31232K) Class: 3996K(4608K)->3996K(4608K)
[2023-11-04T10:03:29.766+0100][gc            ] GC(4) Pause Young (Concurrent Start) (Metadata GC Threshold) 170M->143M(1024M) 6,347ms
[2023-11-04T10:03:29.766+0100][gc,cpu        ] GC(4) User=0,04s Sys=0,00s Real=0,01s
[2023-11-04T10:03:29.766+0100][gc            ] GC(5) Concurrent Cycle
[2023-11-04T10:03:29.766+0100][gc,marking    ] GC(5) Concurrent Clear Claimed Marks
[2023-11-04T10:03:29.766+0100][gc,marking    ] GC(5) Concurrent Clear Claimed Marks 0,139ms
[2023-11-04T10:03:29.766+0100][gc,marking    ] GC(5) Concurrent Scan Root Regions
[2023-11-04T10:03:29.768+0100][gc,marking    ] GC(5) Concurrent Scan Root Regions 1,675ms
[2023-11-04T10:03:29.768+0100][gc,marking    ] GC(5) Concurrent Mark (2,592s)
[2023-11-04T10:03:29.768+0100][gc,marking    ] GC(5) Concurrent Mark From Roots
[2023-11-04T10:03:29.768+0100][gc,task       ] GC(5) Using 3 workers of 3 for marking
[2023-11-04T10:03:29.779+0100][gc,marking    ] GC(5) Concurrent Mark From Roots 11,323ms
[2023-11-04T10:03:29.779+0100][gc,marking    ] GC(5) Concurrent Preclean
[2023-11-04T10:03:29.779+0100][gc,marking    ] GC(5) Concurrent Preclean 0,130ms
[2023-11-04T10:03:29.779+0100][gc,marking    ] GC(5) Concurrent Mark (2,592s, 2,603s) 11,504ms
[2023-11-04T10:03:29.780+0100][gc,start      ] GC(5) Pause Remark
[2023-11-04T10:03:29.782+0100][gc,stringtable] GC(5) Cleaned string and symbol table, strings: 11101 processed, 13 removed, symbols: 85439 processed, 15 removed
[2023-11-04T10:03:29.782+0100][gc            ] GC(5) Pause Remark 144M->144M(1024M) 2,496ms
[2023-11-04T10:03:29.782+0100][gc,cpu        ] GC(5) User=0,03s Sys=0,00s Real=0,01s
[2023-11-04T10:03:29.782+0100][gc,marking    ] GC(5) Concurrent Rebuild Remembered Sets
[2023-11-04T10:03:29.787+0100][gc,marking    ] GC(5) Concurrent Rebuild Remembered Sets 5,064ms
[2023-11-04T10:03:29.787+0100][gc,start      ] GC(5) Pause Cleanup
[2023-11-04T10:03:29.788+0100][gc            ] GC(5) Pause Cleanup 145M->145M(1024M) 0,142ms
[2023-11-04T10:03:29.788+0100][gc,cpu        ] GC(5) User=0,00s Sys=0,00s Real=0,00s
[2023-11-04T10:03:29.788+0100][gc,marking    ] GC(5) Concurrent Cleanup for Next Mark
[2023-11-04T10:03:29.790+0100][gc,marking    ] GC(5) Concurrent Cleanup for Next Mark 2,740ms
[2023-11-04T10:03:29.790+0100][gc            ] GC(5) Concurrent Cycle 24,387ms
[2023-11-04T10:04:52.258+0100][gc,start      ] GC(6) Pause Young (Normal) (G1 Evacuation Pause)
[2023-11-04T10:04:52.258+0100][gc,task       ] GC(6) Using 13 workers of 13 for evacuation
[2023-11-04T10:04:52.263+0100][gc,phases     ] GC(6)   Pre Evacuate Collection Set: 0,0ms
[2023-11-04T10:04:52.263+0100][gc,phases     ] GC(6)   Evacuate Collection Set: 3,3ms
[2023-11-04T10:04:52.263+0100][gc,phases     ] GC(6)   Post Evacuate Collection Set: 0,7ms
[2023-11-04T10:04:52.263+0100][gc,phases     ] GC(6)   Other: 0,3ms
[2023-11-04T10:04:52.263+0100][gc,heap       ] GC(6) Eden regions: 48->0(46)
[2023-11-04T10:04:52.263+0100][gc,heap       ] GC(6) Survivor regions: 3->5(7)
[2023-11-04T10:04:52.263+0100][gc,heap       ] GC(6) Old regions: 14->14
[2023-11-04T10:04:52.263+0100][gc,heap       ] GC(6) Humongous regions: 129->129
[2023-11-04T10:04:52.263+0100][gc,metaspace  ] GC(6) Metaspace: 39874K(42112K)->39874K(42112K) NonClass: 34888K(36096K)->34888K(36096K) Class: 4986K(6016K)->4986K(6016K)
[2023-11-04T10:04:52.263+0100][gc            ] GC(6) Pause Young (Normal) (G1 Evacuation Pause) 191M->145M(1024M) 4,455ms
[2023-11-04T10:04:52.263+0100][gc,cpu        ] GC(6) User=0,04s Sys=0,00s Real=0,01s
[2023-11-04T10:05:35.908+0100][gc,start      ] GC(7) Pause Young (Normal) (G1 Evacuation Pause)
[2023-11-04T10:05:35.908+0100][gc,task       ] GC(7) Using 13 workers of 13 for evacuation
[2023-11-04T10:05:35.915+0100][gc,phases     ] GC(7)   Pre Evacuate Collection Set: 0,0ms
[2023-11-04T10:05:35.915+0100][gc,phases     ] GC(7)   Evacuate Collection Set: 5,7ms
[2023-11-04T10:05:35.915+0100][gc,phases     ] GC(7)   Post Evacuate Collection Set: 1,6ms
[2023-11-04T10:05:35.915+0100][gc,phases     ] GC(7)   Other: 0,3ms
[2023-11-04T10:05:35.915+0100][gc,heap       ] GC(7) Eden regions: 46->0(45)
[2023-11-04T10:05:35.915+0100][gc,heap       ] GC(7) Survivor regions: 5->6(7)
[2023-11-04T10:05:35.915+0100][gc,heap       ] GC(7) Old regions: 14->16
[2023-11-04T10:05:35.915+0100][gc,heap       ] GC(7) Humongous regions: 129->129
[2023-11-04T10:05:35.915+0100][gc,metaspace  ] GC(7) Metaspace: 40867K(43264K)->40867K(43264K) NonClass: 35788K(37120K)->35788K(37120K) Class: 5078K(6144K)->5078K(6144K)
[2023-11-04T10:05:35.915+0100][gc            ] GC(7) Pause Young (Normal) (G1 Evacuation Pause) 191M->148M(1024M) 7,763ms
[2023-11-04T10:05:35.915+0100][gc,cpu        ] GC(7) User=0,08s Sys=0,00s Real=0,01s
[2023-11-04T10:08:42.749+0100][gc,start      ] GC(8) Pause Young (Normal) (G1 Evacuation Pause)
[2023-11-04T10:08:42.749+0100][gc,task       ] GC(8) Using 13 workers of 13 for evacuation
[2023-11-04T10:08:42.756+0100][gc,phases     ] GC(8)   Pre Evacuate Collection Set: 0,0ms
[2023-11-04T10:08:42.756+0100][gc,phases     ] GC(8)   Evacuate Collection Set: 5,6ms
[2023-11-04T10:08:42.756+0100][gc,phases     ] GC(8)   Post Evacuate Collection Set: 1,2ms
[2023-11-04T10:08:42.756+0100][gc,phases     ] GC(8)   Other: 0,3ms
[2023-11-04T10:08:42.756+0100][gc,heap       ] GC(8) Eden regions: 45->0(45)
[2023-11-04T10:08:42.756+0100][gc,heap       ] GC(8) Survivor regions: 6->6(7)
[2023-11-04T10:08:42.756+0100][gc,heap       ] GC(8) Old regions: 16->18
[2023-11-04T10:08:42.756+0100][gc,heap       ] GC(8) Humongous regions: 129->129
[2023-11-04T10:08:42.756+0100][gc,metaspace  ] GC(8) Metaspace: 43264K(46080K)->43264K(46080K) NonClass: 37743K(39168K)->37743K(39168K) Class: 5520K(6912K)->5520K(6912K)
[2023-11-04T10:08:42.756+0100][gc            ] GC(8) Pause Young (Normal) (G1 Evacuation Pause) 193M->151M(1024M) 7,255ms
[2023-11-04T10:08:42.756+0100][gc,cpu        ] GC(8) User=0,07s Sys=0,00s Real=0,01s
[2023-11-04T10:09:36.719+0100][gc,start      ] GC(9) Pause Young (Normal) (G1 Evacuation Pause)
[2023-11-04T10:09:36.719+0100][gc,task       ] GC(9) Using 13 workers of 13 for evacuation
[2023-11-04T10:09:36.726+0100][gc,phases     ] GC(9)   Pre Evacuate Collection Set: 0,0ms
[2023-11-04T10:09:36.726+0100][gc,phases     ] GC(9)   Evacuate Collection Set: 5,9ms
[2023-11-04T10:09:36.726+0100][gc,phases     ] GC(9)   Post Evacuate Collection Set: 1,0ms
[2023-11-04T10:09:36.726+0100][gc,phases     ] GC(9)   Other: 0,3ms
[2023-11-04T10:09:36.726+0100][gc,heap       ] GC(9) Eden regions: 45->0(44)
[2023-11-04T10:09:36.726+0100][gc,heap       ] GC(9) Survivor regions: 6->7(7)
[2023-11-04T10:09:36.726+0100][gc,heap       ] GC(9) Old regions: 18->21
[2023-11-04T10:09:36.726+0100][gc,heap       ] GC(9) Humongous regions: 129->129
[2023-11-04T10:09:36.726+0100][gc,metaspace  ] GC(9) Metaspace: 44022K(46848K)->44022K(46848K) NonClass: 38458K(39936K)->38458K(39936K) Class: 5564K(6912K)->5564K(6912K)
[2023-11-04T10:09:36.726+0100][gc            ] GC(9) Pause Young (Normal) (G1 Evacuation Pause) 196M->155M(1024M) 7,314ms
[2023-11-04T10:09:36.726+0100][gc,cpu        ] GC(9) User=0,07s Sys=0,00s Real=0,01s
[2023-11-04T10:09:53.753+0100][gc,start      ] GC(10) Pause Young (Normal) (G1 Evacuation Pause)
[2023-11-04T10:09:53.753+0100][gc,task       ] GC(10) Using 13 workers of 13 for evacuation
[2023-11-04T10:09:53.762+0100][gc,phases     ] GC(10)   Pre Evacuate Collection Set: 0,0ms
[2023-11-04T10:09:53.762+0100][gc,phases     ] GC(10)   Evacuate Collection Set: 7,8ms
[2023-11-04T10:09:53.762+0100][gc,phases     ] GC(10)   Post Evacuate Collection Set: 0,8ms
[2023-11-04T10:09:53.762+0100][gc,phases     ] GC(10)   Other: 0,3ms
[2023-11-04T10:09:53.762+0100][gc,heap       ] GC(10) Eden regions: 44->0(45)
[2023-11-04T10:09:53.762+0100][gc,heap       ] GC(10) Survivor regions: 7->6(7)
[2023-11-04T10:09:53.762+0100][gc,heap       ] GC(10) Old regions: 21->28
[2023-11-04T10:09:53.762+0100][gc,heap       ] GC(10) Humongous regions: 129->129
[2023-11-04T10:09:53.762+0100][gc,metaspace  ] GC(10) Metaspace: 44167K(47104K)->44167K(47104K) NonClass: 38603K(40192K)->38603K(40192K) Class: 5564K(6912K)->5564K(6912K)
[2023-11-04T10:09:53.762+0100][gc            ] GC(10) Pause Young (Normal) (G1 Evacuation Pause) 199M->160M(1024M) 9,040ms
[2023-11-04T10:09:53.762+0100][gc,cpu        ] GC(10) User=0,09s Sys=0,01s Real=0,02s
[2023-11-04T10:10:05.096+0100][gc,start      ] GC(11) Pause Young (Normal) (G1 Evacuation Pause)
[2023-11-04T10:10:05.096+0100][gc,task       ] GC(11) Using 13 workers of 13 for evacuation
[2023-11-04T10:10:05.103+0100][gc,phases     ] GC(11)   Pre Evacuate Collection Set: 0,0ms
[2023-11-04T10:10:05.103+0100][gc,phases     ] GC(11)   Evacuate Collection Set: 5,4ms
[2023-11-04T10:10:05.103+0100][gc,phases     ] GC(11)   Post Evacuate Collection Set: 0,9ms
[2023-11-04T10:10:05.103+0100][gc,phases     ] GC(11)   Other: 0,4ms
[2023-11-04T10:10:05.103+0100][gc,heap       ] GC(11) Eden regions: 45->0(48)
[2023-11-04T10:10:05.103+0100][gc,heap       ] GC(11) Survivor regions: 6->6(7)
[2023-11-04T10:10:05.103+0100][gc,heap       ] GC(11) Old regions: 28->33
[2023-11-04T10:10:05.103+0100][gc,heap       ] GC(11) Humongous regions: 129->129
[2023-11-04T10:10:05.103+0100][gc,metaspace  ] GC(11) Metaspace: 44219K(47104K)->44219K(47104K) NonClass: 38655K(40192K)->38655K(40192K) Class: 5564K(6912K)->5564K(6912K)
[2023-11-04T10:10:05.103+0100][gc            ] GC(11) Pause Young (Normal) (G1 Evacuation Pause) 205M->165M(1024M) 6,848ms
[2023-11-04T10:10:05.103+0100][gc,cpu        ] GC(11) User=0,07s Sys=0,00s Real=0,01s
[2023-11-04T10:10:16.364+0100][gc,start      ] GC(12) Pause Young (Normal) (G1 Evacuation Pause)
[2023-11-04T10:10:16.364+0100][gc,task       ] GC(12) Using 13 workers of 13 for evacuation
[2023-11-04T10:10:16.371+0100][gc,phases     ] GC(12)   Pre Evacuate Collection Set: 0,0ms
[2023-11-04T10:10:16.371+0100][gc,phases     ] GC(12)   Evacuate Collection Set: 6,1ms
[2023-11-04T10:10:16.371+0100][gc,phases     ] GC(12)   Post Evacuate Collection Set: 0,8ms
[2023-11-04T10:10:16.371+0100][gc,phases     ] GC(12)   Other: 0,4ms
[2023-11-04T10:10:16.371+0100][gc,heap       ] GC(12) Eden regions: 48->0(55)
[2023-11-04T10:10:16.371+0100][gc,heap       ] GC(12) Survivor regions: 6->6(7)
[2023-11-04T10:10:16.371+0100][gc,heap       ] GC(12) Old regions: 33->39
[2023-11-04T10:10:16.371+0100][gc,heap       ] GC(12) Humongous regions: 129->129
[2023-11-04T10:10:16.371+0100][gc,metaspace  ] GC(12) Metaspace: 44251K(47104K)->44251K(47104K) NonClass: 38687K(40192K)->38687K(40192K) Class: 5564K(6912K)->5564K(6912K)
[2023-11-04T10:10:16.371+0100][gc            ] GC(12) Pause Young (Normal) (G1 Evacuation Pause) 213M->171M(1024M) 7,387ms
[2023-11-04T10:10:16.371+0100][gc,cpu        ] GC(12) User=0,06s Sys=0,02s Real=0,00s
[2023-11-04T10:10:28.424+0100][gc,start      ] GC(13) Pause Young (Normal) (G1 Evacuation Pause)
[2023-11-04T10:10:28.424+0100][gc,task       ] GC(13) Using 13 workers of 13 for evacuation
[2023-11-04T10:10:28.431+0100][gc,phases     ] GC(13)   Pre Evacuate Collection Set: 0,0ms
[2023-11-04T10:10:28.431+0100][gc,phases     ] GC(13)   Evacuate Collection Set: 6,5ms
[2023-11-04T10:10:28.431+0100][gc,phases     ] GC(13)   Post Evacuate Collection Set: 0,7ms
[2023-11-04T10:10:28.431+0100][gc,phases     ] GC(13)   Other: 0,4ms
[2023-11-04T10:10:28.431+0100][gc,heap       ] GC(13) Eden regions: 55->0(67)
[2023-11-04T10:10:28.432+0100][gc,heap       ] GC(13) Survivor regions: 6->7(8)
[2023-11-04T10:10:28.432+0100][gc,heap       ] GC(13) Old regions: 39->44
[2023-11-04T10:10:28.432+0100][gc,heap       ] GC(13) Humongous regions: 129->129
[2023-11-04T10:10:28.432+0100][gc,metaspace  ] GC(13) Metaspace: 44255K(47104K)->44255K(47104K) NonClass: 38691K(40192K)->38691K(40192K) Class: 5564K(6912K)->5564K(6912K)
[2023-11-04T10:10:28.432+0100][gc            ] GC(13) Pause Young (Normal) (G1 Evacuation Pause) 226M->177M(1024M) 7,754ms
[2023-11-04T10:10:28.432+0100][gc,cpu        ] GC(13) User=0,07s Sys=0,01s Real=0,00s
[2023-11-04T10:10:42.764+0100][gc,start      ] GC(14) Pause Young (Normal) (G1 Evacuation Pause)
[2023-11-04T10:10:42.764+0100][gc,task       ] GC(14) Using 13 workers of 13 for evacuation
[2023-11-04T10:10:42.768+0100][gc,phases     ] GC(14)   Pre Evacuate Collection Set: 0,0ms
[2023-11-04T10:10:42.768+0100][gc,phases     ] GC(14)   Evacuate Collection Set: 3,4ms
[2023-11-04T10:10:42.768+0100][gc,phases     ] GC(14)   Post Evacuate Collection Set: 0,7ms
[2023-11-04T10:10:42.768+0100][gc,phases     ] GC(14)   Other: 0,4ms
[2023-11-04T10:10:42.768+0100][gc,heap       ] GC(14) Eden regions: 67->0(184)
[2023-11-04T10:10:42.768+0100][gc,heap       ] GC(14) Survivor regions: 7->2(10)
[2023-11-04T10:10:42.768+0100][gc,heap       ] GC(14) Old regions: 44->45
[2023-11-04T10:10:42.768+0100][gc,heap       ] GC(14) Humongous regions: 129->129
[2023-11-04T10:10:42.768+0100][gc,metaspace  ] GC(14) Metaspace: 44303K(47360K)->44303K(47360K) NonClass: 38734K(40448K)->38734K(40448K) Class: 5568K(6912K)->5568K(6912K)
[2023-11-04T10:10:42.768+0100][gc            ] GC(14) Pause Young (Normal) (G1 Evacuation Pause) 244M->174M(1024M) 4,615ms
[2023-11-04T10:10:42.768+0100][gc,cpu        ] GC(14) User=0,02s Sys=0,01s Real=0,00s
[2023-11-04T10:11:22.711+0100][gc,start      ] GC(15) Pause Young (Normal) (G1 Evacuation Pause)
[2023-11-04T10:11:22.711+0100][gc,task       ] GC(15) Using 13 workers of 13 for evacuation
[2023-11-04T10:11:22.724+0100][gc,phases     ] GC(15)   Pre Evacuate Collection Set: 0,0ms
[2023-11-04T10:11:22.724+0100][gc,phases     ] GC(15)   Evacuate Collection Set: 12,3ms
[2023-11-04T10:11:22.724+0100][gc,phases     ] GC(15)   Post Evacuate Collection Set: 0,6ms
[2023-11-04T10:11:22.724+0100][gc,phases     ] GC(15)   Other: 0,4ms
[2023-11-04T10:11:22.724+0100][gc,heap       ] GC(15) Eden regions: 184->0(107)
[2023-11-04T10:11:22.724+0100][gc,heap       ] GC(15) Survivor regions: 2->21(24)
[2023-11-04T10:11:22.724+0100][gc,heap       ] GC(15) Old regions: 45->45
[2023-11-04T10:11:22.724+0100][gc,heap       ] GC(15) Humongous regions: 129->129
[2023-11-04T10:11:22.724+0100][gc,metaspace  ] GC(15) Metaspace: 44358K(47360K)->44358K(47360K) NonClass: 38790K(40448K)->38790K(40448K) Class: 5568K(6912K)->5568K(6912K)
[2023-11-04T10:11:22.724+0100][gc            ] GC(15) Pause Young (Normal) (G1 Evacuation Pause) 358M->193M(1024M) 13,406ms
[2023-11-04T10:11:22.724+0100][gc,cpu        ] GC(15) User=0,14s Sys=0,02s Real=0,02s
[2023-11-04T10:11:45.655+0100][gc,start      ] GC(16) Pause Young (Normal) (G1 Evacuation Pause)
[2023-11-04T10:11:45.655+0100][gc,task       ] GC(16) Using 13 workers of 13 for evacuation
[2023-11-04T10:11:45.659+0100][gc,phases     ] GC(16)   Pre Evacuate Collection Set: 0,0ms
[2023-11-04T10:11:45.659+0100][gc,phases     ] GC(16)   Evacuate Collection Set: 3,0ms
[2023-11-04T10:11:45.659+0100][gc,phases     ] GC(16)   Post Evacuate Collection Set: 0,8ms
[2023-11-04T10:11:45.659+0100][gc,phases     ] GC(16)   Other: 0,3ms
[2023-11-04T10:11:45.659+0100][gc,heap       ] GC(16) Eden regions: 105->0(133)
[2023-11-04T10:11:45.659+0100][gc,heap       ] GC(16) Survivor regions: 21->4(16)
[2023-11-04T10:11:45.659+0100][gc,heap       ] GC(16) Old regions: 45->47
[2023-11-04T10:11:45.659+0100][gc,heap       ] GC(16) Humongous regions: 129->129
[2023-11-04T10:11:45.659+0100][gc,metaspace  ] GC(16) Metaspace: 44358K(47360K)->44358K(47360K) NonClass: 38790K(40448K)->38790K(40448K) Class: 5568K(6912K)->5568K(6912K)
[2023-11-04T10:11:45.659+0100][gc            ] GC(16) Pause Young (Normal) (G1 Evacuation Pause) 298M->177M(1024M) 4,311ms
[2023-11-04T10:11:45.659+0100][gc,cpu        ] GC(16) User=0,03s Sys=0,00s Real=0,00s
[2023-11-04T10:12:15.676+0100][gc,start      ] GC(17) Pause Young (Normal) (G1 Evacuation Pause)
[2023-11-04T10:12:15.676+0100][gc,task       ] GC(17) Using 13 workers of 13 for evacuation
[2023-11-04T10:12:15.686+0100][gc,phases     ] GC(17)   Pre Evacuate Collection Set: 0,0ms
[2023-11-04T10:12:15.686+0100][gc,phases     ] GC(17)   Evacuate Collection Set: 8,3ms
[2023-11-04T10:12:15.686+0100][gc,phases     ] GC(17)   Post Evacuate Collection Set: 0,8ms
[2023-11-04T10:12:15.686+0100][gc,phases     ] GC(17)   Other: 0,4ms
[2023-11-04T10:12:15.686+0100][gc,heap       ] GC(17) Eden regions: 133->0(147)
[2023-11-04T10:12:15.686+0100][gc,heap       ] GC(17) Survivor regions: 4->13(18)
[2023-11-04T10:12:15.686+0100][gc,heap       ] GC(17) Old regions: 47->47
[2023-11-04T10:12:15.686+0100][gc,heap       ] GC(17) Humongous regions: 129->129
[2023-11-04T10:12:15.686+0100][gc,metaspace  ] GC(17) Metaspace: 44969K(48000K)->44969K(48000K) NonClass: 39284K(40960K)->39284K(40960K) Class: 5685K(7040K)->5685K(7040K)
[2023-11-04T10:12:15.686+0100][gc            ] GC(17) Pause Young (Normal) (G1 Evacuation Pause) 310M->187M(1024M) 9,659ms
[2023-11-04T10:12:15.686+0100][gc,cpu        ] GC(17) User=0,10s Sys=0,00s Real=0,01s
[2023-11-04T10:12:25.352+0100][gc,start      ] GC(18) Pause Young (Normal) (G1 Evacuation Pause)
[2023-11-04T10:12:25.352+0100][gc,task       ] GC(18) Using 13 workers of 13 for evacuation
[2023-11-04T10:12:25.365+0100][gc,phases     ] GC(18)   Pre Evacuate Collection Set: 0,0ms
[2023-11-04T10:12:25.366+0100][gc,phases     ] GC(18)   Evacuate Collection Set: 12,2ms
[2023-11-04T10:12:25.366+0100][gc,phases     ] GC(18)   Post Evacuate Collection Set: 0,6ms
[2023-11-04T10:12:25.366+0100][gc,phases     ] GC(18)   Other: 0,3ms
[2023-11-04T10:12:25.366+0100][gc,heap       ] GC(18) Eden regions: 145->0(149)
[2023-11-04T10:12:25.366+0100][gc,heap       ] GC(18) Survivor regions: 13->13(20)
[2023-11-04T10:12:25.366+0100][gc,heap       ] GC(18) Old regions: 47->60
[2023-11-04T10:12:25.366+0100][gc,heap       ] GC(18) Humongous regions: 129->129
[2023-11-04T10:12:25.366+0100][gc,metaspace  ] GC(18) Metaspace: 45114K(48000K)->45114K(48000K) NonClass: 39428K(40960K)->39428K(40960K) Class: 5685K(7040K)->5685K(7040K)
[2023-11-04T10:12:25.366+0100][gc            ] GC(18) Pause Young (Normal) (G1 Evacuation Pause) 332M->199M(1024M) 13,270ms
[2023-11-04T10:12:25.366+0100][gc,cpu        ] GC(18) User=0,13s Sys=0,02s Real=0,02s
[2023-11-04T10:12:35.968+0100][gc,start      ] GC(19) Pause Young (Normal) (G1 Evacuation Pause)
[2023-11-04T10:12:35.968+0100][gc,task       ] GC(19) Using 13 workers of 13 for evacuation
[2023-11-04T10:12:35.975+0100][gc,phases     ] GC(19)   Pre Evacuate Collection Set: 0,0ms
[2023-11-04T10:12:35.975+0100][gc,phases     ] GC(19)   Evacuate Collection Set: 5,8ms
[2023-11-04T10:12:35.975+0100][gc,phases     ] GC(19)   Post Evacuate Collection Set: 0,7ms
[2023-11-04T10:12:35.975+0100][gc,phases     ] GC(19)   Other: 0,3ms
[2023-11-04T10:12:35.975+0100][gc,heap       ] GC(19) Eden regions: 149->0(183)
[2023-11-04T10:12:35.975+0100][gc,heap       ] GC(19) Survivor regions: 13->6(21)
[2023-11-04T10:12:35.975+0100][gc,heap       ] GC(19) Old regions: 60->63
[2023-11-04T10:12:35.975+0100][gc,heap       ] GC(19) Humongous regions: 129->129
[2023-11-04T10:12:35.975+0100][gc,metaspace  ] GC(19) Metaspace: 45306K(48256K)->45306K(48256K) NonClass: 39620K(41216K)->39620K(41216K) Class: 5685K(7040K)->5685K(7040K)
[2023-11-04T10:12:35.975+0100][gc            ] GC(19) Pause Young (Normal) (G1 Evacuation Pause) 348M->195M(1024M) 7,030ms
[2023-11-04T10:12:35.975+0100][gc,cpu        ] GC(19) User=0,06s Sys=0,01s Real=0,01s
[2023-11-04T10:12:44.602+0100][gc,start      ] GC(20) Pause Young (Normal) (G1 Evacuation Pause)
[2023-11-04T10:12:44.602+0100][gc,task       ] GC(20) Using 13 workers of 13 for evacuation
[2023-11-04T10:12:44.613+0100][gc,phases     ] GC(20)   Pre Evacuate Collection Set: 0,1ms
[2023-11-04T10:12:44.613+0100][gc,phases     ] GC(20)   Evacuate Collection Set: 10,1ms
[2023-11-04T10:12:44.613+0100][gc,phases     ] GC(20)   Post Evacuate Collection Set: 0,6ms
[2023-11-04T10:12:44.613+0100][gc,phases     ] GC(20)   Other: 0,4ms
[2023-11-04T10:12:44.613+0100][gc,heap       ] GC(20) Eden regions: 183->0(186)
[2023-11-04T10:12:44.613+0100][gc,heap       ] GC(20) Survivor regions: 6->18(24)
[2023-11-04T10:12:44.613+0100][gc,heap       ] GC(20) Old regions: 63->63
[2023-11-04T10:12:44.613+0100][gc,heap       ] GC(20) Humongous regions: 129->129
[2023-11-04T10:12:44.613+0100][gc,metaspace  ] GC(20) Metaspace: 45334K(48256K)->45334K(48256K) NonClass: 39648K(41216K)->39648K(41216K) Class: 5685K(7040K)->5685K(7040K)
[2023-11-04T10:12:44.613+0100][gc            ] GC(20) Pause Young (Normal) (G1 Evacuation Pause) 378M->207M(1024M) 11,294ms
[2023-11-04T10:12:44.613+0100][gc,cpu        ] GC(20) User=0,13s Sys=0,00s Real=0,01s
[2023-11-04T10:12:55.283+0100][gc,start      ] GC(21) Pause Young (Normal) (G1 Evacuation Pause)
[2023-11-04T10:12:55.283+0100][gc,task       ] GC(21) Using 13 workers of 13 for evacuation
[2023-11-04T10:12:55.300+0100][gc,phases     ] GC(21)   Pre Evacuate Collection Set: 0,0ms
[2023-11-04T10:12:55.300+0100][gc,phases     ] GC(21)   Evacuate Collection Set: 15,9ms
[2023-11-04T10:12:55.300+0100][gc,phases     ] GC(21)   Post Evacuate Collection Set: 0,7ms
[2023-11-04T10:12:55.300+0100][gc,phases     ] GC(21)   Other: 0,4ms
[2023-11-04T10:12:55.300+0100][gc,heap       ] GC(21) Eden regions: 186->0(174)
[2023-11-04T10:12:55.300+0100][gc,heap       ] GC(21) Survivor regions: 18->26(26)
[2023-11-04T10:12:55.300+0100][gc,heap       ] GC(21) Old regions: 63->68
[2023-11-04T10:12:55.300+0100][gc,heap       ] GC(21) Humongous regions: 129->129
[2023-11-04T10:12:55.300+0100][gc,metaspace  ] GC(21) Metaspace: 45410K(48512K)->45410K(48512K) NonClass: 39725K(41472K)->39725K(41472K) Class: 5685K(7040K)->5685K(7040K)
[2023-11-04T10:12:55.300+0100][gc            ] GC(21) Pause Young (Normal) (G1 Evacuation Pause) 393M->220M(1024M) 17,071ms
[2023-11-04T10:12:55.300+0100][gc,cpu        ] GC(21) User=0,17s Sys=0,03s Real=0,01s
[2023-11-04T10:13:06.888+0100][gc,start      ] GC(22) Pause Young (Normal) (G1 Evacuation Pause)
[2023-11-04T10:13:06.889+0100][gc,task       ] GC(22) Using 13 workers of 13 for evacuation
[2023-11-04T10:13:06.899+0100][gc,phases     ] GC(22)   Pre Evacuate Collection Set: 0,0ms
[2023-11-04T10:13:06.899+0100][gc,phases     ] GC(22)   Evacuate Collection Set: 9,2ms
[2023-11-04T10:13:06.899+0100][gc,phases     ] GC(22)   Post Evacuate Collection Set: 0,7ms
[2023-11-04T10:13:06.899+0100][gc,phases     ] GC(22)   Other: 0,3ms
[2023-11-04T10:13:06.899+0100][gc,heap       ] GC(22) Eden regions: 174->0(190)
[2023-11-04T10:13:06.899+0100][gc,heap       ] GC(22) Survivor regions: 26->16(25)
[2023-11-04T10:13:06.899+0100][gc,heap       ] GC(22) Old regions: 68->71
[2023-11-04T10:13:06.899+0100][gc,heap       ] GC(22) Humongous regions: 129->129
[2023-11-04T10:13:06.899+0100][gc,metaspace  ] GC(22) Metaspace: 45439K(48512K)->45439K(48512K) NonClass: 39753K(41472K)->39753K(41472K) Class: 5685K(7040K)->5685K(7040K)
[2023-11-04T10:13:06.899+0100][gc            ] GC(22) Pause Young (Normal) (G1 Evacuation Pause) 394M->213M(1024M) 10,423ms
[2023-11-04T10:13:06.899+0100][gc,cpu        ] GC(22) User=0,12s Sys=0,01s Real=0,01s
[2023-11-04T10:13:16.038+0100][gc,start      ] GC(23) Pause Young (Normal) (G1 Evacuation Pause)
[2023-11-04T10:13:16.038+0100][gc,task       ] GC(23) Using 13 workers of 13 for evacuation
[2023-11-04T10:13:16.052+0100][gc,phases     ] GC(23)   Pre Evacuate Collection Set: 0,0ms
[2023-11-04T10:13:16.052+0100][gc,phases     ] GC(23)   Evacuate Collection Set: 13,0ms
[2023-11-04T10:13:16.052+0100][gc,phases     ] GC(23)   Post Evacuate Collection Set: 0,7ms
[2023-11-04T10:13:16.052+0100][gc,phases     ] GC(23)   Other: 0,3ms
[2023-11-04T10:13:16.052+0100][gc,heap       ] GC(23) Eden regions: 190->0(475)
[2023-11-04T10:13:16.052+0100][gc,heap       ] GC(23) Survivor regions: 16->26(26)
[2023-11-04T10:13:16.052+0100][gc,heap       ] GC(23) Old regions: 71->71
[2023-11-04T10:13:16.052+0100][gc,heap       ] GC(23) Humongous regions: 129->129
[2023-11-04T10:13:16.052+0100][gc,metaspace  ] GC(23) Metaspace: 45447K(48512K)->45447K(48512K) NonClass: 39761K(41472K)->39761K(41472K) Class: 5685K(7040K)->5685K(7040K)
[2023-11-04T10:13:16.052+0100][gc            ] GC(23) Pause Young (Normal) (G1 Evacuation Pause) 403M->224M(1024M) 14,232ms
[2023-11-04T10:13:16.052+0100][gc,cpu        ] GC(23) User=0,17s Sys=0,00s Real=0,01s
[2023-11-04T10:13:44.485+0100][gc,start      ] GC(24) Pause Young (Normal) (G1 Evacuation Pause)
[2023-11-04T10:13:44.485+0100][gc,task       ] GC(24) Using 13 workers of 13 for evacuation
[2023-11-04T10:13:44.503+0100][gc,phases     ] GC(24)   Pre Evacuate Collection Set: 0,0ms
[2023-11-04T10:13:44.503+0100][gc,phases     ] GC(24)   Evacuate Collection Set: 16,2ms
[2023-11-04T10:13:44.503+0100][gc,phases     ] GC(24)   Post Evacuate Collection Set: 1,0ms
[2023-11-04T10:13:44.503+0100][gc,phases     ] GC(24)   Other: 0,4ms
[2023-11-04T10:13:44.503+0100][gc,heap       ] GC(24) Eden regions: 462->0(221)
[2023-11-04T10:13:44.503+0100][gc,heap       ] GC(24) Survivor regions: 26->31(61)
[2023-11-04T10:13:44.503+0100][gc,heap       ] GC(24) Old regions: 71->71
[2023-11-04T10:13:44.503+0100][gc,heap       ] GC(24) Humongous regions: 129->129
[2023-11-04T10:13:44.503+0100][gc,metaspace  ] GC(24) Metaspace: 45693K(48896K)->45693K(48896K) NonClass: 39986K(41728K)->39986K(41728K) Class: 5706K(7168K)->5706K(7168K)
[2023-11-04T10:13:44.503+0100][gc            ] GC(24) Pause Young (Normal) (G1 Evacuation Pause) 686M->228M(1024M) 17,732ms
[2023-11-04T10:13:44.503+0100][gc,cpu        ] GC(24) User=0,18s Sys=0,04s Real=0,02s
[2023-11-04T10:58:42.996+0100][gc,start      ] GC(25) Pause Young (Normal) (G1 Evacuation Pause)
[2023-11-04T10:58:42.997+0100][gc,task       ] GC(25) Using 13 workers of 13 for evacuation
[2023-11-04T10:58:43.005+0100][gc,phases     ] GC(25)   Pre Evacuate Collection Set: 0,0ms
[2023-11-04T10:58:43.005+0100][gc,phases     ] GC(25)   Evacuate Collection Set: 7,6ms
[2023-11-04T10:58:43.005+0100][gc,phases     ] GC(25)   Post Evacuate Collection Set: 0,8ms
[2023-11-04T10:58:43.005+0100][gc,phases     ] GC(25)   Other: 0,4ms
[2023-11-04T10:58:43.005+0100][gc,heap       ] GC(25) Eden regions: 220->0(349)
[2023-11-04T10:58:43.005+0100][gc,heap       ] GC(25) Survivor regions: 31->8(32)
[2023-11-04T10:58:43.005+0100][gc,heap       ] GC(25) Old regions: 71->75
[2023-11-04T10:58:43.005+0100][gc,heap       ] GC(25) Humongous regions: 129->129
[2023-11-04T10:58:43.005+0100][gc,metaspace  ] GC(25) Metaspace: 45914K(49152K)->45914K(49152K) NonClass: 40192K(41984K)->40192K(41984K) Class: 5722K(7168K)->5722K(7168K)
[2023-11-04T10:58:43.005+0100][gc            ] GC(25) Pause Young (Normal) (G1 Evacuation Pause) 448M->209M(1024M) 8,914ms
[2023-11-04T10:58:43.005+0100][gc,cpu        ] GC(25) User=0,09s Sys=0,00s Real=0,01s
[2023-11-04T11:05:53.368+0100][gc,start      ] GC(26) Pause Young (Normal) (G1 Evacuation Pause)
[2023-11-04T11:05:53.368+0100][gc,task       ] GC(26) Using 13 workers of 13 for evacuation
[2023-11-04T11:05:53.378+0100][gc,phases     ] GC(26)   Pre Evacuate Collection Set: 0,0ms
[2023-11-04T11:05:53.378+0100][gc,phases     ] GC(26)   Evacuate Collection Set: 8,2ms
[2023-11-04T11:05:53.378+0100][gc,phases     ] GC(26)   Post Evacuate Collection Set: 1,2ms
[2023-11-04T11:05:53.378+0100][gc,phases     ] GC(26)   Other: 0,3ms
[2023-11-04T11:05:53.378+0100][gc,heap       ] GC(26) Eden regions: 349->0(469)
[2023-11-04T11:05:53.378+0100][gc,heap       ] GC(26) Survivor regions: 8->9(45)
[2023-11-04T11:05:53.378+0100][gc,heap       ] GC(26) Old regions: 75->75
[2023-11-04T11:05:53.378+0100][gc,heap       ] GC(26) Humongous regions: 129->129
[2023-11-04T11:05:53.378+0100][gc,metaspace  ] GC(26) Metaspace: 46155K(49408K)->46155K(49408K) NonClass: 40427K(42240K)->40427K(42240K) Class: 5727K(7168K)->5727K(7168K)
[2023-11-04T11:05:53.378+0100][gc            ] GC(26) Pause Young (Normal) (G1 Evacuation Pause) 558M->210M(1024M) 9,981ms
[2023-11-04T11:05:53.378+0100][gc,cpu        ] GC(26) User=0,09s Sys=0,00s Real=0,01s
[2023-11-04T11:06:16.653+0100][gc,start      ] GC(27) Pause Young (Normal) (G1 Evacuation Pause)
[2023-11-04T11:06:16.653+0100][gc,task       ] GC(27) Using 13 workers of 13 for evacuation
[2023-11-04T11:06:16.661+0100][gc,phases     ] GC(27)   Pre Evacuate Collection Set: 0,0ms
[2023-11-04T11:06:16.661+0100][gc,phases     ] GC(27)   Evacuate Collection Set: 6,4ms
[2023-11-04T11:06:16.661+0100][gc,phases     ] GC(27)   Post Evacuate Collection Set: 0,9ms
[2023-11-04T11:06:16.661+0100][gc,phases     ] GC(27)   Other: 0,3ms
[2023-11-04T11:06:16.661+0100][gc,heap       ] GC(27) Eden regions: 393->0(448)
[2023-11-04T11:06:16.661+0100][gc,heap       ] GC(27) Survivor regions: 9->9(51)
[2023-11-04T11:06:16.661+0100][gc,heap       ] GC(27) Old regions: 75->75
[2023-11-04T11:06:16.661+0100][gc,heap       ] GC(27) Humongous regions: 129->129
[2023-11-04T11:06:16.661+0100][gc,metaspace  ] GC(27) Metaspace: 46163K(49408K)->46163K(49408K) NonClass: 40435K(42240K)->40435K(42240K) Class: 5727K(7168K)->5727K(7168K)
[2023-11-04T11:06:16.661+0100][gc            ] GC(27) Pause Young (Normal) (G1 Evacuation Pause) 603M->210M(1024M) 7,824ms
[2023-11-04T11:06:16.661+0100][gc,cpu        ] GC(27) User=0,08s Sys=0,00s Real=0,01s
[2023-11-04T11:06:49.901+0100][gc,start      ] GC(28) Pause Young (Normal) (G1 Evacuation Pause)
[2023-11-04T11:06:49.901+0100][gc,task       ] GC(28) Using 13 workers of 13 for evacuation
[2023-11-04T11:06:49.912+0100][gc,phases     ] GC(28)   Pre Evacuate Collection Set: 0,0ms
[2023-11-04T11:06:49.912+0100][gc,phases     ] GC(28)   Evacuate Collection Set: 9,8ms
[2023-11-04T11:06:49.912+0100][gc,phases     ] GC(28)   Post Evacuate Collection Set: 1,1ms
[2023-11-04T11:06:49.912+0100][gc,phases     ] GC(28)   Other: 0,4ms
[2023-11-04T11:06:49.912+0100][gc,heap       ] GC(28) Eden regions: 422->0(450)
[2023-11-04T11:06:49.912+0100][gc,heap       ] GC(28) Survivor regions: 9->16(54)
[2023-11-04T11:06:49.912+0100][gc,heap       ] GC(28) Old regions: 75->75
[2023-11-04T11:06:49.912+0100][gc,heap       ] GC(28) Humongous regions: 129->129
[2023-11-04T11:06:49.912+0100][gc,metaspace  ] GC(28) Metaspace: 46201K(49408K)->46201K(49408K) NonClass: 40473K(42240K)->40473K(42240K) Class: 5727K(7168K)->5727K(7168K)
[2023-11-04T11:06:49.913+0100][gc            ] GC(28) Pause Young (Normal) (G1 Evacuation Pause) 632M->217M(1024M) 11,570ms
[2023-11-04T11:06:49.913+0100][gc,cpu        ] GC(28) User=0,13s Sys=0,00s Real=0,01s
[2023-11-04T11:07:32.918+0100][gc,start      ] GC(29) Pause Young (Normal) (G1 Evacuation Pause)
[2023-11-04T11:07:32.918+0100][gc,task       ] GC(29) Using 13 workers of 13 for evacuation
[2023-11-04T11:07:32.934+0100][gc,phases     ] GC(29)   Pre Evacuate Collection Set: 0,0ms
[2023-11-04T11:07:32.934+0100][gc,phases     ] GC(29)   Evacuate Collection Set: 14,9ms
[2023-11-04T11:07:32.934+0100][gc,phases     ] GC(29)   Post Evacuate Collection Set: 1,0ms
[2023-11-04T11:07:32.934+0100][gc,phases     ] GC(29)   Other: 0,4ms
[2023-11-04T11:07:32.934+0100][gc,heap       ] GC(29) Eden regions: 427->0(438)
[2023-11-04T11:07:32.934+0100][gc,heap       ] GC(29) Survivor regions: 16->28(56)
[2023-11-04T11:07:32.934+0100][gc,heap       ] GC(29) Old regions: 75->75
[2023-11-04T11:07:32.934+0100][gc,heap       ] GC(29) Humongous regions: 129->129
[2023-11-04T11:07:32.934+0100][gc,metaspace  ] GC(29) Metaspace: 46267K(49664K)->46267K(49664K) NonClass: 40539K(42496K)->40539K(42496K) Class: 5728K(7168K)->5728K(7168K)
[2023-11-04T11:07:32.934+0100][gc            ] GC(29) Pause Young (Normal) (G1 Evacuation Pause) 644M->229M(1024M) 16,471ms
[2023-11-04T11:07:32.934+0100][gc,cpu        ] GC(29) User=0,19s Sys=0,00s Real=0,02s
[2023-11-04T11:08:16.096+0100][gc,start      ] GC(30) Pause Young (Normal) (G1 Evacuation Pause)
[2023-11-04T11:08:16.096+0100][gc,task       ] GC(30) Using 13 workers of 13 for evacuation
[2023-11-04T11:08:16.106+0100][gc,phases     ] GC(30)   Pre Evacuate Collection Set: 0,0ms
[2023-11-04T11:08:16.106+0100][gc,phases     ] GC(30)   Evacuate Collection Set: 8,6ms
[2023-11-04T11:08:16.106+0100][gc,phases     ] GC(30)   Post Evacuate Collection Set: 1,0ms
[2023-11-04T11:08:16.106+0100][gc,phases     ] GC(30)   Other: 0,4ms
[2023-11-04T11:08:16.106+0100][gc,heap       ] GC(30) Eden regions: 424->0(475)
[2023-11-04T11:08:16.106+0100][gc,heap       ] GC(30) Survivor regions: 28->14(57)
[2023-11-04T11:08:16.106+0100][gc,heap       ] GC(30) Old regions: 75->75
[2023-11-04T11:08:16.106+0100][gc,heap       ] GC(30) Humongous regions: 129->129
[2023-11-04T11:08:16.106+0100][gc,metaspace  ] GC(30) Metaspace: 46269K(49664K)->46269K(49664K) NonClass: 40540K(42496K)->40540K(42496K) Class: 5728K(7168K)->5728K(7168K)
[2023-11-04T11:08:16.106+0100][gc            ] GC(30) Pause Young (Normal) (G1 Evacuation Pause) 653M->215M(1024M) 10,104ms
[2023-11-04T11:08:16.106+0100][gc,cpu        ] GC(30) User=0,11s Sys=0,00s Real=0,01s
[2023-11-04T11:09:01.948+0100][gc,start      ] GC(31) Pause Young (Normal) (G1 Evacuation Pause)
[2023-11-04T11:09:01.948+0100][gc,task       ] GC(31) Using 13 workers of 13 for evacuation
[2023-11-04T11:09:01.964+0100][gc,phases     ] GC(31)   Pre Evacuate Collection Set: 0,0ms
[2023-11-04T11:09:01.964+0100][gc,phases     ] GC(31)   Evacuate Collection Set: 15,1ms
[2023-11-04T11:09:01.964+0100][gc,phases     ] GC(31)   Post Evacuate Collection Set: 0,9ms
[2023-11-04T11:09:01.964+0100][gc,phases     ] GC(31)   Other: 0,4ms
[2023-11-04T11:09:01.964+0100][gc,heap       ] GC(31) Eden regions: 452->0(462)
[2023-11-04T11:09:01.964+0100][gc,heap       ] GC(31) Survivor regions: 14->29(59)
[2023-11-04T11:09:01.964+0100][gc,heap       ] GC(31) Old regions: 75->75
[2023-11-04T11:09:01.964+0100][gc,heap       ] GC(31) Humongous regions: 129->129
[2023-11-04T11:09:01.964+0100][gc,metaspace  ] GC(31) Metaspace: 46269K(49664K)->46269K(49664K) NonClass: 40540K(42496K)->40540K(42496K) Class: 5728K(7168K)->5728K(7168K)
[2023-11-04T11:09:01.964+0100][gc            ] GC(31) Pause Young (Normal) (G1 Evacuation Pause) 667M->230M(1024M) 16,555ms
[2023-11-04T11:09:01.964+0100][gc,cpu        ] GC(31) User=0,19s Sys=0,01s Real=0,02s
[2023-11-04T11:10:29.482+0100][gc,start      ] GC(32) Pause Young (Normal) (G1 Evacuation Pause)
[2023-11-04T11:10:29.482+0100][gc,task       ] GC(32) Using 13 workers of 13 for evacuation
[2023-11-04T11:10:29.497+0100][gc,phases     ] GC(32)   Pre Evacuate Collection Set: 0,1ms
[2023-11-04T11:10:29.497+0100][gc,phases     ] GC(32)   Evacuate Collection Set: 12,0ms
[2023-11-04T11:10:29.497+0100][gc,phases     ] GC(32)   Post Evacuate Collection Set: 2,2ms
[2023-11-04T11:10:29.497+0100][gc,phases     ] GC(32)   Other: 0,5ms
[2023-11-04T11:10:29.497+0100][gc,heap       ] GC(32) Eden regions: 462->0(499)
[2023-11-04T11:10:29.497+0100][gc,heap       ] GC(32) Survivor regions: 29->17(62)
[2023-11-04T11:10:29.497+0100][gc,heap       ] GC(32) Old regions: 75->75
[2023-11-04T11:10:29.497+0100][gc,heap       ] GC(32) Humongous regions: 129->129
[2023-11-04T11:10:29.497+0100][gc,metaspace  ] GC(32) Metaspace: 46273K(49664K)->46273K(49664K) NonClass: 40544K(42496K)->40544K(42496K) Class: 5728K(7168K)->5728K(7168K)
[2023-11-04T11:10:29.497+0100][gc            ] GC(32) Pause Young (Normal) (G1 Evacuation Pause) 692M->218M(1024M) 14,848ms
[2023-11-04T11:10:29.497+0100][gc,cpu        ] GC(32) User=0,13s Sys=0,00s Real=0,02s
[2023-11-04T11:11:26.322+0100][gc,start      ] GC(33) Pause Young (Normal) (G1 Evacuation Pause)
[2023-11-04T11:11:26.322+0100][gc,task       ] GC(33) Using 13 workers of 13 for evacuation
[2023-11-04T11:11:26.336+0100][gc,phases     ] GC(33)   Pre Evacuate Collection Set: 0,0ms
[2023-11-04T11:11:26.336+0100][gc,phases     ] GC(33)   Evacuate Collection Set: 12,8ms
[2023-11-04T11:11:26.336+0100][gc,phases     ] GC(33)   Post Evacuate Collection Set: 1,0ms
[2023-11-04T11:11:26.336+0100][gc,phases     ] GC(33)   Other: 0,4ms
[2023-11-04T11:11:26.336+0100][gc,heap       ] GC(33) Eden regions: 469->0(514)
[2023-11-04T11:11:26.336+0100][gc,heap       ] GC(33) Survivor regions: 17->20(61)
[2023-11-04T11:11:26.336+0100][gc,heap       ] GC(33) Old regions: 75->75
[2023-11-04T11:11:26.336+0100][gc,heap       ] GC(33) Humongous regions: 129->129
[2023-11-04T11:11:26.336+0100][gc,metaspace  ] GC(33) Metaspace: 46438K(49664K)->46438K(49664K) NonClass: 40709K(42496K)->40709K(42496K) Class: 5728K(7168K)->5728K(7168K)
[2023-11-04T11:11:26.336+0100][gc            ] GC(33) Pause Young (Normal) (G1 Evacuation Pause) 687M->221M(1024M) 14,353ms
[2023-11-04T11:11:26.336+0100][gc,cpu        ] GC(33) User=0,16s Sys=0,00s Real=0,02s
[2023-11-04T11:11:49.687+0100][gc,start      ] GC(34) Pause Young (Normal) (G1 Evacuation Pause)
[2023-11-04T11:11:49.687+0100][gc,task       ] GC(34) Using 13 workers of 13 for evacuation
[2023-11-04T11:11:49.701+0100][gc,phases     ] GC(34)   Pre Evacuate Collection Set: 0,0ms
[2023-11-04T11:11:49.701+0100][gc,phases     ] GC(34)   Evacuate Collection Set: 12,4ms
[2023-11-04T11:11:49.701+0100][gc,phases     ] GC(34)   Post Evacuate Collection Set: 0,9ms
[2023-11-04T11:11:49.701+0100][gc,phases     ] GC(34)   Other: 0,4ms
[2023-11-04T11:11:49.701+0100][gc,heap       ] GC(34) Eden regions: 459->0(573)
[2023-11-04T11:11:49.701+0100][gc,heap       ] GC(34) Survivor regions: 20->22(60)
[2023-11-04T11:11:49.701+0100][gc,heap       ] GC(34) Old regions: 75->75
[2023-11-04T11:11:49.701+0100][gc,heap       ] GC(34) Humongous regions: 129->129
[2023-11-04T11:11:49.701+0100][gc,metaspace  ] GC(34) Metaspace: 46445K(49664K)->46445K(49664K) NonClass: 40717K(42496K)->40717K(42496K) Class: 5728K(7168K)->5728K(7168K)
[2023-11-04T11:11:49.701+0100][gc            ] GC(34) Pause Young (Normal) (G1 Evacuation Pause) 680M->223M(1024M) 13,811ms
[2023-11-04T11:11:49.701+0100][gc,cpu        ] GC(34) User=0,16s Sys=0,00s Real=0,01s
[2023-11-04T11:12:19.140+0100][gc,start      ] GC(35) Pause Young (Normal) (G1 Evacuation Pause)
[2023-11-04T11:12:19.141+0100][gc,task       ] GC(35) Using 13 workers of 13 for evacuation
[2023-11-04T11:12:19.164+0100][gc,mmu        ] GC(35) MMU target violated: 21,0ms (20,0ms/21,0ms)
[2023-11-04T11:12:19.164+0100][gc,phases     ] GC(35)   Pre Evacuate Collection Set: 0,1ms
[2023-11-04T11:12:19.164+0100][gc,phases     ] GC(35)   Evacuate Collection Set: 22,0ms
[2023-11-04T11:12:19.164+0100][gc,phases     ] GC(35)   Post Evacuate Collection Set: 1,0ms
[2023-11-04T11:12:19.164+0100][gc,phases     ] GC(35)   Other: 0,7ms
[2023-11-04T11:12:19.164+0100][gc,heap       ] GC(35) Eden regions: 573->0(417)
[2023-11-04T11:12:19.164+0100][gc,heap       ] GC(35) Survivor regions: 22->32(75)
[2023-11-04T11:12:19.164+0100][gc,heap       ] GC(35) Old regions: 75->75
[2023-11-04T11:12:19.164+0100][gc,heap       ] GC(35) Humongous regions: 129->129
[2023-11-04T11:12:19.164+0100][gc,metaspace  ] GC(35) Metaspace: 46470K(49664K)->46470K(49664K) NonClass: 40742K(42496K)->40742K(42496K) Class: 5728K(7168K)->5728K(7168K)
[2023-11-04T11:12:19.164+0100][gc            ] GC(35) Pause Young (Normal) (G1 Evacuation Pause) 796M->233M(1024M) 23,736ms
[2023-11-04T11:12:19.164+0100][gc,cpu        ] GC(35) User=0,26s Sys=0,03s Real=0,03s
[2023-11-04T11:12:32.358+0100][gc,start      ] GC(36) Pause Young (Normal) (G1 Evacuation Pause)
[2023-11-04T11:12:32.358+0100][gc,task       ] GC(36) Using 13 workers of 13 for evacuation
[2023-11-04T11:12:32.372+0100][gc,phases     ] GC(36)   Pre Evacuate Collection Set: 0,0ms
[2023-11-04T11:12:32.372+0100][gc,phases     ] GC(36)   Evacuate Collection Set: 12,6ms
[2023-11-04T11:12:32.372+0100][gc,phases     ] GC(36)   Post Evacuate Collection Set: 0,7ms
[2023-11-04T11:12:32.372+0100][gc,phases     ] GC(36)   Other: 0,4ms
[2023-11-04T11:12:32.372+0100][gc,heap       ] GC(36) Eden regions: 265->0(599)
[2023-11-04T11:12:32.372+0100][gc,heap       ] GC(36) Survivor regions: 32->15(38)
[2023-11-04T11:12:32.372+0100][gc,heap       ] GC(36) Old regions: 75->81
[2023-11-04T11:12:32.372+0100][gc,heap       ] GC(36) Humongous regions: 129->129
[2023-11-04T11:12:32.372+0100][gc,metaspace  ] GC(36) Metaspace: 46495K(49664K)->46495K(49664K) NonClass: 40766K(42496K)->40766K(42496K) Class: 5728K(7168K)->5728K(7168K)
[2023-11-04T11:12:32.372+0100][gc            ] GC(36) Pause Young (Normal) (G1 Evacuation Pause) 498M->223M(1024M) 13,785ms
[2023-11-04T11:12:32.372+0100][gc,cpu        ] GC(36) User=0,16s Sys=0,01s Real=0,01s
[2023-11-04T11:13:07.356+0100][gc,start      ] GC(37) Pause Young (Normal) (G1 Evacuation Pause)
[2023-11-04T11:13:07.356+0100][gc,task       ] GC(37) Using 13 workers of 13 for evacuation
[2023-11-04T11:13:07.369+0100][gc,phases     ] GC(37)   Pre Evacuate Collection Set: 0,0ms
[2023-11-04T11:13:07.369+0100][gc,phases     ] GC(37)   Evacuate Collection Set: 12,8ms
[2023-11-04T11:13:07.369+0100][gc,phases     ] GC(37)   Post Evacuate Collection Set: 0,6ms
[2023-11-04T11:13:07.369+0100][gc,phases     ] GC(37)   Other: 0,2ms
[2023-11-04T11:13:07.369+0100][gc,heap       ] GC(37) Eden regions: 599->0(296)
[2023-11-04T11:13:07.369+0100][gc,heap       ] GC(37) Survivor regions: 15->28(77)
[2023-11-04T11:13:07.369+0100][gc,heap       ] GC(37) Old regions: 81->81
[2023-11-04T11:13:07.369+0100][gc,heap       ] GC(37) Humongous regions: 129->129
[2023-11-04T11:13:07.369+0100][gc,metaspace  ] GC(37) Metaspace: 46510K(49664K)->46510K(49664K) NonClass: 40782K(42496K)->40782K(42496K) Class: 5728K(7168K)->5728K(7168K)
[2023-11-04T11:13:07.369+0100][gc            ] GC(37) Pause Young (Normal) (G1 Evacuation Pause) 822M->236M(1024M) 13,798ms
[2023-11-04T11:13:07.369+0100][gc,cpu        ] GC(37) User=0,14s Sys=0,03s Real=0,01s
[2023-11-04T11:13:24.101+0100][gc,start      ] GC(38) Pause Young (Normal) (G1 Evacuation Pause)
[2023-11-04T11:13:24.101+0100][gc,task       ] GC(38) Using 13 workers of 13 for evacuation
[2023-11-04T11:13:24.117+0100][gc,phases     ] GC(38)   Pre Evacuate Collection Set: 0,1ms
[2023-11-04T11:13:24.117+0100][gc,phases     ] GC(38)   Evacuate Collection Set: 14,8ms
[2023-11-04T11:13:24.117+0100][gc,phases     ] GC(38)   Post Evacuate Collection Set: 0,8ms
[2023-11-04T11:13:24.117+0100][gc,phases     ] GC(38)   Other: 0,5ms
[2023-11-04T11:13:24.117+0100][gc,heap       ] GC(38) Eden regions: 296->0(456)
[2023-11-04T11:13:24.117+0100][gc,heap       ] GC(38) Survivor regions: 28->19(41)
[2023-11-04T11:13:24.117+0100][gc,heap       ] GC(38) Old regions: 81->84
[2023-11-04T11:13:24.117+0100][gc,heap       ] GC(38) Humongous regions: 129->129
[2023-11-04T11:13:24.117+0100][gc,metaspace  ] GC(38) Metaspace: 46516K(49664K)->46516K(49664K) NonClass: 40787K(42496K)->40787K(42496K) Class: 5728K(7168K)->5728K(7168K)
[2023-11-04T11:13:24.117+0100][gc            ] GC(38) Pause Young (Normal) (G1 Evacuation Pause) 532M->229M(1024M) 16,399ms
[2023-11-04T11:13:24.117+0100][gc,cpu        ] GC(38) User=0,16s Sys=0,00s Real=0,02s
[2023-11-04T11:13:49.897+0100][gc,start      ] GC(39) Pause Young (Normal) (G1 Evacuation Pause)
[2023-11-04T11:13:49.897+0100][gc,task       ] GC(39) Using 13 workers of 13 for evacuation
[2023-11-04T11:13:49.907+0100][gc,phases     ] GC(39)   Pre Evacuate Collection Set: 0,0ms
[2023-11-04T11:13:49.907+0100][gc,phases     ] GC(39)   Evacuate Collection Set: 9,4ms
[2023-11-04T11:13:49.907+0100][gc,phases     ] GC(39)   Post Evacuate Collection Set: 0,6ms
[2023-11-04T11:13:49.907+0100][gc,phases     ] GC(39)   Other: 0,3ms
[2023-11-04T11:13:49.907+0100][gc,heap       ] GC(39) Eden regions: 444->0(593)
[2023-11-04T11:13:49.907+0100][gc,heap       ] GC(39) Survivor regions: 19->21(58)
[2023-11-04T11:13:49.907+0100][gc,heap       ] GC(39) Old regions: 84->84
[2023-11-04T11:13:49.907+0100][gc,heap       ] GC(39) Humongous regions: 129->129
[2023-11-04T11:13:49.908+0100][gc,metaspace  ] GC(39) Metaspace: 46523K(49664K)->46523K(49664K) NonClass: 40794K(42496K)->40794K(42496K) Class: 5728K(7168K)->5728K(7168K)
[2023-11-04T11:13:49.908+0100][gc            ] GC(39) Pause Young (Normal) (G1 Evacuation Pause) 673M->231M(1024M) 10,351ms
[2023-11-04T11:13:49.908+0100][gc,cpu        ] GC(39) User=0,12s Sys=0,00s Real=0,01s
[2023-11-04T11:14:23.743+0100][gc,start      ] GC(40) Pause Young (Normal) (G1 Evacuation Pause)
[2023-11-04T11:14:23.743+0100][gc,task       ] GC(40) Using 13 workers of 13 for evacuation
[2023-11-04T11:14:23.761+0100][gc,phases     ] GC(40)   Pre Evacuate Collection Set: 0,0ms
[2023-11-04T11:14:23.761+0100][gc,phases     ] GC(40)   Evacuate Collection Set: 16,6ms
[2023-11-04T11:14:23.761+0100][gc,phases     ] GC(40)   Post Evacuate Collection Set: 1,2ms
[2023-11-04T11:14:23.761+0100][gc,phases     ] GC(40)   Other: 0,5ms
[2023-11-04T11:14:23.761+0100][gc,heap       ] GC(40) Eden regions: 510->0(430)
[2023-11-04T11:14:23.761+0100][gc,heap       ] GC(40) Survivor regions: 21->30(67)
[2023-11-04T11:14:23.761+0100][gc,heap       ] GC(40) Old regions: 84->84
[2023-11-04T11:14:23.761+0100][gc,heap       ] GC(40) Humongous regions: 129->129
[2023-11-04T11:14:23.761+0100][gc,metaspace  ] GC(40) Metaspace: 46523K(49664K)->46523K(49664K) NonClass: 40794K(42496K)->40794K(42496K) Class: 5728K(7168K)->5728K(7168K)
[2023-11-04T11:14:23.761+0100][gc            ] GC(40) Pause Young (Normal) (G1 Evacuation Pause) 741M->241M(1024M) 18,363ms
[2023-11-04T11:14:23.761+0100][gc,cpu        ] GC(40) User=0,21s Sys=0,00s Real=0,01s
[2023-11-04T11:14:51.165+0100][gc,start      ] GC(41) Pause Young (Normal) (G1 Evacuation Pause)
[2023-11-04T11:14:51.165+0100][gc,task       ] GC(41) Using 13 workers of 13 for evacuation
[2023-11-04T11:14:51.180+0100][gc,phases     ] GC(41)   Pre Evacuate Collection Set: 0,0ms
[2023-11-04T11:14:51.180+0100][gc,phases     ] GC(41)   Evacuate Collection Set: 14,9ms
[2023-11-04T11:14:51.180+0100][gc,phases     ] GC(41)   Post Evacuate Collection Set: 0,6ms
[2023-11-04T11:14:51.181+0100][gc,phases     ] GC(41)   Other: 0,3ms
[2023-11-04T11:14:51.181+0100][gc,heap       ] GC(41) Eden regions: 430->0(412)
[2023-11-04T11:14:51.181+0100][gc,heap       ] GC(41) Survivor regions: 30->34(58)
[2023-11-04T11:14:51.181+0100][gc,heap       ] GC(41) Old regions: 84->84
[2023-11-04T11:14:51.181+0100][gc,heap       ] GC(41) Humongous regions: 129->129
[2023-11-04T11:14:51.181+0100][gc,metaspace  ] GC(41) Metaspace: 46523K(49664K)->46523K(49664K) NonClass: 40794K(42496K)->40794K(42496K) Class: 5728K(7168K)->5728K(7168K)
[2023-11-04T11:14:51.181+0100][gc            ] GC(41) Pause Young (Normal) (G1 Evacuation Pause) 671M->245M(1024M) 15,841ms
[2023-11-04T11:14:51.181+0100][gc,cpu        ] GC(41) User=0,17s Sys=0,00s Real=0,01s
[2023-11-04T11:16:57.003+0100][gc,start      ] GC(42) Pause Young (Normal) (G1 Evacuation Pause)
[2023-11-04T11:16:57.003+0100][gc,task       ] GC(42) Using 13 workers of 13 for evacuation
[2023-11-04T11:16:57.014+0100][gc,phases     ] GC(42)   Pre Evacuate Collection Set: 0,0ms
[2023-11-04T11:16:57.014+0100][gc,phases     ] GC(42)   Evacuate Collection Set: 9,5ms
[2023-11-04T11:16:57.014+0100][gc,phases     ] GC(42)   Post Evacuate Collection Set: 0,9ms
[2023-11-04T11:16:57.014+0100][gc,phases     ] GC(42)   Other: 0,4ms
[2023-11-04T11:16:57.014+0100][gc,heap       ] GC(42) Eden regions: 412->0(530)
[2023-11-04T11:16:57.014+0100][gc,heap       ] GC(42) Survivor regions: 34->9(56)
[2023-11-04T11:16:57.014+0100][gc,heap       ] GC(42) Old regions: 84->89
[2023-11-04T11:16:57.014+0100][gc,heap       ] GC(42) Humongous regions: 129->129
[2023-11-04T11:16:57.014+0100][gc,metaspace  ] GC(42) Metaspace: 46549K(49920K)->46549K(49920K) NonClass: 40818K(42752K)->40818K(42752K) Class: 5730K(7168K)->5730K(7168K)
[2023-11-04T11:16:57.014+0100][gc            ] GC(42) Pause Young (Normal) (G1 Evacuation Pause) 657M->225M(1024M) 10,916ms
[2023-11-04T11:16:57.014+0100][gc,cpu        ] GC(42) User=0,12s Sys=0,01s Real=0,00s
[2023-11-04T11:17:26.345+0100][gc,start      ] GC(43) Pause Young (Normal) (G1 Evacuation Pause)
[2023-11-04T11:17:26.345+0100][gc,task       ] GC(43) Using 13 workers of 13 for evacuation
[2023-11-04T11:17:26.357+0100][gc,phases     ] GC(43)   Pre Evacuate Collection Set: 0,0ms
[2023-11-04T11:17:26.358+0100][gc,phases     ] GC(43)   Evacuate Collection Set: 11,4ms
[2023-11-04T11:17:26.358+0100][gc,phases     ] GC(43)   Post Evacuate Collection Set: 1,0ms
[2023-11-04T11:17:26.358+0100][gc,phases     ] GC(43)   Other: 0,4ms
[2023-11-04T11:17:26.358+0100][gc,heap       ] GC(43) Eden regions: 494->0(546)
[2023-11-04T11:17:26.358+0100][gc,heap       ] GC(43) Survivor regions: 9->17(63)
[2023-11-04T11:17:26.358+0100][gc,heap       ] GC(43) Old regions: 89->89
[2023-11-04T11:17:26.358+0100][gc,heap       ] GC(43) Humongous regions: 129->129
[2023-11-04T11:17:26.358+0100][gc,metaspace  ] GC(43) Metaspace: 46549K(49920K)->46549K(49920K) NonClass: 40818K(42752K)->40818K(42752K) Class: 5730K(7168K)->5730K(7168K)
[2023-11-04T11:17:26.358+0100][gc            ] GC(43) Pause Young (Normal) (G1 Evacuation Pause) 719M->232M(1024M) 12,949ms
[2023-11-04T11:17:26.358+0100][gc,cpu        ] GC(43) User=0,14s Sys=0,01s Real=0,01s
[2023-11-04T11:17:52.716+0100][gc,start      ] GC(44) Pause Young (Normal) (G1 Evacuation Pause)
[2023-11-04T11:17:52.716+0100][gc,task       ] GC(44) Using 13 workers of 13 for evacuation
[2023-11-04T11:17:52.730+0100][gc,phases     ] GC(44)   Pre Evacuate Collection Set: 0,0ms
[2023-11-04T11:17:52.730+0100][gc,phases     ] GC(44)   Evacuate Collection Set: 13,0ms
[2023-11-04T11:17:52.730+0100][gc,phases     ] GC(44)   Post Evacuate Collection Set: 0,9ms
[2023-11-04T11:17:52.730+0100][gc,phases     ] GC(44)   Other: 0,4ms
[2023-11-04T11:17:52.730+0100][gc,heap       ] GC(44) Eden regions: 457->0(550)
[2023-11-04T11:17:52.730+0100][gc,heap       ] GC(44) Survivor regions: 17->23(60)
[2023-11-04T11:17:52.730+0100][gc,heap       ] GC(44) Old regions: 89->89
[2023-11-04T11:17:52.730+0100][gc,heap       ] GC(44) Humongous regions: 129->129
[2023-11-04T11:17:52.730+0100][gc,metaspace  ] GC(44) Metaspace: 46549K(49920K)->46549K(49920K) NonClass: 40818K(42752K)->40818K(42752K) Class: 5730K(7168K)->5730K(7168K)
[2023-11-04T11:17:52.730+0100][gc            ] GC(44) Pause Young (Normal) (G1 Evacuation Pause) 689M->239M(1024M) 14,529ms
[2023-11-04T11:17:52.730+0100][gc,cpu        ] GC(44) User=0,17s Sys=0,00s Real=0,01s
[2023-11-04T11:18:25.100+0100][gc,start      ] GC(45) Pause Young (Normal) (G1 Evacuation Pause)
[2023-11-04T11:18:25.100+0100][gc,task       ] GC(45) Using 13 workers of 13 for evacuation
[2023-11-04T11:18:25.121+0100][gc,mmu        ] GC(45) MMU target violated: 20,7ms (20,0ms/21,0ms)
[2023-11-04T11:18:25.121+0100][gc,phases     ] GC(45)   Pre Evacuate Collection Set: 0,0ms
[2023-11-04T11:18:25.121+0100][gc,phases     ] GC(45)   Evacuate Collection Set: 19,4ms
[2023-11-04T11:18:25.121+0100][gc,phases     ] GC(45)   Post Evacuate Collection Set: 1,0ms
[2023-11-04T11:18:25.121+0100][gc,phases     ] GC(45)   Other: 0,5ms
[2023-11-04T11:18:25.121+0100][gc,heap       ] GC(45) Eden regions: 550->0(435)
[2023-11-04T11:18:25.121+0100][gc,heap       ] GC(45) Survivor regions: 23->37(72)
[2023-11-04T11:18:25.121+0100][gc,heap       ] GC(45) Old regions: 89->89
[2023-11-04T11:18:25.121+0100][gc,heap       ] GC(45) Humongous regions: 129->129
[2023-11-04T11:18:25.121+0100][gc,metaspace  ] GC(45) Metaspace: 46549K(49920K)->46549K(49920K) NonClass: 40818K(42752K)->40818K(42752K) Class: 5730K(7168K)->5730K(7168K)
[2023-11-04T11:18:25.121+0100][gc            ] GC(45) Pause Young (Normal) (G1 Evacuation Pause) 789M->253M(1024M) 21,023ms
[2023-11-04T11:18:25.121+0100][gc,cpu        ] GC(45) User=0,25s Sys=0,00s Real=0,02s
[2023-11-04T11:18:41.523+0100][gc,start      ] GC(46) Pause Young (Normal) (G1 Evacuation Pause)
[2023-11-04T11:18:41.523+0100][gc,task       ] GC(46) Using 13 workers of 13 for evacuation
[2023-11-04T11:18:41.541+0100][gc,phases     ] GC(46)   Pre Evacuate Collection Set: 0,0ms
[2023-11-04T11:18:41.541+0100][gc,phases     ] GC(46)   Evacuate Collection Set: 16,7ms
[2023-11-04T11:18:41.541+0100][gc,phases     ] GC(46)   Post Evacuate Collection Set: 0,8ms
[2023-11-04T11:18:41.541+0100][gc,phases     ] GC(46)   Other: 0,4ms
[2023-11-04T11:18:41.541+0100][gc,heap       ] GC(46) Eden regions: 268->0(525)
[2023-11-04T11:18:41.541+0100][gc,heap       ] GC(46) Survivor regions: 37->18(39)
[2023-11-04T11:18:41.541+0100][gc,heap       ] GC(46) Old regions: 89->101
[2023-11-04T11:18:41.541+0100][gc,heap       ] GC(46) Humongous regions: 129->129
[2023-11-04T11:18:41.541+0100][gc,metaspace  ] GC(46) Metaspace: 46549K(49920K)->46549K(49920K) NonClass: 40818K(42752K)->40818K(42752K) Class: 5730K(7168K)->5730K(7168K)
[2023-11-04T11:18:41.541+0100][gc            ] GC(46) Pause Young (Normal) (G1 Evacuation Pause) 521M->245M(1024M) 18,059ms
[2023-11-04T11:18:41.541+0100][gc,cpu        ] GC(46) User=0,20s Sys=0,01s Real=0,01s
[2023-11-04T11:19:31.758+0100][gc,start      ] GC(47) Pause Young (Normal) (G1 Evacuation Pause)
[2023-11-04T11:19:31.758+0100][gc,task       ] GC(47) Using 13 workers of 13 for evacuation
[2023-11-04T11:19:31.767+0100][gc,phases     ] GC(47)   Pre Evacuate Collection Set: 0,1ms
[2023-11-04T11:19:31.767+0100][gc,phases     ] GC(47)   Evacuate Collection Set: 7,6ms
[2023-11-04T11:19:31.767+0100][gc,phases     ] GC(47)   Post Evacuate Collection Set: 1,1ms
[2023-11-04T11:19:31.767+0100][gc,phases     ] GC(47)   Other: 0,4ms
[2023-11-04T11:19:31.767+0100][gc,heap       ] GC(47) Eden regions: 525->0(580)
[2023-11-04T11:19:31.767+0100][gc,heap       ] GC(47) Survivor regions: 18->11(68)
[2023-11-04T11:19:31.767+0100][gc,heap       ] GC(47) Old regions: 101->101
[2023-11-04T11:19:31.767+0100][gc,heap       ] GC(47) Humongous regions: 129->129
[2023-11-04T11:19:31.767+0100][gc,metaspace  ] GC(47) Metaspace: 46549K(49920K)->46549K(49920K) NonClass: 40818K(42752K)->40818K(42752K) Class: 5730K(7168K)->5730K(7168K)
[2023-11-04T11:19:31.767+0100][gc            ] GC(47) Pause Young (Normal) (G1 Evacuation Pause) 770M->238M(1024M) 9,361ms
[2023-11-04T11:19:31.767+0100][gc,cpu        ] GC(47) User=0,10s Sys=0,01s Real=0,01s
[2023-11-04T11:20:17.640+0100][gc,start      ] GC(48) Pause Young (Normal) (G1 Evacuation Pause)
[2023-11-04T11:20:17.640+0100][gc,task       ] GC(48) Using 13 workers of 13 for evacuation
[2023-11-04T11:20:17.656+0100][gc,phases     ] GC(48)   Pre Evacuate Collection Set: 0,0ms
[2023-11-04T11:20:17.656+0100][gc,phases     ] GC(48)   Evacuate Collection Set: 14,6ms
[2023-11-04T11:20:17.656+0100][gc,phases     ] GC(48)   Post Evacuate Collection Set: 1,0ms
[2023-11-04T11:20:17.656+0100][gc,phases     ] GC(48)   Other: 0,4ms
[2023-11-04T11:20:17.656+0100][gc,heap       ] GC(48) Eden regions: 449->0(466)
[2023-11-04T11:20:17.656+0100][gc,heap       ] GC(48) Survivor regions: 11->27(58)
[2023-11-04T11:20:17.656+0100][gc,heap       ] GC(48) Old regions: 101->101
[2023-11-04T11:20:17.656+0100][gc,heap       ] GC(48) Humongous regions: 129->129
[2023-11-04T11:20:17.656+0100][gc,metaspace  ] GC(48) Metaspace: 46549K(49920K)->46549K(49920K) NonClass: 40818K(42752K)->40818K(42752K) Class: 5730K(7168K)->5730K(7168K)
[2023-11-04T11:20:17.656+0100][gc            ] GC(48) Pause Young (Normal) (G1 Evacuation Pause) 687M->254M(1024M) 16,213ms
[2023-11-04T11:20:17.656+0100][gc,cpu        ] GC(48) User=0,20s Sys=0,00s Real=0,02s
[2023-11-04T11:20:59.798+0100][gc,start      ] GC(49) Pause Young (Normal) (G1 Evacuation Pause)
[2023-11-04T11:20:59.799+0100][gc,task       ] GC(49) Using 13 workers of 13 for evacuation
[2023-11-04T11:20:59.820+0100][gc,mmu        ] GC(49) MMU target violated: 21,0ms (20,0ms/21,0ms)
[2023-11-04T11:20:59.820+0100][gc,phases     ] GC(49)   Pre Evacuate Collection Set: 0,0ms
[2023-11-04T11:20:59.820+0100][gc,phases     ] GC(49)   Evacuate Collection Set: 20,3ms
[2023-11-04T11:20:59.820+0100][gc,phases     ] GC(49)   Post Evacuate Collection Set: 1,2ms
[2023-11-04T11:20:59.820+0100][gc,phases     ] GC(49)   Other: 0,4ms
[2023-11-04T11:20:59.820+0100][gc,heap       ] GC(49) Eden regions: 329->0(216)
[2023-11-04T11:20:59.820+0100][gc,heap       ] GC(49) Survivor regions: 27->29(45)
[2023-11-04T11:20:59.820+0100][gc,heap       ] GC(49) Old regions: 101->104
[2023-11-04T11:20:59.820+0100][gc,heap       ] GC(49) Humongous regions: 129->129
[2023-11-04T11:20:59.820+0100][gc,metaspace  ] GC(49) Metaspace: 47131K(50688K)->47131K(50688K) NonClass: 41252K(43264K)->41252K(43264K) Class: 5878K(7424K)->5878K(7424K)
[2023-11-04T11:20:59.820+0100][gc            ] GC(49) Pause Young (Normal) (G1 Evacuation Pause) 583M->259M(1024M) 21,999ms
[2023-11-04T11:20:59.820+0100][gc,cpu        ] GC(49) User=0,26s Sys=0,00s Real=0,02s
[2023-11-04T11:21:01.222+0100][gc,heap,exit  ] Heap
[2023-11-04T11:21:01.222+0100][gc,heap,exit  ]  garbage-first heap   total 1048576K, used 272213K [0x00000000c0000000, 0x0000000100000000)
[2023-11-04T11:21:01.222+0100][gc,heap,exit  ]   region size 1024K, 36 young (36864K), 29 survivors (29696K)
[2023-11-04T11:21:01.222+0100][gc,heap,exit  ]  Metaspace       used 47359K, capacity 50682K, committed 50944K, reserved 1093632K
[2023-11-04T11:21:01.223+0100][gc,heap,exit  ]   class space    used 5933K, capacity 7407K, committed 7424K, reserved 1048576K
