[2023-10-31T10:31:15.619+0100][gc,heap] Heap region size: 1M
[2023-10-31T10:31:15.629+0100][gc     ] Using G1
[2023-10-31T10:31:15.629+0100][gc,heap,coops] Heap address: 0x00000000c0000000, size: 1024 MB, Compressed Oops mode: 32-bit
[2023-10-31T10:31:15.629+0100][gc,cds       ] Mark closed archive regions in map: [0x00000000fff00000, 0x00000000fff6aff8]
[2023-10-31T10:31:15.629+0100][gc,cds       ] Mark open archive regions in map: [0x00000000ffe00000, 0x00000000ffe46ff8]
[2023-10-31T10:31:16.705+0100][gc,start     ] GC(0) Pause Young (Normal) (G1 Evacuation Pause)
[2023-10-31T10:31:16.706+0100][gc,task      ] GC(0) Using 13 workers of 13 for evacuation
[2023-10-31T10:31:16.718+0100][gc,phases    ] GC(0)   Pre Evacuate Collection Set: 0,0ms
[2023-10-31T10:31:16.718+0100][gc,phases    ] GC(0)   Evacuate Collection Set: 10,7ms
[2023-10-31T10:31:16.718+0100][gc,phases    ] GC(0)   Post Evacuate Collection Set: 0,7ms
[2023-10-31T10:31:16.718+0100][gc,phases    ] GC(0)   Other: 1,3ms
[2023-10-31T10:31:16.718+0100][gc,heap      ] GC(0) Eden regions: 51->0(44)
[2023-10-31T10:31:16.718+0100][gc,heap      ] GC(0) Survivor regions: 0->7(7)
[2023-10-31T10:31:16.718+0100][gc,heap      ] GC(0) Old regions: 2->2
[2023-10-31T10:31:16.718+0100][gc,heap      ] GC(0) Humongous regions: 0->0
[2023-10-31T10:31:16.718+0100][gc,metaspace ] GC(0) Metaspace: 14253K(15104K)->14253K(15104K) NonClass: 12511K(13056K)->12511K(13056K) Class: 1742K(2048K)->1742K(2048K)
[2023-10-31T10:31:16.718+0100][gc           ] GC(0) Pause Young (Normal) (G1 Evacuation Pause) 51M->7M(1024M) 12,800ms
[2023-10-31T10:31:16.718+0100][gc,cpu       ] GC(0) User=0,11s Sys=0,03s Real=0,02s
[2023-10-31T10:31:17.279+0100][gc,start     ] GC(1) Pause Young (Concurrent Start) (Metadata GC Threshold)
[2023-10-31T10:31:17.279+0100][gc,task      ] GC(1) Using 13 workers of 13 for evacuation
[2023-10-31T10:31:17.291+0100][gc,phases    ] GC(1)   Pre Evacuate Collection Set: 0,1ms
[2023-10-31T10:31:17.291+0100][gc,phases    ] GC(1)   Evacuate Collection Set: 10,9ms
[2023-10-31T10:31:17.291+0100][gc,phases    ] GC(1)   Post Evacuate Collection Set: 0,7ms
[2023-10-31T10:31:17.291+0100][gc,phases    ] GC(1)   Other: 0,5ms
[2023-10-31T10:31:17.291+0100][gc,heap      ] GC(1) Eden regions: 28->0(49)
[2023-10-31T10:31:17.291+0100][gc,heap      ] GC(1) Survivor regions: 7->2(7)
[2023-10-31T10:31:17.291+0100][gc,heap      ] GC(1) Old regions: 2->9
[2023-10-31T10:31:17.291+0100][gc,heap      ] GC(1) Humongous regions: 0->0
[2023-10-31T10:31:17.291+0100][gc,metaspace ] GC(1) Metaspace: 20458K(21248K)->20458K(21248K) NonClass: 17991K(18432K)->17991K(18432K) Class: 2466K(2816K)->2466K(2816K)
[2023-10-31T10:31:17.291+0100][gc           ] GC(1) Pause Young (Concurrent Start) (Metadata GC Threshold) 34M->8M(1024M) 12,259ms
[2023-10-31T10:31:17.291+0100][gc,cpu       ] GC(1) User=0,08s Sys=0,00s Real=0,01s
[2023-10-31T10:31:17.291+0100][gc           ] GC(2) Concurrent Cycle
[2023-10-31T10:31:17.291+0100][gc,marking   ] GC(2) Concurrent Clear Claimed Marks
[2023-10-31T10:31:17.292+0100][gc,marking   ] GC(2) Concurrent Clear Claimed Marks 0,083ms
[2023-10-31T10:31:17.292+0100][gc,marking   ] GC(2) Concurrent Scan Root Regions
[2023-10-31T10:31:17.293+0100][gc,marking   ] GC(2) Concurrent Scan Root Regions 1,622ms
[2023-10-31T10:31:17.293+0100][gc,marking   ] GC(2) Concurrent Mark (1,680s)
[2023-10-31T10:31:17.293+0100][gc,marking   ] GC(2) Concurrent Mark From Roots
[2023-10-31T10:31:17.293+0100][gc,task      ] GC(2) Using 3 workers of 3 for marking
[2023-10-31T10:31:17.300+0100][gc,marking   ] GC(2) Concurrent Mark From Roots 7,064ms
[2023-10-31T10:31:17.300+0100][gc,marking   ] GC(2) Concurrent Preclean
[2023-10-31T10:31:17.301+0100][gc,marking   ] GC(2) Concurrent Preclean 0,235ms
[2023-10-31T10:31:17.301+0100][gc,marking   ] GC(2) Concurrent Mark (1,680s, 1,687s) 7,396ms
[2023-10-31T10:31:17.301+0100][gc,start     ] GC(2) Pause Remark
[2023-10-31T10:31:17.305+0100][gc,stringtable] GC(2) Cleaned string and symbol table, strings: 5264 processed, 0 removed, symbols: 52316 processed, 48 removed
[2023-10-31T10:31:17.305+0100][gc            ] GC(2) Pause Remark 9M->9M(1024M) 4,247ms
[2023-10-31T10:31:17.305+0100][gc,cpu        ] GC(2) User=0,04s Sys=0,00s Real=0,00s
[2023-10-31T10:31:17.305+0100][gc,marking    ] GC(2) Concurrent Rebuild Remembered Sets
[2023-10-31T10:31:17.308+0100][gc,marking    ] GC(2) Concurrent Rebuild Remembered Sets 2,805ms
[2023-10-31T10:31:17.308+0100][gc,start      ] GC(2) Pause Cleanup
[2023-10-31T10:31:17.309+0100][gc            ] GC(2) Pause Cleanup 9M->9M(1024M) 0,337ms
[2023-10-31T10:31:17.309+0100][gc,cpu        ] GC(2) User=0,00s Sys=0,00s Real=0,00s
[2023-10-31T10:31:17.309+0100][gc,marking    ] GC(2) Concurrent Cleanup for Next Mark
[2023-10-31T10:31:17.312+0100][gc,marking    ] GC(2) Concurrent Cleanup for Next Mark 3,819ms
[2023-10-31T10:31:17.313+0100][gc            ] GC(2) Concurrent Cycle 21,098ms
[2023-10-31T10:31:17.935+0100][gc,start      ] GC(3) Pause Young (Normal) (G1 Evacuation Pause)
[2023-10-31T10:31:17.935+0100][gc,task       ] GC(3) Using 13 workers of 13 for evacuation
[2023-10-31T10:31:17.939+0100][gc,phases     ] GC(3)   Pre Evacuate Collection Set: 0,0ms
[2023-10-31T10:31:17.940+0100][gc,phases     ] GC(3)   Evacuate Collection Set: 3,7ms
[2023-10-31T10:31:17.940+0100][gc,phases     ] GC(3)   Post Evacuate Collection Set: 0,5ms
[2023-10-31T10:31:17.940+0100][gc,phases     ] GC(3)   Other: 0,2ms
[2023-10-31T10:31:17.940+0100][gc,heap       ] GC(3) Eden regions: 49->0(46)
[2023-10-31T10:31:17.940+0100][gc,heap       ] GC(3) Survivor regions: 2->5(7)
[2023-10-31T10:31:17.940+0100][gc,heap       ] GC(3) Old regions: 9->9
[2023-10-31T10:31:17.940+0100][gc,heap       ] GC(3) Humongous regions: 129->129
[2023-10-31T10:31:17.940+0100][gc,metaspace  ] GC(3) Metaspace: 28632K(29952K)->28632K(29952K) NonClass: 25321K(26112K)->25321K(26112K) Class: 3311K(3840K)->3311K(3840K)
[2023-10-31T10:31:17.940+0100][gc            ] GC(3) Pause Young (Normal) (G1 Evacuation Pause) 186M->140M(1024M) 4,499ms
[2023-10-31T10:31:17.940+0100][gc,cpu        ] GC(3) User=0,04s Sys=0,00s Real=0,00s
[2023-10-31T10:31:18.246+0100][gc,start      ] GC(4) Pause Young (Concurrent Start) (Metadata GC Threshold)
[2023-10-31T10:31:18.246+0100][gc,task       ] GC(4) Using 13 workers of 13 for evacuation
[2023-10-31T10:31:18.255+0100][gc,phases     ] GC(4)   Pre Evacuate Collection Set: 0,1ms
[2023-10-31T10:31:18.255+0100][gc,phases     ] GC(4)   Evacuate Collection Set: 7,5ms
[2023-10-31T10:31:18.255+0100][gc,phases     ] GC(4)   Post Evacuate Collection Set: 0,4ms
[2023-10-31T10:31:18.255+0100][gc,phases     ] GC(4)   Other: 0,3ms
[2023-10-31T10:31:18.255+0100][gc,heap       ] GC(4) Eden regions: 30->0(48)
[2023-10-31T10:31:18.255+0100][gc,heap       ] GC(4) Survivor regions: 5->3(7)
[2023-10-31T10:31:18.255+0100][gc,heap       ] GC(4) Old regions: 9->13
[2023-10-31T10:31:18.255+0100][gc,heap       ] GC(4) Humongous regions: 129->129
[2023-10-31T10:31:18.255+0100][gc,metaspace  ] GC(4) Metaspace: 34305K(35840K)->34305K(35840K) NonClass: 30303K(31232K)->30303K(31232K) Class: 4001K(4608K)->4001K(4608K)
[2023-10-31T10:31:18.255+0100][gc            ] GC(4) Pause Young (Concurrent Start) (Metadata GC Threshold) 170M->142M(1024M) 8,381ms
[2023-10-31T10:31:18.255+0100][gc,cpu        ] GC(4) User=0,05s Sys=0,03s Real=0,02s
[2023-10-31T10:31:18.255+0100][gc            ] GC(5) Concurrent Cycle
[2023-10-31T10:31:18.255+0100][gc,marking    ] GC(5) Concurrent Clear Claimed Marks
[2023-10-31T10:31:18.255+0100][gc,marking    ] GC(5) Concurrent Clear Claimed Marks 0,156ms
[2023-10-31T10:31:18.255+0100][gc,marking    ] GC(5) Concurrent Scan Root Regions
[2023-10-31T10:31:18.256+0100][gc,marking    ] GC(5) Concurrent Scan Root Regions 1,219ms
[2023-10-31T10:31:18.256+0100][gc,marking    ] GC(5) Concurrent Mark (2,642s)
[2023-10-31T10:31:18.256+0100][gc,marking    ] GC(5) Concurrent Mark From Roots
[2023-10-31T10:31:18.256+0100][gc,task       ] GC(5) Using 3 workers of 3 for marking
[2023-10-31T10:31:18.267+0100][gc,marking    ] GC(5) Concurrent Mark From Roots 11,198ms
[2023-10-31T10:31:18.267+0100][gc,marking    ] GC(5) Concurrent Preclean
[2023-10-31T10:31:18.268+0100][gc,marking    ] GC(5) Concurrent Preclean 0,196ms
[2023-10-31T10:31:18.268+0100][gc,marking    ] GC(5) Concurrent Mark (2,642s, 2,654s) 11,449ms
[2023-10-31T10:31:18.268+0100][gc,start      ] GC(5) Pause Remark
[2023-10-31T10:31:18.270+0100][gc,stringtable] GC(5) Cleaned string and symbol table, strings: 10529 processed, 14 removed, symbols: 85231 processed, 14 removed
[2023-10-31T10:31:18.271+0100][gc            ] GC(5) Pause Remark 144M->144M(1024M) 2,873ms
[2023-10-31T10:31:18.271+0100][gc,cpu        ] GC(5) User=0,03s Sys=0,00s Real=0,00s
[2023-10-31T10:31:18.271+0100][gc,marking    ] GC(5) Concurrent Rebuild Remembered Sets
[2023-10-31T10:31:18.275+0100][gc,marking    ] GC(5) Concurrent Rebuild Remembered Sets 4,267ms
[2023-10-31T10:31:18.275+0100][gc,start      ] GC(5) Pause Cleanup
[2023-10-31T10:31:18.275+0100][gc            ] GC(5) Pause Cleanup 145M->145M(1024M) 0,193ms
[2023-10-31T10:31:18.275+0100][gc,cpu        ] GC(5) User=0,01s Sys=0,00s Real=0,00s
[2023-10-31T10:31:18.275+0100][gc,marking    ] GC(5) Concurrent Cleanup for Next Mark
[2023-10-31T10:31:18.278+0100][gc,marking    ] GC(5) Concurrent Cleanup for Next Mark 2,542ms
[2023-10-31T10:31:18.278+0100][gc            ] GC(5) Concurrent Cycle 23,334ms
[2023-10-31T10:45:17.740+0100][gc,heap,exit  ] Heap
[2023-10-31T10:45:17.740+0100][gc,heap,exit  ]  garbage-first heap   total 1048576K, used 171683K [0x00000000c0000000, 0x0000000100000000)
[2023-10-31T10:45:17.740+0100][gc,heap,exit  ]   region size 1024K, 30 young (30720K), 3 survivors (3072K)
[2023-10-31T10:45:17.740+0100][gc,heap,exit  ]  Metaspace       used 37176K, capacity 38862K, committed 39116K, reserved 1083392K
[2023-10-31T10:45:17.740+0100][gc,heap,exit  ]   class space    used 4519K, capacity 5323K, committed 5376K, reserved 1048576K
