[2023-10-30T10:38:12.706+0100][gc,heap] Heap region size: 1M
[2023-10-30T10:38:12.715+0100][gc     ] Using G1
[2023-10-30T10:38:12.716+0100][gc,heap,coops] Heap address: 0x00000000c0000000, size: 1024 MB, Compressed Oops mode: 32-bit
[2023-10-30T10:38:12.716+0100][gc,cds       ] Mark closed archive regions in map: [0x00000000fff00000, 0x00000000fff6aff8]
[2023-10-30T10:38:12.716+0100][gc,cds       ] Mark open archive regions in map: [0x00000000ffe00000, 0x00000000ffe46ff8]
[2023-10-30T10:38:13.682+0100][gc,start     ] GC(0) Pause Young (Normal) (G1 Evacuation Pause)
[2023-10-30T10:38:13.684+0100][gc,task      ] GC(0) Using 13 workers of 13 for evacuation
[2023-10-30T10:38:13.696+0100][gc,phases    ] GC(0)   Pre Evacuate Collection Set: 0,0ms
[2023-10-30T10:38:13.696+0100][gc,phases    ] GC(0)   Evacuate Collection Set: 10,6ms
[2023-10-30T10:38:13.696+0100][gc,phases    ] GC(0)   Post Evacuate Collection Set: 0,9ms
[2023-10-30T10:38:13.696+0100][gc,phases    ] GC(0)   Other: 1,9ms
[2023-10-30T10:38:13.696+0100][gc,heap      ] GC(0) Eden regions: 51->0(44)
[2023-10-30T10:38:13.696+0100][gc,heap      ] GC(0) Survivor regions: 0->7(7)
[2023-10-30T10:38:13.696+0100][gc,heap      ] GC(0) Old regions: 2->2
[2023-10-30T10:38:13.696+0100][gc,heap      ] GC(0) Humongous regions: 0->0
[2023-10-30T10:38:13.696+0100][gc,metaspace ] GC(0) Metaspace: 14289K(15104K)->14289K(15104K) NonClass: 12541K(13056K)->12541K(13056K) Class: 1747K(2048K)->1747K(2048K)
[2023-10-30T10:38:13.696+0100][gc           ] GC(0) Pause Young (Normal) (G1 Evacuation Pause) 51M->7M(1024M) 13,544ms
[2023-10-30T10:38:13.696+0100][gc,cpu       ] GC(0) User=0,10s Sys=0,01s Real=0,01s
[2023-10-30T10:38:14.248+0100][gc,start     ] GC(1) Pause Young (Concurrent Start) (Metadata GC Threshold)
[2023-10-30T10:38:14.248+0100][gc,task      ] GC(1) Using 13 workers of 13 for evacuation
[2023-10-30T10:38:14.259+0100][gc,phases    ] GC(1)   Pre Evacuate Collection Set: 0,1ms
[2023-10-30T10:38:14.259+0100][gc,phases    ] GC(1)   Evacuate Collection Set: 10,6ms
[2023-10-30T10:38:14.259+0100][gc,phases    ] GC(1)   Post Evacuate Collection Set: 0,7ms
[2023-10-30T10:38:14.259+0100][gc,phases    ] GC(1)   Other: 0,4ms
[2023-10-30T10:38:14.259+0100][gc,heap      ] GC(1) Eden regions: 28->0(49)
[2023-10-30T10:38:14.259+0100][gc,heap      ] GC(1) Survivor regions: 7->2(7)
[2023-10-30T10:38:14.259+0100][gc,heap      ] GC(1) Old regions: 2->9
[2023-10-30T10:38:14.259+0100][gc,heap      ] GC(1) Humongous regions: 0->0
[2023-10-30T10:38:14.259+0100][gc,metaspace ] GC(1) Metaspace: 20479K(21248K)->20479K(21248K) NonClass: 18013K(18432K)->18013K(18432K) Class: 2466K(2816K)->2466K(2816K)
[2023-10-30T10:38:14.259+0100][gc           ] GC(1) Pause Young (Concurrent Start) (Metadata GC Threshold) 35M->8M(1024M) 11,878ms
[2023-10-30T10:38:14.259+0100][gc,cpu       ] GC(1) User=0,05s Sys=0,02s Real=0,02s
[2023-10-30T10:38:14.260+0100][gc           ] GC(2) Concurrent Cycle
[2023-10-30T10:38:14.260+0100][gc,marking   ] GC(2) Concurrent Clear Claimed Marks
[2023-10-30T10:38:14.260+0100][gc,marking   ] GC(2) Concurrent Clear Claimed Marks 0,092ms
[2023-10-30T10:38:14.260+0100][gc,marking   ] GC(2) Concurrent Scan Root Regions
[2023-10-30T10:38:14.261+0100][gc,marking   ] GC(2) Concurrent Scan Root Regions 1,593ms
[2023-10-30T10:38:14.261+0100][gc,marking   ] GC(2) Concurrent Mark (1,561s)
[2023-10-30T10:38:14.261+0100][gc,marking   ] GC(2) Concurrent Mark From Roots
[2023-10-30T10:38:14.262+0100][gc,task      ] GC(2) Using 3 workers of 3 for marking
[2023-10-30T10:38:14.268+0100][gc,marking   ] GC(2) Concurrent Mark From Roots 6,418ms
[2023-10-30T10:38:14.268+0100][gc,marking   ] GC(2) Concurrent Preclean
[2023-10-30T10:38:14.268+0100][gc,marking   ] GC(2) Concurrent Preclean 0,163ms
[2023-10-30T10:38:14.268+0100][gc,marking   ] GC(2) Concurrent Mark (1,561s, 1,568s) 6,686ms
[2023-10-30T10:38:14.269+0100][gc,start     ] GC(2) Pause Remark
[2023-10-30T10:38:14.271+0100][gc,stringtable] GC(2) Cleaned string and symbol table, strings: 5260 processed, 0 removed, symbols: 52274 processed, 48 removed
[2023-10-30T10:38:14.271+0100][gc            ] GC(2) Pause Remark 9M->9M(1024M) 2,405ms
[2023-10-30T10:38:14.271+0100][gc,cpu        ] GC(2) User=0,02s Sys=0,00s Real=0,01s
[2023-10-30T10:38:14.271+0100][gc,marking    ] GC(2) Concurrent Rebuild Remembered Sets
[2023-10-30T10:38:14.274+0100][gc,marking    ] GC(2) Concurrent Rebuild Remembered Sets 2,560ms
[2023-10-30T10:38:14.274+0100][gc,start      ] GC(2) Pause Cleanup
[2023-10-30T10:38:14.274+0100][gc            ] GC(2) Pause Cleanup 10M->10M(1024M) 0,331ms
[2023-10-30T10:38:14.274+0100][gc,cpu        ] GC(2) User=0,00s Sys=0,00s Real=0,00s
[2023-10-30T10:38:14.274+0100][gc,marking    ] GC(2) Concurrent Cleanup for Next Mark
[2023-10-30T10:38:14.278+0100][gc,marking    ] GC(2) Concurrent Cleanup for Next Mark 3,532ms
[2023-10-30T10:38:14.278+0100][gc            ] GC(2) Concurrent Cycle 18,260ms
[2023-10-30T10:38:14.840+0100][gc,start      ] GC(3) Pause Young (Normal) (G1 Evacuation Pause)
[2023-10-30T10:38:14.840+0100][gc,task       ] GC(3) Using 13 workers of 13 for evacuation
[2023-10-30T10:38:14.843+0100][gc,phases     ] GC(3)   Pre Evacuate Collection Set: 0,0ms
[2023-10-30T10:38:14.843+0100][gc,phases     ] GC(3)   Evacuate Collection Set: 2,8ms
[2023-10-30T10:38:14.843+0100][gc,phases     ] GC(3)   Post Evacuate Collection Set: 0,5ms
[2023-10-30T10:38:14.843+0100][gc,phases     ] GC(3)   Other: 0,2ms
[2023-10-30T10:38:14.843+0100][gc,heap       ] GC(3) Eden regions: 49->0(46)
[2023-10-30T10:38:14.843+0100][gc,heap       ] GC(3) Survivor regions: 2->5(7)
[2023-10-30T10:38:14.843+0100][gc,heap       ] GC(3) Old regions: 9->9
[2023-10-30T10:38:14.843+0100][gc,heap       ] GC(3) Humongous regions: 129->129
[2023-10-30T10:38:14.843+0100][gc,metaspace  ] GC(3) Metaspace: 28632K(29952K)->28632K(29952K) NonClass: 25321K(26112K)->25321K(26112K) Class: 3310K(3840K)->3310K(3840K)
[2023-10-30T10:38:14.843+0100][gc            ] GC(3) Pause Young (Normal) (G1 Evacuation Pause) 186M->140M(1024M) 3,625ms
[2023-10-30T10:38:14.843+0100][gc,cpu        ] GC(3) User=0,04s Sys=0,00s Real=0,00s
[2023-10-30T10:38:15.137+0100][gc,start      ] GC(4) Pause Young (Concurrent Start) (Metadata GC Threshold)
[2023-10-30T10:38:15.137+0100][gc,task       ] GC(4) Using 13 workers of 13 for evacuation
[2023-10-30T10:38:15.143+0100][gc,phases     ] GC(4)   Pre Evacuate Collection Set: 0,1ms
[2023-10-30T10:38:15.143+0100][gc,phases     ] GC(4)   Evacuate Collection Set: 4,9ms
[2023-10-30T10:38:15.143+0100][gc,phases     ] GC(4)   Post Evacuate Collection Set: 0,5ms
[2023-10-30T10:38:15.143+0100][gc,phases     ] GC(4)   Other: 0,3ms
[2023-10-30T10:38:15.143+0100][gc,heap       ] GC(4) Eden regions: 30->0(48)
[2023-10-30T10:38:15.143+0100][gc,heap       ] GC(4) Survivor regions: 5->3(7)
[2023-10-30T10:38:15.143+0100][gc,heap       ] GC(4) Old regions: 9->13
[2023-10-30T10:38:15.143+0100][gc,heap       ] GC(4) Humongous regions: 129->129
[2023-10-30T10:38:15.143+0100][gc,metaspace  ] GC(4) Metaspace: 34285K(35840K)->34285K(35840K) NonClass: 30286K(31232K)->30286K(31232K) Class: 3999K(4608K)->3999K(4608K)
[2023-10-30T10:38:15.143+0100][gc            ] GC(4) Pause Young (Concurrent Start) (Metadata GC Threshold) 170M->142M(1024M) 5,917ms
[2023-10-30T10:38:15.143+0100][gc,cpu        ] GC(4) User=0,05s Sys=0,00s Real=0,01s
[2023-10-30T10:38:15.143+0100][gc            ] GC(5) Concurrent Cycle
[2023-10-30T10:38:15.143+0100][gc,marking    ] GC(5) Concurrent Clear Claimed Marks
[2023-10-30T10:38:15.143+0100][gc,marking    ] GC(5) Concurrent Clear Claimed Marks 0,142ms
[2023-10-30T10:38:15.143+0100][gc,marking    ] GC(5) Concurrent Scan Root Regions
[2023-10-30T10:38:15.145+0100][gc,marking    ] GC(5) Concurrent Scan Root Regions 1,410ms
[2023-10-30T10:38:15.145+0100][gc,marking    ] GC(5) Concurrent Mark (2,445s)
[2023-10-30T10:38:15.145+0100][gc,marking    ] GC(5) Concurrent Mark From Roots
[2023-10-30T10:38:15.145+0100][gc,task       ] GC(5) Using 3 workers of 3 for marking
[2023-10-30T10:38:15.157+0100][gc,marking    ] GC(5) Concurrent Mark From Roots 12,606ms
[2023-10-30T10:38:15.157+0100][gc,marking    ] GC(5) Concurrent Preclean
[2023-10-30T10:38:15.158+0100][gc,marking    ] GC(5) Concurrent Preclean 0,172ms
[2023-10-30T10:38:15.158+0100][gc,marking    ] GC(5) Concurrent Mark (2,445s, 2,457s) 12,843ms
[2023-10-30T10:38:15.158+0100][gc,start      ] GC(5) Pause Remark
[2023-10-30T10:38:15.160+0100][gc,stringtable] GC(5) Cleaned string and symbol table, strings: 10540 processed, 13 removed, symbols: 85305 processed, 14 removed
[2023-10-30T10:38:15.160+0100][gc            ] GC(5) Pause Remark 145M->145M(1024M) 2,703ms
[2023-10-30T10:38:15.161+0100][gc,cpu        ] GC(5) User=0,05s Sys=0,00s Real=0,01s
[2023-10-30T10:38:15.161+0100][gc,marking    ] GC(5) Concurrent Rebuild Remembered Sets
[2023-10-30T10:38:15.166+0100][gc,marking    ] GC(5) Concurrent Rebuild Remembered Sets 5,238ms
[2023-10-30T10:38:15.166+0100][gc,start      ] GC(5) Pause Cleanup
[2023-10-30T10:38:15.166+0100][gc            ] GC(5) Pause Cleanup 145M->145M(1024M) 0,180ms
[2023-10-30T10:38:15.166+0100][gc,cpu        ] GC(5) User=0,00s Sys=0,00s Real=0,00s
[2023-10-30T10:38:15.166+0100][gc,marking    ] GC(5) Concurrent Cleanup for Next Mark
[2023-10-30T10:38:15.169+0100][gc,marking    ] GC(5) Concurrent Cleanup for Next Mark 3,114ms
[2023-10-30T10:38:15.169+0100][gc            ] GC(5) Concurrent Cycle 26,203ms
[2023-10-30T10:50:28.118+0100][gc,heap,exit  ] Heap
[2023-10-30T10:50:28.118+0100][gc,heap,exit  ]  garbage-first heap   total 1048576K, used 190362K [0x00000000c0000000, 0x0000000100000000)
[2023-10-30T10:50:28.118+0100][gc,heap,exit  ]   region size 1024K, 48 young (49152K), 3 survivors (3072K)
[2023-10-30T10:50:28.119+0100][gc,heap,exit  ]  Metaspace       used 40754K, capacity 43172K, committed 43468K, reserved 1085440K
[2023-10-30T10:50:28.119+0100][gc,heap,exit  ]   class space    used 5354K, capacity 6551K, committed 6656K, reserved 1048576K
