[2023-11-12T17:35:05.360+0100][gc,heap] Heap region size: 1M
[2023-11-12T17:35:05.370+0100][gc     ] Using G1
[2023-11-12T17:35:05.370+0100][gc,heap,coops] Heap address: 0x00000000c0000000, size: 1024 MB, Compressed Oops mode: 32-bit
[2023-11-12T17:35:05.371+0100][gc,cds       ] Mark closed archive regions in map: [0x00000000fff00000, 0x00000000fff6bff8]
[2023-11-12T17:35:05.371+0100][gc,cds       ] Mark open archive regions in map: [0x00000000ffe00000, 0x00000000ffe47ff8]
[2023-11-12T17:35:06.551+0100][gc,start     ] GC(0) Pause Young (Normal) (G1 Evacuation Pause)
[2023-11-12T17:35:06.553+0100][gc,task      ] GC(0) Using 13 workers of 13 for evacuation
[2023-11-12T17:35:06.565+0100][gc,phases    ] GC(0)   Pre Evacuate Collection Set: 0,0ms
[2023-11-12T17:35:06.565+0100][gc,phases    ] GC(0)   Evacuate Collection Set: 10,7ms
[2023-11-12T17:35:06.565+0100][gc,phases    ] GC(0)   Post Evacuate Collection Set: 0,9ms
[2023-11-12T17:35:06.565+0100][gc,phases    ] GC(0)   Other: 1,7ms
[2023-11-12T17:35:06.565+0100][gc,heap      ] GC(0) Eden regions: 51->0(44)
[2023-11-12T17:35:06.565+0100][gc,heap      ] GC(0) Survivor regions: 0->7(7)
[2023-11-12T17:35:06.565+0100][gc,heap      ] GC(0) Old regions: 2->2
[2023-11-12T17:35:06.565+0100][gc,heap      ] GC(0) Humongous regions: 0->0
[2023-11-12T17:35:06.565+0100][gc,metaspace ] GC(0) Metaspace: 14089K(14720K)->14089K(14720K) NonClass: 12369K(12800K)->12369K(12800K) Class: 1720K(1920K)->1720K(1920K)
[2023-11-12T17:35:06.565+0100][gc           ] GC(0) Pause Young (Normal) (G1 Evacuation Pause) 51M->7M(1024M) 13,495ms
[2023-11-12T17:35:06.565+0100][gc,cpu       ] GC(0) User=0,11s Sys=0,02s Real=0,02s
[2023-11-12T17:35:07.203+0100][gc,start     ] GC(1) Pause Young (Concurrent Start) (Metadata GC Threshold)
[2023-11-12T17:35:07.203+0100][gc,task      ] GC(1) Using 13 workers of 13 for evacuation
[2023-11-12T17:35:07.212+0100][gc,phases    ] GC(1)   Pre Evacuate Collection Set: 0,1ms
[2023-11-12T17:35:07.212+0100][gc,phases    ] GC(1)   Evacuate Collection Set: 7,7ms
[2023-11-12T17:35:07.212+0100][gc,phases    ] GC(1)   Post Evacuate Collection Set: 0,5ms
[2023-11-12T17:35:07.212+0100][gc,phases    ] GC(1)   Other: 0,4ms
[2023-11-12T17:35:07.212+0100][gc,heap      ] GC(1) Eden regions: 29->0(49)
[2023-11-12T17:35:07.212+0100][gc,heap      ] GC(1) Survivor regions: 7->2(7)
[2023-11-12T17:35:07.212+0100][gc,heap      ] GC(1) Old regions: 2->9
[2023-11-12T17:35:07.212+0100][gc,heap      ] GC(1) Humongous regions: 0->0
[2023-11-12T17:35:07.212+0100][gc,metaspace ] GC(1) Metaspace: 20476K(21248K)->20476K(21248K) NonClass: 18009K(18432K)->18009K(18432K) Class: 2466K(2816K)->2466K(2816K)
[2023-11-12T17:35:07.212+0100][gc           ] GC(1) Pause Young (Concurrent Start) (Metadata GC Threshold) 35M->8M(1024M) 8,786ms
[2023-11-12T17:35:07.212+0100][gc,cpu       ] GC(1) User=0,05s Sys=0,01s Real=0,00s
[2023-11-12T17:35:07.212+0100][gc           ] GC(2) Concurrent Cycle
[2023-11-12T17:35:07.212+0100][gc,marking   ] GC(2) Concurrent Clear Claimed Marks
[2023-11-12T17:35:07.212+0100][gc,marking   ] GC(2) Concurrent Clear Claimed Marks 0,070ms
[2023-11-12T17:35:07.212+0100][gc,marking   ] GC(2) Concurrent Scan Root Regions
[2023-11-12T17:35:07.213+0100][gc,marking   ] GC(2) Concurrent Scan Root Regions 1,195ms
[2023-11-12T17:35:07.213+0100][gc,marking   ] GC(2) Concurrent Mark (1,859s)
[2023-11-12T17:35:07.213+0100][gc,marking   ] GC(2) Concurrent Mark From Roots
[2023-11-12T17:35:07.213+0100][gc,task      ] GC(2) Using 3 workers of 3 for marking
[2023-11-12T17:35:07.218+0100][gc,marking   ] GC(2) Concurrent Mark From Roots 5,152ms
[2023-11-12T17:35:07.218+0100][gc,marking   ] GC(2) Concurrent Preclean
[2023-11-12T17:35:07.219+0100][gc,marking   ] GC(2) Concurrent Preclean 0,232ms
[2023-11-12T17:35:07.219+0100][gc,marking   ] GC(2) Concurrent Mark (1,859s, 1,865s) 5,496ms
[2023-11-12T17:35:07.219+0100][gc,start     ] GC(2) Pause Remark
[2023-11-12T17:35:07.221+0100][gc,stringtable] GC(2) Cleaned string and symbol table, strings: 5259 processed, 0 removed, symbols: 52252 processed, 47 removed
[2023-11-12T17:35:07.222+0100][gc            ] GC(2) Pause Remark 9M->9M(1024M) 2,794ms
[2023-11-12T17:35:07.222+0100][gc,cpu        ] GC(2) User=0,02s Sys=0,00s Real=0,01s
[2023-11-12T17:35:07.222+0100][gc,marking    ] GC(2) Concurrent Rebuild Remembered Sets
[2023-11-12T17:35:07.224+0100][gc,marking    ] GC(2) Concurrent Rebuild Remembered Sets 2,585ms
[2023-11-12T17:35:07.225+0100][gc,start      ] GC(2) Pause Cleanup
[2023-11-12T17:35:07.225+0100][gc            ] GC(2) Pause Cleanup 9M->9M(1024M) 0,211ms
[2023-11-12T17:35:07.225+0100][gc,cpu        ] GC(2) User=0,00s Sys=0,00s Real=0,00s
[2023-11-12T17:35:07.225+0100][gc,marking    ] GC(2) Concurrent Cleanup for Next Mark
[2023-11-12T17:35:07.228+0100][gc,marking    ] GC(2) Concurrent Cleanup for Next Mark 2,734ms
[2023-11-12T17:35:07.228+0100][gc            ] GC(2) Concurrent Cycle 15,741ms
[2023-11-12T17:35:07.866+0100][gc,start      ] GC(3) Pause Young (Normal) (G1 Evacuation Pause)
[2023-11-12T17:35:07.866+0100][gc,task       ] GC(3) Using 13 workers of 13 for evacuation
[2023-11-12T17:35:07.871+0100][gc,phases     ] GC(3)   Pre Evacuate Collection Set: 0,0ms
[2023-11-12T17:35:07.871+0100][gc,phases     ] GC(3)   Evacuate Collection Set: 4,4ms
[2023-11-12T17:35:07.871+0100][gc,phases     ] GC(3)   Post Evacuate Collection Set: 0,7ms
[2023-11-12T17:35:07.871+0100][gc,phases     ] GC(3)   Other: 0,3ms
[2023-11-12T17:35:07.871+0100][gc,heap       ] GC(3) Eden regions: 49->0(46)
[2023-11-12T17:35:07.871+0100][gc,heap       ] GC(3) Survivor regions: 2->5(7)
[2023-11-12T17:35:07.871+0100][gc,heap       ] GC(3) Old regions: 9->9
[2023-11-12T17:35:07.871+0100][gc,heap       ] GC(3) Humongous regions: 129->129
[2023-11-12T17:35:07.871+0100][gc,metaspace  ] GC(3) Metaspace: 28449K(29696K)->28449K(29696K) NonClass: 25155K(25856K)->25155K(25856K) Class: 3294K(3840K)->3294K(3840K)
[2023-11-12T17:35:07.871+0100][gc            ] GC(3) Pause Young (Normal) (G1 Evacuation Pause) 186M->140M(1024M) 5,638ms
[2023-11-12T17:35:07.871+0100][gc,cpu        ] GC(3) User=0,05s Sys=0,00s Real=0,00s
[2023-11-12T17:35:08.216+0100][gc,start      ] GC(4) Pause Young (Concurrent Start) (Metadata GC Threshold)
[2023-11-12T17:35:08.216+0100][gc,task       ] GC(4) Using 13 workers of 13 for evacuation
[2023-11-12T17:35:08.222+0100][gc,phases     ] GC(4)   Pre Evacuate Collection Set: 0,1ms
[2023-11-12T17:35:08.222+0100][gc,phases     ] GC(4)   Evacuate Collection Set: 5,4ms
[2023-11-12T17:35:08.222+0100][gc,phases     ] GC(4)   Post Evacuate Collection Set: 0,5ms
[2023-11-12T17:35:08.222+0100][gc,phases     ] GC(4)   Other: 0,3ms
[2023-11-12T17:35:08.222+0100][gc,heap       ] GC(4) Eden regions: 31->0(45)
[2023-11-12T17:35:08.222+0100][gc,heap       ] GC(4) Survivor regions: 5->6(7)
[2023-11-12T17:35:08.222+0100][gc,heap       ] GC(4) Old regions: 9->10
[2023-11-12T17:35:08.222+0100][gc,heap       ] GC(4) Humongous regions: 129->129
[2023-11-12T17:35:08.222+0100][gc,metaspace  ] GC(4) Metaspace: 34342K(35840K)->34342K(35840K) NonClass: 30344K(31232K)->30344K(31232K) Class: 3998K(4608K)->3998K(4608K)
[2023-11-12T17:35:08.222+0100][gc            ] GC(4) Pause Young (Concurrent Start) (Metadata GC Threshold) 171M->142M(1024M) 6,493ms
[2023-11-12T17:35:08.222+0100][gc,cpu        ] GC(4) User=0,06s Sys=0,00s Real=0,01s
[2023-11-12T17:35:08.222+0100][gc            ] GC(5) Concurrent Cycle
[2023-11-12T17:35:08.222+0100][gc,marking    ] GC(5) Concurrent Clear Claimed Marks
[2023-11-12T17:35:08.223+0100][gc,marking    ] GC(5) Concurrent Clear Claimed Marks 0,157ms
[2023-11-12T17:35:08.223+0100][gc,marking    ] GC(5) Concurrent Scan Root Regions
[2023-11-12T17:35:08.225+0100][gc,marking    ] GC(5) Concurrent Scan Root Regions 2,106ms
[2023-11-12T17:35:08.225+0100][gc,marking    ] GC(5) Concurrent Mark (2,871s)
[2023-11-12T17:35:08.225+0100][gc,marking    ] GC(5) Concurrent Mark From Roots
[2023-11-12T17:35:08.225+0100][gc,task       ] GC(5) Using 3 workers of 3 for marking
[2023-11-12T17:35:08.232+0100][gc,marking    ] GC(5) Concurrent Mark From Roots 7,444ms
[2023-11-12T17:35:08.232+0100][gc,marking    ] GC(5) Concurrent Preclean
[2023-11-12T17:35:08.233+0100][gc,marking    ] GC(5) Concurrent Preclean 0,195ms
[2023-11-12T17:35:08.233+0100][gc,marking    ] GC(5) Concurrent Mark (2,871s, 2,879s) 7,733ms
[2023-11-12T17:35:08.233+0100][gc,start      ] GC(5) Pause Remark
[2023-11-12T17:35:08.235+0100][gc,stringtable] GC(5) Cleaned string and symbol table, strings: 11088 processed, 13 removed, symbols: 85394 processed, 15 removed
[2023-11-12T17:35:08.235+0100][gc            ] GC(5) Pause Remark 144M->144M(1024M) 2,639ms
[2023-11-12T17:35:08.235+0100][gc,cpu        ] GC(5) User=0,03s Sys=0,00s Real=0,01s
[2023-11-12T17:35:08.235+0100][gc,marking    ] GC(5) Concurrent Rebuild Remembered Sets
[2023-11-12T17:35:08.241+0100][gc,marking    ] GC(5) Concurrent Rebuild Remembered Sets 5,396ms
[2023-11-12T17:35:08.241+0100][gc,start      ] GC(5) Pause Cleanup
[2023-11-12T17:35:08.241+0100][gc            ] GC(5) Pause Cleanup 145M->145M(1024M) 0,239ms
[2023-11-12T17:35:08.241+0100][gc,cpu        ] GC(5) User=0,01s Sys=0,01s Real=0,01s
[2023-11-12T17:35:08.241+0100][gc,marking    ] GC(5) Concurrent Cleanup for Next Mark
[2023-11-12T17:35:08.244+0100][gc,marking    ] GC(5) Concurrent Cleanup for Next Mark 2,712ms
[2023-11-12T17:35:08.244+0100][gc            ] GC(5) Concurrent Cycle 21,812ms
[2023-11-12T17:35:19.526+0100][gc,start      ] GC(6) Pause Young (Normal) (G1 Evacuation Pause)
[2023-11-12T17:35:19.526+0100][gc,task       ] GC(6) Using 13 workers of 13 for evacuation
[2023-11-12T17:35:19.533+0100][gc,phases     ] GC(6)   Pre Evacuate Collection Set: 0,0ms
[2023-11-12T17:35:19.533+0100][gc,phases     ] GC(6)   Evacuate Collection Set: 5,3ms
[2023-11-12T17:35:19.533+0100][gc,phases     ] GC(6)   Post Evacuate Collection Set: 0,7ms
[2023-11-12T17:35:19.533+0100][gc,phases     ] GC(6)   Other: 0,2ms
[2023-11-12T17:35:19.533+0100][gc,heap       ] GC(6) Eden regions: 45->0(45)
[2023-11-12T17:35:19.533+0100][gc,heap       ] GC(6) Survivor regions: 6->6(7)
[2023-11-12T17:35:19.533+0100][gc,heap       ] GC(6) Old regions: 10->13
[2023-11-12T17:35:19.533+0100][gc,heap       ] GC(6) Humongous regions: 129->129
[2023-11-12T17:35:19.533+0100][gc,metaspace  ] GC(6) Metaspace: 39392K(41600K)->39392K(41600K) NonClass: 34497K(35584K)->34497K(35584K) Class: 4895K(6016K)->4895K(6016K)
[2023-11-12T17:35:19.533+0100][gc            ] GC(6) Pause Young (Normal) (G1 Evacuation Pause) 187M->145M(1024M) 6,421ms
[2023-11-12T17:35:19.533+0100][gc,cpu        ] GC(6) User=0,07s Sys=0,00s Real=0,00s
[2023-11-12T17:35:37.541+0100][gc,start      ] GC(7) Pause Young (Normal) (G1 Evacuation Pause)
[2023-11-12T17:35:37.541+0100][gc,task       ] GC(7) Using 13 workers of 13 for evacuation
[2023-11-12T17:35:37.548+0100][gc,phases     ] GC(7)   Pre Evacuate Collection Set: 0,0ms
[2023-11-12T17:35:37.549+0100][gc,phases     ] GC(7)   Evacuate Collection Set: 5,6ms
[2023-11-12T17:35:37.549+0100][gc,phases     ] GC(7)   Post Evacuate Collection Set: 1,2ms
[2023-11-12T17:35:37.549+0100][gc,phases     ] GC(7)   Other: 0,4ms
[2023-11-12T17:35:37.549+0100][gc,heap       ] GC(7) Eden regions: 45->0(45)
[2023-11-12T17:35:37.549+0100][gc,heap       ] GC(7) Survivor regions: 6->6(7)
[2023-11-12T17:35:37.549+0100][gc,heap       ] GC(7) Old regions: 13->16
[2023-11-12T17:35:37.549+0100][gc,heap       ] GC(7) Humongous regions: 129->129
[2023-11-12T17:35:37.549+0100][gc,metaspace  ] GC(7) Metaspace: 40776K(43264K)->40776K(43264K) NonClass: 35696K(37120K)->35696K(37120K) Class: 5079K(6144K)->5079K(6144K)
[2023-11-12T17:35:37.549+0100][gc            ] GC(7) Pause Young (Normal) (G1 Evacuation Pause) 190M->148M(1024M) 7,471ms
[2023-11-12T17:35:37.549+0100][gc,cpu        ] GC(7) User=0,04s Sys=0,01s Real=0,00s
[2023-11-12T17:37:26.959+0100][gc,start      ] GC(8) Pause Young (Normal) (G1 Evacuation Pause)
[2023-11-12T17:37:26.959+0100][gc,task       ] GC(8) Using 13 workers of 13 for evacuation
[2023-11-12T17:37:26.966+0100][gc,phases     ] GC(8)   Pre Evacuate Collection Set: 0,0ms
[2023-11-12T17:37:26.966+0100][gc,phases     ] GC(8)   Evacuate Collection Set: 4,8ms
[2023-11-12T17:37:26.966+0100][gc,phases     ] GC(8)   Post Evacuate Collection Set: 1,1ms
[2023-11-12T17:37:26.966+0100][gc,phases     ] GC(8)   Other: 0,4ms
[2023-11-12T17:37:26.966+0100][gc,heap       ] GC(8) Eden regions: 45->0(45)
[2023-11-12T17:37:26.966+0100][gc,heap       ] GC(8) Survivor regions: 6->6(7)
[2023-11-12T17:37:26.966+0100][gc,heap       ] GC(8) Old regions: 16->18
[2023-11-12T17:37:26.966+0100][gc,heap       ] GC(8) Humongous regions: 129->129
[2023-11-12T17:37:26.966+0100][gc,metaspace  ] GC(8) Metaspace: 41526K(43904K)->41526K(43904K) NonClass: 36390K(37632K)->36390K(37632K) Class: 5135K(6272K)->5135K(6272K)
[2023-11-12T17:37:26.966+0100][gc            ] GC(8) Pause Young (Normal) (G1 Evacuation Pause) 193M->151M(1024M) 6,626ms
[2023-11-12T17:37:26.966+0100][gc,cpu        ] GC(8) User=0,05s Sys=0,02s Real=0,01s
[2023-11-12T17:37:28.815+0100][gc,start      ] GC(9) Pause Young (Normal) (G1 Evacuation Pause)
[2023-11-12T17:37:28.815+0100][gc,task       ] GC(9) Using 13 workers of 13 for evacuation
[2023-11-12T17:37:28.820+0100][gc,phases     ] GC(9)   Pre Evacuate Collection Set: 0,0ms
[2023-11-12T17:37:28.820+0100][gc,phases     ] GC(9)   Evacuate Collection Set: 4,4ms
[2023-11-12T17:37:28.821+0100][gc,phases     ] GC(9)   Post Evacuate Collection Set: 1,0ms
[2023-11-12T17:37:28.821+0100][gc,phases     ] GC(9)   Other: 0,3ms
[2023-11-12T17:37:28.821+0100][gc,heap       ] GC(9) Eden regions: 45->0(45)
[2023-11-12T17:37:28.821+0100][gc,heap       ] GC(9) Survivor regions: 6->6(7)
[2023-11-12T17:37:28.821+0100][gc,heap       ] GC(9) Old regions: 18->21
[2023-11-12T17:37:28.821+0100][gc,heap       ] GC(9) Humongous regions: 129->129
[2023-11-12T17:37:28.821+0100][gc,metaspace  ] GC(9) Metaspace: 44067K(47104K)->44067K(47104K) NonClass: 38540K(40192K)->38540K(40192K) Class: 5526K(6912K)->5526K(6912K)
[2023-11-12T17:37:28.821+0100][gc            ] GC(9) Pause Young (Normal) (G1 Evacuation Pause) 196M->153M(1024M) 5,874ms
[2023-11-12T17:37:28.821+0100][gc,cpu        ] GC(9) User=0,05s Sys=0,02s Real=0,00s
[2023-11-12T17:37:30.599+0100][gc,start      ] GC(10) Pause Young (Normal) (G1 Evacuation Pause)
[2023-11-12T17:37:30.599+0100][gc,task       ] GC(10) Using 13 workers of 13 for evacuation
[2023-11-12T17:37:30.603+0100][gc,phases     ] GC(10)   Pre Evacuate Collection Set: 0,0ms
[2023-11-12T17:37:30.603+0100][gc,phases     ] GC(10)   Evacuate Collection Set: 3,8ms
[2023-11-12T17:37:30.603+0100][gc,phases     ] GC(10)   Post Evacuate Collection Set: 0,7ms
[2023-11-12T17:37:30.604+0100][gc,phases     ] GC(10)   Other: 0,3ms
[2023-11-12T17:37:30.604+0100][gc,heap       ] GC(10) Eden regions: 45->0(57)
[2023-11-12T17:37:30.604+0100][gc,heap       ] GC(10) Survivor regions: 6->3(7)
[2023-11-12T17:37:30.604+0100][gc,heap       ] GC(10) Old regions: 21->24
[2023-11-12T17:37:30.604+0100][gc,heap       ] GC(10) Humongous regions: 129->129
[2023-11-12T17:37:30.604+0100][gc,metaspace  ] GC(10) Metaspace: 44352K(47104K)->44352K(47104K) NonClass: 38795K(40192K)->38795K(40192K) Class: 5557K(6912K)->5557K(6912K)
[2023-11-12T17:37:30.604+0100][gc            ] GC(10) Pause Young (Normal) (G1 Evacuation Pause) 198M->154M(1024M) 4,987ms
[2023-11-12T17:37:30.604+0100][gc,cpu        ] GC(10) User=0,04s Sys=0,01s Real=0,01s
[2023-11-12T17:37:32.620+0100][gc,start      ] GC(11) Pause Young (Normal) (G1 Evacuation Pause)
[2023-11-12T17:37:32.620+0100][gc,task       ] GC(11) Using 13 workers of 13 for evacuation
[2023-11-12T17:37:32.625+0100][gc,phases     ] GC(11)   Pre Evacuate Collection Set: 0,0ms
[2023-11-12T17:37:32.625+0100][gc,phases     ] GC(11)   Evacuate Collection Set: 3,8ms
[2023-11-12T17:37:32.625+0100][gc,phases     ] GC(11)   Post Evacuate Collection Set: 0,8ms
[2023-11-12T17:37:32.625+0100][gc,phases     ] GC(11)   Other: 0,3ms
[2023-11-12T17:37:32.625+0100][gc,heap       ] GC(11) Eden regions: 57->0(60)
[2023-11-12T17:37:32.625+0100][gc,heap       ] GC(11) Survivor regions: 3->4(8)
[2023-11-12T17:37:32.625+0100][gc,heap       ] GC(11) Old regions: 24->24
[2023-11-12T17:37:32.625+0100][gc,heap       ] GC(11) Humongous regions: 129->129
[2023-11-12T17:37:32.625+0100][gc,metaspace  ] GC(11) Metaspace: 44374K(47360K)->44374K(47360K) NonClass: 38817K(40448K)->38817K(40448K) Class: 5557K(6912K)->5557K(6912K)
[2023-11-12T17:37:32.625+0100][gc            ] GC(11) Pause Young (Normal) (G1 Evacuation Pause) 211M->154M(1024M) 5,236ms
[2023-11-12T17:37:32.625+0100][gc,cpu        ] GC(11) User=0,08s Sys=0,01s Real=0,01s
[2023-11-12T17:37:34.148+0100][gc,start      ] GC(12) Pause Young (Normal) (G1 Evacuation Pause)
[2023-11-12T17:37:34.148+0100][gc,task       ] GC(12) Using 13 workers of 13 for evacuation
[2023-11-12T17:37:34.152+0100][gc,phases     ] GC(12)   Pre Evacuate Collection Set: 0,0ms
[2023-11-12T17:37:34.152+0100][gc,phases     ] GC(12)   Evacuate Collection Set: 3,4ms
[2023-11-12T17:37:34.152+0100][gc,phases     ] GC(12)   Post Evacuate Collection Set: 0,7ms
[2023-11-12T17:37:34.152+0100][gc,phases     ] GC(12)   Other: 0,3ms
[2023-11-12T17:37:34.152+0100][gc,heap       ] GC(12) Eden regions: 60->0(521)
[2023-11-12T17:37:34.152+0100][gc,heap       ] GC(12) Survivor regions: 4->4(8)
[2023-11-12T17:37:34.152+0100][gc,heap       ] GC(12) Old regions: 24->24
[2023-11-12T17:37:34.152+0100][gc,heap       ] GC(12) Humongous regions: 129->129
[2023-11-12T17:37:34.152+0100][gc,metaspace  ] GC(12) Metaspace: 44378K(47360K)->44378K(47360K) NonClass: 38821K(40448K)->38821K(40448K) Class: 5557K(6912K)->5557K(6912K)
[2023-11-12T17:37:34.152+0100][gc            ] GC(12) Pause Young (Normal) (G1 Evacuation Pause) 214M->154M(1024M) 4,557ms
[2023-11-12T17:37:34.152+0100][gc,cpu        ] GC(12) User=0,04s Sys=0,01s Real=0,00s
[2023-11-12T17:37:49.235+0100][gc,start      ] GC(13) Pause Young (Normal) (G1 Evacuation Pause)
[2023-11-12T17:37:49.235+0100][gc,task       ] GC(13) Using 13 workers of 13 for evacuation
[2023-11-12T17:37:49.241+0100][gc,phases     ] GC(13)   Pre Evacuate Collection Set: 0,0ms
[2023-11-12T17:37:49.241+0100][gc,phases     ] GC(13)   Evacuate Collection Set: 4,3ms
[2023-11-12T17:37:49.241+0100][gc,phases     ] GC(13)   Post Evacuate Collection Set: 0,8ms
[2023-11-12T17:37:49.241+0100][gc,phases     ] GC(13)   Other: 0,3ms
[2023-11-12T17:37:49.241+0100][gc,heap       ] GC(13) Eden regions: 521->0(610)
[2023-11-12T17:37:49.241+0100][gc,heap       ] GC(13) Survivor regions: 4->4(66)
[2023-11-12T17:37:49.241+0100][gc,heap       ] GC(13) Old regions: 24->24
[2023-11-12T17:37:49.241+0100][gc,heap       ] GC(13) Humongous regions: 129->129
[2023-11-12T17:37:49.241+0100][gc,metaspace  ] GC(13) Metaspace: 44559K(47360K)->44559K(47360K) NonClass: 38976K(40448K)->38976K(40448K) Class: 5583K(6912K)->5583K(6912K)
[2023-11-12T17:37:49.241+0100][gc            ] GC(13) Pause Young (Normal) (G1 Evacuation Pause) 675M->155M(1024M) 5,638ms
[2023-11-12T17:37:49.241+0100][gc,cpu        ] GC(13) User=0,05s Sys=0,01s Real=0,00s
[2023-11-12T17:37:57.761+0100][gc,start      ] GC(14) Pause Young (Normal) (G1 Evacuation Pause)
[2023-11-12T17:37:57.761+0100][gc,task       ] GC(14) Using 13 workers of 13 for evacuation
[2023-11-12T17:37:57.767+0100][gc,phases     ] GC(14)   Pre Evacuate Collection Set: 0,0ms
[2023-11-12T17:37:57.767+0100][gc,phases     ] GC(14)   Evacuate Collection Set: 4,3ms
[2023-11-12T17:37:57.767+0100][gc,phases     ] GC(14)   Post Evacuate Collection Set: 0,8ms
[2023-11-12T17:37:57.767+0100][gc,phases     ] GC(14)   Other: 0,3ms
[2023-11-12T17:37:57.767+0100][gc,heap       ] GC(14) Eden regions: 610->0(608)
[2023-11-12T17:37:57.767+0100][gc,heap       ] GC(14) Survivor regions: 4->6(77)
[2023-11-12T17:37:57.767+0100][gc,heap       ] GC(14) Old regions: 24->24
[2023-11-12T17:37:57.767+0100][gc,heap       ] GC(14) Humongous regions: 129->129
[2023-11-12T17:37:57.767+0100][gc,metaspace  ] GC(14) Metaspace: 44615K(47616K)->44615K(47616K) NonClass: 39032K(40704K)->39032K(40704K) Class: 5583K(6912K)->5583K(6912K)
[2023-11-12T17:37:57.767+0100][gc            ] GC(14) Pause Young (Normal) (G1 Evacuation Pause) 765M->156M(1024M) 5,581ms
[2023-11-12T17:37:57.767+0100][gc,cpu        ] GC(14) User=0,05s Sys=0,00s Real=0,00s
[2023-11-12T17:38:02.286+0100][gc,start      ] GC(15) Pause Young (Normal) (G1 Evacuation Pause)
[2023-11-12T17:38:02.286+0100][gc,task       ] GC(15) Using 13 workers of 13 for evacuation
[2023-11-12T17:38:02.292+0100][gc,phases     ] GC(15)   Pre Evacuate Collection Set: 0,0ms
[2023-11-12T17:38:02.292+0100][gc,phases     ] GC(15)   Evacuate Collection Set: 4,6ms
[2023-11-12T17:38:02.292+0100][gc,phases     ] GC(15)   Post Evacuate Collection Set: 0,7ms
[2023-11-12T17:38:02.292+0100][gc,phases     ] GC(15)   Other: 0,2ms
[2023-11-12T17:38:02.292+0100][gc,heap       ] GC(15) Eden regions: 608->0(607)
[2023-11-12T17:38:02.292+0100][gc,heap       ] GC(15) Survivor regions: 6->7(77)
[2023-11-12T17:38:02.292+0100][gc,heap       ] GC(15) Old regions: 24->24
[2023-11-12T17:38:02.292+0100][gc,heap       ] GC(15) Humongous regions: 129->129
[2023-11-12T17:38:02.292+0100][gc,metaspace  ] GC(15) Metaspace: 44673K(47616K)->44673K(47616K) NonClass: 39089K(40704K)->39089K(40704K) Class: 5583K(6912K)->5583K(6912K)
[2023-11-12T17:38:02.292+0100][gc            ] GC(15) Pause Young (Normal) (G1 Evacuation Pause) 764M->157M(1024M) 5,716ms
[2023-11-12T17:38:02.292+0100][gc,cpu        ] GC(15) User=0,02s Sys=0,03s Real=0,00s
[2023-11-12T17:38:05.676+0100][gc,start      ] GC(16) Pause Young (Normal) (G1 Evacuation Pause)
[2023-11-12T17:38:05.676+0100][gc,task       ] GC(16) Using 13 workers of 13 for evacuation
[2023-11-12T17:38:05.680+0100][gc,phases     ] GC(16)   Pre Evacuate Collection Set: 0,0ms
[2023-11-12T17:38:05.681+0100][gc,phases     ] GC(16)   Evacuate Collection Set: 3,3ms
[2023-11-12T17:38:05.681+0100][gc,phases     ] GC(16)   Post Evacuate Collection Set: 0,8ms
[2023-11-12T17:38:05.681+0100][gc,phases     ] GC(16)   Other: 0,3ms
[2023-11-12T17:38:05.681+0100][gc,heap       ] GC(16) Eden regions: 607->0(606)
[2023-11-12T17:38:05.681+0100][gc,heap       ] GC(16) Survivor regions: 7->8(77)
[2023-11-12T17:38:05.681+0100][gc,heap       ] GC(16) Old regions: 24->24
[2023-11-12T17:38:05.681+0100][gc,heap       ] GC(16) Humongous regions: 129->129
[2023-11-12T17:38:05.681+0100][gc,metaspace  ] GC(16) Metaspace: 44684K(47616K)->44684K(47616K) NonClass: 39100K(40704K)->39100K(40704K) Class: 5583K(6912K)->5583K(6912K)
[2023-11-12T17:38:05.681+0100][gc            ] GC(16) Pause Young (Normal) (G1 Evacuation Pause) 764M->158M(1024M) 4,569ms
[2023-11-12T17:38:05.681+0100][gc,cpu        ] GC(16) User=0,04s Sys=0,00s Real=0,00s
[2023-11-12T17:38:08.239+0100][gc,start      ] GC(17) Pause Young (Normal) (G1 Evacuation Pause)
[2023-11-12T17:38:08.239+0100][gc,task       ] GC(17) Using 13 workers of 13 for evacuation
[2023-11-12T17:38:08.243+0100][gc,phases     ] GC(17)   Pre Evacuate Collection Set: 0,0ms
[2023-11-12T17:38:08.243+0100][gc,phases     ] GC(17)   Evacuate Collection Set: 3,6ms
[2023-11-12T17:38:08.243+0100][gc,phases     ] GC(17)   Post Evacuate Collection Set: 0,7ms
[2023-11-12T17:38:08.244+0100][gc,phases     ] GC(17)   Other: 0,3ms
[2023-11-12T17:38:08.244+0100][gc,heap       ] GC(17) Eden regions: 606->0(606)
[2023-11-12T17:38:08.244+0100][gc,heap       ] GC(17) Survivor regions: 8->8(77)
[2023-11-12T17:38:08.244+0100][gc,heap       ] GC(17) Old regions: 24->24
[2023-11-12T17:38:08.244+0100][gc,heap       ] GC(17) Humongous regions: 129->129
[2023-11-12T17:38:08.244+0100][gc,metaspace  ] GC(17) Metaspace: 44709K(47616K)->44709K(47616K) NonClass: 39125K(40704K)->39125K(40704K) Class: 5583K(6912K)->5583K(6912K)
[2023-11-12T17:38:08.244+0100][gc            ] GC(17) Pause Young (Normal) (G1 Evacuation Pause) 764M->159M(1024M) 4,763ms
[2023-11-12T17:38:08.244+0100][gc,cpu        ] GC(17) User=0,04s Sys=0,01s Real=0,01s
[2023-11-12T17:38:10.780+0100][gc,start      ] GC(18) Pause Young (Normal) (G1 Evacuation Pause)
[2023-11-12T17:38:10.780+0100][gc,task       ] GC(18) Using 13 workers of 13 for evacuation
[2023-11-12T17:38:10.787+0100][gc,phases     ] GC(18)   Pre Evacuate Collection Set: 0,0ms
[2023-11-12T17:38:10.787+0100][gc,phases     ] GC(18)   Evacuate Collection Set: 6,2ms
[2023-11-12T17:38:10.787+0100][gc,phases     ] GC(18)   Post Evacuate Collection Set: 0,6ms
[2023-11-12T17:38:10.787+0100][gc,phases     ] GC(18)   Other: 0,3ms
[2023-11-12T17:38:10.787+0100][gc,heap       ] GC(18) Eden regions: 606->0(605)
[2023-11-12T17:38:10.787+0100][gc,heap       ] GC(18) Survivor regions: 8->9(77)
[2023-11-12T17:38:10.787+0100][gc,heap       ] GC(18) Old regions: 24->24
[2023-11-12T17:38:10.787+0100][gc,heap       ] GC(18) Humongous regions: 129->129
[2023-11-12T17:38:10.787+0100][gc,metaspace  ] GC(18) Metaspace: 44739K(47616K)->44739K(47616K) NonClass: 39156K(40704K)->39156K(40704K) Class: 5583K(6912K)->5583K(6912K)
[2023-11-12T17:38:10.787+0100][gc            ] GC(18) Pause Young (Normal) (G1 Evacuation Pause) 765M->159M(1024M) 7,279ms
[2023-11-12T17:38:10.787+0100][gc,cpu        ] GC(18) User=0,07s Sys=0,00s Real=0,01s
[2023-11-12T17:38:13.209+0100][gc,start      ] GC(19) Pause Young (Normal) (G1 Evacuation Pause)
[2023-11-12T17:38:13.209+0100][gc,task       ] GC(19) Using 13 workers of 13 for evacuation
[2023-11-12T17:38:13.215+0100][gc,phases     ] GC(19)   Pre Evacuate Collection Set: 0,0ms
[2023-11-12T17:38:13.215+0100][gc,phases     ] GC(19)   Evacuate Collection Set: 4,5ms
[2023-11-12T17:38:13.215+0100][gc,phases     ] GC(19)   Post Evacuate Collection Set: 0,6ms
[2023-11-12T17:38:13.215+0100][gc,phases     ] GC(19)   Other: 0,2ms
[2023-11-12T17:38:13.215+0100][gc,heap       ] GC(19) Eden regions: 605->0(604)
[2023-11-12T17:38:13.215+0100][gc,heap       ] GC(19) Survivor regions: 9->10(77)
[2023-11-12T17:38:13.215+0100][gc,heap       ] GC(19) Old regions: 24->24
[2023-11-12T17:38:13.215+0100][gc,heap       ] GC(19) Humongous regions: 129->129
[2023-11-12T17:38:13.215+0100][gc,metaspace  ] GC(19) Metaspace: 44745K(47616K)->44745K(47616K) NonClass: 39161K(40704K)->39161K(40704K) Class: 5583K(6912K)->5583K(6912K)
[2023-11-12T17:38:13.215+0100][gc            ] GC(19) Pause Young (Normal) (G1 Evacuation Pause) 764M->161M(1024M) 5,412ms
[2023-11-12T17:38:13.215+0100][gc,cpu        ] GC(19) User=0,06s Sys=0,01s Real=0,01s
[2023-11-12T17:38:15.370+0100][gc,start      ] GC(20) Pause Young (Normal) (G1 Evacuation Pause)
[2023-11-12T17:38:15.370+0100][gc,task       ] GC(20) Using 13 workers of 13 for evacuation
[2023-11-12T17:38:15.375+0100][gc,phases     ] GC(20)   Pre Evacuate Collection Set: 0,0ms
[2023-11-12T17:38:15.375+0100][gc,phases     ] GC(20)   Evacuate Collection Set: 4,0ms
[2023-11-12T17:38:15.375+0100][gc,phases     ] GC(20)   Post Evacuate Collection Set: 0,7ms
[2023-11-12T17:38:15.375+0100][gc,phases     ] GC(20)   Other: 0,2ms
[2023-11-12T17:38:15.375+0100][gc,heap       ] GC(20) Eden regions: 604->0(603)
[2023-11-12T17:38:15.375+0100][gc,heap       ] GC(20) Survivor regions: 10->11(77)
[2023-11-12T17:38:15.375+0100][gc,heap       ] GC(20) Old regions: 24->24
[2023-11-12T17:38:15.375+0100][gc,heap       ] GC(20) Humongous regions: 129->129
[2023-11-12T17:38:15.375+0100][gc,metaspace  ] GC(20) Metaspace: 44750K(47616K)->44750K(47616K) NonClass: 39166K(40704K)->39166K(40704K) Class: 5583K(6912K)->5583K(6912K)
[2023-11-12T17:38:15.375+0100][gc            ] GC(20) Pause Young (Normal) (G1 Evacuation Pause) 765M->161M(1024M) 5,021ms
[2023-11-12T17:38:15.375+0100][gc,cpu        ] GC(20) User=0,06s Sys=0,00s Real=0,01s
[2023-11-12T17:38:17.381+0100][gc,start      ] GC(21) Pause Young (Normal) (G1 Evacuation Pause)
[2023-11-12T17:38:17.381+0100][gc,task       ] GC(21) Using 13 workers of 13 for evacuation
[2023-11-12T17:38:17.386+0100][gc,phases     ] GC(21)   Pre Evacuate Collection Set: 0,0ms
[2023-11-12T17:38:17.386+0100][gc,phases     ] GC(21)   Evacuate Collection Set: 4,4ms
[2023-11-12T17:38:17.386+0100][gc,phases     ] GC(21)   Post Evacuate Collection Set: 0,7ms
[2023-11-12T17:38:17.386+0100][gc,phases     ] GC(21)   Other: 0,3ms
[2023-11-12T17:38:17.386+0100][gc,heap       ] GC(21) Eden regions: 603->0(602)
[2023-11-12T17:38:17.386+0100][gc,heap       ] GC(21) Survivor regions: 11->12(77)
[2023-11-12T17:38:17.386+0100][gc,heap       ] GC(21) Old regions: 24->24
[2023-11-12T17:38:17.386+0100][gc,heap       ] GC(21) Humongous regions: 129->129
[2023-11-12T17:38:17.386+0100][gc,metaspace  ] GC(21) Metaspace: 44787K(47616K)->44787K(47616K) NonClass: 39203K(40704K)->39203K(40704K) Class: 5583K(6912K)->5583K(6912K)
[2023-11-12T17:38:17.386+0100][gc            ] GC(21) Pause Young (Normal) (G1 Evacuation Pause) 764M->162M(1024M) 5,595ms
[2023-11-12T17:38:17.386+0100][gc,cpu        ] GC(21) User=0,05s Sys=0,00s Real=0,01s
[2023-11-12T17:38:19.382+0100][gc,start      ] GC(22) Pause Young (Normal) (G1 Evacuation Pause)
[2023-11-12T17:38:19.382+0100][gc,task       ] GC(22) Using 13 workers of 13 for evacuation
[2023-11-12T17:38:19.388+0100][gc,phases     ] GC(22)   Pre Evacuate Collection Set: 0,0ms
[2023-11-12T17:38:19.388+0100][gc,phases     ] GC(22)   Evacuate Collection Set: 4,5ms
[2023-11-12T17:38:19.388+0100][gc,phases     ] GC(22)   Post Evacuate Collection Set: 0,7ms
[2023-11-12T17:38:19.388+0100][gc,phases     ] GC(22)   Other: 0,2ms
[2023-11-12T17:38:19.388+0100][gc,heap       ] GC(22) Eden regions: 602->0(601)
[2023-11-12T17:38:19.388+0100][gc,heap       ] GC(22) Survivor regions: 12->13(77)
[2023-11-12T17:38:19.388+0100][gc,heap       ] GC(22) Old regions: 24->24
[2023-11-12T17:38:19.388+0100][gc,heap       ] GC(22) Humongous regions: 129->129
[2023-11-12T17:38:19.388+0100][gc,metaspace  ] GC(22) Metaspace: 44791K(47616K)->44791K(47616K) NonClass: 39207K(40704K)->39207K(40704K) Class: 5583K(6912K)->5583K(6912K)
[2023-11-12T17:38:19.388+0100][gc            ] GC(22) Pause Young (Normal) (G1 Evacuation Pause) 764M->163M(1024M) 5,459ms
[2023-11-12T17:38:19.388+0100][gc,cpu        ] GC(22) User=0,05s Sys=0,00s Real=0,00s
[2023-11-12T17:38:21.190+0100][gc,start      ] GC(23) Pause Young (Normal) (G1 Evacuation Pause)
[2023-11-12T17:38:21.190+0100][gc,task       ] GC(23) Using 13 workers of 13 for evacuation
[2023-11-12T17:38:21.196+0100][gc,phases     ] GC(23)   Pre Evacuate Collection Set: 0,0ms
[2023-11-12T17:38:21.196+0100][gc,phases     ] GC(23)   Evacuate Collection Set: 4,6ms
[2023-11-12T17:38:21.196+0100][gc,phases     ] GC(23)   Post Evacuate Collection Set: 0,7ms
[2023-11-12T17:38:21.196+0100][gc,phases     ] GC(23)   Other: 0,2ms
[2023-11-12T17:38:21.196+0100][gc,heap       ] GC(23) Eden regions: 601->0(600)
[2023-11-12T17:38:21.196+0100][gc,heap       ] GC(23) Survivor regions: 13->14(77)
[2023-11-12T17:38:21.196+0100][gc,heap       ] GC(23) Old regions: 24->24
[2023-11-12T17:38:21.196+0100][gc,heap       ] GC(23) Humongous regions: 129->129
[2023-11-12T17:38:21.196+0100][gc,metaspace  ] GC(23) Metaspace: 44795K(47616K)->44795K(47616K) NonClass: 39211K(40704K)->39211K(40704K) Class: 5583K(6912K)->5583K(6912K)
[2023-11-12T17:38:21.196+0100][gc            ] GC(23) Pause Young (Normal) (G1 Evacuation Pause) 764M->164M(1024M) 5,569ms
[2023-11-12T17:38:21.196+0100][gc,cpu        ] GC(23) User=0,05s Sys=0,00s Real=0,01s
[2023-11-12T17:38:22.928+0100][gc,start      ] GC(24) Pause Young (Normal) (G1 Evacuation Pause)
[2023-11-12T17:38:22.928+0100][gc,task       ] GC(24) Using 13 workers of 13 for evacuation
[2023-11-12T17:38:22.934+0100][gc,phases     ] GC(24)   Pre Evacuate Collection Set: 0,0ms
[2023-11-12T17:38:22.934+0100][gc,phases     ] GC(24)   Evacuate Collection Set: 5,4ms
[2023-11-12T17:38:22.934+0100][gc,phases     ] GC(24)   Post Evacuate Collection Set: 0,6ms
[2023-11-12T17:38:22.934+0100][gc,phases     ] GC(24)   Other: 0,2ms
[2023-11-12T17:38:22.934+0100][gc,heap       ] GC(24) Eden regions: 600->0(600)
[2023-11-12T17:38:22.934+0100][gc,heap       ] GC(24) Survivor regions: 14->14(77)
[2023-11-12T17:38:22.934+0100][gc,heap       ] GC(24) Old regions: 24->26
[2023-11-12T17:38:22.934+0100][gc,heap       ] GC(24) Humongous regions: 129->129
[2023-11-12T17:38:22.934+0100][gc,metaspace  ] GC(24) Metaspace: 44808K(47616K)->44808K(47616K) NonClass: 39224K(40704K)->39224K(40704K) Class: 5583K(6912K)->5583K(6912K)
[2023-11-12T17:38:22.934+0100][gc            ] GC(24) Pause Young (Normal) (G1 Evacuation Pause) 764M->166M(1024M) 6,383ms
[2023-11-12T17:38:22.934+0100][gc,cpu        ] GC(24) User=0,05s Sys=0,00s Real=0,01s
[2023-11-12T17:38:24.576+0100][gc,start      ] GC(25) Pause Young (Normal) (G1 Evacuation Pause)
[2023-11-12T17:38:24.576+0100][gc,task       ] GC(25) Using 13 workers of 13 for evacuation
[2023-11-12T17:38:24.580+0100][gc,phases     ] GC(25)   Pre Evacuate Collection Set: 0,0ms
[2023-11-12T17:38:24.580+0100][gc,phases     ] GC(25)   Evacuate Collection Set: 3,5ms
[2023-11-12T17:38:24.580+0100][gc,phases     ] GC(25)   Post Evacuate Collection Set: 0,6ms
[2023-11-12T17:38:24.580+0100][gc,phases     ] GC(25)   Other: 0,2ms
[2023-11-12T17:38:24.580+0100][gc,heap       ] GC(25) Eden regions: 600->0(600)
[2023-11-12T17:38:24.580+0100][gc,heap       ] GC(25) Survivor regions: 14->14(77)
[2023-11-12T17:38:24.580+0100][gc,heap       ] GC(25) Old regions: 26->26
[2023-11-12T17:38:24.580+0100][gc,heap       ] GC(25) Humongous regions: 129->129
[2023-11-12T17:38:24.580+0100][gc,metaspace  ] GC(25) Metaspace: 44808K(47616K)->44808K(47616K) NonClass: 39224K(40704K)->39224K(40704K) Class: 5583K(6912K)->5583K(6912K)
[2023-11-12T17:38:24.580+0100][gc            ] GC(25) Pause Young (Normal) (G1 Evacuation Pause) 766M->166M(1024M) 4,437ms
[2023-11-12T17:38:24.580+0100][gc,cpu        ] GC(25) User=0,04s Sys=0,01s Real=0,00s
[2023-11-12T17:38:26.217+0100][gc,start      ] GC(26) Pause Young (Normal) (G1 Evacuation Pause)
[2023-11-12T17:38:26.217+0100][gc,task       ] GC(26) Using 13 workers of 13 for evacuation
[2023-11-12T17:38:26.223+0100][gc,phases     ] GC(26)   Pre Evacuate Collection Set: 0,0ms
[2023-11-12T17:38:26.223+0100][gc,phases     ] GC(26)   Evacuate Collection Set: 4,8ms
[2023-11-12T17:38:26.223+0100][gc,phases     ] GC(26)   Post Evacuate Collection Set: 0,6ms
[2023-11-12T17:38:26.223+0100][gc,phases     ] GC(26)   Other: 0,2ms
[2023-11-12T17:38:26.223+0100][gc,heap       ] GC(26) Eden regions: 600->0(600)
[2023-11-12T17:38:26.223+0100][gc,heap       ] GC(26) Survivor regions: 14->14(77)
[2023-11-12T17:38:26.223+0100][gc,heap       ] GC(26) Old regions: 26->26
[2023-11-12T17:38:26.223+0100][gc,heap       ] GC(26) Humongous regions: 129->129
[2023-11-12T17:38:26.223+0100][gc,metaspace  ] GC(26) Metaspace: 44850K(47616K)->44850K(47616K) NonClass: 39266K(40704K)->39266K(40704K) Class: 5583K(6912K)->5583K(6912K)
[2023-11-12T17:38:26.223+0100][gc            ] GC(26) Pause Young (Normal) (G1 Evacuation Pause) 766M->167M(1024M) 5,650ms
[2023-11-12T17:38:26.223+0100][gc,cpu        ] GC(26) User=0,06s Sys=0,00s Real=0,01s
[2023-11-12T17:38:27.832+0100][gc,start      ] GC(27) Pause Young (Normal) (G1 Evacuation Pause)
[2023-11-12T17:38:27.832+0100][gc,task       ] GC(27) Using 13 workers of 13 for evacuation
[2023-11-12T17:38:27.838+0100][gc,phases     ] GC(27)   Pre Evacuate Collection Set: 0,0ms
[2023-11-12T17:38:27.838+0100][gc,phases     ] GC(27)   Evacuate Collection Set: 4,5ms
[2023-11-12T17:38:27.838+0100][gc,phases     ] GC(27)   Post Evacuate Collection Set: 0,6ms
[2023-11-12T17:38:27.838+0100][gc,phases     ] GC(27)   Other: 0,2ms
[2023-11-12T17:38:27.838+0100][gc,heap       ] GC(27) Eden regions: 600->0(598)
[2023-11-12T17:38:27.838+0100][gc,heap       ] GC(27) Survivor regions: 14->16(77)
[2023-11-12T17:38:27.838+0100][gc,heap       ] GC(27) Old regions: 26->26
[2023-11-12T17:38:27.838+0100][gc,heap       ] GC(27) Humongous regions: 129->129
[2023-11-12T17:38:27.838+0100][gc,metaspace  ] GC(27) Metaspace: 44860K(47872K)->44860K(47872K) NonClass: 39276K(40960K)->39276K(40960K) Class: 5583K(6912K)->5583K(6912K)
[2023-11-12T17:38:27.838+0100][gc            ] GC(27) Pause Young (Normal) (G1 Evacuation Pause) 767M->169M(1024M) 5,435ms
[2023-11-12T17:38:27.838+0100][gc,cpu        ] GC(27) User=0,04s Sys=0,00s Real=0,01s
[2023-11-12T17:38:29.394+0100][gc,start      ] GC(28) Pause Young (Normal) (G1 Evacuation Pause)
[2023-11-12T17:38:29.394+0100][gc,task       ] GC(28) Using 13 workers of 13 for evacuation
[2023-11-12T17:38:29.400+0100][gc,phases     ] GC(28)   Pre Evacuate Collection Set: 0,0ms
[2023-11-12T17:38:29.400+0100][gc,phases     ] GC(28)   Evacuate Collection Set: 5,3ms
[2023-11-12T17:38:29.400+0100][gc,phases     ] GC(28)   Post Evacuate Collection Set: 0,7ms
[2023-11-12T17:38:29.400+0100][gc,phases     ] GC(28)   Other: 0,2ms
[2023-11-12T17:38:29.400+0100][gc,heap       ] GC(28) Eden regions: 598->0(598)
[2023-11-12T17:38:29.400+0100][gc,heap       ] GC(28) Survivor regions: 16->16(77)
[2023-11-12T17:38:29.400+0100][gc,heap       ] GC(28) Old regions: 26->27
[2023-11-12T17:38:29.400+0100][gc,heap       ] GC(28) Humongous regions: 129->129
[2023-11-12T17:38:29.400+0100][gc,metaspace  ] GC(28) Metaspace: 44866K(47872K)->44866K(47872K) NonClass: 39282K(40960K)->39282K(40960K) Class: 5583K(6912K)->5583K(6912K)
[2023-11-12T17:38:29.400+0100][gc            ] GC(28) Pause Young (Normal) (G1 Evacuation Pause) 767M->169M(1024M) 6,399ms
[2023-11-12T17:38:29.400+0100][gc,cpu        ] GC(28) User=0,05s Sys=0,01s Real=0,00s
[2023-11-12T17:38:30.908+0100][gc,start      ] GC(29) Pause Young (Normal) (G1 Evacuation Pause)
[2023-11-12T17:38:30.908+0100][gc,task       ] GC(29) Using 13 workers of 13 for evacuation
[2023-11-12T17:38:30.915+0100][gc,phases     ] GC(29)   Pre Evacuate Collection Set: 0,0ms
[2023-11-12T17:38:30.915+0100][gc,phases     ] GC(29)   Evacuate Collection Set: 5,5ms
[2023-11-12T17:38:30.915+0100][gc,phases     ] GC(29)   Post Evacuate Collection Set: 0,8ms
[2023-11-12T17:38:30.915+0100][gc,phases     ] GC(29)   Other: 0,3ms
[2023-11-12T17:38:30.915+0100][gc,heap       ] GC(29) Eden regions: 598->0(598)
[2023-11-12T17:38:30.915+0100][gc,heap       ] GC(29) Survivor regions: 16->16(77)
[2023-11-12T17:38:30.915+0100][gc,heap       ] GC(29) Old regions: 27->28
[2023-11-12T17:38:30.915+0100][gc,heap       ] GC(29) Humongous regions: 129->129
[2023-11-12T17:38:30.915+0100][gc,metaspace  ] GC(29) Metaspace: 44870K(47872K)->44870K(47872K) NonClass: 39286K(40960K)->39286K(40960K) Class: 5583K(6912K)->5583K(6912K)
[2023-11-12T17:38:30.915+0100][gc            ] GC(29) Pause Young (Normal) (G1 Evacuation Pause) 767M->171M(1024M) 6,713ms
[2023-11-12T17:38:30.915+0100][gc,cpu        ] GC(29) User=0,05s Sys=0,02s Real=0,01s
[2023-11-12T17:38:32.416+0100][gc,start      ] GC(30) Pause Young (Normal) (G1 Evacuation Pause)
[2023-11-12T17:38:32.416+0100][gc,task       ] GC(30) Using 13 workers of 13 for evacuation
[2023-11-12T17:38:32.422+0100][gc,phases     ] GC(30)   Pre Evacuate Collection Set: 0,0ms
[2023-11-12T17:38:32.422+0100][gc,phases     ] GC(30)   Evacuate Collection Set: 5,1ms
[2023-11-12T17:38:32.422+0100][gc,phases     ] GC(30)   Post Evacuate Collection Set: 0,6ms
[2023-11-12T17:38:32.422+0100][gc,phases     ] GC(30)   Other: 0,2ms
[2023-11-12T17:38:32.422+0100][gc,heap       ] GC(30) Eden regions: 598->0(598)
[2023-11-12T17:38:32.422+0100][gc,heap       ] GC(30) Survivor regions: 16->16(77)
[2023-11-12T17:38:32.422+0100][gc,heap       ] GC(30) Old regions: 28->29
[2023-11-12T17:38:32.422+0100][gc,heap       ] GC(30) Humongous regions: 129->129
[2023-11-12T17:38:32.422+0100][gc,metaspace  ] GC(30) Metaspace: 44894K(47872K)->44894K(47872K) NonClass: 39311K(40960K)->39311K(40960K) Class: 5583K(6912K)->5583K(6912K)
[2023-11-12T17:38:32.422+0100][gc            ] GC(30) Pause Young (Normal) (G1 Evacuation Pause) 769M->172M(1024M) 6,028ms
[2023-11-12T17:38:32.422+0100][gc,cpu        ] GC(30) User=0,06s Sys=0,00s Real=0,01s
[2023-11-12T17:38:33.912+0100][gc,start      ] GC(31) Pause Young (Normal) (G1 Evacuation Pause)
[2023-11-12T17:38:33.912+0100][gc,task       ] GC(31) Using 13 workers of 13 for evacuation
[2023-11-12T17:38:33.917+0100][gc,phases     ] GC(31)   Pre Evacuate Collection Set: 0,0ms
[2023-11-12T17:38:33.917+0100][gc,phases     ] GC(31)   Evacuate Collection Set: 4,5ms
[2023-11-12T17:38:33.917+0100][gc,phases     ] GC(31)   Post Evacuate Collection Set: 0,6ms
[2023-11-12T17:38:33.917+0100][gc,phases     ] GC(31)   Other: 0,2ms
[2023-11-12T17:38:33.917+0100][gc,heap       ] GC(31) Eden regions: 598->0(598)
[2023-11-12T17:38:33.917+0100][gc,heap       ] GC(31) Survivor regions: 16->16(77)
[2023-11-12T17:38:33.917+0100][gc,heap       ] GC(31) Old regions: 29->30
[2023-11-12T17:38:33.917+0100][gc,heap       ] GC(31) Humongous regions: 129->129
[2023-11-12T17:38:33.917+0100][gc,metaspace  ] GC(31) Metaspace: 44898K(47872K)->44898K(47872K) NonClass: 39314K(40960K)->39314K(40960K) Class: 5583K(6912K)->5583K(6912K)
[2023-11-12T17:38:33.917+0100][gc            ] GC(31) Pause Young (Normal) (G1 Evacuation Pause) 770M->173M(1024M) 5,549ms
[2023-11-12T17:38:33.917+0100][gc,cpu        ] GC(31) User=0,05s Sys=0,01s Real=0,01s
[2023-11-12T17:38:35.466+0100][gc,start      ] GC(32) Pause Young (Normal) (G1 Evacuation Pause)
[2023-11-12T17:38:35.466+0100][gc,task       ] GC(32) Using 13 workers of 13 for evacuation
[2023-11-12T17:38:35.472+0100][gc,phases     ] GC(32)   Pre Evacuate Collection Set: 0,0ms
[2023-11-12T17:38:35.472+0100][gc,phases     ] GC(32)   Evacuate Collection Set: 5,0ms
[2023-11-12T17:38:35.472+0100][gc,phases     ] GC(32)   Post Evacuate Collection Set: 0,7ms
[2023-11-12T17:38:35.472+0100][gc,phases     ] GC(32)   Other: 0,2ms
[2023-11-12T17:38:35.472+0100][gc,heap       ] GC(32) Eden regions: 598->0(597)
[2023-11-12T17:38:35.472+0100][gc,heap       ] GC(32) Survivor regions: 16->17(77)
[2023-11-12T17:38:35.472+0100][gc,heap       ] GC(32) Old regions: 30->31
[2023-11-12T17:38:35.472+0100][gc,heap       ] GC(32) Humongous regions: 129->129
[2023-11-12T17:38:35.472+0100][gc,metaspace  ] GC(32) Metaspace: 44913K(47872K)->44913K(47872K) NonClass: 39329K(40960K)->39329K(40960K) Class: 5583K(6912K)->5583K(6912K)
[2023-11-12T17:38:35.472+0100][gc            ] GC(32) Pause Young (Normal) (G1 Evacuation Pause) 771M->174M(1024M) 6,077ms
[2023-11-12T17:38:35.472+0100][gc,cpu        ] GC(32) User=0,05s Sys=0,01s Real=0,00s
[2023-11-12T17:38:36.948+0100][gc,start      ] GC(33) Pause Young (Normal) (G1 Evacuation Pause)
[2023-11-12T17:38:36.948+0100][gc,task       ] GC(33) Using 13 workers of 13 for evacuation
[2023-11-12T17:38:36.954+0100][gc,phases     ] GC(33)   Pre Evacuate Collection Set: 0,0ms
[2023-11-12T17:38:36.954+0100][gc,phases     ] GC(33)   Evacuate Collection Set: 5,0ms
[2023-11-12T17:38:36.954+0100][gc,phases     ] GC(33)   Post Evacuate Collection Set: 0,6ms
[2023-11-12T17:38:36.954+0100][gc,phases     ] GC(33)   Other: 0,2ms
[2023-11-12T17:38:36.954+0100][gc,heap       ] GC(33) Eden regions: 597->0(597)
[2023-11-12T17:38:36.954+0100][gc,heap       ] GC(33) Survivor regions: 17->17(77)
[2023-11-12T17:38:36.954+0100][gc,heap       ] GC(33) Old regions: 31->32
[2023-11-12T17:38:36.954+0100][gc,heap       ] GC(33) Humongous regions: 129->129
[2023-11-12T17:38:36.954+0100][gc,metaspace  ] GC(33) Metaspace: 44913K(47872K)->44913K(47872K) NonClass: 39329K(40960K)->39329K(40960K) Class: 5583K(6912K)->5583K(6912K)
[2023-11-12T17:38:36.954+0100][gc            ] GC(33) Pause Young (Normal) (G1 Evacuation Pause) 771M->176M(1024M) 5,869ms
[2023-11-12T17:38:36.954+0100][gc,cpu        ] GC(33) User=0,02s Sys=0,03s Real=0,01s
[2023-11-12T17:38:38.392+0100][gc,start      ] GC(34) Pause Young (Normal) (G1 Evacuation Pause)
[2023-11-12T17:38:38.392+0100][gc,task       ] GC(34) Using 13 workers of 13 for evacuation
[2023-11-12T17:38:38.399+0100][gc,phases     ] GC(34)   Pre Evacuate Collection Set: 0,0ms
[2023-11-12T17:38:38.399+0100][gc,phases     ] GC(34)   Evacuate Collection Set: 5,2ms
[2023-11-12T17:38:38.399+0100][gc,phases     ] GC(34)   Post Evacuate Collection Set: 0,7ms
[2023-11-12T17:38:38.399+0100][gc,phases     ] GC(34)   Other: 0,2ms
[2023-11-12T17:38:38.399+0100][gc,heap       ] GC(34) Eden regions: 597->0(597)
[2023-11-12T17:38:38.399+0100][gc,heap       ] GC(34) Survivor regions: 17->17(77)
[2023-11-12T17:38:38.399+0100][gc,heap       ] GC(34) Old regions: 32->33
[2023-11-12T17:38:38.399+0100][gc,heap       ] GC(34) Humongous regions: 129->129
[2023-11-12T17:38:38.399+0100][gc,metaspace  ] GC(34) Metaspace: 44915K(47872K)->44915K(47872K) NonClass: 39331K(40960K)->39331K(40960K) Class: 5583K(6912K)->5583K(6912K)
[2023-11-12T17:38:38.399+0100][gc            ] GC(34) Pause Young (Normal) (G1 Evacuation Pause) 773M->177M(1024M) 6,440ms
[2023-11-12T17:38:38.399+0100][gc,cpu        ] GC(34) User=0,05s Sys=0,01s Real=0,01s
[2023-11-12T17:38:39.858+0100][gc,start      ] GC(35) Pause Young (Normal) (G1 Evacuation Pause)
[2023-11-12T17:38:39.858+0100][gc,task       ] GC(35) Using 13 workers of 13 for evacuation
[2023-11-12T17:38:39.864+0100][gc,phases     ] GC(35)   Pre Evacuate Collection Set: 0,0ms
[2023-11-12T17:38:39.864+0100][gc,phases     ] GC(35)   Evacuate Collection Set: 5,2ms
[2023-11-12T17:38:39.864+0100][gc,phases     ] GC(35)   Post Evacuate Collection Set: 0,6ms
[2023-11-12T17:38:39.864+0100][gc,phases     ] GC(35)   Other: 0,2ms
[2023-11-12T17:38:39.864+0100][gc,heap       ] GC(35) Eden regions: 597->0(596)
[2023-11-12T17:38:39.864+0100][gc,heap       ] GC(35) Survivor regions: 17->18(77)
[2023-11-12T17:38:39.864+0100][gc,heap       ] GC(35) Old regions: 33->34
[2023-11-12T17:38:39.864+0100][gc,heap       ] GC(35) Humongous regions: 129->129
[2023-11-12T17:38:39.864+0100][gc,metaspace  ] GC(35) Metaspace: 44918K(47872K)->44918K(47872K) NonClass: 39334K(40960K)->39334K(40960K) Class: 5583K(6912K)->5583K(6912K)
[2023-11-12T17:38:39.864+0100][gc            ] GC(35) Pause Young (Normal) (G1 Evacuation Pause) 774M->178M(1024M) 6,122ms
[2023-11-12T17:38:39.864+0100][gc,cpu        ] GC(35) User=0,05s Sys=0,02s Real=0,01s
[2023-11-12T17:38:41.329+0100][gc,start      ] GC(36) Pause Young (Normal) (G1 Evacuation Pause)
[2023-11-12T17:38:41.329+0100][gc,task       ] GC(36) Using 13 workers of 13 for evacuation
[2023-11-12T17:38:41.335+0100][gc,phases     ] GC(36)   Pre Evacuate Collection Set: 0,0ms
[2023-11-12T17:38:41.335+0100][gc,phases     ] GC(36)   Evacuate Collection Set: 5,4ms
[2023-11-12T17:38:41.335+0100][gc,phases     ] GC(36)   Post Evacuate Collection Set: 0,6ms
[2023-11-12T17:38:41.335+0100][gc,phases     ] GC(36)   Other: 0,3ms
[2023-11-12T17:38:41.335+0100][gc,heap       ] GC(36) Eden regions: 596->0(596)
[2023-11-12T17:38:41.335+0100][gc,heap       ] GC(36) Survivor regions: 18->18(77)
[2023-11-12T17:38:41.335+0100][gc,heap       ] GC(36) Old regions: 34->35
[2023-11-12T17:38:41.335+0100][gc,heap       ] GC(36) Humongous regions: 129->129
[2023-11-12T17:38:41.335+0100][gc,metaspace  ] GC(36) Metaspace: 44918K(47872K)->44918K(47872K) NonClass: 39334K(40960K)->39334K(40960K) Class: 5583K(6912K)->5583K(6912K)
[2023-11-12T17:38:41.335+0100][gc            ] GC(36) Pause Young (Normal) (G1 Evacuation Pause) 774M->180M(1024M) 6,430ms
[2023-11-12T17:38:41.335+0100][gc,cpu        ] GC(36) User=0,07s Sys=0,00s Real=0,01s
[2023-11-12T17:38:42.792+0100][gc,start      ] GC(37) Pause Young (Normal) (G1 Evacuation Pause)
[2023-11-12T17:38:42.792+0100][gc,task       ] GC(37) Using 13 workers of 13 for evacuation
[2023-11-12T17:38:42.798+0100][gc,phases     ] GC(37)   Pre Evacuate Collection Set: 0,0ms
[2023-11-12T17:38:42.798+0100][gc,phases     ] GC(37)   Evacuate Collection Set: 5,4ms
[2023-11-12T17:38:42.798+0100][gc,phases     ] GC(37)   Post Evacuate Collection Set: 0,6ms
[2023-11-12T17:38:42.798+0100][gc,phases     ] GC(37)   Other: 0,2ms
[2023-11-12T17:38:42.798+0100][gc,heap       ] GC(37) Eden regions: 596->0(596)
[2023-11-12T17:38:42.798+0100][gc,heap       ] GC(37) Survivor regions: 18->18(77)
[2023-11-12T17:38:42.798+0100][gc,heap       ] GC(37) Old regions: 35->36
[2023-11-12T17:38:42.798+0100][gc,heap       ] GC(37) Humongous regions: 129->129
[2023-11-12T17:38:42.798+0100][gc,metaspace  ] GC(37) Metaspace: 44918K(47872K)->44918K(47872K) NonClass: 39334K(40960K)->39334K(40960K) Class: 5583K(6912K)->5583K(6912K)
[2023-11-12T17:38:42.799+0100][gc            ] GC(37) Pause Young (Normal) (G1 Evacuation Pause) 776M->181M(1024M) 6,327ms
[2023-11-12T17:38:42.799+0100][gc,cpu        ] GC(37) User=0,07s Sys=0,01s Real=0,01s
[2023-11-12T17:38:44.278+0100][gc,start      ] GC(38) Pause Young (Normal) (G1 Evacuation Pause)
[2023-11-12T17:38:44.278+0100][gc,task       ] GC(38) Using 13 workers of 13 for evacuation
[2023-11-12T17:38:44.285+0100][gc,phases     ] GC(38)   Pre Evacuate Collection Set: 0,0ms
[2023-11-12T17:38:44.285+0100][gc,phases     ] GC(38)   Evacuate Collection Set: 6,0ms
[2023-11-12T17:38:44.285+0100][gc,phases     ] GC(38)   Post Evacuate Collection Set: 0,6ms
[2023-11-12T17:38:44.285+0100][gc,phases     ] GC(38)   Other: 0,2ms
[2023-11-12T17:38:44.285+0100][gc,heap       ] GC(38) Eden regions: 596->0(595)
[2023-11-12T17:38:44.285+0100][gc,heap       ] GC(38) Survivor regions: 18->19(77)
[2023-11-12T17:38:44.285+0100][gc,heap       ] GC(38) Old regions: 36->37
[2023-11-12T17:38:44.285+0100][gc,heap       ] GC(38) Humongous regions: 129->129
[2023-11-12T17:38:44.285+0100][gc,metaspace  ] GC(38) Metaspace: 44930K(47872K)->44930K(47872K) NonClass: 39346K(40960K)->39346K(40960K) Class: 5583K(6912K)->5583K(6912K)
[2023-11-12T17:38:44.285+0100][gc            ] GC(38) Pause Young (Normal) (G1 Evacuation Pause) 777M->183M(1024M) 6,863ms
[2023-11-12T17:38:44.285+0100][gc,cpu        ] GC(38) User=0,06s Sys=0,01s Real=0,01s
[2023-11-12T17:38:45.694+0100][gc,start      ] GC(39) Pause Young (Normal) (G1 Evacuation Pause)
[2023-11-12T17:38:45.694+0100][gc,task       ] GC(39) Using 13 workers of 13 for evacuation
[2023-11-12T17:38:45.701+0100][gc,phases     ] GC(39)   Pre Evacuate Collection Set: 0,0ms
[2023-11-12T17:38:45.701+0100][gc,phases     ] GC(39)   Evacuate Collection Set: 5,7ms
[2023-11-12T17:38:45.701+0100][gc,phases     ] GC(39)   Post Evacuate Collection Set: 0,7ms
[2023-11-12T17:38:45.701+0100][gc,phases     ] GC(39)   Other: 0,2ms
[2023-11-12T17:38:45.701+0100][gc,heap       ] GC(39) Eden regions: 595->0(595)
[2023-11-12T17:38:45.701+0100][gc,heap       ] GC(39) Survivor regions: 19->19(77)
[2023-11-12T17:38:45.701+0100][gc,heap       ] GC(39) Old regions: 37->38
[2023-11-12T17:38:45.701+0100][gc,heap       ] GC(39) Humongous regions: 129->129
[2023-11-12T17:38:45.701+0100][gc,metaspace  ] GC(39) Metaspace: 44930K(47872K)->44930K(47872K) NonClass: 39346K(40960K)->39346K(40960K) Class: 5583K(6912K)->5583K(6912K)
[2023-11-12T17:38:45.701+0100][gc            ] GC(39) Pause Young (Normal) (G1 Evacuation Pause) 778M->184M(1024M) 6,666ms
[2023-11-12T17:38:45.701+0100][gc,cpu        ] GC(39) User=0,06s Sys=0,02s Real=0,00s
[2023-11-12T17:38:47.110+0100][gc,start      ] GC(40) Pause Young (Normal) (G1 Evacuation Pause)
[2023-11-12T17:38:47.110+0100][gc,task       ] GC(40) Using 13 workers of 13 for evacuation
[2023-11-12T17:38:47.117+0100][gc,phases     ] GC(40)   Pre Evacuate Collection Set: 0,0ms
[2023-11-12T17:38:47.117+0100][gc,phases     ] GC(40)   Evacuate Collection Set: 5,9ms
[2023-11-12T17:38:47.117+0100][gc,phases     ] GC(40)   Post Evacuate Collection Set: 0,6ms
[2023-11-12T17:38:47.117+0100][gc,phases     ] GC(40)   Other: 0,2ms
[2023-11-12T17:38:47.117+0100][gc,heap       ] GC(40) Eden regions: 595->0(595)
[2023-11-12T17:38:47.117+0100][gc,heap       ] GC(40) Survivor regions: 19->19(77)
[2023-11-12T17:38:47.117+0100][gc,heap       ] GC(40) Old regions: 38->40
[2023-11-12T17:38:47.117+0100][gc,heap       ] GC(40) Humongous regions: 129->129
[2023-11-12T17:38:47.117+0100][gc,metaspace  ] GC(40) Metaspace: 44949K(47872K)->44949K(47872K) NonClass: 39365K(40960K)->39365K(40960K) Class: 5583K(6912K)->5583K(6912K)
[2023-11-12T17:38:47.117+0100][gc            ] GC(40) Pause Young (Normal) (G1 Evacuation Pause) 779M->185M(1024M) 6,744ms
[2023-11-12T17:38:47.117+0100][gc,cpu        ] GC(40) User=0,06s Sys=0,02s Real=0,01s
[2023-11-12T17:38:48.586+0100][gc,start      ] GC(41) Pause Young (Normal) (G1 Evacuation Pause)
[2023-11-12T17:38:48.586+0100][gc,task       ] GC(41) Using 13 workers of 13 for evacuation
[2023-11-12T17:38:48.595+0100][gc,phases     ] GC(41)   Pre Evacuate Collection Set: 0,0ms
[2023-11-12T17:38:48.595+0100][gc,phases     ] GC(41)   Evacuate Collection Set: 7,7ms
[2023-11-12T17:38:48.595+0100][gc,phases     ] GC(41)   Post Evacuate Collection Set: 0,7ms
[2023-11-12T17:38:48.595+0100][gc,phases     ] GC(41)   Other: 0,2ms
[2023-11-12T17:38:48.595+0100][gc,heap       ] GC(41) Eden regions: 595->0(594)
[2023-11-12T17:38:48.595+0100][gc,heap       ] GC(41) Survivor regions: 19->20(77)
[2023-11-12T17:38:48.595+0100][gc,heap       ] GC(41) Old regions: 40->41
[2023-11-12T17:38:48.595+0100][gc,heap       ] GC(41) Humongous regions: 129->129
[2023-11-12T17:38:48.595+0100][gc,metaspace  ] GC(41) Metaspace: 44951K(47872K)->44951K(47872K) NonClass: 39367K(40960K)->39367K(40960K) Class: 5583K(6912K)->5583K(6912K)
[2023-11-12T17:38:48.595+0100][gc            ] GC(41) Pause Young (Normal) (G1 Evacuation Pause) 780M->187M(1024M) 8,780ms
[2023-11-12T17:38:48.595+0100][gc,cpu        ] GC(41) User=0,06s Sys=0,03s Real=0,01s
[2023-11-12T17:38:50.040+0100][gc,start      ] GC(42) Pause Young (Normal) (G1 Evacuation Pause)
[2023-11-12T17:38:50.040+0100][gc,task       ] GC(42) Using 13 workers of 13 for evacuation
[2023-11-12T17:38:50.047+0100][gc,phases     ] GC(42)   Pre Evacuate Collection Set: 0,0ms
[2023-11-12T17:38:50.047+0100][gc,phases     ] GC(42)   Evacuate Collection Set: 6,3ms
[2023-11-12T17:38:50.047+0100][gc,phases     ] GC(42)   Post Evacuate Collection Set: 0,6ms
[2023-11-12T17:38:50.047+0100][gc,phases     ] GC(42)   Other: 0,2ms
[2023-11-12T17:38:50.047+0100][gc,heap       ] GC(42) Eden regions: 594->0(593)
[2023-11-12T17:38:50.047+0100][gc,heap       ] GC(42) Survivor regions: 20->21(77)
[2023-11-12T17:38:50.047+0100][gc,heap       ] GC(42) Old regions: 41->42
[2023-11-12T17:38:50.047+0100][gc,heap       ] GC(42) Humongous regions: 129->129
[2023-11-12T17:38:50.047+0100][gc,metaspace  ] GC(42) Metaspace: 44951K(47872K)->44951K(47872K) NonClass: 39367K(40960K)->39367K(40960K) Class: 5583K(6912K)->5583K(6912K)
[2023-11-12T17:38:50.047+0100][gc            ] GC(42) Pause Young (Normal) (G1 Evacuation Pause) 781M->189M(1024M) 7,249ms
[2023-11-12T17:38:50.047+0100][gc,cpu        ] GC(42) User=0,07s Sys=0,00s Real=0,01s
[2023-11-12T17:38:51.482+0100][gc,start      ] GC(43) Pause Young (Normal) (G1 Evacuation Pause)
[2023-11-12T17:38:51.483+0100][gc,task       ] GC(43) Using 13 workers of 13 for evacuation
[2023-11-12T17:38:51.486+0100][gc,phases     ] GC(43)   Pre Evacuate Collection Set: 0,0ms
[2023-11-12T17:38:51.486+0100][gc,phases     ] GC(43)   Evacuate Collection Set: 2,8ms
[2023-11-12T17:38:51.486+0100][gc,phases     ] GC(43)   Post Evacuate Collection Set: 0,6ms
[2023-11-12T17:38:51.486+0100][gc,phases     ] GC(43)   Other: 0,2ms
[2023-11-12T17:38:51.486+0100][gc,heap       ] GC(43) Eden regions: 593->0(608)
[2023-11-12T17:38:51.486+0100][gc,heap       ] GC(43) Survivor regions: 21->6(77)
[2023-11-12T17:38:51.486+0100][gc,heap       ] GC(43) Old regions: 42->42
[2023-11-12T17:38:51.486+0100][gc,heap       ] GC(43) Humongous regions: 129->129
[2023-11-12T17:38:51.486+0100][gc,metaspace  ] GC(43) Metaspace: 44976K(47872K)->44976K(47872K) NonClass: 39388K(40960K)->39388K(40960K) Class: 5588K(6912K)->5588K(6912K)
[2023-11-12T17:38:51.486+0100][gc            ] GC(43) Pause Young (Normal) (G1 Evacuation Pause) 782M->175M(1024M) 3,652ms
[2023-11-12T17:38:51.486+0100][gc,cpu        ] GC(43) User=0,04s Sys=0,00s Real=0,00s
[2023-11-12T17:38:52.890+0100][gc,start      ] GC(44) Pause Young (Normal) (G1 Evacuation Pause)
[2023-11-12T17:38:52.890+0100][gc,task       ] GC(44) Using 13 workers of 13 for evacuation
[2023-11-12T17:38:52.894+0100][gc,phases     ] GC(44)   Pre Evacuate Collection Set: 0,0ms
[2023-11-12T17:38:52.894+0100][gc,phases     ] GC(44)   Evacuate Collection Set: 2,6ms
[2023-11-12T17:38:52.894+0100][gc,phases     ] GC(44)   Post Evacuate Collection Set: 0,6ms
[2023-11-12T17:38:52.894+0100][gc,phases     ] GC(44)   Other: 0,2ms
[2023-11-12T17:38:52.894+0100][gc,heap       ] GC(44) Eden regions: 608->0(607)
[2023-11-12T17:38:52.894+0100][gc,heap       ] GC(44) Survivor regions: 6->7(77)
[2023-11-12T17:38:52.894+0100][gc,heap       ] GC(44) Old regions: 42->42
[2023-11-12T17:38:52.894+0100][gc,heap       ] GC(44) Humongous regions: 129->129
[2023-11-12T17:38:52.894+0100][gc,metaspace  ] GC(44) Metaspace: 44986K(47872K)->44986K(47872K) NonClass: 39398K(40960K)->39398K(40960K) Class: 5588K(6912K)->5588K(6912K)
[2023-11-12T17:38:52.894+0100][gc            ] GC(44) Pause Young (Normal) (G1 Evacuation Pause) 783M->175M(1024M) 3,557ms
[2023-11-12T17:38:52.894+0100][gc,cpu        ] GC(44) User=0,02s Sys=0,01s Real=0,01s
[2023-11-12T17:38:54.333+0100][gc,start      ] GC(45) Pause Young (Normal) (G1 Evacuation Pause)
[2023-11-12T17:38:54.333+0100][gc,task       ] GC(45) Using 13 workers of 13 for evacuation
[2023-11-12T17:38:54.338+0100][gc,phases     ] GC(45)   Pre Evacuate Collection Set: 0,0ms
[2023-11-12T17:38:54.338+0100][gc,phases     ] GC(45)   Evacuate Collection Set: 3,5ms
[2023-11-12T17:38:54.338+0100][gc,phases     ] GC(45)   Post Evacuate Collection Set: 0,8ms
[2023-11-12T17:38:54.338+0100][gc,phases     ] GC(45)   Other: 0,4ms
[2023-11-12T17:38:54.338+0100][gc,heap       ] GC(45) Eden regions: 607->0(606)
[2023-11-12T17:38:54.338+0100][gc,heap       ] GC(45) Survivor regions: 7->8(77)
[2023-11-12T17:38:54.338+0100][gc,heap       ] GC(45) Old regions: 42->43
[2023-11-12T17:38:54.338+0100][gc,heap       ] GC(45) Humongous regions: 129->129
[2023-11-12T17:38:54.338+0100][gc,metaspace  ] GC(45) Metaspace: 44997K(47872K)->44997K(47872K) NonClass: 39409K(40960K)->39409K(40960K) Class: 5588K(6912K)->5588K(6912K)
[2023-11-12T17:38:54.338+0100][gc            ] GC(45) Pause Young (Normal) (G1 Evacuation Pause) 782M->177M(1024M) 4,765ms
[2023-11-12T17:38:54.338+0100][gc,cpu        ] GC(45) User=0,03s Sys=0,02s Real=0,01s
[2023-11-12T17:38:55.852+0100][gc,start      ] GC(46) Pause Young (Normal) (G1 Evacuation Pause)
[2023-11-12T17:38:55.852+0100][gc,task       ] GC(46) Using 13 workers of 13 for evacuation
[2023-11-12T17:38:55.856+0100][gc,phases     ] GC(46)   Pre Evacuate Collection Set: 0,0ms
[2023-11-12T17:38:55.856+0100][gc,phases     ] GC(46)   Evacuate Collection Set: 3,6ms
[2023-11-12T17:38:55.856+0100][gc,phases     ] GC(46)   Post Evacuate Collection Set: 0,6ms
[2023-11-12T17:38:55.856+0100][gc,phases     ] GC(46)   Other: 0,2ms
[2023-11-12T17:38:55.856+0100][gc,heap       ] GC(46) Eden regions: 606->0(605)
[2023-11-12T17:38:55.856+0100][gc,heap       ] GC(46) Survivor regions: 8->9(77)
[2023-11-12T17:38:55.856+0100][gc,heap       ] GC(46) Old regions: 43->43
[2023-11-12T17:38:55.856+0100][gc,heap       ] GC(46) Humongous regions: 129->129
[2023-11-12T17:38:55.856+0100][gc,metaspace  ] GC(46) Metaspace: 45001K(47872K)->45001K(47872K) NonClass: 39413K(40960K)->39413K(40960K) Class: 5588K(6912K)->5588K(6912K)
[2023-11-12T17:38:55.856+0100][gc            ] GC(46) Pause Young (Normal) (G1 Evacuation Pause) 783M->178M(1024M) 4,537ms
[2023-11-12T17:38:55.856+0100][gc,cpu        ] GC(46) User=0,05s Sys=0,00s Real=0,01s
[2023-11-12T17:38:57.407+0100][gc,start      ] GC(47) Pause Young (Normal) (G1 Evacuation Pause)
[2023-11-12T17:38:57.408+0100][gc,task       ] GC(47) Using 13 workers of 13 for evacuation
[2023-11-12T17:38:57.414+0100][gc,phases     ] GC(47)   Pre Evacuate Collection Set: 0,0ms
[2023-11-12T17:38:57.414+0100][gc,phases     ] GC(47)   Evacuate Collection Set: 5,1ms
[2023-11-12T17:38:57.414+0100][gc,phases     ] GC(47)   Post Evacuate Collection Set: 0,6ms
[2023-11-12T17:38:57.414+0100][gc,phases     ] GC(47)   Other: 0,3ms
[2023-11-12T17:38:57.414+0100][gc,heap       ] GC(47) Eden regions: 605->0(604)
[2023-11-12T17:38:57.414+0100][gc,heap       ] GC(47) Survivor regions: 9->10(77)
[2023-11-12T17:38:57.414+0100][gc,heap       ] GC(47) Old regions: 43->43
[2023-11-12T17:38:57.414+0100][gc,heap       ] GC(47) Humongous regions: 129->129
[2023-11-12T17:38:57.414+0100][gc,metaspace  ] GC(47) Metaspace: 45152K(48256K)->45152K(48256K) NonClass: 39518K(41216K)->39518K(41216K) Class: 5633K(7040K)->5633K(7040K)
[2023-11-12T17:38:57.414+0100][gc            ] GC(47) Pause Young (Normal) (G1 Evacuation Pause) 783M->180M(1024M) 6,141ms
[2023-11-12T17:38:57.414+0100][gc,cpu        ] GC(47) User=0,04s Sys=0,01s Real=0,01s
[2023-11-12T17:38:58.937+0100][gc,start      ] GC(48) Pause Young (Normal) (G1 Evacuation Pause)
[2023-11-12T17:38:58.937+0100][gc,task       ] GC(48) Using 13 workers of 13 for evacuation
[2023-11-12T17:38:58.944+0100][gc,phases     ] GC(48)   Pre Evacuate Collection Set: 0,0ms
[2023-11-12T17:38:58.944+0100][gc,phases     ] GC(48)   Evacuate Collection Set: 5,8ms
[2023-11-12T17:38:58.944+0100][gc,phases     ] GC(48)   Post Evacuate Collection Set: 0,6ms
[2023-11-12T17:38:58.944+0100][gc,phases     ] GC(48)   Other: 0,3ms
[2023-11-12T17:38:58.944+0100][gc,heap       ] GC(48) Eden regions: 604->0(602)
[2023-11-12T17:38:58.944+0100][gc,heap       ] GC(48) Survivor regions: 10->12(77)
[2023-11-12T17:38:58.944+0100][gc,heap       ] GC(48) Old regions: 43->43
[2023-11-12T17:38:58.944+0100][gc,heap       ] GC(48) Humongous regions: 129->129
[2023-11-12T17:38:58.944+0100][gc,metaspace  ] GC(48) Metaspace: 45220K(48256K)->45220K(48256K) NonClass: 39583K(41216K)->39583K(41216K) Class: 5636K(7040K)->5636K(7040K)
[2023-11-12T17:38:58.944+0100][gc            ] GC(48) Pause Young (Normal) (G1 Evacuation Pause) 784M->182M(1024M) 6,825ms
[2023-11-12T17:38:58.944+0100][gc,cpu        ] GC(48) User=0,07s Sys=0,01s Real=0,01s
[2023-11-12T17:39:00.439+0100][gc,start      ] GC(49) Pause Young (Normal) (G1 Evacuation Pause)
[2023-11-12T17:39:00.439+0100][gc,task       ] GC(49) Using 13 workers of 13 for evacuation
[2023-11-12T17:39:00.446+0100][gc,phases     ] GC(49)   Pre Evacuate Collection Set: 0,0ms
[2023-11-12T17:39:00.446+0100][gc,phases     ] GC(49)   Evacuate Collection Set: 5,9ms
[2023-11-12T17:39:00.446+0100][gc,phases     ] GC(49)   Post Evacuate Collection Set: 0,6ms
[2023-11-12T17:39:00.446+0100][gc,phases     ] GC(49)   Other: 0,2ms
[2023-11-12T17:39:00.446+0100][gc,heap       ] GC(49) Eden regions: 602->0(599)
[2023-11-12T17:39:00.446+0100][gc,heap       ] GC(49) Survivor regions: 12->15(77)
[2023-11-12T17:39:00.446+0100][gc,heap       ] GC(49) Old regions: 43->43
[2023-11-12T17:39:00.446+0100][gc,heap       ] GC(49) Humongous regions: 129->129
[2023-11-12T17:39:00.446+0100][gc,metaspace  ] GC(49) Metaspace: 45433K(48512K)->45433K(48512K) NonClass: 39749K(41472K)->39749K(41472K) Class: 5684K(7040K)->5684K(7040K)
[2023-11-12T17:39:00.446+0100][gc            ] GC(49) Pause Young (Normal) (G1 Evacuation Pause) 784M->185M(1024M) 6,796ms
[2023-11-12T17:39:00.446+0100][gc,cpu        ] GC(49) User=0,06s Sys=0,00s Real=0,01s
[2023-11-12T17:39:01.689+0100][gc,start      ] GC(50) Pause Young (Normal) (G1 Evacuation Pause)
[2023-11-12T17:39:01.689+0100][gc,task       ] GC(50) Using 13 workers of 13 for evacuation
[2023-11-12T17:39:01.696+0100][gc,phases     ] GC(50)   Pre Evacuate Collection Set: 0,0ms
[2023-11-12T17:39:01.696+0100][gc,phases     ] GC(50)   Evacuate Collection Set: 6,1ms
[2023-11-12T17:39:01.696+0100][gc,phases     ] GC(50)   Post Evacuate Collection Set: 0,6ms
[2023-11-12T17:39:01.696+0100][gc,phases     ] GC(50)   Other: 0,2ms
[2023-11-12T17:39:01.696+0100][gc,heap       ] GC(50) Eden regions: 599->0(597)
[2023-11-12T17:39:01.696+0100][gc,heap       ] GC(50) Survivor regions: 15->17(77)
[2023-11-12T17:39:01.696+0100][gc,heap       ] GC(50) Old regions: 43->44
[2023-11-12T17:39:01.696+0100][gc,heap       ] GC(50) Humongous regions: 129->129
[2023-11-12T17:39:01.696+0100][gc,metaspace  ] GC(50) Metaspace: 45469K(48512K)->45469K(48512K) NonClass: 39781K(41472K)->39781K(41472K) Class: 5687K(7040K)->5687K(7040K)
[2023-11-12T17:39:01.696+0100][gc            ] GC(50) Pause Young (Normal) (G1 Evacuation Pause) 784M->187M(1024M) 7,003ms
[2023-11-12T17:39:01.696+0100][gc,cpu        ] GC(50) User=0,05s Sys=0,01s Real=0,01s
[2023-11-12T17:39:02.978+0100][gc,start      ] GC(51) Pause Young (Normal) (G1 Evacuation Pause)
[2023-11-12T17:39:02.978+0100][gc,task       ] GC(51) Using 13 workers of 13 for evacuation
[2023-11-12T17:39:02.985+0100][gc,phases     ] GC(51)   Pre Evacuate Collection Set: 0,0ms
[2023-11-12T17:39:02.985+0100][gc,phases     ] GC(51)   Evacuate Collection Set: 6,9ms
[2023-11-12T17:39:02.985+0100][gc,phases     ] GC(51)   Post Evacuate Collection Set: 0,6ms
[2023-11-12T17:39:02.985+0100][gc,phases     ] GC(51)   Other: 0,2ms
[2023-11-12T17:39:02.985+0100][gc,heap       ] GC(51) Eden regions: 597->0(596)
[2023-11-12T17:39:02.985+0100][gc,heap       ] GC(51) Survivor regions: 17->18(77)
[2023-11-12T17:39:02.985+0100][gc,heap       ] GC(51) Old regions: 44->44
[2023-11-12T17:39:02.985+0100][gc,heap       ] GC(51) Humongous regions: 129->129
[2023-11-12T17:39:02.985+0100][gc,metaspace  ] GC(51) Metaspace: 45469K(48512K)->45469K(48512K) NonClass: 39781K(41472K)->39781K(41472K) Class: 5687K(7040K)->5687K(7040K)
[2023-11-12T17:39:02.985+0100][gc            ] GC(51) Pause Young (Normal) (G1 Evacuation Pause) 784M->189M(1024M) 7,837ms
[2023-11-12T17:39:02.985+0100][gc,cpu        ] GC(51) User=0,05s Sys=0,01s Real=0,01s
[2023-11-12T17:39:04.288+0100][gc,start      ] GC(52) Pause Young (Normal) (G1 Evacuation Pause)
[2023-11-12T17:39:04.288+0100][gc,task       ] GC(52) Using 13 workers of 13 for evacuation
[2023-11-12T17:39:04.296+0100][gc,phases     ] GC(52)   Pre Evacuate Collection Set: 0,0ms
[2023-11-12T17:39:04.296+0100][gc,phases     ] GC(52)   Evacuate Collection Set: 6,4ms
[2023-11-12T17:39:04.296+0100][gc,phases     ] GC(52)   Post Evacuate Collection Set: 0,6ms
[2023-11-12T17:39:04.296+0100][gc,phases     ] GC(52)   Other: 0,3ms
[2023-11-12T17:39:04.296+0100][gc,heap       ] GC(52) Eden regions: 596->0(594)
[2023-11-12T17:39:04.296+0100][gc,heap       ] GC(52) Survivor regions: 18->20(77)
[2023-11-12T17:39:04.296+0100][gc,heap       ] GC(52) Old regions: 44->44
[2023-11-12T17:39:04.296+0100][gc,heap       ] GC(52) Humongous regions: 129->129
[2023-11-12T17:39:04.296+0100][gc,metaspace  ] GC(52) Metaspace: 45493K(48512K)->45493K(48512K) NonClass: 39806K(41472K)->39806K(41472K) Class: 5687K(7040K)->5687K(7040K)
[2023-11-12T17:39:04.296+0100][gc            ] GC(52) Pause Young (Normal) (G1 Evacuation Pause) 785M->191M(1024M) 7,295ms
[2023-11-12T17:39:04.296+0100][gc,cpu        ] GC(52) User=0,08s Sys=0,00s Real=0,01s
[2023-11-12T17:39:05.631+0100][gc,start      ] GC(53) Pause Young (Normal) (G1 Evacuation Pause)
[2023-11-12T17:39:05.631+0100][gc,task       ] GC(53) Using 13 workers of 13 for evacuation
[2023-11-12T17:39:05.642+0100][gc,phases     ] GC(53)   Pre Evacuate Collection Set: 0,0ms
[2023-11-12T17:39:05.642+0100][gc,phases     ] GC(53)   Evacuate Collection Set: 9,9ms
[2023-11-12T17:39:05.642+0100][gc,phases     ] GC(53)   Post Evacuate Collection Set: 0,6ms
[2023-11-12T17:39:05.642+0100][gc,phases     ] GC(53)   Other: 0,2ms
[2023-11-12T17:39:05.642+0100][gc,heap       ] GC(53) Eden regions: 594->0(592)
[2023-11-12T17:39:05.642+0100][gc,heap       ] GC(53) Survivor regions: 20->22(77)
[2023-11-12T17:39:05.642+0100][gc,heap       ] GC(53) Old regions: 44->44
[2023-11-12T17:39:05.642+0100][gc,heap       ] GC(53) Humongous regions: 129->129
[2023-11-12T17:39:05.642+0100][gc,metaspace  ] GC(53) Metaspace: 45532K(48512K)->45532K(48512K) NonClass: 39845K(41472K)->39845K(41472K) Class: 5687K(7040K)->5687K(7040K)
[2023-11-12T17:39:05.642+0100][gc            ] GC(53) Pause Young (Normal) (G1 Evacuation Pause) 785M->193M(1024M) 10,842ms
[2023-11-12T17:39:05.642+0100][gc,cpu        ] GC(53) User=0,07s Sys=0,01s Real=0,02s
[2023-11-12T17:39:06.870+0100][gc,start      ] GC(54) Pause Young (Normal) (G1 Evacuation Pause)
[2023-11-12T17:39:06.870+0100][gc,task       ] GC(54) Using 13 workers of 13 for evacuation
[2023-11-12T17:39:06.881+0100][gc,phases     ] GC(54)   Pre Evacuate Collection Set: 0,0ms
[2023-11-12T17:39:06.881+0100][gc,phases     ] GC(54)   Evacuate Collection Set: 9,8ms
[2023-11-12T17:39:06.881+0100][gc,phases     ] GC(54)   Post Evacuate Collection Set: 0,6ms
[2023-11-12T17:39:06.881+0100][gc,phases     ] GC(54)   Other: 0,2ms
[2023-11-12T17:39:06.881+0100][gc,heap       ] GC(54) Eden regions: 592->0(590)
[2023-11-12T17:39:06.881+0100][gc,heap       ] GC(54) Survivor regions: 22->24(77)
[2023-11-12T17:39:06.881+0100][gc,heap       ] GC(54) Old regions: 44->45
[2023-11-12T17:39:06.881+0100][gc,heap       ] GC(54) Humongous regions: 129->129
[2023-11-12T17:39:06.881+0100][gc,metaspace  ] GC(54) Metaspace: 45553K(48512K)->45553K(48512K) NonClass: 39865K(41472K)->39865K(41472K) Class: 5687K(7040K)->5687K(7040K)
[2023-11-12T17:39:06.881+0100][gc            ] GC(54) Pause Young (Normal) (G1 Evacuation Pause) 785M->195M(1024M) 10,696ms
[2023-11-12T17:39:06.881+0100][gc,cpu        ] GC(54) User=0,08s Sys=0,01s Real=0,01s
[2023-11-12T17:39:08.196+0100][gc,start      ] GC(55) Pause Young (Normal) (G1 Evacuation Pause)
[2023-11-12T17:39:08.196+0100][gc,task       ] GC(55) Using 13 workers of 13 for evacuation
[2023-11-12T17:39:08.206+0100][gc,phases     ] GC(55)   Pre Evacuate Collection Set: 0,0ms
[2023-11-12T17:39:08.206+0100][gc,phases     ] GC(55)   Evacuate Collection Set: 9,0ms
[2023-11-12T17:39:08.206+0100][gc,phases     ] GC(55)   Post Evacuate Collection Set: 0,7ms
[2023-11-12T17:39:08.206+0100][gc,phases     ] GC(55)   Other: 0,2ms
[2023-11-12T17:39:08.206+0100][gc,heap       ] GC(55) Eden regions: 590->0(588)
[2023-11-12T17:39:08.206+0100][gc,heap       ] GC(55) Survivor regions: 24->26(77)
[2023-11-12T17:39:08.206+0100][gc,heap       ] GC(55) Old regions: 45->45
[2023-11-12T17:39:08.206+0100][gc,heap       ] GC(55) Humongous regions: 129->129
[2023-11-12T17:39:08.206+0100][gc,metaspace  ] GC(55) Metaspace: 45577K(48512K)->45577K(48512K) NonClass: 39889K(41472K)->39889K(41472K) Class: 5687K(7040K)->5687K(7040K)
[2023-11-12T17:39:08.206+0100][gc            ] GC(55) Pause Young (Normal) (G1 Evacuation Pause) 785M->198M(1024M) 10,083ms
[2023-11-12T17:39:08.206+0100][gc,cpu        ] GC(55) User=0,10s Sys=0,01s Real=0,01s
[2023-11-12T17:39:09.449+0100][gc,start      ] GC(56) Pause Young (Normal) (G1 Evacuation Pause)
[2023-11-12T17:39:09.449+0100][gc,task       ] GC(56) Using 13 workers of 13 for evacuation
[2023-11-12T17:39:09.459+0100][gc,phases     ] GC(56)   Pre Evacuate Collection Set: 0,0ms
[2023-11-12T17:39:09.459+0100][gc,phases     ] GC(56)   Evacuate Collection Set: 8,8ms
[2023-11-12T17:39:09.459+0100][gc,phases     ] GC(56)   Post Evacuate Collection Set: 0,6ms
[2023-11-12T17:39:09.459+0100][gc,phases     ] GC(56)   Other: 0,2ms
[2023-11-12T17:39:09.459+0100][gc,heap       ] GC(56) Eden regions: 588->0(586)
[2023-11-12T17:39:09.459+0100][gc,heap       ] GC(56) Survivor regions: 26->28(77)
[2023-11-12T17:39:09.459+0100][gc,heap       ] GC(56) Old regions: 45->45
[2023-11-12T17:39:09.459+0100][gc,heap       ] GC(56) Humongous regions: 129->129
[2023-11-12T17:39:09.459+0100][gc,metaspace  ] GC(56) Metaspace: 45578K(48512K)->45578K(48512K) NonClass: 39891K(41472K)->39891K(41472K) Class: 5687K(7040K)->5687K(7040K)
[2023-11-12T17:39:09.459+0100][gc            ] GC(56) Pause Young (Normal) (G1 Evacuation Pause) 786M->200M(1024M) 9,709ms
[2023-11-12T17:39:09.459+0100][gc,cpu        ] GC(56) User=0,09s Sys=0,01s Real=0,01s
[2023-11-12T17:39:10.684+0100][gc,start      ] GC(57) Pause Young (Normal) (G1 Evacuation Pause)
[2023-11-12T17:39:10.684+0100][gc,task       ] GC(57) Using 13 workers of 13 for evacuation
[2023-11-12T17:39:10.694+0100][gc,phases     ] GC(57)   Pre Evacuate Collection Set: 0,0ms
[2023-11-12T17:39:10.694+0100][gc,phases     ] GC(57)   Evacuate Collection Set: 9,1ms
[2023-11-12T17:39:10.694+0100][gc,phases     ] GC(57)   Post Evacuate Collection Set: 0,6ms
[2023-11-12T17:39:10.694+0100][gc,phases     ] GC(57)   Other: 0,2ms
[2023-11-12T17:39:10.694+0100][gc,heap       ] GC(57) Eden regions: 586->0(583)
[2023-11-12T17:39:10.694+0100][gc,heap       ] GC(57) Survivor regions: 28->31(77)
[2023-11-12T17:39:10.694+0100][gc,heap       ] GC(57) Old regions: 45->45
[2023-11-12T17:39:10.694+0100][gc,heap       ] GC(57) Humongous regions: 129->129
[2023-11-12T17:39:10.694+0100][gc,metaspace  ] GC(57) Metaspace: 45583K(48512K)->45583K(48512K) NonClass: 39895K(41472K)->39895K(41472K) Class: 5687K(7040K)->5687K(7040K)
[2023-11-12T17:39:10.694+0100][gc            ] GC(57) Pause Young (Normal) (G1 Evacuation Pause) 786M->202M(1024M) 9,981ms
[2023-11-12T17:39:10.694+0100][gc,cpu        ] GC(57) User=0,08s Sys=0,02s Real=0,01s
[2023-11-12T17:39:12.164+0100][gc,start      ] GC(58) Pause Young (Normal) (G1 Evacuation Pause)
[2023-11-12T17:39:12.164+0100][gc,task       ] GC(58) Using 13 workers of 13 for evacuation
[2023-11-12T17:39:12.174+0100][gc,phases     ] GC(58)   Pre Evacuate Collection Set: 0,0ms
[2023-11-12T17:39:12.174+0100][gc,phases     ] GC(58)   Evacuate Collection Set: 9,7ms
[2023-11-12T17:39:12.174+0100][gc,phases     ] GC(58)   Post Evacuate Collection Set: 0,6ms
[2023-11-12T17:39:12.174+0100][gc,phases     ] GC(58)   Other: 0,2ms
[2023-11-12T17:39:12.174+0100][gc,heap       ] GC(58) Eden regions: 583->0(583)
[2023-11-12T17:39:12.174+0100][gc,heap       ] GC(58) Survivor regions: 31->31(77)
[2023-11-12T17:39:12.174+0100][gc,heap       ] GC(58) Old regions: 45->47
[2023-11-12T17:39:12.174+0100][gc,heap       ] GC(58) Humongous regions: 129->129
[2023-11-12T17:39:12.174+0100][gc,metaspace  ] GC(58) Metaspace: 45594K(48768K)->45594K(48768K) NonClass: 39907K(41728K)->39907K(41728K) Class: 5687K(7040K)->5687K(7040K)
[2023-11-12T17:39:12.174+0100][gc            ] GC(58) Pause Young (Normal) (G1 Evacuation Pause) 785M->204M(1024M) 10,685ms
[2023-11-12T17:39:12.174+0100][gc,cpu        ] GC(58) User=0,10s Sys=0,01s Real=0,01s
[2023-11-12T17:39:13.551+0100][gc,start      ] GC(59) Pause Young (Normal) (G1 Evacuation Pause)
[2023-11-12T17:39:13.551+0100][gc,task       ] GC(59) Using 13 workers of 13 for evacuation
[2023-11-12T17:39:13.561+0100][gc,phases     ] GC(59)   Pre Evacuate Collection Set: 0,0ms
[2023-11-12T17:39:13.561+0100][gc,phases     ] GC(59)   Evacuate Collection Set: 9,6ms
[2023-11-12T17:39:13.561+0100][gc,phases     ] GC(59)   Post Evacuate Collection Set: 0,7ms
[2023-11-12T17:39:13.561+0100][gc,phases     ] GC(59)   Other: 0,2ms
[2023-11-12T17:39:13.561+0100][gc,heap       ] GC(59) Eden regions: 583->0(582)
[2023-11-12T17:39:13.561+0100][gc,heap       ] GC(59) Survivor regions: 31->32(77)
[2023-11-12T17:39:13.561+0100][gc,heap       ] GC(59) Old regions: 47->48
[2023-11-12T17:39:13.561+0100][gc,heap       ] GC(59) Humongous regions: 129->129
[2023-11-12T17:39:13.561+0100][gc,metaspace  ] GC(59) Metaspace: 45594K(48768K)->45594K(48768K) NonClass: 39907K(41728K)->39907K(41728K) Class: 5687K(7040K)->5687K(7040K)
[2023-11-12T17:39:13.561+0100][gc            ] GC(59) Pause Young (Normal) (G1 Evacuation Pause) 787M->207M(1024M) 10,701ms
[2023-11-12T17:39:13.561+0100][gc,cpu        ] GC(59) User=0,11s Sys=0,01s Real=0,02s
[2023-11-12T17:39:14.945+0100][gc,start      ] GC(60) Pause Young (Normal) (G1 Evacuation Pause)
[2023-11-12T17:39:14.945+0100][gc,task       ] GC(60) Using 13 workers of 13 for evacuation
[2023-11-12T17:39:14.949+0100][gc,phases     ] GC(60)   Pre Evacuate Collection Set: 0,0ms
[2023-11-12T17:39:14.949+0100][gc,phases     ] GC(60)   Evacuate Collection Set: 3,7ms
[2023-11-12T17:39:14.949+0100][gc,phases     ] GC(60)   Post Evacuate Collection Set: 0,6ms
[2023-11-12T17:39:14.949+0100][gc,phases     ] GC(60)   Other: 0,2ms
[2023-11-12T17:39:14.949+0100][gc,heap       ] GC(60) Eden regions: 582->0(603)
[2023-11-12T17:39:14.949+0100][gc,heap       ] GC(60) Survivor regions: 32->11(77)
[2023-11-12T17:39:14.949+0100][gc,heap       ] GC(60) Old regions: 48->48
[2023-11-12T17:39:14.949+0100][gc,heap       ] GC(60) Humongous regions: 129->129
[2023-11-12T17:39:14.949+0100][gc,metaspace  ] GC(60) Metaspace: 45597K(48768K)->45597K(48768K) NonClass: 39910K(41728K)->39910K(41728K) Class: 5687K(7040K)->5687K(7040K)
[2023-11-12T17:39:14.950+0100][gc            ] GC(60) Pause Young (Normal) (G1 Evacuation Pause) 789M->186M(1024M) 4,692ms
[2023-11-12T17:39:14.950+0100][gc,cpu        ] GC(60) User=0,03s Sys=0,02s Real=0,00s
[2023-11-12T17:39:16.420+0100][gc,start      ] GC(61) Pause Young (Normal) (G1 Evacuation Pause)
[2023-11-12T17:39:16.420+0100][gc,task       ] GC(61) Using 13 workers of 13 for evacuation
[2023-11-12T17:39:16.427+0100][gc,phases     ] GC(61)   Pre Evacuate Collection Set: 0,0ms
[2023-11-12T17:39:16.427+0100][gc,phases     ] GC(61)   Evacuate Collection Set: 6,9ms
[2023-11-12T17:39:16.427+0100][gc,phases     ] GC(61)   Post Evacuate Collection Set: 0,5ms
[2023-11-12T17:39:16.427+0100][gc,phases     ] GC(61)   Other: 0,2ms
[2023-11-12T17:39:16.427+0100][gc,heap       ] GC(61) Eden regions: 603->0(601)
[2023-11-12T17:39:16.427+0100][gc,heap       ] GC(61) Survivor regions: 11->13(77)
[2023-11-12T17:39:16.427+0100][gc,heap       ] GC(61) Old regions: 48->49
[2023-11-12T17:39:16.427+0100][gc,heap       ] GC(61) Humongous regions: 129->129
[2023-11-12T17:39:16.427+0100][gc,metaspace  ] GC(61) Metaspace: 45598K(48768K)->45598K(48768K) NonClass: 39910K(41728K)->39910K(41728K) Class: 5687K(7040K)->5687K(7040K)
[2023-11-12T17:39:16.427+0100][gc            ] GC(61) Pause Young (Normal) (G1 Evacuation Pause) 789M->188M(1024M) 7,778ms
[2023-11-12T17:39:16.427+0100][gc,cpu        ] GC(61) User=0,04s Sys=0,03s Real=0,01s
[2023-11-12T17:39:17.812+0100][gc,start      ] GC(62) Pause Young (Normal) (G1 Evacuation Pause)
[2023-11-12T17:39:17.812+0100][gc,task       ] GC(62) Using 13 workers of 13 for evacuation
[2023-11-12T17:39:17.819+0100][gc,phases     ] GC(62)   Pre Evacuate Collection Set: 0,0ms
[2023-11-12T17:39:17.819+0100][gc,phases     ] GC(62)   Evacuate Collection Set: 6,2ms
[2023-11-12T17:39:17.819+0100][gc,phases     ] GC(62)   Post Evacuate Collection Set: 0,6ms
[2023-11-12T17:39:17.819+0100][gc,phases     ] GC(62)   Other: 0,2ms
[2023-11-12T17:39:17.819+0100][gc,heap       ] GC(62) Eden regions: 601->0(598)
[2023-11-12T17:39:17.819+0100][gc,heap       ] GC(62) Survivor regions: 13->16(77)
[2023-11-12T17:39:17.819+0100][gc,heap       ] GC(62) Old regions: 49->49
[2023-11-12T17:39:17.819+0100][gc,heap       ] GC(62) Humongous regions: 129->129
[2023-11-12T17:39:17.819+0100][gc,metaspace  ] GC(62) Metaspace: 45607K(48768K)->45607K(48768K) NonClass: 39920K(41728K)->39920K(41728K) Class: 5687K(7040K)->5687K(7040K)
[2023-11-12T17:39:17.819+0100][gc            ] GC(62) Pause Young (Normal) (G1 Evacuation Pause) 789M->191M(1024M) 7,114ms
[2023-11-12T17:39:17.819+0100][gc,cpu        ] GC(62) User=0,08s Sys=0,00s Real=0,01s
[2023-11-12T17:39:19.089+0100][gc,start      ] GC(63) Pause Young (Normal) (G1 Evacuation Pause)
[2023-11-12T17:39:19.089+0100][gc,task       ] GC(63) Using 13 workers of 13 for evacuation
[2023-11-12T17:39:19.097+0100][gc,phases     ] GC(63)   Pre Evacuate Collection Set: 0,0ms
[2023-11-12T17:39:19.097+0100][gc,phases     ] GC(63)   Evacuate Collection Set: 6,9ms
[2023-11-12T17:39:19.097+0100][gc,phases     ] GC(63)   Post Evacuate Collection Set: 0,6ms
[2023-11-12T17:39:19.097+0100][gc,phases     ] GC(63)   Other: 0,2ms
[2023-11-12T17:39:19.097+0100][gc,heap       ] GC(63) Eden regions: 598->0(595)
[2023-11-12T17:39:19.097+0100][gc,heap       ] GC(63) Survivor regions: 16->19(77)
[2023-11-12T17:39:19.097+0100][gc,heap       ] GC(63) Old regions: 49->50
[2023-11-12T17:39:19.097+0100][gc,heap       ] GC(63) Humongous regions: 129->129
[2023-11-12T17:39:19.097+0100][gc,metaspace  ] GC(63) Metaspace: 45614K(48768K)->45614K(48768K) NonClass: 39925K(41728K)->39925K(41728K) Class: 5688K(7040K)->5688K(7040K)
[2023-11-12T17:39:19.097+0100][gc            ] GC(63) Pause Young (Normal) (G1 Evacuation Pause) 789M->195M(1024M) 7,925ms
[2023-11-12T17:39:19.097+0100][gc,cpu        ] GC(63) User=0,06s Sys=0,02s Real=0,01s
[2023-11-12T17:39:20.313+0100][gc,start      ] GC(64) Pause Young (Normal) (G1 Evacuation Pause)
[2023-11-12T17:39:20.313+0100][gc,task       ] GC(64) Using 13 workers of 13 for evacuation
[2023-11-12T17:39:20.322+0100][gc,phases     ] GC(64)   Pre Evacuate Collection Set: 0,0ms
[2023-11-12T17:39:20.322+0100][gc,phases     ] GC(64)   Evacuate Collection Set: 7,6ms
[2023-11-12T17:39:20.322+0100][gc,phases     ] GC(64)   Post Evacuate Collection Set: 0,7ms
[2023-11-12T17:39:20.322+0100][gc,phases     ] GC(64)   Other: 0,2ms
[2023-11-12T17:39:20.322+0100][gc,heap       ] GC(64) Eden regions: 595->0(594)
[2023-11-12T17:39:20.322+0100][gc,heap       ] GC(64) Survivor regions: 19->20(77)
[2023-11-12T17:39:20.322+0100][gc,heap       ] GC(64) Old regions: 50->51
[2023-11-12T17:39:20.322+0100][gc,heap       ] GC(64) Humongous regions: 129->129
[2023-11-12T17:39:20.322+0100][gc,metaspace  ] GC(64) Metaspace: 45614K(48768K)->45614K(48768K) NonClass: 39926K(41728K)->39926K(41728K) Class: 5688K(7040K)->5688K(7040K)
[2023-11-12T17:39:20.322+0100][gc            ] GC(64) Pause Young (Normal) (G1 Evacuation Pause) 790M->197M(1024M) 8,561ms
[2023-11-12T17:39:20.322+0100][gc,cpu        ] GC(64) User=0,08s Sys=0,02s Real=0,02s
[2023-11-12T17:39:21.506+0100][gc,start      ] GC(65) Pause Young (Normal) (G1 Evacuation Pause)
[2023-11-12T17:39:21.506+0100][gc,task       ] GC(65) Using 13 workers of 13 for evacuation
[2023-11-12T17:39:21.514+0100][gc,phases     ] GC(65)   Pre Evacuate Collection Set: 0,0ms
[2023-11-12T17:39:21.514+0100][gc,phases     ] GC(65)   Evacuate Collection Set: 7,5ms
[2023-11-12T17:39:21.514+0100][gc,phases     ] GC(65)   Post Evacuate Collection Set: 0,6ms
[2023-11-12T17:39:21.514+0100][gc,phases     ] GC(65)   Other: 0,2ms
[2023-11-12T17:39:21.514+0100][gc,heap       ] GC(65) Eden regions: 594->0(591)
[2023-11-12T17:39:21.514+0100][gc,heap       ] GC(65) Survivor regions: 20->23(77)
[2023-11-12T17:39:21.514+0100][gc,heap       ] GC(65) Old regions: 51->51
[2023-11-12T17:39:21.514+0100][gc,heap       ] GC(65) Humongous regions: 129->129
[2023-11-12T17:39:21.514+0100][gc,metaspace  ] GC(65) Metaspace: 45619K(48768K)->45619K(48768K) NonClass: 39930K(41728K)->39930K(41728K) Class: 5688K(7040K)->5688K(7040K)
[2023-11-12T17:39:21.514+0100][gc            ] GC(65) Pause Young (Normal) (G1 Evacuation Pause) 791M->201M(1024M) 8,475ms
[2023-11-12T17:39:21.514+0100][gc,cpu        ] GC(65) User=0,05s Sys=0,03s Real=0,01s
[2023-11-12T17:39:22.783+0100][gc,start      ] GC(66) Pause Young (Normal) (G1 Evacuation Pause)
[2023-11-12T17:39:22.783+0100][gc,task       ] GC(66) Using 13 workers of 13 for evacuation
[2023-11-12T17:39:22.792+0100][gc,phases     ] GC(66)   Pre Evacuate Collection Set: 0,0ms
[2023-11-12T17:39:22.792+0100][gc,phases     ] GC(66)   Evacuate Collection Set: 8,1ms
[2023-11-12T17:39:22.792+0100][gc,phases     ] GC(66)   Post Evacuate Collection Set: 0,6ms
[2023-11-12T17:39:22.792+0100][gc,phases     ] GC(66)   Other: 0,2ms
[2023-11-12T17:39:22.792+0100][gc,heap       ] GC(66) Eden regions: 591->0(589)
[2023-11-12T17:39:22.792+0100][gc,heap       ] GC(66) Survivor regions: 23->25(77)
[2023-11-12T17:39:22.792+0100][gc,heap       ] GC(66) Old regions: 51->52
[2023-11-12T17:39:22.792+0100][gc,heap       ] GC(66) Humongous regions: 129->129
[2023-11-12T17:39:22.792+0100][gc,metaspace  ] GC(66) Metaspace: 45647K(48768K)->45647K(48768K) NonClass: 39959K(41728K)->39959K(41728K) Class: 5688K(7040K)->5688K(7040K)
[2023-11-12T17:39:22.792+0100][gc            ] GC(66) Pause Young (Normal) (G1 Evacuation Pause) 792M->203M(1024M) 9,083ms
[2023-11-12T17:39:22.792+0100][gc,cpu        ] GC(66) User=0,08s Sys=0,01s Real=0,00s
[2023-11-12T17:39:24.047+0100][gc,start      ] GC(67) Pause Young (Normal) (G1 Evacuation Pause)
[2023-11-12T17:39:24.047+0100][gc,task       ] GC(67) Using 13 workers of 13 for evacuation
[2023-11-12T17:39:24.056+0100][gc,phases     ] GC(67)   Pre Evacuate Collection Set: 0,0ms
[2023-11-12T17:39:24.056+0100][gc,phases     ] GC(67)   Evacuate Collection Set: 8,1ms
[2023-11-12T17:39:24.056+0100][gc,phases     ] GC(67)   Post Evacuate Collection Set: 0,6ms
[2023-11-12T17:39:24.056+0100][gc,phases     ] GC(67)   Other: 0,2ms
[2023-11-12T17:39:24.056+0100][gc,heap       ] GC(67) Eden regions: 589->0(587)
[2023-11-12T17:39:24.056+0100][gc,heap       ] GC(67) Survivor regions: 25->27(77)
[2023-11-12T17:39:24.056+0100][gc,heap       ] GC(67) Old regions: 52->52
[2023-11-12T17:39:24.056+0100][gc,heap       ] GC(67) Humongous regions: 129->129
[2023-11-12T17:39:24.056+0100][gc,metaspace  ] GC(67) Metaspace: 45651K(48768K)->45651K(48768K) NonClass: 39962K(41728K)->39962K(41728K) Class: 5688K(7040K)->5688K(7040K)
[2023-11-12T17:39:24.056+0100][gc            ] GC(67) Pause Young (Normal) (G1 Evacuation Pause) 792M->205M(1024M) 9,067ms
[2023-11-12T17:39:24.056+0100][gc,cpu        ] GC(67) User=0,10s Sys=0,00s Real=0,01s
[2023-11-12T17:39:25.488+0100][gc,start      ] GC(68) Pause Young (Normal) (G1 Evacuation Pause)
[2023-11-12T17:39:25.488+0100][gc,task       ] GC(68) Using 13 workers of 13 for evacuation
[2023-11-12T17:39:25.499+0100][gc,phases     ] GC(68)   Pre Evacuate Collection Set: 0,0ms
[2023-11-12T17:39:25.499+0100][gc,phases     ] GC(68)   Evacuate Collection Set: 9,5ms
[2023-11-12T17:39:25.499+0100][gc,phases     ] GC(68)   Post Evacuate Collection Set: 0,6ms
[2023-11-12T17:39:25.499+0100][gc,phases     ] GC(68)   Other: 0,2ms
[2023-11-12T17:39:25.499+0100][gc,heap       ] GC(68) Eden regions: 587->0(587)
[2023-11-12T17:39:25.499+0100][gc,heap       ] GC(68) Survivor regions: 27->27(77)
[2023-11-12T17:39:25.499+0100][gc,heap       ] GC(68) Old regions: 52->53
[2023-11-12T17:39:25.499+0100][gc,heap       ] GC(68) Humongous regions: 129->129
[2023-11-12T17:39:25.499+0100][gc,metaspace  ] GC(68) Metaspace: 45658K(48768K)->45658K(48768K) NonClass: 39969K(41728K)->39969K(41728K) Class: 5688K(7040K)->5688K(7040K)
[2023-11-12T17:39:25.499+0100][gc            ] GC(68) Pause Young (Normal) (G1 Evacuation Pause) 792M->207M(1024M) 10,469ms
[2023-11-12T17:39:25.499+0100][gc,cpu        ] GC(68) User=0,08s Sys=0,03s Real=0,01s
[2023-11-12T17:39:26.918+0100][gc,start      ] GC(69) Pause Young (Normal) (G1 Evacuation Pause)
[2023-11-12T17:39:26.918+0100][gc,task       ] GC(69) Using 13 workers of 13 for evacuation
[2023-11-12T17:39:26.928+0100][gc,phases     ] GC(69)   Pre Evacuate Collection Set: 0,0ms
[2023-11-12T17:39:26.928+0100][gc,phases     ] GC(69)   Evacuate Collection Set: 8,8ms
[2023-11-12T17:39:26.928+0100][gc,phases     ] GC(69)   Post Evacuate Collection Set: 0,6ms
[2023-11-12T17:39:26.928+0100][gc,phases     ] GC(69)   Other: 0,2ms
[2023-11-12T17:39:26.928+0100][gc,heap       ] GC(69) Eden regions: 587->0(584)
[2023-11-12T17:39:26.928+0100][gc,heap       ] GC(69) Survivor regions: 27->30(77)
[2023-11-12T17:39:26.928+0100][gc,heap       ] GC(69) Old regions: 53->54
[2023-11-12T17:39:26.928+0100][gc,heap       ] GC(69) Humongous regions: 129->129
[2023-11-12T17:39:26.928+0100][gc,metaspace  ] GC(69) Metaspace: 45659K(48768K)->45659K(48768K) NonClass: 39971K(41728K)->39971K(41728K) Class: 5688K(7040K)->5688K(7040K)
[2023-11-12T17:39:26.928+0100][gc            ] GC(69) Pause Young (Normal) (G1 Evacuation Pause) 794M->210M(1024M) 9,700ms
[2023-11-12T17:39:26.928+0100][gc,cpu        ] GC(69) User=0,10s Sys=0,01s Real=0,01s
[2023-11-12T17:39:28.299+0100][gc,start      ] GC(70) Pause Young (Normal) (G1 Evacuation Pause)
[2023-11-12T17:39:28.299+0100][gc,task       ] GC(70) Using 13 workers of 13 for evacuation
[2023-11-12T17:39:28.309+0100][gc,phases     ] GC(70)   Pre Evacuate Collection Set: 0,0ms
[2023-11-12T17:39:28.309+0100][gc,phases     ] GC(70)   Evacuate Collection Set: 9,1ms
[2023-11-12T17:39:28.309+0100][gc,phases     ] GC(70)   Post Evacuate Collection Set: 0,6ms
[2023-11-12T17:39:28.309+0100][gc,phases     ] GC(70)   Other: 0,2ms
[2023-11-12T17:39:28.309+0100][gc,heap       ] GC(70) Eden regions: 584->0(583)
[2023-11-12T17:39:28.309+0100][gc,heap       ] GC(70) Survivor regions: 30->31(77)
[2023-11-12T17:39:28.309+0100][gc,heap       ] GC(70) Old regions: 54->54
[2023-11-12T17:39:28.309+0100][gc,heap       ] GC(70) Humongous regions: 129->129
[2023-11-12T17:39:28.309+0100][gc,metaspace  ] GC(70) Metaspace: 45659K(48768K)->45659K(48768K) NonClass: 39971K(41728K)->39971K(41728K) Class: 5688K(7040K)->5688K(7040K)
[2023-11-12T17:39:28.309+0100][gc            ] GC(70) Pause Young (Normal) (G1 Evacuation Pause) 794M->212M(1024M) 10,036ms
[2023-11-12T17:39:28.309+0100][gc,cpu        ] GC(70) User=0,11s Sys=0,01s Real=0,01s
[2023-11-12T17:39:29.629+0100][gc,start      ] GC(71) Pause Young (Normal) (G1 Evacuation Pause)
[2023-11-12T17:39:29.629+0100][gc,task       ] GC(71) Using 13 workers of 13 for evacuation
[2023-11-12T17:39:29.634+0100][gc,phases     ] GC(71)   Pre Evacuate Collection Set: 0,0ms
[2023-11-12T17:39:29.634+0100][gc,phases     ] GC(71)   Evacuate Collection Set: 4,4ms
[2023-11-12T17:39:29.634+0100][gc,phases     ] GC(71)   Post Evacuate Collection Set: 0,6ms
[2023-11-12T17:39:29.634+0100][gc,phases     ] GC(71)   Other: 0,2ms
[2023-11-12T17:39:29.634+0100][gc,heap       ] GC(71) Eden regions: 583->0(608)
[2023-11-12T17:39:29.634+0100][gc,heap       ] GC(71) Survivor regions: 31->6(77)
[2023-11-12T17:39:29.634+0100][gc,heap       ] GC(71) Old regions: 54->55
[2023-11-12T17:39:29.634+0100][gc,heap       ] GC(71) Humongous regions: 129->129
[2023-11-12T17:39:29.634+0100][gc,metaspace  ] GC(71) Metaspace: 45671K(48768K)->45671K(48768K) NonClass: 39982K(41728K)->39982K(41728K) Class: 5688K(7040K)->5688K(7040K)
[2023-11-12T17:39:29.634+0100][gc            ] GC(71) Pause Young (Normal) (G1 Evacuation Pause) 795M->188M(1024M) 5,320ms
[2023-11-12T17:39:29.634+0100][gc,cpu        ] GC(71) User=0,05s Sys=0,00s Real=0,01s
[2023-11-12T17:39:30.901+0100][gc,start      ] GC(72) Pause Young (Normal) (G1 Evacuation Pause)
[2023-11-12T17:39:30.901+0100][gc,task       ] GC(72) Using 13 workers of 13 for evacuation
[2023-11-12T17:39:30.906+0100][gc,phases     ] GC(72)   Pre Evacuate Collection Set: 0,0ms
[2023-11-12T17:39:30.906+0100][gc,phases     ] GC(72)   Evacuate Collection Set: 4,4ms
[2023-11-12T17:39:30.906+0100][gc,phases     ] GC(72)   Post Evacuate Collection Set: 0,6ms
[2023-11-12T17:39:30.906+0100][gc,phases     ] GC(72)   Other: 0,2ms
[2023-11-12T17:39:30.906+0100][gc,heap       ] GC(72) Eden regions: 608->0(607)
[2023-11-12T17:39:30.906+0100][gc,heap       ] GC(72) Survivor regions: 6->7(77)
[2023-11-12T17:39:30.906+0100][gc,heap       ] GC(72) Old regions: 55->55
[2023-11-12T17:39:30.906+0100][gc,heap       ] GC(72) Humongous regions: 129->129
[2023-11-12T17:39:30.906+0100][gc,metaspace  ] GC(72) Metaspace: 45671K(48768K)->45671K(48768K) NonClass: 39982K(41728K)->39982K(41728K) Class: 5688K(7040K)->5688K(7040K)
[2023-11-12T17:39:30.906+0100][gc            ] GC(72) Pause Young (Normal) (G1 Evacuation Pause) 796M->188M(1024M) 5,247ms
[2023-11-12T17:39:30.906+0100][gc,cpu        ] GC(72) User=0,04s Sys=0,00s Real=0,01s
[2023-11-12T17:39:32.143+0100][gc,start      ] GC(73) Pause Young (Normal) (G1 Evacuation Pause)
[2023-11-12T17:39:32.143+0100][gc,task       ] GC(73) Using 13 workers of 13 for evacuation
[2023-11-12T17:39:32.149+0100][gc,phases     ] GC(73)   Pre Evacuate Collection Set: 0,0ms
[2023-11-12T17:39:32.149+0100][gc,phases     ] GC(73)   Evacuate Collection Set: 4,9ms
[2023-11-12T17:39:32.149+0100][gc,phases     ] GC(73)   Post Evacuate Collection Set: 0,5ms
[2023-11-12T17:39:32.149+0100][gc,phases     ] GC(73)   Other: 0,2ms
[2023-11-12T17:39:32.149+0100][gc,heap       ] GC(73) Eden regions: 607->0(605)
[2023-11-12T17:39:32.149+0100][gc,heap       ] GC(73) Survivor regions: 7->9(77)
[2023-11-12T17:39:32.149+0100][gc,heap       ] GC(73) Old regions: 55->56
[2023-11-12T17:39:32.149+0100][gc,heap       ] GC(73) Humongous regions: 129->129
[2023-11-12T17:39:32.149+0100][gc,metaspace  ] GC(73) Metaspace: 45676K(48768K)->45676K(48768K) NonClass: 39988K(41728K)->39988K(41728K) Class: 5688K(7040K)->5688K(7040K)
[2023-11-12T17:39:32.149+0100][gc            ] GC(73) Pause Young (Normal) (G1 Evacuation Pause) 795M->191M(1024M) 5,769ms
[2023-11-12T17:39:32.149+0100][gc,cpu        ] GC(73) User=0,05s Sys=0,01s Real=0,00s
[2023-11-12T17:39:33.389+0100][gc,start      ] GC(74) Pause Young (Normal) (G1 Evacuation Pause)
[2023-11-12T17:39:33.389+0100][gc,task       ] GC(74) Using 13 workers of 13 for evacuation
[2023-11-12T17:39:33.396+0100][gc,phases     ] GC(74)   Pre Evacuate Collection Set: 0,0ms
[2023-11-12T17:39:33.396+0100][gc,phases     ] GC(74)   Evacuate Collection Set: 5,8ms
[2023-11-12T17:39:33.396+0100][gc,phases     ] GC(74)   Post Evacuate Collection Set: 0,5ms
[2023-11-12T17:39:33.396+0100][gc,phases     ] GC(74)   Other: 0,2ms
[2023-11-12T17:39:33.396+0100][gc,heap       ] GC(74) Eden regions: 605->0(603)
[2023-11-12T17:39:33.396+0100][gc,heap       ] GC(74) Survivor regions: 9->11(77)
[2023-11-12T17:39:33.396+0100][gc,heap       ] GC(74) Old regions: 56->56
[2023-11-12T17:39:33.396+0100][gc,heap       ] GC(74) Humongous regions: 129->129
[2023-11-12T17:39:33.396+0100][gc,metaspace  ] GC(74) Metaspace: 45676K(48768K)->45676K(48768K) NonClass: 39988K(41728K)->39988K(41728K) Class: 5688K(7040K)->5688K(7040K)
[2023-11-12T17:39:33.396+0100][gc            ] GC(74) Pause Young (Normal) (G1 Evacuation Pause) 796M->193M(1024M) 6,673ms
[2023-11-12T17:39:33.396+0100][gc,cpu        ] GC(74) User=0,05s Sys=0,02s Real=0,01s
[2023-11-12T17:39:34.655+0100][gc,start      ] GC(75) Pause Young (Normal) (G1 Evacuation Pause)
[2023-11-12T17:39:34.655+0100][gc,task       ] GC(75) Using 13 workers of 13 for evacuation
[2023-11-12T17:39:34.663+0100][gc,phases     ] GC(75)   Pre Evacuate Collection Set: 0,0ms
[2023-11-12T17:39:34.663+0100][gc,phases     ] GC(75)   Evacuate Collection Set: 6,8ms
[2023-11-12T17:39:34.663+0100][gc,phases     ] GC(75)   Post Evacuate Collection Set: 0,5ms
[2023-11-12T17:39:34.663+0100][gc,phases     ] GC(75)   Other: 0,2ms
[2023-11-12T17:39:34.663+0100][gc,heap       ] GC(75) Eden regions: 603->0(600)
[2023-11-12T17:39:34.663+0100][gc,heap       ] GC(75) Survivor regions: 11->14(77)
[2023-11-12T17:39:34.663+0100][gc,heap       ] GC(75) Old regions: 56->56
[2023-11-12T17:39:34.663+0100][gc,heap       ] GC(75) Humongous regions: 129->129
[2023-11-12T17:39:34.663+0100][gc,metaspace  ] GC(75) Metaspace: 45682K(48768K)->45682K(48768K) NonClass: 39994K(41728K)->39994K(41728K) Class: 5688K(7040K)->5688K(7040K)
[2023-11-12T17:39:34.663+0100][gc            ] GC(75) Pause Young (Normal) (G1 Evacuation Pause) 796M->196M(1024M) 7,623ms
[2023-11-12T17:39:34.663+0100][gc,cpu        ] GC(75) User=0,06s Sys=0,02s Real=0,01s
[2023-11-12T17:39:35.942+0100][gc,start      ] GC(76) Pause Young (Normal) (G1 Evacuation Pause)
[2023-11-12T17:39:35.942+0100][gc,task       ] GC(76) Using 13 workers of 13 for evacuation
[2023-11-12T17:39:35.950+0100][gc,phases     ] GC(76)   Pre Evacuate Collection Set: 0,0ms
[2023-11-12T17:39:35.950+0100][gc,phases     ] GC(76)   Evacuate Collection Set: 7,3ms
[2023-11-12T17:39:35.950+0100][gc,phases     ] GC(76)   Post Evacuate Collection Set: 0,6ms
[2023-11-12T17:39:35.950+0100][gc,phases     ] GC(76)   Other: 0,2ms
[2023-11-12T17:39:35.950+0100][gc,heap       ] GC(76) Eden regions: 600->0(598)
[2023-11-12T17:39:35.950+0100][gc,heap       ] GC(76) Survivor regions: 14->16(77)
[2023-11-12T17:39:35.950+0100][gc,heap       ] GC(76) Old regions: 56->56
[2023-11-12T17:39:35.950+0100][gc,heap       ] GC(76) Humongous regions: 129->129
[2023-11-12T17:39:35.950+0100][gc,metaspace  ] GC(76) Metaspace: 45688K(48768K)->45688K(48768K) NonClass: 40000K(41728K)->40000K(41728K) Class: 5688K(7040K)->5688K(7040K)
[2023-11-12T17:39:35.950+0100][gc            ] GC(76) Pause Young (Normal) (G1 Evacuation Pause) 796M->198M(1024M) 8,272ms
[2023-11-12T17:39:35.950+0100][gc,cpu        ] GC(76) User=0,04s Sys=0,02s Real=0,00s
[2023-11-12T17:39:37.198+0100][gc,start      ] GC(77) Pause Young (Normal) (G1 Evacuation Pause)
[2023-11-12T17:39:37.198+0100][gc,task       ] GC(77) Using 13 workers of 13 for evacuation
[2023-11-12T17:39:37.206+0100][gc,phases     ] GC(77)   Pre Evacuate Collection Set: 0,0ms
[2023-11-12T17:39:37.206+0100][gc,phases     ] GC(77)   Evacuate Collection Set: 7,2ms
[2023-11-12T17:39:37.206+0100][gc,phases     ] GC(77)   Post Evacuate Collection Set: 0,6ms
[2023-11-12T17:39:37.206+0100][gc,phases     ] GC(77)   Other: 0,3ms
[2023-11-12T17:39:37.206+0100][gc,heap       ] GC(77) Eden regions: 598->0(595)
[2023-11-12T17:39:37.206+0100][gc,heap       ] GC(77) Survivor regions: 16->19(77)
[2023-11-12T17:39:37.206+0100][gc,heap       ] GC(77) Old regions: 56->56
[2023-11-12T17:39:37.206+0100][gc,heap       ] GC(77) Humongous regions: 129->129
[2023-11-12T17:39:37.206+0100][gc,metaspace  ] GC(77) Metaspace: 45689K(48768K)->45689K(48768K) NonClass: 40000K(41728K)->40000K(41728K) Class: 5688K(7040K)->5688K(7040K)
[2023-11-12T17:39:37.206+0100][gc            ] GC(77) Pause Young (Normal) (G1 Evacuation Pause) 796M->201M(1024M) 8,199ms
[2023-11-12T17:39:37.206+0100][gc,cpu        ] GC(77) User=0,05s Sys=0,03s Real=0,01s
[2023-11-12T17:39:38.486+0100][gc,start      ] GC(78) Pause Young (Normal) (G1 Evacuation Pause)
[2023-11-12T17:39:38.486+0100][gc,task       ] GC(78) Using 13 workers of 13 for evacuation
[2023-11-12T17:39:38.494+0100][gc,phases     ] GC(78)   Pre Evacuate Collection Set: 0,0ms
[2023-11-12T17:39:38.494+0100][gc,phases     ] GC(78)   Evacuate Collection Set: 6,9ms
[2023-11-12T17:39:38.494+0100][gc,phases     ] GC(78)   Post Evacuate Collection Set: 0,6ms
[2023-11-12T17:39:38.494+0100][gc,phases     ] GC(78)   Other: 0,3ms
[2023-11-12T17:39:38.494+0100][gc,heap       ] GC(78) Eden regions: 595->0(594)
[2023-11-12T17:39:38.494+0100][gc,heap       ] GC(78) Survivor regions: 19->20(77)
[2023-11-12T17:39:38.494+0100][gc,heap       ] GC(78) Old regions: 56->56
[2023-11-12T17:39:38.494+0100][gc,heap       ] GC(78) Humongous regions: 129->129
[2023-11-12T17:39:38.494+0100][gc,metaspace  ] GC(78) Metaspace: 45698K(48768K)->45698K(48768K) NonClass: 40010K(41728K)->40010K(41728K) Class: 5688K(7040K)->5688K(7040K)
[2023-11-12T17:39:38.494+0100][gc            ] GC(78) Pause Young (Normal) (G1 Evacuation Pause) 796M->203M(1024M) 7,950ms
[2023-11-12T17:39:38.494+0100][gc,cpu        ] GC(78) User=0,05s Sys=0,04s Real=0,01s
[2023-11-12T17:39:39.725+0100][gc,start      ] GC(79) Pause Young (Normal) (G1 Evacuation Pause)
[2023-11-12T17:39:39.725+0100][gc,task       ] GC(79) Using 13 workers of 13 for evacuation
[2023-11-12T17:39:39.733+0100][gc,phases     ] GC(79)   Pre Evacuate Collection Set: 0,0ms
[2023-11-12T17:39:39.733+0100][gc,phases     ] GC(79)   Evacuate Collection Set: 7,7ms
[2023-11-12T17:39:39.733+0100][gc,phases     ] GC(79)   Post Evacuate Collection Set: 0,6ms
[2023-11-12T17:39:39.733+0100][gc,phases     ] GC(79)   Other: 0,2ms
[2023-11-12T17:39:39.733+0100][gc,heap       ] GC(79) Eden regions: 594->0(592)
[2023-11-12T17:39:39.733+0100][gc,heap       ] GC(79) Survivor regions: 20->22(77)
[2023-11-12T17:39:39.733+0100][gc,heap       ] GC(79) Old regions: 56->57
[2023-11-12T17:39:39.733+0100][gc,heap       ] GC(79) Humongous regions: 129->129
[2023-11-12T17:39:39.733+0100][gc,metaspace  ] GC(79) Metaspace: 45699K(48768K)->45699K(48768K) NonClass: 40011K(41728K)->40011K(41728K) Class: 5688K(7040K)->5688K(7040K)
[2023-11-12T17:39:39.733+0100][gc            ] GC(79) Pause Young (Normal) (G1 Evacuation Pause) 797M->205M(1024M) 8,670ms
[2023-11-12T17:39:39.733+0100][gc,cpu        ] GC(79) User=0,07s Sys=0,02s Real=0,01s
[2023-11-12T17:39:40.978+0100][gc,start      ] GC(80) Pause Young (Normal) (G1 Evacuation Pause)
[2023-11-12T17:39:40.978+0100][gc,task       ] GC(80) Using 13 workers of 13 for evacuation
[2023-11-12T17:39:40.987+0100][gc,phases     ] GC(80)   Pre Evacuate Collection Set: 0,0ms
[2023-11-12T17:39:40.987+0100][gc,phases     ] GC(80)   Evacuate Collection Set: 8,2ms
[2023-11-12T17:39:40.987+0100][gc,phases     ] GC(80)   Post Evacuate Collection Set: 0,6ms
[2023-11-12T17:39:40.987+0100][gc,phases     ] GC(80)   Other: 0,2ms
[2023-11-12T17:39:40.987+0100][gc,heap       ] GC(80) Eden regions: 592->0(589)
[2023-11-12T17:39:40.987+0100][gc,heap       ] GC(80) Survivor regions: 22->25(77)
[2023-11-12T17:39:40.987+0100][gc,heap       ] GC(80) Old regions: 57->57
[2023-11-12T17:39:40.987+0100][gc,heap       ] GC(80) Humongous regions: 129->129
[2023-11-12T17:39:40.987+0100][gc,metaspace  ] GC(80) Metaspace: 45712K(48768K)->45712K(48768K) NonClass: 40023K(41728K)->40023K(41728K) Class: 5688K(7040K)->5688K(7040K)
[2023-11-12T17:39:40.987+0100][gc            ] GC(80) Pause Young (Normal) (G1 Evacuation Pause) 797M->209M(1024M) 9,061ms
[2023-11-12T17:39:40.987+0100][gc,cpu        ] GC(80) User=0,10s Sys=0,00s Real=0,01s
[2023-11-12T17:39:42.305+0100][gc,start      ] GC(81) Pause Young (Normal) (G1 Evacuation Pause)
[2023-11-12T17:39:42.305+0100][gc,task       ] GC(81) Using 13 workers of 13 for evacuation
[2023-11-12T17:39:42.315+0100][gc,phases     ] GC(81)   Pre Evacuate Collection Set: 0,0ms
[2023-11-12T17:39:42.315+0100][gc,phases     ] GC(81)   Evacuate Collection Set: 8,5ms
[2023-11-12T17:39:42.315+0100][gc,phases     ] GC(81)   Post Evacuate Collection Set: 0,6ms
[2023-11-12T17:39:42.315+0100][gc,phases     ] GC(81)   Other: 0,2ms
[2023-11-12T17:39:42.315+0100][gc,heap       ] GC(81) Eden regions: 589->0(588)
[2023-11-12T17:39:42.315+0100][gc,heap       ] GC(81) Survivor regions: 25->26(77)
[2023-11-12T17:39:42.315+0100][gc,heap       ] GC(81) Old regions: 57->57
[2023-11-12T17:39:42.315+0100][gc,heap       ] GC(81) Humongous regions: 129->129
[2023-11-12T17:39:42.315+0100][gc,metaspace  ] GC(81) Metaspace: 45713K(48768K)->45713K(48768K) NonClass: 40024K(41728K)->40024K(41728K) Class: 5688K(7040K)->5688K(7040K)
[2023-11-12T17:39:42.315+0100][gc            ] GC(81) Pause Young (Normal) (G1 Evacuation Pause) 798M->210M(1024M) 9,401ms
[2023-11-12T17:39:42.315+0100][gc,cpu        ] GC(81) User=0,09s Sys=0,00s Real=0,01s
[2023-11-12T17:39:43.561+0100][gc,start      ] GC(82) Pause Young (Normal) (G1 Evacuation Pause)
[2023-11-12T17:39:43.561+0100][gc,task       ] GC(82) Using 13 workers of 13 for evacuation
[2023-11-12T17:39:43.570+0100][gc,phases     ] GC(82)   Pre Evacuate Collection Set: 0,0ms
[2023-11-12T17:39:43.571+0100][gc,phases     ] GC(82)   Evacuate Collection Set: 8,9ms
[2023-11-12T17:39:43.571+0100][gc,phases     ] GC(82)   Post Evacuate Collection Set: 0,6ms
[2023-11-12T17:39:43.571+0100][gc,phases     ] GC(82)   Other: 0,2ms
[2023-11-12T17:39:43.571+0100][gc,heap       ] GC(82) Eden regions: 588->0(585)
[2023-11-12T17:39:43.571+0100][gc,heap       ] GC(82) Survivor regions: 26->29(77)
[2023-11-12T17:39:43.571+0100][gc,heap       ] GC(82) Old regions: 57->57
[2023-11-12T17:39:43.571+0100][gc,heap       ] GC(82) Humongous regions: 129->129
[2023-11-12T17:39:43.571+0100][gc,metaspace  ] GC(82) Metaspace: 45747K(48768K)->45747K(48768K) NonClass: 40058K(41728K)->40058K(41728K) Class: 5688K(7040K)->5688K(7040K)
[2023-11-12T17:39:43.571+0100][gc            ] GC(82) Pause Young (Normal) (G1 Evacuation Pause) 798M->212M(1024M) 9,822ms
[2023-11-12T17:39:43.571+0100][gc,cpu        ] GC(82) User=0,09s Sys=0,02s Real=0,01s
[2023-11-12T17:39:45.043+0100][gc,start      ] GC(83) Pause Young (Normal) (G1 Evacuation Pause)
[2023-11-12T17:39:45.043+0100][gc,task       ] GC(83) Using 13 workers of 13 for evacuation
[2023-11-12T17:39:45.054+0100][gc,phases     ] GC(83)   Pre Evacuate Collection Set: 0,0ms
[2023-11-12T17:39:45.054+0100][gc,phases     ] GC(83)   Evacuate Collection Set: 9,9ms
[2023-11-12T17:39:45.054+0100][gc,phases     ] GC(83)   Post Evacuate Collection Set: 0,6ms
[2023-11-12T17:39:45.054+0100][gc,phases     ] GC(83)   Other: 0,2ms
[2023-11-12T17:39:45.054+0100][gc,heap       ] GC(83) Eden regions: 585->0(583)
[2023-11-12T17:39:45.054+0100][gc,heap       ] GC(83) Survivor regions: 29->31(77)
[2023-11-12T17:39:45.054+0100][gc,heap       ] GC(83) Old regions: 57->57
[2023-11-12T17:39:45.054+0100][gc,heap       ] GC(83) Humongous regions: 129->129
[2023-11-12T17:39:45.054+0100][gc,metaspace  ] GC(83) Metaspace: 45782K(48768K)->45782K(48768K) NonClass: 40094K(41728K)->40094K(41728K) Class: 5688K(7040K)->5688K(7040K)
[2023-11-12T17:39:45.054+0100][gc            ] GC(83) Pause Young (Normal) (G1 Evacuation Pause) 797M->215M(1024M) 10,828ms
[2023-11-12T17:39:45.054+0100][gc,cpu        ] GC(83) User=0,13s Sys=0,00s Real=0,01s
[2023-11-12T17:39:46.419+0100][gc,start      ] GC(84) Pause Young (Normal) (G1 Evacuation Pause)
[2023-11-12T17:39:46.420+0100][gc,task       ] GC(84) Using 13 workers of 13 for evacuation
[2023-11-12T17:39:46.424+0100][gc,phases     ] GC(84)   Pre Evacuate Collection Set: 0,0ms
[2023-11-12T17:39:46.424+0100][gc,phases     ] GC(84)   Evacuate Collection Set: 3,6ms
[2023-11-12T17:39:46.424+0100][gc,phases     ] GC(84)   Post Evacuate Collection Set: 0,6ms
[2023-11-12T17:39:46.424+0100][gc,phases     ] GC(84)   Other: 0,3ms
[2023-11-12T17:39:46.424+0100][gc,heap       ] GC(84) Eden regions: 583->0(607)
[2023-11-12T17:39:46.424+0100][gc,heap       ] GC(84) Survivor regions: 31->7(77)
[2023-11-12T17:39:46.424+0100][gc,heap       ] GC(84) Old regions: 57->58
[2023-11-12T17:39:46.424+0100][gc,heap       ] GC(84) Humongous regions: 129->129
[2023-11-12T17:39:46.424+0100][gc,metaspace  ] GC(84) Metaspace: 45785K(48768K)->45785K(48768K) NonClass: 40096K(41728K)->40096K(41728K) Class: 5688K(7040K)->5688K(7040K)
[2023-11-12T17:39:46.424+0100][gc            ] GC(84) Pause Young (Normal) (G1 Evacuation Pause) 798M->191M(1024M) 4,626ms
[2023-11-12T17:39:46.424+0100][gc,cpu        ] GC(84) User=0,05s Sys=0,00s Real=0,01s
[2023-11-12T17:39:47.879+0100][gc,start      ] GC(85) Pause Young (Normal) (G1 Evacuation Pause)
[2023-11-12T17:39:47.879+0100][gc,task       ] GC(85) Using 13 workers of 13 for evacuation
[2023-11-12T17:39:47.883+0100][gc,phases     ] GC(85)   Pre Evacuate Collection Set: 0,0ms
[2023-11-12T17:39:47.883+0100][gc,phases     ] GC(85)   Evacuate Collection Set: 3,7ms
[2023-11-12T17:39:47.883+0100][gc,phases     ] GC(85)   Post Evacuate Collection Set: 0,6ms
[2023-11-12T17:39:47.883+0100][gc,phases     ] GC(85)   Other: 0,2ms
[2023-11-12T17:39:47.883+0100][gc,heap       ] GC(85) Eden regions: 607->0(607)
[2023-11-12T17:39:47.883+0100][gc,heap       ] GC(85) Survivor regions: 7->7(77)
[2023-11-12T17:39:47.883+0100][gc,heap       ] GC(85) Old regions: 58->58
[2023-11-12T17:39:47.883+0100][gc,heap       ] GC(85) Humongous regions: 129->129
[2023-11-12T17:39:47.883+0100][gc,metaspace  ] GC(85) Metaspace: 45785K(48768K)->45785K(48768K) NonClass: 40096K(41728K)->40096K(41728K) Class: 5688K(7040K)->5688K(7040K)
[2023-11-12T17:39:47.883+0100][gc            ] GC(85) Pause Young (Normal) (G1 Evacuation Pause) 798M->191M(1024M) 4,591ms
[2023-11-12T17:39:47.883+0100][gc,cpu        ] GC(85) User=0,05s Sys=0,00s Real=0,01s
[2023-11-12T17:39:49.302+0100][gc,start      ] GC(86) Pause Young (Normal) (G1 Evacuation Pause)
[2023-11-12T17:39:49.302+0100][gc,task       ] GC(86) Using 13 workers of 13 for evacuation
[2023-11-12T17:39:49.307+0100][gc,phases     ] GC(86)   Pre Evacuate Collection Set: 0,0ms
[2023-11-12T17:39:49.307+0100][gc,phases     ] GC(86)   Evacuate Collection Set: 4,0ms
[2023-11-12T17:39:49.307+0100][gc,phases     ] GC(86)   Post Evacuate Collection Set: 0,6ms
[2023-11-12T17:39:49.307+0100][gc,phases     ] GC(86)   Other: 0,2ms
[2023-11-12T17:39:49.307+0100][gc,heap       ] GC(86) Eden regions: 607->0(605)
[2023-11-12T17:39:49.307+0100][gc,heap       ] GC(86) Survivor regions: 7->9(77)
[2023-11-12T17:39:49.307+0100][gc,heap       ] GC(86) Old regions: 58->58
[2023-11-12T17:39:49.307+0100][gc,heap       ] GC(86) Humongous regions: 129->129
[2023-11-12T17:39:49.307+0100][gc,metaspace  ] GC(86) Metaspace: 45785K(48768K)->45785K(48768K) NonClass: 40096K(41728K)->40096K(41728K) Class: 5688K(7040K)->5688K(7040K)
[2023-11-12T17:39:49.307+0100][gc            ] GC(86) Pause Young (Normal) (G1 Evacuation Pause) 798M->193M(1024M) 4,866ms
[2023-11-12T17:39:49.307+0100][gc,cpu        ] GC(86) User=0,05s Sys=0,00s Real=0,00s
[2023-11-12T17:39:50.855+0100][gc,start      ] GC(87) Pause Young (Normal) (G1 Evacuation Pause)
[2023-11-12T17:39:50.855+0100][gc,task       ] GC(87) Using 13 workers of 13 for evacuation
[2023-11-12T17:39:50.861+0100][gc,phases     ] GC(87)   Pre Evacuate Collection Set: 0,0ms
[2023-11-12T17:39:50.861+0100][gc,phases     ] GC(87)   Evacuate Collection Set: 4,8ms
[2023-11-12T17:39:50.861+0100][gc,phases     ] GC(87)   Post Evacuate Collection Set: 0,8ms
[2023-11-12T17:39:50.861+0100][gc,phases     ] GC(87)   Other: 0,2ms
[2023-11-12T17:39:50.861+0100][gc,heap       ] GC(87) Eden regions: 605->0(603)
[2023-11-12T17:39:50.861+0100][gc,heap       ] GC(87) Survivor regions: 9->11(77)
[2023-11-12T17:39:50.861+0100][gc,heap       ] GC(87) Old regions: 58->58
[2023-11-12T17:39:50.861+0100][gc,heap       ] GC(87) Humongous regions: 129->129
[2023-11-12T17:39:50.861+0100][gc,metaspace  ] GC(87) Metaspace: 45785K(48768K)->45785K(48768K) NonClass: 40096K(41728K)->40096K(41728K) Class: 5688K(7040K)->5688K(7040K)
[2023-11-12T17:39:50.861+0100][gc            ] GC(87) Pause Young (Normal) (G1 Evacuation Pause) 798M->195M(1024M) 5,955ms
[2023-11-12T17:39:50.861+0100][gc,cpu        ] GC(87) User=0,05s Sys=0,01s Real=0,01s
[2023-11-12T17:39:52.375+0100][gc,start      ] GC(88) Pause Young (Normal) (G1 Evacuation Pause)
[2023-11-12T17:39:52.375+0100][gc,task       ] GC(88) Using 13 workers of 13 for evacuation
[2023-11-12T17:39:52.381+0100][gc,phases     ] GC(88)   Pre Evacuate Collection Set: 0,0ms
[2023-11-12T17:39:52.381+0100][gc,phases     ] GC(88)   Evacuate Collection Set: 5,2ms
[2023-11-12T17:39:52.381+0100][gc,phases     ] GC(88)   Post Evacuate Collection Set: 0,6ms
[2023-11-12T17:39:52.381+0100][gc,phases     ] GC(88)   Other: 0,2ms
[2023-11-12T17:39:52.381+0100][gc,heap       ] GC(88) Eden regions: 603->0(600)
[2023-11-12T17:39:52.381+0100][gc,heap       ] GC(88) Survivor regions: 11->14(77)
[2023-11-12T17:39:52.381+0100][gc,heap       ] GC(88) Old regions: 58->58
[2023-11-12T17:39:52.381+0100][gc,heap       ] GC(88) Humongous regions: 129->129
[2023-11-12T17:39:52.381+0100][gc,metaspace  ] GC(88) Metaspace: 45785K(48768K)->45785K(48768K) NonClass: 40096K(41728K)->40096K(41728K) Class: 5688K(7040K)->5688K(7040K)
[2023-11-12T17:39:52.381+0100][gc            ] GC(88) Pause Young (Normal) (G1 Evacuation Pause) 798M->198M(1024M) 6,121ms
[2023-11-12T17:39:52.381+0100][gc,cpu        ] GC(88) User=0,05s Sys=0,01s Real=0,01s
[2023-11-12T17:39:53.901+0100][gc,start      ] GC(89) Pause Young (Normal) (G1 Evacuation Pause)
[2023-11-12T17:39:53.901+0100][gc,task       ] GC(89) Using 13 workers of 13 for evacuation
[2023-11-12T17:39:53.909+0100][gc,phases     ] GC(89)   Pre Evacuate Collection Set: 0,0ms
[2023-11-12T17:39:53.909+0100][gc,phases     ] GC(89)   Evacuate Collection Set: 6,4ms
[2023-11-12T17:39:53.909+0100][gc,phases     ] GC(89)   Post Evacuate Collection Set: 0,6ms
[2023-11-12T17:39:53.909+0100][gc,phases     ] GC(89)   Other: 0,3ms
[2023-11-12T17:39:53.909+0100][gc,heap       ] GC(89) Eden regions: 600->0(598)
[2023-11-12T17:39:53.909+0100][gc,heap       ] GC(89) Survivor regions: 14->16(77)
[2023-11-12T17:39:53.909+0100][gc,heap       ] GC(89) Old regions: 58->58
[2023-11-12T17:39:53.909+0100][gc,heap       ] GC(89) Humongous regions: 129->129
[2023-11-12T17:39:53.909+0100][gc,metaspace  ] GC(89) Metaspace: 45785K(48768K)->45785K(48768K) NonClass: 40096K(41728K)->40096K(41728K) Class: 5688K(7040K)->5688K(7040K)
[2023-11-12T17:39:53.909+0100][gc            ] GC(89) Pause Young (Normal) (G1 Evacuation Pause) 798M->201M(1024M) 7,300ms
[2023-11-12T17:39:53.909+0100][gc,cpu        ] GC(89) User=0,06s Sys=0,01s Real=0,00s
[2023-11-12T17:39:55.408+0100][gc,start      ] GC(90) Pause Young (Normal) (G1 Evacuation Pause)
[2023-11-12T17:39:55.409+0100][gc,task       ] GC(90) Using 13 workers of 13 for evacuation
[2023-11-12T17:39:55.416+0100][gc,phases     ] GC(90)   Pre Evacuate Collection Set: 0,0ms
[2023-11-12T17:39:55.416+0100][gc,phases     ] GC(90)   Evacuate Collection Set: 7,0ms
[2023-11-12T17:39:55.416+0100][gc,phases     ] GC(90)   Post Evacuate Collection Set: 0,6ms
[2023-11-12T17:39:55.416+0100][gc,phases     ] GC(90)   Other: 0,3ms
[2023-11-12T17:39:55.416+0100][gc,heap       ] GC(90) Eden regions: 598->0(596)
[2023-11-12T17:39:55.416+0100][gc,heap       ] GC(90) Survivor regions: 16->18(77)
[2023-11-12T17:39:55.416+0100][gc,heap       ] GC(90) Old regions: 58->59
[2023-11-12T17:39:55.416+0100][gc,heap       ] GC(90) Humongous regions: 129->129
[2023-11-12T17:39:55.416+0100][gc,metaspace  ] GC(90) Metaspace: 45785K(48768K)->45785K(48768K) NonClass: 40096K(41728K)->40096K(41728K) Class: 5688K(7040K)->5688K(7040K)
[2023-11-12T17:39:55.417+0100][gc            ] GC(90) Pause Young (Normal) (G1 Evacuation Pause) 799M->203M(1024M) 8,024ms
[2023-11-12T17:39:55.417+0100][gc,cpu        ] GC(90) User=0,09s Sys=0,00s Real=0,01s
[2023-11-12T17:39:56.885+0100][gc,start      ] GC(91) Pause Young (Normal) (G1 Evacuation Pause)
[2023-11-12T17:39:56.885+0100][gc,task       ] GC(91) Using 13 workers of 13 for evacuation
[2023-11-12T17:39:56.893+0100][gc,phases     ] GC(91)   Pre Evacuate Collection Set: 0,0ms
[2023-11-12T17:39:56.893+0100][gc,phases     ] GC(91)   Evacuate Collection Set: 6,9ms
[2023-11-12T17:39:56.893+0100][gc,phases     ] GC(91)   Post Evacuate Collection Set: 0,7ms
[2023-11-12T17:39:56.893+0100][gc,phases     ] GC(91)   Other: 0,2ms
[2023-11-12T17:39:56.893+0100][gc,heap       ] GC(91) Eden regions: 596->0(594)
[2023-11-12T17:39:56.893+0100][gc,heap       ] GC(91) Survivor regions: 18->20(77)
[2023-11-12T17:39:56.893+0100][gc,heap       ] GC(91) Old regions: 59->59
[2023-11-12T17:39:56.893+0100][gc,heap       ] GC(91) Humongous regions: 129->129
[2023-11-12T17:39:56.893+0100][gc,metaspace  ] GC(91) Metaspace: 45785K(48768K)->45785K(48768K) NonClass: 40096K(41728K)->40096K(41728K) Class: 5688K(7040K)->5688K(7040K)
[2023-11-12T17:39:56.893+0100][gc            ] GC(91) Pause Young (Normal) (G1 Evacuation Pause) 799M->205M(1024M) 7,862ms
[2023-11-12T17:39:56.893+0100][gc,cpu        ] GC(91) User=0,08s Sys=0,00s Real=0,00s
[2023-11-12T17:39:58.348+0100][gc,start      ] GC(92) Pause Young (Normal) (G1 Evacuation Pause)
[2023-11-12T17:39:58.348+0100][gc,task       ] GC(92) Using 13 workers of 13 for evacuation
[2023-11-12T17:39:58.356+0100][gc,phases     ] GC(92)   Pre Evacuate Collection Set: 0,0ms
[2023-11-12T17:39:58.356+0100][gc,phases     ] GC(92)   Evacuate Collection Set: 7,3ms
[2023-11-12T17:39:58.356+0100][gc,phases     ] GC(92)   Post Evacuate Collection Set: 0,6ms
[2023-11-12T17:39:58.356+0100][gc,phases     ] GC(92)   Other: 0,3ms
[2023-11-12T17:39:58.356+0100][gc,heap       ] GC(92) Eden regions: 594->0(591)
[2023-11-12T17:39:58.356+0100][gc,heap       ] GC(92) Survivor regions: 20->23(77)
[2023-11-12T17:39:58.356+0100][gc,heap       ] GC(92) Old regions: 59->59
[2023-11-12T17:39:58.356+0100][gc,heap       ] GC(92) Humongous regions: 129->129
[2023-11-12T17:39:58.356+0100][gc,metaspace  ] GC(92) Metaspace: 45785K(48768K)->45785K(48768K) NonClass: 40096K(41728K)->40096K(41728K) Class: 5688K(7040K)->5688K(7040K)
[2023-11-12T17:39:58.356+0100][gc            ] GC(92) Pause Young (Normal) (G1 Evacuation Pause) 799M->208M(1024M) 8,299ms
[2023-11-12T17:39:58.356+0100][gc,cpu        ] GC(92) User=0,08s Sys=0,00s Real=0,01s
[2023-11-12T17:39:59.797+0100][gc,start      ] GC(93) Pause Young (Normal) (G1 Evacuation Pause)
[2023-11-12T17:39:59.797+0100][gc,task       ] GC(93) Using 13 workers of 13 for evacuation
[2023-11-12T17:39:59.805+0100][gc,phases     ] GC(93)   Pre Evacuate Collection Set: 0,0ms
[2023-11-12T17:39:59.805+0100][gc,phases     ] GC(93)   Evacuate Collection Set: 7,8ms
[2023-11-12T17:39:59.805+0100][gc,phases     ] GC(93)   Post Evacuate Collection Set: 0,8ms
[2023-11-12T17:39:59.805+0100][gc,phases     ] GC(93)   Other: 0,3ms
[2023-11-12T17:39:59.805+0100][gc,heap       ] GC(93) Eden regions: 591->0(590)
[2023-11-12T17:39:59.806+0100][gc,heap       ] GC(93) Survivor regions: 23->24(77)
[2023-11-12T17:39:59.806+0100][gc,heap       ] GC(93) Old regions: 59->59
[2023-11-12T17:39:59.806+0100][gc,heap       ] GC(93) Humongous regions: 129->129
[2023-11-12T17:39:59.806+0100][gc,metaspace  ] GC(93) Metaspace: 45785K(48768K)->45785K(48768K) NonClass: 40096K(41728K)->40096K(41728K) Class: 5688K(7040K)->5688K(7040K)
[2023-11-12T17:39:59.806+0100][gc            ] GC(93) Pause Young (Normal) (G1 Evacuation Pause) 799M->210M(1024M) 8,973ms
[2023-11-12T17:39:59.806+0100][gc,cpu        ] GC(93) User=0,11s Sys=0,00s Real=0,01s
[2023-11-12T17:40:01.261+0100][gc,start      ] GC(94) Pause Young (Normal) (G1 Evacuation Pause)
[2023-11-12T17:40:01.261+0100][gc,task       ] GC(94) Using 13 workers of 13 for evacuation
[2023-11-12T17:40:01.270+0100][gc,phases     ] GC(94)   Pre Evacuate Collection Set: 0,0ms
[2023-11-12T17:40:01.270+0100][gc,phases     ] GC(94)   Evacuate Collection Set: 8,0ms
[2023-11-12T17:40:01.270+0100][gc,phases     ] GC(94)   Post Evacuate Collection Set: 0,6ms
[2023-11-12T17:40:01.270+0100][gc,phases     ] GC(94)   Other: 0,2ms
[2023-11-12T17:40:01.270+0100][gc,heap       ] GC(94) Eden regions: 590->0(586)
[2023-11-12T17:40:01.270+0100][gc,heap       ] GC(94) Survivor regions: 24->28(77)
[2023-11-12T17:40:01.270+0100][gc,heap       ] GC(94) Old regions: 59->59
[2023-11-12T17:40:01.270+0100][gc,heap       ] GC(94) Humongous regions: 129->129
[2023-11-12T17:40:01.270+0100][gc,metaspace  ] GC(94) Metaspace: 45785K(48768K)->45785K(48768K) NonClass: 40096K(41728K)->40096K(41728K) Class: 5688K(7040K)->5688K(7040K)
[2023-11-12T17:40:01.270+0100][gc            ] GC(94) Pause Young (Normal) (G1 Evacuation Pause) 800M->213M(1024M) 8,908ms
[2023-11-12T17:40:01.270+0100][gc,cpu        ] GC(94) User=0,06s Sys=0,05s Real=0,00s
[2023-11-12T17:40:02.728+0100][gc,start      ] GC(95) Pause Young (Normal) (G1 Evacuation Pause)
[2023-11-12T17:40:02.728+0100][gc,task       ] GC(95) Using 13 workers of 13 for evacuation
[2023-11-12T17:40:02.737+0100][gc,phases     ] GC(95)   Pre Evacuate Collection Set: 0,0ms
[2023-11-12T17:40:02.737+0100][gc,phases     ] GC(95)   Evacuate Collection Set: 8,5ms
[2023-11-12T17:40:02.737+0100][gc,phases     ] GC(95)   Post Evacuate Collection Set: 0,6ms
[2023-11-12T17:40:02.737+0100][gc,phases     ] GC(95)   Other: 0,2ms
[2023-11-12T17:40:02.737+0100][gc,heap       ] GC(95) Eden regions: 586->0(584)
[2023-11-12T17:40:02.737+0100][gc,heap       ] GC(95) Survivor regions: 28->30(77)
[2023-11-12T17:40:02.737+0100][gc,heap       ] GC(95) Old regions: 59->60
[2023-11-12T17:40:02.737+0100][gc,heap       ] GC(95) Humongous regions: 129->129
[2023-11-12T17:40:02.737+0100][gc,metaspace  ] GC(95) Metaspace: 45785K(48768K)->45785K(48768K) NonClass: 40096K(41728K)->40096K(41728K) Class: 5688K(7040K)->5688K(7040K)
[2023-11-12T17:40:02.737+0100][gc            ] GC(95) Pause Young (Normal) (G1 Evacuation Pause) 799M->216M(1024M) 9,458ms
[2023-11-12T17:40:02.737+0100][gc,cpu        ] GC(95) User=0,11s Sys=0,00s Real=0,01s
[2023-11-12T17:40:04.176+0100][gc,start      ] GC(96) Pause Young (Normal) (G1 Evacuation Pause)
[2023-11-12T17:40:04.176+0100][gc,task       ] GC(96) Using 13 workers of 13 for evacuation
[2023-11-12T17:40:04.188+0100][gc,phases     ] GC(96)   Pre Evacuate Collection Set: 0,0ms
[2023-11-12T17:40:04.188+0100][gc,phases     ] GC(96)   Evacuate Collection Set: 10,6ms
[2023-11-12T17:40:04.188+0100][gc,phases     ] GC(96)   Post Evacuate Collection Set: 0,6ms
[2023-11-12T17:40:04.188+0100][gc,phases     ] GC(96)   Other: 0,2ms
[2023-11-12T17:40:04.188+0100][gc,heap       ] GC(96) Eden regions: 584->0(583)
[2023-11-12T17:40:04.188+0100][gc,heap       ] GC(96) Survivor regions: 30->31(77)
[2023-11-12T17:40:04.188+0100][gc,heap       ] GC(96) Old regions: 60->60
[2023-11-12T17:40:04.188+0100][gc,heap       ] GC(96) Humongous regions: 129->129
[2023-11-12T17:40:04.188+0100][gc,metaspace  ] GC(96) Metaspace: 45786K(48768K)->45786K(48768K) NonClass: 40096K(41728K)->40096K(41728K) Class: 5689K(7040K)->5689K(7040K)
[2023-11-12T17:40:04.188+0100][gc            ] GC(96) Pause Young (Normal) (G1 Evacuation Pause) 800M->217M(1024M) 11,514ms
[2023-11-12T17:40:04.188+0100][gc,cpu        ] GC(96) User=0,13s Sys=0,00s Real=0,01s
[2023-11-12T17:40:05.592+0100][gc,start      ] GC(97) Pause Young (Normal) (G1 Evacuation Pause)
[2023-11-12T17:40:05.592+0100][gc,task       ] GC(97) Using 13 workers of 13 for evacuation
[2023-11-12T17:40:05.595+0100][gc,phases     ] GC(97)   Pre Evacuate Collection Set: 0,0ms
[2023-11-12T17:40:05.595+0100][gc,phases     ] GC(97)   Evacuate Collection Set: 2,6ms
[2023-11-12T17:40:05.595+0100][gc,phases     ] GC(97)   Post Evacuate Collection Set: 0,7ms
[2023-11-12T17:40:05.595+0100][gc,phases     ] GC(97)   Other: 0,3ms
[2023-11-12T17:40:05.595+0100][gc,heap       ] GC(97) Eden regions: 583->0(609)
[2023-11-12T17:40:05.595+0100][gc,heap       ] GC(97) Survivor regions: 31->5(77)
[2023-11-12T17:40:05.595+0100][gc,heap       ] GC(97) Old regions: 60->60
[2023-11-12T17:40:05.595+0100][gc,heap       ] GC(97) Humongous regions: 129->129
[2023-11-12T17:40:05.595+0100][gc,metaspace  ] GC(97) Metaspace: 45786K(48768K)->45786K(48768K) NonClass: 40096K(41728K)->40096K(41728K) Class: 5689K(7040K)->5689K(7040K)
[2023-11-12T17:40:05.595+0100][gc            ] GC(97) Pause Young (Normal) (G1 Evacuation Pause) 800M->192M(1024M) 3,796ms
[2023-11-12T17:40:05.595+0100][gc,cpu        ] GC(97) User=0,03s Sys=0,00s Real=0,01s
[2023-11-12T17:40:07.069+0100][gc,start      ] GC(98) Pause Young (Normal) (G1 Evacuation Pause)
[2023-11-12T17:40:07.069+0100][gc,task       ] GC(98) Using 13 workers of 13 for evacuation
[2023-11-12T17:40:07.073+0100][gc,phases     ] GC(98)   Pre Evacuate Collection Set: 0,0ms
[2023-11-12T17:40:07.073+0100][gc,phases     ] GC(98)   Evacuate Collection Set: 2,6ms
[2023-11-12T17:40:07.073+0100][gc,phases     ] GC(98)   Post Evacuate Collection Set: 0,6ms
[2023-11-12T17:40:07.073+0100][gc,phases     ] GC(98)   Other: 0,2ms
[2023-11-12T17:40:07.073+0100][gc,heap       ] GC(98) Eden regions: 609->0(608)
[2023-11-12T17:40:07.073+0100][gc,heap       ] GC(98) Survivor regions: 5->6(77)
[2023-11-12T17:40:07.073+0100][gc,heap       ] GC(98) Old regions: 60->60
[2023-11-12T17:40:07.073+0100][gc,heap       ] GC(98) Humongous regions: 129->129
[2023-11-12T17:40:07.073+0100][gc,metaspace  ] GC(98) Metaspace: 45786K(48768K)->45786K(48768K) NonClass: 40096K(41728K)->40096K(41728K) Class: 5689K(7040K)->5689K(7040K)
[2023-11-12T17:40:07.073+0100][gc            ] GC(98) Pause Young (Normal) (G1 Evacuation Pause) 801M->192M(1024M) 3,544ms
[2023-11-12T17:40:07.073+0100][gc,cpu        ] GC(98) User=0,02s Sys=0,02s Real=0,00s
[2023-11-12T17:40:08.608+0100][gc,start      ] GC(99) Pause Young (Normal) (G1 Evacuation Pause)
[2023-11-12T17:40:08.608+0100][gc,task       ] GC(99) Using 13 workers of 13 for evacuation
[2023-11-12T17:40:08.613+0100][gc,phases     ] GC(99)   Pre Evacuate Collection Set: 0,0ms
[2023-11-12T17:40:08.613+0100][gc,phases     ] GC(99)   Evacuate Collection Set: 3,9ms
[2023-11-12T17:40:08.613+0100][gc,phases     ] GC(99)   Post Evacuate Collection Set: 0,6ms
[2023-11-12T17:40:08.613+0100][gc,phases     ] GC(99)   Other: 0,2ms
[2023-11-12T17:40:08.613+0100][gc,heap       ] GC(99) Eden regions: 608->0(606)
[2023-11-12T17:40:08.613+0100][gc,heap       ] GC(99) Survivor regions: 6->8(77)
[2023-11-12T17:40:08.613+0100][gc,heap       ] GC(99) Old regions: 60->60
[2023-11-12T17:40:08.613+0100][gc,heap       ] GC(99) Humongous regions: 129->129
[2023-11-12T17:40:08.613+0100][gc,metaspace  ] GC(99) Metaspace: 45800K(49024K)->45800K(49024K) NonClass: 40111K(41984K)->40111K(41984K) Class: 5689K(7040K)->5689K(7040K)
[2023-11-12T17:40:08.613+0100][gc            ] GC(99) Pause Young (Normal) (G1 Evacuation Pause) 800M->194M(1024M) 4,836ms
[2023-11-12T17:40:08.613+0100][gc,cpu        ] GC(99) User=0,04s Sys=0,00s Real=0,01s
[2023-11-12T17:40:10.119+0100][gc,start      ] GC(100) Pause Young (Normal) (G1 Evacuation Pause)
[2023-11-12T17:40:10.119+0100][gc,task       ] GC(100) Using 13 workers of 13 for evacuation
[2023-11-12T17:40:10.123+0100][gc,phases     ] GC(100)   Pre Evacuate Collection Set: 0,0ms
[2023-11-12T17:40:10.124+0100][gc,phases     ] GC(100)   Evacuate Collection Set: 3,8ms
[2023-11-12T17:40:10.124+0100][gc,phases     ] GC(100)   Post Evacuate Collection Set: 0,5ms
[2023-11-12T17:40:10.124+0100][gc,phases     ] GC(100)   Other: 0,2ms
[2023-11-12T17:40:10.124+0100][gc,heap       ] GC(100) Eden regions: 606->0(604)
[2023-11-12T17:40:10.124+0100][gc,heap       ] GC(100) Survivor regions: 8->10(77)
[2023-11-12T17:40:10.124+0100][gc,heap       ] GC(100) Old regions: 60->60
[2023-11-12T17:40:10.124+0100][gc,heap       ] GC(100) Humongous regions: 129->129
[2023-11-12T17:40:10.124+0100][gc,metaspace  ] GC(100) Metaspace: 45802K(49024K)->45802K(49024K) NonClass: 40113K(41984K)->40113K(41984K) Class: 5689K(7040K)->5689K(7040K)
[2023-11-12T17:40:10.124+0100][gc            ] GC(100) Pause Young (Normal) (G1 Evacuation Pause) 800M->196M(1024M) 4,674ms
[2023-11-12T17:40:10.124+0100][gc,cpu        ] GC(100) User=0,05s Sys=0,00s Real=0,01s
[2023-11-12T17:40:11.652+0100][gc,start      ] GC(101) Pause Young (Normal) (G1 Evacuation Pause)
[2023-11-12T17:40:11.652+0100][gc,task       ] GC(101) Using 13 workers of 13 for evacuation
[2023-11-12T17:40:11.660+0100][gc,phases     ] GC(101)   Pre Evacuate Collection Set: 0,0ms
[2023-11-12T17:40:11.660+0100][gc,phases     ] GC(101)   Evacuate Collection Set: 6,6ms
[2023-11-12T17:40:11.660+0100][gc,phases     ] GC(101)   Post Evacuate Collection Set: 0,6ms
[2023-11-12T17:40:11.660+0100][gc,phases     ] GC(101)   Other: 0,3ms
[2023-11-12T17:40:11.660+0100][gc,heap       ] GC(101) Eden regions: 604->0(602)
[2023-11-12T17:40:11.660+0100][gc,heap       ] GC(101) Survivor regions: 10->12(77)
[2023-11-12T17:40:11.660+0100][gc,heap       ] GC(101) Old regions: 60->60
[2023-11-12T17:40:11.660+0100][gc,heap       ] GC(101) Humongous regions: 129->129
[2023-11-12T17:40:11.660+0100][gc,metaspace  ] GC(101) Metaspace: 45808K(49024K)->45808K(49024K) NonClass: 40119K(41984K)->40119K(41984K) Class: 5689K(7040K)->5689K(7040K)
[2023-11-12T17:40:11.660+0100][gc            ] GC(101) Pause Young (Normal) (G1 Evacuation Pause) 800M->199M(1024M) 7,696ms
[2023-11-12T17:40:11.660+0100][gc,cpu        ] GC(101) User=0,06s Sys=0,00s Real=0,01s
[2023-11-12T17:40:13.206+0100][gc,start      ] GC(102) Pause Young (Normal) (G1 Evacuation Pause)
[2023-11-12T17:40:13.207+0100][gc,task       ] GC(102) Using 13 workers of 13 for evacuation
[2023-11-12T17:40:13.212+0100][gc,phases     ] GC(102)   Pre Evacuate Collection Set: 0,0ms
[2023-11-12T17:40:13.212+0100][gc,phases     ] GC(102)   Evacuate Collection Set: 5,0ms
[2023-11-12T17:40:13.212+0100][gc,phases     ] GC(102)   Post Evacuate Collection Set: 0,6ms
[2023-11-12T17:40:13.212+0100][gc,phases     ] GC(102)   Other: 0,3ms
[2023-11-12T17:40:13.212+0100][gc,heap       ] GC(102) Eden regions: 602->0(600)
[2023-11-12T17:40:13.212+0100][gc,heap       ] GC(102) Survivor regions: 12->14(77)
[2023-11-12T17:40:13.212+0100][gc,heap       ] GC(102) Old regions: 60->60
[2023-11-12T17:40:13.212+0100][gc,heap       ] GC(102) Humongous regions: 129->129
[2023-11-12T17:40:13.212+0100][gc,metaspace  ] GC(102) Metaspace: 45808K(49024K)->45808K(49024K) NonClass: 40119K(41984K)->40119K(41984K) Class: 5689K(7040K)->5689K(7040K)
[2023-11-12T17:40:13.212+0100][gc            ] GC(102) Pause Young (Normal) (G1 Evacuation Pause) 801M->201M(1024M) 5,929ms
[2023-11-12T17:40:13.212+0100][gc,cpu        ] GC(102) User=0,06s Sys=0,01s Real=0,00s
[2023-11-12T17:40:14.842+0100][gc,start      ] GC(103) Pause Young (Normal) (G1 Evacuation Pause)
[2023-11-12T17:40:14.842+0100][gc,task       ] GC(103) Using 13 workers of 13 for evacuation
[2023-11-12T17:40:14.849+0100][gc,phases     ] GC(103)   Pre Evacuate Collection Set: 0,0ms
[2023-11-12T17:40:14.849+0100][gc,phases     ] GC(103)   Evacuate Collection Set: 6,0ms
[2023-11-12T17:40:14.849+0100][gc,phases     ] GC(103)   Post Evacuate Collection Set: 0,5ms
[2023-11-12T17:40:14.849+0100][gc,phases     ] GC(103)   Other: 0,2ms
[2023-11-12T17:40:14.849+0100][gc,heap       ] GC(103) Eden regions: 600->0(598)
[2023-11-12T17:40:14.849+0100][gc,heap       ] GC(103) Survivor regions: 14->16(77)
[2023-11-12T17:40:14.849+0100][gc,heap       ] GC(103) Old regions: 60->60
[2023-11-12T17:40:14.849+0100][gc,heap       ] GC(103) Humongous regions: 129->129
[2023-11-12T17:40:14.849+0100][gc,metaspace  ] GC(103) Metaspace: 45847K(49152K)->45847K(49152K) NonClass: 40149K(41984K)->40149K(41984K) Class: 5697K(7168K)->5697K(7168K)
[2023-11-12T17:40:14.849+0100][gc            ] GC(103) Pause Young (Normal) (G1 Evacuation Pause) 801M->203M(1024M) 6,840ms
[2023-11-12T17:40:14.849+0100][gc,cpu        ] GC(103) User=0,05s Sys=0,02s Real=0,00s
[2023-11-12T17:40:16.745+0100][gc,start      ] GC(104) Pause Young (Normal) (G1 Evacuation Pause)
[2023-11-12T17:40:16.745+0100][gc,task       ] GC(104) Using 13 workers of 13 for evacuation
[2023-11-12T17:40:16.753+0100][gc,phases     ] GC(104)   Pre Evacuate Collection Set: 0,0ms
[2023-11-12T17:40:16.753+0100][gc,phases     ] GC(104)   Evacuate Collection Set: 6,5ms
[2023-11-12T17:40:16.753+0100][gc,phases     ] GC(104)   Post Evacuate Collection Set: 0,7ms
[2023-11-12T17:40:16.753+0100][gc,phases     ] GC(104)   Other: 0,3ms
[2023-11-12T17:40:16.753+0100][gc,heap       ] GC(104) Eden regions: 598->0(596)
[2023-11-12T17:40:16.753+0100][gc,heap       ] GC(104) Survivor regions: 16->18(77)
[2023-11-12T17:40:16.753+0100][gc,heap       ] GC(104) Old regions: 60->60
[2023-11-12T17:40:16.753+0100][gc,heap       ] GC(104) Humongous regions: 129->129
[2023-11-12T17:40:16.753+0100][gc,metaspace  ] GC(104) Metaspace: 45849K(49152K)->45849K(49152K) NonClass: 40152K(41984K)->40152K(41984K) Class: 5697K(7168K)->5697K(7168K)
[2023-11-12T17:40:16.753+0100][gc            ] GC(104) Pause Young (Normal) (G1 Evacuation Pause) 801M->205M(1024M) 7,583ms
[2023-11-12T17:40:16.753+0100][gc,cpu        ] GC(104) User=0,05s Sys=0,02s Real=0,00s
[2023-11-12T17:40:19.068+0100][gc,start      ] GC(105) Pause Young (Normal) (G1 Evacuation Pause)
[2023-11-12T17:40:19.069+0100][gc,task       ] GC(105) Using 13 workers of 13 for evacuation
[2023-11-12T17:40:19.076+0100][gc,phases     ] GC(105)   Pre Evacuate Collection Set: 0,0ms
[2023-11-12T17:40:19.076+0100][gc,phases     ] GC(105)   Evacuate Collection Set: 6,8ms
[2023-11-12T17:40:19.076+0100][gc,phases     ] GC(105)   Post Evacuate Collection Set: 0,6ms
[2023-11-12T17:40:19.076+0100][gc,phases     ] GC(105)   Other: 0,3ms
[2023-11-12T17:40:19.076+0100][gc,heap       ] GC(105) Eden regions: 596->0(594)
[2023-11-12T17:40:19.076+0100][gc,heap       ] GC(105) Survivor regions: 18->20(77)
[2023-11-12T17:40:19.076+0100][gc,heap       ] GC(105) Old regions: 60->61
[2023-11-12T17:40:19.076+0100][gc,heap       ] GC(105) Humongous regions: 129->129
[2023-11-12T17:40:19.076+0100][gc,metaspace  ] GC(105) Metaspace: 45852K(49152K)->45852K(49152K) NonClass: 40155K(41984K)->40155K(41984K) Class: 5697K(7168K)->5697K(7168K)
[2023-11-12T17:40:19.076+0100][gc            ] GC(105) Pause Young (Normal) (G1 Evacuation Pause) 801M->207M(1024M) 7,908ms
[2023-11-12T17:40:19.076+0100][gc,cpu        ] GC(105) User=0,09s Sys=0,00s Real=0,01s
[2023-11-12T17:42:29.582+0100][gc,start      ] GC(106) Pause Young (Normal) (G1 Evacuation Pause)
[2023-11-12T17:42:29.582+0100][gc,task       ] GC(106) Using 13 workers of 13 for evacuation
[2023-11-12T17:42:29.595+0100][gc,phases     ] GC(106)   Pre Evacuate Collection Set: 0,0ms
[2023-11-12T17:42:29.595+0100][gc,phases     ] GC(106)   Evacuate Collection Set: 11,3ms
[2023-11-12T17:42:29.595+0100][gc,phases     ] GC(106)   Post Evacuate Collection Set: 1,1ms
[2023-11-12T17:42:29.595+0100][gc,phases     ] GC(106)   Other: 0,4ms
[2023-11-12T17:42:29.595+0100][gc,heap       ] GC(106) Eden regions: 594->0(592)
[2023-11-12T17:42:29.595+0100][gc,heap       ] GC(106) Survivor regions: 20->22(77)
[2023-11-12T17:42:29.595+0100][gc,heap       ] GC(106) Old regions: 61->61
[2023-11-12T17:42:29.595+0100][gc,heap       ] GC(106) Humongous regions: 129->129
[2023-11-12T17:42:29.595+0100][gc,metaspace  ] GC(106) Metaspace: 45913K(49152K)->45913K(49152K) NonClass: 40206K(41984K)->40206K(41984K) Class: 5707K(7168K)->5707K(7168K)
[2023-11-12T17:42:29.595+0100][gc            ] GC(106) Pause Young (Normal) (G1 Evacuation Pause) 801M->209M(1024M) 12,957ms
[2023-11-12T17:42:29.595+0100][gc,cpu        ] GC(106) User=0,14s Sys=0,00s Real=0,01s
[2023-11-12T17:42:35.409+0100][gc,start      ] GC(107) Pause Young (Normal) (G1 Evacuation Pause)
[2023-11-12T17:42:35.409+0100][gc,task       ] GC(107) Using 13 workers of 13 for evacuation
[2023-11-12T17:42:35.419+0100][gc,phases     ] GC(107)   Pre Evacuate Collection Set: 0,0ms
[2023-11-12T17:42:35.419+0100][gc,phases     ] GC(107)   Evacuate Collection Set: 9,0ms
[2023-11-12T17:42:35.419+0100][gc,phases     ] GC(107)   Post Evacuate Collection Set: 0,6ms
[2023-11-12T17:42:35.419+0100][gc,phases     ] GC(107)   Other: 0,3ms
[2023-11-12T17:42:35.419+0100][gc,heap       ] GC(107) Eden regions: 592->0(591)
[2023-11-12T17:42:35.419+0100][gc,heap       ] GC(107) Survivor regions: 22->23(77)
[2023-11-12T17:42:35.419+0100][gc,heap       ] GC(107) Old regions: 61->61
[2023-11-12T17:42:35.419+0100][gc,heap       ] GC(107) Humongous regions: 129->129
[2023-11-12T17:42:35.419+0100][gc,metaspace  ] GC(107) Metaspace: 45919K(49152K)->45919K(49152K) NonClass: 40211K(41984K)->40211K(41984K) Class: 5707K(7168K)->5707K(7168K)
[2023-11-12T17:42:35.419+0100][gc            ] GC(107) Pause Young (Normal) (G1 Evacuation Pause) 801M->210M(1024M) 10,107ms
[2023-11-12T17:42:35.419+0100][gc,cpu        ] GC(107) User=0,11s Sys=0,00s Real=0,01s
[2023-11-12T17:42:38.715+0100][gc,start      ] GC(108) Pause Young (Normal) (G1 Evacuation Pause)
[2023-11-12T17:42:38.715+0100][gc,task       ] GC(108) Using 13 workers of 13 for evacuation
[2023-11-12T17:42:38.724+0100][gc,phases     ] GC(108)   Pre Evacuate Collection Set: 0,0ms
[2023-11-12T17:42:38.724+0100][gc,phases     ] GC(108)   Evacuate Collection Set: 8,8ms
[2023-11-12T17:42:38.724+0100][gc,phases     ] GC(108)   Post Evacuate Collection Set: 0,6ms
[2023-11-12T17:42:38.724+0100][gc,phases     ] GC(108)   Other: 0,3ms
[2023-11-12T17:42:38.724+0100][gc,heap       ] GC(108) Eden regions: 591->0(590)
[2023-11-12T17:42:38.724+0100][gc,heap       ] GC(108) Survivor regions: 23->24(77)
[2023-11-12T17:42:38.724+0100][gc,heap       ] GC(108) Old regions: 61->61
[2023-11-12T17:42:38.724+0100][gc,heap       ] GC(108) Humongous regions: 129->129
[2023-11-12T17:42:38.724+0100][gc,metaspace  ] GC(108) Metaspace: 45943K(49152K)->45943K(49152K) NonClass: 40236K(41984K)->40236K(41984K) Class: 5707K(7168K)->5707K(7168K)
[2023-11-12T17:42:38.724+0100][gc            ] GC(108) Pause Young (Normal) (G1 Evacuation Pause) 801M->211M(1024M) 9,932ms
[2023-11-12T17:42:38.724+0100][gc,cpu        ] GC(108) User=0,11s Sys=0,00s Real=0,01s
[2023-11-12T17:42:41.620+0100][gc,start      ] GC(109) Pause Young (Normal) (G1 Evacuation Pause)
[2023-11-12T17:42:41.620+0100][gc,task       ] GC(109) Using 13 workers of 13 for evacuation
[2023-11-12T17:42:41.628+0100][gc,phases     ] GC(109)   Pre Evacuate Collection Set: 0,0ms
[2023-11-12T17:42:41.628+0100][gc,phases     ] GC(109)   Evacuate Collection Set: 8,0ms
[2023-11-12T17:42:41.628+0100][gc,phases     ] GC(109)   Post Evacuate Collection Set: 0,6ms
[2023-11-12T17:42:41.629+0100][gc,phases     ] GC(109)   Other: 0,2ms
[2023-11-12T17:42:41.629+0100][gc,heap       ] GC(109) Eden regions: 590->0(588)
[2023-11-12T17:42:41.629+0100][gc,heap       ] GC(109) Survivor regions: 24->26(77)
[2023-11-12T17:42:41.629+0100][gc,heap       ] GC(109) Old regions: 61->61
[2023-11-12T17:42:41.629+0100][gc,heap       ] GC(109) Humongous regions: 129->129
[2023-11-12T17:42:41.629+0100][gc,metaspace  ] GC(109) Metaspace: 45943K(49152K)->45943K(49152K) NonClass: 40236K(41984K)->40236K(41984K) Class: 5707K(7168K)->5707K(7168K)
[2023-11-12T17:42:41.629+0100][gc            ] GC(109) Pause Young (Normal) (G1 Evacuation Pause) 801M->213M(1024M) 8,931ms
[2023-11-12T17:42:41.629+0100][gc,cpu        ] GC(109) User=0,10s Sys=0,00s Real=0,01s
[2023-11-12T17:42:43.922+0100][gc,start      ] GC(110) Pause Young (Normal) (G1 Evacuation Pause)
[2023-11-12T17:42:43.922+0100][gc,task       ] GC(110) Using 13 workers of 13 for evacuation
[2023-11-12T17:42:43.932+0100][gc,phases     ] GC(110)   Pre Evacuate Collection Set: 0,0ms
[2023-11-12T17:42:43.932+0100][gc,phases     ] GC(110)   Evacuate Collection Set: 8,6ms
[2023-11-12T17:42:43.932+0100][gc,phases     ] GC(110)   Post Evacuate Collection Set: 0,5ms
[2023-11-12T17:42:43.932+0100][gc,phases     ] GC(110)   Other: 0,3ms
[2023-11-12T17:42:43.932+0100][gc,heap       ] GC(110) Eden regions: 588->0(587)
[2023-11-12T17:42:43.932+0100][gc,heap       ] GC(110) Survivor regions: 26->27(77)
[2023-11-12T17:42:43.932+0100][gc,heap       ] GC(110) Old regions: 61->61
[2023-11-12T17:42:43.932+0100][gc,heap       ] GC(110) Humongous regions: 129->129
[2023-11-12T17:42:43.932+0100][gc,metaspace  ] GC(110) Metaspace: 45945K(49152K)->45945K(49152K) NonClass: 40237K(41984K)->40237K(41984K) Class: 5707K(7168K)->5707K(7168K)
[2023-11-12T17:42:43.932+0100][gc            ] GC(110) Pause Young (Normal) (G1 Evacuation Pause) 801M->214M(1024M) 9,521ms
[2023-11-12T17:42:43.932+0100][gc,cpu        ] GC(110) User=0,09s Sys=0,02s Real=0,00s
[2023-11-12T17:42:45.937+0100][gc,start      ] GC(111) Pause Young (Normal) (G1 Evacuation Pause)
[2023-11-12T17:42:45.937+0100][gc,task       ] GC(111) Using 13 workers of 13 for evacuation
[2023-11-12T17:42:45.946+0100][gc,phases     ] GC(111)   Pre Evacuate Collection Set: 0,0ms
[2023-11-12T17:42:45.946+0100][gc,phases     ] GC(111)   Evacuate Collection Set: 8,1ms
[2023-11-12T17:42:45.946+0100][gc,phases     ] GC(111)   Post Evacuate Collection Set: 0,6ms
[2023-11-12T17:42:45.946+0100][gc,phases     ] GC(111)   Other: 0,3ms
[2023-11-12T17:42:45.946+0100][gc,heap       ] GC(111) Eden regions: 587->0(586)
[2023-11-12T17:42:45.946+0100][gc,heap       ] GC(111) Survivor regions: 27->28(77)
[2023-11-12T17:42:45.946+0100][gc,heap       ] GC(111) Old regions: 61->61
[2023-11-12T17:42:45.946+0100][gc,heap       ] GC(111) Humongous regions: 129->129
[2023-11-12T17:42:45.946+0100][gc,metaspace  ] GC(111) Metaspace: 45946K(49152K)->45946K(49152K) NonClass: 40239K(41984K)->40239K(41984K) Class: 5707K(7168K)->5707K(7168K)
[2023-11-12T17:42:45.946+0100][gc            ] GC(111) Pause Young (Normal) (G1 Evacuation Pause) 801M->215M(1024M) 9,097ms
[2023-11-12T17:42:45.946+0100][gc,cpu        ] GC(111) User=0,09s Sys=0,01s Real=0,01s
[2023-11-12T17:42:47.924+0100][gc,start      ] GC(112) Pause Young (Normal) (G1 Evacuation Pause)
[2023-11-12T17:42:47.924+0100][gc,task       ] GC(112) Using 13 workers of 13 for evacuation
[2023-11-12T17:42:47.934+0100][gc,phases     ] GC(112)   Pre Evacuate Collection Set: 0,0ms
[2023-11-12T17:42:47.934+0100][gc,phases     ] GC(112)   Evacuate Collection Set: 9,0ms
[2023-11-12T17:42:47.934+0100][gc,phases     ] GC(112)   Post Evacuate Collection Set: 0,5ms
[2023-11-12T17:42:47.934+0100][gc,phases     ] GC(112)   Other: 0,3ms
[2023-11-12T17:42:47.934+0100][gc,heap       ] GC(112) Eden regions: 586->0(587)
[2023-11-12T17:42:47.934+0100][gc,heap       ] GC(112) Survivor regions: 28->27(77)
[2023-11-12T17:42:47.934+0100][gc,heap       ] GC(112) Old regions: 61->62
[2023-11-12T17:42:47.934+0100][gc,heap       ] GC(112) Humongous regions: 129->129
[2023-11-12T17:42:47.934+0100][gc,metaspace  ] GC(112) Metaspace: 45955K(49152K)->45955K(49152K) NonClass: 40248K(41984K)->40248K(41984K) Class: 5707K(7168K)->5707K(7168K)
[2023-11-12T17:42:47.934+0100][gc            ] GC(112) Pause Young (Normal) (G1 Evacuation Pause) 801M->215M(1024M) 9,908ms
[2023-11-12T17:42:47.934+0100][gc,cpu        ] GC(112) User=0,08s Sys=0,04s Real=0,01s
[2023-11-12T17:42:49.932+0100][gc,start      ] GC(113) Pause Young (Normal) (G1 Evacuation Pause)
[2023-11-12T17:42:49.932+0100][gc,task       ] GC(113) Using 13 workers of 13 for evacuation
[2023-11-12T17:42:49.941+0100][gc,phases     ] GC(113)   Pre Evacuate Collection Set: 0,0ms
[2023-11-12T17:42:49.941+0100][gc,phases     ] GC(113)   Evacuate Collection Set: 8,7ms
[2023-11-12T17:42:49.941+0100][gc,phases     ] GC(113)   Post Evacuate Collection Set: 0,6ms
[2023-11-12T17:42:49.941+0100][gc,phases     ] GC(113)   Other: 0,2ms
[2023-11-12T17:42:49.941+0100][gc,heap       ] GC(113) Eden regions: 587->0(589)
[2023-11-12T17:42:49.941+0100][gc,heap       ] GC(113) Survivor regions: 27->25(77)
[2023-11-12T17:42:49.941+0100][gc,heap       ] GC(113) Old regions: 62->65
[2023-11-12T17:42:49.941+0100][gc,heap       ] GC(113) Humongous regions: 129->129
[2023-11-12T17:42:49.941+0100][gc,metaspace  ] GC(113) Metaspace: 45955K(49152K)->45955K(49152K) NonClass: 40248K(41984K)->40248K(41984K) Class: 5707K(7168K)->5707K(7168K)
[2023-11-12T17:42:49.941+0100][gc            ] GC(113) Pause Young (Normal) (G1 Evacuation Pause) 802M->216M(1024M) 9,630ms
[2023-11-12T17:42:49.941+0100][gc,cpu        ] GC(113) User=0,10s Sys=0,01s Real=0,02s
[2023-11-12T17:42:51.811+0100][gc,start      ] GC(114) Pause Young (Normal) (G1 Evacuation Pause)
[2023-11-12T17:42:51.811+0100][gc,task       ] GC(114) Using 13 workers of 13 for evacuation
[2023-11-12T17:42:51.822+0100][gc,phases     ] GC(114)   Pre Evacuate Collection Set: 0,0ms
[2023-11-12T17:42:51.822+0100][gc,phases     ] GC(114)   Evacuate Collection Set: 9,3ms
[2023-11-12T17:42:51.822+0100][gc,phases     ] GC(114)   Post Evacuate Collection Set: 0,7ms
[2023-11-12T17:42:51.822+0100][gc,phases     ] GC(114)   Other: 0,2ms
[2023-11-12T17:42:51.822+0100][gc,heap       ] GC(114) Eden regions: 589->0(589)
[2023-11-12T17:42:51.822+0100][gc,heap       ] GC(114) Survivor regions: 25->25(77)
[2023-11-12T17:42:51.822+0100][gc,heap       ] GC(114) Old regions: 65->67
[2023-11-12T17:42:51.822+0100][gc,heap       ] GC(114) Humongous regions: 129->129
[2023-11-12T17:42:51.822+0100][gc,metaspace  ] GC(114) Metaspace: 45966K(49152K)->45966K(49152K) NonClass: 40258K(41984K)->40258K(41984K) Class: 5707K(7168K)->5707K(7168K)
[2023-11-12T17:42:51.822+0100][gc            ] GC(114) Pause Young (Normal) (G1 Evacuation Pause) 805M->219M(1024M) 10,350ms
[2023-11-12T17:42:51.822+0100][gc,cpu        ] GC(114) User=0,11s Sys=0,01s Real=0,02s
[2023-11-12T17:42:53.611+0100][gc,start      ] GC(115) Pause Young (Normal) (G1 Evacuation Pause)
[2023-11-12T17:42:53.611+0100][gc,task       ] GC(115) Using 13 workers of 13 for evacuation
[2023-11-12T17:42:53.621+0100][gc,phases     ] GC(115)   Pre Evacuate Collection Set: 0,0ms
[2023-11-12T17:42:53.621+0100][gc,phases     ] GC(115)   Evacuate Collection Set: 8,2ms
[2023-11-12T17:42:53.621+0100][gc,phases     ] GC(115)   Post Evacuate Collection Set: 0,7ms
[2023-11-12T17:42:53.621+0100][gc,phases     ] GC(115)   Other: 0,2ms
[2023-11-12T17:42:53.621+0100][gc,heap       ] GC(115) Eden regions: 589->0(591)
[2023-11-12T17:42:53.621+0100][gc,heap       ] GC(115) Survivor regions: 25->23(77)
[2023-11-12T17:42:53.621+0100][gc,heap       ] GC(115) Old regions: 67->70
[2023-11-12T17:42:53.621+0100][gc,heap       ] GC(115) Humongous regions: 129->129
[2023-11-12T17:42:53.621+0100][gc,metaspace  ] GC(115) Metaspace: 45967K(49152K)->45967K(49152K) NonClass: 40260K(41984K)->40260K(41984K) Class: 5707K(7168K)->5707K(7168K)
[2023-11-12T17:42:53.621+0100][gc            ] GC(115) Pause Young (Normal) (G1 Evacuation Pause) 808M->220M(1024M) 9,230ms
[2023-11-12T17:42:53.621+0100][gc,cpu        ] GC(115) User=0,11s Sys=0,01s Real=0,01s
[2023-11-12T17:42:55.385+0100][gc,start      ] GC(116) Pause Young (Normal) (G1 Evacuation Pause)
[2023-11-12T17:42:55.385+0100][gc,task       ] GC(116) Using 13 workers of 13 for evacuation
[2023-11-12T17:42:55.394+0100][gc,phases     ] GC(116)   Pre Evacuate Collection Set: 0,0ms
[2023-11-12T17:42:55.394+0100][gc,phases     ] GC(116)   Evacuate Collection Set: 8,5ms
[2023-11-12T17:42:55.394+0100][gc,phases     ] GC(116)   Post Evacuate Collection Set: 0,5ms
[2023-11-12T17:42:55.394+0100][gc,phases     ] GC(116)   Other: 0,2ms
[2023-11-12T17:42:55.394+0100][gc,heap       ] GC(116) Eden regions: 591->0(592)
[2023-11-12T17:42:55.394+0100][gc,heap       ] GC(116) Survivor regions: 23->22(77)
[2023-11-12T17:42:55.394+0100][gc,heap       ] GC(116) Old regions: 70->72
[2023-11-12T17:42:55.394+0100][gc,heap       ] GC(116) Humongous regions: 129->129
[2023-11-12T17:42:55.394+0100][gc,metaspace  ] GC(116) Metaspace: 46005K(49152K)->46005K(49152K) NonClass: 40298K(41984K)->40298K(41984K) Class: 5707K(7168K)->5707K(7168K)
[2023-11-12T17:42:55.394+0100][gc            ] GC(116) Pause Young (Normal) (G1 Evacuation Pause) 811M->221M(1024M) 9,383ms
[2023-11-12T17:42:55.395+0100][gc,cpu        ] GC(116) User=0,09s Sys=0,00s Real=0,01s
[2023-11-12T17:42:56.990+0100][gc,start      ] GC(117) Pause Young (Normal) (G1 Evacuation Pause)
[2023-11-12T17:42:56.991+0100][gc,task       ] GC(117) Using 13 workers of 13 for evacuation
[2023-11-12T17:42:56.999+0100][gc,phases     ] GC(117)   Pre Evacuate Collection Set: 0,0ms
[2023-11-12T17:42:56.999+0100][gc,phases     ] GC(117)   Evacuate Collection Set: 7,7ms
[2023-11-12T17:42:56.999+0100][gc,phases     ] GC(117)   Post Evacuate Collection Set: 0,5ms
[2023-11-12T17:42:56.999+0100][gc,phases     ] GC(117)   Other: 0,2ms
[2023-11-12T17:42:56.999+0100][gc,heap       ] GC(117) Eden regions: 592->0(593)
[2023-11-12T17:42:56.999+0100][gc,heap       ] GC(117) Survivor regions: 22->21(77)
[2023-11-12T17:42:56.999+0100][gc,heap       ] GC(117) Old regions: 72->75
[2023-11-12T17:42:56.999+0100][gc,heap       ] GC(117) Humongous regions: 129->129
[2023-11-12T17:42:56.999+0100][gc,metaspace  ] GC(117) Metaspace: 46005K(49152K)->46005K(49152K) NonClass: 40298K(41984K)->40298K(41984K) Class: 5707K(7168K)->5707K(7168K)
[2023-11-12T17:42:56.999+0100][gc            ] GC(117) Pause Young (Normal) (G1 Evacuation Pause) 813M->222M(1024M) 8,586ms
[2023-11-12T17:42:56.999+0100][gc,cpu        ] GC(117) User=0,10s Sys=0,00s Real=0,01s
[2023-11-12T17:42:58.549+0100][gc,start      ] GC(118) Pause Young (Normal) (G1 Evacuation Pause)
[2023-11-12T17:42:58.549+0100][gc,task       ] GC(118) Using 13 workers of 13 for evacuation
[2023-11-12T17:42:58.554+0100][gc,phases     ] GC(118)   Pre Evacuate Collection Set: 0,0ms
[2023-11-12T17:42:58.554+0100][gc,phases     ] GC(118)   Evacuate Collection Set: 4,6ms
[2023-11-12T17:42:58.554+0100][gc,phases     ] GC(118)   Post Evacuate Collection Set: 0,7ms
[2023-11-12T17:42:58.554+0100][gc,phases     ] GC(118)   Other: 0,2ms
[2023-11-12T17:42:58.554+0100][gc,heap       ] GC(118) Eden regions: 593->0(606)
[2023-11-12T17:42:58.554+0100][gc,heap       ] GC(118) Survivor regions: 21->8(77)
[2023-11-12T17:42:58.554+0100][gc,heap       ] GC(118) Old regions: 75->75
[2023-11-12T17:42:58.554+0100][gc,heap       ] GC(118) Humongous regions: 129->129
[2023-11-12T17:42:58.554+0100][gc,metaspace  ] GC(118) Metaspace: 46030K(49152K)->46030K(49152K) NonClass: 40323K(41984K)->40323K(41984K) Class: 5707K(7168K)->5707K(7168K)
[2023-11-12T17:42:58.554+0100][gc            ] GC(118) Pause Young (Normal) (G1 Evacuation Pause) 815M->209M(1024M) 5,680ms
[2023-11-12T17:42:58.554+0100][gc,cpu        ] GC(118) User=0,04s Sys=0,00s Real=0,01s
[2023-11-12T17:43:00.118+0100][gc,start      ] GC(119) Pause Young (Normal) (G1 Evacuation Pause)
[2023-11-12T17:43:00.118+0100][gc,task       ] GC(119) Using 13 workers of 13 for evacuation
[2023-11-12T17:43:00.122+0100][gc,phases     ] GC(119)   Pre Evacuate Collection Set: 0,0ms
[2023-11-12T17:43:00.123+0100][gc,phases     ] GC(119)   Evacuate Collection Set: 3,6ms
[2023-11-12T17:43:00.123+0100][gc,phases     ] GC(119)   Post Evacuate Collection Set: 0,6ms
[2023-11-12T17:43:00.123+0100][gc,phases     ] GC(119)   Other: 0,2ms
[2023-11-12T17:43:00.123+0100][gc,heap       ] GC(119) Eden regions: 606->0(607)
[2023-11-12T17:43:00.123+0100][gc,heap       ] GC(119) Survivor regions: 8->7(77)
[2023-11-12T17:43:00.123+0100][gc,heap       ] GC(119) Old regions: 75->75
[2023-11-12T17:43:00.123+0100][gc,heap       ] GC(119) Humongous regions: 129->129
[2023-11-12T17:43:00.123+0100][gc,metaspace  ] GC(119) Metaspace: 46044K(49152K)->46044K(49152K) NonClass: 40337K(41984K)->40337K(41984K) Class: 5707K(7168K)->5707K(7168K)
[2023-11-12T17:43:00.123+0100][gc            ] GC(119) Pause Young (Normal) (G1 Evacuation Pause) 815M->209M(1024M) 4,521ms
[2023-11-12T17:43:00.123+0100][gc,cpu        ] GC(119) User=0,05s Sys=0,00s Real=0,01s
[2023-11-12T17:43:01.659+0100][gc,start      ] GC(120) Pause Young (Normal) (G1 Evacuation Pause)
[2023-11-12T17:43:01.659+0100][gc,task       ] GC(120) Using 13 workers of 13 for evacuation
[2023-11-12T17:43:01.664+0100][gc,phases     ] GC(120)   Pre Evacuate Collection Set: 0,0ms
[2023-11-12T17:43:01.664+0100][gc,phases     ] GC(120)   Evacuate Collection Set: 4,0ms
[2023-11-12T17:43:01.664+0100][gc,phases     ] GC(120)   Post Evacuate Collection Set: 0,6ms
[2023-11-12T17:43:01.664+0100][gc,phases     ] GC(120)   Other: 0,2ms
[2023-11-12T17:43:01.664+0100][gc,heap       ] GC(120) Eden regions: 607->0(606)
[2023-11-12T17:43:01.664+0100][gc,heap       ] GC(120) Survivor regions: 7->8(77)
[2023-11-12T17:43:01.664+0100][gc,heap       ] GC(120) Old regions: 75->75
[2023-11-12T17:43:01.664+0100][gc,heap       ] GC(120) Humongous regions: 129->129
[2023-11-12T17:43:01.664+0100][gc,metaspace  ] GC(120) Metaspace: 46044K(49152K)->46044K(49152K) NonClass: 40337K(41984K)->40337K(41984K) Class: 5707K(7168K)->5707K(7168K)
[2023-11-12T17:43:01.664+0100][gc            ] GC(120) Pause Young (Normal) (G1 Evacuation Pause) 816M->210M(1024M) 4,889ms
[2023-11-12T17:43:01.664+0100][gc,cpu        ] GC(120) User=0,05s Sys=0,00s Real=0,01s
[2023-11-12T17:43:03.143+0100][gc,start      ] GC(121) Pause Young (Normal) (G1 Evacuation Pause)
[2023-11-12T17:43:03.143+0100][gc,task       ] GC(121) Using 13 workers of 13 for evacuation
[2023-11-12T17:43:03.149+0100][gc,phases     ] GC(121)   Pre Evacuate Collection Set: 0,0ms
[2023-11-12T17:43:03.149+0100][gc,phases     ] GC(121)   Evacuate Collection Set: 5,1ms
[2023-11-12T17:43:03.149+0100][gc,phases     ] GC(121)   Post Evacuate Collection Set: 0,5ms
[2023-11-12T17:43:03.149+0100][gc,phases     ] GC(121)   Other: 0,2ms
[2023-11-12T17:43:03.149+0100][gc,heap       ] GC(121) Eden regions: 606->0(605)
[2023-11-12T17:43:03.149+0100][gc,heap       ] GC(121) Survivor regions: 8->9(77)
[2023-11-12T17:43:03.149+0100][gc,heap       ] GC(121) Old regions: 75->76
[2023-11-12T17:43:03.149+0100][gc,heap       ] GC(121) Humongous regions: 129->129
[2023-11-12T17:43:03.149+0100][gc,metaspace  ] GC(121) Metaspace: 46055K(49152K)->46055K(49152K) NonClass: 40348K(41984K)->40348K(41984K) Class: 5707K(7168K)->5707K(7168K)
[2023-11-12T17:43:03.149+0100][gc            ] GC(121) Pause Young (Normal) (G1 Evacuation Pause) 816M->211M(1024M) 5,916ms
[2023-11-12T17:43:03.149+0100][gc,cpu        ] GC(121) User=0,05s Sys=0,01s Real=0,00s
[2023-11-12T17:43:04.624+0100][gc,start      ] GC(122) Pause Young (Normal) (G1 Evacuation Pause)
[2023-11-12T17:43:04.624+0100][gc,task       ] GC(122) Using 13 workers of 13 for evacuation
[2023-11-12T17:43:04.630+0100][gc,phases     ] GC(122)   Pre Evacuate Collection Set: 0,0ms
[2023-11-12T17:43:04.630+0100][gc,phases     ] GC(122)   Evacuate Collection Set: 4,6ms
[2023-11-12T17:43:04.630+0100][gc,phases     ] GC(122)   Post Evacuate Collection Set: 0,6ms
[2023-11-12T17:43:04.630+0100][gc,phases     ] GC(122)   Other: 0,2ms
[2023-11-12T17:43:04.630+0100][gc,heap       ] GC(122) Eden regions: 605->0(603)
[2023-11-12T17:43:04.630+0100][gc,heap       ] GC(122) Survivor regions: 9->11(77)
[2023-11-12T17:43:04.630+0100][gc,heap       ] GC(122) Old regions: 76->76
[2023-11-12T17:43:04.630+0100][gc,heap       ] GC(122) Humongous regions: 129->129
[2023-11-12T17:43:04.630+0100][gc,metaspace  ] GC(122) Metaspace: 46055K(49152K)->46055K(49152K) NonClass: 40348K(41984K)->40348K(41984K) Class: 5707K(7168K)->5707K(7168K)
[2023-11-12T17:43:04.630+0100][gc            ] GC(122) Pause Young (Normal) (G1 Evacuation Pause) 816M->213M(1024M) 5,505ms
[2023-11-12T17:43:04.630+0100][gc,cpu        ] GC(122) User=0,06s Sys=0,01s Real=0,00s
[2023-11-12T17:43:06.028+0100][gc,start      ] GC(123) Pause Young (Normal) (G1 Evacuation Pause)
[2023-11-12T17:43:06.028+0100][gc,task       ] GC(123) Using 13 workers of 13 for evacuation
[2023-11-12T17:43:06.035+0100][gc,phases     ] GC(123)   Pre Evacuate Collection Set: 0,0ms
[2023-11-12T17:43:06.035+0100][gc,phases     ] GC(123)   Evacuate Collection Set: 6,1ms
[2023-11-12T17:43:06.035+0100][gc,phases     ] GC(123)   Post Evacuate Collection Set: 0,5ms
[2023-11-12T17:43:06.035+0100][gc,phases     ] GC(123)   Other: 0,2ms
[2023-11-12T17:43:06.035+0100][gc,heap       ] GC(123) Eden regions: 603->0(603)
[2023-11-12T17:43:06.035+0100][gc,heap       ] GC(123) Survivor regions: 11->11(77)
[2023-11-12T17:43:06.035+0100][gc,heap       ] GC(123) Old regions: 76->76
[2023-11-12T17:43:06.035+0100][gc,heap       ] GC(123) Humongous regions: 129->129
[2023-11-12T17:43:06.035+0100][gc,metaspace  ] GC(123) Metaspace: 46055K(49152K)->46055K(49152K) NonClass: 40348K(41984K)->40348K(41984K) Class: 5707K(7168K)->5707K(7168K)
[2023-11-12T17:43:06.035+0100][gc            ] GC(123) Pause Young (Normal) (G1 Evacuation Pause) 816M->214M(1024M) 6,922ms
[2023-11-12T17:43:06.035+0100][gc,cpu        ] GC(123) User=0,05s Sys=0,02s Real=0,01s
[2023-11-12T17:43:07.454+0100][gc,start      ] GC(124) Pause Young (Normal) (G1 Evacuation Pause)
[2023-11-12T17:43:07.454+0100][gc,task       ] GC(124) Using 13 workers of 13 for evacuation
[2023-11-12T17:43:07.460+0100][gc,phases     ] GC(124)   Pre Evacuate Collection Set: 0,0ms
[2023-11-12T17:43:07.460+0100][gc,phases     ] GC(124)   Evacuate Collection Set: 5,6ms
[2023-11-12T17:43:07.460+0100][gc,phases     ] GC(124)   Post Evacuate Collection Set: 0,5ms
[2023-11-12T17:43:07.460+0100][gc,phases     ] GC(124)   Other: 0,2ms
[2023-11-12T17:43:07.460+0100][gc,heap       ] GC(124) Eden regions: 603->0(601)
[2023-11-12T17:43:07.460+0100][gc,heap       ] GC(124) Survivor regions: 11->13(77)
[2023-11-12T17:43:07.461+0100][gc,heap       ] GC(124) Old regions: 76->77
[2023-11-12T17:43:07.461+0100][gc,heap       ] GC(124) Humongous regions: 129->129
[2023-11-12T17:43:07.461+0100][gc,metaspace  ] GC(124) Metaspace: 46080K(49152K)->46080K(49152K) NonClass: 40373K(41984K)->40373K(41984K) Class: 5707K(7168K)->5707K(7168K)
[2023-11-12T17:43:07.461+0100][gc            ] GC(124) Pause Young (Normal) (G1 Evacuation Pause) 817M->216M(1024M) 6,458ms
[2023-11-12T17:43:07.461+0100][gc,cpu        ] GC(124) User=0,06s Sys=0,01s Real=0,00s
[2023-11-12T17:43:08.862+0100][gc,start      ] GC(125) Pause Young (Normal) (G1 Evacuation Pause)
[2023-11-12T17:43:08.862+0100][gc,task       ] GC(125) Using 13 workers of 13 for evacuation
[2023-11-12T17:43:08.869+0100][gc,phases     ] GC(125)   Pre Evacuate Collection Set: 0,0ms
[2023-11-12T17:43:08.869+0100][gc,phases     ] GC(125)   Evacuate Collection Set: 5,8ms
[2023-11-12T17:43:08.869+0100][gc,phases     ] GC(125)   Post Evacuate Collection Set: 0,5ms
[2023-11-12T17:43:08.869+0100][gc,phases     ] GC(125)   Other: 0,2ms
[2023-11-12T17:43:08.869+0100][gc,heap       ] GC(125) Eden regions: 601->0(600)
[2023-11-12T17:43:08.869+0100][gc,heap       ] GC(125) Survivor regions: 13->14(77)
[2023-11-12T17:43:08.869+0100][gc,heap       ] GC(125) Old regions: 77->77
[2023-11-12T17:43:08.869+0100][gc,heap       ] GC(125) Humongous regions: 129->129
[2023-11-12T17:43:08.869+0100][gc,metaspace  ] GC(125) Metaspace: 46083K(49152K)->46083K(49152K) NonClass: 40375K(41984K)->40375K(41984K) Class: 5707K(7168K)->5707K(7168K)
[2023-11-12T17:43:08.869+0100][gc            ] GC(125) Pause Young (Normal) (G1 Evacuation Pause) 817M->217M(1024M) 6,636ms
[2023-11-12T17:43:08.869+0100][gc,cpu        ] GC(125) User=0,05s Sys=0,01s Real=0,00s
[2023-11-12T17:43:10.288+0100][gc,start      ] GC(126) Pause Young (Normal) (G1 Evacuation Pause)
[2023-11-12T17:43:10.288+0100][gc,task       ] GC(126) Using 13 workers of 13 for evacuation
[2023-11-12T17:43:10.294+0100][gc,phases     ] GC(126)   Pre Evacuate Collection Set: 0,0ms
[2023-11-12T17:43:10.294+0100][gc,phases     ] GC(126)   Evacuate Collection Set: 5,7ms
[2023-11-12T17:43:10.294+0100][gc,phases     ] GC(126)   Post Evacuate Collection Set: 0,6ms
[2023-11-12T17:43:10.294+0100][gc,phases     ] GC(126)   Other: 0,2ms
[2023-11-12T17:43:10.294+0100][gc,heap       ] GC(126) Eden regions: 600->0(599)
[2023-11-12T17:43:10.294+0100][gc,heap       ] GC(126) Survivor regions: 14->15(77)
[2023-11-12T17:43:10.294+0100][gc,heap       ] GC(126) Old regions: 77->77
[2023-11-12T17:43:10.294+0100][gc,heap       ] GC(126) Humongous regions: 129->129
[2023-11-12T17:43:10.294+0100][gc,metaspace  ] GC(126) Metaspace: 46083K(49152K)->46083K(49152K) NonClass: 40375K(41984K)->40375K(41984K) Class: 5707K(7168K)->5707K(7168K)
[2023-11-12T17:43:10.294+0100][gc            ] GC(126) Pause Young (Normal) (G1 Evacuation Pause) 817M->218M(1024M) 6,651ms
[2023-11-12T17:43:10.294+0100][gc,cpu        ] GC(126) User=0,07s Sys=0,01s Real=0,01s
[2023-11-12T17:43:11.739+0100][gc,start      ] GC(127) Pause Young (Normal) (G1 Evacuation Pause)
[2023-11-12T17:43:11.739+0100][gc,task       ] GC(127) Using 13 workers of 13 for evacuation
[2023-11-12T17:43:11.745+0100][gc,phases     ] GC(127)   Pre Evacuate Collection Set: 0,0ms
[2023-11-12T17:43:11.745+0100][gc,phases     ] GC(127)   Evacuate Collection Set: 5,6ms
[2023-11-12T17:43:11.745+0100][gc,phases     ] GC(127)   Post Evacuate Collection Set: 0,6ms
[2023-11-12T17:43:11.745+0100][gc,phases     ] GC(127)   Other: 0,2ms
[2023-11-12T17:43:11.745+0100][gc,heap       ] GC(127) Eden regions: 599->0(598)
[2023-11-12T17:43:11.745+0100][gc,heap       ] GC(127) Survivor regions: 15->16(77)
[2023-11-12T17:43:11.745+0100][gc,heap       ] GC(127) Old regions: 77->78
[2023-11-12T17:43:11.745+0100][gc,heap       ] GC(127) Humongous regions: 129->129
[2023-11-12T17:43:11.745+0100][gc,metaspace  ] GC(127) Metaspace: 46083K(49152K)->46083K(49152K) NonClass: 40375K(41984K)->40375K(41984K) Class: 5707K(7168K)->5707K(7168K)
[2023-11-12T17:43:11.745+0100][gc            ] GC(127) Pause Young (Normal) (G1 Evacuation Pause) 817M->219M(1024M) 6,664ms
[2023-11-12T17:43:11.745+0100][gc,cpu        ] GC(127) User=0,05s Sys=0,01s Real=0,01s
[2023-11-12T17:43:13.194+0100][gc,start      ] GC(128) Pause Young (Normal) (G1 Evacuation Pause)
[2023-11-12T17:43:13.194+0100][gc,task       ] GC(128) Using 13 workers of 13 for evacuation
[2023-11-12T17:43:13.201+0100][gc,phases     ] GC(128)   Pre Evacuate Collection Set: 0,0ms
[2023-11-12T17:43:13.201+0100][gc,phases     ] GC(128)   Evacuate Collection Set: 6,0ms
[2023-11-12T17:43:13.201+0100][gc,phases     ] GC(128)   Post Evacuate Collection Set: 0,6ms
[2023-11-12T17:43:13.201+0100][gc,phases     ] GC(128)   Other: 0,2ms
[2023-11-12T17:43:13.201+0100][gc,heap       ] GC(128) Eden regions: 598->0(597)
[2023-11-12T17:43:13.201+0100][gc,heap       ] GC(128) Survivor regions: 16->17(77)
[2023-11-12T17:43:13.201+0100][gc,heap       ] GC(128) Old regions: 78->78
[2023-11-12T17:43:13.201+0100][gc,heap       ] GC(128) Humongous regions: 129->129
[2023-11-12T17:43:13.201+0100][gc,metaspace  ] GC(128) Metaspace: 46083K(49152K)->46083K(49152K) NonClass: 40375K(41984K)->40375K(41984K) Class: 5707K(7168K)->5707K(7168K)
[2023-11-12T17:43:13.201+0100][gc            ] GC(128) Pause Young (Normal) (G1 Evacuation Pause) 817M->221M(1024M) 6,919ms
[2023-11-12T17:43:13.201+0100][gc,cpu        ] GC(128) User=0,06s Sys=0,02s Real=0,00s
[2023-11-12T17:43:14.662+0100][gc,start      ] GC(129) Pause Young (Normal) (G1 Evacuation Pause)
[2023-11-12T17:43:14.662+0100][gc,task       ] GC(129) Using 13 workers of 13 for evacuation
[2023-11-12T17:43:14.669+0100][gc,phases     ] GC(129)   Pre Evacuate Collection Set: 0,0ms
[2023-11-12T17:43:14.669+0100][gc,phases     ] GC(129)   Evacuate Collection Set: 6,3ms
[2023-11-12T17:43:14.669+0100][gc,phases     ] GC(129)   Post Evacuate Collection Set: 0,6ms
[2023-11-12T17:43:14.669+0100][gc,phases     ] GC(129)   Other: 0,2ms
[2023-11-12T17:43:14.669+0100][gc,heap       ] GC(129) Eden regions: 597->0(596)
[2023-11-12T17:43:14.669+0100][gc,heap       ] GC(129) Survivor regions: 17->18(77)
[2023-11-12T17:43:14.669+0100][gc,heap       ] GC(129) Old regions: 78->78
[2023-11-12T17:43:14.669+0100][gc,heap       ] GC(129) Humongous regions: 129->129
[2023-11-12T17:43:14.669+0100][gc,metaspace  ] GC(129) Metaspace: 46084K(49152K)->46084K(49152K) NonClass: 40377K(41984K)->40377K(41984K) Class: 5707K(7168K)->5707K(7168K)
[2023-11-12T17:43:14.669+0100][gc            ] GC(129) Pause Young (Normal) (G1 Evacuation Pause) 818M->223M(1024M) 7,205ms
[2023-11-12T17:43:14.669+0100][gc,cpu        ] GC(129) User=0,07s Sys=0,02s Real=0,00s
[2023-11-12T17:43:16.127+0100][gc,start      ] GC(130) Pause Young (Normal) (G1 Evacuation Pause)
[2023-11-12T17:43:16.127+0100][gc,task       ] GC(130) Using 13 workers of 13 for evacuation
[2023-11-12T17:43:16.134+0100][gc,phases     ] GC(130)   Pre Evacuate Collection Set: 0,0ms
[2023-11-12T17:43:16.134+0100][gc,phases     ] GC(130)   Evacuate Collection Set: 6,8ms
[2023-11-12T17:43:16.134+0100][gc,phases     ] GC(130)   Post Evacuate Collection Set: 0,5ms
[2023-11-12T17:43:16.134+0100][gc,phases     ] GC(130)   Other: 0,2ms
[2023-11-12T17:43:16.134+0100][gc,heap       ] GC(130) Eden regions: 596->0(594)
[2023-11-12T17:43:16.134+0100][gc,heap       ] GC(130) Survivor regions: 18->20(77)
[2023-11-12T17:43:16.134+0100][gc,heap       ] GC(130) Old regions: 78->78
[2023-11-12T17:43:16.134+0100][gc,heap       ] GC(130) Humongous regions: 129->129
[2023-11-12T17:43:16.134+0100][gc,metaspace  ] GC(130) Metaspace: 46084K(49152K)->46084K(49152K) NonClass: 40377K(41984K)->40377K(41984K) Class: 5707K(7168K)->5707K(7168K)
[2023-11-12T17:43:16.134+0100][gc            ] GC(130) Pause Young (Normal) (G1 Evacuation Pause) 819M->225M(1024M) 7,621ms
[2023-11-12T17:43:16.134+0100][gc,cpu        ] GC(130) User=0,05s Sys=0,03s Real=0,01s
[2023-11-12T17:43:17.584+0100][gc,start      ] GC(131) Pause Young (Normal) (G1 Evacuation Pause)
[2023-11-12T17:43:17.584+0100][gc,task       ] GC(131) Using 13 workers of 13 for evacuation
[2023-11-12T17:43:17.591+0100][gc,phases     ] GC(131)   Pre Evacuate Collection Set: 0,0ms
[2023-11-12T17:43:17.591+0100][gc,phases     ] GC(131)   Evacuate Collection Set: 6,7ms
[2023-11-12T17:43:17.591+0100][gc,phases     ] GC(131)   Post Evacuate Collection Set: 0,5ms
[2023-11-12T17:43:17.591+0100][gc,phases     ] GC(131)   Other: 0,2ms
[2023-11-12T17:43:17.591+0100][gc,heap       ] GC(131) Eden regions: 594->0(593)
[2023-11-12T17:43:17.591+0100][gc,heap       ] GC(131) Survivor regions: 20->21(77)
[2023-11-12T17:43:17.591+0100][gc,heap       ] GC(131) Old regions: 78->79
[2023-11-12T17:43:17.591+0100][gc,heap       ] GC(131) Humongous regions: 129->129
[2023-11-12T17:43:17.591+0100][gc,metaspace  ] GC(131) Metaspace: 46084K(49152K)->46084K(49152K) NonClass: 40377K(41984K)->40377K(41984K) Class: 5707K(7168K)->5707K(7168K)
[2023-11-12T17:43:17.591+0100][gc            ] GC(131) Pause Young (Normal) (G1 Evacuation Pause) 819M->226M(1024M) 7,572ms
[2023-11-12T17:43:17.591+0100][gc,cpu        ] GC(131) User=0,08s Sys=0,00s Real=0,00s
[2023-11-12T17:43:19.012+0100][gc,start      ] GC(132) Pause Young (Normal) (G1 Evacuation Pause)
[2023-11-12T17:43:19.012+0100][gc,task       ] GC(132) Using 13 workers of 13 for evacuation
[2023-11-12T17:43:19.021+0100][gc,phases     ] GC(132)   Pre Evacuate Collection Set: 0,0ms
[2023-11-12T17:43:19.021+0100][gc,phases     ] GC(132)   Evacuate Collection Set: 8,0ms
[2023-11-12T17:43:19.021+0100][gc,phases     ] GC(132)   Post Evacuate Collection Set: 0,6ms
[2023-11-12T17:43:19.021+0100][gc,phases     ] GC(132)   Other: 0,3ms
[2023-11-12T17:43:19.021+0100][gc,heap       ] GC(132) Eden regions: 593->0(592)
[2023-11-12T17:43:19.021+0100][gc,heap       ] GC(132) Survivor regions: 21->22(77)
[2023-11-12T17:43:19.021+0100][gc,heap       ] GC(132) Old regions: 79->79
[2023-11-12T17:43:19.021+0100][gc,heap       ] GC(132) Humongous regions: 129->129
[2023-11-12T17:43:19.021+0100][gc,metaspace  ] GC(132) Metaspace: 46084K(49152K)->46084K(49152K) NonClass: 40377K(41984K)->40377K(41984K) Class: 5707K(7168K)->5707K(7168K)
[2023-11-12T17:43:19.021+0100][gc            ] GC(132) Pause Young (Normal) (G1 Evacuation Pause) 819M->227M(1024M) 9,057ms
[2023-11-12T17:43:19.021+0100][gc,cpu        ] GC(132) User=0,08s Sys=0,01s Real=0,02s
[2023-11-12T17:43:20.472+0100][gc,start      ] GC(133) Pause Young (Normal) (G1 Evacuation Pause)
[2023-11-12T17:43:20.472+0100][gc,task       ] GC(133) Using 13 workers of 13 for evacuation
[2023-11-12T17:43:20.480+0100][gc,phases     ] GC(133)   Pre Evacuate Collection Set: 0,0ms
[2023-11-12T17:43:20.480+0100][gc,phases     ] GC(133)   Evacuate Collection Set: 7,6ms
[2023-11-12T17:43:20.480+0100][gc,phases     ] GC(133)   Post Evacuate Collection Set: 0,6ms
[2023-11-12T17:43:20.480+0100][gc,phases     ] GC(133)   Other: 0,3ms
[2023-11-12T17:43:20.480+0100][gc,heap       ] GC(133) Eden regions: 592->0(592)
[2023-11-12T17:43:20.480+0100][gc,heap       ] GC(133) Survivor regions: 22->22(77)
[2023-11-12T17:43:20.480+0100][gc,heap       ] GC(133) Old regions: 79->80
[2023-11-12T17:43:20.480+0100][gc,heap       ] GC(133) Humongous regions: 129->129
[2023-11-12T17:43:20.480+0100][gc,metaspace  ] GC(133) Metaspace: 46084K(49152K)->46084K(49152K) NonClass: 40377K(41984K)->40377K(41984K) Class: 5707K(7168K)->5707K(7168K)
[2023-11-12T17:43:20.480+0100][gc            ] GC(133) Pause Young (Normal) (G1 Evacuation Pause) 819M->228M(1024M) 8,595ms
[2023-11-12T17:43:20.480+0100][gc,cpu        ] GC(133) User=0,09s Sys=0,00s Real=0,01s
[2023-11-12T17:43:21.899+0100][gc,start      ] GC(134) Pause Young (Normal) (G1 Evacuation Pause)
[2023-11-12T17:43:21.899+0100][gc,task       ] GC(134) Using 13 workers of 13 for evacuation
[2023-11-12T17:43:21.910+0100][gc,phases     ] GC(134)   Pre Evacuate Collection Set: 0,0ms
[2023-11-12T17:43:21.910+0100][gc,phases     ] GC(134)   Evacuate Collection Set: 9,9ms
[2023-11-12T17:43:21.910+0100][gc,phases     ] GC(134)   Post Evacuate Collection Set: 0,6ms
[2023-11-12T17:43:21.910+0100][gc,phases     ] GC(134)   Other: 0,2ms
[2023-11-12T17:43:21.910+0100][gc,heap       ] GC(134) Eden regions: 592->0(590)
[2023-11-12T17:43:21.910+0100][gc,heap       ] GC(134) Survivor regions: 22->24(77)
[2023-11-12T17:43:21.910+0100][gc,heap       ] GC(134) Old regions: 80->82
[2023-11-12T17:43:21.910+0100][gc,heap       ] GC(134) Humongous regions: 129->129
[2023-11-12T17:43:21.910+0100][gc,metaspace  ] GC(134) Metaspace: 46085K(49152K)->46085K(49152K) NonClass: 40378K(41984K)->40378K(41984K) Class: 5707K(7168K)->5707K(7168K)
[2023-11-12T17:43:21.910+0100][gc            ] GC(134) Pause Young (Normal) (G1 Evacuation Pause) 820M->232M(1024M) 10,870ms
[2023-11-12T17:43:21.910+0100][gc,cpu        ] GC(134) User=0,07s Sys=0,03s Real=0,01s
[2023-11-12T17:43:23.280+0100][gc,start      ] GC(135) Pause Young (Normal) (G1 Evacuation Pause)
[2023-11-12T17:43:23.280+0100][gc,task       ] GC(135) Using 13 workers of 13 for evacuation
[2023-11-12T17:43:23.290+0100][gc,phases     ] GC(135)   Pre Evacuate Collection Set: 0,0ms
[2023-11-12T17:43:23.290+0100][gc,phases     ] GC(135)   Evacuate Collection Set: 8,8ms
[2023-11-12T17:43:23.290+0100][gc,phases     ] GC(135)   Post Evacuate Collection Set: 0,6ms
[2023-11-12T17:43:23.290+0100][gc,phases     ] GC(135)   Other: 0,2ms
[2023-11-12T17:43:23.290+0100][gc,heap       ] GC(135) Eden regions: 590->0(588)
[2023-11-12T17:43:23.290+0100][gc,heap       ] GC(135) Survivor regions: 24->26(77)
[2023-11-12T17:43:23.290+0100][gc,heap       ] GC(135) Old regions: 82->83
[2023-11-12T17:43:23.290+0100][gc,heap       ] GC(135) Humongous regions: 129->129
[2023-11-12T17:43:23.290+0100][gc,metaspace  ] GC(135) Metaspace: 46093K(49152K)->46093K(49152K) NonClass: 40385K(41984K)->40385K(41984K) Class: 5707K(7168K)->5707K(7168K)
[2023-11-12T17:43:23.290+0100][gc            ] GC(135) Pause Young (Normal) (G1 Evacuation Pause) 822M->236M(1024M) 9,865ms
[2023-11-12T17:43:23.290+0100][gc,cpu        ] GC(135) User=0,11s Sys=0,01s Real=0,01s
[2023-11-12T17:43:24.748+0100][gc,start      ] GC(136) Pause Young (Normal) (G1 Evacuation Pause)
[2023-11-12T17:43:24.748+0100][gc,task       ] GC(136) Using 13 workers of 13 for evacuation
[2023-11-12T17:43:24.757+0100][gc,phases     ] GC(136)   Pre Evacuate Collection Set: 0,0ms
[2023-11-12T17:43:24.758+0100][gc,phases     ] GC(136)   Evacuate Collection Set: 8,7ms
[2023-11-12T17:43:24.758+0100][gc,phases     ] GC(136)   Post Evacuate Collection Set: 0,6ms
[2023-11-12T17:43:24.758+0100][gc,phases     ] GC(136)   Other: 0,2ms
[2023-11-12T17:43:24.758+0100][gc,heap       ] GC(136) Eden regions: 588->0(588)
[2023-11-12T17:43:24.758+0100][gc,heap       ] GC(136) Survivor regions: 26->26(77)
[2023-11-12T17:43:24.758+0100][gc,heap       ] GC(136) Old regions: 83->85
[2023-11-12T17:43:24.758+0100][gc,heap       ] GC(136) Humongous regions: 129->129
[2023-11-12T17:43:24.758+0100][gc,metaspace  ] GC(136) Metaspace: 46093K(49152K)->46093K(49152K) NonClass: 40385K(41984K)->40385K(41984K) Class: 5707K(7168K)->5707K(7168K)
[2023-11-12T17:43:24.758+0100][gc            ] GC(136) Pause Young (Normal) (G1 Evacuation Pause) 824M->237M(1024M) 9,545ms
[2023-11-12T17:43:24.758+0100][gc,cpu        ] GC(136) User=0,10s Sys=0,01s Real=0,01s
[2023-11-12T17:43:26.134+0100][gc,start      ] GC(137) Pause Young (Normal) (G1 Evacuation Pause)
[2023-11-12T17:43:26.134+0100][gc,task       ] GC(137) Using 13 workers of 13 for evacuation
[2023-11-12T17:43:26.145+0100][gc,phases     ] GC(137)   Pre Evacuate Collection Set: 0,0ms
[2023-11-12T17:43:26.145+0100][gc,phases     ] GC(137)   Evacuate Collection Set: 9,9ms
[2023-11-12T17:43:26.145+0100][gc,phases     ] GC(137)   Post Evacuate Collection Set: 0,5ms
[2023-11-12T17:43:26.145+0100][gc,phases     ] GC(137)   Other: 0,4ms
[2023-11-12T17:43:26.145+0100][gc,heap       ] GC(137) Eden regions: 588->0(587)
[2023-11-12T17:43:26.145+0100][gc,heap       ] GC(137) Survivor regions: 26->27(77)
[2023-11-12T17:43:26.145+0100][gc,heap       ] GC(137) Old regions: 85->86
[2023-11-12T17:43:26.145+0100][gc,heap       ] GC(137) Humongous regions: 129->129
[2023-11-12T17:43:26.145+0100][gc,metaspace  ] GC(137) Metaspace: 46093K(49152K)->46093K(49152K) NonClass: 40385K(41984K)->40385K(41984K) Class: 5707K(7168K)->5707K(7168K)
[2023-11-12T17:43:26.145+0100][gc            ] GC(137) Pause Young (Normal) (G1 Evacuation Pause) 825M->240M(1024M) 10,980ms
[2023-11-12T17:43:26.145+0100][gc,cpu        ] GC(137) User=0,10s Sys=0,02s Real=0,01s
[2023-11-12T17:43:27.601+0100][gc,start      ] GC(138) Pause Young (Normal) (G1 Evacuation Pause)
[2023-11-12T17:43:27.601+0100][gc,task       ] GC(138) Using 13 workers of 13 for evacuation
[2023-11-12T17:43:27.605+0100][gc,phases     ] GC(138)   Pre Evacuate Collection Set: 0,0ms
[2023-11-12T17:43:27.606+0100][gc,phases     ] GC(138)   Evacuate Collection Set: 3,7ms
[2023-11-12T17:43:27.606+0100][gc,phases     ] GC(138)   Post Evacuate Collection Set: 0,6ms
[2023-11-12T17:43:27.606+0100][gc,phases     ] GC(138)   Other: 0,2ms
[2023-11-12T17:43:27.606+0100][gc,heap       ] GC(138) Eden regions: 587->0(606)
[2023-11-12T17:43:27.606+0100][gc,heap       ] GC(138) Survivor regions: 27->8(77)
[2023-11-12T17:43:27.606+0100][gc,heap       ] GC(138) Old regions: 86->86
[2023-11-12T17:43:27.606+0100][gc,heap       ] GC(138) Humongous regions: 129->129
[2023-11-12T17:43:27.606+0100][gc,metaspace  ] GC(138) Metaspace: 46097K(49152K)->46097K(49152K) NonClass: 40390K(41984K)->40390K(41984K) Class: 5707K(7168K)->5707K(7168K)
[2023-11-12T17:43:27.606+0100][gc            ] GC(138) Pause Young (Normal) (G1 Evacuation Pause) 827M->221M(1024M) 4,684ms
[2023-11-12T17:43:27.606+0100][gc,cpu        ] GC(138) User=0,05s Sys=0,00s Real=0,01s
[2023-11-12T17:43:29.064+0100][gc,start      ] GC(139) Pause Young (Normal) (G1 Evacuation Pause)
[2023-11-12T17:43:29.064+0100][gc,task       ] GC(139) Using 13 workers of 13 for evacuation
[2023-11-12T17:43:29.069+0100][gc,phases     ] GC(139)   Pre Evacuate Collection Set: 0,0ms
[2023-11-12T17:43:29.070+0100][gc,phases     ] GC(139)   Evacuate Collection Set: 4,8ms
[2023-11-12T17:43:29.070+0100][gc,phases     ] GC(139)   Post Evacuate Collection Set: 0,7ms
[2023-11-12T17:43:29.070+0100][gc,phases     ] GC(139)   Other: 0,2ms
[2023-11-12T17:43:29.070+0100][gc,heap       ] GC(139) Eden regions: 606->0(606)
[2023-11-12T17:43:29.070+0100][gc,heap       ] GC(139) Survivor regions: 8->8(77)
[2023-11-12T17:43:29.070+0100][gc,heap       ] GC(139) Old regions: 86->87
[2023-11-12T17:43:29.070+0100][gc,heap       ] GC(139) Humongous regions: 129->129
[2023-11-12T17:43:29.070+0100][gc,metaspace  ] GC(139) Metaspace: 46097K(49152K)->46097K(49152K) NonClass: 40390K(41984K)->40390K(41984K) Class: 5707K(7168K)->5707K(7168K)
[2023-11-12T17:43:29.070+0100][gc            ] GC(139) Pause Young (Normal) (G1 Evacuation Pause) 827M->221M(1024M) 5,779ms
[2023-11-12T17:43:29.070+0100][gc,cpu        ] GC(139) User=0,06s Sys=0,00s Real=0,00s
[2023-11-12T17:43:30.585+0100][gc,start      ] GC(140) Pause Young (Normal) (G1 Evacuation Pause)
[2023-11-12T17:43:30.585+0100][gc,task       ] GC(140) Using 13 workers of 13 for evacuation
[2023-11-12T17:43:30.590+0100][gc,phases     ] GC(140)   Pre Evacuate Collection Set: 0,0ms
[2023-11-12T17:43:30.590+0100][gc,phases     ] GC(140)   Evacuate Collection Set: 4,7ms
[2023-11-12T17:43:30.590+0100][gc,phases     ] GC(140)   Post Evacuate Collection Set: 0,5ms
[2023-11-12T17:43:30.590+0100][gc,phases     ] GC(140)   Other: 0,2ms
[2023-11-12T17:43:30.590+0100][gc,heap       ] GC(140) Eden regions: 606->0(605)
[2023-11-12T17:43:30.590+0100][gc,heap       ] GC(140) Survivor regions: 8->9(77)
[2023-11-12T17:43:30.590+0100][gc,heap       ] GC(140) Old regions: 87->87
[2023-11-12T17:43:30.590+0100][gc,heap       ] GC(140) Humongous regions: 129->129
[2023-11-12T17:43:30.590+0100][gc,metaspace  ] GC(140) Metaspace: 46097K(49152K)->46097K(49152K) NonClass: 40390K(41984K)->40390K(41984K) Class: 5707K(7168K)->5707K(7168K)
[2023-11-12T17:43:30.590+0100][gc            ] GC(140) Pause Young (Normal) (G1 Evacuation Pause) 827M->222M(1024M) 5,640ms
[2023-11-12T17:43:30.590+0100][gc,cpu        ] GC(140) User=0,06s Sys=0,00s Real=0,00s
[2023-11-12T17:43:32.062+0100][gc,start      ] GC(141) Pause Young (Normal) (G1 Evacuation Pause)
[2023-11-12T17:43:32.062+0100][gc,task       ] GC(141) Using 13 workers of 13 for evacuation
[2023-11-12T17:43:32.068+0100][gc,phases     ] GC(141)   Pre Evacuate Collection Set: 0,0ms
[2023-11-12T17:43:32.068+0100][gc,phases     ] GC(141)   Evacuate Collection Set: 6,1ms
[2023-11-12T17:43:32.068+0100][gc,phases     ] GC(141)   Post Evacuate Collection Set: 0,6ms
[2023-11-12T17:43:32.068+0100][gc,phases     ] GC(141)   Other: 0,2ms
[2023-11-12T17:43:32.068+0100][gc,heap       ] GC(141) Eden regions: 605->0(603)
[2023-11-12T17:43:32.068+0100][gc,heap       ] GC(141) Survivor regions: 9->11(77)
[2023-11-12T17:43:32.069+0100][gc,heap       ] GC(141) Old regions: 87->87
[2023-11-12T17:43:32.069+0100][gc,heap       ] GC(141) Humongous regions: 129->129
[2023-11-12T17:43:32.069+0100][gc,metaspace  ] GC(141) Metaspace: 46097K(49152K)->46097K(49152K) NonClass: 40390K(41984K)->40390K(41984K) Class: 5707K(7168K)->5707K(7168K)
[2023-11-12T17:43:32.069+0100][gc            ] GC(141) Pause Young (Normal) (G1 Evacuation Pause) 827M->225M(1024M) 6,997ms
[2023-11-12T17:43:32.069+0100][gc,cpu        ] GC(141) User=0,05s Sys=0,01s Real=0,00s
[2023-11-12T17:43:33.554+0100][gc,start      ] GC(142) Pause Young (Normal) (G1 Evacuation Pause)
[2023-11-12T17:43:33.554+0100][gc,task       ] GC(142) Using 13 workers of 13 for evacuation
[2023-11-12T17:43:33.561+0100][gc,phases     ] GC(142)   Pre Evacuate Collection Set: 0,0ms
[2023-11-12T17:43:33.561+0100][gc,phases     ] GC(142)   Evacuate Collection Set: 6,3ms
[2023-11-12T17:43:33.561+0100][gc,phases     ] GC(142)   Post Evacuate Collection Set: 0,6ms
[2023-11-12T17:43:33.561+0100][gc,phases     ] GC(142)   Other: 0,2ms
[2023-11-12T17:43:33.561+0100][gc,heap       ] GC(142) Eden regions: 603->0(600)
[2023-11-12T17:43:33.562+0100][gc,heap       ] GC(142) Survivor regions: 11->14(77)
[2023-11-12T17:43:33.562+0100][gc,heap       ] GC(142) Old regions: 87->87
[2023-11-12T17:43:33.562+0100][gc,heap       ] GC(142) Humongous regions: 129->129
[2023-11-12T17:43:33.562+0100][gc,metaspace  ] GC(142) Metaspace: 46113K(49152K)->46113K(49152K) NonClass: 40406K(41984K)->40406K(41984K) Class: 5707K(7168K)->5707K(7168K)
[2023-11-12T17:43:33.562+0100][gc            ] GC(142) Pause Young (Normal) (G1 Evacuation Pause) 828M->227M(1024M) 7,228ms
[2023-11-12T17:43:33.562+0100][gc,cpu        ] GC(142) User=0,05s Sys=0,02s Real=0,01s
[2023-11-12T17:43:35.038+0100][gc,start      ] GC(143) Pause Young (Normal) (G1 Evacuation Pause)
[2023-11-12T17:43:35.038+0100][gc,task       ] GC(143) Using 13 workers of 13 for evacuation
[2023-11-12T17:43:35.045+0100][gc,phases     ] GC(143)   Pre Evacuate Collection Set: 0,0ms
[2023-11-12T17:43:35.045+0100][gc,phases     ] GC(143)   Evacuate Collection Set: 6,2ms
[2023-11-12T17:43:35.045+0100][gc,phases     ] GC(143)   Post Evacuate Collection Set: 0,6ms
[2023-11-12T17:43:35.045+0100][gc,phases     ] GC(143)   Other: 0,2ms
[2023-11-12T17:43:35.045+0100][gc,heap       ] GC(143) Eden regions: 600->0(597)
[2023-11-12T17:43:35.045+0100][gc,heap       ] GC(143) Survivor regions: 14->17(77)
[2023-11-12T17:43:35.045+0100][gc,heap       ] GC(143) Old regions: 87->87
[2023-11-12T17:43:35.045+0100][gc,heap       ] GC(143) Humongous regions: 129->129
[2023-11-12T17:43:35.045+0100][gc,metaspace  ] GC(143) Metaspace: 46114K(49152K)->46114K(49152K) NonClass: 40406K(41984K)->40406K(41984K) Class: 5707K(7168K)->5707K(7168K)
[2023-11-12T17:43:35.045+0100][gc            ] GC(143) Pause Young (Normal) (G1 Evacuation Pause) 827M->230M(1024M) 7,152ms
[2023-11-12T17:43:35.045+0100][gc,cpu        ] GC(143) User=0,06s Sys=0,02s Real=0,01s
[2023-11-12T17:43:36.570+0100][gc,start      ] GC(144) Pause Young (Normal) (G1 Evacuation Pause)
[2023-11-12T17:43:36.570+0100][gc,task       ] GC(144) Using 13 workers of 13 for evacuation
[2023-11-12T17:43:36.579+0100][gc,phases     ] GC(144)   Pre Evacuate Collection Set: 0,0ms
[2023-11-12T17:43:36.579+0100][gc,phases     ] GC(144)   Evacuate Collection Set: 7,5ms
[2023-11-12T17:43:36.579+0100][gc,phases     ] GC(144)   Post Evacuate Collection Set: 0,6ms
[2023-11-12T17:43:36.579+0100][gc,phases     ] GC(144)   Other: 0,2ms
[2023-11-12T17:43:36.579+0100][gc,heap       ] GC(144) Eden regions: 597->0(595)
[2023-11-12T17:43:36.579+0100][gc,heap       ] GC(144) Survivor regions: 17->19(77)
[2023-11-12T17:43:36.579+0100][gc,heap       ] GC(144) Old regions: 87->88
[2023-11-12T17:43:36.579+0100][gc,heap       ] GC(144) Humongous regions: 129->129
[2023-11-12T17:43:36.579+0100][gc,metaspace  ] GC(144) Metaspace: 46116K(49152K)->46116K(49152K) NonClass: 40409K(41984K)->40409K(41984K) Class: 5707K(7168K)->5707K(7168K)
[2023-11-12T17:43:36.579+0100][gc            ] GC(144) Pause Young (Normal) (G1 Evacuation Pause) 827M->233M(1024M) 8,444ms
[2023-11-12T17:43:36.579+0100][gc,cpu        ] GC(144) User=0,09s Sys=0,01s Real=0,01s
[2023-11-12T17:43:38.061+0100][gc,start      ] GC(145) Pause Young (Normal) (G1 Evacuation Pause)
[2023-11-12T17:43:38.061+0100][gc,task       ] GC(145) Using 13 workers of 13 for evacuation
[2023-11-12T17:43:38.069+0100][gc,phases     ] GC(145)   Pre Evacuate Collection Set: 0,0ms
[2023-11-12T17:43:38.069+0100][gc,phases     ] GC(145)   Evacuate Collection Set: 7,4ms
[2023-11-12T17:43:38.069+0100][gc,phases     ] GC(145)   Post Evacuate Collection Set: 0,6ms
[2023-11-12T17:43:38.069+0100][gc,phases     ] GC(145)   Other: 0,2ms
[2023-11-12T17:43:38.069+0100][gc,heap       ] GC(145) Eden regions: 595->0(593)
[2023-11-12T17:43:38.069+0100][gc,heap       ] GC(145) Survivor regions: 19->21(77)
[2023-11-12T17:43:38.069+0100][gc,heap       ] GC(145) Old regions: 88->88
[2023-11-12T17:43:38.069+0100][gc,heap       ] GC(145) Humongous regions: 129->129
[2023-11-12T17:43:38.069+0100][gc,metaspace  ] GC(145) Metaspace: 46118K(49152K)->46118K(49152K) NonClass: 40411K(41984K)->40411K(41984K) Class: 5707K(7168K)->5707K(7168K)
[2023-11-12T17:43:38.069+0100][gc            ] GC(145) Pause Young (Normal) (G1 Evacuation Pause) 828M->235M(1024M) 8,344ms
[2023-11-12T17:43:38.069+0100][gc,cpu        ] GC(145) User=0,09s Sys=0,00s Real=0,01s
[2023-11-12T17:43:39.538+0100][gc,start      ] GC(146) Pause Young (Normal) (G1 Evacuation Pause)
[2023-11-12T17:43:39.538+0100][gc,task       ] GC(146) Using 13 workers of 13 for evacuation
[2023-11-12T17:43:39.548+0100][gc,phases     ] GC(146)   Pre Evacuate Collection Set: 0,0ms
[2023-11-12T17:43:39.548+0100][gc,phases     ] GC(146)   Evacuate Collection Set: 8,8ms
[2023-11-12T17:43:39.548+0100][gc,phases     ] GC(146)   Post Evacuate Collection Set: 0,6ms
[2023-11-12T17:43:39.548+0100][gc,phases     ] GC(146)   Other: 0,2ms
[2023-11-12T17:43:39.548+0100][gc,heap       ] GC(146) Eden regions: 593->0(591)
[2023-11-12T17:43:39.548+0100][gc,heap       ] GC(146) Survivor regions: 21->23(77)
[2023-11-12T17:43:39.548+0100][gc,heap       ] GC(146) Old regions: 88->88
[2023-11-12T17:43:39.548+0100][gc,heap       ] GC(146) Humongous regions: 129->129
[2023-11-12T17:43:39.548+0100][gc,metaspace  ] GC(146) Metaspace: 46119K(49152K)->46119K(49152K) NonClass: 40411K(41984K)->40411K(41984K) Class: 5707K(7168K)->5707K(7168K)
[2023-11-12T17:43:39.548+0100][gc            ] GC(146) Pause Young (Normal) (G1 Evacuation Pause) 828M->237M(1024M) 9,734ms
[2023-11-12T17:43:39.548+0100][gc,cpu        ] GC(146) User=0,05s Sys=0,04s Real=0,01s
[2023-11-12T17:43:41.010+0100][gc,start      ] GC(147) Pause Young (Normal) (G1 Evacuation Pause)
[2023-11-12T17:43:41.010+0100][gc,task       ] GC(147) Using 13 workers of 13 for evacuation
[2023-11-12T17:43:41.021+0100][gc,phases     ] GC(147)   Pre Evacuate Collection Set: 0,0ms
[2023-11-12T17:43:41.021+0100][gc,phases     ] GC(147)   Evacuate Collection Set: 9,7ms
[2023-11-12T17:43:41.021+0100][gc,phases     ] GC(147)   Post Evacuate Collection Set: 0,6ms
[2023-11-12T17:43:41.021+0100][gc,phases     ] GC(147)   Other: 0,2ms
[2023-11-12T17:43:41.021+0100][gc,heap       ] GC(147) Eden regions: 591->0(589)
[2023-11-12T17:43:41.021+0100][gc,heap       ] GC(147) Survivor regions: 23->25(77)
[2023-11-12T17:43:41.021+0100][gc,heap       ] GC(147) Old regions: 88->88
[2023-11-12T17:43:41.021+0100][gc,heap       ] GC(147) Humongous regions: 129->129
[2023-11-12T17:43:41.021+0100][gc,metaspace  ] GC(147) Metaspace: 46205K(49408K)->46205K(49408K) NonClass: 40498K(42240K)->40498K(42240K) Class: 5707K(7168K)->5707K(7168K)
[2023-11-12T17:43:41.021+0100][gc            ] GC(147) Pause Young (Normal) (G1 Evacuation Pause) 828M->240M(1024M) 10,572ms
[2023-11-12T17:43:41.021+0100][gc,cpu        ] GC(147) User=0,09s Sys=0,01s Real=0,01s
[2023-11-12T17:43:42.472+0100][gc,start      ] GC(148) Pause Young (Normal) (G1 Evacuation Pause)
[2023-11-12T17:43:42.472+0100][gc,task       ] GC(148) Using 13 workers of 13 for evacuation
[2023-11-12T17:43:42.483+0100][gc,phases     ] GC(148)   Pre Evacuate Collection Set: 0,0ms
[2023-11-12T17:43:42.483+0100][gc,phases     ] GC(148)   Evacuate Collection Set: 9,7ms
[2023-11-12T17:43:42.483+0100][gc,phases     ] GC(148)   Post Evacuate Collection Set: 0,6ms
[2023-11-12T17:43:42.483+0100][gc,phases     ] GC(148)   Other: 0,3ms
[2023-11-12T17:43:42.483+0100][gc,heap       ] GC(148) Eden regions: 589->0(586)
[2023-11-12T17:43:42.483+0100][gc,heap       ] GC(148) Survivor regions: 25->28(77)
[2023-11-12T17:43:42.483+0100][gc,heap       ] GC(148) Old regions: 88->89
[2023-11-12T17:43:42.483+0100][gc,heap       ] GC(148) Humongous regions: 129->129
[2023-11-12T17:43:42.483+0100][gc,metaspace  ] GC(148) Metaspace: 46209K(49408K)->46209K(49408K) NonClass: 40501K(42240K)->40501K(42240K) Class: 5707K(7168K)->5707K(7168K)
[2023-11-12T17:43:42.483+0100][gc            ] GC(148) Pause Young (Normal) (G1 Evacuation Pause) 829M->243M(1024M) 10,694ms
[2023-11-12T17:43:42.483+0100][gc,cpu        ] GC(148) User=0,11s Sys=0,00s Real=0,02s
[2023-11-12T17:43:43.956+0100][gc,start      ] GC(149) Pause Young (Normal) (G1 Evacuation Pause)
[2023-11-12T17:43:43.956+0100][gc,task       ] GC(149) Using 13 workers of 13 for evacuation
[2023-11-12T17:43:43.966+0100][gc,phases     ] GC(149)   Pre Evacuate Collection Set: 0,0ms
[2023-11-12T17:43:43.966+0100][gc,phases     ] GC(149)   Evacuate Collection Set: 9,9ms
[2023-11-12T17:43:43.966+0100][gc,phases     ] GC(149)   Post Evacuate Collection Set: 0,7ms
[2023-11-12T17:43:43.966+0100][gc,phases     ] GC(149)   Other: 0,2ms
[2023-11-12T17:43:43.966+0100][gc,heap       ] GC(149) Eden regions: 586->0(586)
[2023-11-12T17:43:43.966+0100][gc,heap       ] GC(149) Survivor regions: 28->28(77)
[2023-11-12T17:43:43.967+0100][gc,heap       ] GC(149) Old regions: 89->89
[2023-11-12T17:43:43.967+0100][gc,heap       ] GC(149) Humongous regions: 129->129
[2023-11-12T17:43:43.967+0100][gc,metaspace  ] GC(149) Metaspace: 46211K(49408K)->46211K(49408K) NonClass: 40504K(42240K)->40504K(42240K) Class: 5707K(7168K)->5707K(7168K)
[2023-11-12T17:43:43.967+0100][gc            ] GC(149) Pause Young (Normal) (G1 Evacuation Pause) 829M->244M(1024M) 11,029ms
[2023-11-12T17:43:43.967+0100][gc,cpu        ] GC(149) User=0,13s Sys=0,00s Real=0,01s
[2023-11-12T17:43:45.377+0100][gc,start      ] GC(150) Pause Young (Normal) (G1 Evacuation Pause)
[2023-11-12T17:43:45.377+0100][gc,task       ] GC(150) Using 13 workers of 13 for evacuation
[2023-11-12T17:43:45.387+0100][gc,phases     ] GC(150)   Pre Evacuate Collection Set: 0,0ms
[2023-11-12T17:43:45.387+0100][gc,phases     ] GC(150)   Evacuate Collection Set: 9,5ms
[2023-11-12T17:43:45.387+0100][gc,phases     ] GC(150)   Post Evacuate Collection Set: 0,7ms
[2023-11-12T17:43:45.388+0100][gc,phases     ] GC(150)   Other: 0,2ms
[2023-11-12T17:43:45.388+0100][gc,heap       ] GC(150) Eden regions: 586->0(583)
[2023-11-12T17:43:45.388+0100][gc,heap       ] GC(150) Survivor regions: 28->31(77)
[2023-11-12T17:43:45.388+0100][gc,heap       ] GC(150) Old regions: 89->90
[2023-11-12T17:43:45.388+0100][gc,heap       ] GC(150) Humongous regions: 129->129
[2023-11-12T17:43:45.388+0100][gc,metaspace  ] GC(150) Metaspace: 46212K(49408K)->46212K(49408K) NonClass: 40505K(42240K)->40505K(42240K) Class: 5707K(7168K)->5707K(7168K)
[2023-11-12T17:43:45.388+0100][gc            ] GC(150) Pause Young (Normal) (G1 Evacuation Pause) 830M->247M(1024M) 10,646ms
[2023-11-12T17:43:45.388+0100][gc,cpu        ] GC(150) User=0,09s Sys=0,04s Real=0,01s
[2023-11-12T17:43:46.883+0100][gc,start      ] GC(151) Pause Young (Normal) (G1 Evacuation Pause)
[2023-11-12T17:43:46.883+0100][gc,task       ] GC(151) Using 13 workers of 13 for evacuation
[2023-11-12T17:43:46.889+0100][gc,phases     ] GC(151)   Pre Evacuate Collection Set: 0,0ms
[2023-11-12T17:43:46.889+0100][gc,phases     ] GC(151)   Evacuate Collection Set: 4,6ms
[2023-11-12T17:43:46.889+0100][gc,phases     ] GC(151)   Post Evacuate Collection Set: 0,6ms
[2023-11-12T17:43:46.889+0100][gc,phases     ] GC(151)   Other: 0,2ms
[2023-11-12T17:43:46.889+0100][gc,heap       ] GC(151) Eden regions: 583->0(607)
[2023-11-12T17:43:46.889+0100][gc,heap       ] GC(151) Survivor regions: 31->7(77)
[2023-11-12T17:43:46.889+0100][gc,heap       ] GC(151) Old regions: 90->90
[2023-11-12T17:43:46.889+0100][gc,heap       ] GC(151) Humongous regions: 129->129
[2023-11-12T17:43:46.889+0100][gc,metaspace  ] GC(151) Metaspace: 46217K(49408K)->46217K(49408K) NonClass: 40509K(42240K)->40509K(42240K) Class: 5707K(7168K)->5707K(7168K)
[2023-11-12T17:43:46.889+0100][gc            ] GC(151) Pause Young (Normal) (G1 Evacuation Pause) 830M->224M(1024M) 5,674ms
[2023-11-12T17:43:46.889+0100][gc,cpu        ] GC(151) User=0,05s Sys=0,01s Real=0,00s
[2023-11-12T17:43:48.414+0100][gc,start      ] GC(152) Pause Young (Normal) (G1 Evacuation Pause)
[2023-11-12T17:43:48.414+0100][gc,task       ] GC(152) Using 13 workers of 13 for evacuation
[2023-11-12T17:43:48.421+0100][gc,phases     ] GC(152)   Pre Evacuate Collection Set: 0,0ms
[2023-11-12T17:43:48.421+0100][gc,phases     ] GC(152)   Evacuate Collection Set: 6,0ms
[2023-11-12T17:43:48.421+0100][gc,phases     ] GC(152)   Post Evacuate Collection Set: 0,6ms
[2023-11-12T17:43:48.421+0100][gc,phases     ] GC(152)   Other: 0,2ms
[2023-11-12T17:43:48.421+0100][gc,heap       ] GC(152) Eden regions: 607->0(605)
[2023-11-12T17:43:48.421+0100][gc,heap       ] GC(152) Survivor regions: 7->9(77)
[2023-11-12T17:43:48.421+0100][gc,heap       ] GC(152) Old regions: 90->90
[2023-11-12T17:43:48.421+0100][gc,heap       ] GC(152) Humongous regions: 129->129
[2023-11-12T17:43:48.421+0100][gc,metaspace  ] GC(152) Metaspace: 46218K(49408K)->46218K(49408K) NonClass: 40511K(42240K)->40511K(42240K) Class: 5707K(7168K)->5707K(7168K)
[2023-11-12T17:43:48.421+0100][gc            ] GC(152) Pause Young (Normal) (G1 Evacuation Pause) 831M->225M(1024M) 6,894ms
[2023-11-12T17:43:48.421+0100][gc,cpu        ] GC(152) User=0,05s Sys=0,03s Real=0,00s
[2023-11-12T17:43:49.942+0100][gc,start      ] GC(153) Pause Young (Normal) (G1 Evacuation Pause)
[2023-11-12T17:43:49.942+0100][gc,task       ] GC(153) Using 13 workers of 13 for evacuation
[2023-11-12T17:43:49.948+0100][gc,phases     ] GC(153)   Pre Evacuate Collection Set: 0,0ms
[2023-11-12T17:43:49.948+0100][gc,phases     ] GC(153)   Evacuate Collection Set: 4,9ms
[2023-11-12T17:43:49.948+0100][gc,phases     ] GC(153)   Post Evacuate Collection Set: 0,6ms
[2023-11-12T17:43:49.948+0100][gc,phases     ] GC(153)   Other: 0,2ms
[2023-11-12T17:43:49.948+0100][gc,heap       ] GC(153) Eden regions: 605->0(604)
[2023-11-12T17:43:49.948+0100][gc,heap       ] GC(153) Survivor regions: 9->10(77)
[2023-11-12T17:43:49.948+0100][gc,heap       ] GC(153) Old regions: 90->91
[2023-11-12T17:43:49.948+0100][gc,heap       ] GC(153) Humongous regions: 129->129
[2023-11-12T17:43:49.948+0100][gc,metaspace  ] GC(153) Metaspace: 46219K(49408K)->46219K(49408K) NonClass: 40511K(42240K)->40511K(42240K) Class: 5707K(7168K)->5707K(7168K)
[2023-11-12T17:43:49.948+0100][gc            ] GC(153) Pause Young (Normal) (G1 Evacuation Pause) 830M->227M(1024M) 5,817ms
[2023-11-12T17:43:49.948+0100][gc,cpu        ] GC(153) User=0,06s Sys=0,01s Real=0,00s
[2023-11-12T17:43:51.459+0100][gc,start      ] GC(154) Pause Young (Normal) (G1 Evacuation Pause)
[2023-11-12T17:43:51.459+0100][gc,task       ] GC(154) Using 13 workers of 13 for evacuation
[2023-11-12T17:43:51.465+0100][gc,phases     ] GC(154)   Pre Evacuate Collection Set: 0,0ms
[2023-11-12T17:43:51.465+0100][gc,phases     ] GC(154)   Evacuate Collection Set: 5,4ms
[2023-11-12T17:43:51.465+0100][gc,phases     ] GC(154)   Post Evacuate Collection Set: 0,7ms
[2023-11-12T17:43:51.465+0100][gc,phases     ] GC(154)   Other: 0,2ms
[2023-11-12T17:43:51.465+0100][gc,heap       ] GC(154) Eden regions: 604->0(602)
[2023-11-12T17:43:51.465+0100][gc,heap       ] GC(154) Survivor regions: 10->12(77)
[2023-11-12T17:43:51.465+0100][gc,heap       ] GC(154) Old regions: 91->91
[2023-11-12T17:43:51.465+0100][gc,heap       ] GC(154) Humongous regions: 129->129
[2023-11-12T17:43:51.465+0100][gc,metaspace  ] GC(154) Metaspace: 46222K(49408K)->46222K(49408K) NonClass: 40515K(42240K)->40515K(42240K) Class: 5707K(7168K)->5707K(7168K)
[2023-11-12T17:43:51.466+0100][gc            ] GC(154) Pause Young (Normal) (G1 Evacuation Pause) 831M->230M(1024M) 6,389ms
[2023-11-12T17:43:51.466+0100][gc,cpu        ] GC(154) User=0,06s Sys=0,01s Real=0,01s
[2023-11-12T17:43:53.088+0100][gc,start      ] GC(155) Pause Young (Normal) (G1 Evacuation Pause)
[2023-11-12T17:43:53.088+0100][gc,task       ] GC(155) Using 13 workers of 13 for evacuation
[2023-11-12T17:43:53.096+0100][gc,phases     ] GC(155)   Pre Evacuate Collection Set: 0,0ms
[2023-11-12T17:43:53.096+0100][gc,phases     ] GC(155)   Evacuate Collection Set: 7,0ms
[2023-11-12T17:43:53.096+0100][gc,phases     ] GC(155)   Post Evacuate Collection Set: 0,6ms
[2023-11-12T17:43:53.096+0100][gc,phases     ] GC(155)   Other: 0,2ms
[2023-11-12T17:43:53.096+0100][gc,heap       ] GC(155) Eden regions: 602->0(600)
[2023-11-12T17:43:53.096+0100][gc,heap       ] GC(155) Survivor regions: 12->14(77)
[2023-11-12T17:43:53.096+0100][gc,heap       ] GC(155) Old regions: 91->91
[2023-11-12T17:43:53.096+0100][gc,heap       ] GC(155) Humongous regions: 129->129
[2023-11-12T17:43:53.096+0100][gc,metaspace  ] GC(155) Metaspace: 46275K(49408K)->46275K(49408K) NonClass: 40567K(42240K)->40567K(42240K) Class: 5707K(7168K)->5707K(7168K)
[2023-11-12T17:43:53.096+0100][gc            ] GC(155) Pause Young (Normal) (G1 Evacuation Pause) 832M->232M(1024M) 8,001ms
[2023-11-12T17:43:53.096+0100][gc,cpu        ] GC(155) User=0,07s Sys=0,00s Real=0,01s
[2023-11-12T17:43:54.705+0100][gc,start      ] GC(156) Pause Young (Normal) (G1 Evacuation Pause)
[2023-11-12T17:43:54.705+0100][gc,task       ] GC(156) Using 13 workers of 13 for evacuation
[2023-11-12T17:43:54.714+0100][gc,phases     ] GC(156)   Pre Evacuate Collection Set: 0,0ms
[2023-11-12T17:43:54.714+0100][gc,phases     ] GC(156)   Evacuate Collection Set: 7,6ms
[2023-11-12T17:43:54.714+0100][gc,phases     ] GC(156)   Post Evacuate Collection Set: 0,6ms
[2023-11-12T17:43:54.714+0100][gc,phases     ] GC(156)   Other: 0,3ms
[2023-11-12T17:43:54.714+0100][gc,heap       ] GC(156) Eden regions: 600->0(598)
[2023-11-12T17:43:54.714+0100][gc,heap       ] GC(156) Survivor regions: 14->16(77)
[2023-11-12T17:43:54.714+0100][gc,heap       ] GC(156) Old regions: 91->92
[2023-11-12T17:43:54.714+0100][gc,heap       ] GC(156) Humongous regions: 129->129
[2023-11-12T17:43:54.714+0100][gc,metaspace  ] GC(156) Metaspace: 46280K(49408K)->46280K(49408K) NonClass: 40572K(42240K)->40572K(42240K) Class: 5707K(7168K)->5707K(7168K)
[2023-11-12T17:43:54.714+0100][gc            ] GC(156) Pause Young (Normal) (G1 Evacuation Pause) 832M->234M(1024M) 8,645ms
[2023-11-12T17:43:54.714+0100][gc,cpu        ] GC(156) User=0,05s Sys=0,03s Real=0,01s
[2023-11-12T17:43:56.363+0100][gc,start      ] GC(157) Pause Young (Normal) (G1 Evacuation Pause)
[2023-11-12T17:43:56.363+0100][gc,task       ] GC(157) Using 13 workers of 13 for evacuation
[2023-11-12T17:43:56.372+0100][gc,phases     ] GC(157)   Pre Evacuate Collection Set: 0,0ms
[2023-11-12T17:43:56.372+0100][gc,phases     ] GC(157)   Evacuate Collection Set: 8,1ms
[2023-11-12T17:43:56.372+0100][gc,phases     ] GC(157)   Post Evacuate Collection Set: 0,7ms
[2023-11-12T17:43:56.372+0100][gc,phases     ] GC(157)   Other: 0,3ms
[2023-11-12T17:43:56.372+0100][gc,heap       ] GC(157) Eden regions: 598->0(595)
[2023-11-12T17:43:56.372+0100][gc,heap       ] GC(157) Survivor regions: 16->19(77)
[2023-11-12T17:43:56.372+0100][gc,heap       ] GC(157) Old regions: 92->92
[2023-11-12T17:43:56.372+0100][gc,heap       ] GC(157) Humongous regions: 129->129
[2023-11-12T17:43:56.372+0100][gc,metaspace  ] GC(157) Metaspace: 46317K(49664K)->46317K(49664K) NonClass: 40609K(42496K)->40609K(42496K) Class: 5707K(7168K)->5707K(7168K)
[2023-11-12T17:43:56.372+0100][gc            ] GC(157) Pause Young (Normal) (G1 Evacuation Pause) 832M->237M(1024M) 9,184ms
[2023-11-12T17:43:56.372+0100][gc,cpu        ] GC(157) User=0,08s Sys=0,01s Real=0,00s
[2023-11-12T17:43:58.279+0100][gc,start      ] GC(158) Pause Young (Normal) (G1 Evacuation Pause)
[2023-11-12T17:43:58.279+0100][gc,task       ] GC(158) Using 13 workers of 13 for evacuation
[2023-11-12T17:43:58.297+0100][gc,phases     ] GC(158)   Pre Evacuate Collection Set: 0,0ms
[2023-11-12T17:43:58.297+0100][gc,phases     ] GC(158)   Evacuate Collection Set: 17,1ms
[2023-11-12T17:43:58.297+0100][gc,phases     ] GC(158)   Post Evacuate Collection Set: 0,6ms
[2023-11-12T17:43:58.297+0100][gc,phases     ] GC(158)   Other: 0,3ms
[2023-11-12T17:43:58.297+0100][gc,heap       ] GC(158) Eden regions: 595->0(593)
[2023-11-12T17:43:58.297+0100][gc,heap       ] GC(158) Survivor regions: 19->21(77)
[2023-11-12T17:43:58.297+0100][gc,heap       ] GC(158) Old regions: 92->92
[2023-11-12T17:43:58.297+0100][gc,heap       ] GC(158) Humongous regions: 129->129
[2023-11-12T17:43:58.297+0100][gc,metaspace  ] GC(158) Metaspace: 46317K(49664K)->46317K(49664K) NonClass: 40609K(42496K)->40609K(42496K) Class: 5707K(7168K)->5707K(7168K)
[2023-11-12T17:43:58.297+0100][gc            ] GC(158) Pause Young (Normal) (G1 Evacuation Pause) 832M->240M(1024M) 18,108ms
[2023-11-12T17:43:58.297+0100][gc,cpu        ] GC(158) User=0,14s Sys=0,03s Real=0,02s
[2023-11-12T17:43:59.876+0100][gc,start      ] GC(159) Pause Young (Normal) (G1 Evacuation Pause)
[2023-11-12T17:43:59.876+0100][gc,task       ] GC(159) Using 13 workers of 13 for evacuation
[2023-11-12T17:43:59.887+0100][gc,phases     ] GC(159)   Pre Evacuate Collection Set: 0,0ms
[2023-11-12T17:43:59.887+0100][gc,phases     ] GC(159)   Evacuate Collection Set: 9,9ms
[2023-11-12T17:43:59.887+0100][gc,phases     ] GC(159)   Post Evacuate Collection Set: 0,7ms
[2023-11-12T17:43:59.887+0100][gc,phases     ] GC(159)   Other: 0,2ms
[2023-11-12T17:43:59.887+0100][gc,heap       ] GC(159) Eden regions: 593->0(591)
[2023-11-12T17:43:59.887+0100][gc,heap       ] GC(159) Survivor regions: 21->23(77)
[2023-11-12T17:43:59.887+0100][gc,heap       ] GC(159) Old regions: 92->93
[2023-11-12T17:43:59.887+0100][gc,heap       ] GC(159) Humongous regions: 129->129
[2023-11-12T17:43:59.887+0100][gc,metaspace  ] GC(159) Metaspace: 46317K(49664K)->46317K(49664K) NonClass: 40610K(42496K)->40610K(42496K) Class: 5707K(7168K)->5707K(7168K)
[2023-11-12T17:43:59.887+0100][gc            ] GC(159) Pause Young (Normal) (G1 Evacuation Pause) 833M->242M(1024M) 10,968ms
[2023-11-12T17:43:59.887+0100][gc,cpu        ] GC(159) User=0,12s Sys=0,00s Real=0,01s
[2023-11-12T17:44:01.433+0100][gc,start      ] GC(160) Pause Young (Normal) (G1 Evacuation Pause)
[2023-11-12T17:44:01.433+0100][gc,task       ] GC(160) Using 13 workers of 13 for evacuation
[2023-11-12T17:44:01.444+0100][gc,phases     ] GC(160)   Pre Evacuate Collection Set: 0,0ms
[2023-11-12T17:44:01.444+0100][gc,phases     ] GC(160)   Evacuate Collection Set: 9,3ms
[2023-11-12T17:44:01.444+0100][gc,phases     ] GC(160)   Post Evacuate Collection Set: 0,6ms
[2023-11-12T17:44:01.444+0100][gc,phases     ] GC(160)   Other: 0,2ms
[2023-11-12T17:44:01.444+0100][gc,heap       ] GC(160) Eden regions: 591->0(589)
[2023-11-12T17:44:01.444+0100][gc,heap       ] GC(160) Survivor regions: 23->25(77)
[2023-11-12T17:44:01.444+0100][gc,heap       ] GC(160) Old regions: 93->93
[2023-11-12T17:44:01.444+0100][gc,heap       ] GC(160) Humongous regions: 129->129
[2023-11-12T17:44:01.444+0100][gc,metaspace  ] GC(160) Metaspace: 46317K(49664K)->46317K(49664K) NonClass: 40610K(42496K)->40610K(42496K) Class: 5707K(7168K)->5707K(7168K)
[2023-11-12T17:44:01.444+0100][gc            ] GC(160) Pause Young (Normal) (G1 Evacuation Pause) 833M->245M(1024M) 10,246ms
[2023-11-12T17:44:01.444+0100][gc,cpu        ] GC(160) User=0,08s Sys=0,02s Real=0,01s
[2023-11-12T17:44:03.001+0100][gc,start      ] GC(161) Pause Young (Normal) (G1 Evacuation Pause)
[2023-11-12T17:44:03.001+0100][gc,task       ] GC(161) Using 13 workers of 13 for evacuation
[2023-11-12T17:44:03.011+0100][gc,phases     ] GC(161)   Pre Evacuate Collection Set: 0,0ms
[2023-11-12T17:44:03.011+0100][gc,phases     ] GC(161)   Evacuate Collection Set: 9,2ms
[2023-11-12T17:44:03.011+0100][gc,phases     ] GC(161)   Post Evacuate Collection Set: 0,6ms
[2023-11-12T17:44:03.011+0100][gc,phases     ] GC(161)   Other: 0,2ms
[2023-11-12T17:44:03.011+0100][gc,heap       ] GC(161) Eden regions: 589->0(586)
[2023-11-12T17:44:03.011+0100][gc,heap       ] GC(161) Survivor regions: 25->28(77)
[2023-11-12T17:44:03.011+0100][gc,heap       ] GC(161) Old regions: 93->93
[2023-11-12T17:44:03.011+0100][gc,heap       ] GC(161) Humongous regions: 129->129
[2023-11-12T17:44:03.011+0100][gc,metaspace  ] GC(161) Metaspace: 46317K(49664K)->46317K(49664K) NonClass: 40610K(42496K)->40610K(42496K) Class: 5707K(7168K)->5707K(7168K)
[2023-11-12T17:44:03.011+0100][gc            ] GC(161) Pause Young (Normal) (G1 Evacuation Pause) 834M->248M(1024M) 10,194ms
[2023-11-12T17:44:03.011+0100][gc,cpu        ] GC(161) User=0,10s Sys=0,02s Real=0,01s
[2023-11-12T17:44:04.561+0100][gc,start      ] GC(162) Pause Young (Normal) (G1 Evacuation Pause)
[2023-11-12T17:44:04.561+0100][gc,task       ] GC(162) Using 13 workers of 13 for evacuation
[2023-11-12T17:44:04.572+0100][gc,phases     ] GC(162)   Pre Evacuate Collection Set: 0,0ms
[2023-11-12T17:44:04.572+0100][gc,phases     ] GC(162)   Evacuate Collection Set: 10,1ms
[2023-11-12T17:44:04.572+0100][gc,phases     ] GC(162)   Post Evacuate Collection Set: 0,6ms
[2023-11-12T17:44:04.572+0100][gc,phases     ] GC(162)   Other: 0,2ms
[2023-11-12T17:44:04.572+0100][gc,heap       ] GC(162) Eden regions: 586->0(584)
[2023-11-12T17:44:04.572+0100][gc,heap       ] GC(162) Survivor regions: 28->30(77)
[2023-11-12T17:44:04.572+0100][gc,heap       ] GC(162) Old regions: 93->93
[2023-11-12T17:44:04.572+0100][gc,heap       ] GC(162) Humongous regions: 129->129
[2023-11-12T17:44:04.572+0100][gc,metaspace  ] GC(162) Metaspace: 46317K(49664K)->46317K(49664K) NonClass: 40610K(42496K)->40610K(42496K) Class: 5707K(7168K)->5707K(7168K)
[2023-11-12T17:44:04.572+0100][gc            ] GC(162) Pause Young (Normal) (G1 Evacuation Pause) 834M->250M(1024M) 10,979ms
[2023-11-12T17:44:04.572+0100][gc,cpu        ] GC(162) User=0,10s Sys=0,01s Real=0,00s
[2023-11-12T17:44:05.987+0100][gc,start      ] GC(163) Pause Young (Normal) (G1 Evacuation Pause)
[2023-11-12T17:44:05.987+0100][gc,task       ] GC(163) Using 13 workers of 13 for evacuation
[2023-11-12T17:44:05.993+0100][gc,phases     ] GC(163)   Pre Evacuate Collection Set: 0,0ms
[2023-11-12T17:44:05.993+0100][gc,phases     ] GC(163)   Evacuate Collection Set: 4,6ms
[2023-11-12T17:44:05.993+0100][gc,phases     ] GC(163)   Post Evacuate Collection Set: 0,6ms
[2023-11-12T17:44:05.993+0100][gc,phases     ] GC(163)   Other: 0,2ms
[2023-11-12T17:44:05.993+0100][gc,heap       ] GC(163) Eden regions: 584->0(607)
[2023-11-12T17:44:05.993+0100][gc,heap       ] GC(163) Survivor regions: 30->7(77)
[2023-11-12T17:44:05.993+0100][gc,heap       ] GC(163) Old regions: 93->94
[2023-11-12T17:44:05.993+0100][gc,heap       ] GC(163) Humongous regions: 129->129
[2023-11-12T17:44:05.993+0100][gc,metaspace  ] GC(163) Metaspace: 46317K(49664K)->46317K(49664K) NonClass: 40610K(42496K)->40610K(42496K) Class: 5707K(7168K)->5707K(7168K)
[2023-11-12T17:44:05.993+0100][gc            ] GC(163) Pause Young (Normal) (G1 Evacuation Pause) 834M->227M(1024M) 5,455ms
[2023-11-12T17:44:05.993+0100][gc,cpu        ] GC(163) User=0,04s Sys=0,01s Real=0,00s
[2023-11-12T17:44:07.617+0100][gc,start      ] GC(164) Pause Young (Normal) (G1 Evacuation Pause)
[2023-11-12T17:44:07.617+0100][gc,task       ] GC(164) Using 13 workers of 13 for evacuation
[2023-11-12T17:44:07.622+0100][gc,phases     ] GC(164)   Pre Evacuate Collection Set: 0,0ms
[2023-11-12T17:44:07.622+0100][gc,phases     ] GC(164)   Evacuate Collection Set: 4,9ms
[2023-11-12T17:44:07.622+0100][gc,phases     ] GC(164)   Post Evacuate Collection Set: 0,6ms
[2023-11-12T17:44:07.622+0100][gc,phases     ] GC(164)   Other: 0,2ms
[2023-11-12T17:44:07.622+0100][gc,heap       ] GC(164) Eden regions: 607->0(606)
[2023-11-12T17:44:07.622+0100][gc,heap       ] GC(164) Survivor regions: 7->8(77)
[2023-11-12T17:44:07.622+0100][gc,heap       ] GC(164) Old regions: 94->94
[2023-11-12T17:44:07.623+0100][gc,heap       ] GC(164) Humongous regions: 129->129
[2023-11-12T17:44:07.623+0100][gc,metaspace  ] GC(164) Metaspace: 46317K(49664K)->46317K(49664K) NonClass: 40610K(42496K)->40610K(42496K) Class: 5707K(7168K)->5707K(7168K)
[2023-11-12T17:44:07.623+0100][gc            ] GC(164) Pause Young (Normal) (G1 Evacuation Pause) 834M->228M(1024M) 5,844ms
[2023-11-12T17:44:07.623+0100][gc,cpu        ] GC(164) User=0,03s Sys=0,02s Real=0,01s
[2023-11-12T17:44:09.096+0100][gc,start      ] GC(165) Pause Young (Normal) (G1 Evacuation Pause)
[2023-11-12T17:44:09.096+0100][gc,task       ] GC(165) Using 13 workers of 13 for evacuation
[2023-11-12T17:44:09.102+0100][gc,phases     ] GC(165)   Pre Evacuate Collection Set: 0,0ms
[2023-11-12T17:44:09.102+0100][gc,phases     ] GC(165)   Evacuate Collection Set: 5,3ms
[2023-11-12T17:44:09.102+0100][gc,phases     ] GC(165)   Post Evacuate Collection Set: 0,7ms
[2023-11-12T17:44:09.102+0100][gc,phases     ] GC(165)   Other: 0,3ms
[2023-11-12T17:44:09.102+0100][gc,heap       ] GC(165) Eden regions: 606->0(604)
[2023-11-12T17:44:09.102+0100][gc,heap       ] GC(165) Survivor regions: 8->10(77)
[2023-11-12T17:44:09.102+0100][gc,heap       ] GC(165) Old regions: 94->94
[2023-11-12T17:44:09.102+0100][gc,heap       ] GC(165) Humongous regions: 129->129
[2023-11-12T17:44:09.102+0100][gc,metaspace  ] GC(165) Metaspace: 46319K(49664K)->46319K(49664K) NonClass: 40612K(42496K)->40612K(42496K) Class: 5707K(7168K)->5707K(7168K)
[2023-11-12T17:44:09.102+0100][gc            ] GC(165) Pause Young (Normal) (G1 Evacuation Pause) 834M->230M(1024M) 6,383ms
[2023-11-12T17:44:09.102+0100][gc,cpu        ] GC(165) User=0,05s Sys=0,02s Real=0,01s
[2023-11-12T17:44:10.632+0100][gc,start      ] GC(166) Pause Young (Normal) (G1 Evacuation Pause)
[2023-11-12T17:44:10.632+0100][gc,task       ] GC(166) Using 13 workers of 13 for evacuation
[2023-11-12T17:44:10.638+0100][gc,phases     ] GC(166)   Pre Evacuate Collection Set: 0,0ms
[2023-11-12T17:44:10.638+0100][gc,phases     ] GC(166)   Evacuate Collection Set: 5,1ms
[2023-11-12T17:44:10.638+0100][gc,phases     ] GC(166)   Post Evacuate Collection Set: 0,6ms
[2023-11-12T17:44:10.638+0100][gc,phases     ] GC(166)   Other: 0,2ms
[2023-11-12T17:44:10.638+0100][gc,heap       ] GC(166) Eden regions: 604->0(602)
[2023-11-12T17:44:10.638+0100][gc,heap       ] GC(166) Survivor regions: 10->12(77)
[2023-11-12T17:44:10.638+0100][gc,heap       ] GC(166) Old regions: 94->94
[2023-11-12T17:44:10.638+0100][gc,heap       ] GC(166) Humongous regions: 129->129
[2023-11-12T17:44:10.638+0100][gc,metaspace  ] GC(166) Metaspace: 46321K(49664K)->46321K(49664K) NonClass: 40613K(42496K)->40613K(42496K) Class: 5707K(7168K)->5707K(7168K)
[2023-11-12T17:44:10.638+0100][gc            ] GC(166) Pause Young (Normal) (G1 Evacuation Pause) 834M->232M(1024M) 6,014ms
[2023-11-12T17:44:10.638+0100][gc,cpu        ] GC(166) User=0,02s Sys=0,04s Real=0,01s
[2023-11-12T17:44:12.133+0100][gc,start      ] GC(167) Pause Young (Normal) (G1 Evacuation Pause)
[2023-11-12T17:44:12.133+0100][gc,task       ] GC(167) Using 13 workers of 13 for evacuation
[2023-11-12T17:44:12.140+0100][gc,phases     ] GC(167)   Pre Evacuate Collection Set: 0,0ms
[2023-11-12T17:44:12.140+0100][gc,phases     ] GC(167)   Evacuate Collection Set: 6,1ms
[2023-11-12T17:44:12.140+0100][gc,phases     ] GC(167)   Post Evacuate Collection Set: 0,7ms
[2023-11-12T17:44:12.140+0100][gc,phases     ] GC(167)   Other: 0,3ms
[2023-11-12T17:44:12.140+0100][gc,heap       ] GC(167) Eden regions: 602->0(600)
[2023-11-12T17:44:12.140+0100][gc,heap       ] GC(167) Survivor regions: 12->14(77)
[2023-11-12T17:44:12.140+0100][gc,heap       ] GC(167) Old regions: 94->94
[2023-11-12T17:44:12.140+0100][gc,heap       ] GC(167) Humongous regions: 129->129
[2023-11-12T17:44:12.140+0100][gc,metaspace  ] GC(167) Metaspace: 46321K(49664K)->46321K(49664K) NonClass: 40613K(42496K)->40613K(42496K) Class: 5707K(7168K)->5707K(7168K)
[2023-11-12T17:44:12.140+0100][gc            ] GC(167) Pause Young (Normal) (G1 Evacuation Pause) 834M->235M(1024M) 7,144ms
[2023-11-12T17:44:12.140+0100][gc,cpu        ] GC(167) User=0,06s Sys=0,02s Real=0,00s
[2023-11-12T17:44:13.802+0100][gc,start      ] GC(168) Pause Young (Normal) (G1 Evacuation Pause)
[2023-11-12T17:44:13.802+0100][gc,task       ] GC(168) Using 13 workers of 13 for evacuation
[2023-11-12T17:44:13.810+0100][gc,phases     ] GC(168)   Pre Evacuate Collection Set: 0,0ms
[2023-11-12T17:44:13.810+0100][gc,phases     ] GC(168)   Evacuate Collection Set: 7,4ms
[2023-11-12T17:44:13.810+0100][gc,phases     ] GC(168)   Post Evacuate Collection Set: 0,6ms
[2023-11-12T17:44:13.810+0100][gc,phases     ] GC(168)   Other: 0,2ms
[2023-11-12T17:44:13.810+0100][gc,heap       ] GC(168) Eden regions: 600->0(598)
[2023-11-12T17:44:13.810+0100][gc,heap       ] GC(168) Survivor regions: 14->16(77)
[2023-11-12T17:44:13.810+0100][gc,heap       ] GC(168) Old regions: 94->95
[2023-11-12T17:44:13.810+0100][gc,heap       ] GC(168) Humongous regions: 129->129
[2023-11-12T17:44:13.810+0100][gc,metaspace  ] GC(168) Metaspace: 46336K(49664K)->46336K(49664K) NonClass: 40628K(42496K)->40628K(42496K) Class: 5707K(7168K)->5707K(7168K)
[2023-11-12T17:44:13.810+0100][gc            ] GC(168) Pause Young (Normal) (G1 Evacuation Pause) 835M->237M(1024M) 8,425ms
[2023-11-12T17:44:13.810+0100][gc,cpu        ] GC(168) User=0,07s Sys=0,02s Real=0,00s
[2023-11-12T17:44:15.345+0100][gc,start      ] GC(169) Pause Young (Normal) (G1 Evacuation Pause)
[2023-11-12T17:44:15.345+0100][gc,task       ] GC(169) Using 13 workers of 13 for evacuation
[2023-11-12T17:44:15.354+0100][gc,phases     ] GC(169)   Pre Evacuate Collection Set: 0,0ms
[2023-11-12T17:44:15.354+0100][gc,phases     ] GC(169)   Evacuate Collection Set: 8,1ms
[2023-11-12T17:44:15.354+0100][gc,phases     ] GC(169)   Post Evacuate Collection Set: 0,6ms
[2023-11-12T17:44:15.354+0100][gc,phases     ] GC(169)   Other: 0,2ms
[2023-11-12T17:44:15.354+0100][gc,heap       ] GC(169) Eden regions: 598->0(596)
[2023-11-12T17:44:15.354+0100][gc,heap       ] GC(169) Survivor regions: 16->18(77)
[2023-11-12T17:44:15.354+0100][gc,heap       ] GC(169) Old regions: 95->95
[2023-11-12T17:44:15.354+0100][gc,heap       ] GC(169) Humongous regions: 129->129
[2023-11-12T17:44:15.354+0100][gc,metaspace  ] GC(169) Metaspace: 46336K(49664K)->46336K(49664K) NonClass: 40628K(42496K)->40628K(42496K) Class: 5707K(7168K)->5707K(7168K)
[2023-11-12T17:44:15.354+0100][gc            ] GC(169) Pause Young (Normal) (G1 Evacuation Pause) 835M->240M(1024M) 9,020ms
[2023-11-12T17:44:15.354+0100][gc,cpu        ] GC(169) User=0,09s Sys=0,01s Real=0,01s
[2023-11-12T17:44:16.892+0100][gc,start      ] GC(170) Pause Young (Normal) (G1 Evacuation Pause)
[2023-11-12T17:44:16.892+0100][gc,task       ] GC(170) Using 13 workers of 13 for evacuation
[2023-11-12T17:44:16.902+0100][gc,phases     ] GC(170)   Pre Evacuate Collection Set: 0,0ms
[2023-11-12T17:44:16.902+0100][gc,phases     ] GC(170)   Evacuate Collection Set: 8,9ms
[2023-11-12T17:44:16.902+0100][gc,phases     ] GC(170)   Post Evacuate Collection Set: 0,6ms
[2023-11-12T17:44:16.902+0100][gc,phases     ] GC(170)   Other: 0,2ms
[2023-11-12T17:44:16.902+0100][gc,heap       ] GC(170) Eden regions: 596->0(594)
[2023-11-12T17:44:16.902+0100][gc,heap       ] GC(170) Survivor regions: 18->20(77)
[2023-11-12T17:44:16.902+0100][gc,heap       ] GC(170) Old regions: 95->95
[2023-11-12T17:44:16.902+0100][gc,heap       ] GC(170) Humongous regions: 129->129
[2023-11-12T17:44:16.902+0100][gc,metaspace  ] GC(170) Metaspace: 46336K(49664K)->46336K(49664K) NonClass: 40628K(42496K)->40628K(42496K) Class: 5707K(7168K)->5707K(7168K)
[2023-11-12T17:44:16.902+0100][gc            ] GC(170) Pause Young (Normal) (G1 Evacuation Pause) 836M->242M(1024M) 9,944ms
[2023-11-12T17:44:16.902+0100][gc,cpu        ] GC(170) User=0,08s Sys=0,00s Real=0,02s
[2023-11-12T17:44:18.354+0100][gc,start      ] GC(171) Pause Young (Normal) (G1 Evacuation Pause)
[2023-11-12T17:44:18.354+0100][gc,task       ] GC(171) Using 13 workers of 13 for evacuation
[2023-11-12T17:44:18.363+0100][gc,phases     ] GC(171)   Pre Evacuate Collection Set: 0,0ms
[2023-11-12T17:44:18.363+0100][gc,phases     ] GC(171)   Evacuate Collection Set: 7,8ms
[2023-11-12T17:44:18.363+0100][gc,phases     ] GC(171)   Post Evacuate Collection Set: 0,7ms
[2023-11-12T17:44:18.363+0100][gc,phases     ] GC(171)   Other: 0,2ms
[2023-11-12T17:44:18.363+0100][gc,heap       ] GC(171) Eden regions: 594->0(592)
[2023-11-12T17:44:18.363+0100][gc,heap       ] GC(171) Survivor regions: 20->22(77)
[2023-11-12T17:44:18.363+0100][gc,heap       ] GC(171) Old regions: 95->95
[2023-11-12T17:44:18.363+0100][gc,heap       ] GC(171) Humongous regions: 129->129
[2023-11-12T17:44:18.363+0100][gc,metaspace  ] GC(171) Metaspace: 46336K(49664K)->46336K(49664K) NonClass: 40628K(42496K)->40628K(42496K) Class: 5707K(7168K)->5707K(7168K)
[2023-11-12T17:44:18.363+0100][gc            ] GC(171) Pause Young (Normal) (G1 Evacuation Pause) 836M->244M(1024M) 8,831ms
[2023-11-12T17:44:18.363+0100][gc,cpu        ] GC(171) User=0,08s Sys=0,02s Real=0,01s
[2023-11-12T17:44:19.873+0100][gc,start      ] GC(172) Pause Young (Normal) (G1 Evacuation Pause)
[2023-11-12T17:44:19.873+0100][gc,task       ] GC(172) Using 13 workers of 13 for evacuation
[2023-11-12T17:44:19.883+0100][gc,phases     ] GC(172)   Pre Evacuate Collection Set: 0,0ms
[2023-11-12T17:44:19.883+0100][gc,phases     ] GC(172)   Evacuate Collection Set: 8,8ms
[2023-11-12T17:44:19.883+0100][gc,phases     ] GC(172)   Post Evacuate Collection Set: 0,7ms
[2023-11-12T17:44:19.883+0100][gc,phases     ] GC(172)   Other: 0,3ms
[2023-11-12T17:44:19.883+0100][gc,heap       ] GC(172) Eden regions: 592->0(590)
[2023-11-12T17:44:19.883+0100][gc,heap       ] GC(172) Survivor regions: 22->24(77)
[2023-11-12T17:44:19.883+0100][gc,heap       ] GC(172) Old regions: 95->95
[2023-11-12T17:44:19.883+0100][gc,heap       ] GC(172) Humongous regions: 129->129
[2023-11-12T17:44:19.883+0100][gc,metaspace  ] GC(172) Metaspace: 46337K(49664K)->46337K(49664K) NonClass: 40629K(42496K)->40629K(42496K) Class: 5707K(7168K)->5707K(7168K)
[2023-11-12T17:44:19.883+0100][gc            ] GC(172) Pause Young (Normal) (G1 Evacuation Pause) 836M->246M(1024M) 9,973ms
[2023-11-12T17:44:19.883+0100][gc,cpu        ] GC(172) User=0,06s Sys=0,04s Real=0,01s
[2023-11-12T17:44:21.365+0100][gc,start      ] GC(173) Pause Young (Normal) (G1 Evacuation Pause)
[2023-11-12T17:44:21.365+0100][gc,task       ] GC(173) Using 13 workers of 13 for evacuation
[2023-11-12T17:44:21.375+0100][gc,phases     ] GC(173)   Pre Evacuate Collection Set: 0,0ms
[2023-11-12T17:44:21.375+0100][gc,phases     ] GC(173)   Evacuate Collection Set: 8,7ms
[2023-11-12T17:44:21.375+0100][gc,phases     ] GC(173)   Post Evacuate Collection Set: 0,6ms
[2023-11-12T17:44:21.375+0100][gc,phases     ] GC(173)   Other: 0,3ms
[2023-11-12T17:44:21.375+0100][gc,heap       ] GC(173) Eden regions: 590->0(587)
[2023-11-12T17:44:21.375+0100][gc,heap       ] GC(173) Survivor regions: 24->27(77)
[2023-11-12T17:44:21.375+0100][gc,heap       ] GC(173) Old regions: 95->96
[2023-11-12T17:44:21.375+0100][gc,heap       ] GC(173) Humongous regions: 129->129
[2023-11-12T17:44:21.375+0100][gc,metaspace  ] GC(173) Metaspace: 46337K(49664K)->46337K(49664K) NonClass: 40629K(42496K)->40629K(42496K) Class: 5707K(7168K)->5707K(7168K)
[2023-11-12T17:44:21.375+0100][gc            ] GC(173) Pause Young (Normal) (G1 Evacuation Pause) 836M->249M(1024M) 9,721ms
[2023-11-12T17:44:21.375+0100][gc,cpu        ] GC(173) User=0,09s Sys=0,02s Real=0,01s
[2023-11-12T17:44:22.914+0100][gc,start      ] GC(174) Pause Young (Normal) (G1 Evacuation Pause)
[2023-11-12T17:44:22.914+0100][gc,task       ] GC(174) Using 13 workers of 13 for evacuation
[2023-11-12T17:44:22.924+0100][gc,phases     ] GC(174)   Pre Evacuate Collection Set: 0,0ms
[2023-11-12T17:44:22.924+0100][gc,phases     ] GC(174)   Evacuate Collection Set: 9,2ms
[2023-11-12T17:44:22.924+0100][gc,phases     ] GC(174)   Post Evacuate Collection Set: 0,6ms
[2023-11-12T17:44:22.924+0100][gc,phases     ] GC(174)   Other: 0,2ms
[2023-11-12T17:44:22.924+0100][gc,heap       ] GC(174) Eden regions: 587->0(585)
[2023-11-12T17:44:22.924+0100][gc,heap       ] GC(174) Survivor regions: 27->29(77)
[2023-11-12T17:44:22.924+0100][gc,heap       ] GC(174) Old regions: 96->96
[2023-11-12T17:44:22.924+0100][gc,heap       ] GC(174) Humongous regions: 129->129
[2023-11-12T17:44:22.924+0100][gc,metaspace  ] GC(174) Metaspace: 46337K(49664K)->46337K(49664K) NonClass: 40629K(42496K)->40629K(42496K) Class: 5707K(7168K)->5707K(7168K)
[2023-11-12T17:44:22.924+0100][gc            ] GC(174) Pause Young (Normal) (G1 Evacuation Pause) 836M->251M(1024M) 10,213ms
[2023-11-12T17:44:22.924+0100][gc,cpu        ] GC(174) User=0,09s Sys=0,01s Real=0,01s
[2023-11-12T17:44:24.419+0100][gc,start      ] GC(175) Pause Young (Normal) (G1 Evacuation Pause)
[2023-11-12T17:44:24.419+0100][gc,task       ] GC(175) Using 13 workers of 13 for evacuation
[2023-11-12T17:44:24.424+0100][gc,phases     ] GC(175)   Pre Evacuate Collection Set: 0,0ms
[2023-11-12T17:44:24.424+0100][gc,phases     ] GC(175)   Evacuate Collection Set: 3,8ms
[2023-11-12T17:44:24.424+0100][gc,phases     ] GC(175)   Post Evacuate Collection Set: 0,5ms
[2023-11-12T17:44:24.424+0100][gc,phases     ] GC(175)   Other: 0,2ms
[2023-11-12T17:44:24.424+0100][gc,heap       ] GC(175) Eden regions: 585->0(609)
[2023-11-12T17:44:24.424+0100][gc,heap       ] GC(175) Survivor regions: 29->5(77)
[2023-11-12T17:44:24.424+0100][gc,heap       ] GC(175) Old regions: 96->96
[2023-11-12T17:44:24.424+0100][gc,heap       ] GC(175) Humongous regions: 129->129
[2023-11-12T17:44:24.424+0100][gc,metaspace  ] GC(175) Metaspace: 46337K(49664K)->46337K(49664K) NonClass: 40629K(42496K)->40629K(42496K) Class: 5707K(7168K)->5707K(7168K)
[2023-11-12T17:44:24.424+0100][gc            ] GC(175) Pause Young (Normal) (G1 Evacuation Pause) 836M->228M(1024M) 4,635ms
[2023-11-12T17:44:24.424+0100][gc,cpu        ] GC(175) User=0,04s Sys=0,01s Real=0,01s
[2023-11-12T17:44:25.905+0100][gc,start      ] GC(176) Pause Young (Normal) (G1 Evacuation Pause)
[2023-11-12T17:44:25.905+0100][gc,task       ] GC(176) Using 13 workers of 13 for evacuation
[2023-11-12T17:44:25.910+0100][gc,phases     ] GC(176)   Pre Evacuate Collection Set: 0,0ms
[2023-11-12T17:44:25.910+0100][gc,phases     ] GC(176)   Evacuate Collection Set: 4,2ms
[2023-11-12T17:44:25.910+0100][gc,phases     ] GC(176)   Post Evacuate Collection Set: 0,6ms
[2023-11-12T17:44:25.910+0100][gc,phases     ] GC(176)   Other: 0,2ms
[2023-11-12T17:44:25.910+0100][gc,heap       ] GC(176) Eden regions: 609->0(608)
[2023-11-12T17:44:25.910+0100][gc,heap       ] GC(176) Survivor regions: 5->6(77)
[2023-11-12T17:44:25.910+0100][gc,heap       ] GC(176) Old regions: 96->96
[2023-11-12T17:44:25.910+0100][gc,heap       ] GC(176) Humongous regions: 129->129
[2023-11-12T17:44:25.910+0100][gc,metaspace  ] GC(176) Metaspace: 46337K(49664K)->46337K(49664K) NonClass: 40629K(42496K)->40629K(42496K) Class: 5707K(7168K)->5707K(7168K)
[2023-11-12T17:44:25.910+0100][gc            ] GC(176) Pause Young (Normal) (G1 Evacuation Pause) 837M->229M(1024M) 5,091ms
[2023-11-12T17:44:25.910+0100][gc,cpu        ] GC(176) User=0,05s Sys=0,01s Real=0,00s
[2023-11-12T17:44:27.289+0100][gc,start      ] GC(177) Pause Young (Normal) (G1 Evacuation Pause)
[2023-11-12T17:44:27.289+0100][gc,task       ] GC(177) Using 13 workers of 13 for evacuation
[2023-11-12T17:44:27.295+0100][gc,phases     ] GC(177)   Pre Evacuate Collection Set: 0,0ms
[2023-11-12T17:44:27.295+0100][gc,phases     ] GC(177)   Evacuate Collection Set: 5,2ms
[2023-11-12T17:44:27.295+0100][gc,phases     ] GC(177)   Post Evacuate Collection Set: 0,6ms
[2023-11-12T17:44:27.295+0100][gc,phases     ] GC(177)   Other: 0,2ms
[2023-11-12T17:44:27.295+0100][gc,heap       ] GC(177) Eden regions: 608->0(604)
[2023-11-12T17:44:27.295+0100][gc,heap       ] GC(177) Survivor regions: 6->10(77)
[2023-11-12T17:44:27.295+0100][gc,heap       ] GC(177) Old regions: 96->96
[2023-11-12T17:44:27.295+0100][gc,heap       ] GC(177) Humongous regions: 129->129
[2023-11-12T17:44:27.295+0100][gc,metaspace  ] GC(177) Metaspace: 46337K(49664K)->46337K(49664K) NonClass: 40629K(42496K)->40629K(42496K) Class: 5707K(7168K)->5707K(7168K)
[2023-11-12T17:44:27.295+0100][gc            ] GC(177) Pause Young (Normal) (G1 Evacuation Pause) 837M->233M(1024M) 6,044ms
[2023-11-12T17:44:27.295+0100][gc,cpu        ] GC(177) User=0,06s Sys=0,00s Real=0,01s
[2023-11-12T17:44:28.669+0100][gc,start      ] GC(178) Pause Young (Normal) (G1 Evacuation Pause)
[2023-11-12T17:44:28.669+0100][gc,task       ] GC(178) Using 13 workers of 13 for evacuation
[2023-11-12T17:44:28.675+0100][gc,phases     ] GC(178)   Pre Evacuate Collection Set: 0,0ms
[2023-11-12T17:44:28.675+0100][gc,phases     ] GC(178)   Evacuate Collection Set: 5,9ms
[2023-11-12T17:44:28.675+0100][gc,phases     ] GC(178)   Post Evacuate Collection Set: 0,5ms
[2023-11-12T17:44:28.675+0100][gc,phases     ] GC(178)   Other: 0,2ms
[2023-11-12T17:44:28.675+0100][gc,heap       ] GC(178) Eden regions: 604->0(600)
[2023-11-12T17:44:28.675+0100][gc,heap       ] GC(178) Survivor regions: 10->14(77)
[2023-11-12T17:44:28.675+0100][gc,heap       ] GC(178) Old regions: 96->97
[2023-11-12T17:44:28.675+0100][gc,heap       ] GC(178) Humongous regions: 129->129
[2023-11-12T17:44:28.675+0100][gc,metaspace  ] GC(178) Metaspace: 46337K(49664K)->46337K(49664K) NonClass: 40629K(42496K)->40629K(42496K) Class: 5707K(7168K)->5707K(7168K)
[2023-11-12T17:44:28.675+0100][gc            ] GC(178) Pause Young (Normal) (G1 Evacuation Pause) 837M->237M(1024M) 6,743ms
[2023-11-12T17:44:28.676+0100][gc,cpu        ] GC(178) User=0,08s Sys=0,00s Real=0,01s
[2023-11-12T17:44:30.048+0100][gc,start      ] GC(179) Pause Young (Normal) (G1 Evacuation Pause)
[2023-11-12T17:44:30.048+0100][gc,task       ] GC(179) Using 13 workers of 13 for evacuation
[2023-11-12T17:44:30.055+0100][gc,phases     ] GC(179)   Pre Evacuate Collection Set: 0,0ms
[2023-11-12T17:44:30.055+0100][gc,phases     ] GC(179)   Evacuate Collection Set: 6,8ms
[2023-11-12T17:44:30.055+0100][gc,phases     ] GC(179)   Post Evacuate Collection Set: 0,5ms
[2023-11-12T17:44:30.055+0100][gc,phases     ] GC(179)   Other: 0,2ms
[2023-11-12T17:44:30.055+0100][gc,heap       ] GC(179) Eden regions: 600->0(597)
[2023-11-12T17:44:30.055+0100][gc,heap       ] GC(179) Survivor regions: 14->17(77)
[2023-11-12T17:44:30.055+0100][gc,heap       ] GC(179) Old regions: 97->97
[2023-11-12T17:44:30.055+0100][gc,heap       ] GC(179) Humongous regions: 129->129
[2023-11-12T17:44:30.055+0100][gc,metaspace  ] GC(179) Metaspace: 46337K(49664K)->46337K(49664K) NonClass: 40629K(42496K)->40629K(42496K) Class: 5707K(7168K)->5707K(7168K)
[2023-11-12T17:44:30.055+0100][gc            ] GC(179) Pause Young (Normal) (G1 Evacuation Pause) 837M->240M(1024M) 7,708ms
[2023-11-12T17:44:30.055+0100][gc,cpu        ] GC(179) User=0,08s Sys=0,00s Real=0,01s
[2023-11-12T17:44:31.370+0100][gc,start      ] GC(180) Pause Young (Normal) (G1 Evacuation Pause)
[2023-11-12T17:44:31.370+0100][gc,task       ] GC(180) Using 13 workers of 13 for evacuation
[2023-11-12T17:44:31.380+0100][gc,phases     ] GC(180)   Pre Evacuate Collection Set: 0,0ms
[2023-11-12T17:44:31.380+0100][gc,phases     ] GC(180)   Evacuate Collection Set: 8,9ms
[2023-11-12T17:44:31.380+0100][gc,phases     ] GC(180)   Post Evacuate Collection Set: 0,7ms
[2023-11-12T17:44:31.380+0100][gc,phases     ] GC(180)   Other: 0,2ms
[2023-11-12T17:44:31.380+0100][gc,heap       ] GC(180) Eden regions: 597->0(593)
[2023-11-12T17:44:31.380+0100][gc,heap       ] GC(180) Survivor regions: 17->21(77)
[2023-11-12T17:44:31.380+0100][gc,heap       ] GC(180) Old regions: 97->97
[2023-11-12T17:44:31.380+0100][gc,heap       ] GC(180) Humongous regions: 129->129
[2023-11-12T17:44:31.380+0100][gc,metaspace  ] GC(180) Metaspace: 46337K(49664K)->46337K(49664K) NonClass: 40629K(42496K)->40629K(42496K) Class: 5707K(7168K)->5707K(7168K)
[2023-11-12T17:44:31.380+0100][gc            ] GC(180) Pause Young (Normal) (G1 Evacuation Pause) 837M->245M(1024M) 9,933ms
[2023-11-12T17:44:31.380+0100][gc,cpu        ] GC(180) User=0,11s Sys=0,01s Real=0,01s
[2023-11-12T17:44:32.846+0100][gc,start      ] GC(181) Pause Young (Normal) (G1 Evacuation Pause)
[2023-11-12T17:44:32.846+0100][gc,task       ] GC(181) Using 13 workers of 13 for evacuation
[2023-11-12T17:44:32.857+0100][gc,phases     ] GC(181)   Pre Evacuate Collection Set: 0,0ms
[2023-11-12T17:44:32.857+0100][gc,phases     ] GC(181)   Evacuate Collection Set: 10,2ms
[2023-11-12T17:44:32.857+0100][gc,phases     ] GC(181)   Post Evacuate Collection Set: 0,6ms
[2023-11-12T17:44:32.857+0100][gc,phases     ] GC(181)   Other: 0,3ms
[2023-11-12T17:44:32.857+0100][gc,heap       ] GC(181) Eden regions: 593->0(591)
[2023-11-12T17:44:32.857+0100][gc,heap       ] GC(181) Survivor regions: 21->23(77)
[2023-11-12T17:44:32.857+0100][gc,heap       ] GC(181) Old regions: 97->97
[2023-11-12T17:44:32.857+0100][gc,heap       ] GC(181) Humongous regions: 129->129
[2023-11-12T17:44:32.857+0100][gc,metaspace  ] GC(181) Metaspace: 46343K(49664K)->46343K(49664K) NonClass: 40636K(42496K)->40636K(42496K) Class: 5707K(7168K)->5707K(7168K)
[2023-11-12T17:44:32.857+0100][gc            ] GC(181) Pause Young (Normal) (G1 Evacuation Pause) 838M->247M(1024M) 11,102ms
[2023-11-12T17:44:32.857+0100][gc,cpu        ] GC(181) User=0,11s Sys=0,02s Real=0,01s
[2023-11-12T17:44:34.361+0100][gc,start      ] GC(182) Pause Young (Normal) (G1 Evacuation Pause)
[2023-11-12T17:44:34.361+0100][gc,task       ] GC(182) Using 13 workers of 13 for evacuation
[2023-11-12T17:44:34.373+0100][gc,phases     ] GC(182)   Pre Evacuate Collection Set: 0,0ms
[2023-11-12T17:44:34.373+0100][gc,phases     ] GC(182)   Evacuate Collection Set: 10,7ms
[2023-11-12T17:44:34.373+0100][gc,phases     ] GC(182)   Post Evacuate Collection Set: 0,7ms
[2023-11-12T17:44:34.373+0100][gc,phases     ] GC(182)   Other: 0,2ms
[2023-11-12T17:44:34.373+0100][gc,heap       ] GC(182) Eden regions: 591->0(588)
[2023-11-12T17:44:34.373+0100][gc,heap       ] GC(182) Survivor regions: 23->26(77)
[2023-11-12T17:44:34.373+0100][gc,heap       ] GC(182) Old regions: 97->97
[2023-11-12T17:44:34.373+0100][gc,heap       ] GC(182) Humongous regions: 129->129
[2023-11-12T17:44:34.373+0100][gc,metaspace  ] GC(182) Metaspace: 46343K(49664K)->46343K(49664K) NonClass: 40636K(42496K)->40636K(42496K) Class: 5707K(7168K)->5707K(7168K)
[2023-11-12T17:44:34.373+0100][gc            ] GC(182) Pause Young (Normal) (G1 Evacuation Pause) 838M->250M(1024M) 11,756ms
[2023-11-12T17:44:34.373+0100][gc,cpu        ] GC(182) User=0,11s Sys=0,02s Real=0,01s
[2023-11-12T17:44:35.855+0100][gc,start      ] GC(183) Pause Young (Normal) (G1 Evacuation Pause)
[2023-11-12T17:44:35.855+0100][gc,task       ] GC(183) Using 13 workers of 13 for evacuation
[2023-11-12T17:44:35.867+0100][gc,phases     ] GC(183)   Pre Evacuate Collection Set: 0,0ms
[2023-11-12T17:44:35.867+0100][gc,phases     ] GC(183)   Evacuate Collection Set: 10,8ms
[2023-11-12T17:44:35.867+0100][gc,phases     ] GC(183)   Post Evacuate Collection Set: 0,7ms
[2023-11-12T17:44:35.867+0100][gc,phases     ] GC(183)   Other: 0,2ms
[2023-11-12T17:44:35.867+0100][gc,heap       ] GC(183) Eden regions: 588->0(586)
[2023-11-12T17:44:35.867+0100][gc,heap       ] GC(183) Survivor regions: 26->28(77)
[2023-11-12T17:44:35.867+0100][gc,heap       ] GC(183) Old regions: 97->97
[2023-11-12T17:44:35.867+0100][gc,heap       ] GC(183) Humongous regions: 129->129
[2023-11-12T17:44:35.867+0100][gc,metaspace  ] GC(183) Metaspace: 46343K(49664K)->46343K(49664K) NonClass: 40636K(42496K)->40636K(42496K) Class: 5707K(7168K)->5707K(7168K)
[2023-11-12T17:44:35.867+0100][gc            ] GC(183) Pause Young (Normal) (G1 Evacuation Pause) 838M->252M(1024M) 11,855ms
[2023-11-12T17:44:35.867+0100][gc,cpu        ] GC(183) User=0,14s Sys=0,00s Real=0,01s
[2023-11-12T17:44:37.349+0100][gc,start      ] GC(184) Pause Young (Normal) (G1 Evacuation Pause)
[2023-11-12T17:44:37.349+0100][gc,task       ] GC(184) Using 13 workers of 13 for evacuation
[2023-11-12T17:44:37.361+0100][gc,phases     ] GC(184)   Pre Evacuate Collection Set: 0,0ms
[2023-11-12T17:44:37.361+0100][gc,phases     ] GC(184)   Evacuate Collection Set: 10,6ms
[2023-11-12T17:44:37.361+0100][gc,phases     ] GC(184)   Post Evacuate Collection Set: 0,8ms
[2023-11-12T17:44:37.361+0100][gc,phases     ] GC(184)   Other: 0,2ms
[2023-11-12T17:44:37.361+0100][gc,heap       ] GC(184) Eden regions: 586->0(584)
[2023-11-12T17:44:37.361+0100][gc,heap       ] GC(184) Survivor regions: 28->30(77)
[2023-11-12T17:44:37.361+0100][gc,heap       ] GC(184) Old regions: 97->98
[2023-11-12T17:44:37.361+0100][gc,heap       ] GC(184) Humongous regions: 129->129
[2023-11-12T17:44:37.361+0100][gc,metaspace  ] GC(184) Metaspace: 46350K(49664K)->46350K(49664K) NonClass: 40643K(42496K)->40643K(42496K) Class: 5707K(7168K)->5707K(7168K)
[2023-11-12T17:44:37.361+0100][gc            ] GC(184) Pause Young (Normal) (G1 Evacuation Pause) 838M->254M(1024M) 11,698ms
[2023-11-12T17:44:37.361+0100][gc,cpu        ] GC(184) User=0,13s Sys=0,01s Real=0,01s
[2023-11-12T17:44:38.989+0100][gc,start      ] GC(185) Pause Young (Normal) (G1 Evacuation Pause)
[2023-11-12T17:44:38.989+0100][gc,task       ] GC(185) Using 13 workers of 13 for evacuation
[2023-11-12T17:44:39.000+0100][gc,phases     ] GC(185)   Pre Evacuate Collection Set: 0,0ms
[2023-11-12T17:44:39.000+0100][gc,phases     ] GC(185)   Evacuate Collection Set: 10,3ms
[2023-11-12T17:44:39.000+0100][gc,phases     ] GC(185)   Post Evacuate Collection Set: 0,6ms
[2023-11-12T17:44:39.000+0100][gc,phases     ] GC(185)   Other: 0,3ms
[2023-11-12T17:44:39.000+0100][gc,heap       ] GC(185) Eden regions: 584->0(581)
[2023-11-12T17:44:39.000+0100][gc,heap       ] GC(185) Survivor regions: 30->33(77)
[2023-11-12T17:44:39.000+0100][gc,heap       ] GC(185) Old regions: 98->98
[2023-11-12T17:44:39.000+0100][gc,heap       ] GC(185) Humongous regions: 129->129
[2023-11-12T17:44:39.000+0100][gc,metaspace  ] GC(185) Metaspace: 46351K(49664K)->46351K(49664K) NonClass: 40644K(42496K)->40644K(42496K) Class: 5707K(7168K)->5707K(7168K)
[2023-11-12T17:44:39.000+0100][gc            ] GC(185) Pause Young (Normal) (G1 Evacuation Pause) 838M->257M(1024M) 11,246ms
[2023-11-12T17:44:39.000+0100][gc,cpu        ] GC(185) User=0,11s Sys=0,02s Real=0,01s
[2023-11-12T17:44:40.499+0100][gc,start      ] GC(186) Pause Young (Normal) (G1 Evacuation Pause)
[2023-11-12T17:44:40.499+0100][gc,task       ] GC(186) Using 13 workers of 13 for evacuation
[2023-11-12T17:44:40.504+0100][gc,phases     ] GC(186)   Pre Evacuate Collection Set: 0,0ms
[2023-11-12T17:44:40.504+0100][gc,phases     ] GC(186)   Evacuate Collection Set: 4,5ms
[2023-11-12T17:44:40.504+0100][gc,phases     ] GC(186)   Post Evacuate Collection Set: 0,6ms
[2023-11-12T17:44:40.504+0100][gc,phases     ] GC(186)   Other: 0,2ms
[2023-11-12T17:44:40.504+0100][gc,heap       ] GC(186) Eden regions: 581->0(606)
[2023-11-12T17:44:40.504+0100][gc,heap       ] GC(186) Survivor regions: 33->8(77)
[2023-11-12T17:44:40.504+0100][gc,heap       ] GC(186) Old regions: 98->98
[2023-11-12T17:44:40.504+0100][gc,heap       ] GC(186) Humongous regions: 129->129
[2023-11-12T17:44:40.504+0100][gc,metaspace  ] GC(186) Metaspace: 46351K(49664K)->46351K(49664K) NonClass: 40644K(42496K)->40644K(42496K) Class: 5707K(7168K)->5707K(7168K)
[2023-11-12T17:44:40.504+0100][gc            ] GC(186) Pause Young (Normal) (G1 Evacuation Pause) 838M->232M(1024M) 5,404ms
[2023-11-12T17:44:40.504+0100][gc,cpu        ] GC(186) User=0,04s Sys=0,01s Real=0,01s
[2023-11-12T17:44:42.035+0100][gc,start      ] GC(187) Pause Young (Normal) (G1 Evacuation Pause)
[2023-11-12T17:44:42.035+0100][gc,task       ] GC(187) Using 13 workers of 13 for evacuation
[2023-11-12T17:44:42.040+0100][gc,phases     ] GC(187)   Pre Evacuate Collection Set: 0,0ms
[2023-11-12T17:44:42.040+0100][gc,phases     ] GC(187)   Evacuate Collection Set: 4,6ms
[2023-11-12T17:44:42.040+0100][gc,phases     ] GC(187)   Post Evacuate Collection Set: 0,6ms
[2023-11-12T17:44:42.040+0100][gc,phases     ] GC(187)   Other: 0,2ms
[2023-11-12T17:44:42.040+0100][gc,heap       ] GC(187) Eden regions: 606->0(606)
[2023-11-12T17:44:42.040+0100][gc,heap       ] GC(187) Survivor regions: 8->8(77)
[2023-11-12T17:44:42.040+0100][gc,heap       ] GC(187) Old regions: 98->98
[2023-11-12T17:44:42.040+0100][gc,heap       ] GC(187) Humongous regions: 129->129
[2023-11-12T17:44:42.040+0100][gc,metaspace  ] GC(187) Metaspace: 46351K(49664K)->46351K(49664K) NonClass: 40644K(42496K)->40644K(42496K) Class: 5707K(7168K)->5707K(7168K)
[2023-11-12T17:44:42.040+0100][gc            ] GC(187) Pause Young (Normal) (G1 Evacuation Pause) 838M->232M(1024M) 5,604ms
[2023-11-12T17:44:42.040+0100][gc,cpu        ] GC(187) User=0,04s Sys=0,01s Real=0,00s
[2023-11-12T17:44:43.566+0100][gc,start      ] GC(188) Pause Young (Normal) (G1 Evacuation Pause)
[2023-11-12T17:44:43.566+0100][gc,task       ] GC(188) Using 13 workers of 13 for evacuation
[2023-11-12T17:44:43.572+0100][gc,phases     ] GC(188)   Pre Evacuate Collection Set: 0,0ms
[2023-11-12T17:44:43.572+0100][gc,phases     ] GC(188)   Evacuate Collection Set: 5,7ms
[2023-11-12T17:44:43.572+0100][gc,phases     ] GC(188)   Post Evacuate Collection Set: 0,6ms
[2023-11-12T17:44:43.572+0100][gc,phases     ] GC(188)   Other: 0,2ms
[2023-11-12T17:44:43.572+0100][gc,heap       ] GC(188) Eden regions: 606->0(605)
[2023-11-12T17:44:43.572+0100][gc,heap       ] GC(188) Survivor regions: 8->9(77)
[2023-11-12T17:44:43.572+0100][gc,heap       ] GC(188) Old regions: 98->98
[2023-11-12T17:44:43.572+0100][gc,heap       ] GC(188) Humongous regions: 129->129
[2023-11-12T17:44:43.572+0100][gc,metaspace  ] GC(188) Metaspace: 46351K(49664K)->46351K(49664K) NonClass: 40644K(42496K)->40644K(42496K) Class: 5707K(7168K)->5707K(7168K)
[2023-11-12T17:44:43.572+0100][gc            ] GC(188) Pause Young (Normal) (G1 Evacuation Pause) 838M->234M(1024M) 6,640ms
[2023-11-12T17:44:43.572+0100][gc,cpu        ] GC(188) User=0,04s Sys=0,02s Real=0,00s
[2023-11-12T17:44:45.057+0100][gc,start      ] GC(189) Pause Young (Normal) (G1 Evacuation Pause)
[2023-11-12T17:44:45.057+0100][gc,task       ] GC(189) Using 13 workers of 13 for evacuation
[2023-11-12T17:44:45.064+0100][gc,phases     ] GC(189)   Pre Evacuate Collection Set: 0,0ms
[2023-11-12T17:44:45.064+0100][gc,phases     ] GC(189)   Evacuate Collection Set: 5,9ms
[2023-11-12T17:44:45.064+0100][gc,phases     ] GC(189)   Post Evacuate Collection Set: 0,5ms
[2023-11-12T17:44:45.064+0100][gc,phases     ] GC(189)   Other: 0,3ms
[2023-11-12T17:44:45.064+0100][gc,heap       ] GC(189) Eden regions: 605->0(603)
[2023-11-12T17:44:45.064+0100][gc,heap       ] GC(189) Survivor regions: 9->11(77)
[2023-11-12T17:44:45.064+0100][gc,heap       ] GC(189) Old regions: 98->98
[2023-11-12T17:44:45.064+0100][gc,heap       ] GC(189) Humongous regions: 129->129
[2023-11-12T17:44:45.064+0100][gc,metaspace  ] GC(189) Metaspace: 46352K(49664K)->46352K(49664K) NonClass: 40644K(42496K)->40644K(42496K) Class: 5707K(7168K)->5707K(7168K)
[2023-11-12T17:44:45.064+0100][gc            ] GC(189) Pause Young (Normal) (G1 Evacuation Pause) 839M->236M(1024M) 6,827ms
[2023-11-12T17:44:45.064+0100][gc,cpu        ] GC(189) User=0,06s Sys=0,01s Real=0,01s
[2023-11-12T17:44:46.538+0100][gc,start      ] GC(190) Pause Young (Normal) (G1 Evacuation Pause)
[2023-11-12T17:44:46.538+0100][gc,task       ] GC(190) Using 13 workers of 13 for evacuation
[2023-11-12T17:44:46.545+0100][gc,phases     ] GC(190)   Pre Evacuate Collection Set: 0,0ms
[2023-11-12T17:44:46.545+0100][gc,phases     ] GC(190)   Evacuate Collection Set: 6,3ms
[2023-11-12T17:44:46.545+0100][gc,phases     ] GC(190)   Post Evacuate Collection Set: 0,6ms
[2023-11-12T17:44:46.545+0100][gc,phases     ] GC(190)   Other: 0,3ms
[2023-11-12T17:44:46.545+0100][gc,heap       ] GC(190) Eden regions: 603->0(600)
[2023-11-12T17:44:46.545+0100][gc,heap       ] GC(190) Survivor regions: 11->14(77)
[2023-11-12T17:44:46.545+0100][gc,heap       ] GC(190) Old regions: 98->98
[2023-11-12T17:44:46.545+0100][gc,heap       ] GC(190) Humongous regions: 129->129
[2023-11-12T17:44:46.545+0100][gc,metaspace  ] GC(190) Metaspace: 46352K(49664K)->46352K(49664K) NonClass: 40644K(42496K)->40644K(42496K) Class: 5707K(7168K)->5707K(7168K)
[2023-11-12T17:44:46.545+0100][gc            ] GC(190) Pause Young (Normal) (G1 Evacuation Pause) 839M->238M(1024M) 7,440ms
[2023-11-12T17:44:46.545+0100][gc,cpu        ] GC(190) User=0,06s Sys=0,02s Real=0,01s
[2023-11-12T17:44:47.980+0100][gc,start      ] GC(191) Pause Young (Normal) (G1 Evacuation Pause)
[2023-11-12T17:44:47.980+0100][gc,task       ] GC(191) Using 13 workers of 13 for evacuation
[2023-11-12T17:44:47.987+0100][gc,phases     ] GC(191)   Pre Evacuate Collection Set: 0,0ms
[2023-11-12T17:44:47.987+0100][gc,phases     ] GC(191)   Evacuate Collection Set: 5,9ms
[2023-11-12T17:44:47.987+0100][gc,phases     ] GC(191)   Post Evacuate Collection Set: 0,6ms
[2023-11-12T17:44:47.987+0100][gc,phases     ] GC(191)   Other: 0,2ms
[2023-11-12T17:44:47.987+0100][gc,heap       ] GC(191) Eden regions: 600->0(598)
[2023-11-12T17:44:47.987+0100][gc,heap       ] GC(191) Survivor regions: 14->16(77)
[2023-11-12T17:44:47.987+0100][gc,heap       ] GC(191) Old regions: 98->98
[2023-11-12T17:44:47.987+0100][gc,heap       ] GC(191) Humongous regions: 129->129
[2023-11-12T17:44:47.987+0100][gc,metaspace  ] GC(191) Metaspace: 46352K(49664K)->46352K(49664K) NonClass: 40644K(42496K)->40644K(42496K) Class: 5707K(7168K)->5707K(7168K)
[2023-11-12T17:44:47.987+0100][gc            ] GC(191) Pause Young (Normal) (G1 Evacuation Pause) 838M->241M(1024M) 6,861ms
[2023-11-12T17:44:47.987+0100][gc,cpu        ] GC(191) User=0,08s Sys=0,00s Real=0,01s
[2023-11-12T17:44:49.497+0100][gc,start      ] GC(192) Pause Young (Normal) (G1 Evacuation Pause)
[2023-11-12T17:44:49.497+0100][gc,task       ] GC(192) Using 13 workers of 13 for evacuation
[2023-11-12T17:44:49.505+0100][gc,phases     ] GC(192)   Pre Evacuate Collection Set: 0,0ms
[2023-11-12T17:44:49.505+0100][gc,phases     ] GC(192)   Evacuate Collection Set: 6,9ms
[2023-11-12T17:44:49.505+0100][gc,phases     ] GC(192)   Post Evacuate Collection Set: 0,6ms
[2023-11-12T17:44:49.505+0100][gc,phases     ] GC(192)   Other: 0,3ms
[2023-11-12T17:44:49.505+0100][gc,heap       ] GC(192) Eden regions: 598->0(597)
[2023-11-12T17:44:49.505+0100][gc,heap       ] GC(192) Survivor regions: 16->17(77)
[2023-11-12T17:44:49.505+0100][gc,heap       ] GC(192) Old regions: 98->99
[2023-11-12T17:44:49.505+0100][gc,heap       ] GC(192) Humongous regions: 129->129
[2023-11-12T17:44:49.505+0100][gc,metaspace  ] GC(192) Metaspace: 46353K(49664K)->46353K(49664K) NonClass: 40645K(42496K)->40645K(42496K) Class: 5707K(7168K)->5707K(7168K)
[2023-11-12T17:44:49.505+0100][gc            ] GC(192) Pause Young (Normal) (G1 Evacuation Pause) 839M->242M(1024M) 7,844ms
[2023-11-12T17:44:49.505+0100][gc,cpu        ] GC(192) User=0,06s Sys=0,02s Real=0,01s
[2023-11-12T17:44:50.987+0100][gc,start      ] GC(193) Pause Young (Normal) (G1 Evacuation Pause)
[2023-11-12T17:44:50.987+0100][gc,task       ] GC(193) Using 13 workers of 13 for evacuation
[2023-11-12T17:44:50.995+0100][gc,phases     ] GC(193)   Pre Evacuate Collection Set: 0,0ms
[2023-11-12T17:44:50.995+0100][gc,phases     ] GC(193)   Evacuate Collection Set: 7,2ms
[2023-11-12T17:44:50.995+0100][gc,phases     ] GC(193)   Post Evacuate Collection Set: 0,6ms
[2023-11-12T17:44:50.995+0100][gc,phases     ] GC(193)   Other: 0,2ms
[2023-11-12T17:44:50.995+0100][gc,heap       ] GC(193) Eden regions: 597->0(593)
[2023-11-12T17:44:50.995+0100][gc,heap       ] GC(193) Survivor regions: 17->21(77)
[2023-11-12T17:44:50.996+0100][gc,heap       ] GC(193) Old regions: 99->99
[2023-11-12T17:44:50.996+0100][gc,heap       ] GC(193) Humongous regions: 129->129
[2023-11-12T17:44:50.996+0100][gc,metaspace  ] GC(193) Metaspace: 46353K(49664K)->46353K(49664K) NonClass: 40645K(42496K)->40645K(42496K) Class: 5707K(7168K)->5707K(7168K)
[2023-11-12T17:44:50.996+0100][gc            ] GC(193) Pause Young (Normal) (G1 Evacuation Pause) 839M->246M(1024M) 8,145ms
[2023-11-12T17:44:50.996+0100][gc,cpu        ] GC(193) User=0,09s Sys=0,00s Real=0,01s
[2023-11-12T17:44:52.479+0100][gc,start      ] GC(194) Pause Young (Normal) (G1 Evacuation Pause)
[2023-11-12T17:44:52.479+0100][gc,task       ] GC(194) Using 13 workers of 13 for evacuation
[2023-11-12T17:44:52.487+0100][gc,phases     ] GC(194)   Pre Evacuate Collection Set: 0,0ms
[2023-11-12T17:44:52.487+0100][gc,phases     ] GC(194)   Evacuate Collection Set: 7,4ms
[2023-11-12T17:44:52.487+0100][gc,phases     ] GC(194)   Post Evacuate Collection Set: 0,6ms
[2023-11-12T17:44:52.487+0100][gc,phases     ] GC(194)   Other: 0,2ms
[2023-11-12T17:44:52.487+0100][gc,heap       ] GC(194) Eden regions: 593->0(592)
[2023-11-12T17:44:52.487+0100][gc,heap       ] GC(194) Survivor regions: 21->22(77)
[2023-11-12T17:44:52.487+0100][gc,heap       ] GC(194) Old regions: 99->99
[2023-11-12T17:44:52.487+0100][gc,heap       ] GC(194) Humongous regions: 129->129
[2023-11-12T17:44:52.487+0100][gc,metaspace  ] GC(194) Metaspace: 46353K(49664K)->46353K(49664K) NonClass: 40645K(42496K)->40645K(42496K) Class: 5707K(7168K)->5707K(7168K)
[2023-11-12T17:44:52.487+0100][gc            ] GC(194) Pause Young (Normal) (G1 Evacuation Pause) 839M->247M(1024M) 8,290ms
[2023-11-12T17:44:52.487+0100][gc,cpu        ] GC(194) User=0,10s Sys=0,00s Real=0,01s
[2023-11-12T17:44:53.941+0100][gc,start      ] GC(195) Pause Young (Normal) (G1 Evacuation Pause)
[2023-11-12T17:44:53.941+0100][gc,task       ] GC(195) Using 13 workers of 13 for evacuation
[2023-11-12T17:44:53.951+0100][gc,phases     ] GC(195)   Pre Evacuate Collection Set: 0,0ms
[2023-11-12T17:44:53.951+0100][gc,phases     ] GC(195)   Evacuate Collection Set: 8,4ms
[2023-11-12T17:44:53.951+0100][gc,phases     ] GC(195)   Post Evacuate Collection Set: 0,6ms
[2023-11-12T17:44:53.951+0100][gc,phases     ] GC(195)   Other: 0,3ms
[2023-11-12T17:44:53.951+0100][gc,heap       ] GC(195) Eden regions: 592->0(589)
[2023-11-12T17:44:53.951+0100][gc,heap       ] GC(195) Survivor regions: 22->25(77)
[2023-11-12T17:44:53.951+0100][gc,heap       ] GC(195) Old regions: 99->99
[2023-11-12T17:44:53.951+0100][gc,heap       ] GC(195) Humongous regions: 129->129
[2023-11-12T17:44:53.951+0100][gc,metaspace  ] GC(195) Metaspace: 46353K(49664K)->46353K(49664K) NonClass: 40645K(42496K)->40645K(42496K) Class: 5707K(7168K)->5707K(7168K)
[2023-11-12T17:44:53.951+0100][gc            ] GC(195) Pause Young (Normal) (G1 Evacuation Pause) 839M->250M(1024M) 9,343ms
[2023-11-12T17:44:53.951+0100][gc,cpu        ] GC(195) User=0,09s Sys=0,01s Real=0,00s
[2023-11-12T17:44:55.458+0100][gc,start      ] GC(196) Pause Young (Normal) (G1 Evacuation Pause)
[2023-11-12T17:44:55.458+0100][gc,task       ] GC(196) Using 13 workers of 13 for evacuation
[2023-11-12T17:44:55.468+0100][gc,phases     ] GC(196)   Pre Evacuate Collection Set: 0,0ms
[2023-11-12T17:44:55.468+0100][gc,phases     ] GC(196)   Evacuate Collection Set: 8,8ms
[2023-11-12T17:44:55.468+0100][gc,phases     ] GC(196)   Post Evacuate Collection Set: 0,5ms
[2023-11-12T17:44:55.468+0100][gc,phases     ] GC(196)   Other: 0,2ms
[2023-11-12T17:44:55.468+0100][gc,heap       ] GC(196) Eden regions: 589->0(588)
[2023-11-12T17:44:55.468+0100][gc,heap       ] GC(196) Survivor regions: 25->26(77)
[2023-11-12T17:44:55.468+0100][gc,heap       ] GC(196) Old regions: 99->99
[2023-11-12T17:44:55.468+0100][gc,heap       ] GC(196) Humongous regions: 129->129
[2023-11-12T17:44:55.468+0100][gc,metaspace  ] GC(196) Metaspace: 46353K(49664K)->46353K(49664K) NonClass: 40645K(42496K)->40645K(42496K) Class: 5707K(7168K)->5707K(7168K)
[2023-11-12T17:44:55.468+0100][gc            ] GC(196) Pause Young (Normal) (G1 Evacuation Pause) 839M->252M(1024M) 9,687ms
[2023-11-12T17:44:55.468+0100][gc,cpu        ] GC(196) User=0,10s Sys=0,01s Real=0,01s
[2023-11-12T17:44:56.895+0100][gc,start      ] GC(197) Pause Young (Normal) (G1 Evacuation Pause)
[2023-11-12T17:44:56.895+0100][gc,task       ] GC(197) Using 13 workers of 13 for evacuation
[2023-11-12T17:44:56.905+0100][gc,phases     ] GC(197)   Pre Evacuate Collection Set: 0,0ms
[2023-11-12T17:44:56.905+0100][gc,phases     ] GC(197)   Evacuate Collection Set: 9,4ms
[2023-11-12T17:44:56.905+0100][gc,phases     ] GC(197)   Post Evacuate Collection Set: 0,6ms
[2023-11-12T17:44:56.905+0100][gc,phases     ] GC(197)   Other: 0,2ms
[2023-11-12T17:44:56.905+0100][gc,heap       ] GC(197) Eden regions: 588->0(585)
[2023-11-12T17:44:56.905+0100][gc,heap       ] GC(197) Survivor regions: 26->29(77)
[2023-11-12T17:44:56.905+0100][gc,heap       ] GC(197) Old regions: 99->99
[2023-11-12T17:44:56.905+0100][gc,heap       ] GC(197) Humongous regions: 129->129
[2023-11-12T17:44:56.905+0100][gc,metaspace  ] GC(197) Metaspace: 46353K(49664K)->46353K(49664K) NonClass: 40645K(42496K)->40645K(42496K) Class: 5707K(7168K)->5707K(7168K)
[2023-11-12T17:44:56.905+0100][gc            ] GC(197) Pause Young (Normal) (G1 Evacuation Pause) 840M->254M(1024M) 10,364ms
[2023-11-12T17:44:56.905+0100][gc,cpu        ] GC(197) User=0,11s Sys=0,01s Real=0,01s
[2023-11-12T17:44:58.390+0100][gc,start      ] GC(198) Pause Young (Normal) (G1 Evacuation Pause)
[2023-11-12T17:44:58.390+0100][gc,task       ] GC(198) Using 13 workers of 13 for evacuation
[2023-11-12T17:44:58.395+0100][gc,phases     ] GC(198)   Pre Evacuate Collection Set: 0,0ms
[2023-11-12T17:44:58.395+0100][gc,phases     ] GC(198)   Evacuate Collection Set: 4,9ms
[2023-11-12T17:44:58.395+0100][gc,phases     ] GC(198)   Post Evacuate Collection Set: 0,5ms
[2023-11-12T17:44:58.395+0100][gc,phases     ] GC(198)   Other: 0,2ms
[2023-11-12T17:44:58.395+0100][gc,heap       ] GC(198) Eden regions: 585->0(607)
[2023-11-12T17:44:58.395+0100][gc,heap       ] GC(198) Survivor regions: 29->7(77)
[2023-11-12T17:44:58.395+0100][gc,heap       ] GC(198) Old regions: 99->99
[2023-11-12T17:44:58.395+0100][gc,heap       ] GC(198) Humongous regions: 129->129
[2023-11-12T17:44:58.395+0100][gc,metaspace  ] GC(198) Metaspace: 46353K(49664K)->46353K(49664K) NonClass: 40645K(42496K)->40645K(42496K) Class: 5707K(7168K)->5707K(7168K)
[2023-11-12T17:44:58.396+0100][gc            ] GC(198) Pause Young (Normal) (G1 Evacuation Pause) 839M->232M(1024M) 5,759ms
[2023-11-12T17:44:58.396+0100][gc,cpu        ] GC(198) User=0,04s Sys=0,01s Real=0,01s
[2023-11-12T17:44:59.834+0100][gc,start      ] GC(199) Pause Young (Normal) (G1 Evacuation Pause)
[2023-11-12T17:44:59.834+0100][gc,task       ] GC(199) Using 13 workers of 13 for evacuation
[2023-11-12T17:44:59.839+0100][gc,phases     ] GC(199)   Pre Evacuate Collection Set: 0,0ms
[2023-11-12T17:44:59.839+0100][gc,phases     ] GC(199)   Evacuate Collection Set: 4,6ms
[2023-11-12T17:44:59.839+0100][gc,phases     ] GC(199)   Post Evacuate Collection Set: 0,6ms
[2023-11-12T17:44:59.839+0100][gc,phases     ] GC(199)   Other: 0,2ms
[2023-11-12T17:44:59.839+0100][gc,heap       ] GC(199) Eden regions: 607->0(606)
[2023-11-12T17:44:59.839+0100][gc,heap       ] GC(199) Survivor regions: 7->8(77)
[2023-11-12T17:44:59.839+0100][gc,heap       ] GC(199) Old regions: 99->100
[2023-11-12T17:44:59.839+0100][gc,heap       ] GC(199) Humongous regions: 129->129
[2023-11-12T17:44:59.839+0100][gc,metaspace  ] GC(199) Metaspace: 46353K(49664K)->46353K(49664K) NonClass: 40645K(42496K)->40645K(42496K) Class: 5707K(7168K)->5707K(7168K)
[2023-11-12T17:44:59.839+0100][gc            ] GC(199) Pause Young (Normal) (G1 Evacuation Pause) 839M->234M(1024M) 5,610ms
[2023-11-12T17:44:59.839+0100][gc,cpu        ] GC(199) User=0,05s Sys=0,01s Real=0,00s
[2023-11-12T17:45:01.326+0100][gc,start      ] GC(200) Pause Young (Normal) (G1 Evacuation Pause)
[2023-11-12T17:45:01.326+0100][gc,task       ] GC(200) Using 13 workers of 13 for evacuation
[2023-11-12T17:45:01.332+0100][gc,phases     ] GC(200)   Pre Evacuate Collection Set: 0,0ms
[2023-11-12T17:45:01.332+0100][gc,phases     ] GC(200)   Evacuate Collection Set: 5,3ms
[2023-11-12T17:45:01.332+0100][gc,phases     ] GC(200)   Post Evacuate Collection Set: 0,6ms
[2023-11-12T17:45:01.332+0100][gc,phases     ] GC(200)   Other: 0,2ms
[2023-11-12T17:45:01.332+0100][gc,heap       ] GC(200) Eden regions: 606->0(605)
[2023-11-12T17:45:01.332+0100][gc,heap       ] GC(200) Survivor regions: 8->9(77)
[2023-11-12T17:45:01.332+0100][gc,heap       ] GC(200) Old regions: 100->100
[2023-11-12T17:45:01.332+0100][gc,heap       ] GC(200) Humongous regions: 129->129
[2023-11-12T17:45:01.332+0100][gc,metaspace  ] GC(200) Metaspace: 46353K(49664K)->46353K(49664K) NonClass: 40645K(42496K)->40645K(42496K) Class: 5707K(7168K)->5707K(7168K)
[2023-11-12T17:45:01.332+0100][gc            ] GC(200) Pause Young (Normal) (G1 Evacuation Pause) 840M->235M(1024M) 6,326ms
[2023-11-12T17:45:01.333+0100][gc,cpu        ] GC(200) User=0,06s Sys=0,01s Real=0,00s
[2023-11-12T17:45:02.711+0100][gc,start      ] GC(201) Pause Young (Normal) (G1 Evacuation Pause)
[2023-11-12T17:45:02.711+0100][gc,task       ] GC(201) Using 13 workers of 13 for evacuation
[2023-11-12T17:45:02.717+0100][gc,phases     ] GC(201)   Pre Evacuate Collection Set: 0,0ms
[2023-11-12T17:45:02.717+0100][gc,phases     ] GC(201)   Evacuate Collection Set: 5,0ms
[2023-11-12T17:45:02.717+0100][gc,phases     ] GC(201)   Post Evacuate Collection Set: 0,6ms
[2023-11-12T17:45:02.717+0100][gc,phases     ] GC(201)   Other: 0,2ms
[2023-11-12T17:45:02.717+0100][gc,heap       ] GC(201) Eden regions: 605->0(603)
[2023-11-12T17:45:02.717+0100][gc,heap       ] GC(201) Survivor regions: 9->11(77)
[2023-11-12T17:45:02.717+0100][gc,heap       ] GC(201) Old regions: 100->100
[2023-11-12T17:45:02.717+0100][gc,heap       ] GC(201) Humongous regions: 129->129
[2023-11-12T17:45:02.717+0100][gc,metaspace  ] GC(201) Metaspace: 46353K(49664K)->46353K(49664K) NonClass: 40646K(42496K)->40646K(42496K) Class: 5707K(7168K)->5707K(7168K)
[2023-11-12T17:45:02.717+0100][gc            ] GC(201) Pause Young (Normal) (G1 Evacuation Pause) 840M->237M(1024M) 5,842ms
[2023-11-12T17:45:02.717+0100][gc,cpu        ] GC(201) User=0,06s Sys=0,01s Real=0,01s
[2023-11-12T17:45:03.992+0100][gc,start      ] GC(202) Pause Young (Normal) (G1 Evacuation Pause)
[2023-11-12T17:45:03.992+0100][gc,task       ] GC(202) Using 13 workers of 13 for evacuation
[2023-11-12T17:45:03.998+0100][gc,phases     ] GC(202)   Pre Evacuate Collection Set: 0,0ms
[2023-11-12T17:45:03.998+0100][gc,phases     ] GC(202)   Evacuate Collection Set: 5,4ms
[2023-11-12T17:45:03.998+0100][gc,phases     ] GC(202)   Post Evacuate Collection Set: 0,6ms
[2023-11-12T17:45:03.998+0100][gc,phases     ] GC(202)   Other: 0,2ms
[2023-11-12T17:45:03.998+0100][gc,heap       ] GC(202) Eden regions: 603->0(601)
[2023-11-12T17:45:03.998+0100][gc,heap       ] GC(202) Survivor regions: 11->13(77)
[2023-11-12T17:45:03.998+0100][gc,heap       ] GC(202) Old regions: 100->100
[2023-11-12T17:45:03.998+0100][gc,heap       ] GC(202) Humongous regions: 129->129
[2023-11-12T17:45:03.998+0100][gc,metaspace  ] GC(202) Metaspace: 46353K(49664K)->46353K(49664K) NonClass: 40646K(42496K)->40646K(42496K) Class: 5707K(7168K)->5707K(7168K)
[2023-11-12T17:45:03.998+0100][gc            ] GC(202) Pause Young (Normal) (G1 Evacuation Pause) 840M->240M(1024M) 6,321ms
[2023-11-12T17:45:03.998+0100][gc,cpu        ] GC(202) User=0,05s Sys=0,02s Real=0,01s
[2023-11-12T17:45:05.288+0100][gc,start      ] GC(203) Pause Young (Normal) (G1 Evacuation Pause)
[2023-11-12T17:45:05.288+0100][gc,task       ] GC(203) Using 13 workers of 13 for evacuation
[2023-11-12T17:45:05.295+0100][gc,phases     ] GC(203)   Pre Evacuate Collection Set: 0,0ms
[2023-11-12T17:45:05.295+0100][gc,phases     ] GC(203)   Evacuate Collection Set: 6,1ms
[2023-11-12T17:45:05.295+0100][gc,phases     ] GC(203)   Post Evacuate Collection Set: 0,6ms
[2023-11-12T17:45:05.295+0100][gc,phases     ] GC(203)   Other: 0,2ms
[2023-11-12T17:45:05.295+0100][gc,heap       ] GC(203) Eden regions: 601->0(599)
[2023-11-12T17:45:05.295+0100][gc,heap       ] GC(203) Survivor regions: 13->15(77)
[2023-11-12T17:45:05.295+0100][gc,heap       ] GC(203) Old regions: 100->100
[2023-11-12T17:45:05.295+0100][gc,heap       ] GC(203) Humongous regions: 129->129
[2023-11-12T17:45:05.295+0100][gc,metaspace  ] GC(203) Metaspace: 46353K(49664K)->46353K(49664K) NonClass: 40646K(42496K)->40646K(42496K) Class: 5707K(7168K)->5707K(7168K)
[2023-11-12T17:45:05.295+0100][gc            ] GC(203) Pause Young (Normal) (G1 Evacuation Pause) 841M->241M(1024M) 6,997ms
[2023-11-12T17:45:05.295+0100][gc,cpu        ] GC(203) User=0,08s Sys=0,00s Real=0,01s
[2023-11-12T17:45:06.577+0100][gc,start      ] GC(204) Pause Young (Normal) (G1 Evacuation Pause)
[2023-11-12T17:45:06.578+0100][gc,task       ] GC(204) Using 13 workers of 13 for evacuation
[2023-11-12T17:45:06.585+0100][gc,phases     ] GC(204)   Pre Evacuate Collection Set: 0,0ms
[2023-11-12T17:45:06.585+0100][gc,phases     ] GC(204)   Evacuate Collection Set: 6,2ms
[2023-11-12T17:45:06.585+0100][gc,phases     ] GC(204)   Post Evacuate Collection Set: 0,6ms
[2023-11-12T17:45:06.585+0100][gc,phases     ] GC(204)   Other: 0,2ms
[2023-11-12T17:45:06.585+0100][gc,heap       ] GC(204) Eden regions: 599->0(597)
[2023-11-12T17:45:06.585+0100][gc,heap       ] GC(204) Survivor regions: 15->17(77)
[2023-11-12T17:45:06.585+0100][gc,heap       ] GC(204) Old regions: 100->100
[2023-11-12T17:45:06.585+0100][gc,heap       ] GC(204) Humongous regions: 129->129
[2023-11-12T17:45:06.585+0100][gc,metaspace  ] GC(204) Metaspace: 46353K(49664K)->46353K(49664K) NonClass: 40646K(42496K)->40646K(42496K) Class: 5707K(7168K)->5707K(7168K)
[2023-11-12T17:45:06.585+0100][gc            ] GC(204) Pause Young (Normal) (G1 Evacuation Pause) 840M->243M(1024M) 7,284ms
[2023-11-12T17:45:06.585+0100][gc,cpu        ] GC(204) User=0,06s Sys=0,02s Real=0,01s
[2023-11-12T17:45:07.908+0100][gc,start      ] GC(205) Pause Young (Normal) (G1 Evacuation Pause)
[2023-11-12T17:45:07.908+0100][gc,task       ] GC(205) Using 13 workers of 13 for evacuation
[2023-11-12T17:45:07.915+0100][gc,phases     ] GC(205)   Pre Evacuate Collection Set: 0,0ms
[2023-11-12T17:45:07.915+0100][gc,phases     ] GC(205)   Evacuate Collection Set: 6,8ms
[2023-11-12T17:45:07.915+0100][gc,phases     ] GC(205)   Post Evacuate Collection Set: 0,6ms
[2023-11-12T17:45:07.915+0100][gc,phases     ] GC(205)   Other: 0,2ms
[2023-11-12T17:45:07.915+0100][gc,heap       ] GC(205) Eden regions: 597->0(596)
[2023-11-12T17:45:07.915+0100][gc,heap       ] GC(205) Survivor regions: 17->18(77)
[2023-11-12T17:45:07.915+0100][gc,heap       ] GC(205) Old regions: 100->100
[2023-11-12T17:45:07.915+0100][gc,heap       ] GC(205) Humongous regions: 129->129
[2023-11-12T17:45:07.915+0100][gc,metaspace  ] GC(205) Metaspace: 46353K(49664K)->46353K(49664K) NonClass: 40646K(42496K)->40646K(42496K) Class: 5707K(7168K)->5707K(7168K)
[2023-11-12T17:45:07.915+0100][gc            ] GC(205) Pause Young (Normal) (G1 Evacuation Pause) 840M->245M(1024M) 7,712ms
[2023-11-12T17:45:07.915+0100][gc,cpu        ] GC(205) User=0,09s Sys=0,00s Real=0,01s
[2023-11-12T17:45:09.270+0100][gc,start      ] GC(206) Pause Young (Normal) (G1 Evacuation Pause)
[2023-11-12T17:45:09.270+0100][gc,task       ] GC(206) Using 13 workers of 13 for evacuation
[2023-11-12T17:45:09.279+0100][gc,phases     ] GC(206)   Pre Evacuate Collection Set: 0,0ms
[2023-11-12T17:45:09.279+0100][gc,phases     ] GC(206)   Evacuate Collection Set: 8,0ms
[2023-11-12T17:45:09.279+0100][gc,phases     ] GC(206)   Post Evacuate Collection Set: 0,6ms
[2023-11-12T17:45:09.279+0100][gc,phases     ] GC(206)   Other: 0,3ms
[2023-11-12T17:45:09.279+0100][gc,heap       ] GC(206) Eden regions: 596->0(594)
[2023-11-12T17:45:09.279+0100][gc,heap       ] GC(206) Survivor regions: 18->20(77)
[2023-11-12T17:45:09.279+0100][gc,heap       ] GC(206) Old regions: 100->101
[2023-11-12T17:45:09.279+0100][gc,heap       ] GC(206) Humongous regions: 129->129
[2023-11-12T17:45:09.279+0100][gc,metaspace  ] GC(206) Metaspace: 46431K(49664K)->46431K(49664K) NonClass: 40695K(42496K)->40695K(42496K) Class: 5735K(7168K)->5735K(7168K)
[2023-11-12T17:45:09.279+0100][gc            ] GC(206) Pause Young (Normal) (G1 Evacuation Pause) 841M->247M(1024M) 9,019ms
[2023-11-12T17:45:09.279+0100][gc,cpu        ] GC(206) User=0,06s Sys=0,03s Real=0,01s
[2023-11-12T17:45:10.758+0100][gc,start      ] GC(207) Pause Young (Normal) (G1 Evacuation Pause)
[2023-11-12T17:45:10.758+0100][gc,task       ] GC(207) Using 13 workers of 13 for evacuation
[2023-11-12T17:45:10.767+0100][gc,phases     ] GC(207)   Pre Evacuate Collection Set: 0,0ms
[2023-11-12T17:45:10.767+0100][gc,phases     ] GC(207)   Evacuate Collection Set: 8,1ms
[2023-11-12T17:45:10.767+0100][gc,phases     ] GC(207)   Post Evacuate Collection Set: 0,6ms
[2023-11-12T17:45:10.767+0100][gc,phases     ] GC(207)   Other: 0,2ms
[2023-11-12T17:45:10.767+0100][gc,heap       ] GC(207) Eden regions: 594->0(592)
[2023-11-12T17:45:10.767+0100][gc,heap       ] GC(207) Survivor regions: 20->22(77)
[2023-11-12T17:45:10.767+0100][gc,heap       ] GC(207) Old regions: 101->101
[2023-11-12T17:45:10.767+0100][gc,heap       ] GC(207) Humongous regions: 129->129
[2023-11-12T17:45:10.767+0100][gc,metaspace  ] GC(207) Metaspace: 46431K(49664K)->46431K(49664K) NonClass: 40695K(42496K)->40695K(42496K) Class: 5735K(7168K)->5735K(7168K)
[2023-11-12T17:45:10.767+0100][gc            ] GC(207) Pause Young (Normal) (G1 Evacuation Pause) 841M->249M(1024M) 8,960ms
[2023-11-12T17:45:10.767+0100][gc,cpu        ] GC(207) User=0,10s Sys=0,00s Real=0,01s
[2023-11-12T17:45:12.185+0100][gc,start      ] GC(208) Pause Young (Normal) (G1 Evacuation Pause)
[2023-11-12T17:45:12.185+0100][gc,task       ] GC(208) Using 13 workers of 13 for evacuation
[2023-11-12T17:45:12.195+0100][gc,phases     ] GC(208)   Pre Evacuate Collection Set: 0,0ms
[2023-11-12T17:45:12.195+0100][gc,phases     ] GC(208)   Evacuate Collection Set: 9,4ms
[2023-11-12T17:45:12.195+0100][gc,phases     ] GC(208)   Post Evacuate Collection Set: 0,5ms
[2023-11-12T17:45:12.195+0100][gc,phases     ] GC(208)   Other: 0,2ms
[2023-11-12T17:45:12.195+0100][gc,heap       ] GC(208) Eden regions: 592->0(588)
[2023-11-12T17:45:12.195+0100][gc,heap       ] GC(208) Survivor regions: 22->26(77)
[2023-11-12T17:45:12.195+0100][gc,heap       ] GC(208) Old regions: 101->101
[2023-11-12T17:45:12.195+0100][gc,heap       ] GC(208) Humongous regions: 129->129
[2023-11-12T17:45:12.195+0100][gc,metaspace  ] GC(208) Metaspace: 46431K(49664K)->46431K(49664K) NonClass: 40695K(42496K)->40695K(42496K) Class: 5735K(7168K)->5735K(7168K)
[2023-11-12T17:45:12.195+0100][gc            ] GC(208) Pause Young (Normal) (G1 Evacuation Pause) 841M->253M(1024M) 10,305ms
[2023-11-12T17:45:12.195+0100][gc,cpu        ] GC(208) User=0,11s Sys=0,01s Real=0,01s
[2023-11-12T17:45:13.588+0100][gc,start      ] GC(209) Pause Young (Normal) (G1 Evacuation Pause)
[2023-11-12T17:45:13.588+0100][gc,task       ] GC(209) Using 13 workers of 13 for evacuation
[2023-11-12T17:45:13.599+0100][gc,phases     ] GC(209)   Pre Evacuate Collection Set: 0,0ms
[2023-11-12T17:45:13.599+0100][gc,phases     ] GC(209)   Evacuate Collection Set: 10,0ms
[2023-11-12T17:45:13.599+0100][gc,phases     ] GC(209)   Post Evacuate Collection Set: 0,6ms
[2023-11-12T17:45:13.599+0100][gc,phases     ] GC(209)   Other: 0,3ms
[2023-11-12T17:45:13.599+0100][gc,heap       ] GC(209) Eden regions: 588->0(585)
[2023-11-12T17:45:13.599+0100][gc,heap       ] GC(209) Survivor regions: 26->29(77)
[2023-11-12T17:45:13.599+0100][gc,heap       ] GC(209) Old regions: 101->101
[2023-11-12T17:45:13.599+0100][gc,heap       ] GC(209) Humongous regions: 129->129
[2023-11-12T17:45:13.599+0100][gc,metaspace  ] GC(209) Metaspace: 46437K(49664K)->46437K(49664K) NonClass: 40701K(42496K)->40701K(42496K) Class: 5735K(7168K)->5735K(7168K)
[2023-11-12T17:45:13.599+0100][gc            ] GC(209) Pause Young (Normal) (G1 Evacuation Pause) 841M->257M(1024M) 10,972ms
[2023-11-12T17:45:13.599+0100][gc,cpu        ] GC(209) User=0,12s Sys=0,00s Real=0,01s
[2023-11-12T17:45:14.864+0100][gc,start      ] GC(210) Pause Young (Normal) (G1 Evacuation Pause)
[2023-11-12T17:45:14.864+0100][gc,task       ] GC(210) Using 13 workers of 13 for evacuation
[2023-11-12T17:45:14.877+0100][gc,phases     ] GC(210)   Pre Evacuate Collection Set: 0,0ms
[2023-11-12T17:45:14.877+0100][gc,phases     ] GC(210)   Evacuate Collection Set: 11,8ms
[2023-11-12T17:45:14.877+0100][gc,phases     ] GC(210)   Post Evacuate Collection Set: 0,6ms
[2023-11-12T17:45:14.877+0100][gc,phases     ] GC(210)   Other: 0,2ms
[2023-11-12T17:45:14.877+0100][gc,heap       ] GC(210) Eden regions: 585->0(583)
[2023-11-12T17:45:14.877+0100][gc,heap       ] GC(210) Survivor regions: 29->31(77)
[2023-11-12T17:45:14.877+0100][gc,heap       ] GC(210) Old regions: 101->101
[2023-11-12T17:45:14.877+0100][gc,heap       ] GC(210) Humongous regions: 129->129
[2023-11-12T17:45:14.877+0100][gc,metaspace  ] GC(210) Metaspace: 46437K(49664K)->46437K(49664K) NonClass: 40701K(42496K)->40701K(42496K) Class: 5735K(7168K)->5735K(7168K)
[2023-11-12T17:45:14.877+0100][gc            ] GC(210) Pause Young (Normal) (G1 Evacuation Pause) 842M->259M(1024M) 12,765ms
[2023-11-12T17:45:14.877+0100][gc,cpu        ] GC(210) User=0,13s Sys=0,00s Real=0,01s
[2023-11-12T17:45:16.074+0100][gc,start      ] GC(211) Pause Young (Normal) (G1 Evacuation Pause)
[2023-11-12T17:45:16.074+0100][gc,task       ] GC(211) Using 13 workers of 13 for evacuation
[2023-11-12T17:45:16.078+0100][gc,phases     ] GC(211)   Pre Evacuate Collection Set: 0,0ms
[2023-11-12T17:45:16.078+0100][gc,phases     ] GC(211)   Evacuate Collection Set: 4,0ms
[2023-11-12T17:45:16.078+0100][gc,phases     ] GC(211)   Post Evacuate Collection Set: 0,6ms
[2023-11-12T17:45:16.078+0100][gc,phases     ] GC(211)   Other: 0,2ms
[2023-11-12T17:45:16.078+0100][gc,heap       ] GC(211) Eden regions: 583->0(606)
[2023-11-12T17:45:16.078+0100][gc,heap       ] GC(211) Survivor regions: 31->8(77)
[2023-11-12T17:45:16.078+0100][gc,heap       ] GC(211) Old regions: 101->101
[2023-11-12T17:45:16.078+0100][gc,heap       ] GC(211) Humongous regions: 129->129
[2023-11-12T17:45:16.078+0100][gc,metaspace  ] GC(211) Metaspace: 46437K(49664K)->46437K(49664K) NonClass: 40701K(42496K)->40701K(42496K) Class: 5735K(7168K)->5735K(7168K)
[2023-11-12T17:45:16.078+0100][gc            ] GC(211) Pause Young (Normal) (G1 Evacuation Pause) 842M->235M(1024M) 4,897ms
[2023-11-12T17:45:16.078+0100][gc,cpu        ] GC(211) User=0,05s Sys=0,00s Real=0,00s
[2023-11-12T17:45:17.341+0100][gc,start      ] GC(212) Pause Young (Normal) (G1 Evacuation Pause)
[2023-11-12T17:45:17.341+0100][gc,task       ] GC(212) Using 13 workers of 13 for evacuation
[2023-11-12T17:45:17.347+0100][gc,phases     ] GC(212)   Pre Evacuate Collection Set: 0,0ms
[2023-11-12T17:45:17.347+0100][gc,phases     ] GC(212)   Evacuate Collection Set: 4,5ms
[2023-11-12T17:45:17.347+0100][gc,phases     ] GC(212)   Post Evacuate Collection Set: 0,7ms
[2023-11-12T17:45:17.347+0100][gc,phases     ] GC(212)   Other: 0,2ms
[2023-11-12T17:45:17.347+0100][gc,heap       ] GC(212) Eden regions: 606->0(606)
[2023-11-12T17:45:17.347+0100][gc,heap       ] GC(212) Survivor regions: 8->8(77)
[2023-11-12T17:45:17.347+0100][gc,heap       ] GC(212) Old regions: 101->101
[2023-11-12T17:45:17.347+0100][gc,heap       ] GC(212) Humongous regions: 129->129
[2023-11-12T17:45:17.347+0100][gc,metaspace  ] GC(212) Metaspace: 46437K(49664K)->46437K(49664K) NonClass: 40701K(42496K)->40701K(42496K) Class: 5735K(7168K)->5735K(7168K)
[2023-11-12T17:45:17.347+0100][gc            ] GC(212) Pause Young (Normal) (G1 Evacuation Pause) 841M->236M(1024M) 5,569ms
[2023-11-12T17:45:17.347+0100][gc,cpu        ] GC(212) User=0,05s Sys=0,01s Real=0,01s
[2023-11-12T17:45:18.631+0100][gc,start      ] GC(213) Pause Young (Normal) (G1 Evacuation Pause)
[2023-11-12T17:45:18.631+0100][gc,task       ] GC(213) Using 13 workers of 13 for evacuation
[2023-11-12T17:45:18.637+0100][gc,phases     ] GC(213)   Pre Evacuate Collection Set: 0,0ms
[2023-11-12T17:45:18.637+0100][gc,phases     ] GC(213)   Evacuate Collection Set: 5,6ms
[2023-11-12T17:45:18.637+0100][gc,phases     ] GC(213)   Post Evacuate Collection Set: 0,6ms
[2023-11-12T17:45:18.637+0100][gc,phases     ] GC(213)   Other: 0,2ms
[2023-11-12T17:45:18.637+0100][gc,heap       ] GC(213) Eden regions: 606->0(603)
[2023-11-12T17:45:18.637+0100][gc,heap       ] GC(213) Survivor regions: 8->11(77)
[2023-11-12T17:45:18.637+0100][gc,heap       ] GC(213) Old regions: 101->101
[2023-11-12T17:45:18.637+0100][gc,heap       ] GC(213) Humongous regions: 129->129
[2023-11-12T17:45:18.637+0100][gc,metaspace  ] GC(213) Metaspace: 46437K(49664K)->46437K(49664K) NonClass: 40701K(42496K)->40701K(42496K) Class: 5735K(7168K)->5735K(7168K)
[2023-11-12T17:45:18.637+0100][gc            ] GC(213) Pause Young (Normal) (G1 Evacuation Pause) 842M->238M(1024M) 6,534ms
[2023-11-12T17:45:18.637+0100][gc,cpu        ] GC(213) User=0,04s Sys=0,01s Real=0,01s
[2023-11-12T17:45:19.990+0100][gc,start      ] GC(214) Pause Young (Normal) (G1 Evacuation Pause)
[2023-11-12T17:45:19.990+0100][gc,task       ] GC(214) Using 13 workers of 13 for evacuation
[2023-11-12T17:45:19.996+0100][gc,phases     ] GC(214)   Pre Evacuate Collection Set: 0,0ms
[2023-11-12T17:45:19.996+0100][gc,phases     ] GC(214)   Evacuate Collection Set: 5,7ms
[2023-11-12T17:45:19.996+0100][gc,phases     ] GC(214)   Post Evacuate Collection Set: 0,6ms
[2023-11-12T17:45:19.996+0100][gc,phases     ] GC(214)   Other: 0,2ms
[2023-11-12T17:45:19.996+0100][gc,heap       ] GC(214) Eden regions: 603->0(602)
[2023-11-12T17:45:19.996+0100][gc,heap       ] GC(214) Survivor regions: 11->12(77)
[2023-11-12T17:45:19.996+0100][gc,heap       ] GC(214) Old regions: 101->102
[2023-11-12T17:45:19.996+0100][gc,heap       ] GC(214) Humongous regions: 129->129
[2023-11-12T17:45:19.996+0100][gc,metaspace  ] GC(214) Metaspace: 46442K(49664K)->46442K(49664K) NonClass: 40705K(42496K)->40705K(42496K) Class: 5737K(7168K)->5737K(7168K)
[2023-11-12T17:45:19.996+0100][gc            ] GC(214) Pause Young (Normal) (G1 Evacuation Pause) 841M->240M(1024M) 6,643ms
[2023-11-12T17:45:19.996+0100][gc,cpu        ] GC(214) User=0,05s Sys=0,02s Real=0,01s
[2023-11-12T17:45:21.269+0100][gc,start      ] GC(215) Pause Young (Normal) (G1 Evacuation Pause)
[2023-11-12T17:45:21.269+0100][gc,task       ] GC(215) Using 13 workers of 13 for evacuation
[2023-11-12T17:45:21.276+0100][gc,phases     ] GC(215)   Pre Evacuate Collection Set: 0,0ms
[2023-11-12T17:45:21.276+0100][gc,phases     ] GC(215)   Evacuate Collection Set: 6,8ms
[2023-11-12T17:45:21.276+0100][gc,phases     ] GC(215)   Post Evacuate Collection Set: 0,6ms
[2023-11-12T17:45:21.276+0100][gc,phases     ] GC(215)   Other: 0,2ms
[2023-11-12T17:45:21.276+0100][gc,heap       ] GC(215) Eden regions: 602->0(599)
[2023-11-12T17:45:21.276+0100][gc,heap       ] GC(215) Survivor regions: 12->15(77)
[2023-11-12T17:45:21.276+0100][gc,heap       ] GC(215) Old regions: 102->102
[2023-11-12T17:45:21.276+0100][gc,heap       ] GC(215) Humongous regions: 129->129
[2023-11-12T17:45:21.276+0100][gc,metaspace  ] GC(215) Metaspace: 46442K(49664K)->46442K(49664K) NonClass: 40705K(42496K)->40705K(42496K) Class: 5737K(7168K)->5737K(7168K)
[2023-11-12T17:45:21.276+0100][gc            ] GC(215) Pause Young (Normal) (G1 Evacuation Pause) 842M->243M(1024M) 7,672ms
[2023-11-12T17:45:21.276+0100][gc,cpu        ] GC(215) User=0,06s Sys=0,00s Real=0,01s
[2023-11-12T17:45:22.599+0100][gc,start      ] GC(216) Pause Young (Normal) (G1 Evacuation Pause)
[2023-11-12T17:45:22.599+0100][gc,task       ] GC(216) Using 13 workers of 13 for evacuation
[2023-11-12T17:45:22.608+0100][gc,phases     ] GC(216)   Pre Evacuate Collection Set: 0,0ms
[2023-11-12T17:45:22.608+0100][gc,phases     ] GC(216)   Evacuate Collection Set: 7,7ms
[2023-11-12T17:45:22.608+0100][gc,phases     ] GC(216)   Post Evacuate Collection Set: 0,7ms
[2023-11-12T17:45:22.608+0100][gc,phases     ] GC(216)   Other: 0,2ms
[2023-11-12T17:45:22.608+0100][gc,heap       ] GC(216) Eden regions: 599->0(597)
[2023-11-12T17:45:22.608+0100][gc,heap       ] GC(216) Survivor regions: 15->17(77)
[2023-11-12T17:45:22.608+0100][gc,heap       ] GC(216) Old regions: 102->102
[2023-11-12T17:45:22.608+0100][gc,heap       ] GC(216) Humongous regions: 129->129
[2023-11-12T17:45:22.608+0100][gc,metaspace  ] GC(216) Metaspace: 46442K(49664K)->46442K(49664K) NonClass: 40705K(42496K)->40705K(42496K) Class: 5737K(7168K)->5737K(7168K)
[2023-11-12T17:45:22.608+0100][gc            ] GC(216) Pause Young (Normal) (G1 Evacuation Pause) 842M->245M(1024M) 8,731ms
[2023-11-12T17:45:22.608+0100][gc,cpu        ] GC(216) User=0,10s Sys=0,00s Real=0,01s
[2023-11-12T17:45:23.894+0100][gc,start      ] GC(217) Pause Young (Normal) (G1 Evacuation Pause)
[2023-11-12T17:45:23.894+0100][gc,task       ] GC(217) Using 13 workers of 13 for evacuation
[2023-11-12T17:45:23.902+0100][gc,phases     ] GC(217)   Pre Evacuate Collection Set: 0,0ms
[2023-11-12T17:45:23.902+0100][gc,phases     ] GC(217)   Evacuate Collection Set: 7,5ms
[2023-11-12T17:45:23.902+0100][gc,phases     ] GC(217)   Post Evacuate Collection Set: 0,5ms
[2023-11-12T17:45:23.902+0100][gc,phases     ] GC(217)   Other: 0,2ms
[2023-11-12T17:45:23.902+0100][gc,heap       ] GC(217) Eden regions: 597->0(595)
[2023-11-12T17:45:23.902+0100][gc,heap       ] GC(217) Survivor regions: 17->19(77)
[2023-11-12T17:45:23.902+0100][gc,heap       ] GC(217) Old regions: 102->102
[2023-11-12T17:45:23.902+0100][gc,heap       ] GC(217) Humongous regions: 129->129
[2023-11-12T17:45:23.902+0100][gc,metaspace  ] GC(217) Metaspace: 46442K(49664K)->46442K(49664K) NonClass: 40705K(42496K)->40705K(42496K) Class: 5737K(7168K)->5737K(7168K)
[2023-11-12T17:45:23.902+0100][gc            ] GC(217) Pause Young (Normal) (G1 Evacuation Pause) 842M->248M(1024M) 8,373ms
[2023-11-12T17:45:23.902+0100][gc,cpu        ] GC(217) User=0,09s Sys=0,00s Real=0,01s
[2023-11-12T17:45:25.257+0100][gc,start      ] GC(218) Pause Young (Normal) (G1 Evacuation Pause)
[2023-11-12T17:45:25.257+0100][gc,task       ] GC(218) Using 13 workers of 13 for evacuation
[2023-11-12T17:45:25.266+0100][gc,phases     ] GC(218)   Pre Evacuate Collection Set: 0,0ms
[2023-11-12T17:45:25.266+0100][gc,phases     ] GC(218)   Evacuate Collection Set: 7,5ms
[2023-11-12T17:45:25.266+0100][gc,phases     ] GC(218)   Post Evacuate Collection Set: 0,6ms
[2023-11-12T17:45:25.266+0100][gc,phases     ] GC(218)   Other: 0,2ms
[2023-11-12T17:45:25.266+0100][gc,heap       ] GC(218) Eden regions: 595->0(593)
[2023-11-12T17:45:25.266+0100][gc,heap       ] GC(218) Survivor regions: 19->21(77)
[2023-11-12T17:45:25.266+0100][gc,heap       ] GC(218) Old regions: 102->102
[2023-11-12T17:45:25.266+0100][gc,heap       ] GC(218) Humongous regions: 129->129
[2023-11-12T17:45:25.266+0100][gc,metaspace  ] GC(218) Metaspace: 46442K(49664K)->46442K(49664K) NonClass: 40705K(42496K)->40705K(42496K) Class: 5737K(7168K)->5737K(7168K)
[2023-11-12T17:45:25.266+0100][gc            ] GC(218) Pause Young (Normal) (G1 Evacuation Pause) 843M->250M(1024M) 8,358ms
[2023-11-12T17:45:25.266+0100][gc,cpu        ] GC(218) User=0,07s Sys=0,03s Real=0,01s
[2023-11-12T17:45:26.543+0100][gc,start      ] GC(219) Pause Young (Normal) (G1 Evacuation Pause)
[2023-11-12T17:45:26.543+0100][gc,task       ] GC(219) Using 13 workers of 13 for evacuation
[2023-11-12T17:45:26.552+0100][gc,phases     ] GC(219)   Pre Evacuate Collection Set: 0,0ms
[2023-11-12T17:45:26.552+0100][gc,phases     ] GC(219)   Evacuate Collection Set: 8,0ms
[2023-11-12T17:45:26.552+0100][gc,phases     ] GC(219)   Post Evacuate Collection Set: 0,6ms
[2023-11-12T17:45:26.552+0100][gc,phases     ] GC(219)   Other: 0,2ms
[2023-11-12T17:45:26.552+0100][gc,heap       ] GC(219) Eden regions: 593->0(591)
[2023-11-12T17:45:26.552+0100][gc,heap       ] GC(219) Survivor regions: 21->23(77)
[2023-11-12T17:45:26.552+0100][gc,heap       ] GC(219) Old regions: 102->103
[2023-11-12T17:45:26.552+0100][gc,heap       ] GC(219) Humongous regions: 129->129
[2023-11-12T17:45:26.552+0100][gc,metaspace  ] GC(219) Metaspace: 46442K(49664K)->46442K(49664K) NonClass: 40705K(42496K)->40705K(42496K) Class: 5737K(7168K)->5737K(7168K)
[2023-11-12T17:45:26.552+0100][gc            ] GC(219) Pause Young (Normal) (G1 Evacuation Pause) 843M->252M(1024M) 8,927ms
[2023-11-12T17:45:26.552+0100][gc,cpu        ] GC(219) User=0,10s Sys=0,01s Real=0,00s
[2023-11-12T17:45:27.992+0100][gc,start      ] GC(220) Pause Young (Normal) (G1 Evacuation Pause)
[2023-11-12T17:45:27.992+0100][gc,task       ] GC(220) Using 13 workers of 13 for evacuation
[2023-11-12T17:45:28.001+0100][gc,phases     ] GC(220)   Pre Evacuate Collection Set: 0,0ms
[2023-11-12T17:45:28.001+0100][gc,phases     ] GC(220)   Evacuate Collection Set: 8,4ms
[2023-11-12T17:45:28.001+0100][gc,phases     ] GC(220)   Post Evacuate Collection Set: 0,6ms
[2023-11-12T17:45:28.001+0100][gc,phases     ] GC(220)   Other: 0,2ms
[2023-11-12T17:45:28.001+0100][gc,heap       ] GC(220) Eden regions: 591->0(588)
[2023-11-12T17:45:28.001+0100][gc,heap       ] GC(220) Survivor regions: 23->26(77)
[2023-11-12T17:45:28.001+0100][gc,heap       ] GC(220) Old regions: 103->103
[2023-11-12T17:45:28.001+0100][gc,heap       ] GC(220) Humongous regions: 129->129
[2023-11-12T17:45:28.001+0100][gc,metaspace  ] GC(220) Metaspace: 46442K(49664K)->46442K(49664K) NonClass: 40705K(42496K)->40705K(42496K) Class: 5737K(7168K)->5737K(7168K)
[2023-11-12T17:45:28.001+0100][gc            ] GC(220) Pause Young (Normal) (G1 Evacuation Pause) 843M->255M(1024M) 9,283ms
[2023-11-12T17:45:28.001+0100][gc,cpu        ] GC(220) User=0,10s Sys=0,00s Real=0,01s
[2023-11-12T17:45:29.449+0100][gc,start      ] GC(221) Pause Young (Normal) (G1 Evacuation Pause)
[2023-11-12T17:45:29.449+0100][gc,task       ] GC(221) Using 13 workers of 13 for evacuation
[2023-11-12T17:45:29.458+0100][gc,phases     ] GC(221)   Pre Evacuate Collection Set: 0,0ms
[2023-11-12T17:45:29.458+0100][gc,phases     ] GC(221)   Evacuate Collection Set: 8,9ms
[2023-11-12T17:45:29.458+0100][gc,phases     ] GC(221)   Post Evacuate Collection Set: 0,6ms
[2023-11-12T17:45:29.458+0100][gc,phases     ] GC(221)   Other: 0,2ms
[2023-11-12T17:45:29.458+0100][gc,heap       ] GC(221) Eden regions: 588->0(586)
[2023-11-12T17:45:29.458+0100][gc,heap       ] GC(221) Survivor regions: 26->28(77)
[2023-11-12T17:45:29.458+0100][gc,heap       ] GC(221) Old regions: 103->103
[2023-11-12T17:45:29.458+0100][gc,heap       ] GC(221) Humongous regions: 129->129
[2023-11-12T17:45:29.458+0100][gc,metaspace  ] GC(221) Metaspace: 46442K(49664K)->46442K(49664K) NonClass: 40705K(42496K)->40705K(42496K) Class: 5737K(7168K)->5737K(7168K)
[2023-11-12T17:45:29.459+0100][gc            ] GC(221) Pause Young (Normal) (G1 Evacuation Pause) 843M->257M(1024M) 9,825ms
[2023-11-12T17:45:29.459+0100][gc,cpu        ] GC(221) User=0,11s Sys=0,00s Real=0,01s
[2023-11-12T17:45:30.873+0100][gc,start      ] GC(222) Pause Young (Normal) (G1 Evacuation Pause)
[2023-11-12T17:45:30.873+0100][gc,task       ] GC(222) Using 13 workers of 13 for evacuation
[2023-11-12T17:45:30.883+0100][gc,phases     ] GC(222)   Pre Evacuate Collection Set: 0,0ms
[2023-11-12T17:45:30.883+0100][gc,phases     ] GC(222)   Evacuate Collection Set: 9,3ms
[2023-11-12T17:45:30.883+0100][gc,phases     ] GC(222)   Post Evacuate Collection Set: 0,6ms
[2023-11-12T17:45:30.883+0100][gc,phases     ] GC(222)   Other: 0,2ms
[2023-11-12T17:45:30.883+0100][gc,heap       ] GC(222) Eden regions: 586->0(585)
[2023-11-12T17:45:30.883+0100][gc,heap       ] GC(222) Survivor regions: 28->29(77)
[2023-11-12T17:45:30.883+0100][gc,heap       ] GC(222) Old regions: 103->103
[2023-11-12T17:45:30.883+0100][gc,heap       ] GC(222) Humongous regions: 129->129
[2023-11-12T17:45:30.883+0100][gc,metaspace  ] GC(222) Metaspace: 46442K(49664K)->46442K(49664K) NonClass: 40705K(42496K)->40705K(42496K) Class: 5737K(7168K)->5737K(7168K)
[2023-11-12T17:45:30.883+0100][gc            ] GC(222) Pause Young (Normal) (G1 Evacuation Pause) 843M->259M(1024M) 10,194ms
[2023-11-12T17:45:30.883+0100][gc,cpu        ] GC(222) User=0,12s Sys=0,00s Real=0,02s
[2023-11-12T17:45:32.189+0100][gc,start      ] GC(223) Pause Young (Normal) (G1 Evacuation Pause)
[2023-11-12T17:45:32.189+0100][gc,task       ] GC(223) Using 13 workers of 13 for evacuation
[2023-11-12T17:45:32.194+0100][gc,phases     ] GC(223)   Pre Evacuate Collection Set: 0,0ms
[2023-11-12T17:45:32.194+0100][gc,phases     ] GC(223)   Evacuate Collection Set: 4,2ms
[2023-11-12T17:45:32.194+0100][gc,phases     ] GC(223)   Post Evacuate Collection Set: 0,5ms
[2023-11-12T17:45:32.194+0100][gc,phases     ] GC(223)   Other: 0,2ms
[2023-11-12T17:45:32.194+0100][gc,heap       ] GC(223) Eden regions: 585->0(608)
[2023-11-12T17:45:32.194+0100][gc,heap       ] GC(223) Survivor regions: 29->6(77)
[2023-11-12T17:45:32.194+0100][gc,heap       ] GC(223) Old regions: 103->103
[2023-11-12T17:45:32.194+0100][gc,heap       ] GC(223) Humongous regions: 129->129
[2023-11-12T17:45:32.194+0100][gc,metaspace  ] GC(223) Metaspace: 46442K(49664K)->46442K(49664K) NonClass: 40705K(42496K)->40705K(42496K) Class: 5737K(7168K)->5737K(7168K)
[2023-11-12T17:45:32.194+0100][gc            ] GC(223) Pause Young (Normal) (G1 Evacuation Pause) 844M->235M(1024M) 5,091ms
[2023-11-12T17:45:32.194+0100][gc,cpu        ] GC(223) User=0,01s Sys=0,04s Real=0,01s
[2023-11-12T17:45:33.609+0100][gc,start      ] GC(224) Pause Young (Normal) (G1 Evacuation Pause)
[2023-11-12T17:45:33.609+0100][gc,task       ] GC(224) Using 13 workers of 13 for evacuation
[2023-11-12T17:45:33.614+0100][gc,phases     ] GC(224)   Pre Evacuate Collection Set: 0,0ms
[2023-11-12T17:45:33.614+0100][gc,phases     ] GC(224)   Evacuate Collection Set: 4,0ms
[2023-11-12T17:45:33.614+0100][gc,phases     ] GC(224)   Post Evacuate Collection Set: 0,6ms
[2023-11-12T17:45:33.614+0100][gc,phases     ] GC(224)   Other: 0,2ms
[2023-11-12T17:45:33.614+0100][gc,heap       ] GC(224) Eden regions: 608->0(607)
[2023-11-12T17:45:33.614+0100][gc,heap       ] GC(224) Survivor regions: 6->7(77)
[2023-11-12T17:45:33.614+0100][gc,heap       ] GC(224) Old regions: 103->103
[2023-11-12T17:45:33.614+0100][gc,heap       ] GC(224) Humongous regions: 129->129
[2023-11-12T17:45:33.614+0100][gc,metaspace  ] GC(224) Metaspace: 46442K(49664K)->46442K(49664K) NonClass: 40705K(42496K)->40705K(42496K) Class: 5737K(7168K)->5737K(7168K)
[2023-11-12T17:45:33.614+0100][gc            ] GC(224) Pause Young (Normal) (G1 Evacuation Pause) 843M->237M(1024M) 4,937ms
[2023-11-12T17:45:33.614+0100][gc,cpu        ] GC(224) User=0,04s Sys=0,02s Real=0,01s
[2023-11-12T17:45:35.122+0100][gc,start      ] GC(225) Pause Young (Normal) (G1 Evacuation Pause)
[2023-11-12T17:45:35.122+0100][gc,task       ] GC(225) Using 13 workers of 13 for evacuation
[2023-11-12T17:45:35.128+0100][gc,phases     ] GC(225)   Pre Evacuate Collection Set: 0,0ms
[2023-11-12T17:45:35.128+0100][gc,phases     ] GC(225)   Evacuate Collection Set: 4,8ms
[2023-11-12T17:45:35.128+0100][gc,phases     ] GC(225)   Post Evacuate Collection Set: 0,7ms
[2023-11-12T17:45:35.128+0100][gc,phases     ] GC(225)   Other: 0,2ms
[2023-11-12T17:45:35.128+0100][gc,heap       ] GC(225) Eden regions: 607->0(606)
[2023-11-12T17:45:35.128+0100][gc,heap       ] GC(225) Survivor regions: 7->8(77)
[2023-11-12T17:45:35.128+0100][gc,heap       ] GC(225) Old regions: 103->103
[2023-11-12T17:45:35.128+0100][gc,heap       ] GC(225) Humongous regions: 129->129
[2023-11-12T17:45:35.128+0100][gc,metaspace  ] GC(225) Metaspace: 46442K(49664K)->46442K(49664K) NonClass: 40705K(42496K)->40705K(42496K) Class: 5737K(7168K)->5737K(7168K)
[2023-11-12T17:45:35.128+0100][gc            ] GC(225) Pause Young (Normal) (G1 Evacuation Pause) 844M->238M(1024M) 5,908ms
[2023-11-12T17:45:35.128+0100][gc,cpu        ] GC(225) User=0,05s Sys=0,01s Real=0,00s
[2023-11-12T17:45:36.562+0100][gc,start      ] GC(226) Pause Young (Normal) (G1 Evacuation Pause)
[2023-11-12T17:45:36.563+0100][gc,task       ] GC(226) Using 13 workers of 13 for evacuation
[2023-11-12T17:45:36.569+0100][gc,phases     ] GC(226)   Pre Evacuate Collection Set: 0,0ms
[2023-11-12T17:45:36.569+0100][gc,phases     ] GC(226)   Evacuate Collection Set: 6,0ms
[2023-11-12T17:45:36.569+0100][gc,phases     ] GC(226)   Post Evacuate Collection Set: 0,6ms
[2023-11-12T17:45:36.569+0100][gc,phases     ] GC(226)   Other: 0,2ms
[2023-11-12T17:45:36.569+0100][gc,heap       ] GC(226) Eden regions: 606->0(603)
[2023-11-12T17:45:36.569+0100][gc,heap       ] GC(226) Survivor regions: 8->11(77)
[2023-11-12T17:45:36.569+0100][gc,heap       ] GC(226) Old regions: 103->104
[2023-11-12T17:45:36.569+0100][gc,heap       ] GC(226) Humongous regions: 129->129
[2023-11-12T17:45:36.569+0100][gc,metaspace  ] GC(226) Metaspace: 46442K(49664K)->46442K(49664K) NonClass: 40705K(42496K)->40705K(42496K) Class: 5737K(7168K)->5737K(7168K)
[2023-11-12T17:45:36.569+0100][gc            ] GC(226) Pause Young (Normal) (G1 Evacuation Pause) 844M->241M(1024M) 6,960ms
[2023-11-12T17:45:36.569+0100][gc,cpu        ] GC(226) User=0,05s Sys=0,01s Real=0,00s
[2023-11-12T17:45:37.962+0100][gc,start      ] GC(227) Pause Young (Normal) (G1 Evacuation Pause)
[2023-11-12T17:45:37.962+0100][gc,task       ] GC(227) Using 13 workers of 13 for evacuation
[2023-11-12T17:45:37.968+0100][gc,phases     ] GC(227)   Pre Evacuate Collection Set: 0,0ms
[2023-11-12T17:45:37.968+0100][gc,phases     ] GC(227)   Evacuate Collection Set: 5,4ms
[2023-11-12T17:45:37.968+0100][gc,phases     ] GC(227)   Post Evacuate Collection Set: 0,6ms
[2023-11-12T17:45:37.968+0100][gc,phases     ] GC(227)   Other: 0,2ms
[2023-11-12T17:45:37.968+0100][gc,heap       ] GC(227) Eden regions: 603->0(602)
[2023-11-12T17:45:37.968+0100][gc,heap       ] GC(227) Survivor regions: 11->12(77)
[2023-11-12T17:45:37.968+0100][gc,heap       ] GC(227) Old regions: 104->104
[2023-11-12T17:45:37.968+0100][gc,heap       ] GC(227) Humongous regions: 129->129
[2023-11-12T17:45:37.968+0100][gc,metaspace  ] GC(227) Metaspace: 46449K(49664K)->46449K(49664K) NonClass: 40712K(42496K)->40712K(42496K) Class: 5737K(7168K)->5737K(7168K)
[2023-11-12T17:45:37.968+0100][gc            ] GC(227) Pause Young (Normal) (G1 Evacuation Pause) 844M->242M(1024M) 6,322ms
[2023-11-12T17:45:37.968+0100][gc,cpu        ] GC(227) User=0,06s Sys=0,02s Real=0,00s
[2023-11-12T17:45:39.428+0100][gc,start      ] GC(228) Pause Young (Normal) (G1 Evacuation Pause)
[2023-11-12T17:45:39.428+0100][gc,task       ] GC(228) Using 13 workers of 13 for evacuation
[2023-11-12T17:45:39.438+0100][gc,phases     ] GC(228)   Pre Evacuate Collection Set: 0,0ms
[2023-11-12T17:45:39.438+0100][gc,phases     ] GC(228)   Evacuate Collection Set: 8,9ms
[2023-11-12T17:45:39.438+0100][gc,phases     ] GC(228)   Post Evacuate Collection Set: 0,6ms
[2023-11-12T17:45:39.438+0100][gc,phases     ] GC(228)   Other: 0,2ms
[2023-11-12T17:45:39.438+0100][gc,heap       ] GC(228) Eden regions: 602->0(599)
[2023-11-12T17:45:39.438+0100][gc,heap       ] GC(228) Survivor regions: 12->15(77)
[2023-11-12T17:45:39.438+0100][gc,heap       ] GC(228) Old regions: 104->104
[2023-11-12T17:45:39.438+0100][gc,heap       ] GC(228) Humongous regions: 129->129
[2023-11-12T17:45:39.438+0100][gc,metaspace  ] GC(228) Metaspace: 46449K(49664K)->46449K(49664K) NonClass: 40712K(42496K)->40712K(42496K) Class: 5737K(7168K)->5737K(7168K)
[2023-11-12T17:45:39.438+0100][gc            ] GC(228) Pause Young (Normal) (G1 Evacuation Pause) 844M->245M(1024M) 9,921ms
[2023-11-12T17:45:39.438+0100][gc,cpu        ] GC(228) User=0,07s Sys=0,02s Real=0,01s
[2023-11-12T17:45:40.776+0100][gc,start      ] GC(229) Pause Young (Normal) (G1 Evacuation Pause)
[2023-11-12T17:45:40.776+0100][gc,task       ] GC(229) Using 13 workers of 13 for evacuation
[2023-11-12T17:45:40.785+0100][gc,phases     ] GC(229)   Pre Evacuate Collection Set: 0,0ms
[2023-11-12T17:45:40.785+0100][gc,phases     ] GC(229)   Evacuate Collection Set: 7,7ms
[2023-11-12T17:45:40.785+0100][gc,phases     ] GC(229)   Post Evacuate Collection Set: 0,5ms
[2023-11-12T17:45:40.785+0100][gc,phases     ] GC(229)   Other: 0,2ms
[2023-11-12T17:45:40.785+0100][gc,heap       ] GC(229) Eden regions: 599->0(597)
[2023-11-12T17:45:40.785+0100][gc,heap       ] GC(229) Survivor regions: 15->17(77)
[2023-11-12T17:45:40.785+0100][gc,heap       ] GC(229) Old regions: 104->104
[2023-11-12T17:45:40.785+0100][gc,heap       ] GC(229) Humongous regions: 129->129
[2023-11-12T17:45:40.785+0100][gc,metaspace  ] GC(229) Metaspace: 46449K(49664K)->46449K(49664K) NonClass: 40712K(42496K)->40712K(42496K) Class: 5737K(7168K)->5737K(7168K)
[2023-11-12T17:45:40.785+0100][gc            ] GC(229) Pause Young (Normal) (G1 Evacuation Pause) 844M->247M(1024M) 8,560ms
[2023-11-12T17:45:40.785+0100][gc,cpu        ] GC(229) User=0,08s Sys=0,00s Real=0,01s
[2023-11-12T17:45:42.025+0100][gc,start      ] GC(230) Pause Young (Normal) (G1 Evacuation Pause)
[2023-11-12T17:45:42.025+0100][gc,task       ] GC(230) Using 13 workers of 13 for evacuation
[2023-11-12T17:45:42.033+0100][gc,phases     ] GC(230)   Pre Evacuate Collection Set: 0,0ms
[2023-11-12T17:45:42.033+0100][gc,phases     ] GC(230)   Evacuate Collection Set: 7,6ms
[2023-11-12T17:45:42.033+0100][gc,phases     ] GC(230)   Post Evacuate Collection Set: 0,7ms
[2023-11-12T17:45:42.034+0100][gc,phases     ] GC(230)   Other: 0,2ms
[2023-11-12T17:45:42.034+0100][gc,heap       ] GC(230) Eden regions: 597->0(595)
[2023-11-12T17:45:42.034+0100][gc,heap       ] GC(230) Survivor regions: 17->19(77)
[2023-11-12T17:45:42.034+0100][gc,heap       ] GC(230) Old regions: 104->104
[2023-11-12T17:45:42.034+0100][gc,heap       ] GC(230) Humongous regions: 129->129
[2023-11-12T17:45:42.034+0100][gc,metaspace  ] GC(230) Metaspace: 46449K(49664K)->46449K(49664K) NonClass: 40712K(42496K)->40712K(42496K) Class: 5737K(7168K)->5737K(7168K)
[2023-11-12T17:45:42.034+0100][gc            ] GC(230) Pause Young (Normal) (G1 Evacuation Pause) 844M->249M(1024M) 8,768ms
[2023-11-12T17:45:42.034+0100][gc,cpu        ] GC(230) User=0,07s Sys=0,01s Real=0,01s
[2023-11-12T17:45:43.491+0100][gc,start      ] GC(231) Pause Young (Normal) (G1 Evacuation Pause)
[2023-11-12T17:45:43.491+0100][gc,task       ] GC(231) Using 13 workers of 13 for evacuation
[2023-11-12T17:45:43.500+0100][gc,phases     ] GC(231)   Pre Evacuate Collection Set: 0,0ms
[2023-11-12T17:45:43.500+0100][gc,phases     ] GC(231)   Evacuate Collection Set: 7,6ms
[2023-11-12T17:45:43.500+0100][gc,phases     ] GC(231)   Post Evacuate Collection Set: 0,6ms
[2023-11-12T17:45:43.500+0100][gc,phases     ] GC(231)   Other: 0,2ms
[2023-11-12T17:45:43.500+0100][gc,heap       ] GC(231) Eden regions: 595->0(593)
[2023-11-12T17:45:43.500+0100][gc,heap       ] GC(231) Survivor regions: 19->21(77)
[2023-11-12T17:45:43.500+0100][gc,heap       ] GC(231) Old regions: 104->104
[2023-11-12T17:45:43.500+0100][gc,heap       ] GC(231) Humongous regions: 129->129
[2023-11-12T17:45:43.500+0100][gc,metaspace  ] GC(231) Metaspace: 46449K(49664K)->46449K(49664K) NonClass: 40712K(42496K)->40712K(42496K) Class: 5737K(7168K)->5737K(7168K)
[2023-11-12T17:45:43.500+0100][gc            ] GC(231) Pause Young (Normal) (G1 Evacuation Pause) 844M->252M(1024M) 8,465ms
[2023-11-12T17:45:43.500+0100][gc,cpu        ] GC(231) User=0,09s Sys=0,00s Real=0,01s
[2023-11-12T17:45:44.803+0100][gc,start      ] GC(232) Pause Young (Normal) (G1 Evacuation Pause)
[2023-11-12T17:45:44.803+0100][gc,task       ] GC(232) Using 13 workers of 13 for evacuation
[2023-11-12T17:45:44.814+0100][gc,phases     ] GC(232)   Pre Evacuate Collection Set: 0,0ms
[2023-11-12T17:45:44.814+0100][gc,phases     ] GC(232)   Evacuate Collection Set: 9,4ms
[2023-11-12T17:45:44.814+0100][gc,phases     ] GC(232)   Post Evacuate Collection Set: 0,6ms
[2023-11-12T17:45:44.814+0100][gc,phases     ] GC(232)   Other: 0,4ms
[2023-11-12T17:45:44.814+0100][gc,heap       ] GC(232) Eden regions: 593->0(591)
[2023-11-12T17:45:44.814+0100][gc,heap       ] GC(232) Survivor regions: 21->23(77)
[2023-11-12T17:45:44.814+0100][gc,heap       ] GC(232) Old regions: 104->105
[2023-11-12T17:45:44.814+0100][gc,heap       ] GC(232) Humongous regions: 129->129
[2023-11-12T17:45:44.814+0100][gc,metaspace  ] GC(232) Metaspace: 46449K(49664K)->46449K(49664K) NonClass: 40712K(42496K)->40712K(42496K) Class: 5737K(7168K)->5737K(7168K)
[2023-11-12T17:45:44.814+0100][gc            ] GC(232) Pause Young (Normal) (G1 Evacuation Pause) 845M->254M(1024M) 10,380ms
[2023-11-12T17:45:44.814+0100][gc,cpu        ] GC(232) User=0,10s Sys=0,01s Real=0,01s
[2023-11-12T17:45:46.123+0100][gc,start      ] GC(233) Pause Young (Normal) (G1 Evacuation Pause)
[2023-11-12T17:45:46.123+0100][gc,task       ] GC(233) Using 13 workers of 13 for evacuation
[2023-11-12T17:45:46.133+0100][gc,phases     ] GC(233)   Pre Evacuate Collection Set: 0,0ms
[2023-11-12T17:45:46.133+0100][gc,phases     ] GC(233)   Evacuate Collection Set: 8,7ms
[2023-11-12T17:45:46.133+0100][gc,phases     ] GC(233)   Post Evacuate Collection Set: 0,6ms
[2023-11-12T17:45:46.133+0100][gc,phases     ] GC(233)   Other: 0,2ms
[2023-11-12T17:45:46.133+0100][gc,heap       ] GC(233) Eden regions: 591->0(590)
[2023-11-12T17:45:46.133+0100][gc,heap       ] GC(233) Survivor regions: 23->24(77)
[2023-11-12T17:45:46.133+0100][gc,heap       ] GC(233) Old regions: 105->105
[2023-11-12T17:45:46.133+0100][gc,heap       ] GC(233) Humongous regions: 129->129
[2023-11-12T17:45:46.133+0100][gc,metaspace  ] GC(233) Metaspace: 46449K(49664K)->46449K(49664K) NonClass: 40712K(42496K)->40712K(42496K) Class: 5737K(7168K)->5737K(7168K)
[2023-11-12T17:45:46.133+0100][gc            ] GC(233) Pause Young (Normal) (G1 Evacuation Pause) 845M->255M(1024M) 9,677ms
[2023-11-12T17:45:46.133+0100][gc,cpu        ] GC(233) User=0,09s Sys=0,01s Real=0,00s
[2023-11-12T17:45:47.406+0100][gc,start      ] GC(234) Pause Young (Normal) (G1 Evacuation Pause)
[2023-11-12T17:45:47.406+0100][gc,task       ] GC(234) Using 13 workers of 13 for evacuation
[2023-11-12T17:45:47.417+0100][gc,phases     ] GC(234)   Pre Evacuate Collection Set: 0,0ms
[2023-11-12T17:45:47.417+0100][gc,phases     ] GC(234)   Evacuate Collection Set: 9,5ms
[2023-11-12T17:45:47.417+0100][gc,phases     ] GC(234)   Post Evacuate Collection Set: 0,6ms
[2023-11-12T17:45:47.417+0100][gc,phases     ] GC(234)   Other: 0,2ms
[2023-11-12T17:45:47.417+0100][gc,heap       ] GC(234) Eden regions: 590->0(588)
[2023-11-12T17:45:47.417+0100][gc,heap       ] GC(234) Survivor regions: 24->26(77)
[2023-11-12T17:45:47.417+0100][gc,heap       ] GC(234) Old regions: 105->105
[2023-11-12T17:45:47.417+0100][gc,heap       ] GC(234) Humongous regions: 129->129
[2023-11-12T17:45:47.417+0100][gc,metaspace  ] GC(234) Metaspace: 46449K(49664K)->46449K(49664K) NonClass: 40712K(42496K)->40712K(42496K) Class: 5737K(7168K)->5737K(7168K)
[2023-11-12T17:45:47.417+0100][gc            ] GC(234) Pause Young (Normal) (G1 Evacuation Pause) 845M->258M(1024M) 10,372ms
[2023-11-12T17:45:47.417+0100][gc,cpu        ] GC(234) User=0,09s Sys=0,02s Real=0,01s
[2023-11-12T17:45:48.730+0100][gc,start      ] GC(235) Pause Young (Normal) (G1 Evacuation Pause)
[2023-11-12T17:45:48.730+0100][gc,task       ] GC(235) Using 13 workers of 13 for evacuation
[2023-11-12T17:45:48.740+0100][gc,phases     ] GC(235)   Pre Evacuate Collection Set: 0,0ms
[2023-11-12T17:45:48.740+0100][gc,phases     ] GC(235)   Evacuate Collection Set: 8,8ms
[2023-11-12T17:45:48.740+0100][gc,phases     ] GC(235)   Post Evacuate Collection Set: 0,6ms
[2023-11-12T17:45:48.740+0100][gc,phases     ] GC(235)   Other: 0,2ms
[2023-11-12T17:45:48.740+0100][gc,heap       ] GC(235) Eden regions: 588->0(586)
[2023-11-12T17:45:48.740+0100][gc,heap       ] GC(235) Survivor regions: 26->28(77)
[2023-11-12T17:45:48.740+0100][gc,heap       ] GC(235) Old regions: 105->105
[2023-11-12T17:45:48.740+0100][gc,heap       ] GC(235) Humongous regions: 129->129
[2023-11-12T17:45:48.740+0100][gc,metaspace  ] GC(235) Metaspace: 46449K(49664K)->46449K(49664K) NonClass: 40712K(42496K)->40712K(42496K) Class: 5737K(7168K)->5737K(7168K)
[2023-11-12T17:45:48.740+0100][gc            ] GC(235) Pause Young (Normal) (G1 Evacuation Pause) 846M->259M(1024M) 9,660ms
[2023-11-12T17:45:48.740+0100][gc,cpu        ] GC(235) User=0,09s Sys=0,02s Real=0,01s
[2023-11-12T17:45:50.005+0100][gc,start      ] GC(236) Pause Young (Normal) (G1 Evacuation Pause)
[2023-11-12T17:45:50.005+0100][gc,task       ] GC(236) Using 13 workers of 13 for evacuation
[2023-11-12T17:45:50.011+0100][gc,phases     ] GC(236)   Pre Evacuate Collection Set: 0,0ms
[2023-11-12T17:45:50.011+0100][gc,phases     ] GC(236)   Evacuate Collection Set: 5,2ms
[2023-11-12T17:45:50.011+0100][gc,phases     ] GC(236)   Post Evacuate Collection Set: 0,6ms
[2023-11-12T17:45:50.011+0100][gc,phases     ] GC(236)   Other: 0,3ms
[2023-11-12T17:45:50.011+0100][gc,heap       ] GC(236) Eden regions: 586->0(608)
[2023-11-12T17:45:50.011+0100][gc,heap       ] GC(236) Survivor regions: 28->6(77)
[2023-11-12T17:45:50.011+0100][gc,heap       ] GC(236) Old regions: 105->105
[2023-11-12T17:45:50.011+0100][gc,heap       ] GC(236) Humongous regions: 129->129
[2023-11-12T17:45:50.011+0100][gc,metaspace  ] GC(236) Metaspace: 46450K(49664K)->46450K(49664K) NonClass: 40713K(42496K)->40713K(42496K) Class: 5737K(7168K)->5737K(7168K)
[2023-11-12T17:45:50.011+0100][gc            ] GC(236) Pause Young (Normal) (G1 Evacuation Pause) 845M->238M(1024M) 6,208ms
[2023-11-12T17:45:50.011+0100][gc,cpu        ] GC(236) User=0,05s Sys=0,00s Real=0,00s
[2023-11-12T17:45:51.343+0100][gc,start      ] GC(237) Pause Young (Normal) (G1 Evacuation Pause)
[2023-11-12T17:45:51.343+0100][gc,task       ] GC(237) Using 13 workers of 13 for evacuation
[2023-11-12T17:45:51.349+0100][gc,phases     ] GC(237)   Pre Evacuate Collection Set: 0,0ms
[2023-11-12T17:45:51.349+0100][gc,phases     ] GC(237)   Evacuate Collection Set: 4,8ms
[2023-11-12T17:45:51.349+0100][gc,phases     ] GC(237)   Post Evacuate Collection Set: 0,5ms
[2023-11-12T17:45:51.349+0100][gc,phases     ] GC(237)   Other: 0,2ms
[2023-11-12T17:45:51.349+0100][gc,heap       ] GC(237) Eden regions: 608->0(608)
[2023-11-12T17:45:51.349+0100][gc,heap       ] GC(237) Survivor regions: 6->6(77)
[2023-11-12T17:45:51.349+0100][gc,heap       ] GC(237) Old regions: 105->105
[2023-11-12T17:45:51.349+0100][gc,heap       ] GC(237) Humongous regions: 129->129
[2023-11-12T17:45:51.349+0100][gc,metaspace  ] GC(237) Metaspace: 46450K(49664K)->46450K(49664K) NonClass: 40713K(42496K)->40713K(42496K) Class: 5737K(7168K)->5737K(7168K)
[2023-11-12T17:45:51.349+0100][gc            ] GC(237) Pause Young (Normal) (G1 Evacuation Pause) 846M->238M(1024M) 5,666ms
[2023-11-12T17:45:51.349+0100][gc,cpu        ] GC(237) User=0,04s Sys=0,01s Real=0,00s
[2023-11-12T17:45:52.828+0100][gc,start      ] GC(238) Pause Young (Normal) (G1 Evacuation Pause)
[2023-11-12T17:45:52.828+0100][gc,task       ] GC(238) Using 13 workers of 13 for evacuation
[2023-11-12T17:45:52.833+0100][gc,phases     ] GC(238)   Pre Evacuate Collection Set: 0,0ms
[2023-11-12T17:45:52.833+0100][gc,phases     ] GC(238)   Evacuate Collection Set: 4,6ms
[2023-11-12T17:45:52.833+0100][gc,phases     ] GC(238)   Post Evacuate Collection Set: 0,7ms
[2023-11-12T17:45:52.833+0100][gc,phases     ] GC(238)   Other: 0,2ms
[2023-11-12T17:45:52.833+0100][gc,heap       ] GC(238) Eden regions: 608->0(606)
[2023-11-12T17:45:52.833+0100][gc,heap       ] GC(238) Survivor regions: 6->8(77)
[2023-11-12T17:45:52.833+0100][gc,heap       ] GC(238) Old regions: 105->106
[2023-11-12T17:45:52.833+0100][gc,heap       ] GC(238) Humongous regions: 129->129
[2023-11-12T17:45:52.833+0100][gc,metaspace  ] GC(238) Metaspace: 46452K(49664K)->46452K(49664K) NonClass: 40715K(42496K)->40715K(42496K) Class: 5737K(7168K)->5737K(7168K)
[2023-11-12T17:45:52.833+0100][gc            ] GC(238) Pause Young (Normal) (G1 Evacuation Pause) 846M->239M(1024M) 5,668ms
[2023-11-12T17:45:52.834+0100][gc,cpu        ] GC(238) User=0,06s Sys=0,01s Real=0,01s
[2023-11-12T17:45:54.100+0100][gc,start      ] GC(239) Pause Young (Normal) (G1 Evacuation Pause)
[2023-11-12T17:45:54.100+0100][gc,task       ] GC(239) Using 13 workers of 13 for evacuation
[2023-11-12T17:45:54.106+0100][gc,phases     ] GC(239)   Pre Evacuate Collection Set: 0,0ms
[2023-11-12T17:45:54.106+0100][gc,phases     ] GC(239)   Evacuate Collection Set: 4,8ms
[2023-11-12T17:45:54.106+0100][gc,phases     ] GC(239)   Post Evacuate Collection Set: 0,6ms
[2023-11-12T17:45:54.106+0100][gc,phases     ] GC(239)   Other: 0,2ms
[2023-11-12T17:45:54.106+0100][gc,heap       ] GC(239) Eden regions: 606->0(604)
[2023-11-12T17:45:54.106+0100][gc,heap       ] GC(239) Survivor regions: 8->10(77)
[2023-11-12T17:45:54.106+0100][gc,heap       ] GC(239) Old regions: 106->106
[2023-11-12T17:45:54.106+0100][gc,heap       ] GC(239) Humongous regions: 129->129
[2023-11-12T17:45:54.106+0100][gc,metaspace  ] GC(239) Metaspace: 46452K(49664K)->46452K(49664K) NonClass: 40715K(42496K)->40715K(42496K) Class: 5737K(7168K)->5737K(7168K)
[2023-11-12T17:45:54.106+0100][gc            ] GC(239) Pause Young (Normal) (G1 Evacuation Pause) 845M->242M(1024M) 5,795ms
[2023-11-12T17:45:54.106+0100][gc,cpu        ] GC(239) User=0,05s Sys=0,01s Real=0,01s
[2023-11-12T17:45:55.497+0100][gc,start      ] GC(240) Pause Young (Normal) (G1 Evacuation Pause)
[2023-11-12T17:45:55.497+0100][gc,task       ] GC(240) Using 13 workers of 13 for evacuation
[2023-11-12T17:45:55.504+0100][gc,phases     ] GC(240)   Pre Evacuate Collection Set: 0,0ms
[2023-11-12T17:45:55.504+0100][gc,phases     ] GC(240)   Evacuate Collection Set: 6,4ms
[2023-11-12T17:45:55.504+0100][gc,phases     ] GC(240)   Post Evacuate Collection Set: 0,7ms
[2023-11-12T17:45:55.504+0100][gc,phases     ] GC(240)   Other: 0,2ms
[2023-11-12T17:45:55.504+0100][gc,heap       ] GC(240) Eden regions: 604->0(602)
[2023-11-12T17:45:55.504+0100][gc,heap       ] GC(240) Survivor regions: 10->12(77)
[2023-11-12T17:45:55.504+0100][gc,heap       ] GC(240) Old regions: 106->106
[2023-11-12T17:45:55.504+0100][gc,heap       ] GC(240) Humongous regions: 129->129
[2023-11-12T17:45:55.504+0100][gc,metaspace  ] GC(240) Metaspace: 46452K(49664K)->46452K(49664K) NonClass: 40715K(42496K)->40715K(42496K) Class: 5737K(7168K)->5737K(7168K)
[2023-11-12T17:45:55.505+0100][gc            ] GC(240) Pause Young (Normal) (G1 Evacuation Pause) 846M->244M(1024M) 7,483ms
[2023-11-12T17:45:55.505+0100][gc,cpu        ] GC(240) User=0,09s Sys=0,00s Real=0,01s
[2023-11-12T17:45:56.809+0100][gc,start      ] GC(241) Pause Young (Normal) (G1 Evacuation Pause)
[2023-11-12T17:45:56.809+0100][gc,task       ] GC(241) Using 13 workers of 13 for evacuation
[2023-11-12T17:45:56.816+0100][gc,phases     ] GC(241)   Pre Evacuate Collection Set: 0,0ms
[2023-11-12T17:45:56.816+0100][gc,phases     ] GC(241)   Evacuate Collection Set: 6,9ms
[2023-11-12T17:45:56.816+0100][gc,phases     ] GC(241)   Post Evacuate Collection Set: 0,5ms
[2023-11-12T17:45:56.816+0100][gc,phases     ] GC(241)   Other: 0,2ms
[2023-11-12T17:45:56.816+0100][gc,heap       ] GC(241) Eden regions: 602->0(600)
[2023-11-12T17:45:56.816+0100][gc,heap       ] GC(241) Survivor regions: 12->14(77)
[2023-11-12T17:45:56.816+0100][gc,heap       ] GC(241) Old regions: 106->106
[2023-11-12T17:45:56.816+0100][gc,heap       ] GC(241) Humongous regions: 129->129
[2023-11-12T17:45:56.816+0100][gc,metaspace  ] GC(241) Metaspace: 46452K(49664K)->46452K(49664K) NonClass: 40715K(42496K)->40715K(42496K) Class: 5737K(7168K)->5737K(7168K)
[2023-11-12T17:45:56.816+0100][gc            ] GC(241) Pause Young (Normal) (G1 Evacuation Pause) 846M->246M(1024M) 7,745ms
[2023-11-12T17:45:56.816+0100][gc,cpu        ] GC(241) User=0,08s Sys=0,00s Real=0,01s
[2023-11-12T17:45:58.157+0100][gc,start      ] GC(242) Pause Young (Normal) (G1 Evacuation Pause)
[2023-11-12T17:45:58.157+0100][gc,task       ] GC(242) Using 13 workers of 13 for evacuation
[2023-11-12T17:45:58.164+0100][gc,phases     ] GC(242)   Pre Evacuate Collection Set: 0,0ms
[2023-11-12T17:45:58.164+0100][gc,phases     ] GC(242)   Evacuate Collection Set: 6,4ms
[2023-11-12T17:45:58.164+0100][gc,phases     ] GC(242)   Post Evacuate Collection Set: 0,6ms
[2023-11-12T17:45:58.164+0100][gc,phases     ] GC(242)   Other: 0,3ms
[2023-11-12T17:45:58.164+0100][gc,heap       ] GC(242) Eden regions: 600->0(599)
[2023-11-12T17:45:58.164+0100][gc,heap       ] GC(242) Survivor regions: 14->15(77)
[2023-11-12T17:45:58.164+0100][gc,heap       ] GC(242) Old regions: 106->106
[2023-11-12T17:45:58.164+0100][gc,heap       ] GC(242) Humongous regions: 129->129
[2023-11-12T17:45:58.164+0100][gc,metaspace  ] GC(242) Metaspace: 46452K(49664K)->46452K(49664K) NonClass: 40715K(42496K)->40715K(42496K) Class: 5737K(7168K)->5737K(7168K)
[2023-11-12T17:45:58.164+0100][gc            ] GC(242) Pause Young (Normal) (G1 Evacuation Pause) 846M->248M(1024M) 7,383ms
[2023-11-12T17:45:58.164+0100][gc,cpu        ] GC(242) User=0,06s Sys=0,01s Real=0,01s
[2023-11-12T17:45:59.534+0100][gc,start      ] GC(243) Pause Young (Normal) (G1 Evacuation Pause)
[2023-11-12T17:45:59.534+0100][gc,task       ] GC(243) Using 13 workers of 13 for evacuation
[2023-11-12T17:45:59.542+0100][gc,phases     ] GC(243)   Pre Evacuate Collection Set: 0,0ms
[2023-11-12T17:45:59.542+0100][gc,phases     ] GC(243)   Evacuate Collection Set: 6,3ms
[2023-11-12T17:45:59.542+0100][gc,phases     ] GC(243)   Post Evacuate Collection Set: 0,6ms
[2023-11-12T17:45:59.542+0100][gc,phases     ] GC(243)   Other: 0,2ms
[2023-11-12T17:45:59.542+0100][gc,heap       ] GC(243) Eden regions: 599->0(596)
[2023-11-12T17:45:59.542+0100][gc,heap       ] GC(243) Survivor regions: 15->18(77)
[2023-11-12T17:45:59.542+0100][gc,heap       ] GC(243) Old regions: 106->106
[2023-11-12T17:45:59.542+0100][gc,heap       ] GC(243) Humongous regions: 129->129
[2023-11-12T17:45:59.542+0100][gc,metaspace  ] GC(243) Metaspace: 46452K(49664K)->46452K(49664K) NonClass: 40715K(42496K)->40715K(42496K) Class: 5737K(7168K)->5737K(7168K)
[2023-11-12T17:45:59.542+0100][gc            ] GC(243) Pause Young (Normal) (G1 Evacuation Pause) 847M->250M(1024M) 7,296ms
[2023-11-12T17:45:59.542+0100][gc,cpu        ] GC(243) User=0,07s Sys=0,01s Real=0,01s
[2023-11-12T17:46:00.942+0100][gc,start      ] GC(244) Pause Young (Normal) (G1 Evacuation Pause)
[2023-11-12T17:46:00.942+0100][gc,task       ] GC(244) Using 13 workers of 13 for evacuation
[2023-11-12T17:46:00.950+0100][gc,phases     ] GC(244)   Pre Evacuate Collection Set: 0,0ms
[2023-11-12T17:46:00.950+0100][gc,phases     ] GC(244)   Evacuate Collection Set: 7,2ms
[2023-11-12T17:46:00.950+0100][gc,phases     ] GC(244)   Post Evacuate Collection Set: 0,6ms
[2023-11-12T17:46:00.951+0100][gc,phases     ] GC(244)   Other: 0,2ms
[2023-11-12T17:46:00.951+0100][gc,heap       ] GC(244) Eden regions: 596->0(595)
[2023-11-12T17:46:00.951+0100][gc,heap       ] GC(244) Survivor regions: 18->19(77)
[2023-11-12T17:46:00.951+0100][gc,heap       ] GC(244) Old regions: 106->106
[2023-11-12T17:46:00.951+0100][gc,heap       ] GC(244) Humongous regions: 129->129
[2023-11-12T17:46:00.951+0100][gc,metaspace  ] GC(244) Metaspace: 46452K(49664K)->46452K(49664K) NonClass: 40715K(42496K)->40715K(42496K) Class: 5737K(7168K)->5737K(7168K)
[2023-11-12T17:46:00.951+0100][gc            ] GC(244) Pause Young (Normal) (G1 Evacuation Pause) 846M->252M(1024M) 8,304ms
[2023-11-12T17:46:00.951+0100][gc,cpu        ] GC(244) User=0,10s Sys=0,00s Real=0,00s
[2023-11-12T17:46:02.349+0100][gc,start      ] GC(245) Pause Young (Normal) (G1 Evacuation Pause)
[2023-11-12T17:46:02.349+0100][gc,task       ] GC(245) Using 13 workers of 13 for evacuation
[2023-11-12T17:46:02.358+0100][gc,phases     ] GC(245)   Pre Evacuate Collection Set: 0,0ms
[2023-11-12T17:46:02.358+0100][gc,phases     ] GC(245)   Evacuate Collection Set: 8,2ms
[2023-11-12T17:46:02.358+0100][gc,phases     ] GC(245)   Post Evacuate Collection Set: 0,6ms
[2023-11-12T17:46:02.358+0100][gc,phases     ] GC(245)   Other: 0,2ms
[2023-11-12T17:46:02.358+0100][gc,heap       ] GC(245) Eden regions: 595->0(592)
[2023-11-12T17:46:02.358+0100][gc,heap       ] GC(245) Survivor regions: 19->22(77)
[2023-11-12T17:46:02.358+0100][gc,heap       ] GC(245) Old regions: 106->107
[2023-11-12T17:46:02.358+0100][gc,heap       ] GC(245) Humongous regions: 129->129
[2023-11-12T17:46:02.358+0100][gc,metaspace  ] GC(245) Metaspace: 46452K(49664K)->46452K(49664K) NonClass: 40715K(42496K)->40715K(42496K) Class: 5737K(7168K)->5737K(7168K)
[2023-11-12T17:46:02.358+0100][gc            ] GC(245) Pause Young (Normal) (G1 Evacuation Pause) 847M->254M(1024M) 9,184ms
[2023-11-12T17:46:02.358+0100][gc,cpu        ] GC(245) User=0,10s Sys=0,00s Real=0,01s
[2023-11-12T17:46:03.646+0100][gc,start      ] GC(246) Pause Young (Normal) (G1 Evacuation Pause)
[2023-11-12T17:46:03.646+0100][gc,task       ] GC(246) Using 13 workers of 13 for evacuation
[2023-11-12T17:46:03.654+0100][gc,phases     ] GC(246)   Pre Evacuate Collection Set: 0,0ms
[2023-11-12T17:46:03.654+0100][gc,phases     ] GC(246)   Evacuate Collection Set: 7,9ms
[2023-11-12T17:46:03.654+0100][gc,phases     ] GC(246)   Post Evacuate Collection Set: 0,6ms
[2023-11-12T17:46:03.654+0100][gc,phases     ] GC(246)   Other: 0,2ms
[2023-11-12T17:46:03.654+0100][gc,heap       ] GC(246) Eden regions: 592->0(590)
[2023-11-12T17:46:03.654+0100][gc,heap       ] GC(246) Survivor regions: 22->24(77)
[2023-11-12T17:46:03.654+0100][gc,heap       ] GC(246) Old regions: 107->107
[2023-11-12T17:46:03.654+0100][gc,heap       ] GC(246) Humongous regions: 129->129
[2023-11-12T17:46:03.654+0100][gc,metaspace  ] GC(246) Metaspace: 46452K(49664K)->46452K(49664K) NonClass: 40715K(42496K)->40715K(42496K) Class: 5737K(7168K)->5737K(7168K)
[2023-11-12T17:46:03.654+0100][gc            ] GC(246) Pause Young (Normal) (G1 Evacuation Pause) 846M->257M(1024M) 8,789ms
[2023-11-12T17:46:03.654+0100][gc,cpu        ] GC(246) User=0,09s Sys=0,00s Real=0,01s
[2023-11-12T17:46:05.120+0100][gc,start      ] GC(247) Pause Young (Normal) (G1 Evacuation Pause)
[2023-11-12T17:46:05.120+0100][gc,task       ] GC(247) Using 13 workers of 13 for evacuation
[2023-11-12T17:46:05.129+0100][gc,phases     ] GC(247)   Pre Evacuate Collection Set: 0,0ms
[2023-11-12T17:46:05.129+0100][gc,phases     ] GC(247)   Evacuate Collection Set: 8,4ms
[2023-11-12T17:46:05.129+0100][gc,phases     ] GC(247)   Post Evacuate Collection Set: 0,5ms
[2023-11-12T17:46:05.129+0100][gc,phases     ] GC(247)   Other: 0,2ms
[2023-11-12T17:46:05.129+0100][gc,heap       ] GC(247) Eden regions: 590->0(589)
[2023-11-12T17:46:05.129+0100][gc,heap       ] GC(247) Survivor regions: 24->25(77)
[2023-11-12T17:46:05.129+0100][gc,heap       ] GC(247) Old regions: 107->107
[2023-11-12T17:46:05.129+0100][gc,heap       ] GC(247) Humongous regions: 129->129
[2023-11-12T17:46:05.129+0100][gc,metaspace  ] GC(247) Metaspace: 46452K(49664K)->46452K(49664K) NonClass: 40715K(42496K)->40715K(42496K) Class: 5737K(7168K)->5737K(7168K)
[2023-11-12T17:46:05.129+0100][gc            ] GC(247) Pause Young (Normal) (G1 Evacuation Pause) 847M->258M(1024M) 9,253ms
[2023-11-12T17:46:05.129+0100][gc,cpu        ] GC(247) User=0,10s Sys=0,01s Real=0,01s
[2023-11-12T17:46:06.371+0100][gc,start      ] GC(248) Pause Young (Normal) (G1 Evacuation Pause)
[2023-11-12T17:46:06.371+0100][gc,task       ] GC(248) Using 13 workers of 13 for evacuation
[2023-11-12T17:46:06.381+0100][gc,phases     ] GC(248)   Pre Evacuate Collection Set: 0,0ms
[2023-11-12T17:46:06.381+0100][gc,phases     ] GC(248)   Evacuate Collection Set: 8,9ms
[2023-11-12T17:46:06.381+0100][gc,phases     ] GC(248)   Post Evacuate Collection Set: 0,6ms
[2023-11-12T17:46:06.381+0100][gc,phases     ] GC(248)   Other: 0,2ms
[2023-11-12T17:46:06.381+0100][gc,heap       ] GC(248) Eden regions: 589->0(587)
[2023-11-12T17:46:06.381+0100][gc,heap       ] GC(248) Survivor regions: 25->27(77)
[2023-11-12T17:46:06.381+0100][gc,heap       ] GC(248) Old regions: 107->107
[2023-11-12T17:46:06.381+0100][gc,heap       ] GC(248) Humongous regions: 129->129
[2023-11-12T17:46:06.381+0100][gc,metaspace  ] GC(248) Metaspace: 46452K(49664K)->46452K(49664K) NonClass: 40715K(42496K)->40715K(42496K) Class: 5737K(7168K)->5737K(7168K)
[2023-11-12T17:46:06.381+0100][gc            ] GC(248) Pause Young (Normal) (G1 Evacuation Pause) 847M->261M(1024M) 9,829ms
[2023-11-12T17:46:06.381+0100][gc,cpu        ] GC(248) User=0,09s Sys=0,02s Real=0,01s
[2023-11-12T17:46:07.807+0100][gc,start      ] GC(249) Pause Young (Normal) (G1 Evacuation Pause)
[2023-11-12T17:46:07.807+0100][gc,task       ] GC(249) Using 13 workers of 13 for evacuation
[2023-11-12T17:46:07.811+0100][gc,phases     ] GC(249)   Pre Evacuate Collection Set: 0,0ms
[2023-11-12T17:46:07.811+0100][gc,phases     ] GC(249)   Evacuate Collection Set: 3,8ms
[2023-11-12T17:46:07.811+0100][gc,phases     ] GC(249)   Post Evacuate Collection Set: 0,6ms
[2023-11-12T17:46:07.811+0100][gc,phases     ] GC(249)   Other: 0,2ms
[2023-11-12T17:46:07.811+0100][gc,heap       ] GC(249) Eden regions: 587->0(609)
[2023-11-12T17:46:07.811+0100][gc,heap       ] GC(249) Survivor regions: 27->5(77)
[2023-11-12T17:46:07.811+0100][gc,heap       ] GC(249) Old regions: 107->107
[2023-11-12T17:46:07.811+0100][gc,heap       ] GC(249) Humongous regions: 129->129
[2023-11-12T17:46:07.811+0100][gc,metaspace  ] GC(249) Metaspace: 46452K(49664K)->46452K(49664K) NonClass: 40715K(42496K)->40715K(42496K) Class: 5737K(7168K)->5737K(7168K)
[2023-11-12T17:46:07.811+0100][gc            ] GC(249) Pause Young (Normal) (G1 Evacuation Pause) 848M->239M(1024M) 4,703ms
[2023-11-12T17:46:07.811+0100][gc,cpu        ] GC(249) User=0,03s Sys=0,01s Real=0,00s
[2023-11-12T17:46:09.138+0100][gc,start      ] GC(250) Pause Young (Normal) (G1 Evacuation Pause)
[2023-11-12T17:46:09.138+0100][gc,task       ] GC(250) Using 13 workers of 13 for evacuation
[2023-11-12T17:46:09.144+0100][gc,phases     ] GC(250)   Pre Evacuate Collection Set: 0,0ms
[2023-11-12T17:46:09.144+0100][gc,phases     ] GC(250)   Evacuate Collection Set: 5,0ms
[2023-11-12T17:46:09.144+0100][gc,phases     ] GC(250)   Post Evacuate Collection Set: 0,6ms
[2023-11-12T17:46:09.144+0100][gc,phases     ] GC(250)   Other: 0,2ms
[2023-11-12T17:46:09.144+0100][gc,heap       ] GC(250) Eden regions: 609->0(608)
[2023-11-12T17:46:09.144+0100][gc,heap       ] GC(250) Survivor regions: 5->6(77)
[2023-11-12T17:46:09.144+0100][gc,heap       ] GC(250) Old regions: 107->107
[2023-11-12T17:46:09.144+0100][gc,heap       ] GC(250) Humongous regions: 129->129
[2023-11-12T17:46:09.144+0100][gc,metaspace  ] GC(250) Metaspace: 46452K(49664K)->46452K(49664K) NonClass: 40715K(42496K)->40715K(42496K) Class: 5737K(7168K)->5737K(7168K)
[2023-11-12T17:46:09.144+0100][gc            ] GC(250) Pause Young (Normal) (G1 Evacuation Pause) 848M->239M(1024M) 5,929ms
[2023-11-12T17:46:09.144+0100][gc,cpu        ] GC(250) User=0,01s Sys=0,05s Real=0,01s
[2023-11-12T17:46:10.532+0100][gc,start      ] GC(251) Pause Young (Normal) (G1 Evacuation Pause)
[2023-11-12T17:46:10.532+0100][gc,task       ] GC(251) Using 13 workers of 13 for evacuation
[2023-11-12T17:46:10.537+0100][gc,phases     ] GC(251)   Pre Evacuate Collection Set: 0,0ms
[2023-11-12T17:46:10.537+0100][gc,phases     ] GC(251)   Evacuate Collection Set: 4,2ms
[2023-11-12T17:46:10.537+0100][gc,phases     ] GC(251)   Post Evacuate Collection Set: 0,6ms
[2023-11-12T17:46:10.537+0100][gc,phases     ] GC(251)   Other: 0,2ms
[2023-11-12T17:46:10.537+0100][gc,heap       ] GC(251) Eden regions: 608->0(607)
[2023-11-12T17:46:10.537+0100][gc,heap       ] GC(251) Survivor regions: 6->7(77)
[2023-11-12T17:46:10.537+0100][gc,heap       ] GC(251) Old regions: 107->107
[2023-11-12T17:46:10.537+0100][gc,heap       ] GC(251) Humongous regions: 129->129
[2023-11-12T17:46:10.537+0100][gc,metaspace  ] GC(251) Metaspace: 46452K(49664K)->46452K(49664K) NonClass: 40715K(42496K)->40715K(42496K) Class: 5737K(7168K)->5737K(7168K)
[2023-11-12T17:46:10.538+0100][gc            ] GC(251) Pause Young (Normal) (G1 Evacuation Pause) 847M->241M(1024M) 5,146ms
[2023-11-12T17:46:10.538+0100][gc,cpu        ] GC(251) User=0,05s Sys=0,01s Real=0,01s
[2023-11-12T17:46:11.859+0100][gc,start      ] GC(252) Pause Young (Normal) (G1 Evacuation Pause)
[2023-11-12T17:46:11.859+0100][gc,task       ] GC(252) Using 13 workers of 13 for evacuation
[2023-11-12T17:46:11.865+0100][gc,phases     ] GC(252)   Pre Evacuate Collection Set: 0,0ms
[2023-11-12T17:46:11.865+0100][gc,phases     ] GC(252)   Evacuate Collection Set: 5,4ms
[2023-11-12T17:46:11.865+0100][gc,phases     ] GC(252)   Post Evacuate Collection Set: 0,6ms
[2023-11-12T17:46:11.865+0100][gc,phases     ] GC(252)   Other: 0,3ms
[2023-11-12T17:46:11.865+0100][gc,heap       ] GC(252) Eden regions: 607->0(605)
[2023-11-12T17:46:11.865+0100][gc,heap       ] GC(252) Survivor regions: 7->9(77)
[2023-11-12T17:46:11.865+0100][gc,heap       ] GC(252) Old regions: 107->108
[2023-11-12T17:46:11.865+0100][gc,heap       ] GC(252) Humongous regions: 129->129
[2023-11-12T17:46:11.865+0100][gc,metaspace  ] GC(252) Metaspace: 46452K(49664K)->46452K(49664K) NonClass: 40715K(42496K)->40715K(42496K) Class: 5737K(7168K)->5737K(7168K)
[2023-11-12T17:46:11.865+0100][gc            ] GC(252) Pause Young (Normal) (G1 Evacuation Pause) 848M->243M(1024M) 6,457ms
[2023-11-12T17:46:11.865+0100][gc,cpu        ] GC(252) User=0,06s Sys=0,02s Real=0,01s
[2023-11-12T17:46:13.303+0100][gc,start      ] GC(253) Pause Young (Normal) (G1 Evacuation Pause)
[2023-11-12T17:46:13.303+0100][gc,task       ] GC(253) Using 13 workers of 13 for evacuation
[2023-11-12T17:46:13.310+0100][gc,phases     ] GC(253)   Pre Evacuate Collection Set: 0,0ms
[2023-11-12T17:46:13.310+0100][gc,phases     ] GC(253)   Evacuate Collection Set: 5,9ms
[2023-11-12T17:46:13.310+0100][gc,phases     ] GC(253)   Post Evacuate Collection Set: 0,6ms
[2023-11-12T17:46:13.310+0100][gc,phases     ] GC(253)   Other: 0,2ms
[2023-11-12T17:46:13.310+0100][gc,heap       ] GC(253) Eden regions: 605->0(603)
[2023-11-12T17:46:13.310+0100][gc,heap       ] GC(253) Survivor regions: 9->11(77)
[2023-11-12T17:46:13.310+0100][gc,heap       ] GC(253) Old regions: 108->108
[2023-11-12T17:46:13.310+0100][gc,heap       ] GC(253) Humongous regions: 129->129
[2023-11-12T17:46:13.310+0100][gc,metaspace  ] GC(253) Metaspace: 46452K(49664K)->46452K(49664K) NonClass: 40715K(42496K)->40715K(42496K) Class: 5737K(7168K)->5737K(7168K)
[2023-11-12T17:46:13.310+0100][gc            ] GC(253) Pause Young (Normal) (G1 Evacuation Pause) 848M->245M(1024M) 6,908ms
[2023-11-12T17:46:13.310+0100][gc,cpu        ] GC(253) User=0,08s Sys=0,00s Real=0,00s
[2023-11-12T17:46:14.677+0100][gc,start      ] GC(254) Pause Young (Normal) (G1 Evacuation Pause)
[2023-11-12T17:46:14.677+0100][gc,task       ] GC(254) Using 13 workers of 13 for evacuation
[2023-11-12T17:46:14.683+0100][gc,phases     ] GC(254)   Pre Evacuate Collection Set: 0,0ms
[2023-11-12T17:46:14.684+0100][gc,phases     ] GC(254)   Evacuate Collection Set: 6,1ms
[2023-11-12T17:46:14.684+0100][gc,phases     ] GC(254)   Post Evacuate Collection Set: 0,6ms
[2023-11-12T17:46:14.684+0100][gc,phases     ] GC(254)   Other: 0,2ms
[2023-11-12T17:46:14.684+0100][gc,heap       ] GC(254) Eden regions: 603->0(600)
[2023-11-12T17:46:14.684+0100][gc,heap       ] GC(254) Survivor regions: 11->14(77)
[2023-11-12T17:46:14.684+0100][gc,heap       ] GC(254) Old regions: 108->108
[2023-11-12T17:46:14.684+0100][gc,heap       ] GC(254) Humongous regions: 129->129
[2023-11-12T17:46:14.684+0100][gc,metaspace  ] GC(254) Metaspace: 46452K(49664K)->46452K(49664K) NonClass: 40715K(42496K)->40715K(42496K) Class: 5737K(7168K)->5737K(7168K)
[2023-11-12T17:46:14.684+0100][gc            ] GC(254) Pause Young (Normal) (G1 Evacuation Pause) 848M->248M(1024M) 7,041ms
[2023-11-12T17:46:14.684+0100][gc,cpu        ] GC(254) User=0,09s Sys=0,00s Real=0,01s
[2023-11-12T17:46:15.989+0100][gc,start      ] GC(255) Pause Young (Normal) (G1 Evacuation Pause)
[2023-11-12T17:46:15.989+0100][gc,task       ] GC(255) Using 13 workers of 13 for evacuation
[2023-11-12T17:46:15.996+0100][gc,phases     ] GC(255)   Pre Evacuate Collection Set: 0,0ms
[2023-11-12T17:46:15.996+0100][gc,phases     ] GC(255)   Evacuate Collection Set: 6,2ms
[2023-11-12T17:46:15.996+0100][gc,phases     ] GC(255)   Post Evacuate Collection Set: 0,5ms
[2023-11-12T17:46:15.996+0100][gc,phases     ] GC(255)   Other: 0,2ms
[2023-11-12T17:46:15.996+0100][gc,heap       ] GC(255) Eden regions: 600->0(598)
[2023-11-12T17:46:15.996+0100][gc,heap       ] GC(255) Survivor regions: 14->16(77)
[2023-11-12T17:46:15.996+0100][gc,heap       ] GC(255) Old regions: 108->108
[2023-11-12T17:46:15.996+0100][gc,heap       ] GC(255) Humongous regions: 129->129
[2023-11-12T17:46:15.996+0100][gc,metaspace  ] GC(255) Metaspace: 46452K(49664K)->46452K(49664K) NonClass: 40715K(42496K)->40715K(42496K) Class: 5737K(7168K)->5737K(7168K)
[2023-11-12T17:46:15.997+0100][gc            ] GC(255) Pause Young (Normal) (G1 Evacuation Pause) 848M->250M(1024M) 7,110ms
[2023-11-12T17:46:15.997+0100][gc,cpu        ] GC(255) User=0,06s Sys=0,02s Real=0,01s
[2023-11-12T17:46:17.417+0100][gc,start      ] GC(256) Pause Young (Normal) (G1 Evacuation Pause)
[2023-11-12T17:46:17.417+0100][gc,task       ] GC(256) Using 13 workers of 13 for evacuation
[2023-11-12T17:46:17.425+0100][gc,phases     ] GC(256)   Pre Evacuate Collection Set: 0,0ms
[2023-11-12T17:46:17.425+0100][gc,phases     ] GC(256)   Evacuate Collection Set: 6,6ms
[2023-11-12T17:46:17.425+0100][gc,phases     ] GC(256)   Post Evacuate Collection Set: 0,6ms
[2023-11-12T17:46:17.425+0100][gc,phases     ] GC(256)   Other: 0,2ms
[2023-11-12T17:46:17.425+0100][gc,heap       ] GC(256) Eden regions: 598->0(597)
[2023-11-12T17:46:17.425+0100][gc,heap       ] GC(256) Survivor regions: 16->17(77)
[2023-11-12T17:46:17.425+0100][gc,heap       ] GC(256) Old regions: 108->108
[2023-11-12T17:46:17.425+0100][gc,heap       ] GC(256) Humongous regions: 129->129
[2023-11-12T17:46:17.425+0100][gc,metaspace  ] GC(256) Metaspace: 46452K(49664K)->46452K(49664K) NonClass: 40715K(42496K)->40715K(42496K) Class: 5737K(7168K)->5737K(7168K)
[2023-11-12T17:46:17.425+0100][gc            ] GC(256) Pause Young (Normal) (G1 Evacuation Pause) 848M->251M(1024M) 7,540ms
[2023-11-12T17:46:17.425+0100][gc,cpu        ] GC(256) User=0,06s Sys=0,02s Real=0,01s
[2023-11-12T17:46:18.717+0100][gc,start      ] GC(257) Pause Young (Normal) (G1 Evacuation Pause)
[2023-11-12T17:46:18.717+0100][gc,task       ] GC(257) Using 13 workers of 13 for evacuation
[2023-11-12T17:46:18.725+0100][gc,phases     ] GC(257)   Pre Evacuate Collection Set: 0,0ms
[2023-11-12T17:46:18.725+0100][gc,phases     ] GC(257)   Evacuate Collection Set: 7,5ms
[2023-11-12T17:46:18.725+0100][gc,phases     ] GC(257)   Post Evacuate Collection Set: 0,5ms
[2023-11-12T17:46:18.725+0100][gc,phases     ] GC(257)   Other: 0,3ms
[2023-11-12T17:46:18.725+0100][gc,heap       ] GC(257) Eden regions: 597->0(594)
[2023-11-12T17:46:18.725+0100][gc,heap       ] GC(257) Survivor regions: 17->20(77)
[2023-11-12T17:46:18.725+0100][gc,heap       ] GC(257) Old regions: 108->108
[2023-11-12T17:46:18.725+0100][gc,heap       ] GC(257) Humongous regions: 129->129
[2023-11-12T17:46:18.725+0100][gc,metaspace  ] GC(257) Metaspace: 46452K(49664K)->46452K(49664K) NonClass: 40715K(42496K)->40715K(42496K) Class: 5737K(7168K)->5737K(7168K)
[2023-11-12T17:46:18.725+0100][gc            ] GC(257) Pause Young (Normal) (G1 Evacuation Pause) 848M->254M(1024M) 8,506ms
[2023-11-12T17:46:18.725+0100][gc,cpu        ] GC(257) User=0,10s Sys=0,00s Real=0,01s
[2023-11-12T17:46:20.214+0100][gc,start      ] GC(258) Pause Young (Normal) (G1 Evacuation Pause)
[2023-11-12T17:46:20.214+0100][gc,task       ] GC(258) Using 13 workers of 13 for evacuation
[2023-11-12T17:46:20.223+0100][gc,phases     ] GC(258)   Pre Evacuate Collection Set: 0,0ms
[2023-11-12T17:46:20.223+0100][gc,phases     ] GC(258)   Evacuate Collection Set: 8,1ms
[2023-11-12T17:46:20.223+0100][gc,phases     ] GC(258)   Post Evacuate Collection Set: 0,6ms
[2023-11-12T17:46:20.223+0100][gc,phases     ] GC(258)   Other: 0,2ms
[2023-11-12T17:46:20.223+0100][gc,heap       ] GC(258) Eden regions: 594->0(592)
[2023-11-12T17:46:20.223+0100][gc,heap       ] GC(258) Survivor regions: 20->22(77)
[2023-11-12T17:46:20.223+0100][gc,heap       ] GC(258) Old regions: 108->108
[2023-11-12T17:46:20.223+0100][gc,heap       ] GC(258) Humongous regions: 129->129
[2023-11-12T17:46:20.223+0100][gc,metaspace  ] GC(258) Metaspace: 46452K(49664K)->46452K(49664K) NonClass: 40715K(42496K)->40715K(42496K) Class: 5737K(7168K)->5737K(7168K)
[2023-11-12T17:46:20.223+0100][gc            ] GC(258) Pause Young (Normal) (G1 Evacuation Pause) 848M->257M(1024M) 8,951ms
[2023-11-12T17:46:20.223+0100][gc,cpu        ] GC(258) User=0,08s Sys=0,03s Real=0,01s
[2023-11-12T17:46:21.501+0100][gc,start      ] GC(259) Pause Young (Normal) (G1 Evacuation Pause)
[2023-11-12T17:46:21.501+0100][gc,task       ] GC(259) Using 13 workers of 13 for evacuation
[2023-11-12T17:46:21.510+0100][gc,phases     ] GC(259)   Pre Evacuate Collection Set: 0,0ms
[2023-11-12T17:46:21.510+0100][gc,phases     ] GC(259)   Evacuate Collection Set: 8,3ms
[2023-11-12T17:46:21.510+0100][gc,phases     ] GC(259)   Post Evacuate Collection Set: 0,6ms
[2023-11-12T17:46:21.510+0100][gc,phases     ] GC(259)   Other: 0,2ms
[2023-11-12T17:46:21.510+0100][gc,heap       ] GC(259) Eden regions: 592->0(590)
[2023-11-12T17:46:21.510+0100][gc,heap       ] GC(259) Survivor regions: 22->24(77)
[2023-11-12T17:46:21.510+0100][gc,heap       ] GC(259) Old regions: 108->109
[2023-11-12T17:46:21.510+0100][gc,heap       ] GC(259) Humongous regions: 129->129
[2023-11-12T17:46:21.510+0100][gc,metaspace  ] GC(259) Metaspace: 46452K(49664K)->46452K(49664K) NonClass: 40715K(42496K)->40715K(42496K) Class: 5737K(7168K)->5737K(7168K)
[2023-11-12T17:46:21.510+0100][gc            ] GC(259) Pause Young (Normal) (G1 Evacuation Pause) 849M->259M(1024M) 9,224ms
[2023-11-12T17:46:21.510+0100][gc,cpu        ] GC(259) User=0,10s Sys=0,00s Real=0,01s
[2023-11-12T17:46:22.828+0100][gc,start      ] GC(260) Pause Young (Normal) (G1 Evacuation Pause)
[2023-11-12T17:46:22.828+0100][gc,task       ] GC(260) Using 13 workers of 13 for evacuation
[2023-11-12T17:46:22.838+0100][gc,phases     ] GC(260)   Pre Evacuate Collection Set: 0,0ms
[2023-11-12T17:46:22.838+0100][gc,phases     ] GC(260)   Evacuate Collection Set: 9,1ms
[2023-11-12T17:46:22.838+0100][gc,phases     ] GC(260)   Post Evacuate Collection Set: 0,6ms
[2023-11-12T17:46:22.838+0100][gc,phases     ] GC(260)   Other: 0,2ms
[2023-11-12T17:46:22.838+0100][gc,heap       ] GC(260) Eden regions: 590->0(588)
[2023-11-12T17:46:22.838+0100][gc,heap       ] GC(260) Survivor regions: 24->26(77)
[2023-11-12T17:46:22.838+0100][gc,heap       ] GC(260) Old regions: 109->109
[2023-11-12T17:46:22.838+0100][gc,heap       ] GC(260) Humongous regions: 129->129
[2023-11-12T17:46:22.838+0100][gc,metaspace  ] GC(260) Metaspace: 46452K(49664K)->46452K(49664K) NonClass: 40715K(42496K)->40715K(42496K) Class: 5737K(7168K)->5737K(7168K)
[2023-11-12T17:46:22.838+0100][gc            ] GC(260) Pause Young (Normal) (G1 Evacuation Pause) 849M->261M(1024M) 10,228ms
[2023-11-12T17:46:22.838+0100][gc,cpu        ] GC(260) User=0,12s Sys=0,00s Real=0,01s
[2023-11-12T17:46:24.145+0100][gc,start      ] GC(261) Pause Young (Normal) (G1 Evacuation Pause)
[2023-11-12T17:46:24.145+0100][gc,task       ] GC(261) Using 13 workers of 13 for evacuation
[2023-11-12T17:46:24.155+0100][gc,phases     ] GC(261)   Pre Evacuate Collection Set: 0,0ms
[2023-11-12T17:46:24.155+0100][gc,phases     ] GC(261)   Evacuate Collection Set: 9,5ms
[2023-11-12T17:46:24.155+0100][gc,phases     ] GC(261)   Post Evacuate Collection Set: 0,6ms
[2023-11-12T17:46:24.155+0100][gc,phases     ] GC(261)   Other: 0,2ms
[2023-11-12T17:46:24.155+0100][gc,heap       ] GC(261) Eden regions: 588->0(587)
[2023-11-12T17:46:24.155+0100][gc,heap       ] GC(261) Survivor regions: 26->27(77)
[2023-11-12T17:46:24.155+0100][gc,heap       ] GC(261) Old regions: 109->109
[2023-11-12T17:46:24.155+0100][gc,heap       ] GC(261) Humongous regions: 129->129
[2023-11-12T17:46:24.155+0100][gc,metaspace  ] GC(261) Metaspace: 46452K(49664K)->46452K(49664K) NonClass: 40715K(42496K)->40715K(42496K) Class: 5737K(7168K)->5737K(7168K)
[2023-11-12T17:46:24.156+0100][gc            ] GC(261) Pause Young (Normal) (G1 Evacuation Pause) 849M->262M(1024M) 10,456ms
[2023-11-12T17:46:24.156+0100][gc,cpu        ] GC(261) User=0,10s Sys=0,01s Real=0,01s
[2023-11-12T17:46:25.518+0100][gc,start      ] GC(262) Pause Young (Normal) (G1 Evacuation Pause)
[2023-11-12T17:46:25.518+0100][gc,task       ] GC(262) Using 13 workers of 13 for evacuation
[2023-11-12T17:46:25.522+0100][gc,phases     ] GC(262)   Pre Evacuate Collection Set: 0,0ms
[2023-11-12T17:46:25.522+0100][gc,phases     ] GC(262)   Evacuate Collection Set: 3,8ms
[2023-11-12T17:46:25.522+0100][gc,phases     ] GC(262)   Post Evacuate Collection Set: 0,5ms
[2023-11-12T17:46:25.522+0100][gc,phases     ] GC(262)   Other: 0,2ms
[2023-11-12T17:46:25.522+0100][gc,heap       ] GC(262) Eden regions: 587->0(609)
[2023-11-12T17:46:25.522+0100][gc,heap       ] GC(262) Survivor regions: 27->5(77)
[2023-11-12T17:46:25.522+0100][gc,heap       ] GC(262) Old regions: 109->109
[2023-11-12T17:46:25.522+0100][gc,heap       ] GC(262) Humongous regions: 129->129
[2023-11-12T17:46:25.523+0100][gc,metaspace  ] GC(262) Metaspace: 46453K(49664K)->46453K(49664K) NonClass: 40716K(42496K)->40716K(42496K) Class: 5737K(7168K)->5737K(7168K)
[2023-11-12T17:46:25.523+0100][gc            ] GC(262) Pause Young (Normal) (G1 Evacuation Pause) 849M->240M(1024M) 4,680ms
[2023-11-12T17:46:25.523+0100][gc,cpu        ] GC(262) User=0,04s Sys=0,01s Real=0,01s
[2023-11-12T17:46:27.027+0100][gc,start      ] GC(263) Pause Young (Normal) (G1 Evacuation Pause)
[2023-11-12T17:46:27.027+0100][gc,task       ] GC(263) Using 13 workers of 13 for evacuation
[2023-11-12T17:46:27.032+0100][gc,phases     ] GC(263)   Pre Evacuate Collection Set: 0,0ms
[2023-11-12T17:46:27.032+0100][gc,phases     ] GC(263)   Evacuate Collection Set: 4,2ms
[2023-11-12T17:46:27.032+0100][gc,phases     ] GC(263)   Post Evacuate Collection Set: 0,5ms
[2023-11-12T17:46:27.032+0100][gc,phases     ] GC(263)   Other: 0,2ms
[2023-11-12T17:46:27.032+0100][gc,heap       ] GC(263) Eden regions: 609->0(608)
[2023-11-12T17:46:27.032+0100][gc,heap       ] GC(263) Survivor regions: 5->6(77)
[2023-11-12T17:46:27.032+0100][gc,heap       ] GC(263) Old regions: 109->109
[2023-11-12T17:46:27.032+0100][gc,heap       ] GC(263) Humongous regions: 129->129
[2023-11-12T17:46:27.032+0100][gc,metaspace  ] GC(263) Metaspace: 46453K(49664K)->46453K(49664K) NonClass: 40716K(42496K)->40716K(42496K) Class: 5737K(7168K)->5737K(7168K)
[2023-11-12T17:46:27.032+0100][gc            ] GC(263) Pause Young (Normal) (G1 Evacuation Pause) 849M->241M(1024M) 5,042ms
[2023-11-12T17:46:27.032+0100][gc,cpu        ] GC(263) User=0,05s Sys=0,00s Real=0,00s
[2023-11-12T17:46:28.514+0100][gc,start      ] GC(264) Pause Young (Normal) (G1 Evacuation Pause)
[2023-11-12T17:46:28.514+0100][gc,task       ] GC(264) Using 13 workers of 13 for evacuation
[2023-11-12T17:46:28.520+0100][gc,phases     ] GC(264)   Pre Evacuate Collection Set: 0,0ms
[2023-11-12T17:46:28.520+0100][gc,phases     ] GC(264)   Evacuate Collection Set: 5,6ms
[2023-11-12T17:46:28.520+0100][gc,phases     ] GC(264)   Post Evacuate Collection Set: 0,6ms
[2023-11-12T17:46:28.520+0100][gc,phases     ] GC(264)   Other: 0,2ms
[2023-11-12T17:46:28.520+0100][gc,heap       ] GC(264) Eden regions: 608->0(607)
[2023-11-12T17:46:28.520+0100][gc,heap       ] GC(264) Survivor regions: 6->7(77)
[2023-11-12T17:46:28.520+0100][gc,heap       ] GC(264) Old regions: 109->109
[2023-11-12T17:46:28.520+0100][gc,heap       ] GC(264) Humongous regions: 129->129
[2023-11-12T17:46:28.520+0100][gc,metaspace  ] GC(264) Metaspace: 46453K(49664K)->46453K(49664K) NonClass: 40716K(42496K)->40716K(42496K) Class: 5737K(7168K)->5737K(7168K)
[2023-11-12T17:46:28.520+0100][gc            ] GC(264) Pause Young (Normal) (G1 Evacuation Pause) 849M->243M(1024M) 6,611ms
[2023-11-12T17:46:28.520+0100][gc,cpu        ] GC(264) User=0,04s Sys=0,01s Real=0,00s
[2023-11-12T17:46:29.840+0100][gc,start      ] GC(265) Pause Young (Normal) (G1 Evacuation Pause)
[2023-11-12T17:46:29.840+0100][gc,task       ] GC(265) Using 13 workers of 13 for evacuation
[2023-11-12T17:46:29.845+0100][gc,phases     ] GC(265)   Pre Evacuate Collection Set: 0,0ms
[2023-11-12T17:46:29.845+0100][gc,phases     ] GC(265)   Evacuate Collection Set: 5,0ms
[2023-11-12T17:46:29.845+0100][gc,phases     ] GC(265)   Post Evacuate Collection Set: 0,6ms
[2023-11-12T17:46:29.845+0100][gc,phases     ] GC(265)   Other: 0,2ms
[2023-11-12T17:46:29.845+0100][gc,heap       ] GC(265) Eden regions: 607->0(604)
[2023-11-12T17:46:29.845+0100][gc,heap       ] GC(265) Survivor regions: 7->10(77)
[2023-11-12T17:46:29.846+0100][gc,heap       ] GC(265) Old regions: 109->109
[2023-11-12T17:46:29.846+0100][gc,heap       ] GC(265) Humongous regions: 129->129
[2023-11-12T17:46:29.846+0100][gc,metaspace  ] GC(265) Metaspace: 46453K(49664K)->46453K(49664K) NonClass: 40716K(42496K)->40716K(42496K) Class: 5737K(7168K)->5737K(7168K)
[2023-11-12T17:46:29.846+0100][gc            ] GC(265) Pause Young (Normal) (G1 Evacuation Pause) 850M->245M(1024M) 5,868ms
[2023-11-12T17:46:29.846+0100][gc,cpu        ] GC(265) User=0,06s Sys=0,00s Real=0,01s
[2023-11-12T17:46:31.214+0100][gc,start      ] GC(266) Pause Young (Normal) (G1 Evacuation Pause)
[2023-11-12T17:46:31.214+0100][gc,task       ] GC(266) Using 13 workers of 13 for evacuation
[2023-11-12T17:46:31.220+0100][gc,phases     ] GC(266)   Pre Evacuate Collection Set: 0,0ms
[2023-11-12T17:46:31.220+0100][gc,phases     ] GC(266)   Evacuate Collection Set: 5,1ms
[2023-11-12T17:46:31.220+0100][gc,phases     ] GC(266)   Post Evacuate Collection Set: 0,7ms
[2023-11-12T17:46:31.220+0100][gc,phases     ] GC(266)   Other: 0,2ms
[2023-11-12T17:46:31.220+0100][gc,heap       ] GC(266) Eden regions: 604->0(603)
[2023-11-12T17:46:31.220+0100][gc,heap       ] GC(266) Survivor regions: 10->11(77)
[2023-11-12T17:46:31.220+0100][gc,heap       ] GC(266) Old regions: 109->109
[2023-11-12T17:46:31.220+0100][gc,heap       ] GC(266) Humongous regions: 129->129
[2023-11-12T17:46:31.220+0100][gc,metaspace  ] GC(266) Metaspace: 46453K(49664K)->46453K(49664K) NonClass: 40716K(42496K)->40716K(42496K) Class: 5737K(7168K)->5737K(7168K)
[2023-11-12T17:46:31.220+0100][gc            ] GC(266) Pause Young (Normal) (G1 Evacuation Pause) 849M->247M(1024M) 6,190ms
[2023-11-12T17:46:31.220+0100][gc,cpu        ] GC(266) User=0,05s Sys=0,02s Real=0,00s
[2023-11-12T17:46:32.669+0100][gc,start      ] GC(267) Pause Young (Normal) (G1 Evacuation Pause)
[2023-11-12T17:46:32.669+0100][gc,task       ] GC(267) Using 13 workers of 13 for evacuation
[2023-11-12T17:46:32.676+0100][gc,phases     ] GC(267)   Pre Evacuate Collection Set: 0,0ms
[2023-11-12T17:46:32.676+0100][gc,phases     ] GC(267)   Evacuate Collection Set: 5,7ms
[2023-11-12T17:46:32.676+0100][gc,phases     ] GC(267)   Post Evacuate Collection Set: 0,5ms
[2023-11-12T17:46:32.676+0100][gc,phases     ] GC(267)   Other: 0,2ms
[2023-11-12T17:46:32.676+0100][gc,heap       ] GC(267) Eden regions: 603->0(601)
[2023-11-12T17:46:32.676+0100][gc,heap       ] GC(267) Survivor regions: 11->13(77)
[2023-11-12T17:46:32.676+0100][gc,heap       ] GC(267) Old regions: 109->110
[2023-11-12T17:46:32.676+0100][gc,heap       ] GC(267) Humongous regions: 129->129
[2023-11-12T17:46:32.676+0100][gc,metaspace  ] GC(267) Metaspace: 46453K(49664K)->46453K(49664K) NonClass: 40716K(42496K)->40716K(42496K) Class: 5737K(7168K)->5737K(7168K)
[2023-11-12T17:46:32.676+0100][gc            ] GC(267) Pause Young (Normal) (G1 Evacuation Pause) 850M->249M(1024M) 6,532ms
[2023-11-12T17:46:32.676+0100][gc,cpu        ] GC(267) User=0,06s Sys=0,01s Real=0,01s
[2023-11-12T17:46:34.116+0100][gc,start      ] GC(268) Pause Young (Normal) (G1 Evacuation Pause)
[2023-11-12T17:46:34.116+0100][gc,task       ] GC(268) Using 13 workers of 13 for evacuation
[2023-11-12T17:46:34.123+0100][gc,phases     ] GC(268)   Pre Evacuate Collection Set: 0,0ms
[2023-11-12T17:46:34.123+0100][gc,phases     ] GC(268)   Evacuate Collection Set: 6,4ms
[2023-11-12T17:46:34.123+0100][gc,phases     ] GC(268)   Post Evacuate Collection Set: 0,5ms
[2023-11-12T17:46:34.123+0100][gc,phases     ] GC(268)   Other: 0,2ms
[2023-11-12T17:46:34.123+0100][gc,heap       ] GC(268) Eden regions: 601->0(599)
[2023-11-12T17:46:34.123+0100][gc,heap       ] GC(268) Survivor regions: 13->15(77)
[2023-11-12T17:46:34.123+0100][gc,heap       ] GC(268) Old regions: 110->110
[2023-11-12T17:46:34.123+0100][gc,heap       ] GC(268) Humongous regions: 129->129
[2023-11-12T17:46:34.123+0100][gc,metaspace  ] GC(268) Metaspace: 46453K(49664K)->46453K(49664K) NonClass: 40716K(42496K)->40716K(42496K) Class: 5737K(7168K)->5737K(7168K)
[2023-11-12T17:46:34.123+0100][gc            ] GC(268) Pause Young (Normal) (G1 Evacuation Pause) 850M->251M(1024M) 7,282ms
[2023-11-12T17:46:34.123+0100][gc,cpu        ] GC(268) User=0,06s Sys=0,02s Real=0,01s
[2023-11-12T17:46:35.572+0100][gc,start      ] GC(269) Pause Young (Normal) (G1 Evacuation Pause)
[2023-11-12T17:46:35.572+0100][gc,task       ] GC(269) Using 13 workers of 13 for evacuation
[2023-11-12T17:46:35.579+0100][gc,phases     ] GC(269)   Pre Evacuate Collection Set: 0,0ms
[2023-11-12T17:46:35.579+0100][gc,phases     ] GC(269)   Evacuate Collection Set: 6,8ms
[2023-11-12T17:46:35.579+0100][gc,phases     ] GC(269)   Post Evacuate Collection Set: 0,6ms
[2023-11-12T17:46:35.579+0100][gc,phases     ] GC(269)   Other: 0,2ms
[2023-11-12T17:46:35.579+0100][gc,heap       ] GC(269) Eden regions: 599->0(597)
[2023-11-12T17:46:35.579+0100][gc,heap       ] GC(269) Survivor regions: 15->17(77)
[2023-11-12T17:46:35.579+0100][gc,heap       ] GC(269) Old regions: 110->110
[2023-11-12T17:46:35.579+0100][gc,heap       ] GC(269) Humongous regions: 129->129
[2023-11-12T17:46:35.579+0100][gc,metaspace  ] GC(269) Metaspace: 46453K(49664K)->46453K(49664K) NonClass: 40716K(42496K)->40716K(42496K) Class: 5737K(7168K)->5737K(7168K)
[2023-11-12T17:46:35.579+0100][gc            ] GC(269) Pause Young (Normal) (G1 Evacuation Pause) 850M->253M(1024M) 7,739ms
[2023-11-12T17:46:35.579+0100][gc,cpu        ] GC(269) User=0,08s Sys=0,00s Real=0,01s
[2023-11-12T17:46:37.091+0100][gc,start      ] GC(270) Pause Young (Normal) (G1 Evacuation Pause)
[2023-11-12T17:46:37.091+0100][gc,task       ] GC(270) Using 13 workers of 13 for evacuation
[2023-11-12T17:46:37.100+0100][gc,phases     ] GC(270)   Pre Evacuate Collection Set: 0,0ms
[2023-11-12T17:46:37.100+0100][gc,phases     ] GC(270)   Evacuate Collection Set: 8,5ms
[2023-11-12T17:46:37.100+0100][gc,phases     ] GC(270)   Post Evacuate Collection Set: 0,5ms
[2023-11-12T17:46:37.100+0100][gc,phases     ] GC(270)   Other: 0,2ms
[2023-11-12T17:46:37.100+0100][gc,heap       ] GC(270) Eden regions: 597->0(594)
[2023-11-12T17:46:37.100+0100][gc,heap       ] GC(270) Survivor regions: 17->20(77)
[2023-11-12T17:46:37.100+0100][gc,heap       ] GC(270) Old regions: 110->110
[2023-11-12T17:46:37.100+0100][gc,heap       ] GC(270) Humongous regions: 129->129
[2023-11-12T17:46:37.100+0100][gc,metaspace  ] GC(270) Metaspace: 46453K(49664K)->46453K(49664K) NonClass: 40716K(42496K)->40716K(42496K) Class: 5737K(7168K)->5737K(7168K)
[2023-11-12T17:46:37.100+0100][gc            ] GC(270) Pause Young (Normal) (G1 Evacuation Pause) 850M->256M(1024M) 9,359ms
[2023-11-12T17:46:37.100+0100][gc,cpu        ] GC(270) User=0,05s Sys=0,05s Real=0,01s
[2023-11-12T17:46:38.611+0100][gc,start      ] GC(271) Pause Young (Normal) (G1 Evacuation Pause)
[2023-11-12T17:46:38.611+0100][gc,task       ] GC(271) Using 13 workers of 13 for evacuation
[2023-11-12T17:46:38.619+0100][gc,phases     ] GC(271)   Pre Evacuate Collection Set: 0,0ms
[2023-11-12T17:46:38.619+0100][gc,phases     ] GC(271)   Evacuate Collection Set: 7,8ms
[2023-11-12T17:46:38.619+0100][gc,phases     ] GC(271)   Post Evacuate Collection Set: 0,7ms
[2023-11-12T17:46:38.619+0100][gc,phases     ] GC(271)   Other: 0,2ms
[2023-11-12T17:46:38.619+0100][gc,heap       ] GC(271) Eden regions: 594->0(592)
[2023-11-12T17:46:38.620+0100][gc,heap       ] GC(271) Survivor regions: 20->22(77)
[2023-11-12T17:46:38.620+0100][gc,heap       ] GC(271) Old regions: 110->110
[2023-11-12T17:46:38.620+0100][gc,heap       ] GC(271) Humongous regions: 129->129
[2023-11-12T17:46:38.620+0100][gc,metaspace  ] GC(271) Metaspace: 46453K(49664K)->46453K(49664K) NonClass: 40716K(42496K)->40716K(42496K) Class: 5737K(7168K)->5737K(7168K)
[2023-11-12T17:46:38.620+0100][gc            ] GC(271) Pause Young (Normal) (G1 Evacuation Pause) 850M->259M(1024M) 8,919ms
[2023-11-12T17:46:38.620+0100][gc,cpu        ] GC(271) User=0,10s Sys=0,00s Real=0,01s
[2023-11-12T17:46:40.174+0100][gc,start      ] GC(272) Pause Young (Normal) (G1 Evacuation Pause)
[2023-11-12T17:46:40.174+0100][gc,task       ] GC(272) Using 13 workers of 13 for evacuation
[2023-11-12T17:46:40.183+0100][gc,phases     ] GC(272)   Pre Evacuate Collection Set: 0,0ms
[2023-11-12T17:46:40.183+0100][gc,phases     ] GC(272)   Evacuate Collection Set: 8,5ms
[2023-11-12T17:46:40.183+0100][gc,phases     ] GC(272)   Post Evacuate Collection Set: 0,5ms
[2023-11-12T17:46:40.183+0100][gc,phases     ] GC(272)   Other: 0,2ms
[2023-11-12T17:46:40.183+0100][gc,heap       ] GC(272) Eden regions: 592->0(590)
[2023-11-12T17:46:40.183+0100][gc,heap       ] GC(272) Survivor regions: 22->24(77)
[2023-11-12T17:46:40.183+0100][gc,heap       ] GC(272) Old regions: 110->110
[2023-11-12T17:46:40.183+0100][gc,heap       ] GC(272) Humongous regions: 129->129
[2023-11-12T17:46:40.183+0100][gc,metaspace  ] GC(272) Metaspace: 46453K(49664K)->46453K(49664K) NonClass: 40716K(42496K)->40716K(42496K) Class: 5737K(7168K)->5737K(7168K)
[2023-11-12T17:46:40.183+0100][gc            ] GC(272) Pause Young (Normal) (G1 Evacuation Pause) 851M->261M(1024M) 9,434ms
[2023-11-12T17:46:40.183+0100][gc,cpu        ] GC(272) User=0,11s Sys=0,00s Real=0,01s
[2023-11-12T17:46:41.651+0100][gc,start      ] GC(273) Pause Young (Normal) (G1 Evacuation Pause)
[2023-11-12T17:46:41.651+0100][gc,task       ] GC(273) Using 13 workers of 13 for evacuation
[2023-11-12T17:46:41.660+0100][gc,phases     ] GC(273)   Pre Evacuate Collection Set: 0,0ms
[2023-11-12T17:46:41.660+0100][gc,phases     ] GC(273)   Evacuate Collection Set: 8,8ms
[2023-11-12T17:46:41.660+0100][gc,phases     ] GC(273)   Post Evacuate Collection Set: 0,5ms
[2023-11-12T17:46:41.660+0100][gc,phases     ] GC(273)   Other: 0,2ms
[2023-11-12T17:46:41.660+0100][gc,heap       ] GC(273) Eden regions: 590->0(586)
[2023-11-12T17:46:41.660+0100][gc,heap       ] GC(273) Survivor regions: 24->28(77)
[2023-11-12T17:46:41.661+0100][gc,heap       ] GC(273) Old regions: 110->110
[2023-11-12T17:46:41.661+0100][gc,heap       ] GC(273) Humongous regions: 129->129
[2023-11-12T17:46:41.661+0100][gc,metaspace  ] GC(273) Metaspace: 46453K(49664K)->46453K(49664K) NonClass: 40716K(42496K)->40716K(42496K) Class: 5737K(7168K)->5737K(7168K)
[2023-11-12T17:46:41.661+0100][gc            ] GC(273) Pause Young (Normal) (G1 Evacuation Pause) 851M->265M(1024M) 9,706ms
[2023-11-12T17:46:41.661+0100][gc,cpu        ] GC(273) User=0,10s Sys=0,01s Real=0,01s
[2023-11-12T17:46:42.932+0100][gc,start      ] GC(274) Pause Young (Normal) (G1 Evacuation Pause)
[2023-11-12T17:46:42.932+0100][gc,task       ] GC(274) Using 13 workers of 13 for evacuation
[2023-11-12T17:46:42.937+0100][gc,phases     ] GC(274)   Pre Evacuate Collection Set: 0,0ms
[2023-11-12T17:46:42.937+0100][gc,phases     ] GC(274)   Evacuate Collection Set: 3,8ms
[2023-11-12T17:46:42.937+0100][gc,phases     ] GC(274)   Post Evacuate Collection Set: 0,6ms
[2023-11-12T17:46:42.937+0100][gc,phases     ] GC(274)   Other: 0,2ms
[2023-11-12T17:46:42.937+0100][gc,heap       ] GC(274) Eden regions: 586->0(607)
[2023-11-12T17:46:42.937+0100][gc,heap       ] GC(274) Survivor regions: 28->7(77)
[2023-11-12T17:46:42.937+0100][gc,heap       ] GC(274) Old regions: 110->111
[2023-11-12T17:46:42.937+0100][gc,heap       ] GC(274) Humongous regions: 129->129
[2023-11-12T17:46:42.937+0100][gc,metaspace  ] GC(274) Metaspace: 46453K(49664K)->46453K(49664K) NonClass: 40716K(42496K)->40716K(42496K) Class: 5737K(7168K)->5737K(7168K)
[2023-11-12T17:46:42.937+0100][gc            ] GC(274) Pause Young (Normal) (G1 Evacuation Pause) 851M->244M(1024M) 4,697ms
[2023-11-12T17:46:42.937+0100][gc,cpu        ] GC(274) User=0,05s Sys=0,00s Real=0,01s
[2023-11-12T17:46:44.239+0100][gc,start      ] GC(275) Pause Young (Normal) (G1 Evacuation Pause)
[2023-11-12T17:46:44.239+0100][gc,task       ] GC(275) Using 13 workers of 13 for evacuation
[2023-11-12T17:46:44.244+0100][gc,phases     ] GC(275)   Pre Evacuate Collection Set: 0,0ms
[2023-11-12T17:46:44.244+0100][gc,phases     ] GC(275)   Evacuate Collection Set: 4,1ms
[2023-11-12T17:46:44.244+0100][gc,phases     ] GC(275)   Post Evacuate Collection Set: 0,5ms
[2023-11-12T17:46:44.244+0100][gc,phases     ] GC(275)   Other: 0,2ms
[2023-11-12T17:46:44.244+0100][gc,heap       ] GC(275) Eden regions: 607->0(606)
[2023-11-12T17:46:44.244+0100][gc,heap       ] GC(275) Survivor regions: 7->8(77)
[2023-11-12T17:46:44.244+0100][gc,heap       ] GC(275) Old regions: 111->111
[2023-11-12T17:46:44.244+0100][gc,heap       ] GC(275) Humongous regions: 129->129
[2023-11-12T17:46:44.244+0100][gc,metaspace  ] GC(275) Metaspace: 46453K(49664K)->46453K(49664K) NonClass: 40716K(42496K)->40716K(42496K) Class: 5737K(7168K)->5737K(7168K)
[2023-11-12T17:46:44.244+0100][gc            ] GC(275) Pause Young (Normal) (G1 Evacuation Pause) 851M->245M(1024M) 4,953ms
[2023-11-12T17:46:44.244+0100][gc,cpu        ] GC(275) User=0,05s Sys=0,00s Real=0,01s
[2023-11-12T17:46:45.533+0100][gc,start      ] GC(276) Pause Young (Normal) (G1 Evacuation Pause)
[2023-11-12T17:46:45.533+0100][gc,task       ] GC(276) Using 13 workers of 13 for evacuation
[2023-11-12T17:46:45.539+0100][gc,phases     ] GC(276)   Pre Evacuate Collection Set: 0,0ms
[2023-11-12T17:46:45.539+0100][gc,phases     ] GC(276)   Evacuate Collection Set: 5,2ms
[2023-11-12T17:46:45.539+0100][gc,phases     ] GC(276)   Post Evacuate Collection Set: 0,6ms
[2023-11-12T17:46:45.539+0100][gc,phases     ] GC(276)   Other: 0,2ms
[2023-11-12T17:46:45.539+0100][gc,heap       ] GC(276) Eden regions: 606->0(602)
[2023-11-12T17:46:45.539+0100][gc,heap       ] GC(276) Survivor regions: 8->12(77)
[2023-11-12T17:46:45.539+0100][gc,heap       ] GC(276) Old regions: 111->111
[2023-11-12T17:46:45.539+0100][gc,heap       ] GC(276) Humongous regions: 129->129
[2023-11-12T17:46:45.539+0100][gc,metaspace  ] GC(276) Metaspace: 46453K(49664K)->46453K(49664K) NonClass: 40716K(42496K)->40716K(42496K) Class: 5737K(7168K)->5737K(7168K)
[2023-11-12T17:46:45.539+0100][gc            ] GC(276) Pause Young (Normal) (G1 Evacuation Pause) 851M->249M(1024M) 6,152ms
[2023-11-12T17:46:45.539+0100][gc,cpu        ] GC(276) User=0,07s Sys=0,00s Real=0,01s
[2023-11-12T17:46:46.784+0100][gc,start      ] GC(277) Pause Young (Normal) (G1 Evacuation Pause)
[2023-11-12T17:46:46.784+0100][gc,task       ] GC(277) Using 13 workers of 13 for evacuation
[2023-11-12T17:46:46.790+0100][gc,phases     ] GC(277)   Pre Evacuate Collection Set: 0,0ms
[2023-11-12T17:46:46.790+0100][gc,phases     ] GC(277)   Evacuate Collection Set: 5,7ms
[2023-11-12T17:46:46.790+0100][gc,phases     ] GC(277)   Post Evacuate Collection Set: 0,5ms
[2023-11-12T17:46:46.790+0100][gc,phases     ] GC(277)   Other: 0,2ms
[2023-11-12T17:46:46.790+0100][gc,heap       ] GC(277) Eden regions: 602->0(600)
[2023-11-12T17:46:46.790+0100][gc,heap       ] GC(277) Survivor regions: 12->14(77)
[2023-11-12T17:46:46.790+0100][gc,heap       ] GC(277) Old regions: 111->111
[2023-11-12T17:46:46.790+0100][gc,heap       ] GC(277) Humongous regions: 129->129
[2023-11-12T17:46:46.791+0100][gc,metaspace  ] GC(277) Metaspace: 46453K(49664K)->46453K(49664K) NonClass: 40716K(42496K)->40716K(42496K) Class: 5737K(7168K)->5737K(7168K)
[2023-11-12T17:46:46.791+0100][gc            ] GC(277) Pause Young (Normal) (G1 Evacuation Pause) 851M->252M(1024M) 6,583ms
[2023-11-12T17:46:46.791+0100][gc,cpu        ] GC(277) User=0,05s Sys=0,02s Real=0,00s
[2023-11-12T17:46:48.025+0100][gc,start      ] GC(278) Pause Young (Normal) (G1 Evacuation Pause)
[2023-11-12T17:46:48.025+0100][gc,task       ] GC(278) Using 13 workers of 13 for evacuation
[2023-11-12T17:46:48.033+0100][gc,phases     ] GC(278)   Pre Evacuate Collection Set: 0,0ms
[2023-11-12T17:46:48.033+0100][gc,phases     ] GC(278)   Evacuate Collection Set: 7,7ms
[2023-11-12T17:46:48.033+0100][gc,phases     ] GC(278)   Post Evacuate Collection Set: 0,6ms
[2023-11-12T17:46:48.033+0100][gc,phases     ] GC(278)   Other: 0,3ms
[2023-11-12T17:46:48.033+0100][gc,heap       ] GC(278) Eden regions: 600->0(596)
[2023-11-12T17:46:48.033+0100][gc,heap       ] GC(278) Survivor regions: 14->18(77)
[2023-11-12T17:46:48.033+0100][gc,heap       ] GC(278) Old regions: 111->111
[2023-11-12T17:46:48.033+0100][gc,heap       ] GC(278) Humongous regions: 129->129
[2023-11-12T17:46:48.033+0100][gc,metaspace  ] GC(278) Metaspace: 46455K(49664K)->46455K(49664K) NonClass: 40718K(42496K)->40718K(42496K) Class: 5737K(7168K)->5737K(7168K)
[2023-11-12T17:46:48.033+0100][gc            ] GC(278) Pause Young (Normal) (G1 Evacuation Pause) 852M->255M(1024M) 8,693ms
[2023-11-12T17:46:48.033+0100][gc,cpu        ] GC(278) User=0,10s Sys=0,00s Real=0,01s
[2023-11-12T17:46:49.229+0100][gc,start      ] GC(279) Pause Young (Normal) (G1 Evacuation Pause)
[2023-11-12T17:46:49.229+0100][gc,task       ] GC(279) Using 13 workers of 13 for evacuation
[2023-11-12T17:46:49.237+0100][gc,phases     ] GC(279)   Pre Evacuate Collection Set: 0,0ms
[2023-11-12T17:46:49.237+0100][gc,phases     ] GC(279)   Evacuate Collection Set: 7,6ms
[2023-11-12T17:46:49.237+0100][gc,phases     ] GC(279)   Post Evacuate Collection Set: 0,6ms
[2023-11-12T17:46:49.237+0100][gc,phases     ] GC(279)   Other: 0,2ms
[2023-11-12T17:46:49.237+0100][gc,heap       ] GC(279) Eden regions: 596->0(591)
[2023-11-12T17:46:49.237+0100][gc,heap       ] GC(279) Survivor regions: 18->23(77)
[2023-11-12T17:46:49.238+0100][gc,heap       ] GC(279) Old regions: 111->111
[2023-11-12T17:46:49.238+0100][gc,heap       ] GC(279) Humongous regions: 129->129
[2023-11-12T17:46:49.238+0100][gc,metaspace  ] GC(279) Metaspace: 46455K(49664K)->46455K(49664K) NonClass: 40718K(42496K)->40718K(42496K) Class: 5737K(7168K)->5737K(7168K)
[2023-11-12T17:46:49.238+0100][gc            ] GC(279) Pause Young (Normal) (G1 Evacuation Pause) 851M->261M(1024M) 8,700ms
[2023-11-12T17:46:49.238+0100][gc,cpu        ] GC(279) User=0,10s Sys=0,00s Real=0,01s
[2023-11-12T17:46:50.550+0100][gc,start      ] GC(280) Pause Young (Normal) (G1 Evacuation Pause)
[2023-11-12T17:46:50.550+0100][gc,task       ] GC(280) Using 13 workers of 13 for evacuation
[2023-11-12T17:46:50.560+0100][gc,phases     ] GC(280)   Pre Evacuate Collection Set: 0,0ms
[2023-11-12T17:46:50.560+0100][gc,phases     ] GC(280)   Evacuate Collection Set: 9,1ms
[2023-11-12T17:46:50.560+0100][gc,phases     ] GC(280)   Post Evacuate Collection Set: 0,5ms
[2023-11-12T17:46:50.560+0100][gc,phases     ] GC(280)   Other: 0,3ms
[2023-11-12T17:46:50.560+0100][gc,heap       ] GC(280) Eden regions: 591->0(588)
[2023-11-12T17:46:50.560+0100][gc,heap       ] GC(280) Survivor regions: 23->26(77)
[2023-11-12T17:46:50.560+0100][gc,heap       ] GC(280) Old regions: 111->111
[2023-11-12T17:46:50.560+0100][gc,heap       ] GC(280) Humongous regions: 129->129
[2023-11-12T17:46:50.560+0100][gc,metaspace  ] GC(280) Metaspace: 46463K(49664K)->46463K(49664K) NonClass: 40726K(42496K)->40726K(42496K) Class: 5737K(7168K)->5737K(7168K)
[2023-11-12T17:46:50.560+0100][gc            ] GC(280) Pause Young (Normal) (G1 Evacuation Pause) 852M->263M(1024M) 9,981ms
[2023-11-12T17:46:50.560+0100][gc,cpu        ] GC(280) User=0,11s Sys=0,01s Real=0,01s
[2023-11-12T17:46:51.847+0100][gc,start      ] GC(281) Pause Young (Normal) (G1 Evacuation Pause)
[2023-11-12T17:46:51.847+0100][gc,task       ] GC(281) Using 13 workers of 13 for evacuation
[2023-11-12T17:46:51.859+0100][gc,phases     ] GC(281)   Pre Evacuate Collection Set: 0,0ms
[2023-11-12T17:46:51.859+0100][gc,phases     ] GC(281)   Evacuate Collection Set: 10,4ms
[2023-11-12T17:46:51.859+0100][gc,phases     ] GC(281)   Post Evacuate Collection Set: 0,6ms
[2023-11-12T17:46:51.859+0100][gc,phases     ] GC(281)   Other: 0,2ms
[2023-11-12T17:46:51.859+0100][gc,heap       ] GC(281) Eden regions: 588->0(584)
[2023-11-12T17:46:51.859+0100][gc,heap       ] GC(281) Survivor regions: 26->30(77)
[2023-11-12T17:46:51.859+0100][gc,heap       ] GC(281) Old regions: 111->111
[2023-11-12T17:46:51.859+0100][gc,heap       ] GC(281) Humongous regions: 129->129
[2023-11-12T17:46:51.859+0100][gc,metaspace  ] GC(281) Metaspace: 46463K(49664K)->46463K(49664K) NonClass: 40726K(42496K)->40726K(42496K) Class: 5737K(7168K)->5737K(7168K)
[2023-11-12T17:46:51.859+0100][gc            ] GC(281) Pause Young (Normal) (G1 Evacuation Pause) 851M->268M(1024M) 11,385ms
[2023-11-12T17:46:51.859+0100][gc,cpu        ] GC(281) User=0,13s Sys=0,00s Real=0,01s
[2023-11-12T17:46:53.148+0100][gc,start      ] GC(282) Pause Young (Normal) (G1 Evacuation Pause)
[2023-11-12T17:46:53.148+0100][gc,task       ] GC(282) Using 13 workers of 13 for evacuation
[2023-11-12T17:46:53.158+0100][gc,phases     ] GC(282)   Pre Evacuate Collection Set: 0,0ms
[2023-11-12T17:46:53.158+0100][gc,phases     ] GC(282)   Evacuate Collection Set: 9,6ms
[2023-11-12T17:46:53.159+0100][gc,phases     ] GC(282)   Post Evacuate Collection Set: 0,6ms
[2023-11-12T17:46:53.159+0100][gc,phases     ] GC(282)   Other: 0,2ms
[2023-11-12T17:46:53.159+0100][gc,heap       ] GC(282) Eden regions: 584->0(581)
[2023-11-12T17:46:53.159+0100][gc,heap       ] GC(282) Survivor regions: 30->33(77)
[2023-11-12T17:46:53.159+0100][gc,heap       ] GC(282) Old regions: 111->112
[2023-11-12T17:46:53.159+0100][gc,heap       ] GC(282) Humongous regions: 129->129
[2023-11-12T17:46:53.159+0100][gc,metaspace  ] GC(282) Metaspace: 46463K(49664K)->46463K(49664K) NonClass: 40726K(42496K)->40726K(42496K) Class: 5737K(7168K)->5737K(7168K)
[2023-11-12T17:46:53.159+0100][gc            ] GC(282) Pause Young (Normal) (G1 Evacuation Pause) 852M->271M(1024M) 10,501ms
[2023-11-12T17:46:53.159+0100][gc,cpu        ] GC(282) User=0,10s Sys=0,02s Real=0,01s
[2023-11-12T17:46:54.337+0100][gc,start      ] GC(283) Pause Young (Normal) (G1 Evacuation Pause)
[2023-11-12T17:46:54.337+0100][gc,task       ] GC(283) Using 13 workers of 13 for evacuation
[2023-11-12T17:46:54.342+0100][gc,phases     ] GC(283)   Pre Evacuate Collection Set: 0,0ms
[2023-11-12T17:46:54.342+0100][gc,phases     ] GC(283)   Evacuate Collection Set: 3,9ms
[2023-11-12T17:46:54.342+0100][gc,phases     ] GC(283)   Post Evacuate Collection Set: 0,7ms
[2023-11-12T17:46:54.342+0100][gc,phases     ] GC(283)   Other: 0,3ms
[2023-11-12T17:46:54.342+0100][gc,heap       ] GC(283) Eden regions: 581->0(608)
[2023-11-12T17:46:54.342+0100][gc,heap       ] GC(283) Survivor regions: 33->6(77)
[2023-11-12T17:46:54.342+0100][gc,heap       ] GC(283) Old regions: 112->112
[2023-11-12T17:46:54.342+0100][gc,heap       ] GC(283) Humongous regions: 129->129
[2023-11-12T17:46:54.342+0100][gc,metaspace  ] GC(283) Metaspace: 46463K(49664K)->46463K(49664K) NonClass: 40726K(42496K)->40726K(42496K) Class: 5737K(7168K)->5737K(7168K)
[2023-11-12T17:46:54.342+0100][gc            ] GC(283) Pause Young (Normal) (G1 Evacuation Pause) 852M->244M(1024M) 4,999ms
[2023-11-12T17:46:54.342+0100][gc,cpu        ] GC(283) User=0,04s Sys=0,01s Real=0,01s
[2023-11-12T17:46:55.841+0100][gc,start      ] GC(284) Pause Young (Normal) (G1 Evacuation Pause)
[2023-11-12T17:46:55.841+0100][gc,task       ] GC(284) Using 13 workers of 13 for evacuation
[2023-11-12T17:46:55.847+0100][gc,phases     ] GC(284)   Pre Evacuate Collection Set: 0,0ms
[2023-11-12T17:46:55.847+0100][gc,phases     ] GC(284)   Evacuate Collection Set: 5,2ms
[2023-11-12T17:46:55.847+0100][gc,phases     ] GC(284)   Post Evacuate Collection Set: 0,6ms
[2023-11-12T17:46:55.847+0100][gc,phases     ] GC(284)   Other: 0,2ms
[2023-11-12T17:46:55.847+0100][gc,heap       ] GC(284) Eden regions: 608->0(608)
[2023-11-12T17:46:55.847+0100][gc,heap       ] GC(284) Survivor regions: 6->6(77)
[2023-11-12T17:46:55.847+0100][gc,heap       ] GC(284) Old regions: 112->112
[2023-11-12T17:46:55.847+0100][gc,heap       ] GC(284) Humongous regions: 129->129
[2023-11-12T17:46:55.847+0100][gc,metaspace  ] GC(284) Metaspace: 46463K(49664K)->46463K(49664K) NonClass: 40726K(42496K)->40726K(42496K) Class: 5737K(7168K)->5737K(7168K)
[2023-11-12T17:46:55.847+0100][gc            ] GC(284) Pause Young (Normal) (G1 Evacuation Pause) 852M->244M(1024M) 6,152ms
[2023-11-12T17:46:55.847+0100][gc,cpu        ] GC(284) User=0,04s Sys=0,01s Real=0,01s
[2023-11-12T17:46:57.394+0100][gc,start      ] GC(285) Pause Young (Normal) (G1 Evacuation Pause)
[2023-11-12T17:46:57.394+0100][gc,task       ] GC(285) Using 13 workers of 13 for evacuation
[2023-11-12T17:46:57.400+0100][gc,phases     ] GC(285)   Pre Evacuate Collection Set: 0,0ms
[2023-11-12T17:46:57.400+0100][gc,phases     ] GC(285)   Evacuate Collection Set: 5,3ms
[2023-11-12T17:46:57.400+0100][gc,phases     ] GC(285)   Post Evacuate Collection Set: 0,6ms
[2023-11-12T17:46:57.400+0100][gc,phases     ] GC(285)   Other: 0,2ms
[2023-11-12T17:46:57.400+0100][gc,heap       ] GC(285) Eden regions: 608->0(606)
[2023-11-12T17:46:57.400+0100][gc,heap       ] GC(285) Survivor regions: 6->8(77)
[2023-11-12T17:46:57.400+0100][gc,heap       ] GC(285) Old regions: 112->112
[2023-11-12T17:46:57.400+0100][gc,heap       ] GC(285) Humongous regions: 129->129
[2023-11-12T17:46:57.400+0100][gc,metaspace  ] GC(285) Metaspace: 46463K(49664K)->46463K(49664K) NonClass: 40726K(42496K)->40726K(42496K) Class: 5737K(7168K)->5737K(7168K)
[2023-11-12T17:46:57.400+0100][gc            ] GC(285) Pause Young (Normal) (G1 Evacuation Pause) 852M->246M(1024M) 6,216ms
[2023-11-12T17:46:57.400+0100][gc,cpu        ] GC(285) User=0,05s Sys=0,02s Real=0,00s
[2023-11-12T17:46:58.977+0100][gc,start      ] GC(286) Pause Young (Normal) (G1 Evacuation Pause)
[2023-11-12T17:46:58.977+0100][gc,task       ] GC(286) Using 13 workers of 13 for evacuation
[2023-11-12T17:46:58.983+0100][gc,phases     ] GC(286)   Pre Evacuate Collection Set: 0,0ms
[2023-11-12T17:46:58.983+0100][gc,phases     ] GC(286)   Evacuate Collection Set: 4,6ms
[2023-11-12T17:46:58.983+0100][gc,phases     ] GC(286)   Post Evacuate Collection Set: 0,5ms
[2023-11-12T17:46:58.983+0100][gc,phases     ] GC(286)   Other: 0,2ms
[2023-11-12T17:46:58.983+0100][gc,heap       ] GC(286) Eden regions: 606->0(604)
[2023-11-12T17:46:58.983+0100][gc,heap       ] GC(286) Survivor regions: 8->10(77)
[2023-11-12T17:46:58.983+0100][gc,heap       ] GC(286) Old regions: 112->112
[2023-11-12T17:46:58.983+0100][gc,heap       ] GC(286) Humongous regions: 129->129
[2023-11-12T17:46:58.983+0100][gc,metaspace  ] GC(286) Metaspace: 46463K(49664K)->46463K(49664K) NonClass: 40726K(42496K)->40726K(42496K) Class: 5737K(7168K)->5737K(7168K)
[2023-11-12T17:46:58.983+0100][gc            ] GC(286) Pause Young (Normal) (G1 Evacuation Pause) 852M->248M(1024M) 5,523ms
[2023-11-12T17:46:58.983+0100][gc,cpu        ] GC(286) User=0,02s Sys=0,03s Real=0,01s
[2023-11-12T17:47:00.582+0100][gc,start      ] GC(287) Pause Young (Normal) (G1 Evacuation Pause)
[2023-11-12T17:47:00.582+0100][gc,task       ] GC(287) Using 13 workers of 13 for evacuation
[2023-11-12T17:47:00.588+0100][gc,phases     ] GC(287)   Pre Evacuate Collection Set: 0,0ms
[2023-11-12T17:47:00.588+0100][gc,phases     ] GC(287)   Evacuate Collection Set: 5,6ms
[2023-11-12T17:47:00.588+0100][gc,phases     ] GC(287)   Post Evacuate Collection Set: 0,6ms
[2023-11-12T17:47:00.588+0100][gc,phases     ] GC(287)   Other: 0,3ms
[2023-11-12T17:47:00.588+0100][gc,heap       ] GC(287) Eden regions: 604->0(601)
[2023-11-12T17:47:00.588+0100][gc,heap       ] GC(287) Survivor regions: 10->13(77)
[2023-11-12T17:47:00.588+0100][gc,heap       ] GC(287) Old regions: 112->112
[2023-11-12T17:47:00.588+0100][gc,heap       ] GC(287) Humongous regions: 129->129
[2023-11-12T17:47:00.588+0100][gc,metaspace  ] GC(287) Metaspace: 46463K(49664K)->46463K(49664K) NonClass: 40726K(42496K)->40726K(42496K) Class: 5737K(7168K)->5737K(7168K)
[2023-11-12T17:47:00.588+0100][gc            ] GC(287) Pause Young (Normal) (G1 Evacuation Pause) 852M->251M(1024M) 6,612ms
[2023-11-12T17:47:00.589+0100][gc,cpu        ] GC(287) User=0,05s Sys=0,02s Real=0,00s
[2023-11-12T17:47:02.037+0100][gc,start      ] GC(288) Pause Young (Normal) (G1 Evacuation Pause)
[2023-11-12T17:47:02.037+0100][gc,task       ] GC(288) Using 13 workers of 13 for evacuation
[2023-11-12T17:47:02.043+0100][gc,phases     ] GC(288)   Pre Evacuate Collection Set: 0,0ms
[2023-11-12T17:47:02.043+0100][gc,phases     ] GC(288)   Evacuate Collection Set: 6,0ms
[2023-11-12T17:47:02.043+0100][gc,phases     ] GC(288)   Post Evacuate Collection Set: 0,6ms
[2023-11-12T17:47:02.043+0100][gc,phases     ] GC(288)   Other: 0,2ms
[2023-11-12T17:47:02.043+0100][gc,heap       ] GC(288) Eden regions: 601->0(599)
[2023-11-12T17:47:02.043+0100][gc,heap       ] GC(288) Survivor regions: 13->15(77)
[2023-11-12T17:47:02.043+0100][gc,heap       ] GC(288) Old regions: 112->112
[2023-11-12T17:47:02.043+0100][gc,heap       ] GC(288) Humongous regions: 129->129
[2023-11-12T17:47:02.043+0100][gc,metaspace  ] GC(288) Metaspace: 46463K(49664K)->46463K(49664K) NonClass: 40726K(42496K)->40726K(42496K) Class: 5737K(7168K)->5737K(7168K)
[2023-11-12T17:47:02.043+0100][gc            ] GC(288) Pause Young (Normal) (G1 Evacuation Pause) 852M->253M(1024M) 6,903ms
[2023-11-12T17:47:02.043+0100][gc,cpu        ] GC(288) User=0,07s Sys=0,00s Real=0,01s
[2023-11-12T17:47:03.670+0100][gc,start      ] GC(289) Pause Young (Normal) (G1 Evacuation Pause)
[2023-11-12T17:47:03.670+0100][gc,task       ] GC(289) Using 13 workers of 13 for evacuation
[2023-11-12T17:47:03.678+0100][gc,phases     ] GC(289)   Pre Evacuate Collection Set: 0,0ms
[2023-11-12T17:47:03.678+0100][gc,phases     ] GC(289)   Evacuate Collection Set: 7,0ms
[2023-11-12T17:47:03.678+0100][gc,phases     ] GC(289)   Post Evacuate Collection Set: 0,6ms
[2023-11-12T17:47:03.678+0100][gc,phases     ] GC(289)   Other: 0,2ms
[2023-11-12T17:47:03.678+0100][gc,heap       ] GC(289) Eden regions: 599->0(596)
[2023-11-12T17:47:03.678+0100][gc,heap       ] GC(289) Survivor regions: 15->18(77)
[2023-11-12T17:47:03.678+0100][gc,heap       ] GC(289) Old regions: 112->112
[2023-11-12T17:47:03.678+0100][gc,heap       ] GC(289) Humongous regions: 129->129
[2023-11-12T17:47:03.678+0100][gc,metaspace  ] GC(289) Metaspace: 46463K(49664K)->46463K(49664K) NonClass: 40726K(42496K)->40726K(42496K) Class: 5737K(7168K)->5737K(7168K)
[2023-11-12T17:47:03.678+0100][gc            ] GC(289) Pause Young (Normal) (G1 Evacuation Pause) 852M->256M(1024M) 7,886ms
[2023-11-12T17:47:03.678+0100][gc,cpu        ] GC(289) User=0,08s Sys=0,00s Real=0,01s
[2023-11-12T17:47:05.198+0100][gc,start      ] GC(290) Pause Young (Normal) (G1 Evacuation Pause)
[2023-11-12T17:47:05.198+0100][gc,task       ] GC(290) Using 13 workers of 13 for evacuation
[2023-11-12T17:47:05.206+0100][gc,phases     ] GC(290)   Pre Evacuate Collection Set: 0,0ms
[2023-11-12T17:47:05.206+0100][gc,phases     ] GC(290)   Evacuate Collection Set: 7,0ms
[2023-11-12T17:47:05.206+0100][gc,phases     ] GC(290)   Post Evacuate Collection Set: 0,5ms
[2023-11-12T17:47:05.206+0100][gc,phases     ] GC(290)   Other: 0,2ms
[2023-11-12T17:47:05.206+0100][gc,heap       ] GC(290) Eden regions: 596->0(593)
[2023-11-12T17:47:05.206+0100][gc,heap       ] GC(290) Survivor regions: 18->21(77)
[2023-11-12T17:47:05.206+0100][gc,heap       ] GC(290) Old regions: 112->112
[2023-11-12T17:47:05.206+0100][gc,heap       ] GC(290) Humongous regions: 129->129
[2023-11-12T17:47:05.206+0100][gc,metaspace  ] GC(290) Metaspace: 46464K(49664K)->46464K(49664K) NonClass: 40727K(42496K)->40727K(42496K) Class: 5737K(7168K)->5737K(7168K)
[2023-11-12T17:47:05.206+0100][gc            ] GC(290) Pause Young (Normal) (G1 Evacuation Pause) 852M->259M(1024M) 7,904ms
[2023-11-12T17:47:05.206+0100][gc,cpu        ] GC(290) User=0,05s Sys=0,04s Real=0,01s
[2023-11-12T17:47:06.680+0100][gc,start      ] GC(291) Pause Young (Normal) (G1 Evacuation Pause)
[2023-11-12T17:47:06.680+0100][gc,task       ] GC(291) Using 13 workers of 13 for evacuation
[2023-11-12T17:47:06.689+0100][gc,phases     ] GC(291)   Pre Evacuate Collection Set: 0,0ms
[2023-11-12T17:47:06.689+0100][gc,phases     ] GC(291)   Evacuate Collection Set: 7,8ms
[2023-11-12T17:47:06.689+0100][gc,phases     ] GC(291)   Post Evacuate Collection Set: 0,6ms
[2023-11-12T17:47:06.689+0100][gc,phases     ] GC(291)   Other: 0,3ms
[2023-11-12T17:47:06.689+0100][gc,heap       ] GC(291) Eden regions: 593->0(591)
[2023-11-12T17:47:06.689+0100][gc,heap       ] GC(291) Survivor regions: 21->23(77)
[2023-11-12T17:47:06.689+0100][gc,heap       ] GC(291) Old regions: 112->112
[2023-11-12T17:47:06.689+0100][gc,heap       ] GC(291) Humongous regions: 129->129
[2023-11-12T17:47:06.689+0100][gc,metaspace  ] GC(291) Metaspace: 46464K(49664K)->46464K(49664K) NonClass: 40727K(42496K)->40727K(42496K) Class: 5737K(7168K)->5737K(7168K)
[2023-11-12T17:47:06.689+0100][gc            ] GC(291) Pause Young (Normal) (G1 Evacuation Pause) 852M->262M(1024M) 8,860ms
[2023-11-12T17:47:06.689+0100][gc,cpu        ] GC(291) User=0,10s Sys=0,01s Real=0,01s
[2023-11-12T17:47:08.218+0100][gc,start      ] GC(292) Pause Young (Normal) (G1 Evacuation Pause)
[2023-11-12T17:47:08.218+0100][gc,task       ] GC(292) Using 13 workers of 13 for evacuation
[2023-11-12T17:47:08.229+0100][gc,phases     ] GC(292)   Pre Evacuate Collection Set: 0,0ms
[2023-11-12T17:47:08.229+0100][gc,phases     ] GC(292)   Evacuate Collection Set: 9,7ms
[2023-11-12T17:47:08.229+0100][gc,phases     ] GC(292)   Post Evacuate Collection Set: 0,7ms
[2023-11-12T17:47:08.229+0100][gc,phases     ] GC(292)   Other: 0,4ms
[2023-11-12T17:47:08.229+0100][gc,heap       ] GC(292) Eden regions: 591->0(589)
[2023-11-12T17:47:08.229+0100][gc,heap       ] GC(292) Survivor regions: 23->25(77)
[2023-11-12T17:47:08.229+0100][gc,heap       ] GC(292) Old regions: 112->112
[2023-11-12T17:47:08.229+0100][gc,heap       ] GC(292) Humongous regions: 129->129
[2023-11-12T17:47:08.229+0100][gc,metaspace  ] GC(292) Metaspace: 46464K(49664K)->46464K(49664K) NonClass: 40727K(42496K)->40727K(42496K) Class: 5737K(7168K)->5737K(7168K)
[2023-11-12T17:47:08.229+0100][gc            ] GC(292) Pause Young (Normal) (G1 Evacuation Pause) 853M->264M(1024M) 10,916ms
[2023-11-12T17:47:08.229+0100][gc,cpu        ] GC(292) User=0,11s Sys=0,02s Real=0,01s
[2023-11-12T17:47:09.709+0100][gc,start      ] GC(293) Pause Young (Normal) (G1 Evacuation Pause)
[2023-11-12T17:47:09.709+0100][gc,task       ] GC(293) Using 13 workers of 13 for evacuation
[2023-11-12T17:47:09.719+0100][gc,phases     ] GC(293)   Pre Evacuate Collection Set: 0,0ms
[2023-11-12T17:47:09.719+0100][gc,phases     ] GC(293)   Evacuate Collection Set: 9,1ms
[2023-11-12T17:47:09.719+0100][gc,phases     ] GC(293)   Post Evacuate Collection Set: 0,6ms
[2023-11-12T17:47:09.719+0100][gc,phases     ] GC(293)   Other: 0,3ms
[2023-11-12T17:47:09.719+0100][gc,heap       ] GC(293) Eden regions: 589->0(586)
[2023-11-12T17:47:09.719+0100][gc,heap       ] GC(293) Survivor regions: 25->28(77)
[2023-11-12T17:47:09.719+0100][gc,heap       ] GC(293) Old regions: 112->112
[2023-11-12T17:47:09.719+0100][gc,heap       ] GC(293) Humongous regions: 129->129
[2023-11-12T17:47:09.719+0100][gc,metaspace  ] GC(293) Metaspace: 46465K(49664K)->46465K(49664K) NonClass: 40728K(42496K)->40728K(42496K) Class: 5737K(7168K)->5737K(7168K)
[2023-11-12T17:47:09.719+0100][gc            ] GC(293) Pause Young (Normal) (G1 Evacuation Pause) 853M->266M(1024M) 10,114ms
[2023-11-12T17:47:09.719+0100][gc,cpu        ] GC(293) User=0,11s Sys=0,00s Real=0,01s
[2023-11-12T17:47:11.149+0100][gc,start      ] GC(294) Pause Young (Normal) (G1 Evacuation Pause)
[2023-11-12T17:47:11.149+0100][gc,task       ] GC(294) Using 13 workers of 13 for evacuation
[2023-11-12T17:47:11.158+0100][gc,phases     ] GC(294)   Pre Evacuate Collection Set: 0,0ms
[2023-11-12T17:47:11.158+0100][gc,phases     ] GC(294)   Evacuate Collection Set: 8,9ms
[2023-11-12T17:47:11.158+0100][gc,phases     ] GC(294)   Post Evacuate Collection Set: 0,6ms
[2023-11-12T17:47:11.158+0100][gc,phases     ] GC(294)   Other: 0,2ms
[2023-11-12T17:47:11.158+0100][gc,heap       ] GC(294) Eden regions: 586->0(584)
[2023-11-12T17:47:11.158+0100][gc,heap       ] GC(294) Survivor regions: 28->30(77)
[2023-11-12T17:47:11.158+0100][gc,heap       ] GC(294) Old regions: 112->112
[2023-11-12T17:47:11.158+0100][gc,heap       ] GC(294) Humongous regions: 129->129
[2023-11-12T17:47:11.158+0100][gc,metaspace  ] GC(294) Metaspace: 46465K(49664K)->46465K(49664K) NonClass: 40728K(42496K)->40728K(42496K) Class: 5737K(7168K)->5737K(7168K)
[2023-11-12T17:47:11.158+0100][gc            ] GC(294) Pause Young (Normal) (G1 Evacuation Pause) 852M->269M(1024M) 9,777ms
[2023-11-12T17:47:11.158+0100][gc,cpu        ] GC(294) User=0,11s Sys=0,01s Real=0,01s
[2023-11-12T17:47:12.596+0100][gc,start      ] GC(295) Pause Young (Normal) (G1 Evacuation Pause)
[2023-11-12T17:47:12.596+0100][gc,task       ] GC(295) Using 13 workers of 13 for evacuation
[2023-11-12T17:47:12.607+0100][gc,phases     ] GC(295)   Pre Evacuate Collection Set: 0,0ms
[2023-11-12T17:47:12.607+0100][gc,phases     ] GC(295)   Evacuate Collection Set: 9,8ms
[2023-11-12T17:47:12.607+0100][gc,phases     ] GC(295)   Post Evacuate Collection Set: 0,5ms
[2023-11-12T17:47:12.607+0100][gc,phases     ] GC(295)   Other: 0,2ms
[2023-11-12T17:47:12.607+0100][gc,heap       ] GC(295) Eden regions: 584->0(582)
[2023-11-12T17:47:12.607+0100][gc,heap       ] GC(295) Survivor regions: 30->32(77)
[2023-11-12T17:47:12.607+0100][gc,heap       ] GC(295) Old regions: 112->113
[2023-11-12T17:47:12.607+0100][gc,heap       ] GC(295) Humongous regions: 129->129
[2023-11-12T17:47:12.607+0100][gc,metaspace  ] GC(295) Metaspace: 46465K(49664K)->46465K(49664K) NonClass: 40728K(42496K)->40728K(42496K) Class: 5737K(7168K)->5737K(7168K)
[2023-11-12T17:47:12.607+0100][gc            ] GC(295) Pause Young (Normal) (G1 Evacuation Pause) 853M->271M(1024M) 10,692ms
[2023-11-12T17:47:12.607+0100][gc,cpu        ] GC(295) User=0,11s Sys=0,00s Real=0,01s
[2023-11-12T17:47:14.072+0100][gc,start      ] GC(296) Pause Young (Normal) (G1 Evacuation Pause)
[2023-11-12T17:47:14.072+0100][gc,task       ] GC(296) Using 13 workers of 13 for evacuation
[2023-11-12T17:47:14.077+0100][gc,phases     ] GC(296)   Pre Evacuate Collection Set: 0,0ms
[2023-11-12T17:47:14.077+0100][gc,phases     ] GC(296)   Evacuate Collection Set: 4,3ms
[2023-11-12T17:47:14.077+0100][gc,phases     ] GC(296)   Post Evacuate Collection Set: 0,7ms
[2023-11-12T17:47:14.078+0100][gc,phases     ] GC(296)   Other: 0,2ms
[2023-11-12T17:47:14.078+0100][gc,heap       ] GC(296) Eden regions: 582->0(608)
[2023-11-12T17:47:14.078+0100][gc,heap       ] GC(296) Survivor regions: 32->6(77)
[2023-11-12T17:47:14.078+0100][gc,heap       ] GC(296) Old regions: 113->113
[2023-11-12T17:47:14.078+0100][gc,heap       ] GC(296) Humongous regions: 129->129
[2023-11-12T17:47:14.078+0100][gc,metaspace  ] GC(296) Metaspace: 46465K(49664K)->46465K(49664K) NonClass: 40728K(42496K)->40728K(42496K) Class: 5737K(7168K)->5737K(7168K)
[2023-11-12T17:47:14.078+0100][gc            ] GC(296) Pause Young (Normal) (G1 Evacuation Pause) 853M->245M(1024M) 5,373ms
[2023-11-12T17:47:14.078+0100][gc,cpu        ] GC(296) User=0,04s Sys=0,00s Real=0,01s
[2023-11-12T17:47:15.592+0100][gc,start      ] GC(297) Pause Young (Normal) (G1 Evacuation Pause)
[2023-11-12T17:47:15.592+0100][gc,task       ] GC(297) Using 13 workers of 13 for evacuation
[2023-11-12T17:47:15.596+0100][gc,phases     ] GC(297)   Pre Evacuate Collection Set: 0,0ms
[2023-11-12T17:47:15.596+0100][gc,phases     ] GC(297)   Evacuate Collection Set: 3,9ms
[2023-11-12T17:47:15.596+0100][gc,phases     ] GC(297)   Post Evacuate Collection Set: 0,5ms
[2023-11-12T17:47:15.596+0100][gc,phases     ] GC(297)   Other: 0,2ms
[2023-11-12T17:47:15.596+0100][gc,heap       ] GC(297) Eden regions: 608->0(608)
[2023-11-12T17:47:15.596+0100][gc,heap       ] GC(297) Survivor regions: 6->6(77)
[2023-11-12T17:47:15.596+0100][gc,heap       ] GC(297) Old regions: 113->113
[2023-11-12T17:47:15.596+0100][gc,heap       ] GC(297) Humongous regions: 129->129
[2023-11-12T17:47:15.596+0100][gc,metaspace  ] GC(297) Metaspace: 46465K(49664K)->46465K(49664K) NonClass: 40728K(42496K)->40728K(42496K) Class: 5737K(7168K)->5737K(7168K)
[2023-11-12T17:47:15.596+0100][gc            ] GC(297) Pause Young (Normal) (G1 Evacuation Pause) 853M->245M(1024M) 4,800ms
[2023-11-12T17:47:15.596+0100][gc,cpu        ] GC(297) User=0,05s Sys=0,00s Real=0,01s
[2023-11-12T17:47:17.181+0100][gc,start      ] GC(298) Pause Young (Normal) (G1 Evacuation Pause)
[2023-11-12T17:47:17.181+0100][gc,task       ] GC(298) Using 13 workers of 13 for evacuation
[2023-11-12T17:47:17.186+0100][gc,phases     ] GC(298)   Pre Evacuate Collection Set: 0,0ms
[2023-11-12T17:47:17.186+0100][gc,phases     ] GC(298)   Evacuate Collection Set: 4,3ms
[2023-11-12T17:47:17.186+0100][gc,phases     ] GC(298)   Post Evacuate Collection Set: 0,5ms
[2023-11-12T17:47:17.187+0100][gc,phases     ] GC(298)   Other: 0,2ms
[2023-11-12T17:47:17.187+0100][gc,heap       ] GC(298) Eden regions: 608->0(606)
[2023-11-12T17:47:17.187+0100][gc,heap       ] GC(298) Survivor regions: 6->8(77)
[2023-11-12T17:47:17.187+0100][gc,heap       ] GC(298) Old regions: 113->113
[2023-11-12T17:47:17.187+0100][gc,heap       ] GC(298) Humongous regions: 129->129
[2023-11-12T17:47:17.187+0100][gc,metaspace  ] GC(298) Metaspace: 46465K(49664K)->46465K(49664K) NonClass: 40728K(42496K)->40728K(42496K) Class: 5737K(7168K)->5737K(7168K)
[2023-11-12T17:47:17.187+0100][gc            ] GC(298) Pause Young (Normal) (G1 Evacuation Pause) 853M->247M(1024M) 5,171ms
[2023-11-12T17:47:17.187+0100][gc,cpu        ] GC(298) User=0,01s Sys=0,05s Real=0,00s
[2023-11-12T17:47:18.902+0100][gc,start      ] GC(299) Pause Young (Normal) (G1 Evacuation Pause)
[2023-11-12T17:47:18.902+0100][gc,task       ] GC(299) Using 13 workers of 13 for evacuation
[2023-11-12T17:47:18.908+0100][gc,phases     ] GC(299)   Pre Evacuate Collection Set: 0,0ms
[2023-11-12T17:47:18.908+0100][gc,phases     ] GC(299)   Evacuate Collection Set: 4,8ms
[2023-11-12T17:47:18.908+0100][gc,phases     ] GC(299)   Post Evacuate Collection Set: 0,5ms
[2023-11-12T17:47:18.908+0100][gc,phases     ] GC(299)   Other: 0,3ms
[2023-11-12T17:47:18.908+0100][gc,heap       ] GC(299) Eden regions: 606->0(604)
[2023-11-12T17:47:18.908+0100][gc,heap       ] GC(299) Survivor regions: 8->10(77)
[2023-11-12T17:47:18.908+0100][gc,heap       ] GC(299) Old regions: 113->113
[2023-11-12T17:47:18.908+0100][gc,heap       ] GC(299) Humongous regions: 129->129
[2023-11-12T17:47:18.908+0100][gc,metaspace  ] GC(299) Metaspace: 46476K(49664K)->46476K(49664K) NonClass: 40739K(42496K)->40739K(42496K) Class: 5737K(7168K)->5737K(7168K)
[2023-11-12T17:47:18.908+0100][gc            ] GC(299) Pause Young (Normal) (G1 Evacuation Pause) 853M->249M(1024M) 5,784ms
[2023-11-12T17:47:18.908+0100][gc,cpu        ] GC(299) User=0,04s Sys=0,00s Real=0,00s
[2023-11-12T17:47:20.749+0100][gc,start      ] GC(300) Pause Young (Normal) (G1 Evacuation Pause)
[2023-11-12T17:47:20.749+0100][gc,task       ] GC(300) Using 13 workers of 13 for evacuation
[2023-11-12T17:47:20.754+0100][gc,phases     ] GC(300)   Pre Evacuate Collection Set: 0,0ms
[2023-11-12T17:47:20.754+0100][gc,phases     ] GC(300)   Evacuate Collection Set: 4,9ms
[2023-11-12T17:47:20.754+0100][gc,phases     ] GC(300)   Post Evacuate Collection Set: 0,6ms
[2023-11-12T17:47:20.754+0100][gc,phases     ] GC(300)   Other: 0,2ms
[2023-11-12T17:47:20.754+0100][gc,heap       ] GC(300) Eden regions: 604->0(603)
[2023-11-12T17:47:20.754+0100][gc,heap       ] GC(300) Survivor regions: 10->11(77)
[2023-11-12T17:47:20.754+0100][gc,heap       ] GC(300) Old regions: 113->113
[2023-11-12T17:47:20.754+0100][gc,heap       ] GC(300) Humongous regions: 129->129
[2023-11-12T17:47:20.754+0100][gc,metaspace  ] GC(300) Metaspace: 46492K(49664K)->46492K(49664K) NonClass: 40755K(42496K)->40755K(42496K) Class: 5737K(7168K)->5737K(7168K)
[2023-11-12T17:47:20.754+0100][gc            ] GC(300) Pause Young (Normal) (G1 Evacuation Pause) 853M->251M(1024M) 5,787ms
[2023-11-12T17:47:20.754+0100][gc,cpu        ] GC(300) User=0,03s Sys=0,02s Real=0,01s
[2023-11-12T17:47:22.953+0100][gc,start      ] GC(301) Pause Young (Normal) (G1 Evacuation Pause)
[2023-11-12T17:47:22.953+0100][gc,task       ] GC(301) Using 13 workers of 13 for evacuation
[2023-11-12T17:47:22.959+0100][gc,phases     ] GC(301)   Pre Evacuate Collection Set: 0,0ms
[2023-11-12T17:47:22.959+0100][gc,phases     ] GC(301)   Evacuate Collection Set: 5,0ms
[2023-11-12T17:47:22.959+0100][gc,phases     ] GC(301)   Post Evacuate Collection Set: 0,7ms
[2023-11-12T17:47:22.959+0100][gc,phases     ] GC(301)   Other: 0,3ms
[2023-11-12T17:47:22.959+0100][gc,heap       ] GC(301) Eden regions: 603->0(601)
[2023-11-12T17:47:22.959+0100][gc,heap       ] GC(301) Survivor regions: 11->13(77)
[2023-11-12T17:47:22.959+0100][gc,heap       ] GC(301) Old regions: 113->113
[2023-11-12T17:47:22.959+0100][gc,heap       ] GC(301) Humongous regions: 129->129
[2023-11-12T17:47:22.959+0100][gc,metaspace  ] GC(301) Metaspace: 46492K(49664K)->46492K(49664K) NonClass: 40755K(42496K)->40755K(42496K) Class: 5737K(7168K)->5737K(7168K)
[2023-11-12T17:47:22.959+0100][gc            ] GC(301) Pause Young (Normal) (G1 Evacuation Pause) 854M->252M(1024M) 6,115ms
[2023-11-12T17:47:22.959+0100][gc,cpu        ] GC(301) User=0,06s Sys=0,01s Real=0,01s
[2023-11-12T17:47:25.290+0100][gc,start      ] GC(302) Pause Young (Normal) (G1 Evacuation Pause)
[2023-11-12T17:47:25.290+0100][gc,task       ] GC(302) Using 13 workers of 13 for evacuation
[2023-11-12T17:47:25.297+0100][gc,phases     ] GC(302)   Pre Evacuate Collection Set: 0,0ms
[2023-11-12T17:47:25.297+0100][gc,phases     ] GC(302)   Evacuate Collection Set: 5,7ms
[2023-11-12T17:47:25.297+0100][gc,phases     ] GC(302)   Post Evacuate Collection Set: 0,6ms
[2023-11-12T17:47:25.297+0100][gc,phases     ] GC(302)   Other: 0,3ms
[2023-11-12T17:47:25.297+0100][gc,heap       ] GC(302) Eden regions: 601->0(599)
[2023-11-12T17:47:25.297+0100][gc,heap       ] GC(302) Survivor regions: 13->15(77)
[2023-11-12T17:47:25.297+0100][gc,heap       ] GC(302) Old regions: 113->113
[2023-11-12T17:47:25.297+0100][gc,heap       ] GC(302) Humongous regions: 129->129
[2023-11-12T17:47:25.297+0100][gc,metaspace  ] GC(302) Metaspace: 46492K(49664K)->46492K(49664K) NonClass: 40755K(42496K)->40755K(42496K) Class: 5737K(7168K)->5737K(7168K)
[2023-11-12T17:47:25.297+0100][gc            ] GC(302) Pause Young (Normal) (G1 Evacuation Pause) 853M->254M(1024M) 6,796ms
[2023-11-12T17:47:25.297+0100][gc,cpu        ] GC(302) User=0,06s Sys=0,01s Real=0,01s
[2023-11-12T17:47:27.786+0100][gc,start      ] GC(303) Pause Young (Normal) (G1 Evacuation Pause)
[2023-11-12T17:47:27.786+0100][gc,task       ] GC(303) Using 13 workers of 13 for evacuation
[2023-11-12T17:47:27.793+0100][gc,phases     ] GC(303)   Pre Evacuate Collection Set: 0,0ms
[2023-11-12T17:47:27.793+0100][gc,phases     ] GC(303)   Evacuate Collection Set: 5,5ms
[2023-11-12T17:47:27.793+0100][gc,phases     ] GC(303)   Post Evacuate Collection Set: 0,6ms
[2023-11-12T17:47:27.793+0100][gc,phases     ] GC(303)   Other: 0,2ms
[2023-11-12T17:47:27.793+0100][gc,heap       ] GC(303) Eden regions: 599->0(598)
[2023-11-12T17:47:27.793+0100][gc,heap       ] GC(303) Survivor regions: 15->16(77)
[2023-11-12T17:47:27.793+0100][gc,heap       ] GC(303) Old regions: 113->113
[2023-11-12T17:47:27.793+0100][gc,heap       ] GC(303) Humongous regions: 129->129
[2023-11-12T17:47:27.793+0100][gc,metaspace  ] GC(303) Metaspace: 46492K(49664K)->46492K(49664K) NonClass: 40755K(42496K)->40755K(42496K) Class: 5737K(7168K)->5737K(7168K)
[2023-11-12T17:47:27.793+0100][gc            ] GC(303) Pause Young (Normal) (G1 Evacuation Pause) 853M->256M(1024M) 6,354ms
[2023-11-12T17:47:27.793+0100][gc,cpu        ] GC(303) User=0,06s Sys=0,01s Real=0,00s
[2023-11-12T17:47:30.344+0100][gc,start      ] GC(304) Pause Young (Normal) (G1 Evacuation Pause)
[2023-11-12T17:47:30.344+0100][gc,task       ] GC(304) Using 13 workers of 13 for evacuation
[2023-11-12T17:47:30.351+0100][gc,phases     ] GC(304)   Pre Evacuate Collection Set: 0,0ms
[2023-11-12T17:47:30.351+0100][gc,phases     ] GC(304)   Evacuate Collection Set: 6,2ms
[2023-11-12T17:47:30.351+0100][gc,phases     ] GC(304)   Post Evacuate Collection Set: 0,6ms
[2023-11-12T17:47:30.351+0100][gc,phases     ] GC(304)   Other: 0,2ms
[2023-11-12T17:47:30.351+0100][gc,heap       ] GC(304) Eden regions: 598->0(596)
[2023-11-12T17:47:30.351+0100][gc,heap       ] GC(304) Survivor regions: 16->18(77)
[2023-11-12T17:47:30.351+0100][gc,heap       ] GC(304) Old regions: 113->113
[2023-11-12T17:47:30.351+0100][gc,heap       ] GC(304) Humongous regions: 129->129
[2023-11-12T17:47:30.351+0100][gc,metaspace  ] GC(304) Metaspace: 46492K(49664K)->46492K(49664K) NonClass: 40755K(42496K)->40755K(42496K) Class: 5737K(7168K)->5737K(7168K)
[2023-11-12T17:47:30.352+0100][gc            ] GC(304) Pause Young (Normal) (G1 Evacuation Pause) 854M->257M(1024M) 7,176ms
[2023-11-12T17:47:30.352+0100][gc,cpu        ] GC(304) User=0,08s Sys=0,00s Real=0,00s
[2023-11-12T17:47:33.402+0100][gc,start      ] GC(305) Pause Young (Normal) (G1 Evacuation Pause)
[2023-11-12T17:47:33.402+0100][gc,task       ] GC(305) Using 13 workers of 13 for evacuation
[2023-11-12T17:47:33.409+0100][gc,phases     ] GC(305)   Pre Evacuate Collection Set: 0,0ms
[2023-11-12T17:47:33.410+0100][gc,phases     ] GC(305)   Evacuate Collection Set: 6,6ms
[2023-11-12T17:47:33.410+0100][gc,phases     ] GC(305)   Post Evacuate Collection Set: 0,7ms
[2023-11-12T17:47:33.410+0100][gc,phases     ] GC(305)   Other: 0,3ms
[2023-11-12T17:47:33.410+0100][gc,heap       ] GC(305) Eden regions: 596->0(594)
[2023-11-12T17:47:33.410+0100][gc,heap       ] GC(305) Survivor regions: 18->20(77)
[2023-11-12T17:47:33.410+0100][gc,heap       ] GC(305) Old regions: 113->113
[2023-11-12T17:47:33.410+0100][gc,heap       ] GC(305) Humongous regions: 129->129
[2023-11-12T17:47:33.410+0100][gc,metaspace  ] GC(305) Metaspace: 46492K(49664K)->46492K(49664K) NonClass: 40755K(42496K)->40755K(42496K) Class: 5737K(7168K)->5737K(7168K)
[2023-11-12T17:47:33.410+0100][gc            ] GC(305) Pause Young (Normal) (G1 Evacuation Pause) 853M->259M(1024M) 7,766ms
[2023-11-12T17:47:33.410+0100][gc,cpu        ] GC(305) User=0,08s Sys=0,00s Real=0,00s
[2023-11-12T17:47:38.648+0100][gc,start      ] GC(306) Pause Young (Normal) (G1 Evacuation Pause)
[2023-11-12T17:47:38.648+0100][gc,task       ] GC(306) Using 13 workers of 13 for evacuation
[2023-11-12T17:47:38.657+0100][gc,phases     ] GC(306)   Pre Evacuate Collection Set: 0,0ms
[2023-11-12T17:47:38.657+0100][gc,phases     ] GC(306)   Evacuate Collection Set: 8,2ms
[2023-11-12T17:47:38.657+0100][gc,phases     ] GC(306)   Post Evacuate Collection Set: 0,6ms
[2023-11-12T17:47:38.657+0100][gc,phases     ] GC(306)   Other: 0,3ms
[2023-11-12T17:47:38.657+0100][gc,heap       ] GC(306) Eden regions: 594->0(593)
[2023-11-12T17:47:38.657+0100][gc,heap       ] GC(306) Survivor regions: 20->21(77)
[2023-11-12T17:47:38.657+0100][gc,heap       ] GC(306) Old regions: 113->113
[2023-11-12T17:47:38.657+0100][gc,heap       ] GC(306) Humongous regions: 129->129
[2023-11-12T17:47:38.657+0100][gc,metaspace  ] GC(306) Metaspace: 46492K(49664K)->46492K(49664K) NonClass: 40755K(42496K)->40755K(42496K) Class: 5737K(7168K)->5737K(7168K)
[2023-11-12T17:47:38.657+0100][gc            ] GC(306) Pause Young (Normal) (G1 Evacuation Pause) 853M->261M(1024M) 9,249ms
[2023-11-12T17:47:38.657+0100][gc,cpu        ] GC(306) User=0,11s Sys=0,00s Real=0,01s
[2023-11-12T18:15:15.297+0100][gc,start      ] GC(307) Pause Young (Normal) (G1 Evacuation Pause)
[2023-11-12T18:15:15.297+0100][gc,task       ] GC(307) Using 13 workers of 13 for evacuation
[2023-11-12T18:15:15.309+0100][gc,phases     ] GC(307)   Pre Evacuate Collection Set: 0,0ms
[2023-11-12T18:15:15.309+0100][gc,phases     ] GC(307)   Evacuate Collection Set: 10,8ms
[2023-11-12T18:15:15.309+0100][gc,phases     ] GC(307)   Post Evacuate Collection Set: 0,6ms
[2023-11-12T18:15:15.309+0100][gc,phases     ] GC(307)   Other: 0,4ms
[2023-11-12T18:15:15.309+0100][gc,heap       ] GC(307) Eden regions: 593->0(588)
[2023-11-12T18:15:15.309+0100][gc,heap       ] GC(307) Survivor regions: 21->26(77)
[2023-11-12T18:15:15.309+0100][gc,heap       ] GC(307) Old regions: 113->113
[2023-11-12T18:15:15.309+0100][gc,heap       ] GC(307) Humongous regions: 129->129
[2023-11-12T18:15:15.309+0100][gc,metaspace  ] GC(307) Metaspace: 46568K(49664K)->46568K(49664K) NonClass: 40830K(42496K)->40830K(42496K) Class: 5737K(7168K)->5737K(7168K)
[2023-11-12T18:15:15.309+0100][gc            ] GC(307) Pause Young (Normal) (G1 Evacuation Pause) 854M->266M(1024M) 11,866ms
[2023-11-12T18:15:15.309+0100][gc,cpu        ] GC(307) User=0,11s Sys=0,02s Real=0,01s
[2023-11-12T18:15:21.626+0100][gc,start      ] GC(308) Pause Young (Normal) (G1 Evacuation Pause)
[2023-11-12T18:15:21.626+0100][gc,task       ] GC(308) Using 13 workers of 13 for evacuation
[2023-11-12T18:15:21.638+0100][gc,phases     ] GC(308)   Pre Evacuate Collection Set: 0,0ms
[2023-11-12T18:15:21.638+0100][gc,phases     ] GC(308)   Evacuate Collection Set: 11,1ms
[2023-11-12T18:15:21.638+0100][gc,phases     ] GC(308)   Post Evacuate Collection Set: 0,7ms
[2023-11-12T18:15:21.638+0100][gc,phases     ] GC(308)   Other: 0,3ms
[2023-11-12T18:15:21.639+0100][gc,heap       ] GC(308) Eden regions: 588->0(586)
[2023-11-12T18:15:21.639+0100][gc,heap       ] GC(308) Survivor regions: 26->28(77)
[2023-11-12T18:15:21.639+0100][gc,heap       ] GC(308) Old regions: 113->114
[2023-11-12T18:15:21.639+0100][gc,heap       ] GC(308) Humongous regions: 129->129
[2023-11-12T18:15:21.639+0100][gc,metaspace  ] GC(308) Metaspace: 46568K(49664K)->46568K(49664K) NonClass: 40830K(42496K)->40830K(42496K) Class: 5737K(7168K)->5737K(7168K)
[2023-11-12T18:15:21.639+0100][gc            ] GC(308) Pause Young (Normal) (G1 Evacuation Pause) 854M->268M(1024M) 12,252ms
[2023-11-12T18:15:21.639+0100][gc,cpu        ] GC(308) User=0,14s Sys=0,00s Real=0,01s
[2023-11-12T18:15:26.213+0100][gc,start      ] GC(309) Pause Young (Normal) (G1 Evacuation Pause)
[2023-11-12T18:15:26.214+0100][gc,task       ] GC(309) Using 13 workers of 13 for evacuation
[2023-11-12T18:15:26.225+0100][gc,phases     ] GC(309)   Pre Evacuate Collection Set: 0,0ms
[2023-11-12T18:15:26.225+0100][gc,phases     ] GC(309)   Evacuate Collection Set: 10,4ms
[2023-11-12T18:15:26.225+0100][gc,phases     ] GC(309)   Post Evacuate Collection Set: 0,9ms
[2023-11-12T18:15:26.225+0100][gc,phases     ] GC(309)   Other: 0,3ms
[2023-11-12T18:15:26.225+0100][gc,heap       ] GC(309) Eden regions: 586->0(585)
[2023-11-12T18:15:26.225+0100][gc,heap       ] GC(309) Survivor regions: 28->29(77)
[2023-11-12T18:15:26.225+0100][gc,heap       ] GC(309) Old regions: 114->114
[2023-11-12T18:15:26.225+0100][gc,heap       ] GC(309) Humongous regions: 129->129
[2023-11-12T18:15:26.225+0100][gc,metaspace  ] GC(309) Metaspace: 46568K(49664K)->46568K(49664K) NonClass: 40830K(42496K)->40830K(42496K) Class: 5737K(7168K)->5737K(7168K)
[2023-11-12T18:15:26.225+0100][gc            ] GC(309) Pause Young (Normal) (G1 Evacuation Pause) 854M->269M(1024M) 11,769ms
[2023-11-12T18:15:26.225+0100][gc,cpu        ] GC(309) User=0,12s Sys=0,02s Real=0,01s
[2023-11-12T18:15:30.826+0100][gc,start      ] GC(310) Pause Young (Normal) (G1 Evacuation Pause)
[2023-11-12T18:15:30.826+0100][gc,task       ] GC(310) Using 13 workers of 13 for evacuation
[2023-11-12T18:15:30.838+0100][gc,phases     ] GC(310)   Pre Evacuate Collection Set: 0,0ms
[2023-11-12T18:15:30.838+0100][gc,phases     ] GC(310)   Evacuate Collection Set: 11,0ms
[2023-11-12T18:15:30.838+0100][gc,phases     ] GC(310)   Post Evacuate Collection Set: 0,7ms
[2023-11-12T18:15:30.838+0100][gc,phases     ] GC(310)   Other: 0,3ms
[2023-11-12T18:15:30.838+0100][gc,heap       ] GC(310) Eden regions: 585->0(583)
[2023-11-12T18:15:30.838+0100][gc,heap       ] GC(310) Survivor regions: 29->31(77)
[2023-11-12T18:15:30.838+0100][gc,heap       ] GC(310) Old regions: 114->114
[2023-11-12T18:15:30.838+0100][gc,heap       ] GC(310) Humongous regions: 129->129
[2023-11-12T18:15:30.838+0100][gc,metaspace  ] GC(310) Metaspace: 46568K(49664K)->46568K(49664K) NonClass: 40830K(42496K)->40830K(42496K) Class: 5737K(7168K)->5737K(7168K)
[2023-11-12T18:15:30.838+0100][gc            ] GC(310) Pause Young (Normal) (G1 Evacuation Pause) 854M->272M(1024M) 12,217ms
[2023-11-12T18:15:30.838+0100][gc,cpu        ] GC(310) User=0,12s Sys=0,02s Real=0,01s
[2023-11-12T18:15:34.433+0100][gc,start      ] GC(311) Pause Young (Normal) (G1 Evacuation Pause)
[2023-11-12T18:15:34.433+0100][gc,task       ] GC(311) Using 13 workers of 13 for evacuation
[2023-11-12T18:15:34.444+0100][gc,phases     ] GC(311)   Pre Evacuate Collection Set: 0,0ms
[2023-11-12T18:15:34.444+0100][gc,phases     ] GC(311)   Evacuate Collection Set: 9,6ms
[2023-11-12T18:15:34.444+0100][gc,phases     ] GC(311)   Post Evacuate Collection Set: 0,6ms
[2023-11-12T18:15:34.444+0100][gc,phases     ] GC(311)   Other: 0,3ms
[2023-11-12T18:15:34.444+0100][gc,heap       ] GC(311) Eden regions: 583->0(584)
[2023-11-12T18:15:34.444+0100][gc,heap       ] GC(311) Survivor regions: 31->30(77)
[2023-11-12T18:15:34.444+0100][gc,heap       ] GC(311) Old regions: 114->116
[2023-11-12T18:15:34.444+0100][gc,heap       ] GC(311) Humongous regions: 129->129
[2023-11-12T18:15:34.444+0100][gc,metaspace  ] GC(311) Metaspace: 46568K(49664K)->46568K(49664K) NonClass: 40830K(42496K)->40830K(42496K) Class: 5737K(7168K)->5737K(7168K)
[2023-11-12T18:15:34.444+0100][gc            ] GC(311) Pause Young (Normal) (G1 Evacuation Pause) 855M->272M(1024M) 10,585ms
[2023-11-12T18:15:34.444+0100][gc,cpu        ] GC(311) User=0,10s Sys=0,02s Real=0,01s
[2023-11-12T18:15:37.235+0100][gc,start      ] GC(312) Pause Young (Normal) (G1 Evacuation Pause)
[2023-11-12T18:15:37.235+0100][gc,task       ] GC(312) Using 13 workers of 13 for evacuation
[2023-11-12T18:15:37.246+0100][gc,phases     ] GC(312)   Pre Evacuate Collection Set: 0,0ms
[2023-11-12T18:15:37.246+0100][gc,phases     ] GC(312)   Evacuate Collection Set: 9,7ms
[2023-11-12T18:15:37.246+0100][gc,phases     ] GC(312)   Post Evacuate Collection Set: 0,7ms
[2023-11-12T18:15:37.246+0100][gc,phases     ] GC(312)   Other: 0,3ms
[2023-11-12T18:15:37.246+0100][gc,heap       ] GC(312) Eden regions: 584->0(586)
[2023-11-12T18:15:37.246+0100][gc,heap       ] GC(312) Survivor regions: 30->28(77)
[2023-11-12T18:15:37.246+0100][gc,heap       ] GC(312) Old regions: 116->118
[2023-11-12T18:15:37.246+0100][gc,heap       ] GC(312) Humongous regions: 129->129
[2023-11-12T18:15:37.246+0100][gc,metaspace  ] GC(312) Metaspace: 46592K(49920K)->46592K(49920K) NonClass: 40854K(42752K)->40854K(42752K) Class: 5737K(7168K)->5737K(7168K)
[2023-11-12T18:15:37.246+0100][gc            ] GC(312) Pause Young (Normal) (G1 Evacuation Pause) 856M->272M(1024M) 10,790ms
[2023-11-12T18:15:37.246+0100][gc,cpu        ] GC(312) User=0,11s Sys=0,01s Real=0,01s
[2023-11-12T18:15:39.744+0100][gc,start      ] GC(313) Pause Young (Normal) (G1 Evacuation Pause)
[2023-11-12T18:15:39.744+0100][gc,task       ] GC(313) Using 13 workers of 13 for evacuation
[2023-11-12T18:15:39.754+0100][gc,phases     ] GC(313)   Pre Evacuate Collection Set: 0,0ms
[2023-11-12T18:15:39.754+0100][gc,phases     ] GC(313)   Evacuate Collection Set: 9,4ms
[2023-11-12T18:15:39.754+0100][gc,phases     ] GC(313)   Post Evacuate Collection Set: 0,6ms
[2023-11-12T18:15:39.754+0100][gc,phases     ] GC(313)   Other: 0,3ms
[2023-11-12T18:15:39.754+0100][gc,heap       ] GC(313) Eden regions: 586->0(587)
[2023-11-12T18:15:39.754+0100][gc,heap       ] GC(313) Survivor regions: 28->27(77)
[2023-11-12T18:15:39.754+0100][gc,heap       ] GC(313) Old regions: 118->120
[2023-11-12T18:15:39.754+0100][gc,heap       ] GC(313) Humongous regions: 129->129
[2023-11-12T18:15:39.754+0100][gc,metaspace  ] GC(313) Metaspace: 46592K(49920K)->46592K(49920K) NonClass: 40854K(42752K)->40854K(42752K) Class: 5737K(7168K)->5737K(7168K)
[2023-11-12T18:15:39.754+0100][gc            ] GC(313) Pause Young (Normal) (G1 Evacuation Pause) 858M->274M(1024M) 10,368ms
[2023-11-12T18:15:39.754+0100][gc,cpu        ] GC(313) User=0,10s Sys=0,03s Real=0,01s
[2023-11-12T18:15:42.224+0100][gc,start      ] GC(314) Pause Young (Normal) (G1 Evacuation Pause)
[2023-11-12T18:15:42.224+0100][gc,task       ] GC(314) Using 13 workers of 13 for evacuation
[2023-11-12T18:15:42.234+0100][gc,phases     ] GC(314)   Pre Evacuate Collection Set: 0,0ms
[2023-11-12T18:15:42.234+0100][gc,phases     ] GC(314)   Evacuate Collection Set: 9,1ms
[2023-11-12T18:15:42.234+0100][gc,phases     ] GC(314)   Post Evacuate Collection Set: 0,7ms
[2023-11-12T18:15:42.234+0100][gc,phases     ] GC(314)   Other: 0,3ms
[2023-11-12T18:15:42.234+0100][gc,heap       ] GC(314) Eden regions: 587->0(588)
[2023-11-12T18:15:42.234+0100][gc,heap       ] GC(314) Survivor regions: 27->26(77)
[2023-11-12T18:15:42.234+0100][gc,heap       ] GC(314) Old regions: 120->122
[2023-11-12T18:15:42.234+0100][gc,heap       ] GC(314) Humongous regions: 129->129
[2023-11-12T18:15:42.234+0100][gc,metaspace  ] GC(314) Metaspace: 46602K(49920K)->46602K(49920K) NonClass: 40865K(42752K)->40865K(42752K) Class: 5737K(7168K)->5737K(7168K)
[2023-11-12T18:15:42.234+0100][gc            ] GC(314) Pause Young (Normal) (G1 Evacuation Pause) 861M->275M(1024M) 10,176ms
[2023-11-12T18:15:42.234+0100][gc,cpu        ] GC(314) User=0,10s Sys=0,01s Real=0,01s
[2023-11-12T18:15:44.467+0100][gc,start      ] GC(315) Pause Young (Normal) (G1 Evacuation Pause)
[2023-11-12T18:15:44.467+0100][gc,task       ] GC(315) Using 13 workers of 13 for evacuation
[2023-11-12T18:15:44.476+0100][gc,phases     ] GC(315)   Pre Evacuate Collection Set: 0,0ms
[2023-11-12T18:15:44.476+0100][gc,phases     ] GC(315)   Evacuate Collection Set: 8,6ms
[2023-11-12T18:15:44.476+0100][gc,phases     ] GC(315)   Post Evacuate Collection Set: 0,6ms
[2023-11-12T18:15:44.476+0100][gc,phases     ] GC(315)   Other: 0,3ms
[2023-11-12T18:15:44.476+0100][gc,heap       ] GC(315) Eden regions: 588->0(588)
[2023-11-12T18:15:44.476+0100][gc,heap       ] GC(315) Survivor regions: 26->26(77)
[2023-11-12T18:15:44.476+0100][gc,heap       ] GC(315) Old regions: 122->124
[2023-11-12T18:15:44.476+0100][gc,heap       ] GC(315) Humongous regions: 129->129
[2023-11-12T18:15:44.476+0100][gc,metaspace  ] GC(315) Metaspace: 46602K(49920K)->46602K(49920K) NonClass: 40865K(42752K)->40865K(42752K) Class: 5737K(7168K)->5737K(7168K)
[2023-11-12T18:15:44.476+0100][gc            ] GC(315) Pause Young (Normal) (G1 Evacuation Pause) 863M->276M(1024M) 9,602ms
[2023-11-12T18:15:44.476+0100][gc,cpu        ] GC(315) User=0,10s Sys=0,01s Real=0,01s
[2023-11-12T18:15:46.526+0100][gc,start      ] GC(316) Pause Young (Normal) (G1 Evacuation Pause)
[2023-11-12T18:15:46.526+0100][gc,task       ] GC(316) Using 13 workers of 13 for evacuation
[2023-11-12T18:15:46.535+0100][gc,phases     ] GC(316)   Pre Evacuate Collection Set: 0,0ms
[2023-11-12T18:15:46.535+0100][gc,phases     ] GC(316)   Evacuate Collection Set: 8,3ms
[2023-11-12T18:15:46.535+0100][gc,phases     ] GC(316)   Post Evacuate Collection Set: 0,7ms
[2023-11-12T18:15:46.535+0100][gc,phases     ] GC(316)   Other: 0,2ms
[2023-11-12T18:15:46.535+0100][gc,heap       ] GC(316) Eden regions: 588->0(589)
[2023-11-12T18:15:46.535+0100][gc,heap       ] GC(316) Survivor regions: 26->25(77)
[2023-11-12T18:15:46.535+0100][gc,heap       ] GC(316) Old regions: 124->126
[2023-11-12T18:15:46.535+0100][gc,heap       ] GC(316) Humongous regions: 129->129
[2023-11-12T18:15:46.535+0100][gc,metaspace  ] GC(316) Metaspace: 46602K(49920K)->46602K(49920K) NonClass: 40865K(42752K)->40865K(42752K) Class: 5737K(7168K)->5737K(7168K)
[2023-11-12T18:15:46.535+0100][gc            ] GC(316) Pause Young (Normal) (G1 Evacuation Pause) 864M->278M(1024M) 9,336ms
[2023-11-12T18:15:46.535+0100][gc,cpu        ] GC(316) User=0,10s Sys=0,01s Real=0,01s
[2023-11-12T18:15:48.488+0100][gc,start      ] GC(317) Pause Young (Normal) (G1 Evacuation Pause)
[2023-11-12T18:15:48.488+0100][gc,task       ] GC(317) Using 13 workers of 13 for evacuation
[2023-11-12T18:15:48.497+0100][gc,phases     ] GC(317)   Pre Evacuate Collection Set: 0,0ms
[2023-11-12T18:15:48.497+0100][gc,phases     ] GC(317)   Evacuate Collection Set: 8,1ms
[2023-11-12T18:15:48.497+0100][gc,phases     ] GC(317)   Post Evacuate Collection Set: 0,6ms
[2023-11-12T18:15:48.497+0100][gc,phases     ] GC(317)   Other: 0,2ms
[2023-11-12T18:15:48.497+0100][gc,heap       ] GC(317) Eden regions: 589->0(590)
[2023-11-12T18:15:48.497+0100][gc,heap       ] GC(317) Survivor regions: 25->24(77)
[2023-11-12T18:15:48.497+0100][gc,heap       ] GC(317) Old regions: 126->128
[2023-11-12T18:15:48.497+0100][gc,heap       ] GC(317) Humongous regions: 129->129
[2023-11-12T18:15:48.497+0100][gc,metaspace  ] GC(317) Metaspace: 46603K(49920K)->46603K(49920K) NonClass: 40865K(42752K)->40865K(42752K) Class: 5737K(7168K)->5737K(7168K)
[2023-11-12T18:15:48.497+0100][gc            ] GC(317) Pause Young (Normal) (G1 Evacuation Pause) 867M->278M(1024M) 9,054ms
[2023-11-12T18:15:48.497+0100][gc,cpu        ] GC(317) User=0,09s Sys=0,01s Real=0,01s
[2023-11-12T18:15:50.456+0100][gc,start      ] GC(318) Pause Young (Normal) (G1 Evacuation Pause)
[2023-11-12T18:15:50.456+0100][gc,task       ] GC(318) Using 13 workers of 13 for evacuation
[2023-11-12T18:15:50.465+0100][gc,phases     ] GC(318)   Pre Evacuate Collection Set: 0,0ms
[2023-11-12T18:15:50.465+0100][gc,phases     ] GC(318)   Evacuate Collection Set: 8,3ms
[2023-11-12T18:15:50.465+0100][gc,phases     ] GC(318)   Post Evacuate Collection Set: 0,6ms
[2023-11-12T18:15:50.465+0100][gc,phases     ] GC(318)   Other: 0,3ms
[2023-11-12T18:15:50.465+0100][gc,heap       ] GC(318) Eden regions: 590->0(590)
[2023-11-12T18:15:50.465+0100][gc,heap       ] GC(318) Survivor regions: 24->24(77)
[2023-11-12T18:15:50.465+0100][gc,heap       ] GC(318) Old regions: 128->129
[2023-11-12T18:15:50.465+0100][gc,heap       ] GC(318) Humongous regions: 129->129
[2023-11-12T18:15:50.465+0100][gc,metaspace  ] GC(318) Metaspace: 46603K(49920K)->46603K(49920K) NonClass: 40865K(42752K)->40865K(42752K) Class: 5737K(7168K)->5737K(7168K)
[2023-11-12T18:15:50.465+0100][gc            ] GC(318) Pause Young (Normal) (G1 Evacuation Pause) 868M->280M(1024M) 9,346ms
[2023-11-12T18:15:50.465+0100][gc,cpu        ] GC(318) User=0,10s Sys=0,00s Real=0,01s
[2023-11-12T18:15:52.378+0100][gc,start      ] GC(319) Pause Young (Normal) (G1 Evacuation Pause)
[2023-11-12T18:15:52.378+0100][gc,task       ] GC(319) Using 13 workers of 13 for evacuation
[2023-11-12T18:15:52.388+0100][gc,phases     ] GC(319)   Pre Evacuate Collection Set: 0,0ms
[2023-11-12T18:15:52.388+0100][gc,phases     ] GC(319)   Evacuate Collection Set: 8,8ms
[2023-11-12T18:15:52.388+0100][gc,phases     ] GC(319)   Post Evacuate Collection Set: 0,7ms
[2023-11-12T18:15:52.388+0100][gc,phases     ] GC(319)   Other: 0,3ms
[2023-11-12T18:15:52.388+0100][gc,heap       ] GC(319) Eden regions: 590->0(591)
[2023-11-12T18:15:52.388+0100][gc,heap       ] GC(319) Survivor regions: 24->23(77)
[2023-11-12T18:15:52.388+0100][gc,heap       ] GC(319) Old regions: 129->131
[2023-11-12T18:15:52.388+0100][gc,heap       ] GC(319) Humongous regions: 129->129
[2023-11-12T18:15:52.388+0100][gc,metaspace  ] GC(319) Metaspace: 46603K(49920K)->46603K(49920K) NonClass: 40865K(42752K)->40865K(42752K) Class: 5737K(7168K)->5737K(7168K)
[2023-11-12T18:15:52.388+0100][gc            ] GC(319) Pause Young (Normal) (G1 Evacuation Pause) 870M->281M(1024M) 9,963ms
[2023-11-12T18:15:52.388+0100][gc,cpu        ] GC(319) User=0,10s Sys=0,01s Real=0,01s
[2023-11-12T18:15:54.254+0100][gc,start      ] GC(320) Pause Young (Normal) (G1 Evacuation Pause)
[2023-11-12T18:15:54.254+0100][gc,task       ] GC(320) Using 13 workers of 13 for evacuation
[2023-11-12T18:15:54.260+0100][gc,phases     ] GC(320)   Pre Evacuate Collection Set: 0,0ms
[2023-11-12T18:15:54.260+0100][gc,phases     ] GC(320)   Evacuate Collection Set: 5,1ms
[2023-11-12T18:15:54.260+0100][gc,phases     ] GC(320)   Post Evacuate Collection Set: 0,5ms
[2023-11-12T18:15:54.260+0100][gc,phases     ] GC(320)   Other: 0,2ms
[2023-11-12T18:15:54.260+0100][gc,heap       ] GC(320) Eden regions: 591->0(602)
[2023-11-12T18:15:54.260+0100][gc,heap       ] GC(320) Survivor regions: 23->12(77)
[2023-11-12T18:15:54.260+0100][gc,heap       ] GC(320) Old regions: 131->131
[2023-11-12T18:15:54.260+0100][gc,heap       ] GC(320) Humongous regions: 129->129
[2023-11-12T18:15:54.260+0100][gc,metaspace  ] GC(320) Metaspace: 46603K(49920K)->46603K(49920K) NonClass: 40865K(42752K)->40865K(42752K) Class: 5737K(7168K)->5737K(7168K)
[2023-11-12T18:15:54.260+0100][gc            ] GC(320) Pause Young (Normal) (G1 Evacuation Pause) 872M->270M(1024M) 6,009ms
[2023-11-12T18:15:54.260+0100][gc,cpu        ] GC(320) User=0,05s Sys=0,01s Real=0,00s
[2023-11-12T18:15:55.982+0100][gc,start      ] GC(321) Pause Young (Normal) (G1 Evacuation Pause)
[2023-11-12T18:15:55.982+0100][gc,task       ] GC(321) Using 13 workers of 13 for evacuation
[2023-11-12T18:15:55.989+0100][gc,phases     ] GC(321)   Pre Evacuate Collection Set: 0,0ms
[2023-11-12T18:15:55.989+0100][gc,phases     ] GC(321)   Evacuate Collection Set: 6,0ms
[2023-11-12T18:15:55.989+0100][gc,phases     ] GC(321)   Post Evacuate Collection Set: 0,6ms
[2023-11-12T18:15:55.989+0100][gc,phases     ] GC(321)   Other: 0,2ms
[2023-11-12T18:15:55.989+0100][gc,heap       ] GC(321) Eden regions: 602->0(602)
[2023-11-12T18:15:55.989+0100][gc,heap       ] GC(321) Survivor regions: 12->12(77)
[2023-11-12T18:15:55.989+0100][gc,heap       ] GC(321) Old regions: 131->132
[2023-11-12T18:15:55.989+0100][gc,heap       ] GC(321) Humongous regions: 129->129
[2023-11-12T18:15:55.989+0100][gc,metaspace  ] GC(321) Metaspace: 46603K(49920K)->46603K(49920K) NonClass: 40865K(42752K)->40865K(42752K) Class: 5737K(7168K)->5737K(7168K)
[2023-11-12T18:15:55.989+0100][gc            ] GC(321) Pause Young (Normal) (G1 Evacuation Pause) 872M->270M(1024M) 6,924ms
[2023-11-12T18:15:55.989+0100][gc,cpu        ] GC(321) User=0,04s Sys=0,02s Real=0,00s
[2023-11-12T18:15:57.666+0100][gc,start      ] GC(322) Pause Young (Normal) (G1 Evacuation Pause)
[2023-11-12T18:15:57.666+0100][gc,task       ] GC(322) Using 13 workers of 13 for evacuation
[2023-11-12T18:15:57.673+0100][gc,phases     ] GC(322)   Pre Evacuate Collection Set: 0,0ms
[2023-11-12T18:15:57.673+0100][gc,phases     ] GC(322)   Evacuate Collection Set: 6,3ms
[2023-11-12T18:15:57.673+0100][gc,phases     ] GC(322)   Post Evacuate Collection Set: 0,6ms
[2023-11-12T18:15:57.674+0100][gc,phases     ] GC(322)   Other: 0,2ms
[2023-11-12T18:15:57.674+0100][gc,heap       ] GC(322) Eden regions: 602->0(605)
[2023-11-12T18:15:57.674+0100][gc,heap       ] GC(322) Survivor regions: 12->9(77)
[2023-11-12T18:15:57.674+0100][gc,heap       ] GC(322) Old regions: 132->135
[2023-11-12T18:15:57.674+0100][gc,heap       ] GC(322) Humongous regions: 129->129
[2023-11-12T18:15:57.674+0100][gc,metaspace  ] GC(322) Metaspace: 46603K(49920K)->46603K(49920K) NonClass: 40865K(42752K)->40865K(42752K) Class: 5737K(7168K)->5737K(7168K)
[2023-11-12T18:15:57.674+0100][gc            ] GC(322) Pause Young (Normal) (G1 Evacuation Pause) 872M->271M(1024M) 7,248ms
[2023-11-12T18:15:57.674+0100][gc,cpu        ] GC(322) User=0,05s Sys=0,02s Real=0,01s
[2023-11-12T18:15:59.330+0100][gc,start      ] GC(323) Pause Young (Normal) (G1 Evacuation Pause)
[2023-11-12T18:15:59.330+0100][gc,task       ] GC(323) Using 13 workers of 13 for evacuation
[2023-11-12T18:15:59.336+0100][gc,phases     ] GC(323)   Pre Evacuate Collection Set: 0,0ms
[2023-11-12T18:15:59.336+0100][gc,phases     ] GC(323)   Evacuate Collection Set: 4,6ms
[2023-11-12T18:15:59.336+0100][gc,phases     ] GC(323)   Post Evacuate Collection Set: 0,6ms
[2023-11-12T18:15:59.336+0100][gc,phases     ] GC(323)   Other: 0,3ms
[2023-11-12T18:15:59.336+0100][gc,heap       ] GC(323) Eden regions: 605->0(605)
[2023-11-12T18:15:59.336+0100][gc,heap       ] GC(323) Survivor regions: 9->9(77)
[2023-11-12T18:15:59.336+0100][gc,heap       ] GC(323) Old regions: 135->137
[2023-11-12T18:15:59.336+0100][gc,heap       ] GC(323) Humongous regions: 129->129
[2023-11-12T18:15:59.336+0100][gc,metaspace  ] GC(323) Metaspace: 46604K(49920K)->46604K(49920K) NonClass: 40867K(42752K)->40867K(42752K) Class: 5737K(7168K)->5737K(7168K)
[2023-11-12T18:15:59.336+0100][gc            ] GC(323) Pause Young (Normal) (G1 Evacuation Pause) 876M->272M(1024M) 5,622ms
[2023-11-12T18:15:59.336+0100][gc,cpu        ] GC(323) User=0,06s Sys=0,00s Real=0,01s
[2023-11-12T18:16:00.954+0100][gc,start      ] GC(324) Pause Young (Normal) (G1 Evacuation Pause)
[2023-11-12T18:16:00.954+0100][gc,task       ] GC(324) Using 13 workers of 13 for evacuation
[2023-11-12T18:16:00.958+0100][gc,phases     ] GC(324)   Pre Evacuate Collection Set: 0,0ms
[2023-11-12T18:16:00.958+0100][gc,phases     ] GC(324)   Evacuate Collection Set: 3,9ms
[2023-11-12T18:16:00.958+0100][gc,phases     ] GC(324)   Post Evacuate Collection Set: 0,6ms
[2023-11-12T18:16:00.958+0100][gc,phases     ] GC(324)   Other: 0,2ms
[2023-11-12T18:16:00.958+0100][gc,heap       ] GC(324) Eden regions: 605->0(605)
[2023-11-12T18:16:00.958+0100][gc,heap       ] GC(324) Survivor regions: 9->9(77)
[2023-11-12T18:16:00.958+0100][gc,heap       ] GC(324) Old regions: 137->138
[2023-11-12T18:16:00.958+0100][gc,heap       ] GC(324) Humongous regions: 129->129
[2023-11-12T18:16:00.958+0100][gc,metaspace  ] GC(324) Metaspace: 46604K(49920K)->46604K(49920K) NonClass: 40867K(42752K)->40867K(42752K) Class: 5737K(7168K)->5737K(7168K)
[2023-11-12T18:16:00.958+0100][gc            ] GC(324) Pause Young (Normal) (G1 Evacuation Pause) 877M->273M(1024M) 4,752ms
[2023-11-12T18:16:00.958+0100][gc,cpu        ] GC(324) User=0,01s Sys=0,05s Real=0,00s
[2023-11-12T18:16:02.597+0100][gc,start      ] GC(325) Pause Young (Normal) (G1 Evacuation Pause)
[2023-11-12T18:16:02.597+0100][gc,task       ] GC(325) Using 13 workers of 13 for evacuation
[2023-11-12T18:16:02.602+0100][gc,phases     ] GC(325)   Pre Evacuate Collection Set: 0,0ms
[2023-11-12T18:16:02.602+0100][gc,phases     ] GC(325)   Evacuate Collection Set: 4,3ms
[2023-11-12T18:16:02.602+0100][gc,phases     ] GC(325)   Post Evacuate Collection Set: 0,6ms
[2023-11-12T18:16:02.602+0100][gc,phases     ] GC(325)   Other: 0,2ms
[2023-11-12T18:16:02.602+0100][gc,heap       ] GC(325) Eden regions: 605->0(604)
[2023-11-12T18:16:02.602+0100][gc,heap       ] GC(325) Survivor regions: 9->10(77)
[2023-11-12T18:16:02.602+0100][gc,heap       ] GC(325) Old regions: 138->138
[2023-11-12T18:16:02.602+0100][gc,heap       ] GC(325) Humongous regions: 129->129
[2023-11-12T18:16:02.602+0100][gc,metaspace  ] GC(325) Metaspace: 46604K(49920K)->46604K(49920K) NonClass: 40867K(42752K)->40867K(42752K) Class: 5737K(7168K)->5737K(7168K)
[2023-11-12T18:16:02.602+0100][gc            ] GC(325) Pause Young (Normal) (G1 Evacuation Pause) 878M->275M(1024M) 5,209ms
[2023-11-12T18:16:02.602+0100][gc,cpu        ] GC(325) User=0,06s Sys=0,00s Real=0,01s
[2023-11-12T18:16:04.252+0100][gc,start      ] GC(326) Pause Young (Normal) (G1 Evacuation Pause)
[2023-11-12T18:16:04.252+0100][gc,task       ] GC(326) Using 13 workers of 13 for evacuation
[2023-11-12T18:16:04.258+0100][gc,phases     ] GC(326)   Pre Evacuate Collection Set: 0,0ms
[2023-11-12T18:16:04.258+0100][gc,phases     ] GC(326)   Evacuate Collection Set: 5,2ms
[2023-11-12T18:16:04.258+0100][gc,phases     ] GC(326)   Post Evacuate Collection Set: 0,6ms
[2023-11-12T18:16:04.259+0100][gc,phases     ] GC(326)   Other: 0,2ms
[2023-11-12T18:16:04.259+0100][gc,heap       ] GC(326) Eden regions: 604->0(603)
[2023-11-12T18:16:04.259+0100][gc,heap       ] GC(326) Survivor regions: 10->11(77)
[2023-11-12T18:16:04.259+0100][gc,heap       ] GC(326) Old regions: 138->139
[2023-11-12T18:16:04.259+0100][gc,heap       ] GC(326) Humongous regions: 129->129
[2023-11-12T18:16:04.259+0100][gc,metaspace  ] GC(326) Metaspace: 46604K(49920K)->46604K(49920K) NonClass: 40867K(42752K)->40867K(42752K) Class: 5737K(7168K)->5737K(7168K)
[2023-11-12T18:16:04.259+0100][gc            ] GC(326) Pause Young (Normal) (G1 Evacuation Pause) 879M->276M(1024M) 6,115ms
[2023-11-12T18:16:04.259+0100][gc,cpu        ] GC(326) User=0,06s Sys=0,01s Real=0,01s
[2023-11-12T18:16:05.901+0100][gc,start      ] GC(327) Pause Young (Normal) (G1 Evacuation Pause)
[2023-11-12T18:16:05.901+0100][gc,task       ] GC(327) Using 13 workers of 13 for evacuation
[2023-11-12T18:16:05.906+0100][gc,phases     ] GC(327)   Pre Evacuate Collection Set: 0,0ms
[2023-11-12T18:16:05.906+0100][gc,phases     ] GC(327)   Evacuate Collection Set: 4,5ms
[2023-11-12T18:16:05.907+0100][gc,phases     ] GC(327)   Post Evacuate Collection Set: 0,6ms
[2023-11-12T18:16:05.907+0100][gc,phases     ] GC(327)   Other: 0,2ms
[2023-11-12T18:16:05.907+0100][gc,heap       ] GC(327) Eden regions: 603->0(602)
[2023-11-12T18:16:05.907+0100][gc,heap       ] GC(327) Survivor regions: 11->12(77)
[2023-11-12T18:16:05.907+0100][gc,heap       ] GC(327) Old regions: 139->139
[2023-11-12T18:16:05.907+0100][gc,heap       ] GC(327) Humongous regions: 129->129
[2023-11-12T18:16:05.907+0100][gc,metaspace  ] GC(327) Metaspace: 46604K(49920K)->46604K(49920K) NonClass: 40867K(42752K)->40867K(42752K) Class: 5737K(7168K)->5737K(7168K)
[2023-11-12T18:16:05.907+0100][gc            ] GC(327) Pause Young (Normal) (G1 Evacuation Pause) 879M->277M(1024M) 5,474ms
[2023-11-12T18:16:05.907+0100][gc,cpu        ] GC(327) User=0,05s Sys=0,01s Real=0,01s
[2023-11-12T18:16:07.531+0100][gc,start      ] GC(328) Pause Young (Normal) (G1 Evacuation Pause)
[2023-11-12T18:16:07.531+0100][gc,task       ] GC(328) Using 13 workers of 13 for evacuation
[2023-11-12T18:16:07.537+0100][gc,phases     ] GC(328)   Pre Evacuate Collection Set: 0,0ms
[2023-11-12T18:16:07.537+0100][gc,phases     ] GC(328)   Evacuate Collection Set: 5,8ms
[2023-11-12T18:16:07.537+0100][gc,phases     ] GC(328)   Post Evacuate Collection Set: 0,6ms
[2023-11-12T18:16:07.537+0100][gc,phases     ] GC(328)   Other: 0,2ms
[2023-11-12T18:16:07.537+0100][gc,heap       ] GC(328) Eden regions: 602->0(601)
[2023-11-12T18:16:07.537+0100][gc,heap       ] GC(328) Survivor regions: 12->13(77)
[2023-11-12T18:16:07.537+0100][gc,heap       ] GC(328) Old regions: 139->139
[2023-11-12T18:16:07.537+0100][gc,heap       ] GC(328) Humongous regions: 129->129
[2023-11-12T18:16:07.537+0100][gc,metaspace  ] GC(328) Metaspace: 46604K(49920K)->46604K(49920K) NonClass: 40867K(42752K)->40867K(42752K) Class: 5737K(7168K)->5737K(7168K)
[2023-11-12T18:16:07.537+0100][gc            ] GC(328) Pause Young (Normal) (G1 Evacuation Pause) 879M->278M(1024M) 6,675ms
[2023-11-12T18:16:07.537+0100][gc,cpu        ] GC(328) User=0,05s Sys=0,01s Real=0,01s
[2023-11-12T18:16:09.165+0100][gc,start      ] GC(329) Pause Young (Normal) (G1 Evacuation Pause)
[2023-11-12T18:16:09.165+0100][gc,task       ] GC(329) Using 13 workers of 13 for evacuation
[2023-11-12T18:16:09.171+0100][gc,phases     ] GC(329)   Pre Evacuate Collection Set: 0,0ms
[2023-11-12T18:16:09.171+0100][gc,phases     ] GC(329)   Evacuate Collection Set: 5,4ms
[2023-11-12T18:16:09.171+0100][gc,phases     ] GC(329)   Post Evacuate Collection Set: 0,6ms
[2023-11-12T18:16:09.171+0100][gc,phases     ] GC(329)   Other: 0,2ms
[2023-11-12T18:16:09.171+0100][gc,heap       ] GC(329) Eden regions: 601->0(600)
[2023-11-12T18:16:09.171+0100][gc,heap       ] GC(329) Survivor regions: 13->14(77)
[2023-11-12T18:16:09.171+0100][gc,heap       ] GC(329) Old regions: 139->140
[2023-11-12T18:16:09.171+0100][gc,heap       ] GC(329) Humongous regions: 129->129
[2023-11-12T18:16:09.171+0100][gc,metaspace  ] GC(329) Metaspace: 46604K(49920K)->46604K(49920K) NonClass: 40867K(42752K)->40867K(42752K) Class: 5737K(7168K)->5737K(7168K)
[2023-11-12T18:16:09.171+0100][gc            ] GC(329) Pause Young (Normal) (G1 Evacuation Pause) 879M->280M(1024M) 6,273ms
[2023-11-12T18:16:09.171+0100][gc,cpu        ] GC(329) User=0,07s Sys=0,00s Real=0,00s
[2023-11-12T18:16:10.824+0100][gc,start      ] GC(330) Pause Young (Normal) (G1 Evacuation Pause)
[2023-11-12T18:16:10.824+0100][gc,task       ] GC(330) Using 13 workers of 13 for evacuation
[2023-11-12T18:16:10.830+0100][gc,phases     ] GC(330)   Pre Evacuate Collection Set: 0,0ms
[2023-11-12T18:16:10.830+0100][gc,phases     ] GC(330)   Evacuate Collection Set: 5,8ms
[2023-11-12T18:16:10.830+0100][gc,phases     ] GC(330)   Post Evacuate Collection Set: 0,6ms
[2023-11-12T18:16:10.830+0100][gc,phases     ] GC(330)   Other: 0,2ms
[2023-11-12T18:16:10.830+0100][gc,heap       ] GC(330) Eden regions: 600->0(599)
[2023-11-12T18:16:10.830+0100][gc,heap       ] GC(330) Survivor regions: 14->15(77)
[2023-11-12T18:16:10.830+0100][gc,heap       ] GC(330) Old regions: 140->140
[2023-11-12T18:16:10.830+0100][gc,heap       ] GC(330) Humongous regions: 129->129
[2023-11-12T18:16:10.830+0100][gc,metaspace  ] GC(330) Metaspace: 46606K(49920K)->46606K(49920K) NonClass: 40868K(42752K)->40868K(42752K) Class: 5737K(7168K)->5737K(7168K)
[2023-11-12T18:16:10.830+0100][gc            ] GC(330) Pause Young (Normal) (G1 Evacuation Pause) 880M->281M(1024M) 6,708ms
[2023-11-12T18:16:10.830+0100][gc,cpu        ] GC(330) User=0,06s Sys=0,02s Real=0,00s
[2023-11-12T18:16:12.465+0100][gc,start      ] GC(331) Pause Young (Normal) (G1 Evacuation Pause)
[2023-11-12T18:16:12.465+0100][gc,task       ] GC(331) Using 13 workers of 13 for evacuation
[2023-11-12T18:16:12.473+0100][gc,phases     ] GC(331)   Pre Evacuate Collection Set: 0,0ms
[2023-11-12T18:16:12.473+0100][gc,phases     ] GC(331)   Evacuate Collection Set: 7,2ms
[2023-11-12T18:16:12.473+0100][gc,phases     ] GC(331)   Post Evacuate Collection Set: 0,6ms
[2023-11-12T18:16:12.473+0100][gc,phases     ] GC(331)   Other: 0,2ms
[2023-11-12T18:16:12.473+0100][gc,heap       ] GC(331) Eden regions: 599->0(598)
[2023-11-12T18:16:12.473+0100][gc,heap       ] GC(331) Survivor regions: 15->16(77)
[2023-11-12T18:16:12.473+0100][gc,heap       ] GC(331) Old regions: 140->140
[2023-11-12T18:16:12.473+0100][gc,heap       ] GC(331) Humongous regions: 129->129
[2023-11-12T18:16:12.473+0100][gc,metaspace  ] GC(331) Metaspace: 46606K(49920K)->46606K(49920K) NonClass: 40868K(42752K)->40868K(42752K) Class: 5737K(7168K)->5737K(7168K)
[2023-11-12T18:16:12.473+0100][gc            ] GC(331) Pause Young (Normal) (G1 Evacuation Pause) 880M->283M(1024M) 8,118ms
[2023-11-12T18:16:12.473+0100][gc,cpu        ] GC(331) User=0,07s Sys=0,00s Real=0,00s
[2023-11-12T18:16:14.121+0100][gc,start      ] GC(332) Pause Young (Normal) (G1 Evacuation Pause)
[2023-11-12T18:16:14.121+0100][gc,task       ] GC(332) Using 13 workers of 13 for evacuation
[2023-11-12T18:16:14.128+0100][gc,phases     ] GC(332)   Pre Evacuate Collection Set: 0,0ms
[2023-11-12T18:16:14.128+0100][gc,phases     ] GC(332)   Evacuate Collection Set: 6,0ms
[2023-11-12T18:16:14.128+0100][gc,phases     ] GC(332)   Post Evacuate Collection Set: 0,6ms
[2023-11-12T18:16:14.128+0100][gc,phases     ] GC(332)   Other: 0,2ms
[2023-11-12T18:16:14.128+0100][gc,heap       ] GC(332) Eden regions: 598->0(597)
[2023-11-12T18:16:14.128+0100][gc,heap       ] GC(332) Survivor regions: 16->17(77)
[2023-11-12T18:16:14.128+0100][gc,heap       ] GC(332) Old regions: 140->141
[2023-11-12T18:16:14.128+0100][gc,heap       ] GC(332) Humongous regions: 129->129
[2023-11-12T18:16:14.128+0100][gc,metaspace  ] GC(332) Metaspace: 46606K(49920K)->46606K(49920K) NonClass: 40868K(42752K)->40868K(42752K) Class: 5737K(7168K)->5737K(7168K)
[2023-11-12T18:16:14.128+0100][gc            ] GC(332) Pause Young (Normal) (G1 Evacuation Pause) 881M->284M(1024M) 6,923ms
[2023-11-12T18:16:14.128+0100][gc,cpu        ] GC(332) User=0,05s Sys=0,02s Real=0,00s
[2023-11-12T18:16:15.755+0100][gc,start      ] GC(333) Pause Young (Normal) (G1 Evacuation Pause)
[2023-11-12T18:16:15.755+0100][gc,task       ] GC(333) Using 13 workers of 13 for evacuation
[2023-11-12T18:16:15.762+0100][gc,phases     ] GC(333)   Pre Evacuate Collection Set: 0,0ms
[2023-11-12T18:16:15.762+0100][gc,phases     ] GC(333)   Evacuate Collection Set: 6,7ms
[2023-11-12T18:16:15.762+0100][gc,phases     ] GC(333)   Post Evacuate Collection Set: 0,5ms
[2023-11-12T18:16:15.762+0100][gc,phases     ] GC(333)   Other: 0,2ms
[2023-11-12T18:16:15.762+0100][gc,heap       ] GC(333) Eden regions: 597->0(595)
[2023-11-12T18:16:15.762+0100][gc,heap       ] GC(333) Survivor regions: 17->19(77)
[2023-11-12T18:16:15.762+0100][gc,heap       ] GC(333) Old regions: 141->141
[2023-11-12T18:16:15.762+0100][gc,heap       ] GC(333) Humongous regions: 129->129
[2023-11-12T18:16:15.762+0100][gc,metaspace  ] GC(333) Metaspace: 46606K(49920K)->46606K(49920K) NonClass: 40868K(42752K)->40868K(42752K) Class: 5737K(7168K)->5737K(7168K)
[2023-11-12T18:16:15.763+0100][gc            ] GC(333) Pause Young (Normal) (G1 Evacuation Pause) 881M->286M(1024M) 7,562ms
[2023-11-12T18:16:15.763+0100][gc,cpu        ] GC(333) User=0,06s Sys=0,02s Real=0,01s
[2023-11-12T18:16:17.290+0100][gc,start      ] GC(334) Pause Young (Normal) (G1 Evacuation Pause)
[2023-11-12T18:16:17.290+0100][gc,task       ] GC(334) Using 13 workers of 13 for evacuation
[2023-11-12T18:16:17.297+0100][gc,phases     ] GC(334)   Pre Evacuate Collection Set: 0,0ms
[2023-11-12T18:16:17.297+0100][gc,phases     ] GC(334)   Evacuate Collection Set: 6,9ms
[2023-11-12T18:16:17.297+0100][gc,phases     ] GC(334)   Post Evacuate Collection Set: 0,6ms
[2023-11-12T18:16:17.297+0100][gc,phases     ] GC(334)   Other: 0,2ms
[2023-11-12T18:16:17.297+0100][gc,heap       ] GC(334) Eden regions: 595->0(594)
[2023-11-12T18:16:17.297+0100][gc,heap       ] GC(334) Survivor regions: 19->20(77)
[2023-11-12T18:16:17.297+0100][gc,heap       ] GC(334) Old regions: 141->141
[2023-11-12T18:16:17.297+0100][gc,heap       ] GC(334) Humongous regions: 129->129
[2023-11-12T18:16:17.297+0100][gc,metaspace  ] GC(334) Metaspace: 46606K(49920K)->46606K(49920K) NonClass: 40868K(42752K)->40868K(42752K) Class: 5737K(7168K)->5737K(7168K)
[2023-11-12T18:16:17.297+0100][gc            ] GC(334) Pause Young (Normal) (G1 Evacuation Pause) 881M->287M(1024M) 7,814ms
[2023-11-12T18:16:17.298+0100][gc,cpu        ] GC(334) User=0,07s Sys=0,02s Real=0,01s
[2023-11-12T18:16:18.846+0100][gc,start      ] GC(335) Pause Young (Normal) (G1 Evacuation Pause)
[2023-11-12T18:16:18.846+0100][gc,task       ] GC(335) Using 13 workers of 13 for evacuation
[2023-11-12T18:16:18.854+0100][gc,phases     ] GC(335)   Pre Evacuate Collection Set: 0,0ms
[2023-11-12T18:16:18.854+0100][gc,phases     ] GC(335)   Evacuate Collection Set: 7,4ms
[2023-11-12T18:16:18.854+0100][gc,phases     ] GC(335)   Post Evacuate Collection Set: 0,7ms
[2023-11-12T18:16:18.854+0100][gc,phases     ] GC(335)   Other: 0,2ms
[2023-11-12T18:16:18.854+0100][gc,heap       ] GC(335) Eden regions: 594->0(593)
[2023-11-12T18:16:18.854+0100][gc,heap       ] GC(335) Survivor regions: 20->21(77)
[2023-11-12T18:16:18.854+0100][gc,heap       ] GC(335) Old regions: 141->142
[2023-11-12T18:16:18.854+0100][gc,heap       ] GC(335) Humongous regions: 129->129
[2023-11-12T18:16:18.854+0100][gc,metaspace  ] GC(335) Metaspace: 46606K(49920K)->46606K(49920K) NonClass: 40868K(42752K)->40868K(42752K) Class: 5737K(7168K)->5737K(7168K)
[2023-11-12T18:16:18.854+0100][gc            ] GC(335) Pause Young (Normal) (G1 Evacuation Pause) 881M->289M(1024M) 8,428ms
[2023-11-12T18:16:18.854+0100][gc,cpu        ] GC(335) User=0,09s Sys=0,00s Real=0,01s
[2023-11-12T18:16:20.418+0100][gc,start      ] GC(336) Pause Young (Normal) (G1 Evacuation Pause)
[2023-11-12T18:16:20.418+0100][gc,task       ] GC(336) Using 13 workers of 13 for evacuation
[2023-11-12T18:16:20.427+0100][gc,phases     ] GC(336)   Pre Evacuate Collection Set: 0,0ms
[2023-11-12T18:16:20.427+0100][gc,phases     ] GC(336)   Evacuate Collection Set: 8,0ms
[2023-11-12T18:16:20.427+0100][gc,phases     ] GC(336)   Post Evacuate Collection Set: 0,5ms
[2023-11-12T18:16:20.427+0100][gc,phases     ] GC(336)   Other: 0,2ms
[2023-11-12T18:16:20.427+0100][gc,heap       ] GC(336) Eden regions: 593->0(593)
[2023-11-12T18:16:20.427+0100][gc,heap       ] GC(336) Survivor regions: 21->21(77)
[2023-11-12T18:16:20.427+0100][gc,heap       ] GC(336) Old regions: 142->143
[2023-11-12T18:16:20.427+0100][gc,heap       ] GC(336) Humongous regions: 129->129
[2023-11-12T18:16:20.427+0100][gc,metaspace  ] GC(336) Metaspace: 46606K(49920K)->46606K(49920K) NonClass: 40868K(42752K)->40868K(42752K) Class: 5737K(7168K)->5737K(7168K)
[2023-11-12T18:16:20.427+0100][gc            ] GC(336) Pause Young (Normal) (G1 Evacuation Pause) 882M->291M(1024M) 8,861ms
[2023-11-12T18:16:20.427+0100][gc,cpu        ] GC(336) User=0,08s Sys=0,01s Real=0,01s
[2023-11-12T18:16:21.942+0100][gc,start      ] GC(337) Pause Young (Normal) (G1 Evacuation Pause)
[2023-11-12T18:16:21.942+0100][gc,task       ] GC(337) Using 13 workers of 13 for evacuation
[2023-11-12T18:16:21.950+0100][gc,phases     ] GC(337)   Pre Evacuate Collection Set: 0,0ms
[2023-11-12T18:16:21.951+0100][gc,phases     ] GC(337)   Evacuate Collection Set: 7,6ms
[2023-11-12T18:16:21.951+0100][gc,phases     ] GC(337)   Post Evacuate Collection Set: 0,5ms
[2023-11-12T18:16:21.951+0100][gc,phases     ] GC(337)   Other: 0,2ms
[2023-11-12T18:16:21.951+0100][gc,heap       ] GC(337) Eden regions: 593->0(593)
[2023-11-12T18:16:21.951+0100][gc,heap       ] GC(337) Survivor regions: 21->21(77)
[2023-11-12T18:16:21.951+0100][gc,heap       ] GC(337) Old regions: 143->144
[2023-11-12T18:16:21.951+0100][gc,heap       ] GC(337) Humongous regions: 129->129
[2023-11-12T18:16:21.951+0100][gc,metaspace  ] GC(337) Metaspace: 46606K(49920K)->46606K(49920K) NonClass: 40868K(42752K)->40868K(42752K) Class: 5737K(7168K)->5737K(7168K)
[2023-11-12T18:16:21.951+0100][gc            ] GC(337) Pause Young (Normal) (G1 Evacuation Pause) 884M->291M(1024M) 8,441ms
[2023-11-12T18:16:21.951+0100][gc,cpu        ] GC(337) User=0,07s Sys=0,01s Real=0,00s
[2023-11-12T18:16:23.451+0100][gc,start      ] GC(338) Pause Young (Normal) (G1 Evacuation Pause)
[2023-11-12T18:16:23.451+0100][gc,task       ] GC(338) Using 13 workers of 13 for evacuation
[2023-11-12T18:16:23.459+0100][gc,phases     ] GC(338)   Pre Evacuate Collection Set: 0,0ms
[2023-11-12T18:16:23.459+0100][gc,phases     ] GC(338)   Evacuate Collection Set: 7,8ms
[2023-11-12T18:16:23.459+0100][gc,phases     ] GC(338)   Post Evacuate Collection Set: 0,6ms
[2023-11-12T18:16:23.459+0100][gc,phases     ] GC(338)   Other: 0,2ms
[2023-11-12T18:16:23.459+0100][gc,heap       ] GC(338) Eden regions: 593->0(592)
[2023-11-12T18:16:23.459+0100][gc,heap       ] GC(338) Survivor regions: 21->22(77)
[2023-11-12T18:16:23.459+0100][gc,heap       ] GC(338) Old regions: 144->145
[2023-11-12T18:16:23.459+0100][gc,heap       ] GC(338) Humongous regions: 129->129
[2023-11-12T18:16:23.459+0100][gc,metaspace  ] GC(338) Metaspace: 46606K(49920K)->46606K(49920K) NonClass: 40868K(42752K)->40868K(42752K) Class: 5737K(7168K)->5737K(7168K)
[2023-11-12T18:16:23.459+0100][gc            ] GC(338) Pause Young (Normal) (G1 Evacuation Pause) 884M->294M(1024M) 8,727ms
[2023-11-12T18:16:23.459+0100][gc,cpu        ] GC(338) User=0,10s Sys=0,00s Real=0,01s
[2023-11-12T18:16:24.955+0100][gc,start      ] GC(339) Pause Young (Normal) (G1 Evacuation Pause)
[2023-11-12T18:16:24.955+0100][gc,task       ] GC(339) Using 13 workers of 13 for evacuation
[2023-11-12T18:16:24.963+0100][gc,phases     ] GC(339)   Pre Evacuate Collection Set: 0,0ms
[2023-11-12T18:16:24.963+0100][gc,phases     ] GC(339)   Evacuate Collection Set: 7,4ms
[2023-11-12T18:16:24.963+0100][gc,phases     ] GC(339)   Post Evacuate Collection Set: 0,6ms
[2023-11-12T18:16:24.963+0100][gc,phases     ] GC(339)   Other: 0,2ms
[2023-11-12T18:16:24.963+0100][gc,heap       ] GC(339) Eden regions: 592->0(592)
[2023-11-12T18:16:24.963+0100][gc,heap       ] GC(339) Survivor regions: 22->22(77)
[2023-11-12T18:16:24.963+0100][gc,heap       ] GC(339) Old regions: 145->147
[2023-11-12T18:16:24.963+0100][gc,heap       ] GC(339) Humongous regions: 129->129
[2023-11-12T18:16:24.963+0100][gc,metaspace  ] GC(339) Metaspace: 46606K(49920K)->46606K(49920K) NonClass: 40868K(42752K)->40868K(42752K) Class: 5737K(7168K)->5737K(7168K)
[2023-11-12T18:16:24.963+0100][gc            ] GC(339) Pause Young (Normal) (G1 Evacuation Pause) 886M->295M(1024M) 8,313ms
[2023-11-12T18:16:24.963+0100][gc,cpu        ] GC(339) User=0,09s Sys=0,00s Real=0,01s
[2023-11-12T18:16:26.441+0100][gc,start      ] GC(340) Pause Young (Normal) (G1 Evacuation Pause)
[2023-11-12T18:16:26.441+0100][gc,task       ] GC(340) Using 13 workers of 13 for evacuation
[2023-11-12T18:16:26.449+0100][gc,phases     ] GC(340)   Pre Evacuate Collection Set: 0,0ms
[2023-11-12T18:16:26.449+0100][gc,phases     ] GC(340)   Evacuate Collection Set: 7,5ms
[2023-11-12T18:16:26.449+0100][gc,phases     ] GC(340)   Post Evacuate Collection Set: 0,6ms
[2023-11-12T18:16:26.449+0100][gc,phases     ] GC(340)   Other: 0,2ms
[2023-11-12T18:16:26.449+0100][gc,heap       ] GC(340) Eden regions: 592->0(591)
[2023-11-12T18:16:26.449+0100][gc,heap       ] GC(340) Survivor regions: 22->23(77)
[2023-11-12T18:16:26.449+0100][gc,heap       ] GC(340) Old regions: 147->148
[2023-11-12T18:16:26.449+0100][gc,heap       ] GC(340) Humongous regions: 129->129
[2023-11-12T18:16:26.449+0100][gc,metaspace  ] GC(340) Metaspace: 46606K(49920K)->46606K(49920K) NonClass: 40868K(42752K)->40868K(42752K) Class: 5737K(7168K)->5737K(7168K)
[2023-11-12T18:16:26.449+0100][gc            ] GC(340) Pause Young (Normal) (G1 Evacuation Pause) 887M->297M(1024M) 8,396ms
[2023-11-12T18:16:26.449+0100][gc,cpu        ] GC(340) User=0,09s Sys=0,01s Real=0,01s
[2023-11-12T18:16:27.926+0100][gc,start      ] GC(341) Pause Young (Normal) (G1 Evacuation Pause)
[2023-11-12T18:16:27.926+0100][gc,task       ] GC(341) Using 13 workers of 13 for evacuation
[2023-11-12T18:16:27.934+0100][gc,phases     ] GC(341)   Pre Evacuate Collection Set: 0,0ms
[2023-11-12T18:16:27.934+0100][gc,phases     ] GC(341)   Evacuate Collection Set: 7,8ms
[2023-11-12T18:16:27.934+0100][gc,phases     ] GC(341)   Post Evacuate Collection Set: 0,6ms
[2023-11-12T18:16:27.934+0100][gc,phases     ] GC(341)   Other: 0,2ms
[2023-11-12T18:16:27.934+0100][gc,heap       ] GC(341) Eden regions: 591->0(591)
[2023-11-12T18:16:27.934+0100][gc,heap       ] GC(341) Survivor regions: 23->23(77)
[2023-11-12T18:16:27.934+0100][gc,heap       ] GC(341) Old regions: 148->149
[2023-11-12T18:16:27.934+0100][gc,heap       ] GC(341) Humongous regions: 129->129
[2023-11-12T18:16:27.934+0100][gc,metaspace  ] GC(341) Metaspace: 46606K(49920K)->46606K(49920K) NonClass: 40868K(42752K)->40868K(42752K) Class: 5737K(7168K)->5737K(7168K)
[2023-11-12T18:16:27.934+0100][gc            ] GC(341) Pause Young (Normal) (G1 Evacuation Pause) 888M->298M(1024M) 8,744ms
[2023-11-12T18:16:27.934+0100][gc,cpu        ] GC(341) User=0,07s Sys=0,03s Real=0,01s
[2023-11-12T18:16:29.356+0100][gc,start      ] GC(342) Pause Young (Normal) (G1 Evacuation Pause)
[2023-11-12T18:16:29.356+0100][gc,task       ] GC(342) Using 13 workers of 13 for evacuation
[2023-11-12T18:16:29.364+0100][gc,phases     ] GC(342)   Pre Evacuate Collection Set: 0,0ms
[2023-11-12T18:16:29.364+0100][gc,phases     ] GC(342)   Evacuate Collection Set: 7,8ms
[2023-11-12T18:16:29.364+0100][gc,phases     ] GC(342)   Post Evacuate Collection Set: 0,6ms
[2023-11-12T18:16:29.364+0100][gc,phases     ] GC(342)   Other: 0,2ms
[2023-11-12T18:16:29.364+0100][gc,heap       ] GC(342) Eden regions: 591->0(591)
[2023-11-12T18:16:29.364+0100][gc,heap       ] GC(342) Survivor regions: 23->23(77)
[2023-11-12T18:16:29.364+0100][gc,heap       ] GC(342) Old regions: 149->150
[2023-11-12T18:16:29.364+0100][gc,heap       ] GC(342) Humongous regions: 129->129
[2023-11-12T18:16:29.364+0100][gc,metaspace  ] GC(342) Metaspace: 46606K(49920K)->46606K(49920K) NonClass: 40868K(42752K)->40868K(42752K) Class: 5737K(7168K)->5737K(7168K)
[2023-11-12T18:16:29.364+0100][gc            ] GC(342) Pause Young (Normal) (G1 Evacuation Pause) 889M->300M(1024M) 8,685ms
[2023-11-12T18:16:29.364+0100][gc,cpu        ] GC(342) User=0,10s Sys=0,00s Real=0,01s
[2023-11-12T18:16:30.836+0100][gc,start      ] GC(343) Pause Young (Normal) (G1 Evacuation Pause)
[2023-11-12T18:16:30.836+0100][gc,task       ] GC(343) Using 13 workers of 13 for evacuation
[2023-11-12T18:16:30.845+0100][gc,phases     ] GC(343)   Pre Evacuate Collection Set: 0,0ms
[2023-11-12T18:16:30.845+0100][gc,phases     ] GC(343)   Evacuate Collection Set: 7,7ms
[2023-11-12T18:16:30.845+0100][gc,phases     ] GC(343)   Post Evacuate Collection Set: 0,6ms
[2023-11-12T18:16:30.845+0100][gc,phases     ] GC(343)   Other: 0,2ms
[2023-11-12T18:16:30.845+0100][gc,heap       ] GC(343) Eden regions: 591->0(591)
[2023-11-12T18:16:30.845+0100][gc,heap       ] GC(343) Survivor regions: 23->23(77)
[2023-11-12T18:16:30.845+0100][gc,heap       ] GC(343) Old regions: 150->152
[2023-11-12T18:16:30.845+0100][gc,heap       ] GC(343) Humongous regions: 129->129
[2023-11-12T18:16:30.845+0100][gc,metaspace  ] GC(343) Metaspace: 46606K(49920K)->46606K(49920K) NonClass: 40868K(42752K)->40868K(42752K) Class: 5737K(7168K)->5737K(7168K)
[2023-11-12T18:16:30.845+0100][gc            ] GC(343) Pause Young (Normal) (G1 Evacuation Pause) 891M->301M(1024M) 8,633ms
[2023-11-12T18:16:30.845+0100][gc,cpu        ] GC(343) User=0,10s Sys=0,00s Real=0,01s
[2023-11-12T18:16:32.409+0100][gc,start      ] GC(344) Pause Young (Normal) (G1 Evacuation Pause)
[2023-11-12T18:16:32.409+0100][gc,task       ] GC(344) Using 13 workers of 13 for evacuation
[2023-11-12T18:16:32.418+0100][gc,phases     ] GC(344)   Pre Evacuate Collection Set: 0,0ms
[2023-11-12T18:16:32.418+0100][gc,phases     ] GC(344)   Evacuate Collection Set: 7,7ms
[2023-11-12T18:16:32.418+0100][gc,phases     ] GC(344)   Post Evacuate Collection Set: 0,6ms
[2023-11-12T18:16:32.418+0100][gc,phases     ] GC(344)   Other: 0,2ms
[2023-11-12T18:16:32.418+0100][gc,heap       ] GC(344) Eden regions: 591->0(591)
[2023-11-12T18:16:32.418+0100][gc,heap       ] GC(344) Survivor regions: 23->23(77)
[2023-11-12T18:16:32.418+0100][gc,heap       ] GC(344) Old regions: 152->153
[2023-11-12T18:16:32.418+0100][gc,heap       ] GC(344) Humongous regions: 129->129
[2023-11-12T18:16:32.418+0100][gc,metaspace  ] GC(344) Metaspace: 46606K(49920K)->46606K(49920K) NonClass: 40868K(42752K)->40868K(42752K) Class: 5737K(7168K)->5737K(7168K)
[2023-11-12T18:16:32.418+0100][gc            ] GC(344) Pause Young (Normal) (G1 Evacuation Pause) 892M->303M(1024M) 8,601ms
[2023-11-12T18:16:32.418+0100][gc,cpu        ] GC(344) User=0,08s Sys=0,03s Real=0,01s
[2023-11-12T18:16:33.894+0100][gc,start      ] GC(345) Pause Young (Normal) (G1 Evacuation Pause)
[2023-11-12T18:16:33.895+0100][gc,task       ] GC(345) Using 13 workers of 13 for evacuation
[2023-11-12T18:16:33.900+0100][gc,phases     ] GC(345)   Pre Evacuate Collection Set: 0,0ms
[2023-11-12T18:16:33.900+0100][gc,phases     ] GC(345)   Evacuate Collection Set: 4,5ms
[2023-11-12T18:16:33.900+0100][gc,phases     ] GC(345)   Post Evacuate Collection Set: 0,6ms
[2023-11-12T18:16:33.900+0100][gc,phases     ] GC(345)   Other: 0,2ms
[2023-11-12T18:16:33.900+0100][gc,heap       ] GC(345) Eden regions: 591->0(607)
[2023-11-12T18:16:33.900+0100][gc,heap       ] GC(345) Survivor regions: 23->7(77)
[2023-11-12T18:16:33.900+0100][gc,heap       ] GC(345) Old regions: 153->153
[2023-11-12T18:16:33.900+0100][gc,heap       ] GC(345) Humongous regions: 129->129
[2023-11-12T18:16:33.900+0100][gc,metaspace  ] GC(345) Metaspace: 46606K(49920K)->46606K(49920K) NonClass: 40868K(42752K)->40868K(42752K) Class: 5737K(7168K)->5737K(7168K)
[2023-11-12T18:16:33.900+0100][gc            ] GC(345) Pause Young (Normal) (G1 Evacuation Pause) 894M->286M(1024M) 5,467ms
[2023-11-12T18:16:33.900+0100][gc,cpu        ] GC(345) User=0,04s Sys=0,01s Real=0,00s
[2023-11-12T18:16:35.414+0100][gc,start      ] GC(346) Pause Young (Normal) (G1 Evacuation Pause)
[2023-11-12T18:16:35.414+0100][gc,task       ] GC(346) Using 13 workers of 13 for evacuation
[2023-11-12T18:16:35.419+0100][gc,phases     ] GC(346)   Pre Evacuate Collection Set: 0,0ms
[2023-11-12T18:16:35.419+0100][gc,phases     ] GC(346)   Evacuate Collection Set: 4,5ms
[2023-11-12T18:16:35.419+0100][gc,phases     ] GC(346)   Post Evacuate Collection Set: 0,5ms
[2023-11-12T18:16:35.419+0100][gc,phases     ] GC(346)   Other: 0,2ms
[2023-11-12T18:16:35.419+0100][gc,heap       ] GC(346) Eden regions: 607->0(607)
[2023-11-12T18:16:35.419+0100][gc,heap       ] GC(346) Survivor regions: 7->7(77)
[2023-11-12T18:16:35.419+0100][gc,heap       ] GC(346) Old regions: 153->154
[2023-11-12T18:16:35.419+0100][gc,heap       ] GC(346) Humongous regions: 129->129
[2023-11-12T18:16:35.419+0100][gc,metaspace  ] GC(346) Metaspace: 46606K(49920K)->46606K(49920K) NonClass: 40868K(42752K)->40868K(42752K) Class: 5737K(7168K)->5737K(7168K)
[2023-11-12T18:16:35.419+0100][gc            ] GC(346) Pause Young (Normal) (G1 Evacuation Pause) 893M->287M(1024M) 5,416ms
[2023-11-12T18:16:35.419+0100][gc,cpu        ] GC(346) User=0,02s Sys=0,03s Real=0,00s
[2023-11-12T18:16:36.905+0100][gc,start      ] GC(347) Pause Young (Normal) (G1 Evacuation Pause)
[2023-11-12T18:16:36.905+0100][gc,task       ] GC(347) Using 13 workers of 13 for evacuation
[2023-11-12T18:16:36.912+0100][gc,phases     ] GC(347)   Pre Evacuate Collection Set: 0,0ms
[2023-11-12T18:16:36.912+0100][gc,phases     ] GC(347)   Evacuate Collection Set: 5,7ms
[2023-11-12T18:16:36.912+0100][gc,phases     ] GC(347)   Post Evacuate Collection Set: 0,7ms
[2023-11-12T18:16:36.912+0100][gc,phases     ] GC(347)   Other: 0,3ms
[2023-11-12T18:16:36.912+0100][gc,heap       ] GC(347) Eden regions: 607->0(606)
[2023-11-12T18:16:36.912+0100][gc,heap       ] GC(347) Survivor regions: 7->8(77)
[2023-11-12T18:16:36.912+0100][gc,heap       ] GC(347) Old regions: 154->154
[2023-11-12T18:16:36.912+0100][gc,heap       ] GC(347) Humongous regions: 129->129
[2023-11-12T18:16:36.912+0100][gc,metaspace  ] GC(347) Metaspace: 46606K(49920K)->46606K(49920K) NonClass: 40868K(42752K)->40868K(42752K) Class: 5737K(7168K)->5737K(7168K)
[2023-11-12T18:16:36.912+0100][gc            ] GC(347) Pause Young (Normal) (G1 Evacuation Pause) 894M->288M(1024M) 6,869ms
[2023-11-12T18:16:36.912+0100][gc,cpu        ] GC(347) User=0,04s Sys=0,02s Real=0,00s
[2023-11-12T18:16:38.406+0100][gc,start      ] GC(348) Pause Young (Normal) (G1 Evacuation Pause)
[2023-11-12T18:16:38.406+0100][gc,task       ] GC(348) Using 13 workers of 13 for evacuation
[2023-11-12T18:16:38.411+0100][gc,phases     ] GC(348)   Pre Evacuate Collection Set: 0,0ms
[2023-11-12T18:16:38.411+0100][gc,phases     ] GC(348)   Evacuate Collection Set: 3,8ms
[2023-11-12T18:16:38.411+0100][gc,phases     ] GC(348)   Post Evacuate Collection Set: 0,6ms
[2023-11-12T18:16:38.411+0100][gc,phases     ] GC(348)   Other: 0,2ms
[2023-11-12T18:16:38.411+0100][gc,heap       ] GC(348) Eden regions: 606->0(605)
[2023-11-12T18:16:38.411+0100][gc,heap       ] GC(348) Survivor regions: 8->9(77)
[2023-11-12T18:16:38.411+0100][gc,heap       ] GC(348) Old regions: 154->154
[2023-11-12T18:16:38.411+0100][gc,heap       ] GC(348) Humongous regions: 129->129
[2023-11-12T18:16:38.411+0100][gc,metaspace  ] GC(348) Metaspace: 46606K(49920K)->46606K(49920K) NonClass: 40868K(42752K)->40868K(42752K) Class: 5737K(7168K)->5737K(7168K)
[2023-11-12T18:16:38.411+0100][gc            ] GC(348) Pause Young (Normal) (G1 Evacuation Pause) 894M->290M(1024M) 4,733ms
[2023-11-12T18:16:38.411+0100][gc,cpu        ] GC(348) User=0,04s Sys=0,00s Real=0,00s
[2023-11-12T18:16:39.940+0100][gc,start      ] GC(349) Pause Young (Normal) (G1 Evacuation Pause)
[2023-11-12T18:16:39.940+0100][gc,task       ] GC(349) Using 13 workers of 13 for evacuation
[2023-11-12T18:16:39.945+0100][gc,phases     ] GC(349)   Pre Evacuate Collection Set: 0,0ms
[2023-11-12T18:16:39.945+0100][gc,phases     ] GC(349)   Evacuate Collection Set: 4,0ms
[2023-11-12T18:16:39.945+0100][gc,phases     ] GC(349)   Post Evacuate Collection Set: 0,6ms
[2023-11-12T18:16:39.945+0100][gc,phases     ] GC(349)   Other: 0,2ms
[2023-11-12T18:16:39.945+0100][gc,heap       ] GC(349) Eden regions: 605->0(604)
[2023-11-12T18:16:39.945+0100][gc,heap       ] GC(349) Survivor regions: 9->10(77)
[2023-11-12T18:16:39.945+0100][gc,heap       ] GC(349) Old regions: 154->155
[2023-11-12T18:16:39.945+0100][gc,heap       ] GC(349) Humongous regions: 129->129
[2023-11-12T18:16:39.945+0100][gc,metaspace  ] GC(349) Metaspace: 46606K(49920K)->46606K(49920K) NonClass: 40868K(42752K)->40868K(42752K) Class: 5737K(7168K)->5737K(7168K)
[2023-11-12T18:16:39.945+0100][gc            ] GC(349) Pause Young (Normal) (G1 Evacuation Pause) 895M->291M(1024M) 4,946ms
[2023-11-12T18:16:39.945+0100][gc,cpu        ] GC(349) User=0,06s Sys=0,00s Real=0,01s
[2023-11-12T18:16:41.499+0100][gc,start      ] GC(350) Pause Young (Normal) (G1 Evacuation Pause)
[2023-11-12T18:16:41.499+0100][gc,task       ] GC(350) Using 13 workers of 13 for evacuation
[2023-11-12T18:16:41.505+0100][gc,phases     ] GC(350)   Pre Evacuate Collection Set: 0,0ms
[2023-11-12T18:16:41.505+0100][gc,phases     ] GC(350)   Evacuate Collection Set: 4,9ms
[2023-11-12T18:16:41.505+0100][gc,phases     ] GC(350)   Post Evacuate Collection Set: 0,7ms
[2023-11-12T18:16:41.505+0100][gc,phases     ] GC(350)   Other: 0,3ms
[2023-11-12T18:16:41.505+0100][gc,heap       ] GC(350) Eden regions: 604->0(603)
[2023-11-12T18:16:41.505+0100][gc,heap       ] GC(350) Survivor regions: 10->11(77)
[2023-11-12T18:16:41.505+0100][gc,heap       ] GC(350) Old regions: 155->155
[2023-11-12T18:16:41.505+0100][gc,heap       ] GC(350) Humongous regions: 129->129
[2023-11-12T18:16:41.505+0100][gc,metaspace  ] GC(350) Metaspace: 46606K(49920K)->46606K(49920K) NonClass: 40868K(42752K)->40868K(42752K) Class: 5737K(7168K)->5737K(7168K)
[2023-11-12T18:16:41.505+0100][gc            ] GC(350) Pause Young (Normal) (G1 Evacuation Pause) 895M->292M(1024M) 6,014ms
[2023-11-12T18:16:41.505+0100][gc,cpu        ] GC(350) User=0,06s Sys=0,01s Real=0,01s
[2023-11-12T18:16:43.036+0100][gc,start      ] GC(351) Pause Young (Normal) (G1 Evacuation Pause)
[2023-11-12T18:16:43.036+0100][gc,task       ] GC(351) Using 13 workers of 13 for evacuation
[2023-11-12T18:16:43.043+0100][gc,phases     ] GC(351)   Pre Evacuate Collection Set: 0,0ms
[2023-11-12T18:16:43.043+0100][gc,phases     ] GC(351)   Evacuate Collection Set: 6,2ms
[2023-11-12T18:16:43.043+0100][gc,phases     ] GC(351)   Post Evacuate Collection Set: 0,7ms
[2023-11-12T18:16:43.043+0100][gc,phases     ] GC(351)   Other: 0,2ms
[2023-11-12T18:16:43.043+0100][gc,heap       ] GC(351) Eden regions: 603->0(601)
[2023-11-12T18:16:43.043+0100][gc,heap       ] GC(351) Survivor regions: 11->13(77)
[2023-11-12T18:16:43.043+0100][gc,heap       ] GC(351) Old regions: 155->155
[2023-11-12T18:16:43.043+0100][gc,heap       ] GC(351) Humongous regions: 129->129
[2023-11-12T18:16:43.043+0100][gc,metaspace  ] GC(351) Metaspace: 46606K(49920K)->46606K(49920K) NonClass: 40868K(42752K)->40868K(42752K) Class: 5737K(7168K)->5737K(7168K)
[2023-11-12T18:16:43.043+0100][gc            ] GC(351) Pause Young (Normal) (G1 Evacuation Pause) 895M->294M(1024M) 7,282ms
[2023-11-12T18:16:43.043+0100][gc,cpu        ] GC(351) User=0,08s Sys=0,00s Real=0,01s
[2023-11-12T18:16:44.577+0100][gc,start      ] GC(352) Pause Young (Normal) (G1 Evacuation Pause)
[2023-11-12T18:16:44.577+0100][gc,task       ] GC(352) Using 13 workers of 13 for evacuation
[2023-11-12T18:16:44.586+0100][gc,phases     ] GC(352)   Pre Evacuate Collection Set: 0,0ms
[2023-11-12T18:16:44.586+0100][gc,phases     ] GC(352)   Evacuate Collection Set: 8,5ms
[2023-11-12T18:16:44.586+0100][gc,phases     ] GC(352)   Post Evacuate Collection Set: 0,5ms
[2023-11-12T18:16:44.586+0100][gc,phases     ] GC(352)   Other: 0,2ms
[2023-11-12T18:16:44.586+0100][gc,heap       ] GC(352) Eden regions: 601->0(599)
[2023-11-12T18:16:44.586+0100][gc,heap       ] GC(352) Survivor regions: 13->15(77)
[2023-11-12T18:16:44.586+0100][gc,heap       ] GC(352) Old regions: 155->155
[2023-11-12T18:16:44.586+0100][gc,heap       ] GC(352) Humongous regions: 129->129
[2023-11-12T18:16:44.586+0100][gc,metaspace  ] GC(352) Metaspace: 46608K(49920K)->46608K(49920K) NonClass: 40870K(42752K)->40870K(42752K) Class: 5737K(7168K)->5737K(7168K)
[2023-11-12T18:16:44.586+0100][gc            ] GC(352) Pause Young (Normal) (G1 Evacuation Pause) 895M->296M(1024M) 9,319ms
[2023-11-12T18:16:44.586+0100][gc,cpu        ] GC(352) User=0,07s Sys=0,00s Real=0,01s
[2023-11-12T18:16:46.068+0100][gc,start      ] GC(353) Pause Young (Normal) (G1 Evacuation Pause)
[2023-11-12T18:16:46.068+0100][gc,task       ] GC(353) Using 13 workers of 13 for evacuation
[2023-11-12T18:16:46.075+0100][gc,phases     ] GC(353)   Pre Evacuate Collection Set: 0,0ms
[2023-11-12T18:16:46.075+0100][gc,phases     ] GC(353)   Evacuate Collection Set: 6,2ms
[2023-11-12T18:16:46.075+0100][gc,phases     ] GC(353)   Post Evacuate Collection Set: 0,6ms
[2023-11-12T18:16:46.075+0100][gc,phases     ] GC(353)   Other: 0,2ms
[2023-11-12T18:16:46.075+0100][gc,heap       ] GC(353) Eden regions: 599->0(599)
[2023-11-12T18:16:46.075+0100][gc,heap       ] GC(353) Survivor regions: 15->15(77)
[2023-11-12T18:16:46.075+0100][gc,heap       ] GC(353) Old regions: 155->156
[2023-11-12T18:16:46.075+0100][gc,heap       ] GC(353) Humongous regions: 129->129
[2023-11-12T18:16:46.075+0100][gc,metaspace  ] GC(353) Metaspace: 46608K(49920K)->46608K(49920K) NonClass: 40870K(42752K)->40870K(42752K) Class: 5737K(7168K)->5737K(7168K)
[2023-11-12T18:16:46.075+0100][gc            ] GC(353) Pause Young (Normal) (G1 Evacuation Pause) 895M->297M(1024M) 7,131ms
[2023-11-12T18:16:46.075+0100][gc,cpu        ] GC(353) User=0,08s Sys=0,00s Real=0,01s
[2023-11-12T18:16:47.542+0100][gc,start      ] GC(354) Pause Young (Normal) (G1 Evacuation Pause)
[2023-11-12T18:16:47.542+0100][gc,task       ] GC(354) Using 13 workers of 13 for evacuation
[2023-11-12T18:16:47.549+0100][gc,phases     ] GC(354)   Pre Evacuate Collection Set: 0,0ms
[2023-11-12T18:16:47.549+0100][gc,phases     ] GC(354)   Evacuate Collection Set: 6,1ms
[2023-11-12T18:16:47.549+0100][gc,phases     ] GC(354)   Post Evacuate Collection Set: 0,7ms
[2023-11-12T18:16:47.549+0100][gc,phases     ] GC(354)   Other: 0,2ms
[2023-11-12T18:16:47.549+0100][gc,heap       ] GC(354) Eden regions: 599->0(597)
[2023-11-12T18:16:47.549+0100][gc,heap       ] GC(354) Survivor regions: 15->17(77)
[2023-11-12T18:16:47.549+0100][gc,heap       ] GC(354) Old regions: 156->156
[2023-11-12T18:16:47.549+0100][gc,heap       ] GC(354) Humongous regions: 129->129
[2023-11-12T18:16:47.549+0100][gc,metaspace  ] GC(354) Metaspace: 46608K(49920K)->46608K(49920K) NonClass: 40870K(42752K)->40870K(42752K) Class: 5737K(7168K)->5737K(7168K)
[2023-11-12T18:16:47.549+0100][gc            ] GC(354) Pause Young (Normal) (G1 Evacuation Pause) 896M->300M(1024M) 7,145ms
[2023-11-12T18:16:47.549+0100][gc,cpu        ] GC(354) User=0,06s Sys=0,02s Real=0,00s
[2023-11-12T18:16:49.113+0100][gc,start      ] GC(355) Pause Young (Normal) (G1 Evacuation Pause)
[2023-11-12T18:16:49.113+0100][gc,task       ] GC(355) Using 13 workers of 13 for evacuation
[2023-11-12T18:16:49.120+0100][gc,phases     ] GC(355)   Pre Evacuate Collection Set: 0,0ms
[2023-11-12T18:16:49.120+0100][gc,phases     ] GC(355)   Evacuate Collection Set: 6,2ms
[2023-11-12T18:16:49.120+0100][gc,phases     ] GC(355)   Post Evacuate Collection Set: 0,6ms
[2023-11-12T18:16:49.120+0100][gc,phases     ] GC(355)   Other: 0,2ms
[2023-11-12T18:16:49.120+0100][gc,heap       ] GC(355) Eden regions: 597->0(595)
[2023-11-12T18:16:49.120+0100][gc,heap       ] GC(355) Survivor regions: 17->19(77)
[2023-11-12T18:16:49.120+0100][gc,heap       ] GC(355) Old regions: 156->156
[2023-11-12T18:16:49.120+0100][gc,heap       ] GC(355) Humongous regions: 129->129
[2023-11-12T18:16:49.120+0100][gc,metaspace  ] GC(355) Metaspace: 46608K(49920K)->46608K(49920K) NonClass: 40870K(42752K)->40870K(42752K) Class: 5737K(7168K)->5737K(7168K)
[2023-11-12T18:16:49.120+0100][gc            ] GC(355) Pause Young (Normal) (G1 Evacuation Pause) 897M->302M(1024M) 7,059ms
[2023-11-12T18:16:49.120+0100][gc,cpu        ] GC(355) User=0,06s Sys=0,02s Real=0,00s
[2023-11-12T18:16:50.631+0100][gc,start      ] GC(356) Pause Young (Normal) (G1 Evacuation Pause)
[2023-11-12T18:16:50.631+0100][gc,task       ] GC(356) Using 13 workers of 13 for evacuation
[2023-11-12T18:16:50.639+0100][gc,phases     ] GC(356)   Pre Evacuate Collection Set: 0,0ms
[2023-11-12T18:16:50.639+0100][gc,phases     ] GC(356)   Evacuate Collection Set: 7,1ms
[2023-11-12T18:16:50.639+0100][gc,phases     ] GC(356)   Post Evacuate Collection Set: 0,6ms
[2023-11-12T18:16:50.639+0100][gc,phases     ] GC(356)   Other: 0,2ms
[2023-11-12T18:16:50.639+0100][gc,heap       ] GC(356) Eden regions: 595->0(592)
[2023-11-12T18:16:50.639+0100][gc,heap       ] GC(356) Survivor regions: 19->22(77)
[2023-11-12T18:16:50.639+0100][gc,heap       ] GC(356) Old regions: 156->156
[2023-11-12T18:16:50.639+0100][gc,heap       ] GC(356) Humongous regions: 129->129
[2023-11-12T18:16:50.639+0100][gc,metaspace  ] GC(356) Metaspace: 46608K(49920K)->46608K(49920K) NonClass: 40871K(42752K)->40871K(42752K) Class: 5737K(7168K)->5737K(7168K)
[2023-11-12T18:16:50.639+0100][gc            ] GC(356) Pause Young (Normal) (G1 Evacuation Pause) 897M->305M(1024M) 8,001ms
[2023-11-12T18:16:50.639+0100][gc,cpu        ] GC(356) User=0,09s Sys=0,00s Real=0,01s
[2023-11-12T18:16:52.096+0100][gc,start      ] GC(357) Pause Young (Normal) (G1 Evacuation Pause)
[2023-11-12T18:16:52.096+0100][gc,task       ] GC(357) Using 13 workers of 13 for evacuation
[2023-11-12T18:16:52.104+0100][gc,phases     ] GC(357)   Pre Evacuate Collection Set: 0,0ms
[2023-11-12T18:16:52.104+0100][gc,phases     ] GC(357)   Evacuate Collection Set: 7,4ms
[2023-11-12T18:16:52.104+0100][gc,phases     ] GC(357)   Post Evacuate Collection Set: 0,6ms
[2023-11-12T18:16:52.104+0100][gc,phases     ] GC(357)   Other: 0,2ms
[2023-11-12T18:16:52.104+0100][gc,heap       ] GC(357) Eden regions: 592->0(589)
[2023-11-12T18:16:52.104+0100][gc,heap       ] GC(357) Survivor regions: 22->23(77)
[2023-11-12T18:16:52.104+0100][gc,heap       ] GC(357) Old regions: 156->157
[2023-11-12T18:16:52.104+0100][gc,heap       ] GC(357) Humongous regions: 129->129
[2023-11-12T18:16:52.104+0100][gc,metaspace  ] GC(357) Metaspace: 46608K(49920K)->46608K(49920K) NonClass: 40871K(42752K)->40871K(42752K) Class: 5737K(7168K)->5737K(7168K)
[2023-11-12T18:16:52.104+0100][gc            ] GC(357) Pause Young (Normal) (G1 Evacuation Pause) 897M->306M(1024M) 8,322ms
[2023-11-12T18:16:52.104+0100][gc,cpu        ] GC(357) User=0,10s Sys=0,00s Real=0,01s
[2023-11-12T18:16:53.592+0100][gc,start      ] GC(358) Pause Young (Normal) (G1 Evacuation Pause)
[2023-11-12T18:16:53.592+0100][gc,task       ] GC(358) Using 13 workers of 13 for evacuation
[2023-11-12T18:16:53.601+0100][gc,phases     ] GC(358)   Pre Evacuate Collection Set: 0,0ms
[2023-11-12T18:16:53.601+0100][gc,phases     ] GC(358)   Evacuate Collection Set: 8,3ms
[2023-11-12T18:16:53.601+0100][gc,phases     ] GC(358)   Post Evacuate Collection Set: 0,6ms
[2023-11-12T18:16:53.601+0100][gc,phases     ] GC(358)   Other: 0,3ms
[2023-11-12T18:16:53.601+0100][gc,heap       ] GC(358) Eden regions: 589->0(587)
[2023-11-12T18:16:53.601+0100][gc,heap       ] GC(358) Survivor regions: 23->24(77)
[2023-11-12T18:16:53.601+0100][gc,heap       ] GC(358) Old regions: 157->157
[2023-11-12T18:16:53.601+0100][gc,heap       ] GC(358) Humongous regions: 129->129
[2023-11-12T18:16:53.601+0100][gc,metaspace  ] GC(358) Metaspace: 46608K(49920K)->46608K(49920K) NonClass: 40871K(42752K)->40871K(42752K) Class: 5737K(7168K)->5737K(7168K)
[2023-11-12T18:16:53.601+0100][gc            ] GC(358) Pause Young (Normal) (G1 Evacuation Pause) 895M->307M(1024M) 9,284ms
[2023-11-12T18:16:53.601+0100][gc,cpu        ] GC(358) User=0,08s Sys=0,01s Real=0,01s
[2023-11-12T18:16:55.141+0100][gc,start      ] GC(359) Pause Young (Normal) (G1 Evacuation Pause)
[2023-11-12T18:16:55.141+0100][gc,task       ] GC(359) Using 13 workers of 13 for evacuation
[2023-11-12T18:16:55.150+0100][gc,phases     ] GC(359)   Pre Evacuate Collection Set: 0,0ms
[2023-11-12T18:16:55.150+0100][gc,phases     ] GC(359)   Evacuate Collection Set: 8,3ms
[2023-11-12T18:16:55.150+0100][gc,phases     ] GC(359)   Post Evacuate Collection Set: 0,6ms
[2023-11-12T18:16:55.150+0100][gc,phases     ] GC(359)   Other: 0,2ms
[2023-11-12T18:16:55.150+0100][gc,heap       ] GC(359) Eden regions: 587->0(583)
[2023-11-12T18:16:55.150+0100][gc,heap       ] GC(359) Survivor regions: 24->26(77)
[2023-11-12T18:16:55.150+0100][gc,heap       ] GC(359) Old regions: 157->157
[2023-11-12T18:16:55.150+0100][gc,heap       ] GC(359) Humongous regions: 129->129
[2023-11-12T18:16:55.150+0100][gc,metaspace  ] GC(359) Metaspace: 46609K(49920K)->46609K(49920K) NonClass: 40871K(42752K)->40871K(42752K) Class: 5737K(7168K)->5737K(7168K)
[2023-11-12T18:16:55.150+0100][gc            ] GC(359) Pause Young (Normal) (G1 Evacuation Pause) 894M->309M(1024M) 9,191ms
[2023-11-12T18:16:55.150+0100][gc,cpu        ] GC(359) User=0,10s Sys=0,02s Real=0,01s
[2023-11-12T18:16:56.653+0100][gc,start      ] GC(360) Pause Young (Normal) (G1 Evacuation Pause)
[2023-11-12T18:16:56.653+0100][gc,task       ] GC(360) Using 13 workers of 13 for evacuation
[2023-11-12T18:16:56.662+0100][gc,phases     ] GC(360)   Pre Evacuate Collection Set: 0,0ms
[2023-11-12T18:16:56.662+0100][gc,phases     ] GC(360)   Evacuate Collection Set: 8,7ms
[2023-11-12T18:16:56.662+0100][gc,phases     ] GC(360)   Post Evacuate Collection Set: 0,6ms
[2023-11-12T18:16:56.662+0100][gc,phases     ] GC(360)   Other: 0,2ms
[2023-11-12T18:16:56.662+0100][gc,heap       ] GC(360) Eden regions: 583->0(578)
[2023-11-12T18:16:56.662+0100][gc,heap       ] GC(360) Survivor regions: 26->28(77)
[2023-11-12T18:16:56.662+0100][gc,heap       ] GC(360) Old regions: 157->158
[2023-11-12T18:16:56.662+0100][gc,heap       ] GC(360) Humongous regions: 129->129
[2023-11-12T18:16:56.662+0100][gc,metaspace  ] GC(360) Metaspace: 46609K(49920K)->46609K(49920K) NonClass: 40871K(42752K)->40871K(42752K) Class: 5737K(7168K)->5737K(7168K)
[2023-11-12T18:16:56.663+0100][gc            ] GC(360) Pause Young (Normal) (G1 Evacuation Pause) 892M->312M(1024M) 9,575ms
[2023-11-12T18:16:56.663+0100][gc,cpu        ] GC(360) User=0,10s Sys=0,01s Real=0,02s
[2023-11-12T18:16:58.185+0100][gc,start      ] GC(361) Pause Young (Normal) (G1 Evacuation Pause)
[2023-11-12T18:16:58.185+0100][gc,task       ] GC(361) Using 13 workers of 13 for evacuation
[2023-11-12T18:16:58.195+0100][gc,phases     ] GC(361)   Pre Evacuate Collection Set: 0,0ms
[2023-11-12T18:16:58.195+0100][gc,phases     ] GC(361)   Evacuate Collection Set: 9,4ms
[2023-11-12T18:16:58.195+0100][gc,phases     ] GC(361)   Post Evacuate Collection Set: 0,6ms
[2023-11-12T18:16:58.195+0100][gc,phases     ] GC(361)   Other: 0,2ms
[2023-11-12T18:16:58.195+0100][gc,heap       ] GC(361) Eden regions: 578->0(576)
[2023-11-12T18:16:58.195+0100][gc,heap       ] GC(361) Survivor regions: 28->28(76)
[2023-11-12T18:16:58.195+0100][gc,heap       ] GC(361) Old regions: 158->160
[2023-11-12T18:16:58.195+0100][gc,heap       ] GC(361) Humongous regions: 129->129
[2023-11-12T18:16:58.195+0100][gc,metaspace  ] GC(361) Metaspace: 46609K(49920K)->46609K(49920K) NonClass: 40871K(42752K)->40871K(42752K) Class: 5737K(7168K)->5737K(7168K)
[2023-11-12T18:16:58.195+0100][gc            ] GC(361) Pause Young (Normal) (G1 Evacuation Pause) 890M->314M(1024M) 10,342ms
[2023-11-12T18:16:58.195+0100][gc,cpu        ] GC(361) User=0,10s Sys=0,01s Real=0,01s
[2023-11-12T18:16:59.669+0100][gc,start      ] GC(362) Pause Young (Normal) (G1 Evacuation Pause)
[2023-11-12T18:16:59.669+0100][gc,task       ] GC(362) Using 13 workers of 13 for evacuation
[2023-11-12T18:16:59.680+0100][gc,phases     ] GC(362)   Pre Evacuate Collection Set: 0,0ms
[2023-11-12T18:16:59.680+0100][gc,phases     ] GC(362)   Evacuate Collection Set: 9,8ms
[2023-11-12T18:16:59.680+0100][gc,phases     ] GC(362)   Post Evacuate Collection Set: 0,6ms
[2023-11-12T18:16:59.680+0100][gc,phases     ] GC(362)   Other: 0,2ms
[2023-11-12T18:16:59.680+0100][gc,heap       ] GC(362) Eden regions: 576->0(571)
[2023-11-12T18:16:59.680+0100][gc,heap       ] GC(362) Survivor regions: 28->30(76)
[2023-11-12T18:16:59.680+0100][gc,heap       ] GC(362) Old regions: 160->161
[2023-11-12T18:16:59.680+0100][gc,heap       ] GC(362) Humongous regions: 129->129
[2023-11-12T18:16:59.680+0100][gc,metaspace  ] GC(362) Metaspace: 46609K(49920K)->46609K(49920K) NonClass: 40871K(42752K)->40871K(42752K) Class: 5737K(7168K)->5737K(7168K)
[2023-11-12T18:16:59.680+0100][gc            ] GC(362) Pause Young (Normal) (G1 Evacuation Pause) 890M->318M(1024M) 10,767ms
[2023-11-12T18:16:59.680+0100][gc,cpu        ] GC(362) User=0,09s Sys=0,03s Real=0,01s
[2023-11-12T18:17:01.206+0100][gc,start      ] GC(363) Pause Young (Normal) (G1 Evacuation Pause)
[2023-11-12T18:17:01.206+0100][gc,task       ] GC(363) Using 13 workers of 13 for evacuation
[2023-11-12T18:17:01.211+0100][gc,phases     ] GC(363)   Pre Evacuate Collection Set: 0,0ms
[2023-11-12T18:17:01.211+0100][gc,phases     ] GC(363)   Evacuate Collection Set: 4,7ms
[2023-11-12T18:17:01.211+0100][gc,phases     ] GC(363)   Post Evacuate Collection Set: 0,6ms
[2023-11-12T18:17:01.211+0100][gc,phases     ] GC(363)   Other: 0,2ms
[2023-11-12T18:17:01.211+0100][gc,heap       ] GC(363) Eden regions: 571->0(604)
[2023-11-12T18:17:01.211+0100][gc,heap       ] GC(363) Survivor regions: 30->10(76)
[2023-11-12T18:17:01.211+0100][gc,heap       ] GC(363) Old regions: 161->161
[2023-11-12T18:17:01.211+0100][gc,heap       ] GC(363) Humongous regions: 129->129
[2023-11-12T18:17:01.211+0100][gc,metaspace  ] GC(363) Metaspace: 46609K(49920K)->46609K(49920K) NonClass: 40871K(42752K)->40871K(42752K) Class: 5737K(7168K)->5737K(7168K)
[2023-11-12T18:17:01.211+0100][gc            ] GC(363) Pause Young (Normal) (G1 Evacuation Pause) 889M->298M(1024M) 5,581ms
[2023-11-12T18:17:01.211+0100][gc,cpu        ] GC(363) User=0,05s Sys=0,01s Real=0,00s
[2023-11-12T18:17:02.771+0100][gc,start      ] GC(364) Pause Young (Normal) (G1 Evacuation Pause)
[2023-11-12T18:17:02.771+0100][gc,task       ] GC(364) Using 13 workers of 13 for evacuation
[2023-11-12T18:17:02.776+0100][gc,phases     ] GC(364)   Pre Evacuate Collection Set: 0,0ms
[2023-11-12T18:17:02.776+0100][gc,phases     ] GC(364)   Evacuate Collection Set: 4,6ms
[2023-11-12T18:17:02.776+0100][gc,phases     ] GC(364)   Post Evacuate Collection Set: 0,6ms
[2023-11-12T18:17:02.776+0100][gc,phases     ] GC(364)   Other: 0,3ms
[2023-11-12T18:17:02.776+0100][gc,heap       ] GC(364) Eden regions: 604->0(603)
[2023-11-12T18:17:02.776+0100][gc,heap       ] GC(364) Survivor regions: 10->11(77)
[2023-11-12T18:17:02.776+0100][gc,heap       ] GC(364) Old regions: 161->162
[2023-11-12T18:17:02.776+0100][gc,heap       ] GC(364) Humongous regions: 129->129
[2023-11-12T18:17:02.776+0100][gc,metaspace  ] GC(364) Metaspace: 46609K(49920K)->46609K(49920K) NonClass: 40871K(42752K)->40871K(42752K) Class: 5737K(7168K)->5737K(7168K)
[2023-11-12T18:17:02.776+0100][gc            ] GC(364) Pause Young (Normal) (G1 Evacuation Pause) 902M->299M(1024M) 5,592ms
[2023-11-12T18:17:02.776+0100][gc,cpu        ] GC(364) User=0,05s Sys=0,00s Real=0,01s
[2023-11-12T18:17:04.292+0100][gc,start      ] GC(365) Pause Young (Normal) (G1 Evacuation Pause)
[2023-11-12T18:17:04.292+0100][gc,task       ] GC(365) Using 13 workers of 13 for evacuation
[2023-11-12T18:17:04.298+0100][gc,phases     ] GC(365)   Pre Evacuate Collection Set: 0,0ms
[2023-11-12T18:17:04.298+0100][gc,phases     ] GC(365)   Evacuate Collection Set: 5,3ms
[2023-11-12T18:17:04.298+0100][gc,phases     ] GC(365)   Post Evacuate Collection Set: 0,6ms
[2023-11-12T18:17:04.298+0100][gc,phases     ] GC(365)   Other: 0,2ms
[2023-11-12T18:17:04.298+0100][gc,heap       ] GC(365) Eden regions: 603->0(602)
[2023-11-12T18:17:04.298+0100][gc,heap       ] GC(365) Survivor regions: 11->12(77)
[2023-11-12T18:17:04.298+0100][gc,heap       ] GC(365) Old regions: 162->162
[2023-11-12T18:17:04.298+0100][gc,heap       ] GC(365) Humongous regions: 129->129
[2023-11-12T18:17:04.298+0100][gc,metaspace  ] GC(365) Metaspace: 46609K(49920K)->46609K(49920K) NonClass: 40871K(42752K)->40871K(42752K) Class: 5737K(7168K)->5737K(7168K)
[2023-11-12T18:17:04.298+0100][gc            ] GC(365) Pause Young (Normal) (G1 Evacuation Pause) 902M->301M(1024M) 6,192ms
[2023-11-12T18:17:04.298+0100][gc,cpu        ] GC(365) User=0,07s Sys=0,00s Real=0,01s
[2023-11-12T18:17:05.778+0100][gc,start      ] GC(366) Pause Young (Normal) (G1 Evacuation Pause)
[2023-11-12T18:17:05.778+0100][gc,task       ] GC(366) Using 13 workers of 13 for evacuation
[2023-11-12T18:17:05.785+0100][gc,phases     ] GC(366)   Pre Evacuate Collection Set: 0,0ms
[2023-11-12T18:17:05.785+0100][gc,phases     ] GC(366)   Evacuate Collection Set: 6,6ms
[2023-11-12T18:17:05.785+0100][gc,phases     ] GC(366)   Post Evacuate Collection Set: 0,6ms
[2023-11-12T18:17:05.785+0100][gc,phases     ] GC(366)   Other: 0,2ms
[2023-11-12T18:17:05.785+0100][gc,heap       ] GC(366) Eden regions: 602->0(598)
[2023-11-12T18:17:05.785+0100][gc,heap       ] GC(366) Survivor regions: 12->16(77)
[2023-11-12T18:17:05.785+0100][gc,heap       ] GC(366) Old regions: 162->162
[2023-11-12T18:17:05.785+0100][gc,heap       ] GC(366) Humongous regions: 129->129
[2023-11-12T18:17:05.785+0100][gc,metaspace  ] GC(366) Metaspace: 46609K(49920K)->46609K(49920K) NonClass: 40871K(42752K)->40871K(42752K) Class: 5737K(7168K)->5737K(7168K)
[2023-11-12T18:17:05.785+0100][gc            ] GC(366) Pause Young (Normal) (G1 Evacuation Pause) 903M->305M(1024M) 7,473ms
[2023-11-12T18:17:05.785+0100][gc,cpu        ] GC(366) User=0,06s Sys=0,02s Real=0,01s
[2023-11-12T18:17:07.206+0100][gc,start      ] GC(367) Pause Young (Normal) (G1 Evacuation Pause)
[2023-11-12T18:17:07.206+0100][gc,task       ] GC(367) Using 13 workers of 13 for evacuation
[2023-11-12T18:17:07.214+0100][gc,phases     ] GC(367)   Pre Evacuate Collection Set: 0,0ms
[2023-11-12T18:17:07.214+0100][gc,phases     ] GC(367)   Evacuate Collection Set: 7,2ms
[2023-11-12T18:17:07.214+0100][gc,phases     ] GC(367)   Post Evacuate Collection Set: 0,6ms
[2023-11-12T18:17:07.214+0100][gc,phases     ] GC(367)   Other: 0,2ms
[2023-11-12T18:17:07.214+0100][gc,heap       ] GC(367) Eden regions: 598->0(590)
[2023-11-12T18:17:07.214+0100][gc,heap       ] GC(367) Survivor regions: 16->20(77)
[2023-11-12T18:17:07.214+0100][gc,heap       ] GC(367) Old regions: 162->162
[2023-11-12T18:17:07.214+0100][gc,heap       ] GC(367) Humongous regions: 129->129
[2023-11-12T18:17:07.214+0100][gc,metaspace  ] GC(367) Metaspace: 46609K(49920K)->46609K(49920K) NonClass: 40871K(42752K)->40871K(42752K) Class: 5737K(7168K)->5737K(7168K)
[2023-11-12T18:17:07.214+0100][gc            ] GC(367) Pause Young (Normal) (G1 Evacuation Pause) 903M->309M(1024M) 8,153ms
[2023-11-12T18:17:07.214+0100][gc,cpu        ] GC(367) User=0,05s Sys=0,04s Real=0,01s
[2023-11-12T18:17:08.568+0100][gc,start      ] GC(368) Pause Young (Normal) (G1 Evacuation Pause)
[2023-11-12T18:17:08.568+0100][gc,task       ] GC(368) Using 13 workers of 13 for evacuation
[2023-11-12T18:17:08.578+0100][gc,phases     ] GC(368)   Pre Evacuate Collection Set: 0,0ms
[2023-11-12T18:17:08.578+0100][gc,phases     ] GC(368)   Evacuate Collection Set: 9,1ms
[2023-11-12T18:17:08.578+0100][gc,phases     ] GC(368)   Post Evacuate Collection Set: 0,7ms
[2023-11-12T18:17:08.578+0100][gc,phases     ] GC(368)   Other: 0,2ms
[2023-11-12T18:17:08.578+0100][gc,heap       ] GC(368) Eden regions: 590->0(577)
[2023-11-12T18:17:08.578+0100][gc,heap       ] GC(368) Survivor regions: 20->26(77)
[2023-11-12T18:17:08.578+0100][gc,heap       ] GC(368) Old regions: 162->163
[2023-11-12T18:17:08.578+0100][gc,heap       ] GC(368) Humongous regions: 129->129
[2023-11-12T18:17:08.578+0100][gc,metaspace  ] GC(368) Metaspace: 46609K(49920K)->46609K(49920K) NonClass: 40871K(42752K)->40871K(42752K) Class: 5737K(7168K)->5737K(7168K)
[2023-11-12T18:17:08.578+0100][gc            ] GC(368) Pause Young (Normal) (G1 Evacuation Pause) 899M->315M(1024M) 10,119ms
[2023-11-12T18:17:08.578+0100][gc,cpu        ] GC(368) User=0,10s Sys=0,01s Real=0,01s
[2023-11-12T18:17:09.956+0100][gc,start      ] GC(369) Pause Young (Normal) (G1 Evacuation Pause)
[2023-11-12T18:17:09.956+0100][gc,task       ] GC(369) Using 13 workers of 13 for evacuation
[2023-11-12T18:17:09.967+0100][gc,phases     ] GC(369)   Pre Evacuate Collection Set: 0,0ms
[2023-11-12T18:17:09.967+0100][gc,phases     ] GC(369)   Evacuate Collection Set: 10,1ms
[2023-11-12T18:17:09.967+0100][gc,phases     ] GC(369)   Post Evacuate Collection Set: 0,6ms
[2023-11-12T18:17:09.967+0100][gc,phases     ] GC(369)   Other: 0,2ms
[2023-11-12T18:17:09.967+0100][gc,heap       ] GC(369) Eden regions: 577->0(573)
[2023-11-12T18:17:09.967+0100][gc,heap       ] GC(369) Survivor regions: 26->28(76)
[2023-11-12T18:17:09.967+0100][gc,heap       ] GC(369) Old regions: 163->163
[2023-11-12T18:17:09.967+0100][gc,heap       ] GC(369) Humongous regions: 129->129
[2023-11-12T18:17:09.967+0100][gc,metaspace  ] GC(369) Metaspace: 46609K(49920K)->46609K(49920K) NonClass: 40871K(42752K)->40871K(42752K) Class: 5737K(7168K)->5737K(7168K)
[2023-11-12T18:17:09.967+0100][gc            ] GC(369) Pause Young (Normal) (G1 Evacuation Pause) 892M->318M(1024M) 10,970ms
[2023-11-12T18:17:09.967+0100][gc,cpu        ] GC(369) User=0,10s Sys=0,01s Real=0,01s
[2023-11-12T18:17:11.389+0100][gc,start      ] GC(370) Pause Young (Normal) (G1 Evacuation Pause)
[2023-11-12T18:17:11.389+0100][gc,task       ] GC(370) Using 13 workers of 13 for evacuation
[2023-11-12T18:17:11.400+0100][gc,phases     ] GC(370)   Pre Evacuate Collection Set: 0,0ms
[2023-11-12T18:17:11.400+0100][gc,phases     ] GC(370)   Evacuate Collection Set: 10,3ms
[2023-11-12T18:17:11.400+0100][gc,phases     ] GC(370)   Post Evacuate Collection Set: 0,5ms
[2023-11-12T18:17:11.400+0100][gc,phases     ] GC(370)   Other: 0,2ms
[2023-11-12T18:17:11.400+0100][gc,heap       ] GC(370) Eden regions: 573->0(565)
[2023-11-12T18:17:11.400+0100][gc,heap       ] GC(370) Survivor regions: 28->32(76)
[2023-11-12T18:17:11.400+0100][gc,heap       ] GC(370) Old regions: 163->163
[2023-11-12T18:17:11.400+0100][gc,heap       ] GC(370) Humongous regions: 129->129
[2023-11-12T18:17:11.400+0100][gc,metaspace  ] GC(370) Metaspace: 46609K(49920K)->46609K(49920K) NonClass: 40871K(42752K)->40871K(42752K) Class: 5737K(7168K)->5737K(7168K)
[2023-11-12T18:17:11.400+0100][gc            ] GC(370) Pause Young (Normal) (G1 Evacuation Pause) 891M->322M(1024M) 11,205ms
[2023-11-12T18:17:11.400+0100][gc,cpu        ] GC(370) User=0,11s Sys=0,00s Real=0,01s
[2023-11-12T18:17:12.903+0100][gc,start      ] GC(371) Pause Young (Normal) (G1 Evacuation Pause)
[2023-11-12T18:17:12.903+0100][gc,task       ] GC(371) Using 13 workers of 13 for evacuation
[2023-11-12T18:17:12.916+0100][gc,phases     ] GC(371)   Pre Evacuate Collection Set: 0,0ms
[2023-11-12T18:17:12.916+0100][gc,phases     ] GC(371)   Evacuate Collection Set: 11,9ms
[2023-11-12T18:17:12.916+0100][gc,phases     ] GC(371)   Post Evacuate Collection Set: 0,6ms
[2023-11-12T18:17:12.916+0100][gc,phases     ] GC(371)   Other: 0,2ms
[2023-11-12T18:17:12.916+0100][gc,heap       ] GC(371) Eden regions: 565->0(562)
[2023-11-12T18:17:12.916+0100][gc,heap       ] GC(371) Survivor regions: 32->33(75)
[2023-11-12T18:17:12.916+0100][gc,heap       ] GC(371) Old regions: 163->164
[2023-11-12T18:17:12.916+0100][gc,heap       ] GC(371) Humongous regions: 129->129
[2023-11-12T18:17:12.916+0100][gc,metaspace  ] GC(371) Metaspace: 46609K(49920K)->46609K(49920K) NonClass: 40871K(42752K)->40871K(42752K) Class: 5737K(7168K)->5737K(7168K)
[2023-11-12T18:17:12.916+0100][gc            ] GC(371) Pause Young (Normal) (G1 Evacuation Pause) 887M->324M(1024M) 12,806ms
[2023-11-12T18:17:12.916+0100][gc,cpu        ] GC(371) User=0,14s Sys=0,00s Real=0,01s
[2023-11-12T18:17:14.398+0100][gc,start      ] GC(372) Pause Young (Normal) (G1 Evacuation Pause)
[2023-11-12T18:17:14.398+0100][gc,task       ] GC(372) Using 13 workers of 13 for evacuation
[2023-11-12T18:17:14.403+0100][gc,phases     ] GC(372)   Pre Evacuate Collection Set: 0,0ms
[2023-11-12T18:17:14.403+0100][gc,phases     ] GC(372)   Evacuate Collection Set: 4,5ms
[2023-11-12T18:17:14.403+0100][gc,phases     ] GC(372)   Post Evacuate Collection Set: 0,6ms
[2023-11-12T18:17:14.403+0100][gc,phases     ] GC(372)   Other: 0,2ms
[2023-11-12T18:17:14.403+0100][gc,heap       ] GC(372) Eden regions: 562->0(596)
[2023-11-12T18:17:14.403+0100][gc,heap       ] GC(372) Survivor regions: 33->8(75)
[2023-11-12T18:17:14.403+0100][gc,heap       ] GC(372) Old regions: 164->164
[2023-11-12T18:17:14.403+0100][gc,heap       ] GC(372) Humongous regions: 129->129
[2023-11-12T18:17:14.403+0100][gc,metaspace  ] GC(372) Metaspace: 46615K(49920K)->46615K(49920K) NonClass: 40877K(42752K)->40877K(42752K) Class: 5737K(7168K)->5737K(7168K)
[2023-11-12T18:17:14.403+0100][gc            ] GC(372) Pause Young (Normal) (G1 Evacuation Pause) 886M->299M(1024M) 5,427ms
[2023-11-12T18:17:14.403+0100][gc,cpu        ] GC(372) User=0,02s Sys=0,04s Real=0,01s
[2023-11-12T18:17:15.857+0100][gc,start      ] GC(373) Pause Young (Normal) (G1 Evacuation Pause)
[2023-11-12T18:17:15.857+0100][gc,task       ] GC(373) Using 13 workers of 13 for evacuation
[2023-11-12T18:17:15.863+0100][gc,phases     ] GC(373)   Pre Evacuate Collection Set: 0,0ms
[2023-11-12T18:17:15.863+0100][gc,phases     ] GC(373)   Evacuate Collection Set: 5,2ms
[2023-11-12T18:17:15.863+0100][gc,phases     ] GC(373)   Post Evacuate Collection Set: 0,7ms
[2023-11-12T18:17:15.863+0100][gc,phases     ] GC(373)   Other: 0,3ms
[2023-11-12T18:17:15.863+0100][gc,heap       ] GC(373) Eden regions: 596->0(597)
[2023-11-12T18:17:15.863+0100][gc,heap       ] GC(373) Survivor regions: 8->9(76)
[2023-11-12T18:17:15.863+0100][gc,heap       ] GC(373) Old regions: 164->165
[2023-11-12T18:17:15.863+0100][gc,heap       ] GC(373) Humongous regions: 129->129
[2023-11-12T18:17:15.863+0100][gc,metaspace  ] GC(373) Metaspace: 46615K(49920K)->46615K(49920K) NonClass: 40877K(42752K)->40877K(42752K) Class: 5737K(7168K)->5737K(7168K)
[2023-11-12T18:17:15.863+0100][gc            ] GC(373) Pause Young (Normal) (G1 Evacuation Pause) 895M->300M(1024M) 6,472ms
[2023-11-12T18:17:15.864+0100][gc,cpu        ] GC(373) User=0,03s Sys=0,02s Real=0,01s
[2023-11-12T18:17:17.334+0100][gc,start      ] GC(374) Pause Young (Normal) (G1 Evacuation Pause)
[2023-11-12T18:17:17.334+0100][gc,task       ] GC(374) Using 13 workers of 13 for evacuation
[2023-11-12T18:17:17.340+0100][gc,phases     ] GC(374)   Pre Evacuate Collection Set: 0,0ms
[2023-11-12T18:17:17.340+0100][gc,phases     ] GC(374)   Evacuate Collection Set: 5,2ms
[2023-11-12T18:17:17.340+0100][gc,phases     ] GC(374)   Post Evacuate Collection Set: 0,6ms
[2023-11-12T18:17:17.340+0100][gc,phases     ] GC(374)   Other: 0,2ms
[2023-11-12T18:17:17.340+0100][gc,heap       ] GC(374) Eden regions: 597->0(598)
[2023-11-12T18:17:17.340+0100][gc,heap       ] GC(374) Survivor regions: 9->10(76)
[2023-11-12T18:17:17.340+0100][gc,heap       ] GC(374) Old regions: 165->165
[2023-11-12T18:17:17.340+0100][gc,heap       ] GC(374) Humongous regions: 129->129
[2023-11-12T18:17:17.340+0100][gc,metaspace  ] GC(374) Metaspace: 46615K(49920K)->46615K(49920K) NonClass: 40877K(42752K)->40877K(42752K) Class: 5737K(7168K)->5737K(7168K)
[2023-11-12T18:17:17.340+0100][gc            ] GC(374) Pause Young (Normal) (G1 Evacuation Pause) 897M->302M(1024M) 6,103ms
[2023-11-12T18:17:17.340+0100][gc,cpu        ] GC(374) User=0,06s Sys=0,01s Real=0,00s
[2023-11-12T18:17:18.746+0100][gc,start      ] GC(375) Pause Young (Normal) (G1 Evacuation Pause)
[2023-11-12T18:17:18.746+0100][gc,task       ] GC(375) Using 13 workers of 13 for evacuation
[2023-11-12T18:17:18.755+0100][gc,phases     ] GC(375)   Pre Evacuate Collection Set: 0,0ms
[2023-11-12T18:17:18.755+0100][gc,phases     ] GC(375)   Evacuate Collection Set: 8,2ms
[2023-11-12T18:17:18.755+0100][gc,phases     ] GC(375)   Post Evacuate Collection Set: 0,7ms
[2023-11-12T18:17:18.755+0100][gc,phases     ] GC(375)   Other: 0,2ms
[2023-11-12T18:17:18.755+0100][gc,heap       ] GC(375) Eden regions: 598->0(595)
[2023-11-12T18:17:18.755+0100][gc,heap       ] GC(375) Survivor regions: 10->14(76)
[2023-11-12T18:17:18.755+0100][gc,heap       ] GC(375) Old regions: 165->166
[2023-11-12T18:17:18.755+0100][gc,heap       ] GC(375) Humongous regions: 129->129
[2023-11-12T18:17:18.755+0100][gc,metaspace  ] GC(375) Metaspace: 46615K(49920K)->46615K(49920K) NonClass: 40877K(42752K)->40877K(42752K) Class: 5737K(7168K)->5737K(7168K)
[2023-11-12T18:17:18.755+0100][gc            ] GC(375) Pause Young (Normal) (G1 Evacuation Pause) 900M->306M(1024M) 9,216ms
[2023-11-12T18:17:18.755+0100][gc,cpu        ] GC(375) User=0,07s Sys=0,01s Real=0,01s
[2023-11-12T18:17:20.257+0100][gc,start      ] GC(376) Pause Young (Normal) (G1 Evacuation Pause)
[2023-11-12T18:17:20.257+0100][gc,task       ] GC(376) Using 13 workers of 13 for evacuation
[2023-11-12T18:17:20.265+0100][gc,phases     ] GC(376)   Pre Evacuate Collection Set: 0,0ms
[2023-11-12T18:17:20.265+0100][gc,phases     ] GC(376)   Evacuate Collection Set: 7,0ms
[2023-11-12T18:17:20.265+0100][gc,phases     ] GC(376)   Post Evacuate Collection Set: 0,6ms
[2023-11-12T18:17:20.265+0100][gc,phases     ] GC(376)   Other: 0,2ms
[2023-11-12T18:17:20.265+0100][gc,heap       ] GC(376) Eden regions: 595->0(595)
[2023-11-12T18:17:20.265+0100][gc,heap       ] GC(376) Survivor regions: 14->15(77)
[2023-11-12T18:17:20.265+0100][gc,heap       ] GC(376) Old regions: 166->166
[2023-11-12T18:17:20.265+0100][gc,heap       ] GC(376) Humongous regions: 129->129
[2023-11-12T18:17:20.265+0100][gc,metaspace  ] GC(376) Metaspace: 46615K(49920K)->46615K(49920K) NonClass: 40877K(42752K)->40877K(42752K) Class: 5737K(7168K)->5737K(7168K)
[2023-11-12T18:17:20.265+0100][gc            ] GC(376) Pause Young (Normal) (G1 Evacuation Pause) 901M->308M(1024M) 7,926ms
[2023-11-12T18:17:20.265+0100][gc,cpu        ] GC(376) User=0,09s Sys=0,00s Real=0,01s
[2023-11-12T18:17:21.760+0100][gc,start      ] GC(377) Pause Young (Normal) (G1 Evacuation Pause)
[2023-11-12T18:17:21.760+0100][gc,task       ] GC(377) Using 13 workers of 13 for evacuation
[2023-11-12T18:17:21.769+0100][gc,phases     ] GC(377)   Pre Evacuate Collection Set: 0,0ms
[2023-11-12T18:17:21.769+0100][gc,phases     ] GC(377)   Evacuate Collection Set: 7,2ms
[2023-11-12T18:17:21.769+0100][gc,phases     ] GC(377)   Post Evacuate Collection Set: 0,6ms
[2023-11-12T18:17:21.769+0100][gc,phases     ] GC(377)   Other: 0,2ms
[2023-11-12T18:17:21.769+0100][gc,heap       ] GC(377) Eden regions: 595->0(589)
[2023-11-12T18:17:21.769+0100][gc,heap       ] GC(377) Survivor regions: 15->18(77)
[2023-11-12T18:17:21.769+0100][gc,heap       ] GC(377) Old regions: 166->167
[2023-11-12T18:17:21.769+0100][gc,heap       ] GC(377) Humongous regions: 129->129
[2023-11-12T18:17:21.769+0100][gc,metaspace  ] GC(377) Metaspace: 46615K(49920K)->46615K(49920K) NonClass: 40877K(42752K)->40877K(42752K) Class: 5737K(7168K)->5737K(7168K)
[2023-11-12T18:17:21.769+0100][gc            ] GC(377) Pause Young (Normal) (G1 Evacuation Pause) 903M->311M(1024M) 8,178ms
[2023-11-12T18:17:21.769+0100][gc,cpu        ] GC(377) User=0,09s Sys=0,00s Real=0,01s
[2023-11-12T18:17:23.246+0100][gc,start      ] GC(378) Pause Young (Normal) (G1 Evacuation Pause)
[2023-11-12T18:17:23.246+0100][gc,task       ] GC(378) Using 13 workers of 13 for evacuation
[2023-11-12T18:17:23.254+0100][gc,phases     ] GC(378)   Pre Evacuate Collection Set: 0,0ms
[2023-11-12T18:17:23.254+0100][gc,phases     ] GC(378)   Evacuate Collection Set: 7,8ms
[2023-11-12T18:17:23.254+0100][gc,phases     ] GC(378)   Post Evacuate Collection Set: 0,6ms
[2023-11-12T18:17:23.254+0100][gc,phases     ] GC(378)   Other: 0,2ms
[2023-11-12T18:17:23.254+0100][gc,heap       ] GC(378) Eden regions: 589->0(583)
[2023-11-12T18:17:23.254+0100][gc,heap       ] GC(378) Survivor regions: 18->21(76)
[2023-11-12T18:17:23.254+0100][gc,heap       ] GC(378) Old regions: 167->167
[2023-11-12T18:17:23.254+0100][gc,heap       ] GC(378) Humongous regions: 129->129
[2023-11-12T18:17:23.254+0100][gc,metaspace  ] GC(378) Metaspace: 46615K(49920K)->46615K(49920K) NonClass: 40877K(42752K)->40877K(42752K) Class: 5737K(7168K)->5737K(7168K)
[2023-11-12T18:17:23.254+0100][gc            ] GC(378) Pause Young (Normal) (G1 Evacuation Pause) 900M->315M(1024M) 8,689ms
[2023-11-12T18:17:23.255+0100][gc,cpu        ] GC(378) User=0,09s Sys=0,00s Real=0,01s
[2023-11-12T18:17:24.738+0100][gc,start      ] GC(379) Pause Young (Normal) (G1 Evacuation Pause)
[2023-11-12T18:17:24.738+0100][gc,task       ] GC(379) Using 13 workers of 13 for evacuation
[2023-11-12T18:17:24.748+0100][gc,phases     ] GC(379)   Pre Evacuate Collection Set: 0,0ms
[2023-11-12T18:17:24.748+0100][gc,phases     ] GC(379)   Evacuate Collection Set: 8,8ms
[2023-11-12T18:17:24.748+0100][gc,phases     ] GC(379)   Post Evacuate Collection Set: 0,6ms
[2023-11-12T18:17:24.748+0100][gc,phases     ] GC(379)   Other: 0,2ms
[2023-11-12T18:17:24.748+0100][gc,heap       ] GC(379) Eden regions: 583->0(577)
[2023-11-12T18:17:24.748+0100][gc,heap       ] GC(379) Survivor regions: 21->24(76)
[2023-11-12T18:17:24.748+0100][gc,heap       ] GC(379) Old regions: 167->167
[2023-11-12T18:17:24.748+0100][gc,heap       ] GC(379) Humongous regions: 129->129
[2023-11-12T18:17:24.748+0100][gc,metaspace  ] GC(379) Metaspace: 46615K(49920K)->46615K(49920K) NonClass: 40877K(42752K)->40877K(42752K) Class: 5737K(7168K)->5737K(7168K)
[2023-11-12T18:17:24.748+0100][gc            ] GC(379) Pause Young (Normal) (G1 Evacuation Pause) 898M->318M(1024M) 9,660ms
[2023-11-12T18:17:24.748+0100][gc,cpu        ] GC(379) User=0,09s Sys=0,01s Real=0,01s
[2023-11-12T18:17:26.217+0100][gc,start      ] GC(380) Pause Young (Normal) (G1 Evacuation Pause)
[2023-11-12T18:17:26.217+0100][gc,task       ] GC(380) Using 13 workers of 13 for evacuation
[2023-11-12T18:17:26.227+0100][gc,phases     ] GC(380)   Pre Evacuate Collection Set: 0,0ms
[2023-11-12T18:17:26.227+0100][gc,phases     ] GC(380)   Evacuate Collection Set: 9,1ms
[2023-11-12T18:17:26.227+0100][gc,phases     ] GC(380)   Post Evacuate Collection Set: 0,6ms
[2023-11-12T18:17:26.227+0100][gc,phases     ] GC(380)   Other: 0,2ms
[2023-11-12T18:17:26.227+0100][gc,heap       ] GC(380) Eden regions: 577->0(571)
[2023-11-12T18:17:26.227+0100][gc,heap       ] GC(380) Survivor regions: 24->27(76)
[2023-11-12T18:17:26.227+0100][gc,heap       ] GC(380) Old regions: 167->167
[2023-11-12T18:17:26.227+0100][gc,heap       ] GC(380) Humongous regions: 129->129
[2023-11-12T18:17:26.227+0100][gc,metaspace  ] GC(380) Metaspace: 46615K(49920K)->46615K(49920K) NonClass: 40877K(42752K)->40877K(42752K) Class: 5737K(7168K)->5737K(7168K)
[2023-11-12T18:17:26.227+0100][gc            ] GC(380) Pause Young (Normal) (G1 Evacuation Pause) 895M->320M(1024M) 9,980ms
[2023-11-12T18:17:26.227+0100][gc,cpu        ] GC(380) User=0,06s Sys=0,04s Real=0,01s
[2023-11-12T18:17:27.725+0100][gc,start      ] GC(381) Pause Young (Normal) (G1 Evacuation Pause)
[2023-11-12T18:17:27.725+0100][gc,task       ] GC(381) Using 13 workers of 13 for evacuation
[2023-11-12T18:17:27.736+0100][gc,phases     ] GC(381)   Pre Evacuate Collection Set: 0,0ms
[2023-11-12T18:17:27.736+0100][gc,phases     ] GC(381)   Evacuate Collection Set: 9,4ms
[2023-11-12T18:17:27.736+0100][gc,phases     ] GC(381)   Post Evacuate Collection Set: 0,6ms
[2023-11-12T18:17:27.736+0100][gc,phases     ] GC(381)   Other: 0,3ms
[2023-11-12T18:17:27.736+0100][gc,heap       ] GC(381) Eden regions: 571->0(564)
[2023-11-12T18:17:27.736+0100][gc,heap       ] GC(381) Survivor regions: 27->30(75)
[2023-11-12T18:17:27.736+0100][gc,heap       ] GC(381) Old regions: 167->168
[2023-11-12T18:17:27.736+0100][gc,heap       ] GC(381) Humongous regions: 129->129
[2023-11-12T18:17:27.736+0100][gc,metaspace  ] GC(381) Metaspace: 46615K(49920K)->46615K(49920K) NonClass: 40877K(42752K)->40877K(42752K) Class: 5737K(7168K)->5737K(7168K)
[2023-11-12T18:17:27.736+0100][gc            ] GC(381) Pause Young (Normal) (G1 Evacuation Pause) 891M->324M(1024M) 10,406ms
[2023-11-12T18:17:27.736+0100][gc,cpu        ] GC(381) User=0,11s Sys=0,01s Real=0,01s
[2023-11-12T18:17:29.158+0100][gc,start      ] GC(382) Pause Young (Normal) (G1 Evacuation Pause)
[2023-11-12T18:17:29.158+0100][gc,task       ] GC(382) Using 13 workers of 13 for evacuation
[2023-11-12T18:17:29.164+0100][gc,phases     ] GC(382)   Pre Evacuate Collection Set: 0,0ms
[2023-11-12T18:17:29.164+0100][gc,phases     ] GC(382)   Evacuate Collection Set: 4,5ms
[2023-11-12T18:17:29.164+0100][gc,phases     ] GC(382)   Post Evacuate Collection Set: 0,5ms
[2023-11-12T18:17:29.164+0100][gc,phases     ] GC(382)   Other: 0,3ms
[2023-11-12T18:17:29.164+0100][gc,heap       ] GC(382) Eden regions: 564->0(601)
[2023-11-12T18:17:29.164+0100][gc,heap       ] GC(382) Survivor regions: 30->6(75)
[2023-11-12T18:17:29.164+0100][gc,heap       ] GC(382) Old regions: 168->168
[2023-11-12T18:17:29.164+0100][gc,heap       ] GC(382) Humongous regions: 129->129
[2023-11-12T18:17:29.164+0100][gc,metaspace  ] GC(382) Metaspace: 46615K(49920K)->46615K(49920K) NonClass: 40877K(42752K)->40877K(42752K) Class: 5737K(7168K)->5737K(7168K)
[2023-11-12T18:17:29.164+0100][gc            ] GC(382) Pause Young (Normal) (G1 Evacuation Pause) 888M->300M(1024M) 5,494ms
[2023-11-12T18:17:29.164+0100][gc,cpu        ] GC(382) User=0,06s Sys=0,01s Real=0,01s
[2023-11-12T18:17:30.745+0100][gc,start      ] GC(383) Pause Young (Normal) (G1 Evacuation Pause)
[2023-11-12T18:17:30.745+0100][gc,task       ] GC(383) Using 13 workers of 13 for evacuation
[2023-11-12T18:17:30.752+0100][gc,phases     ] GC(383)   Pre Evacuate Collection Set: 0,0ms
[2023-11-12T18:17:30.752+0100][gc,phases     ] GC(383)   Evacuate Collection Set: 5,9ms
[2023-11-12T18:17:30.752+0100][gc,phases     ] GC(383)   Post Evacuate Collection Set: 0,6ms
[2023-11-12T18:17:30.752+0100][gc,phases     ] GC(383)   Other: 0,2ms
[2023-11-12T18:17:30.752+0100][gc,heap       ] GC(383) Eden regions: 601->0(602)
[2023-11-12T18:17:30.752+0100][gc,heap       ] GC(383) Survivor regions: 6->7(76)
[2023-11-12T18:17:30.752+0100][gc,heap       ] GC(383) Old regions: 168->168
[2023-11-12T18:17:30.752+0100][gc,heap       ] GC(383) Humongous regions: 129->129
[2023-11-12T18:17:30.752+0100][gc,metaspace  ] GC(383) Metaspace: 46615K(49920K)->46615K(49920K) NonClass: 40877K(42752K)->40877K(42752K) Class: 5737K(7168K)->5737K(7168K)
[2023-11-12T18:17:30.752+0100][gc            ] GC(383) Pause Young (Normal) (G1 Evacuation Pause) 901M->301M(1024M) 6,874ms
[2023-11-12T18:17:30.752+0100][gc,cpu        ] GC(383) User=0,04s Sys=0,02s Real=0,00s
[2023-11-12T18:17:32.284+0100][gc,start      ] GC(384) Pause Young (Normal) (G1 Evacuation Pause)
[2023-11-12T18:17:32.284+0100][gc,task       ] GC(384) Using 13 workers of 13 for evacuation
[2023-11-12T18:17:32.290+0100][gc,phases     ] GC(384)   Pre Evacuate Collection Set: 0,0ms
[2023-11-12T18:17:32.290+0100][gc,phases     ] GC(384)   Evacuate Collection Set: 4,9ms
[2023-11-12T18:17:32.290+0100][gc,phases     ] GC(384)   Post Evacuate Collection Set: 0,6ms
[2023-11-12T18:17:32.290+0100][gc,phases     ] GC(384)   Other: 0,2ms
[2023-11-12T18:17:32.290+0100][gc,heap       ] GC(384) Eden regions: 602->0(601)
[2023-11-12T18:17:32.290+0100][gc,heap       ] GC(384) Survivor regions: 7->9(77)
[2023-11-12T18:17:32.290+0100][gc,heap       ] GC(384) Old regions: 168->168
[2023-11-12T18:17:32.290+0100][gc,heap       ] GC(384) Humongous regions: 129->129
[2023-11-12T18:17:32.290+0100][gc,metaspace  ] GC(384) Metaspace: 46615K(49920K)->46615K(49920K) NonClass: 40877K(42752K)->40877K(42752K) Class: 5737K(7168K)->5737K(7168K)
[2023-11-12T18:17:32.290+0100][gc            ] GC(384) Pause Young (Normal) (G1 Evacuation Pause) 903M->304M(1024M) 5,809ms
[2023-11-12T18:17:32.290+0100][gc,cpu        ] GC(384) User=0,06s Sys=0,00s Real=0,00s
[2023-11-12T18:17:33.867+0100][gc,start      ] GC(385) Pause Young (Normal) (G1 Evacuation Pause)
[2023-11-12T18:17:33.867+0100][gc,task       ] GC(385) Using 13 workers of 13 for evacuation
[2023-11-12T18:17:33.874+0100][gc,phases     ] GC(385)   Pre Evacuate Collection Set: 0,0ms
[2023-11-12T18:17:33.874+0100][gc,phases     ] GC(385)   Evacuate Collection Set: 5,7ms
[2023-11-12T18:17:33.874+0100][gc,phases     ] GC(385)   Post Evacuate Collection Set: 0,6ms
[2023-11-12T18:17:33.874+0100][gc,phases     ] GC(385)   Other: 0,2ms
[2023-11-12T18:17:33.874+0100][gc,heap       ] GC(385) Eden regions: 601->0(599)
[2023-11-12T18:17:33.874+0100][gc,heap       ] GC(385) Survivor regions: 9->11(77)
[2023-11-12T18:17:33.874+0100][gc,heap       ] GC(385) Old regions: 168->169
[2023-11-12T18:17:33.874+0100][gc,heap       ] GC(385) Humongous regions: 129->129
[2023-11-12T18:17:33.874+0100][gc,metaspace  ] GC(385) Metaspace: 46615K(49920K)->46615K(49920K) NonClass: 40877K(42752K)->40877K(42752K) Class: 5737K(7168K)->5737K(7168K)
[2023-11-12T18:17:33.874+0100][gc            ] GC(385) Pause Young (Normal) (G1 Evacuation Pause) 905M->306M(1024M) 6,624ms
[2023-11-12T18:17:33.874+0100][gc,cpu        ] GC(385) User=0,03s Sys=0,03s Real=0,01s
[2023-11-12T18:17:35.426+0100][gc,start      ] GC(386) Pause Young (Normal) (G1 Evacuation Pause)
[2023-11-12T18:17:35.426+0100][gc,task       ] GC(386) Using 13 workers of 13 for evacuation
[2023-11-12T18:17:35.433+0100][gc,phases     ] GC(386)   Pre Evacuate Collection Set: 0,0ms
[2023-11-12T18:17:35.433+0100][gc,phases     ] GC(386)   Evacuate Collection Set: 6,0ms
[2023-11-12T18:17:35.433+0100][gc,phases     ] GC(386)   Post Evacuate Collection Set: 0,6ms
[2023-11-12T18:17:35.433+0100][gc,phases     ] GC(386)   Other: 0,2ms
[2023-11-12T18:17:35.433+0100][gc,heap       ] GC(386) Eden regions: 599->0(597)
[2023-11-12T18:17:35.433+0100][gc,heap       ] GC(386) Survivor regions: 11->13(77)
[2023-11-12T18:17:35.433+0100][gc,heap       ] GC(386) Old regions: 169->169
[2023-11-12T18:17:35.433+0100][gc,heap       ] GC(386) Humongous regions: 129->129
[2023-11-12T18:17:35.433+0100][gc,metaspace  ] GC(386) Metaspace: 46615K(49920K)->46615K(49920K) NonClass: 40877K(42752K)->40877K(42752K) Class: 5737K(7168K)->5737K(7168K)
[2023-11-12T18:17:35.433+0100][gc            ] GC(386) Pause Young (Normal) (G1 Evacuation Pause) 905M->309M(1024M) 7,076ms
[2023-11-12T18:17:35.433+0100][gc,cpu        ] GC(386) User=0,04s Sys=0,02s Real=0,00s
[2023-11-12T18:17:36.938+0100][gc,start      ] GC(387) Pause Young (Normal) (G1 Evacuation Pause)
[2023-11-12T18:17:36.938+0100][gc,task       ] GC(387) Using 13 workers of 13 for evacuation
[2023-11-12T18:17:36.945+0100][gc,phases     ] GC(387)   Pre Evacuate Collection Set: 0,0ms
[2023-11-12T18:17:36.945+0100][gc,phases     ] GC(387)   Evacuate Collection Set: 6,5ms
[2023-11-12T18:17:36.945+0100][gc,phases     ] GC(387)   Post Evacuate Collection Set: 0,6ms
[2023-11-12T18:17:36.945+0100][gc,phases     ] GC(387)   Other: 0,2ms
[2023-11-12T18:17:36.945+0100][gc,heap       ] GC(387) Eden regions: 597->0(593)
[2023-11-12T18:17:36.945+0100][gc,heap       ] GC(387) Survivor regions: 13->15(77)
[2023-11-12T18:17:36.945+0100][gc,heap       ] GC(387) Old regions: 169->169
[2023-11-12T18:17:36.945+0100][gc,heap       ] GC(387) Humongous regions: 129->129
[2023-11-12T18:17:36.945+0100][gc,metaspace  ] GC(387) Metaspace: 46615K(49920K)->46615K(49920K) NonClass: 40877K(42752K)->40877K(42752K) Class: 5737K(7168K)->5737K(7168K)
[2023-11-12T18:17:36.945+0100][gc            ] GC(387) Pause Young (Normal) (G1 Evacuation Pause) 906M->311M(1024M) 7,470ms
[2023-11-12T18:17:36.945+0100][gc,cpu        ] GC(387) User=0,06s Sys=0,03s Real=0,01s
[2023-11-12T18:17:38.420+0100][gc,start      ] GC(388) Pause Young (Normal) (G1 Evacuation Pause)
[2023-11-12T18:17:38.420+0100][gc,task       ] GC(388) Using 13 workers of 13 for evacuation
[2023-11-12T18:17:38.428+0100][gc,phases     ] GC(388)   Pre Evacuate Collection Set: 0,0ms
[2023-11-12T18:17:38.428+0100][gc,phases     ] GC(388)   Evacuate Collection Set: 6,9ms
[2023-11-12T18:17:38.428+0100][gc,phases     ] GC(388)   Post Evacuate Collection Set: 0,6ms
[2023-11-12T18:17:38.428+0100][gc,phases     ] GC(388)   Other: 0,2ms
[2023-11-12T18:17:38.428+0100][gc,heap       ] GC(388) Eden regions: 593->0(587)
[2023-11-12T18:17:38.428+0100][gc,heap       ] GC(388) Survivor regions: 15->18(76)
[2023-11-12T18:17:38.428+0100][gc,heap       ] GC(388) Old regions: 169->169
[2023-11-12T18:17:38.428+0100][gc,heap       ] GC(388) Humongous regions: 129->129
[2023-11-12T18:17:38.428+0100][gc,metaspace  ] GC(388) Metaspace: 46616K(49920K)->46616K(49920K) NonClass: 40879K(42752K)->40879K(42752K) Class: 5737K(7168K)->5737K(7168K)
[2023-11-12T18:17:38.428+0100][gc            ] GC(388) Pause Young (Normal) (G1 Evacuation Pause) 904M->314M(1024M) 7,824ms
[2023-11-12T18:17:38.428+0100][gc,cpu        ] GC(388) User=0,08s Sys=0,00s Real=0,01s
[2023-11-12T18:17:39.899+0100][gc,start      ] GC(389) Pause Young (Normal) (G1 Evacuation Pause)
[2023-11-12T18:17:39.899+0100][gc,task       ] GC(389) Using 13 workers of 13 for evacuation
[2023-11-12T18:17:39.908+0100][gc,phases     ] GC(389)   Pre Evacuate Collection Set: 0,0ms
[2023-11-12T18:17:39.908+0100][gc,phases     ] GC(389)   Evacuate Collection Set: 8,0ms
[2023-11-12T18:17:39.908+0100][gc,phases     ] GC(389)   Post Evacuate Collection Set: 0,6ms
[2023-11-12T18:17:39.908+0100][gc,phases     ] GC(389)   Other: 0,2ms
[2023-11-12T18:17:39.908+0100][gc,heap       ] GC(389) Eden regions: 587->0(579)
[2023-11-12T18:17:39.908+0100][gc,heap       ] GC(389) Survivor regions: 18->22(76)
[2023-11-12T18:17:39.908+0100][gc,heap       ] GC(389) Old regions: 169->169
[2023-11-12T18:17:39.908+0100][gc,heap       ] GC(389) Humongous regions: 129->129
[2023-11-12T18:17:39.908+0100][gc,metaspace  ] GC(389) Metaspace: 46616K(49920K)->46616K(49920K) NonClass: 40879K(42752K)->40879K(42752K) Class: 5737K(7168K)->5737K(7168K)
[2023-11-12T18:17:39.908+0100][gc            ] GC(389) Pause Young (Normal) (G1 Evacuation Pause) 901M->318M(1024M) 8,939ms
[2023-11-12T18:17:39.908+0100][gc,cpu        ] GC(389) User=0,10s Sys=0,00s Real=0,01s
[2023-11-12T18:17:41.269+0100][gc,start      ] GC(390) Pause Young (Normal) (G1 Evacuation Pause)
[2023-11-12T18:17:41.269+0100][gc,task       ] GC(390) Using 13 workers of 13 for evacuation
[2023-11-12T18:17:41.281+0100][gc,phases     ] GC(390)   Pre Evacuate Collection Set: 0,0ms
[2023-11-12T18:17:41.281+0100][gc,phases     ] GC(390)   Evacuate Collection Set: 10,6ms
[2023-11-12T18:17:41.281+0100][gc,phases     ] GC(390)   Post Evacuate Collection Set: 0,6ms
[2023-11-12T18:17:41.281+0100][gc,phases     ] GC(390)   Other: 0,2ms
[2023-11-12T18:17:41.281+0100][gc,heap       ] GC(390) Eden regions: 579->0(568)
[2023-11-12T18:17:41.281+0100][gc,heap       ] GC(390) Survivor regions: 22->27(76)
[2023-11-12T18:17:41.281+0100][gc,heap       ] GC(390) Old regions: 169->170
[2023-11-12T18:17:41.281+0100][gc,heap       ] GC(390) Humongous regions: 129->129
[2023-11-12T18:17:41.281+0100][gc,metaspace  ] GC(390) Metaspace: 46616K(49920K)->46616K(49920K) NonClass: 40879K(42752K)->40879K(42752K) Class: 5737K(7168K)->5737K(7168K)
[2023-11-12T18:17:41.281+0100][gc            ] GC(390) Pause Young (Normal) (G1 Evacuation Pause) 897M->323M(1024M) 11,544ms
[2023-11-12T18:17:41.281+0100][gc,cpu        ] GC(390) User=0,10s Sys=0,02s Real=0,01s
[2023-11-12T18:17:42.766+0100][gc,start      ] GC(391) Pause Young (Normal) (G1 Evacuation Pause)
[2023-11-12T18:17:42.766+0100][gc,task       ] GC(391) Using 13 workers of 13 for evacuation
[2023-11-12T18:17:42.777+0100][gc,phases     ] GC(391)   Pre Evacuate Collection Set: 0,0ms
[2023-11-12T18:17:42.777+0100][gc,phases     ] GC(391)   Evacuate Collection Set: 9,8ms
[2023-11-12T18:17:42.777+0100][gc,phases     ] GC(391)   Post Evacuate Collection Set: 0,7ms
[2023-11-12T18:17:42.777+0100][gc,phases     ] GC(391)   Other: 0,2ms
[2023-11-12T18:17:42.777+0100][gc,heap       ] GC(391) Eden regions: 568->0(562)
[2023-11-12T18:17:42.777+0100][gc,heap       ] GC(391) Survivor regions: 27->30(75)
[2023-11-12T18:17:42.777+0100][gc,heap       ] GC(391) Old regions: 170->170
[2023-11-12T18:17:42.777+0100][gc,heap       ] GC(391) Humongous regions: 129->129
[2023-11-12T18:17:42.777+0100][gc,metaspace  ] GC(391) Metaspace: 46616K(49920K)->46616K(49920K) NonClass: 40879K(42752K)->40879K(42752K) Class: 5737K(7168K)->5737K(7168K)
[2023-11-12T18:17:42.777+0100][gc            ] GC(391) Pause Young (Normal) (G1 Evacuation Pause) 891M->326M(1024M) 10,864ms
[2023-11-12T18:17:42.777+0100][gc,cpu        ] GC(391) User=0,10s Sys=0,01s Real=0,01s
[2023-11-12T18:17:44.328+0100][gc,start      ] GC(392) Pause Young (Normal) (G1 Evacuation Pause)
[2023-11-12T18:17:44.328+0100][gc,task       ] GC(392) Using 13 workers of 13 for evacuation
[2023-11-12T18:17:44.334+0100][gc,phases     ] GC(392)   Pre Evacuate Collection Set: 0,0ms
[2023-11-12T18:17:44.334+0100][gc,phases     ] GC(392)   Evacuate Collection Set: 5,1ms
[2023-11-12T18:17:44.334+0100][gc,phases     ] GC(392)   Post Evacuate Collection Set: 0,7ms
[2023-11-12T18:17:44.334+0100][gc,phases     ] GC(392)   Other: 0,3ms
[2023-11-12T18:17:44.334+0100][gc,heap       ] GC(392) Eden regions: 562->0(598)
[2023-11-12T18:17:44.334+0100][gc,heap       ] GC(392) Survivor regions: 30->7(74)
[2023-11-12T18:17:44.334+0100][gc,heap       ] GC(392) Old regions: 170->170
[2023-11-12T18:17:44.334+0100][gc,heap       ] GC(392) Humongous regions: 129->129
[2023-11-12T18:17:44.334+0100][gc,metaspace  ] GC(392) Metaspace: 46616K(49920K)->46616K(49920K) NonClass: 40879K(42752K)->40879K(42752K) Class: 5737K(7168K)->5737K(7168K)
[2023-11-12T18:17:44.334+0100][gc            ] GC(392) Pause Young (Normal) (G1 Evacuation Pause) 888M->304M(1024M) 6,186ms
[2023-11-12T18:17:44.334+0100][gc,cpu        ] GC(392) User=0,05s Sys=0,00s Real=0,01s
[2023-11-12T18:17:45.945+0100][gc,start      ] GC(393) Pause Young (Normal) (G1 Evacuation Pause)
[2023-11-12T18:17:45.945+0100][gc,task       ] GC(393) Using 13 workers of 13 for evacuation
[2023-11-12T18:17:45.952+0100][gc,phases     ] GC(393)   Pre Evacuate Collection Set: 0,0ms
[2023-11-12T18:17:45.952+0100][gc,phases     ] GC(393)   Evacuate Collection Set: 6,1ms
[2023-11-12T18:17:45.952+0100][gc,phases     ] GC(393)   Post Evacuate Collection Set: 0,5ms
[2023-11-12T18:17:45.952+0100][gc,phases     ] GC(393)   Other: 0,2ms
[2023-11-12T18:17:45.952+0100][gc,heap       ] GC(393) Eden regions: 598->0(597)
[2023-11-12T18:17:45.952+0100][gc,heap       ] GC(393) Survivor regions: 7->9(76)
[2023-11-12T18:17:45.952+0100][gc,heap       ] GC(393) Old regions: 170->170
[2023-11-12T18:17:45.952+0100][gc,heap       ] GC(393) Humongous regions: 129->129
[2023-11-12T18:17:45.952+0100][gc,metaspace  ] GC(393) Metaspace: 46616K(49920K)->46616K(49920K) NonClass: 40879K(42752K)->40879K(42752K) Class: 5737K(7168K)->5737K(7168K)
[2023-11-12T18:17:45.952+0100][gc            ] GC(393) Pause Young (Normal) (G1 Evacuation Pause) 902M->306M(1024M) 6,882ms
[2023-11-12T18:17:45.952+0100][gc,cpu        ] GC(393) User=0,06s Sys=0,00s Real=0,00s
[2023-11-12T18:17:47.395+0100][gc,start      ] GC(394) Pause Young (Normal) (G1 Evacuation Pause)
[2023-11-12T18:17:47.395+0100][gc,task       ] GC(394) Using 13 workers of 13 for evacuation
[2023-11-12T18:17:47.403+0100][gc,phases     ] GC(394)   Pre Evacuate Collection Set: 0,0ms
[2023-11-12T18:17:47.403+0100][gc,phases     ] GC(394)   Evacuate Collection Set: 6,7ms
[2023-11-12T18:17:47.403+0100][gc,phases     ] GC(394)   Post Evacuate Collection Set: 0,7ms
[2023-11-12T18:17:47.403+0100][gc,phases     ] GC(394)   Other: 0,2ms
[2023-11-12T18:17:47.403+0100][gc,heap       ] GC(394) Eden regions: 597->0(596)
[2023-11-12T18:17:47.403+0100][gc,heap       ] GC(394) Survivor regions: 9->12(76)
[2023-11-12T18:17:47.403+0100][gc,heap       ] GC(394) Old regions: 170->170
[2023-11-12T18:17:47.403+0100][gc,heap       ] GC(394) Humongous regions: 129->129
[2023-11-12T18:17:47.403+0100][gc,metaspace  ] GC(394) Metaspace: 46616K(49920K)->46616K(49920K) NonClass: 40879K(42752K)->40879K(42752K) Class: 5737K(7168K)->5737K(7168K)
[2023-11-12T18:17:47.403+0100][gc            ] GC(394) Pause Young (Normal) (G1 Evacuation Pause) 903M->308M(1024M) 7,698ms
[2023-11-12T18:17:47.403+0100][gc,cpu        ] GC(394) User=0,05s Sys=0,01s Real=0,01s
[2023-11-12T18:17:48.854+0100][gc,start      ] GC(395) Pause Young (Normal) (G1 Evacuation Pause)
[2023-11-12T18:17:48.854+0100][gc,task       ] GC(395) Using 13 workers of 13 for evacuation
[2023-11-12T18:17:48.862+0100][gc,phases     ] GC(395)   Pre Evacuate Collection Set: 0,0ms
[2023-11-12T18:17:48.862+0100][gc,phases     ] GC(395)   Evacuate Collection Set: 7,2ms
[2023-11-12T18:17:48.862+0100][gc,phases     ] GC(395)   Post Evacuate Collection Set: 0,6ms
[2023-11-12T18:17:48.862+0100][gc,phases     ] GC(395)   Other: 0,2ms
[2023-11-12T18:17:48.862+0100][gc,heap       ] GC(395) Eden regions: 596->0(593)
[2023-11-12T18:17:48.862+0100][gc,heap       ] GC(395) Survivor regions: 12->14(76)
[2023-11-12T18:17:48.862+0100][gc,heap       ] GC(395) Old regions: 170->171
[2023-11-12T18:17:48.862+0100][gc,heap       ] GC(395) Humongous regions: 129->129
[2023-11-12T18:17:48.862+0100][gc,metaspace  ] GC(395) Metaspace: 46622K(49920K)->46622K(49920K) NonClass: 40884K(42752K)->40884K(42752K) Class: 5737K(7168K)->5737K(7168K)
[2023-11-12T18:17:48.862+0100][gc            ] GC(395) Pause Young (Normal) (G1 Evacuation Pause) 904M->311M(1024M) 8,155ms
[2023-11-12T18:17:48.862+0100][gc,cpu        ] GC(395) User=0,05s Sys=0,02s Real=0,01s
[2023-11-12T18:17:50.389+0100][gc,start      ] GC(396) Pause Young (Normal) (G1 Evacuation Pause)
[2023-11-12T18:17:50.389+0100][gc,task       ] GC(396) Using 13 workers of 13 for evacuation
[2023-11-12T18:17:50.397+0100][gc,phases     ] GC(396)   Pre Evacuate Collection Set: 0,0ms
[2023-11-12T18:17:50.397+0100][gc,phases     ] GC(396)   Evacuate Collection Set: 7,2ms
[2023-11-12T18:17:50.397+0100][gc,phases     ] GC(396)   Post Evacuate Collection Set: 0,5ms
[2023-11-12T18:17:50.397+0100][gc,phases     ] GC(396)   Other: 0,2ms
[2023-11-12T18:17:50.397+0100][gc,heap       ] GC(396) Eden regions: 593->0(589)
[2023-11-12T18:17:50.397+0100][gc,heap       ] GC(396) Survivor regions: 14->16(76)
[2023-11-12T18:17:50.397+0100][gc,heap       ] GC(396) Old regions: 171->171
[2023-11-12T18:17:50.397+0100][gc,heap       ] GC(396) Humongous regions: 129->129
[2023-11-12T18:17:50.397+0100][gc,metaspace  ] GC(396) Metaspace: 46622K(49920K)->46622K(49920K) NonClass: 40884K(42752K)->40884K(42752K) Class: 5737K(7168K)->5737K(7168K)
[2023-11-12T18:17:50.397+0100][gc            ] GC(396) Pause Young (Normal) (G1 Evacuation Pause) 904M->313M(1024M) 8,066ms
[2023-11-12T18:17:50.397+0100][gc,cpu        ] GC(396) User=0,08s Sys=0,00s Real=0,01s
[2023-11-12T18:17:51.881+0100][gc,start      ] GC(397) Pause Young (Normal) (G1 Evacuation Pause)
[2023-11-12T18:17:51.881+0100][gc,task       ] GC(397) Using 13 workers of 13 for evacuation
[2023-11-12T18:17:51.889+0100][gc,phases     ] GC(397)   Pre Evacuate Collection Set: 0,0ms
[2023-11-12T18:17:51.889+0100][gc,phases     ] GC(397)   Evacuate Collection Set: 6,8ms
[2023-11-12T18:17:51.889+0100][gc,phases     ] GC(397)   Post Evacuate Collection Set: 0,6ms
[2023-11-12T18:17:51.889+0100][gc,phases     ] GC(397)   Other: 0,2ms
[2023-11-12T18:17:51.889+0100][gc,heap       ] GC(397) Eden regions: 589->0(583)
[2023-11-12T18:17:51.889+0100][gc,heap       ] GC(397) Survivor regions: 16->19(76)
[2023-11-12T18:17:51.889+0100][gc,heap       ] GC(397) Old regions: 171->171
[2023-11-12T18:17:51.889+0100][gc,heap       ] GC(397) Humongous regions: 129->129
[2023-11-12T18:17:51.889+0100][gc,metaspace  ] GC(397) Metaspace: 46622K(49920K)->46622K(49920K) NonClass: 40884K(42752K)->40884K(42752K) Class: 5737K(7168K)->5737K(7168K)
[2023-11-12T18:17:51.889+0100][gc            ] GC(397) Pause Young (Normal) (G1 Evacuation Pause) 902M->316M(1024M) 7,749ms
[2023-11-12T18:17:51.889+0100][gc,cpu        ] GC(397) User=0,07s Sys=0,02s Real=0,01s
[2023-11-12T18:17:53.362+0100][gc,start      ] GC(398) Pause Young (Normal) (G1 Evacuation Pause)
[2023-11-12T18:17:53.362+0100][gc,task       ] GC(398) Using 13 workers of 13 for evacuation
[2023-11-12T18:17:53.372+0100][gc,phases     ] GC(398)   Pre Evacuate Collection Set: 0,0ms
[2023-11-12T18:17:53.372+0100][gc,phases     ] GC(398)   Evacuate Collection Set: 8,4ms
[2023-11-12T18:17:53.372+0100][gc,phases     ] GC(398)   Post Evacuate Collection Set: 0,6ms
[2023-11-12T18:17:53.372+0100][gc,phases     ] GC(398)   Other: 0,3ms
[2023-11-12T18:17:53.372+0100][gc,heap       ] GC(398) Eden regions: 583->0(579)
[2023-11-12T18:17:53.372+0100][gc,heap       ] GC(398) Survivor regions: 19->21(76)
[2023-11-12T18:17:53.372+0100][gc,heap       ] GC(398) Old regions: 171->171
[2023-11-12T18:17:53.372+0100][gc,heap       ] GC(398) Humongous regions: 129->129
[2023-11-12T18:17:53.372+0100][gc,metaspace  ] GC(398) Metaspace: 46622K(49920K)->46622K(49920K) NonClass: 40884K(42752K)->40884K(42752K) Class: 5737K(7168K)->5737K(7168K)
[2023-11-12T18:17:53.372+0100][gc            ] GC(398) Pause Young (Normal) (G1 Evacuation Pause) 899M->319M(1024M) 9,359ms
[2023-11-12T18:17:53.372+0100][gc,cpu        ] GC(398) User=0,10s Sys=0,00s Real=0,00s
[2023-11-12T18:17:54.835+0100][gc,start      ] GC(399) Pause Young (Normal) (G1 Evacuation Pause)
[2023-11-12T18:17:54.835+0100][gc,task       ] GC(399) Using 13 workers of 13 for evacuation
[2023-11-12T18:17:54.846+0100][gc,phases     ] GC(399)   Pre Evacuate Collection Set: 0,0ms
[2023-11-12T18:17:54.846+0100][gc,phases     ] GC(399)   Evacuate Collection Set: 9,6ms
[2023-11-12T18:17:54.846+0100][gc,phases     ] GC(399)   Post Evacuate Collection Set: 0,9ms
[2023-11-12T18:17:54.846+0100][gc,phases     ] GC(399)   Other: 0,3ms
[2023-11-12T18:17:54.846+0100][gc,heap       ] GC(399) Eden regions: 579->0(575)
[2023-11-12T18:17:54.846+0100][gc,heap       ] GC(399) Survivor regions: 21->23(75)
[2023-11-12T18:17:54.846+0100][gc,heap       ] GC(399) Old regions: 171->171
[2023-11-12T18:17:54.846+0100][gc,heap       ] GC(399) Humongous regions: 129->129
[2023-11-12T18:17:54.846+0100][gc,metaspace  ] GC(399) Metaspace: 46622K(49920K)->46622K(49920K) NonClass: 40884K(42752K)->40884K(42752K) Class: 5737K(7168K)->5737K(7168K)
[2023-11-12T18:17:54.846+0100][gc            ] GC(399) Pause Young (Normal) (G1 Evacuation Pause) 898M->321M(1024M) 10,963ms
[2023-11-12T18:17:54.846+0100][gc,cpu        ] GC(399) User=0,10s Sys=0,02s Real=0,01s
[2023-11-12T18:17:56.255+0100][gc,start      ] GC(400) Pause Young (Normal) (G1 Evacuation Pause)
[2023-11-12T18:17:56.255+0100][gc,task       ] GC(400) Using 13 workers of 13 for evacuation
[2023-11-12T18:17:56.265+0100][gc,phases     ] GC(400)   Pre Evacuate Collection Set: 0,0ms
[2023-11-12T18:17:56.265+0100][gc,phases     ] GC(400)   Evacuate Collection Set: 9,2ms
[2023-11-12T18:17:56.265+0100][gc,phases     ] GC(400)   Post Evacuate Collection Set: 0,8ms
[2023-11-12T18:17:56.265+0100][gc,phases     ] GC(400)   Other: 0,3ms
[2023-11-12T18:17:56.265+0100][gc,heap       ] GC(400) Eden regions: 575->0(568)
[2023-11-12T18:17:56.265+0100][gc,heap       ] GC(400) Survivor regions: 23->26(75)
[2023-11-12T18:17:56.265+0100][gc,heap       ] GC(400) Old regions: 171->172
[2023-11-12T18:17:56.265+0100][gc,heap       ] GC(400) Humongous regions: 129->129
[2023-11-12T18:17:56.265+0100][gc,metaspace  ] GC(400) Metaspace: 46622K(49920K)->46622K(49920K) NonClass: 40884K(42752K)->40884K(42752K) Class: 5737K(7168K)->5737K(7168K)
[2023-11-12T18:17:56.266+0100][gc            ] GC(400) Pause Young (Normal) (G1 Evacuation Pause) 896M->324M(1024M) 10,396ms
[2023-11-12T18:17:56.266+0100][gc,cpu        ] GC(400) User=0,11s Sys=0,00s Real=0,01s
[2023-11-12T18:17:57.551+0100][gc,start      ] GC(401) Pause Young (Normal) (G1 Evacuation Pause)
[2023-11-12T18:17:57.551+0100][gc,task       ] GC(401) Using 13 workers of 13 for evacuation
[2023-11-12T18:17:57.563+0100][gc,phases     ] GC(401)   Pre Evacuate Collection Set: 0,0ms
[2023-11-12T18:17:57.563+0100][gc,phases     ] GC(401)   Evacuate Collection Set: 10,4ms
[2023-11-12T18:17:57.563+0100][gc,phases     ] GC(401)   Post Evacuate Collection Set: 0,5ms
[2023-11-12T18:17:57.563+0100][gc,phases     ] GC(401)   Other: 0,3ms
[2023-11-12T18:17:57.563+0100][gc,heap       ] GC(401) Eden regions: 568->0(558)
[2023-11-12T18:17:57.563+0100][gc,heap       ] GC(401) Survivor regions: 26->31(75)
[2023-11-12T18:17:57.563+0100][gc,heap       ] GC(401) Old regions: 172->172
[2023-11-12T18:17:57.563+0100][gc,heap       ] GC(401) Humongous regions: 129->129
[2023-11-12T18:17:57.563+0100][gc,metaspace  ] GC(401) Metaspace: 46622K(49920K)->46622K(49920K) NonClass: 40884K(42752K)->40884K(42752K) Class: 5737K(7168K)->5737K(7168K)
[2023-11-12T18:17:57.563+0100][gc            ] GC(401) Pause Young (Normal) (G1 Evacuation Pause) 892M->329M(1024M) 11,350ms
[2023-11-12T18:17:57.563+0100][gc,cpu        ] GC(401) User=0,11s Sys=0,02s Real=0,02s
[2023-11-12T18:17:58.957+0100][gc,start      ] GC(402) Pause Young (Normal) (G1 Evacuation Pause)
[2023-11-12T18:17:58.957+0100][gc,task       ] GC(402) Using 13 workers of 13 for evacuation
[2023-11-12T18:17:58.964+0100][gc,phases     ] GC(402)   Pre Evacuate Collection Set: 0,0ms
[2023-11-12T18:17:58.964+0100][gc,phases     ] GC(402)   Evacuate Collection Set: 6,0ms
[2023-11-12T18:17:58.964+0100][gc,phases     ] GC(402)   Post Evacuate Collection Set: 0,7ms
[2023-11-12T18:17:58.964+0100][gc,phases     ] GC(402)   Other: 0,3ms
[2023-11-12T18:17:58.964+0100][gc,heap       ] GC(402) Eden regions: 558->0(588)
[2023-11-12T18:17:58.964+0100][gc,heap       ] GC(402) Survivor regions: 31->9(74)
[2023-11-12T18:17:58.964+0100][gc,heap       ] GC(402) Old regions: 172->172
[2023-11-12T18:17:58.964+0100][gc,heap       ] GC(402) Humongous regions: 129->129
[2023-11-12T18:17:58.964+0100][gc,metaspace  ] GC(402) Metaspace: 46622K(49920K)->46622K(49920K) NonClass: 40884K(42752K)->40884K(42752K) Class: 5737K(7168K)->5737K(7168K)
[2023-11-12T18:17:58.964+0100][gc            ] GC(402) Pause Young (Normal) (G1 Evacuation Pause) 887M->307M(1024M) 6,996ms
[2023-11-12T18:17:58.964+0100][gc,cpu        ] GC(402) User=0,06s Sys=0,00s Real=0,01s
[2023-11-12T18:18:00.634+0100][gc,start      ] GC(403) Pause Young (Normal) (G1 Evacuation Pause)
[2023-11-12T18:18:00.634+0100][gc,task       ] GC(403) Using 13 workers of 13 for evacuation
[2023-11-12T18:18:00.641+0100][gc,phases     ] GC(403)   Pre Evacuate Collection Set: 0,0ms
[2023-11-12T18:18:00.641+0100][gc,phases     ] GC(403)   Evacuate Collection Set: 6,2ms
[2023-11-12T18:18:00.641+0100][gc,phases     ] GC(403)   Post Evacuate Collection Set: 0,6ms
[2023-11-12T18:18:00.641+0100][gc,phases     ] GC(403)   Other: 0,2ms
[2023-11-12T18:18:00.641+0100][gc,heap       ] GC(403) Eden regions: 588->0(588)
[2023-11-12T18:18:00.641+0100][gc,heap       ] GC(403) Survivor regions: 9->11(75)
[2023-11-12T18:18:00.641+0100][gc,heap       ] GC(403) Old regions: 172->172
[2023-11-12T18:18:00.641+0100][gc,heap       ] GC(403) Humongous regions: 129->129
[2023-11-12T18:18:00.641+0100][gc,metaspace  ] GC(403) Metaspace: 46622K(49920K)->46622K(49920K) NonClass: 40884K(42752K)->40884K(42752K) Class: 5737K(7168K)->5737K(7168K)
[2023-11-12T18:18:00.641+0100][gc            ] GC(403) Pause Young (Normal) (G1 Evacuation Pause) 895M->309M(1024M) 7,203ms
[2023-11-12T18:18:00.641+0100][gc,cpu        ] GC(403) User=0,04s Sys=0,02s Real=0,01s
[2023-11-12T18:18:02.193+0100][gc,start      ] GC(404) Pause Young (Normal) (G1 Evacuation Pause)
[2023-11-12T18:18:02.193+0100][gc,task       ] GC(404) Using 13 workers of 13 for evacuation
[2023-11-12T18:18:02.199+0100][gc,phases     ] GC(404)   Pre Evacuate Collection Set: 0,0ms
[2023-11-12T18:18:02.200+0100][gc,phases     ] GC(404)   Evacuate Collection Set: 6,0ms
[2023-11-12T18:18:02.200+0100][gc,phases     ] GC(404)   Post Evacuate Collection Set: 0,5ms
[2023-11-12T18:18:02.200+0100][gc,phases     ] GC(404)   Other: 0,2ms
[2023-11-12T18:18:02.200+0100][gc,heap       ] GC(404) Eden regions: 588->0(588)
[2023-11-12T18:18:02.200+0100][gc,heap       ] GC(404) Survivor regions: 11->13(75)
[2023-11-12T18:18:02.200+0100][gc,heap       ] GC(404) Old regions: 172->172
[2023-11-12T18:18:02.200+0100][gc,heap       ] GC(404) Humongous regions: 129->129
[2023-11-12T18:18:02.200+0100][gc,metaspace  ] GC(404) Metaspace: 46622K(49920K)->46622K(49920K) NonClass: 40884K(42752K)->40884K(42752K) Class: 5737K(7168K)->5737K(7168K)
[2023-11-12T18:18:02.200+0100][gc            ] GC(404) Pause Young (Normal) (G1 Evacuation Pause) 897M->311M(1024M) 6,884ms
[2023-11-12T18:18:02.200+0100][gc,cpu        ] GC(404) User=0,06s Sys=0,00s Real=0,01s
[2023-11-12T18:18:03.750+0100][gc,start      ] GC(405) Pause Young (Normal) (G1 Evacuation Pause)
[2023-11-12T18:18:03.750+0100][gc,task       ] GC(405) Using 13 workers of 13 for evacuation
[2023-11-12T18:18:03.757+0100][gc,phases     ] GC(405)   Pre Evacuate Collection Set: 0,0ms
[2023-11-12T18:18:03.757+0100][gc,phases     ] GC(405)   Evacuate Collection Set: 6,2ms
[2023-11-12T18:18:03.757+0100][gc,phases     ] GC(405)   Post Evacuate Collection Set: 0,6ms
[2023-11-12T18:18:03.757+0100][gc,phases     ] GC(405)   Other: 0,2ms
[2023-11-12T18:18:03.757+0100][gc,heap       ] GC(405) Eden regions: 588->0(588)
[2023-11-12T18:18:03.757+0100][gc,heap       ] GC(405) Survivor regions: 13->15(76)
[2023-11-12T18:18:03.757+0100][gc,heap       ] GC(405) Old regions: 172->172
[2023-11-12T18:18:03.757+0100][gc,heap       ] GC(405) Humongous regions: 129->129
[2023-11-12T18:18:03.757+0100][gc,metaspace  ] GC(405) Metaspace: 46622K(49920K)->46622K(49920K) NonClass: 40884K(42752K)->40884K(42752K) Class: 5737K(7168K)->5737K(7168K)
[2023-11-12T18:18:03.757+0100][gc            ] GC(405) Pause Young (Normal) (G1 Evacuation Pause) 899M->314M(1024M) 7,139ms
[2023-11-12T18:18:03.757+0100][gc,cpu        ] GC(405) User=0,06s Sys=0,02s Real=0,01s
[2023-11-12T18:18:05.260+0100][gc,start      ] GC(406) Pause Young (Normal) (G1 Evacuation Pause)
[2023-11-12T18:18:05.260+0100][gc,task       ] GC(406) Using 13 workers of 13 for evacuation
[2023-11-12T18:18:05.269+0100][gc,phases     ] GC(406)   Pre Evacuate Collection Set: 0,0ms
[2023-11-12T18:18:05.269+0100][gc,phases     ] GC(406)   Evacuate Collection Set: 7,7ms
[2023-11-12T18:18:05.269+0100][gc,phases     ] GC(406)   Post Evacuate Collection Set: 0,6ms
[2023-11-12T18:18:05.269+0100][gc,phases     ] GC(406)   Other: 0,2ms
[2023-11-12T18:18:05.269+0100][gc,heap       ] GC(406) Eden regions: 588->0(582)
[2023-11-12T18:18:05.269+0100][gc,heap       ] GC(406) Survivor regions: 15->19(76)
[2023-11-12T18:18:05.269+0100][gc,heap       ] GC(406) Old regions: 172->172
[2023-11-12T18:18:05.269+0100][gc,heap       ] GC(406) Humongous regions: 129->129
[2023-11-12T18:18:05.269+0100][gc,metaspace  ] GC(406) Metaspace: 46622K(49920K)->46622K(49920K) NonClass: 40884K(42752K)->40884K(42752K) Class: 5737K(7168K)->5737K(7168K)
[2023-11-12T18:18:05.269+0100][gc            ] GC(406) Pause Young (Normal) (G1 Evacuation Pause) 902M->317M(1024M) 8,637ms
[2023-11-12T18:18:05.269+0100][gc,cpu        ] GC(406) User=0,08s Sys=0,00s Real=0,01s
[2023-11-12T18:18:06.684+0100][gc,start      ] GC(407) Pause Young (Normal) (G1 Evacuation Pause)
[2023-11-12T18:18:06.684+0100][gc,task       ] GC(407) Using 13 workers of 13 for evacuation
[2023-11-12T18:18:06.693+0100][gc,phases     ] GC(407)   Pre Evacuate Collection Set: 0,0ms
[2023-11-12T18:18:06.693+0100][gc,phases     ] GC(407)   Evacuate Collection Set: 7,9ms
[2023-11-12T18:18:06.693+0100][gc,phases     ] GC(407)   Post Evacuate Collection Set: 0,6ms
[2023-11-12T18:18:06.693+0100][gc,phases     ] GC(407)   Other: 0,2ms
[2023-11-12T18:18:06.693+0100][gc,heap       ] GC(407) Eden regions: 582->0(573)
[2023-11-12T18:18:06.693+0100][gc,heap       ] GC(407) Survivor regions: 19->23(76)
[2023-11-12T18:18:06.693+0100][gc,heap       ] GC(407) Old regions: 172->173
[2023-11-12T18:18:06.693+0100][gc,heap       ] GC(407) Humongous regions: 129->129
[2023-11-12T18:18:06.693+0100][gc,metaspace  ] GC(407) Metaspace: 46622K(49920K)->46622K(49920K) NonClass: 40884K(42752K)->40884K(42752K) Class: 5737K(7168K)->5737K(7168K)
[2023-11-12T18:18:06.693+0100][gc            ] GC(407) Pause Young (Normal) (G1 Evacuation Pause) 899M->321M(1024M) 8,808ms
[2023-11-12T18:18:06.693+0100][gc,cpu        ] GC(407) User=0,09s Sys=0,00s Real=0,00s
[2023-11-12T18:18:08.119+0100][gc,start      ] GC(408) Pause Young (Normal) (G1 Evacuation Pause)
[2023-11-12T18:18:08.119+0100][gc,task       ] GC(408) Using 13 workers of 13 for evacuation
[2023-11-12T18:18:08.128+0100][gc,phases     ] GC(408)   Pre Evacuate Collection Set: 0,0ms
[2023-11-12T18:18:08.128+0100][gc,phases     ] GC(408)   Evacuate Collection Set: 8,5ms
[2023-11-12T18:18:08.128+0100][gc,phases     ] GC(408)   Post Evacuate Collection Set: 0,6ms
[2023-11-12T18:18:08.128+0100][gc,phases     ] GC(408)   Other: 0,2ms
[2023-11-12T18:18:08.128+0100][gc,heap       ] GC(408) Eden regions: 573->0(567)
[2023-11-12T18:18:08.128+0100][gc,heap       ] GC(408) Survivor regions: 23->26(75)
[2023-11-12T18:18:08.128+0100][gc,heap       ] GC(408) Old regions: 173->173
[2023-11-12T18:18:08.128+0100][gc,heap       ] GC(408) Humongous regions: 129->129
[2023-11-12T18:18:08.128+0100][gc,metaspace  ] GC(408) Metaspace: 46622K(49920K)->46622K(49920K) NonClass: 40884K(42752K)->40884K(42752K) Class: 5737K(7168K)->5737K(7168K)
[2023-11-12T18:18:08.128+0100][gc            ] GC(408) Pause Young (Normal) (G1 Evacuation Pause) 894M->325M(1024M) 9,413ms
[2023-11-12T18:18:08.128+0100][gc,cpu        ] GC(408) User=0,10s Sys=0,00s Real=0,01s
[2023-11-12T18:18:09.526+0100][gc,start      ] GC(409) Pause Young (Normal) (G1 Evacuation Pause)
[2023-11-12T18:18:09.526+0100][gc,task       ] GC(409) Using 13 workers of 13 for evacuation
[2023-11-12T18:18:09.536+0100][gc,phases     ] GC(409)   Pre Evacuate Collection Set: 0,0ms
[2023-11-12T18:18:09.536+0100][gc,phases     ] GC(409)   Evacuate Collection Set: 9,1ms
[2023-11-12T18:18:09.536+0100][gc,phases     ] GC(409)   Post Evacuate Collection Set: 0,6ms
[2023-11-12T18:18:09.536+0100][gc,phases     ] GC(409)   Other: 0,2ms
[2023-11-12T18:18:09.536+0100][gc,heap       ] GC(409) Eden regions: 567->0(561)
[2023-11-12T18:18:09.536+0100][gc,heap       ] GC(409) Survivor regions: 26->29(75)
[2023-11-12T18:18:09.536+0100][gc,heap       ] GC(409) Old regions: 173->173
[2023-11-12T18:18:09.536+0100][gc,heap       ] GC(409) Humongous regions: 129->129
[2023-11-12T18:18:09.536+0100][gc,metaspace  ] GC(409) Metaspace: 46622K(49920K)->46622K(49920K) NonClass: 40884K(42752K)->40884K(42752K) Class: 5737K(7168K)->5737K(7168K)
[2023-11-12T18:18:09.536+0100][gc            ] GC(409) Pause Young (Normal) (G1 Evacuation Pause) 892M->328M(1024M) 10,095ms
[2023-11-12T18:18:09.536+0100][gc,cpu        ] GC(409) User=0,11s Sys=0,01s Real=0,01s
[2023-11-12T18:18:10.951+0100][gc,start      ] GC(410) Pause Young (Normal) (G1 Evacuation Pause)
[2023-11-12T18:18:10.951+0100][gc,task       ] GC(410) Using 13 workers of 13 for evacuation
[2023-11-12T18:18:10.962+0100][gc,phases     ] GC(410)   Pre Evacuate Collection Set: 0,0ms
[2023-11-12T18:18:10.962+0100][gc,phases     ] GC(410)   Evacuate Collection Set: 10,3ms
[2023-11-12T18:18:10.962+0100][gc,phases     ] GC(410)   Post Evacuate Collection Set: 0,6ms
[2023-11-12T18:18:10.962+0100][gc,phases     ] GC(410)   Other: 0,2ms
[2023-11-12T18:18:10.962+0100][gc,heap       ] GC(410) Eden regions: 561->0(555)
[2023-11-12T18:18:10.962+0100][gc,heap       ] GC(410) Survivor regions: 29->32(74)
[2023-11-12T18:18:10.962+0100][gc,heap       ] GC(410) Old regions: 173->173
[2023-11-12T18:18:10.962+0100][gc,heap       ] GC(410) Humongous regions: 129->129
[2023-11-12T18:18:10.962+0100][gc,metaspace  ] GC(410) Metaspace: 46622K(49920K)->46622K(49920K) NonClass: 40884K(42752K)->40884K(42752K) Class: 5737K(7168K)->5737K(7168K)
[2023-11-12T18:18:10.962+0100][gc            ] GC(410) Pause Young (Normal) (G1 Evacuation Pause) 889M->332M(1024M) 11,139ms
[2023-11-12T18:18:10.962+0100][gc,cpu        ] GC(410) User=0,13s Sys=0,00s Real=0,02s
[2023-11-12T18:18:12.369+0100][gc,start      ] GC(411) Pause Young (Normal) (G1 Evacuation Pause)
[2023-11-12T18:18:12.369+0100][gc,task       ] GC(411) Using 13 workers of 13 for evacuation
[2023-11-12T18:18:12.378+0100][gc,phases     ] GC(411)   Pre Evacuate Collection Set: 0,0ms
[2023-11-12T18:18:12.378+0100][gc,phases     ] GC(411)   Evacuate Collection Set: 8,3ms
[2023-11-12T18:18:12.378+0100][gc,phases     ] GC(411)   Post Evacuate Collection Set: 0,5ms
[2023-11-12T18:18:12.378+0100][gc,phases     ] GC(411)   Other: 0,2ms
[2023-11-12T18:18:12.378+0100][gc,heap       ] GC(411) Eden regions: 555->0(595)
[2023-11-12T18:18:12.378+0100][gc,heap       ] GC(411) Survivor regions: 32->8(74)
[2023-11-12T18:18:12.378+0100][gc,heap       ] GC(411) Old regions: 173->173
[2023-11-12T18:18:12.378+0100][gc,heap       ] GC(411) Humongous regions: 129->129
[2023-11-12T18:18:12.378+0100][gc,metaspace  ] GC(411) Metaspace: 46622K(49920K)->46622K(49920K) NonClass: 40884K(42752K)->40884K(42752K) Class: 5737K(7168K)->5737K(7168K)
[2023-11-12T18:18:12.378+0100][gc            ] GC(411) Pause Young (Normal) (G1 Evacuation Pause) 887M->307M(1024M) 9,112ms
[2023-11-12T18:18:12.378+0100][gc,cpu        ] GC(411) User=0,06s Sys=0,00s Real=0,01s
[2023-11-12T18:18:13.937+0100][gc,start      ] GC(412) Pause Young (Normal) (G1 Evacuation Pause)
[2023-11-12T18:18:13.937+0100][gc,task       ] GC(412) Using 13 workers of 13 for evacuation
[2023-11-12T18:18:13.945+0100][gc,phases     ] GC(412)   Pre Evacuate Collection Set: 0,0ms
[2023-11-12T18:18:13.945+0100][gc,phases     ] GC(412)   Evacuate Collection Set: 6,6ms
[2023-11-12T18:18:13.945+0100][gc,phases     ] GC(412)   Post Evacuate Collection Set: 0,6ms
[2023-11-12T18:18:13.945+0100][gc,phases     ] GC(412)   Other: 0,2ms
[2023-11-12T18:18:13.945+0100][gc,heap       ] GC(412) Eden regions: 595->0(593)
[2023-11-12T18:18:13.945+0100][gc,heap       ] GC(412) Survivor regions: 8->10(76)
[2023-11-12T18:18:13.945+0100][gc,heap       ] GC(412) Old regions: 173->173
[2023-11-12T18:18:13.945+0100][gc,heap       ] GC(412) Humongous regions: 129->129
[2023-11-12T18:18:13.945+0100][gc,metaspace  ] GC(412) Metaspace: 46622K(49920K)->46622K(49920K) NonClass: 40884K(42752K)->40884K(42752K) Class: 5737K(7168K)->5737K(7168K)
[2023-11-12T18:18:13.945+0100][gc            ] GC(412) Pause Young (Normal) (G1 Evacuation Pause) 902M->309M(1024M) 7,625ms
[2023-11-12T18:18:13.945+0100][gc,cpu        ] GC(412) User=0,05s Sys=0,02s Real=0,01s
[2023-11-12T18:18:15.491+0100][gc,start      ] GC(413) Pause Young (Normal) (G1 Evacuation Pause)
[2023-11-12T18:18:15.491+0100][gc,task       ] GC(413) Using 13 workers of 13 for evacuation
[2023-11-12T18:18:15.498+0100][gc,phases     ] GC(413)   Pre Evacuate Collection Set: 0,0ms
[2023-11-12T18:18:15.498+0100][gc,phases     ] GC(413)   Evacuate Collection Set: 5,4ms
[2023-11-12T18:18:15.498+0100][gc,phases     ] GC(413)   Post Evacuate Collection Set: 0,6ms
[2023-11-12T18:18:15.498+0100][gc,phases     ] GC(413)   Other: 0,2ms
[2023-11-12T18:18:15.498+0100][gc,heap       ] GC(413) Eden regions: 593->0(592)
[2023-11-12T18:18:15.498+0100][gc,heap       ] GC(413) Survivor regions: 10->12(76)
[2023-11-12T18:18:15.498+0100][gc,heap       ] GC(413) Old regions: 173->173
[2023-11-12T18:18:15.498+0100][gc,heap       ] GC(413) Humongous regions: 129->129
[2023-11-12T18:18:15.498+0100][gc,metaspace  ] GC(413) Metaspace: 46622K(49920K)->46622K(49920K) NonClass: 40884K(42752K)->40884K(42752K) Class: 5737K(7168K)->5737K(7168K)
[2023-11-12T18:18:15.498+0100][gc            ] GC(413) Pause Young (Normal) (G1 Evacuation Pause) 902M->312M(1024M) 6,363ms
[2023-11-12T18:18:15.498+0100][gc,cpu        ] GC(413) User=0,06s Sys=0,02s Real=0,01s
[2023-11-12T18:18:16.998+0100][gc,start      ] GC(414) Pause Young (Normal) (G1 Evacuation Pause)
[2023-11-12T18:18:16.998+0100][gc,task       ] GC(414) Using 13 workers of 13 for evacuation
[2023-11-12T18:18:17.006+0100][gc,phases     ] GC(414)   Pre Evacuate Collection Set: 0,0ms
[2023-11-12T18:18:17.006+0100][gc,phases     ] GC(414)   Evacuate Collection Set: 6,3ms
[2023-11-12T18:18:17.006+0100][gc,phases     ] GC(414)   Post Evacuate Collection Set: 0,6ms
[2023-11-12T18:18:17.006+0100][gc,phases     ] GC(414)   Other: 0,2ms
[2023-11-12T18:18:17.006+0100][gc,heap       ] GC(414) Eden regions: 592->0(587)
[2023-11-12T18:18:17.006+0100][gc,heap       ] GC(414) Survivor regions: 12->16(76)
[2023-11-12T18:18:17.006+0100][gc,heap       ] GC(414) Old regions: 173->173
[2023-11-12T18:18:17.006+0100][gc,heap       ] GC(414) Humongous regions: 129->129
[2023-11-12T18:18:17.006+0100][gc,metaspace  ] GC(414) Metaspace: 46622K(49920K)->46622K(49920K) NonClass: 40884K(42752K)->40884K(42752K) Class: 5737K(7168K)->5737K(7168K)
[2023-11-12T18:18:17.006+0100][gc            ] GC(414) Pause Young (Normal) (G1 Evacuation Pause) 904M->316M(1024M) 7,214ms
[2023-11-12T18:18:17.006+0100][gc,cpu        ] GC(414) User=0,07s Sys=0,02s Real=0,01s
[2023-11-12T18:18:18.516+0100][gc,start      ] GC(415) Pause Young (Normal) (G1 Evacuation Pause)
[2023-11-12T18:18:18.516+0100][gc,task       ] GC(415) Using 13 workers of 13 for evacuation
[2023-11-12T18:18:18.524+0100][gc,phases     ] GC(415)   Pre Evacuate Collection Set: 0,0ms
[2023-11-12T18:18:18.524+0100][gc,phases     ] GC(415)   Evacuate Collection Set: 7,1ms
[2023-11-12T18:18:18.524+0100][gc,phases     ] GC(415)   Post Evacuate Collection Set: 0,6ms
[2023-11-12T18:18:18.524+0100][gc,phases     ] GC(415)   Other: 0,2ms
[2023-11-12T18:18:18.524+0100][gc,heap       ] GC(415) Eden regions: 587->0(580)
[2023-11-12T18:18:18.524+0100][gc,heap       ] GC(415) Survivor regions: 16->19(76)
[2023-11-12T18:18:18.524+0100][gc,heap       ] GC(415) Old regions: 173->174
[2023-11-12T18:18:18.524+0100][gc,heap       ] GC(415) Humongous regions: 129->129
[2023-11-12T18:18:18.524+0100][gc,metaspace  ] GC(415) Metaspace: 46622K(49920K)->46622K(49920K) NonClass: 40884K(42752K)->40884K(42752K) Class: 5737K(7168K)->5737K(7168K)
[2023-11-12T18:18:18.524+0100][gc            ] GC(415) Pause Young (Normal) (G1 Evacuation Pause) 903M->319M(1024M) 8,065ms
[2023-11-12T18:18:18.524+0100][gc,cpu        ] GC(415) User=0,09s Sys=0,00s Real=0,01s
[2023-11-12T18:18:20.031+0100][gc,start      ] GC(416) Pause Young (Normal) (G1 Evacuation Pause)
[2023-11-12T18:18:20.031+0100][gc,task       ] GC(416) Using 13 workers of 13 for evacuation
[2023-11-12T18:18:20.042+0100][gc,phases     ] GC(416)   Pre Evacuate Collection Set: 0,0ms
[2023-11-12T18:18:20.042+0100][gc,phases     ] GC(416)   Evacuate Collection Set: 9,8ms
[2023-11-12T18:18:20.042+0100][gc,phases     ] GC(416)   Post Evacuate Collection Set: 0,5ms
[2023-11-12T18:18:20.042+0100][gc,phases     ] GC(416)   Other: 0,3ms
[2023-11-12T18:18:20.042+0100][gc,heap       ] GC(416) Eden regions: 580->0(576)
[2023-11-12T18:18:20.042+0100][gc,heap       ] GC(416) Survivor regions: 19->21(75)
[2023-11-12T18:18:20.042+0100][gc,heap       ] GC(416) Old regions: 174->174
[2023-11-12T18:18:20.042+0100][gc,heap       ] GC(416) Humongous regions: 129->129
[2023-11-12T18:18:20.042+0100][gc,metaspace  ] GC(416) Metaspace: 46622K(49920K)->46622K(49920K) NonClass: 40884K(42752K)->40884K(42752K) Class: 5737K(7168K)->5737K(7168K)
[2023-11-12T18:18:20.042+0100][gc            ] GC(416) Pause Young (Normal) (G1 Evacuation Pause) 899M->321M(1024M) 10,730ms
[2023-11-12T18:18:20.042+0100][gc,cpu        ] GC(416) User=0,12s Sys=0,00s Real=0,02s
[2023-11-12T18:18:21.532+0100][gc,start      ] GC(417) Pause Young (Normal) (G1 Evacuation Pause)
[2023-11-12T18:18:21.532+0100][gc,task       ] GC(417) Using 13 workers of 13 for evacuation
[2023-11-12T18:18:21.541+0100][gc,phases     ] GC(417)   Pre Evacuate Collection Set: 0,0ms
[2023-11-12T18:18:21.541+0100][gc,phases     ] GC(417)   Evacuate Collection Set: 8,1ms
[2023-11-12T18:18:21.541+0100][gc,phases     ] GC(417)   Post Evacuate Collection Set: 0,6ms
[2023-11-12T18:18:21.541+0100][gc,phases     ] GC(417)   Other: 0,2ms
[2023-11-12T18:18:21.541+0100][gc,heap       ] GC(417) Eden regions: 576->0(570)
[2023-11-12T18:18:21.541+0100][gc,heap       ] GC(417) Survivor regions: 21->24(75)
[2023-11-12T18:18:21.541+0100][gc,heap       ] GC(417) Old regions: 174->174
[2023-11-12T18:18:21.541+0100][gc,heap       ] GC(417) Humongous regions: 129->129
[2023-11-12T18:18:21.541+0100][gc,metaspace  ] GC(417) Metaspace: 46622K(49920K)->46622K(49920K) NonClass: 40884K(42752K)->40884K(42752K) Class: 5737K(7168K)->5737K(7168K)
[2023-11-12T18:18:21.541+0100][gc            ] GC(417) Pause Young (Normal) (G1 Evacuation Pause) 897M->324M(1024M) 9,085ms
[2023-11-12T18:18:21.541+0100][gc,cpu        ] GC(417) User=0,10s Sys=0,01s Real=0,02s
[2023-11-12T18:18:23.017+0100][gc,start      ] GC(418) Pause Young (Normal) (G1 Evacuation Pause)
[2023-11-12T18:18:23.017+0100][gc,task       ] GC(418) Using 13 workers of 13 for evacuation
[2023-11-12T18:18:23.027+0100][gc,phases     ] GC(418)   Pre Evacuate Collection Set: 0,0ms
[2023-11-12T18:18:23.027+0100][gc,phases     ] GC(418)   Evacuate Collection Set: 9,0ms
[2023-11-12T18:18:23.027+0100][gc,phases     ] GC(418)   Post Evacuate Collection Set: 0,5ms
[2023-11-12T18:18:23.027+0100][gc,phases     ] GC(418)   Other: 0,2ms
[2023-11-12T18:18:23.027+0100][gc,heap       ] GC(418) Eden regions: 570->0(566)
[2023-11-12T18:18:23.027+0100][gc,heap       ] GC(418) Survivor regions: 24->26(75)
[2023-11-12T18:18:23.027+0100][gc,heap       ] GC(418) Old regions: 174->174
[2023-11-12T18:18:23.027+0100][gc,heap       ] GC(418) Humongous regions: 129->129
[2023-11-12T18:18:23.027+0100][gc,metaspace  ] GC(418) Metaspace: 46622K(49920K)->46622K(49920K) NonClass: 40884K(42752K)->40884K(42752K) Class: 5737K(7168K)->5737K(7168K)
[2023-11-12T18:18:23.027+0100][gc            ] GC(418) Pause Young (Normal) (G1 Evacuation Pause) 894M->327M(1024M) 9,912ms
[2023-11-12T18:18:23.027+0100][gc,cpu        ] GC(418) User=0,11s Sys=0,00s Real=0,01s
[2023-11-12T18:18:24.580+0100][gc,start      ] GC(419) Pause Young (Normal) (G1 Evacuation Pause)
[2023-11-12T18:18:24.580+0100][gc,task       ] GC(419) Using 13 workers of 13 for evacuation
[2023-11-12T18:18:24.592+0100][gc,phases     ] GC(419)   Pre Evacuate Collection Set: 0,0ms
[2023-11-12T18:18:24.592+0100][gc,phases     ] GC(419)   Evacuate Collection Set: 11,2ms
[2023-11-12T18:18:24.592+0100][gc,phases     ] GC(419)   Post Evacuate Collection Set: 0,7ms
[2023-11-12T18:18:24.592+0100][gc,phases     ] GC(419)   Other: 0,3ms
[2023-11-12T18:18:24.592+0100][gc,heap       ] GC(419) Eden regions: 566->0(560)
[2023-11-12T18:18:24.592+0100][gc,heap       ] GC(419) Survivor regions: 26->29(74)
[2023-11-12T18:18:24.592+0100][gc,heap       ] GC(419) Old regions: 174->174
[2023-11-12T18:18:24.592+0100][gc,heap       ] GC(419) Humongous regions: 129->129
[2023-11-12T18:18:24.592+0100][gc,metaspace  ] GC(419) Metaspace: 46622K(49920K)->46622K(49920K) NonClass: 40884K(42752K)->40884K(42752K) Class: 5737K(7168K)->5737K(7168K)
[2023-11-12T18:18:24.592+0100][gc            ] GC(419) Pause Young (Normal) (G1 Evacuation Pause) 893M->330M(1024M) 12,425ms
[2023-11-12T18:18:24.592+0100][gc,cpu        ] GC(419) User=0,13s Sys=0,01s Real=0,01s
[2023-11-12T18:18:26.096+0100][gc,start      ] GC(420) Pause Young (Normal) (G1 Evacuation Pause)
[2023-11-12T18:18:26.096+0100][gc,task       ] GC(420) Using 13 workers of 13 for evacuation
[2023-11-12T18:18:26.100+0100][gc,phases     ] GC(420)   Pre Evacuate Collection Set: 0,0ms
[2023-11-12T18:18:26.100+0100][gc,phases     ] GC(420)   Evacuate Collection Set: 3,8ms
[2023-11-12T18:18:26.100+0100][gc,phases     ] GC(420)   Post Evacuate Collection Set: 0,6ms
[2023-11-12T18:18:26.100+0100][gc,phases     ] GC(420)   Other: 0,2ms
[2023-11-12T18:18:26.100+0100][gc,heap       ] GC(420) Eden regions: 560->0(597)
[2023-11-12T18:18:26.100+0100][gc,heap       ] GC(420) Survivor regions: 29->5(74)
[2023-11-12T18:18:26.100+0100][gc,heap       ] GC(420) Old regions: 174->174
[2023-11-12T18:18:26.100+0100][gc,heap       ] GC(420) Humongous regions: 129->129
[2023-11-12T18:18:26.100+0100][gc,metaspace  ] GC(420) Metaspace: 46622K(49920K)->46622K(49920K) NonClass: 40884K(42752K)->40884K(42752K) Class: 5737K(7168K)->5737K(7168K)
[2023-11-12T18:18:26.100+0100][gc            ] GC(420) Pause Young (Normal) (G1 Evacuation Pause) 890M->306M(1024M) 4,713ms
[2023-11-12T18:18:26.100+0100][gc,cpu        ] GC(420) User=0,02s Sys=0,02s Real=0,00s
[2023-11-12T18:18:27.636+0100][gc,start      ] GC(421) Pause Young (Normal) (G1 Evacuation Pause)
[2023-11-12T18:18:27.636+0100][gc,task       ] GC(421) Using 13 workers of 13 for evacuation
[2023-11-12T18:18:27.641+0100][gc,phases     ] GC(421)   Pre Evacuate Collection Set: 0,0ms
[2023-11-12T18:18:27.641+0100][gc,phases     ] GC(421)   Evacuate Collection Set: 4,3ms
[2023-11-12T18:18:27.641+0100][gc,phases     ] GC(421)   Post Evacuate Collection Set: 0,6ms
[2023-11-12T18:18:27.641+0100][gc,phases     ] GC(421)   Other: 0,3ms
[2023-11-12T18:18:27.641+0100][gc,heap       ] GC(421) Eden regions: 597->0(597)
[2023-11-12T18:18:27.641+0100][gc,heap       ] GC(421) Survivor regions: 5->6(76)
[2023-11-12T18:18:27.641+0100][gc,heap       ] GC(421) Old regions: 174->174
[2023-11-12T18:18:27.641+0100][gc,heap       ] GC(421) Humongous regions: 129->129
[2023-11-12T18:18:27.641+0100][gc,metaspace  ] GC(421) Metaspace: 46622K(49920K)->46622K(49920K) NonClass: 40884K(42752K)->40884K(42752K) Class: 5737K(7168K)->5737K(7168K)
[2023-11-12T18:18:27.641+0100][gc            ] GC(421) Pause Young (Normal) (G1 Evacuation Pause) 903M->307M(1024M) 5,302ms
[2023-11-12T18:18:27.641+0100][gc,cpu        ] GC(421) User=0,05s Sys=0,01s Real=0,01s
[2023-11-12T18:18:29.155+0100][gc,start      ] GC(422) Pause Young (Normal) (G1 Evacuation Pause)
[2023-11-12T18:18:29.155+0100][gc,task       ] GC(422) Using 13 workers of 13 for evacuation
[2023-11-12T18:18:29.160+0100][gc,phases     ] GC(422)   Pre Evacuate Collection Set: 0,0ms
[2023-11-12T18:18:29.160+0100][gc,phases     ] GC(422)   Evacuate Collection Set: 4,6ms
[2023-11-12T18:18:29.160+0100][gc,phases     ] GC(422)   Post Evacuate Collection Set: 0,6ms
[2023-11-12T18:18:29.161+0100][gc,phases     ] GC(422)   Other: 0,2ms
[2023-11-12T18:18:29.161+0100][gc,heap       ] GC(422) Eden regions: 597->0(596)
[2023-11-12T18:18:29.161+0100][gc,heap       ] GC(422) Survivor regions: 6->8(76)
[2023-11-12T18:18:29.161+0100][gc,heap       ] GC(422) Old regions: 174->175
[2023-11-12T18:18:29.161+0100][gc,heap       ] GC(422) Humongous regions: 129->129
[2023-11-12T18:18:29.161+0100][gc,metaspace  ] GC(422) Metaspace: 46622K(49920K)->46622K(49920K) NonClass: 40884K(42752K)->40884K(42752K) Class: 5737K(7168K)->5737K(7168K)
[2023-11-12T18:18:29.161+0100][gc            ] GC(422) Pause Young (Normal) (G1 Evacuation Pause) 904M->309M(1024M) 5,488ms
[2023-11-12T18:18:29.161+0100][gc,cpu        ] GC(422) User=0,05s Sys=0,01s Real=0,00s
[2023-11-12T18:18:30.776+0100][gc,start      ] GC(423) Pause Young (Normal) (G1 Evacuation Pause)
[2023-11-12T18:18:30.776+0100][gc,task       ] GC(423) Using 13 workers of 13 for evacuation
[2023-11-12T18:18:30.782+0100][gc,phases     ] GC(423)   Pre Evacuate Collection Set: 0,0ms
[2023-11-12T18:18:30.782+0100][gc,phases     ] GC(423)   Evacuate Collection Set: 5,7ms
[2023-11-12T18:18:30.782+0100][gc,phases     ] GC(423)   Post Evacuate Collection Set: 0,6ms
[2023-11-12T18:18:30.782+0100][gc,phases     ] GC(423)   Other: 0,2ms
[2023-11-12T18:18:30.782+0100][gc,heap       ] GC(423) Eden regions: 596->0(594)
[2023-11-12T18:18:30.782+0100][gc,heap       ] GC(423) Survivor regions: 8->11(76)
[2023-11-12T18:18:30.782+0100][gc,heap       ] GC(423) Old regions: 175->175
[2023-11-12T18:18:30.782+0100][gc,heap       ] GC(423) Humongous regions: 129->129
[2023-11-12T18:18:30.782+0100][gc,metaspace  ] GC(423) Metaspace: 46622K(49920K)->46622K(49920K) NonClass: 40884K(42752K)->40884K(42752K) Class: 5737K(7168K)->5737K(7168K)
[2023-11-12T18:18:30.782+0100][gc            ] GC(423) Pause Young (Normal) (G1 Evacuation Pause) 905M->312M(1024M) 6,585ms
[2023-11-12T18:18:30.782+0100][gc,cpu        ] GC(423) User=0,07s Sys=0,00s Real=0,01s
[2023-11-12T18:18:32.337+0100][gc,start      ] GC(424) Pause Young (Normal) (G1 Evacuation Pause)
[2023-11-12T18:18:32.337+0100][gc,task       ] GC(424) Using 13 workers of 13 for evacuation
[2023-11-12T18:18:32.345+0100][gc,phases     ] GC(424)   Pre Evacuate Collection Set: 0,0ms
[2023-11-12T18:18:32.345+0100][gc,phases     ] GC(424)   Evacuate Collection Set: 7,1ms
[2023-11-12T18:18:32.345+0100][gc,phases     ] GC(424)   Post Evacuate Collection Set: 0,6ms
[2023-11-12T18:18:32.345+0100][gc,phases     ] GC(424)   Other: 0,2ms
[2023-11-12T18:18:32.345+0100][gc,heap       ] GC(424) Eden regions: 594->0(589)
[2023-11-12T18:18:32.345+0100][gc,heap       ] GC(424) Survivor regions: 11->14(76)
[2023-11-12T18:18:32.345+0100][gc,heap       ] GC(424) Old regions: 175->175
[2023-11-12T18:18:32.345+0100][gc,heap       ] GC(424) Humongous regions: 129->129
[2023-11-12T18:18:32.345+0100][gc,metaspace  ] GC(424) Metaspace: 46622K(49920K)->46622K(49920K) NonClass: 40884K(42752K)->40884K(42752K) Class: 5737K(7168K)->5737K(7168K)
[2023-11-12T18:18:32.345+0100][gc            ] GC(424) Pause Young (Normal) (G1 Evacuation Pause) 906M->315M(1024M) 8,045ms
[2023-11-12T18:18:32.345+0100][gc,cpu        ] GC(424) User=0,07s Sys=0,01s Real=0,01s
[2023-11-12T18:18:33.982+0100][gc,start      ] GC(425) Pause Young (Normal) (G1 Evacuation Pause)
[2023-11-12T18:18:33.982+0100][gc,task       ] GC(425) Using 13 workers of 13 for evacuation
[2023-11-12T18:18:33.990+0100][gc,phases     ] GC(425)   Pre Evacuate Collection Set: 0,0ms
[2023-11-12T18:18:33.990+0100][gc,phases     ] GC(425)   Evacuate Collection Set: 7,4ms
[2023-11-12T18:18:33.990+0100][gc,phases     ] GC(425)   Post Evacuate Collection Set: 0,7ms
[2023-11-12T18:18:33.990+0100][gc,phases     ] GC(425)   Other: 0,2ms
[2023-11-12T18:18:33.990+0100][gc,heap       ] GC(425) Eden regions: 589->0(585)
[2023-11-12T18:18:33.990+0100][gc,heap       ] GC(425) Survivor regions: 14->16(76)
[2023-11-12T18:18:33.990+0100][gc,heap       ] GC(425) Old regions: 175->175
[2023-11-12T18:18:33.990+0100][gc,heap       ] GC(425) Humongous regions: 129->129
[2023-11-12T18:18:33.990+0100][gc,metaspace  ] GC(425) Metaspace: 46622K(49920K)->46622K(49920K) NonClass: 40884K(42752K)->40884K(42752K) Class: 5737K(7168K)->5737K(7168K)
[2023-11-12T18:18:33.990+0100][gc            ] GC(425) Pause Young (Normal) (G1 Evacuation Pause) 904M->318M(1024M) 8,418ms
[2023-11-12T18:18:33.990+0100][gc,cpu        ] GC(425) User=0,10s Sys=0,00s Real=0,00s
[2023-11-12T18:18:35.559+0100][gc,start      ] GC(426) Pause Young (Normal) (G1 Evacuation Pause)
[2023-11-12T18:18:35.560+0100][gc,task       ] GC(426) Using 13 workers of 13 for evacuation
[2023-11-12T18:18:35.567+0100][gc,phases     ] GC(426)   Pre Evacuate Collection Set: 0,0ms
[2023-11-12T18:18:35.567+0100][gc,phases     ] GC(426)   Evacuate Collection Set: 6,9ms
[2023-11-12T18:18:35.567+0100][gc,phases     ] GC(426)   Post Evacuate Collection Set: 0,5ms
[2023-11-12T18:18:35.567+0100][gc,phases     ] GC(426)   Other: 0,3ms
[2023-11-12T18:18:35.567+0100][gc,heap       ] GC(426) Eden regions: 585->0(579)
[2023-11-12T18:18:35.567+0100][gc,heap       ] GC(426) Survivor regions: 16->19(76)
[2023-11-12T18:18:35.567+0100][gc,heap       ] GC(426) Old regions: 175->175
[2023-11-12T18:18:35.567+0100][gc,heap       ] GC(426) Humongous regions: 129->129
[2023-11-12T18:18:35.567+0100][gc,metaspace  ] GC(426) Metaspace: 46622K(49920K)->46622K(49920K) NonClass: 40884K(42752K)->40884K(42752K) Class: 5737K(7168K)->5737K(7168K)
[2023-11-12T18:18:35.567+0100][gc            ] GC(426) Pause Young (Normal) (G1 Evacuation Pause) 903M->321M(1024M) 7,799ms
[2023-11-12T18:18:35.567+0100][gc,cpu        ] GC(426) User=0,09s Sys=0,00s Real=0,01s
[2023-11-12T18:18:37.026+0100][gc,start      ] GC(427) Pause Young (Normal) (G1 Evacuation Pause)
[2023-11-12T18:18:37.026+0100][gc,task       ] GC(427) Using 13 workers of 13 for evacuation
[2023-11-12T18:18:37.036+0100][gc,phases     ] GC(427)   Pre Evacuate Collection Set: 0,0ms
[2023-11-12T18:18:37.036+0100][gc,phases     ] GC(427)   Evacuate Collection Set: 8,8ms
[2023-11-12T18:18:37.036+0100][gc,phases     ] GC(427)   Post Evacuate Collection Set: 0,5ms
[2023-11-12T18:18:37.036+0100][gc,phases     ] GC(427)   Other: 0,2ms
[2023-11-12T18:18:37.036+0100][gc,heap       ] GC(427) Eden regions: 579->0(575)
[2023-11-12T18:18:37.036+0100][gc,heap       ] GC(427) Survivor regions: 19->21(75)
[2023-11-12T18:18:37.036+0100][gc,heap       ] GC(427) Old regions: 175->175
[2023-11-12T18:18:37.036+0100][gc,heap       ] GC(427) Humongous regions: 129->129
[2023-11-12T18:18:37.036+0100][gc,metaspace  ] GC(427) Metaspace: 46622K(49920K)->46622K(49920K) NonClass: 40884K(42752K)->40884K(42752K) Class: 5737K(7168K)->5737K(7168K)
[2023-11-12T18:18:37.036+0100][gc            ] GC(427) Pause Young (Normal) (G1 Evacuation Pause) 900M->323M(1024M) 9,665ms
[2023-11-12T18:18:37.036+0100][gc,cpu        ] GC(427) User=0,11s Sys=0,01s Real=0,01s
[2023-11-12T18:18:38.472+0100][gc,start      ] GC(428) Pause Young (Normal) (G1 Evacuation Pause)
[2023-11-12T18:18:38.472+0100][gc,task       ] GC(428) Using 13 workers of 13 for evacuation
[2023-11-12T18:18:38.481+0100][gc,phases     ] GC(428)   Pre Evacuate Collection Set: 0,0ms
[2023-11-12T18:18:38.481+0100][gc,phases     ] GC(428)   Evacuate Collection Set: 8,0ms
[2023-11-12T18:18:38.481+0100][gc,phases     ] GC(428)   Post Evacuate Collection Set: 0,5ms
[2023-11-12T18:18:38.481+0100][gc,phases     ] GC(428)   Other: 0,2ms
[2023-11-12T18:18:38.481+0100][gc,heap       ] GC(428) Eden regions: 575->0(569)
[2023-11-12T18:18:38.481+0100][gc,heap       ] GC(428) Survivor regions: 21->24(75)
[2023-11-12T18:18:38.481+0100][gc,heap       ] GC(428) Old regions: 175->175
[2023-11-12T18:18:38.481+0100][gc,heap       ] GC(428) Humongous regions: 129->129
[2023-11-12T18:18:38.481+0100][gc,metaspace  ] GC(428) Metaspace: 46622K(49920K)->46622K(49920K) NonClass: 40884K(42752K)->40884K(42752K) Class: 5737K(7168K)->5737K(7168K)
[2023-11-12T18:18:38.481+0100][gc            ] GC(428) Pause Young (Normal) (G1 Evacuation Pause) 898M->326M(1024M) 8,877ms
[2023-11-12T18:18:38.481+0100][gc,cpu        ] GC(428) User=0,10s Sys=0,01s Real=0,01s
[2023-11-12T18:18:39.926+0100][gc,start      ] GC(429) Pause Young (Normal) (G1 Evacuation Pause)
[2023-11-12T18:18:39.926+0100][gc,task       ] GC(429) Using 13 workers of 13 for evacuation
[2023-11-12T18:18:39.935+0100][gc,phases     ] GC(429)   Pre Evacuate Collection Set: 0,0ms
[2023-11-12T18:18:39.935+0100][gc,phases     ] GC(429)   Evacuate Collection Set: 9,0ms
[2023-11-12T18:18:39.935+0100][gc,phases     ] GC(429)   Post Evacuate Collection Set: 0,6ms
[2023-11-12T18:18:39.935+0100][gc,phases     ] GC(429)   Other: 0,3ms
[2023-11-12T18:18:39.936+0100][gc,heap       ] GC(429) Eden regions: 569->0(564)
[2023-11-12T18:18:39.936+0100][gc,heap       ] GC(429) Survivor regions: 24->26(75)
[2023-11-12T18:18:39.936+0100][gc,heap       ] GC(429) Old regions: 175->176
[2023-11-12T18:18:39.936+0100][gc,heap       ] GC(429) Humongous regions: 129->129
[2023-11-12T18:18:39.936+0100][gc,metaspace  ] GC(429) Metaspace: 46622K(49920K)->46622K(49920K) NonClass: 40884K(42752K)->40884K(42752K) Class: 5737K(7168K)->5737K(7168K)
[2023-11-12T18:18:39.936+0100][gc            ] GC(429) Pause Young (Normal) (G1 Evacuation Pause) 895M->328M(1024M) 9,983ms
[2023-11-12T18:18:39.936+0100][gc,cpu        ] GC(429) User=0,09s Sys=0,02s Real=0,01s
[2023-11-12T18:18:41.479+0100][gc,start      ] GC(430) Pause Young (Normal) (G1 Evacuation Pause)
[2023-11-12T18:18:41.479+0100][gc,task       ] GC(430) Using 13 workers of 13 for evacuation
[2023-11-12T18:18:41.489+0100][gc,phases     ] GC(430)   Pre Evacuate Collection Set: 0,0ms
[2023-11-12T18:18:41.489+0100][gc,phases     ] GC(430)   Evacuate Collection Set: 9,2ms
[2023-11-12T18:18:41.489+0100][gc,phases     ] GC(430)   Post Evacuate Collection Set: 0,6ms
[2023-11-12T18:18:41.489+0100][gc,phases     ] GC(430)   Other: 0,2ms
[2023-11-12T18:18:41.489+0100][gc,heap       ] GC(430) Eden regions: 564->0(558)
[2023-11-12T18:18:41.489+0100][gc,heap       ] GC(430) Survivor regions: 26->29(74)
[2023-11-12T18:18:41.489+0100][gc,heap       ] GC(430) Old regions: 176->176
[2023-11-12T18:18:41.489+0100][gc,heap       ] GC(430) Humongous regions: 129->129
[2023-11-12T18:18:41.490+0100][gc,metaspace  ] GC(430) Metaspace: 46622K(49920K)->46622K(49920K) NonClass: 40884K(42752K)->40884K(42752K) Class: 5737K(7168K)->5737K(7168K)
[2023-11-12T18:18:41.490+0100][gc            ] GC(430) Pause Young (Normal) (G1 Evacuation Pause) 892M->331M(1024M) 10,103ms
[2023-11-12T18:18:41.490+0100][gc,cpu        ] GC(430) User=0,11s Sys=0,01s Real=0,01s
[2023-11-12T18:18:42.970+0100][gc,start      ] GC(431) Pause Young (Normal) (G1 Evacuation Pause)
[2023-11-12T18:18:42.970+0100][gc,task       ] GC(431) Using 13 workers of 13 for evacuation
[2023-11-12T18:18:42.981+0100][gc,phases     ] GC(431)   Pre Evacuate Collection Set: 0,0ms
[2023-11-12T18:18:42.981+0100][gc,phases     ] GC(431)   Evacuate Collection Set: 9,8ms
[2023-11-12T18:18:42.981+0100][gc,phases     ] GC(431)   Post Evacuate Collection Set: 0,6ms
[2023-11-12T18:18:42.981+0100][gc,phases     ] GC(431)   Other: 0,2ms
[2023-11-12T18:18:42.981+0100][gc,heap       ] GC(431) Eden regions: 558->0(552)
[2023-11-12T18:18:42.981+0100][gc,heap       ] GC(431) Survivor regions: 29->32(74)
[2023-11-12T18:18:42.981+0100][gc,heap       ] GC(431) Old regions: 176->176
[2023-11-12T18:18:42.981+0100][gc,heap       ] GC(431) Humongous regions: 129->129
[2023-11-12T18:18:42.981+0100][gc,metaspace  ] GC(431) Metaspace: 46622K(49920K)->46622K(49920K) NonClass: 40884K(42752K)->40884K(42752K) Class: 5737K(7168K)->5737K(7168K)
[2023-11-12T18:18:42.981+0100][gc            ] GC(431) Pause Young (Normal) (G1 Evacuation Pause) 889M->334M(1024M) 10,754ms
[2023-11-12T18:18:42.981+0100][gc,cpu        ] GC(431) User=0,11s Sys=0,01s Real=0,01s
[2023-11-12T18:18:44.421+0100][gc,start      ] GC(432) Pause Young (Normal) (G1 Evacuation Pause)
[2023-11-12T18:18:44.421+0100][gc,task       ] GC(432) Using 13 workers of 13 for evacuation
[2023-11-12T18:18:44.425+0100][gc,phases     ] GC(432)   Pre Evacuate Collection Set: 0,0ms
[2023-11-12T18:18:44.425+0100][gc,phases     ] GC(432)   Evacuate Collection Set: 2,8ms
[2023-11-12T18:18:44.425+0100][gc,phases     ] GC(432)   Post Evacuate Collection Set: 0,6ms
[2023-11-12T18:18:44.425+0100][gc,phases     ] GC(432)   Other: 0,3ms
[2023-11-12T18:18:44.425+0100][gc,heap       ] GC(432) Eden regions: 552->0(596)
[2023-11-12T18:18:44.425+0100][gc,heap       ] GC(432) Survivor regions: 32->5(73)
[2023-11-12T18:18:44.425+0100][gc,heap       ] GC(432) Old regions: 176->176
[2023-11-12T18:18:44.425+0100][gc,heap       ] GC(432) Humongous regions: 129->129
[2023-11-12T18:18:44.425+0100][gc,metaspace  ] GC(432) Metaspace: 46622K(49920K)->46622K(49920K) NonClass: 40884K(42752K)->40884K(42752K) Class: 5737K(7168K)->5737K(7168K)
[2023-11-12T18:18:44.425+0100][gc            ] GC(432) Pause Young (Normal) (G1 Evacuation Pause) 886M->308M(1024M) 3,940ms
[2023-11-12T18:18:44.425+0100][gc,cpu        ] GC(432) User=0,01s Sys=0,02s Real=0,01s
[2023-11-12T18:18:45.954+0100][gc,start      ] GC(433) Pause Young (Normal) (G1 Evacuation Pause)
[2023-11-12T18:18:45.954+0100][gc,task       ] GC(433) Using 13 workers of 13 for evacuation
[2023-11-12T18:18:45.958+0100][gc,phases     ] GC(433)   Pre Evacuate Collection Set: 0,0ms
[2023-11-12T18:18:45.958+0100][gc,phases     ] GC(433)   Evacuate Collection Set: 3,5ms
[2023-11-12T18:18:45.958+0100][gc,phases     ] GC(433)   Post Evacuate Collection Set: 0,7ms
[2023-11-12T18:18:45.958+0100][gc,phases     ] GC(433)   Other: 0,3ms
[2023-11-12T18:18:45.958+0100][gc,heap       ] GC(433) Eden regions: 596->0(596)
[2023-11-12T18:18:45.958+0100][gc,heap       ] GC(433) Survivor regions: 5->6(76)
[2023-11-12T18:18:45.958+0100][gc,heap       ] GC(433) Old regions: 176->176
[2023-11-12T18:18:45.958+0100][gc,heap       ] GC(433) Humongous regions: 129->129
[2023-11-12T18:18:45.958+0100][gc,metaspace  ] GC(433) Metaspace: 46622K(49920K)->46622K(49920K) NonClass: 40884K(42752K)->40884K(42752K) Class: 5737K(7168K)->5737K(7168K)
[2023-11-12T18:18:45.958+0100][gc            ] GC(433) Pause Young (Normal) (G1 Evacuation Pause) 904M->309M(1024M) 4,626ms
[2023-11-12T18:18:45.958+0100][gc,cpu        ] GC(433) User=0,01s Sys=0,04s Real=0,00s
[2023-11-12T18:18:47.424+0100][gc,start      ] GC(434) Pause Young (Normal) (G1 Evacuation Pause)
[2023-11-12T18:18:47.424+0100][gc,task       ] GC(434) Using 13 workers of 13 for evacuation
[2023-11-12T18:18:47.428+0100][gc,phases     ] GC(434)   Pre Evacuate Collection Set: 0,0ms
[2023-11-12T18:18:47.428+0100][gc,phases     ] GC(434)   Evacuate Collection Set: 3,8ms
[2023-11-12T18:18:47.428+0100][gc,phases     ] GC(434)   Post Evacuate Collection Set: 0,5ms
[2023-11-12T18:18:47.428+0100][gc,phases     ] GC(434)   Other: 0,2ms
[2023-11-12T18:18:47.428+0100][gc,heap       ] GC(434) Eden regions: 596->0(595)
[2023-11-12T18:18:47.428+0100][gc,heap       ] GC(434) Survivor regions: 6->8(76)
[2023-11-12T18:18:47.428+0100][gc,heap       ] GC(434) Old regions: 176->176
[2023-11-12T18:18:47.428+0100][gc,heap       ] GC(434) Humongous regions: 129->129
[2023-11-12T18:18:47.428+0100][gc,metaspace  ] GC(434) Metaspace: 46622K(49920K)->46622K(49920K) NonClass: 40884K(42752K)->40884K(42752K) Class: 5737K(7168K)->5737K(7168K)
[2023-11-12T18:18:47.428+0100][gc            ] GC(434) Pause Young (Normal) (G1 Evacuation Pause) 905M->311M(1024M) 4,674ms
[2023-11-12T18:18:47.428+0100][gc,cpu        ] GC(434) User=0,04s Sys=0,01s Real=0,00s
[2023-11-12T18:18:48.881+0100][gc,start      ] GC(435) Pause Young (Normal) (G1 Evacuation Pause)
[2023-11-12T18:18:48.881+0100][gc,task       ] GC(435) Using 13 workers of 13 for evacuation
[2023-11-12T18:18:48.886+0100][gc,phases     ] GC(435)   Pre Evacuate Collection Set: 0,0ms
[2023-11-12T18:18:48.887+0100][gc,phases     ] GC(435)   Evacuate Collection Set: 4,4ms
[2023-11-12T18:18:48.887+0100][gc,phases     ] GC(435)   Post Evacuate Collection Set: 0,5ms
[2023-11-12T18:18:48.887+0100][gc,phases     ] GC(435)   Other: 0,2ms
[2023-11-12T18:18:48.887+0100][gc,heap       ] GC(435) Eden regions: 595->0(592)
[2023-11-12T18:18:48.887+0100][gc,heap       ] GC(435) Survivor regions: 8->11(76)
[2023-11-12T18:18:48.887+0100][gc,heap       ] GC(435) Old regions: 176->177
[2023-11-12T18:18:48.887+0100][gc,heap       ] GC(435) Humongous regions: 129->129
[2023-11-12T18:18:48.887+0100][gc,metaspace  ] GC(435) Metaspace: 46622K(49920K)->46622K(49920K) NonClass: 40884K(42752K)->40884K(42752K) Class: 5737K(7168K)->5737K(7168K)
[2023-11-12T18:18:48.887+0100][gc            ] GC(435) Pause Young (Normal) (G1 Evacuation Pause) 906M->313M(1024M) 5,276ms
[2023-11-12T18:18:48.887+0100][gc,cpu        ] GC(435) User=0,05s Sys=0,01s Real=0,00s
[2023-11-12T18:18:50.415+0100][gc,start      ] GC(436) Pause Young (Normal) (G1 Evacuation Pause)
[2023-11-12T18:18:50.415+0100][gc,task       ] GC(436) Using 13 workers of 13 for evacuation
[2023-11-12T18:18:50.420+0100][gc,phases     ] GC(436)   Pre Evacuate Collection Set: 0,0ms
[2023-11-12T18:18:50.420+0100][gc,phases     ] GC(436)   Evacuate Collection Set: 4,9ms
[2023-11-12T18:18:50.420+0100][gc,phases     ] GC(436)   Post Evacuate Collection Set: 0,5ms
[2023-11-12T18:18:50.420+0100][gc,phases     ] GC(436)   Other: 0,2ms
[2023-11-12T18:18:50.420+0100][gc,heap       ] GC(436) Eden regions: 592->0(589)
[2023-11-12T18:18:50.420+0100][gc,heap       ] GC(436) Survivor regions: 11->13(76)
[2023-11-12T18:18:50.420+0100][gc,heap       ] GC(436) Old regions: 177->177
[2023-11-12T18:18:50.420+0100][gc,heap       ] GC(436) Humongous regions: 129->129
[2023-11-12T18:18:50.420+0100][gc,metaspace  ] GC(436) Metaspace: 46622K(49920K)->46622K(49920K) NonClass: 40884K(42752K)->40884K(42752K) Class: 5737K(7168K)->5737K(7168K)
[2023-11-12T18:18:50.420+0100][gc            ] GC(436) Pause Young (Normal) (G1 Evacuation Pause) 905M->316M(1024M) 5,746ms
[2023-11-12T18:18:50.420+0100][gc,cpu        ] GC(436) User=0,04s Sys=0,02s Real=0,00s
[2023-11-12T18:18:51.849+0100][gc,start      ] GC(437) Pause Young (Normal) (G1 Evacuation Pause)
[2023-11-12T18:18:51.849+0100][gc,task       ] GC(437) Using 13 workers of 13 for evacuation
[2023-11-12T18:18:51.855+0100][gc,phases     ] GC(437)   Pre Evacuate Collection Set: 0,0ms
[2023-11-12T18:18:51.855+0100][gc,phases     ] GC(437)   Evacuate Collection Set: 5,5ms
[2023-11-12T18:18:51.855+0100][gc,phases     ] GC(437)   Post Evacuate Collection Set: 0,6ms
[2023-11-12T18:18:51.855+0100][gc,phases     ] GC(437)   Other: 0,2ms
[2023-11-12T18:18:51.855+0100][gc,heap       ] GC(437) Eden regions: 589->0(583)
[2023-11-12T18:18:51.855+0100][gc,heap       ] GC(437) Survivor regions: 13->16(76)
[2023-11-12T18:18:51.855+0100][gc,heap       ] GC(437) Old regions: 177->177
[2023-11-12T18:18:51.855+0100][gc,heap       ] GC(437) Humongous regions: 129->129
[2023-11-12T18:18:51.855+0100][gc,metaspace  ] GC(437) Metaspace: 46622K(49920K)->46622K(49920K) NonClass: 40884K(42752K)->40884K(42752K) Class: 5737K(7168K)->5737K(7168K)
[2023-11-12T18:18:51.855+0100][gc            ] GC(437) Pause Young (Normal) (G1 Evacuation Pause) 905M->319M(1024M) 6,442ms
[2023-11-12T18:18:51.855+0100][gc,cpu        ] GC(437) User=0,07s Sys=0,00s Real=0,01s
[2023-11-12T18:18:53.287+0100][gc,start      ] GC(438) Pause Young (Normal) (G1 Evacuation Pause)
[2023-11-12T18:18:53.287+0100][gc,task       ] GC(438) Using 13 workers of 13 for evacuation
[2023-11-12T18:18:53.294+0100][gc,phases     ] GC(438)   Pre Evacuate Collection Set: 0,0ms
[2023-11-12T18:18:53.294+0100][gc,phases     ] GC(438)   Evacuate Collection Set: 7,0ms
[2023-11-12T18:18:53.294+0100][gc,phases     ] GC(438)   Post Evacuate Collection Set: 0,5ms
[2023-11-12T18:18:53.294+0100][gc,phases     ] GC(438)   Other: 0,2ms
[2023-11-12T18:18:53.295+0100][gc,heap       ] GC(438) Eden regions: 583->0(577)
[2023-11-12T18:18:53.295+0100][gc,heap       ] GC(438) Survivor regions: 16->19(75)
[2023-11-12T18:18:53.295+0100][gc,heap       ] GC(438) Old regions: 177->177
[2023-11-12T18:18:53.295+0100][gc,heap       ] GC(438) Humongous regions: 129->129
[2023-11-12T18:18:53.295+0100][gc,metaspace  ] GC(438) Metaspace: 46622K(49920K)->46622K(49920K) NonClass: 40884K(42752K)->40884K(42752K) Class: 5737K(7168K)->5737K(7168K)
[2023-11-12T18:18:53.295+0100][gc            ] GC(438) Pause Young (Normal) (G1 Evacuation Pause) 902M->322M(1024M) 7,810ms
[2023-11-12T18:18:53.295+0100][gc,cpu        ] GC(438) User=0,08s Sys=0,00s Real=0,01s
[2023-11-12T18:18:54.721+0100][gc,start      ] GC(439) Pause Young (Normal) (G1 Evacuation Pause)
[2023-11-12T18:18:54.721+0100][gc,task       ] GC(439) Using 13 workers of 13 for evacuation
[2023-11-12T18:18:54.728+0100][gc,phases     ] GC(439)   Pre Evacuate Collection Set: 0,0ms
[2023-11-12T18:18:54.728+0100][gc,phases     ] GC(439)   Evacuate Collection Set: 6,5ms
[2023-11-12T18:18:54.728+0100][gc,phases     ] GC(439)   Post Evacuate Collection Set: 0,6ms
[2023-11-12T18:18:54.728+0100][gc,phases     ] GC(439)   Other: 0,2ms
[2023-11-12T18:18:54.728+0100][gc,heap       ] GC(439) Eden regions: 577->0(575)
[2023-11-12T18:18:54.728+0100][gc,heap       ] GC(439) Survivor regions: 19->20(75)
[2023-11-12T18:18:54.728+0100][gc,heap       ] GC(439) Old regions: 177->177
[2023-11-12T18:18:54.728+0100][gc,heap       ] GC(439) Humongous regions: 129->129
[2023-11-12T18:18:54.728+0100][gc,metaspace  ] GC(439) Metaspace: 46622K(49920K)->46622K(49920K) NonClass: 40884K(42752K)->40884K(42752K) Class: 5737K(7168K)->5737K(7168K)
[2023-11-12T18:18:54.728+0100][gc            ] GC(439) Pause Young (Normal) (G1 Evacuation Pause) 899M->324M(1024M) 7,400ms
[2023-11-12T18:18:54.728+0100][gc,cpu        ] GC(439) User=0,08s Sys=0,00s Real=0,01s
[2023-11-12T18:18:56.147+0100][gc,start      ] GC(440) Pause Young (Normal) (G1 Evacuation Pause)
[2023-11-12T18:18:56.148+0100][gc,task       ] GC(440) Using 13 workers of 13 for evacuation
[2023-11-12T18:18:56.155+0100][gc,phases     ] GC(440)   Pre Evacuate Collection Set: 0,0ms
[2023-11-12T18:18:56.155+0100][gc,phases     ] GC(440)   Evacuate Collection Set: 7,1ms
[2023-11-12T18:18:56.155+0100][gc,phases     ] GC(440)   Post Evacuate Collection Set: 0,6ms
[2023-11-12T18:18:56.155+0100][gc,phases     ] GC(440)   Other: 0,3ms
[2023-11-12T18:18:56.155+0100][gc,heap       ] GC(440) Eden regions: 575->0(569)
[2023-11-12T18:18:56.155+0100][gc,heap       ] GC(440) Survivor regions: 20->23(75)
[2023-11-12T18:18:56.155+0100][gc,heap       ] GC(440) Old regions: 177->177
[2023-11-12T18:18:56.155+0100][gc,heap       ] GC(440) Humongous regions: 129->129
[2023-11-12T18:18:56.155+0100][gc,metaspace  ] GC(440) Metaspace: 46622K(49920K)->46622K(49920K) NonClass: 40884K(42752K)->40884K(42752K) Class: 5737K(7168K)->5737K(7168K)
[2023-11-12T18:18:56.156+0100][gc            ] GC(440) Pause Young (Normal) (G1 Evacuation Pause) 899M->326M(1024M) 8,061ms
[2023-11-12T18:18:56.156+0100][gc,cpu        ] GC(440) User=0,09s Sys=0,00s Real=0,01s
[2023-11-12T18:18:57.569+0100][gc,start      ] GC(441) Pause Young (Normal) (G1 Evacuation Pause)
[2023-11-12T18:18:57.569+0100][gc,task       ] GC(441) Using 13 workers of 13 for evacuation
[2023-11-12T18:18:57.578+0100][gc,phases     ] GC(441)   Pre Evacuate Collection Set: 0,0ms
[2023-11-12T18:18:57.578+0100][gc,phases     ] GC(441)   Evacuate Collection Set: 8,4ms
[2023-11-12T18:18:57.578+0100][gc,phases     ] GC(441)   Post Evacuate Collection Set: 0,6ms
[2023-11-12T18:18:57.578+0100][gc,phases     ] GC(441)   Other: 0,3ms
[2023-11-12T18:18:57.578+0100][gc,heap       ] GC(441) Eden regions: 569->0(563)
[2023-11-12T18:18:57.578+0100][gc,heap       ] GC(441) Survivor regions: 23->26(74)
[2023-11-12T18:18:57.578+0100][gc,heap       ] GC(441) Old regions: 177->177
[2023-11-12T18:18:57.578+0100][gc,heap       ] GC(441) Humongous regions: 129->129
[2023-11-12T18:18:57.578+0100][gc,metaspace  ] GC(441) Metaspace: 46622K(49920K)->46622K(49920K) NonClass: 40884K(42752K)->40884K(42752K) Class: 5737K(7168K)->5737K(7168K)
[2023-11-12T18:18:57.578+0100][gc            ] GC(441) Pause Young (Normal) (G1 Evacuation Pause) 895M->329M(1024M) 9,347ms
[2023-11-12T18:18:57.578+0100][gc,cpu        ] GC(441) User=0,10s Sys=0,00s Real=0,01s
[2023-11-12T18:18:58.966+0100][gc,start      ] GC(442) Pause Young (Normal) (G1 Evacuation Pause)
[2023-11-12T18:18:58.966+0100][gc,task       ] GC(442) Using 13 workers of 13 for evacuation
[2023-11-12T18:18:58.975+0100][gc,phases     ] GC(442)   Pre Evacuate Collection Set: 0,0ms
[2023-11-12T18:18:58.975+0100][gc,phases     ] GC(442)   Evacuate Collection Set: 8,7ms
[2023-11-12T18:18:58.975+0100][gc,phases     ] GC(442)   Post Evacuate Collection Set: 0,5ms
[2023-11-12T18:18:58.975+0100][gc,phases     ] GC(442)   Other: 0,3ms
[2023-11-12T18:18:58.975+0100][gc,heap       ] GC(442) Eden regions: 563->0(557)
[2023-11-12T18:18:58.975+0100][gc,heap       ] GC(442) Survivor regions: 26->29(74)
[2023-11-12T18:18:58.975+0100][gc,heap       ] GC(442) Old regions: 177->177
[2023-11-12T18:18:58.975+0100][gc,heap       ] GC(442) Humongous regions: 129->129
[2023-11-12T18:18:58.975+0100][gc,metaspace  ] GC(442) Metaspace: 46622K(49920K)->46622K(49920K) NonClass: 40884K(42752K)->40884K(42752K) Class: 5737K(7168K)->5737K(7168K)
[2023-11-12T18:18:58.975+0100][gc            ] GC(442) Pause Young (Normal) (G1 Evacuation Pause) 892M->332M(1024M) 9,628ms
[2023-11-12T18:18:58.975+0100][gc,cpu        ] GC(442) User=0,09s Sys=0,01s Real=0,01s
[2023-11-12T18:19:00.323+0100][gc,start      ] GC(443) Pause Young (Normal) (G1 Evacuation Pause)
[2023-11-12T18:19:00.323+0100][gc,task       ] GC(443) Using 13 workers of 13 for evacuation
[2023-11-12T18:19:00.332+0100][gc,phases     ] GC(443)   Pre Evacuate Collection Set: 0,0ms
[2023-11-12T18:19:00.332+0100][gc,phases     ] GC(443)   Evacuate Collection Set: 8,7ms
[2023-11-12T18:19:00.332+0100][gc,phases     ] GC(443)   Post Evacuate Collection Set: 0,5ms
[2023-11-12T18:19:00.332+0100][gc,phases     ] GC(443)   Other: 0,2ms
[2023-11-12T18:19:00.332+0100][gc,heap       ] GC(443) Eden regions: 557->0(555)
[2023-11-12T18:19:00.332+0100][gc,heap       ] GC(443) Survivor regions: 29->30(74)
[2023-11-12T18:19:00.332+0100][gc,heap       ] GC(443) Old regions: 177->177
[2023-11-12T18:19:00.332+0100][gc,heap       ] GC(443) Humongous regions: 129->129
[2023-11-12T18:19:00.332+0100][gc,metaspace  ] GC(443) Metaspace: 46622K(49920K)->46622K(49920K) NonClass: 40884K(42752K)->40884K(42752K) Class: 5737K(7168K)->5737K(7168K)
[2023-11-12T18:19:00.332+0100][gc            ] GC(443) Pause Young (Normal) (G1 Evacuation Pause) 889M->334M(1024M) 9,616ms
[2023-11-12T18:19:00.332+0100][gc,cpu        ] GC(443) User=0,11s Sys=0,01s Real=0,00s
[2023-11-12T18:19:01.665+0100][gc,start      ] GC(444) Pause Young (Normal) (G1 Evacuation Pause)
[2023-11-12T18:19:01.665+0100][gc,task       ] GC(444) Using 13 workers of 13 for evacuation
[2023-11-12T18:19:01.676+0100][gc,phases     ] GC(444)   Pre Evacuate Collection Set: 0,0ms
[2023-11-12T18:19:01.676+0100][gc,phases     ] GC(444)   Evacuate Collection Set: 9,8ms
[2023-11-12T18:19:01.676+0100][gc,phases     ] GC(444)   Post Evacuate Collection Set: 0,6ms
[2023-11-12T18:19:01.676+0100][gc,phases     ] GC(444)   Other: 0,2ms
[2023-11-12T18:19:01.676+0100][gc,heap       ] GC(444) Eden regions: 555->0(549)
[2023-11-12T18:19:01.676+0100][gc,heap       ] GC(444) Survivor regions: 30->33(74)
[2023-11-12T18:19:01.676+0100][gc,heap       ] GC(444) Old regions: 177->177
[2023-11-12T18:19:01.676+0100][gc,heap       ] GC(444) Humongous regions: 129->129
[2023-11-12T18:19:01.676+0100][gc,metaspace  ] GC(444) Metaspace: 46622K(49920K)->46622K(49920K) NonClass: 40884K(42752K)->40884K(42752K) Class: 5737K(7168K)->5737K(7168K)
[2023-11-12T18:19:01.676+0100][gc            ] GC(444) Pause Young (Normal) (G1 Evacuation Pause) 889M->336M(1024M) 10,703ms
[2023-11-12T18:19:01.676+0100][gc,cpu        ] GC(444) User=0,11s Sys=0,02s Real=0,01s
[2023-11-12T18:19:03.052+0100][gc,start      ] GC(445) Pause Young (Normal) (G1 Evacuation Pause)
[2023-11-12T18:19:03.052+0100][gc,task       ] GC(445) Using 13 workers of 13 for evacuation
[2023-11-12T18:19:03.056+0100][gc,phases     ] GC(445)   Pre Evacuate Collection Set: 0,0ms
[2023-11-12T18:19:03.056+0100][gc,phases     ] GC(445)   Evacuate Collection Set: 3,4ms
[2023-11-12T18:19:03.056+0100][gc,phases     ] GC(445)   Post Evacuate Collection Set: 0,5ms
[2023-11-12T18:19:03.056+0100][gc,phases     ] GC(445)   Other: 0,2ms
[2023-11-12T18:19:03.056+0100][gc,heap       ] GC(445) Eden regions: 549->0(590)
[2023-11-12T18:19:03.056+0100][gc,heap       ] GC(445) Survivor regions: 33->7(73)
[2023-11-12T18:19:03.056+0100][gc,heap       ] GC(445) Old regions: 177->177
[2023-11-12T18:19:03.056+0100][gc,heap       ] GC(445) Humongous regions: 129->129
[2023-11-12T18:19:03.056+0100][gc,metaspace  ] GC(445) Metaspace: 46622K(49920K)->46622K(49920K) NonClass: 40884K(42752K)->40884K(42752K) Class: 5737K(7168K)->5737K(7168K)
[2023-11-12T18:19:03.056+0100][gc            ] GC(445) Pause Young (Normal) (G1 Evacuation Pause) 885M->310M(1024M) 4,237ms
[2023-11-12T18:19:03.056+0100][gc,cpu        ] GC(445) User=0,04s Sys=0,00s Real=0,01s
[2023-11-12T18:19:04.515+0100][gc,start      ] GC(446) Pause Young (Normal) (G1 Evacuation Pause)
[2023-11-12T18:19:04.515+0100][gc,task       ] GC(446) Using 13 workers of 13 for evacuation
[2023-11-12T18:19:04.520+0100][gc,phases     ] GC(446)   Pre Evacuate Collection Set: 0,0ms
[2023-11-12T18:19:04.520+0100][gc,phases     ] GC(446)   Evacuate Collection Set: 4,3ms
[2023-11-12T18:19:04.520+0100][gc,phases     ] GC(446)   Post Evacuate Collection Set: 0,6ms
[2023-11-12T18:19:04.520+0100][gc,phases     ] GC(446)   Other: 0,2ms
[2023-11-12T18:19:04.520+0100][gc,heap       ] GC(446) Eden regions: 590->0(590)
[2023-11-12T18:19:04.520+0100][gc,heap       ] GC(446) Survivor regions: 7->8(75)
[2023-11-12T18:19:04.520+0100][gc,heap       ] GC(446) Old regions: 177->177
[2023-11-12T18:19:04.520+0100][gc,heap       ] GC(446) Humongous regions: 129->129
[2023-11-12T18:19:04.520+0100][gc,metaspace  ] GC(446) Metaspace: 46622K(49920K)->46622K(49920K) NonClass: 40884K(42752K)->40884K(42752K) Class: 5737K(7168K)->5737K(7168K)
[2023-11-12T18:19:04.520+0100][gc            ] GC(446) Pause Young (Normal) (G1 Evacuation Pause) 900M->311M(1024M) 5,144ms
[2023-11-12T18:19:04.520+0100][gc,cpu        ] GC(446) User=0,04s Sys=0,01s Real=0,00s
[2023-11-12T18:19:05.997+0100][gc,start      ] GC(447) Pause Young (Normal) (G1 Evacuation Pause)
[2023-11-12T18:19:05.997+0100][gc,task       ] GC(447) Using 13 workers of 13 for evacuation
[2023-11-12T18:19:06.002+0100][gc,phases     ] GC(447)   Pre Evacuate Collection Set: 0,0ms
[2023-11-12T18:19:06.002+0100][gc,phases     ] GC(447)   Evacuate Collection Set: 4,7ms
[2023-11-12T18:19:06.002+0100][gc,phases     ] GC(447)   Post Evacuate Collection Set: 0,6ms
[2023-11-12T18:19:06.002+0100][gc,phases     ] GC(447)   Other: 0,2ms
[2023-11-12T18:19:06.002+0100][gc,heap       ] GC(447) Eden regions: 590->0(591)
[2023-11-12T18:19:06.002+0100][gc,heap       ] GC(447) Survivor regions: 8->9(75)
[2023-11-12T18:19:06.002+0100][gc,heap       ] GC(447) Old regions: 177->177
[2023-11-12T18:19:06.002+0100][gc,heap       ] GC(447) Humongous regions: 129->129
[2023-11-12T18:19:06.002+0100][gc,metaspace  ] GC(447) Metaspace: 46622K(49920K)->46622K(49920K) NonClass: 40884K(42752K)->40884K(42752K) Class: 5737K(7168K)->5737K(7168K)
[2023-11-12T18:19:06.002+0100][gc            ] GC(447) Pause Young (Normal) (G1 Evacuation Pause) 901M->313M(1024M) 5,565ms
[2023-11-12T18:19:06.002+0100][gc,cpu        ] GC(447) User=0,03s Sys=0,02s Real=0,01s
[2023-11-12T18:19:07.539+0100][gc,start      ] GC(448) Pause Young (Normal) (G1 Evacuation Pause)
[2023-11-12T18:19:07.539+0100][gc,task       ] GC(448) Using 13 workers of 13 for evacuation
[2023-11-12T18:19:07.544+0100][gc,phases     ] GC(448)   Pre Evacuate Collection Set: 0,0ms
[2023-11-12T18:19:07.544+0100][gc,phases     ] GC(448)   Evacuate Collection Set: 4,4ms
[2023-11-12T18:19:07.544+0100][gc,phases     ] GC(448)   Post Evacuate Collection Set: 0,5ms
[2023-11-12T18:19:07.544+0100][gc,phases     ] GC(448)   Other: 0,2ms
[2023-11-12T18:19:07.544+0100][gc,heap       ] GC(448) Eden regions: 591->0(589)
[2023-11-12T18:19:07.544+0100][gc,heap       ] GC(448) Survivor regions: 9->12(75)
[2023-11-12T18:19:07.544+0100][gc,heap       ] GC(448) Old regions: 177->177
[2023-11-12T18:19:07.544+0100][gc,heap       ] GC(448) Humongous regions: 129->129
[2023-11-12T18:19:07.544+0100][gc,metaspace  ] GC(448) Metaspace: 46622K(49920K)->46622K(49920K) NonClass: 40884K(42752K)->40884K(42752K) Class: 5737K(7168K)->5737K(7168K)
[2023-11-12T18:19:07.544+0100][gc            ] GC(448) Pause Young (Normal) (G1 Evacuation Pause) 904M->315M(1024M) 5,318ms
[2023-11-12T18:19:07.544+0100][gc,cpu        ] GC(448) User=0,06s Sys=0,01s Real=0,01s
[2023-11-12T18:19:09.092+0100][gc,start      ] GC(449) Pause Young (Normal) (G1 Evacuation Pause)
[2023-11-12T18:19:09.092+0100][gc,task       ] GC(449) Using 13 workers of 13 for evacuation
[2023-11-12T18:19:09.101+0100][gc,phases     ] GC(449)   Pre Evacuate Collection Set: 0,0ms
[2023-11-12T18:19:09.101+0100][gc,phases     ] GC(449)   Evacuate Collection Set: 7,2ms
[2023-11-12T18:19:09.101+0100][gc,phases     ] GC(449)   Post Evacuate Collection Set: 1,0ms
[2023-11-12T18:19:09.101+0100][gc,phases     ] GC(449)   Other: 0,3ms
[2023-11-12T18:19:09.101+0100][gc,heap       ] GC(449) Eden regions: 589->0(586)
[2023-11-12T18:19:09.101+0100][gc,heap       ] GC(449) Survivor regions: 12->14(76)
[2023-11-12T18:19:09.101+0100][gc,heap       ] GC(449) Old regions: 177->178
[2023-11-12T18:19:09.101+0100][gc,heap       ] GC(449) Humongous regions: 129->129
[2023-11-12T18:19:09.101+0100][gc,metaspace  ] GC(449) Metaspace: 46622K(49920K)->46622K(49920K) NonClass: 40884K(42752K)->40884K(42752K) Class: 5737K(7168K)->5737K(7168K)
[2023-11-12T18:19:09.101+0100][gc            ] GC(449) Pause Young (Normal) (G1 Evacuation Pause) 904M->318M(1024M) 8,652ms
[2023-11-12T18:19:09.101+0100][gc,cpu        ] GC(449) User=0,08s Sys=0,00s Real=0,01s
[2023-11-12T18:19:10.624+0100][gc,start      ] GC(450) Pause Young (Normal) (G1 Evacuation Pause)
[2023-11-12T18:19:10.624+0100][gc,task       ] GC(450) Using 13 workers of 13 for evacuation
[2023-11-12T18:19:10.631+0100][gc,phases     ] GC(450)   Pre Evacuate Collection Set: 0,0ms
[2023-11-12T18:19:10.631+0100][gc,phases     ] GC(450)   Evacuate Collection Set: 6,3ms
[2023-11-12T18:19:10.631+0100][gc,phases     ] GC(450)   Post Evacuate Collection Set: 0,6ms
[2023-11-12T18:19:10.631+0100][gc,phases     ] GC(450)   Other: 0,2ms
[2023-11-12T18:19:10.631+0100][gc,heap       ] GC(450) Eden regions: 586->0(580)
[2023-11-12T18:19:10.631+0100][gc,heap       ] GC(450) Survivor regions: 14->17(75)
[2023-11-12T18:19:10.631+0100][gc,heap       ] GC(450) Old regions: 178->178
[2023-11-12T18:19:10.631+0100][gc,heap       ] GC(450) Humongous regions: 129->129
[2023-11-12T18:19:10.631+0100][gc,metaspace  ] GC(450) Metaspace: 46622K(49920K)->46622K(49920K) NonClass: 40884K(42752K)->40884K(42752K) Class: 5737K(7168K)->5737K(7168K)
[2023-11-12T18:19:10.631+0100][gc            ] GC(450) Pause Young (Normal) (G1 Evacuation Pause) 904M->321M(1024M) 7,192ms
[2023-11-12T18:19:10.631+0100][gc,cpu        ] GC(450) User=0,07s Sys=0,01s Real=0,00s
[2023-11-12T18:19:12.135+0100][gc,start      ] GC(451) Pause Young (Normal) (G1 Evacuation Pause)
[2023-11-12T18:19:12.135+0100][gc,task       ] GC(451) Using 13 workers of 13 for evacuation
[2023-11-12T18:19:12.141+0100][gc,phases     ] GC(451)   Pre Evacuate Collection Set: 0,0ms
[2023-11-12T18:19:12.142+0100][gc,phases     ] GC(451)   Evacuate Collection Set: 6,0ms
[2023-11-12T18:19:12.142+0100][gc,phases     ] GC(451)   Post Evacuate Collection Set: 0,6ms
[2023-11-12T18:19:12.142+0100][gc,phases     ] GC(451)   Other: 0,2ms
[2023-11-12T18:19:12.142+0100][gc,heap       ] GC(451) Eden regions: 580->0(576)
[2023-11-12T18:19:12.142+0100][gc,heap       ] GC(451) Survivor regions: 17->19(75)
[2023-11-12T18:19:12.142+0100][gc,heap       ] GC(451) Old regions: 178->178
[2023-11-12T18:19:12.142+0100][gc,heap       ] GC(451) Humongous regions: 129->129
[2023-11-12T18:19:12.142+0100][gc,metaspace  ] GC(451) Metaspace: 46636K(49920K)->46636K(49920K) NonClass: 40899K(42752K)->40899K(42752K) Class: 5737K(7168K)->5737K(7168K)
[2023-11-12T18:19:12.142+0100][gc            ] GC(451) Pause Young (Normal) (G1 Evacuation Pause) 901M->323M(1024M) 6,986ms
[2023-11-12T18:19:12.142+0100][gc,cpu        ] GC(451) User=0,06s Sys=0,02s Real=0,01s
[2023-11-12T18:19:13.810+0100][gc,start      ] GC(452) Pause Young (Normal) (G1 Evacuation Pause)
[2023-11-12T18:19:13.810+0100][gc,task       ] GC(452) Using 13 workers of 13 for evacuation
[2023-11-12T18:19:13.818+0100][gc,phases     ] GC(452)   Pre Evacuate Collection Set: 0,0ms
[2023-11-12T18:19:13.818+0100][gc,phases     ] GC(452)   Evacuate Collection Set: 6,6ms
[2023-11-12T18:19:13.818+0100][gc,phases     ] GC(452)   Post Evacuate Collection Set: 0,6ms
[2023-11-12T18:19:13.818+0100][gc,phases     ] GC(452)   Other: 0,3ms
[2023-11-12T18:19:13.818+0100][gc,heap       ] GC(452) Eden regions: 576->0(570)
[2023-11-12T18:19:13.818+0100][gc,heap       ] GC(452) Survivor regions: 19->22(75)
[2023-11-12T18:19:13.818+0100][gc,heap       ] GC(452) Old regions: 178->178
[2023-11-12T18:19:13.818+0100][gc,heap       ] GC(452) Humongous regions: 129->129
[2023-11-12T18:19:13.818+0100][gc,metaspace  ] GC(452) Metaspace: 46639K(49920K)->46639K(49920K) NonClass: 40902K(42752K)->40902K(42752K) Class: 5737K(7168K)->5737K(7168K)
[2023-11-12T18:19:13.818+0100][gc            ] GC(452) Pause Young (Normal) (G1 Evacuation Pause) 899M->326M(1024M) 7,680ms
[2023-11-12T18:19:13.818+0100][gc,cpu        ] GC(452) User=0,06s Sys=0,02s Real=0,01s
[2023-11-12T18:19:15.699+0100][gc,start      ] GC(453) Pause Young (Normal) (G1 Evacuation Pause)
[2023-11-12T18:19:15.699+0100][gc,task       ] GC(453) Using 13 workers of 13 for evacuation
[2023-11-12T18:19:15.707+0100][gc,phases     ] GC(453)   Pre Evacuate Collection Set: 0,0ms
[2023-11-12T18:19:15.707+0100][gc,phases     ] GC(453)   Evacuate Collection Set: 7,7ms
[2023-11-12T18:19:15.707+0100][gc,phases     ] GC(453)   Post Evacuate Collection Set: 0,5ms
[2023-11-12T18:19:15.707+0100][gc,phases     ] GC(453)   Other: 0,2ms
[2023-11-12T18:19:15.707+0100][gc,heap       ] GC(453) Eden regions: 570->0(568)
[2023-11-12T18:19:15.707+0100][gc,heap       ] GC(453) Survivor regions: 22->23(74)
[2023-11-12T18:19:15.707+0100][gc,heap       ] GC(453) Old regions: 178->178
[2023-11-12T18:19:15.707+0100][gc,heap       ] GC(453) Humongous regions: 129->129
[2023-11-12T18:19:15.707+0100][gc,metaspace  ] GC(453) Metaspace: 46641K(49920K)->46641K(49920K) NonClass: 40903K(42752K)->40903K(42752K) Class: 5737K(7168K)->5737K(7168K)
[2023-11-12T18:19:15.707+0100][gc            ] GC(453) Pause Young (Normal) (G1 Evacuation Pause) 896M->327M(1024M) 8,610ms
[2023-11-12T18:19:15.707+0100][gc,cpu        ] GC(453) User=0,09s Sys=0,00s Real=0,01s
[2023-11-12T18:19:18.472+0100][gc,start      ] GC(454) Pause Young (Normal) (G1 Evacuation Pause)
[2023-11-12T18:19:18.472+0100][gc,task       ] GC(454) Using 13 workers of 13 for evacuation
[2023-11-12T18:19:18.482+0100][gc,phases     ] GC(454)   Pre Evacuate Collection Set: 0,0ms
[2023-11-12T18:19:18.482+0100][gc,phases     ] GC(454)   Evacuate Collection Set: 9,3ms
[2023-11-12T18:19:18.482+0100][gc,phases     ] GC(454)   Post Evacuate Collection Set: 0,5ms
[2023-11-12T18:19:18.482+0100][gc,phases     ] GC(454)   Other: 0,2ms
[2023-11-12T18:19:18.482+0100][gc,heap       ] GC(454) Eden regions: 568->0(566)
[2023-11-12T18:19:18.482+0100][gc,heap       ] GC(454) Survivor regions: 23->24(74)
[2023-11-12T18:19:18.482+0100][gc,heap       ] GC(454) Old regions: 178->178
[2023-11-12T18:19:18.482+0100][gc,heap       ] GC(454) Humongous regions: 129->129
[2023-11-12T18:19:18.482+0100][gc,metaspace  ] GC(454) Metaspace: 46641K(49920K)->46641K(49920K) NonClass: 40903K(42752K)->40903K(42752K) Class: 5737K(7168K)->5737K(7168K)
[2023-11-12T18:19:18.482+0100][gc            ] GC(454) Pause Young (Normal) (G1 Evacuation Pause) 895M->329M(1024M) 10,113ms
[2023-11-12T18:19:18.482+0100][gc,cpu        ] GC(454) User=0,09s Sys=0,02s Real=0,02s
[2023-11-12T18:27:58.848+0100][gc,start      ] GC(455) Pause Young (Normal) (G1 Evacuation Pause)
[2023-11-12T18:27:58.848+0100][gc,task       ] GC(455) Using 13 workers of 13 for evacuation
[2023-11-12T18:27:58.861+0100][gc,phases     ] GC(455)   Pre Evacuate Collection Set: 0,0ms
[2023-11-12T18:27:58.861+0100][gc,phases     ] GC(455)   Evacuate Collection Set: 12,4ms
[2023-11-12T18:27:58.861+0100][gc,phases     ] GC(455)   Post Evacuate Collection Set: 0,6ms
[2023-11-12T18:27:58.861+0100][gc,phases     ] GC(455)   Other: 0,3ms
[2023-11-12T18:27:58.861+0100][gc,heap       ] GC(455) Eden regions: 566->0(556)
[2023-11-12T18:27:58.861+0100][gc,heap       ] GC(455) Survivor regions: 24->29(74)
[2023-11-12T18:27:58.861+0100][gc,heap       ] GC(455) Old regions: 178->178
[2023-11-12T18:27:58.861+0100][gc,heap       ] GC(455) Humongous regions: 129->129
[2023-11-12T18:27:58.861+0100][gc,metaspace  ] GC(455) Metaspace: 46662K(49920K)->46662K(49920K) NonClass: 40924K(42752K)->40924K(42752K) Class: 5737K(7168K)->5737K(7168K)
[2023-11-12T18:27:58.861+0100][gc            ] GC(455) Pause Young (Normal) (G1 Evacuation Pause) 895M->333M(1024M) 13,397ms
[2023-11-12T18:27:58.861+0100][gc,cpu        ] GC(455) User=0,14s Sys=0,01s Real=0,01s
[2023-11-12T18:28:02.354+0100][gc,start      ] GC(456) Pause Young (Normal) (G1 Evacuation Pause)
[2023-11-12T18:28:02.354+0100][gc,task       ] GC(456) Using 13 workers of 13 for evacuation
[2023-11-12T18:28:02.370+0100][gc,phases     ] GC(456)   Pre Evacuate Collection Set: 0,0ms
[2023-11-12T18:28:02.370+0100][gc,phases     ] GC(456)   Evacuate Collection Set: 14,5ms
[2023-11-12T18:28:02.370+0100][gc,phases     ] GC(456)   Post Evacuate Collection Set: 0,7ms
[2023-11-12T18:28:02.370+0100][gc,phases     ] GC(456)   Other: 0,3ms
[2023-11-12T18:28:02.370+0100][gc,heap       ] GC(456) Eden regions: 556->0(552)
[2023-11-12T18:28:02.370+0100][gc,heap       ] GC(456) Survivor regions: 29->31(74)
[2023-11-12T18:28:02.370+0100][gc,heap       ] GC(456) Old regions: 178->178
[2023-11-12T18:28:02.370+0100][gc,heap       ] GC(456) Humongous regions: 129->129
[2023-11-12T18:28:02.370+0100][gc,metaspace  ] GC(456) Metaspace: 46662K(49920K)->46662K(49920K) NonClass: 40924K(42752K)->40924K(42752K) Class: 5737K(7168K)->5737K(7168K)
[2023-11-12T18:28:02.370+0100][gc            ] GC(456) Pause Young (Normal) (G1 Evacuation Pause) 889M->336M(1024M) 15,674ms
[2023-11-12T18:28:02.370+0100][gc,cpu        ] GC(456) User=0,13s Sys=0,02s Real=0,01s
[2023-11-12T18:28:04.889+0100][gc,start      ] GC(457) Pause Young (Normal) (G1 Evacuation Pause)
[2023-11-12T18:28:04.889+0100][gc,task       ] GC(457) Using 13 workers of 13 for evacuation
[2023-11-12T18:28:04.902+0100][gc,phases     ] GC(457)   Pre Evacuate Collection Set: 0,0ms
[2023-11-12T18:28:04.902+0100][gc,phases     ] GC(457)   Evacuate Collection Set: 12,0ms
[2023-11-12T18:28:04.902+0100][gc,phases     ] GC(457)   Post Evacuate Collection Set: 0,7ms
[2023-11-12T18:28:04.902+0100][gc,phases     ] GC(457)   Other: 0,3ms
[2023-11-12T18:28:04.902+0100][gc,heap       ] GC(457) Eden regions: 552->0(550)
[2023-11-12T18:28:04.902+0100][gc,heap       ] GC(457) Survivor regions: 31->32(73)
[2023-11-12T18:28:04.902+0100][gc,heap       ] GC(457) Old regions: 178->178
[2023-11-12T18:28:04.902+0100][gc,heap       ] GC(457) Humongous regions: 129->129
[2023-11-12T18:28:04.902+0100][gc,metaspace  ] GC(457) Metaspace: 46662K(49920K)->46662K(49920K) NonClass: 40924K(42752K)->40924K(42752K) Class: 5737K(7168K)->5737K(7168K)
[2023-11-12T18:28:04.902+0100][gc            ] GC(457) Pause Young (Normal) (G1 Evacuation Pause) 888M->337M(1024M) 13,206ms
[2023-11-12T18:28:04.902+0100][gc,cpu        ] GC(457) User=0,14s Sys=0,01s Real=0,02s
[2023-11-12T18:28:07.142+0100][gc,start      ] GC(458) Pause Young (Normal) (G1 Evacuation Pause)
[2023-11-12T18:28:07.142+0100][gc,task       ] GC(458) Using 13 workers of 13 for evacuation
[2023-11-12T18:28:07.154+0100][gc,phases     ] GC(458)   Pre Evacuate Collection Set: 0,0ms
[2023-11-12T18:28:07.154+0100][gc,phases     ] GC(458)   Evacuate Collection Set: 10,6ms
[2023-11-12T18:28:07.154+0100][gc,phases     ] GC(458)   Post Evacuate Collection Set: 0,7ms
[2023-11-12T18:28:07.154+0100][gc,phases     ] GC(458)   Other: 0,2ms
[2023-11-12T18:28:07.154+0100][gc,heap       ] GC(458) Eden regions: 550->0(544)
[2023-11-12T18:28:07.154+0100][gc,heap       ] GC(458) Survivor regions: 32->35(73)
[2023-11-12T18:28:07.154+0100][gc,heap       ] GC(458) Old regions: 178->178
[2023-11-12T18:28:07.154+0100][gc,heap       ] GC(458) Humongous regions: 129->129
[2023-11-12T18:28:07.154+0100][gc,metaspace  ] GC(458) Metaspace: 46662K(49920K)->46662K(49920K) NonClass: 40924K(42752K)->40924K(42752K) Class: 5737K(7168K)->5737K(7168K)
[2023-11-12T18:28:07.154+0100][gc            ] GC(458) Pause Young (Normal) (G1 Evacuation Pause) 887M->339M(1024M) 11,671ms
[2023-11-12T18:28:07.154+0100][gc,cpu        ] GC(458) User=0,14s Sys=0,00s Real=0,01s
[2023-11-12T18:28:08.974+0100][gc,start      ] GC(459) Pause Young (Normal) (G1 Evacuation Pause)
[2023-11-12T18:28:08.974+0100][gc,task       ] GC(459) Using 13 workers of 13 for evacuation
[2023-11-12T18:28:08.985+0100][gc,phases     ] GC(459)   Pre Evacuate Collection Set: 0,0ms
[2023-11-12T18:28:08.985+0100][gc,phases     ] GC(459)   Evacuate Collection Set: 10,5ms
[2023-11-12T18:28:08.985+0100][gc,phases     ] GC(459)   Post Evacuate Collection Set: 0,6ms
[2023-11-12T18:28:08.986+0100][gc,phases     ] GC(459)   Other: 0,2ms
[2023-11-12T18:28:08.986+0100][gc,heap       ] GC(459) Eden regions: 544->0(542)
[2023-11-12T18:28:08.986+0100][gc,heap       ] GC(459) Survivor regions: 35->36(73)
[2023-11-12T18:28:08.986+0100][gc,heap       ] GC(459) Old regions: 178->178
[2023-11-12T18:28:08.986+0100][gc,heap       ] GC(459) Humongous regions: 129->129
[2023-11-12T18:28:08.986+0100][gc,metaspace  ] GC(459) Metaspace: 46662K(49920K)->46662K(49920K) NonClass: 40924K(42752K)->40924K(42752K) Class: 5737K(7168K)->5737K(7168K)
[2023-11-12T18:28:08.986+0100][gc            ] GC(459) Pause Young (Normal) (G1 Evacuation Pause) 883M->341M(1024M) 11,502ms
[2023-11-12T18:28:08.986+0100][gc,cpu        ] GC(459) User=0,11s Sys=0,02s Real=0,01s
[2023-11-12T18:28:10.568+0100][gc,start      ] GC(460) Pause Young (Normal) (G1 Evacuation Pause)
[2023-11-12T18:28:10.568+0100][gc,task       ] GC(460) Using 13 workers of 13 for evacuation
[2023-11-12T18:28:10.580+0100][gc,phases     ] GC(460)   Pre Evacuate Collection Set: 0,0ms
[2023-11-12T18:28:10.580+0100][gc,phases     ] GC(460)   Evacuate Collection Set: 11,3ms
[2023-11-12T18:28:10.580+0100][gc,phases     ] GC(460)   Post Evacuate Collection Set: 0,7ms
[2023-11-12T18:28:10.581+0100][gc,phases     ] GC(460)   Other: 0,3ms
[2023-11-12T18:28:10.581+0100][gc,heap       ] GC(460) Eden regions: 542->0(541)
[2023-11-12T18:28:10.581+0100][gc,heap       ] GC(460) Survivor regions: 36->35(73)
[2023-11-12T18:28:10.581+0100][gc,heap       ] GC(460) Old regions: 178->181
[2023-11-12T18:28:10.581+0100][gc,heap       ] GC(460) Humongous regions: 129->129
[2023-11-12T18:28:10.581+0100][gc,metaspace  ] GC(460) Metaspace: 46662K(49920K)->46662K(49920K) NonClass: 40924K(42752K)->40924K(42752K) Class: 5737K(7168K)->5737K(7168K)
[2023-11-12T18:28:10.581+0100][gc            ] GC(460) Pause Young (Normal) (G1 Evacuation Pause) 883M->342M(1024M) 12,505ms
[2023-11-12T18:28:10.581+0100][gc,cpu        ] GC(460) User=0,12s Sys=0,01s Real=0,01s
[2023-11-12T18:28:12.104+0100][gc,start      ] GC(461) Pause Young (Normal) (G1 Evacuation Pause)
[2023-11-12T18:28:12.104+0100][gc,task       ] GC(461) Using 13 workers of 13 for evacuation
[2023-11-12T18:28:12.118+0100][gc,phases     ] GC(461)   Pre Evacuate Collection Set: 0,0ms
[2023-11-12T18:28:12.118+0100][gc,phases     ] GC(461)   Evacuate Collection Set: 12,8ms
[2023-11-12T18:28:12.118+0100][gc,phases     ] GC(461)   Post Evacuate Collection Set: 0,6ms
[2023-11-12T18:28:12.118+0100][gc,phases     ] GC(461)   Other: 0,3ms
[2023-11-12T18:28:12.118+0100][gc,heap       ] GC(461) Eden regions: 541->0(541)
[2023-11-12T18:28:12.118+0100][gc,heap       ] GC(461) Survivor regions: 35->34(72)
[2023-11-12T18:28:12.118+0100][gc,heap       ] GC(461) Old regions: 181->183
[2023-11-12T18:28:12.118+0100][gc,heap       ] GC(461) Humongous regions: 129->129
[2023-11-12T18:28:12.118+0100][gc,metaspace  ] GC(461) Metaspace: 46674K(49920K)->46674K(49920K) NonClass: 40936K(42752K)->40936K(42752K) Class: 5737K(7168K)->5737K(7168K)
[2023-11-12T18:28:12.118+0100][gc            ] GC(461) Pause Young (Normal) (G1 Evacuation Pause) 883M->344M(1024M) 13,874ms
[2023-11-12T18:28:12.118+0100][gc,cpu        ] GC(461) User=0,10s Sys=0,02s Real=0,01s
[2023-11-12T18:28:13.604+0100][gc,start      ] GC(462) Pause Young (Normal) (G1 Evacuation Pause)
[2023-11-12T18:28:13.604+0100][gc,task       ] GC(462) Using 13 workers of 13 for evacuation
[2023-11-12T18:28:13.612+0100][gc,phases     ] GC(462)   Pre Evacuate Collection Set: 0,0ms
[2023-11-12T18:28:13.612+0100][gc,phases     ] GC(462)   Evacuate Collection Set: 6,6ms
[2023-11-12T18:28:13.612+0100][gc,phases     ] GC(462)   Post Evacuate Collection Set: 0,6ms
[2023-11-12T18:28:13.612+0100][gc,phases     ] GC(462)   Other: 0,2ms
[2023-11-12T18:28:13.612+0100][gc,heap       ] GC(462) Eden regions: 541->0(579)
[2023-11-12T18:28:13.612+0100][gc,heap       ] GC(462) Survivor regions: 34->14(72)
[2023-11-12T18:28:13.612+0100][gc,heap       ] GC(462) Old regions: 183->184
[2023-11-12T18:28:13.612+0100][gc,heap       ] GC(462) Humongous regions: 129->129
[2023-11-12T18:28:13.612+0100][gc,metaspace  ] GC(462) Metaspace: 46685K(49920K)->46685K(49920K) NonClass: 40948K(42752K)->40948K(42752K) Class: 5737K(7168K)->5737K(7168K)
[2023-11-12T18:28:13.612+0100][gc            ] GC(462) Pause Young (Normal) (G1 Evacuation Pause) 885M->325M(1024M) 7,564ms
[2023-11-12T18:28:13.612+0100][gc,cpu        ] GC(462) User=0,06s Sys=0,00s Real=0,00s
[2023-11-12T18:28:15.159+0100][gc,start      ] GC(463) Pause Young (Normal) (G1 Evacuation Pause)
[2023-11-12T18:28:15.159+0100][gc,task       ] GC(463) Using 13 workers of 13 for evacuation
[2023-11-12T18:28:15.166+0100][gc,phases     ] GC(463)   Pre Evacuate Collection Set: 0,0ms
[2023-11-12T18:28:15.166+0100][gc,phases     ] GC(463)   Evacuate Collection Set: 6,6ms
[2023-11-12T18:28:15.166+0100][gc,phases     ] GC(463)   Post Evacuate Collection Set: 0,6ms
[2023-11-12T18:28:15.166+0100][gc,phases     ] GC(463)   Other: 0,2ms
[2023-11-12T18:28:15.166+0100][gc,heap       ] GC(463) Eden regions: 579->0(580)
[2023-11-12T18:28:15.166+0100][gc,heap       ] GC(463) Survivor regions: 14->14(75)
[2023-11-12T18:28:15.166+0100][gc,heap       ] GC(463) Old regions: 184->184
[2023-11-12T18:28:15.166+0100][gc,heap       ] GC(463) Humongous regions: 129->129
[2023-11-12T18:28:15.166+0100][gc,metaspace  ] GC(463) Metaspace: 46686K(49920K)->46686K(49920K) NonClass: 40948K(42752K)->40948K(42752K) Class: 5737K(7168K)->5737K(7168K)
[2023-11-12T18:28:15.166+0100][gc            ] GC(463) Pause Young (Normal) (G1 Evacuation Pause) 904M->324M(1024M) 7,542ms
[2023-11-12T18:28:15.166+0100][gc,cpu        ] GC(463) User=0,07s Sys=0,00s Real=0,01s
[2023-11-12T18:28:16.717+0100][gc,start      ] GC(464) Pause Young (Normal) (G1 Evacuation Pause)
[2023-11-12T18:28:16.717+0100][gc,task       ] GC(464) Using 13 workers of 13 for evacuation
[2023-11-12T18:28:16.723+0100][gc,phases     ] GC(464)   Pre Evacuate Collection Set: 0,0ms
[2023-11-12T18:28:16.723+0100][gc,phases     ] GC(464)   Evacuate Collection Set: 5,6ms
[2023-11-12T18:28:16.723+0100][gc,phases     ] GC(464)   Post Evacuate Collection Set: 0,6ms
[2023-11-12T18:28:16.723+0100][gc,phases     ] GC(464)   Other: 0,2ms
[2023-11-12T18:28:16.723+0100][gc,heap       ] GC(464) Eden regions: 580->0(577)
[2023-11-12T18:28:16.723+0100][gc,heap       ] GC(464) Survivor regions: 14->15(75)
[2023-11-12T18:28:16.724+0100][gc,heap       ] GC(464) Old regions: 184->185
[2023-11-12T18:28:16.724+0100][gc,heap       ] GC(464) Humongous regions: 129->129
[2023-11-12T18:28:16.724+0100][gc,metaspace  ] GC(464) Metaspace: 46690K(49920K)->46690K(49920K) NonClass: 40952K(42752K)->40952K(42752K) Class: 5737K(7168K)->5737K(7168K)
[2023-11-12T18:28:16.724+0100][gc            ] GC(464) Pause Young (Normal) (G1 Evacuation Pause) 904M->326M(1024M) 6,546ms
[2023-11-12T18:28:16.724+0100][gc,cpu        ] GC(464) User=0,07s Sys=0,00s Real=0,01s
[2023-11-12T18:28:18.211+0100][gc,start      ] GC(465) Pause Young (Normal) (G1 Evacuation Pause)
[2023-11-12T18:28:18.211+0100][gc,task       ] GC(465) Using 13 workers of 13 for evacuation
[2023-11-12T18:28:18.218+0100][gc,phases     ] GC(465)   Pre Evacuate Collection Set: 0,0ms
[2023-11-12T18:28:18.218+0100][gc,phases     ] GC(465)   Evacuate Collection Set: 6,4ms
[2023-11-12T18:28:18.218+0100][gc,phases     ] GC(465)   Post Evacuate Collection Set: 0,6ms
[2023-11-12T18:28:18.218+0100][gc,phases     ] GC(465)   Other: 0,2ms
[2023-11-12T18:28:18.218+0100][gc,heap       ] GC(465) Eden regions: 577->0(575)
[2023-11-12T18:28:18.218+0100][gc,heap       ] GC(465) Survivor regions: 15->16(74)
[2023-11-12T18:28:18.218+0100][gc,heap       ] GC(465) Old regions: 185->185
[2023-11-12T18:28:18.218+0100][gc,heap       ] GC(465) Humongous regions: 129->129
[2023-11-12T18:28:18.218+0100][gc,metaspace  ] GC(465) Metaspace: 46690K(49920K)->46690K(49920K) NonClass: 40952K(42752K)->40952K(42752K) Class: 5737K(7168K)->5737K(7168K)
[2023-11-12T18:28:18.218+0100][gc            ] GC(465) Pause Young (Normal) (G1 Evacuation Pause) 903M->327M(1024M) 7,409ms
[2023-11-12T18:28:18.218+0100][gc,cpu        ] GC(465) User=0,06s Sys=0,02s Real=0,01s
[2023-11-12T18:28:19.741+0100][gc,start      ] GC(466) Pause Young (Normal) (G1 Evacuation Pause)
[2023-11-12T18:28:19.741+0100][gc,task       ] GC(466) Using 13 workers of 13 for evacuation
[2023-11-12T18:28:19.750+0100][gc,phases     ] GC(466)   Pre Evacuate Collection Set: 0,0ms
[2023-11-12T18:28:19.750+0100][gc,phases     ] GC(466)   Evacuate Collection Set: 7,3ms
[2023-11-12T18:28:19.750+0100][gc,phases     ] GC(466)   Post Evacuate Collection Set: 0,7ms
[2023-11-12T18:28:19.750+0100][gc,phases     ] GC(466)   Other: 0,2ms
[2023-11-12T18:28:19.750+0100][gc,heap       ] GC(466) Eden regions: 575->0(571)
[2023-11-12T18:28:19.750+0100][gc,heap       ] GC(466) Survivor regions: 16->18(74)
[2023-11-12T18:28:19.750+0100][gc,heap       ] GC(466) Old regions: 185->185
[2023-11-12T18:28:19.750+0100][gc,heap       ] GC(466) Humongous regions: 129->129
[2023-11-12T18:28:19.750+0100][gc,metaspace  ] GC(466) Metaspace: 46693K(49920K)->46693K(49920K) NonClass: 40955K(42752K)->40955K(42752K) Class: 5737K(7168K)->5737K(7168K)
[2023-11-12T18:28:19.750+0100][gc            ] GC(466) Pause Young (Normal) (G1 Evacuation Pause) 902M->329M(1024M) 8,432ms
[2023-11-12T18:28:19.750+0100][gc,cpu        ] GC(466) User=0,05s Sys=0,03s Real=0,00s
[2023-11-12T18:28:21.203+0100][gc,start      ] GC(467) Pause Young (Normal) (G1 Evacuation Pause)
[2023-11-12T18:28:21.203+0100][gc,task       ] GC(467) Using 13 workers of 13 for evacuation
[2023-11-12T18:28:21.212+0100][gc,phases     ] GC(467)   Pre Evacuate Collection Set: 0,0ms
[2023-11-12T18:28:21.212+0100][gc,phases     ] GC(467)   Evacuate Collection Set: 7,6ms
[2023-11-12T18:28:21.212+0100][gc,phases     ] GC(467)   Post Evacuate Collection Set: 0,7ms
[2023-11-12T18:28:21.212+0100][gc,phases     ] GC(467)   Other: 0,2ms
[2023-11-12T18:28:21.212+0100][gc,heap       ] GC(467) Eden regions: 571->0(567)
[2023-11-12T18:28:21.212+0100][gc,heap       ] GC(467) Survivor regions: 18->20(74)
[2023-11-12T18:28:21.212+0100][gc,heap       ] GC(467) Old regions: 185->185
[2023-11-12T18:28:21.212+0100][gc,heap       ] GC(467) Humongous regions: 129->129
[2023-11-12T18:28:21.212+0100][gc,metaspace  ] GC(467) Metaspace: 46693K(49920K)->46693K(49920K) NonClass: 40955K(42752K)->40955K(42752K) Class: 5737K(7168K)->5737K(7168K)
[2023-11-12T18:28:21.212+0100][gc            ] GC(467) Pause Young (Normal) (G1 Evacuation Pause) 900M->332M(1024M) 8,628ms
[2023-11-12T18:28:21.212+0100][gc,cpu        ] GC(467) User=0,10s Sys=0,00s Real=0,00s
[2023-11-12T18:28:22.598+0100][gc,start      ] GC(468) Pause Young (Normal) (G1 Evacuation Pause)
[2023-11-12T18:28:22.598+0100][gc,task       ] GC(468) Using 13 workers of 13 for evacuation
[2023-11-12T18:28:22.607+0100][gc,phases     ] GC(468)   Pre Evacuate Collection Set: 0,0ms
[2023-11-12T18:28:22.607+0100][gc,phases     ] GC(468)   Evacuate Collection Set: 7,7ms
[2023-11-12T18:28:22.607+0100][gc,phases     ] GC(468)   Post Evacuate Collection Set: 0,6ms
[2023-11-12T18:28:22.607+0100][gc,phases     ] GC(468)   Other: 0,2ms
[2023-11-12T18:28:22.607+0100][gc,heap       ] GC(468) Eden regions: 567->0(562)
[2023-11-12T18:28:22.607+0100][gc,heap       ] GC(468) Survivor regions: 20->22(74)
[2023-11-12T18:28:22.607+0100][gc,heap       ] GC(468) Old regions: 185->186
[2023-11-12T18:28:22.607+0100][gc,heap       ] GC(468) Humongous regions: 129->129
[2023-11-12T18:28:22.607+0100][gc,metaspace  ] GC(468) Metaspace: 46693K(49920K)->46693K(49920K) NonClass: 40955K(42752K)->40955K(42752K) Class: 5737K(7168K)->5737K(7168K)
[2023-11-12T18:28:22.607+0100][gc            ] GC(468) Pause Young (Normal) (G1 Evacuation Pause) 899M->334M(1024M) 8,601ms
[2023-11-12T18:28:22.607+0100][gc,cpu        ] GC(468) User=0,09s Sys=0,01s Real=0,01s
[2023-11-12T18:28:24.009+0100][gc,start      ] GC(469) Pause Young (Normal) (G1 Evacuation Pause)
[2023-11-12T18:28:24.009+0100][gc,task       ] GC(469) Using 13 workers of 13 for evacuation
[2023-11-12T18:28:24.018+0100][gc,phases     ] GC(469)   Pre Evacuate Collection Set: 0,0ms
[2023-11-12T18:28:24.018+0100][gc,phases     ] GC(469)   Evacuate Collection Set: 8,2ms
[2023-11-12T18:28:24.018+0100][gc,phases     ] GC(469)   Post Evacuate Collection Set: 0,7ms
[2023-11-12T18:28:24.018+0100][gc,phases     ] GC(469)   Other: 0,2ms
[2023-11-12T18:28:24.018+0100][gc,heap       ] GC(469) Eden regions: 562->0(560)
[2023-11-12T18:28:24.018+0100][gc,heap       ] GC(469) Survivor regions: 22->23(73)
[2023-11-12T18:28:24.018+0100][gc,heap       ] GC(469) Old regions: 186->186
[2023-11-12T18:28:24.018+0100][gc,heap       ] GC(469) Humongous regions: 129->129
[2023-11-12T18:28:24.018+0100][gc,metaspace  ] GC(469) Metaspace: 46693K(49920K)->46693K(49920K) NonClass: 40955K(42752K)->40955K(42752K) Class: 5737K(7168K)->5737K(7168K)
[2023-11-12T18:28:24.018+0100][gc            ] GC(469) Pause Young (Normal) (G1 Evacuation Pause) 896M->335M(1024M) 9,246ms
[2023-11-12T18:28:24.018+0100][gc,cpu        ] GC(469) User=0,09s Sys=0,00s Real=0,01s
[2023-11-12T18:28:25.383+0100][gc,start      ] GC(470) Pause Young (Normal) (G1 Evacuation Pause)
[2023-11-12T18:28:25.383+0100][gc,task       ] GC(470) Using 13 workers of 13 for evacuation
[2023-11-12T18:28:25.393+0100][gc,phases     ] GC(470)   Pre Evacuate Collection Set: 0,0ms
[2023-11-12T18:28:25.393+0100][gc,phases     ] GC(470)   Evacuate Collection Set: 8,7ms
[2023-11-12T18:28:25.393+0100][gc,phases     ] GC(470)   Post Evacuate Collection Set: 0,6ms
[2023-11-12T18:28:25.393+0100][gc,phases     ] GC(470)   Other: 0,2ms
[2023-11-12T18:28:25.393+0100][gc,heap       ] GC(470) Eden regions: 560->0(559)
[2023-11-12T18:28:25.393+0100][gc,heap       ] GC(470) Survivor regions: 23->22(73)
[2023-11-12T18:28:25.393+0100][gc,heap       ] GC(470) Old regions: 186->189
[2023-11-12T18:28:25.393+0100][gc,heap       ] GC(470) Humongous regions: 129->129
[2023-11-12T18:28:25.393+0100][gc,metaspace  ] GC(470) Metaspace: 46693K(49920K)->46693K(49920K) NonClass: 40955K(42752K)->40955K(42752K) Class: 5737K(7168K)->5737K(7168K)
[2023-11-12T18:28:25.393+0100][gc            ] GC(470) Pause Young (Normal) (G1 Evacuation Pause) 895M->338M(1024M) 9,712ms
[2023-11-12T18:28:25.393+0100][gc,cpu        ] GC(470) User=0,09s Sys=0,01s Real=0,00s
[2023-11-12T18:28:26.752+0100][gc,start      ] GC(471) Pause Young (Normal) (G1 Evacuation Pause)
[2023-11-12T18:28:26.752+0100][gc,task       ] GC(471) Using 13 workers of 13 for evacuation
[2023-11-12T18:28:26.760+0100][gc,phases     ] GC(471)   Pre Evacuate Collection Set: 0,0ms
[2023-11-12T18:28:26.760+0100][gc,phases     ] GC(471)   Evacuate Collection Set: 7,6ms
[2023-11-12T18:28:26.760+0100][gc,phases     ] GC(471)   Post Evacuate Collection Set: 0,6ms
[2023-11-12T18:28:26.760+0100][gc,phases     ] GC(471)   Other: 0,2ms
[2023-11-12T18:28:26.760+0100][gc,heap       ] GC(471) Eden regions: 559->0(556)
[2023-11-12T18:28:26.760+0100][gc,heap       ] GC(471) Survivor regions: 22->23(73)
[2023-11-12T18:28:26.760+0100][gc,heap       ] GC(471) Old regions: 189->190
[2023-11-12T18:28:26.760+0100][gc,heap       ] GC(471) Humongous regions: 129->129
[2023-11-12T18:28:26.760+0100][gc,metaspace  ] GC(471) Metaspace: 46693K(49920K)->46693K(49920K) NonClass: 40955K(42752K)->40955K(42752K) Class: 5737K(7168K)->5737K(7168K)
[2023-11-12T18:28:26.760+0100][gc            ] GC(471) Pause Young (Normal) (G1 Evacuation Pause) 897M->339M(1024M) 8,546ms
[2023-11-12T18:28:26.760+0100][gc,cpu        ] GC(471) User=0,09s Sys=0,00s Real=0,01s
[2023-11-12T18:28:28.146+0100][gc,start      ] GC(472) Pause Young (Normal) (G1 Evacuation Pause)
[2023-11-12T18:28:28.147+0100][gc,task       ] GC(472) Using 13 workers of 13 for evacuation
[2023-11-12T18:28:28.156+0100][gc,phases     ] GC(472)   Pre Evacuate Collection Set: 0,0ms
[2023-11-12T18:28:28.156+0100][gc,phases     ] GC(472)   Evacuate Collection Set: 8,0ms
[2023-11-12T18:28:28.156+0100][gc,phases     ] GC(472)   Post Evacuate Collection Set: 0,7ms
[2023-11-12T18:28:28.156+0100][gc,phases     ] GC(472)   Other: 0,3ms
[2023-11-12T18:28:28.156+0100][gc,heap       ] GC(472) Eden regions: 556->0(555)
[2023-11-12T18:28:28.156+0100][gc,heap       ] GC(472) Survivor regions: 23->23(73)
[2023-11-12T18:28:28.156+0100][gc,heap       ] GC(472) Old regions: 190->191
[2023-11-12T18:28:28.156+0100][gc,heap       ] GC(472) Humongous regions: 129->129
[2023-11-12T18:28:28.156+0100][gc,metaspace  ] GC(472) Metaspace: 46693K(49920K)->46693K(49920K) NonClass: 40955K(42752K)->40955K(42752K) Class: 5737K(7168K)->5737K(7168K)
[2023-11-12T18:28:28.156+0100][gc            ] GC(472) Pause Young (Normal) (G1 Evacuation Pause) 895M->341M(1024M) 9,152ms
[2023-11-12T18:28:28.156+0100][gc,cpu        ] GC(472) User=0,10s Sys=0,00s Real=0,01s
[2023-11-12T18:28:29.538+0100][gc,start      ] GC(473) Pause Young (Normal) (G1 Evacuation Pause)
[2023-11-12T18:28:29.538+0100][gc,task       ] GC(473) Using 13 workers of 13 for evacuation
[2023-11-12T18:28:29.547+0100][gc,phases     ] GC(473)   Pre Evacuate Collection Set: 0,0ms
[2023-11-12T18:28:29.547+0100][gc,phases     ] GC(473)   Evacuate Collection Set: 8,5ms
[2023-11-12T18:28:29.547+0100][gc,phases     ] GC(473)   Post Evacuate Collection Set: 0,5ms
[2023-11-12T18:28:29.547+0100][gc,phases     ] GC(473)   Other: 0,2ms
[2023-11-12T18:28:29.547+0100][gc,heap       ] GC(473) Eden regions: 555->0(550)
[2023-11-12T18:28:29.547+0100][gc,heap       ] GC(473) Survivor regions: 23->25(73)
[2023-11-12T18:28:29.547+0100][gc,heap       ] GC(473) Old regions: 191->192
[2023-11-12T18:28:29.547+0100][gc,heap       ] GC(473) Humongous regions: 129->129
[2023-11-12T18:28:29.547+0100][gc,metaspace  ] GC(473) Metaspace: 46693K(49920K)->46693K(49920K) NonClass: 40955K(42752K)->40955K(42752K) Class: 5737K(7168K)->5737K(7168K)
[2023-11-12T18:28:29.547+0100][gc            ] GC(473) Pause Young (Normal) (G1 Evacuation Pause) 896M->343M(1024M) 9,382ms
[2023-11-12T18:28:29.547+0100][gc,cpu        ] GC(473) User=0,09s Sys=0,00s Real=0,01s
[2023-11-12T18:28:30.895+0100][gc,start      ] GC(474) Pause Young (Normal) (G1 Evacuation Pause)
[2023-11-12T18:28:30.895+0100][gc,task       ] GC(474) Using 13 workers of 13 for evacuation
[2023-11-12T18:28:30.904+0100][gc,phases     ] GC(474)   Pre Evacuate Collection Set: 0,0ms
[2023-11-12T18:28:30.904+0100][gc,phases     ] GC(474)   Evacuate Collection Set: 8,4ms
[2023-11-12T18:28:30.904+0100][gc,phases     ] GC(474)   Post Evacuate Collection Set: 0,6ms
[2023-11-12T18:28:30.904+0100][gc,phases     ] GC(474)   Other: 0,2ms
[2023-11-12T18:28:30.904+0100][gc,heap       ] GC(474) Eden regions: 550->0(547)
[2023-11-12T18:28:30.904+0100][gc,heap       ] GC(474) Survivor regions: 25->26(72)
[2023-11-12T18:28:30.904+0100][gc,heap       ] GC(474) Old regions: 192->193
[2023-11-12T18:28:30.904+0100][gc,heap       ] GC(474) Humongous regions: 129->129
[2023-11-12T18:28:30.904+0100][gc,metaspace  ] GC(474) Metaspace: 46693K(49920K)->46693K(49920K) NonClass: 40955K(42752K)->40955K(42752K) Class: 5737K(7168K)->5737K(7168K)
[2023-11-12T18:28:30.904+0100][gc            ] GC(474) Pause Young (Normal) (G1 Evacuation Pause) 893M->345M(1024M) 9,329ms
[2023-11-12T18:28:30.904+0100][gc,cpu        ] GC(474) User=0,11s Sys=0,01s Real=0,01s
[2023-11-12T18:28:32.170+0100][gc,start      ] GC(475) Pause Young (Normal) (G1 Evacuation Pause)
[2023-11-12T18:28:32.170+0100][gc,task       ] GC(475) Using 13 workers of 13 for evacuation
[2023-11-12T18:28:32.180+0100][gc,phases     ] GC(475)   Pre Evacuate Collection Set: 0,0ms
[2023-11-12T18:28:32.180+0100][gc,phases     ] GC(475)   Evacuate Collection Set: 9,3ms
[2023-11-12T18:28:32.180+0100][gc,phases     ] GC(475)   Post Evacuate Collection Set: 0,6ms
[2023-11-12T18:28:32.180+0100][gc,phases     ] GC(475)   Other: 0,3ms
[2023-11-12T18:28:32.180+0100][gc,heap       ] GC(475) Eden regions: 547->0(541)
[2023-11-12T18:28:32.180+0100][gc,heap       ] GC(475) Survivor regions: 26->29(72)
[2023-11-12T18:28:32.180+0100][gc,heap       ] GC(475) Old regions: 193->193
[2023-11-12T18:28:32.180+0100][gc,heap       ] GC(475) Humongous regions: 129->129
[2023-11-12T18:28:32.180+0100][gc,metaspace  ] GC(475) Metaspace: 46693K(49920K)->46693K(49920K) NonClass: 40956K(42752K)->40956K(42752K) Class: 5737K(7168K)->5737K(7168K)
[2023-11-12T18:28:32.180+0100][gc            ] GC(475) Pause Young (Normal) (G1 Evacuation Pause) 892M->348M(1024M) 10,336ms
[2023-11-12T18:28:32.180+0100][gc,cpu        ] GC(475) User=0,10s Sys=0,01s Real=0,01s
[2023-11-12T18:28:33.486+0100][gc,start      ] GC(476) Pause Young (Normal) (G1 Evacuation Pause)
[2023-11-12T18:28:33.486+0100][gc,task       ] GC(476) Using 13 workers of 13 for evacuation
[2023-11-12T18:28:33.497+0100][gc,phases     ] GC(476)   Pre Evacuate Collection Set: 0,0ms
[2023-11-12T18:28:33.497+0100][gc,phases     ] GC(476)   Evacuate Collection Set: 10,1ms
[2023-11-12T18:28:33.497+0100][gc,phases     ] GC(476)   Post Evacuate Collection Set: 0,6ms
[2023-11-12T18:28:33.497+0100][gc,phases     ] GC(476)   Other: 0,2ms
[2023-11-12T18:28:33.497+0100][gc,heap       ] GC(476) Eden regions: 541->0(534)
[2023-11-12T18:28:33.497+0100][gc,heap       ] GC(476) Survivor regions: 29->32(72)
[2023-11-12T18:28:33.497+0100][gc,heap       ] GC(476) Old regions: 193->194
[2023-11-12T18:28:33.497+0100][gc,heap       ] GC(476) Humongous regions: 129->129
[2023-11-12T18:28:33.497+0100][gc,metaspace  ] GC(476) Metaspace: 46694K(49920K)->46694K(49920K) NonClass: 40956K(42752K)->40956K(42752K) Class: 5737K(7168K)->5737K(7168K)
[2023-11-12T18:28:33.497+0100][gc            ] GC(476) Pause Young (Normal) (G1 Evacuation Pause) 889M->352M(1024M) 11,018ms
[2023-11-12T18:28:33.497+0100][gc,cpu        ] GC(476) User=0,10s Sys=0,02s Real=0,01s
[2023-11-12T18:28:34.821+0100][gc,start      ] GC(477) Pause Young (Normal) (G1 Evacuation Pause)
[2023-11-12T18:28:34.821+0100][gc,task       ] GC(477) Using 13 workers of 13 for evacuation
[2023-11-12T18:28:34.832+0100][gc,phases     ] GC(477)   Pre Evacuate Collection Set: 0,0ms
[2023-11-12T18:28:34.832+0100][gc,phases     ] GC(477)   Evacuate Collection Set: 10,8ms
[2023-11-12T18:28:34.832+0100][gc,phases     ] GC(477)   Post Evacuate Collection Set: 0,6ms
[2023-11-12T18:28:34.832+0100][gc,phases     ] GC(477)   Other: 0,2ms
[2023-11-12T18:28:34.832+0100][gc,heap       ] GC(477) Eden regions: 534->0(533)
[2023-11-12T18:28:34.832+0100][gc,heap       ] GC(477) Survivor regions: 32->32(71)
[2023-11-12T18:28:34.832+0100][gc,heap       ] GC(477) Old regions: 194->195
[2023-11-12T18:28:34.832+0100][gc,heap       ] GC(477) Humongous regions: 129->129
[2023-11-12T18:28:34.832+0100][gc,metaspace  ] GC(477) Metaspace: 46694K(49920K)->46694K(49920K) NonClass: 40956K(42752K)->40956K(42752K) Class: 5737K(7168K)->5737K(7168K)
[2023-11-12T18:28:34.832+0100][gc            ] GC(477) Pause Young (Normal) (G1 Evacuation Pause) 886M->354M(1024M) 11,685ms
[2023-11-12T18:28:34.832+0100][gc,cpu        ] GC(477) User=0,14s Sys=0,00s Real=0,01s
[2023-11-12T18:28:36.034+0100][gc,start      ] GC(478) Pause Young (Normal) (G1 Evacuation Pause)
[2023-11-12T18:28:36.034+0100][gc,task       ] GC(478) Using 13 workers of 13 for evacuation
[2023-11-12T18:28:36.040+0100][gc,phases     ] GC(478)   Pre Evacuate Collection Set: 0,0ms
[2023-11-12T18:28:36.040+0100][gc,phases     ] GC(478)   Evacuate Collection Set: 5,2ms
[2023-11-12T18:28:36.040+0100][gc,phases     ] GC(478)   Post Evacuate Collection Set: 0,6ms
[2023-11-12T18:28:36.040+0100][gc,phases     ] GC(478)   Other: 0,3ms
[2023-11-12T18:28:36.040+0100][gc,heap       ] GC(478) Eden regions: 533->0(562)
[2023-11-12T18:28:36.040+0100][gc,heap       ] GC(478) Survivor regions: 32->11(71)
[2023-11-12T18:28:36.040+0100][gc,heap       ] GC(478) Old regions: 195->196
[2023-11-12T18:28:36.040+0100][gc,heap       ] GC(478) Humongous regions: 129->129
[2023-11-12T18:28:36.040+0100][gc,metaspace  ] GC(478) Metaspace: 46694K(49920K)->46694K(49920K) NonClass: 40956K(42752K)->40956K(42752K) Class: 5737K(7168K)->5737K(7168K)
[2023-11-12T18:28:36.040+0100][gc            ] GC(478) Pause Young (Normal) (G1 Evacuation Pause) 887M->333M(1024M) 6,201ms
[2023-11-12T18:28:36.040+0100][gc,cpu        ] GC(478) User=0,06s Sys=0,01s Real=0,00s
[2023-11-12T18:28:37.361+0100][gc,start      ] GC(479) Pause Young (Normal) (G1 Evacuation Pause)
[2023-11-12T18:28:37.361+0100][gc,task       ] GC(479) Using 13 workers of 13 for evacuation
[2023-11-12T18:28:37.367+0100][gc,phases     ] GC(479)   Pre Evacuate Collection Set: 0,0ms
[2023-11-12T18:28:37.367+0100][gc,phases     ] GC(479)   Evacuate Collection Set: 5,0ms
[2023-11-12T18:28:37.367+0100][gc,phases     ] GC(479)   Post Evacuate Collection Set: 0,6ms
[2023-11-12T18:28:37.367+0100][gc,phases     ] GC(479)   Other: 0,3ms
[2023-11-12T18:28:37.367+0100][gc,heap       ] GC(479) Eden regions: 562->0(564)
[2023-11-12T18:28:37.367+0100][gc,heap       ] GC(479) Survivor regions: 11->11(72)
[2023-11-12T18:28:37.367+0100][gc,heap       ] GC(479) Old regions: 196->196
[2023-11-12T18:28:37.367+0100][gc,heap       ] GC(479) Humongous regions: 129->129
[2023-11-12T18:28:37.367+0100][gc,metaspace  ] GC(479) Metaspace: 46698K(49920K)->46698K(49920K) NonClass: 40960K(42752K)->40960K(42752K) Class: 5737K(7168K)->5737K(7168K)
[2023-11-12T18:28:37.367+0100][gc            ] GC(479) Pause Young (Normal) (G1 Evacuation Pause) 895M->333M(1024M) 6,009ms
[2023-11-12T18:28:37.367+0100][gc,cpu        ] GC(479) User=0,04s Sys=0,03s Real=0,01s
[2023-11-12T18:28:38.711+0100][gc,start      ] GC(480) Pause Young (Normal) (G1 Evacuation Pause)
[2023-11-12T18:28:38.712+0100][gc,task       ] GC(480) Using 13 workers of 13 for evacuation
[2023-11-12T18:28:38.719+0100][gc,phases     ] GC(480)   Pre Evacuate Collection Set: 0,0ms
[2023-11-12T18:28:38.719+0100][gc,phases     ] GC(480)   Evacuate Collection Set: 6,4ms
[2023-11-12T18:28:38.719+0100][gc,phases     ] GC(480)   Post Evacuate Collection Set: 0,7ms
[2023-11-12T18:28:38.719+0100][gc,phases     ] GC(480)   Other: 0,2ms
[2023-11-12T18:28:38.719+0100][gc,heap       ] GC(480) Eden regions: 564->0(565)
[2023-11-12T18:28:38.719+0100][gc,heap       ] GC(480) Survivor regions: 11->12(72)
[2023-11-12T18:28:38.719+0100][gc,heap       ] GC(480) Old regions: 196->196
[2023-11-12T18:28:38.719+0100][gc,heap       ] GC(480) Humongous regions: 129->129
[2023-11-12T18:28:38.719+0100][gc,metaspace  ] GC(480) Metaspace: 46698K(49920K)->46698K(49920K) NonClass: 40960K(42752K)->40960K(42752K) Class: 5737K(7168K)->5737K(7168K)
[2023-11-12T18:28:38.719+0100][gc            ] GC(480) Pause Young (Normal) (G1 Evacuation Pause) 897M->335M(1024M) 7,567ms
[2023-11-12T18:28:38.719+0100][gc,cpu        ] GC(480) User=0,05s Sys=0,02s Real=0,01s
[2023-11-12T18:28:40.062+0100][gc,start      ] GC(481) Pause Young (Normal) (G1 Evacuation Pause)
[2023-11-12T18:28:40.062+0100][gc,task       ] GC(481) Using 13 workers of 13 for evacuation
[2023-11-12T18:28:40.068+0100][gc,phases     ] GC(481)   Pre Evacuate Collection Set: 0,0ms
[2023-11-12T18:28:40.068+0100][gc,phases     ] GC(481)   Evacuate Collection Set: 5,4ms
[2023-11-12T18:28:40.068+0100][gc,phases     ] GC(481)   Post Evacuate Collection Set: 0,6ms
[2023-11-12T18:28:40.068+0100][gc,phases     ] GC(481)   Other: 0,2ms
[2023-11-12T18:28:40.068+0100][gc,heap       ] GC(481) Eden regions: 565->0(566)
[2023-11-12T18:28:40.068+0100][gc,heap       ] GC(481) Survivor regions: 12->13(73)
[2023-11-12T18:28:40.068+0100][gc,heap       ] GC(481) Old regions: 196->197
[2023-11-12T18:28:40.068+0100][gc,heap       ] GC(481) Humongous regions: 129->129
[2023-11-12T18:28:40.068+0100][gc,metaspace  ] GC(481) Metaspace: 46698K(49920K)->46698K(49920K) NonClass: 40960K(42752K)->40960K(42752K) Class: 5737K(7168K)->5737K(7168K)
[2023-11-12T18:28:40.068+0100][gc            ] GC(481) Pause Young (Normal) (G1 Evacuation Pause) 900M->336M(1024M) 6,383ms
[2023-11-12T18:28:40.068+0100][gc,cpu        ] GC(481) User=0,06s Sys=0,01s Real=0,00s
[2023-11-12T18:28:41.463+0100][gc,start      ] GC(482) Pause Young (Normal) (G1 Evacuation Pause)
[2023-11-12T18:28:41.463+0100][gc,task       ] GC(482) Using 13 workers of 13 for evacuation
[2023-11-12T18:28:41.469+0100][gc,phases     ] GC(482)   Pre Evacuate Collection Set: 0,0ms
[2023-11-12T18:28:41.470+0100][gc,phases     ] GC(482)   Evacuate Collection Set: 5,9ms
[2023-11-12T18:28:41.470+0100][gc,phases     ] GC(482)   Post Evacuate Collection Set: 0,6ms
[2023-11-12T18:28:41.470+0100][gc,phases     ] GC(482)   Other: 0,2ms
[2023-11-12T18:28:41.470+0100][gc,heap       ] GC(482) Eden regions: 566->0(565)
[2023-11-12T18:28:41.470+0100][gc,heap       ] GC(482) Survivor regions: 13->15(73)
[2023-11-12T18:28:41.470+0100][gc,heap       ] GC(482) Old regions: 197->197
[2023-11-12T18:28:41.470+0100][gc,heap       ] GC(482) Humongous regions: 129->129
[2023-11-12T18:28:41.470+0100][gc,metaspace  ] GC(482) Metaspace: 46698K(49920K)->46698K(49920K) NonClass: 40960K(42752K)->40960K(42752K) Class: 5737K(7168K)->5737K(7168K)
[2023-11-12T18:28:41.470+0100][gc            ] GC(482) Pause Young (Normal) (G1 Evacuation Pause) 902M->339M(1024M) 6,839ms
[2023-11-12T18:28:41.470+0100][gc,cpu        ] GC(482) User=0,07s Sys=0,00s Real=0,00s
[2023-11-12T18:28:42.793+0100][gc,start      ] GC(483) Pause Young (Normal) (G1 Evacuation Pause)
[2023-11-12T18:28:42.793+0100][gc,task       ] GC(483) Using 13 workers of 13 for evacuation
[2023-11-12T18:28:42.801+0100][gc,phases     ] GC(483)   Pre Evacuate Collection Set: 0,0ms
[2023-11-12T18:28:42.801+0100][gc,phases     ] GC(483)   Evacuate Collection Set: 7,0ms
[2023-11-12T18:28:42.801+0100][gc,phases     ] GC(483)   Post Evacuate Collection Set: 0,6ms
[2023-11-12T18:28:42.801+0100][gc,phases     ] GC(483)   Other: 0,2ms
[2023-11-12T18:28:42.801+0100][gc,heap       ] GC(483) Eden regions: 565->0(556)
[2023-11-12T18:28:42.801+0100][gc,heap       ] GC(483) Survivor regions: 15->19(73)
[2023-11-12T18:28:42.801+0100][gc,heap       ] GC(483) Old regions: 197->198
[2023-11-12T18:28:42.801+0100][gc,heap       ] GC(483) Humongous regions: 129->129
[2023-11-12T18:28:42.801+0100][gc,metaspace  ] GC(483) Metaspace: 46698K(49920K)->46698K(49920K) NonClass: 40960K(42752K)->40960K(42752K) Class: 5737K(7168K)->5737K(7168K)
[2023-11-12T18:28:42.801+0100][gc            ] GC(483) Pause Young (Normal) (G1 Evacuation Pause) 904M->343M(1024M) 7,984ms
[2023-11-12T18:28:42.801+0100][gc,cpu        ] GC(483) User=0,05s Sys=0,04s Real=0,01s
[2023-11-12T18:28:44.192+0100][gc,start      ] GC(484) Pause Young (Normal) (G1 Evacuation Pause)
[2023-11-12T18:28:44.192+0100][gc,task       ] GC(484) Using 13 workers of 13 for evacuation
[2023-11-12T18:28:44.201+0100][gc,phases     ] GC(484)   Pre Evacuate Collection Set: 0,0ms
[2023-11-12T18:28:44.201+0100][gc,phases     ] GC(484)   Evacuate Collection Set: 7,8ms
[2023-11-12T18:28:44.201+0100][gc,phases     ] GC(484)   Post Evacuate Collection Set: 0,6ms
[2023-11-12T18:28:44.201+0100][gc,phases     ] GC(484)   Other: 0,2ms
[2023-11-12T18:28:44.201+0100][gc,heap       ] GC(484) Eden regions: 556->0(552)
[2023-11-12T18:28:44.201+0100][gc,heap       ] GC(484) Survivor regions: 19->21(72)
[2023-11-12T18:28:44.201+0100][gc,heap       ] GC(484) Old regions: 198->198
[2023-11-12T18:28:44.201+0100][gc,heap       ] GC(484) Humongous regions: 129->129
[2023-11-12T18:28:44.201+0100][gc,metaspace  ] GC(484) Metaspace: 46698K(49920K)->46698K(49920K) NonClass: 40960K(42752K)->40960K(42752K) Class: 5737K(7168K)->5737K(7168K)
[2023-11-12T18:28:44.201+0100][gc            ] GC(484) Pause Young (Normal) (G1 Evacuation Pause) 899M->345M(1024M) 8,747ms
[2023-11-12T18:28:44.201+0100][gc,cpu        ] GC(484) User=0,10s Sys=0,00s Real=0,01s
[2023-11-12T18:28:45.564+0100][gc,start      ] GC(485) Pause Young (Normal) (G1 Evacuation Pause)
[2023-11-12T18:28:45.564+0100][gc,task       ] GC(485) Using 13 workers of 13 for evacuation
[2023-11-12T18:28:45.573+0100][gc,phases     ] GC(485)   Pre Evacuate Collection Set: 0,0ms
[2023-11-12T18:28:45.573+0100][gc,phases     ] GC(485)   Evacuate Collection Set: 8,5ms
[2023-11-12T18:28:45.573+0100][gc,phases     ] GC(485)   Post Evacuate Collection Set: 0,6ms
[2023-11-12T18:28:45.573+0100][gc,phases     ] GC(485)   Other: 0,2ms
[2023-11-12T18:28:45.573+0100][gc,heap       ] GC(485) Eden regions: 552->0(546)
[2023-11-12T18:28:45.573+0100][gc,heap       ] GC(485) Survivor regions: 21->24(72)
[2023-11-12T18:28:45.573+0100][gc,heap       ] GC(485) Old regions: 198->198
[2023-11-12T18:28:45.573+0100][gc,heap       ] GC(485) Humongous regions: 129->129
[2023-11-12T18:28:45.573+0100][gc,metaspace  ] GC(485) Metaspace: 46698K(49920K)->46698K(49920K) NonClass: 40960K(42752K)->40960K(42752K) Class: 5737K(7168K)->5737K(7168K)
[2023-11-12T18:28:45.573+0100][gc            ] GC(485) Pause Young (Normal) (G1 Evacuation Pause) 897M->348M(1024M) 9,457ms
[2023-11-12T18:28:45.573+0100][gc,cpu        ] GC(485) User=0,11s Sys=0,00s Real=0,00s
[2023-11-12T18:28:47.000+0100][gc,start      ] GC(486) Pause Young (Normal) (G1 Evacuation Pause)
[2023-11-12T18:28:47.000+0100][gc,task       ] GC(486) Using 13 workers of 13 for evacuation
[2023-11-12T18:28:47.010+0100][gc,phases     ] GC(486)   Pre Evacuate Collection Set: 0,0ms
[2023-11-12T18:28:47.010+0100][gc,phases     ] GC(486)   Evacuate Collection Set: 8,8ms
[2023-11-12T18:28:47.010+0100][gc,phases     ] GC(486)   Post Evacuate Collection Set: 0,6ms
[2023-11-12T18:28:47.010+0100][gc,phases     ] GC(486)   Other: 0,2ms
[2023-11-12T18:28:47.010+0100][gc,heap       ] GC(486) Eden regions: 546->0(542)
[2023-11-12T18:28:47.010+0100][gc,heap       ] GC(486) Survivor regions: 24->26(72)
[2023-11-12T18:28:47.010+0100][gc,heap       ] GC(486) Old regions: 198->198
[2023-11-12T18:28:47.010+0100][gc,heap       ] GC(486) Humongous regions: 129->129
[2023-11-12T18:28:47.010+0100][gc,metaspace  ] GC(486) Metaspace: 46698K(49920K)->46698K(49920K) NonClass: 40960K(42752K)->40960K(42752K) Class: 5737K(7168K)->5737K(7168K)
[2023-11-12T18:28:47.010+0100][gc            ] GC(486) Pause Young (Normal) (G1 Evacuation Pause) 894M->351M(1024M) 9,772ms
[2023-11-12T18:28:47.010+0100][gc,cpu        ] GC(486) User=0,10s Sys=0,00s Real=0,01s
[2023-11-12T18:28:48.357+0100][gc,start      ] GC(487) Pause Young (Normal) (G1 Evacuation Pause)
[2023-11-12T18:28:48.357+0100][gc,task       ] GC(487) Using 13 workers of 13 for evacuation
[2023-11-12T18:28:48.368+0100][gc,phases     ] GC(487)   Pre Evacuate Collection Set: 0,0ms
[2023-11-12T18:28:48.368+0100][gc,phases     ] GC(487)   Evacuate Collection Set: 9,6ms
[2023-11-12T18:28:48.368+0100][gc,phases     ] GC(487)   Post Evacuate Collection Set: 0,6ms
[2023-11-12T18:28:48.368+0100][gc,phases     ] GC(487)   Other: 0,2ms
[2023-11-12T18:28:48.368+0100][gc,heap       ] GC(487) Eden regions: 542->0(535)
[2023-11-12T18:28:48.368+0100][gc,heap       ] GC(487) Survivor regions: 26->29(71)
[2023-11-12T18:28:48.368+0100][gc,heap       ] GC(487) Old regions: 198->199
[2023-11-12T18:28:48.368+0100][gc,heap       ] GC(487) Humongous regions: 129->129
[2023-11-12T18:28:48.368+0100][gc,metaspace  ] GC(487) Metaspace: 46698K(49920K)->46698K(49920K) NonClass: 40960K(42752K)->40960K(42752K) Class: 5737K(7168K)->5737K(7168K)
[2023-11-12T18:28:48.368+0100][gc            ] GC(487) Pause Young (Normal) (G1 Evacuation Pause) 893M->354M(1024M) 10,571ms
[2023-11-12T18:28:48.368+0100][gc,cpu        ] GC(487) User=0,10s Sys=0,02s Real=0,01s
[2023-11-12T18:28:49.665+0100][gc,start      ] GC(488) Pause Young (Normal) (G1 Evacuation Pause)
[2023-11-12T18:28:49.665+0100][gc,task       ] GC(488) Using 13 workers of 13 for evacuation
[2023-11-12T18:28:49.675+0100][gc,phases     ] GC(488)   Pre Evacuate Collection Set: 0,0ms
[2023-11-12T18:28:49.675+0100][gc,phases     ] GC(488)   Evacuate Collection Set: 9,5ms
[2023-11-12T18:28:49.675+0100][gc,phases     ] GC(488)   Post Evacuate Collection Set: 0,6ms
[2023-11-12T18:28:49.675+0100][gc,phases     ] GC(488)   Other: 0,2ms
[2023-11-12T18:28:49.675+0100][gc,heap       ] GC(488) Eden regions: 535->0(531)
[2023-11-12T18:28:49.675+0100][gc,heap       ] GC(488) Survivor regions: 29->31(71)
[2023-11-12T18:28:49.675+0100][gc,heap       ] GC(488) Old regions: 199->199
[2023-11-12T18:28:49.675+0100][gc,heap       ] GC(488) Humongous regions: 129->129
[2023-11-12T18:28:49.675+0100][gc,metaspace  ] GC(488) Metaspace: 46698K(49920K)->46698K(49920K) NonClass: 40960K(42752K)->40960K(42752K) Class: 5737K(7168K)->5737K(7168K)
[2023-11-12T18:28:49.675+0100][gc            ] GC(488) Pause Young (Normal) (G1 Evacuation Pause) 889M->357M(1024M) 10,397ms
[2023-11-12T18:28:49.675+0100][gc,cpu        ] GC(488) User=0,12s Sys=0,00s Real=0,01s
[2023-11-12T18:28:50.864+0100][gc,start      ] GC(489) Pause Young (Normal) (G1 Evacuation Pause)
[2023-11-12T18:28:50.864+0100][gc,task       ] GC(489) Using 13 workers of 13 for evacuation
[2023-11-12T18:28:50.876+0100][gc,phases     ] GC(489)   Pre Evacuate Collection Set: 0,0ms
[2023-11-12T18:28:50.876+0100][gc,phases     ] GC(489)   Evacuate Collection Set: 10,5ms
[2023-11-12T18:28:50.876+0100][gc,phases     ] GC(489)   Post Evacuate Collection Set: 0,6ms
[2023-11-12T18:28:50.876+0100][gc,phases     ] GC(489)   Other: 0,2ms
[2023-11-12T18:28:50.876+0100][gc,heap       ] GC(489) Eden regions: 531->0(523)
[2023-11-12T18:28:50.876+0100][gc,heap       ] GC(489) Survivor regions: 31->35(71)
[2023-11-12T18:28:50.876+0100][gc,heap       ] GC(489) Old regions: 199->199
[2023-11-12T18:28:50.876+0100][gc,heap       ] GC(489) Humongous regions: 129->129
[2023-11-12T18:28:50.876+0100][gc,metaspace  ] GC(489) Metaspace: 46698K(49920K)->46698K(49920K) NonClass: 40960K(42752K)->40960K(42752K) Class: 5737K(7168K)->5737K(7168K)
[2023-11-12T18:28:50.876+0100][gc            ] GC(489) Pause Young (Normal) (G1 Evacuation Pause) 888M->361M(1024M) 11,426ms
[2023-11-12T18:28:50.876+0100][gc,cpu        ] GC(489) User=0,13s Sys=0,00s Real=0,01s
[2023-11-12T18:28:52.109+0100][gc,start      ] GC(490) Pause Young (Normal) (G1 Evacuation Pause)
[2023-11-12T18:28:52.109+0100][gc,task       ] GC(490) Using 13 workers of 13 for evacuation
[2023-11-12T18:28:52.115+0100][gc,phases     ] GC(490)   Pre Evacuate Collection Set: 0,0ms
[2023-11-12T18:28:52.115+0100][gc,phases     ] GC(490)   Evacuate Collection Set: 4,9ms
[2023-11-12T18:28:52.115+0100][gc,phases     ] GC(490)   Post Evacuate Collection Set: 0,6ms
[2023-11-12T18:28:52.115+0100][gc,phases     ] GC(490)   Other: 0,2ms
[2023-11-12T18:28:52.115+0100][gc,heap       ] GC(490) Eden regions: 523->0(562)
[2023-11-12T18:28:52.115+0100][gc,heap       ] GC(490) Survivor regions: 35->12(70)
[2023-11-12T18:28:52.115+0100][gc,heap       ] GC(490) Old regions: 199->200
[2023-11-12T18:28:52.115+0100][gc,heap       ] GC(490) Humongous regions: 129->129
[2023-11-12T18:28:52.115+0100][gc,metaspace  ] GC(490) Metaspace: 46698K(49920K)->46698K(49920K) NonClass: 40960K(42752K)->40960K(42752K) Class: 5737K(7168K)->5737K(7168K)
[2023-11-12T18:28:52.115+0100][gc            ] GC(490) Pause Young (Normal) (G1 Evacuation Pause) 884M->339M(1024M) 5,828ms
[2023-11-12T18:28:52.115+0100][gc,cpu        ] GC(490) User=0,04s Sys=0,02s Real=0,01s
[2023-11-12T18:28:53.383+0100][gc,start      ] GC(491) Pause Young (Normal) (G1 Evacuation Pause)
[2023-11-12T18:28:53.383+0100][gc,task       ] GC(491) Using 13 workers of 13 for evacuation
[2023-11-12T18:28:53.390+0100][gc,phases     ] GC(491)   Pre Evacuate Collection Set: 0,0ms
[2023-11-12T18:28:53.390+0100][gc,phases     ] GC(491)   Evacuate Collection Set: 6,4ms
[2023-11-12T18:28:53.390+0100][gc,phases     ] GC(491)   Post Evacuate Collection Set: 0,5ms
[2023-11-12T18:28:53.390+0100][gc,phases     ] GC(491)   Other: 0,2ms
[2023-11-12T18:28:53.390+0100][gc,heap       ] GC(491) Eden regions: 562->0(558)
[2023-11-12T18:28:53.390+0100][gc,heap       ] GC(491) Survivor regions: 12->14(72)
[2023-11-12T18:28:53.390+0100][gc,heap       ] GC(491) Old regions: 200->201
[2023-11-12T18:28:53.390+0100][gc,heap       ] GC(491) Humongous regions: 129->129
[2023-11-12T18:28:53.390+0100][gc,metaspace  ] GC(491) Metaspace: 46698K(49920K)->46698K(49920K) NonClass: 40960K(42752K)->40960K(42752K) Class: 5737K(7168K)->5737K(7168K)
[2023-11-12T18:28:53.390+0100][gc            ] GC(491) Pause Young (Normal) (G1 Evacuation Pause) 901M->341M(1024M) 7,285ms
[2023-11-12T18:28:53.390+0100][gc,cpu        ] GC(491) User=0,05s Sys=0,02s Real=0,00s
[2023-11-12T18:28:54.605+0100][gc,start      ] GC(492) Pause Young (Normal) (G1 Evacuation Pause)
[2023-11-12T18:28:54.605+0100][gc,task       ] GC(492) Using 13 workers of 13 for evacuation
[2023-11-12T18:28:54.616+0100][gc,phases     ] GC(492)   Pre Evacuate Collection Set: 0,1ms
[2023-11-12T18:28:54.617+0100][gc,phases     ] GC(492)   Evacuate Collection Set: 10,5ms
[2023-11-12T18:28:54.617+0100][gc,phases     ] GC(492)   Post Evacuate Collection Set: 0,7ms
[2023-11-12T18:28:54.617+0100][gc,phases     ] GC(492)   Other: 0,3ms
[2023-11-12T18:28:54.617+0100][gc,heap       ] GC(492) Eden regions: 558->0(552)
[2023-11-12T18:28:54.617+0100][gc,heap       ] GC(492) Survivor regions: 14->19(72)
[2023-11-12T18:28:54.617+0100][gc,heap       ] GC(492) Old regions: 201->201
[2023-11-12T18:28:54.617+0100][gc,heap       ] GC(492) Humongous regions: 129->129
[2023-11-12T18:28:54.617+0100][gc,metaspace  ] GC(492) Metaspace: 46698K(49920K)->46698K(49920K) NonClass: 40960K(42752K)->40960K(42752K) Class: 5737K(7168K)->5737K(7168K)
[2023-11-12T18:28:54.617+0100][gc            ] GC(492) Pause Young (Normal) (G1 Evacuation Pause) 899M->347M(1024M) 11,649ms
[2023-11-12T18:28:54.617+0100][gc,cpu        ] GC(492) User=0,07s Sys=0,02s Real=0,01s
[2023-11-12T18:28:56.009+0100][gc,start      ] GC(493) Pause Young (Normal) (G1 Evacuation Pause)
[2023-11-12T18:28:56.009+0100][gc,task       ] GC(493) Using 13 workers of 13 for evacuation
[2023-11-12T18:28:56.018+0100][gc,phases     ] GC(493)   Pre Evacuate Collection Set: 0,0ms
[2023-11-12T18:28:56.018+0100][gc,phases     ] GC(493)   Evacuate Collection Set: 8,4ms
[2023-11-12T18:28:56.018+0100][gc,phases     ] GC(493)   Post Evacuate Collection Set: 0,6ms
[2023-11-12T18:28:56.018+0100][gc,phases     ] GC(493)   Other: 0,2ms
[2023-11-12T18:28:56.018+0100][gc,heap       ] GC(493) Eden regions: 552->0(546)
[2023-11-12T18:28:56.018+0100][gc,heap       ] GC(493) Survivor regions: 19->22(72)
[2023-11-12T18:28:56.018+0100][gc,heap       ] GC(493) Old regions: 201->202
[2023-11-12T18:28:56.018+0100][gc,heap       ] GC(493) Humongous regions: 129->129
[2023-11-12T18:28:56.018+0100][gc,metaspace  ] GC(493) Metaspace: 46698K(49920K)->46698K(49920K) NonClass: 40960K(42752K)->40960K(42752K) Class: 5737K(7168K)->5737K(7168K)
[2023-11-12T18:28:56.018+0100][gc            ] GC(493) Pause Young (Normal) (G1 Evacuation Pause) 899M->350M(1024M) 9,317ms
[2023-11-12T18:28:56.018+0100][gc,cpu        ] GC(493) User=0,11s Sys=0,00s Real=0,01s
[2023-11-12T18:28:57.423+0100][gc,start      ] GC(494) Pause Young (Normal) (G1 Evacuation Pause)
[2023-11-12T18:28:57.423+0100][gc,task       ] GC(494) Using 13 workers of 13 for evacuation
[2023-11-12T18:28:57.432+0100][gc,phases     ] GC(494)   Pre Evacuate Collection Set: 0,0ms
[2023-11-12T18:28:57.432+0100][gc,phases     ] GC(494)   Evacuate Collection Set: 8,2ms
[2023-11-12T18:28:57.432+0100][gc,phases     ] GC(494)   Post Evacuate Collection Set: 0,6ms
[2023-11-12T18:28:57.432+0100][gc,phases     ] GC(494)   Other: 0,2ms
[2023-11-12T18:28:57.432+0100][gc,heap       ] GC(494) Eden regions: 546->0(540)
[2023-11-12T18:28:57.432+0100][gc,heap       ] GC(494) Survivor regions: 22->25(71)
[2023-11-12T18:28:57.432+0100][gc,heap       ] GC(494) Old regions: 202->202
[2023-11-12T18:28:57.432+0100][gc,heap       ] GC(494) Humongous regions: 129->129
[2023-11-12T18:28:57.432+0100][gc,metaspace  ] GC(494) Metaspace: 46698K(49920K)->46698K(49920K) NonClass: 40960K(42752K)->40960K(42752K) Class: 5737K(7168K)->5737K(7168K)
[2023-11-12T18:28:57.433+0100][gc            ] GC(494) Pause Young (Normal) (G1 Evacuation Pause) 896M->354M(1024M) 9,072ms
[2023-11-12T18:28:57.433+0100][gc,cpu        ] GC(494) User=0,10s Sys=0,01s Real=0,00s
[2023-11-12T18:28:58.783+0100][gc,start      ] GC(495) Pause Young (Normal) (G1 Evacuation Pause)
[2023-11-12T18:28:58.783+0100][gc,task       ] GC(495) Using 13 workers of 13 for evacuation
[2023-11-12T18:28:58.793+0100][gc,phases     ] GC(495)   Pre Evacuate Collection Set: 0,0ms
[2023-11-12T18:28:58.793+0100][gc,phases     ] GC(495)   Evacuate Collection Set: 9,5ms
[2023-11-12T18:28:58.794+0100][gc,phases     ] GC(495)   Post Evacuate Collection Set: 0,6ms
[2023-11-12T18:28:58.794+0100][gc,phases     ] GC(495)   Other: 0,2ms
[2023-11-12T18:28:58.794+0100][gc,heap       ] GC(495) Eden regions: 540->0(533)
[2023-11-12T18:28:58.794+0100][gc,heap       ] GC(495) Survivor regions: 25->28(71)
[2023-11-12T18:28:58.794+0100][gc,heap       ] GC(495) Old regions: 202->203
[2023-11-12T18:28:58.794+0100][gc,heap       ] GC(495) Humongous regions: 129->129
[2023-11-12T18:28:58.794+0100][gc,metaspace  ] GC(495) Metaspace: 46698K(49920K)->46698K(49920K) NonClass: 40960K(42752K)->40960K(42752K) Class: 5737K(7168K)->5737K(7168K)
[2023-11-12T18:28:58.794+0100][gc            ] GC(495) Pause Young (Normal) (G1 Evacuation Pause) 894M->357M(1024M) 10,432ms
[2023-11-12T18:28:58.794+0100][gc,cpu        ] GC(495) User=0,11s Sys=0,00s Real=0,01s
[2023-11-12T18:29:00.182+0100][gc,start      ] GC(496) Pause Young (Normal) (G1 Evacuation Pause)
[2023-11-12T18:29:00.182+0100][gc,task       ] GC(496) Using 13 workers of 13 for evacuation
[2023-11-12T18:29:00.193+0100][gc,phases     ] GC(496)   Pre Evacuate Collection Set: 0,0ms
[2023-11-12T18:29:00.193+0100][gc,phases     ] GC(496)   Evacuate Collection Set: 10,4ms
[2023-11-12T18:29:00.193+0100][gc,phases     ] GC(496)   Post Evacuate Collection Set: 0,6ms
[2023-11-12T18:29:00.193+0100][gc,phases     ] GC(496)   Other: 0,2ms
[2023-11-12T18:29:00.193+0100][gc,heap       ] GC(496) Eden regions: 533->0(529)
[2023-11-12T18:29:00.193+0100][gc,heap       ] GC(496) Survivor regions: 28->30(71)
[2023-11-12T18:29:00.193+0100][gc,heap       ] GC(496) Old regions: 203->203
[2023-11-12T18:29:00.193+0100][gc,heap       ] GC(496) Humongous regions: 129->129
[2023-11-12T18:29:00.193+0100][gc,metaspace  ] GC(496) Metaspace: 46698K(49920K)->46698K(49920K) NonClass: 40960K(42752K)->40960K(42752K) Class: 5737K(7168K)->5737K(7168K)
[2023-11-12T18:29:00.193+0100][gc            ] GC(496) Pause Young (Normal) (G1 Evacuation Pause) 890M->359M(1024M) 11,411ms
[2023-11-12T18:29:00.193+0100][gc,cpu        ] GC(496) User=0,11s Sys=0,03s Real=0,00s
[2023-11-12T18:29:01.471+0100][gc,start      ] GC(497) Pause Young (Normal) (G1 Evacuation Pause)
[2023-11-12T18:29:01.471+0100][gc,task       ] GC(497) Using 13 workers of 13 for evacuation
[2023-11-12T18:29:01.482+0100][gc,phases     ] GC(497)   Pre Evacuate Collection Set: 0,0ms
[2023-11-12T18:29:01.482+0100][gc,phases     ] GC(497)   Evacuate Collection Set: 10,4ms
[2023-11-12T18:29:01.482+0100][gc,phases     ] GC(497)   Post Evacuate Collection Set: 0,6ms
[2023-11-12T18:29:01.482+0100][gc,phases     ] GC(497)   Other: 0,3ms
[2023-11-12T18:29:01.482+0100][gc,heap       ] GC(497) Eden regions: 529->0(523)
[2023-11-12T18:29:01.482+0100][gc,heap       ] GC(497) Survivor regions: 30->33(70)
[2023-11-12T18:29:01.482+0100][gc,heap       ] GC(497) Old regions: 203->203
[2023-11-12T18:29:01.482+0100][gc,heap       ] GC(497) Humongous regions: 129->129
[2023-11-12T18:29:01.482+0100][gc,metaspace  ] GC(497) Metaspace: 46698K(49920K)->46698K(49920K) NonClass: 40960K(42752K)->40960K(42752K) Class: 5737K(7168K)->5737K(7168K)
[2023-11-12T18:29:01.482+0100][gc            ] GC(497) Pause Young (Normal) (G1 Evacuation Pause) 888M->362M(1024M) 11,439ms
[2023-11-12T18:29:01.482+0100][gc,cpu        ] GC(497) User=0,11s Sys=0,01s Real=0,02s
[2023-11-12T18:29:02.712+0100][gc,start      ] GC(498) Pause Young (Normal) (G1 Evacuation Pause)
[2023-11-12T18:29:02.712+0100][gc,task       ] GC(498) Using 13 workers of 13 for evacuation
[2023-11-12T18:29:02.724+0100][gc,phases     ] GC(498)   Pre Evacuate Collection Set: 0,0ms
[2023-11-12T18:29:02.724+0100][gc,phases     ] GC(498)   Evacuate Collection Set: 10,6ms
[2023-11-12T18:29:02.724+0100][gc,phases     ] GC(498)   Post Evacuate Collection Set: 0,6ms
[2023-11-12T18:29:02.724+0100][gc,phases     ] GC(498)   Other: 0,2ms
[2023-11-12T18:29:02.724+0100][gc,heap       ] GC(498) Eden regions: 523->0(518)
[2023-11-12T18:29:02.724+0100][gc,heap       ] GC(498) Survivor regions: 33->35(70)
[2023-11-12T18:29:02.724+0100][gc,heap       ] GC(498) Old regions: 203->204
[2023-11-12T18:29:02.724+0100][gc,heap       ] GC(498) Humongous regions: 129->129
[2023-11-12T18:29:02.724+0100][gc,metaspace  ] GC(498) Metaspace: 46698K(49920K)->46698K(49920K) NonClass: 40960K(42752K)->40960K(42752K) Class: 5737K(7168K)->5737K(7168K)
[2023-11-12T18:29:02.724+0100][gc            ] GC(498) Pause Young (Normal) (G1 Evacuation Pause) 885M->365M(1024M) 11,495ms
[2023-11-12T18:29:02.724+0100][gc,cpu        ] GC(498) User=0,13s Sys=0,00s Real=0,02s
[2023-11-12T18:29:03.908+0100][gc,start      ] GC(499) Pause Young (Normal) (G1 Evacuation Pause)
[2023-11-12T18:29:03.908+0100][gc,task       ] GC(499) Using 13 workers of 13 for evacuation
[2023-11-12T18:29:03.913+0100][gc,phases     ] GC(499)   Pre Evacuate Collection Set: 0,0ms
[2023-11-12T18:29:03.914+0100][gc,phases     ] GC(499)   Evacuate Collection Set: 4,9ms
[2023-11-12T18:29:03.914+0100][gc,phases     ] GC(499)   Post Evacuate Collection Set: 0,6ms
[2023-11-12T18:29:03.914+0100][gc,phases     ] GC(499)   Other: 0,2ms
[2023-11-12T18:29:03.914+0100][gc,heap       ] GC(499) Eden regions: 518->0(559)
[2023-11-12T18:29:03.914+0100][gc,heap       ] GC(499) Survivor regions: 35->10(70)
[2023-11-12T18:29:03.914+0100][gc,heap       ] GC(499) Old regions: 204->204
[2023-11-12T18:29:03.914+0100][gc,heap       ] GC(499) Humongous regions: 129->129
[2023-11-12T18:29:03.914+0100][gc,metaspace  ] GC(499) Metaspace: 46698K(49920K)->46698K(49920K) NonClass: 40960K(42752K)->40960K(42752K) Class: 5737K(7168K)->5737K(7168K)
[2023-11-12T18:29:03.914+0100][gc            ] GC(499) Pause Young (Normal) (G1 Evacuation Pause) 883M->340M(1024M) 5,815ms
[2023-11-12T18:29:03.914+0100][gc,cpu        ] GC(499) User=0,06s Sys=0,00s Real=0,01s
[2023-11-12T18:29:05.230+0100][gc,start      ] GC(500) Pause Young (Normal) (G1 Evacuation Pause)
[2023-11-12T18:29:05.230+0100][gc,task       ] GC(500) Using 13 workers of 13 for evacuation
[2023-11-12T18:29:05.237+0100][gc,phases     ] GC(500)   Pre Evacuate Collection Set: 0,0ms
[2023-11-12T18:29:05.238+0100][gc,phases     ] GC(500)   Evacuate Collection Set: 6,2ms
[2023-11-12T18:29:05.238+0100][gc,phases     ] GC(500)   Post Evacuate Collection Set: 0,6ms
[2023-11-12T18:29:05.238+0100][gc,phases     ] GC(500)   Other: 0,3ms
[2023-11-12T18:29:05.238+0100][gc,heap       ] GC(500) Eden regions: 559->0(559)
[2023-11-12T18:29:05.238+0100][gc,heap       ] GC(500) Survivor regions: 10->11(72)
[2023-11-12T18:29:05.238+0100][gc,heap       ] GC(500) Old regions: 204->204
[2023-11-12T18:29:05.238+0100][gc,heap       ] GC(500) Humongous regions: 129->129
[2023-11-12T18:29:05.238+0100][gc,metaspace  ] GC(500) Metaspace: 46698K(49920K)->46698K(49920K) NonClass: 40960K(42752K)->40960K(42752K) Class: 5737K(7168K)->5737K(7168K)
[2023-11-12T18:29:05.238+0100][gc            ] GC(500) Pause Young (Normal) (G1 Evacuation Pause) 899M->342M(1024M) 7,218ms
[2023-11-12T18:29:05.238+0100][gc,cpu        ] GC(500) User=0,08s Sys=0,00s Real=0,01s
[2023-11-12T18:29:06.532+0100][gc,start      ] GC(501) Pause Young (Normal) (G1 Evacuation Pause)
[2023-11-12T18:29:06.532+0100][gc,task       ] GC(501) Using 13 workers of 13 for evacuation
[2023-11-12T18:29:06.539+0100][gc,phases     ] GC(501)   Pre Evacuate Collection Set: 0,0ms
[2023-11-12T18:29:06.539+0100][gc,phases     ] GC(501)   Evacuate Collection Set: 7,0ms
[2023-11-12T18:29:06.539+0100][gc,phases     ] GC(501)   Post Evacuate Collection Set: 0,5ms
[2023-11-12T18:29:06.540+0100][gc,phases     ] GC(501)   Other: 0,2ms
[2023-11-12T18:29:06.540+0100][gc,heap       ] GC(501) Eden regions: 559->0(555)
[2023-11-12T18:29:06.540+0100][gc,heap       ] GC(501) Survivor regions: 11->15(72)
[2023-11-12T18:29:06.540+0100][gc,heap       ] GC(501) Old regions: 204->205
[2023-11-12T18:29:06.540+0100][gc,heap       ] GC(501) Humongous regions: 129->129
[2023-11-12T18:29:06.540+0100][gc,metaspace  ] GC(501) Metaspace: 46698K(49920K)->46698K(49920K) NonClass: 40960K(42752K)->40960K(42752K) Class: 5737K(7168K)->5737K(7168K)
[2023-11-12T18:29:06.540+0100][gc            ] GC(501) Pause Young (Normal) (G1 Evacuation Pause) 901M->346M(1024M) 7,833ms
[2023-11-12T18:29:06.540+0100][gc,cpu        ] GC(501) User=0,06s Sys=0,00s Real=0,01s
[2023-11-12T18:29:07.845+0100][gc,start      ] GC(502) Pause Young (Normal) (G1 Evacuation Pause)
[2023-11-12T18:29:07.845+0100][gc,task       ] GC(502) Using 13 workers of 13 for evacuation
[2023-11-12T18:29:07.853+0100][gc,phases     ] GC(502)   Pre Evacuate Collection Set: 0,0ms
[2023-11-12T18:29:07.853+0100][gc,phases     ] GC(502)   Evacuate Collection Set: 7,3ms
[2023-11-12T18:29:07.853+0100][gc,phases     ] GC(502)   Post Evacuate Collection Set: 0,6ms
[2023-11-12T18:29:07.853+0100][gc,phases     ] GC(502)   Other: 0,2ms
[2023-11-12T18:29:07.853+0100][gc,heap       ] GC(502) Eden regions: 555->0(549)
[2023-11-12T18:29:07.853+0100][gc,heap       ] GC(502) Survivor regions: 15->19(72)
[2023-11-12T18:29:07.853+0100][gc,heap       ] GC(502) Old regions: 205->205
[2023-11-12T18:29:07.853+0100][gc,heap       ] GC(502) Humongous regions: 129->129
[2023-11-12T18:29:07.853+0100][gc,metaspace  ] GC(502) Metaspace: 46698K(49920K)->46698K(49920K) NonClass: 40960K(42752K)->40960K(42752K) Class: 5737K(7168K)->5737K(7168K)
[2023-11-12T18:29:07.853+0100][gc            ] GC(502) Pause Young (Normal) (G1 Evacuation Pause) 901M->350M(1024M) 8,227ms
[2023-11-12T18:29:07.853+0100][gc,cpu        ] GC(502) User=0,09s Sys=0,00s Real=0,00s
[2023-11-12T18:29:09.193+0100][gc,start      ] GC(503) Pause Young (Normal) (G1 Evacuation Pause)
[2023-11-12T18:29:09.193+0100][gc,task       ] GC(503) Using 13 workers of 13 for evacuation
[2023-11-12T18:29:09.201+0100][gc,phases     ] GC(503)   Pre Evacuate Collection Set: 0,0ms
[2023-11-12T18:29:09.201+0100][gc,phases     ] GC(503)   Evacuate Collection Set: 7,6ms
[2023-11-12T18:29:09.201+0100][gc,phases     ] GC(503)   Post Evacuate Collection Set: 0,6ms
[2023-11-12T18:29:09.202+0100][gc,phases     ] GC(503)   Other: 0,2ms
[2023-11-12T18:29:09.202+0100][gc,heap       ] GC(503) Eden regions: 549->0(543)
[2023-11-12T18:29:09.202+0100][gc,heap       ] GC(503) Survivor regions: 19->22(71)
[2023-11-12T18:29:09.202+0100][gc,heap       ] GC(503) Old regions: 205->205
[2023-11-12T18:29:09.202+0100][gc,heap       ] GC(503) Humongous regions: 129->129
[2023-11-12T18:29:09.202+0100][gc,metaspace  ] GC(503) Metaspace: 46698K(49920K)->46698K(49920K) NonClass: 40960K(42752K)->40960K(42752K) Class: 5737K(7168K)->5737K(7168K)
[2023-11-12T18:29:09.202+0100][gc            ] GC(503) Pause Young (Normal) (G1 Evacuation Pause) 899M->353M(1024M) 8,546ms
[2023-11-12T18:29:09.202+0100][gc,cpu        ] GC(503) User=0,06s Sys=0,04s Real=0,02s
[2023-11-12T18:29:10.563+0100][gc,start      ] GC(504) Pause Young (Normal) (G1 Evacuation Pause)
[2023-11-12T18:29:10.563+0100][gc,task       ] GC(504) Using 13 workers of 13 for evacuation
[2023-11-12T18:29:10.573+0100][gc,phases     ] GC(504)   Pre Evacuate Collection Set: 0,0ms
[2023-11-12T18:29:10.573+0100][gc,phases     ] GC(504)   Evacuate Collection Set: 8,6ms
[2023-11-12T18:29:10.573+0100][gc,phases     ] GC(504)   Post Evacuate Collection Set: 0,6ms
[2023-11-12T18:29:10.573+0100][gc,phases     ] GC(504)   Other: 0,3ms
[2023-11-12T18:29:10.573+0100][gc,heap       ] GC(504) Eden regions: 543->0(537)
[2023-11-12T18:29:10.573+0100][gc,heap       ] GC(504) Survivor regions: 22->25(71)
[2023-11-12T18:29:10.573+0100][gc,heap       ] GC(504) Old regions: 205->205
[2023-11-12T18:29:10.573+0100][gc,heap       ] GC(504) Humongous regions: 129->129
[2023-11-12T18:29:10.573+0100][gc,metaspace  ] GC(504) Metaspace: 46698K(49920K)->46698K(49920K) NonClass: 40960K(42752K)->40960K(42752K) Class: 5737K(7168K)->5737K(7168K)
[2023-11-12T18:29:10.573+0100][gc            ] GC(504) Pause Young (Normal) (G1 Evacuation Pause) 896M->357M(1024M) 9,552ms
[2023-11-12T18:29:10.573+0100][gc,cpu        ] GC(504) User=0,09s Sys=0,01s Real=0,00s
[2023-11-12T18:29:11.861+0100][gc,start      ] GC(505) Pause Young (Normal) (G1 Evacuation Pause)
[2023-11-12T18:29:11.861+0100][gc,task       ] GC(505) Using 13 workers of 13 for evacuation
[2023-11-12T18:29:11.871+0100][gc,phases     ] GC(505)   Pre Evacuate Collection Set: 0,0ms
[2023-11-12T18:29:11.871+0100][gc,phases     ] GC(505)   Evacuate Collection Set: 9,1ms
[2023-11-12T18:29:11.871+0100][gc,phases     ] GC(505)   Post Evacuate Collection Set: 0,6ms
[2023-11-12T18:29:11.871+0100][gc,phases     ] GC(505)   Other: 0,2ms
[2023-11-12T18:29:11.871+0100][gc,heap       ] GC(505) Eden regions: 537->0(531)
[2023-11-12T18:29:11.871+0100][gc,heap       ] GC(505) Survivor regions: 25->28(71)
[2023-11-12T18:29:11.871+0100][gc,heap       ] GC(505) Old regions: 205->205
[2023-11-12T18:29:11.871+0100][gc,heap       ] GC(505) Humongous regions: 129->129
[2023-11-12T18:29:11.871+0100][gc,metaspace  ] GC(505) Metaspace: 46698K(49920K)->46698K(49920K) NonClass: 40960K(42752K)->40960K(42752K) Class: 5737K(7168K)->5737K(7168K)
[2023-11-12T18:29:11.871+0100][gc            ] GC(505) Pause Young (Normal) (G1 Evacuation Pause) 894M->360M(1024M) 9,989ms
[2023-11-12T18:29:11.871+0100][gc,cpu        ] GC(505) User=0,10s Sys=0,02s Real=0,01s
[2023-11-12T18:29:13.147+0100][gc,start      ] GC(506) Pause Young (Normal) (G1 Evacuation Pause)
[2023-11-12T18:29:13.147+0100][gc,task       ] GC(506) Using 13 workers of 13 for evacuation
[2023-11-12T18:29:13.157+0100][gc,phases     ] GC(506)   Pre Evacuate Collection Set: 0,0ms
[2023-11-12T18:29:13.157+0100][gc,phases     ] GC(506)   Evacuate Collection Set: 9,6ms
[2023-11-12T18:29:13.157+0100][gc,phases     ] GC(506)   Post Evacuate Collection Set: 0,6ms
[2023-11-12T18:29:13.157+0100][gc,phases     ] GC(506)   Other: 0,2ms
[2023-11-12T18:29:13.157+0100][gc,heap       ] GC(506) Eden regions: 531->0(524)
[2023-11-12T18:29:13.157+0100][gc,heap       ] GC(506) Survivor regions: 28->31(70)
[2023-11-12T18:29:13.157+0100][gc,heap       ] GC(506) Old regions: 205->206
[2023-11-12T18:29:13.157+0100][gc,heap       ] GC(506) Humongous regions: 129->129
[2023-11-12T18:29:13.157+0100][gc,metaspace  ] GC(506) Metaspace: 46698K(49920K)->46698K(49920K) NonClass: 40960K(42752K)->40960K(42752K) Class: 5737K(7168K)->5737K(7168K)
[2023-11-12T18:29:13.157+0100][gc            ] GC(506) Pause Young (Normal) (G1 Evacuation Pause) 891M->363M(1024M) 10,620ms
[2023-11-12T18:29:13.157+0100][gc,cpu        ] GC(506) User=0,10s Sys=0,01s Real=0,01s
[2023-11-12T18:29:14.471+0100][gc,start      ] GC(507) Pause Young (Normal) (G1 Evacuation Pause)
[2023-11-12T18:29:14.471+0100][gc,task       ] GC(507) Using 13 workers of 13 for evacuation
[2023-11-12T18:29:14.475+0100][gc,phases     ] GC(507)   Pre Evacuate Collection Set: 0,0ms
[2023-11-12T18:29:14.475+0100][gc,phases     ] GC(507)   Evacuate Collection Set: 3,5ms
[2023-11-12T18:29:14.475+0100][gc,phases     ] GC(507)   Post Evacuate Collection Set: 0,5ms
[2023-11-12T18:29:14.475+0100][gc,phases     ] GC(507)   Other: 0,2ms
[2023-11-12T18:29:14.475+0100][gc,heap       ] GC(507) Eden regions: 524->0(563)
[2023-11-12T18:29:14.475+0100][gc,heap       ] GC(507) Survivor regions: 31->6(70)
[2023-11-12T18:29:14.475+0100][gc,heap       ] GC(507) Old regions: 206->206
[2023-11-12T18:29:14.475+0100][gc,heap       ] GC(507) Humongous regions: 129->129
[2023-11-12T18:29:14.475+0100][gc,metaspace  ] GC(507) Metaspace: 46698K(49920K)->46698K(49920K) NonClass: 40960K(42752K)->40960K(42752K) Class: 5737K(7168K)->5737K(7168K)
[2023-11-12T18:29:14.475+0100][gc            ] GC(507) Pause Young (Normal) (G1 Evacuation Pause) 887M->339M(1024M) 4,352ms
[2023-11-12T18:29:14.475+0100][gc,cpu        ] GC(507) User=0,05s Sys=0,00s Real=0,01s
[2023-11-12T18:29:15.837+0100][gc,start      ] GC(508) Pause Young (Normal) (G1 Evacuation Pause)
[2023-11-12T18:29:15.838+0100][gc,task       ] GC(508) Using 13 workers of 13 for evacuation
[2023-11-12T18:29:15.843+0100][gc,phases     ] GC(508)   Pre Evacuate Collection Set: 0,0ms
[2023-11-12T18:29:15.843+0100][gc,phases     ] GC(508)   Evacuate Collection Set: 5,1ms
[2023-11-12T18:29:15.843+0100][gc,phases     ] GC(508)   Post Evacuate Collection Set: 0,5ms
[2023-11-12T18:29:15.843+0100][gc,phases     ] GC(508)   Other: 0,2ms
[2023-11-12T18:29:15.843+0100][gc,heap       ] GC(508) Eden regions: 563->0(562)
[2023-11-12T18:29:15.843+0100][gc,heap       ] GC(508) Survivor regions: 6->8(72)
[2023-11-12T18:29:15.843+0100][gc,heap       ] GC(508) Old regions: 206->206
[2023-11-12T18:29:15.843+0100][gc,heap       ] GC(508) Humongous regions: 129->129
[2023-11-12T18:29:15.843+0100][gc,metaspace  ] GC(508) Metaspace: 46698K(49920K)->46698K(49920K) NonClass: 40960K(42752K)->40960K(42752K) Class: 5737K(7168K)->5737K(7168K)
[2023-11-12T18:29:15.843+0100][gc            ] GC(508) Pause Young (Normal) (G1 Evacuation Pause) 902M->340M(1024M) 5,964ms
[2023-11-12T18:29:15.843+0100][gc,cpu        ] GC(508) User=0,04s Sys=0,01s Real=0,01s
[2023-11-12T18:29:17.235+0100][gc,start      ] GC(509) Pause Young (Normal) (G1 Evacuation Pause)
[2023-11-12T18:29:17.235+0100][gc,task       ] GC(509) Using 13 workers of 13 for evacuation
[2023-11-12T18:29:17.241+0100][gc,phases     ] GC(509)   Pre Evacuate Collection Set: 0,0ms
[2023-11-12T18:29:17.241+0100][gc,phases     ] GC(509)   Evacuate Collection Set: 5,2ms
[2023-11-12T18:29:17.241+0100][gc,phases     ] GC(509)   Post Evacuate Collection Set: 0,6ms
[2023-11-12T18:29:17.241+0100][gc,phases     ] GC(509)   Other: 0,2ms
[2023-11-12T18:29:17.241+0100][gc,heap       ] GC(509) Eden regions: 562->0(561)
[2023-11-12T18:29:17.241+0100][gc,heap       ] GC(509) Survivor regions: 8->10(72)
[2023-11-12T18:29:17.241+0100][gc,heap       ] GC(509) Old regions: 206->206
[2023-11-12T18:29:17.241+0100][gc,heap       ] GC(509) Humongous regions: 129->129
[2023-11-12T18:29:17.241+0100][gc,metaspace  ] GC(509) Metaspace: 46698K(49920K)->46698K(49920K) NonClass: 40960K(42752K)->40960K(42752K) Class: 5737K(7168K)->5737K(7168K)
[2023-11-12T18:29:17.241+0100][gc            ] GC(509) Pause Young (Normal) (G1 Evacuation Pause) 902M->343M(1024M) 6,146ms
[2023-11-12T18:29:17.241+0100][gc,cpu        ] GC(509) User=0,06s Sys=0,01s Real=0,00s
[2023-11-12T18:29:18.643+0100][gc,start      ] GC(510) Pause Young (Normal) (G1 Evacuation Pause)
[2023-11-12T18:29:18.643+0100][gc,task       ] GC(510) Using 13 workers of 13 for evacuation
[2023-11-12T18:29:18.650+0100][gc,phases     ] GC(510)   Pre Evacuate Collection Set: 0,0ms
[2023-11-12T18:29:18.650+0100][gc,phases     ] GC(510)   Evacuate Collection Set: 5,9ms
[2023-11-12T18:29:18.650+0100][gc,phases     ] GC(510)   Post Evacuate Collection Set: 0,6ms
[2023-11-12T18:29:18.650+0100][gc,phases     ] GC(510)   Other: 0,2ms
[2023-11-12T18:29:18.650+0100][gc,heap       ] GC(510) Eden regions: 561->0(558)
[2023-11-12T18:29:18.650+0100][gc,heap       ] GC(510) Survivor regions: 10->13(72)
[2023-11-12T18:29:18.650+0100][gc,heap       ] GC(510) Old regions: 206->206
[2023-11-12T18:29:18.650+0100][gc,heap       ] GC(510) Humongous regions: 129->129
[2023-11-12T18:29:18.650+0100][gc,metaspace  ] GC(510) Metaspace: 46698K(49920K)->46698K(49920K) NonClass: 40960K(42752K)->40960K(42752K) Class: 5737K(7168K)->5737K(7168K)
[2023-11-12T18:29:18.650+0100][gc            ] GC(510) Pause Young (Normal) (G1 Evacuation Pause) 904M->346M(1024M) 6,911ms
[2023-11-12T18:29:18.650+0100][gc,cpu        ] GC(510) User=0,05s Sys=0,02s Real=0,00s
[2023-11-12T18:29:20.000+0100][gc,start      ] GC(511) Pause Young (Normal) (G1 Evacuation Pause)
[2023-11-12T18:29:20.000+0100][gc,task       ] GC(511) Using 13 workers of 13 for evacuation
[2023-11-12T18:29:20.008+0100][gc,phases     ] GC(511)   Pre Evacuate Collection Set: 0,0ms
[2023-11-12T18:29:20.008+0100][gc,phases     ] GC(511)   Evacuate Collection Set: 6,7ms
[2023-11-12T18:29:20.008+0100][gc,phases     ] GC(511)   Post Evacuate Collection Set: 0,5ms
[2023-11-12T18:29:20.008+0100][gc,phases     ] GC(511)   Other: 0,3ms
[2023-11-12T18:29:20.008+0100][gc,heap       ] GC(511) Eden regions: 558->0(553)
[2023-11-12T18:29:20.008+0100][gc,heap       ] GC(511) Survivor regions: 13->16(72)
[2023-11-12T18:29:20.008+0100][gc,heap       ] GC(511) Old regions: 206->207
[2023-11-12T18:29:20.008+0100][gc,heap       ] GC(511) Humongous regions: 129->129
[2023-11-12T18:29:20.008+0100][gc,metaspace  ] GC(511) Metaspace: 46698K(49920K)->46698K(49920K) NonClass: 40960K(42752K)->40960K(42752K) Class: 5737K(7168K)->5737K(7168K)
[2023-11-12T18:29:20.008+0100][gc            ] GC(511) Pause Young (Normal) (G1 Evacuation Pause) 904M->349M(1024M) 7,646ms
[2023-11-12T18:29:20.008+0100][gc,cpu        ] GC(511) User=0,09s Sys=0,00s Real=0,01s
[2023-11-12T18:29:21.404+0100][gc,start      ] GC(512) Pause Young (Normal) (G1 Evacuation Pause)
[2023-11-12T18:29:21.404+0100][gc,task       ] GC(512) Using 13 workers of 13 for evacuation
[2023-11-12T18:29:21.412+0100][gc,phases     ] GC(512)   Pre Evacuate Collection Set: 0,0ms
[2023-11-12T18:29:21.412+0100][gc,phases     ] GC(512)   Evacuate Collection Set: 6,9ms
[2023-11-12T18:29:21.412+0100][gc,phases     ] GC(512)   Post Evacuate Collection Set: 0,7ms
[2023-11-12T18:29:21.412+0100][gc,phases     ] GC(512)   Other: 0,2ms
[2023-11-12T18:29:21.412+0100][gc,heap       ] GC(512) Eden regions: 553->0(547)
[2023-11-12T18:29:21.412+0100][gc,heap       ] GC(512) Survivor regions: 16->19(72)
[2023-11-12T18:29:21.412+0100][gc,heap       ] GC(512) Old regions: 207->207
[2023-11-12T18:29:21.412+0100][gc,heap       ] GC(512) Humongous regions: 129->129
[2023-11-12T18:29:21.412+0100][gc,metaspace  ] GC(512) Metaspace: 46698K(49920K)->46698K(49920K) NonClass: 40960K(42752K)->40960K(42752K) Class: 5737K(7168K)->5737K(7168K)
[2023-11-12T18:29:21.412+0100][gc            ] GC(512) Pause Young (Normal) (G1 Evacuation Pause) 902M->352M(1024M) 8,070ms
[2023-11-12T18:29:21.412+0100][gc,cpu        ] GC(512) User=0,09s Sys=0,00s Real=0,00s
[2023-11-12T18:29:22.718+0100][gc,start      ] GC(513) Pause Young (Normal) (G1 Evacuation Pause)
[2023-11-12T18:29:22.718+0100][gc,task       ] GC(513) Using 13 workers of 13 for evacuation
[2023-11-12T18:29:22.726+0100][gc,phases     ] GC(513)   Pre Evacuate Collection Set: 0,0ms
[2023-11-12T18:29:22.726+0100][gc,phases     ] GC(513)   Evacuate Collection Set: 7,5ms
[2023-11-12T18:29:22.726+0100][gc,phases     ] GC(513)   Post Evacuate Collection Set: 0,6ms
[2023-11-12T18:29:22.727+0100][gc,phases     ] GC(513)   Other: 0,2ms
[2023-11-12T18:29:22.727+0100][gc,heap       ] GC(513) Eden regions: 547->0(541)
[2023-11-12T18:29:22.727+0100][gc,heap       ] GC(513) Survivor regions: 19->22(71)
[2023-11-12T18:29:22.727+0100][gc,heap       ] GC(513) Old regions: 207->207
[2023-11-12T18:29:22.727+0100][gc,heap       ] GC(513) Humongous regions: 129->129
[2023-11-12T18:29:22.727+0100][gc,metaspace  ] GC(513) Metaspace: 46698K(49920K)->46698K(49920K) NonClass: 40960K(42752K)->40960K(42752K) Class: 5737K(7168K)->5737K(7168K)
[2023-11-12T18:29:22.727+0100][gc            ] GC(513) Pause Young (Normal) (G1 Evacuation Pause) 899M->355M(1024M) 8,510ms
[2023-11-12T18:29:22.727+0100][gc,cpu        ] GC(513) User=0,10s Sys=0,00s Real=0,01s
[2023-11-12T18:29:24.021+0100][gc,start      ] GC(514) Pause Young (Normal) (G1 Evacuation Pause)
[2023-11-12T18:29:24.021+0100][gc,task       ] GC(514) Using 13 workers of 13 for evacuation
[2023-11-12T18:29:24.034+0100][gc,phases     ] GC(514)   Pre Evacuate Collection Set: 0,0ms
[2023-11-12T18:29:24.034+0100][gc,phases     ] GC(514)   Evacuate Collection Set: 12,1ms
[2023-11-12T18:29:24.034+0100][gc,phases     ] GC(514)   Post Evacuate Collection Set: 0,9ms
[2023-11-12T18:29:24.034+0100][gc,phases     ] GC(514)   Other: 0,3ms
[2023-11-12T18:29:24.034+0100][gc,heap       ] GC(514) Eden regions: 541->0(537)
[2023-11-12T18:29:24.034+0100][gc,heap       ] GC(514) Survivor regions: 22->24(71)
[2023-11-12T18:29:24.034+0100][gc,heap       ] GC(514) Old regions: 207->207
[2023-11-12T18:29:24.034+0100][gc,heap       ] GC(514) Humongous regions: 129->129
[2023-11-12T18:29:24.034+0100][gc,metaspace  ] GC(514) Metaspace: 46698K(49920K)->46698K(49920K) NonClass: 40960K(42752K)->40960K(42752K) Class: 5737K(7168K)->5737K(7168K)
[2023-11-12T18:29:24.034+0100][gc            ] GC(514) Pause Young (Normal) (G1 Evacuation Pause) 896M->357M(1024M) 13,352ms
[2023-11-12T18:29:24.034+0100][gc,cpu        ] GC(514) User=0,12s Sys=0,03s Real=0,02s
[2023-11-12T18:29:25.249+0100][gc,start      ] GC(515) Pause Young (Normal) (G1 Evacuation Pause)
[2023-11-12T18:29:25.249+0100][gc,task       ] GC(515) Using 13 workers of 13 for evacuation
[2023-11-12T18:29:25.259+0100][gc,phases     ] GC(515)   Pre Evacuate Collection Set: 0,0ms
[2023-11-12T18:29:25.259+0100][gc,phases     ] GC(515)   Evacuate Collection Set: 9,7ms
[2023-11-12T18:29:25.259+0100][gc,phases     ] GC(515)   Post Evacuate Collection Set: 0,6ms
[2023-11-12T18:29:25.259+0100][gc,phases     ] GC(515)   Other: 0,3ms
[2023-11-12T18:29:25.259+0100][gc,heap       ] GC(515) Eden regions: 537->0(529)
[2023-11-12T18:29:25.259+0100][gc,heap       ] GC(515) Survivor regions: 24->28(71)
[2023-11-12T18:29:25.259+0100][gc,heap       ] GC(515) Old regions: 207->207
[2023-11-12T18:29:25.259+0100][gc,heap       ] GC(515) Humongous regions: 129->129
[2023-11-12T18:29:25.259+0100][gc,metaspace  ] GC(515) Metaspace: 46698K(49920K)->46698K(49920K) NonClass: 40960K(42752K)->40960K(42752K) Class: 5737K(7168K)->5737K(7168K)
[2023-11-12T18:29:25.259+0100][gc            ] GC(515) Pause Young (Normal) (G1 Evacuation Pause) 894M->362M(1024M) 10,657ms
[2023-11-12T18:29:25.259+0100][gc,cpu        ] GC(515) User=0,12s Sys=0,00s Real=0,01s
[2023-11-12T18:29:26.579+0100][gc,start      ] GC(516) Pause Young (Normal) (G1 Evacuation Pause)
[2023-11-12T18:29:26.579+0100][gc,task       ] GC(516) Using 13 workers of 13 for evacuation
[2023-11-12T18:29:26.590+0100][gc,phases     ] GC(516)   Pre Evacuate Collection Set: 0,0ms
[2023-11-12T18:29:26.590+0100][gc,phases     ] GC(516)   Evacuate Collection Set: 10,0ms
[2023-11-12T18:29:26.590+0100][gc,phases     ] GC(516)   Post Evacuate Collection Set: 0,6ms
[2023-11-12T18:29:26.590+0100][gc,phases     ] GC(516)   Other: 0,2ms
[2023-11-12T18:29:26.590+0100][gc,heap       ] GC(516) Eden regions: 529->0(523)
[2023-11-12T18:29:26.590+0100][gc,heap       ] GC(516) Survivor regions: 28->31(70)
[2023-11-12T18:29:26.590+0100][gc,heap       ] GC(516) Old regions: 207->207
[2023-11-12T18:29:26.590+0100][gc,heap       ] GC(516) Humongous regions: 129->129
[2023-11-12T18:29:26.590+0100][gc,metaspace  ] GC(516) Metaspace: 46698K(49920K)->46698K(49920K) NonClass: 40960K(42752K)->40960K(42752K) Class: 5737K(7168K)->5737K(7168K)
[2023-11-12T18:29:26.590+0100][gc            ] GC(516) Pause Young (Normal) (G1 Evacuation Pause) 891M->364M(1024M) 10,900ms
[2023-11-12T18:29:26.590+0100][gc,cpu        ] GC(516) User=0,09s Sys=0,02s Real=0,01s
[2023-11-12T18:29:27.799+0100][gc,start      ] GC(517) Pause Young (Normal) (G1 Evacuation Pause)
[2023-11-12T18:29:27.799+0100][gc,task       ] GC(517) Using 13 workers of 13 for evacuation
[2023-11-12T18:29:27.805+0100][gc,phases     ] GC(517)   Pre Evacuate Collection Set: 0,0ms
[2023-11-12T18:29:27.806+0100][gc,phases     ] GC(517)   Evacuate Collection Set: 5,8ms
[2023-11-12T18:29:27.806+0100][gc,phases     ] GC(517)   Post Evacuate Collection Set: 0,6ms
[2023-11-12T18:29:27.806+0100][gc,phases     ] GC(517)   Other: 0,2ms
[2023-11-12T18:29:27.806+0100][gc,heap       ] GC(517) Eden regions: 523->0(555)
[2023-11-12T18:29:27.806+0100][gc,heap       ] GC(517) Survivor regions: 31->9(70)
[2023-11-12T18:29:27.806+0100][gc,heap       ] GC(517) Old regions: 207->208
[2023-11-12T18:29:27.806+0100][gc,heap       ] GC(517) Humongous regions: 129->129
[2023-11-12T18:29:27.806+0100][gc,metaspace  ] GC(517) Metaspace: 46698K(49920K)->46698K(49920K) NonClass: 40960K(42752K)->40960K(42752K) Class: 5737K(7168K)->5737K(7168K)
[2023-11-12T18:29:27.806+0100][gc            ] GC(517) Pause Young (Normal) (G1 Evacuation Pause) 887M->343M(1024M) 6,690ms
[2023-11-12T18:29:27.806+0100][gc,cpu        ] GC(517) User=0,05s Sys=0,00s Real=0,01s
[2023-11-12T18:29:29.131+0100][gc,start      ] GC(518) Pause Young (Normal) (G1 Evacuation Pause)
[2023-11-12T18:29:29.131+0100][gc,task       ] GC(518) Using 13 workers of 13 for evacuation
[2023-11-12T18:29:29.137+0100][gc,phases     ] GC(518)   Pre Evacuate Collection Set: 0,0ms
[2023-11-12T18:29:29.137+0100][gc,phases     ] GC(518)   Evacuate Collection Set: 4,9ms
[2023-11-12T18:29:29.137+0100][gc,phases     ] GC(518)   Post Evacuate Collection Set: 0,6ms
[2023-11-12T18:29:29.137+0100][gc,phases     ] GC(518)   Other: 0,2ms
[2023-11-12T18:29:29.137+0100][gc,heap       ] GC(518) Eden regions: 555->0(554)
[2023-11-12T18:29:29.137+0100][gc,heap       ] GC(518) Survivor regions: 9->11(71)
[2023-11-12T18:29:29.137+0100][gc,heap       ] GC(518) Old regions: 208->208
[2023-11-12T18:29:29.137+0100][gc,heap       ] GC(518) Humongous regions: 129->129
[2023-11-12T18:29:29.137+0100][gc,metaspace  ] GC(518) Metaspace: 46698K(49920K)->46698K(49920K) NonClass: 40960K(42752K)->40960K(42752K) Class: 5737K(7168K)->5737K(7168K)
[2023-11-12T18:29:29.137+0100][gc            ] GC(518) Pause Young (Normal) (G1 Evacuation Pause) 898M->345M(1024M) 5,838ms
[2023-11-12T18:29:29.137+0100][gc,cpu        ] GC(518) User=0,05s Sys=0,01s Real=0,01s
[2023-11-12T18:29:30.386+0100][gc,start      ] GC(519) Pause Young (Normal) (G1 Evacuation Pause)
[2023-11-12T18:29:30.386+0100][gc,task       ] GC(519) Using 13 workers of 13 for evacuation
[2023-11-12T18:29:30.394+0100][gc,phases     ] GC(519)   Pre Evacuate Collection Set: 0,0ms
[2023-11-12T18:29:30.394+0100][gc,phases     ] GC(519)   Evacuate Collection Set: 6,8ms
[2023-11-12T18:29:30.394+0100][gc,phases     ] GC(519)   Post Evacuate Collection Set: 0,7ms
[2023-11-12T18:29:30.394+0100][gc,phases     ] GC(519)   Other: 0,3ms
[2023-11-12T18:29:30.394+0100][gc,heap       ] GC(519) Eden regions: 554->0(549)
[2023-11-12T18:29:30.394+0100][gc,heap       ] GC(519) Survivor regions: 11->16(71)
[2023-11-12T18:29:30.394+0100][gc,heap       ] GC(519) Old regions: 208->208
[2023-11-12T18:29:30.394+0100][gc,heap       ] GC(519) Humongous regions: 129->129
[2023-11-12T18:29:30.394+0100][gc,metaspace  ] GC(519) Metaspace: 46698K(49920K)->46698K(49920K) NonClass: 40960K(42752K)->40960K(42752K) Class: 5737K(7168K)->5737K(7168K)
[2023-11-12T18:29:30.394+0100][gc            ] GC(519) Pause Young (Normal) (G1 Evacuation Pause) 899M->350M(1024M) 7,977ms
[2023-11-12T18:29:30.394+0100][gc,cpu        ] GC(519) User=0,07s Sys=0,02s Real=0,01s
[2023-11-12T18:29:31.689+0100][gc,start      ] GC(520) Pause Young (Normal) (G1 Evacuation Pause)
[2023-11-12T18:29:31.689+0100][gc,task       ] GC(520) Using 13 workers of 13 for evacuation
[2023-11-12T18:29:31.697+0100][gc,phases     ] GC(520)   Pre Evacuate Collection Set: 0,0ms
[2023-11-12T18:29:31.697+0100][gc,phases     ] GC(520)   Evacuate Collection Set: 7,1ms
[2023-11-12T18:29:31.697+0100][gc,phases     ] GC(520)   Post Evacuate Collection Set: 0,6ms
[2023-11-12T18:29:31.697+0100][gc,phases     ] GC(520)   Other: 0,2ms
[2023-11-12T18:29:31.697+0100][gc,heap       ] GC(520) Eden regions: 549->0(546)
[2023-11-12T18:29:31.697+0100][gc,heap       ] GC(520) Survivor regions: 16->19(71)
[2023-11-12T18:29:31.697+0100][gc,heap       ] GC(520) Old regions: 208->208
[2023-11-12T18:29:31.697+0100][gc,heap       ] GC(520) Humongous regions: 129->129
[2023-11-12T18:29:31.697+0100][gc,metaspace  ] GC(520) Metaspace: 46698K(49920K)->46698K(49920K) NonClass: 40960K(42752K)->40960K(42752K) Class: 5737K(7168K)->5737K(7168K)
[2023-11-12T18:29:31.697+0100][gc            ] GC(520) Pause Young (Normal) (G1 Evacuation Pause) 899M->353M(1024M) 7,956ms
[2023-11-12T18:29:31.697+0100][gc,cpu        ] GC(520) User=0,08s Sys=0,01s Real=0,01s
[2023-11-12T18:29:32.977+0100][gc,start      ] GC(521) Pause Young (Normal) (G1 Evacuation Pause)
[2023-11-12T18:29:32.977+0100][gc,task       ] GC(521) Using 13 workers of 13 for evacuation
[2023-11-12T18:29:32.987+0100][gc,phases     ] GC(521)   Pre Evacuate Collection Set: 0,0ms
[2023-11-12T18:29:32.987+0100][gc,phases     ] GC(521)   Evacuate Collection Set: 8,9ms
[2023-11-12T18:29:32.987+0100][gc,phases     ] GC(521)   Post Evacuate Collection Set: 0,6ms
[2023-11-12T18:29:32.987+0100][gc,phases     ] GC(521)   Other: 0,2ms
[2023-11-12T18:29:32.987+0100][gc,heap       ] GC(521) Eden regions: 546->0(538)
[2023-11-12T18:29:32.987+0100][gc,heap       ] GC(521) Survivor regions: 19->23(71)
[2023-11-12T18:29:32.987+0100][gc,heap       ] GC(521) Old regions: 208->208
[2023-11-12T18:29:32.987+0100][gc,heap       ] GC(521) Humongous regions: 129->129
[2023-11-12T18:29:32.987+0100][gc,metaspace  ] GC(521) Metaspace: 46698K(49920K)->46698K(49920K) NonClass: 40960K(42752K)->40960K(42752K) Class: 5737K(7168K)->5737K(7168K)
[2023-11-12T18:29:32.987+0100][gc            ] GC(521) Pause Young (Normal) (G1 Evacuation Pause) 899M->357M(1024M) 9,822ms
[2023-11-12T18:29:32.987+0100][gc,cpu        ] GC(521) User=0,11s Sys=0,00s Real=0,01s
[2023-11-12T18:29:34.294+0100][gc,start      ] GC(522) Pause Young (Normal) (G1 Evacuation Pause)
[2023-11-12T18:29:34.294+0100][gc,task       ] GC(522) Using 13 workers of 13 for evacuation
[2023-11-12T18:29:34.305+0100][gc,phases     ] GC(522)   Pre Evacuate Collection Set: 0,0ms
[2023-11-12T18:29:34.305+0100][gc,phases     ] GC(522)   Evacuate Collection Set: 9,2ms
[2023-11-12T18:29:34.305+0100][gc,phases     ] GC(522)   Post Evacuate Collection Set: 0,7ms
[2023-11-12T18:29:34.305+0100][gc,phases     ] GC(522)   Other: 0,3ms
[2023-11-12T18:29:34.305+0100][gc,heap       ] GC(522) Eden regions: 538->0(531)
[2023-11-12T18:29:34.305+0100][gc,heap       ] GC(522) Survivor regions: 23->26(71)
[2023-11-12T18:29:34.305+0100][gc,heap       ] GC(522) Old regions: 208->209
[2023-11-12T18:29:34.305+0100][gc,heap       ] GC(522) Humongous regions: 129->129
[2023-11-12T18:29:34.305+0100][gc,metaspace  ] GC(522) Metaspace: 46698K(49920K)->46698K(49920K) NonClass: 40960K(42752K)->40960K(42752K) Class: 5737K(7168K)->5737K(7168K)
[2023-11-12T18:29:34.305+0100][gc            ] GC(522) Pause Young (Normal) (G1 Evacuation Pause) 895M->361M(1024M) 10,382ms
[2023-11-12T18:29:34.305+0100][gc,cpu        ] GC(522) User=0,10s Sys=0,01s Real=0,01s
[2023-11-12T18:29:35.661+0100][gc,start      ] GC(523) Pause Young (Normal) (G1 Evacuation Pause)
[2023-11-12T18:29:35.661+0100][gc,task       ] GC(523) Using 13 workers of 13 for evacuation
[2023-11-12T18:29:35.672+0100][gc,phases     ] GC(523)   Pre Evacuate Collection Set: 0,0ms
[2023-11-12T18:29:35.672+0100][gc,phases     ] GC(523)   Evacuate Collection Set: 9,4ms
[2023-11-12T18:29:35.672+0100][gc,phases     ] GC(523)   Post Evacuate Collection Set: 0,6ms
[2023-11-12T18:29:35.672+0100][gc,phases     ] GC(523)   Other: 0,2ms
[2023-11-12T18:29:35.672+0100][gc,heap       ] GC(523) Eden regions: 531->0(525)
[2023-11-12T18:29:35.672+0100][gc,heap       ] GC(523) Survivor regions: 26->29(70)
[2023-11-12T18:29:35.672+0100][gc,heap       ] GC(523) Old regions: 209->209
[2023-11-12T18:29:35.672+0100][gc,heap       ] GC(523) Humongous regions: 129->129
[2023-11-12T18:29:35.672+0100][gc,metaspace  ] GC(523) Metaspace: 46698K(49920K)->46698K(49920K) NonClass: 40960K(42752K)->40960K(42752K) Class: 5737K(7168K)->5737K(7168K)
[2023-11-12T18:29:35.672+0100][gc            ] GC(523) Pause Young (Normal) (G1 Evacuation Pause) 892M->364M(1024M) 10,337ms
[2023-11-12T18:29:35.672+0100][gc,cpu        ] GC(523) User=0,11s Sys=0,01s Real=0,00s
[2023-11-12T18:29:36.930+0100][gc,start      ] GC(524) Pause Young (Normal) (G1 Evacuation Pause)
[2023-11-12T18:29:36.930+0100][gc,task       ] GC(524) Using 13 workers of 13 for evacuation
[2023-11-12T18:29:36.940+0100][gc,phases     ] GC(524)   Pre Evacuate Collection Set: 0,0ms
[2023-11-12T18:29:36.940+0100][gc,phases     ] GC(524)   Evacuate Collection Set: 9,3ms
[2023-11-12T18:29:36.940+0100][gc,phases     ] GC(524)   Post Evacuate Collection Set: 0,6ms
[2023-11-12T18:29:36.940+0100][gc,phases     ] GC(524)   Other: 0,2ms
[2023-11-12T18:29:36.940+0100][gc,heap       ] GC(524) Eden regions: 525->0(523)
[2023-11-12T18:29:36.940+0100][gc,heap       ] GC(524) Survivor regions: 29->30(70)
[2023-11-12T18:29:36.940+0100][gc,heap       ] GC(524) Old regions: 209->209
[2023-11-12T18:29:36.940+0100][gc,heap       ] GC(524) Humongous regions: 129->129
[2023-11-12T18:29:36.940+0100][gc,metaspace  ] GC(524) Metaspace: 46698K(49920K)->46698K(49920K) NonClass: 40960K(42752K)->40960K(42752K) Class: 5737K(7168K)->5737K(7168K)
[2023-11-12T18:29:36.940+0100][gc            ] GC(524) Pause Young (Normal) (G1 Evacuation Pause) 889M->366M(1024M) 10,252ms
[2023-11-12T18:29:36.940+0100][gc,cpu        ] GC(524) User=0,11s Sys=0,01s Real=0,01s
[2023-11-12T18:29:38.195+0100][gc,start      ] GC(525) Pause Young (Normal) (G1 Evacuation Pause)
[2023-11-12T18:29:38.195+0100][gc,task       ] GC(525) Using 13 workers of 13 for evacuation
[2023-11-12T18:29:38.206+0100][gc,phases     ] GC(525)   Pre Evacuate Collection Set: 0,0ms
[2023-11-12T18:29:38.206+0100][gc,phases     ] GC(525)   Evacuate Collection Set: 10,6ms
[2023-11-12T18:29:38.206+0100][gc,phases     ] GC(525)   Post Evacuate Collection Set: 0,6ms
[2023-11-12T18:29:38.206+0100][gc,phases     ] GC(525)   Other: 0,2ms
[2023-11-12T18:29:38.206+0100][gc,heap       ] GC(525) Eden regions: 523->0(519)
[2023-11-12T18:29:38.206+0100][gc,heap       ] GC(525) Survivor regions: 30->32(70)
[2023-11-12T18:29:38.206+0100][gc,heap       ] GC(525) Old regions: 209->209
[2023-11-12T18:29:38.206+0100][gc,heap       ] GC(525) Humongous regions: 129->129
[2023-11-12T18:29:38.206+0100][gc,metaspace  ] GC(525) Metaspace: 46698K(49920K)->46698K(49920K) NonClass: 40960K(42752K)->40960K(42752K) Class: 5737K(7168K)->5737K(7168K)
[2023-11-12T18:29:38.206+0100][gc            ] GC(525) Pause Young (Normal) (G1 Evacuation Pause) 889M->368M(1024M) 11,515ms
[2023-11-12T18:29:38.206+0100][gc,cpu        ] GC(525) User=0,14s Sys=0,00s Real=0,01s
[2023-11-12T18:29:39.428+0100][gc,start      ] GC(526) Pause Young (Normal) (G1 Evacuation Pause)
[2023-11-12T18:29:39.428+0100][gc,task       ] GC(526) Using 13 workers of 13 for evacuation
[2023-11-12T18:29:39.433+0100][gc,phases     ] GC(526)   Pre Evacuate Collection Set: 0,0ms
[2023-11-12T18:29:39.433+0100][gc,phases     ] GC(526)   Evacuate Collection Set: 4,7ms
[2023-11-12T18:29:39.433+0100][gc,phases     ] GC(526)   Post Evacuate Collection Set: 0,6ms
[2023-11-12T18:29:39.433+0100][gc,phases     ] GC(526)   Other: 0,2ms
[2023-11-12T18:29:39.433+0100][gc,heap       ] GC(526) Eden regions: 519->0(561)
[2023-11-12T18:29:39.433+0100][gc,heap       ] GC(526) Survivor regions: 32->8(69)
[2023-11-12T18:29:39.433+0100][gc,heap       ] GC(526) Old regions: 209->209
[2023-11-12T18:29:39.433+0100][gc,heap       ] GC(526) Humongous regions: 129->129
[2023-11-12T18:29:39.433+0100][gc,metaspace  ] GC(526) Metaspace: 46698K(49920K)->46698K(49920K) NonClass: 40960K(42752K)->40960K(42752K) Class: 5737K(7168K)->5737K(7168K)
[2023-11-12T18:29:39.434+0100][gc            ] GC(526) Pause Young (Normal) (G1 Evacuation Pause) 887M->344M(1024M) 5,768ms
[2023-11-12T18:29:39.434+0100][gc,cpu        ] GC(526) User=0,02s Sys=0,02s Real=0,01s
[2023-11-12T18:29:40.756+0100][gc,start      ] GC(527) Pause Young (Normal) (G1 Evacuation Pause)
[2023-11-12T18:29:40.756+0100][gc,task       ] GC(527) Using 13 workers of 13 for evacuation
[2023-11-12T18:29:40.762+0100][gc,phases     ] GC(527)   Pre Evacuate Collection Set: 0,0ms
[2023-11-12T18:29:40.762+0100][gc,phases     ] GC(527)   Evacuate Collection Set: 4,7ms
[2023-11-12T18:29:40.762+0100][gc,phases     ] GC(527)   Post Evacuate Collection Set: 0,6ms
[2023-11-12T18:29:40.762+0100][gc,phases     ] GC(527)   Other: 0,3ms
[2023-11-12T18:29:40.762+0100][gc,heap       ] GC(527) Eden regions: 561->0(560)
[2023-11-12T18:29:40.762+0100][gc,heap       ] GC(527) Survivor regions: 8->9(72)
[2023-11-12T18:29:40.762+0100][gc,heap       ] GC(527) Old regions: 209->209
[2023-11-12T18:29:40.762+0100][gc,heap       ] GC(527) Humongous regions: 129->129
[2023-11-12T18:29:40.762+0100][gc,metaspace  ] GC(527) Metaspace: 46698K(49920K)->46698K(49920K) NonClass: 40960K(42752K)->40960K(42752K) Class: 5737K(7168K)->5737K(7168K)
[2023-11-12T18:29:40.762+0100][gc            ] GC(527) Pause Young (Normal) (G1 Evacuation Pause) 905M->345M(1024M) 5,686ms
[2023-11-12T18:29:40.762+0100][gc,cpu        ] GC(527) User=0,06s Sys=0,01s Real=0,01s
[2023-11-12T18:29:42.035+0100][gc,start      ] GC(528) Pause Young (Normal) (G1 Evacuation Pause)
[2023-11-12T18:29:42.035+0100][gc,task       ] GC(528) Using 13 workers of 13 for evacuation
[2023-11-12T18:29:42.041+0100][gc,phases     ] GC(528)   Pre Evacuate Collection Set: 0,0ms
[2023-11-12T18:29:42.041+0100][gc,phases     ] GC(528)   Evacuate Collection Set: 5,3ms
[2023-11-12T18:29:42.041+0100][gc,phases     ] GC(528)   Post Evacuate Collection Set: 0,6ms
[2023-11-12T18:29:42.041+0100][gc,phases     ] GC(528)   Other: 0,2ms
[2023-11-12T18:29:42.041+0100][gc,heap       ] GC(528) Eden regions: 560->0(557)
[2023-11-12T18:29:42.041+0100][gc,heap       ] GC(528) Survivor regions: 9->12(72)
[2023-11-12T18:29:42.041+0100][gc,heap       ] GC(528) Old regions: 209->209
[2023-11-12T18:29:42.041+0100][gc,heap       ] GC(528) Humongous regions: 129->129
[2023-11-12T18:29:42.041+0100][gc,metaspace  ] GC(528) Metaspace: 46698K(49920K)->46698K(49920K) NonClass: 40960K(42752K)->40960K(42752K) Class: 5737K(7168K)->5737K(7168K)
[2023-11-12T18:29:42.041+0100][gc            ] GC(528) Pause Young (Normal) (G1 Evacuation Pause) 905M->348M(1024M) 6,160ms
[2023-11-12T18:29:42.041+0100][gc,cpu        ] GC(528) User=0,06s Sys=0,01s Real=0,00s
[2023-11-12T18:29:43.491+0100][gc,start      ] GC(529) Pause Young (Normal) (G1 Evacuation Pause)
[2023-11-12T18:29:43.491+0100][gc,task       ] GC(529) Using 13 workers of 13 for evacuation
[2023-11-12T18:29:43.498+0100][gc,phases     ] GC(529)   Pre Evacuate Collection Set: 0,0ms
[2023-11-12T18:29:43.498+0100][gc,phases     ] GC(529)   Evacuate Collection Set: 7,0ms
[2023-11-12T18:29:43.498+0100][gc,phases     ] GC(529)   Post Evacuate Collection Set: 0,6ms
[2023-11-12T18:29:43.498+0100][gc,phases     ] GC(529)   Other: 0,2ms
[2023-11-12T18:29:43.498+0100][gc,heap       ] GC(529) Eden regions: 557->0(550)
[2023-11-12T18:29:43.498+0100][gc,heap       ] GC(529) Survivor regions: 12->16(72)
[2023-11-12T18:29:43.498+0100][gc,heap       ] GC(529) Old regions: 209->210
[2023-11-12T18:29:43.498+0100][gc,heap       ] GC(529) Humongous regions: 129->129
[2023-11-12T18:29:43.498+0100][gc,metaspace  ] GC(529) Metaspace: 46698K(49920K)->46698K(49920K) NonClass: 40960K(42752K)->40960K(42752K) Class: 5737K(7168K)->5737K(7168K)
[2023-11-12T18:29:43.498+0100][gc            ] GC(529) Pause Young (Normal) (G1 Evacuation Pause) 905M->352M(1024M) 7,908ms
[2023-11-12T18:29:43.498+0100][gc,cpu        ] GC(529) User=0,09s Sys=0,00s Real=0,01s
[2023-11-12T18:29:44.659+0100][gc,start      ] GC(530) Pause Young (Normal) (G1 Evacuation Pause)
[2023-11-12T18:29:44.659+0100][gc,task       ] GC(530) Using 13 workers of 13 for evacuation
[2023-11-12T18:29:44.668+0100][gc,phases     ] GC(530)   Pre Evacuate Collection Set: 0,0ms
[2023-11-12T18:29:44.668+0100][gc,phases     ] GC(530)   Evacuate Collection Set: 8,5ms
[2023-11-12T18:29:44.668+0100][gc,phases     ] GC(530)   Post Evacuate Collection Set: 0,6ms
[2023-11-12T18:29:44.668+0100][gc,phases     ] GC(530)   Other: 0,2ms
[2023-11-12T18:29:44.668+0100][gc,heap       ] GC(530) Eden regions: 550->0(536)
[2023-11-12T18:29:44.668+0100][gc,heap       ] GC(530) Survivor regions: 16->23(71)
[2023-11-12T18:29:44.668+0100][gc,heap       ] GC(530) Old regions: 210->210
[2023-11-12T18:29:44.668+0100][gc,heap       ] GC(530) Humongous regions: 129->129
[2023-11-12T18:29:44.668+0100][gc,metaspace  ] GC(530) Metaspace: 46698K(49920K)->46698K(49920K) NonClass: 40960K(42752K)->40960K(42752K) Class: 5737K(7168K)->5737K(7168K)
[2023-11-12T18:29:44.668+0100][gc            ] GC(530) Pause Young (Normal) (G1 Evacuation Pause) 902M->359M(1024M) 9,384ms
[2023-11-12T18:29:44.668+0100][gc,cpu        ] GC(530) User=0,09s Sys=0,00s Real=0,01s
[2023-11-12T18:29:45.907+0100][gc,start      ] GC(531) Pause Young (Normal) (G1 Evacuation Pause)
[2023-11-12T18:29:45.907+0100][gc,task       ] GC(531) Using 13 workers of 13 for evacuation
[2023-11-12T18:29:45.916+0100][gc,phases     ] GC(531)   Pre Evacuate Collection Set: 0,0ms
[2023-11-12T18:29:45.916+0100][gc,phases     ] GC(531)   Evacuate Collection Set: 9,0ms
[2023-11-12T18:29:45.917+0100][gc,phases     ] GC(531)   Post Evacuate Collection Set: 0,7ms
[2023-11-12T18:29:45.917+0100][gc,phases     ] GC(531)   Other: 0,2ms
[2023-11-12T18:29:45.917+0100][gc,heap       ] GC(531) Eden regions: 536->0(530)
[2023-11-12T18:29:45.917+0100][gc,heap       ] GC(531) Survivor regions: 23->26(70)
[2023-11-12T18:29:45.917+0100][gc,heap       ] GC(531) Old regions: 210->210
[2023-11-12T18:29:45.917+0100][gc,heap       ] GC(531) Humongous regions: 129->129
[2023-11-12T18:29:45.917+0100][gc,metaspace  ] GC(531) Metaspace: 46698K(49920K)->46698K(49920K) NonClass: 40960K(42752K)->40960K(42752K) Class: 5737K(7168K)->5737K(7168K)
[2023-11-12T18:29:45.917+0100][gc            ] GC(531) Pause Young (Normal) (G1 Evacuation Pause) 895M->362M(1024M) 10,043ms
[2023-11-12T18:29:45.917+0100][gc,cpu        ] GC(531) User=0,09s Sys=0,01s Real=0,01s
[2023-11-12T18:29:47.207+0100][gc,start      ] GC(532) Pause Young (Normal) (G1 Evacuation Pause)
[2023-11-12T18:29:47.207+0100][gc,task       ] GC(532) Using 13 workers of 13 for evacuation
[2023-11-12T18:29:47.217+0100][gc,phases     ] GC(532)   Pre Evacuate Collection Set: 0,0ms
[2023-11-12T18:29:47.217+0100][gc,phases     ] GC(532)   Evacuate Collection Set: 9,1ms
[2023-11-12T18:29:47.217+0100][gc,phases     ] GC(532)   Post Evacuate Collection Set: 0,6ms
[2023-11-12T18:29:47.217+0100][gc,phases     ] GC(532)   Other: 0,2ms
[2023-11-12T18:29:47.217+0100][gc,heap       ] GC(532) Eden regions: 530->0(524)
[2023-11-12T18:29:47.217+0100][gc,heap       ] GC(532) Survivor regions: 26->29(70)
[2023-11-12T18:29:47.217+0100][gc,heap       ] GC(532) Old regions: 210->210
[2023-11-12T18:29:47.217+0100][gc,heap       ] GC(532) Humongous regions: 129->129
[2023-11-12T18:29:47.217+0100][gc,metaspace  ] GC(532) Metaspace: 46698K(49920K)->46698K(49920K) NonClass: 40960K(42752K)->40960K(42752K) Class: 5737K(7168K)->5737K(7168K)
[2023-11-12T18:29:47.217+0100][gc            ] GC(532) Pause Young (Normal) (G1 Evacuation Pause) 892M->365M(1024M) 10,054ms
[2023-11-12T18:29:47.217+0100][gc,cpu        ] GC(532) User=0,10s Sys=0,01s Real=0,01s
[2023-11-12T18:29:48.487+0100][gc,start      ] GC(533) Pause Young (Normal) (G1 Evacuation Pause)
[2023-11-12T18:29:48.487+0100][gc,task       ] GC(533) Using 13 workers of 13 for evacuation
[2023-11-12T18:29:48.498+0100][gc,phases     ] GC(533)   Pre Evacuate Collection Set: 0,0ms
[2023-11-12T18:29:48.498+0100][gc,phases     ] GC(533)   Evacuate Collection Set: 10,1ms
[2023-11-12T18:29:48.498+0100][gc,phases     ] GC(533)   Post Evacuate Collection Set: 0,6ms
[2023-11-12T18:29:48.498+0100][gc,phases     ] GC(533)   Other: 0,2ms
[2023-11-12T18:29:48.498+0100][gc,heap       ] GC(533) Eden regions: 524->0(520)
[2023-11-12T18:29:48.498+0100][gc,heap       ] GC(533) Survivor regions: 29->31(70)
[2023-11-12T18:29:48.498+0100][gc,heap       ] GC(533) Old regions: 210->210
[2023-11-12T18:29:48.498+0100][gc,heap       ] GC(533) Humongous regions: 129->129
[2023-11-12T18:29:48.498+0100][gc,metaspace  ] GC(533) Metaspace: 46698K(49920K)->46698K(49920K) NonClass: 40960K(42752K)->40960K(42752K) Class: 5737K(7168K)->5737K(7168K)
[2023-11-12T18:29:48.498+0100][gc            ] GC(533) Pause Young (Normal) (G1 Evacuation Pause) 889M->367M(1024M) 10,985ms
[2023-11-12T18:29:48.498+0100][gc,cpu        ] GC(533) User=0,12s Sys=0,00s Real=0,01s
[2023-11-12T18:29:49.778+0100][gc,start      ] GC(534) Pause Young (Normal) (G1 Evacuation Pause)
[2023-11-12T18:29:49.778+0100][gc,task       ] GC(534) Using 13 workers of 13 for evacuation
[2023-11-12T18:29:49.782+0100][gc,phases     ] GC(534)   Pre Evacuate Collection Set: 0,0ms
[2023-11-12T18:29:49.782+0100][gc,phases     ] GC(534)   Evacuate Collection Set: 3,6ms
[2023-11-12T18:29:49.782+0100][gc,phases     ] GC(534)   Post Evacuate Collection Set: 0,5ms
[2023-11-12T18:29:49.782+0100][gc,phases     ] GC(534)   Other: 0,2ms
[2023-11-12T18:29:49.782+0100][gc,heap       ] GC(534) Eden regions: 520->0(558)
[2023-11-12T18:29:49.782+0100][gc,heap       ] GC(534) Survivor regions: 31->6(69)
[2023-11-12T18:29:49.782+0100][gc,heap       ] GC(534) Old regions: 210->210
[2023-11-12T18:29:49.782+0100][gc,heap       ] GC(534) Humongous regions: 129->129
[2023-11-12T18:29:49.782+0100][gc,metaspace  ] GC(534) Metaspace: 46698K(49920K)->46698K(49920K) NonClass: 40960K(42752K)->40960K(42752K) Class: 5737K(7168K)->5737K(7168K)
[2023-11-12T18:29:49.782+0100][gc            ] GC(534) Pause Young (Normal) (G1 Evacuation Pause) 887M->343M(1024M) 4,507ms
[2023-11-12T18:29:49.782+0100][gc,cpu        ] GC(534) User=0,03s Sys=0,00s Real=0,01s
[2023-11-12T18:29:51.071+0100][gc,start      ] GC(535) Pause Young (Normal) (G1 Evacuation Pause)
[2023-11-12T18:29:51.071+0100][gc,task       ] GC(535) Using 13 workers of 13 for evacuation
[2023-11-12T18:29:51.076+0100][gc,phases     ] GC(535)   Pre Evacuate Collection Set: 0,0ms
[2023-11-12T18:29:51.076+0100][gc,phases     ] GC(535)   Evacuate Collection Set: 4,6ms
[2023-11-12T18:29:51.076+0100][gc,phases     ] GC(535)   Post Evacuate Collection Set: 0,6ms
[2023-11-12T18:29:51.076+0100][gc,phases     ] GC(535)   Other: 0,3ms
[2023-11-12T18:29:51.076+0100][gc,heap       ] GC(535) Eden regions: 558->0(559)
[2023-11-12T18:29:51.076+0100][gc,heap       ] GC(535) Survivor regions: 6->6(71)
[2023-11-12T18:29:51.076+0100][gc,heap       ] GC(535) Old regions: 210->210
[2023-11-12T18:29:51.076+0100][gc,heap       ] GC(535) Humongous regions: 129->129
[2023-11-12T18:29:51.076+0100][gc,metaspace  ] GC(535) Metaspace: 46698K(49920K)->46698K(49920K) NonClass: 40960K(42752K)->40960K(42752K) Class: 5737K(7168K)->5737K(7168K)
[2023-11-12T18:29:51.076+0100][gc            ] GC(535) Pause Young (Normal) (G1 Evacuation Pause) 901M->343M(1024M) 5,600ms
[2023-11-12T18:29:51.076+0100][gc,cpu        ] GC(535) User=0,05s Sys=0,00s Real=0,01s
[2023-11-12T18:29:52.392+0100][gc,start      ] GC(536) Pause Young (Normal) (G1 Evacuation Pause)
[2023-11-12T18:29:52.393+0100][gc,task       ] GC(536) Using 13 workers of 13 for evacuation
[2023-11-12T18:29:52.398+0100][gc,phases     ] GC(536)   Pre Evacuate Collection Set: 0,0ms
[2023-11-12T18:29:52.398+0100][gc,phases     ] GC(536)   Evacuate Collection Set: 4,8ms
[2023-11-12T18:29:52.398+0100][gc,phases     ] GC(536)   Post Evacuate Collection Set: 0,6ms
[2023-11-12T18:29:52.398+0100][gc,phases     ] GC(536)   Other: 0,2ms
[2023-11-12T18:29:52.398+0100][gc,heap       ] GC(536) Eden regions: 559->0(555)
[2023-11-12T18:29:52.398+0100][gc,heap       ] GC(536) Survivor regions: 6->10(71)
[2023-11-12T18:29:52.398+0100][gc,heap       ] GC(536) Old regions: 210->211
[2023-11-12T18:29:52.398+0100][gc,heap       ] GC(536) Humongous regions: 129->129
[2023-11-12T18:29:52.398+0100][gc,metaspace  ] GC(536) Metaspace: 46698K(49920K)->46698K(49920K) NonClass: 40960K(42752K)->40960K(42752K) Class: 5737K(7168K)->5737K(7168K)
[2023-11-12T18:29:52.398+0100][gc            ] GC(536) Pause Young (Normal) (G1 Evacuation Pause) 902M->347M(1024M) 5,646ms
[2023-11-12T18:29:52.398+0100][gc,cpu        ] GC(536) User=0,05s Sys=0,01s Real=0,01s
[2023-11-12T18:29:53.733+0100][gc,start      ] GC(537) Pause Young (Normal) (G1 Evacuation Pause)
[2023-11-12T18:29:53.733+0100][gc,task       ] GC(537) Using 13 workers of 13 for evacuation
[2023-11-12T18:29:53.739+0100][gc,phases     ] GC(537)   Pre Evacuate Collection Set: 0,0ms
[2023-11-12T18:29:53.739+0100][gc,phases     ] GC(537)   Evacuate Collection Set: 5,5ms
[2023-11-12T18:29:53.739+0100][gc,phases     ] GC(537)   Post Evacuate Collection Set: 0,6ms
[2023-11-12T18:29:53.739+0100][gc,phases     ] GC(537)   Other: 0,2ms
[2023-11-12T18:29:53.739+0100][gc,heap       ] GC(537) Eden regions: 555->0(553)
[2023-11-12T18:29:53.739+0100][gc,heap       ] GC(537) Survivor regions: 10->13(71)
[2023-11-12T18:29:53.739+0100][gc,heap       ] GC(537) Old regions: 211->211
[2023-11-12T18:29:53.739+0100][gc,heap       ] GC(537) Humongous regions: 129->129
[2023-11-12T18:29:53.739+0100][gc,metaspace  ] GC(537) Metaspace: 46698K(49920K)->46698K(49920K) NonClass: 40960K(42752K)->40960K(42752K) Class: 5737K(7168K)->5737K(7168K)
[2023-11-12T18:29:53.739+0100][gc            ] GC(537) Pause Young (Normal) (G1 Evacuation Pause) 902M->350M(1024M) 6,442ms
[2023-11-12T18:29:53.739+0100][gc,cpu        ] GC(537) User=0,07s Sys=0,00s Real=0,01s
[2023-11-12T18:29:54.970+0100][gc,start      ] GC(538) Pause Young (Normal) (G1 Evacuation Pause)
[2023-11-12T18:29:54.970+0100][gc,task       ] GC(538) Using 13 workers of 13 for evacuation
[2023-11-12T18:29:54.978+0100][gc,phases     ] GC(538)   Pre Evacuate Collection Set: 0,0ms
[2023-11-12T18:29:54.978+0100][gc,phases     ] GC(538)   Evacuate Collection Set: 7,6ms
[2023-11-12T18:29:54.978+0100][gc,phases     ] GC(538)   Post Evacuate Collection Set: 0,6ms
[2023-11-12T18:29:54.978+0100][gc,phases     ] GC(538)   Other: 0,2ms
[2023-11-12T18:29:54.978+0100][gc,heap       ] GC(538) Eden regions: 553->0(543)
[2023-11-12T18:29:54.978+0100][gc,heap       ] GC(538) Survivor regions: 13->19(71)
[2023-11-12T18:29:54.979+0100][gc,heap       ] GC(538) Old regions: 211->211
[2023-11-12T18:29:54.979+0100][gc,heap       ] GC(538) Humongous regions: 129->129
[2023-11-12T18:29:54.979+0100][gc,metaspace  ] GC(538) Metaspace: 46698K(49920K)->46698K(49920K) NonClass: 40960K(42752K)->40960K(42752K) Class: 5737K(7168K)->5737K(7168K)
[2023-11-12T18:29:54.979+0100][gc            ] GC(538) Pause Young (Normal) (G1 Evacuation Pause) 903M->356M(1024M) 8,496ms
[2023-11-12T18:29:54.979+0100][gc,cpu        ] GC(538) User=0,03s Sys=0,04s Real=0,01s
[2023-11-12T18:29:56.323+0100][gc,start      ] GC(539) Pause Young (Normal) (G1 Evacuation Pause)
[2023-11-12T18:29:56.323+0100][gc,task       ] GC(539) Using 13 workers of 13 for evacuation
[2023-11-12T18:29:56.332+0100][gc,phases     ] GC(539)   Pre Evacuate Collection Set: 0,0ms
[2023-11-12T18:29:56.332+0100][gc,phases     ] GC(539)   Evacuate Collection Set: 7,8ms
[2023-11-12T18:29:56.332+0100][gc,phases     ] GC(539)   Post Evacuate Collection Set: 0,6ms
[2023-11-12T18:29:56.332+0100][gc,phases     ] GC(539)   Other: 0,2ms
[2023-11-12T18:29:56.332+0100][gc,heap       ] GC(539) Eden regions: 543->0(537)
[2023-11-12T18:29:56.332+0100][gc,heap       ] GC(539) Survivor regions: 19->22(71)
[2023-11-12T18:29:56.332+0100][gc,heap       ] GC(539) Old regions: 211->211
[2023-11-12T18:29:56.332+0100][gc,heap       ] GC(539) Humongous regions: 129->129
[2023-11-12T18:29:56.332+0100][gc,metaspace  ] GC(539) Metaspace: 46698K(49920K)->46698K(49920K) NonClass: 40960K(42752K)->40960K(42752K) Class: 5737K(7168K)->5737K(7168K)
[2023-11-12T18:29:56.332+0100][gc            ] GC(539) Pause Young (Normal) (G1 Evacuation Pause) 899M->359M(1024M) 8,807ms
[2023-11-12T18:29:56.332+0100][gc,cpu        ] GC(539) User=0,08s Sys=0,01s Real=0,00s
[2023-11-12T18:29:57.568+0100][gc,start      ] GC(540) Pause Young (Normal) (G1 Evacuation Pause)
[2023-11-12T18:29:57.568+0100][gc,task       ] GC(540) Using 13 workers of 13 for evacuation
[2023-11-12T18:29:57.577+0100][gc,phases     ] GC(540)   Pre Evacuate Collection Set: 0,0ms
[2023-11-12T18:29:57.577+0100][gc,phases     ] GC(540)   Evacuate Collection Set: 8,6ms
[2023-11-12T18:29:57.577+0100][gc,phases     ] GC(540)   Post Evacuate Collection Set: 0,6ms
[2023-11-12T18:29:57.577+0100][gc,phases     ] GC(540)   Other: 0,2ms
[2023-11-12T18:29:57.577+0100][gc,heap       ] GC(540) Eden regions: 537->0(531)
[2023-11-12T18:29:57.577+0100][gc,heap       ] GC(540) Survivor regions: 22->25(70)
[2023-11-12T18:29:57.577+0100][gc,heap       ] GC(540) Old regions: 211->211
[2023-11-12T18:29:57.577+0100][gc,heap       ] GC(540) Humongous regions: 129->129
[2023-11-12T18:29:57.577+0100][gc,metaspace  ] GC(540) Metaspace: 46698K(49920K)->46698K(49920K) NonClass: 40960K(42752K)->40960K(42752K) Class: 5737K(7168K)->5737K(7168K)
[2023-11-12T18:29:57.577+0100][gc            ] GC(540) Pause Young (Normal) (G1 Evacuation Pause) 896M->363M(1024M) 9,453ms
[2023-11-12T18:29:57.577+0100][gc,cpu        ] GC(540) User=0,10s Sys=0,01s Real=0,01s
[2023-11-12T18:29:58.869+0100][gc,start      ] GC(541) Pause Young (Normal) (G1 Evacuation Pause)
[2023-11-12T18:29:58.869+0100][gc,task       ] GC(541) Using 13 workers of 13 for evacuation
[2023-11-12T18:29:58.879+0100][gc,phases     ] GC(541)   Pre Evacuate Collection Set: 0,0ms
[2023-11-12T18:29:58.879+0100][gc,phases     ] GC(541)   Evacuate Collection Set: 9,0ms
[2023-11-12T18:29:58.879+0100][gc,phases     ] GC(541)   Post Evacuate Collection Set: 0,6ms
[2023-11-12T18:29:58.879+0100][gc,phases     ] GC(541)   Other: 0,2ms
[2023-11-12T18:29:58.879+0100][gc,heap       ] GC(541) Eden regions: 531->0(523)
[2023-11-12T18:29:58.879+0100][gc,heap       ] GC(541) Survivor regions: 25->29(70)
[2023-11-12T18:29:58.879+0100][gc,heap       ] GC(541) Old regions: 211->211
[2023-11-12T18:29:58.879+0100][gc,heap       ] GC(541) Humongous regions: 129->129
[2023-11-12T18:29:58.879+0100][gc,metaspace  ] GC(541) Metaspace: 46698K(49920K)->46698K(49920K) NonClass: 40960K(42752K)->40960K(42752K) Class: 5737K(7168K)->5737K(7168K)
[2023-11-12T18:29:58.879+0100][gc            ] GC(541) Pause Young (Normal) (G1 Evacuation Pause) 894M->366M(1024M) 9,917ms
[2023-11-12T18:29:58.879+0100][gc,cpu        ] GC(541) User=0,10s Sys=0,02s Real=0,01s
[2023-11-12T18:30:00.069+0100][gc,start      ] GC(542) Pause Young (Normal) (G1 Evacuation Pause)
[2023-11-12T18:30:00.069+0100][gc,task       ] GC(542) Using 13 workers of 13 for evacuation
[2023-11-12T18:30:00.074+0100][gc,phases     ] GC(542)   Pre Evacuate Collection Set: 0,0ms
[2023-11-12T18:30:00.074+0100][gc,phases     ] GC(542)   Evacuate Collection Set: 3,4ms
[2023-11-12T18:30:00.074+0100][gc,phases     ] GC(542)   Post Evacuate Collection Set: 0,6ms
[2023-11-12T18:30:00.074+0100][gc,phases     ] GC(542)   Other: 0,2ms
[2023-11-12T18:30:00.074+0100][gc,heap       ] GC(542) Eden regions: 523->0(559)
[2023-11-12T18:30:00.074+0100][gc,heap       ] GC(542) Survivor regions: 29->6(69)
[2023-11-12T18:30:00.074+0100][gc,heap       ] GC(542) Old regions: 211->211
[2023-11-12T18:30:00.074+0100][gc,heap       ] GC(542) Humongous regions: 129->129
[2023-11-12T18:30:00.074+0100][gc,metaspace  ] GC(542) Metaspace: 46698K(49920K)->46698K(49920K) NonClass: 40960K(42752K)->40960K(42752K) Class: 5737K(7168K)->5737K(7168K)
[2023-11-12T18:30:00.074+0100][gc            ] GC(542) Pause Young (Normal) (G1 Evacuation Pause) 889M->343M(1024M) 4,260ms
[2023-11-12T18:30:00.074+0100][gc,cpu        ] GC(542) User=0,02s Sys=0,02s Real=0,01s
[2023-11-12T18:30:01.415+0100][gc,start      ] GC(543) Pause Young (Normal) (G1 Evacuation Pause)
[2023-11-12T18:30:01.415+0100][gc,task       ] GC(543) Using 13 workers of 13 for evacuation
[2023-11-12T18:30:01.422+0100][gc,phases     ] GC(543)   Pre Evacuate Collection Set: 0,0ms
[2023-11-12T18:30:01.422+0100][gc,phases     ] GC(543)   Evacuate Collection Set: 6,3ms
[2023-11-12T18:30:01.422+0100][gc,phases     ] GC(543)   Post Evacuate Collection Set: 0,7ms
[2023-11-12T18:30:01.422+0100][gc,phases     ] GC(543)   Other: 0,3ms
[2023-11-12T18:30:01.422+0100][gc,heap       ] GC(543) Eden regions: 559->0(559)
[2023-11-12T18:30:01.422+0100][gc,heap       ] GC(543) Survivor regions: 6->7(71)
[2023-11-12T18:30:01.422+0100][gc,heap       ] GC(543) Old regions: 211->211
[2023-11-12T18:30:01.422+0100][gc,heap       ] GC(543) Humongous regions: 129->129
[2023-11-12T18:30:01.422+0100][gc,metaspace  ] GC(543) Metaspace: 46698K(49920K)->46698K(49920K) NonClass: 40960K(42752K)->40960K(42752K) Class: 5737K(7168K)->5737K(7168K)
[2023-11-12T18:30:01.422+0100][gc            ] GC(543) Pause Young (Normal) (G1 Evacuation Pause) 902M->345M(1024M) 7,365ms
[2023-11-12T18:30:01.422+0100][gc,cpu        ] GC(543) User=0,04s Sys=0,01s Real=0,01s
[2023-11-12T18:30:03.170+0100][gc,start      ] GC(544) Pause Young (Normal) (G1 Evacuation Pause)
[2023-11-12T18:30:03.170+0100][gc,task       ] GC(544) Using 13 workers of 13 for evacuation
[2023-11-12T18:30:03.177+0100][gc,phases     ] GC(544)   Pre Evacuate Collection Set: 0,0ms
[2023-11-12T18:30:03.177+0100][gc,phases     ] GC(544)   Evacuate Collection Set: 5,9ms
[2023-11-12T18:30:03.177+0100][gc,phases     ] GC(544)   Post Evacuate Collection Set: 0,7ms
[2023-11-12T18:30:03.177+0100][gc,phases     ] GC(544)   Other: 0,3ms
[2023-11-12T18:30:03.177+0100][gc,heap       ] GC(544) Eden regions: 559->0(554)
[2023-11-12T18:30:03.177+0100][gc,heap       ] GC(544) Survivor regions: 7->12(71)
[2023-11-12T18:30:03.177+0100][gc,heap       ] GC(544) Old regions: 211->211
[2023-11-12T18:30:03.177+0100][gc,heap       ] GC(544) Humongous regions: 129->129
[2023-11-12T18:30:03.177+0100][gc,metaspace  ] GC(544) Metaspace: 46698K(49920K)->46698K(49920K) NonClass: 40960K(42752K)->40960K(42752K) Class: 5737K(7168K)->5737K(7168K)
[2023-11-12T18:30:03.177+0100][gc            ] GC(544) Pause Young (Normal) (G1 Evacuation Pause) 904M->350M(1024M) 6,961ms
[2023-11-12T18:30:03.177+0100][gc,cpu        ] GC(544) User=0,05s Sys=0,01s Real=0,01s
[2023-11-12T18:30:04.538+0100][gc,start      ] GC(545) Pause Young (Normal) (G1 Evacuation Pause)
[2023-11-12T18:30:04.538+0100][gc,task       ] GC(545) Using 13 workers of 13 for evacuation
[2023-11-12T18:30:04.545+0100][gc,phases     ] GC(545)   Pre Evacuate Collection Set: 0,0ms
[2023-11-12T18:30:04.545+0100][gc,phases     ] GC(545)   Evacuate Collection Set: 6,3ms
[2023-11-12T18:30:04.545+0100][gc,phases     ] GC(545)   Post Evacuate Collection Set: 0,6ms
[2023-11-12T18:30:04.545+0100][gc,phases     ] GC(545)   Other: 0,2ms
[2023-11-12T18:30:04.545+0100][gc,heap       ] GC(545) Eden regions: 554->0(550)
[2023-11-12T18:30:04.545+0100][gc,heap       ] GC(545) Survivor regions: 12->15(71)
[2023-11-12T18:30:04.545+0100][gc,heap       ] GC(545) Old regions: 211->212
[2023-11-12T18:30:04.545+0100][gc,heap       ] GC(545) Humongous regions: 129->129
[2023-11-12T18:30:04.545+0100][gc,metaspace  ] GC(545) Metaspace: 46698K(49920K)->46698K(49920K) NonClass: 40960K(42752K)->40960K(42752K) Class: 5737K(7168K)->5737K(7168K)
[2023-11-12T18:30:04.545+0100][gc            ] GC(545) Pause Young (Normal) (G1 Evacuation Pause) 904M->353M(1024M) 7,183ms
[2023-11-12T18:30:04.545+0100][gc,cpu        ] GC(545) User=0,05s Sys=0,03s Real=0,01s
[2023-11-12T18:30:05.806+0100][gc,start      ] GC(546) Pause Young (Normal) (G1 Evacuation Pause)
[2023-11-12T18:30:05.806+0100][gc,task       ] GC(546) Using 13 workers of 13 for evacuation
[2023-11-12T18:30:05.816+0100][gc,phases     ] GC(546)   Pre Evacuate Collection Set: 0,0ms
[2023-11-12T18:30:05.816+0100][gc,phases     ] GC(546)   Evacuate Collection Set: 9,3ms
[2023-11-12T18:30:05.816+0100][gc,phases     ] GC(546)   Post Evacuate Collection Set: 0,6ms
[2023-11-12T18:30:05.816+0100][gc,phases     ] GC(546)   Other: 0,2ms
[2023-11-12T18:30:05.816+0100][gc,heap       ] GC(546) Eden regions: 550->0(542)
[2023-11-12T18:30:05.816+0100][gc,heap       ] GC(546) Survivor regions: 15->19(71)
[2023-11-12T18:30:05.816+0100][gc,heap       ] GC(546) Old regions: 212->212
[2023-11-12T18:30:05.816+0100][gc,heap       ] GC(546) Humongous regions: 129->129
[2023-11-12T18:30:05.816+0100][gc,metaspace  ] GC(546) Metaspace: 46698K(49920K)->46698K(49920K) NonClass: 40960K(42752K)->40960K(42752K) Class: 5737K(7168K)->5737K(7168K)
[2023-11-12T18:30:05.816+0100][gc            ] GC(546) Pause Young (Normal) (G1 Evacuation Pause) 903M->357M(1024M) 10,191ms
[2023-11-12T18:30:05.816+0100][gc,cpu        ] GC(546) User=0,10s Sys=0,02s Real=0,01s
[2023-11-12T18:30:07.075+0100][gc,start      ] GC(547) Pause Young (Normal) (G1 Evacuation Pause)
[2023-11-12T18:30:07.075+0100][gc,task       ] GC(547) Using 13 workers of 13 for evacuation
[2023-11-12T18:30:07.083+0100][gc,phases     ] GC(547)   Pre Evacuate Collection Set: 0,0ms
[2023-11-12T18:30:07.083+0100][gc,phases     ] GC(547)   Evacuate Collection Set: 7,5ms
[2023-11-12T18:30:07.083+0100][gc,phases     ] GC(547)   Post Evacuate Collection Set: 0,6ms
[2023-11-12T18:30:07.083+0100][gc,phases     ] GC(547)   Other: 0,2ms
[2023-11-12T18:30:07.083+0100][gc,heap       ] GC(547) Eden regions: 542->0(536)
[2023-11-12T18:30:07.083+0100][gc,heap       ] GC(547) Survivor regions: 19->22(71)
[2023-11-12T18:30:07.083+0100][gc,heap       ] GC(547) Old regions: 212->212
[2023-11-12T18:30:07.083+0100][gc,heap       ] GC(547) Humongous regions: 129->129
[2023-11-12T18:30:07.083+0100][gc,metaspace  ] GC(547) Metaspace: 46698K(49920K)->46698K(49920K) NonClass: 40960K(42752K)->40960K(42752K) Class: 5737K(7168K)->5737K(7168K)
[2023-11-12T18:30:07.083+0100][gc            ] GC(547) Pause Young (Normal) (G1 Evacuation Pause) 899M->360M(1024M) 8,463ms
[2023-11-12T18:30:07.083+0100][gc,cpu        ] GC(547) User=0,10s Sys=0,00s Real=0,01s
[2023-11-12T18:30:08.361+0100][gc,start      ] GC(548) Pause Young (Normal) (G1 Evacuation Pause)
[2023-11-12T18:30:08.361+0100][gc,task       ] GC(548) Using 13 workers of 13 for evacuation
[2023-11-12T18:30:08.371+0100][gc,phases     ] GC(548)   Pre Evacuate Collection Set: 0,0ms
[2023-11-12T18:30:08.371+0100][gc,phases     ] GC(548)   Evacuate Collection Set: 9,0ms
[2023-11-12T18:30:08.371+0100][gc,phases     ] GC(548)   Post Evacuate Collection Set: 0,5ms
[2023-11-12T18:30:08.371+0100][gc,phases     ] GC(548)   Other: 0,2ms
[2023-11-12T18:30:08.371+0100][gc,heap       ] GC(548) Eden regions: 536->0(532)
[2023-11-12T18:30:08.371+0100][gc,heap       ] GC(548) Survivor regions: 22->24(70)
[2023-11-12T18:30:08.371+0100][gc,heap       ] GC(548) Old regions: 212->212
[2023-11-12T18:30:08.371+0100][gc,heap       ] GC(548) Humongous regions: 129->129
[2023-11-12T18:30:08.371+0100][gc,metaspace  ] GC(548) Metaspace: 46699K(49920K)->46699K(49920K) NonClass: 40962K(42752K)->40962K(42752K) Class: 5737K(7168K)->5737K(7168K)
[2023-11-12T18:30:08.371+0100][gc            ] GC(548) Pause Young (Normal) (G1 Evacuation Pause) 896M->362M(1024M) 9,875ms
[2023-11-12T18:30:08.371+0100][gc,cpu        ] GC(548) User=0,10s Sys=0,00s Real=0,01s
[2023-11-12T18:30:09.543+0100][gc,start      ] GC(549) Pause Young (Normal) (G1 Evacuation Pause)
[2023-11-12T18:30:09.543+0100][gc,task       ] GC(549) Using 13 workers of 13 for evacuation
[2023-11-12T18:30:09.554+0100][gc,phases     ] GC(549)   Pre Evacuate Collection Set: 0,0ms
[2023-11-12T18:30:09.554+0100][gc,phases     ] GC(549)   Evacuate Collection Set: 9,7ms
[2023-11-12T18:30:09.554+0100][gc,phases     ] GC(549)   Post Evacuate Collection Set: 0,6ms
[2023-11-12T18:30:09.554+0100][gc,phases     ] GC(549)   Other: 0,3ms
[2023-11-12T18:30:09.554+0100][gc,heap       ] GC(549) Eden regions: 532->0(526)
[2023-11-12T18:30:09.554+0100][gc,heap       ] GC(549) Survivor regions: 24->27(70)
[2023-11-12T18:30:09.554+0100][gc,heap       ] GC(549) Old regions: 212->212
[2023-11-12T18:30:09.554+0100][gc,heap       ] GC(549) Humongous regions: 129->129
[2023-11-12T18:30:09.554+0100][gc,metaspace  ] GC(549) Metaspace: 46699K(49920K)->46699K(49920K) NonClass: 40962K(42752K)->40962K(42752K) Class: 5737K(7168K)->5737K(7168K)
[2023-11-12T18:30:09.554+0100][gc            ] GC(549) Pause Young (Normal) (G1 Evacuation Pause) 894M->366M(1024M) 10,754ms
[2023-11-12T18:30:09.554+0100][gc,cpu        ] GC(549) User=0,12s Sys=0,01s Real=0,01s
[2023-11-12T18:30:10.691+0100][gc,start      ] GC(550) Pause Young (Normal) (G1 Evacuation Pause)
[2023-11-12T18:30:10.691+0100][gc,task       ] GC(550) Using 13 workers of 13 for evacuation
[2023-11-12T18:30:10.702+0100][gc,phases     ] GC(550)   Pre Evacuate Collection Set: 0,0ms
[2023-11-12T18:30:10.702+0100][gc,phases     ] GC(550)   Evacuate Collection Set: 9,4ms
[2023-11-12T18:30:10.702+0100][gc,phases     ] GC(550)   Post Evacuate Collection Set: 0,7ms
[2023-11-12T18:30:10.702+0100][gc,phases     ] GC(550)   Other: 0,2ms
[2023-11-12T18:30:10.702+0100][gc,heap       ] GC(550) Eden regions: 526->0(522)
[2023-11-12T18:30:10.702+0100][gc,heap       ] GC(550) Survivor regions: 27->29(70)
[2023-11-12T18:30:10.702+0100][gc,heap       ] GC(550) Old regions: 212->212
[2023-11-12T18:30:10.702+0100][gc,heap       ] GC(550) Humongous regions: 129->129
[2023-11-12T18:30:10.702+0100][gc,metaspace  ] GC(550) Metaspace: 46699K(49920K)->46699K(49920K) NonClass: 40962K(42752K)->40962K(42752K) Class: 5737K(7168K)->5737K(7168K)
[2023-11-12T18:30:10.702+0100][gc            ] GC(550) Pause Young (Normal) (G1 Evacuation Pause) 892M->368M(1024M) 10,407ms
[2023-11-12T18:30:10.702+0100][gc,cpu        ] GC(550) User=0,12s Sys=0,01s Real=0,02s
[2023-11-12T18:30:11.939+0100][gc,start      ] GC(551) Pause Young (Normal) (G1 Evacuation Pause)
[2023-11-12T18:30:11.939+0100][gc,task       ] GC(551) Using 13 workers of 13 for evacuation
[2023-11-12T18:30:11.951+0100][gc,phases     ] GC(551)   Pre Evacuate Collection Set: 0,0ms
[2023-11-12T18:30:11.951+0100][gc,phases     ] GC(551)   Evacuate Collection Set: 10,8ms
[2023-11-12T18:30:11.951+0100][gc,phases     ] GC(551)   Post Evacuate Collection Set: 0,6ms
[2023-11-12T18:30:11.951+0100][gc,phases     ] GC(551)   Other: 0,2ms
[2023-11-12T18:30:11.951+0100][gc,heap       ] GC(551) Eden regions: 522->0(516)
[2023-11-12T18:30:11.951+0100][gc,heap       ] GC(551) Survivor regions: 29->32(69)
[2023-11-12T18:30:11.951+0100][gc,heap       ] GC(551) Old regions: 212->212
[2023-11-12T18:30:11.951+0100][gc,heap       ] GC(551) Humongous regions: 129->129
[2023-11-12T18:30:11.951+0100][gc,metaspace  ] GC(551) Metaspace: 46699K(49920K)->46699K(49920K) NonClass: 40962K(42752K)->40962K(42752K) Class: 5737K(7168K)->5737K(7168K)
[2023-11-12T18:30:11.951+0100][gc            ] GC(551) Pause Young (Normal) (G1 Evacuation Pause) 890M->371M(1024M) 11,715ms
[2023-11-12T18:30:11.951+0100][gc,cpu        ] GC(551) User=0,13s Sys=0,00s Real=0,01s
[2023-11-12T18:30:13.033+0100][gc,start      ] GC(552) Pause Young (Normal) (G1 Evacuation Pause)
[2023-11-12T18:30:13.033+0100][gc,task       ] GC(552) Using 13 workers of 13 for evacuation
[2023-11-12T18:30:13.039+0100][gc,phases     ] GC(552)   Pre Evacuate Collection Set: 0,0ms
[2023-11-12T18:30:13.039+0100][gc,phases     ] GC(552)   Evacuate Collection Set: 4,9ms
[2023-11-12T18:30:13.039+0100][gc,phases     ] GC(552)   Post Evacuate Collection Set: 0,6ms
[2023-11-12T18:30:13.039+0100][gc,phases     ] GC(552)   Other: 0,2ms
[2023-11-12T18:30:13.039+0100][gc,heap       ] GC(552) Eden regions: 516->0(553)
[2023-11-12T18:30:13.039+0100][gc,heap       ] GC(552) Survivor regions: 32->9(69)
[2023-11-12T18:30:13.039+0100][gc,heap       ] GC(552) Old regions: 212->212
[2023-11-12T18:30:13.039+0100][gc,heap       ] GC(552) Humongous regions: 129->129
[2023-11-12T18:30:13.039+0100][gc,metaspace  ] GC(552) Metaspace: 46699K(49920K)->46699K(49920K) NonClass: 40962K(42752K)->40962K(42752K) Class: 5737K(7168K)->5737K(7168K)
[2023-11-12T18:30:13.039+0100][gc            ] GC(552) Pause Young (Normal) (G1 Evacuation Pause) 887M->348M(1024M) 5,814ms
[2023-11-12T18:30:13.039+0100][gc,cpu        ] GC(552) User=0,06s Sys=0,00s Real=0,00s
[2023-11-12T18:30:14.307+0100][gc,start      ] GC(553) Pause Young (Normal) (G1 Evacuation Pause)
[2023-11-12T18:30:14.307+0100][gc,task       ] GC(553) Using 13 workers of 13 for evacuation
[2023-11-12T18:30:14.313+0100][gc,phases     ] GC(553)   Pre Evacuate Collection Set: 0,0ms
[2023-11-12T18:30:14.313+0100][gc,phases     ] GC(553)   Evacuate Collection Set: 5,7ms
[2023-11-12T18:30:14.313+0100][gc,phases     ] GC(553)   Post Evacuate Collection Set: 0,7ms
[2023-11-12T18:30:14.313+0100][gc,phases     ] GC(553)   Other: 0,2ms
[2023-11-12T18:30:14.313+0100][gc,heap       ] GC(553) Eden regions: 553->0(555)
[2023-11-12T18:30:14.313+0100][gc,heap       ] GC(553) Survivor regions: 9->8(71)
[2023-11-12T18:30:14.313+0100][gc,heap       ] GC(553) Old regions: 212->213
[2023-11-12T18:30:14.313+0100][gc,heap       ] GC(553) Humongous regions: 129->129
[2023-11-12T18:30:14.313+0100][gc,metaspace  ] GC(553) Metaspace: 46699K(49920K)->46699K(49920K) NonClass: 40962K(42752K)->40962K(42752K) Class: 5737K(7168K)->5737K(7168K)
[2023-11-12T18:30:14.313+0100][gc            ] GC(553) Pause Young (Normal) (G1 Evacuation Pause) 901M->347M(1024M) 6,741ms
[2023-11-12T18:30:14.313+0100][gc,cpu        ] GC(553) User=0,07s Sys=0,00s Real=0,01s
[2023-11-12T18:30:15.684+0100][gc,start      ] GC(554) Pause Young (Normal) (G1 Evacuation Pause)
[2023-11-12T18:30:15.684+0100][gc,task       ] GC(554) Using 13 workers of 13 for evacuation
[2023-11-12T18:30:15.691+0100][gc,phases     ] GC(554)   Pre Evacuate Collection Set: 0,0ms
[2023-11-12T18:30:15.691+0100][gc,phases     ] GC(554)   Evacuate Collection Set: 6,0ms
[2023-11-12T18:30:15.691+0100][gc,phases     ] GC(554)   Post Evacuate Collection Set: 0,6ms
[2023-11-12T18:30:15.691+0100][gc,phases     ] GC(554)   Other: 0,3ms
[2023-11-12T18:30:15.691+0100][gc,heap       ] GC(554) Eden regions: 555->0(553)
[2023-11-12T18:30:15.691+0100][gc,heap       ] GC(554) Survivor regions: 8->11(71)
[2023-11-12T18:30:15.691+0100][gc,heap       ] GC(554) Old regions: 213->213
[2023-11-12T18:30:15.691+0100][gc,heap       ] GC(554) Humongous regions: 129->129
[2023-11-12T18:30:15.691+0100][gc,metaspace  ] GC(554) Metaspace: 46699K(49920K)->46699K(49920K) NonClass: 40962K(42752K)->40962K(42752K) Class: 5737K(7168K)->5737K(7168K)
[2023-11-12T18:30:15.691+0100][gc            ] GC(554) Pause Young (Normal) (G1 Evacuation Pause) 902M->350M(1024M) 6,944ms
[2023-11-12T18:30:15.691+0100][gc,cpu        ] GC(554) User=0,04s Sys=0,01s Real=0,00s
[2023-11-12T18:30:17.017+0100][gc,start      ] GC(555) Pause Young (Normal) (G1 Evacuation Pause)
[2023-11-12T18:30:17.017+0100][gc,task       ] GC(555) Using 13 workers of 13 for evacuation
[2023-11-12T18:30:17.024+0100][gc,phases     ] GC(555)   Pre Evacuate Collection Set: 0,0ms
[2023-11-12T18:30:17.024+0100][gc,phases     ] GC(555)   Evacuate Collection Set: 6,2ms
[2023-11-12T18:30:17.024+0100][gc,phases     ] GC(555)   Post Evacuate Collection Set: 0,6ms
[2023-11-12T18:30:17.024+0100][gc,phases     ] GC(555)   Other: 0,3ms
[2023-11-12T18:30:17.024+0100][gc,heap       ] GC(555) Eden regions: 553->0(553)
[2023-11-12T18:30:17.024+0100][gc,heap       ] GC(555) Survivor regions: 11->12(71)
[2023-11-12T18:30:17.024+0100][gc,heap       ] GC(555) Old regions: 213->213
[2023-11-12T18:30:17.024+0100][gc,heap       ] GC(555) Humongous regions: 129->129
[2023-11-12T18:30:17.024+0100][gc,metaspace  ] GC(555) Metaspace: 46699K(49920K)->46699K(49920K) NonClass: 40962K(42752K)->40962K(42752K) Class: 5737K(7168K)->5737K(7168K)
[2023-11-12T18:30:17.024+0100][gc            ] GC(555) Pause Young (Normal) (G1 Evacuation Pause) 903M->352M(1024M) 7,169ms
[2023-11-12T18:30:17.024+0100][gc,cpu        ] GC(555) User=0,08s Sys=0,00s Real=0,01s
[2023-11-12T18:30:18.331+0100][gc,start      ] GC(556) Pause Young (Normal) (G1 Evacuation Pause)
[2023-11-12T18:30:18.331+0100][gc,task       ] GC(556) Using 13 workers of 13 for evacuation
[2023-11-12T18:30:18.338+0100][gc,phases     ] GC(556)   Pre Evacuate Collection Set: 0,0ms
[2023-11-12T18:30:18.338+0100][gc,phases     ] GC(556)   Evacuate Collection Set: 6,2ms
[2023-11-12T18:30:18.338+0100][gc,phases     ] GC(556)   Post Evacuate Collection Set: 0,5ms
[2023-11-12T18:30:18.338+0100][gc,phases     ] GC(556)   Other: 0,2ms
[2023-11-12T18:30:18.338+0100][gc,heap       ] GC(556) Eden regions: 553->0(547)
[2023-11-12T18:30:18.338+0100][gc,heap       ] GC(556) Survivor regions: 12->16(71)
[2023-11-12T18:30:18.338+0100][gc,heap       ] GC(556) Old regions: 213->213
[2023-11-12T18:30:18.338+0100][gc,heap       ] GC(556) Humongous regions: 129->129
[2023-11-12T18:30:18.338+0100][gc,metaspace  ] GC(556) Metaspace: 46699K(49920K)->46699K(49920K) NonClass: 40962K(42752K)->40962K(42752K) Class: 5737K(7168K)->5737K(7168K)
[2023-11-12T18:30:18.338+0100][gc            ] GC(556) Pause Young (Normal) (G1 Evacuation Pause) 905M->355M(1024M) 7,124ms
[2023-11-12T18:30:18.338+0100][gc,cpu        ] GC(556) User=0,08s Sys=0,00s Real=0,01s
[2023-11-12T18:30:19.660+0100][gc,start      ] GC(557) Pause Young (Normal) (G1 Evacuation Pause)
[2023-11-12T18:30:19.660+0100][gc,task       ] GC(557) Using 13 workers of 13 for evacuation
[2023-11-12T18:30:19.668+0100][gc,phases     ] GC(557)   Pre Evacuate Collection Set: 0,0ms
[2023-11-12T18:30:19.668+0100][gc,phases     ] GC(557)   Evacuate Collection Set: 6,7ms
[2023-11-12T18:30:19.668+0100][gc,phases     ] GC(557)   Post Evacuate Collection Set: 0,6ms
[2023-11-12T18:30:19.668+0100][gc,phases     ] GC(557)   Other: 0,2ms
[2023-11-12T18:30:19.668+0100][gc,heap       ] GC(557) Eden regions: 547->0(543)
[2023-11-12T18:30:19.668+0100][gc,heap       ] GC(557) Survivor regions: 16->18(71)
[2023-11-12T18:30:19.668+0100][gc,heap       ] GC(557) Old regions: 213->213
[2023-11-12T18:30:19.668+0100][gc,heap       ] GC(557) Humongous regions: 129->129
[2023-11-12T18:30:19.668+0100][gc,metaspace  ] GC(557) Metaspace: 46699K(49920K)->46699K(49920K) NonClass: 40962K(42752K)->40962K(42752K) Class: 5737K(7168K)->5737K(7168K)
[2023-11-12T18:30:19.668+0100][gc            ] GC(557) Pause Young (Normal) (G1 Evacuation Pause) 902M->358M(1024M) 7,625ms
[2023-11-12T18:30:19.668+0100][gc,cpu        ] GC(557) User=0,08s Sys=0,00s Real=0,01s
[2023-11-12T18:30:21.110+0100][gc,start      ] GC(558) Pause Young (Normal) (G1 Evacuation Pause)
[2023-11-12T18:30:21.111+0100][gc,task       ] GC(558) Using 13 workers of 13 for evacuation
[2023-11-12T18:30:21.119+0100][gc,phases     ] GC(558)   Pre Evacuate Collection Set: 0,0ms
[2023-11-12T18:30:21.119+0100][gc,phases     ] GC(558)   Evacuate Collection Set: 7,4ms
[2023-11-12T18:30:21.119+0100][gc,phases     ] GC(558)   Post Evacuate Collection Set: 0,6ms
[2023-11-12T18:30:21.119+0100][gc,phases     ] GC(558)   Other: 0,2ms
[2023-11-12T18:30:21.119+0100][gc,heap       ] GC(558) Eden regions: 543->0(537)
[2023-11-12T18:30:21.119+0100][gc,heap       ] GC(558) Survivor regions: 18->21(71)
[2023-11-12T18:30:21.119+0100][gc,heap       ] GC(558) Old regions: 213->213
[2023-11-12T18:30:21.119+0100][gc,heap       ] GC(558) Humongous regions: 129->129
[2023-11-12T18:30:21.119+0100][gc,metaspace  ] GC(558) Metaspace: 46699K(49920K)->46699K(49920K) NonClass: 40962K(42752K)->40962K(42752K) Class: 5737K(7168K)->5737K(7168K)
[2023-11-12T18:30:21.119+0100][gc            ] GC(558) Pause Young (Normal) (G1 Evacuation Pause) 901M->360M(1024M) 8,376ms
[2023-11-12T18:30:21.119+0100][gc,cpu        ] GC(558) User=0,05s Sys=0,04s Real=0,01s
[2023-11-12T18:30:22.463+0100][gc,start      ] GC(559) Pause Young (Normal) (G1 Evacuation Pause)
[2023-11-12T18:30:22.463+0100][gc,task       ] GC(559) Using 13 workers of 13 for evacuation
[2023-11-12T18:30:22.473+0100][gc,phases     ] GC(559)   Pre Evacuate Collection Set: 0,0ms
[2023-11-12T18:30:22.473+0100][gc,phases     ] GC(559)   Evacuate Collection Set: 9,2ms
[2023-11-12T18:30:22.473+0100][gc,phases     ] GC(559)   Post Evacuate Collection Set: 0,6ms
[2023-11-12T18:30:22.473+0100][gc,phases     ] GC(559)   Other: 0,2ms
[2023-11-12T18:30:22.473+0100][gc,heap       ] GC(559) Eden regions: 537->0(531)
[2023-11-12T18:30:22.473+0100][gc,heap       ] GC(559) Survivor regions: 21->24(70)
[2023-11-12T18:30:22.473+0100][gc,heap       ] GC(559) Old regions: 213->213
[2023-11-12T18:30:22.473+0100][gc,heap       ] GC(559) Humongous regions: 129->129
[2023-11-12T18:30:22.473+0100][gc,metaspace  ] GC(559) Metaspace: 46699K(49920K)->46699K(49920K) NonClass: 40962K(42752K)->40962K(42752K) Class: 5737K(7168K)->5737K(7168K)
[2023-11-12T18:30:22.473+0100][gc            ] GC(559) Pause Young (Normal) (G1 Evacuation Pause) 897M->363M(1024M) 10,114ms
[2023-11-12T18:30:22.473+0100][gc,cpu        ] GC(559) User=0,08s Sys=0,01s Real=0,00s
[2023-11-12T18:30:23.798+0100][gc,start      ] GC(560) Pause Young (Normal) (G1 Evacuation Pause)
[2023-11-12T18:30:23.798+0100][gc,task       ] GC(560) Using 13 workers of 13 for evacuation
[2023-11-12T18:30:23.807+0100][gc,phases     ] GC(560)   Pre Evacuate Collection Set: 0,0ms
[2023-11-12T18:30:23.807+0100][gc,phases     ] GC(560)   Evacuate Collection Set: 8,5ms
[2023-11-12T18:30:23.807+0100][gc,phases     ] GC(560)   Post Evacuate Collection Set: 0,6ms
[2023-11-12T18:30:23.807+0100][gc,phases     ] GC(560)   Other: 0,2ms
[2023-11-12T18:30:23.807+0100][gc,heap       ] GC(560) Eden regions: 531->0(524)
[2023-11-12T18:30:23.807+0100][gc,heap       ] GC(560) Survivor regions: 24->27(70)
[2023-11-12T18:30:23.807+0100][gc,heap       ] GC(560) Old regions: 213->214
[2023-11-12T18:30:23.807+0100][gc,heap       ] GC(560) Humongous regions: 129->129
[2023-11-12T18:30:23.807+0100][gc,metaspace  ] GC(560) Metaspace: 46699K(49920K)->46699K(49920K) NonClass: 40962K(42752K)->40962K(42752K) Class: 5737K(7168K)->5737K(7168K)
[2023-11-12T18:30:23.807+0100][gc            ] GC(560) Pause Young (Normal) (G1 Evacuation Pause) 894M->367M(1024M) 9,411ms
[2023-11-12T18:30:23.807+0100][gc,cpu        ] GC(560) User=0,10s Sys=0,01s Real=0,01s
[2023-11-12T18:30:24.986+0100][gc,start      ] GC(561) Pause Young (Normal) (G1 Evacuation Pause)
[2023-11-12T18:30:24.986+0100][gc,task       ] GC(561) Using 13 workers of 13 for evacuation
[2023-11-12T18:30:24.996+0100][gc,phases     ] GC(561)   Pre Evacuate Collection Set: 0,0ms
[2023-11-12T18:30:24.996+0100][gc,phases     ] GC(561)   Evacuate Collection Set: 9,6ms
[2023-11-12T18:30:24.996+0100][gc,phases     ] GC(561)   Post Evacuate Collection Set: 0,6ms
[2023-11-12T18:30:24.997+0100][gc,phases     ] GC(561)   Other: 0,3ms
[2023-11-12T18:30:24.997+0100][gc,heap       ] GC(561) Eden regions: 524->0(518)
[2023-11-12T18:30:24.997+0100][gc,heap       ] GC(561) Survivor regions: 27->30(69)
[2023-11-12T18:30:24.997+0100][gc,heap       ] GC(561) Old regions: 214->214
[2023-11-12T18:30:24.997+0100][gc,heap       ] GC(561) Humongous regions: 129->129
[2023-11-12T18:30:24.997+0100][gc,metaspace  ] GC(561) Metaspace: 46699K(49920K)->46699K(49920K) NonClass: 40962K(42752K)->40962K(42752K) Class: 5737K(7168K)->5737K(7168K)
[2023-11-12T18:30:24.997+0100][gc            ] GC(561) Pause Young (Normal) (G1 Evacuation Pause) 891M->370M(1024M) 10,591ms
[2023-11-12T18:30:24.997+0100][gc,cpu        ] GC(561) User=0,11s Sys=0,02s Real=0,01s
[2023-11-12T18:30:26.132+0100][gc,start      ] GC(562) Pause Young (Normal) (G1 Evacuation Pause)
[2023-11-12T18:30:26.132+0100][gc,task       ] GC(562) Using 13 workers of 13 for evacuation
[2023-11-12T18:30:26.137+0100][gc,phases     ] GC(562)   Pre Evacuate Collection Set: 0,0ms
[2023-11-12T18:30:26.137+0100][gc,phases     ] GC(562)   Evacuate Collection Set: 3,6ms
[2023-11-12T18:30:26.137+0100][gc,phases     ] GC(562)   Post Evacuate Collection Set: 0,6ms
[2023-11-12T18:30:26.137+0100][gc,phases     ] GC(562)   Other: 0,2ms
[2023-11-12T18:30:26.137+0100][gc,heap       ] GC(562) Eden regions: 518->0(556)
[2023-11-12T18:30:26.137+0100][gc,heap       ] GC(562) Survivor regions: 30->6(69)
[2023-11-12T18:30:26.137+0100][gc,heap       ] GC(562) Old regions: 214->214
[2023-11-12T18:30:26.137+0100][gc,heap       ] GC(562) Humongous regions: 129->129
[2023-11-12T18:30:26.137+0100][gc,metaspace  ] GC(562) Metaspace: 46699K(49920K)->46699K(49920K) NonClass: 40962K(42752K)->40962K(42752K) Class: 5737K(7168K)->5737K(7168K)
[2023-11-12T18:30:26.137+0100][gc            ] GC(562) Pause Young (Normal) (G1 Evacuation Pause) 888M->346M(1024M) 4,494ms
[2023-11-12T18:30:26.137+0100][gc,cpu        ] GC(562) User=0,05s Sys=0,00s Real=0,01s
[2023-11-12T18:30:27.340+0100][gc,start      ] GC(563) Pause Young (Normal) (G1 Evacuation Pause)
[2023-11-12T18:30:27.340+0100][gc,task       ] GC(563) Using 13 workers of 13 for evacuation
[2023-11-12T18:30:27.347+0100][gc,phases     ] GC(563)   Pre Evacuate Collection Set: 0,0ms
[2023-11-12T18:30:27.347+0100][gc,phases     ] GC(563)   Evacuate Collection Set: 5,7ms
[2023-11-12T18:30:27.347+0100][gc,phases     ] GC(563)   Post Evacuate Collection Set: 0,5ms
[2023-11-12T18:30:27.347+0100][gc,phases     ] GC(563)   Other: 0,2ms
[2023-11-12T18:30:27.347+0100][gc,heap       ] GC(563) Eden regions: 556->0(552)
[2023-11-12T18:30:27.347+0100][gc,heap       ] GC(563) Survivor regions: 6->9(71)
[2023-11-12T18:30:27.347+0100][gc,heap       ] GC(563) Old regions: 214->214
[2023-11-12T18:30:27.347+0100][gc,heap       ] GC(563) Humongous regions: 129->129
[2023-11-12T18:30:27.347+0100][gc,metaspace  ] GC(563) Metaspace: 46699K(49920K)->46699K(49920K) NonClass: 40962K(42752K)->40962K(42752K) Class: 5737K(7168K)->5737K(7168K)
[2023-11-12T18:30:27.347+0100][gc            ] GC(563) Pause Young (Normal) (G1 Evacuation Pause) 902M->350M(1024M) 6,621ms
[2023-11-12T18:30:27.347+0100][gc,cpu        ] GC(563) User=0,03s Sys=0,03s Real=0,01s
[2023-11-12T18:30:28.591+0100][gc,start      ] GC(564) Pause Young (Normal) (G1 Evacuation Pause)
[2023-11-12T18:30:28.591+0100][gc,task       ] GC(564) Using 13 workers of 13 for evacuation
[2023-11-12T18:30:28.597+0100][gc,phases     ] GC(564)   Pre Evacuate Collection Set: 0,0ms
[2023-11-12T18:30:28.597+0100][gc,phases     ] GC(564)   Evacuate Collection Set: 5,4ms
[2023-11-12T18:30:28.597+0100][gc,phases     ] GC(564)   Post Evacuate Collection Set: 0,6ms
[2023-11-12T18:30:28.597+0100][gc,phases     ] GC(564)   Other: 0,2ms
[2023-11-12T18:30:28.597+0100][gc,heap       ] GC(564) Eden regions: 552->0(549)
[2023-11-12T18:30:28.597+0100][gc,heap       ] GC(564) Survivor regions: 9->13(71)
[2023-11-12T18:30:28.597+0100][gc,heap       ] GC(564) Old regions: 214->214
[2023-11-12T18:30:28.597+0100][gc,heap       ] GC(564) Humongous regions: 129->129
[2023-11-12T18:30:28.597+0100][gc,metaspace  ] GC(564) Metaspace: 46699K(49920K)->46699K(49920K) NonClass: 40962K(42752K)->40962K(42752K) Class: 5737K(7168K)->5737K(7168K)
[2023-11-12T18:30:28.597+0100][gc            ] GC(564) Pause Young (Normal) (G1 Evacuation Pause) 902M->354M(1024M) 6,250ms
[2023-11-12T18:30:28.597+0100][gc,cpu        ] GC(564) User=0,06s Sys=0,01s Real=0,01s
[2023-11-12T18:30:29.723+0100][gc,start      ] GC(565) Pause Young (Normal) (G1 Evacuation Pause)
[2023-11-12T18:30:29.723+0100][gc,task       ] GC(565) Using 13 workers of 13 for evacuation
[2023-11-12T18:30:29.731+0100][gc,phases     ] GC(565)   Pre Evacuate Collection Set: 0,0ms
[2023-11-12T18:30:29.731+0100][gc,phases     ] GC(565)   Evacuate Collection Set: 7,0ms
[2023-11-12T18:30:29.731+0100][gc,phases     ] GC(565)   Post Evacuate Collection Set: 0,5ms
[2023-11-12T18:30:29.731+0100][gc,phases     ] GC(565)   Other: 0,2ms
[2023-11-12T18:30:29.731+0100][gc,heap       ] GC(565) Eden regions: 549->0(544)
[2023-11-12T18:30:29.731+0100][gc,heap       ] GC(565) Survivor regions: 13->17(71)
[2023-11-12T18:30:29.731+0100][gc,heap       ] GC(565) Old regions: 214->214
[2023-11-12T18:30:29.731+0100][gc,heap       ] GC(565) Humongous regions: 129->129
[2023-11-12T18:30:29.731+0100][gc,metaspace  ] GC(565) Metaspace: 46699K(49920K)->46699K(49920K) NonClass: 40962K(42752K)->40962K(42752K) Class: 5737K(7168K)->5737K(7168K)
[2023-11-12T18:30:29.731+0100][gc            ] GC(565) Pause Young (Normal) (G1 Evacuation Pause) 903M->358M(1024M) 7,875ms
[2023-11-12T18:30:29.731+0100][gc,cpu        ] GC(565) User=0,08s Sys=0,00s Real=0,00s
[2023-11-12T18:30:30.795+0100][gc,start      ] GC(566) Pause Young (Normal) (G1 Evacuation Pause)
[2023-11-12T18:30:30.795+0100][gc,task       ] GC(566) Using 13 workers of 13 for evacuation
[2023-11-12T18:30:30.803+0100][gc,phases     ] GC(566)   Pre Evacuate Collection Set: 0,0ms
[2023-11-12T18:30:30.803+0100][gc,phases     ] GC(566)   Evacuate Collection Set: 7,6ms
[2023-11-12T18:30:30.803+0100][gc,phases     ] GC(566)   Post Evacuate Collection Set: 0,6ms
[2023-11-12T18:30:30.804+0100][gc,phases     ] GC(566)   Other: 0,3ms
[2023-11-12T18:30:30.804+0100][gc,heap       ] GC(566) Eden regions: 544->0(533)
[2023-11-12T18:30:30.804+0100][gc,heap       ] GC(566) Survivor regions: 17->22(71)
[2023-11-12T18:30:30.804+0100][gc,heap       ] GC(566) Old regions: 214->215
[2023-11-12T18:30:30.804+0100][gc,heap       ] GC(566) Humongous regions: 129->129
[2023-11-12T18:30:30.804+0100][gc,metaspace  ] GC(566) Metaspace: 46699K(49920K)->46699K(49920K) NonClass: 40962K(42752K)->40962K(42752K) Class: 5737K(7168K)->5737K(7168K)
[2023-11-12T18:30:30.804+0100][gc            ] GC(566) Pause Young (Normal) (G1 Evacuation Pause) 902M->363M(1024M) 8,597ms
[2023-11-12T18:30:30.804+0100][gc,cpu        ] GC(566) User=0,09s Sys=0,01s Real=0,01s
[2023-11-12T18:30:31.843+0100][gc,start      ] GC(567) Pause Young (Normal) (G1 Evacuation Pause)
[2023-11-12T18:30:31.843+0100][gc,task       ] GC(567) Using 13 workers of 13 for evacuation
[2023-11-12T18:30:31.853+0100][gc,phases     ] GC(567)   Pre Evacuate Collection Set: 0,0ms
[2023-11-12T18:30:31.853+0100][gc,phases     ] GC(567)   Evacuate Collection Set: 8,4ms
[2023-11-12T18:30:31.853+0100][gc,phases     ] GC(567)   Post Evacuate Collection Set: 0,6ms
[2023-11-12T18:30:31.853+0100][gc,phases     ] GC(567)   Other: 0,2ms
[2023-11-12T18:30:31.853+0100][gc,heap       ] GC(567) Eden regions: 533->0(525)
[2023-11-12T18:30:31.853+0100][gc,heap       ] GC(567) Survivor regions: 22->26(70)
[2023-11-12T18:30:31.853+0100][gc,heap       ] GC(567) Old regions: 215->215
[2023-11-12T18:30:31.853+0100][gc,heap       ] GC(567) Humongous regions: 129->129
[2023-11-12T18:30:31.853+0100][gc,metaspace  ] GC(567) Metaspace: 46699K(49920K)->46699K(49920K) NonClass: 40962K(42752K)->40962K(42752K) Class: 5737K(7168K)->5737K(7168K)
[2023-11-12T18:30:31.853+0100][gc            ] GC(567) Pause Young (Normal) (G1 Evacuation Pause) 896M->367M(1024M) 9,338ms
[2023-11-12T18:30:31.853+0100][gc,cpu        ] GC(567) User=0,10s Sys=0,01s Real=0,00s
[2023-11-12T18:30:32.884+0100][gc,start      ] GC(568) Pause Young (Normal) (G1 Evacuation Pause)
[2023-11-12T18:30:32.884+0100][gc,task       ] GC(568) Using 13 workers of 13 for evacuation
[2023-11-12T18:30:32.894+0100][gc,phases     ] GC(568)   Pre Evacuate Collection Set: 0,0ms
[2023-11-12T18:30:32.894+0100][gc,phases     ] GC(568)   Evacuate Collection Set: 9,1ms
[2023-11-12T18:30:32.894+0100][gc,phases     ] GC(568)   Post Evacuate Collection Set: 0,6ms
[2023-11-12T18:30:32.894+0100][gc,phases     ] GC(568)   Other: 0,2ms
[2023-11-12T18:30:32.894+0100][gc,heap       ] GC(568) Eden regions: 525->0(517)
[2023-11-12T18:30:32.894+0100][gc,heap       ] GC(568) Survivor regions: 26->30(69)
[2023-11-12T18:30:32.894+0100][gc,heap       ] GC(568) Old regions: 215->215
[2023-11-12T18:30:32.894+0100][gc,heap       ] GC(568) Humongous regions: 129->129
[2023-11-12T18:30:32.894+0100][gc,metaspace  ] GC(568) Metaspace: 46699K(49920K)->46699K(49920K) NonClass: 40962K(42752K)->40962K(42752K) Class: 5737K(7168K)->5737K(7168K)
[2023-11-12T18:30:32.894+0100][gc            ] GC(568) Pause Young (Normal) (G1 Evacuation Pause) 892M->371M(1024M) 10,068ms
[2023-11-12T18:30:32.894+0100][gc,cpu        ] GC(568) User=0,12s Sys=0,00s Real=0,01s
[2023-11-12T18:30:33.907+0100][gc,start      ] GC(569) Pause Young (Normal) (G1 Evacuation Pause)
[2023-11-12T18:30:33.907+0100][gc,task       ] GC(569) Using 13 workers of 13 for evacuation
[2023-11-12T18:30:33.919+0100][gc,phases     ] GC(569)   Pre Evacuate Collection Set: 0,0ms
[2023-11-12T18:30:33.919+0100][gc,phases     ] GC(569)   Evacuate Collection Set: 10,2ms
[2023-11-12T18:30:33.919+0100][gc,phases     ] GC(569)   Post Evacuate Collection Set: 1,0ms
[2023-11-12T18:30:33.919+0100][gc,phases     ] GC(569)   Other: 0,3ms
[2023-11-12T18:30:33.919+0100][gc,heap       ] GC(569) Eden regions: 517->0(511)
[2023-11-12T18:30:33.919+0100][gc,heap       ] GC(569) Survivor regions: 30->33(69)
[2023-11-12T18:30:33.919+0100][gc,heap       ] GC(569) Old regions: 215->215
[2023-11-12T18:30:33.919+0100][gc,heap       ] GC(569) Humongous regions: 129->129
[2023-11-12T18:30:33.919+0100][gc,metaspace  ] GC(569) Metaspace: 46699K(49920K)->46699K(49920K) NonClass: 40962K(42752K)->40962K(42752K) Class: 5737K(7168K)->5737K(7168K)
[2023-11-12T18:30:33.919+0100][gc            ] GC(569) Pause Young (Normal) (G1 Evacuation Pause) 888M->374M(1024M) 11,609ms
[2023-11-12T18:30:33.919+0100][gc,cpu        ] GC(569) User=0,13s Sys=0,00s Real=0,01s
[2023-11-12T18:30:34.941+0100][gc,start      ] GC(570) Pause Young (Normal) (G1 Evacuation Pause)
[2023-11-12T18:30:34.941+0100][gc,task       ] GC(570) Using 13 workers of 13 for evacuation
[2023-11-12T18:30:34.945+0100][gc,phases     ] GC(570)   Pre Evacuate Collection Set: 0,0ms
[2023-11-12T18:30:34.945+0100][gc,phases     ] GC(570)   Evacuate Collection Set: 3,4ms
[2023-11-12T18:30:34.945+0100][gc,phases     ] GC(570)   Post Evacuate Collection Set: 0,6ms
[2023-11-12T18:30:34.945+0100][gc,phases     ] GC(570)   Other: 0,2ms
[2023-11-12T18:30:34.945+0100][gc,heap       ] GC(570) Eden regions: 511->0(553)
[2023-11-12T18:30:34.945+0100][gc,heap       ] GC(570) Survivor regions: 33->7(68)
[2023-11-12T18:30:34.945+0100][gc,heap       ] GC(570) Old regions: 215->215
[2023-11-12T18:30:34.945+0100][gc,heap       ] GC(570) Humongous regions: 129->129
[2023-11-12T18:30:34.945+0100][gc,metaspace  ] GC(570) Metaspace: 46699K(49920K)->46699K(49920K) NonClass: 40962K(42752K)->40962K(42752K) Class: 5737K(7168K)->5737K(7168K)
[2023-11-12T18:30:34.945+0100][gc            ] GC(570) Pause Young (Normal) (G1 Evacuation Pause) 885M->349M(1024M) 4,283ms
[2023-11-12T18:30:34.945+0100][gc,cpu        ] GC(570) User=0,04s Sys=0,00s Real=0,01s
[2023-11-12T18:30:36.021+0100][gc,start      ] GC(571) Pause Young (Normal) (G1 Evacuation Pause)
[2023-11-12T18:30:36.021+0100][gc,task       ] GC(571) Using 13 workers of 13 for evacuation
[2023-11-12T18:30:36.026+0100][gc,phases     ] GC(571)   Pre Evacuate Collection Set: 0,0ms
[2023-11-12T18:30:36.027+0100][gc,phases     ] GC(571)   Evacuate Collection Set: 5,2ms
[2023-11-12T18:30:36.027+0100][gc,phases     ] GC(571)   Post Evacuate Collection Set: 0,6ms
[2023-11-12T18:30:36.027+0100][gc,phases     ] GC(571)   Other: 0,2ms
[2023-11-12T18:30:36.027+0100][gc,heap       ] GC(571) Eden regions: 553->0(550)
[2023-11-12T18:30:36.027+0100][gc,heap       ] GC(571) Survivor regions: 7->11(70)
[2023-11-12T18:30:36.027+0100][gc,heap       ] GC(571) Old regions: 215->215
[2023-11-12T18:30:36.027+0100][gc,heap       ] GC(571) Humongous regions: 129->129
[2023-11-12T18:30:36.027+0100][gc,metaspace  ] GC(571) Metaspace: 46699K(49920K)->46699K(49920K) NonClass: 40962K(42752K)->40962K(42752K) Class: 5737K(7168K)->5737K(7168K)
[2023-11-12T18:30:36.027+0100][gc            ] GC(571) Pause Young (Normal) (G1 Evacuation Pause) 902M->352M(1024M) 6,034ms
[2023-11-12T18:30:36.027+0100][gc,cpu        ] GC(571) User=0,06s Sys=0,00s Real=0,01s
[2023-11-12T18:30:37.097+0100][gc,start      ] GC(572) Pause Young (Normal) (G1 Evacuation Pause)
[2023-11-12T18:30:37.097+0100][gc,task       ] GC(572) Using 13 workers of 13 for evacuation
[2023-11-12T18:30:37.104+0100][gc,phases     ] GC(572)   Pre Evacuate Collection Set: 0,0ms
[2023-11-12T18:30:37.104+0100][gc,phases     ] GC(572)   Evacuate Collection Set: 5,9ms
[2023-11-12T18:30:37.104+0100][gc,phases     ] GC(572)   Post Evacuate Collection Set: 0,6ms
[2023-11-12T18:30:37.104+0100][gc,phases     ] GC(572)   Other: 0,2ms
[2023-11-12T18:30:37.104+0100][gc,heap       ] GC(572) Eden regions: 550->0(545)
[2023-11-12T18:30:37.104+0100][gc,heap       ] GC(572) Survivor regions: 11->15(71)
[2023-11-12T18:30:37.104+0100][gc,heap       ] GC(572) Old regions: 215->215
[2023-11-12T18:30:37.104+0100][gc,heap       ] GC(572) Humongous regions: 129->129
[2023-11-12T18:30:37.104+0100][gc,metaspace  ] GC(572) Metaspace: 46699K(49920K)->46699K(49920K) NonClass: 40962K(42752K)->40962K(42752K) Class: 5737K(7168K)->5737K(7168K)
[2023-11-12T18:30:37.104+0100][gc            ] GC(572) Pause Young (Normal) (G1 Evacuation Pause) 902M->357M(1024M) 6,846ms
[2023-11-12T18:30:37.104+0100][gc,cpu        ] GC(572) User=0,06s Sys=0,01s Real=0,01s
[2023-11-12T18:30:38.279+0100][gc,start      ] GC(573) Pause Young (Normal) (G1 Evacuation Pause)
[2023-11-12T18:30:38.279+0100][gc,task       ] GC(573) Using 13 workers of 13 for evacuation
[2023-11-12T18:30:38.286+0100][gc,phases     ] GC(573)   Pre Evacuate Collection Set: 0,0ms
[2023-11-12T18:30:38.286+0100][gc,phases     ] GC(573)   Evacuate Collection Set: 6,0ms
[2023-11-12T18:30:38.286+0100][gc,phases     ] GC(573)   Post Evacuate Collection Set: 0,6ms
[2023-11-12T18:30:38.286+0100][gc,phases     ] GC(573)   Other: 0,2ms
[2023-11-12T18:30:38.286+0100][gc,heap       ] GC(573) Eden regions: 545->0(543)
[2023-11-12T18:30:38.286+0100][gc,heap       ] GC(573) Survivor regions: 15->17(70)
[2023-11-12T18:30:38.286+0100][gc,heap       ] GC(573) Old regions: 215->215
[2023-11-12T18:30:38.286+0100][gc,heap       ] GC(573) Humongous regions: 129->129
[2023-11-12T18:30:38.286+0100][gc,metaspace  ] GC(573) Metaspace: 46699K(49920K)->46699K(49920K) NonClass: 40962K(42752K)->40962K(42752K) Class: 5737K(7168K)->5737K(7168K)
[2023-11-12T18:30:38.286+0100][gc            ] GC(573) Pause Young (Normal) (G1 Evacuation Pause) 902M->359M(1024M) 6,956ms
[2023-11-12T18:30:38.286+0100][gc,cpu        ] GC(573) User=0,06s Sys=0,01s Real=0,01s
[2023-11-12T18:30:39.556+0100][gc,start      ] GC(574) Pause Young (Normal) (G1 Evacuation Pause)
[2023-11-12T18:30:39.556+0100][gc,task       ] GC(574) Using 13 workers of 13 for evacuation
[2023-11-12T18:30:39.564+0100][gc,phases     ] GC(574)   Pre Evacuate Collection Set: 0,0ms
[2023-11-12T18:30:39.564+0100][gc,phases     ] GC(574)   Evacuate Collection Set: 7,2ms
[2023-11-12T18:30:39.564+0100][gc,phases     ] GC(574)   Post Evacuate Collection Set: 0,6ms
[2023-11-12T18:30:39.564+0100][gc,phases     ] GC(574)   Other: 0,2ms
[2023-11-12T18:30:39.564+0100][gc,heap       ] GC(574) Eden regions: 543->0(539)
[2023-11-12T18:30:39.564+0100][gc,heap       ] GC(574) Survivor regions: 17->19(70)
[2023-11-12T18:30:39.564+0100][gc,heap       ] GC(574) Old regions: 215->215
[2023-11-12T18:30:39.564+0100][gc,heap       ] GC(574) Humongous regions: 129->129
[2023-11-12T18:30:39.564+0100][gc,metaspace  ] GC(574) Metaspace: 46699K(49920K)->46699K(49920K) NonClass: 40962K(42752K)->40962K(42752K) Class: 5737K(7168K)->5737K(7168K)
[2023-11-12T18:30:39.564+0100][gc            ] GC(574) Pause Young (Normal) (G1 Evacuation Pause) 902M->361M(1024M) 8,075ms
[2023-11-12T18:30:39.564+0100][gc,cpu        ] GC(574) User=0,09s Sys=0,00s Real=0,01s
[2023-11-12T18:30:40.966+0100][gc,start      ] GC(575) Pause Young (Normal) (G1 Evacuation Pause)
[2023-11-12T18:30:40.966+0100][gc,task       ] GC(575) Using 13 workers of 13 for evacuation
[2023-11-12T18:30:40.977+0100][gc,phases     ] GC(575)   Pre Evacuate Collection Set: 0,0ms
[2023-11-12T18:30:40.977+0100][gc,phases     ] GC(575)   Evacuate Collection Set: 9,9ms
[2023-11-12T18:30:40.977+0100][gc,phases     ] GC(575)   Post Evacuate Collection Set: 0,7ms
[2023-11-12T18:30:40.977+0100][gc,phases     ] GC(575)   Other: 0,2ms
[2023-11-12T18:30:40.977+0100][gc,heap       ] GC(575) Eden regions: 539->0(535)
[2023-11-12T18:30:40.977+0100][gc,heap       ] GC(575) Survivor regions: 19->21(70)
[2023-11-12T18:30:40.977+0100][gc,heap       ] GC(575) Old regions: 215->215
[2023-11-12T18:30:40.977+0100][gc,heap       ] GC(575) Humongous regions: 129->129
[2023-11-12T18:30:40.977+0100][gc,metaspace  ] GC(575) Metaspace: 46699K(49920K)->46699K(49920K) NonClass: 40962K(42752K)->40962K(42752K) Class: 5737K(7168K)->5737K(7168K)
[2023-11-12T18:30:40.977+0100][gc            ] GC(575) Pause Young (Normal) (G1 Evacuation Pause) 900M->363M(1024M) 11,015ms
[2023-11-12T18:30:40.977+0100][gc,cpu        ] GC(575) User=0,11s Sys=0,01s Real=0,01s
[2023-11-12T18:30:42.356+0100][gc,start      ] GC(576) Pause Young (Normal) (G1 Evacuation Pause)
[2023-11-12T18:30:42.356+0100][gc,task       ] GC(576) Using 13 workers of 13 for evacuation
[2023-11-12T18:30:42.366+0100][gc,phases     ] GC(576)   Pre Evacuate Collection Set: 0,0ms
[2023-11-12T18:30:42.366+0100][gc,phases     ] GC(576)   Evacuate Collection Set: 8,7ms
[2023-11-12T18:30:42.366+0100][gc,phases     ] GC(576)   Post Evacuate Collection Set: 0,8ms
[2023-11-12T18:30:42.366+0100][gc,phases     ] GC(576)   Other: 0,2ms
[2023-11-12T18:30:42.366+0100][gc,heap       ] GC(576) Eden regions: 535->0(526)
[2023-11-12T18:30:42.366+0100][gc,heap       ] GC(576) Survivor regions: 21->25(70)
[2023-11-12T18:30:42.366+0100][gc,heap       ] GC(576) Old regions: 215->216
[2023-11-12T18:30:42.366+0100][gc,heap       ] GC(576) Humongous regions: 129->129
[2023-11-12T18:30:42.366+0100][gc,metaspace  ] GC(576) Metaspace: 46713K(49920K)->46713K(49920K) NonClass: 40975K(42752K)->40975K(42752K) Class: 5737K(7168K)->5737K(7168K)
[2023-11-12T18:30:42.366+0100][gc            ] GC(576) Pause Young (Normal) (G1 Evacuation Pause) 898M->367M(1024M) 9,901ms
[2023-11-12T18:30:42.366+0100][gc,cpu        ] GC(576) User=0,12s Sys=0,00s Real=0,01s
[2023-11-12T18:30:43.678+0100][gc,start      ] GC(577) Pause Young (Normal) (G1 Evacuation Pause)
[2023-11-12T18:30:43.678+0100][gc,task       ] GC(577) Using 13 workers of 13 for evacuation
[2023-11-12T18:30:43.688+0100][gc,phases     ] GC(577)   Pre Evacuate Collection Set: 0,0ms
[2023-11-12T18:30:43.688+0100][gc,phases     ] GC(577)   Evacuate Collection Set: 9,7ms
[2023-11-12T18:30:43.688+0100][gc,phases     ] GC(577)   Post Evacuate Collection Set: 0,7ms
[2023-11-12T18:30:43.689+0100][gc,phases     ] GC(577)   Other: 0,2ms
[2023-11-12T18:30:43.689+0100][gc,heap       ] GC(577) Eden regions: 526->0(522)
[2023-11-12T18:30:43.689+0100][gc,heap       ] GC(577) Survivor regions: 25->27(69)
[2023-11-12T18:30:43.689+0100][gc,heap       ] GC(577) Old regions: 216->216
[2023-11-12T18:30:43.689+0100][gc,heap       ] GC(577) Humongous regions: 129->129
[2023-11-12T18:30:43.689+0100][gc,metaspace  ] GC(577) Metaspace: 46713K(49920K)->46713K(49920K) NonClass: 40975K(42752K)->40975K(42752K) Class: 5737K(7168K)->5737K(7168K)
[2023-11-12T18:30:43.689+0100][gc            ] GC(577) Pause Young (Normal) (G1 Evacuation Pause) 893M->369M(1024M) 10,671ms
[2023-11-12T18:30:43.689+0100][gc,cpu        ] GC(577) User=0,12s Sys=0,01s Real=0,01s
[2023-11-12T18:30:44.960+0100][gc,start      ] GC(578) Pause Young (Normal) (G1 Evacuation Pause)
[2023-11-12T18:30:44.960+0100][gc,task       ] GC(578) Using 13 workers of 13 for evacuation
[2023-11-12T18:30:44.971+0100][gc,phases     ] GC(578)   Pre Evacuate Collection Set: 0,0ms
[2023-11-12T18:30:44.971+0100][gc,phases     ] GC(578)   Evacuate Collection Set: 10,2ms
[2023-11-12T18:30:44.971+0100][gc,phases     ] GC(578)   Post Evacuate Collection Set: 0,6ms
[2023-11-12T18:30:44.971+0100][gc,phases     ] GC(578)   Other: 0,2ms
[2023-11-12T18:30:44.971+0100][gc,heap       ] GC(578) Eden regions: 522->0(516)
[2023-11-12T18:30:44.971+0100][gc,heap       ] GC(578) Survivor regions: 27->30(69)
[2023-11-12T18:30:44.971+0100][gc,heap       ] GC(578) Old regions: 216->216
[2023-11-12T18:30:44.971+0100][gc,heap       ] GC(578) Humongous regions: 129->129
[2023-11-12T18:30:44.971+0100][gc,metaspace  ] GC(578) Metaspace: 46713K(49920K)->46713K(49920K) NonClass: 40975K(42752K)->40975K(42752K) Class: 5737K(7168K)->5737K(7168K)
[2023-11-12T18:30:44.971+0100][gc            ] GC(578) Pause Young (Normal) (G1 Evacuation Pause) 891M->372M(1024M) 11,125ms
[2023-11-12T18:30:44.971+0100][gc,cpu        ] GC(578) User=0,12s Sys=0,00s Real=0,01s
[2023-11-12T18:30:46.262+0100][gc,start      ] GC(579) Pause Young (Normal) (G1 Evacuation Pause)
[2023-11-12T18:30:46.262+0100][gc,task       ] GC(579) Using 13 workers of 13 for evacuation
[2023-11-12T18:30:46.273+0100][gc,phases     ] GC(579)   Pre Evacuate Collection Set: 0,0ms
[2023-11-12T18:30:46.273+0100][gc,phases     ] GC(579)   Evacuate Collection Set: 9,8ms
[2023-11-12T18:30:46.273+0100][gc,phases     ] GC(579)   Post Evacuate Collection Set: 0,7ms
[2023-11-12T18:30:46.273+0100][gc,phases     ] GC(579)   Other: 0,3ms
[2023-11-12T18:30:46.273+0100][gc,heap       ] GC(579) Eden regions: 516->0(510)
[2023-11-12T18:30:46.273+0100][gc,heap       ] GC(579) Survivor regions: 30->33(69)
[2023-11-12T18:30:46.273+0100][gc,heap       ] GC(579) Old regions: 216->216
[2023-11-12T18:30:46.273+0100][gc,heap       ] GC(579) Humongous regions: 129->129
[2023-11-12T18:30:46.273+0100][gc,metaspace  ] GC(579) Metaspace: 46713K(49920K)->46713K(49920K) NonClass: 40975K(42752K)->40975K(42752K) Class: 5737K(7168K)->5737K(7168K)
[2023-11-12T18:30:46.273+0100][gc            ] GC(579) Pause Young (Normal) (G1 Evacuation Pause) 888M->375M(1024M) 10,822ms
[2023-11-12T18:30:46.273+0100][gc,cpu        ] GC(579) User=0,10s Sys=0,02s Real=0,00s
[2023-11-12T18:30:47.508+0100][gc,start      ] GC(580) Pause Young (Normal) (G1 Evacuation Pause)
[2023-11-12T18:30:47.508+0100][gc,task       ] GC(580) Using 13 workers of 13 for evacuation
[2023-11-12T18:30:47.512+0100][gc,phases     ] GC(580)   Pre Evacuate Collection Set: 0,0ms
[2023-11-12T18:30:47.512+0100][gc,phases     ] GC(580)   Evacuate Collection Set: 3,5ms
[2023-11-12T18:30:47.512+0100][gc,phases     ] GC(580)   Post Evacuate Collection Set: 0,6ms
[2023-11-12T18:30:47.512+0100][gc,phases     ] GC(580)   Other: 0,2ms
[2023-11-12T18:30:47.512+0100][gc,heap       ] GC(580) Eden regions: 510->0(554)
[2023-11-12T18:30:47.512+0100][gc,heap       ] GC(580) Survivor regions: 33->7(68)
[2023-11-12T18:30:47.512+0100][gc,heap       ] GC(580) Old regions: 216->216
[2023-11-12T18:30:47.512+0100][gc,heap       ] GC(580) Humongous regions: 129->129
[2023-11-12T18:30:47.512+0100][gc,metaspace  ] GC(580) Metaspace: 46713K(49920K)->46713K(49920K) NonClass: 40975K(42752K)->40975K(42752K) Class: 5737K(7168K)->5737K(7168K)
[2023-11-12T18:30:47.512+0100][gc            ] GC(580) Pause Young (Normal) (G1 Evacuation Pause) 885M->350M(1024M) 4,457ms
[2023-11-12T18:30:47.512+0100][gc,cpu        ] GC(580) User=0,05s Sys=0,00s Real=0,00s
[2023-11-12T18:30:48.859+0100][gc,start      ] GC(581) Pause Young (Normal) (G1 Evacuation Pause)
[2023-11-12T18:30:48.859+0100][gc,task       ] GC(581) Using 13 workers of 13 for evacuation
[2023-11-12T18:30:48.864+0100][gc,phases     ] GC(581)   Pre Evacuate Collection Set: 0,0ms
[2023-11-12T18:30:48.864+0100][gc,phases     ] GC(581)   Evacuate Collection Set: 4,3ms
[2023-11-12T18:30:48.864+0100][gc,phases     ] GC(581)   Post Evacuate Collection Set: 0,6ms
[2023-11-12T18:30:48.864+0100][gc,phases     ] GC(581)   Other: 0,2ms
[2023-11-12T18:30:48.864+0100][gc,heap       ] GC(581) Eden regions: 554->0(554)
[2023-11-12T18:30:48.864+0100][gc,heap       ] GC(581) Survivor regions: 7->8(71)
[2023-11-12T18:30:48.864+0100][gc,heap       ] GC(581) Old regions: 216->216
[2023-11-12T18:30:48.864+0100][gc,heap       ] GC(581) Humongous regions: 129->129
[2023-11-12T18:30:48.864+0100][gc,metaspace  ] GC(581) Metaspace: 46713K(49920K)->46713K(49920K) NonClass: 40975K(42752K)->40975K(42752K) Class: 5737K(7168K)->5737K(7168K)
[2023-11-12T18:30:48.865+0100][gc            ] GC(581) Pause Young (Normal) (G1 Evacuation Pause) 904M->350M(1024M) 5,159ms
[2023-11-12T18:30:48.865+0100][gc,cpu        ] GC(581) User=0,05s Sys=0,00s Real=0,01s
[2023-11-12T18:30:50.242+0100][gc,start      ] GC(582) Pause Young (Normal) (G1 Evacuation Pause)
[2023-11-12T18:30:50.242+0100][gc,task       ] GC(582) Using 13 workers of 13 for evacuation
[2023-11-12T18:30:50.248+0100][gc,phases     ] GC(582)   Pre Evacuate Collection Set: 0,0ms
[2023-11-12T18:30:50.248+0100][gc,phases     ] GC(582)   Evacuate Collection Set: 4,6ms
[2023-11-12T18:30:50.248+0100][gc,phases     ] GC(582)   Post Evacuate Collection Set: 0,6ms
[2023-11-12T18:30:50.248+0100][gc,phases     ] GC(582)   Other: 0,2ms
[2023-11-12T18:30:50.248+0100][gc,heap       ] GC(582) Eden regions: 554->0(553)
[2023-11-12T18:30:50.248+0100][gc,heap       ] GC(582) Survivor regions: 8->10(71)
[2023-11-12T18:30:50.248+0100][gc,heap       ] GC(582) Old regions: 216->216
[2023-11-12T18:30:50.248+0100][gc,heap       ] GC(582) Humongous regions: 129->129
[2023-11-12T18:30:50.248+0100][gc,metaspace  ] GC(582) Metaspace: 46713K(49920K)->46713K(49920K) NonClass: 40975K(42752K)->40975K(42752K) Class: 5737K(7168K)->5737K(7168K)
[2023-11-12T18:30:50.248+0100][gc            ] GC(582) Pause Young (Normal) (G1 Evacuation Pause) 904M->353M(1024M) 5,501ms
[2023-11-12T18:30:50.248+0100][gc,cpu        ] GC(582) User=0,05s Sys=0,00s Real=0,00s
[2023-11-12T18:30:51.597+0100][gc,start      ] GC(583) Pause Young (Normal) (G1 Evacuation Pause)
[2023-11-12T18:30:51.598+0100][gc,task       ] GC(583) Using 13 workers of 13 for evacuation
[2023-11-12T18:30:51.604+0100][gc,phases     ] GC(583)   Pre Evacuate Collection Set: 0,0ms
[2023-11-12T18:30:51.604+0100][gc,phases     ] GC(583)   Evacuate Collection Set: 5,2ms
[2023-11-12T18:30:51.604+0100][gc,phases     ] GC(583)   Post Evacuate Collection Set: 0,6ms
[2023-11-12T18:30:51.604+0100][gc,phases     ] GC(583)   Other: 0,2ms
[2023-11-12T18:30:51.604+0100][gc,heap       ] GC(583) Eden regions: 553->0(552)
[2023-11-12T18:30:51.604+0100][gc,heap       ] GC(583) Survivor regions: 10->12(71)
[2023-11-12T18:30:51.604+0100][gc,heap       ] GC(583) Old regions: 216->216
[2023-11-12T18:30:51.604+0100][gc,heap       ] GC(583) Humongous regions: 129->129
[2023-11-12T18:30:51.604+0100][gc,metaspace  ] GC(583) Metaspace: 46713K(49920K)->46713K(49920K) NonClass: 40975K(42752K)->40975K(42752K) Class: 5737K(7168K)->5737K(7168K)
[2023-11-12T18:30:51.604+0100][gc            ] GC(583) Pause Young (Normal) (G1 Evacuation Pause) 906M->355M(1024M) 6,155ms
[2023-11-12T18:30:51.604+0100][gc,cpu        ] GC(583) User=0,06s Sys=0,01s Real=0,01s
[2023-11-12T18:30:52.926+0100][gc,start      ] GC(584) Pause Young (Normal) (G1 Evacuation Pause)
[2023-11-12T18:30:52.926+0100][gc,task       ] GC(584) Using 13 workers of 13 for evacuation
[2023-11-12T18:30:52.932+0100][gc,phases     ] GC(584)   Pre Evacuate Collection Set: 0,0ms
[2023-11-12T18:30:52.932+0100][gc,phases     ] GC(584)   Evacuate Collection Set: 5,8ms
[2023-11-12T18:30:52.932+0100][gc,phases     ] GC(584)   Post Evacuate Collection Set: 0,6ms
[2023-11-12T18:30:52.932+0100][gc,phases     ] GC(584)   Other: 0,2ms
[2023-11-12T18:30:52.932+0100][gc,heap       ] GC(584) Eden regions: 552->0(544)
[2023-11-12T18:30:52.932+0100][gc,heap       ] GC(584) Survivor regions: 12->16(71)
[2023-11-12T18:30:52.932+0100][gc,heap       ] GC(584) Old regions: 216->216
[2023-11-12T18:30:52.932+0100][gc,heap       ] GC(584) Humongous regions: 129->129
[2023-11-12T18:30:52.932+0100][gc,metaspace  ] GC(584) Metaspace: 46713K(49920K)->46713K(49920K) NonClass: 40975K(42752K)->40975K(42752K) Class: 5737K(7168K)->5737K(7168K)
[2023-11-12T18:30:52.932+0100][gc            ] GC(584) Pause Young (Normal) (G1 Evacuation Pause) 907M->358M(1024M) 6,686ms
[2023-11-12T18:30:52.932+0100][gc,cpu        ] GC(584) User=0,06s Sys=0,01s Real=0,00s
[2023-11-12T18:30:54.286+0100][gc,start      ] GC(585) Pause Young (Normal) (G1 Evacuation Pause)
[2023-11-12T18:30:54.286+0100][gc,task       ] GC(585) Using 13 workers of 13 for evacuation
[2023-11-12T18:30:54.293+0100][gc,phases     ] GC(585)   Pre Evacuate Collection Set: 0,0ms
[2023-11-12T18:30:54.293+0100][gc,phases     ] GC(585)   Evacuate Collection Set: 6,3ms
[2023-11-12T18:30:54.293+0100][gc,phases     ] GC(585)   Post Evacuate Collection Set: 0,6ms
[2023-11-12T18:30:54.293+0100][gc,phases     ] GC(585)   Other: 0,2ms
[2023-11-12T18:30:54.293+0100][gc,heap       ] GC(585) Eden regions: 544->0(539)
[2023-11-12T18:30:54.293+0100][gc,heap       ] GC(585) Survivor regions: 16->18(70)
[2023-11-12T18:30:54.293+0100][gc,heap       ] GC(585) Old regions: 216->217
[2023-11-12T18:30:54.293+0100][gc,heap       ] GC(585) Humongous regions: 129->129
[2023-11-12T18:30:54.293+0100][gc,metaspace  ] GC(585) Metaspace: 46713K(49920K)->46713K(49920K) NonClass: 40975K(42752K)->40975K(42752K) Class: 5737K(7168K)->5737K(7168K)
[2023-11-12T18:30:54.293+0100][gc            ] GC(585) Pause Young (Normal) (G1 Evacuation Pause) 902M->361M(1024M) 7,164ms
[2023-11-12T18:30:54.293+0100][gc,cpu        ] GC(585) User=0,06s Sys=0,02s Real=0,01s
[2023-11-12T18:30:55.594+0100][gc,start      ] GC(586) Pause Young (Normal) (G1 Evacuation Pause)
[2023-11-12T18:30:55.594+0100][gc,task       ] GC(586) Using 13 workers of 13 for evacuation
[2023-11-12T18:30:55.602+0100][gc,phases     ] GC(586)   Pre Evacuate Collection Set: 0,0ms
[2023-11-12T18:30:55.602+0100][gc,phases     ] GC(586)   Evacuate Collection Set: 7,4ms
[2023-11-12T18:30:55.602+0100][gc,phases     ] GC(586)   Post Evacuate Collection Set: 0,7ms
[2023-11-12T18:30:55.602+0100][gc,phases     ] GC(586)   Other: 0,2ms
[2023-11-12T18:30:55.602+0100][gc,heap       ] GC(586) Eden regions: 539->0(535)
[2023-11-12T18:30:55.602+0100][gc,heap       ] GC(586) Survivor regions: 18->20(70)
[2023-11-12T18:30:55.602+0100][gc,heap       ] GC(586) Old regions: 217->217
[2023-11-12T18:30:55.602+0100][gc,heap       ] GC(586) Humongous regions: 129->129
[2023-11-12T18:30:55.602+0100][gc,metaspace  ] GC(586) Metaspace: 46713K(49920K)->46713K(49920K) NonClass: 40975K(42752K)->40975K(42752K) Class: 5737K(7168K)->5737K(7168K)
[2023-11-12T18:30:55.602+0100][gc            ] GC(586) Pause Young (Normal) (G1 Evacuation Pause) 900M->363M(1024M) 8,427ms
[2023-11-12T18:30:55.602+0100][gc,cpu        ] GC(586) User=0,07s Sys=0,02s Real=0,01s
[2023-11-12T18:30:56.931+0100][gc,start      ] GC(587) Pause Young (Normal) (G1 Evacuation Pause)
[2023-11-12T18:30:56.931+0100][gc,task       ] GC(587) Using 13 workers of 13 for evacuation
[2023-11-12T18:30:56.939+0100][gc,phases     ] GC(587)   Pre Evacuate Collection Set: 0,0ms
[2023-11-12T18:30:56.939+0100][gc,phases     ] GC(587)   Evacuate Collection Set: 7,6ms
[2023-11-12T18:30:56.939+0100][gc,phases     ] GC(587)   Post Evacuate Collection Set: 0,6ms
[2023-11-12T18:30:56.939+0100][gc,phases     ] GC(587)   Other: 0,2ms
[2023-11-12T18:30:56.939+0100][gc,heap       ] GC(587) Eden regions: 535->0(527)
[2023-11-12T18:30:56.939+0100][gc,heap       ] GC(587) Survivor regions: 20->24(70)
[2023-11-12T18:30:56.939+0100][gc,heap       ] GC(587) Old regions: 217->217
[2023-11-12T18:30:56.939+0100][gc,heap       ] GC(587) Humongous regions: 129->129
[2023-11-12T18:30:56.939+0100][gc,metaspace  ] GC(587) Metaspace: 46713K(49920K)->46713K(49920K) NonClass: 40975K(42752K)->40975K(42752K) Class: 5737K(7168K)->5737K(7168K)
[2023-11-12T18:30:56.939+0100][gc            ] GC(587) Pause Young (Normal) (G1 Evacuation Pause) 898M->367M(1024M) 8,475ms
[2023-11-12T18:30:56.939+0100][gc,cpu        ] GC(587) User=0,08s Sys=0,01s Real=0,01s
[2023-11-12T18:30:58.238+0100][gc,start      ] GC(588) Pause Young (Normal) (G1 Evacuation Pause)
[2023-11-12T18:30:58.239+0100][gc,task       ] GC(588) Using 13 workers of 13 for evacuation
[2023-11-12T18:30:58.247+0100][gc,phases     ] GC(588)   Pre Evacuate Collection Set: 0,0ms
[2023-11-12T18:30:58.247+0100][gc,phases     ] GC(588)   Evacuate Collection Set: 7,9ms
[2023-11-12T18:30:58.247+0100][gc,phases     ] GC(588)   Post Evacuate Collection Set: 0,6ms
[2023-11-12T18:30:58.247+0100][gc,phases     ] GC(588)   Other: 0,2ms
[2023-11-12T18:30:58.247+0100][gc,heap       ] GC(588) Eden regions: 527->0(523)
[2023-11-12T18:30:58.247+0100][gc,heap       ] GC(588) Survivor regions: 24->26(69)
[2023-11-12T18:30:58.247+0100][gc,heap       ] GC(588) Old regions: 217->217
[2023-11-12T18:30:58.247+0100][gc,heap       ] GC(588) Humongous regions: 129->129
[2023-11-12T18:30:58.247+0100][gc,metaspace  ] GC(588) Metaspace: 46713K(49920K)->46713K(49920K) NonClass: 40975K(42752K)->40975K(42752K) Class: 5737K(7168K)->5737K(7168K)
[2023-11-12T18:30:58.247+0100][gc            ] GC(588) Pause Young (Normal) (G1 Evacuation Pause) 894M->369M(1024M) 8,884ms
[2023-11-12T18:30:58.247+0100][gc,cpu        ] GC(588) User=0,10s Sys=0,00s Real=0,01s
[2023-11-12T18:30:59.548+0100][gc,start      ] GC(589) Pause Young (Normal) (G1 Evacuation Pause)
[2023-11-12T18:30:59.548+0100][gc,task       ] GC(589) Using 13 workers of 13 for evacuation
[2023-11-12T18:30:59.563+0100][gc,phases     ] GC(589)   Pre Evacuate Collection Set: 0,0ms
[2023-11-12T18:30:59.563+0100][gc,phases     ] GC(589)   Evacuate Collection Set: 14,0ms
[2023-11-12T18:30:59.563+0100][gc,phases     ] GC(589)   Post Evacuate Collection Set: 0,7ms
[2023-11-12T18:30:59.563+0100][gc,phases     ] GC(589)   Other: 0,3ms
[2023-11-12T18:30:59.563+0100][gc,heap       ] GC(589) Eden regions: 523->0(517)
[2023-11-12T18:30:59.563+0100][gc,heap       ] GC(589) Survivor regions: 26->29(69)
[2023-11-12T18:30:59.563+0100][gc,heap       ] GC(589) Old regions: 217->217
[2023-11-12T18:30:59.563+0100][gc,heap       ] GC(589) Humongous regions: 129->129
[2023-11-12T18:30:59.563+0100][gc,metaspace  ] GC(589) Metaspace: 46713K(49920K)->46713K(49920K) NonClass: 40975K(42752K)->40975K(42752K) Class: 5737K(7168K)->5737K(7168K)
[2023-11-12T18:30:59.563+0100][gc            ] GC(589) Pause Young (Normal) (G1 Evacuation Pause) 892M->372M(1024M) 15,178ms
[2023-11-12T18:30:59.563+0100][gc,cpu        ] GC(589) User=0,15s Sys=0,00s Real=0,02s
[2023-11-12T18:31:00.857+0100][gc,start      ] GC(590) Pause Young (Normal) (G1 Evacuation Pause)
[2023-11-12T18:31:00.857+0100][gc,task       ] GC(590) Using 13 workers of 13 for evacuation
[2023-11-12T18:31:00.870+0100][gc,phases     ] GC(590)   Pre Evacuate Collection Set: 0,0ms
[2023-11-12T18:31:00.870+0100][gc,phases     ] GC(590)   Evacuate Collection Set: 11,2ms
[2023-11-12T18:31:00.870+0100][gc,phases     ] GC(590)   Post Evacuate Collection Set: 0,7ms
[2023-11-12T18:31:00.870+0100][gc,phases     ] GC(590)   Other: 0,3ms
[2023-11-12T18:31:00.870+0100][gc,heap       ] GC(590) Eden regions: 517->0(511)
[2023-11-12T18:31:00.870+0100][gc,heap       ] GC(590) Survivor regions: 29->32(69)
[2023-11-12T18:31:00.870+0100][gc,heap       ] GC(590) Old regions: 217->217
[2023-11-12T18:31:00.870+0100][gc,heap       ] GC(590) Humongous regions: 129->129
[2023-11-12T18:31:00.870+0100][gc,metaspace  ] GC(590) Metaspace: 46713K(49920K)->46713K(49920K) NonClass: 40975K(42752K)->40975K(42752K) Class: 5737K(7168K)->5737K(7168K)
[2023-11-12T18:31:00.870+0100][gc            ] GC(590) Pause Young (Normal) (G1 Evacuation Pause) 889M->375M(1024M) 12,249ms
[2023-11-12T18:31:00.870+0100][gc,cpu        ] GC(590) User=0,08s Sys=0,02s Real=0,01s
[2023-11-12T18:31:02.164+0100][gc,start      ] GC(591) Pause Young (Normal) (G1 Evacuation Pause)
[2023-11-12T18:31:02.164+0100][gc,task       ] GC(591) Using 13 workers of 13 for evacuation
[2023-11-12T18:31:02.167+0100][gc,phases     ] GC(591)   Pre Evacuate Collection Set: 0,0ms
[2023-11-12T18:31:02.167+0100][gc,phases     ] GC(591)   Evacuate Collection Set: 2,2ms
[2023-11-12T18:31:02.167+0100][gc,phases     ] GC(591)   Post Evacuate Collection Set: 0,6ms
[2023-11-12T18:31:02.167+0100][gc,phases     ] GC(591)   Other: 0,2ms
[2023-11-12T18:31:02.167+0100][gc,heap       ] GC(591) Eden regions: 511->0(554)
[2023-11-12T18:31:02.167+0100][gc,heap       ] GC(591) Survivor regions: 32->6(68)
[2023-11-12T18:31:02.167+0100][gc,heap       ] GC(591) Old regions: 217->217
[2023-11-12T18:31:02.167+0100][gc,heap       ] GC(591) Humongous regions: 129->129
[2023-11-12T18:31:02.167+0100][gc,metaspace  ] GC(591) Metaspace: 46713K(49920K)->46713K(49920K) NonClass: 40975K(42752K)->40975K(42752K) Class: 5737K(7168K)->5737K(7168K)
[2023-11-12T18:31:02.167+0100][gc            ] GC(591) Pause Young (Normal) (G1 Evacuation Pause) 886M->350M(1024M) 3,089ms
[2023-11-12T18:31:02.167+0100][gc,cpu        ] GC(591) User=0,03s Sys=0,00s Real=0,00s
[2023-11-12T18:31:03.538+0100][gc,start      ] GC(592) Pause Young (Normal) (G1 Evacuation Pause)
[2023-11-12T18:31:03.538+0100][gc,task       ] GC(592) Using 13 workers of 13 for evacuation
[2023-11-12T18:31:03.542+0100][gc,phases     ] GC(592)   Pre Evacuate Collection Set: 0,0ms
[2023-11-12T18:31:03.542+0100][gc,phases     ] GC(592)   Evacuate Collection Set: 3,3ms
[2023-11-12T18:31:03.542+0100][gc,phases     ] GC(592)   Post Evacuate Collection Set: 0,5ms
[2023-11-12T18:31:03.542+0100][gc,phases     ] GC(592)   Other: 0,2ms
[2023-11-12T18:31:03.542+0100][gc,heap       ] GC(592) Eden regions: 554->0(555)
[2023-11-12T18:31:03.542+0100][gc,heap       ] GC(592) Survivor regions: 6->6(70)
[2023-11-12T18:31:03.542+0100][gc,heap       ] GC(592) Old regions: 217->217
[2023-11-12T18:31:03.542+0100][gc,heap       ] GC(592) Humongous regions: 129->129
[2023-11-12T18:31:03.542+0100][gc,metaspace  ] GC(592) Metaspace: 46713K(49920K)->46713K(49920K) NonClass: 40975K(42752K)->40975K(42752K) Class: 5737K(7168K)->5737K(7168K)
[2023-11-12T18:31:03.542+0100][gc            ] GC(592) Pause Young (Normal) (G1 Evacuation Pause) 904M->350M(1024M) 4,140ms
[2023-11-12T18:31:03.542+0100][gc,cpu        ] GC(592) User=0,03s Sys=0,00s Real=0,01s
[2023-11-12T18:31:04.896+0100][gc,start      ] GC(593) Pause Young (Normal) (G1 Evacuation Pause)
[2023-11-12T18:31:04.896+0100][gc,task       ] GC(593) Using 13 workers of 13 for evacuation
[2023-11-12T18:31:04.901+0100][gc,phases     ] GC(593)   Pre Evacuate Collection Set: 0,0ms
[2023-11-12T18:31:04.901+0100][gc,phases     ] GC(593)   Evacuate Collection Set: 3,5ms
[2023-11-12T18:31:04.901+0100][gc,phases     ] GC(593)   Post Evacuate Collection Set: 0,6ms
[2023-11-12T18:31:04.901+0100][gc,phases     ] GC(593)   Other: 0,2ms
[2023-11-12T18:31:04.901+0100][gc,heap       ] GC(593) Eden regions: 555->0(554)
[2023-11-12T18:31:04.901+0100][gc,heap       ] GC(593) Survivor regions: 6->8(71)
[2023-11-12T18:31:04.901+0100][gc,heap       ] GC(593) Old regions: 217->217
[2023-11-12T18:31:04.901+0100][gc,heap       ] GC(593) Humongous regions: 129->129
[2023-11-12T18:31:04.901+0100][gc,metaspace  ] GC(593) Metaspace: 46713K(49920K)->46713K(49920K) NonClass: 40975K(42752K)->40975K(42752K) Class: 5737K(7168K)->5737K(7168K)
[2023-11-12T18:31:04.901+0100][gc            ] GC(593) Pause Young (Normal) (G1 Evacuation Pause) 905M->352M(1024M) 4,419ms
[2023-11-12T18:31:04.901+0100][gc,cpu        ] GC(593) User=0,05s Sys=0,00s Real=0,00s
[2023-11-12T18:31:06.237+0100][gc,start      ] GC(594) Pause Young (Normal) (G1 Evacuation Pause)
[2023-11-12T18:31:06.237+0100][gc,task       ] GC(594) Using 13 workers of 13 for evacuation
[2023-11-12T18:31:06.242+0100][gc,phases     ] GC(594)   Pre Evacuate Collection Set: 0,0ms
[2023-11-12T18:31:06.242+0100][gc,phases     ] GC(594)   Evacuate Collection Set: 4,3ms
[2023-11-12T18:31:06.242+0100][gc,phases     ] GC(594)   Post Evacuate Collection Set: 0,7ms
[2023-11-12T18:31:06.242+0100][gc,phases     ] GC(594)   Other: 0,2ms
[2023-11-12T18:31:06.242+0100][gc,heap       ] GC(594) Eden regions: 554->0(551)
[2023-11-12T18:31:06.242+0100][gc,heap       ] GC(594) Survivor regions: 8->11(71)
[2023-11-12T18:31:06.242+0100][gc,heap       ] GC(594) Old regions: 217->218
[2023-11-12T18:31:06.242+0100][gc,heap       ] GC(594) Humongous regions: 129->129
[2023-11-12T18:31:06.242+0100][gc,metaspace  ] GC(594) Metaspace: 46713K(49920K)->46713K(49920K) NonClass: 40975K(42752K)->40975K(42752K) Class: 5737K(7168K)->5737K(7168K)
[2023-11-12T18:31:06.242+0100][gc            ] GC(594) Pause Young (Normal) (G1 Evacuation Pause) 906M->355M(1024M) 5,402ms
[2023-11-12T18:31:06.242+0100][gc,cpu        ] GC(594) User=0,04s Sys=0,01s Real=0,01s
[2023-11-12T18:31:07.599+0100][gc,start      ] GC(595) Pause Young (Normal) (G1 Evacuation Pause)
[2023-11-12T18:31:07.599+0100][gc,task       ] GC(595) Using 13 workers of 13 for evacuation
[2023-11-12T18:31:07.605+0100][gc,phases     ] GC(595)   Pre Evacuate Collection Set: 0,0ms
[2023-11-12T18:31:07.605+0100][gc,phases     ] GC(595)   Evacuate Collection Set: 4,6ms
[2023-11-12T18:31:07.605+0100][gc,phases     ] GC(595)   Post Evacuate Collection Set: 0,6ms
[2023-11-12T18:31:07.605+0100][gc,phases     ] GC(595)   Other: 0,2ms
[2023-11-12T18:31:07.605+0100][gc,heap       ] GC(595) Eden regions: 551->0(546)
[2023-11-12T18:31:07.605+0100][gc,heap       ] GC(595) Survivor regions: 11->14(71)
[2023-11-12T18:31:07.605+0100][gc,heap       ] GC(595) Old regions: 218->218
[2023-11-12T18:31:07.605+0100][gc,heap       ] GC(595) Humongous regions: 129->129
[2023-11-12T18:31:07.605+0100][gc,metaspace  ] GC(595) Metaspace: 46713K(49920K)->46713K(49920K) NonClass: 40975K(42752K)->40975K(42752K) Class: 5737K(7168K)->5737K(7168K)
[2023-11-12T18:31:07.605+0100][gc            ] GC(595) Pause Young (Normal) (G1 Evacuation Pause) 906M->358M(1024M) 5,478ms
[2023-11-12T18:31:07.605+0100][gc,cpu        ] GC(595) User=0,05s Sys=0,01s Real=0,01s
[2023-11-12T18:31:08.925+0100][gc,start      ] GC(596) Pause Young (Normal) (G1 Evacuation Pause)
[2023-11-12T18:31:08.925+0100][gc,task       ] GC(596) Using 13 workers of 13 for evacuation
[2023-11-12T18:31:08.931+0100][gc,phases     ] GC(596)   Pre Evacuate Collection Set: 0,0ms
[2023-11-12T18:31:08.931+0100][gc,phases     ] GC(596)   Evacuate Collection Set: 5,3ms
[2023-11-12T18:31:08.931+0100][gc,phases     ] GC(596)   Post Evacuate Collection Set: 0,6ms
[2023-11-12T18:31:08.931+0100][gc,phases     ] GC(596)   Other: 0,2ms
[2023-11-12T18:31:08.931+0100][gc,heap       ] GC(596) Eden regions: 546->0(540)
[2023-11-12T18:31:08.931+0100][gc,heap       ] GC(596) Survivor regions: 14->17(70)
[2023-11-12T18:31:08.931+0100][gc,heap       ] GC(596) Old regions: 218->218
[2023-11-12T18:31:08.931+0100][gc,heap       ] GC(596) Humongous regions: 129->129
[2023-11-12T18:31:08.931+0100][gc,metaspace  ] GC(596) Metaspace: 46713K(49920K)->46713K(49920K) NonClass: 40975K(42752K)->40975K(42752K) Class: 5737K(7168K)->5737K(7168K)
[2023-11-12T18:31:08.931+0100][gc            ] GC(596) Pause Young (Normal) (G1 Evacuation Pause) 904M->361M(1024M) 6,264ms
[2023-11-12T18:31:08.931+0100][gc,cpu        ] GC(596) User=0,07s Sys=0,00s Real=0,00s
[2023-11-12T18:31:10.283+0100][gc,start      ] GC(597) Pause Young (Normal) (G1 Evacuation Pause)
[2023-11-12T18:31:10.283+0100][gc,task       ] GC(597) Using 13 workers of 13 for evacuation
[2023-11-12T18:31:10.290+0100][gc,phases     ] GC(597)   Pre Evacuate Collection Set: 0,0ms
[2023-11-12T18:31:10.290+0100][gc,phases     ] GC(597)   Evacuate Collection Set: 6,3ms
[2023-11-12T18:31:10.290+0100][gc,phases     ] GC(597)   Post Evacuate Collection Set: 0,7ms
[2023-11-12T18:31:10.290+0100][gc,phases     ] GC(597)   Other: 0,2ms
[2023-11-12T18:31:10.290+0100][gc,heap       ] GC(597) Eden regions: 540->0(536)
[2023-11-12T18:31:10.290+0100][gc,heap       ] GC(597) Survivor regions: 17->19(70)
[2023-11-12T18:31:10.290+0100][gc,heap       ] GC(597) Old regions: 218->218
[2023-11-12T18:31:10.290+0100][gc,heap       ] GC(597) Humongous regions: 129->129
[2023-11-12T18:31:10.290+0100][gc,metaspace  ] GC(597) Metaspace: 46713K(49920K)->46713K(49920K) NonClass: 40975K(42752K)->40975K(42752K) Class: 5737K(7168K)->5737K(7168K)
[2023-11-12T18:31:10.290+0100][gc            ] GC(597) Pause Young (Normal) (G1 Evacuation Pause) 901M->363M(1024M) 7,303ms
[2023-11-12T18:31:10.290+0100][gc,cpu        ] GC(597) User=0,07s Sys=0,02s Real=0,00s
[2023-11-12T18:31:11.688+0100][gc,start      ] GC(598) Pause Young (Normal) (G1 Evacuation Pause)
[2023-11-12T18:31:11.688+0100][gc,task       ] GC(598) Using 13 workers of 13 for evacuation
[2023-11-12T18:31:11.697+0100][gc,phases     ] GC(598)   Pre Evacuate Collection Set: 0,0ms
[2023-11-12T18:31:11.697+0100][gc,phases     ] GC(598)   Evacuate Collection Set: 7,3ms
[2023-11-12T18:31:11.697+0100][gc,phases     ] GC(598)   Post Evacuate Collection Set: 0,7ms
[2023-11-12T18:31:11.697+0100][gc,phases     ] GC(598)   Other: 0,3ms
[2023-11-12T18:31:11.697+0100][gc,heap       ] GC(598) Eden regions: 536->0(530)
[2023-11-12T18:31:11.697+0100][gc,heap       ] GC(598) Survivor regions: 19->22(70)
[2023-11-12T18:31:11.697+0100][gc,heap       ] GC(598) Old regions: 218->218
[2023-11-12T18:31:11.697+0100][gc,heap       ] GC(598) Humongous regions: 129->129
[2023-11-12T18:31:11.697+0100][gc,metaspace  ] GC(598) Metaspace: 46723K(49920K)->46723K(49920K) NonClass: 40985K(42752K)->40985K(42752K) Class: 5737K(7168K)->5737K(7168K)
[2023-11-12T18:31:11.697+0100][gc            ] GC(598) Pause Young (Normal) (G1 Evacuation Pause) 899M->366M(1024M) 8,417ms
[2023-11-12T18:31:11.697+0100][gc,cpu        ] GC(598) User=0,10s Sys=0,00s Real=0,01s
[2023-11-12T18:31:13.074+0100][gc,start      ] GC(599) Pause Young (Normal) (G1 Evacuation Pause)
[2023-11-12T18:31:13.074+0100][gc,task       ] GC(599) Using 13 workers of 13 for evacuation
[2023-11-12T18:31:13.082+0100][gc,phases     ] GC(599)   Pre Evacuate Collection Set: 0,0ms
[2023-11-12T18:31:13.082+0100][gc,phases     ] GC(599)   Evacuate Collection Set: 7,7ms
[2023-11-12T18:31:13.082+0100][gc,phases     ] GC(599)   Post Evacuate Collection Set: 0,6ms
[2023-11-12T18:31:13.082+0100][gc,phases     ] GC(599)   Other: 0,3ms
[2023-11-12T18:31:13.082+0100][gc,heap       ] GC(599) Eden regions: 530->0(524)
[2023-11-12T18:31:13.082+0100][gc,heap       ] GC(599) Survivor regions: 22->25(69)
[2023-11-12T18:31:13.082+0100][gc,heap       ] GC(599) Old regions: 218->218
[2023-11-12T18:31:13.082+0100][gc,heap       ] GC(599) Humongous regions: 129->129
[2023-11-12T18:31:13.082+0100][gc,metaspace  ] GC(599) Metaspace: 46723K(49920K)->46723K(49920K) NonClass: 40985K(42752K)->40985K(42752K) Class: 5737K(7168K)->5737K(7168K)
[2023-11-12T18:31:13.082+0100][gc            ] GC(599) Pause Young (Normal) (G1 Evacuation Pause) 896M->369M(1024M) 8,627ms
[2023-11-12T18:31:13.082+0100][gc,cpu        ] GC(599) User=0,08s Sys=0,02s Real=0,01s
[2023-11-12T18:31:14.375+0100][gc,start      ] GC(600) Pause Young (Normal) (G1 Evacuation Pause)
[2023-11-12T18:31:14.375+0100][gc,task       ] GC(600) Using 13 workers of 13 for evacuation
[2023-11-12T18:31:14.384+0100][gc,phases     ] GC(600)   Pre Evacuate Collection Set: 0,0ms
[2023-11-12T18:31:14.384+0100][gc,phases     ] GC(600)   Evacuate Collection Set: 8,1ms
[2023-11-12T18:31:14.384+0100][gc,phases     ] GC(600)   Post Evacuate Collection Set: 0,6ms
[2023-11-12T18:31:14.384+0100][gc,phases     ] GC(600)   Other: 0,2ms
[2023-11-12T18:31:14.384+0100][gc,heap       ] GC(600) Eden regions: 524->0(518)
[2023-11-12T18:31:14.384+0100][gc,heap       ] GC(600) Survivor regions: 25->28(69)
[2023-11-12T18:31:14.384+0100][gc,heap       ] GC(600) Old regions: 218->218
[2023-11-12T18:31:14.384+0100][gc,heap       ] GC(600) Humongous regions: 129->129
[2023-11-12T18:31:14.384+0100][gc,metaspace  ] GC(600) Metaspace: 46723K(49920K)->46723K(49920K) NonClass: 40985K(42752K)->40985K(42752K) Class: 5737K(7168K)->5737K(7168K)
[2023-11-12T18:31:14.384+0100][gc            ] GC(600) Pause Young (Normal) (G1 Evacuation Pause) 893M->372M(1024M) 8,989ms
[2023-11-12T18:31:14.384+0100][gc,cpu        ] GC(600) User=0,11s Sys=0,00s Real=0,01s
[2023-11-12T18:31:15.602+0100][gc,start      ] GC(601) Pause Young (Normal) (G1 Evacuation Pause)
[2023-11-12T18:31:15.602+0100][gc,task       ] GC(601) Using 13 workers of 13 for evacuation
[2023-11-12T18:31:15.612+0100][gc,phases     ] GC(601)   Pre Evacuate Collection Set: 0,0ms
[2023-11-12T18:31:15.612+0100][gc,phases     ] GC(601)   Evacuate Collection Set: 8,9ms
[2023-11-12T18:31:15.612+0100][gc,phases     ] GC(601)   Post Evacuate Collection Set: 0,6ms
[2023-11-12T18:31:15.612+0100][gc,phases     ] GC(601)   Other: 0,3ms
[2023-11-12T18:31:15.612+0100][gc,heap       ] GC(601) Eden regions: 518->0(512)
[2023-11-12T18:31:15.612+0100][gc,heap       ] GC(601) Survivor regions: 28->31(69)
[2023-11-12T18:31:15.612+0100][gc,heap       ] GC(601) Old regions: 218->218
[2023-11-12T18:31:15.612+0100][gc,heap       ] GC(601) Humongous regions: 129->129
[2023-11-12T18:31:15.612+0100][gc,metaspace  ] GC(601) Metaspace: 46723K(49920K)->46723K(49920K) NonClass: 40985K(42752K)->40985K(42752K) Class: 5737K(7168K)->5737K(7168K)
[2023-11-12T18:31:15.612+0100][gc            ] GC(601) Pause Young (Normal) (G1 Evacuation Pause) 890M->375M(1024M) 9,897ms
[2023-11-12T18:31:15.612+0100][gc,cpu        ] GC(601) User=0,09s Sys=0,01s Real=0,00s
[2023-11-12T18:31:16.871+0100][gc,start      ] GC(602) Pause Young (Normal) (G1 Evacuation Pause)
[2023-11-12T18:31:16.871+0100][gc,task       ] GC(602) Using 13 workers of 13 for evacuation
[2023-11-12T18:31:16.883+0100][gc,phases     ] GC(602)   Pre Evacuate Collection Set: 0,0ms
[2023-11-12T18:31:16.883+0100][gc,phases     ] GC(602)   Evacuate Collection Set: 11,2ms
[2023-11-12T18:31:16.883+0100][gc,phases     ] GC(602)   Post Evacuate Collection Set: 0,8ms
[2023-11-12T18:31:16.883+0100][gc,phases     ] GC(602)   Other: 0,3ms
[2023-11-12T18:31:16.883+0100][gc,heap       ] GC(602) Eden regions: 512->0(508)
[2023-11-12T18:31:16.883+0100][gc,heap       ] GC(602) Survivor regions: 31->33(68)
[2023-11-12T18:31:16.883+0100][gc,heap       ] GC(602) Old regions: 218->218
[2023-11-12T18:31:16.883+0100][gc,heap       ] GC(602) Humongous regions: 129->129
[2023-11-12T18:31:16.883+0100][gc,metaspace  ] GC(602) Metaspace: 46723K(49920K)->46723K(49920K) NonClass: 40985K(42752K)->40985K(42752K) Class: 5737K(7168K)->5737K(7168K)
[2023-11-12T18:31:16.883+0100][gc            ] GC(602) Pause Young (Normal) (G1 Evacuation Pause) 887M->377M(1024M) 12,387ms
[2023-11-12T18:31:16.883+0100][gc,cpu        ] GC(602) User=0,12s Sys=0,00s Real=0,02s
[2023-11-12T18:31:18.115+0100][gc,start      ] GC(603) Pause Young (Normal) (G1 Evacuation Pause)
[2023-11-12T18:31:18.116+0100][gc,task       ] GC(603) Using 13 workers of 13 for evacuation
[2023-11-12T18:31:18.119+0100][gc,phases     ] GC(603)   Pre Evacuate Collection Set: 0,0ms
[2023-11-12T18:31:18.119+0100][gc,phases     ] GC(603)   Evacuate Collection Set: 2,4ms
[2023-11-12T18:31:18.119+0100][gc,phases     ] GC(603)   Post Evacuate Collection Set: 0,5ms
[2023-11-12T18:31:18.119+0100][gc,phases     ] GC(603)   Other: 0,2ms
[2023-11-12T18:31:18.119+0100][gc,heap       ] GC(603) Eden regions: 508->0(556)
[2023-11-12T18:31:18.119+0100][gc,heap       ] GC(603) Survivor regions: 33->6(68)
[2023-11-12T18:31:18.119+0100][gc,heap       ] GC(603) Old regions: 218->218
[2023-11-12T18:31:18.119+0100][gc,heap       ] GC(603) Humongous regions: 129->129
[2023-11-12T18:31:18.119+0100][gc,metaspace  ] GC(603) Metaspace: 46723K(49920K)->46723K(49920K) NonClass: 40985K(42752K)->40985K(42752K) Class: 5737K(7168K)->5737K(7168K)
[2023-11-12T18:31:18.119+0100][gc            ] GC(603) Pause Young (Normal) (G1 Evacuation Pause) 885M->351M(1024M) 3,306ms
[2023-11-12T18:31:18.119+0100][gc,cpu        ] GC(603) User=0,03s Sys=0,00s Real=0,00s
[2023-11-12T18:31:19.458+0100][gc,start      ] GC(604) Pause Young (Normal) (G1 Evacuation Pause)
[2023-11-12T18:31:19.458+0100][gc,task       ] GC(604) Using 13 workers of 13 for evacuation
[2023-11-12T18:31:19.461+0100][gc,phases     ] GC(604)   Pre Evacuate Collection Set: 0,0ms
[2023-11-12T18:31:19.461+0100][gc,phases     ] GC(604)   Evacuate Collection Set: 3,0ms
[2023-11-12T18:31:19.461+0100][gc,phases     ] GC(604)   Post Evacuate Collection Set: 0,6ms
[2023-11-12T18:31:19.461+0100][gc,phases     ] GC(604)   Other: 0,2ms
[2023-11-12T18:31:19.461+0100][gc,heap       ] GC(604) Eden regions: 556->0(555)
[2023-11-12T18:31:19.461+0100][gc,heap       ] GC(604) Survivor regions: 6->7(71)
[2023-11-12T18:31:19.461+0100][gc,heap       ] GC(604) Old regions: 218->218
[2023-11-12T18:31:19.461+0100][gc,heap       ] GC(604) Humongous regions: 129->129
[2023-11-12T18:31:19.461+0100][gc,metaspace  ] GC(604) Metaspace: 46723K(49920K)->46723K(49920K) NonClass: 40985K(42752K)->40985K(42752K) Class: 5737K(7168K)->5737K(7168K)
[2023-11-12T18:31:19.461+0100][gc            ] GC(604) Pause Young (Normal) (G1 Evacuation Pause) 907M->352M(1024M) 3,874ms
[2023-11-12T18:31:19.461+0100][gc,cpu        ] GC(604) User=0,01s Sys=0,03s Real=0,01s
[2023-11-12T18:31:20.875+0100][gc,start      ] GC(605) Pause Young (Normal) (G1 Evacuation Pause)
[2023-11-12T18:31:20.875+0100][gc,task       ] GC(605) Using 13 workers of 13 for evacuation
[2023-11-12T18:31:20.880+0100][gc,phases     ] GC(605)   Pre Evacuate Collection Set: 0,0ms
[2023-11-12T18:31:20.880+0100][gc,phases     ] GC(605)   Evacuate Collection Set: 4,3ms
[2023-11-12T18:31:20.880+0100][gc,phases     ] GC(605)   Post Evacuate Collection Set: 0,5ms
[2023-11-12T18:31:20.880+0100][gc,phases     ] GC(605)   Other: 0,2ms
[2023-11-12T18:31:20.880+0100][gc,heap       ] GC(605) Eden regions: 555->0(554)
[2023-11-12T18:31:20.880+0100][gc,heap       ] GC(605) Survivor regions: 7->9(71)
[2023-11-12T18:31:20.880+0100][gc,heap       ] GC(605) Old regions: 218->218
[2023-11-12T18:31:20.880+0100][gc,heap       ] GC(605) Humongous regions: 129->129
[2023-11-12T18:31:20.880+0100][gc,metaspace  ] GC(605) Metaspace: 46723K(49920K)->46723K(49920K) NonClass: 40985K(42752K)->40985K(42752K) Class: 5737K(7168K)->5737K(7168K)
[2023-11-12T18:31:20.880+0100][gc            ] GC(605) Pause Young (Normal) (G1 Evacuation Pause) 907M->354M(1024M) 5,188ms
[2023-11-12T18:31:20.880+0100][gc,cpu        ] GC(605) User=0,04s Sys=0,00s Real=0,00s
[2023-11-12T18:31:22.284+0100][gc,start      ] GC(606) Pause Young (Normal) (G1 Evacuation Pause)
[2023-11-12T18:31:22.284+0100][gc,task       ] GC(606) Using 13 workers of 13 for evacuation
[2023-11-12T18:31:22.289+0100][gc,phases     ] GC(606)   Pre Evacuate Collection Set: 0,0ms
[2023-11-12T18:31:22.289+0100][gc,phases     ] GC(606)   Evacuate Collection Set: 4,5ms
[2023-11-12T18:31:22.289+0100][gc,phases     ] GC(606)   Post Evacuate Collection Set: 0,5ms
[2023-11-12T18:31:22.289+0100][gc,phases     ] GC(606)   Other: 0,2ms
[2023-11-12T18:31:22.289+0100][gc,heap       ] GC(606) Eden regions: 554->0(550)
[2023-11-12T18:31:22.289+0100][gc,heap       ] GC(606) Survivor regions: 9->12(71)
[2023-11-12T18:31:22.289+0100][gc,heap       ] GC(606) Old regions: 218->218
[2023-11-12T18:31:22.289+0100][gc,heap       ] GC(606) Humongous regions: 129->129
[2023-11-12T18:31:22.289+0100][gc,metaspace  ] GC(606) Metaspace: 46723K(49920K)->46723K(49920K) NonClass: 40985K(42752K)->40985K(42752K) Class: 5737K(7168K)->5737K(7168K)
[2023-11-12T18:31:22.289+0100][gc            ] GC(606) Pause Young (Normal) (G1 Evacuation Pause) 908M->356M(1024M) 5,428ms
[2023-11-12T18:31:22.289+0100][gc,cpu        ] GC(606) User=0,05s Sys=0,00s Real=0,00s
[2023-11-12T18:31:23.730+0100][gc,start      ] GC(607) Pause Young (Normal) (G1 Evacuation Pause)
[2023-11-12T18:31:23.730+0100][gc,task       ] GC(607) Using 13 workers of 13 for evacuation
[2023-11-12T18:31:23.735+0100][gc,phases     ] GC(607)   Pre Evacuate Collection Set: 0,0ms
[2023-11-12T18:31:23.735+0100][gc,phases     ] GC(607)   Evacuate Collection Set: 4,7ms
[2023-11-12T18:31:23.735+0100][gc,phases     ] GC(607)   Post Evacuate Collection Set: 0,5ms
[2023-11-12T18:31:23.735+0100][gc,phases     ] GC(607)   Other: 0,2ms
[2023-11-12T18:31:23.735+0100][gc,heap       ] GC(607) Eden regions: 550->0(546)
[2023-11-12T18:31:23.735+0100][gc,heap       ] GC(607) Survivor regions: 12->14(71)
[2023-11-12T18:31:23.735+0100][gc,heap       ] GC(607) Old regions: 218->218
[2023-11-12T18:31:23.735+0100][gc,heap       ] GC(607) Humongous regions: 129->129
[2023-11-12T18:31:23.735+0100][gc,metaspace  ] GC(607) Metaspace: 46723K(49920K)->46723K(49920K) NonClass: 40985K(42752K)->40985K(42752K) Class: 5737K(7168K)->5737K(7168K)
[2023-11-12T18:31:23.735+0100][gc            ] GC(607) Pause Young (Normal) (G1 Evacuation Pause) 906M->358M(1024M) 5,524ms
[2023-11-12T18:31:23.735+0100][gc,cpu        ] GC(607) User=0,04s Sys=0,02s Real=0,01s
[2023-11-12T18:31:25.183+0100][gc,start      ] GC(608) Pause Young (Normal) (G1 Evacuation Pause)
[2023-11-12T18:31:25.183+0100][gc,task       ] GC(608) Using 13 workers of 13 for evacuation
[2023-11-12T18:31:25.189+0100][gc,phases     ] GC(608)   Pre Evacuate Collection Set: 0,0ms
[2023-11-12T18:31:25.189+0100][gc,phases     ] GC(608)   Evacuate Collection Set: 5,0ms
[2023-11-12T18:31:25.189+0100][gc,phases     ] GC(608)   Post Evacuate Collection Set: 0,6ms
[2023-11-12T18:31:25.189+0100][gc,phases     ] GC(608)   Other: 0,2ms
[2023-11-12T18:31:25.189+0100][gc,heap       ] GC(608) Eden regions: 546->0(544)
[2023-11-12T18:31:25.189+0100][gc,heap       ] GC(608) Survivor regions: 14->15(70)
[2023-11-12T18:31:25.189+0100][gc,heap       ] GC(608) Old regions: 218->218
[2023-11-12T18:31:25.189+0100][gc,heap       ] GC(608) Humongous regions: 129->129
[2023-11-12T18:31:25.189+0100][gc,metaspace  ] GC(608) Metaspace: 46723K(49920K)->46723K(49920K) NonClass: 40985K(42752K)->40985K(42752K) Class: 5737K(7168K)->5737K(7168K)
[2023-11-12T18:31:25.189+0100][gc            ] GC(608) Pause Young (Normal) (G1 Evacuation Pause) 904M->360M(1024M) 5,893ms
[2023-11-12T18:31:25.189+0100][gc,cpu        ] GC(608) User=0,06s Sys=0,01s Real=0,00s
[2023-11-12T18:31:26.666+0100][gc,start      ] GC(609) Pause Young (Normal) (G1 Evacuation Pause)
[2023-11-12T18:31:26.667+0100][gc,task       ] GC(609) Using 13 workers of 13 for evacuation
[2023-11-12T18:31:26.673+0100][gc,phases     ] GC(609)   Pre Evacuate Collection Set: 0,0ms
[2023-11-12T18:31:26.673+0100][gc,phases     ] GC(609)   Evacuate Collection Set: 6,1ms
[2023-11-12T18:31:26.673+0100][gc,phases     ] GC(609)   Post Evacuate Collection Set: 0,6ms
[2023-11-12T18:31:26.673+0100][gc,phases     ] GC(609)   Other: 0,2ms
[2023-11-12T18:31:26.673+0100][gc,heap       ] GC(609) Eden regions: 544->0(540)
[2023-11-12T18:31:26.673+0100][gc,heap       ] GC(609) Survivor regions: 15->17(70)
[2023-11-12T18:31:26.673+0100][gc,heap       ] GC(609) Old regions: 218->218
[2023-11-12T18:31:26.673+0100][gc,heap       ] GC(609) Humongous regions: 129->129
[2023-11-12T18:31:26.673+0100][gc,metaspace  ] GC(609) Metaspace: 46723K(49920K)->46723K(49920K) NonClass: 40985K(42752K)->40985K(42752K) Class: 5737K(7168K)->5737K(7168K)
[2023-11-12T18:31:26.673+0100][gc            ] GC(609) Pause Young (Normal) (G1 Evacuation Pause) 904M->361M(1024M) 7,023ms
[2023-11-12T18:31:26.674+0100][gc,cpu        ] GC(609) User=0,05s Sys=0,03s Real=0,01s
[2023-11-12T18:31:28.246+0100][gc,start      ] GC(610) Pause Young (Normal) (G1 Evacuation Pause)
[2023-11-12T18:31:28.246+0100][gc,task       ] GC(610) Using 13 workers of 13 for evacuation
[2023-11-12T18:31:28.254+0100][gc,phases     ] GC(610)   Pre Evacuate Collection Set: 0,0ms
[2023-11-12T18:31:28.254+0100][gc,phases     ] GC(610)   Evacuate Collection Set: 6,3ms
[2023-11-12T18:31:28.254+0100][gc,phases     ] GC(610)   Post Evacuate Collection Set: 0,7ms
[2023-11-12T18:31:28.254+0100][gc,phases     ] GC(610)   Other: 0,3ms
[2023-11-12T18:31:28.254+0100][gc,heap       ] GC(610) Eden regions: 540->0(538)
[2023-11-12T18:31:28.254+0100][gc,heap       ] GC(610) Survivor regions: 17->18(70)
[2023-11-12T18:31:28.254+0100][gc,heap       ] GC(610) Old regions: 218->218
[2023-11-12T18:31:28.254+0100][gc,heap       ] GC(610) Humongous regions: 129->129
[2023-11-12T18:31:28.254+0100][gc,metaspace  ] GC(610) Metaspace: 46723K(49920K)->46723K(49920K) NonClass: 40985K(42752K)->40985K(42752K) Class: 5737K(7168K)->5737K(7168K)
[2023-11-12T18:31:28.254+0100][gc            ] GC(610) Pause Young (Normal) (G1 Evacuation Pause) 901M->363M(1024M) 7,471ms
[2023-11-12T18:31:28.254+0100][gc,cpu        ] GC(610) User=0,07s Sys=0,00s Real=0,01s
[2023-11-12T18:31:30.037+0100][gc,start      ] GC(611) Pause Young (Normal) (G1 Evacuation Pause)
[2023-11-12T18:31:30.037+0100][gc,task       ] GC(611) Using 13 workers of 13 for evacuation
[2023-11-12T18:31:30.045+0100][gc,phases     ] GC(611)   Pre Evacuate Collection Set: 0,0ms
[2023-11-12T18:31:30.045+0100][gc,phases     ] GC(611)   Evacuate Collection Set: 7,0ms
[2023-11-12T18:31:30.045+0100][gc,phases     ] GC(611)   Post Evacuate Collection Set: 0,6ms
[2023-11-12T18:31:30.045+0100][gc,phases     ] GC(611)   Other: 0,3ms
[2023-11-12T18:31:30.045+0100][gc,heap       ] GC(611) Eden regions: 538->0(536)
[2023-11-12T18:31:30.045+0100][gc,heap       ] GC(611) Survivor regions: 18->19(70)
[2023-11-12T18:31:30.045+0100][gc,heap       ] GC(611) Old regions: 218->218
[2023-11-12T18:31:30.045+0100][gc,heap       ] GC(611) Humongous regions: 129->129
[2023-11-12T18:31:30.045+0100][gc,metaspace  ] GC(611) Metaspace: 46723K(49920K)->46723K(49920K) NonClass: 40985K(42752K)->40985K(42752K) Class: 5737K(7168K)->5737K(7168K)
[2023-11-12T18:31:30.045+0100][gc            ] GC(611) Pause Young (Normal) (G1 Evacuation Pause) 901M->364M(1024M) 7,959ms
[2023-11-12T18:31:30.045+0100][gc,cpu        ] GC(611) User=0,09s Sys=0,00s Real=0,01s
[2023-11-12T18:31:32.100+0100][gc,start      ] GC(612) Pause Young (Normal) (G1 Evacuation Pause)
[2023-11-12T18:31:32.100+0100][gc,task       ] GC(612) Using 13 workers of 13 for evacuation
[2023-11-12T18:31:32.107+0100][gc,phases     ] GC(612)   Pre Evacuate Collection Set: 0,0ms
[2023-11-12T18:31:32.107+0100][gc,phases     ] GC(612)   Evacuate Collection Set: 6,6ms
[2023-11-12T18:31:32.107+0100][gc,phases     ] GC(612)   Post Evacuate Collection Set: 0,6ms
[2023-11-12T18:31:32.107+0100][gc,phases     ] GC(612)   Other: 0,2ms
[2023-11-12T18:31:32.107+0100][gc,heap       ] GC(612) Eden regions: 536->0(533)
[2023-11-12T18:31:32.107+0100][gc,heap       ] GC(612) Survivor regions: 19->20(70)
[2023-11-12T18:31:32.107+0100][gc,heap       ] GC(612) Old regions: 218->219
[2023-11-12T18:31:32.107+0100][gc,heap       ] GC(612) Humongous regions: 129->129
[2023-11-12T18:31:32.107+0100][gc,metaspace  ] GC(612) Metaspace: 46723K(49920K)->46723K(49920K) NonClass: 40985K(42752K)->40985K(42752K) Class: 5737K(7168K)->5737K(7168K)
[2023-11-12T18:31:32.107+0100][gc            ] GC(612) Pause Young (Normal) (G1 Evacuation Pause) 900M->365M(1024M) 7,490ms
[2023-11-12T18:31:32.107+0100][gc,cpu        ] GC(612) User=0,08s Sys=0,00s Real=0,01s
[2023-11-12T18:31:34.226+0100][gc,start      ] GC(613) Pause Young (Normal) (G1 Evacuation Pause)
[2023-11-12T18:31:34.226+0100][gc,task       ] GC(613) Using 13 workers of 13 for evacuation
[2023-11-12T18:31:34.234+0100][gc,phases     ] GC(613)   Pre Evacuate Collection Set: 0,0ms
[2023-11-12T18:31:34.234+0100][gc,phases     ] GC(613)   Evacuate Collection Set: 6,9ms
[2023-11-12T18:31:34.234+0100][gc,phases     ] GC(613)   Post Evacuate Collection Set: 0,6ms
[2023-11-12T18:31:34.234+0100][gc,phases     ] GC(613)   Other: 0,2ms
[2023-11-12T18:31:34.234+0100][gc,heap       ] GC(613) Eden regions: 533->0(531)
[2023-11-12T18:31:34.234+0100][gc,heap       ] GC(613) Survivor regions: 20->21(70)
[2023-11-12T18:31:34.234+0100][gc,heap       ] GC(613) Old regions: 219->219
[2023-11-12T18:31:34.234+0100][gc,heap       ] GC(613) Humongous regions: 129->129
[2023-11-12T18:31:34.234+0100][gc,metaspace  ] GC(613) Metaspace: 46723K(49920K)->46723K(49920K) NonClass: 40985K(42752K)->40985K(42752K) Class: 5737K(7168K)->5737K(7168K)
[2023-11-12T18:31:34.234+0100][gc            ] GC(613) Pause Young (Normal) (G1 Evacuation Pause) 898M->366M(1024M) 7,818ms
[2023-11-12T18:31:34.234+0100][gc,cpu        ] GC(613) User=0,07s Sys=0,02s Real=0,01s
[2023-11-12T18:33:39.619+0100][gc,start      ] GC(614) Pause Young (Normal) (G1 Evacuation Pause)
[2023-11-12T18:33:39.619+0100][gc,task       ] GC(614) Using 13 workers of 13 for evacuation
[2023-11-12T18:33:39.632+0100][gc,phases     ] GC(614)   Pre Evacuate Collection Set: 0,0ms
[2023-11-12T18:33:39.632+0100][gc,phases     ] GC(614)   Evacuate Collection Set: 10,9ms
[2023-11-12T18:33:39.632+0100][gc,phases     ] GC(614)   Post Evacuate Collection Set: 1,0ms
[2023-11-12T18:33:39.632+0100][gc,phases     ] GC(614)   Other: 0,4ms
[2023-11-12T18:33:39.632+0100][gc,heap       ] GC(614) Eden regions: 531->0(529)
[2023-11-12T18:33:39.632+0100][gc,heap       ] GC(614) Survivor regions: 21->22(69)
[2023-11-12T18:33:39.632+0100][gc,heap       ] GC(614) Old regions: 219->219
[2023-11-12T18:33:39.632+0100][gc,heap       ] GC(614) Humongous regions: 129->129
[2023-11-12T18:33:39.632+0100][gc,metaspace  ] GC(614) Metaspace: 47290K(50688K)->47290K(50688K) NonClass: 41369K(43264K)->41369K(43264K) Class: 5920K(7424K)->5920K(7424K)
[2023-11-12T18:33:39.632+0100][gc            ] GC(614) Pause Young (Normal) (G1 Evacuation Pause) 897M->367M(1024M) 12,610ms
[2023-11-12T18:33:39.632+0100][gc,cpu        ] GC(614) User=0,15s Sys=0,00s Real=0,01s
[2023-11-12T18:35:25.886+0100][gc,start      ] GC(615) Pause Young (Normal) (G1 Evacuation Pause)
[2023-11-12T18:35:25.886+0100][gc,task       ] GC(615) Using 13 workers of 13 for evacuation
[2023-11-12T18:35:25.904+0100][gc,phases     ] GC(615)   Pre Evacuate Collection Set: 0,0ms
[2023-11-12T18:35:25.904+0100][gc,phases     ] GC(615)   Evacuate Collection Set: 15,8ms
[2023-11-12T18:35:25.904+0100][gc,phases     ] GC(615)   Post Evacuate Collection Set: 1,4ms
[2023-11-12T18:35:25.904+0100][gc,phases     ] GC(615)   Other: 0,4ms
[2023-11-12T18:35:25.904+0100][gc,heap       ] GC(615) Eden regions: 182->0(37)
[2023-11-12T18:35:25.904+0100][gc,heap       ] GC(615) Survivor regions: 22->14(26)
[2023-11-12T18:35:25.904+0100][gc,heap       ] GC(615) Old regions: 219->219
[2023-11-12T18:35:25.904+0100][gc,heap       ] GC(615) Humongous regions: 129->129
[2023-11-12T18:35:25.904+0100][gc,metaspace  ] GC(615) Metaspace: 48253K(51968K)->48253K(51968K) NonClass: 42219K(44288K)->42219K(44288K) Class: 6033K(7680K)->6033K(7680K)
[2023-11-12T18:35:25.904+0100][gc            ] GC(615) Pause Young (Normal) (G1 Evacuation Pause) 549M->360M(1024M) 17,758ms
[2023-11-12T18:35:25.904+0100][gc,cpu        ] GC(615) User=0,19s Sys=0,02s Real=0,02s
[2023-11-12T18:35:26.895+0100][gc,start      ] GC(616) Pause Young (Normal) (G1 Evacuation Pause)
[2023-11-12T18:35:26.895+0100][gc,task       ] GC(616) Using 13 workers of 13 for evacuation
[2023-11-12T18:35:26.919+0100][gc,mmu        ] GC(616) MMU target violated: 21,0ms (20,0ms/21,0ms)
[2023-11-12T18:35:26.919+0100][gc,phases     ] GC(616)   Pre Evacuate Collection Set: 0,0ms
[2023-11-12T18:35:26.919+0100][gc,phases     ] GC(616)   Evacuate Collection Set: 23,0ms
[2023-11-12T18:35:26.919+0100][gc,phases     ] GC(616)   Post Evacuate Collection Set: 1,4ms
[2023-11-12T18:35:26.919+0100][gc,phases     ] GC(616)   Other: 0,5ms
[2023-11-12T18:35:26.919+0100][gc,heap       ] GC(616) Eden regions: 37->0(48)
[2023-11-12T18:35:26.919+0100][gc,heap       ] GC(616) Survivor regions: 14->3(7)
[2023-11-12T18:35:26.919+0100][gc,heap       ] GC(616) Old regions: 219->232
[2023-11-12T18:35:26.919+0100][gc,heap       ] GC(616) Humongous regions: 129->129
[2023-11-12T18:35:26.919+0100][gc,metaspace  ] GC(616) Metaspace: 48253K(51968K)->48253K(51968K) NonClass: 42219K(44288K)->42219K(44288K) Class: 6033K(7680K)->6033K(7680K)
[2023-11-12T18:35:26.919+0100][gc            ] GC(616) Pause Young (Normal) (G1 Evacuation Pause) 397M->361M(1024M) 24,932ms
[2023-11-12T18:35:26.919+0100][gc,cpu        ] GC(616) User=0,25s Sys=0,02s Real=0,02s
[2023-11-12T18:35:27.560+0100][gc,start      ] GC(617) Pause Young (Concurrent Start) (G1 Evacuation Pause)
[2023-11-12T18:35:27.560+0100][gc,task       ] GC(617) Using 13 workers of 13 for evacuation
[2023-11-12T18:35:27.567+0100][gc,phases     ] GC(617)   Pre Evacuate Collection Set: 0,4ms
[2023-11-12T18:35:27.567+0100][gc,phases     ] GC(617)   Evacuate Collection Set: 5,2ms
[2023-11-12T18:35:27.567+0100][gc,phases     ] GC(617)   Post Evacuate Collection Set: 0,9ms
[2023-11-12T18:35:27.567+0100][gc,phases     ] GC(617)   Other: 0,4ms
[2023-11-12T18:35:27.567+0100][gc,heap       ] GC(617) Eden regions: 48->0(54)
[2023-11-12T18:35:27.567+0100][gc,heap       ] GC(617) Survivor regions: 3->3(7)
[2023-11-12T18:35:27.567+0100][gc,heap       ] GC(617) Old regions: 232->232
[2023-11-12T18:35:27.567+0100][gc,heap       ] GC(617) Humongous regions: 129->129
[2023-11-12T18:35:27.567+0100][gc,metaspace  ] GC(617) Metaspace: 48253K(51968K)->48253K(51968K) NonClass: 42219K(44288K)->42219K(44288K) Class: 6033K(7680K)->6033K(7680K)
[2023-11-12T18:35:27.567+0100][gc            ] GC(617) Pause Young (Concurrent Start) (G1 Evacuation Pause) 409M->361M(1024M) 7,038ms
[2023-11-12T18:35:27.567+0100][gc,cpu        ] GC(617) User=0,06s Sys=0,01s Real=0,01s
[2023-11-12T18:35:27.567+0100][gc            ] GC(618) Concurrent Cycle
[2023-11-12T18:35:27.567+0100][gc,marking    ] GC(618) Concurrent Clear Claimed Marks
[2023-11-12T18:35:27.568+0100][gc,marking    ] GC(618) Concurrent Clear Claimed Marks 0,477ms
[2023-11-12T18:35:27.568+0100][gc,marking    ] GC(618) Concurrent Scan Root Regions
[2023-11-12T18:35:27.571+0100][gc,marking    ] GC(618) Concurrent Scan Root Regions 3,749ms
[2023-11-12T18:35:27.572+0100][gc,marking    ] GC(618) Concurrent Mark (3622,218s)
[2023-11-12T18:35:27.572+0100][gc,marking    ] GC(618) Concurrent Mark From Roots
[2023-11-12T18:35:27.572+0100][gc,task       ] GC(618) Using 3 workers of 3 for marking
[2023-11-12T18:35:27.600+0100][gc,marking    ] GC(618) Concurrent Mark From Roots 28,624ms
[2023-11-12T18:35:27.600+0100][gc,marking    ] GC(618) Concurrent Preclean
[2023-11-12T18:35:27.601+0100][gc,marking    ] GC(618) Concurrent Preclean 0,585ms
[2023-11-12T18:35:27.601+0100][gc,marking    ] GC(618) Concurrent Mark (3622,218s, 3622,247s) 29,311ms
[2023-11-12T18:35:27.601+0100][gc,start      ] GC(618) Pause Remark
[2023-11-12T18:35:27.608+0100][gc,stringtable] GC(618) Cleaned string and symbol table, strings: 19407 processed, 297 removed, symbols: 94742 processed, 3 removed
[2023-11-12T18:35:27.609+0100][gc            ] GC(618) Pause Remark 364M->318M(1024M) 7,984ms
[2023-11-12T18:35:27.609+0100][gc,cpu        ] GC(618) User=0,07s Sys=0,01s Real=0,01s
[2023-11-12T18:35:27.609+0100][gc,marking    ] GC(618) Concurrent Rebuild Remembered Sets
[2023-11-12T18:35:27.625+0100][gc,marking    ] GC(618) Concurrent Rebuild Remembered Sets 16,302ms
[2023-11-12T18:35:27.626+0100][gc,start      ] GC(618) Pause Cleanup
[2023-11-12T18:35:27.626+0100][gc            ] GC(618) Pause Cleanup 319M->319M(1024M) 0,267ms
[2023-11-12T18:35:27.626+0100][gc,cpu        ] GC(618) User=0,00s Sys=0,00s Real=0,00s
[2023-11-12T18:35:27.626+0100][gc,marking    ] GC(618) Concurrent Cleanup for Next Mark
[2023-11-12T18:35:27.628+0100][gc,marking    ] GC(618) Concurrent Cleanup for Next Mark 1,664ms
[2023-11-12T18:35:27.628+0100][gc            ] GC(618) Concurrent Cycle 60,522ms
[2023-11-12T18:35:28.211+0100][gc,start      ] GC(619) Pause Young (Prepare Mixed) (G1 Evacuation Pause)
[2023-11-12T18:35:28.211+0100][gc,task       ] GC(619) Using 13 workers of 13 for evacuation
[2023-11-12T18:35:28.218+0100][gc,phases     ] GC(619)   Pre Evacuate Collection Set: 0,0ms
[2023-11-12T18:35:28.218+0100][gc,phases     ] GC(619)   Evacuate Collection Set: 5,8ms
[2023-11-12T18:35:28.218+0100][gc,phases     ] GC(619)   Post Evacuate Collection Set: 0,8ms
[2023-11-12T18:35:28.218+0100][gc,phases     ] GC(619)   Other: 0,5ms
[2023-11-12T18:35:28.218+0100][gc,heap       ] GC(619) Eden regions: 54->0(48)
[2023-11-12T18:35:28.218+0100][gc,heap       ] GC(619) Survivor regions: 3->3(8)
[2023-11-12T18:35:28.218+0100][gc,heap       ] GC(619) Old regions: 186->186
[2023-11-12T18:35:28.218+0100][gc,heap       ] GC(619) Humongous regions: 129->129
[2023-11-12T18:35:28.218+0100][gc,metaspace  ] GC(619) Metaspace: 47964K(51968K)->47964K(51968K) NonClass: 42034K(44288K)->42034K(44288K) Class: 5930K(7680K)->5930K(7680K)
[2023-11-12T18:35:28.218+0100][gc            ] GC(619) Pause Young (Prepare Mixed) (G1 Evacuation Pause) 369M->314M(1024M) 7,345ms
[2023-11-12T18:35:28.218+0100][gc,cpu        ] GC(619) User=0,05s Sys=0,02s Real=0,01s
[2023-11-12T18:35:28.591+0100][gc,start      ] GC(620) Pause Young (Mixed) (G1 Evacuation Pause)
[2023-11-12T18:35:28.591+0100][gc,task       ] GC(620) Using 13 workers of 13 for evacuation
[2023-11-12T18:35:28.595+0100][gc,phases     ] GC(620)   Pre Evacuate Collection Set: 0,0ms
[2023-11-12T18:35:28.596+0100][gc,phases     ] GC(620)   Evacuate Collection Set: 3,5ms
[2023-11-12T18:35:28.596+0100][gc,phases     ] GC(620)   Post Evacuate Collection Set: 0,7ms
[2023-11-12T18:35:28.596+0100][gc,phases     ] GC(620)   Other: 0,3ms
[2023-11-12T18:35:28.596+0100][gc,heap       ] GC(620) Eden regions: 48->0(48)
[2023-11-12T18:35:28.596+0100][gc,heap       ] GC(620) Survivor regions: 3->3(7)
[2023-11-12T18:35:28.596+0100][gc,heap       ] GC(620) Old regions: 186->165
[2023-11-12T18:35:28.596+0100][gc,heap       ] GC(620) Humongous regions: 129->129
[2023-11-12T18:35:28.596+0100][gc,metaspace  ] GC(620) Metaspace: 47964K(51968K)->47964K(51968K) NonClass: 42034K(44288K)->42034K(44288K) Class: 5930K(7680K)->5930K(7680K)
[2023-11-12T18:35:28.596+0100][gc            ] GC(620) Pause Young (Mixed) (G1 Evacuation Pause) 362M->294M(1024M) 4,717ms
[2023-11-12T18:35:28.596+0100][gc,cpu        ] GC(620) User=0,04s Sys=0,00s Real=0,01s
[2023-11-12T18:35:28.972+0100][gc,start      ] GC(621) Pause Young (Mixed) (G1 Evacuation Pause)
[2023-11-12T18:35:28.972+0100][gc,task       ] GC(621) Using 13 workers of 13 for evacuation
[2023-11-12T18:35:28.977+0100][gc,phases     ] GC(621)   Pre Evacuate Collection Set: 0,0ms
[2023-11-12T18:35:28.977+0100][gc,phases     ] GC(621)   Evacuate Collection Set: 3,6ms
[2023-11-12T18:35:28.977+0100][gc,phases     ] GC(621)   Post Evacuate Collection Set: 0,6ms
[2023-11-12T18:35:28.977+0100][gc,phases     ] GC(621)   Other: 0,3ms
[2023-11-12T18:35:28.977+0100][gc,heap       ] GC(621) Eden regions: 48->0(48)
[2023-11-12T18:35:28.977+0100][gc,heap       ] GC(621) Survivor regions: 3->3(7)
[2023-11-12T18:35:28.977+0100][gc,heap       ] GC(621) Old regions: 165->144
[2023-11-12T18:35:28.977+0100][gc,heap       ] GC(621) Humongous regions: 129->129
[2023-11-12T18:35:28.977+0100][gc,metaspace  ] GC(621) Metaspace: 47964K(51968K)->47964K(51968K) NonClass: 42034K(44288K)->42034K(44288K) Class: 5930K(7680K)->5930K(7680K)
[2023-11-12T18:35:28.977+0100][gc            ] GC(621) Pause Young (Mixed) (G1 Evacuation Pause) 342M->273M(1024M) 4,640ms
[2023-11-12T18:35:28.977+0100][gc,cpu        ] GC(621) User=0,04s Sys=0,00s Real=0,01s
[2023-11-12T18:35:29.342+0100][gc,start      ] GC(622) Pause Young (Mixed) (G1 Evacuation Pause)
[2023-11-12T18:35:29.342+0100][gc,task       ] GC(622) Using 13 workers of 13 for evacuation
[2023-11-12T18:35:29.347+0100][gc,phases     ] GC(622)   Pre Evacuate Collection Set: 0,0ms
[2023-11-12T18:35:29.347+0100][gc,phases     ] GC(622)   Evacuate Collection Set: 4,9ms
[2023-11-12T18:35:29.347+0100][gc,phases     ] GC(622)   Post Evacuate Collection Set: 0,5ms
[2023-11-12T18:35:29.347+0100][gc,phases     ] GC(622)   Other: 0,3ms
[2023-11-12T18:35:29.347+0100][gc,heap       ] GC(622) Eden regions: 48->0(48)
[2023-11-12T18:35:29.347+0100][gc,heap       ] GC(622) Survivor regions: 3->3(7)
[2023-11-12T18:35:29.347+0100][gc,heap       ] GC(622) Old regions: 144->123
[2023-11-12T18:35:29.347+0100][gc,heap       ] GC(622) Humongous regions: 129->129
[2023-11-12T18:35:29.347+0100][gc,metaspace  ] GC(622) Metaspace: 47964K(51968K)->47964K(51968K) NonClass: 42034K(44288K)->42034K(44288K) Class: 5930K(7680K)->5930K(7680K)
[2023-11-12T18:35:29.347+0100][gc            ] GC(622) Pause Young (Mixed) (G1 Evacuation Pause) 321M->252M(1024M) 5,838ms
[2023-11-12T18:35:29.347+0100][gc,cpu        ] GC(622) User=0,04s Sys=0,01s Real=0,00s
[2023-11-12T18:35:29.671+0100][gc,start      ] GC(623) Pause Young (Mixed) (G1 Evacuation Pause)
[2023-11-12T18:35:29.671+0100][gc,task       ] GC(623) Using 13 workers of 13 for evacuation
[2023-11-12T18:35:29.676+0100][gc,phases     ] GC(623)   Pre Evacuate Collection Set: 0,1ms
[2023-11-12T18:35:29.676+0100][gc,phases     ] GC(623)   Evacuate Collection Set: 4,1ms
[2023-11-12T18:35:29.676+0100][gc,phases     ] GC(623)   Post Evacuate Collection Set: 0,6ms
[2023-11-12T18:35:29.676+0100][gc,phases     ] GC(623)   Other: 0,3ms
[2023-11-12T18:35:29.676+0100][gc,heap       ] GC(623) Eden regions: 48->0(119)
[2023-11-12T18:35:29.676+0100][gc,heap       ] GC(623) Survivor regions: 3->3(7)
[2023-11-12T18:35:29.676+0100][gc,heap       ] GC(623) Old regions: 123->81
[2023-11-12T18:35:29.676+0100][gc,heap       ] GC(623) Humongous regions: 129->129
[2023-11-12T18:35:29.676+0100][gc,metaspace  ] GC(623) Metaspace: 47964K(51968K)->47964K(51968K) NonClass: 42034K(44288K)->42034K(44288K) Class: 5930K(7680K)->5930K(7680K)
[2023-11-12T18:35:29.676+0100][gc            ] GC(623) Pause Young (Mixed) (G1 Evacuation Pause) 300M->210M(1024M) 5,322ms
[2023-11-12T18:35:29.676+0100][gc,cpu        ] GC(623) User=0,04s Sys=0,01s Real=0,01s
[2023-11-12T18:35:30.355+0100][gc,start      ] GC(624) Pause Young (Normal) (G1 Evacuation Pause)
[2023-11-12T18:35:30.355+0100][gc,task       ] GC(624) Using 13 workers of 13 for evacuation
[2023-11-12T18:35:30.362+0100][gc,phases     ] GC(624)   Pre Evacuate Collection Set: 0,0ms
[2023-11-12T18:35:30.362+0100][gc,phases     ] GC(624)   Evacuate Collection Set: 6,3ms
[2023-11-12T18:35:30.362+0100][gc,phases     ] GC(624)   Post Evacuate Collection Set: 0,6ms
[2023-11-12T18:35:30.362+0100][gc,phases     ] GC(624)   Other: 0,3ms
[2023-11-12T18:35:30.362+0100][gc,heap       ] GC(624) Eden regions: 119->0(149)
[2023-11-12T18:35:30.362+0100][gc,heap       ] GC(624) Survivor regions: 3->4(16)
[2023-11-12T18:35:30.362+0100][gc,heap       ] GC(624) Old regions: 81->81
[2023-11-12T18:35:30.362+0100][gc,heap       ] GC(624) Humongous regions: 129->129
[2023-11-12T18:35:30.362+0100][gc,metaspace  ] GC(624) Metaspace: 47964K(51968K)->47964K(51968K) NonClass: 42034K(44288K)->42034K(44288K) Class: 5930K(7680K)->5930K(7680K)
[2023-11-12T18:35:30.362+0100][gc            ] GC(624) Pause Young (Normal) (G1 Evacuation Pause) 329M->211M(1024M) 7,273ms
[2023-11-12T18:35:30.362+0100][gc,cpu        ] GC(624) User=0,04s Sys=0,01s Real=0,01s
[2023-11-12T18:35:31.182+0100][gc,start      ] GC(625) Pause Young (Normal) (G1 Evacuation Pause)
[2023-11-12T18:35:31.182+0100][gc,task       ] GC(625) Using 13 workers of 13 for evacuation
[2023-11-12T18:35:31.187+0100][gc,phases     ] GC(625)   Pre Evacuate Collection Set: 0,0ms
[2023-11-12T18:35:31.187+0100][gc,phases     ] GC(625)   Evacuate Collection Set: 4,5ms
[2023-11-12T18:35:31.187+0100][gc,phases     ] GC(625)   Post Evacuate Collection Set: 0,5ms
[2023-11-12T18:35:31.187+0100][gc,phases     ] GC(625)   Other: 0,3ms
[2023-11-12T18:35:31.187+0100][gc,heap       ] GC(625) Eden regions: 149->0(186)
[2023-11-12T18:35:31.187+0100][gc,heap       ] GC(625) Survivor regions: 4->4(20)
[2023-11-12T18:35:31.187+0100][gc,heap       ] GC(625) Old regions: 81->81
[2023-11-12T18:35:31.187+0100][gc,heap       ] GC(625) Humongous regions: 129->129
[2023-11-12T18:35:31.187+0100][gc,metaspace  ] GC(625) Metaspace: 47964K(51968K)->47964K(51968K) NonClass: 42034K(44288K)->42034K(44288K) Class: 5930K(7680K)->5930K(7680K)
[2023-11-12T18:35:31.188+0100][gc            ] GC(625) Pause Young (Normal) (G1 Evacuation Pause) 360M->211M(1024M) 5,564ms
[2023-11-12T18:35:31.188+0100][gc,cpu        ] GC(625) User=0,04s Sys=0,00s Real=0,00s
[2023-11-12T18:35:32.125+0100][gc,start      ] GC(626) Pause Young (Normal) (G1 Evacuation Pause)
[2023-11-12T18:35:32.125+0100][gc,task       ] GC(626) Using 13 workers of 13 for evacuation
[2023-11-12T18:35:32.130+0100][gc,phases     ] GC(626)   Pre Evacuate Collection Set: 0,0ms
[2023-11-12T18:35:32.130+0100][gc,phases     ] GC(626)   Evacuate Collection Set: 4,4ms
[2023-11-12T18:35:32.130+0100][gc,phases     ] GC(626)   Post Evacuate Collection Set: 0,7ms
[2023-11-12T18:35:32.130+0100][gc,phases     ] GC(626)   Other: 0,3ms
[2023-11-12T18:35:32.130+0100][gc,heap       ] GC(626) Eden regions: 186->0(226)
[2023-11-12T18:35:32.130+0100][gc,heap       ] GC(626) Survivor regions: 4->4(24)
[2023-11-12T18:35:32.130+0100][gc,heap       ] GC(626) Old regions: 81->81
[2023-11-12T18:35:32.130+0100][gc,heap       ] GC(626) Humongous regions: 129->129
[2023-11-12T18:35:32.130+0100][gc,metaspace  ] GC(626) Metaspace: 47964K(51968K)->47964K(51968K) NonClass: 42034K(44288K)->42034K(44288K) Class: 5930K(7680K)->5930K(7680K)
[2023-11-12T18:35:32.131+0100][gc            ] GC(626) Pause Young (Normal) (G1 Evacuation Pause) 397M->211M(1024M) 5,544ms
[2023-11-12T18:35:32.131+0100][gc,cpu        ] GC(626) User=0,03s Sys=0,00s Real=0,00s
[2023-11-12T18:35:33.130+0100][gc,start      ] GC(627) Pause Young (Normal) (G1 Evacuation Pause)
[2023-11-12T18:35:33.130+0100][gc,task       ] GC(627) Using 13 workers of 13 for evacuation
[2023-11-12T18:35:33.135+0100][gc,phases     ] GC(627)   Pre Evacuate Collection Set: 0,0ms
[2023-11-12T18:35:33.135+0100][gc,phases     ] GC(627)   Evacuate Collection Set: 4,6ms
[2023-11-12T18:35:33.135+0100][gc,phases     ] GC(627)   Post Evacuate Collection Set: 0,5ms
[2023-11-12T18:35:33.135+0100][gc,phases     ] GC(627)   Other: 0,3ms
[2023-11-12T18:35:33.135+0100][gc,heap       ] GC(627) Eden regions: 226->0(256)
[2023-11-12T18:35:33.135+0100][gc,heap       ] GC(627) Survivor regions: 4->5(29)
[2023-11-12T18:35:33.135+0100][gc,heap       ] GC(627) Old regions: 81->81
[2023-11-12T18:35:33.135+0100][gc,heap       ] GC(627) Humongous regions: 129->129
[2023-11-12T18:35:33.135+0100][gc,metaspace  ] GC(627) Metaspace: 47964K(51968K)->47964K(51968K) NonClass: 42034K(44288K)->42034K(44288K) Class: 5930K(7680K)->5930K(7680K)
[2023-11-12T18:35:33.135+0100][gc            ] GC(627) Pause Young (Normal) (G1 Evacuation Pause) 437M->212M(1024M) 5,560ms
[2023-11-12T18:35:33.135+0100][gc,cpu        ] GC(627) User=0,04s Sys=0,00s Real=0,01s
[2023-11-12T18:35:34.176+0100][gc,start      ] GC(628) Pause Young (Normal) (G1 Evacuation Pause)
[2023-11-12T18:35:34.176+0100][gc,task       ] GC(628) Using 13 workers of 13 for evacuation
[2023-11-12T18:35:34.181+0100][gc,phases     ] GC(628)   Pre Evacuate Collection Set: 0,0ms
[2023-11-12T18:35:34.182+0100][gc,phases     ] GC(628)   Evacuate Collection Set: 4,4ms
[2023-11-12T18:35:34.182+0100][gc,phases     ] GC(628)   Post Evacuate Collection Set: 0,7ms
[2023-11-12T18:35:34.182+0100][gc,phases     ] GC(628)   Other: 0,3ms
[2023-11-12T18:35:34.182+0100][gc,heap       ] GC(628) Eden regions: 256->0(281)
[2023-11-12T18:35:34.182+0100][gc,heap       ] GC(628) Survivor regions: 5->6(33)
[2023-11-12T18:35:34.182+0100][gc,heap       ] GC(628) Old regions: 81->81
[2023-11-12T18:35:34.182+0100][gc,heap       ] GC(628) Humongous regions: 129->129
[2023-11-12T18:35:34.182+0100][gc,metaspace  ] GC(628) Metaspace: 47964K(51968K)->47964K(51968K) NonClass: 42034K(44288K)->42034K(44288K) Class: 5930K(7680K)->5930K(7680K)
[2023-11-12T18:35:34.182+0100][gc            ] GC(628) Pause Young (Normal) (G1 Evacuation Pause) 468M->213M(1024M) 5,609ms
[2023-11-12T18:35:34.182+0100][gc,cpu        ] GC(628) User=0,03s Sys=0,01s Real=0,01s
[2023-11-12T18:35:35.244+0100][gc,start      ] GC(629) Pause Young (Normal) (G1 Evacuation Pause)
[2023-11-12T18:35:35.244+0100][gc,task       ] GC(629) Using 13 workers of 13 for evacuation
[2023-11-12T18:35:35.248+0100][gc,phases     ] GC(629)   Pre Evacuate Collection Set: 0,0ms
[2023-11-12T18:35:35.248+0100][gc,phases     ] GC(629)   Evacuate Collection Set: 3,2ms
[2023-11-12T18:35:35.248+0100][gc,phases     ] GC(629)   Post Evacuate Collection Set: 0,6ms
[2023-11-12T18:35:35.248+0100][gc,phases     ] GC(629)   Other: 0,2ms
[2023-11-12T18:35:35.248+0100][gc,heap       ] GC(629) Eden regions: 281->0(323)
[2023-11-12T18:35:35.248+0100][gc,heap       ] GC(629) Survivor regions: 6->6(36)
[2023-11-12T18:35:35.248+0100][gc,heap       ] GC(629) Old regions: 81->81
[2023-11-12T18:35:35.248+0100][gc,heap       ] GC(629) Humongous regions: 129->129
[2023-11-12T18:35:35.248+0100][gc,metaspace  ] GC(629) Metaspace: 47964K(51968K)->47964K(51968K) NonClass: 42034K(44288K)->42034K(44288K) Class: 5930K(7680K)->5930K(7680K)
[2023-11-12T18:35:35.248+0100][gc            ] GC(629) Pause Young (Normal) (G1 Evacuation Pause) 494M->213M(1024M) 4,249ms
[2023-11-12T18:35:35.248+0100][gc,cpu        ] GC(629) User=0,04s Sys=0,00s Real=0,00s
[2023-11-12T18:35:36.373+0100][gc,start      ] GC(630) Pause Young (Normal) (G1 Evacuation Pause)
[2023-11-12T18:35:36.373+0100][gc,task       ] GC(630) Using 13 workers of 13 for evacuation
[2023-11-12T18:35:36.377+0100][gc,phases     ] GC(630)   Pre Evacuate Collection Set: 0,0ms
[2023-11-12T18:35:36.377+0100][gc,phases     ] GC(630)   Evacuate Collection Set: 3,3ms
[2023-11-12T18:35:36.377+0100][gc,phases     ] GC(630)   Post Evacuate Collection Set: 0,7ms
[2023-11-12T18:35:36.377+0100][gc,phases     ] GC(630)   Other: 0,3ms
[2023-11-12T18:35:36.377+0100][gc,heap       ] GC(630) Eden regions: 323->0(369)
[2023-11-12T18:35:36.377+0100][gc,heap       ] GC(630) Survivor regions: 6->7(42)
[2023-11-12T18:35:36.377+0100][gc,heap       ] GC(630) Old regions: 81->81
[2023-11-12T18:35:36.377+0100][gc,heap       ] GC(630) Humongous regions: 129->129
[2023-11-12T18:35:36.378+0100][gc,metaspace  ] GC(630) Metaspace: 47964K(51968K)->47964K(51968K) NonClass: 42034K(44288K)->42034K(44288K) Class: 5930K(7680K)->5930K(7680K)
[2023-11-12T18:35:36.378+0100][gc            ] GC(630) Pause Young (Normal) (G1 Evacuation Pause) 536M->214M(1024M) 4,397ms
[2023-11-12T18:35:36.378+0100][gc,cpu        ] GC(630) User=0,03s Sys=0,01s Real=0,01s
[2023-11-12T18:35:37.429+0100][gc,start      ] GC(631) Pause Young (Normal) (G1 Evacuation Pause)
[2023-11-12T18:35:37.429+0100][gc,task       ] GC(631) Using 13 workers of 13 for evacuation
[2023-11-12T18:35:37.434+0100][gc,phases     ] GC(631)   Pre Evacuate Collection Set: 0,0ms
[2023-11-12T18:35:37.434+0100][gc,phases     ] GC(631)   Evacuate Collection Set: 3,5ms
[2023-11-12T18:35:37.434+0100][gc,phases     ] GC(631)   Post Evacuate Collection Set: 0,7ms
[2023-11-12T18:35:37.434+0100][gc,phases     ] GC(631)   Other: 0,2ms
[2023-11-12T18:35:37.434+0100][gc,heap       ] GC(631) Eden regions: 369->0(424)
[2023-11-12T18:35:37.434+0100][gc,heap       ] GC(631) Survivor regions: 7->8(47)
[2023-11-12T18:35:37.434+0100][gc,heap       ] GC(631) Old regions: 81->81
[2023-11-12T18:35:37.434+0100][gc,heap       ] GC(631) Humongous regions: 129->129
[2023-11-12T18:35:37.434+0100][gc,metaspace  ] GC(631) Metaspace: 47964K(51968K)->47964K(51968K) NonClass: 42034K(44288K)->42034K(44288K) Class: 5930K(7680K)->5930K(7680K)
[2023-11-12T18:35:37.434+0100][gc            ] GC(631) Pause Young (Normal) (G1 Evacuation Pause) 583M->215M(1024M) 4,565ms
[2023-11-12T18:35:37.434+0100][gc,cpu        ] GC(631) User=0,05s Sys=0,00s Real=0,01s
[2023-11-12T18:35:38.557+0100][gc,start      ] GC(632) Pause Young (Normal) (G1 Evacuation Pause)
[2023-11-12T18:35:38.557+0100][gc,task       ] GC(632) Using 13 workers of 13 for evacuation
[2023-11-12T18:35:38.562+0100][gc,phases     ] GC(632)   Pre Evacuate Collection Set: 0,0ms
[2023-11-12T18:35:38.562+0100][gc,phases     ] GC(632)   Evacuate Collection Set: 4,5ms
[2023-11-12T18:35:38.562+0100][gc,phases     ] GC(632)   Post Evacuate Collection Set: 0,6ms
[2023-11-12T18:35:38.562+0100][gc,phases     ] GC(632)   Other: 0,2ms
[2023-11-12T18:35:38.562+0100][gc,heap       ] GC(632) Eden regions: 424->0(482)
[2023-11-12T18:35:38.562+0100][gc,heap       ] GC(632) Survivor regions: 8->7(54)
[2023-11-12T18:35:38.562+0100][gc,heap       ] GC(632) Old regions: 81->82
[2023-11-12T18:35:38.562+0100][gc,heap       ] GC(632) Humongous regions: 129->129
[2023-11-12T18:35:38.562+0100][gc,metaspace  ] GC(632) Metaspace: 47964K(51968K)->47964K(51968K) NonClass: 42034K(44288K)->42034K(44288K) Class: 5930K(7680K)->5930K(7680K)
[2023-11-12T18:35:38.562+0100][gc            ] GC(632) Pause Young (Normal) (G1 Evacuation Pause) 639M->216M(1024M) 5,378ms
[2023-11-12T18:35:38.562+0100][gc,cpu        ] GC(632) User=0,05s Sys=0,00s Real=0,01s
[2023-11-12T18:35:39.888+0100][gc,start      ] GC(633) Pause Young (Normal) (G1 Evacuation Pause)
[2023-11-12T18:35:39.888+0100][gc,task       ] GC(633) Using 13 workers of 13 for evacuation
[2023-11-12T18:35:39.894+0100][gc,phases     ] GC(633)   Pre Evacuate Collection Set: 0,0ms
[2023-11-12T18:35:39.894+0100][gc,phases     ] GC(633)   Evacuate Collection Set: 5,2ms
[2023-11-12T18:35:39.894+0100][gc,phases     ] GC(633)   Post Evacuate Collection Set: 0,5ms
[2023-11-12T18:35:39.894+0100][gc,phases     ] GC(633)   Other: 0,2ms
[2023-11-12T18:35:39.894+0100][gc,heap       ] GC(633) Eden regions: 482->0(536)
[2023-11-12T18:35:39.894+0100][gc,heap       ] GC(633) Survivor regions: 7->8(62)
[2023-11-12T18:35:39.894+0100][gc,heap       ] GC(633) Old regions: 82->83
[2023-11-12T18:35:39.894+0100][gc,heap       ] GC(633) Humongous regions: 129->129
[2023-11-12T18:35:39.894+0100][gc,metaspace  ] GC(633) Metaspace: 47964K(51968K)->47964K(51968K) NonClass: 42034K(44288K)->42034K(44288K) Class: 5930K(7680K)->5930K(7680K)
[2023-11-12T18:35:39.894+0100][gc            ] GC(633) Pause Young (Normal) (G1 Evacuation Pause) 698M->217M(1024M) 5,999ms
[2023-11-12T18:35:39.894+0100][gc,cpu        ] GC(633) User=0,04s Sys=0,00s Real=0,01s
[2023-11-12T18:35:41.248+0100][gc,start      ] GC(634) Pause Young (Normal) (G1 Evacuation Pause)
[2023-11-12T18:35:41.248+0100][gc,task       ] GC(634) Using 13 workers of 13 for evacuation
[2023-11-12T18:35:41.252+0100][gc,phases     ] GC(634)   Pre Evacuate Collection Set: 0,0ms
[2023-11-12T18:35:41.252+0100][gc,phases     ] GC(634)   Evacuate Collection Set: 3,9ms
[2023-11-12T18:35:41.252+0100][gc,phases     ] GC(634)   Post Evacuate Collection Set: 0,5ms
[2023-11-12T18:35:41.252+0100][gc,phases     ] GC(634)   Other: 0,2ms
[2023-11-12T18:35:41.252+0100][gc,heap       ] GC(634) Eden regions: 536->0(580)
[2023-11-12T18:35:41.252+0100][gc,heap       ] GC(634) Survivor regions: 8->9(68)
[2023-11-12T18:35:41.252+0100][gc,heap       ] GC(634) Old regions: 83->83
[2023-11-12T18:35:41.252+0100][gc,heap       ] GC(634) Humongous regions: 129->129
[2023-11-12T18:35:41.252+0100][gc,metaspace  ] GC(634) Metaspace: 47964K(51968K)->47964K(51968K) NonClass: 42034K(44288K)->42034K(44288K) Class: 5930K(7680K)->5930K(7680K)
[2023-11-12T18:35:41.252+0100][gc            ] GC(634) Pause Young (Normal) (G1 Evacuation Pause) 753M->218M(1024M) 4,774ms
[2023-11-12T18:35:41.253+0100][gc,cpu        ] GC(634) User=0,04s Sys=0,00s Real=0,00s
[2023-11-12T18:35:42.838+0100][gc,start      ] GC(635) Pause Young (Normal) (G1 Evacuation Pause)
[2023-11-12T18:35:42.838+0100][gc,task       ] GC(635) Using 13 workers of 13 for evacuation
[2023-11-12T18:35:42.844+0100][gc,phases     ] GC(635)   Pre Evacuate Collection Set: 0,0ms
[2023-11-12T18:35:42.844+0100][gc,phases     ] GC(635)   Evacuate Collection Set: 4,8ms
[2023-11-12T18:35:42.844+0100][gc,phases     ] GC(635)   Post Evacuate Collection Set: 0,6ms
[2023-11-12T18:35:42.844+0100][gc,phases     ] GC(635)   Other: 0,2ms
[2023-11-12T18:35:42.844+0100][gc,heap       ] GC(635) Eden regions: 580->0(595)
[2023-11-12T18:35:42.844+0100][gc,heap       ] GC(635) Survivor regions: 9->10(74)
[2023-11-12T18:35:42.844+0100][gc,heap       ] GC(635) Old regions: 83->83
[2023-11-12T18:35:42.844+0100][gc,heap       ] GC(635) Humongous regions: 129->129
[2023-11-12T18:35:42.844+0100][gc,metaspace  ] GC(635) Metaspace: 47964K(51968K)->47964K(51968K) NonClass: 42034K(44288K)->42034K(44288K) Class: 5930K(7680K)->5930K(7680K)
[2023-11-12T18:35:42.844+0100][gc            ] GC(635) Pause Young (Normal) (G1 Evacuation Pause) 798M->220M(1024M) 5,733ms
[2023-11-12T18:35:42.844+0100][gc,cpu        ] GC(635) User=0,04s Sys=0,01s Real=0,01s
[2023-11-12T18:35:44.327+0100][gc,start      ] GC(636) Pause Young (Normal) (G1 Evacuation Pause)
[2023-11-12T18:35:44.327+0100][gc,task       ] GC(636) Using 13 workers of 13 for evacuation
[2023-11-12T18:35:44.334+0100][gc,phases     ] GC(636)   Pre Evacuate Collection Set: 0,0ms
[2023-11-12T18:35:44.334+0100][gc,phases     ] GC(636)   Evacuate Collection Set: 5,7ms
[2023-11-12T18:35:44.334+0100][gc,phases     ] GC(636)   Post Evacuate Collection Set: 0,6ms
[2023-11-12T18:35:44.334+0100][gc,phases     ] GC(636)   Other: 0,3ms
[2023-11-12T18:35:44.334+0100][gc,heap       ] GC(636) Eden regions: 595->0(602)
[2023-11-12T18:35:44.334+0100][gc,heap       ] GC(636) Survivor regions: 10->12(76)
[2023-11-12T18:35:44.334+0100][gc,heap       ] GC(636) Old regions: 83->83
[2023-11-12T18:35:44.334+0100][gc,heap       ] GC(636) Humongous regions: 129->129
[2023-11-12T18:35:44.334+0100][gc,metaspace  ] GC(636) Metaspace: 47964K(51968K)->47964K(51968K) NonClass: 42034K(44288K)->42034K(44288K) Class: 5930K(7680K)->5930K(7680K)
[2023-11-12T18:35:44.334+0100][gc            ] GC(636) Pause Young (Normal) (G1 Evacuation Pause) 815M->222M(1024M) 6,724ms
[2023-11-12T18:35:44.334+0100][gc,cpu        ] GC(636) User=0,05s Sys=0,00s Real=0,01s
[2023-11-12T18:35:45.845+0100][gc,start      ] GC(637) Pause Young (Normal) (G1 Evacuation Pause)
[2023-11-12T18:35:45.845+0100][gc,task       ] GC(637) Using 13 workers of 13 for evacuation
[2023-11-12T18:35:45.852+0100][gc,phases     ] GC(637)   Pre Evacuate Collection Set: 0,0ms
[2023-11-12T18:35:45.852+0100][gc,phases     ] GC(637)   Evacuate Collection Set: 6,0ms
[2023-11-12T18:35:45.852+0100][gc,phases     ] GC(637)   Post Evacuate Collection Set: 0,6ms
[2023-11-12T18:35:45.852+0100][gc,phases     ] GC(637)   Other: 0,2ms
[2023-11-12T18:35:45.852+0100][gc,heap       ] GC(637) Eden regions: 602->0(601)
[2023-11-12T18:35:45.852+0100][gc,heap       ] GC(637) Survivor regions: 12->13(77)
[2023-11-12T18:35:45.852+0100][gc,heap       ] GC(637) Old regions: 83->83
[2023-11-12T18:35:45.852+0100][gc,heap       ] GC(637) Humongous regions: 129->129
[2023-11-12T18:35:45.852+0100][gc,metaspace  ] GC(637) Metaspace: 47964K(51968K)->47964K(51968K) NonClass: 42034K(44288K)->42034K(44288K) Class: 5930K(7680K)->5930K(7680K)
[2023-11-12T18:35:45.852+0100][gc            ] GC(637) Pause Young (Normal) (G1 Evacuation Pause) 824M->223M(1024M) 6,921ms
[2023-11-12T18:35:45.852+0100][gc,cpu        ] GC(637) User=0,05s Sys=0,02s Real=0,00s
[2023-11-12T18:35:47.446+0100][gc,start      ] GC(638) Pause Young (Normal) (G1 Evacuation Pause)
[2023-11-12T18:35:47.446+0100][gc,task       ] GC(638) Using 13 workers of 13 for evacuation
[2023-11-12T18:35:47.451+0100][gc,phases     ] GC(638)   Pre Evacuate Collection Set: 0,0ms
[2023-11-12T18:35:47.451+0100][gc,phases     ] GC(638)   Evacuate Collection Set: 3,7ms
[2023-11-12T18:35:47.451+0100][gc,phases     ] GC(638)   Post Evacuate Collection Set: 0,8ms
[2023-11-12T18:35:47.451+0100][gc,phases     ] GC(638)   Other: 0,3ms
[2023-11-12T18:35:47.451+0100][gc,heap       ] GC(638) Eden regions: 601->0(607)
[2023-11-12T18:35:47.451+0100][gc,heap       ] GC(638) Survivor regions: 13->7(77)
[2023-11-12T18:35:47.451+0100][gc,heap       ] GC(638) Old regions: 83->83
[2023-11-12T18:35:47.451+0100][gc,heap       ] GC(638) Humongous regions: 129->129
[2023-11-12T18:35:47.451+0100][gc,metaspace  ] GC(638) Metaspace: 47964K(51968K)->47964K(51968K) NonClass: 42034K(44288K)->42034K(44288K) Class: 5930K(7680K)->5930K(7680K)
[2023-11-12T18:35:47.451+0100][gc            ] GC(638) Pause Young (Normal) (G1 Evacuation Pause) 824M->217M(1024M) 4,956ms
[2023-11-12T18:35:47.451+0100][gc,cpu        ] GC(638) User=0,00s Sys=0,04s Real=0,00s
[2023-11-12T18:35:48.982+0100][gc,start      ] GC(639) Pause Young (Normal) (G1 Evacuation Pause)
[2023-11-12T18:35:48.982+0100][gc,task       ] GC(639) Using 13 workers of 13 for evacuation
[2023-11-12T18:35:48.987+0100][gc,phases     ] GC(639)   Pre Evacuate Collection Set: 0,0ms
[2023-11-12T18:35:48.987+0100][gc,phases     ] GC(639)   Evacuate Collection Set: 3,6ms
[2023-11-12T18:35:48.987+0100][gc,phases     ] GC(639)   Post Evacuate Collection Set: 0,7ms
[2023-11-12T18:35:48.987+0100][gc,phases     ] GC(639)   Other: 0,3ms
[2023-11-12T18:35:48.987+0100][gc,heap       ] GC(639) Eden regions: 607->0(606)
[2023-11-12T18:35:48.987+0100][gc,heap       ] GC(639) Survivor regions: 7->8(77)
[2023-11-12T18:35:48.987+0100][gc,heap       ] GC(639) Old regions: 83->84
[2023-11-12T18:35:48.987+0100][gc,heap       ] GC(639) Humongous regions: 129->129
[2023-11-12T18:35:48.987+0100][gc,metaspace  ] GC(639) Metaspace: 47964K(51968K)->47964K(51968K) NonClass: 42034K(44288K)->42034K(44288K) Class: 5930K(7680K)->5930K(7680K)
[2023-11-12T18:35:48.987+0100][gc            ] GC(639) Pause Young (Normal) (G1 Evacuation Pause) 824M->218M(1024M) 4,804ms
[2023-11-12T18:35:48.987+0100][gc,cpu        ] GC(639) User=0,01s Sys=0,04s Real=0,00s
[2023-11-12T18:35:50.505+0100][gc,start      ] GC(640) Pause Young (Normal) (G1 Evacuation Pause)
[2023-11-12T18:35:50.505+0100][gc,task       ] GC(640) Using 13 workers of 13 for evacuation
[2023-11-12T18:35:50.510+0100][gc,phases     ] GC(640)   Pre Evacuate Collection Set: 0,0ms
[2023-11-12T18:35:50.510+0100][gc,phases     ] GC(640)   Evacuate Collection Set: 4,1ms
[2023-11-12T18:35:50.510+0100][gc,phases     ] GC(640)   Post Evacuate Collection Set: 0,6ms
[2023-11-12T18:35:50.510+0100][gc,phases     ] GC(640)   Other: 0,2ms
[2023-11-12T18:35:50.510+0100][gc,heap       ] GC(640) Eden regions: 606->0(604)
[2023-11-12T18:35:50.510+0100][gc,heap       ] GC(640) Survivor regions: 8->10(77)
[2023-11-12T18:35:50.510+0100][gc,heap       ] GC(640) Old regions: 84->84
[2023-11-12T18:35:50.510+0100][gc,heap       ] GC(640) Humongous regions: 129->129
[2023-11-12T18:35:50.510+0100][gc,metaspace  ] GC(640) Metaspace: 47964K(51968K)->47964K(51968K) NonClass: 42034K(44288K)->42034K(44288K) Class: 5930K(7680K)->5930K(7680K)
[2023-11-12T18:35:50.510+0100][gc            ] GC(640) Pause Young (Normal) (G1 Evacuation Pause) 824M->220M(1024M) 4,993ms
[2023-11-12T18:35:50.510+0100][gc,cpu        ] GC(640) User=0,05s Sys=0,00s Real=0,00s
[2023-11-12T18:35:51.968+0100][gc,start      ] GC(641) Pause Young (Normal) (G1 Evacuation Pause)
[2023-11-12T18:35:51.968+0100][gc,task       ] GC(641) Using 13 workers of 13 for evacuation
[2023-11-12T18:35:51.972+0100][gc,phases     ] GC(641)   Pre Evacuate Collection Set: 0,0ms
[2023-11-12T18:35:51.972+0100][gc,phases     ] GC(641)   Evacuate Collection Set: 3,8ms
[2023-11-12T18:35:51.972+0100][gc,phases     ] GC(641)   Post Evacuate Collection Set: 0,6ms
[2023-11-12T18:35:51.972+0100][gc,phases     ] GC(641)   Other: 0,2ms
[2023-11-12T18:35:51.972+0100][gc,heap       ] GC(641) Eden regions: 604->0(602)
[2023-11-12T18:35:51.972+0100][gc,heap       ] GC(641) Survivor regions: 10->12(77)
[2023-11-12T18:35:51.972+0100][gc,heap       ] GC(641) Old regions: 84->84
[2023-11-12T18:35:51.972+0100][gc,heap       ] GC(641) Humongous regions: 129->129
[2023-11-12T18:35:51.972+0100][gc,metaspace  ] GC(641) Metaspace: 47964K(51968K)->47964K(51968K) NonClass: 42034K(44288K)->42034K(44288K) Class: 5930K(7680K)->5930K(7680K)
[2023-11-12T18:35:51.972+0100][gc            ] GC(641) Pause Young (Normal) (G1 Evacuation Pause) 824M->222M(1024M) 4,763ms
[2023-11-12T18:35:51.972+0100][gc,cpu        ] GC(641) User=0,05s Sys=0,00s Real=0,00s
[2023-11-12T18:35:53.353+0100][gc,start      ] GC(642) Pause Young (Normal) (G1 Evacuation Pause)
[2023-11-12T18:35:53.353+0100][gc,task       ] GC(642) Using 13 workers of 13 for evacuation
[2023-11-12T18:35:53.359+0100][gc,phases     ] GC(642)   Pre Evacuate Collection Set: 0,0ms
[2023-11-12T18:35:53.359+0100][gc,phases     ] GC(642)   Evacuate Collection Set: 4,7ms
[2023-11-12T18:35:53.359+0100][gc,phases     ] GC(642)   Post Evacuate Collection Set: 0,6ms
[2023-11-12T18:35:53.359+0100][gc,phases     ] GC(642)   Other: 0,2ms
[2023-11-12T18:35:53.359+0100][gc,heap       ] GC(642) Eden regions: 602->0(600)
[2023-11-12T18:35:53.359+0100][gc,heap       ] GC(642) Survivor regions: 12->14(77)
[2023-11-12T18:35:53.359+0100][gc,heap       ] GC(642) Old regions: 84->84
[2023-11-12T18:35:53.359+0100][gc,heap       ] GC(642) Humongous regions: 129->129
[2023-11-12T18:35:53.359+0100][gc,metaspace  ] GC(642) Metaspace: 47964K(51968K)->47964K(51968K) NonClass: 42034K(44288K)->42034K(44288K) Class: 5930K(7680K)->5930K(7680K)
[2023-11-12T18:35:53.359+0100][gc            ] GC(642) Pause Young (Normal) (G1 Evacuation Pause) 824M->224M(1024M) 5,642ms
[2023-11-12T18:35:53.359+0100][gc,cpu        ] GC(642) User=0,05s Sys=0,01s Real=0,01s
[2023-11-12T18:35:54.759+0100][gc,start      ] GC(643) Pause Young (Normal) (G1 Evacuation Pause)
[2023-11-12T18:35:54.759+0100][gc,task       ] GC(643) Using 13 workers of 13 for evacuation
[2023-11-12T18:35:54.765+0100][gc,phases     ] GC(643)   Pre Evacuate Collection Set: 0,0ms
[2023-11-12T18:35:54.765+0100][gc,phases     ] GC(643)   Evacuate Collection Set: 5,2ms
[2023-11-12T18:35:54.765+0100][gc,phases     ] GC(643)   Post Evacuate Collection Set: 0,6ms
[2023-11-12T18:35:54.765+0100][gc,phases     ] GC(643)   Other: 0,2ms
[2023-11-12T18:35:54.765+0100][gc,heap       ] GC(643) Eden regions: 600->0(599)
[2023-11-12T18:35:54.765+0100][gc,heap       ] GC(643) Survivor regions: 14->15(77)
[2023-11-12T18:35:54.765+0100][gc,heap       ] GC(643) Old regions: 84->84
[2023-11-12T18:35:54.765+0100][gc,heap       ] GC(643) Humongous regions: 129->129
[2023-11-12T18:35:54.765+0100][gc,metaspace  ] GC(643) Metaspace: 47964K(51968K)->47964K(51968K) NonClass: 42034K(44288K)->42034K(44288K) Class: 5930K(7680K)->5930K(7680K)
[2023-11-12T18:35:54.765+0100][gc            ] GC(643) Pause Young (Normal) (G1 Evacuation Pause) 824M->226M(1024M) 6,105ms
[2023-11-12T18:35:54.765+0100][gc,cpu        ] GC(643) User=0,05s Sys=0,01s Real=0,01s
[2023-11-12T18:35:56.153+0100][gc,start      ] GC(644) Pause Young (Normal) (G1 Evacuation Pause)
[2023-11-12T18:35:56.153+0100][gc,task       ] GC(644) Using 13 workers of 13 for evacuation
[2023-11-12T18:35:56.159+0100][gc,phases     ] GC(644)   Pre Evacuate Collection Set: 0,0ms
[2023-11-12T18:35:56.159+0100][gc,phases     ] GC(644)   Evacuate Collection Set: 5,2ms
[2023-11-12T18:35:56.159+0100][gc,phases     ] GC(644)   Post Evacuate Collection Set: 0,6ms
[2023-11-12T18:35:56.159+0100][gc,phases     ] GC(644)   Other: 0,3ms
[2023-11-12T18:35:56.159+0100][gc,heap       ] GC(644) Eden regions: 599->0(597)
[2023-11-12T18:35:56.159+0100][gc,heap       ] GC(644) Survivor regions: 15->17(77)
[2023-11-12T18:35:56.159+0100][gc,heap       ] GC(644) Old regions: 84->85
[2023-11-12T18:35:56.159+0100][gc,heap       ] GC(644) Humongous regions: 129->129
[2023-11-12T18:35:56.159+0100][gc,metaspace  ] GC(644) Metaspace: 47964K(51968K)->47964K(51968K) NonClass: 42034K(44288K)->42034K(44288K) Class: 5930K(7680K)->5930K(7680K)
[2023-11-12T18:35:56.159+0100][gc            ] GC(644) Pause Young (Normal) (G1 Evacuation Pause) 825M->228M(1024M) 6,167ms
[2023-11-12T18:35:56.159+0100][gc,cpu        ] GC(644) User=0,07s Sys=0,00s Real=0,01s
[2023-11-12T18:35:57.530+0100][gc,start      ] GC(645) Pause Young (Normal) (G1 Evacuation Pause)
[2023-11-12T18:35:57.530+0100][gc,task       ] GC(645) Using 13 workers of 13 for evacuation
[2023-11-12T18:35:57.537+0100][gc,phases     ] GC(645)   Pre Evacuate Collection Set: 0,0ms
[2023-11-12T18:35:57.537+0100][gc,phases     ] GC(645)   Evacuate Collection Set: 5,7ms
[2023-11-12T18:35:57.537+0100][gc,phases     ] GC(645)   Post Evacuate Collection Set: 0,6ms
[2023-11-12T18:35:57.537+0100][gc,phases     ] GC(645)   Other: 0,2ms
[2023-11-12T18:35:57.537+0100][gc,heap       ] GC(645) Eden regions: 597->0(596)
[2023-11-12T18:35:57.537+0100][gc,heap       ] GC(645) Survivor regions: 17->18(77)
[2023-11-12T18:35:57.537+0100][gc,heap       ] GC(645) Old regions: 85->85
[2023-11-12T18:35:57.537+0100][gc,heap       ] GC(645) Humongous regions: 129->129
[2023-11-12T18:35:57.537+0100][gc,metaspace  ] GC(645) Metaspace: 47964K(51968K)->47964K(51968K) NonClass: 42034K(44288K)->42034K(44288K) Class: 5930K(7680K)->5930K(7680K)
[2023-11-12T18:35:57.537+0100][gc            ] GC(645) Pause Young (Normal) (G1 Evacuation Pause) 825M->230M(1024M) 6,708ms
[2023-11-12T18:35:57.537+0100][gc,cpu        ] GC(645) User=0,06s Sys=0,01s Real=0,01s
[2023-11-12T18:35:58.904+0100][gc,start      ] GC(646) Pause Young (Normal) (G1 Evacuation Pause)
[2023-11-12T18:35:58.904+0100][gc,task       ] GC(646) Using 13 workers of 13 for evacuation
[2023-11-12T18:35:58.911+0100][gc,phases     ] GC(646)   Pre Evacuate Collection Set: 0,0ms
[2023-11-12T18:35:58.911+0100][gc,phases     ] GC(646)   Evacuate Collection Set: 6,1ms
[2023-11-12T18:35:58.911+0100][gc,phases     ] GC(646)   Post Evacuate Collection Set: 0,6ms
[2023-11-12T18:35:58.911+0100][gc,phases     ] GC(646)   Other: 0,2ms
[2023-11-12T18:35:58.911+0100][gc,heap       ] GC(646) Eden regions: 596->0(594)
[2023-11-12T18:35:58.911+0100][gc,heap       ] GC(646) Survivor regions: 18->20(77)
[2023-11-12T18:35:58.911+0100][gc,heap       ] GC(646) Old regions: 85->85
[2023-11-12T18:35:58.911+0100][gc,heap       ] GC(646) Humongous regions: 129->129
[2023-11-12T18:35:58.911+0100][gc,metaspace  ] GC(646) Metaspace: 47964K(51968K)->47964K(51968K) NonClass: 42034K(44288K)->42034K(44288K) Class: 5930K(7680K)->5930K(7680K)
[2023-11-12T18:35:58.911+0100][gc            ] GC(646) Pause Young (Normal) (G1 Evacuation Pause) 826M->232M(1024M) 7,088ms
[2023-11-12T18:35:58.911+0100][gc,cpu        ] GC(646) User=0,08s Sys=0,01s Real=0,00s
[2023-11-12T18:36:00.299+0100][gc,start      ] GC(647) Pause Young (Normal) (G1 Evacuation Pause)
[2023-11-12T18:36:00.299+0100][gc,task       ] GC(647) Using 13 workers of 13 for evacuation
[2023-11-12T18:36:00.306+0100][gc,phases     ] GC(647)   Pre Evacuate Collection Set: 0,0ms
[2023-11-12T18:36:00.306+0100][gc,phases     ] GC(647)   Evacuate Collection Set: 6,4ms
[2023-11-12T18:36:00.306+0100][gc,phases     ] GC(647)   Post Evacuate Collection Set: 0,6ms
[2023-11-12T18:36:00.306+0100][gc,phases     ] GC(647)   Other: 0,2ms
[2023-11-12T18:36:00.306+0100][gc,heap       ] GC(647) Eden regions: 594->0(592)
[2023-11-12T18:36:00.306+0100][gc,heap       ] GC(647) Survivor regions: 20->22(77)
[2023-11-12T18:36:00.306+0100][gc,heap       ] GC(647) Old regions: 85->86
[2023-11-12T18:36:00.306+0100][gc,heap       ] GC(647) Humongous regions: 129->129
[2023-11-12T18:36:00.306+0100][gc,metaspace  ] GC(647) Metaspace: 47964K(51968K)->47964K(51968K) NonClass: 42034K(44288K)->42034K(44288K) Class: 5930K(7680K)->5930K(7680K)
[2023-11-12T18:36:00.306+0100][gc            ] GC(647) Pause Young (Normal) (G1 Evacuation Pause) 826M->234M(1024M) 7,334ms
[2023-11-12T18:36:00.306+0100][gc,cpu        ] GC(647) User=0,05s Sys=0,02s Real=0,01s
[2023-11-12T18:36:01.664+0100][gc,start      ] GC(648) Pause Young (Normal) (G1 Evacuation Pause)
[2023-11-12T18:36:01.664+0100][gc,task       ] GC(648) Using 13 workers of 13 for evacuation
[2023-11-12T18:36:01.672+0100][gc,phases     ] GC(648)   Pre Evacuate Collection Set: 0,0ms
[2023-11-12T18:36:01.672+0100][gc,phases     ] GC(648)   Evacuate Collection Set: 7,0ms
[2023-11-12T18:36:01.672+0100][gc,phases     ] GC(648)   Post Evacuate Collection Set: 0,7ms
[2023-11-12T18:36:01.672+0100][gc,phases     ] GC(648)   Other: 0,3ms
[2023-11-12T18:36:01.672+0100][gc,heap       ] GC(648) Eden regions: 592->0(591)
[2023-11-12T18:36:01.672+0100][gc,heap       ] GC(648) Survivor regions: 22->23(77)
[2023-11-12T18:36:01.672+0100][gc,heap       ] GC(648) Old regions: 86->86
[2023-11-12T18:36:01.672+0100][gc,heap       ] GC(648) Humongous regions: 129->129
[2023-11-12T18:36:01.672+0100][gc,metaspace  ] GC(648) Metaspace: 47964K(51968K)->47964K(51968K) NonClass: 42034K(44288K)->42034K(44288K) Class: 5930K(7680K)->5930K(7680K)
[2023-11-12T18:36:01.672+0100][gc            ] GC(648) Pause Young (Normal) (G1 Evacuation Pause) 826M->236M(1024M) 8,181ms
[2023-11-12T18:36:01.672+0100][gc,cpu        ] GC(648) User=0,09s Sys=0,00s Real=0,00s
[2023-11-12T18:36:03.056+0100][gc,start      ] GC(649) Pause Young (Normal) (G1 Evacuation Pause)
[2023-11-12T18:36:03.056+0100][gc,task       ] GC(649) Using 13 workers of 13 for evacuation
[2023-11-12T18:36:03.064+0100][gc,phases     ] GC(649)   Pre Evacuate Collection Set: 0,0ms
[2023-11-12T18:36:03.064+0100][gc,phases     ] GC(649)   Evacuate Collection Set: 7,2ms
[2023-11-12T18:36:03.064+0100][gc,phases     ] GC(649)   Post Evacuate Collection Set: 0,6ms
[2023-11-12T18:36:03.064+0100][gc,phases     ] GC(649)   Other: 0,2ms
[2023-11-12T18:36:03.064+0100][gc,heap       ] GC(649) Eden regions: 591->0(590)
[2023-11-12T18:36:03.064+0100][gc,heap       ] GC(649) Survivor regions: 23->24(77)
[2023-11-12T18:36:03.064+0100][gc,heap       ] GC(649) Old regions: 86->86
[2023-11-12T18:36:03.064+0100][gc,heap       ] GC(649) Humongous regions: 129->129
[2023-11-12T18:36:03.064+0100][gc,metaspace  ] GC(649) Metaspace: 47964K(51968K)->47964K(51968K) NonClass: 42034K(44288K)->42034K(44288K) Class: 5930K(7680K)->5930K(7680K)
[2023-11-12T18:36:03.064+0100][gc            ] GC(649) Pause Young (Normal) (G1 Evacuation Pause) 827M->237M(1024M) 8,114ms
[2023-11-12T18:36:03.064+0100][gc,cpu        ] GC(649) User=0,09s Sys=0,00s Real=0,01s
[2023-11-12T18:36:04.423+0100][gc,start      ] GC(650) Pause Young (Normal) (G1 Evacuation Pause)
[2023-11-12T18:36:04.423+0100][gc,task       ] GC(650) Using 13 workers of 13 for evacuation
[2023-11-12T18:36:04.431+0100][gc,phases     ] GC(650)   Pre Evacuate Collection Set: 0,0ms
[2023-11-12T18:36:04.431+0100][gc,phases     ] GC(650)   Evacuate Collection Set: 7,7ms
[2023-11-12T18:36:04.431+0100][gc,phases     ] GC(650)   Post Evacuate Collection Set: 0,6ms
[2023-11-12T18:36:04.431+0100][gc,phases     ] GC(650)   Other: 0,3ms
[2023-11-12T18:36:04.431+0100][gc,heap       ] GC(650) Eden regions: 590->0(588)
[2023-11-12T18:36:04.431+0100][gc,heap       ] GC(650) Survivor regions: 24->26(77)
[2023-11-12T18:36:04.431+0100][gc,heap       ] GC(650) Old regions: 86->87
[2023-11-12T18:36:04.431+0100][gc,heap       ] GC(650) Humongous regions: 129->129
[2023-11-12T18:36:04.431+0100][gc,metaspace  ] GC(650) Metaspace: 47964K(51968K)->47964K(51968K) NonClass: 42034K(44288K)->42034K(44288K) Class: 5930K(7680K)->5930K(7680K)
[2023-11-12T18:36:04.431+0100][gc            ] GC(650) Pause Young (Normal) (G1 Evacuation Pause) 827M->239M(1024M) 8,759ms
[2023-11-12T18:36:04.431+0100][gc,cpu        ] GC(650) User=0,10s Sys=0,00s Real=0,00s
[2023-11-12T18:36:05.787+0100][gc,start      ] GC(651) Pause Young (Normal) (G1 Evacuation Pause)
[2023-11-12T18:36:05.787+0100][gc,task       ] GC(651) Using 13 workers of 13 for evacuation
[2023-11-12T18:36:05.795+0100][gc,phases     ] GC(651)   Pre Evacuate Collection Set: 0,0ms
[2023-11-12T18:36:05.795+0100][gc,phases     ] GC(651)   Evacuate Collection Set: 7,9ms
[2023-11-12T18:36:05.795+0100][gc,phases     ] GC(651)   Post Evacuate Collection Set: 0,6ms
[2023-11-12T18:36:05.795+0100][gc,phases     ] GC(651)   Other: 0,2ms
[2023-11-12T18:36:05.795+0100][gc,heap       ] GC(651) Eden regions: 588->0(586)
[2023-11-12T18:36:05.795+0100][gc,heap       ] GC(651) Survivor regions: 26->28(77)
[2023-11-12T18:36:05.795+0100][gc,heap       ] GC(651) Old regions: 87->87
[2023-11-12T18:36:05.795+0100][gc,heap       ] GC(651) Humongous regions: 129->129
[2023-11-12T18:36:05.795+0100][gc,metaspace  ] GC(651) Metaspace: 47964K(51968K)->47964K(51968K) NonClass: 42034K(44288K)->42034K(44288K) Class: 5930K(7680K)->5930K(7680K)
[2023-11-12T18:36:05.795+0100][gc            ] GC(651) Pause Young (Normal) (G1 Evacuation Pause) 827M->241M(1024M) 8,804ms
[2023-11-12T18:36:05.795+0100][gc,cpu        ] GC(651) User=0,09s Sys=0,00s Real=0,01s
[2023-11-12T18:36:07.175+0100][gc,start      ] GC(652) Pause Young (Normal) (G1 Evacuation Pause)
[2023-11-12T18:36:07.175+0100][gc,task       ] GC(652) Using 13 workers of 13 for evacuation
[2023-11-12T18:36:07.185+0100][gc,phases     ] GC(652)   Pre Evacuate Collection Set: 0,0ms
[2023-11-12T18:36:07.185+0100][gc,phases     ] GC(652)   Evacuate Collection Set: 9,5ms
[2023-11-12T18:36:07.185+0100][gc,phases     ] GC(652)   Post Evacuate Collection Set: 0,6ms
[2023-11-12T18:36:07.185+0100][gc,phases     ] GC(652)   Other: 0,2ms
[2023-11-12T18:36:07.185+0100][gc,heap       ] GC(652) Eden regions: 586->0(584)
[2023-11-12T18:36:07.185+0100][gc,heap       ] GC(652) Survivor regions: 28->30(77)
[2023-11-12T18:36:07.185+0100][gc,heap       ] GC(652) Old regions: 87->87
[2023-11-12T18:36:07.185+0100][gc,heap       ] GC(652) Humongous regions: 129->129
[2023-11-12T18:36:07.185+0100][gc,metaspace  ] GC(652) Metaspace: 47964K(51968K)->47964K(51968K) NonClass: 42034K(44288K)->42034K(44288K) Class: 5930K(7680K)->5930K(7680K)
[2023-11-12T18:36:07.185+0100][gc            ] GC(652) Pause Young (Normal) (G1 Evacuation Pause) 827M->244M(1024M) 10,421ms
[2023-11-12T18:36:07.185+0100][gc,cpu        ] GC(652) User=0,10s Sys=0,01s Real=0,01s
[2023-11-12T18:36:08.541+0100][gc,start      ] GC(653) Pause Young (Normal) (G1 Evacuation Pause)
[2023-11-12T18:36:08.541+0100][gc,task       ] GC(653) Using 13 workers of 13 for evacuation
[2023-11-12T18:36:08.551+0100][gc,phases     ] GC(653)   Pre Evacuate Collection Set: 0,0ms
[2023-11-12T18:36:08.551+0100][gc,phases     ] GC(653)   Evacuate Collection Set: 8,6ms
[2023-11-12T18:36:08.551+0100][gc,phases     ] GC(653)   Post Evacuate Collection Set: 0,6ms
[2023-11-12T18:36:08.551+0100][gc,phases     ] GC(653)   Other: 0,2ms
[2023-11-12T18:36:08.551+0100][gc,heap       ] GC(653) Eden regions: 584->0(585)
[2023-11-12T18:36:08.551+0100][gc,heap       ] GC(653) Survivor regions: 30->29(77)
[2023-11-12T18:36:08.551+0100][gc,heap       ] GC(653) Old regions: 87->89
[2023-11-12T18:36:08.551+0100][gc,heap       ] GC(653) Humongous regions: 129->129
[2023-11-12T18:36:08.551+0100][gc,metaspace  ] GC(653) Metaspace: 47964K(51968K)->47964K(51968K) NonClass: 42034K(44288K)->42034K(44288K) Class: 5930K(7680K)->5930K(7680K)
[2023-11-12T18:36:08.551+0100][gc            ] GC(653) Pause Young (Normal) (G1 Evacuation Pause) 828M->245M(1024M) 9,578ms
[2023-11-12T18:36:08.551+0100][gc,cpu        ] GC(653) User=0,10s Sys=0,00s Real=0,00s
[2023-11-12T18:36:09.927+0100][gc,start      ] GC(654) Pause Young (Normal) (G1 Evacuation Pause)
[2023-11-12T18:36:09.927+0100][gc,task       ] GC(654) Using 13 workers of 13 for evacuation
[2023-11-12T18:36:09.937+0100][gc,phases     ] GC(654)   Pre Evacuate Collection Set: 0,0ms
[2023-11-12T18:36:09.937+0100][gc,phases     ] GC(654)   Evacuate Collection Set: 8,6ms
[2023-11-12T18:36:09.937+0100][gc,phases     ] GC(654)   Post Evacuate Collection Set: 0,6ms
[2023-11-12T18:36:09.937+0100][gc,phases     ] GC(654)   Other: 0,2ms
[2023-11-12T18:36:09.937+0100][gc,heap       ] GC(654) Eden regions: 585->0(585)
[2023-11-12T18:36:09.937+0100][gc,heap       ] GC(654) Survivor regions: 29->29(77)
[2023-11-12T18:36:09.937+0100][gc,heap       ] GC(654) Old regions: 89->91
[2023-11-12T18:36:09.937+0100][gc,heap       ] GC(654) Humongous regions: 129->129
[2023-11-12T18:36:09.937+0100][gc,metaspace  ] GC(654) Metaspace: 47964K(51968K)->47964K(51968K) NonClass: 42034K(44288K)->42034K(44288K) Class: 5930K(7680K)->5930K(7680K)
[2023-11-12T18:36:09.937+0100][gc            ] GC(654) Pause Young (Normal) (G1 Evacuation Pause) 830M->246M(1024M) 9,556ms
[2023-11-12T18:36:09.937+0100][gc,cpu        ] GC(654) User=0,10s Sys=0,01s Real=0,01s
[2023-11-12T18:36:11.247+0100][gc,start      ] GC(655) Pause Young (Normal) (G1 Evacuation Pause)
[2023-11-12T18:36:11.247+0100][gc,task       ] GC(655) Using 13 workers of 13 for evacuation
[2023-11-12T18:36:11.257+0100][gc,phases     ] GC(655)   Pre Evacuate Collection Set: 0,0ms
[2023-11-12T18:36:11.257+0100][gc,phases     ] GC(655)   Evacuate Collection Set: 8,7ms
[2023-11-12T18:36:11.257+0100][gc,phases     ] GC(655)   Post Evacuate Collection Set: 0,6ms
[2023-11-12T18:36:11.257+0100][gc,phases     ] GC(655)   Other: 0,2ms
[2023-11-12T18:36:11.257+0100][gc,heap       ] GC(655) Eden regions: 585->0(585)
[2023-11-12T18:36:11.257+0100][gc,heap       ] GC(655) Survivor regions: 29->29(77)
[2023-11-12T18:36:11.257+0100][gc,heap       ] GC(655) Old regions: 91->93
[2023-11-12T18:36:11.257+0100][gc,heap       ] GC(655) Humongous regions: 129->129
[2023-11-12T18:36:11.257+0100][gc,metaspace  ] GC(655) Metaspace: 47964K(51968K)->47964K(51968K) NonClass: 42034K(44288K)->42034K(44288K) Class: 5930K(7680K)->5930K(7680K)
[2023-11-12T18:36:11.257+0100][gc            ] GC(655) Pause Young (Normal) (G1 Evacuation Pause) 831M->249M(1024M) 9,673ms
[2023-11-12T18:36:11.257+0100][gc,cpu        ] GC(655) User=0,09s Sys=0,01s Real=0,01s
[2023-11-12T18:36:12.553+0100][gc,start      ] GC(656) Pause Young (Normal) (G1 Evacuation Pause)
[2023-11-12T18:36:12.553+0100][gc,task       ] GC(656) Using 13 workers of 13 for evacuation
[2023-11-12T18:36:12.556+0100][gc,phases     ] GC(656)   Pre Evacuate Collection Set: 0,0ms
[2023-11-12T18:36:12.556+0100][gc,phases     ] GC(656)   Evacuate Collection Set: 2,8ms
[2023-11-12T18:36:12.556+0100][gc,phases     ] GC(656)   Post Evacuate Collection Set: 0,7ms
[2023-11-12T18:36:12.556+0100][gc,phases     ] GC(656)   Other: 0,3ms
[2023-11-12T18:36:12.556+0100][gc,heap       ] GC(656) Eden regions: 585->0(606)
[2023-11-12T18:36:12.556+0100][gc,heap       ] GC(656) Survivor regions: 29->8(77)
[2023-11-12T18:36:12.556+0100][gc,heap       ] GC(656) Old regions: 93->94
[2023-11-12T18:36:12.556+0100][gc,heap       ] GC(656) Humongous regions: 129->129
[2023-11-12T18:36:12.556+0100][gc,metaspace  ] GC(656) Metaspace: 47964K(51968K)->47964K(51968K) NonClass: 42034K(44288K)->42034K(44288K) Class: 5930K(7680K)->5930K(7680K)
[2023-11-12T18:36:12.557+0100][gc            ] GC(656) Pause Young (Normal) (G1 Evacuation Pause) 834M->228M(1024M) 4,020ms
[2023-11-12T18:36:12.557+0100][gc,cpu        ] GC(656) User=0,03s Sys=0,00s Real=0,01s
[2023-11-12T18:36:13.901+0100][gc,start      ] GC(657) Pause Young (Normal) (G1 Evacuation Pause)
[2023-11-12T18:36:13.901+0100][gc,task       ] GC(657) Using 13 workers of 13 for evacuation
[2023-11-12T18:36:13.905+0100][gc,phases     ] GC(657)   Pre Evacuate Collection Set: 0,0ms
[2023-11-12T18:36:13.905+0100][gc,phases     ] GC(657)   Evacuate Collection Set: 3,0ms
[2023-11-12T18:36:13.905+0100][gc,phases     ] GC(657)   Post Evacuate Collection Set: 0,6ms
[2023-11-12T18:36:13.905+0100][gc,phases     ] GC(657)   Other: 0,2ms
[2023-11-12T18:36:13.905+0100][gc,heap       ] GC(657) Eden regions: 606->0(606)
[2023-11-12T18:36:13.905+0100][gc,heap       ] GC(657) Survivor regions: 8->8(77)
[2023-11-12T18:36:13.905+0100][gc,heap       ] GC(657) Old regions: 94->94
[2023-11-12T18:36:13.905+0100][gc,heap       ] GC(657) Humongous regions: 129->129
[2023-11-12T18:36:13.905+0100][gc,metaspace  ] GC(657) Metaspace: 47964K(51968K)->47964K(51968K) NonClass: 42034K(44288K)->42034K(44288K) Class: 5930K(7680K)->5930K(7680K)
[2023-11-12T18:36:13.905+0100][gc            ] GC(657) Pause Young (Normal) (G1 Evacuation Pause) 834M->229M(1024M) 3,921ms
[2023-11-12T18:36:13.905+0100][gc,cpu        ] GC(657) User=0,01s Sys=0,03s Real=0,01s
[2023-11-12T18:36:15.263+0100][gc,start      ] GC(658) Pause Young (Normal) (G1 Evacuation Pause)
[2023-11-12T18:36:15.263+0100][gc,task       ] GC(658) Using 13 workers of 13 for evacuation
[2023-11-12T18:36:15.268+0100][gc,phases     ] GC(658)   Pre Evacuate Collection Set: 0,0ms
[2023-11-12T18:36:15.268+0100][gc,phases     ] GC(658)   Evacuate Collection Set: 4,3ms
[2023-11-12T18:36:15.268+0100][gc,phases     ] GC(658)   Post Evacuate Collection Set: 0,6ms
[2023-11-12T18:36:15.268+0100][gc,phases     ] GC(658)   Other: 0,2ms
[2023-11-12T18:36:15.268+0100][gc,heap       ] GC(658) Eden regions: 606->0(605)
[2023-11-12T18:36:15.268+0100][gc,heap       ] GC(658) Survivor regions: 8->9(77)
[2023-11-12T18:36:15.268+0100][gc,heap       ] GC(658) Old regions: 94->94
[2023-11-12T18:36:15.268+0100][gc,heap       ] GC(658) Humongous regions: 129->129
[2023-11-12T18:36:15.268+0100][gc,metaspace  ] GC(658) Metaspace: 47964K(51968K)->47964K(51968K) NonClass: 42034K(44288K)->42034K(44288K) Class: 5930K(7680K)->5930K(7680K)
[2023-11-12T18:36:15.268+0100][gc            ] GC(658) Pause Young (Normal) (G1 Evacuation Pause) 835M->230M(1024M) 5,179ms
[2023-11-12T18:36:15.269+0100][gc,cpu        ] GC(658) User=0,05s Sys=0,01s Real=0,00s
[2023-11-12T18:36:16.621+0100][gc,start      ] GC(659) Pause Young (Normal) (G1 Evacuation Pause)
[2023-11-12T18:36:16.621+0100][gc,task       ] GC(659) Using 13 workers of 13 for evacuation
[2023-11-12T18:36:16.625+0100][gc,phases     ] GC(659)   Pre Evacuate Collection Set: 0,0ms
[2023-11-12T18:36:16.625+0100][gc,phases     ] GC(659)   Evacuate Collection Set: 3,8ms
[2023-11-12T18:36:16.625+0100][gc,phases     ] GC(659)   Post Evacuate Collection Set: 0,6ms
[2023-11-12T18:36:16.625+0100][gc,phases     ] GC(659)   Other: 0,2ms
[2023-11-12T18:36:16.625+0100][gc,heap       ] GC(659) Eden regions: 605->0(603)
[2023-11-12T18:36:16.625+0100][gc,heap       ] GC(659) Survivor regions: 9->11(77)
[2023-11-12T18:36:16.625+0100][gc,heap       ] GC(659) Old regions: 94->95
[2023-11-12T18:36:16.625+0100][gc,heap       ] GC(659) Humongous regions: 129->129
[2023-11-12T18:36:16.625+0100][gc,metaspace  ] GC(659) Metaspace: 47964K(51968K)->47964K(51968K) NonClass: 42034K(44288K)->42034K(44288K) Class: 5930K(7680K)->5930K(7680K)
[2023-11-12T18:36:16.626+0100][gc            ] GC(659) Pause Young (Normal) (G1 Evacuation Pause) 835M->232M(1024M) 4,774ms
[2023-11-12T18:36:16.626+0100][gc,cpu        ] GC(659) User=0,05s Sys=0,00s Real=0,01s
[2023-11-12T18:36:17.981+0100][gc,start      ] GC(660) Pause Young (Normal) (G1 Evacuation Pause)
[2023-11-12T18:36:17.981+0100][gc,task       ] GC(660) Using 13 workers of 13 for evacuation
[2023-11-12T18:36:17.986+0100][gc,phases     ] GC(660)   Pre Evacuate Collection Set: 0,0ms
[2023-11-12T18:36:17.986+0100][gc,phases     ] GC(660)   Evacuate Collection Set: 4,2ms
[2023-11-12T18:36:17.986+0100][gc,phases     ] GC(660)   Post Evacuate Collection Set: 0,6ms
[2023-11-12T18:36:17.986+0100][gc,phases     ] GC(660)   Other: 0,2ms
[2023-11-12T18:36:17.986+0100][gc,heap       ] GC(660) Eden regions: 603->0(602)
[2023-11-12T18:36:17.986+0100][gc,heap       ] GC(660) Survivor regions: 11->12(77)
[2023-11-12T18:36:17.986+0100][gc,heap       ] GC(660) Old regions: 95->95
[2023-11-12T18:36:17.986+0100][gc,heap       ] GC(660) Humongous regions: 129->129
[2023-11-12T18:36:17.986+0100][gc,metaspace  ] GC(660) Metaspace: 47964K(51968K)->47964K(51968K) NonClass: 42034K(44288K)->42034K(44288K) Class: 5930K(7680K)->5930K(7680K)
[2023-11-12T18:36:17.987+0100][gc            ] GC(660) Pause Young (Normal) (G1 Evacuation Pause) 835M->234M(1024M) 5,162ms
[2023-11-12T18:36:17.987+0100][gc,cpu        ] GC(660) User=0,03s Sys=0,03s Real=0,00s
[2023-11-12T18:36:19.359+0100][gc,start      ] GC(661) Pause Young (Normal) (G1 Evacuation Pause)
[2023-11-12T18:36:19.359+0100][gc,task       ] GC(661) Using 13 workers of 13 for evacuation
[2023-11-12T18:36:19.364+0100][gc,phases     ] GC(661)   Pre Evacuate Collection Set: 0,0ms
[2023-11-12T18:36:19.364+0100][gc,phases     ] GC(661)   Evacuate Collection Set: 4,6ms
[2023-11-12T18:36:19.364+0100][gc,phases     ] GC(661)   Post Evacuate Collection Set: 0,6ms
[2023-11-12T18:36:19.364+0100][gc,phases     ] GC(661)   Other: 0,2ms
[2023-11-12T18:36:19.364+0100][gc,heap       ] GC(661) Eden regions: 602->0(600)
[2023-11-12T18:36:19.364+0100][gc,heap       ] GC(661) Survivor regions: 12->14(77)
[2023-11-12T18:36:19.364+0100][gc,heap       ] GC(661) Old regions: 95->95
[2023-11-12T18:36:19.364+0100][gc,heap       ] GC(661) Humongous regions: 129->129
[2023-11-12T18:36:19.364+0100][gc,metaspace  ] GC(661) Metaspace: 47964K(51968K)->47964K(51968K) NonClass: 42034K(44288K)->42034K(44288K) Class: 5930K(7680K)->5930K(7680K)
[2023-11-12T18:36:19.364+0100][gc            ] GC(661) Pause Young (Normal) (G1 Evacuation Pause) 836M->235M(1024M) 5,445ms
[2023-11-12T18:36:19.364+0100][gc,cpu        ] GC(661) User=0,06s Sys=0,01s Real=0,01s
[2023-11-12T18:36:20.734+0100][gc,start      ] GC(662) Pause Young (Normal) (G1 Evacuation Pause)
[2023-11-12T18:36:20.734+0100][gc,task       ] GC(662) Using 13 workers of 13 for evacuation
[2023-11-12T18:36:20.740+0100][gc,phases     ] GC(662)   Pre Evacuate Collection Set: 0,0ms
[2023-11-12T18:36:20.740+0100][gc,phases     ] GC(662)   Evacuate Collection Set: 5,3ms
[2023-11-12T18:36:20.740+0100][gc,phases     ] GC(662)   Post Evacuate Collection Set: 0,6ms
[2023-11-12T18:36:20.740+0100][gc,phases     ] GC(662)   Other: 0,2ms
[2023-11-12T18:36:20.740+0100][gc,heap       ] GC(662) Eden regions: 600->0(599)
[2023-11-12T18:36:20.740+0100][gc,heap       ] GC(662) Survivor regions: 14->15(77)
[2023-11-12T18:36:20.740+0100][gc,heap       ] GC(662) Old regions: 95->96
[2023-11-12T18:36:20.740+0100][gc,heap       ] GC(662) Humongous regions: 129->129
[2023-11-12T18:36:20.740+0100][gc,metaspace  ] GC(662) Metaspace: 47964K(51968K)->47964K(51968K) NonClass: 42034K(44288K)->42034K(44288K) Class: 5930K(7680K)->5930K(7680K)
[2023-11-12T18:36:20.740+0100][gc            ] GC(662) Pause Young (Normal) (G1 Evacuation Pause) 835M->237M(1024M) 6,241ms
[2023-11-12T18:36:20.740+0100][gc,cpu        ] GC(662) User=0,06s Sys=0,01s Real=0,00s
[2023-11-12T18:36:22.146+0100][gc,start      ] GC(663) Pause Young (Normal) (G1 Evacuation Pause)
[2023-11-12T18:36:22.146+0100][gc,task       ] GC(663) Using 13 workers of 13 for evacuation
[2023-11-12T18:36:22.152+0100][gc,phases     ] GC(663)   Pre Evacuate Collection Set: 0,0ms
[2023-11-12T18:36:22.152+0100][gc,phases     ] GC(663)   Evacuate Collection Set: 5,6ms
[2023-11-12T18:36:22.152+0100][gc,phases     ] GC(663)   Post Evacuate Collection Set: 0,6ms
[2023-11-12T18:36:22.152+0100][gc,phases     ] GC(663)   Other: 0,2ms
[2023-11-12T18:36:22.152+0100][gc,heap       ] GC(663) Eden regions: 599->0(597)
[2023-11-12T18:36:22.152+0100][gc,heap       ] GC(663) Survivor regions: 15->17(77)
[2023-11-12T18:36:22.152+0100][gc,heap       ] GC(663) Old regions: 96->96
[2023-11-12T18:36:22.152+0100][gc,heap       ] GC(663) Humongous regions: 129->129
[2023-11-12T18:36:22.152+0100][gc,metaspace  ] GC(663) Metaspace: 47964K(51968K)->47964K(51968K) NonClass: 42034K(44288K)->42034K(44288K) Class: 5930K(7680K)->5930K(7680K)
[2023-11-12T18:36:22.152+0100][gc            ] GC(663) Pause Young (Normal) (G1 Evacuation Pause) 836M->239M(1024M) 6,564ms
[2023-11-12T18:36:22.152+0100][gc,cpu        ] GC(663) User=0,03s Sys=0,03s Real=0,00s
[2023-11-12T18:36:23.529+0100][gc,start      ] GC(664) Pause Young (Normal) (G1 Evacuation Pause)
[2023-11-12T18:36:23.529+0100][gc,task       ] GC(664) Using 13 workers of 13 for evacuation
[2023-11-12T18:36:23.535+0100][gc,phases     ] GC(664)   Pre Evacuate Collection Set: 0,0ms
[2023-11-12T18:36:23.535+0100][gc,phases     ] GC(664)   Evacuate Collection Set: 5,8ms
[2023-11-12T18:36:23.535+0100][gc,phases     ] GC(664)   Post Evacuate Collection Set: 0,6ms
[2023-11-12T18:36:23.535+0100][gc,phases     ] GC(664)   Other: 0,2ms
[2023-11-12T18:36:23.535+0100][gc,heap       ] GC(664) Eden regions: 597->0(596)
[2023-11-12T18:36:23.535+0100][gc,heap       ] GC(664) Survivor regions: 17->18(77)
[2023-11-12T18:36:23.535+0100][gc,heap       ] GC(664) Old regions: 96->96
[2023-11-12T18:36:23.535+0100][gc,heap       ] GC(664) Humongous regions: 129->129
[2023-11-12T18:36:23.535+0100][gc,metaspace  ] GC(664) Metaspace: 47964K(51968K)->47964K(51968K) NonClass: 42034K(44288K)->42034K(44288K) Class: 5930K(7680K)->5930K(7680K)
[2023-11-12T18:36:23.535+0100][gc            ] GC(664) Pause Young (Normal) (G1 Evacuation Pause) 836M->241M(1024M) 6,731ms
[2023-11-12T18:36:23.535+0100][gc,cpu        ] GC(664) User=0,07s Sys=0,00s Real=0,01s
[2023-11-12T18:36:24.899+0100][gc,start      ] GC(665) Pause Young (Normal) (G1 Evacuation Pause)
[2023-11-12T18:36:24.899+0100][gc,task       ] GC(665) Using 13 workers of 13 for evacuation
[2023-11-12T18:36:24.906+0100][gc,phases     ] GC(665)   Pre Evacuate Collection Set: 0,0ms
[2023-11-12T18:36:24.906+0100][gc,phases     ] GC(665)   Evacuate Collection Set: 6,1ms
[2023-11-12T18:36:24.906+0100][gc,phases     ] GC(665)   Post Evacuate Collection Set: 0,6ms
[2023-11-12T18:36:24.906+0100][gc,phases     ] GC(665)   Other: 0,2ms
[2023-11-12T18:36:24.906+0100][gc,heap       ] GC(665) Eden regions: 596->0(594)
[2023-11-12T18:36:24.906+0100][gc,heap       ] GC(665) Survivor regions: 18->20(77)
[2023-11-12T18:36:24.906+0100][gc,heap       ] GC(665) Old regions: 96->97
[2023-11-12T18:36:24.906+0100][gc,heap       ] GC(665) Humongous regions: 129->129
[2023-11-12T18:36:24.906+0100][gc,metaspace  ] GC(665) Metaspace: 47964K(51968K)->47964K(51968K) NonClass: 42034K(44288K)->42034K(44288K) Class: 5930K(7680K)->5930K(7680K)
[2023-11-12T18:36:24.906+0100][gc            ] GC(665) Pause Young (Normal) (G1 Evacuation Pause) 837M->243M(1024M) 7,112ms
[2023-11-12T18:36:24.906+0100][gc,cpu        ] GC(665) User=0,05s Sys=0,02s Real=0,01s
[2023-11-12T18:36:26.253+0100][gc,start      ] GC(666) Pause Young (Normal) (G1 Evacuation Pause)
[2023-11-12T18:36:26.253+0100][gc,task       ] GC(666) Using 13 workers of 13 for evacuation
[2023-11-12T18:36:26.261+0100][gc,phases     ] GC(666)   Pre Evacuate Collection Set: 0,0ms
[2023-11-12T18:36:26.261+0100][gc,phases     ] GC(666)   Evacuate Collection Set: 6,4ms
[2023-11-12T18:36:26.261+0100][gc,phases     ] GC(666)   Post Evacuate Collection Set: 0,6ms
[2023-11-12T18:36:26.261+0100][gc,phases     ] GC(666)   Other: 0,2ms
[2023-11-12T18:36:26.261+0100][gc,heap       ] GC(666) Eden regions: 594->0(593)
[2023-11-12T18:36:26.261+0100][gc,heap       ] GC(666) Survivor regions: 20->21(77)
[2023-11-12T18:36:26.261+0100][gc,heap       ] GC(666) Old regions: 97->97
[2023-11-12T18:36:26.261+0100][gc,heap       ] GC(666) Humongous regions: 129->129
[2023-11-12T18:36:26.261+0100][gc,metaspace  ] GC(666) Metaspace: 47964K(51968K)->47964K(51968K) NonClass: 42034K(44288K)->42034K(44288K) Class: 5930K(7680K)->5930K(7680K)
[2023-11-12T18:36:26.261+0100][gc            ] GC(666) Pause Young (Normal) (G1 Evacuation Pause) 837M->244M(1024M) 7,412ms
[2023-11-12T18:36:26.261+0100][gc,cpu        ] GC(666) User=0,06s Sys=0,02s Real=0,00s
[2023-11-12T18:36:27.573+0100][gc,start      ] GC(667) Pause Young (Normal) (G1 Evacuation Pause)
[2023-11-12T18:36:27.573+0100][gc,task       ] GC(667) Using 13 workers of 13 for evacuation
[2023-11-12T18:36:27.581+0100][gc,phases     ] GC(667)   Pre Evacuate Collection Set: 0,0ms
[2023-11-12T18:36:27.581+0100][gc,phases     ] GC(667)   Evacuate Collection Set: 6,6ms
[2023-11-12T18:36:27.581+0100][gc,phases     ] GC(667)   Post Evacuate Collection Set: 0,6ms
[2023-11-12T18:36:27.581+0100][gc,phases     ] GC(667)   Other: 0,2ms
[2023-11-12T18:36:27.581+0100][gc,heap       ] GC(667) Eden regions: 593->0(591)
[2023-11-12T18:36:27.581+0100][gc,heap       ] GC(667) Survivor regions: 21->23(77)
[2023-11-12T18:36:27.581+0100][gc,heap       ] GC(667) Old regions: 97->97
[2023-11-12T18:36:27.581+0100][gc,heap       ] GC(667) Humongous regions: 129->129
[2023-11-12T18:36:27.581+0100][gc,metaspace  ] GC(667) Metaspace: 47964K(51968K)->47964K(51968K) NonClass: 42034K(44288K)->42034K(44288K) Class: 5930K(7680K)->5930K(7680K)
[2023-11-12T18:36:27.581+0100][gc            ] GC(667) Pause Young (Normal) (G1 Evacuation Pause) 837M->246M(1024M) 7,554ms
[2023-11-12T18:36:27.581+0100][gc,cpu        ] GC(667) User=0,06s Sys=0,02s Real=0,00s
[2023-11-12T18:36:28.911+0100][gc,start      ] GC(668) Pause Young (Normal) (G1 Evacuation Pause)
[2023-11-12T18:36:28.911+0100][gc,task       ] GC(668) Using 13 workers of 13 for evacuation
[2023-11-12T18:36:28.918+0100][gc,phases     ] GC(668)   Pre Evacuate Collection Set: 0,0ms
[2023-11-12T18:36:28.919+0100][gc,phases     ] GC(668)   Evacuate Collection Set: 7,1ms
[2023-11-12T18:36:28.919+0100][gc,phases     ] GC(668)   Post Evacuate Collection Set: 0,6ms
[2023-11-12T18:36:28.919+0100][gc,phases     ] GC(668)   Other: 0,2ms
[2023-11-12T18:36:28.919+0100][gc,heap       ] GC(668) Eden regions: 591->0(590)
[2023-11-12T18:36:28.919+0100][gc,heap       ] GC(668) Survivor regions: 23->24(77)
[2023-11-12T18:36:28.919+0100][gc,heap       ] GC(668) Old regions: 97->97
[2023-11-12T18:36:28.919+0100][gc,heap       ] GC(668) Humongous regions: 129->129
[2023-11-12T18:36:28.919+0100][gc,metaspace  ] GC(668) Metaspace: 47964K(51968K)->47964K(51968K) NonClass: 42034K(44288K)->42034K(44288K) Class: 5930K(7680K)->5930K(7680K)
[2023-11-12T18:36:28.919+0100][gc            ] GC(668) Pause Young (Normal) (G1 Evacuation Pause) 837M->248M(1024M) 8,023ms
[2023-11-12T18:36:28.919+0100][gc,cpu        ] GC(668) User=0,06s Sys=0,02s Real=0,01s
[2023-11-12T18:36:30.235+0100][gc,start      ] GC(669) Pause Young (Normal) (G1 Evacuation Pause)
[2023-11-12T18:36:30.235+0100][gc,task       ] GC(669) Using 13 workers of 13 for evacuation
[2023-11-12T18:36:30.244+0100][gc,phases     ] GC(669)   Pre Evacuate Collection Set: 0,0ms
[2023-11-12T18:36:30.244+0100][gc,phases     ] GC(669)   Evacuate Collection Set: 8,0ms
[2023-11-12T18:36:30.244+0100][gc,phases     ] GC(669)   Post Evacuate Collection Set: 0,6ms
[2023-11-12T18:36:30.244+0100][gc,phases     ] GC(669)   Other: 0,2ms
[2023-11-12T18:36:30.244+0100][gc,heap       ] GC(669) Eden regions: 590->0(588)
[2023-11-12T18:36:30.244+0100][gc,heap       ] GC(669) Survivor regions: 24->26(77)
[2023-11-12T18:36:30.244+0100][gc,heap       ] GC(669) Old regions: 97->98
[2023-11-12T18:36:30.244+0100][gc,heap       ] GC(669) Humongous regions: 129->129
[2023-11-12T18:36:30.244+0100][gc,metaspace  ] GC(669) Metaspace: 47964K(51968K)->47964K(51968K) NonClass: 42034K(44288K)->42034K(44288K) Class: 5930K(7680K)->5930K(7680K)
[2023-11-12T18:36:30.244+0100][gc            ] GC(669) Pause Young (Normal) (G1 Evacuation Pause) 838M->250M(1024M) 9,100ms
[2023-11-12T18:36:30.244+0100][gc,cpu        ] GC(669) User=0,08s Sys=0,00s Real=0,01s
[2023-11-12T18:36:31.529+0100][gc,start      ] GC(670) Pause Young (Normal) (G1 Evacuation Pause)
[2023-11-12T18:36:31.529+0100][gc,task       ] GC(670) Using 13 workers of 13 for evacuation
[2023-11-12T18:36:31.538+0100][gc,phases     ] GC(670)   Pre Evacuate Collection Set: 0,0ms
[2023-11-12T18:36:31.538+0100][gc,phases     ] GC(670)   Evacuate Collection Set: 7,6ms
[2023-11-12T18:36:31.538+0100][gc,phases     ] GC(670)   Post Evacuate Collection Set: 0,6ms
[2023-11-12T18:36:31.538+0100][gc,phases     ] GC(670)   Other: 0,2ms
[2023-11-12T18:36:31.538+0100][gc,heap       ] GC(670) Eden regions: 588->0(587)
[2023-11-12T18:36:31.538+0100][gc,heap       ] GC(670) Survivor regions: 26->27(77)
[2023-11-12T18:36:31.538+0100][gc,heap       ] GC(670) Old regions: 98->98
[2023-11-12T18:36:31.538+0100][gc,heap       ] GC(670) Humongous regions: 129->129
[2023-11-12T18:36:31.538+0100][gc,metaspace  ] GC(670) Metaspace: 47964K(51968K)->47964K(51968K) NonClass: 42034K(44288K)->42034K(44288K) Class: 5930K(7680K)->5930K(7680K)
[2023-11-12T18:36:31.538+0100][gc            ] GC(670) Pause Young (Normal) (G1 Evacuation Pause) 838M->251M(1024M) 8,596ms
[2023-11-12T18:36:31.538+0100][gc,cpu        ] GC(670) User=0,08s Sys=0,03s Real=0,01s
[2023-11-12T18:36:32.839+0100][gc,start      ] GC(671) Pause Young (Normal) (G1 Evacuation Pause)
[2023-11-12T18:36:32.839+0100][gc,task       ] GC(671) Using 13 workers of 13 for evacuation
[2023-11-12T18:36:32.848+0100][gc,phases     ] GC(671)   Pre Evacuate Collection Set: 0,0ms
[2023-11-12T18:36:32.848+0100][gc,phases     ] GC(671)   Evacuate Collection Set: 8,4ms
[2023-11-12T18:36:32.848+0100][gc,phases     ] GC(671)   Post Evacuate Collection Set: 0,7ms
[2023-11-12T18:36:32.848+0100][gc,phases     ] GC(671)   Other: 0,2ms
[2023-11-12T18:36:32.848+0100][gc,heap       ] GC(671) Eden regions: 587->0(587)
[2023-11-12T18:36:32.848+0100][gc,heap       ] GC(671) Survivor regions: 27->27(77)
[2023-11-12T18:36:32.848+0100][gc,heap       ] GC(671) Old regions: 98->99
[2023-11-12T18:36:32.848+0100][gc,heap       ] GC(671) Humongous regions: 129->129
[2023-11-12T18:36:32.848+0100][gc,metaspace  ] GC(671) Metaspace: 47964K(51968K)->47964K(51968K) NonClass: 42034K(44288K)->42034K(44288K) Class: 5930K(7680K)->5930K(7680K)
[2023-11-12T18:36:32.848+0100][gc            ] GC(671) Pause Young (Normal) (G1 Evacuation Pause) 838M->253M(1024M) 9,431ms
[2023-11-12T18:36:32.848+0100][gc,cpu        ] GC(671) User=0,10s Sys=0,00s Real=0,01s
[2023-11-12T18:36:34.228+0100][gc,start      ] GC(672) Pause Young (Normal) (G1 Evacuation Pause)
[2023-11-12T18:36:34.228+0100][gc,task       ] GC(672) Using 13 workers of 13 for evacuation
[2023-11-12T18:36:34.237+0100][gc,phases     ] GC(672)   Pre Evacuate Collection Set: 0,0ms
[2023-11-12T18:36:34.237+0100][gc,phases     ] GC(672)   Evacuate Collection Set: 8,3ms
[2023-11-12T18:36:34.237+0100][gc,phases     ] GC(672)   Post Evacuate Collection Set: 0,6ms
[2023-11-12T18:36:34.237+0100][gc,phases     ] GC(672)   Other: 0,2ms
[2023-11-12T18:36:34.237+0100][gc,heap       ] GC(672) Eden regions: 587->0(587)
[2023-11-12T18:36:34.237+0100][gc,heap       ] GC(672) Survivor regions: 27->27(77)
[2023-11-12T18:36:34.237+0100][gc,heap       ] GC(672) Old regions: 99->101
[2023-11-12T18:36:34.237+0100][gc,heap       ] GC(672) Humongous regions: 129->129
[2023-11-12T18:36:34.237+0100][gc,metaspace  ] GC(672) Metaspace: 47964K(51968K)->47964K(51968K) NonClass: 42034K(44288K)->42034K(44288K) Class: 5930K(7680K)->5930K(7680K)
[2023-11-12T18:36:34.237+0100][gc            ] GC(672) Pause Young (Normal) (G1 Evacuation Pause) 840M->255M(1024M) 9,242ms
[2023-11-12T18:36:34.237+0100][gc,cpu        ] GC(672) User=0,10s Sys=0,00s Real=0,01s
[2023-11-12T18:36:35.642+0100][gc,start      ] GC(673) Pause Young (Normal) (G1 Evacuation Pause)
[2023-11-12T18:36:35.642+0100][gc,task       ] GC(673) Using 13 workers of 13 for evacuation
[2023-11-12T18:36:35.651+0100][gc,phases     ] GC(673)   Pre Evacuate Collection Set: 0,0ms
[2023-11-12T18:36:35.651+0100][gc,phases     ] GC(673)   Evacuate Collection Set: 8,3ms
[2023-11-12T18:36:35.651+0100][gc,phases     ] GC(673)   Post Evacuate Collection Set: 0,6ms
[2023-11-12T18:36:35.651+0100][gc,phases     ] GC(673)   Other: 0,2ms
[2023-11-12T18:36:35.651+0100][gc,heap       ] GC(673) Eden regions: 587->0(587)
[2023-11-12T18:36:35.651+0100][gc,heap       ] GC(673) Survivor regions: 27->27(77)
[2023-11-12T18:36:35.651+0100][gc,heap       ] GC(673) Old regions: 101->103
[2023-11-12T18:36:35.651+0100][gc,heap       ] GC(673) Humongous regions: 129->129
[2023-11-12T18:36:35.651+0100][gc,metaspace  ] GC(673) Metaspace: 47964K(51968K)->47964K(51968K) NonClass: 42034K(44288K)->42034K(44288K) Class: 5930K(7680K)->5930K(7680K)
[2023-11-12T18:36:35.651+0100][gc            ] GC(673) Pause Young (Normal) (G1 Evacuation Pause) 842M->257M(1024M) 9,263ms
[2023-11-12T18:36:35.651+0100][gc,cpu        ] GC(673) User=0,10s Sys=0,00s Real=0,00s
[2023-11-12T18:36:37.014+0100][gc,start      ] GC(674) Pause Young (Normal) (G1 Evacuation Pause)
[2023-11-12T18:36:37.014+0100][gc,task       ] GC(674) Using 13 workers of 13 for evacuation
[2023-11-12T18:36:37.020+0100][gc,phases     ] GC(674)   Pre Evacuate Collection Set: 0,0ms
[2023-11-12T18:36:37.020+0100][gc,phases     ] GC(674)   Evacuate Collection Set: 5,2ms
[2023-11-12T18:36:37.020+0100][gc,phases     ] GC(674)   Post Evacuate Collection Set: 0,5ms
[2023-11-12T18:36:37.020+0100][gc,phases     ] GC(674)   Other: 0,2ms
[2023-11-12T18:36:37.020+0100][gc,heap       ] GC(674) Eden regions: 587->0(608)
[2023-11-12T18:36:37.020+0100][gc,heap       ] GC(674) Survivor regions: 27->6(77)
[2023-11-12T18:36:37.020+0100][gc,heap       ] GC(674) Old regions: 103->103
[2023-11-12T18:36:37.020+0100][gc,heap       ] GC(674) Humongous regions: 129->129
[2023-11-12T18:36:37.020+0100][gc,metaspace  ] GC(674) Metaspace: 47964K(51968K)->47964K(51968K) NonClass: 42034K(44288K)->42034K(44288K) Class: 5930K(7680K)->5930K(7680K)
[2023-11-12T18:36:37.020+0100][gc            ] GC(674) Pause Young (Normal) (G1 Evacuation Pause) 844M->236M(1024M) 5,995ms
[2023-11-12T18:36:37.020+0100][gc,cpu        ] GC(674) User=0,02s Sys=0,02s Real=0,00s
[2023-11-12T18:36:38.405+0100][gc,start      ] GC(675) Pause Young (Normal) (G1 Evacuation Pause)
[2023-11-12T18:36:38.405+0100][gc,task       ] GC(675) Using 13 workers of 13 for evacuation
[2023-11-12T18:36:38.409+0100][gc,phases     ] GC(675)   Pre Evacuate Collection Set: 0,0ms
[2023-11-12T18:36:38.409+0100][gc,phases     ] GC(675)   Evacuate Collection Set: 2,9ms
[2023-11-12T18:36:38.409+0100][gc,phases     ] GC(675)   Post Evacuate Collection Set: 0,6ms
[2023-11-12T18:36:38.409+0100][gc,phases     ] GC(675)   Other: 0,2ms
[2023-11-12T18:36:38.409+0100][gc,heap       ] GC(675) Eden regions: 608->0(607)
[2023-11-12T18:36:38.409+0100][gc,heap       ] GC(675) Survivor regions: 6->7(77)
[2023-11-12T18:36:38.409+0100][gc,heap       ] GC(675) Old regions: 103->104
[2023-11-12T18:36:38.409+0100][gc,heap       ] GC(675) Humongous regions: 129->129
[2023-11-12T18:36:38.409+0100][gc,metaspace  ] GC(675) Metaspace: 47964K(51968K)->47964K(51968K) NonClass: 42034K(44288K)->42034K(44288K) Class: 5930K(7680K)->5930K(7680K)
[2023-11-12T18:36:38.409+0100][gc            ] GC(675) Pause Young (Normal) (G1 Evacuation Pause) 844M->237M(1024M) 3,813ms
[2023-11-12T18:36:38.409+0100][gc,cpu        ] GC(675) User=0,03s Sys=0,00s Real=0,00s
[2023-11-12T18:36:39.790+0100][gc,start      ] GC(676) Pause Young (Normal) (G1 Evacuation Pause)
[2023-11-12T18:36:39.790+0100][gc,task       ] GC(676) Using 13 workers of 13 for evacuation
[2023-11-12T18:36:39.795+0100][gc,phases     ] GC(676)   Pre Evacuate Collection Set: 0,0ms
[2023-11-12T18:36:39.795+0100][gc,phases     ] GC(676)   Evacuate Collection Set: 4,2ms
[2023-11-12T18:36:39.795+0100][gc,phases     ] GC(676)   Post Evacuate Collection Set: 0,7ms
[2023-11-12T18:36:39.795+0100][gc,phases     ] GC(676)   Other: 0,2ms
[2023-11-12T18:36:39.795+0100][gc,heap       ] GC(676) Eden regions: 607->0(606)
[2023-11-12T18:36:39.795+0100][gc,heap       ] GC(676) Survivor regions: 7->8(77)
[2023-11-12T18:36:39.795+0100][gc,heap       ] GC(676) Old regions: 104->104
[2023-11-12T18:36:39.795+0100][gc,heap       ] GC(676) Humongous regions: 129->129
[2023-11-12T18:36:39.795+0100][gc,metaspace  ] GC(676) Metaspace: 47964K(51968K)->47964K(51968K) NonClass: 42034K(44288K)->42034K(44288K) Class: 5930K(7680K)->5930K(7680K)
[2023-11-12T18:36:39.795+0100][gc            ] GC(676) Pause Young (Normal) (G1 Evacuation Pause) 844M->238M(1024M) 5,269ms
[2023-11-12T18:36:39.795+0100][gc,cpu        ] GC(676) User=0,04s Sys=0,00s Real=0,01s
[2023-11-12T18:36:41.159+0100][gc,start      ] GC(677) Pause Young (Normal) (G1 Evacuation Pause)
[2023-11-12T18:36:41.159+0100][gc,task       ] GC(677) Using 13 workers of 13 for evacuation
[2023-11-12T18:36:41.164+0100][gc,phases     ] GC(677)   Pre Evacuate Collection Set: 0,0ms
[2023-11-12T18:36:41.164+0100][gc,phases     ] GC(677)   Evacuate Collection Set: 4,2ms
[2023-11-12T18:36:41.164+0100][gc,phases     ] GC(677)   Post Evacuate Collection Set: 0,6ms
[2023-11-12T18:36:41.164+0100][gc,phases     ] GC(677)   Other: 0,2ms
[2023-11-12T18:36:41.164+0100][gc,heap       ] GC(677) Eden regions: 606->0(605)
[2023-11-12T18:36:41.164+0100][gc,heap       ] GC(677) Survivor regions: 8->9(77)
[2023-11-12T18:36:41.164+0100][gc,heap       ] GC(677) Old regions: 104->104
[2023-11-12T18:36:41.164+0100][gc,heap       ] GC(677) Humongous regions: 129->129
[2023-11-12T18:36:41.164+0100][gc,metaspace  ] GC(677) Metaspace: 47964K(51968K)->47964K(51968K) NonClass: 42034K(44288K)->42034K(44288K) Class: 5930K(7680K)->5930K(7680K)
[2023-11-12T18:36:41.165+0100][gc            ] GC(677) Pause Young (Normal) (G1 Evacuation Pause) 844M->240M(1024M) 5,112ms
[2023-11-12T18:36:41.165+0100][gc,cpu        ] GC(677) User=0,04s Sys=0,00s Real=0,01s
[2023-11-12T18:36:42.559+0100][gc,start      ] GC(678) Pause Young (Normal) (G1 Evacuation Pause)
[2023-11-12T18:36:42.559+0100][gc,task       ] GC(678) Using 13 workers of 13 for evacuation
[2023-11-12T18:36:42.566+0100][gc,phases     ] GC(678)   Pre Evacuate Collection Set: 0,0ms
[2023-11-12T18:36:42.566+0100][gc,phases     ] GC(678)   Evacuate Collection Set: 5,9ms
[2023-11-12T18:36:42.566+0100][gc,phases     ] GC(678)   Post Evacuate Collection Set: 1,1ms
[2023-11-12T18:36:42.566+0100][gc,phases     ] GC(678)   Other: 0,2ms
[2023-11-12T18:36:42.566+0100][gc,heap       ] GC(678) Eden regions: 605->0(603)
[2023-11-12T18:36:42.566+0100][gc,heap       ] GC(678) Survivor regions: 9->11(77)
[2023-11-12T18:36:42.566+0100][gc,heap       ] GC(678) Old regions: 104->104
[2023-11-12T18:36:42.566+0100][gc,heap       ] GC(678) Humongous regions: 129->129
[2023-11-12T18:36:42.566+0100][gc,metaspace  ] GC(678) Metaspace: 47964K(51968K)->47964K(51968K) NonClass: 42034K(44288K)->42034K(44288K) Class: 5930K(7680K)->5930K(7680K)
[2023-11-12T18:36:42.566+0100][gc            ] GC(678) Pause Young (Normal) (G1 Evacuation Pause) 845M->242M(1024M) 7,334ms
[2023-11-12T18:36:42.566+0100][gc,cpu        ] GC(678) User=0,05s Sys=0,01s Real=0,01s
[2023-11-12T18:36:44.008+0100][gc,start      ] GC(679) Pause Young (Normal) (G1 Evacuation Pause)
[2023-11-12T18:36:44.008+0100][gc,task       ] GC(679) Using 13 workers of 13 for evacuation
[2023-11-12T18:36:44.014+0100][gc,phases     ] GC(679)   Pre Evacuate Collection Set: 0,0ms
[2023-11-12T18:36:44.014+0100][gc,phases     ] GC(679)   Evacuate Collection Set: 4,8ms
[2023-11-12T18:36:44.014+0100][gc,phases     ] GC(679)   Post Evacuate Collection Set: 0,6ms
[2023-11-12T18:36:44.014+0100][gc,phases     ] GC(679)   Other: 0,2ms
[2023-11-12T18:36:44.014+0100][gc,heap       ] GC(679) Eden regions: 603->0(601)
[2023-11-12T18:36:44.014+0100][gc,heap       ] GC(679) Survivor regions: 11->13(77)
[2023-11-12T18:36:44.014+0100][gc,heap       ] GC(679) Old regions: 104->105
[2023-11-12T18:36:44.014+0100][gc,heap       ] GC(679) Humongous regions: 129->129
[2023-11-12T18:36:44.014+0100][gc,metaspace  ] GC(679) Metaspace: 47964K(51968K)->47964K(51968K) NonClass: 42034K(44288K)->42034K(44288K) Class: 5930K(7680K)->5930K(7680K)
[2023-11-12T18:36:44.014+0100][gc            ] GC(679) Pause Young (Normal) (G1 Evacuation Pause) 845M->244M(1024M) 5,769ms
[2023-11-12T18:36:44.014+0100][gc,cpu        ] GC(679) User=0,05s Sys=0,01s Real=0,01s
[2023-11-12T18:36:45.407+0100][gc,start      ] GC(680) Pause Young (Normal) (G1 Evacuation Pause)
[2023-11-12T18:36:45.407+0100][gc,task       ] GC(680) Using 13 workers of 13 for evacuation
[2023-11-12T18:36:45.413+0100][gc,phases     ] GC(680)   Pre Evacuate Collection Set: 0,0ms
[2023-11-12T18:36:45.413+0100][gc,phases     ] GC(680)   Evacuate Collection Set: 5,2ms
[2023-11-12T18:36:45.413+0100][gc,phases     ] GC(680)   Post Evacuate Collection Set: 0,6ms
[2023-11-12T18:36:45.413+0100][gc,phases     ] GC(680)   Other: 0,2ms
[2023-11-12T18:36:45.413+0100][gc,heap       ] GC(680) Eden regions: 601->0(600)
[2023-11-12T18:36:45.413+0100][gc,heap       ] GC(680) Survivor regions: 13->14(77)
[2023-11-12T18:36:45.413+0100][gc,heap       ] GC(680) Old regions: 105->105
[2023-11-12T18:36:45.413+0100][gc,heap       ] GC(680) Humongous regions: 129->129
[2023-11-12T18:36:45.413+0100][gc,metaspace  ] GC(680) Metaspace: 47964K(51968K)->47964K(51968K) NonClass: 42034K(44288K)->42034K(44288K) Class: 5930K(7680K)->5930K(7680K)
[2023-11-12T18:36:45.413+0100][gc            ] GC(680) Pause Young (Normal) (G1 Evacuation Pause) 845M->245M(1024M) 6,112ms
[2023-11-12T18:36:45.413+0100][gc,cpu        ] GC(680) User=0,05s Sys=0,01s Real=0,00s
[2023-11-12T18:36:46.798+0100][gc,start      ] GC(681) Pause Young (Normal) (G1 Evacuation Pause)
[2023-11-12T18:36:46.798+0100][gc,task       ] GC(681) Using 13 workers of 13 for evacuation
[2023-11-12T18:36:46.804+0100][gc,phases     ] GC(681)   Pre Evacuate Collection Set: 0,0ms
[2023-11-12T18:36:46.804+0100][gc,phases     ] GC(681)   Evacuate Collection Set: 5,6ms
[2023-11-12T18:36:46.804+0100][gc,phases     ] GC(681)   Post Evacuate Collection Set: 0,6ms
[2023-11-12T18:36:46.804+0100][gc,phases     ] GC(681)   Other: 0,2ms
[2023-11-12T18:36:46.804+0100][gc,heap       ] GC(681) Eden regions: 600->0(598)
[2023-11-12T18:36:46.804+0100][gc,heap       ] GC(681) Survivor regions: 14->16(77)
[2023-11-12T18:36:46.804+0100][gc,heap       ] GC(681) Old regions: 105->105
[2023-11-12T18:36:46.804+0100][gc,heap       ] GC(681) Humongous regions: 129->129
[2023-11-12T18:36:46.804+0100][gc,metaspace  ] GC(681) Metaspace: 47964K(51968K)->47964K(51968K) NonClass: 42034K(44288K)->42034K(44288K) Class: 5930K(7680K)->5930K(7680K)
[2023-11-12T18:36:46.804+0100][gc            ] GC(681) Pause Young (Normal) (G1 Evacuation Pause) 845M->247M(1024M) 6,520ms
[2023-11-12T18:36:46.805+0100][gc,cpu        ] GC(681) User=0,05s Sys=0,01s Real=0,01s
[2023-11-12T18:36:48.180+0100][gc,start      ] GC(682) Pause Young (Normal) (G1 Evacuation Pause)
[2023-11-12T18:36:48.180+0100][gc,task       ] GC(682) Using 13 workers of 13 for evacuation
[2023-11-12T18:36:48.186+0100][gc,phases     ] GC(682)   Pre Evacuate Collection Set: 0,0ms
[2023-11-12T18:36:48.186+0100][gc,phases     ] GC(682)   Evacuate Collection Set: 5,6ms
[2023-11-12T18:36:48.186+0100][gc,phases     ] GC(682)   Post Evacuate Collection Set: 0,5ms
[2023-11-12T18:36:48.186+0100][gc,phases     ] GC(682)   Other: 0,2ms
[2023-11-12T18:36:48.186+0100][gc,heap       ] GC(682) Eden regions: 598->0(597)
[2023-11-12T18:36:48.186+0100][gc,heap       ] GC(682) Survivor regions: 16->17(77)
[2023-11-12T18:36:48.186+0100][gc,heap       ] GC(682) Old regions: 105->105
[2023-11-12T18:36:48.186+0100][gc,heap       ] GC(682) Humongous regions: 129->129
[2023-11-12T18:36:48.186+0100][gc,metaspace  ] GC(682) Metaspace: 47964K(51968K)->47964K(51968K) NonClass: 42034K(44288K)->42034K(44288K) Class: 5930K(7680K)->5930K(7680K)
[2023-11-12T18:36:48.186+0100][gc            ] GC(682) Pause Young (Normal) (G1 Evacuation Pause) 845M->249M(1024M) 6,503ms
[2023-11-12T18:36:48.186+0100][gc,cpu        ] GC(682) User=0,06s Sys=0,01s Real=0,01s
[2023-11-12T18:36:49.577+0100][gc,start      ] GC(683) Pause Young (Normal) (G1 Evacuation Pause)
[2023-11-12T18:36:49.577+0100][gc,task       ] GC(683) Using 13 workers of 13 for evacuation
[2023-11-12T18:36:49.584+0100][gc,phases     ] GC(683)   Pre Evacuate Collection Set: 0,0ms
[2023-11-12T18:36:49.585+0100][gc,phases     ] GC(683)   Evacuate Collection Set: 6,3ms
[2023-11-12T18:36:49.585+0100][gc,phases     ] GC(683)   Post Evacuate Collection Set: 0,6ms
[2023-11-12T18:36:49.585+0100][gc,phases     ] GC(683)   Other: 0,2ms
[2023-11-12T18:36:49.585+0100][gc,heap       ] GC(683) Eden regions: 597->0(595)
[2023-11-12T18:36:49.585+0100][gc,heap       ] GC(683) Survivor regions: 17->19(77)
[2023-11-12T18:36:49.585+0100][gc,heap       ] GC(683) Old regions: 105->106
[2023-11-12T18:36:49.585+0100][gc,heap       ] GC(683) Humongous regions: 129->129
[2023-11-12T18:36:49.585+0100][gc,metaspace  ] GC(683) Metaspace: 47964K(51968K)->47964K(51968K) NonClass: 42034K(44288K)->42034K(44288K) Class: 5930K(7680K)->5930K(7680K)
[2023-11-12T18:36:49.585+0100][gc            ] GC(683) Pause Young (Normal) (G1 Evacuation Pause) 846M->251M(1024M) 7,255ms
[2023-11-12T18:36:49.585+0100][gc,cpu        ] GC(683) User=0,06s Sys=0,02s Real=0,01s
[2023-11-12T18:36:50.967+0100][gc,start      ] GC(684) Pause Young (Normal) (G1 Evacuation Pause)
[2023-11-12T18:36:50.967+0100][gc,task       ] GC(684) Using 13 workers of 13 for evacuation
[2023-11-12T18:36:50.974+0100][gc,phases     ] GC(684)   Pre Evacuate Collection Set: 0,0ms
[2023-11-12T18:36:50.974+0100][gc,phases     ] GC(684)   Evacuate Collection Set: 6,3ms
[2023-11-12T18:36:50.974+0100][gc,phases     ] GC(684)   Post Evacuate Collection Set: 0,6ms
[2023-11-12T18:36:50.974+0100][gc,phases     ] GC(684)   Other: 0,2ms
[2023-11-12T18:36:50.974+0100][gc,heap       ] GC(684) Eden regions: 595->0(593)
[2023-11-12T18:36:50.974+0100][gc,heap       ] GC(684) Survivor regions: 19->21(77)
[2023-11-12T18:36:50.974+0100][gc,heap       ] GC(684) Old regions: 106->106
[2023-11-12T18:36:50.974+0100][gc,heap       ] GC(684) Humongous regions: 129->129
[2023-11-12T18:36:50.974+0100][gc,metaspace  ] GC(684) Metaspace: 47964K(51968K)->47964K(51968K) NonClass: 42034K(44288K)->42034K(44288K) Class: 5930K(7680K)->5930K(7680K)
[2023-11-12T18:36:50.974+0100][gc            ] GC(684) Pause Young (Normal) (G1 Evacuation Pause) 846M->253M(1024M) 7,279ms
[2023-11-12T18:36:50.974+0100][gc,cpu        ] GC(684) User=0,07s Sys=0,02s Real=0,01s
[2023-11-12T18:36:52.353+0100][gc,start      ] GC(685) Pause Young (Normal) (G1 Evacuation Pause)
[2023-11-12T18:36:52.353+0100][gc,task       ] GC(685) Using 13 workers of 13 for evacuation
[2023-11-12T18:36:52.361+0100][gc,phases     ] GC(685)   Pre Evacuate Collection Set: 0,0ms
[2023-11-12T18:36:52.361+0100][gc,phases     ] GC(685)   Evacuate Collection Set: 6,6ms
[2023-11-12T18:36:52.361+0100][gc,phases     ] GC(685)   Post Evacuate Collection Set: 0,6ms
[2023-11-12T18:36:52.361+0100][gc,phases     ] GC(685)   Other: 0,2ms
[2023-11-12T18:36:52.361+0100][gc,heap       ] GC(685) Eden regions: 593->0(592)
[2023-11-12T18:36:52.361+0100][gc,heap       ] GC(685) Survivor regions: 21->22(77)
[2023-11-12T18:36:52.361+0100][gc,heap       ] GC(685) Old regions: 106->106
[2023-11-12T18:36:52.361+0100][gc,heap       ] GC(685) Humongous regions: 129->129
[2023-11-12T18:36:52.361+0100][gc,metaspace  ] GC(685) Metaspace: 47964K(51968K)->47964K(51968K) NonClass: 42034K(44288K)->42034K(44288K) Class: 5930K(7680K)->5930K(7680K)
[2023-11-12T18:36:52.361+0100][gc            ] GC(685) Pause Young (Normal) (G1 Evacuation Pause) 846M->255M(1024M) 7,522ms
[2023-11-12T18:36:52.361+0100][gc,cpu        ] GC(685) User=0,06s Sys=0,02s Real=0,00s
[2023-11-12T18:36:53.706+0100][gc,start      ] GC(686) Pause Young (Normal) (G1 Evacuation Pause)
[2023-11-12T18:36:53.706+0100][gc,task       ] GC(686) Using 13 workers of 13 for evacuation
[2023-11-12T18:36:53.714+0100][gc,phases     ] GC(686)   Pre Evacuate Collection Set: 0,0ms
[2023-11-12T18:36:53.714+0100][gc,phases     ] GC(686)   Evacuate Collection Set: 7,0ms
[2023-11-12T18:36:53.714+0100][gc,phases     ] GC(686)   Post Evacuate Collection Set: 0,6ms
[2023-11-12T18:36:53.714+0100][gc,phases     ] GC(686)   Other: 0,2ms
[2023-11-12T18:36:53.714+0100][gc,heap       ] GC(686) Eden regions: 592->0(590)
[2023-11-12T18:36:53.714+0100][gc,heap       ] GC(686) Survivor regions: 22->24(77)
[2023-11-12T18:36:53.714+0100][gc,heap       ] GC(686) Old regions: 106->106
[2023-11-12T18:36:53.714+0100][gc,heap       ] GC(686) Humongous regions: 129->129
[2023-11-12T18:36:53.714+0100][gc,metaspace  ] GC(686) Metaspace: 47964K(51968K)->47964K(51968K) NonClass: 42034K(44288K)->42034K(44288K) Class: 5930K(7680K)->5930K(7680K)
[2023-11-12T18:36:53.714+0100][gc            ] GC(686) Pause Young (Normal) (G1 Evacuation Pause) 847M->256M(1024M) 7,953ms
[2023-11-12T18:36:53.714+0100][gc,cpu        ] GC(686) User=0,06s Sys=0,03s Real=0,01s
[2023-11-12T18:36:55.076+0100][gc,start      ] GC(687) Pause Young (Normal) (G1 Evacuation Pause)
[2023-11-12T18:36:55.076+0100][gc,task       ] GC(687) Using 13 workers of 13 for evacuation
[2023-11-12T18:36:55.085+0100][gc,phases     ] GC(687)   Pre Evacuate Collection Set: 0,0ms
[2023-11-12T18:36:55.085+0100][gc,phases     ] GC(687)   Evacuate Collection Set: 7,4ms
[2023-11-12T18:36:55.085+0100][gc,phases     ] GC(687)   Post Evacuate Collection Set: 0,6ms
[2023-11-12T18:36:55.085+0100][gc,phases     ] GC(687)   Other: 0,2ms
[2023-11-12T18:36:55.085+0100][gc,heap       ] GC(687) Eden regions: 590->0(589)
[2023-11-12T18:36:55.085+0100][gc,heap       ] GC(687) Survivor regions: 24->25(77)
[2023-11-12T18:36:55.085+0100][gc,heap       ] GC(687) Old regions: 106->107
[2023-11-12T18:36:55.085+0100][gc,heap       ] GC(687) Humongous regions: 129->129
[2023-11-12T18:36:55.085+0100][gc,metaspace  ] GC(687) Metaspace: 47964K(51968K)->47964K(51968K) NonClass: 42034K(44288K)->42034K(44288K) Class: 5930K(7680K)->5930K(7680K)
[2023-11-12T18:36:55.085+0100][gc            ] GC(687) Pause Young (Normal) (G1 Evacuation Pause) 846M->258M(1024M) 8,403ms
[2023-11-12T18:36:55.085+0100][gc,cpu        ] GC(687) User=0,09s Sys=0,00s Real=0,01s
[2023-11-12T18:36:56.436+0100][gc,start      ] GC(688) Pause Young (Normal) (G1 Evacuation Pause)
[2023-11-12T18:36:56.436+0100][gc,task       ] GC(688) Using 13 workers of 13 for evacuation
[2023-11-12T18:36:56.445+0100][gc,phases     ] GC(688)   Pre Evacuate Collection Set: 0,0ms
[2023-11-12T18:36:56.445+0100][gc,phases     ] GC(688)   Evacuate Collection Set: 8,4ms
[2023-11-12T18:36:56.445+0100][gc,phases     ] GC(688)   Post Evacuate Collection Set: 0,5ms
[2023-11-12T18:36:56.445+0100][gc,phases     ] GC(688)   Other: 0,2ms
[2023-11-12T18:36:56.445+0100][gc,heap       ] GC(688) Eden regions: 589->0(587)
[2023-11-12T18:36:56.445+0100][gc,heap       ] GC(688) Survivor regions: 25->27(77)
[2023-11-12T18:36:56.445+0100][gc,heap       ] GC(688) Old regions: 107->107
[2023-11-12T18:36:56.445+0100][gc,heap       ] GC(688) Humongous regions: 129->129
[2023-11-12T18:36:56.445+0100][gc,metaspace  ] GC(688) Metaspace: 47964K(51968K)->47964K(51968K) NonClass: 42034K(44288K)->42034K(44288K) Class: 5930K(7680K)->5930K(7680K)
[2023-11-12T18:36:56.445+0100][gc            ] GC(688) Pause Young (Normal) (G1 Evacuation Pause) 847M->260M(1024M) 9,291ms
[2023-11-12T18:36:56.445+0100][gc,cpu        ] GC(688) User=0,10s Sys=0,00s Real=0,01s
[2023-11-12T18:36:57.801+0100][gc,start      ] GC(689) Pause Young (Normal) (G1 Evacuation Pause)
[2023-11-12T18:36:57.802+0100][gc,task       ] GC(689) Using 13 workers of 13 for evacuation
[2023-11-12T18:36:57.811+0100][gc,phases     ] GC(689)   Pre Evacuate Collection Set: 0,0ms
[2023-11-12T18:36:57.811+0100][gc,phases     ] GC(689)   Evacuate Collection Set: 8,3ms
[2023-11-12T18:36:57.811+0100][gc,phases     ] GC(689)   Post Evacuate Collection Set: 0,6ms
[2023-11-12T18:36:57.811+0100][gc,phases     ] GC(689)   Other: 0,2ms
[2023-11-12T18:36:57.811+0100][gc,heap       ] GC(689) Eden regions: 587->0(586)
[2023-11-12T18:36:57.811+0100][gc,heap       ] GC(689) Survivor regions: 27->28(77)
[2023-11-12T18:36:57.811+0100][gc,heap       ] GC(689) Old regions: 107->108
[2023-11-12T18:36:57.811+0100][gc,heap       ] GC(689) Humongous regions: 129->129
[2023-11-12T18:36:57.811+0100][gc,metaspace  ] GC(689) Metaspace: 47964K(51968K)->47964K(51968K) NonClass: 42034K(44288K)->42034K(44288K) Class: 5930K(7680K)->5930K(7680K)
[2023-11-12T18:36:57.811+0100][gc            ] GC(689) Pause Young (Normal) (G1 Evacuation Pause) 847M->262M(1024M) 9,217ms
[2023-11-12T18:36:57.811+0100][gc,cpu        ] GC(689) User=0,10s Sys=0,00s Real=0,00s
[2023-11-12T18:36:59.185+0100][gc,start      ] GC(690) Pause Young (Normal) (G1 Evacuation Pause)
[2023-11-12T18:36:59.185+0100][gc,task       ] GC(690) Using 13 workers of 13 for evacuation
[2023-11-12T18:36:59.194+0100][gc,phases     ] GC(690)   Pre Evacuate Collection Set: 0,0ms
[2023-11-12T18:36:59.194+0100][gc,phases     ] GC(690)   Evacuate Collection Set: 8,4ms
[2023-11-12T18:36:59.194+0100][gc,phases     ] GC(690)   Post Evacuate Collection Set: 0,6ms
[2023-11-12T18:36:59.194+0100][gc,phases     ] GC(690)   Other: 0,2ms
[2023-11-12T18:36:59.194+0100][gc,heap       ] GC(690) Eden regions: 586->0(586)
[2023-11-12T18:36:59.194+0100][gc,heap       ] GC(690) Survivor regions: 28->28(77)
[2023-11-12T18:36:59.194+0100][gc,heap       ] GC(690) Old regions: 108->109
[2023-11-12T18:36:59.194+0100][gc,heap       ] GC(690) Humongous regions: 129->129
[2023-11-12T18:36:59.194+0100][gc,metaspace  ] GC(690) Metaspace: 47964K(51968K)->47964K(51968K) NonClass: 42034K(44288K)->42034K(44288K) Class: 5930K(7680K)->5930K(7680K)
[2023-11-12T18:36:59.194+0100][gc            ] GC(690) Pause Young (Normal) (G1 Evacuation Pause) 848M->263M(1024M) 9,340ms
[2023-11-12T18:36:59.194+0100][gc,cpu        ] GC(690) User=0,07s Sys=0,04s Real=0,01s
[2023-11-12T18:37:00.544+0100][gc,start      ] GC(691) Pause Young (Normal) (G1 Evacuation Pause)
[2023-11-12T18:37:00.544+0100][gc,task       ] GC(691) Using 13 workers of 13 for evacuation
[2023-11-12T18:37:00.553+0100][gc,phases     ] GC(691)   Pre Evacuate Collection Set: 0,0ms
[2023-11-12T18:37:00.554+0100][gc,phases     ] GC(691)   Evacuate Collection Set: 8,4ms
[2023-11-12T18:37:00.554+0100][gc,phases     ] GC(691)   Post Evacuate Collection Set: 0,6ms
[2023-11-12T18:37:00.554+0100][gc,phases     ] GC(691)   Other: 0,2ms
[2023-11-12T18:37:00.554+0100][gc,heap       ] GC(691) Eden regions: 586->0(587)
[2023-11-12T18:37:00.554+0100][gc,heap       ] GC(691) Survivor regions: 28->27(77)
[2023-11-12T18:37:00.554+0100][gc,heap       ] GC(691) Old regions: 109->111
[2023-11-12T18:37:00.554+0100][gc,heap       ] GC(691) Humongous regions: 129->129
[2023-11-12T18:37:00.554+0100][gc,metaspace  ] GC(691) Metaspace: 47964K(51968K)->47964K(51968K) NonClass: 42034K(44288K)->42034K(44288K) Class: 5930K(7680K)->5930K(7680K)
[2023-11-12T18:37:00.554+0100][gc            ] GC(691) Pause Young (Normal) (G1 Evacuation Pause) 849M->265M(1024M) 9,304ms
[2023-11-12T18:37:00.554+0100][gc,cpu        ] GC(691) User=0,11s Sys=0,00s Real=0,01s
[2023-11-12T18:37:01.904+0100][gc,start      ] GC(692) Pause Young (Normal) (G1 Evacuation Pause)
[2023-11-12T18:37:01.904+0100][gc,task       ] GC(692) Using 13 workers of 13 for evacuation
[2023-11-12T18:37:01.914+0100][gc,phases     ] GC(692)   Pre Evacuate Collection Set: 0,0ms
[2023-11-12T18:37:01.914+0100][gc,phases     ] GC(692)   Evacuate Collection Set: 9,6ms
[2023-11-12T18:37:01.914+0100][gc,phases     ] GC(692)   Post Evacuate Collection Set: 0,5ms
[2023-11-12T18:37:01.914+0100][gc,phases     ] GC(692)   Other: 0,3ms
[2023-11-12T18:37:01.914+0100][gc,heap       ] GC(692) Eden regions: 587->0(586)
[2023-11-12T18:37:01.914+0100][gc,heap       ] GC(692) Survivor regions: 27->28(77)
[2023-11-12T18:37:01.914+0100][gc,heap       ] GC(692) Old regions: 111->113
[2023-11-12T18:37:01.914+0100][gc,heap       ] GC(692) Humongous regions: 129->129
[2023-11-12T18:37:01.914+0100][gc,metaspace  ] GC(692) Metaspace: 47964K(51968K)->47964K(51968K) NonClass: 42034K(44288K)->42034K(44288K) Class: 5930K(7680K)->5930K(7680K)
[2023-11-12T18:37:01.914+0100][gc            ] GC(692) Pause Young (Normal) (G1 Evacuation Pause) 852M->267M(1024M) 10,539ms
[2023-11-12T18:37:01.914+0100][gc,cpu        ] GC(692) User=0,09s Sys=0,03s Real=0,01s
[2023-11-12T18:37:03.244+0100][gc,start      ] GC(693) Pause Young (Normal) (G1 Evacuation Pause)
[2023-11-12T18:37:03.244+0100][gc,task       ] GC(693) Using 13 workers of 13 for evacuation
[2023-11-12T18:37:03.247+0100][gc,phases     ] GC(693)   Pre Evacuate Collection Set: 0,0ms
[2023-11-12T18:37:03.248+0100][gc,phases     ] GC(693)   Evacuate Collection Set: 2,9ms
[2023-11-12T18:37:03.248+0100][gc,phases     ] GC(693)   Post Evacuate Collection Set: 0,6ms
[2023-11-12T18:37:03.248+0100][gc,phases     ] GC(693)   Other: 0,2ms
[2023-11-12T18:37:03.248+0100][gc,heap       ] GC(693) Eden regions: 586->0(607)
[2023-11-12T18:37:03.248+0100][gc,heap       ] GC(693) Survivor regions: 28->7(77)
[2023-11-12T18:37:03.248+0100][gc,heap       ] GC(693) Old regions: 113->113
[2023-11-12T18:37:03.248+0100][gc,heap       ] GC(693) Humongous regions: 129->129
[2023-11-12T18:37:03.248+0100][gc,metaspace  ] GC(693) Metaspace: 47964K(51968K)->47964K(51968K) NonClass: 42034K(44288K)->42034K(44288K) Class: 5930K(7680K)->5930K(7680K)
[2023-11-12T18:37:03.248+0100][gc            ] GC(693) Pause Young (Normal) (G1 Evacuation Pause) 853M->247M(1024M) 3,831ms
[2023-11-12T18:37:03.248+0100][gc,cpu        ] GC(693) User=0,03s Sys=0,00s Real=0,00s
[2023-11-12T18:37:04.628+0100][gc,start      ] GC(694) Pause Young (Normal) (G1 Evacuation Pause)
[2023-11-12T18:37:04.628+0100][gc,task       ] GC(694) Using 13 workers of 13 for evacuation
[2023-11-12T18:37:04.632+0100][gc,phases     ] GC(694)   Pre Evacuate Collection Set: 0,0ms
[2023-11-12T18:37:04.632+0100][gc,phases     ] GC(694)   Evacuate Collection Set: 3,2ms
[2023-11-12T18:37:04.632+0100][gc,phases     ] GC(694)   Post Evacuate Collection Set: 0,6ms
[2023-11-12T18:37:04.632+0100][gc,phases     ] GC(694)   Other: 0,2ms
[2023-11-12T18:37:04.632+0100][gc,heap       ] GC(694) Eden regions: 607->0(606)
[2023-11-12T18:37:04.632+0100][gc,heap       ] GC(694) Survivor regions: 7->8(77)
[2023-11-12T18:37:04.632+0100][gc,heap       ] GC(694) Old regions: 113->114
[2023-11-12T18:37:04.632+0100][gc,heap       ] GC(694) Humongous regions: 129->129
[2023-11-12T18:37:04.632+0100][gc,metaspace  ] GC(694) Metaspace: 47964K(51968K)->47964K(51968K) NonClass: 42034K(44288K)->42034K(44288K) Class: 5930K(7680K)->5930K(7680K)
[2023-11-12T18:37:04.632+0100][gc            ] GC(694) Pause Young (Normal) (G1 Evacuation Pause) 854M->247M(1024M) 4,071ms
[2023-11-12T18:37:04.632+0100][gc,cpu        ] GC(694) User=0,04s Sys=0,00s Real=0,00s
[2023-11-12T18:37:06.019+0100][gc,start      ] GC(695) Pause Young (Normal) (G1 Evacuation Pause)
[2023-11-12T18:37:06.019+0100][gc,task       ] GC(695) Using 13 workers of 13 for evacuation
[2023-11-12T18:37:06.024+0100][gc,phases     ] GC(695)   Pre Evacuate Collection Set: 0,0ms
[2023-11-12T18:37:06.024+0100][gc,phases     ] GC(695)   Evacuate Collection Set: 4,1ms
[2023-11-12T18:37:06.024+0100][gc,phases     ] GC(695)   Post Evacuate Collection Set: 0,7ms
[2023-11-12T18:37:06.024+0100][gc,phases     ] GC(695)   Other: 0,3ms
[2023-11-12T18:37:06.024+0100][gc,heap       ] GC(695) Eden regions: 606->0(605)
[2023-11-12T18:37:06.024+0100][gc,heap       ] GC(695) Survivor regions: 8->9(77)
[2023-11-12T18:37:06.024+0100][gc,heap       ] GC(695) Old regions: 114->114
[2023-11-12T18:37:06.024+0100][gc,heap       ] GC(695) Humongous regions: 129->129
[2023-11-12T18:37:06.024+0100][gc,metaspace  ] GC(695) Metaspace: 47964K(51968K)->47964K(51968K) NonClass: 42034K(44288K)->42034K(44288K) Class: 5930K(7680K)->5930K(7680K)
[2023-11-12T18:37:06.024+0100][gc            ] GC(695) Pause Young (Normal) (G1 Evacuation Pause) 853M->249M(1024M) 5,303ms
[2023-11-12T18:37:06.024+0100][gc,cpu        ] GC(695) User=0,05s Sys=0,01s Real=0,01s
[2023-11-12T18:37:07.384+0100][gc,start      ] GC(696) Pause Young (Normal) (G1 Evacuation Pause)
[2023-11-12T18:37:07.384+0100][gc,task       ] GC(696) Using 13 workers of 13 for evacuation
[2023-11-12T18:37:07.389+0100][gc,phases     ] GC(696)   Pre Evacuate Collection Set: 0,0ms
[2023-11-12T18:37:07.389+0100][gc,phases     ] GC(696)   Evacuate Collection Set: 3,9ms
[2023-11-12T18:37:07.389+0100][gc,phases     ] GC(696)   Post Evacuate Collection Set: 0,7ms
[2023-11-12T18:37:07.389+0100][gc,phases     ] GC(696)   Other: 0,3ms
[2023-11-12T18:37:07.389+0100][gc,heap       ] GC(696) Eden regions: 605->0(604)
[2023-11-12T18:37:07.389+0100][gc,heap       ] GC(696) Survivor regions: 9->10(77)
[2023-11-12T18:37:07.389+0100][gc,heap       ] GC(696) Old regions: 114->114
[2023-11-12T18:37:07.389+0100][gc,heap       ] GC(696) Humongous regions: 129->129
[2023-11-12T18:37:07.389+0100][gc,metaspace  ] GC(696) Metaspace: 47964K(51968K)->47964K(51968K) NonClass: 42034K(44288K)->42034K(44288K) Class: 5930K(7680K)->5930K(7680K)
[2023-11-12T18:37:07.389+0100][gc            ] GC(696) Pause Young (Normal) (G1 Evacuation Pause) 854M->251M(1024M) 5,065ms
[2023-11-12T18:37:07.389+0100][gc,cpu        ] GC(696) User=0,05s Sys=0,00s Real=0,00s
[2023-11-12T18:37:08.783+0100][gc,start      ] GC(697) Pause Young (Normal) (G1 Evacuation Pause)
[2023-11-12T18:37:08.783+0100][gc,task       ] GC(697) Using 13 workers of 13 for evacuation
[2023-11-12T18:37:08.788+0100][gc,phases     ] GC(697)   Pre Evacuate Collection Set: 0,0ms
[2023-11-12T18:37:08.788+0100][gc,phases     ] GC(697)   Evacuate Collection Set: 4,3ms
[2023-11-12T18:37:08.788+0100][gc,phases     ] GC(697)   Post Evacuate Collection Set: 0,7ms
[2023-11-12T18:37:08.788+0100][gc,phases     ] GC(697)   Other: 0,2ms
[2023-11-12T18:37:08.788+0100][gc,heap       ] GC(697) Eden regions: 604->0(602)
[2023-11-12T18:37:08.788+0100][gc,heap       ] GC(697) Survivor regions: 10->12(77)
[2023-11-12T18:37:08.788+0100][gc,heap       ] GC(697) Old regions: 114->114
[2023-11-12T18:37:08.788+0100][gc,heap       ] GC(697) Humongous regions: 129->129
[2023-11-12T18:37:08.788+0100][gc,metaspace  ] GC(697) Metaspace: 47964K(51968K)->47964K(51968K) NonClass: 42034K(44288K)->42034K(44288K) Class: 5930K(7680K)->5930K(7680K)
[2023-11-12T18:37:08.788+0100][gc            ] GC(697) Pause Young (Normal) (G1 Evacuation Pause) 855M->253M(1024M) 5,306ms
[2023-11-12T18:37:08.788+0100][gc,cpu        ] GC(697) User=0,06s Sys=0,00s Real=0,00s
[2023-11-12T18:37:10.154+0100][gc,start      ] GC(698) Pause Young (Normal) (G1 Evacuation Pause)
[2023-11-12T18:37:10.154+0100][gc,task       ] GC(698) Using 13 workers of 13 for evacuation
[2023-11-12T18:37:10.161+0100][gc,phases     ] GC(698)   Pre Evacuate Collection Set: 0,0ms
[2023-11-12T18:37:10.161+0100][gc,phases     ] GC(698)   Evacuate Collection Set: 5,5ms
[2023-11-12T18:37:10.161+0100][gc,phases     ] GC(698)   Post Evacuate Collection Set: 0,6ms
[2023-11-12T18:37:10.161+0100][gc,phases     ] GC(698)   Other: 0,2ms
[2023-11-12T18:37:10.161+0100][gc,heap       ] GC(698) Eden regions: 602->0(601)
[2023-11-12T18:37:10.161+0100][gc,heap       ] GC(698) Survivor regions: 12->13(77)
[2023-11-12T18:37:10.161+0100][gc,heap       ] GC(698) Old regions: 114->115
[2023-11-12T18:37:10.161+0100][gc,heap       ] GC(698) Humongous regions: 129->129
[2023-11-12T18:37:10.161+0100][gc,metaspace  ] GC(698) Metaspace: 47964K(51968K)->47964K(51968K) NonClass: 42034K(44288K)->42034K(44288K) Class: 5930K(7680K)->5930K(7680K)
[2023-11-12T18:37:10.161+0100][gc            ] GC(698) Pause Young (Normal) (G1 Evacuation Pause) 855M->254M(1024M) 6,553ms
[2023-11-12T18:37:10.161+0100][gc,cpu        ] GC(698) User=0,06s Sys=0,01s Real=0,00s
[2023-11-12T18:37:11.558+0100][gc,start      ] GC(699) Pause Young (Normal) (G1 Evacuation Pause)
[2023-11-12T18:37:11.558+0100][gc,task       ] GC(699) Using 13 workers of 13 for evacuation
[2023-11-12T18:37:11.564+0100][gc,phases     ] GC(699)   Pre Evacuate Collection Set: 0,0ms
[2023-11-12T18:37:11.564+0100][gc,phases     ] GC(699)   Evacuate Collection Set: 5,5ms
[2023-11-12T18:37:11.564+0100][gc,phases     ] GC(699)   Post Evacuate Collection Set: 0,6ms
[2023-11-12T18:37:11.564+0100][gc,phases     ] GC(699)   Other: 0,2ms
[2023-11-12T18:37:11.564+0100][gc,heap       ] GC(699) Eden regions: 601->0(599)
[2023-11-12T18:37:11.564+0100][gc,heap       ] GC(699) Survivor regions: 13->15(77)
[2023-11-12T18:37:11.564+0100][gc,heap       ] GC(699) Old regions: 115->115
[2023-11-12T18:37:11.564+0100][gc,heap       ] GC(699) Humongous regions: 129->129
[2023-11-12T18:37:11.564+0100][gc,metaspace  ] GC(699) Metaspace: 47964K(51968K)->47964K(51968K) NonClass: 42034K(44288K)->42034K(44288K) Class: 5930K(7680K)->5930K(7680K)
[2023-11-12T18:37:11.564+0100][gc            ] GC(699) Pause Young (Normal) (G1 Evacuation Pause) 855M->256M(1024M) 6,404ms
[2023-11-12T18:37:11.564+0100][gc,cpu        ] GC(699) User=0,05s Sys=0,01s Real=0,01s
[2023-11-12T18:37:12.925+0100][gc,start      ] GC(700) Pause Young (Normal) (G1 Evacuation Pause)
[2023-11-12T18:37:12.926+0100][gc,task       ] GC(700) Using 13 workers of 13 for evacuation
[2023-11-12T18:37:12.932+0100][gc,phases     ] GC(700)   Pre Evacuate Collection Set: 0,0ms
[2023-11-12T18:37:12.932+0100][gc,phases     ] GC(700)   Evacuate Collection Set: 5,3ms
[2023-11-12T18:37:12.932+0100][gc,phases     ] GC(700)   Post Evacuate Collection Set: 0,6ms
[2023-11-12T18:37:12.932+0100][gc,phases     ] GC(700)   Other: 0,2ms
[2023-11-12T18:37:12.932+0100][gc,heap       ] GC(700) Eden regions: 599->0(597)
[2023-11-12T18:37:12.932+0100][gc,heap       ] GC(700) Survivor regions: 15->17(77)
[2023-11-12T18:37:12.932+0100][gc,heap       ] GC(700) Old regions: 115->115
[2023-11-12T18:37:12.932+0100][gc,heap       ] GC(700) Humongous regions: 129->129
[2023-11-12T18:37:12.932+0100][gc,metaspace  ] GC(700) Metaspace: 47964K(51968K)->47964K(51968K) NonClass: 42034K(44288K)->42034K(44288K) Class: 5930K(7680K)->5930K(7680K)
[2023-11-12T18:37:12.932+0100][gc            ] GC(700) Pause Young (Normal) (G1 Evacuation Pause) 855M->258M(1024M) 6,266ms
[2023-11-12T18:37:12.932+0100][gc,cpu        ] GC(700) User=0,06s Sys=0,01s Real=0,00s
[2023-11-12T18:37:14.312+0100][gc,start      ] GC(701) Pause Young (Normal) (G1 Evacuation Pause)
[2023-11-12T18:37:14.312+0100][gc,task       ] GC(701) Using 13 workers of 13 for evacuation
[2023-11-12T18:37:14.318+0100][gc,phases     ] GC(701)   Pre Evacuate Collection Set: 0,0ms
[2023-11-12T18:37:14.319+0100][gc,phases     ] GC(701)   Evacuate Collection Set: 5,9ms
[2023-11-12T18:37:14.319+0100][gc,phases     ] GC(701)   Post Evacuate Collection Set: 0,6ms
[2023-11-12T18:37:14.319+0100][gc,phases     ] GC(701)   Other: 0,2ms
[2023-11-12T18:37:14.319+0100][gc,heap       ] GC(701) Eden regions: 597->0(595)
[2023-11-12T18:37:14.319+0100][gc,heap       ] GC(701) Survivor regions: 17->19(77)
[2023-11-12T18:37:14.319+0100][gc,heap       ] GC(701) Old regions: 115->115
[2023-11-12T18:37:14.319+0100][gc,heap       ] GC(701) Humongous regions: 129->129
[2023-11-12T18:37:14.319+0100][gc,metaspace  ] GC(701) Metaspace: 47964K(51968K)->47964K(51968K) NonClass: 42034K(44288K)->42034K(44288K) Class: 5930K(7680K)->5930K(7680K)
[2023-11-12T18:37:14.319+0100][gc            ] GC(701) Pause Young (Normal) (G1 Evacuation Pause) 855M->260M(1024M) 6,791ms
[2023-11-12T18:37:14.319+0100][gc,cpu        ] GC(701) User=0,07s Sys=0,00s Real=0,01s
[2023-11-12T18:37:15.702+0100][gc,start      ] GC(702) Pause Young (Normal) (G1 Evacuation Pause)
[2023-11-12T18:37:15.702+0100][gc,task       ] GC(702) Using 13 workers of 13 for evacuation
[2023-11-12T18:37:15.709+0100][gc,phases     ] GC(702)   Pre Evacuate Collection Set: 0,0ms
[2023-11-12T18:37:15.709+0100][gc,phases     ] GC(702)   Evacuate Collection Set: 6,2ms
[2023-11-12T18:37:15.709+0100][gc,phases     ] GC(702)   Post Evacuate Collection Set: 0,6ms
[2023-11-12T18:37:15.709+0100][gc,phases     ] GC(702)   Other: 0,2ms
[2023-11-12T18:37:15.709+0100][gc,heap       ] GC(702) Eden regions: 595->0(594)
[2023-11-12T18:37:15.709+0100][gc,heap       ] GC(702) Survivor regions: 19->20(77)
[2023-11-12T18:37:15.709+0100][gc,heap       ] GC(702) Old regions: 115->115
[2023-11-12T18:37:15.709+0100][gc,heap       ] GC(702) Humongous regions: 129->129
[2023-11-12T18:37:15.709+0100][gc,metaspace  ] GC(702) Metaspace: 47964K(51968K)->47964K(51968K) NonClass: 42034K(44288K)->42034K(44288K) Class: 5930K(7680K)->5930K(7680K)
[2023-11-12T18:37:15.709+0100][gc            ] GC(702) Pause Young (Normal) (G1 Evacuation Pause) 855M->262M(1024M) 7,048ms
[2023-11-12T18:37:15.709+0100][gc,cpu        ] GC(702) User=0,07s Sys=0,02s Real=0,00s
[2023-11-12T18:37:17.090+0100][gc,start      ] GC(703) Pause Young (Normal) (G1 Evacuation Pause)
[2023-11-12T18:37:17.090+0100][gc,task       ] GC(703) Using 13 workers of 13 for evacuation
[2023-11-12T18:37:17.097+0100][gc,phases     ] GC(703)   Pre Evacuate Collection Set: 0,0ms
[2023-11-12T18:37:17.097+0100][gc,phases     ] GC(703)   Evacuate Collection Set: 6,8ms
[2023-11-12T18:37:17.097+0100][gc,phases     ] GC(703)   Post Evacuate Collection Set: 0,7ms
[2023-11-12T18:37:17.097+0100][gc,phases     ] GC(703)   Other: 0,2ms
[2023-11-12T18:37:17.097+0100][gc,heap       ] GC(703) Eden regions: 594->0(592)
[2023-11-12T18:37:17.097+0100][gc,heap       ] GC(703) Survivor regions: 20->22(77)
[2023-11-12T18:37:17.097+0100][gc,heap       ] GC(703) Old regions: 115->116
[2023-11-12T18:37:17.097+0100][gc,heap       ] GC(703) Humongous regions: 129->129
[2023-11-12T18:37:17.097+0100][gc,metaspace  ] GC(703) Metaspace: 47964K(51968K)->47964K(51968K) NonClass: 42034K(44288K)->42034K(44288K) Class: 5930K(7680K)->5930K(7680K)
[2023-11-12T18:37:17.097+0100][gc            ] GC(703) Pause Young (Normal) (G1 Evacuation Pause) 856M->264M(1024M) 7,833ms
[2023-11-12T18:37:17.097+0100][gc,cpu        ] GC(703) User=0,06s Sys=0,01s Real=0,01s
[2023-11-12T18:37:18.505+0100][gc,start      ] GC(704) Pause Young (Normal) (G1 Evacuation Pause)
[2023-11-12T18:37:18.505+0100][gc,task       ] GC(704) Using 13 workers of 13 for evacuation
[2023-11-12T18:37:18.513+0100][gc,phases     ] GC(704)   Pre Evacuate Collection Set: 0,0ms
[2023-11-12T18:37:18.513+0100][gc,phases     ] GC(704)   Evacuate Collection Set: 7,0ms
[2023-11-12T18:37:18.513+0100][gc,phases     ] GC(704)   Post Evacuate Collection Set: 0,6ms
[2023-11-12T18:37:18.513+0100][gc,phases     ] GC(704)   Other: 0,2ms
[2023-11-12T18:37:18.513+0100][gc,heap       ] GC(704) Eden regions: 592->0(591)
[2023-11-12T18:37:18.513+0100][gc,heap       ] GC(704) Survivor regions: 22->23(77)
[2023-11-12T18:37:18.513+0100][gc,heap       ] GC(704) Old regions: 116->116
[2023-11-12T18:37:18.513+0100][gc,heap       ] GC(704) Humongous regions: 129->129
[2023-11-12T18:37:18.513+0100][gc,metaspace  ] GC(704) Metaspace: 47964K(51968K)->47964K(51968K) NonClass: 42034K(44288K)->42034K(44288K) Class: 5930K(7680K)->5930K(7680K)
[2023-11-12T18:37:18.513+0100][gc            ] GC(704) Pause Young (Normal) (G1 Evacuation Pause) 856M->266M(1024M) 7,891ms
[2023-11-12T18:37:18.513+0100][gc,cpu        ] GC(704) User=0,08s Sys=0,01s Real=0,00s
[2023-11-12T18:37:19.885+0100][gc,start      ] GC(705) Pause Young (Normal) (G1 Evacuation Pause)
[2023-11-12T18:37:19.885+0100][gc,task       ] GC(705) Using 13 workers of 13 for evacuation
[2023-11-12T18:37:19.894+0100][gc,phases     ] GC(705)   Pre Evacuate Collection Set: 0,0ms
[2023-11-12T18:37:19.894+0100][gc,phases     ] GC(705)   Evacuate Collection Set: 7,5ms
[2023-11-12T18:37:19.894+0100][gc,phases     ] GC(705)   Post Evacuate Collection Set: 0,7ms
[2023-11-12T18:37:19.894+0100][gc,phases     ] GC(705)   Other: 0,2ms
[2023-11-12T18:37:19.894+0100][gc,heap       ] GC(705) Eden regions: 591->0(589)
[2023-11-12T18:37:19.894+0100][gc,heap       ] GC(705) Survivor regions: 23->25(77)
[2023-11-12T18:37:19.894+0100][gc,heap       ] GC(705) Old regions: 116->116
[2023-11-12T18:37:19.894+0100][gc,heap       ] GC(705) Humongous regions: 129->129
[2023-11-12T18:37:19.894+0100][gc,metaspace  ] GC(705) Metaspace: 47964K(51968K)->47964K(51968K) NonClass: 42034K(44288K)->42034K(44288K) Class: 5930K(7680K)->5930K(7680K)
[2023-11-12T18:37:19.894+0100][gc            ] GC(705) Pause Young (Normal) (G1 Evacuation Pause) 857M->267M(1024M) 8,672ms
[2023-11-12T18:37:19.894+0100][gc,cpu        ] GC(705) User=0,07s Sys=0,02s Real=0,01s
[2023-11-12T18:37:21.247+0100][gc,start      ] GC(706) Pause Young (Normal) (G1 Evacuation Pause)
[2023-11-12T18:37:21.247+0100][gc,task       ] GC(706) Using 13 workers of 13 for evacuation
[2023-11-12T18:37:21.256+0100][gc,phases     ] GC(706)   Pre Evacuate Collection Set: 0,0ms
[2023-11-12T18:37:21.256+0100][gc,phases     ] GC(706)   Evacuate Collection Set: 7,7ms
[2023-11-12T18:37:21.256+0100][gc,phases     ] GC(706)   Post Evacuate Collection Set: 0,6ms
[2023-11-12T18:37:21.256+0100][gc,phases     ] GC(706)   Other: 0,2ms
[2023-11-12T18:37:21.256+0100][gc,heap       ] GC(706) Eden regions: 589->0(588)
[2023-11-12T18:37:21.256+0100][gc,heap       ] GC(706) Survivor regions: 25->26(77)
[2023-11-12T18:37:21.256+0100][gc,heap       ] GC(706) Old regions: 116->116
[2023-11-12T18:37:21.256+0100][gc,heap       ] GC(706) Humongous regions: 129->129
[2023-11-12T18:37:21.256+0100][gc,metaspace  ] GC(706) Metaspace: 47964K(51968K)->47964K(51968K) NonClass: 42034K(44288K)->42034K(44288K) Class: 5930K(7680K)->5930K(7680K)
[2023-11-12T18:37:21.256+0100][gc            ] GC(706) Pause Young (Normal) (G1 Evacuation Pause) 856M->269M(1024M) 8,613ms
[2023-11-12T18:37:21.256+0100][gc,cpu        ] GC(706) User=0,10s Sys=0,01s Real=0,01s
[2023-11-12T18:37:22.649+0100][gc,start      ] GC(707) Pause Young (Normal) (G1 Evacuation Pause)
[2023-11-12T18:37:22.649+0100][gc,task       ] GC(707) Using 13 workers of 13 for evacuation
[2023-11-12T18:37:22.658+0100][gc,phases     ] GC(707)   Pre Evacuate Collection Set: 0,0ms
[2023-11-12T18:37:22.658+0100][gc,phases     ] GC(707)   Evacuate Collection Set: 8,1ms
[2023-11-12T18:37:22.658+0100][gc,phases     ] GC(707)   Post Evacuate Collection Set: 0,6ms
[2023-11-12T18:37:22.658+0100][gc,phases     ] GC(707)   Other: 0,2ms
[2023-11-12T18:37:22.658+0100][gc,heap       ] GC(707) Eden regions: 588->0(586)
[2023-11-12T18:37:22.658+0100][gc,heap       ] GC(707) Survivor regions: 26->28(77)
[2023-11-12T18:37:22.658+0100][gc,heap       ] GC(707) Old regions: 116->117
[2023-11-12T18:37:22.658+0100][gc,heap       ] GC(707) Humongous regions: 129->129
[2023-11-12T18:37:22.658+0100][gc,metaspace  ] GC(707) Metaspace: 47964K(51968K)->47964K(51968K) NonClass: 42034K(44288K)->42034K(44288K) Class: 5930K(7680K)->5930K(7680K)
[2023-11-12T18:37:22.658+0100][gc            ] GC(707) Pause Young (Normal) (G1 Evacuation Pause) 857M->271M(1024M) 9,013ms
[2023-11-12T18:37:22.658+0100][gc,cpu        ] GC(707) User=0,07s Sys=0,04s Real=0,01s
[2023-11-12T18:37:24.042+0100][gc,start      ] GC(708) Pause Young (Normal) (G1 Evacuation Pause)
[2023-11-12T18:37:24.042+0100][gc,task       ] GC(708) Using 13 workers of 13 for evacuation
[2023-11-12T18:37:24.051+0100][gc,phases     ] GC(708)   Pre Evacuate Collection Set: 0,0ms
[2023-11-12T18:37:24.051+0100][gc,phases     ] GC(708)   Evacuate Collection Set: 8,7ms
[2023-11-12T18:37:24.051+0100][gc,phases     ] GC(708)   Post Evacuate Collection Set: 0,7ms
[2023-11-12T18:37:24.051+0100][gc,phases     ] GC(708)   Other: 0,2ms
[2023-11-12T18:37:24.051+0100][gc,heap       ] GC(708) Eden regions: 586->0(586)
[2023-11-12T18:37:24.051+0100][gc,heap       ] GC(708) Survivor regions: 28->28(77)
[2023-11-12T18:37:24.051+0100][gc,heap       ] GC(708) Old regions: 117->118
[2023-11-12T18:37:24.051+0100][gc,heap       ] GC(708) Humongous regions: 129->129
[2023-11-12T18:37:24.051+0100][gc,metaspace  ] GC(708) Metaspace: 47964K(51968K)->47964K(51968K) NonClass: 42034K(44288K)->42034K(44288K) Class: 5930K(7680K)->5930K(7680K)
[2023-11-12T18:37:24.051+0100][gc            ] GC(708) Pause Young (Normal) (G1 Evacuation Pause) 857M->273M(1024M) 9,806ms
[2023-11-12T18:37:24.052+0100][gc,cpu        ] GC(708) User=0,10s Sys=0,02s Real=0,00s
[2023-11-12T18:37:25.447+0100][gc,start      ] GC(709) Pause Young (Normal) (G1 Evacuation Pause)
[2023-11-12T18:37:25.447+0100][gc,task       ] GC(709) Using 13 workers of 13 for evacuation
[2023-11-12T18:37:25.457+0100][gc,phases     ] GC(709)   Pre Evacuate Collection Set: 0,0ms
[2023-11-12T18:37:25.457+0100][gc,phases     ] GC(709)   Evacuate Collection Set: 8,6ms
[2023-11-12T18:37:25.457+0100][gc,phases     ] GC(709)   Post Evacuate Collection Set: 0,6ms
[2023-11-12T18:37:25.457+0100][gc,phases     ] GC(709)   Other: 0,2ms
[2023-11-12T18:37:25.457+0100][gc,heap       ] GC(709) Eden regions: 586->0(586)
[2023-11-12T18:37:25.457+0100][gc,heap       ] GC(709) Survivor regions: 28->28(77)
[2023-11-12T18:37:25.457+0100][gc,heap       ] GC(709) Old regions: 118->120
[2023-11-12T18:37:25.457+0100][gc,heap       ] GC(709) Humongous regions: 129->129
[2023-11-12T18:37:25.457+0100][gc,metaspace  ] GC(709) Metaspace: 47964K(51968K)->47964K(51968K) NonClass: 42034K(44288K)->42034K(44288K) Class: 5930K(7680K)->5930K(7680K)
[2023-11-12T18:37:25.457+0100][gc            ] GC(709) Pause Young (Normal) (G1 Evacuation Pause) 859M->274M(1024M) 9,519ms
[2023-11-12T18:37:25.457+0100][gc,cpu        ] GC(709) User=0,11s Sys=0,00s Real=0,01s
[2023-11-12T18:37:26.817+0100][gc,start      ] GC(710) Pause Young (Normal) (G1 Evacuation Pause)
[2023-11-12T18:37:26.817+0100][gc,task       ] GC(710) Using 13 workers of 13 for evacuation
[2023-11-12T18:37:26.827+0100][gc,phases     ] GC(710)   Pre Evacuate Collection Set: 0,0ms
[2023-11-12T18:37:26.827+0100][gc,phases     ] GC(710)   Evacuate Collection Set: 9,6ms
[2023-11-12T18:37:26.828+0100][gc,phases     ] GC(710)   Post Evacuate Collection Set: 0,6ms
[2023-11-12T18:37:26.828+0100][gc,phases     ] GC(710)   Other: 0,2ms
[2023-11-12T18:37:26.828+0100][gc,heap       ] GC(710) Eden regions: 586->0(586)
[2023-11-12T18:37:26.828+0100][gc,heap       ] GC(710) Survivor regions: 28->28(77)
[2023-11-12T18:37:26.828+0100][gc,heap       ] GC(710) Old regions: 120->122
[2023-11-12T18:37:26.828+0100][gc,heap       ] GC(710) Humongous regions: 129->129
[2023-11-12T18:37:26.828+0100][gc,metaspace  ] GC(710) Metaspace: 47964K(51968K)->47964K(51968K) NonClass: 42034K(44288K)->42034K(44288K) Class: 5930K(7680K)->5930K(7680K)
[2023-11-12T18:37:26.828+0100][gc            ] GC(710) Pause Young (Normal) (G1 Evacuation Pause) 860M->277M(1024M) 10,583ms
[2023-11-12T18:37:26.828+0100][gc,cpu        ] GC(710) User=0,12s Sys=0,00s Real=0,01s
[2023-11-12T18:37:28.202+0100][gc,start      ] GC(711) Pause Young (Normal) (G1 Evacuation Pause)
[2023-11-12T18:37:28.202+0100][gc,task       ] GC(711) Using 13 workers of 13 for evacuation
[2023-11-12T18:37:28.206+0100][gc,phases     ] GC(711)   Pre Evacuate Collection Set: 0,0ms
[2023-11-12T18:37:28.206+0100][gc,phases     ] GC(711)   Evacuate Collection Set: 2,9ms
[2023-11-12T18:37:28.206+0100][gc,phases     ] GC(711)   Post Evacuate Collection Set: 0,6ms
[2023-11-12T18:37:28.206+0100][gc,phases     ] GC(711)   Other: 0,2ms
[2023-11-12T18:37:28.206+0100][gc,heap       ] GC(711) Eden regions: 586->0(607)
[2023-11-12T18:37:28.206+0100][gc,heap       ] GC(711) Survivor regions: 28->7(77)
[2023-11-12T18:37:28.206+0100][gc,heap       ] GC(711) Old regions: 122->122
[2023-11-12T18:37:28.206+0100][gc,heap       ] GC(711) Humongous regions: 129->129
[2023-11-12T18:37:28.206+0100][gc,metaspace  ] GC(711) Metaspace: 47964K(51968K)->47964K(51968K) NonClass: 42034K(44288K)->42034K(44288K) Class: 5930K(7680K)->5930K(7680K)
[2023-11-12T18:37:28.206+0100][gc            ] GC(711) Pause Young (Normal) (G1 Evacuation Pause) 863M->256M(1024M) 3,883ms
[2023-11-12T18:37:28.206+0100][gc,cpu        ] GC(711) User=0,01s Sys=0,03s Real=0,00s
[2023-11-12T18:37:29.573+0100][gc,start      ] GC(712) Pause Young (Normal) (G1 Evacuation Pause)
[2023-11-12T18:37:29.573+0100][gc,task       ] GC(712) Using 13 workers of 13 for evacuation
[2023-11-12T18:37:29.578+0100][gc,phases     ] GC(712)   Pre Evacuate Collection Set: 0,0ms
[2023-11-12T18:37:29.578+0100][gc,phases     ] GC(712)   Evacuate Collection Set: 4,3ms
[2023-11-12T18:37:29.578+0100][gc,phases     ] GC(712)   Post Evacuate Collection Set: 0,7ms
[2023-11-12T18:37:29.578+0100][gc,phases     ] GC(712)   Other: 0,2ms
[2023-11-12T18:37:29.578+0100][gc,heap       ] GC(712) Eden regions: 607->0(605)
[2023-11-12T18:37:29.578+0100][gc,heap       ] GC(712) Survivor regions: 7->9(77)
[2023-11-12T18:37:29.578+0100][gc,heap       ] GC(712) Old regions: 122->123
[2023-11-12T18:37:29.578+0100][gc,heap       ] GC(712) Humongous regions: 129->129
[2023-11-12T18:37:29.578+0100][gc,metaspace  ] GC(712) Metaspace: 47964K(51968K)->47964K(51968K) NonClass: 42034K(44288K)->42034K(44288K) Class: 5930K(7680K)->5930K(7680K)
[2023-11-12T18:37:29.578+0100][gc            ] GC(712) Pause Young (Normal) (G1 Evacuation Pause) 863M->258M(1024M) 5,396ms
[2023-11-12T18:37:29.578+0100][gc,cpu        ] GC(712) User=0,06s Sys=0,01s Real=0,01s
[2023-11-12T18:37:30.984+0100][gc,start      ] GC(713) Pause Young (Normal) (G1 Evacuation Pause)
[2023-11-12T18:37:30.984+0100][gc,task       ] GC(713) Using 13 workers of 13 for evacuation
[2023-11-12T18:37:30.991+0100][gc,phases     ] GC(713)   Pre Evacuate Collection Set: 0,0ms
[2023-11-12T18:37:30.991+0100][gc,phases     ] GC(713)   Evacuate Collection Set: 5,8ms
[2023-11-12T18:37:30.991+0100][gc,phases     ] GC(713)   Post Evacuate Collection Set: 0,6ms
[2023-11-12T18:37:30.991+0100][gc,phases     ] GC(713)   Other: 0,3ms
[2023-11-12T18:37:30.991+0100][gc,heap       ] GC(713) Eden regions: 605->0(603)
[2023-11-12T18:37:30.991+0100][gc,heap       ] GC(713) Survivor regions: 9->11(77)
[2023-11-12T18:37:30.991+0100][gc,heap       ] GC(713) Old regions: 123->123
[2023-11-12T18:37:30.991+0100][gc,heap       ] GC(713) Humongous regions: 129->129
[2023-11-12T18:37:30.991+0100][gc,metaspace  ] GC(713) Metaspace: 47964K(51968K)->47964K(51968K) NonClass: 42034K(44288K)->42034K(44288K) Class: 5930K(7680K)->5930K(7680K)
[2023-11-12T18:37:30.991+0100][gc            ] GC(713) Pause Young (Normal) (G1 Evacuation Pause) 863M->260M(1024M) 6,789ms
[2023-11-12T18:37:30.991+0100][gc,cpu        ] GC(713) User=0,04s Sys=0,03s Real=0,00s
[2023-11-12T18:37:32.245+0100][gc,start      ] GC(714) Pause Young (Normal) (G1 Evacuation Pause)
[2023-11-12T18:37:32.245+0100][gc,task       ] GC(714) Using 13 workers of 13 for evacuation
[2023-11-12T18:37:32.253+0100][gc,phases     ] GC(714)   Pre Evacuate Collection Set: 0,0ms
[2023-11-12T18:37:32.253+0100][gc,phases     ] GC(714)   Evacuate Collection Set: 6,9ms
[2023-11-12T18:37:32.253+0100][gc,phases     ] GC(714)   Post Evacuate Collection Set: 0,6ms
[2023-11-12T18:37:32.253+0100][gc,phases     ] GC(714)   Other: 0,2ms
[2023-11-12T18:37:32.253+0100][gc,heap       ] GC(714) Eden regions: 603->0(599)
[2023-11-12T18:37:32.253+0100][gc,heap       ] GC(714) Survivor regions: 11->15(77)
[2023-11-12T18:37:32.253+0100][gc,heap       ] GC(714) Old regions: 123->123
[2023-11-12T18:37:32.253+0100][gc,heap       ] GC(714) Humongous regions: 129->129
[2023-11-12T18:37:32.253+0100][gc,metaspace  ] GC(714) Metaspace: 47964K(51968K)->47964K(51968K) NonClass: 42034K(44288K)->42034K(44288K) Class: 5930K(7680K)->5930K(7680K)
[2023-11-12T18:37:32.253+0100][gc            ] GC(714) Pause Young (Normal) (G1 Evacuation Pause) 863M->264M(1024M) 7,807ms
[2023-11-12T18:37:32.253+0100][gc,cpu        ] GC(714) User=0,06s Sys=0,02s Real=0,00s
[2023-11-12T18:37:33.535+0100][gc,start      ] GC(715) Pause Young (Normal) (G1 Evacuation Pause)
[2023-11-12T18:37:33.535+0100][gc,task       ] GC(715) Using 13 workers of 13 for evacuation
[2023-11-12T18:37:33.542+0100][gc,phases     ] GC(715)   Pre Evacuate Collection Set: 0,0ms
[2023-11-12T18:37:33.542+0100][gc,phases     ] GC(715)   Evacuate Collection Set: 6,3ms
[2023-11-12T18:37:33.542+0100][gc,phases     ] GC(715)   Post Evacuate Collection Set: 0,6ms
[2023-11-12T18:37:33.542+0100][gc,phases     ] GC(715)   Other: 0,3ms
[2023-11-12T18:37:33.543+0100][gc,heap       ] GC(715) Eden regions: 599->0(597)
[2023-11-12T18:37:33.543+0100][gc,heap       ] GC(715) Survivor regions: 15->17(77)
[2023-11-12T18:37:33.543+0100][gc,heap       ] GC(715) Old regions: 123->123
[2023-11-12T18:37:33.543+0100][gc,heap       ] GC(715) Humongous regions: 129->129
[2023-11-12T18:37:33.543+0100][gc,metaspace  ] GC(715) Metaspace: 47964K(51968K)->47964K(51968K) NonClass: 42034K(44288K)->42034K(44288K) Class: 5930K(7680K)->5930K(7680K)
[2023-11-12T18:37:33.543+0100][gc            ] GC(715) Pause Young (Normal) (G1 Evacuation Pause) 863M->267M(1024M) 7,299ms
[2023-11-12T18:37:33.543+0100][gc,cpu        ] GC(715) User=0,07s Sys=0,01s Real=0,01s
[2023-11-12T18:37:34.907+0100][gc,start      ] GC(716) Pause Young (Normal) (G1 Evacuation Pause)
[2023-11-12T18:37:34.907+0100][gc,task       ] GC(716) Using 13 workers of 13 for evacuation
[2023-11-12T18:37:34.916+0100][gc,phases     ] GC(716)   Pre Evacuate Collection Set: 0,0ms
[2023-11-12T18:37:34.916+0100][gc,phases     ] GC(716)   Evacuate Collection Set: 7,8ms
[2023-11-12T18:37:34.916+0100][gc,phases     ] GC(716)   Post Evacuate Collection Set: 0,7ms
[2023-11-12T18:37:34.916+0100][gc,phases     ] GC(716)   Other: 0,2ms
[2023-11-12T18:37:34.916+0100][gc,heap       ] GC(716) Eden regions: 597->0(595)
[2023-11-12T18:37:34.916+0100][gc,heap       ] GC(716) Survivor regions: 17->19(77)
[2023-11-12T18:37:34.916+0100][gc,heap       ] GC(716) Old regions: 123->124
[2023-11-12T18:37:34.916+0100][gc,heap       ] GC(716) Humongous regions: 129->129
[2023-11-12T18:37:34.916+0100][gc,metaspace  ] GC(716) Metaspace: 47964K(51968K)->47964K(51968K) NonClass: 42034K(44288K)->42034K(44288K) Class: 5930K(7680K)->5930K(7680K)
[2023-11-12T18:37:34.916+0100][gc            ] GC(716) Pause Young (Normal) (G1 Evacuation Pause) 864M->269M(1024M) 8,811ms
[2023-11-12T18:37:34.916+0100][gc,cpu        ] GC(716) User=0,09s Sys=0,00s Real=0,01s
[2023-11-12T18:37:36.261+0100][gc,start      ] GC(717) Pause Young (Normal) (G1 Evacuation Pause)
[2023-11-12T18:37:36.261+0100][gc,task       ] GC(717) Using 13 workers of 13 for evacuation
[2023-11-12T18:37:36.270+0100][gc,phases     ] GC(717)   Pre Evacuate Collection Set: 0,0ms
[2023-11-12T18:37:36.270+0100][gc,phases     ] GC(717)   Evacuate Collection Set: 8,3ms
[2023-11-12T18:37:36.270+0100][gc,phases     ] GC(717)   Post Evacuate Collection Set: 0,5ms
[2023-11-12T18:37:36.270+0100][gc,phases     ] GC(717)   Other: 0,3ms
[2023-11-12T18:37:36.270+0100][gc,heap       ] GC(717) Eden regions: 595->0(593)
[2023-11-12T18:37:36.270+0100][gc,heap       ] GC(717) Survivor regions: 19->21(77)
[2023-11-12T18:37:36.270+0100][gc,heap       ] GC(717) Old regions: 124->124
[2023-11-12T18:37:36.270+0100][gc,heap       ] GC(717) Humongous regions: 129->129
[2023-11-12T18:37:36.270+0100][gc,metaspace  ] GC(717) Metaspace: 47964K(51968K)->47964K(51968K) NonClass: 42034K(44288K)->42034K(44288K) Class: 5930K(7680K)->5930K(7680K)
[2023-11-12T18:37:36.270+0100][gc            ] GC(717) Pause Young (Normal) (G1 Evacuation Pause) 864M->271M(1024M) 9,200ms
[2023-11-12T18:37:36.270+0100][gc,cpu        ] GC(717) User=0,08s Sys=0,00s Real=0,01s
[2023-11-12T18:37:37.599+0100][gc,start      ] GC(718) Pause Young (Normal) (G1 Evacuation Pause)
[2023-11-12T18:37:37.599+0100][gc,task       ] GC(718) Using 13 workers of 13 for evacuation
[2023-11-12T18:37:37.609+0100][gc,phases     ] GC(718)   Pre Evacuate Collection Set: 0,0ms
[2023-11-12T18:37:37.609+0100][gc,phases     ] GC(718)   Evacuate Collection Set: 8,9ms
[2023-11-12T18:37:37.609+0100][gc,phases     ] GC(718)   Post Evacuate Collection Set: 0,6ms
[2023-11-12T18:37:37.609+0100][gc,phases     ] GC(718)   Other: 0,2ms
[2023-11-12T18:37:37.609+0100][gc,heap       ] GC(718) Eden regions: 593->0(591)
[2023-11-12T18:37:37.609+0100][gc,heap       ] GC(718) Survivor regions: 21->23(77)
[2023-11-12T18:37:37.609+0100][gc,heap       ] GC(718) Old regions: 124->124
[2023-11-12T18:37:37.609+0100][gc,heap       ] GC(718) Humongous regions: 129->129
[2023-11-12T18:37:37.609+0100][gc,metaspace  ] GC(718) Metaspace: 47965K(51968K)->47965K(51968K) NonClass: 42034K(44288K)->42034K(44288K) Class: 5930K(7680K)->5930K(7680K)
[2023-11-12T18:37:37.609+0100][gc            ] GC(718) Pause Young (Normal) (G1 Evacuation Pause) 864M->274M(1024M) 9,778ms
[2023-11-12T18:37:37.609+0100][gc,cpu        ] GC(718) User=0,10s Sys=0,01s Real=0,01s
[2023-11-12T18:37:39.042+0100][gc,start      ] GC(719) Pause Young (Normal) (G1 Evacuation Pause)
[2023-11-12T18:37:39.042+0100][gc,task       ] GC(719) Using 13 workers of 13 for evacuation
[2023-11-12T18:37:39.051+0100][gc,phases     ] GC(719)   Pre Evacuate Collection Set: 0,0ms
[2023-11-12T18:37:39.051+0100][gc,phases     ] GC(719)   Evacuate Collection Set: 8,4ms
[2023-11-12T18:37:39.051+0100][gc,phases     ] GC(719)   Post Evacuate Collection Set: 0,6ms
[2023-11-12T18:37:39.051+0100][gc,phases     ] GC(719)   Other: 0,2ms
[2023-11-12T18:37:39.051+0100][gc,heap       ] GC(719) Eden regions: 591->0(589)
[2023-11-12T18:37:39.051+0100][gc,heap       ] GC(719) Survivor regions: 23->25(77)
[2023-11-12T18:37:39.051+0100][gc,heap       ] GC(719) Old regions: 124->124
[2023-11-12T18:37:39.051+0100][gc,heap       ] GC(719) Humongous regions: 129->129
[2023-11-12T18:37:39.051+0100][gc,metaspace  ] GC(719) Metaspace: 47965K(51968K)->47965K(51968K) NonClass: 42034K(44288K)->42034K(44288K) Class: 5930K(7680K)->5930K(7680K)
[2023-11-12T18:37:39.051+0100][gc            ] GC(719) Pause Young (Normal) (G1 Evacuation Pause) 865M->276M(1024M) 9,413ms
[2023-11-12T18:37:39.051+0100][gc,cpu        ] GC(719) User=0,11s Sys=0,00s Real=0,00s
[2023-11-12T18:37:40.524+0100][gc,start      ] GC(720) Pause Young (Normal) (G1 Evacuation Pause)
[2023-11-12T18:37:40.524+0100][gc,task       ] GC(720) Using 13 workers of 13 for evacuation
[2023-11-12T18:37:40.536+0100][gc,phases     ] GC(720)   Pre Evacuate Collection Set: 0,0ms
[2023-11-12T18:37:40.536+0100][gc,phases     ] GC(720)   Evacuate Collection Set: 10,9ms
[2023-11-12T18:37:40.536+0100][gc,phases     ] GC(720)   Post Evacuate Collection Set: 0,6ms
[2023-11-12T18:37:40.536+0100][gc,phases     ] GC(720)   Other: 0,2ms
[2023-11-12T18:37:40.536+0100][gc,heap       ] GC(720) Eden regions: 589->0(586)
[2023-11-12T18:37:40.536+0100][gc,heap       ] GC(720) Survivor regions: 25->28(77)
[2023-11-12T18:37:40.536+0100][gc,heap       ] GC(720) Old regions: 124->124
[2023-11-12T18:37:40.536+0100][gc,heap       ] GC(720) Humongous regions: 129->129
[2023-11-12T18:37:40.536+0100][gc,metaspace  ] GC(720) Metaspace: 47965K(51968K)->47965K(51968K) NonClass: 42034K(44288K)->42034K(44288K) Class: 5930K(7680K)->5930K(7680K)
[2023-11-12T18:37:40.536+0100][gc            ] GC(720) Pause Young (Normal) (G1 Evacuation Pause) 865M->279M(1024M) 11,859ms
[2023-11-12T18:37:40.536+0100][gc,cpu        ] GC(720) User=0,11s Sys=0,00s Real=0,01s
[2023-11-12T18:37:41.989+0100][gc,start      ] GC(721) Pause Young (Normal) (G1 Evacuation Pause)
[2023-11-12T18:37:41.989+0100][gc,task       ] GC(721) Using 13 workers of 13 for evacuation
[2023-11-12T18:37:42.000+0100][gc,phases     ] GC(721)   Pre Evacuate Collection Set: 0,0ms
[2023-11-12T18:37:42.000+0100][gc,phases     ] GC(721)   Evacuate Collection Set: 10,0ms
[2023-11-12T18:37:42.000+0100][gc,phases     ] GC(721)   Post Evacuate Collection Set: 0,7ms
[2023-11-12T18:37:42.000+0100][gc,phases     ] GC(721)   Other: 0,2ms
[2023-11-12T18:37:42.000+0100][gc,heap       ] GC(721) Eden regions: 586->0(583)
[2023-11-12T18:37:42.000+0100][gc,heap       ] GC(721) Survivor regions: 28->31(77)
[2023-11-12T18:37:42.000+0100][gc,heap       ] GC(721) Old regions: 124->125
[2023-11-12T18:37:42.000+0100][gc,heap       ] GC(721) Humongous regions: 129->129
[2023-11-12T18:37:42.000+0100][gc,metaspace  ] GC(721) Metaspace: 47965K(51968K)->47965K(51968K) NonClass: 42034K(44288K)->42034K(44288K) Class: 5930K(7680K)->5930K(7680K)
[2023-11-12T18:37:42.000+0100][gc            ] GC(721) Pause Young (Normal) (G1 Evacuation Pause) 865M->282M(1024M) 10,987ms
[2023-11-12T18:37:42.000+0100][gc,cpu        ] GC(721) User=0,12s Sys=0,01s Real=0,01s
[2023-11-12T18:37:43.282+0100][gc,start      ] GC(722) Pause Young (Normal) (G1 Evacuation Pause)
[2023-11-12T18:37:43.282+0100][gc,task       ] GC(722) Using 13 workers of 13 for evacuation
[2023-11-12T18:37:43.293+0100][gc,phases     ] GC(722)   Pre Evacuate Collection Set: 0,0ms
[2023-11-12T18:37:43.293+0100][gc,phases     ] GC(722)   Evacuate Collection Set: 10,4ms
[2023-11-12T18:37:43.293+0100][gc,phases     ] GC(722)   Post Evacuate Collection Set: 0,6ms
[2023-11-12T18:37:43.293+0100][gc,phases     ] GC(722)   Other: 0,2ms
[2023-11-12T18:37:43.293+0100][gc,heap       ] GC(722) Eden regions: 583->0(581)
[2023-11-12T18:37:43.293+0100][gc,heap       ] GC(722) Survivor regions: 31->33(77)
[2023-11-12T18:37:43.293+0100][gc,heap       ] GC(722) Old regions: 125->125
[2023-11-12T18:37:43.293+0100][gc,heap       ] GC(722) Humongous regions: 129->129
[2023-11-12T18:37:43.293+0100][gc,metaspace  ] GC(722) Metaspace: 47965K(51968K)->47965K(51968K) NonClass: 42034K(44288K)->42034K(44288K) Class: 5930K(7680K)->5930K(7680K)
[2023-11-12T18:37:43.293+0100][gc            ] GC(722) Pause Young (Normal) (G1 Evacuation Pause) 865M->284M(1024M) 11,255ms
[2023-11-12T18:37:43.293+0100][gc,cpu        ] GC(722) User=0,12s Sys=0,02s Real=0,00s
[2023-11-12T18:37:44.418+0100][gc,start      ] GC(723) Pause Young (Normal) (G1 Evacuation Pause)
[2023-11-12T18:37:44.418+0100][gc,task       ] GC(723) Using 13 workers of 13 for evacuation
[2023-11-12T18:37:44.424+0100][gc,phases     ] GC(723)   Pre Evacuate Collection Set: 0,0ms
[2023-11-12T18:37:44.424+0100][gc,phases     ] GC(723)   Evacuate Collection Set: 5,0ms
[2023-11-12T18:37:44.424+0100][gc,phases     ] GC(723)   Post Evacuate Collection Set: 0,6ms
[2023-11-12T18:37:44.424+0100][gc,phases     ] GC(723)   Other: 0,2ms
[2023-11-12T18:37:44.424+0100][gc,heap       ] GC(723) Eden regions: 581->0(604)
[2023-11-12T18:37:44.424+0100][gc,heap       ] GC(723) Survivor regions: 33->10(77)
[2023-11-12T18:37:44.424+0100][gc,heap       ] GC(723) Old regions: 125->125
[2023-11-12T18:37:44.424+0100][gc,heap       ] GC(723) Humongous regions: 129->129
[2023-11-12T18:37:44.424+0100][gc,metaspace  ] GC(723) Metaspace: 47965K(51968K)->47965K(51968K) NonClass: 42034K(44288K)->42034K(44288K) Class: 5930K(7680K)->5930K(7680K)
[2023-11-12T18:37:44.424+0100][gc            ] GC(723) Pause Young (Normal) (G1 Evacuation Pause) 865M->261M(1024M) 5,898ms
[2023-11-12T18:37:44.424+0100][gc,cpu        ] GC(723) User=0,05s Sys=0,01s Real=0,01s
[2023-11-12T18:37:45.513+0100][gc,start      ] GC(724) Pause Young (Normal) (G1 Evacuation Pause)
[2023-11-12T18:37:45.513+0100][gc,task       ] GC(724) Using 13 workers of 13 for evacuation
[2023-11-12T18:37:45.521+0100][gc,phases     ] GC(724)   Pre Evacuate Collection Set: 0,0ms
[2023-11-12T18:37:45.521+0100][gc,phases     ] GC(724)   Evacuate Collection Set: 7,2ms
[2023-11-12T18:37:45.521+0100][gc,phases     ] GC(724)   Post Evacuate Collection Set: 0,6ms
[2023-11-12T18:37:45.521+0100][gc,phases     ] GC(724)   Other: 0,2ms
[2023-11-12T18:37:45.521+0100][gc,heap       ] GC(724) Eden regions: 604->0(599)
[2023-11-12T18:37:45.521+0100][gc,heap       ] GC(724) Survivor regions: 10->15(77)
[2023-11-12T18:37:45.521+0100][gc,heap       ] GC(724) Old regions: 125->125
[2023-11-12T18:37:45.521+0100][gc,heap       ] GC(724) Humongous regions: 129->129
[2023-11-12T18:37:45.521+0100][gc,metaspace  ] GC(724) Metaspace: 47965K(51968K)->47965K(51968K) NonClass: 42034K(44288K)->42034K(44288K) Class: 5930K(7680K)->5930K(7680K)
[2023-11-12T18:37:45.521+0100][gc            ] GC(724) Pause Young (Normal) (G1 Evacuation Pause) 865M->266M(1024M) 8,174ms
[2023-11-12T18:37:45.521+0100][gc,cpu        ] GC(724) User=0,06s Sys=0,03s Real=0,02s
[2023-11-12T18:37:46.691+0100][gc,start      ] GC(725) Pause Young (Normal) (G1 Evacuation Pause)
[2023-11-12T18:37:46.691+0100][gc,task       ] GC(725) Using 13 workers of 13 for evacuation
[2023-11-12T18:37:46.699+0100][gc,phases     ] GC(725)   Pre Evacuate Collection Set: 0,0ms
[2023-11-12T18:37:46.699+0100][gc,phases     ] GC(725)   Evacuate Collection Set: 7,3ms
[2023-11-12T18:37:46.699+0100][gc,phases     ] GC(725)   Post Evacuate Collection Set: 0,6ms
[2023-11-12T18:37:46.699+0100][gc,phases     ] GC(725)   Other: 0,2ms
[2023-11-12T18:37:46.699+0100][gc,heap       ] GC(725) Eden regions: 599->0(595)
[2023-11-12T18:37:46.699+0100][gc,heap       ] GC(725) Survivor regions: 15->19(77)
[2023-11-12T18:37:46.699+0100][gc,heap       ] GC(725) Old regions: 125->125
[2023-11-12T18:37:46.699+0100][gc,heap       ] GC(725) Humongous regions: 129->129
[2023-11-12T18:37:46.699+0100][gc,metaspace  ] GC(725) Metaspace: 47965K(51968K)->47965K(51968K) NonClass: 42034K(44288K)->42034K(44288K) Class: 5930K(7680K)->5930K(7680K)
[2023-11-12T18:37:46.699+0100][gc            ] GC(725) Pause Young (Normal) (G1 Evacuation Pause) 865M->271M(1024M) 8,248ms
[2023-11-12T18:37:46.699+0100][gc,cpu        ] GC(725) User=0,08s Sys=0,01s Real=0,01s
[2023-11-12T18:37:47.899+0100][gc,start      ] GC(726) Pause Young (Normal) (G1 Evacuation Pause)
[2023-11-12T18:37:47.899+0100][gc,task       ] GC(726) Using 13 workers of 13 for evacuation
[2023-11-12T18:37:47.908+0100][gc,phases     ] GC(726)   Pre Evacuate Collection Set: 0,0ms
[2023-11-12T18:37:47.908+0100][gc,phases     ] GC(726)   Evacuate Collection Set: 8,0ms
[2023-11-12T18:37:47.908+0100][gc,phases     ] GC(726)   Post Evacuate Collection Set: 0,6ms
[2023-11-12T18:37:47.908+0100][gc,phases     ] GC(726)   Other: 0,2ms
[2023-11-12T18:37:47.908+0100][gc,heap       ] GC(726) Eden regions: 595->0(590)
[2023-11-12T18:37:47.908+0100][gc,heap       ] GC(726) Survivor regions: 19->24(77)
[2023-11-12T18:37:47.908+0100][gc,heap       ] GC(726) Old regions: 125->126
[2023-11-12T18:37:47.908+0100][gc,heap       ] GC(726) Humongous regions: 129->129
[2023-11-12T18:37:47.908+0100][gc,metaspace  ] GC(726) Metaspace: 47965K(51968K)->47965K(51968K) NonClass: 42034K(44288K)->42034K(44288K) Class: 5930K(7680K)->5930K(7680K)
[2023-11-12T18:37:47.908+0100][gc            ] GC(726) Pause Young (Normal) (G1 Evacuation Pause) 866M->276M(1024M) 8,971ms
[2023-11-12T18:37:47.908+0100][gc,cpu        ] GC(726) User=0,10s Sys=0,00s Real=0,01s
[2023-11-12T18:37:49.126+0100][gc,start      ] GC(727) Pause Young (Normal) (G1 Evacuation Pause)
[2023-11-12T18:37:49.126+0100][gc,task       ] GC(727) Using 13 workers of 13 for evacuation
[2023-11-12T18:37:49.136+0100][gc,phases     ] GC(727)   Pre Evacuate Collection Set: 0,0ms
[2023-11-12T18:37:49.136+0100][gc,phases     ] GC(727)   Evacuate Collection Set: 8,9ms
[2023-11-12T18:37:49.136+0100][gc,phases     ] GC(727)   Post Evacuate Collection Set: 0,7ms
[2023-11-12T18:37:49.136+0100][gc,phases     ] GC(727)   Other: 0,2ms
[2023-11-12T18:37:49.136+0100][gc,heap       ] GC(727) Eden regions: 590->0(588)
[2023-11-12T18:37:49.136+0100][gc,heap       ] GC(727) Survivor regions: 24->26(77)
[2023-11-12T18:37:49.136+0100][gc,heap       ] GC(727) Old regions: 126->126
[2023-11-12T18:37:49.136+0100][gc,heap       ] GC(727) Humongous regions: 129->129
[2023-11-12T18:37:49.136+0100][gc,metaspace  ] GC(727) Metaspace: 47965K(51968K)->47965K(51968K) NonClass: 42034K(44288K)->42034K(44288K) Class: 5930K(7680K)->5930K(7680K)
[2023-11-12T18:37:49.136+0100][gc            ] GC(727) Pause Young (Normal) (G1 Evacuation Pause) 866M->279M(1024M) 9,938ms
[2023-11-12T18:37:49.136+0100][gc,cpu        ] GC(727) User=0,11s Sys=0,00s Real=0,01s
[2023-11-12T18:37:50.354+0100][gc,start      ] GC(728) Pause Young (Normal) (G1 Evacuation Pause)
[2023-11-12T18:37:50.354+0100][gc,task       ] GC(728) Using 13 workers of 13 for evacuation
[2023-11-12T18:37:50.365+0100][gc,phases     ] GC(728)   Pre Evacuate Collection Set: 0,0ms
[2023-11-12T18:37:50.365+0100][gc,phases     ] GC(728)   Evacuate Collection Set: 9,7ms
[2023-11-12T18:37:50.365+0100][gc,phases     ] GC(728)   Post Evacuate Collection Set: 0,6ms
[2023-11-12T18:37:50.365+0100][gc,phases     ] GC(728)   Other: 0,3ms
[2023-11-12T18:37:50.365+0100][gc,heap       ] GC(728) Eden regions: 588->0(585)
[2023-11-12T18:37:50.365+0100][gc,heap       ] GC(728) Survivor regions: 26->29(77)
[2023-11-12T18:37:50.365+0100][gc,heap       ] GC(728) Old regions: 126->127
[2023-11-12T18:37:50.365+0100][gc,heap       ] GC(728) Humongous regions: 129->129
[2023-11-12T18:37:50.365+0100][gc,metaspace  ] GC(728) Metaspace: 47965K(51968K)->47965K(51968K) NonClass: 42034K(44288K)->42034K(44288K) Class: 5930K(7680K)->5930K(7680K)
[2023-11-12T18:37:50.365+0100][gc            ] GC(728) Pause Young (Normal) (G1 Evacuation Pause) 867M->282M(1024M) 10,780ms
[2023-11-12T18:37:50.365+0100][gc,cpu        ] GC(728) User=0,10s Sys=0,01s Real=0,01s
[2023-11-12T18:37:51.607+0100][gc,start      ] GC(729) Pause Young (Normal) (G1 Evacuation Pause)
[2023-11-12T18:37:51.607+0100][gc,task       ] GC(729) Using 13 workers of 13 for evacuation
[2023-11-12T18:37:51.618+0100][gc,phases     ] GC(729)   Pre Evacuate Collection Set: 0,0ms
[2023-11-12T18:37:51.618+0100][gc,phases     ] GC(729)   Evacuate Collection Set: 10,2ms
[2023-11-12T18:37:51.618+0100][gc,phases     ] GC(729)   Post Evacuate Collection Set: 0,6ms
[2023-11-12T18:37:51.618+0100][gc,phases     ] GC(729)   Other: 0,3ms
[2023-11-12T18:37:51.618+0100][gc,heap       ] GC(729) Eden regions: 585->0(583)
[2023-11-12T18:37:51.618+0100][gc,heap       ] GC(729) Survivor regions: 29->31(77)
[2023-11-12T18:37:51.618+0100][gc,heap       ] GC(729) Old regions: 127->127
[2023-11-12T18:37:51.618+0100][gc,heap       ] GC(729) Humongous regions: 129->129
[2023-11-12T18:37:51.618+0100][gc,metaspace  ] GC(729) Metaspace: 47965K(51968K)->47965K(51968K) NonClass: 42034K(44288K)->42034K(44288K) Class: 5930K(7680K)->5930K(7680K)
[2023-11-12T18:37:51.618+0100][gc            ] GC(729) Pause Young (Normal) (G1 Evacuation Pause) 867M->284M(1024M) 11,302ms
[2023-11-12T18:37:51.618+0100][gc,cpu        ] GC(729) User=0,12s Sys=0,01s Real=0,01s
[2023-11-12T18:37:52.860+0100][gc,start      ] GC(730) Pause Young (Normal) (G1 Evacuation Pause)
[2023-11-12T18:37:52.860+0100][gc,task       ] GC(730) Using 13 workers of 13 for evacuation
[2023-11-12T18:37:52.871+0100][gc,phases     ] GC(730)   Pre Evacuate Collection Set: 0,0ms
[2023-11-12T18:37:52.872+0100][gc,phases     ] GC(730)   Evacuate Collection Set: 10,5ms
[2023-11-12T18:37:52.872+0100][gc,phases     ] GC(730)   Post Evacuate Collection Set: 0,6ms
[2023-11-12T18:37:52.872+0100][gc,phases     ] GC(730)   Other: 0,2ms
[2023-11-12T18:37:52.872+0100][gc,heap       ] GC(730) Eden regions: 583->0(579)
[2023-11-12T18:37:52.872+0100][gc,heap       ] GC(730) Survivor regions: 31->35(77)
[2023-11-12T18:37:52.872+0100][gc,heap       ] GC(730) Old regions: 127->128
[2023-11-12T18:37:52.872+0100][gc,heap       ] GC(730) Humongous regions: 129->129
[2023-11-12T18:37:52.872+0100][gc,metaspace  ] GC(730) Metaspace: 47965K(51968K)->47965K(51968K) NonClass: 42034K(44288K)->42034K(44288K) Class: 5930K(7680K)->5930K(7680K)
[2023-11-12T18:37:52.872+0100][gc            ] GC(730) Pause Young (Normal) (G1 Evacuation Pause) 867M->289M(1024M) 11,452ms
[2023-11-12T18:37:52.872+0100][gc,cpu        ] GC(730) User=0,12s Sys=0,00s Real=0,01s
[2023-11-12T18:37:54.083+0100][gc,start      ] GC(731) Pause Young (Normal) (G1 Evacuation Pause)
[2023-11-12T18:37:54.083+0100][gc,task       ] GC(731) Using 13 workers of 13 for evacuation
[2023-11-12T18:37:54.088+0100][gc,phases     ] GC(731)   Pre Evacuate Collection Set: 0,0ms
[2023-11-12T18:37:54.088+0100][gc,phases     ] GC(731)   Evacuate Collection Set: 4,8ms
[2023-11-12T18:37:54.088+0100][gc,phases     ] GC(731)   Post Evacuate Collection Set: 0,5ms
[2023-11-12T18:37:54.088+0100][gc,phases     ] GC(731)   Other: 0,2ms
[2023-11-12T18:37:54.088+0100][gc,heap       ] GC(731) Eden regions: 579->0(606)
[2023-11-12T18:37:54.088+0100][gc,heap       ] GC(731) Survivor regions: 35->8(77)
[2023-11-12T18:37:54.088+0100][gc,heap       ] GC(731) Old regions: 128->128
[2023-11-12T18:37:54.088+0100][gc,heap       ] GC(731) Humongous regions: 129->129
[2023-11-12T18:37:54.088+0100][gc,metaspace  ] GC(731) Metaspace: 47965K(51968K)->47965K(51968K) NonClass: 42034K(44288K)->42034K(44288K) Class: 5930K(7680K)->5930K(7680K)
[2023-11-12T18:37:54.088+0100][gc            ] GC(731) Pause Young (Normal) (G1 Evacuation Pause) 868M->262M(1024M) 5,618ms
[2023-11-12T18:37:54.088+0100][gc,cpu        ] GC(731) User=0,04s Sys=0,01s Real=0,00s
[2023-11-12T18:37:55.562+0100][gc,start      ] GC(732) Pause Young (Normal) (G1 Evacuation Pause)
[2023-11-12T18:37:55.562+0100][gc,task       ] GC(732) Using 13 workers of 13 for evacuation
[2023-11-12T18:37:55.568+0100][gc,phases     ] GC(732)   Pre Evacuate Collection Set: 0,0ms
[2023-11-12T18:37:55.568+0100][gc,phases     ] GC(732)   Evacuate Collection Set: 5,2ms
[2023-11-12T18:37:55.568+0100][gc,phases     ] GC(732)   Post Evacuate Collection Set: 0,6ms
[2023-11-12T18:37:55.568+0100][gc,phases     ] GC(732)   Other: 0,2ms
[2023-11-12T18:37:55.568+0100][gc,heap       ] GC(732) Eden regions: 606->0(605)
[2023-11-12T18:37:55.568+0100][gc,heap       ] GC(732) Survivor regions: 8->9(77)
[2023-11-12T18:37:55.568+0100][gc,heap       ] GC(732) Old regions: 128->128
[2023-11-12T18:37:55.568+0100][gc,heap       ] GC(732) Humongous regions: 129->129
[2023-11-12T18:37:55.568+0100][gc,metaspace  ] GC(732) Metaspace: 47965K(51968K)->47965K(51968K) NonClass: 42034K(44288K)->42034K(44288K) Class: 5930K(7680K)->5930K(7680K)
[2023-11-12T18:37:55.568+0100][gc            ] GC(732) Pause Young (Normal) (G1 Evacuation Pause) 868M->263M(1024M) 6,128ms
[2023-11-12T18:37:55.568+0100][gc,cpu        ] GC(732) User=0,04s Sys=0,01s Real=0,00s
[2023-11-12T18:37:57.012+0100][gc,start      ] GC(733) Pause Young (Normal) (G1 Evacuation Pause)
[2023-11-12T18:37:57.012+0100][gc,task       ] GC(733) Using 13 workers of 13 for evacuation
[2023-11-12T18:37:57.019+0100][gc,phases     ] GC(733)   Pre Evacuate Collection Set: 0,0ms
[2023-11-12T18:37:57.019+0100][gc,phases     ] GC(733)   Evacuate Collection Set: 5,7ms
[2023-11-12T18:37:57.019+0100][gc,phases     ] GC(733)   Post Evacuate Collection Set: 0,6ms
[2023-11-12T18:37:57.019+0100][gc,phases     ] GC(733)   Other: 0,2ms
[2023-11-12T18:37:57.019+0100][gc,heap       ] GC(733) Eden regions: 605->0(603)
[2023-11-12T18:37:57.019+0100][gc,heap       ] GC(733) Survivor regions: 9->11(77)
[2023-11-12T18:37:57.019+0100][gc,heap       ] GC(733) Old regions: 128->128
[2023-11-12T18:37:57.019+0100][gc,heap       ] GC(733) Humongous regions: 129->129
[2023-11-12T18:37:57.019+0100][gc,metaspace  ] GC(733) Metaspace: 47965K(51968K)->47965K(51968K) NonClass: 42034K(44288K)->42034K(44288K) Class: 5930K(7680K)->5930K(7680K)
[2023-11-12T18:37:57.019+0100][gc            ] GC(733) Pause Young (Normal) (G1 Evacuation Pause) 868M->266M(1024M) 6,555ms
[2023-11-12T18:37:57.019+0100][gc,cpu        ] GC(733) User=0,05s Sys=0,01s Real=0,01s
[2023-11-12T18:37:58.390+0100][gc,start      ] GC(734) Pause Young (Normal) (G1 Evacuation Pause)
[2023-11-12T18:37:58.390+0100][gc,task       ] GC(734) Using 13 workers of 13 for evacuation
[2023-11-12T18:37:58.401+0100][gc,phases     ] GC(734)   Pre Evacuate Collection Set: 0,0ms
[2023-11-12T18:37:58.401+0100][gc,phases     ] GC(734)   Evacuate Collection Set: 9,4ms
[2023-11-12T18:37:58.401+0100][gc,phases     ] GC(734)   Post Evacuate Collection Set: 0,6ms
[2023-11-12T18:37:58.401+0100][gc,phases     ] GC(734)   Other: 0,2ms
[2023-11-12T18:37:58.401+0100][gc,heap       ] GC(734) Eden regions: 603->0(599)
[2023-11-12T18:37:58.401+0100][gc,heap       ] GC(734) Survivor regions: 11->15(77)
[2023-11-12T18:37:58.401+0100][gc,heap       ] GC(734) Old regions: 128->129
[2023-11-12T18:37:58.401+0100][gc,heap       ] GC(734) Humongous regions: 129->129
[2023-11-12T18:37:58.401+0100][gc,metaspace  ] GC(734) Metaspace: 47965K(51968K)->47965K(51968K) NonClass: 42034K(44288K)->42034K(44288K) Class: 5930K(7680K)->5930K(7680K)
[2023-11-12T18:37:58.401+0100][gc            ] GC(734) Pause Young (Normal) (G1 Evacuation Pause) 869M->270M(1024M) 10,350ms
[2023-11-12T18:37:58.401+0100][gc,cpu        ] GC(734) User=0,05s Sys=0,05s Real=0,01s
[2023-11-12T18:37:59.727+0100][gc,start      ] GC(735) Pause Young (Normal) (G1 Evacuation Pause)
[2023-11-12T18:37:59.727+0100][gc,task       ] GC(735) Using 13 workers of 13 for evacuation
[2023-11-12T18:37:59.735+0100][gc,phases     ] GC(735)   Pre Evacuate Collection Set: 0,0ms
[2023-11-12T18:37:59.735+0100][gc,phases     ] GC(735)   Evacuate Collection Set: 7,3ms
[2023-11-12T18:37:59.735+0100][gc,phases     ] GC(735)   Post Evacuate Collection Set: 0,6ms
[2023-11-12T18:37:59.735+0100][gc,phases     ] GC(735)   Other: 0,2ms
[2023-11-12T18:37:59.735+0100][gc,heap       ] GC(735) Eden regions: 599->0(596)
[2023-11-12T18:37:59.735+0100][gc,heap       ] GC(735) Survivor regions: 15->18(77)
[2023-11-12T18:37:59.735+0100][gc,heap       ] GC(735) Old regions: 129->129
[2023-11-12T18:37:59.735+0100][gc,heap       ] GC(735) Humongous regions: 129->129
[2023-11-12T18:37:59.735+0100][gc,metaspace  ] GC(735) Metaspace: 47965K(51968K)->47965K(51968K) NonClass: 42034K(44288K)->42034K(44288K) Class: 5930K(7680K)->5930K(7680K)
[2023-11-12T18:37:59.735+0100][gc            ] GC(735) Pause Young (Normal) (G1 Evacuation Pause) 869M->273M(1024M) 8,211ms
[2023-11-12T18:37:59.735+0100][gc,cpu        ] GC(735) User=0,08s Sys=0,00s Real=0,01s
[2023-11-12T18:38:00.891+0100][gc,start      ] GC(736) Pause Young (Normal) (G1 Evacuation Pause)
[2023-11-12T18:38:00.891+0100][gc,task       ] GC(736) Using 13 workers of 13 for evacuation
[2023-11-12T18:38:00.900+0100][gc,phases     ] GC(736)   Pre Evacuate Collection Set: 0,0ms
[2023-11-12T18:38:00.900+0100][gc,phases     ] GC(736)   Evacuate Collection Set: 8,1ms
[2023-11-12T18:38:00.900+0100][gc,phases     ] GC(736)   Post Evacuate Collection Set: 0,7ms
[2023-11-12T18:38:00.900+0100][gc,phases     ] GC(736)   Other: 0,3ms
[2023-11-12T18:38:00.900+0100][gc,heap       ] GC(736) Eden regions: 596->0(592)
[2023-11-12T18:38:00.900+0100][gc,heap       ] GC(736) Survivor regions: 18->22(77)
[2023-11-12T18:38:00.900+0100][gc,heap       ] GC(736) Old regions: 129->129
[2023-11-12T18:38:00.900+0100][gc,heap       ] GC(736) Humongous regions: 129->129
[2023-11-12T18:38:00.900+0100][gc,metaspace  ] GC(736) Metaspace: 47965K(51968K)->47965K(51968K) NonClass: 42034K(44288K)->42034K(44288K) Class: 5930K(7680K)->5930K(7680K)
[2023-11-12T18:38:00.900+0100][gc            ] GC(736) Pause Young (Normal) (G1 Evacuation Pause) 869M->278M(1024M) 9,190ms
[2023-11-12T18:38:00.900+0100][gc,cpu        ] GC(736) User=0,10s Sys=0,00s Real=0,01s
[2023-11-12T18:38:02.087+0100][gc,start      ] GC(737) Pause Young (Normal) (G1 Evacuation Pause)
[2023-11-12T18:38:02.087+0100][gc,task       ] GC(737) Using 13 workers of 13 for evacuation
[2023-11-12T18:38:02.096+0100][gc,phases     ] GC(737)   Pre Evacuate Collection Set: 0,0ms
[2023-11-12T18:38:02.096+0100][gc,phases     ] GC(737)   Evacuate Collection Set: 8,7ms
[2023-11-12T18:38:02.096+0100][gc,phases     ] GC(737)   Post Evacuate Collection Set: 0,8ms
[2023-11-12T18:38:02.096+0100][gc,phases     ] GC(737)   Other: 0,3ms
[2023-11-12T18:38:02.097+0100][gc,heap       ] GC(737) Eden regions: 592->0(588)
[2023-11-12T18:38:02.097+0100][gc,heap       ] GC(737) Survivor regions: 22->26(77)
[2023-11-12T18:38:02.097+0100][gc,heap       ] GC(737) Old regions: 129->129
[2023-11-12T18:38:02.097+0100][gc,heap       ] GC(737) Humongous regions: 129->129
[2023-11-12T18:38:02.097+0100][gc,metaspace  ] GC(737) Metaspace: 47965K(51968K)->47965K(51968K) NonClass: 42034K(44288K)->42034K(44288K) Class: 5930K(7680K)->5930K(7680K)
[2023-11-12T18:38:02.097+0100][gc            ] GC(737) Pause Young (Normal) (G1 Evacuation Pause) 870M->282M(1024M) 10,000ms
[2023-11-12T18:38:02.097+0100][gc,cpu        ] GC(737) User=0,11s Sys=0,01s Real=0,01s
[2023-11-12T18:38:03.373+0100][gc,start      ] GC(738) Pause Young (Normal) (G1 Evacuation Pause)
[2023-11-12T18:38:03.373+0100][gc,task       ] GC(738) Using 13 workers of 13 for evacuation
[2023-11-12T18:38:03.383+0100][gc,phases     ] GC(738)   Pre Evacuate Collection Set: 0,0ms
[2023-11-12T18:38:03.383+0100][gc,phases     ] GC(738)   Evacuate Collection Set: 8,9ms
[2023-11-12T18:38:03.383+0100][gc,phases     ] GC(738)   Post Evacuate Collection Set: 0,6ms
[2023-11-12T18:38:03.383+0100][gc,phases     ] GC(738)   Other: 0,2ms
[2023-11-12T18:38:03.383+0100][gc,heap       ] GC(738) Eden regions: 588->0(586)
[2023-11-12T18:38:03.383+0100][gc,heap       ] GC(738) Survivor regions: 26->28(77)
[2023-11-12T18:38:03.383+0100][gc,heap       ] GC(738) Old regions: 129->130
[2023-11-12T18:38:03.383+0100][gc,heap       ] GC(738) Humongous regions: 129->129
[2023-11-12T18:38:03.383+0100][gc,metaspace  ] GC(738) Metaspace: 47965K(51968K)->47965K(51968K) NonClass: 42034K(44288K)->42034K(44288K) Class: 5930K(7680K)->5930K(7680K)
[2023-11-12T18:38:03.383+0100][gc            ] GC(738) Pause Young (Normal) (G1 Evacuation Pause) 870M->284M(1024M) 9,884ms
[2023-11-12T18:38:03.383+0100][gc,cpu        ] GC(738) User=0,11s Sys=0,00s Real=0,01s
[2023-11-12T18:38:04.566+0100][gc,start      ] GC(739) Pause Young (Normal) (G1 Evacuation Pause)
[2023-11-12T18:38:04.566+0100][gc,task       ] GC(739) Using 13 workers of 13 for evacuation
[2023-11-12T18:38:04.576+0100][gc,phases     ] GC(739)   Pre Evacuate Collection Set: 0,0ms
[2023-11-12T18:38:04.576+0100][gc,phases     ] GC(739)   Evacuate Collection Set: 9,7ms
[2023-11-12T18:38:04.576+0100][gc,phases     ] GC(739)   Post Evacuate Collection Set: 0,6ms
[2023-11-12T18:38:04.576+0100][gc,phases     ] GC(739)   Other: 0,2ms
[2023-11-12T18:38:04.576+0100][gc,heap       ] GC(739) Eden regions: 586->0(583)
[2023-11-12T18:38:04.576+0100][gc,heap       ] GC(739) Survivor regions: 28->31(77)
[2023-11-12T18:38:04.576+0100][gc,heap       ] GC(739) Old regions: 130->130
[2023-11-12T18:38:04.576+0100][gc,heap       ] GC(739) Humongous regions: 129->129
[2023-11-12T18:38:04.576+0100][gc,metaspace  ] GC(739) Metaspace: 47965K(51968K)->47965K(51968K) NonClass: 42034K(44288K)->42034K(44288K) Class: 5930K(7680K)->5930K(7680K)
[2023-11-12T18:38:04.576+0100][gc            ] GC(739) Pause Young (Normal) (G1 Evacuation Pause) 870M->288M(1024M) 10,589ms
[2023-11-12T18:38:04.576+0100][gc,cpu        ] GC(739) User=0,11s Sys=0,02s Real=0,01s
[2023-11-12T18:38:05.749+0100][gc,start      ] GC(740) Pause Young (Normal) (G1 Evacuation Pause)
[2023-11-12T18:38:05.749+0100][gc,task       ] GC(740) Using 13 workers of 13 for evacuation
[2023-11-12T18:38:05.753+0100][gc,phases     ] GC(740)   Pre Evacuate Collection Set: 0,0ms
[2023-11-12T18:38:05.753+0100][gc,phases     ] GC(740)   Evacuate Collection Set: 3,5ms
[2023-11-12T18:38:05.753+0100][gc,phases     ] GC(740)   Post Evacuate Collection Set: 0,6ms
[2023-11-12T18:38:05.753+0100][gc,phases     ] GC(740)   Other: 0,2ms
[2023-11-12T18:38:05.753+0100][gc,heap       ] GC(740) Eden regions: 583->0(607)
[2023-11-12T18:38:05.753+0100][gc,heap       ] GC(740) Survivor regions: 31->7(77)
[2023-11-12T18:38:05.753+0100][gc,heap       ] GC(740) Old regions: 130->130
[2023-11-12T18:38:05.753+0100][gc,heap       ] GC(740) Humongous regions: 129->129
[2023-11-12T18:38:05.753+0100][gc,metaspace  ] GC(740) Metaspace: 47965K(51968K)->47965K(51968K) NonClass: 42034K(44288K)->42034K(44288K) Class: 5930K(7680K)->5930K(7680K)
[2023-11-12T18:38:05.754+0100][gc            ] GC(740) Pause Young (Normal) (G1 Evacuation Pause) 871M->264M(1024M) 4,443ms
[2023-11-12T18:38:05.754+0100][gc,cpu        ] GC(740) User=0,04s Sys=0,00s Real=0,01s
[2023-11-12T18:38:07.008+0100][gc,start      ] GC(741) Pause Young (Normal) (G1 Evacuation Pause)
[2023-11-12T18:38:07.008+0100][gc,task       ] GC(741) Using 13 workers of 13 for evacuation
[2023-11-12T18:38:07.013+0100][gc,phases     ] GC(741)   Pre Evacuate Collection Set: 0,0ms
[2023-11-12T18:38:07.013+0100][gc,phases     ] GC(741)   Evacuate Collection Set: 4,0ms
[2023-11-12T18:38:07.013+0100][gc,phases     ] GC(741)   Post Evacuate Collection Set: 0,6ms
[2023-11-12T18:38:07.013+0100][gc,phases     ] GC(741)   Other: 0,2ms
[2023-11-12T18:38:07.013+0100][gc,heap       ] GC(741) Eden regions: 607->0(606)
[2023-11-12T18:38:07.013+0100][gc,heap       ] GC(741) Survivor regions: 7->8(77)
[2023-11-12T18:38:07.013+0100][gc,heap       ] GC(741) Old regions: 130->130
[2023-11-12T18:38:07.013+0100][gc,heap       ] GC(741) Humongous regions: 129->129
[2023-11-12T18:38:07.013+0100][gc,metaspace  ] GC(741) Metaspace: 47965K(51968K)->47965K(51968K) NonClass: 42034K(44288K)->42034K(44288K) Class: 5930K(7680K)->5930K(7680K)
[2023-11-12T18:38:07.013+0100][gc            ] GC(741) Pause Young (Normal) (G1 Evacuation Pause) 871M->265M(1024M) 4,984ms
[2023-11-12T18:38:07.013+0100][gc,cpu        ] GC(741) User=0,06s Sys=0,00s Real=0,00s
[2023-11-12T18:38:08.152+0100][gc,start      ] GC(742) Pause Young (Normal) (G1 Evacuation Pause)
[2023-11-12T18:38:08.152+0100][gc,task       ] GC(742) Using 13 workers of 13 for evacuation
[2023-11-12T18:38:08.159+0100][gc,phases     ] GC(742)   Pre Evacuate Collection Set: 0,0ms
[2023-11-12T18:38:08.159+0100][gc,phases     ] GC(742)   Evacuate Collection Set: 5,8ms
[2023-11-12T18:38:08.159+0100][gc,phases     ] GC(742)   Post Evacuate Collection Set: 0,6ms
[2023-11-12T18:38:08.159+0100][gc,phases     ] GC(742)   Other: 0,2ms
[2023-11-12T18:38:08.159+0100][gc,heap       ] GC(742) Eden regions: 606->0(603)
[2023-11-12T18:38:08.159+0100][gc,heap       ] GC(742) Survivor regions: 8->11(77)
[2023-11-12T18:38:08.159+0100][gc,heap       ] GC(742) Old regions: 130->131
[2023-11-12T18:38:08.159+0100][gc,heap       ] GC(742) Humongous regions: 129->129
[2023-11-12T18:38:08.159+0100][gc,metaspace  ] GC(742) Metaspace: 47965K(51968K)->47965K(51968K) NonClass: 42034K(44288K)->42034K(44288K) Class: 5930K(7680K)->5930K(7680K)
[2023-11-12T18:38:08.159+0100][gc            ] GC(742) Pause Young (Normal) (G1 Evacuation Pause) 871M->268M(1024M) 6,732ms
[2023-11-12T18:38:08.159+0100][gc,cpu        ] GC(742) User=0,04s Sys=0,02s Real=0,01s
[2023-11-12T18:38:09.429+0100][gc,start      ] GC(743) Pause Young (Normal) (G1 Evacuation Pause)
[2023-11-12T18:38:09.429+0100][gc,task       ] GC(743) Using 13 workers of 13 for evacuation
[2023-11-12T18:38:09.435+0100][gc,phases     ] GC(743)   Pre Evacuate Collection Set: 0,0ms
[2023-11-12T18:38:09.435+0100][gc,phases     ] GC(743)   Evacuate Collection Set: 6,0ms
[2023-11-12T18:38:09.435+0100][gc,phases     ] GC(743)   Post Evacuate Collection Set: 0,6ms
[2023-11-12T18:38:09.435+0100][gc,phases     ] GC(743)   Other: 0,2ms
[2023-11-12T18:38:09.435+0100][gc,heap       ] GC(743) Eden regions: 603->0(599)
[2023-11-12T18:38:09.435+0100][gc,heap       ] GC(743) Survivor regions: 11->15(77)
[2023-11-12T18:38:09.435+0100][gc,heap       ] GC(743) Old regions: 131->131
[2023-11-12T18:38:09.435+0100][gc,heap       ] GC(743) Humongous regions: 129->129
[2023-11-12T18:38:09.435+0100][gc,metaspace  ] GC(743) Metaspace: 47965K(51968K)->47965K(51968K) NonClass: 42034K(44288K)->42034K(44288K) Class: 5930K(7680K)->5930K(7680K)
[2023-11-12T18:38:09.435+0100][gc            ] GC(743) Pause Young (Normal) (G1 Evacuation Pause) 871M->272M(1024M) 6,883ms
[2023-11-12T18:38:09.435+0100][gc,cpu        ] GC(743) User=0,08s Sys=0,00s Real=0,01s
[2023-11-12T18:38:10.663+0100][gc,start      ] GC(744) Pause Young (Normal) (G1 Evacuation Pause)
[2023-11-12T18:38:10.663+0100][gc,task       ] GC(744) Using 13 workers of 13 for evacuation
[2023-11-12T18:38:10.671+0100][gc,phases     ] GC(744)   Pre Evacuate Collection Set: 0,0ms
[2023-11-12T18:38:10.671+0100][gc,phases     ] GC(744)   Evacuate Collection Set: 6,4ms
[2023-11-12T18:38:10.671+0100][gc,phases     ] GC(744)   Post Evacuate Collection Set: 0,6ms
[2023-11-12T18:38:10.671+0100][gc,phases     ] GC(744)   Other: 0,2ms
[2023-11-12T18:38:10.671+0100][gc,heap       ] GC(744) Eden regions: 599->0(597)
[2023-11-12T18:38:10.671+0100][gc,heap       ] GC(744) Survivor regions: 15->17(77)
[2023-11-12T18:38:10.671+0100][gc,heap       ] GC(744) Old regions: 131->131
[2023-11-12T18:38:10.671+0100][gc,heap       ] GC(744) Humongous regions: 129->129
[2023-11-12T18:38:10.671+0100][gc,metaspace  ] GC(744) Metaspace: 47965K(51968K)->47965K(51968K) NonClass: 42034K(44288K)->42034K(44288K) Class: 5930K(7680K)->5930K(7680K)
[2023-11-12T18:38:10.671+0100][gc            ] GC(744) Pause Young (Normal) (G1 Evacuation Pause) 871M->275M(1024M) 7,496ms
[2023-11-12T18:38:10.671+0100][gc,cpu        ] GC(744) User=0,08s Sys=0,00s Real=0,00s
[2023-11-12T18:38:11.915+0100][gc,start      ] GC(745) Pause Young (Normal) (G1 Evacuation Pause)
[2023-11-12T18:38:11.915+0100][gc,task       ] GC(745) Using 13 workers of 13 for evacuation
[2023-11-12T18:38:11.923+0100][gc,phases     ] GC(745)   Pre Evacuate Collection Set: 0,0ms
[2023-11-12T18:38:11.923+0100][gc,phases     ] GC(745)   Evacuate Collection Set: 7,3ms
[2023-11-12T18:38:11.923+0100][gc,phases     ] GC(745)   Post Evacuate Collection Set: 0,6ms
[2023-11-12T18:38:11.923+0100][gc,phases     ] GC(745)   Other: 0,2ms
[2023-11-12T18:38:11.923+0100][gc,heap       ] GC(745) Eden regions: 597->0(593)
[2023-11-12T18:38:11.923+0100][gc,heap       ] GC(745) Survivor regions: 17->21(77)
[2023-11-12T18:38:11.923+0100][gc,heap       ] GC(745) Old regions: 131->132
[2023-11-12T18:38:11.923+0100][gc,heap       ] GC(745) Humongous regions: 129->129
[2023-11-12T18:38:11.923+0100][gc,metaspace  ] GC(745) Metaspace: 47965K(51968K)->47965K(51968K) NonClass: 42034K(44288K)->42034K(44288K) Class: 5930K(7680K)->5930K(7680K)
[2023-11-12T18:38:11.923+0100][gc            ] GC(745) Pause Young (Normal) (G1 Evacuation Pause) 872M->279M(1024M) 8,270ms
[2023-11-12T18:38:11.923+0100][gc,cpu        ] GC(745) User=0,09s Sys=0,00s Real=0,01s
[2023-11-12T18:38:13.129+0100][gc,start      ] GC(746) Pause Young (Normal) (G1 Evacuation Pause)
[2023-11-12T18:38:13.129+0100][gc,task       ] GC(746) Using 13 workers of 13 for evacuation
[2023-11-12T18:38:13.137+0100][gc,phases     ] GC(746)   Pre Evacuate Collection Set: 0,0ms
[2023-11-12T18:38:13.137+0100][gc,phases     ] GC(746)   Evacuate Collection Set: 7,8ms
[2023-11-12T18:38:13.137+0100][gc,phases     ] GC(746)   Post Evacuate Collection Set: 0,6ms
[2023-11-12T18:38:13.137+0100][gc,phases     ] GC(746)   Other: 0,2ms
[2023-11-12T18:38:13.137+0100][gc,heap       ] GC(746) Eden regions: 593->0(591)
[2023-11-12T18:38:13.137+0100][gc,heap       ] GC(746) Survivor regions: 21->23(77)
[2023-11-12T18:38:13.137+0100][gc,heap       ] GC(746) Old regions: 132->132
[2023-11-12T18:38:13.137+0100][gc,heap       ] GC(746) Humongous regions: 129->129
[2023-11-12T18:38:13.137+0100][gc,metaspace  ] GC(746) Metaspace: 47965K(51968K)->47965K(51968K) NonClass: 42034K(44288K)->42034K(44288K) Class: 5930K(7680K)->5930K(7680K)
[2023-11-12T18:38:13.138+0100][gc            ] GC(746) Pause Young (Normal) (G1 Evacuation Pause) 872M->281M(1024M) 8,704ms
[2023-11-12T18:38:13.138+0100][gc,cpu        ] GC(746) User=0,11s Sys=0,00s Real=0,01s
[2023-11-12T18:38:14.496+0100][gc,start      ] GC(747) Pause Young (Normal) (G1 Evacuation Pause)
[2023-11-12T18:38:14.496+0100][gc,task       ] GC(747) Using 13 workers of 13 for evacuation
[2023-11-12T18:38:14.505+0100][gc,phases     ] GC(747)   Pre Evacuate Collection Set: 0,0ms
[2023-11-12T18:38:14.505+0100][gc,phases     ] GC(747)   Evacuate Collection Set: 8,1ms
[2023-11-12T18:38:14.505+0100][gc,phases     ] GC(747)   Post Evacuate Collection Set: 0,6ms
[2023-11-12T18:38:14.505+0100][gc,phases     ] GC(747)   Other: 0,2ms
[2023-11-12T18:38:14.505+0100][gc,heap       ] GC(747) Eden regions: 591->0(588)
[2023-11-12T18:38:14.505+0100][gc,heap       ] GC(747) Survivor regions: 23->26(77)
[2023-11-12T18:38:14.505+0100][gc,heap       ] GC(747) Old regions: 132->132
[2023-11-12T18:38:14.505+0100][gc,heap       ] GC(747) Humongous regions: 129->129
[2023-11-12T18:38:14.505+0100][gc,metaspace  ] GC(747) Metaspace: 47965K(51968K)->47965K(51968K) NonClass: 42034K(44288K)->42034K(44288K) Class: 5930K(7680K)->5930K(7680K)
[2023-11-12T18:38:14.505+0100][gc            ] GC(747) Pause Young (Normal) (G1 Evacuation Pause) 872M->284M(1024M) 9,042ms
[2023-11-12T18:38:14.505+0100][gc,cpu        ] GC(747) User=0,11s Sys=0,00s Real=0,01s
[2023-11-12T18:38:15.885+0100][gc,start      ] GC(748) Pause Young (Normal) (G1 Evacuation Pause)
[2023-11-12T18:38:15.885+0100][gc,task       ] GC(748) Using 13 workers of 13 for evacuation
[2023-11-12T18:38:15.895+0100][gc,phases     ] GC(748)   Pre Evacuate Collection Set: 0,0ms
[2023-11-12T18:38:15.895+0100][gc,phases     ] GC(748)   Evacuate Collection Set: 9,7ms
[2023-11-12T18:38:15.895+0100][gc,phases     ] GC(748)   Post Evacuate Collection Set: 0,6ms
[2023-11-12T18:38:15.895+0100][gc,phases     ] GC(748)   Other: 0,2ms
[2023-11-12T18:38:15.895+0100][gc,heap       ] GC(748) Eden regions: 588->0(586)
[2023-11-12T18:38:15.895+0100][gc,heap       ] GC(748) Survivor regions: 26->28(77)
[2023-11-12T18:38:15.895+0100][gc,heap       ] GC(748) Old regions: 132->132
[2023-11-12T18:38:15.895+0100][gc,heap       ] GC(748) Humongous regions: 129->129
[2023-11-12T18:38:15.895+0100][gc,metaspace  ] GC(748) Metaspace: 47965K(51968K)->47965K(51968K) NonClass: 42034K(44288K)->42034K(44288K) Class: 5930K(7680K)->5930K(7680K)
[2023-11-12T18:38:15.895+0100][gc            ] GC(748) Pause Young (Normal) (G1 Evacuation Pause) 872M->286M(1024M) 10,578ms
[2023-11-12T18:38:15.895+0100][gc,cpu        ] GC(748) User=0,12s Sys=0,00s Real=0,01s
[2023-11-12T18:38:17.237+0100][gc,start      ] GC(749) Pause Young (Normal) (G1 Evacuation Pause)
[2023-11-12T18:38:17.237+0100][gc,task       ] GC(749) Using 13 workers of 13 for evacuation
[2023-11-12T18:38:17.247+0100][gc,phases     ] GC(749)   Pre Evacuate Collection Set: 0,0ms
[2023-11-12T18:38:17.248+0100][gc,phases     ] GC(749)   Evacuate Collection Set: 9,3ms
[2023-11-12T18:38:17.248+0100][gc,phases     ] GC(749)   Post Evacuate Collection Set: 0,6ms
[2023-11-12T18:38:17.248+0100][gc,phases     ] GC(749)   Other: 0,2ms
[2023-11-12T18:38:17.248+0100][gc,heap       ] GC(749) Eden regions: 586->0(584)
[2023-11-12T18:38:17.248+0100][gc,heap       ] GC(749) Survivor regions: 28->30(77)
[2023-11-12T18:38:17.248+0100][gc,heap       ] GC(749) Old regions: 132->132
[2023-11-12T18:38:17.248+0100][gc,heap       ] GC(749) Humongous regions: 129->129
[2023-11-12T18:38:17.248+0100][gc,metaspace  ] GC(749) Metaspace: 47965K(51968K)->47965K(51968K) NonClass: 42034K(44288K)->42034K(44288K) Class: 5930K(7680K)->5930K(7680K)
[2023-11-12T18:38:17.248+0100][gc            ] GC(749) Pause Young (Normal) (G1 Evacuation Pause) 872M->289M(1024M) 10,281ms
[2023-11-12T18:38:17.248+0100][gc,cpu        ] GC(749) User=0,08s Sys=0,02s Real=0,01s
[2023-11-12T18:38:18.466+0100][gc,start      ] GC(750) Pause Young (Normal) (G1 Evacuation Pause)
[2023-11-12T18:38:18.466+0100][gc,task       ] GC(750) Using 13 workers of 13 for evacuation
[2023-11-12T18:38:18.471+0100][gc,phases     ] GC(750)   Pre Evacuate Collection Set: 0,0ms
[2023-11-12T18:38:18.471+0100][gc,phases     ] GC(750)   Evacuate Collection Set: 3,9ms
[2023-11-12T18:38:18.471+0100][gc,phases     ] GC(750)   Post Evacuate Collection Set: 0,6ms
[2023-11-12T18:38:18.471+0100][gc,phases     ] GC(750)   Other: 0,2ms
[2023-11-12T18:38:18.471+0100][gc,heap       ] GC(750) Eden regions: 584->0(606)
[2023-11-12T18:38:18.471+0100][gc,heap       ] GC(750) Survivor regions: 30->8(77)
[2023-11-12T18:38:18.471+0100][gc,heap       ] GC(750) Old regions: 132->132
[2023-11-12T18:38:18.471+0100][gc,heap       ] GC(750) Humongous regions: 129->129
[2023-11-12T18:38:18.471+0100][gc,metaspace  ] GC(750) Metaspace: 47965K(51968K)->47965K(51968K) NonClass: 42034K(44288K)->42034K(44288K) Class: 5930K(7680K)->5930K(7680K)
[2023-11-12T18:38:18.471+0100][gc            ] GC(750) Pause Young (Normal) (G1 Evacuation Pause) 873M->267M(1024M) 4,862ms
[2023-11-12T18:38:18.471+0100][gc,cpu        ] GC(750) User=0,05s Sys=0,01s Real=0,00s
[2023-11-12T18:38:19.786+0100][gc,start      ] GC(751) Pause Young (Normal) (G1 Evacuation Pause)
[2023-11-12T18:38:19.786+0100][gc,task       ] GC(751) Using 13 workers of 13 for evacuation
[2023-11-12T18:38:19.792+0100][gc,phases     ] GC(751)   Pre Evacuate Collection Set: 0,0ms
[2023-11-12T18:38:19.792+0100][gc,phases     ] GC(751)   Evacuate Collection Set: 5,7ms
[2023-11-12T18:38:19.792+0100][gc,phases     ] GC(751)   Post Evacuate Collection Set: 0,6ms
[2023-11-12T18:38:19.792+0100][gc,phases     ] GC(751)   Other: 0,2ms
[2023-11-12T18:38:19.792+0100][gc,heap       ] GC(751) Eden regions: 606->0(603)
[2023-11-12T18:38:19.792+0100][gc,heap       ] GC(751) Survivor regions: 8->11(77)
[2023-11-12T18:38:19.792+0100][gc,heap       ] GC(751) Old regions: 132->133
[2023-11-12T18:38:19.792+0100][gc,heap       ] GC(751) Humongous regions: 129->129
[2023-11-12T18:38:19.792+0100][gc,metaspace  ] GC(751) Metaspace: 47965K(51968K)->47965K(51968K) NonClass: 42034K(44288K)->42034K(44288K) Class: 5930K(7680K)->5930K(7680K)
[2023-11-12T18:38:19.792+0100][gc            ] GC(751) Pause Young (Normal) (G1 Evacuation Pause) 873M->270M(1024M) 6,561ms
[2023-11-12T18:38:19.792+0100][gc,cpu        ] GC(751) User=0,05s Sys=0,02s Real=0,00s
[2023-11-12T18:38:20.955+0100][gc,start      ] GC(752) Pause Young (Normal) (G1 Evacuation Pause)
[2023-11-12T18:38:20.955+0100][gc,task       ] GC(752) Using 13 workers of 13 for evacuation
[2023-11-12T18:38:20.963+0100][gc,phases     ] GC(752)   Pre Evacuate Collection Set: 0,0ms
[2023-11-12T18:38:20.963+0100][gc,phases     ] GC(752)   Evacuate Collection Set: 7,0ms
[2023-11-12T18:38:20.963+0100][gc,phases     ] GC(752)   Post Evacuate Collection Set: 0,7ms
[2023-11-12T18:38:20.963+0100][gc,phases     ] GC(752)   Other: 0,3ms
[2023-11-12T18:38:20.963+0100][gc,heap       ] GC(752) Eden regions: 603->0(599)
[2023-11-12T18:38:20.963+0100][gc,heap       ] GC(752) Survivor regions: 11->15(77)
[2023-11-12T18:38:20.963+0100][gc,heap       ] GC(752) Old regions: 133->133
[2023-11-12T18:38:20.963+0100][gc,heap       ] GC(752) Humongous regions: 129->129
[2023-11-12T18:38:20.963+0100][gc,metaspace  ] GC(752) Metaspace: 47965K(51968K)->47965K(51968K) NonClass: 42034K(44288K)->42034K(44288K) Class: 5930K(7680K)->5930K(7680K)
[2023-11-12T18:38:20.963+0100][gc            ] GC(752) Pause Young (Normal) (G1 Evacuation Pause) 873M->274M(1024M) 8,196ms
[2023-11-12T18:38:20.963+0100][gc,cpu        ] GC(752) User=0,05s Sys=0,01s Real=0,01s
[2023-11-12T18:38:22.131+0100][gc,start      ] GC(753) Pause Young (Normal) (G1 Evacuation Pause)
[2023-11-12T18:38:22.131+0100][gc,task       ] GC(753) Using 13 workers of 13 for evacuation
[2023-11-12T18:38:22.139+0100][gc,phases     ] GC(753)   Pre Evacuate Collection Set: 0,0ms
[2023-11-12T18:38:22.139+0100][gc,phases     ] GC(753)   Evacuate Collection Set: 7,3ms
[2023-11-12T18:38:22.139+0100][gc,phases     ] GC(753)   Post Evacuate Collection Set: 0,6ms
[2023-11-12T18:38:22.139+0100][gc,phases     ] GC(753)   Other: 0,2ms
[2023-11-12T18:38:22.139+0100][gc,heap       ] GC(753) Eden regions: 599->0(595)
[2023-11-12T18:38:22.139+0100][gc,heap       ] GC(753) Survivor regions: 15->19(77)
[2023-11-12T18:38:22.139+0100][gc,heap       ] GC(753) Old regions: 133->133
[2023-11-12T18:38:22.139+0100][gc,heap       ] GC(753) Humongous regions: 129->129
[2023-11-12T18:38:22.139+0100][gc,metaspace  ] GC(753) Metaspace: 47965K(51968K)->47965K(51968K) NonClass: 42034K(44288K)->42034K(44288K) Class: 5930K(7680K)->5930K(7680K)
[2023-11-12T18:38:22.139+0100][gc            ] GC(753) Pause Young (Normal) (G1 Evacuation Pause) 873M->278M(1024M) 8,294ms
[2023-11-12T18:38:22.139+0100][gc,cpu        ] GC(753) User=0,09s Sys=0,01s Real=0,01s
[2023-11-12T18:38:23.282+0100][gc,start      ] GC(754) Pause Young (Normal) (G1 Evacuation Pause)
[2023-11-12T18:38:23.282+0100][gc,task       ] GC(754) Using 13 workers of 13 for evacuation
[2023-11-12T18:38:23.290+0100][gc,phases     ] GC(754)   Pre Evacuate Collection Set: 0,0ms
[2023-11-12T18:38:23.290+0100][gc,phases     ] GC(754)   Evacuate Collection Set: 7,7ms
[2023-11-12T18:38:23.290+0100][gc,phases     ] GC(754)   Post Evacuate Collection Set: 0,6ms
[2023-11-12T18:38:23.290+0100][gc,phases     ] GC(754)   Other: 0,3ms
[2023-11-12T18:38:23.290+0100][gc,heap       ] GC(754) Eden regions: 595->0(590)
[2023-11-12T18:38:23.290+0100][gc,heap       ] GC(754) Survivor regions: 19->24(77)
[2023-11-12T18:38:23.290+0100][gc,heap       ] GC(754) Old regions: 133->133
[2023-11-12T18:38:23.290+0100][gc,heap       ] GC(754) Humongous regions: 129->129
[2023-11-12T18:38:23.290+0100][gc,metaspace  ] GC(754) Metaspace: 47965K(51968K)->47965K(51968K) NonClass: 42034K(44288K)->42034K(44288K) Class: 5930K(7680K)->5930K(7680K)
[2023-11-12T18:38:23.290+0100][gc            ] GC(754) Pause Young (Normal) (G1 Evacuation Pause) 873M->283M(1024M) 8,702ms
[2023-11-12T18:38:23.290+0100][gc,cpu        ] GC(754) User=0,06s Sys=0,04s Real=0,00s
[2023-11-12T18:38:24.468+0100][gc,start      ] GC(755) Pause Young (Normal) (G1 Evacuation Pause)
[2023-11-12T18:38:24.468+0100][gc,task       ] GC(755) Using 13 workers of 13 for evacuation
[2023-11-12T18:38:24.478+0100][gc,phases     ] GC(755)   Pre Evacuate Collection Set: 0,0ms
[2023-11-12T18:38:24.478+0100][gc,phases     ] GC(755)   Evacuate Collection Set: 8,7ms
[2023-11-12T18:38:24.478+0100][gc,phases     ] GC(755)   Post Evacuate Collection Set: 0,6ms
[2023-11-12T18:38:24.478+0100][gc,phases     ] GC(755)   Other: 0,2ms
[2023-11-12T18:38:24.478+0100][gc,heap       ] GC(755) Eden regions: 590->0(587)
[2023-11-12T18:38:24.478+0100][gc,heap       ] GC(755) Survivor regions: 24->27(77)
[2023-11-12T18:38:24.478+0100][gc,heap       ] GC(755) Old regions: 133->133
[2023-11-12T18:38:24.478+0100][gc,heap       ] GC(755) Humongous regions: 129->129
[2023-11-12T18:38:24.478+0100][gc,metaspace  ] GC(755) Metaspace: 47965K(51968K)->47965K(51968K) NonClass: 42034K(44288K)->42034K(44288K) Class: 5930K(7680K)->5930K(7680K)
[2023-11-12T18:38:24.478+0100][gc            ] GC(755) Pause Young (Normal) (G1 Evacuation Pause) 873M->287M(1024M) 9,682ms
[2023-11-12T18:38:24.478+0100][gc,cpu        ] GC(755) User=0,10s Sys=0,00s Real=0,01s
[2023-11-12T18:38:25.640+0100][gc,start      ] GC(756) Pause Young (Normal) (G1 Evacuation Pause)
[2023-11-12T18:38:25.640+0100][gc,task       ] GC(756) Using 13 workers of 13 for evacuation
[2023-11-12T18:38:25.651+0100][gc,phases     ] GC(756)   Pre Evacuate Collection Set: 0,0ms
[2023-11-12T18:38:25.651+0100][gc,phases     ] GC(756)   Evacuate Collection Set: 10,1ms
[2023-11-12T18:38:25.651+0100][gc,phases     ] GC(756)   Post Evacuate Collection Set: 0,6ms
[2023-11-12T18:38:25.651+0100][gc,phases     ] GC(756)   Other: 0,2ms
[2023-11-12T18:38:25.651+0100][gc,heap       ] GC(756) Eden regions: 587->0(583)
[2023-11-12T18:38:25.651+0100][gc,heap       ] GC(756) Survivor regions: 27->31(77)
[2023-11-12T18:38:25.651+0100][gc,heap       ] GC(756) Old regions: 133->134
[2023-11-12T18:38:25.651+0100][gc,heap       ] GC(756) Humongous regions: 129->129
[2023-11-12T18:38:25.651+0100][gc,metaspace  ] GC(756) Metaspace: 47965K(51968K)->47965K(51968K) NonClass: 42034K(44288K)->42034K(44288K) Class: 5930K(7680K)->5930K(7680K)
[2023-11-12T18:38:25.651+0100][gc            ] GC(756) Pause Young (Normal) (G1 Evacuation Pause) 874M->291M(1024M) 11,103ms
[2023-11-12T18:38:25.651+0100][gc,cpu        ] GC(756) User=0,12s Sys=0,00s Real=0,01s
[2023-11-12T18:38:26.922+0100][gc,start      ] GC(757) Pause Young (Normal) (G1 Evacuation Pause)
[2023-11-12T18:38:26.922+0100][gc,task       ] GC(757) Using 13 workers of 13 for evacuation
[2023-11-12T18:38:26.926+0100][gc,phases     ] GC(757)   Pre Evacuate Collection Set: 0,0ms
[2023-11-12T18:38:26.926+0100][gc,phases     ] GC(757)   Evacuate Collection Set: 3,2ms
[2023-11-12T18:38:26.926+0100][gc,phases     ] GC(757)   Post Evacuate Collection Set: 0,5ms
[2023-11-12T18:38:26.926+0100][gc,phases     ] GC(757)   Other: 0,2ms
[2023-11-12T18:38:26.926+0100][gc,heap       ] GC(757) Eden regions: 583->0(608)
[2023-11-12T18:38:26.926+0100][gc,heap       ] GC(757) Survivor regions: 31->6(77)
[2023-11-12T18:38:26.926+0100][gc,heap       ] GC(757) Old regions: 134->134
[2023-11-12T18:38:26.926+0100][gc,heap       ] GC(757) Humongous regions: 129->129
[2023-11-12T18:38:26.926+0100][gc,metaspace  ] GC(757) Metaspace: 47965K(51968K)->47965K(51968K) NonClass: 42034K(44288K)->42034K(44288K) Class: 5930K(7680K)->5930K(7680K)
[2023-11-12T18:38:26.926+0100][gc            ] GC(757) Pause Young (Normal) (G1 Evacuation Pause) 874M->266M(1024M) 4,153ms
[2023-11-12T18:38:26.926+0100][gc,cpu        ] GC(757) User=0,05s Sys=0,00s Real=0,00s
[2023-11-12T18:38:28.193+0100][gc,start      ] GC(758) Pause Young (Normal) (G1 Evacuation Pause)
[2023-11-12T18:38:28.193+0100][gc,task       ] GC(758) Using 13 workers of 13 for evacuation
[2023-11-12T18:38:28.198+0100][gc,phases     ] GC(758)   Pre Evacuate Collection Set: 0,0ms
[2023-11-12T18:38:28.198+0100][gc,phases     ] GC(758)   Evacuate Collection Set: 4,0ms
[2023-11-12T18:38:28.198+0100][gc,phases     ] GC(758)   Post Evacuate Collection Set: 0,6ms
[2023-11-12T18:38:28.198+0100][gc,phases     ] GC(758)   Other: 0,2ms
[2023-11-12T18:38:28.198+0100][gc,heap       ] GC(758) Eden regions: 608->0(607)
[2023-11-12T18:38:28.198+0100][gc,heap       ] GC(758) Survivor regions: 6->7(77)
[2023-11-12T18:38:28.198+0100][gc,heap       ] GC(758) Old regions: 134->134
[2023-11-12T18:38:28.198+0100][gc,heap       ] GC(758) Humongous regions: 129->129
[2023-11-12T18:38:28.198+0100][gc,metaspace  ] GC(758) Metaspace: 47965K(51968K)->47965K(51968K) NonClass: 42034K(44288K)->42034K(44288K) Class: 5930K(7680K)->5930K(7680K)
[2023-11-12T18:38:28.198+0100][gc            ] GC(758) Pause Young (Normal) (G1 Evacuation Pause) 874M->267M(1024M) 4,916ms
[2023-11-12T18:38:28.198+0100][gc,cpu        ] GC(758) User=0,02s Sys=0,03s Real=0,00s
[2023-11-12T18:38:29.543+0100][gc,start      ] GC(759) Pause Young (Normal) (G1 Evacuation Pause)
[2023-11-12T18:38:29.543+0100][gc,task       ] GC(759) Using 13 workers of 13 for evacuation
[2023-11-12T18:38:29.548+0100][gc,phases     ] GC(759)   Pre Evacuate Collection Set: 0,0ms
[2023-11-12T18:38:29.548+0100][gc,phases     ] GC(759)   Evacuate Collection Set: 4,5ms
[2023-11-12T18:38:29.548+0100][gc,phases     ] GC(759)   Post Evacuate Collection Set: 0,6ms
[2023-11-12T18:38:29.548+0100][gc,phases     ] GC(759)   Other: 0,2ms
[2023-11-12T18:38:29.548+0100][gc,heap       ] GC(759) Eden regions: 607->0(605)
[2023-11-12T18:38:29.548+0100][gc,heap       ] GC(759) Survivor regions: 7->9(77)
[2023-11-12T18:38:29.548+0100][gc,heap       ] GC(759) Old regions: 134->134
[2023-11-12T18:38:29.548+0100][gc,heap       ] GC(759) Humongous regions: 129->129
[2023-11-12T18:38:29.548+0100][gc,metaspace  ] GC(759) Metaspace: 47965K(51968K)->47965K(51968K) NonClass: 42034K(44288K)->42034K(44288K) Class: 5930K(7680K)->5930K(7680K)
[2023-11-12T18:38:29.548+0100][gc            ] GC(759) Pause Young (Normal) (G1 Evacuation Pause) 874M->270M(1024M) 5,380ms
[2023-11-12T18:38:29.549+0100][gc,cpu        ] GC(759) User=0,06s Sys=0,00s Real=0,00s
[2023-11-12T18:38:31.018+0100][gc,start      ] GC(760) Pause Young (Normal) (G1 Evacuation Pause)
[2023-11-12T18:38:31.018+0100][gc,task       ] GC(760) Using 13 workers of 13 for evacuation
[2023-11-12T18:38:31.024+0100][gc,phases     ] GC(760)   Pre Evacuate Collection Set: 0,0ms
[2023-11-12T18:38:31.024+0100][gc,phases     ] GC(760)   Evacuate Collection Set: 5,0ms
[2023-11-12T18:38:31.024+0100][gc,phases     ] GC(760)   Post Evacuate Collection Set: 0,6ms
[2023-11-12T18:38:31.024+0100][gc,phases     ] GC(760)   Other: 0,2ms
[2023-11-12T18:38:31.024+0100][gc,heap       ] GC(760) Eden regions: 605->0(602)
[2023-11-12T18:38:31.024+0100][gc,heap       ] GC(760) Survivor regions: 9->12(77)
[2023-11-12T18:38:31.024+0100][gc,heap       ] GC(760) Old regions: 134->134
[2023-11-12T18:38:31.024+0100][gc,heap       ] GC(760) Humongous regions: 129->129
[2023-11-12T18:38:31.024+0100][gc,metaspace  ] GC(760) Metaspace: 47965K(51968K)->47965K(51968K) NonClass: 42034K(44288K)->42034K(44288K) Class: 5930K(7680K)->5930K(7680K)
[2023-11-12T18:38:31.024+0100][gc            ] GC(760) Pause Young (Normal) (G1 Evacuation Pause) 875M->272M(1024M) 5,858ms
[2023-11-12T18:38:31.024+0100][gc,cpu        ] GC(760) User=0,05s Sys=0,01s Real=0,01s
[2023-11-12T18:38:32.503+0100][gc,start      ] GC(761) Pause Young (Normal) (G1 Evacuation Pause)
[2023-11-12T18:38:32.503+0100][gc,task       ] GC(761) Using 13 workers of 13 for evacuation
[2023-11-12T18:38:32.509+0100][gc,phases     ] GC(761)   Pre Evacuate Collection Set: 0,0ms
[2023-11-12T18:38:32.509+0100][gc,phases     ] GC(761)   Evacuate Collection Set: 5,5ms
[2023-11-12T18:38:32.509+0100][gc,phases     ] GC(761)   Post Evacuate Collection Set: 0,6ms
[2023-11-12T18:38:32.509+0100][gc,phases     ] GC(761)   Other: 0,2ms
[2023-11-12T18:38:32.509+0100][gc,heap       ] GC(761) Eden regions: 602->0(600)
[2023-11-12T18:38:32.509+0100][gc,heap       ] GC(761) Survivor regions: 12->14(77)
[2023-11-12T18:38:32.509+0100][gc,heap       ] GC(761) Old regions: 134->135
[2023-11-12T18:38:32.509+0100][gc,heap       ] GC(761) Humongous regions: 129->129
[2023-11-12T18:38:32.509+0100][gc,metaspace  ] GC(761) Metaspace: 47965K(51968K)->47965K(51968K) NonClass: 42034K(44288K)->42034K(44288K) Class: 5930K(7680K)->5930K(7680K)
[2023-11-12T18:38:32.509+0100][gc            ] GC(761) Pause Young (Normal) (G1 Evacuation Pause) 874M->275M(1024M) 6,417ms
[2023-11-12T18:38:32.509+0100][gc,cpu        ] GC(761) User=0,06s Sys=0,01s Real=0,00s
[2023-11-12T18:38:33.897+0100][gc,start      ] GC(762) Pause Young (Normal) (G1 Evacuation Pause)
[2023-11-12T18:38:33.897+0100][gc,task       ] GC(762) Using 13 workers of 13 for evacuation
[2023-11-12T18:38:33.904+0100][gc,phases     ] GC(762)   Pre Evacuate Collection Set: 0,0ms
[2023-11-12T18:38:33.904+0100][gc,phases     ] GC(762)   Evacuate Collection Set: 6,4ms
[2023-11-12T18:38:33.904+0100][gc,phases     ] GC(762)   Post Evacuate Collection Set: 0,6ms
[2023-11-12T18:38:33.904+0100][gc,phases     ] GC(762)   Other: 0,2ms
[2023-11-12T18:38:33.904+0100][gc,heap       ] GC(762) Eden regions: 600->0(596)
[2023-11-12T18:38:33.904+0100][gc,heap       ] GC(762) Survivor regions: 14->18(77)
[2023-11-12T18:38:33.904+0100][gc,heap       ] GC(762) Old regions: 135->135
[2023-11-12T18:38:33.904+0100][gc,heap       ] GC(762) Humongous regions: 129->129
[2023-11-12T18:38:33.904+0100][gc,metaspace  ] GC(762) Metaspace: 47965K(51968K)->47965K(51968K) NonClass: 42034K(44288K)->42034K(44288K) Class: 5930K(7680K)->5930K(7680K)
[2023-11-12T18:38:33.905+0100][gc            ] GC(762) Pause Young (Normal) (G1 Evacuation Pause) 875M->279M(1024M) 7,351ms
[2023-11-12T18:38:33.905+0100][gc,cpu        ] GC(762) User=0,05s Sys=0,03s Real=0,01s
[2023-11-12T18:38:35.232+0100][gc,start      ] GC(763) Pause Young (Normal) (G1 Evacuation Pause)
[2023-11-12T18:38:35.232+0100][gc,task       ] GC(763) Using 13 workers of 13 for evacuation
[2023-11-12T18:38:35.241+0100][gc,phases     ] GC(763)   Pre Evacuate Collection Set: 0,0ms
[2023-11-12T18:38:35.241+0100][gc,phases     ] GC(763)   Evacuate Collection Set: 7,7ms
[2023-11-12T18:38:35.241+0100][gc,phases     ] GC(763)   Post Evacuate Collection Set: 0,7ms
[2023-11-12T18:38:35.241+0100][gc,phases     ] GC(763)   Other: 0,2ms
[2023-11-12T18:38:35.241+0100][gc,heap       ] GC(763) Eden regions: 596->0(592)
[2023-11-12T18:38:35.241+0100][gc,heap       ] GC(763) Survivor regions: 18->22(77)
[2023-11-12T18:38:35.241+0100][gc,heap       ] GC(763) Old regions: 135->135
[2023-11-12T18:38:35.241+0100][gc,heap       ] GC(763) Humongous regions: 129->129
[2023-11-12T18:38:35.241+0100][gc,metaspace  ] GC(763) Metaspace: 47965K(51968K)->47965K(51968K) NonClass: 42034K(44288K)->42034K(44288K) Class: 5930K(7680K)->5930K(7680K)
[2023-11-12T18:38:35.241+0100][gc            ] GC(763) Pause Young (Normal) (G1 Evacuation Pause) 875M->283M(1024M) 8,686ms
[2023-11-12T18:38:35.241+0100][gc,cpu        ] GC(763) User=0,09s Sys=0,00s Real=0,01s
[2023-11-12T18:38:36.452+0100][gc,start      ] GC(764) Pause Young (Normal) (G1 Evacuation Pause)
[2023-11-12T18:38:36.452+0100][gc,task       ] GC(764) Using 13 workers of 13 for evacuation
[2023-11-12T18:38:36.461+0100][gc,phases     ] GC(764)   Pre Evacuate Collection Set: 0,0ms
[2023-11-12T18:38:36.461+0100][gc,phases     ] GC(764)   Evacuate Collection Set: 8,4ms
[2023-11-12T18:38:36.461+0100][gc,phases     ] GC(764)   Post Evacuate Collection Set: 0,6ms
[2023-11-12T18:38:36.461+0100][gc,phases     ] GC(764)   Other: 0,2ms
[2023-11-12T18:38:36.461+0100][gc,heap       ] GC(764) Eden regions: 592->0(588)
[2023-11-12T18:38:36.461+0100][gc,heap       ] GC(764) Survivor regions: 22->26(77)
[2023-11-12T18:38:36.461+0100][gc,heap       ] GC(764) Old regions: 135->135
[2023-11-12T18:38:36.461+0100][gc,heap       ] GC(764) Humongous regions: 129->129
[2023-11-12T18:38:36.461+0100][gc,metaspace  ] GC(764) Metaspace: 47965K(51968K)->47965K(51968K) NonClass: 42034K(44288K)->42034K(44288K) Class: 5930K(7680K)->5930K(7680K)
[2023-11-12T18:38:36.461+0100][gc            ] GC(764) Pause Young (Normal) (G1 Evacuation Pause) 875M->288M(1024M) 9,390ms
[2023-11-12T18:38:36.461+0100][gc,cpu        ] GC(764) User=0,10s Sys=0,00s Real=0,02s
[2023-11-12T18:38:37.649+0100][gc,start      ] GC(765) Pause Young (Normal) (G1 Evacuation Pause)
[2023-11-12T18:38:37.649+0100][gc,task       ] GC(765) Using 13 workers of 13 for evacuation
[2023-11-12T18:38:37.659+0100][gc,phases     ] GC(765)   Pre Evacuate Collection Set: 0,0ms
[2023-11-12T18:38:37.659+0100][gc,phases     ] GC(765)   Evacuate Collection Set: 9,2ms
[2023-11-12T18:38:37.659+0100][gc,phases     ] GC(765)   Post Evacuate Collection Set: 0,6ms
[2023-11-12T18:38:37.659+0100][gc,phases     ] GC(765)   Other: 0,2ms
[2023-11-12T18:38:37.659+0100][gc,heap       ] GC(765) Eden regions: 588->0(584)
[2023-11-12T18:38:37.659+0100][gc,heap       ] GC(765) Survivor regions: 26->30(77)
[2023-11-12T18:38:37.659+0100][gc,heap       ] GC(765) Old regions: 135->135
[2023-11-12T18:38:37.659+0100][gc,heap       ] GC(765) Humongous regions: 129->129
[2023-11-12T18:38:37.659+0100][gc,metaspace  ] GC(765) Metaspace: 47965K(51968K)->47965K(51968K) NonClass: 42034K(44288K)->42034K(44288K) Class: 5930K(7680K)->5930K(7680K)
[2023-11-12T18:38:37.659+0100][gc            ] GC(765) Pause Young (Normal) (G1 Evacuation Pause) 876M->292M(1024M) 10,135ms
[2023-11-12T18:38:37.660+0100][gc,cpu        ] GC(765) User=0,11s Sys=0,01s Real=0,01s
[2023-11-12T18:38:38.810+0100][gc,start      ] GC(766) Pause Young (Normal) (G1 Evacuation Pause)
[2023-11-12T18:38:38.810+0100][gc,task       ] GC(766) Using 13 workers of 13 for evacuation
[2023-11-12T18:38:38.814+0100][gc,phases     ] GC(766)   Pre Evacuate Collection Set: 0,0ms
[2023-11-12T18:38:38.814+0100][gc,phases     ] GC(766)   Evacuate Collection Set: 3,3ms
[2023-11-12T18:38:38.814+0100][gc,phases     ] GC(766)   Post Evacuate Collection Set: 0,6ms
[2023-11-12T18:38:38.814+0100][gc,phases     ] GC(766)   Other: 0,2ms
[2023-11-12T18:38:38.814+0100][gc,heap       ] GC(766) Eden regions: 584->0(608)
[2023-11-12T18:38:38.814+0100][gc,heap       ] GC(766) Survivor regions: 30->6(77)
[2023-11-12T18:38:38.814+0100][gc,heap       ] GC(766) Old regions: 135->135
[2023-11-12T18:38:38.814+0100][gc,heap       ] GC(766) Humongous regions: 129->129
[2023-11-12T18:38:38.814+0100][gc,metaspace  ] GC(766) Metaspace: 47965K(51968K)->47965K(51968K) NonClass: 42034K(44288K)->42034K(44288K) Class: 5930K(7680K)->5930K(7680K)
[2023-11-12T18:38:38.814+0100][gc            ] GC(766) Pause Young (Normal) (G1 Evacuation Pause) 876M->268M(1024M) 4,154ms
[2023-11-12T18:38:38.814+0100][gc,cpu        ] GC(766) User=0,05s Sys=0,00s Real=0,01s
[2023-11-12T18:38:40.125+0100][gc,start      ] GC(767) Pause Young (Normal) (G1 Evacuation Pause)
[2023-11-12T18:38:40.125+0100][gc,task       ] GC(767) Using 13 workers of 13 for evacuation
[2023-11-12T18:38:40.130+0100][gc,phases     ] GC(767)   Pre Evacuate Collection Set: 0,0ms
[2023-11-12T18:38:40.130+0100][gc,phases     ] GC(767)   Evacuate Collection Set: 4,6ms
[2023-11-12T18:38:40.130+0100][gc,phases     ] GC(767)   Post Evacuate Collection Set: 0,5ms
[2023-11-12T18:38:40.130+0100][gc,phases     ] GC(767)   Other: 0,2ms
[2023-11-12T18:38:40.130+0100][gc,heap       ] GC(767) Eden regions: 608->0(605)
[2023-11-12T18:38:40.130+0100][gc,heap       ] GC(767) Survivor regions: 6->9(77)
[2023-11-12T18:38:40.130+0100][gc,heap       ] GC(767) Old regions: 135->135
[2023-11-12T18:38:40.130+0100][gc,heap       ] GC(767) Humongous regions: 129->129
[2023-11-12T18:38:40.130+0100][gc,metaspace  ] GC(767) Metaspace: 47965K(51968K)->47965K(51968K) NonClass: 42034K(44288K)->42034K(44288K) Class: 5930K(7680K)->5930K(7680K)
[2023-11-12T18:38:40.130+0100][gc            ] GC(767) Pause Young (Normal) (G1 Evacuation Pause) 876M->270M(1024M) 5,433ms
[2023-11-12T18:38:40.130+0100][gc,cpu        ] GC(767) User=0,05s Sys=0,00s Real=0,00s
[2023-11-12T18:38:41.409+0100][gc,start      ] GC(768) Pause Young (Normal) (G1 Evacuation Pause)
[2023-11-12T18:38:41.409+0100][gc,task       ] GC(768) Using 13 workers of 13 for evacuation
[2023-11-12T18:38:41.415+0100][gc,phases     ] GC(768)   Pre Evacuate Collection Set: 0,0ms
[2023-11-12T18:38:41.415+0100][gc,phases     ] GC(768)   Evacuate Collection Set: 5,1ms
[2023-11-12T18:38:41.415+0100][gc,phases     ] GC(768)   Post Evacuate Collection Set: 0,5ms
[2023-11-12T18:38:41.415+0100][gc,phases     ] GC(768)   Other: 0,2ms
[2023-11-12T18:38:41.415+0100][gc,heap       ] GC(768) Eden regions: 605->0(604)
[2023-11-12T18:38:41.415+0100][gc,heap       ] GC(768) Survivor regions: 9->10(77)
[2023-11-12T18:38:41.415+0100][gc,heap       ] GC(768) Old regions: 135->135
[2023-11-12T18:38:41.415+0100][gc,heap       ] GC(768) Humongous regions: 129->129
[2023-11-12T18:38:41.415+0100][gc,metaspace  ] GC(768) Metaspace: 47965K(51968K)->47965K(51968K) NonClass: 42034K(44288K)->42034K(44288K) Class: 5930K(7680K)->5930K(7680K)
[2023-11-12T18:38:41.415+0100][gc            ] GC(768) Pause Young (Normal) (G1 Evacuation Pause) 875M->271M(1024M) 5,996ms
[2023-11-12T18:38:41.415+0100][gc,cpu        ] GC(768) User=0,05s Sys=0,02s Real=0,01s
[2023-11-12T18:38:42.683+0100][gc,start      ] GC(769) Pause Young (Normal) (G1 Evacuation Pause)
[2023-11-12T18:38:42.683+0100][gc,task       ] GC(769) Using 13 workers of 13 for evacuation
[2023-11-12T18:38:42.689+0100][gc,phases     ] GC(769)   Pre Evacuate Collection Set: 0,0ms
[2023-11-12T18:38:42.689+0100][gc,phases     ] GC(769)   Evacuate Collection Set: 5,8ms
[2023-11-12T18:38:42.689+0100][gc,phases     ] GC(769)   Post Evacuate Collection Set: 0,6ms
[2023-11-12T18:38:42.689+0100][gc,phases     ] GC(769)   Other: 0,2ms
[2023-11-12T18:38:42.690+0100][gc,heap       ] GC(769) Eden regions: 604->0(601)
[2023-11-12T18:38:42.690+0100][gc,heap       ] GC(769) Survivor regions: 10->13(77)
[2023-11-12T18:38:42.690+0100][gc,heap       ] GC(769) Old regions: 135->135
[2023-11-12T18:38:42.690+0100][gc,heap       ] GC(769) Humongous regions: 129->129
[2023-11-12T18:38:42.690+0100][gc,metaspace  ] GC(769) Metaspace: 47965K(51968K)->47965K(51968K) NonClass: 42034K(44288K)->42034K(44288K) Class: 5930K(7680K)->5930K(7680K)
[2023-11-12T18:38:42.690+0100][gc            ] GC(769) Pause Young (Normal) (G1 Evacuation Pause) 875M->274M(1024M) 6,753ms
[2023-11-12T18:38:42.690+0100][gc,cpu        ] GC(769) User=0,07s Sys=0,00s Real=0,00s
[2023-11-12T18:38:43.994+0100][gc,start      ] GC(770) Pause Young (Normal) (G1 Evacuation Pause)
[2023-11-12T18:38:43.994+0100][gc,task       ] GC(770) Using 13 workers of 13 for evacuation
[2023-11-12T18:38:44.001+0100][gc,phases     ] GC(770)   Pre Evacuate Collection Set: 0,0ms
[2023-11-12T18:38:44.001+0100][gc,phases     ] GC(770)   Evacuate Collection Set: 6,3ms
[2023-11-12T18:38:44.001+0100][gc,phases     ] GC(770)   Post Evacuate Collection Set: 0,6ms
[2023-11-12T18:38:44.001+0100][gc,phases     ] GC(770)   Other: 0,2ms
[2023-11-12T18:38:44.001+0100][gc,heap       ] GC(770) Eden regions: 601->0(598)
[2023-11-12T18:38:44.001+0100][gc,heap       ] GC(770) Survivor regions: 13->16(77)
[2023-11-12T18:38:44.001+0100][gc,heap       ] GC(770) Old regions: 135->135
[2023-11-12T18:38:44.001+0100][gc,heap       ] GC(770) Humongous regions: 129->129
[2023-11-12T18:38:44.001+0100][gc,metaspace  ] GC(770) Metaspace: 47965K(51968K)->47965K(51968K) NonClass: 42034K(44288K)->42034K(44288K) Class: 5930K(7680K)->5930K(7680K)
[2023-11-12T18:38:44.001+0100][gc            ] GC(770) Pause Young (Normal) (G1 Evacuation Pause) 875M->278M(1024M) 7,190ms
[2023-11-12T18:38:44.001+0100][gc,cpu        ] GC(770) User=0,05s Sys=0,02s Real=0,00s
[2023-11-12T18:38:45.189+0100][gc,start      ] GC(771) Pause Young (Normal) (G1 Evacuation Pause)
[2023-11-12T18:38:45.189+0100][gc,task       ] GC(771) Using 13 workers of 13 for evacuation
[2023-11-12T18:38:45.197+0100][gc,phases     ] GC(771)   Pre Evacuate Collection Set: 0,0ms
[2023-11-12T18:38:45.197+0100][gc,phases     ] GC(771)   Evacuate Collection Set: 6,9ms
[2023-11-12T18:38:45.197+0100][gc,phases     ] GC(771)   Post Evacuate Collection Set: 0,6ms
[2023-11-12T18:38:45.197+0100][gc,phases     ] GC(771)   Other: 0,2ms
[2023-11-12T18:38:45.197+0100][gc,heap       ] GC(771) Eden regions: 598->0(595)
[2023-11-12T18:38:45.197+0100][gc,heap       ] GC(771) Survivor regions: 16->19(77)
[2023-11-12T18:38:45.197+0100][gc,heap       ] GC(771) Old regions: 135->136
[2023-11-12T18:38:45.197+0100][gc,heap       ] GC(771) Humongous regions: 129->129
[2023-11-12T18:38:45.197+0100][gc,metaspace  ] GC(771) Metaspace: 47965K(51968K)->47965K(51968K) NonClass: 42034K(44288K)->42034K(44288K) Class: 5930K(7680K)->5930K(7680K)
[2023-11-12T18:38:45.197+0100][gc            ] GC(771) Pause Young (Normal) (G1 Evacuation Pause) 876M->281M(1024M) 7,826ms
[2023-11-12T18:38:45.197+0100][gc,cpu        ] GC(771) User=0,08s Sys=0,00s Real=0,01s
[2023-11-12T18:38:46.416+0100][gc,start      ] GC(772) Pause Young (Normal) (G1 Evacuation Pause)
[2023-11-12T18:38:46.416+0100][gc,task       ] GC(772) Using 13 workers of 13 for evacuation
[2023-11-12T18:38:46.424+0100][gc,phases     ] GC(772)   Pre Evacuate Collection Set: 0,0ms
[2023-11-12T18:38:46.424+0100][gc,phases     ] GC(772)   Evacuate Collection Set: 7,4ms
[2023-11-12T18:38:46.424+0100][gc,phases     ] GC(772)   Post Evacuate Collection Set: 0,6ms
[2023-11-12T18:38:46.424+0100][gc,phases     ] GC(772)   Other: 0,2ms
[2023-11-12T18:38:46.424+0100][gc,heap       ] GC(772) Eden regions: 595->0(592)
[2023-11-12T18:38:46.424+0100][gc,heap       ] GC(772) Survivor regions: 19->22(77)
[2023-11-12T18:38:46.424+0100][gc,heap       ] GC(772) Old regions: 136->136
[2023-11-12T18:38:46.424+0100][gc,heap       ] GC(772) Humongous regions: 129->129
[2023-11-12T18:38:46.424+0100][gc,metaspace  ] GC(772) Metaspace: 47965K(51968K)->47965K(51968K) NonClass: 42034K(44288K)->42034K(44288K) Class: 5930K(7680K)->5930K(7680K)
[2023-11-12T18:38:46.424+0100][gc            ] GC(772) Pause Young (Normal) (G1 Evacuation Pause) 876M->285M(1024M) 8,301ms
[2023-11-12T18:38:46.424+0100][gc,cpu        ] GC(772) User=0,10s Sys=0,00s Real=0,01s
[2023-11-12T18:38:47.667+0100][gc,start      ] GC(773) Pause Young (Normal) (G1 Evacuation Pause)
[2023-11-12T18:38:47.667+0100][gc,task       ] GC(773) Using 13 workers of 13 for evacuation
[2023-11-12T18:38:47.676+0100][gc,phases     ] GC(773)   Pre Evacuate Collection Set: 0,0ms
[2023-11-12T18:38:47.676+0100][gc,phases     ] GC(773)   Evacuate Collection Set: 8,4ms
[2023-11-12T18:38:47.676+0100][gc,phases     ] GC(773)   Post Evacuate Collection Set: 0,6ms
[2023-11-12T18:38:47.676+0100][gc,phases     ] GC(773)   Other: 0,2ms
[2023-11-12T18:38:47.676+0100][gc,heap       ] GC(773) Eden regions: 592->0(587)
[2023-11-12T18:38:47.676+0100][gc,heap       ] GC(773) Survivor regions: 22->27(77)
[2023-11-12T18:38:47.676+0100][gc,heap       ] GC(773) Old regions: 136->136
[2023-11-12T18:38:47.676+0100][gc,heap       ] GC(773) Humongous regions: 129->129
[2023-11-12T18:38:47.676+0100][gc,metaspace  ] GC(773) Metaspace: 47965K(51968K)->47965K(51968K) NonClass: 42034K(44288K)->42034K(44288K) Class: 5930K(7680K)->5930K(7680K)
[2023-11-12T18:38:47.676+0100][gc            ] GC(773) Pause Young (Normal) (G1 Evacuation Pause) 877M->289M(1024M) 9,268ms
[2023-11-12T18:38:47.676+0100][gc,cpu        ] GC(773) User=0,11s Sys=0,00s Real=0,01s
[2023-11-12T18:38:48.933+0100][gc,start      ] GC(774) Pause Young (Normal) (G1 Evacuation Pause)
[2023-11-12T18:38:48.933+0100][gc,task       ] GC(774) Using 13 workers of 13 for evacuation
[2023-11-12T18:38:48.945+0100][gc,phases     ] GC(774)   Pre Evacuate Collection Set: 0,0ms
[2023-11-12T18:38:48.945+0100][gc,phases     ] GC(774)   Evacuate Collection Set: 10,9ms
[2023-11-12T18:38:48.945+0100][gc,phases     ] GC(774)   Post Evacuate Collection Set: 0,6ms
[2023-11-12T18:38:48.945+0100][gc,phases     ] GC(774)   Other: 0,4ms
[2023-11-12T18:38:48.945+0100][gc,heap       ] GC(774) Eden regions: 587->0(585)
[2023-11-12T18:38:48.945+0100][gc,heap       ] GC(774) Survivor regions: 27->29(77)
[2023-11-12T18:38:48.945+0100][gc,heap       ] GC(774) Old regions: 136->136
[2023-11-12T18:38:48.945+0100][gc,heap       ] GC(774) Humongous regions: 129->129
[2023-11-12T18:38:48.945+0100][gc,metaspace  ] GC(774) Metaspace: 47965K(51968K)->47965K(51968K) NonClass: 42034K(44288K)->42034K(44288K) Class: 5930K(7680K)->5930K(7680K)
[2023-11-12T18:38:48.945+0100][gc            ] GC(774) Pause Young (Normal) (G1 Evacuation Pause) 876M->292M(1024M) 12,024ms
[2023-11-12T18:38:48.945+0100][gc,cpu        ] GC(774) User=0,08s Sys=0,02s Real=0,02s
[2023-11-12T18:38:50.167+0100][gc,start      ] GC(775) Pause Young (Normal) (G1 Evacuation Pause)
[2023-11-12T18:38:50.167+0100][gc,task       ] GC(775) Using 13 workers of 13 for evacuation
[2023-11-12T18:38:50.178+0100][gc,phases     ] GC(775)   Pre Evacuate Collection Set: 0,0ms
[2023-11-12T18:38:50.178+0100][gc,phases     ] GC(775)   Evacuate Collection Set: 10,0ms
[2023-11-12T18:38:50.178+0100][gc,phases     ] GC(775)   Post Evacuate Collection Set: 0,7ms
[2023-11-12T18:38:50.178+0100][gc,phases     ] GC(775)   Other: 0,2ms
[2023-11-12T18:38:50.178+0100][gc,heap       ] GC(775) Eden regions: 585->0(583)
[2023-11-12T18:38:50.178+0100][gc,heap       ] GC(775) Survivor regions: 29->31(77)
[2023-11-12T18:38:50.178+0100][gc,heap       ] GC(775) Old regions: 136->136
[2023-11-12T18:38:50.178+0100][gc,heap       ] GC(775) Humongous regions: 129->129
[2023-11-12T18:38:50.178+0100][gc,metaspace  ] GC(775) Metaspace: 47965K(51968K)->47965K(51968K) NonClass: 42034K(44288K)->42034K(44288K) Class: 5930K(7680K)->5930K(7680K)
[2023-11-12T18:38:50.178+0100][gc            ] GC(775) Pause Young (Normal) (G1 Evacuation Pause) 877M->294M(1024M) 11,014ms
[2023-11-12T18:38:50.178+0100][gc,cpu        ] GC(775) User=0,10s Sys=0,00s Real=0,01s
[2023-11-12T18:38:51.353+0100][gc,start      ] GC(776) Pause Young (Normal) (G1 Evacuation Pause)
[2023-11-12T18:38:51.353+0100][gc,task       ] GC(776) Using 13 workers of 13 for evacuation
[2023-11-12T18:38:51.358+0100][gc,phases     ] GC(776)   Pre Evacuate Collection Set: 0,0ms
[2023-11-12T18:38:51.358+0100][gc,phases     ] GC(776)   Evacuate Collection Set: 4,0ms
[2023-11-12T18:38:51.358+0100][gc,phases     ] GC(776)   Post Evacuate Collection Set: 0,5ms
[2023-11-12T18:38:51.358+0100][gc,phases     ] GC(776)   Other: 0,2ms
[2023-11-12T18:38:51.358+0100][gc,heap       ] GC(776) Eden regions: 583->0(606)
[2023-11-12T18:38:51.358+0100][gc,heap       ] GC(776) Survivor regions: 31->8(77)
[2023-11-12T18:38:51.358+0100][gc,heap       ] GC(776) Old regions: 136->136
[2023-11-12T18:38:51.358+0100][gc,heap       ] GC(776) Humongous regions: 129->129
[2023-11-12T18:38:51.358+0100][gc,metaspace  ] GC(776) Metaspace: 47965K(51968K)->47965K(51968K) NonClass: 42034K(44288K)->42034K(44288K) Class: 5930K(7680K)->5930K(7680K)
[2023-11-12T18:38:51.358+0100][gc            ] GC(776) Pause Young (Normal) (G1 Evacuation Pause) 877M->270M(1024M) 4,823ms
[2023-11-12T18:38:51.358+0100][gc,cpu        ] GC(776) User=0,01s Sys=0,03s Real=0,00s
[2023-11-12T18:38:52.643+0100][gc,start      ] GC(777) Pause Young (Normal) (G1 Evacuation Pause)
[2023-11-12T18:38:52.643+0100][gc,task       ] GC(777) Using 13 workers of 13 for evacuation
[2023-11-12T18:38:52.649+0100][gc,phases     ] GC(777)   Pre Evacuate Collection Set: 0,0ms
[2023-11-12T18:38:52.649+0100][gc,phases     ] GC(777)   Evacuate Collection Set: 4,9ms
[2023-11-12T18:38:52.649+0100][gc,phases     ] GC(777)   Post Evacuate Collection Set: 0,6ms
[2023-11-12T18:38:52.649+0100][gc,phases     ] GC(777)   Other: 0,2ms
[2023-11-12T18:38:52.649+0100][gc,heap       ] GC(777) Eden regions: 606->0(605)
[2023-11-12T18:38:52.649+0100][gc,heap       ] GC(777) Survivor regions: 8->9(77)
[2023-11-12T18:38:52.649+0100][gc,heap       ] GC(777) Old regions: 136->136
[2023-11-12T18:38:52.649+0100][gc,heap       ] GC(777) Humongous regions: 129->129
[2023-11-12T18:38:52.649+0100][gc,metaspace  ] GC(777) Metaspace: 47965K(51968K)->47965K(51968K) NonClass: 42034K(44288K)->42034K(44288K) Class: 5930K(7680K)->5930K(7680K)
[2023-11-12T18:38:52.649+0100][gc            ] GC(777) Pause Young (Normal) (G1 Evacuation Pause) 876M->272M(1024M) 5,829ms
[2023-11-12T18:38:52.649+0100][gc,cpu        ] GC(777) User=0,04s Sys=0,01s Real=0,00s
[2023-11-12T18:38:53.853+0100][gc,start      ] GC(778) Pause Young (Normal) (G1 Evacuation Pause)
[2023-11-12T18:38:53.853+0100][gc,task       ] GC(778) Using 13 workers of 13 for evacuation
[2023-11-12T18:38:53.860+0100][gc,phases     ] GC(778)   Pre Evacuate Collection Set: 0,1ms
[2023-11-12T18:38:53.860+0100][gc,phases     ] GC(778)   Evacuate Collection Set: 6,1ms
[2023-11-12T18:38:53.860+0100][gc,phases     ] GC(778)   Post Evacuate Collection Set: 0,6ms
[2023-11-12T18:38:53.860+0100][gc,phases     ] GC(778)   Other: 0,2ms
[2023-11-12T18:38:53.860+0100][gc,heap       ] GC(778) Eden regions: 605->0(602)
[2023-11-12T18:38:53.860+0100][gc,heap       ] GC(778) Survivor regions: 9->12(77)
[2023-11-12T18:38:53.860+0100][gc,heap       ] GC(778) Old regions: 136->136
[2023-11-12T18:38:53.860+0100][gc,heap       ] GC(778) Humongous regions: 129->129
[2023-11-12T18:38:53.860+0100][gc,metaspace  ] GC(778) Metaspace: 47976K(51968K)->47976K(51968K) NonClass: 42046K(44288K)->42046K(44288K) Class: 5930K(7680K)->5930K(7680K)
[2023-11-12T18:38:53.860+0100][gc            ] GC(778) Pause Young (Normal) (G1 Evacuation Pause) 877M->275M(1024M) 7,003ms
[2023-11-12T18:38:53.860+0100][gc,cpu        ] GC(778) User=0,05s Sys=0,01s Real=0,01s
[2023-11-12T18:38:55.118+0100][gc,start      ] GC(779) Pause Young (Normal) (G1 Evacuation Pause)
[2023-11-12T18:38:55.118+0100][gc,task       ] GC(779) Using 13 workers of 13 for evacuation
[2023-11-12T18:38:55.126+0100][gc,phases     ] GC(779)   Pre Evacuate Collection Set: 0,0ms
[2023-11-12T18:38:55.126+0100][gc,phases     ] GC(779)   Evacuate Collection Set: 6,9ms
[2023-11-12T18:38:55.126+0100][gc,phases     ] GC(779)   Post Evacuate Collection Set: 0,5ms
[2023-11-12T18:38:55.126+0100][gc,phases     ] GC(779)   Other: 0,2ms
[2023-11-12T18:38:55.126+0100][gc,heap       ] GC(779) Eden regions: 602->0(599)
[2023-11-12T18:38:55.126+0100][gc,heap       ] GC(779) Survivor regions: 12->15(77)
[2023-11-12T18:38:55.126+0100][gc,heap       ] GC(779) Old regions: 136->137
[2023-11-12T18:38:55.126+0100][gc,heap       ] GC(779) Humongous regions: 129->129
[2023-11-12T18:38:55.126+0100][gc,metaspace  ] GC(779) Metaspace: 47976K(51968K)->47976K(51968K) NonClass: 42046K(44288K)->42046K(44288K) Class: 5930K(7680K)->5930K(7680K)
[2023-11-12T18:38:55.126+0100][gc            ] GC(779) Pause Young (Normal) (G1 Evacuation Pause) 877M->278M(1024M) 7,740ms
[2023-11-12T18:38:55.126+0100][gc,cpu        ] GC(779) User=0,05s Sys=0,02s Real=0,01s
[2023-11-12T18:38:56.310+0100][gc,start      ] GC(780) Pause Young (Normal) (G1 Evacuation Pause)
[2023-11-12T18:38:56.310+0100][gc,task       ] GC(780) Using 13 workers of 13 for evacuation
[2023-11-12T18:38:56.319+0100][gc,phases     ] GC(780)   Pre Evacuate Collection Set: 0,0ms
[2023-11-12T18:38:56.319+0100][gc,phases     ] GC(780)   Evacuate Collection Set: 7,9ms
[2023-11-12T18:38:56.319+0100][gc,phases     ] GC(780)   Post Evacuate Collection Set: 0,6ms
[2023-11-12T18:38:56.319+0100][gc,phases     ] GC(780)   Other: 0,2ms
[2023-11-12T18:38:56.319+0100][gc,heap       ] GC(780) Eden regions: 599->0(596)
[2023-11-12T18:38:56.319+0100][gc,heap       ] GC(780) Survivor regions: 15->18(77)
[2023-11-12T18:38:56.319+0100][gc,heap       ] GC(780) Old regions: 137->137
[2023-11-12T18:38:56.319+0100][gc,heap       ] GC(780) Humongous regions: 129->129
[2023-11-12T18:38:56.319+0100][gc,metaspace  ] GC(780) Metaspace: 47976K(51968K)->47976K(51968K) NonClass: 42046K(44288K)->42046K(44288K) Class: 5930K(7680K)->5930K(7680K)
[2023-11-12T18:38:56.319+0100][gc            ] GC(780) Pause Young (Normal) (G1 Evacuation Pause) 877M->281M(1024M) 8,920ms
[2023-11-12T18:38:56.319+0100][gc,cpu        ] GC(780) User=0,08s Sys=0,00s Real=0,01s
[2023-11-12T18:38:57.535+0100][gc,start      ] GC(781) Pause Young (Normal) (G1 Evacuation Pause)
[2023-11-12T18:38:57.535+0100][gc,task       ] GC(781) Using 13 workers of 13 for evacuation
[2023-11-12T18:38:57.543+0100][gc,phases     ] GC(781)   Pre Evacuate Collection Set: 0,0ms
[2023-11-12T18:38:57.543+0100][gc,phases     ] GC(781)   Evacuate Collection Set: 7,6ms
[2023-11-12T18:38:57.543+0100][gc,phases     ] GC(781)   Post Evacuate Collection Set: 0,6ms
[2023-11-12T18:38:57.543+0100][gc,phases     ] GC(781)   Other: 0,2ms
[2023-11-12T18:38:57.543+0100][gc,heap       ] GC(781) Eden regions: 596->0(592)
[2023-11-12T18:38:57.543+0100][gc,heap       ] GC(781) Survivor regions: 18->22(77)
[2023-11-12T18:38:57.543+0100][gc,heap       ] GC(781) Old regions: 137->137
[2023-11-12T18:38:57.543+0100][gc,heap       ] GC(781) Humongous regions: 129->129
[2023-11-12T18:38:57.543+0100][gc,metaspace  ] GC(781) Metaspace: 47976K(51968K)->47976K(51968K) NonClass: 42046K(44288K)->42046K(44288K) Class: 5930K(7680K)->5930K(7680K)
[2023-11-12T18:38:57.543+0100][gc            ] GC(781) Pause Young (Normal) (G1 Evacuation Pause) 877M->285M(1024M) 8,532ms
[2023-11-12T18:38:57.543+0100][gc,cpu        ] GC(781) User=0,10s Sys=0,00s Real=0,01s
[2023-11-12T18:38:58.756+0100][gc,start      ] GC(782) Pause Young (Normal) (G1 Evacuation Pause)
[2023-11-12T18:38:58.756+0100][gc,task       ] GC(782) Using 13 workers of 13 for evacuation
[2023-11-12T18:38:58.765+0100][gc,phases     ] GC(782)   Pre Evacuate Collection Set: 0,0ms
[2023-11-12T18:38:58.765+0100][gc,phases     ] GC(782)   Evacuate Collection Set: 8,3ms
[2023-11-12T18:38:58.765+0100][gc,phases     ] GC(782)   Post Evacuate Collection Set: 0,6ms
[2023-11-12T18:38:58.765+0100][gc,phases     ] GC(782)   Other: 0,2ms
[2023-11-12T18:38:58.765+0100][gc,heap       ] GC(782) Eden regions: 592->0(588)
[2023-11-12T18:38:58.765+0100][gc,heap       ] GC(782) Survivor regions: 22->26(77)
[2023-11-12T18:38:58.765+0100][gc,heap       ] GC(782) Old regions: 137->137
[2023-11-12T18:38:58.765+0100][gc,heap       ] GC(782) Humongous regions: 129->129
[2023-11-12T18:38:58.765+0100][gc,metaspace  ] GC(782) Metaspace: 47976K(51968K)->47976K(51968K) NonClass: 42046K(44288K)->42046K(44288K) Class: 5930K(7680K)->5930K(7680K)
[2023-11-12T18:38:58.765+0100][gc            ] GC(782) Pause Young (Normal) (G1 Evacuation Pause) 877M->289M(1024M) 9,202ms
[2023-11-12T18:38:58.765+0100][gc,cpu        ] GC(782) User=0,10s Sys=0,00s Real=0,01s
[2023-11-12T18:39:00.037+0100][gc,start      ] GC(783) Pause Young (Normal) (G1 Evacuation Pause)
[2023-11-12T18:39:00.038+0100][gc,task       ] GC(783) Using 13 workers of 13 for evacuation
[2023-11-12T18:39:00.047+0100][gc,phases     ] GC(783)   Pre Evacuate Collection Set: 0,0ms
[2023-11-12T18:39:00.047+0100][gc,phases     ] GC(783)   Evacuate Collection Set: 8,9ms
[2023-11-12T18:39:00.047+0100][gc,phases     ] GC(783)   Post Evacuate Collection Set: 0,6ms
[2023-11-12T18:39:00.047+0100][gc,phases     ] GC(783)   Other: 0,3ms
[2023-11-12T18:39:00.047+0100][gc,heap       ] GC(783) Eden regions: 588->0(587)
[2023-11-12T18:39:00.047+0100][gc,heap       ] GC(783) Survivor regions: 26->27(77)
[2023-11-12T18:39:00.047+0100][gc,heap       ] GC(783) Old regions: 137->137
[2023-11-12T18:39:00.047+0100][gc,heap       ] GC(783) Humongous regions: 129->129
[2023-11-12T18:39:00.047+0100][gc,metaspace  ] GC(783) Metaspace: 47976K(51968K)->47976K(51968K) NonClass: 42046K(44288K)->42046K(44288K) Class: 5930K(7680K)->5930K(7680K)
[2023-11-12T18:39:00.047+0100][gc            ] GC(783) Pause Young (Normal) (G1 Evacuation Pause) 877M->290M(1024M) 9,862ms
[2023-11-12T18:39:00.047+0100][gc,cpu        ] GC(783) User=0,10s Sys=0,01s Real=0,01s
[2023-11-12T18:39:01.406+0100][gc,start      ] GC(784) Pause Young (Normal) (G1 Evacuation Pause)
[2023-11-12T18:39:01.406+0100][gc,task       ] GC(784) Using 13 workers of 13 for evacuation
[2023-11-12T18:39:01.416+0100][gc,phases     ] GC(784)   Pre Evacuate Collection Set: 0,0ms
[2023-11-12T18:39:01.416+0100][gc,phases     ] GC(784)   Evacuate Collection Set: 9,8ms
[2023-11-12T18:39:01.416+0100][gc,phases     ] GC(784)   Post Evacuate Collection Set: 0,6ms
[2023-11-12T18:39:01.416+0100][gc,phases     ] GC(784)   Other: 0,2ms
[2023-11-12T18:39:01.416+0100][gc,heap       ] GC(784) Eden regions: 587->0(584)
[2023-11-12T18:39:01.416+0100][gc,heap       ] GC(784) Survivor regions: 27->30(77)
[2023-11-12T18:39:01.416+0100][gc,heap       ] GC(784) Old regions: 137->137
[2023-11-12T18:39:01.416+0100][gc,heap       ] GC(784) Humongous regions: 129->129
[2023-11-12T18:39:01.416+0100][gc,metaspace  ] GC(784) Metaspace: 47976K(51968K)->47976K(51968K) NonClass: 42046K(44288K)->42046K(44288K) Class: 5930K(7680K)->5930K(7680K)
[2023-11-12T18:39:01.416+0100][gc            ] GC(784) Pause Young (Normal) (G1 Evacuation Pause) 877M->294M(1024M) 10,809ms
[2023-11-12T18:39:01.416+0100][gc,cpu        ] GC(784) User=0,09s Sys=0,01s Real=0,01s
[2023-11-12T18:39:02.581+0100][gc,start      ] GC(785) Pause Young (Normal) (G1 Evacuation Pause)
[2023-11-12T18:39:02.581+0100][gc,task       ] GC(785) Using 13 workers of 13 for evacuation
[2023-11-12T18:39:02.585+0100][gc,phases     ] GC(785)   Pre Evacuate Collection Set: 0,0ms
[2023-11-12T18:39:02.585+0100][gc,phases     ] GC(785)   Evacuate Collection Set: 3,6ms
[2023-11-12T18:39:02.585+0100][gc,phases     ] GC(785)   Post Evacuate Collection Set: 0,6ms
[2023-11-12T18:39:02.585+0100][gc,phases     ] GC(785)   Other: 0,2ms
[2023-11-12T18:39:02.585+0100][gc,heap       ] GC(785) Eden regions: 584->0(607)
[2023-11-12T18:39:02.585+0100][gc,heap       ] GC(785) Survivor regions: 30->7(77)
[2023-11-12T18:39:02.585+0100][gc,heap       ] GC(785) Old regions: 137->137
[2023-11-12T18:39:02.585+0100][gc,heap       ] GC(785) Humongous regions: 129->129
[2023-11-12T18:39:02.585+0100][gc,metaspace  ] GC(785) Metaspace: 47976K(51968K)->47976K(51968K) NonClass: 42046K(44288K)->42046K(44288K) Class: 5930K(7680K)->5930K(7680K)
[2023-11-12T18:39:02.585+0100][gc            ] GC(785) Pause Young (Normal) (G1 Evacuation Pause) 878M->270M(1024M) 4,573ms
[2023-11-12T18:39:02.585+0100][gc,cpu        ] GC(785) User=0,05s Sys=0,00s Real=0,01s
[2023-11-12T18:39:03.803+0100][gc,start      ] GC(786) Pause Young (Normal) (G1 Evacuation Pause)
[2023-11-12T18:39:03.803+0100][gc,task       ] GC(786) Using 13 workers of 13 for evacuation
[2023-11-12T18:39:03.808+0100][gc,phases     ] GC(786)   Pre Evacuate Collection Set: 0,0ms
[2023-11-12T18:39:03.808+0100][gc,phases     ] GC(786)   Evacuate Collection Set: 4,3ms
[2023-11-12T18:39:03.808+0100][gc,phases     ] GC(786)   Post Evacuate Collection Set: 0,5ms
[2023-11-12T18:39:03.808+0100][gc,phases     ] GC(786)   Other: 0,2ms
[2023-11-12T18:39:03.808+0100][gc,heap       ] GC(786) Eden regions: 607->0(605)
[2023-11-12T18:39:03.808+0100][gc,heap       ] GC(786) Survivor regions: 7->9(77)
[2023-11-12T18:39:03.808+0100][gc,heap       ] GC(786) Old regions: 137->137
[2023-11-12T18:39:03.808+0100][gc,heap       ] GC(786) Humongous regions: 129->129
[2023-11-12T18:39:03.808+0100][gc,metaspace  ] GC(786) Metaspace: 47976K(51968K)->47976K(51968K) NonClass: 42046K(44288K)->42046K(44288K) Class: 5930K(7680K)->5930K(7680K)
[2023-11-12T18:39:03.808+0100][gc            ] GC(786) Pause Young (Normal) (G1 Evacuation Pause) 877M->273M(1024M) 5,187ms
[2023-11-12T18:39:03.808+0100][gc,cpu        ] GC(786) User=0,05s Sys=0,00s Real=0,00s
[2023-11-12T18:39:05.158+0100][gc,start      ] GC(787) Pause Young (Normal) (G1 Evacuation Pause)
[2023-11-12T18:39:05.158+0100][gc,task       ] GC(787) Using 13 workers of 13 for evacuation
[2023-11-12T18:39:05.164+0100][gc,phases     ] GC(787)   Pre Evacuate Collection Set: 0,0ms
[2023-11-12T18:39:05.164+0100][gc,phases     ] GC(787)   Evacuate Collection Set: 5,5ms
[2023-11-12T18:39:05.164+0100][gc,phases     ] GC(787)   Post Evacuate Collection Set: 0,7ms
[2023-11-12T18:39:05.164+0100][gc,phases     ] GC(787)   Other: 0,2ms
[2023-11-12T18:39:05.164+0100][gc,heap       ] GC(787) Eden regions: 605->0(603)
[2023-11-12T18:39:05.164+0100][gc,heap       ] GC(787) Survivor regions: 9->11(77)
[2023-11-12T18:39:05.164+0100][gc,heap       ] GC(787) Old regions: 137->137
[2023-11-12T18:39:05.164+0100][gc,heap       ] GC(787) Humongous regions: 129->129
[2023-11-12T18:39:05.164+0100][gc,metaspace  ] GC(787) Metaspace: 47976K(51968K)->47976K(51968K) NonClass: 42046K(44288K)->42046K(44288K) Class: 5930K(7680K)->5930K(7680K)
[2023-11-12T18:39:05.164+0100][gc            ] GC(787) Pause Young (Normal) (G1 Evacuation Pause) 878M->274M(1024M) 6,620ms
[2023-11-12T18:39:05.165+0100][gc,cpu        ] GC(787) User=0,05s Sys=0,02s Real=0,01s
[2023-11-12T18:39:06.467+0100][gc,start      ] GC(788) Pause Young (Normal) (G1 Evacuation Pause)
[2023-11-12T18:39:06.467+0100][gc,task       ] GC(788) Using 13 workers of 13 for evacuation
[2023-11-12T18:39:06.473+0100][gc,phases     ] GC(788)   Pre Evacuate Collection Set: 0,0ms
[2023-11-12T18:39:06.473+0100][gc,phases     ] GC(788)   Evacuate Collection Set: 5,3ms
[2023-11-12T18:39:06.473+0100][gc,phases     ] GC(788)   Post Evacuate Collection Set: 0,6ms
[2023-11-12T18:39:06.473+0100][gc,phases     ] GC(788)   Other: 0,2ms
[2023-11-12T18:39:06.473+0100][gc,heap       ] GC(788) Eden regions: 603->0(601)
[2023-11-12T18:39:06.473+0100][gc,heap       ] GC(788) Survivor regions: 11->13(77)
[2023-11-12T18:39:06.473+0100][gc,heap       ] GC(788) Old regions: 137->138
[2023-11-12T18:39:06.473+0100][gc,heap       ] GC(788) Humongous regions: 129->129
[2023-11-12T18:39:06.473+0100][gc,metaspace  ] GC(788) Metaspace: 47976K(51968K)->47976K(51968K) NonClass: 42046K(44288K)->42046K(44288K) Class: 5930K(7680K)->5930K(7680K)
[2023-11-12T18:39:06.473+0100][gc            ] GC(788) Pause Young (Normal) (G1 Evacuation Pause) 877M->277M(1024M) 6,290ms
[2023-11-12T18:39:06.473+0100][gc,cpu        ] GC(788) User=0,06s Sys=0,02s Real=0,01s
[2023-11-12T18:39:07.723+0100][gc,start      ] GC(789) Pause Young (Normal) (G1 Evacuation Pause)
[2023-11-12T18:39:07.723+0100][gc,task       ] GC(789) Using 13 workers of 13 for evacuation
[2023-11-12T18:39:07.730+0100][gc,phases     ] GC(789)   Pre Evacuate Collection Set: 0,0ms
[2023-11-12T18:39:07.730+0100][gc,phases     ] GC(789)   Evacuate Collection Set: 6,1ms
[2023-11-12T18:39:07.730+0100][gc,phases     ] GC(789)   Post Evacuate Collection Set: 0,7ms
[2023-11-12T18:39:07.730+0100][gc,phases     ] GC(789)   Other: 0,2ms
[2023-11-12T18:39:07.730+0100][gc,heap       ] GC(789) Eden regions: 601->0(599)
[2023-11-12T18:39:07.730+0100][gc,heap       ] GC(789) Survivor regions: 13->15(77)
[2023-11-12T18:39:07.730+0100][gc,heap       ] GC(789) Old regions: 138->138
[2023-11-12T18:39:07.730+0100][gc,heap       ] GC(789) Humongous regions: 129->129
[2023-11-12T18:39:07.730+0100][gc,metaspace  ] GC(789) Metaspace: 47980K(51968K)->47980K(51968K) NonClass: 42049K(44288K)->42049K(44288K) Class: 5930K(7680K)->5930K(7680K)
[2023-11-12T18:39:07.731+0100][gc            ] GC(789) Pause Young (Normal) (G1 Evacuation Pause) 878M->279M(1024M) 7,189ms
[2023-11-12T18:39:07.731+0100][gc,cpu        ] GC(789) User=0,05s Sys=0,03s Real=0,00s
[2023-11-12T18:39:08.942+0100][gc,start      ] GC(790) Pause Young (Normal) (G1 Evacuation Pause)
[2023-11-12T18:39:08.942+0100][gc,task       ] GC(790) Using 13 workers of 13 for evacuation
[2023-11-12T18:39:08.951+0100][gc,phases     ] GC(790)   Pre Evacuate Collection Set: 0,0ms
[2023-11-12T18:39:08.951+0100][gc,phases     ] GC(790)   Evacuate Collection Set: 8,6ms
[2023-11-12T18:39:08.951+0100][gc,phases     ] GC(790)   Post Evacuate Collection Set: 0,6ms
[2023-11-12T18:39:08.951+0100][gc,phases     ] GC(790)   Other: 0,2ms
[2023-11-12T18:39:08.951+0100][gc,heap       ] GC(790) Eden regions: 599->0(595)
[2023-11-12T18:39:08.951+0100][gc,heap       ] GC(790) Survivor regions: 15->19(77)
[2023-11-12T18:39:08.951+0100][gc,heap       ] GC(790) Old regions: 138->138
[2023-11-12T18:39:08.951+0100][gc,heap       ] GC(790) Humongous regions: 129->129
[2023-11-12T18:39:08.951+0100][gc,metaspace  ] GC(790) Metaspace: 47980K(51968K)->47980K(51968K) NonClass: 42049K(44288K)->42049K(44288K) Class: 5930K(7680K)->5930K(7680K)
[2023-11-12T18:39:08.951+0100][gc            ] GC(790) Pause Young (Normal) (G1 Evacuation Pause) 878M->283M(1024M) 9,521ms
[2023-11-12T18:39:08.951+0100][gc,cpu        ] GC(790) User=0,08s Sys=0,01s Real=0,00s
[2023-11-12T18:39:10.211+0100][gc,start      ] GC(791) Pause Young (Normal) (G1 Evacuation Pause)
[2023-11-12T18:39:10.211+0100][gc,task       ] GC(791) Using 13 workers of 13 for evacuation
[2023-11-12T18:39:10.220+0100][gc,phases     ] GC(791)   Pre Evacuate Collection Set: 0,0ms
[2023-11-12T18:39:10.220+0100][gc,phases     ] GC(791)   Evacuate Collection Set: 7,8ms
[2023-11-12T18:39:10.220+0100][gc,phases     ] GC(791)   Post Evacuate Collection Set: 0,7ms
[2023-11-12T18:39:10.220+0100][gc,phases     ] GC(791)   Other: 0,3ms
[2023-11-12T18:39:10.220+0100][gc,heap       ] GC(791) Eden regions: 595->0(593)
[2023-11-12T18:39:10.220+0100][gc,heap       ] GC(791) Survivor regions: 19->21(77)
[2023-11-12T18:39:10.220+0100][gc,heap       ] GC(791) Old regions: 138->138
[2023-11-12T18:39:10.220+0100][gc,heap       ] GC(791) Humongous regions: 129->129
[2023-11-12T18:39:10.220+0100][gc,metaspace  ] GC(791) Metaspace: 47980K(51968K)->47980K(51968K) NonClass: 42049K(44288K)->42049K(44288K) Class: 5930K(7680K)->5930K(7680K)
[2023-11-12T18:39:10.220+0100][gc            ] GC(791) Pause Young (Normal) (G1 Evacuation Pause) 878M->285M(1024M) 9,062ms
[2023-11-12T18:39:10.220+0100][gc,cpu        ] GC(791) User=0,10s Sys=0,00s Real=0,01s
[2023-11-12T18:39:11.469+0100][gc,start      ] GC(792) Pause Young (Normal) (G1 Evacuation Pause)
[2023-11-12T18:39:11.469+0100][gc,task       ] GC(792) Using 13 workers of 13 for evacuation
[2023-11-12T18:39:11.478+0100][gc,phases     ] GC(792)   Pre Evacuate Collection Set: 0,0ms
[2023-11-12T18:39:11.478+0100][gc,phases     ] GC(792)   Evacuate Collection Set: 8,1ms
[2023-11-12T18:39:11.478+0100][gc,phases     ] GC(792)   Post Evacuate Collection Set: 0,6ms
[2023-11-12T18:39:11.478+0100][gc,phases     ] GC(792)   Other: 0,2ms
[2023-11-12T18:39:11.478+0100][gc,heap       ] GC(792) Eden regions: 593->0(589)
[2023-11-12T18:39:11.478+0100][gc,heap       ] GC(792) Survivor regions: 21->25(77)
[2023-11-12T18:39:11.478+0100][gc,heap       ] GC(792) Old regions: 138->138
[2023-11-12T18:39:11.478+0100][gc,heap       ] GC(792) Humongous regions: 129->129
[2023-11-12T18:39:11.478+0100][gc,metaspace  ] GC(792) Metaspace: 47980K(51968K)->47980K(51968K) NonClass: 42049K(44288K)->42049K(44288K) Class: 5930K(7680K)->5930K(7680K)
[2023-11-12T18:39:11.478+0100][gc            ] GC(792) Pause Young (Normal) (G1 Evacuation Pause) 878M->289M(1024M) 9,035ms
[2023-11-12T18:39:11.478+0100][gc,cpu        ] GC(792) User=0,07s Sys=0,02s Real=0,01s
[2023-11-12T18:39:12.710+0100][gc,start      ] GC(793) Pause Young (Normal) (G1 Evacuation Pause)
[2023-11-12T18:39:12.710+0100][gc,task       ] GC(793) Using 13 workers of 13 for evacuation
[2023-11-12T18:39:12.719+0100][gc,phases     ] GC(793)   Pre Evacuate Collection Set: 0,0ms
[2023-11-12T18:39:12.719+0100][gc,phases     ] GC(793)   Evacuate Collection Set: 8,3ms
[2023-11-12T18:39:12.719+0100][gc,phases     ] GC(793)   Post Evacuate Collection Set: 0,6ms
[2023-11-12T18:39:12.719+0100][gc,phases     ] GC(793)   Other: 0,2ms
[2023-11-12T18:39:12.719+0100][gc,heap       ] GC(793) Eden regions: 589->0(587)
[2023-11-12T18:39:12.719+0100][gc,heap       ] GC(793) Survivor regions: 25->27(77)
[2023-11-12T18:39:12.719+0100][gc,heap       ] GC(793) Old regions: 138->138
[2023-11-12T18:39:12.719+0100][gc,heap       ] GC(793) Humongous regions: 129->129
[2023-11-12T18:39:12.719+0100][gc,metaspace  ] GC(793) Metaspace: 47980K(51968K)->47980K(51968K) NonClass: 42050K(44288K)->42050K(44288K) Class: 5930K(7680K)->5930K(7680K)
[2023-11-12T18:39:12.719+0100][gc            ] GC(793) Pause Young (Normal) (G1 Evacuation Pause) 878M->292M(1024M) 9,261ms
[2023-11-12T18:39:12.719+0100][gc,cpu        ] GC(793) User=0,09s Sys=0,00s Real=0,01s
[2023-11-12T18:39:13.908+0100][gc,start      ] GC(794) Pause Young (Normal) (G1 Evacuation Pause)
[2023-11-12T18:39:13.908+0100][gc,task       ] GC(794) Using 13 workers of 13 for evacuation
[2023-11-12T18:39:13.918+0100][gc,phases     ] GC(794)   Pre Evacuate Collection Set: 0,0ms
[2023-11-12T18:39:13.918+0100][gc,phases     ] GC(794)   Evacuate Collection Set: 9,1ms
[2023-11-12T18:39:13.918+0100][gc,phases     ] GC(794)   Post Evacuate Collection Set: 0,6ms
[2023-11-12T18:39:13.918+0100][gc,phases     ] GC(794)   Other: 0,2ms
[2023-11-12T18:39:13.918+0100][gc,heap       ] GC(794) Eden regions: 587->0(585)
[2023-11-12T18:39:13.918+0100][gc,heap       ] GC(794) Survivor regions: 27->29(77)
[2023-11-12T18:39:13.918+0100][gc,heap       ] GC(794) Old regions: 138->138
[2023-11-12T18:39:13.918+0100][gc,heap       ] GC(794) Humongous regions: 129->129
[2023-11-12T18:39:13.918+0100][gc,metaspace  ] GC(794) Metaspace: 47980K(51968K)->47980K(51968K) NonClass: 42050K(44288K)->42050K(44288K) Class: 5930K(7680K)->5930K(7680K)
[2023-11-12T18:39:13.918+0100][gc            ] GC(794) Pause Young (Normal) (G1 Evacuation Pause) 879M->294M(1024M) 10,084ms
[2023-11-12T18:39:13.918+0100][gc,cpu        ] GC(794) User=0,10s Sys=0,01s Real=0,01s
[2023-11-12T18:39:15.104+0100][gc,start      ] GC(795) Pause Young (Normal) (G1 Evacuation Pause)
[2023-11-12T18:39:15.105+0100][gc,task       ] GC(795) Using 13 workers of 13 for evacuation
[2023-11-12T18:39:15.109+0100][gc,phases     ] GC(795)   Pre Evacuate Collection Set: 0,0ms
[2023-11-12T18:39:15.109+0100][gc,phases     ] GC(795)   Evacuate Collection Set: 4,1ms
[2023-11-12T18:39:15.109+0100][gc,phases     ] GC(795)   Post Evacuate Collection Set: 0,6ms
[2023-11-12T18:39:15.109+0100][gc,phases     ] GC(795)   Other: 0,3ms
[2023-11-12T18:39:15.109+0100][gc,heap       ] GC(795) Eden regions: 585->0(607)
[2023-11-12T18:39:15.110+0100][gc,heap       ] GC(795) Survivor regions: 29->7(77)
[2023-11-12T18:39:15.110+0100][gc,heap       ] GC(795) Old regions: 138->139
[2023-11-12T18:39:15.110+0100][gc,heap       ] GC(795) Humongous regions: 129->129
[2023-11-12T18:39:15.110+0100][gc,metaspace  ] GC(795) Metaspace: 47980K(51968K)->47980K(51968K) NonClass: 42050K(44288K)->42050K(44288K) Class: 5930K(7680K)->5930K(7680K)
[2023-11-12T18:39:15.110+0100][gc            ] GC(795) Pause Young (Normal) (G1 Evacuation Pause) 879M->272M(1024M) 5,060ms
[2023-11-12T18:39:15.110+0100][gc,cpu        ] GC(795) User=0,05s Sys=0,00s Real=0,00s
[2023-11-12T18:39:16.518+0100][gc,start      ] GC(796) Pause Young (Normal) (G1 Evacuation Pause)
[2023-11-12T18:39:16.518+0100][gc,task       ] GC(796) Using 13 workers of 13 for evacuation
[2023-11-12T18:39:16.524+0100][gc,phases     ] GC(796)   Pre Evacuate Collection Set: 0,0ms
[2023-11-12T18:39:16.524+0100][gc,phases     ] GC(796)   Evacuate Collection Set: 5,2ms
[2023-11-12T18:39:16.524+0100][gc,phases     ] GC(796)   Post Evacuate Collection Set: 0,6ms
[2023-11-12T18:39:16.524+0100][gc,phases     ] GC(796)   Other: 0,2ms
[2023-11-12T18:39:16.524+0100][gc,heap       ] GC(796) Eden regions: 607->0(606)
[2023-11-12T18:39:16.524+0100][gc,heap       ] GC(796) Survivor regions: 7->8(77)
[2023-11-12T18:39:16.524+0100][gc,heap       ] GC(796) Old regions: 139->139
[2023-11-12T18:39:16.524+0100][gc,heap       ] GC(796) Humongous regions: 129->129
[2023-11-12T18:39:16.524+0100][gc,metaspace  ] GC(796) Metaspace: 47980K(51968K)->47980K(51968K) NonClass: 42050K(44288K)->42050K(44288K) Class: 5930K(7680K)->5930K(7680K)
[2023-11-12T18:39:16.524+0100][gc            ] GC(796) Pause Young (Normal) (G1 Evacuation Pause) 879M->273M(1024M) 6,133ms
[2023-11-12T18:39:16.524+0100][gc,cpu        ] GC(796) User=0,04s Sys=0,01s Real=0,01s
[2023-11-12T18:39:17.773+0100][gc,start      ] GC(797) Pause Young (Normal) (G1 Evacuation Pause)
[2023-11-12T18:39:17.773+0100][gc,task       ] GC(797) Using 13 workers of 13 for evacuation
[2023-11-12T18:39:17.779+0100][gc,phases     ] GC(797)   Pre Evacuate Collection Set: 0,0ms
[2023-11-12T18:39:17.779+0100][gc,phases     ] GC(797)   Evacuate Collection Set: 4,9ms
[2023-11-12T18:39:17.779+0100][gc,phases     ] GC(797)   Post Evacuate Collection Set: 0,6ms
[2023-11-12T18:39:17.779+0100][gc,phases     ] GC(797)   Other: 0,2ms
[2023-11-12T18:39:17.779+0100][gc,heap       ] GC(797) Eden regions: 606->0(604)
[2023-11-12T18:39:17.779+0100][gc,heap       ] GC(797) Survivor regions: 8->10(77)
[2023-11-12T18:39:17.779+0100][gc,heap       ] GC(797) Old regions: 139->139
[2023-11-12T18:39:17.779+0100][gc,heap       ] GC(797) Humongous regions: 129->129
[2023-11-12T18:39:17.779+0100][gc,metaspace  ] GC(797) Metaspace: 47980K(51968K)->47980K(51968K) NonClass: 42050K(44288K)->42050K(44288K) Class: 5930K(7680K)->5930K(7680K)
[2023-11-12T18:39:17.779+0100][gc            ] GC(797) Pause Young (Normal) (G1 Evacuation Pause) 879M->275M(1024M) 5,773ms
[2023-11-12T18:39:17.779+0100][gc,cpu        ] GC(797) User=0,04s Sys=0,02s Real=0,01s
[2023-11-12T18:39:19.075+0100][gc,start      ] GC(798) Pause Young (Normal) (G1 Evacuation Pause)
[2023-11-12T18:39:19.076+0100][gc,task       ] GC(798) Using 13 workers of 13 for evacuation
[2023-11-12T18:39:19.082+0100][gc,phases     ] GC(798)   Pre Evacuate Collection Set: 0,0ms
[2023-11-12T18:39:19.082+0100][gc,phases     ] GC(798)   Evacuate Collection Set: 5,4ms
[2023-11-12T18:39:19.082+0100][gc,phases     ] GC(798)   Post Evacuate Collection Set: 0,6ms
[2023-11-12T18:39:19.082+0100][gc,phases     ] GC(798)   Other: 0,2ms
[2023-11-12T18:39:19.082+0100][gc,heap       ] GC(798) Eden regions: 604->0(601)
[2023-11-12T18:39:19.082+0100][gc,heap       ] GC(798) Survivor regions: 10->13(77)
[2023-11-12T18:39:19.082+0100][gc,heap       ] GC(798) Old regions: 139->139
[2023-11-12T18:39:19.082+0100][gc,heap       ] GC(798) Humongous regions: 129->129
[2023-11-12T18:39:19.082+0100][gc,metaspace  ] GC(798) Metaspace: 47980K(51968K)->47980K(51968K) NonClass: 42050K(44288K)->42050K(44288K) Class: 5930K(7680K)->5930K(7680K)
[2023-11-12T18:39:19.082+0100][gc            ] GC(798) Pause Young (Normal) (G1 Evacuation Pause) 879M->278M(1024M) 6,328ms
[2023-11-12T18:39:19.082+0100][gc,cpu        ] GC(798) User=0,06s Sys=0,01s Real=0,01s
[2023-11-12T18:39:20.280+0100][gc,start      ] GC(799) Pause Young (Normal) (G1 Evacuation Pause)
[2023-11-12T18:39:20.280+0100][gc,task       ] GC(799) Using 13 workers of 13 for evacuation
[2023-11-12T18:39:20.287+0100][gc,phases     ] GC(799)   Pre Evacuate Collection Set: 0,0ms
[2023-11-12T18:39:20.287+0100][gc,phases     ] GC(799)   Evacuate Collection Set: 6,3ms
[2023-11-12T18:39:20.287+0100][gc,phases     ] GC(799)   Post Evacuate Collection Set: 0,6ms
[2023-11-12T18:39:20.287+0100][gc,phases     ] GC(799)   Other: 0,2ms
[2023-11-12T18:39:20.287+0100][gc,heap       ] GC(799) Eden regions: 601->0(598)
[2023-11-12T18:39:20.287+0100][gc,heap       ] GC(799) Survivor regions: 13->16(77)
[2023-11-12T18:39:20.287+0100][gc,heap       ] GC(799) Old regions: 139->139
[2023-11-12T18:39:20.287+0100][gc,heap       ] GC(799) Humongous regions: 129->129
[2023-11-12T18:39:20.287+0100][gc,metaspace  ] GC(799) Metaspace: 47980K(51968K)->47980K(51968K) NonClass: 42050K(44288K)->42050K(44288K) Class: 5930K(7680K)->5930K(7680K)
[2023-11-12T18:39:20.287+0100][gc            ] GC(799) Pause Young (Normal) (G1 Evacuation Pause) 879M->281M(1024M) 7,214ms
[2023-11-12T18:39:20.287+0100][gc,cpu        ] GC(799) User=0,08s Sys=0,00s Real=0,01s
[2023-11-12T18:39:21.538+0100][gc,start      ] GC(800) Pause Young (Normal) (G1 Evacuation Pause)
[2023-11-12T18:39:21.538+0100][gc,task       ] GC(800) Using 13 workers of 13 for evacuation
[2023-11-12T18:39:21.545+0100][gc,phases     ] GC(800)   Pre Evacuate Collection Set: 0,0ms
[2023-11-12T18:39:21.545+0100][gc,phases     ] GC(800)   Evacuate Collection Set: 6,5ms
[2023-11-12T18:39:21.545+0100][gc,phases     ] GC(800)   Post Evacuate Collection Set: 0,6ms
[2023-11-12T18:39:21.545+0100][gc,phases     ] GC(800)   Other: 0,2ms
[2023-11-12T18:39:21.545+0100][gc,heap       ] GC(800) Eden regions: 598->0(597)
[2023-11-12T18:39:21.545+0100][gc,heap       ] GC(800) Survivor regions: 16->17(77)
[2023-11-12T18:39:21.545+0100][gc,heap       ] GC(800) Old regions: 139->139
[2023-11-12T18:39:21.545+0100][gc,heap       ] GC(800) Humongous regions: 129->129
[2023-11-12T18:39:21.545+0100][gc,metaspace  ] GC(800) Metaspace: 47980K(51968K)->47980K(51968K) NonClass: 42050K(44288K)->42050K(44288K) Class: 5930K(7680K)->5930K(7680K)
[2023-11-12T18:39:21.545+0100][gc            ] GC(800) Pause Young (Normal) (G1 Evacuation Pause) 879M->283M(1024M) 7,422ms
[2023-11-12T18:39:21.545+0100][gc,cpu        ] GC(800) User=0,05s Sys=0,03s Real=0,01s
[2023-11-12T18:39:22.865+0100][gc,start      ] GC(801) Pause Young (Normal) (G1 Evacuation Pause)
[2023-11-12T18:39:22.865+0100][gc,task       ] GC(801) Using 13 workers of 13 for evacuation
[2023-11-12T18:39:22.874+0100][gc,phases     ] GC(801)   Pre Evacuate Collection Set: 0,0ms
[2023-11-12T18:39:22.875+0100][gc,phases     ] GC(801)   Evacuate Collection Set: 8,5ms
[2023-11-12T18:39:22.875+0100][gc,phases     ] GC(801)   Post Evacuate Collection Set: 0,5ms
[2023-11-12T18:39:22.875+0100][gc,phases     ] GC(801)   Other: 0,2ms
[2023-11-12T18:39:22.875+0100][gc,heap       ] GC(801) Eden regions: 597->0(593)
[2023-11-12T18:39:22.875+0100][gc,heap       ] GC(801) Survivor regions: 17->21(77)
[2023-11-12T18:39:22.875+0100][gc,heap       ] GC(801) Old regions: 139->139
[2023-11-12T18:39:22.875+0100][gc,heap       ] GC(801) Humongous regions: 129->129
[2023-11-12T18:39:22.875+0100][gc,metaspace  ] GC(801) Metaspace: 47980K(51968K)->47980K(51968K) NonClass: 42050K(44288K)->42050K(44288K) Class: 5930K(7680K)->5930K(7680K)
[2023-11-12T18:39:22.875+0100][gc            ] GC(801) Pause Young (Normal) (G1 Evacuation Pause) 880M->287M(1024M) 9,315ms
[2023-11-12T18:39:22.875+0100][gc,cpu        ] GC(801) User=0,03s Sys=0,03s Real=0,01s
[2023-11-12T18:39:24.120+0100][gc,start      ] GC(802) Pause Young (Normal) (G1 Evacuation Pause)
[2023-11-12T18:39:24.120+0100][gc,task       ] GC(802) Using 13 workers of 13 for evacuation
[2023-11-12T18:39:24.130+0100][gc,phases     ] GC(802)   Pre Evacuate Collection Set: 0,0ms
[2023-11-12T18:39:24.130+0100][gc,phases     ] GC(802)   Evacuate Collection Set: 9,2ms
[2023-11-12T18:39:24.130+0100][gc,phases     ] GC(802)   Post Evacuate Collection Set: 0,6ms
[2023-11-12T18:39:24.130+0100][gc,phases     ] GC(802)   Other: 0,2ms
[2023-11-12T18:39:24.130+0100][gc,heap       ] GC(802) Eden regions: 593->0(591)
[2023-11-12T18:39:24.130+0100][gc,heap       ] GC(802) Survivor regions: 21->23(77)
[2023-11-12T18:39:24.130+0100][gc,heap       ] GC(802) Old regions: 139->139
[2023-11-12T18:39:24.130+0100][gc,heap       ] GC(802) Humongous regions: 129->129
[2023-11-12T18:39:24.130+0100][gc,metaspace  ] GC(802) Metaspace: 47980K(51968K)->47980K(51968K) NonClass: 42050K(44288K)->42050K(44288K) Class: 5930K(7680K)->5930K(7680K)
[2023-11-12T18:39:24.130+0100][gc            ] GC(802) Pause Young (Normal) (G1 Evacuation Pause) 880M->289M(1024M) 10,164ms
[2023-11-12T18:39:24.130+0100][gc,cpu        ] GC(802) User=0,11s Sys=0,00s Real=0,01s
[2023-11-12T18:39:25.418+0100][gc,start      ] GC(803) Pause Young (Normal) (G1 Evacuation Pause)
[2023-11-12T18:39:25.418+0100][gc,task       ] GC(803) Using 13 workers of 13 for evacuation
[2023-11-12T18:39:25.428+0100][gc,phases     ] GC(803)   Pre Evacuate Collection Set: 0,0ms
[2023-11-12T18:39:25.428+0100][gc,phases     ] GC(803)   Evacuate Collection Set: 8,8ms
[2023-11-12T18:39:25.428+0100][gc,phases     ] GC(803)   Post Evacuate Collection Set: 0,6ms
[2023-11-12T18:39:25.428+0100][gc,phases     ] GC(803)   Other: 0,2ms
[2023-11-12T18:39:25.428+0100][gc,heap       ] GC(803) Eden regions: 591->0(588)
[2023-11-12T18:39:25.428+0100][gc,heap       ] GC(803) Survivor regions: 23->26(77)
[2023-11-12T18:39:25.428+0100][gc,heap       ] GC(803) Old regions: 139->140
[2023-11-12T18:39:25.428+0100][gc,heap       ] GC(803) Humongous regions: 129->129
[2023-11-12T18:39:25.428+0100][gc,metaspace  ] GC(803) Metaspace: 47980K(51968K)->47980K(51968K) NonClass: 42050K(44288K)->42050K(44288K) Class: 5930K(7680K)->5930K(7680K)
[2023-11-12T18:39:25.428+0100][gc            ] GC(803) Pause Young (Normal) (G1 Evacuation Pause) 880M->292M(1024M) 9,699ms
[2023-11-12T18:39:25.428+0100][gc,cpu        ] GC(803) User=0,07s Sys=0,02s Real=0,01s
[2023-11-12T18:39:26.833+0100][gc,start      ] GC(804) Pause Young (Normal) (G1 Evacuation Pause)
[2023-11-12T18:39:26.833+0100][gc,task       ] GC(804) Using 13 workers of 13 for evacuation
[2023-11-12T18:39:26.844+0100][gc,phases     ] GC(804)   Pre Evacuate Collection Set: 0,0ms
[2023-11-12T18:39:26.844+0100][gc,phases     ] GC(804)   Evacuate Collection Set: 10,2ms
[2023-11-12T18:39:26.844+0100][gc,phases     ] GC(804)   Post Evacuate Collection Set: 0,6ms
[2023-11-12T18:39:26.844+0100][gc,phases     ] GC(804)   Other: 0,3ms
[2023-11-12T18:39:26.844+0100][gc,heap       ] GC(804) Eden regions: 588->0(586)
[2023-11-12T18:39:26.844+0100][gc,heap       ] GC(804) Survivor regions: 26->28(77)
[2023-11-12T18:39:26.844+0100][gc,heap       ] GC(804) Old regions: 140->140
[2023-11-12T18:39:26.845+0100][gc,heap       ] GC(804) Humongous regions: 129->129
[2023-11-12T18:39:26.845+0100][gc,metaspace  ] GC(804) Metaspace: 47980K(51968K)->47980K(51968K) NonClass: 42050K(44288K)->42050K(44288K) Class: 5930K(7680K)->5930K(7680K)
[2023-11-12T18:39:26.845+0100][gc            ] GC(804) Pause Young (Normal) (G1 Evacuation Pause) 880M->294M(1024M) 11,296ms
[2023-11-12T18:39:26.845+0100][gc,cpu        ] GC(804) User=0,09s Sys=0,02s Real=0,01s
[2023-11-12T18:39:28.263+0100][gc,start      ] GC(805) Pause Young (Normal) (G1 Evacuation Pause)
[2023-11-12T18:39:28.263+0100][gc,task       ] GC(805) Using 13 workers of 13 for evacuation
[2023-11-12T18:39:28.273+0100][gc,phases     ] GC(805)   Pre Evacuate Collection Set: 0,0ms
[2023-11-12T18:39:28.273+0100][gc,phases     ] GC(805)   Evacuate Collection Set: 9,5ms
[2023-11-12T18:39:28.273+0100][gc,phases     ] GC(805)   Post Evacuate Collection Set: 0,6ms
[2023-11-12T18:39:28.273+0100][gc,phases     ] GC(805)   Other: 0,2ms
[2023-11-12T18:39:28.273+0100][gc,heap       ] GC(805) Eden regions: 586->0(584)
[2023-11-12T18:39:28.273+0100][gc,heap       ] GC(805) Survivor regions: 28->30(77)
[2023-11-12T18:39:28.273+0100][gc,heap       ] GC(805) Old regions: 140->140
[2023-11-12T18:39:28.273+0100][gc,heap       ] GC(805) Humongous regions: 129->129
[2023-11-12T18:39:28.273+0100][gc,metaspace  ] GC(805) Metaspace: 47980K(51968K)->47980K(51968K) NonClass: 42050K(44288K)->42050K(44288K) Class: 5930K(7680K)->5930K(7680K)
[2023-11-12T18:39:28.273+0100][gc            ] GC(805) Pause Young (Normal) (G1 Evacuation Pause) 880M->296M(1024M) 10,432ms
[2023-11-12T18:39:28.273+0100][gc,cpu        ] GC(805) User=0,10s Sys=0,01s Real=0,00s
[2023-11-12T18:39:29.618+0100][gc,start      ] GC(806) Pause Young (Normal) (G1 Evacuation Pause)
[2023-11-12T18:39:29.618+0100][gc,task       ] GC(806) Using 13 workers of 13 for evacuation
[2023-11-12T18:39:29.623+0100][gc,phases     ] GC(806)   Pre Evacuate Collection Set: 0,0ms
[2023-11-12T18:39:29.623+0100][gc,phases     ] GC(806)   Evacuate Collection Set: 4,0ms
[2023-11-12T18:39:29.623+0100][gc,phases     ] GC(806)   Post Evacuate Collection Set: 0,5ms
[2023-11-12T18:39:29.623+0100][gc,phases     ] GC(806)   Other: 0,2ms
[2023-11-12T18:39:29.623+0100][gc,heap       ] GC(806) Eden regions: 584->0(607)
[2023-11-12T18:39:29.623+0100][gc,heap       ] GC(806) Survivor regions: 30->7(77)
[2023-11-12T18:39:29.623+0100][gc,heap       ] GC(806) Old regions: 140->140
[2023-11-12T18:39:29.623+0100][gc,heap       ] GC(806) Humongous regions: 129->129
[2023-11-12T18:39:29.623+0100][gc,metaspace  ] GC(806) Metaspace: 47980K(51968K)->47980K(51968K) NonClass: 42050K(44288K)->42050K(44288K) Class: 5930K(7680K)->5930K(7680K)
[2023-11-12T18:39:29.623+0100][gc            ] GC(806) Pause Young (Normal) (G1 Evacuation Pause) 880M->274M(1024M) 4,824ms
[2023-11-12T18:39:29.623+0100][gc,cpu        ] GC(806) User=0,03s Sys=0,02s Real=0,01s
[2023-11-12T18:39:31.054+0100][gc,start      ] GC(807) Pause Young (Normal) (G1 Evacuation Pause)
[2023-11-12T18:39:31.054+0100][gc,task       ] GC(807) Using 13 workers of 13 for evacuation
[2023-11-12T18:39:31.060+0100][gc,phases     ] GC(807)   Pre Evacuate Collection Set: 0,0ms
[2023-11-12T18:39:31.060+0100][gc,phases     ] GC(807)   Evacuate Collection Set: 4,8ms
[2023-11-12T18:39:31.060+0100][gc,phases     ] GC(807)   Post Evacuate Collection Set: 0,7ms
[2023-11-12T18:39:31.060+0100][gc,phases     ] GC(807)   Other: 0,2ms
[2023-11-12T18:39:31.060+0100][gc,heap       ] GC(807) Eden regions: 607->0(605)
[2023-11-12T18:39:31.060+0100][gc,heap       ] GC(807) Survivor regions: 7->9(77)
[2023-11-12T18:39:31.060+0100][gc,heap       ] GC(807) Old regions: 140->140
[2023-11-12T18:39:31.060+0100][gc,heap       ] GC(807) Humongous regions: 129->129
[2023-11-12T18:39:31.060+0100][gc,metaspace  ] GC(807) Metaspace: 47980K(51968K)->47980K(51968K) NonClass: 42050K(44288K)->42050K(44288K) Class: 5930K(7680K)->5930K(7680K)
[2023-11-12T18:39:31.060+0100][gc            ] GC(807) Pause Young (Normal) (G1 Evacuation Pause) 881M->276M(1024M) 5,944ms
[2023-11-12T18:39:31.060+0100][gc,cpu        ] GC(807) User=0,06s Sys=0,00s Real=0,00s
[2023-11-12T18:39:32.610+0100][gc,start      ] GC(808) Pause Young (Normal) (G1 Evacuation Pause)
[2023-11-12T18:39:32.610+0100][gc,task       ] GC(808) Using 13 workers of 13 for evacuation
[2023-11-12T18:39:32.617+0100][gc,phases     ] GC(808)   Pre Evacuate Collection Set: 0,0ms
[2023-11-12T18:39:32.617+0100][gc,phases     ] GC(808)   Evacuate Collection Set: 6,0ms
[2023-11-12T18:39:32.617+0100][gc,phases     ] GC(808)   Post Evacuate Collection Set: 0,7ms
[2023-11-12T18:39:32.617+0100][gc,phases     ] GC(808)   Other: 0,3ms
[2023-11-12T18:39:32.617+0100][gc,heap       ] GC(808) Eden regions: 605->0(602)
[2023-11-12T18:39:32.617+0100][gc,heap       ] GC(808) Survivor regions: 9->12(77)
[2023-11-12T18:39:32.617+0100][gc,heap       ] GC(808) Old regions: 140->140
[2023-11-12T18:39:32.617+0100][gc,heap       ] GC(808) Humongous regions: 129->129
[2023-11-12T18:39:32.617+0100][gc,metaspace  ] GC(808) Metaspace: 47980K(51968K)->47980K(51968K) NonClass: 42050K(44288K)->42050K(44288K) Class: 5930K(7680K)->5930K(7680K)
[2023-11-12T18:39:32.617+0100][gc            ] GC(808) Pause Young (Normal) (G1 Evacuation Pause) 881M->278M(1024M) 7,047ms
[2023-11-12T18:39:32.617+0100][gc,cpu        ] GC(808) User=0,06s Sys=0,02s Real=0,01s
[2023-11-12T18:39:34.101+0100][gc,start      ] GC(809) Pause Young (Normal) (G1 Evacuation Pause)
[2023-11-12T18:39:34.101+0100][gc,task       ] GC(809) Using 13 workers of 13 for evacuation
[2023-11-12T18:39:34.108+0100][gc,phases     ] GC(809)   Pre Evacuate Collection Set: 0,0ms
[2023-11-12T18:39:34.108+0100][gc,phases     ] GC(809)   Evacuate Collection Set: 6,1ms
[2023-11-12T18:39:34.108+0100][gc,phases     ] GC(809)   Post Evacuate Collection Set: 0,5ms
[2023-11-12T18:39:34.108+0100][gc,phases     ] GC(809)   Other: 0,2ms
[2023-11-12T18:39:34.108+0100][gc,heap       ] GC(809) Eden regions: 602->0(599)
[2023-11-12T18:39:34.108+0100][gc,heap       ] GC(809) Survivor regions: 12->15(77)
[2023-11-12T18:39:34.108+0100][gc,heap       ] GC(809) Old regions: 140->141
[2023-11-12T18:39:34.108+0100][gc,heap       ] GC(809) Humongous regions: 129->129
[2023-11-12T18:39:34.108+0100][gc,metaspace  ] GC(809) Metaspace: 47980K(51968K)->47980K(51968K) NonClass: 42050K(44288K)->42050K(44288K) Class: 5930K(7680K)->5930K(7680K)
[2023-11-12T18:39:34.108+0100][gc            ] GC(809) Pause Young (Normal) (G1 Evacuation Pause) 880M->281M(1024M) 7,043ms
[2023-11-12T18:39:34.108+0100][gc,cpu        ] GC(809) User=0,06s Sys=0,01s Real=0,01s
[2023-11-12T18:39:35.533+0100][gc,start      ] GC(810) Pause Young (Normal) (G1 Evacuation Pause)
[2023-11-12T18:39:35.533+0100][gc,task       ] GC(810) Using 13 workers of 13 for evacuation
[2023-11-12T18:39:35.541+0100][gc,phases     ] GC(810)   Pre Evacuate Collection Set: 0,0ms
[2023-11-12T18:39:35.541+0100][gc,phases     ] GC(810)   Evacuate Collection Set: 6,5ms
[2023-11-12T18:39:35.541+0100][gc,phases     ] GC(810)   Post Evacuate Collection Set: 0,6ms
[2023-11-12T18:39:35.541+0100][gc,phases     ] GC(810)   Other: 0,3ms
[2023-11-12T18:39:35.541+0100][gc,heap       ] GC(810) Eden regions: 599->0(597)
[2023-11-12T18:39:35.541+0100][gc,heap       ] GC(810) Survivor regions: 15->17(77)
[2023-11-12T18:39:35.541+0100][gc,heap       ] GC(810) Old regions: 141->141
[2023-11-12T18:39:35.541+0100][gc,heap       ] GC(810) Humongous regions: 129->129
[2023-11-12T18:39:35.541+0100][gc,metaspace  ] GC(810) Metaspace: 47980K(51968K)->47980K(51968K) NonClass: 42050K(44288K)->42050K(44288K) Class: 5930K(7680K)->5930K(7680K)
[2023-11-12T18:39:35.541+0100][gc            ] GC(810) Pause Young (Normal) (G1 Evacuation Pause) 880M->284M(1024M) 7,511ms
[2023-11-12T18:39:35.541+0100][gc,cpu        ] GC(810) User=0,07s Sys=0,02s Real=0,00s
[2023-11-12T18:39:36.906+0100][gc,start      ] GC(811) Pause Young (Normal) (G1 Evacuation Pause)
[2023-11-12T18:39:36.906+0100][gc,task       ] GC(811) Using 13 workers of 13 for evacuation
[2023-11-12T18:39:36.913+0100][gc,phases     ] GC(811)   Pre Evacuate Collection Set: 0,0ms
[2023-11-12T18:39:36.913+0100][gc,phases     ] GC(811)   Evacuate Collection Set: 6,9ms
[2023-11-12T18:39:36.913+0100][gc,phases     ] GC(811)   Post Evacuate Collection Set: 0,6ms
[2023-11-12T18:39:36.913+0100][gc,phases     ] GC(811)   Other: 0,2ms
[2023-11-12T18:39:36.913+0100][gc,heap       ] GC(811) Eden regions: 597->0(594)
[2023-11-12T18:39:36.913+0100][gc,heap       ] GC(811) Survivor regions: 17->20(77)
[2023-11-12T18:39:36.913+0100][gc,heap       ] GC(811) Old regions: 141->141
[2023-11-12T18:39:36.913+0100][gc,heap       ] GC(811) Humongous regions: 129->129
[2023-11-12T18:39:36.913+0100][gc,metaspace  ] GC(811) Metaspace: 47980K(51968K)->47980K(51968K) NonClass: 42050K(44288K)->42050K(44288K) Class: 5930K(7680K)->5930K(7680K)
[2023-11-12T18:39:36.913+0100][gc            ] GC(811) Pause Young (Normal) (G1 Evacuation Pause) 881M->287M(1024M) 7,796ms
[2023-11-12T18:39:36.914+0100][gc,cpu        ] GC(811) User=0,09s Sys=0,01s Real=0,01s
[2023-11-12T18:39:38.277+0100][gc,start      ] GC(812) Pause Young (Normal) (G1 Evacuation Pause)
[2023-11-12T18:39:38.277+0100][gc,task       ] GC(812) Using 13 workers of 13 for evacuation
[2023-11-12T18:39:38.286+0100][gc,phases     ] GC(812)   Pre Evacuate Collection Set: 0,0ms
[2023-11-12T18:39:38.286+0100][gc,phases     ] GC(812)   Evacuate Collection Set: 8,1ms
[2023-11-12T18:39:38.286+0100][gc,phases     ] GC(812)   Post Evacuate Collection Set: 0,6ms
[2023-11-12T18:39:38.286+0100][gc,phases     ] GC(812)   Other: 0,2ms
[2023-11-12T18:39:38.286+0100][gc,heap       ] GC(812) Eden regions: 594->0(591)
[2023-11-12T18:39:38.286+0100][gc,heap       ] GC(812) Survivor regions: 20->23(77)
[2023-11-12T18:39:38.286+0100][gc,heap       ] GC(812) Old regions: 141->141
[2023-11-12T18:39:38.286+0100][gc,heap       ] GC(812) Humongous regions: 129->129
[2023-11-12T18:39:38.286+0100][gc,metaspace  ] GC(812) Metaspace: 47980K(51968K)->47980K(51968K) NonClass: 42050K(44288K)->42050K(44288K) Class: 5930K(7680K)->5930K(7680K)
[2023-11-12T18:39:38.286+0100][gc            ] GC(812) Pause Young (Normal) (G1 Evacuation Pause) 881M->290M(1024M) 9,060ms
[2023-11-12T18:39:38.286+0100][gc,cpu        ] GC(812) User=0,09s Sys=0,01s Real=0,01s
[2023-11-12T18:39:39.744+0100][gc,start      ] GC(813) Pause Young (Normal) (G1 Evacuation Pause)
[2023-11-12T18:39:39.744+0100][gc,task       ] GC(813) Using 13 workers of 13 for evacuation
[2023-11-12T18:39:39.753+0100][gc,phases     ] GC(813)   Pre Evacuate Collection Set: 0,0ms
[2023-11-12T18:39:39.753+0100][gc,phases     ] GC(813)   Evacuate Collection Set: 8,2ms
[2023-11-12T18:39:39.753+0100][gc,phases     ] GC(813)   Post Evacuate Collection Set: 0,7ms
[2023-11-12T18:39:39.753+0100][gc,phases     ] GC(813)   Other: 0,3ms
[2023-11-12T18:39:39.753+0100][gc,heap       ] GC(813) Eden regions: 591->0(588)
[2023-11-12T18:39:39.753+0100][gc,heap       ] GC(813) Survivor regions: 23->26(77)
[2023-11-12T18:39:39.753+0100][gc,heap       ] GC(813) Old regions: 141->141
[2023-11-12T18:39:39.753+0100][gc,heap       ] GC(813) Humongous regions: 129->129
[2023-11-12T18:39:39.753+0100][gc,metaspace  ] GC(813) Metaspace: 47980K(51968K)->47980K(51968K) NonClass: 42050K(44288K)->42050K(44288K) Class: 5930K(7680K)->5930K(7680K)
[2023-11-12T18:39:39.753+0100][gc            ] GC(813) Pause Young (Normal) (G1 Evacuation Pause) 881M->293M(1024M) 9,296ms
[2023-11-12T18:39:39.753+0100][gc,cpu        ] GC(813) User=0,10s Sys=0,01s Real=0,01s
[2023-11-12T18:39:41.157+0100][gc,start      ] GC(814) Pause Young (Normal) (G1 Evacuation Pause)
[2023-11-12T18:39:41.157+0100][gc,task       ] GC(814) Using 13 workers of 13 for evacuation
[2023-11-12T18:39:41.166+0100][gc,phases     ] GC(814)   Pre Evacuate Collection Set: 0,0ms
[2023-11-12T18:39:41.167+0100][gc,phases     ] GC(814)   Evacuate Collection Set: 9,0ms
[2023-11-12T18:39:41.167+0100][gc,phases     ] GC(814)   Post Evacuate Collection Set: 0,6ms
[2023-11-12T18:39:41.167+0100][gc,phases     ] GC(814)   Other: 0,2ms
[2023-11-12T18:39:41.167+0100][gc,heap       ] GC(814) Eden regions: 588->0(585)
[2023-11-12T18:39:41.167+0100][gc,heap       ] GC(814) Survivor regions: 26->29(77)
[2023-11-12T18:39:41.167+0100][gc,heap       ] GC(814) Old regions: 141->141
[2023-11-12T18:39:41.167+0100][gc,heap       ] GC(814) Humongous regions: 129->129
[2023-11-12T18:39:41.167+0100][gc,metaspace  ] GC(814) Metaspace: 47980K(51968K)->47980K(51968K) NonClass: 42050K(44288K)->42050K(44288K) Class: 5930K(7680K)->5930K(7680K)
[2023-11-12T18:39:41.167+0100][gc            ] GC(814) Pause Young (Normal) (G1 Evacuation Pause) 881M->297M(1024M) 9,924ms
[2023-11-12T18:39:41.167+0100][gc,cpu        ] GC(814) User=0,12s Sys=0,00s Real=0,01s
[2023-11-12T18:39:42.574+0100][gc,start      ] GC(815) Pause Young (Normal) (G1 Evacuation Pause)
[2023-11-12T18:39:42.574+0100][gc,task       ] GC(815) Using 13 workers of 13 for evacuation
[2023-11-12T18:39:42.584+0100][gc,phases     ] GC(815)   Pre Evacuate Collection Set: 0,0ms
[2023-11-12T18:39:42.584+0100][gc,phases     ] GC(815)   Evacuate Collection Set: 9,3ms
[2023-11-12T18:39:42.584+0100][gc,phases     ] GC(815)   Post Evacuate Collection Set: 0,6ms
[2023-11-12T18:39:42.584+0100][gc,phases     ] GC(815)   Other: 0,2ms
[2023-11-12T18:39:42.584+0100][gc,heap       ] GC(815) Eden regions: 585->0(582)
[2023-11-12T18:39:42.584+0100][gc,heap       ] GC(815) Survivor regions: 29->32(77)
[2023-11-12T18:39:42.584+0100][gc,heap       ] GC(815) Old regions: 141->141
[2023-11-12T18:39:42.584+0100][gc,heap       ] GC(815) Humongous regions: 129->129
[2023-11-12T18:39:42.584+0100][gc,metaspace  ] GC(815) Metaspace: 47980K(51968K)->47980K(51968K) NonClass: 42050K(44288K)->42050K(44288K) Class: 5930K(7680K)->5930K(7680K)
[2023-11-12T18:39:42.584+0100][gc            ] GC(815) Pause Young (Normal) (G1 Evacuation Pause) 882M->300M(1024M) 10,215ms
[2023-11-12T18:39:42.584+0100][gc,cpu        ] GC(815) User=0,11s Sys=0,00s Real=0,01s
[2023-11-12T18:39:43.920+0100][gc,start      ] GC(816) Pause Young (Normal) (G1 Evacuation Pause)
[2023-11-12T18:39:43.920+0100][gc,task       ] GC(816) Using 13 workers of 13 for evacuation
[2023-11-12T18:39:43.924+0100][gc,phases     ] GC(816)   Pre Evacuate Collection Set: 0,0ms
[2023-11-12T18:39:43.924+0100][gc,phases     ] GC(816)   Evacuate Collection Set: 3,1ms
[2023-11-12T18:39:43.924+0100][gc,phases     ] GC(816)   Post Evacuate Collection Set: 0,6ms
[2023-11-12T18:39:43.924+0100][gc,phases     ] GC(816)   Other: 0,2ms
[2023-11-12T18:39:43.924+0100][gc,heap       ] GC(816) Eden regions: 582->0(609)
[2023-11-12T18:39:43.924+0100][gc,heap       ] GC(816) Survivor regions: 32->5(77)
[2023-11-12T18:39:43.924+0100][gc,heap       ] GC(816) Old regions: 141->141
[2023-11-12T18:39:43.924+0100][gc,heap       ] GC(816) Humongous regions: 129->129
[2023-11-12T18:39:43.924+0100][gc,metaspace  ] GC(816) Metaspace: 47980K(51968K)->47980K(51968K) NonClass: 42050K(44288K)->42050K(44288K) Class: 5930K(7680K)->5930K(7680K)
[2023-11-12T18:39:43.924+0100][gc            ] GC(816) Pause Young (Normal) (G1 Evacuation Pause) 882M->273M(1024M) 4,025ms
[2023-11-12T18:39:43.924+0100][gc,cpu        ] GC(816) User=0,03s Sys=0,00s Real=0,01s
[2023-11-12T18:39:45.323+0100][gc,start      ] GC(817) Pause Young (Normal) (G1 Evacuation Pause)
[2023-11-12T18:39:45.323+0100][gc,task       ] GC(817) Using 13 workers of 13 for evacuation
[2023-11-12T18:39:45.327+0100][gc,phases     ] GC(817)   Pre Evacuate Collection Set: 0,0ms
[2023-11-12T18:39:45.327+0100][gc,phases     ] GC(817)   Evacuate Collection Set: 4,1ms
[2023-11-12T18:39:45.328+0100][gc,phases     ] GC(817)   Post Evacuate Collection Set: 0,6ms
[2023-11-12T18:39:45.328+0100][gc,phases     ] GC(817)   Other: 0,2ms
[2023-11-12T18:39:45.328+0100][gc,heap       ] GC(817) Eden regions: 609->0(608)
[2023-11-12T18:39:45.328+0100][gc,heap       ] GC(817) Survivor regions: 5->6(77)
[2023-11-12T18:39:45.328+0100][gc,heap       ] GC(817) Old regions: 141->142
[2023-11-12T18:39:45.328+0100][gc,heap       ] GC(817) Humongous regions: 129->129
[2023-11-12T18:39:45.328+0100][gc,metaspace  ] GC(817) Metaspace: 47980K(51968K)->47980K(51968K) NonClass: 42050K(44288K)->42050K(44288K) Class: 5930K(7680K)->5930K(7680K)
[2023-11-12T18:39:45.328+0100][gc            ] GC(817) Pause Young (Normal) (G1 Evacuation Pause) 882M->274M(1024M) 5,049ms
[2023-11-12T18:39:45.328+0100][gc,cpu        ] GC(817) User=0,04s Sys=0,00s Real=0,00s
[2023-11-12T18:39:46.817+0100][gc,start      ] GC(818) Pause Young (Normal) (G1 Evacuation Pause)
[2023-11-12T18:39:46.817+0100][gc,task       ] GC(818) Using 13 workers of 13 for evacuation
[2023-11-12T18:39:46.822+0100][gc,phases     ] GC(818)   Pre Evacuate Collection Set: 0,0ms
[2023-11-12T18:39:46.822+0100][gc,phases     ] GC(818)   Evacuate Collection Set: 4,5ms
[2023-11-12T18:39:46.822+0100][gc,phases     ] GC(818)   Post Evacuate Collection Set: 0,5ms
[2023-11-12T18:39:46.822+0100][gc,phases     ] GC(818)   Other: 0,2ms
[2023-11-12T18:39:46.822+0100][gc,heap       ] GC(818) Eden regions: 608->0(605)
[2023-11-12T18:39:46.822+0100][gc,heap       ] GC(818) Survivor regions: 6->9(77)
[2023-11-12T18:39:46.822+0100][gc,heap       ] GC(818) Old regions: 142->142
[2023-11-12T18:39:46.822+0100][gc,heap       ] GC(818) Humongous regions: 129->129
[2023-11-12T18:39:46.822+0100][gc,metaspace  ] GC(818) Metaspace: 47980K(51968K)->47980K(51968K) NonClass: 42050K(44288K)->42050K(44288K) Class: 5930K(7680K)->5930K(7680K)
[2023-11-12T18:39:46.822+0100][gc            ] GC(818) Pause Young (Normal) (G1 Evacuation Pause) 882M->277M(1024M) 5,388ms
[2023-11-12T18:39:46.822+0100][gc,cpu        ] GC(818) User=0,05s Sys=0,00s Real=0,01s
[2023-11-12T18:39:48.174+0100][gc,start      ] GC(819) Pause Young (Normal) (G1 Evacuation Pause)
[2023-11-12T18:39:48.174+0100][gc,task       ] GC(819) Using 13 workers of 13 for evacuation
[2023-11-12T18:39:48.179+0100][gc,phases     ] GC(819)   Pre Evacuate Collection Set: 0,0ms
[2023-11-12T18:39:48.179+0100][gc,phases     ] GC(819)   Evacuate Collection Set: 4,3ms
[2023-11-12T18:39:48.179+0100][gc,phases     ] GC(819)   Post Evacuate Collection Set: 0,6ms
[2023-11-12T18:39:48.179+0100][gc,phases     ] GC(819)   Other: 0,2ms
[2023-11-12T18:39:48.179+0100][gc,heap       ] GC(819) Eden regions: 605->0(603)
[2023-11-12T18:39:48.179+0100][gc,heap       ] GC(819) Survivor regions: 9->11(77)
[2023-11-12T18:39:48.179+0100][gc,heap       ] GC(819) Old regions: 142->142
[2023-11-12T18:39:48.179+0100][gc,heap       ] GC(819) Humongous regions: 129->129
[2023-11-12T18:39:48.179+0100][gc,metaspace  ] GC(819) Metaspace: 47980K(51968K)->47980K(51968K) NonClass: 42050K(44288K)->42050K(44288K) Class: 5930K(7680K)->5930K(7680K)
[2023-11-12T18:39:48.179+0100][gc            ] GC(819) Pause Young (Normal) (G1 Evacuation Pause) 882M->280M(1024M) 5,204ms
[2023-11-12T18:39:48.179+0100][gc,cpu        ] GC(819) User=0,04s Sys=0,01s Real=0,00s
[2023-11-12T18:39:49.543+0100][gc,start      ] GC(820) Pause Young (Normal) (G1 Evacuation Pause)
[2023-11-12T18:39:49.543+0100][gc,task       ] GC(820) Using 13 workers of 13 for evacuation
[2023-11-12T18:39:49.549+0100][gc,phases     ] GC(820)   Pre Evacuate Collection Set: 0,0ms
[2023-11-12T18:39:49.549+0100][gc,phases     ] GC(820)   Evacuate Collection Set: 4,9ms
[2023-11-12T18:39:49.549+0100][gc,phases     ] GC(820)   Post Evacuate Collection Set: 0,8ms
[2023-11-12T18:39:49.549+0100][gc,phases     ] GC(820)   Other: 0,2ms
[2023-11-12T18:39:49.549+0100][gc,heap       ] GC(820) Eden regions: 603->0(600)
[2023-11-12T18:39:49.549+0100][gc,heap       ] GC(820) Survivor regions: 11->14(77)
[2023-11-12T18:39:49.549+0100][gc,heap       ] GC(820) Old regions: 142->142
[2023-11-12T18:39:49.549+0100][gc,heap       ] GC(820) Humongous regions: 129->129
[2023-11-12T18:39:49.549+0100][gc,metaspace  ] GC(820) Metaspace: 47980K(51968K)->47980K(51968K) NonClass: 42050K(44288K)->42050K(44288K) Class: 5930K(7680K)->5930K(7680K)
[2023-11-12T18:39:49.549+0100][gc            ] GC(820) Pause Young (Normal) (G1 Evacuation Pause) 883M->283M(1024M) 6,139ms
[2023-11-12T18:39:49.549+0100][gc,cpu        ] GC(820) User=0,06s Sys=0,01s Real=0,00s
[2023-11-12T18:39:50.928+0100][gc,start      ] GC(821) Pause Young (Normal) (G1 Evacuation Pause)
[2023-11-12T18:39:50.928+0100][gc,task       ] GC(821) Using 13 workers of 13 for evacuation
[2023-11-12T18:39:50.934+0100][gc,phases     ] GC(821)   Pre Evacuate Collection Set: 0,0ms
[2023-11-12T18:39:50.934+0100][gc,phases     ] GC(821)   Evacuate Collection Set: 5,7ms
[2023-11-12T18:39:50.934+0100][gc,phases     ] GC(821)   Post Evacuate Collection Set: 0,5ms
[2023-11-12T18:39:50.934+0100][gc,phases     ] GC(821)   Other: 0,2ms
[2023-11-12T18:39:50.934+0100][gc,heap       ] GC(821) Eden regions: 600->0(597)
[2023-11-12T18:39:50.934+0100][gc,heap       ] GC(821) Survivor regions: 14->17(77)
[2023-11-12T18:39:50.934+0100][gc,heap       ] GC(821) Old regions: 142->142
[2023-11-12T18:39:50.934+0100][gc,heap       ] GC(821) Humongous regions: 129->129
[2023-11-12T18:39:50.934+0100][gc,metaspace  ] GC(821) Metaspace: 47980K(51968K)->47980K(51968K) NonClass: 42050K(44288K)->42050K(44288K) Class: 5930K(7680K)->5930K(7680K)
[2023-11-12T18:39:50.934+0100][gc            ] GC(821) Pause Young (Normal) (G1 Evacuation Pause) 883M->285M(1024M) 6,525ms
[2023-11-12T18:39:50.934+0100][gc,cpu        ] GC(821) User=0,07s Sys=0,00s Real=0,01s
[2023-11-12T18:39:52.372+0100][gc,start      ] GC(822) Pause Young (Normal) (G1 Evacuation Pause)
[2023-11-12T18:39:52.372+0100][gc,task       ] GC(822) Using 13 workers of 13 for evacuation
[2023-11-12T18:39:52.379+0100][gc,phases     ] GC(822)   Pre Evacuate Collection Set: 0,0ms
[2023-11-12T18:39:52.379+0100][gc,phases     ] GC(822)   Evacuate Collection Set: 6,2ms
[2023-11-12T18:39:52.379+0100][gc,phases     ] GC(822)   Post Evacuate Collection Set: 0,6ms
[2023-11-12T18:39:52.379+0100][gc,phases     ] GC(822)   Other: 0,2ms
[2023-11-12T18:39:52.379+0100][gc,heap       ] GC(822) Eden regions: 597->0(594)
[2023-11-12T18:39:52.379+0100][gc,heap       ] GC(822) Survivor regions: 17->20(77)
[2023-11-12T18:39:52.379+0100][gc,heap       ] GC(822) Old regions: 142->142
[2023-11-12T18:39:52.379+0100][gc,heap       ] GC(822) Humongous regions: 129->129
[2023-11-12T18:39:52.379+0100][gc,metaspace  ] GC(822) Metaspace: 47980K(51968K)->47980K(51968K) NonClass: 42050K(44288K)->42050K(44288K) Class: 5930K(7680K)->5930K(7680K)
[2023-11-12T18:39:52.379+0100][gc            ] GC(822) Pause Young (Normal) (G1 Evacuation Pause) 882M->288M(1024M) 7,077ms
[2023-11-12T18:39:52.379+0100][gc,cpu        ] GC(822) User=0,08s Sys=0,00s Real=0,01s
[2023-11-12T18:39:53.822+0100][gc,start      ] GC(823) Pause Young (Normal) (G1 Evacuation Pause)
[2023-11-12T18:39:53.822+0100][gc,task       ] GC(823) Using 13 workers of 13 for evacuation
[2023-11-12T18:39:53.830+0100][gc,phases     ] GC(823)   Pre Evacuate Collection Set: 0,0ms
[2023-11-12T18:39:53.830+0100][gc,phases     ] GC(823)   Evacuate Collection Set: 7,4ms
[2023-11-12T18:39:53.830+0100][gc,phases     ] GC(823)   Post Evacuate Collection Set: 0,7ms
[2023-11-12T18:39:53.830+0100][gc,phases     ] GC(823)   Other: 0,2ms
[2023-11-12T18:39:53.830+0100][gc,heap       ] GC(823) Eden regions: 594->0(591)
[2023-11-12T18:39:53.830+0100][gc,heap       ] GC(823) Survivor regions: 20->23(77)
[2023-11-12T18:39:53.830+0100][gc,heap       ] GC(823) Old regions: 142->142
[2023-11-12T18:39:53.830+0100][gc,heap       ] GC(823) Humongous regions: 129->129
[2023-11-12T18:39:53.830+0100][gc,metaspace  ] GC(823) Metaspace: 47980K(51968K)->47980K(51968K) NonClass: 42050K(44288K)->42050K(44288K) Class: 5930K(7680K)->5930K(7680K)
[2023-11-12T18:39:53.830+0100][gc            ] GC(823) Pause Young (Normal) (G1 Evacuation Pause) 882M->291M(1024M) 8,474ms
[2023-11-12T18:39:53.830+0100][gc,cpu        ] GC(823) User=0,06s Sys=0,02s Real=0,00s
[2023-11-12T18:39:55.284+0100][gc,start      ] GC(824) Pause Young (Normal) (G1 Evacuation Pause)
[2023-11-12T18:39:55.284+0100][gc,task       ] GC(824) Using 13 workers of 13 for evacuation
[2023-11-12T18:39:55.293+0100][gc,phases     ] GC(824)   Pre Evacuate Collection Set: 0,0ms
[2023-11-12T18:39:55.293+0100][gc,phases     ] GC(824)   Evacuate Collection Set: 7,9ms
[2023-11-12T18:39:55.293+0100][gc,phases     ] GC(824)   Post Evacuate Collection Set: 0,6ms
[2023-11-12T18:39:55.293+0100][gc,phases     ] GC(824)   Other: 0,2ms
[2023-11-12T18:39:55.293+0100][gc,heap       ] GC(824) Eden regions: 591->0(588)
[2023-11-12T18:39:55.293+0100][gc,heap       ] GC(824) Survivor regions: 23->26(77)
[2023-11-12T18:39:55.293+0100][gc,heap       ] GC(824) Old regions: 142->142
[2023-11-12T18:39:55.293+0100][gc,heap       ] GC(824) Humongous regions: 129->129
[2023-11-12T18:39:55.293+0100][gc,metaspace  ] GC(824) Metaspace: 47980K(51968K)->47980K(51968K) NonClass: 42050K(44288K)->42050K(44288K) Class: 5930K(7680K)->5930K(7680K)
[2023-11-12T18:39:55.293+0100][gc            ] GC(824) Pause Young (Normal) (G1 Evacuation Pause) 882M->295M(1024M) 8,921ms
[2023-11-12T18:39:55.293+0100][gc,cpu        ] GC(824) User=0,09s Sys=0,01s Real=0,00s
[2023-11-12T18:39:56.670+0100][gc,start      ] GC(825) Pause Young (Normal) (G1 Evacuation Pause)
[2023-11-12T18:39:56.670+0100][gc,task       ] GC(825) Using 13 workers of 13 for evacuation
[2023-11-12T18:39:56.679+0100][gc,phases     ] GC(825)   Pre Evacuate Collection Set: 0,0ms
[2023-11-12T18:39:56.679+0100][gc,phases     ] GC(825)   Evacuate Collection Set: 8,3ms
[2023-11-12T18:39:56.679+0100][gc,phases     ] GC(825)   Post Evacuate Collection Set: 0,6ms
[2023-11-12T18:39:56.679+0100][gc,phases     ] GC(825)   Other: 0,2ms
[2023-11-12T18:39:56.679+0100][gc,heap       ] GC(825) Eden regions: 588->0(585)
[2023-11-12T18:39:56.679+0100][gc,heap       ] GC(825) Survivor regions: 26->29(77)
[2023-11-12T18:39:56.679+0100][gc,heap       ] GC(825) Old regions: 142->142
[2023-11-12T18:39:56.679+0100][gc,heap       ] GC(825) Humongous regions: 129->129
[2023-11-12T18:39:56.679+0100][gc,metaspace  ] GC(825) Metaspace: 47980K(51968K)->47980K(51968K) NonClass: 42050K(44288K)->42050K(44288K) Class: 5930K(7680K)->5930K(7680K)
[2023-11-12T18:39:56.679+0100][gc            ] GC(825) Pause Young (Normal) (G1 Evacuation Pause) 883M->298M(1024M) 9,207ms
[2023-11-12T18:39:56.679+0100][gc,cpu        ] GC(825) User=0,10s Sys=0,00s Real=0,01s
[2023-11-12T18:39:58.062+0100][gc,start      ] GC(826) Pause Young (Normal) (G1 Evacuation Pause)
[2023-11-12T18:39:58.062+0100][gc,task       ] GC(826) Using 13 workers of 13 for evacuation
[2023-11-12T18:39:58.072+0100][gc,phases     ] GC(826)   Pre Evacuate Collection Set: 0,0ms
[2023-11-12T18:39:58.072+0100][gc,phases     ] GC(826)   Evacuate Collection Set: 9,1ms
[2023-11-12T18:39:58.072+0100][gc,phases     ] GC(826)   Post Evacuate Collection Set: 0,6ms
[2023-11-12T18:39:58.072+0100][gc,phases     ] GC(826)   Other: 0,2ms
[2023-11-12T18:39:58.072+0100][gc,heap       ] GC(826) Eden regions: 585->0(582)
[2023-11-12T18:39:58.072+0100][gc,heap       ] GC(826) Survivor regions: 29->32(77)
[2023-11-12T18:39:58.072+0100][gc,heap       ] GC(826) Old regions: 142->142
[2023-11-12T18:39:58.072+0100][gc,heap       ] GC(826) Humongous regions: 129->129
[2023-11-12T18:39:58.072+0100][gc,metaspace  ] GC(826) Metaspace: 47980K(51968K)->47980K(51968K) NonClass: 42050K(44288K)->42050K(44288K) Class: 5930K(7680K)->5930K(7680K)
[2023-11-12T18:39:58.072+0100][gc            ] GC(826) Pause Young (Normal) (G1 Evacuation Pause) 883M->301M(1024M) 10,100ms
[2023-11-12T18:39:58.072+0100][gc,cpu        ] GC(826) User=0,10s Sys=0,00s Real=0,00s
[2023-11-12T18:39:59.455+0100][gc,start      ] GC(827) Pause Young (Normal) (G1 Evacuation Pause)
[2023-11-12T18:39:59.455+0100][gc,task       ] GC(827) Using 13 workers of 13 for evacuation
[2023-11-12T18:39:59.458+0100][gc,phases     ] GC(827)   Pre Evacuate Collection Set: 0,0ms
[2023-11-12T18:39:59.458+0100][gc,phases     ] GC(827)   Evacuate Collection Set: 2,2ms
[2023-11-12T18:39:59.458+0100][gc,phases     ] GC(827)   Post Evacuate Collection Set: 0,6ms
[2023-11-12T18:39:59.458+0100][gc,phases     ] GC(827)   Other: 0,2ms
[2023-11-12T18:39:59.458+0100][gc,heap       ] GC(827) Eden regions: 582->0(608)
[2023-11-12T18:39:59.458+0100][gc,heap       ] GC(827) Survivor regions: 32->6(77)
[2023-11-12T18:39:59.458+0100][gc,heap       ] GC(827) Old regions: 142->142
[2023-11-12T18:39:59.458+0100][gc,heap       ] GC(827) Humongous regions: 129->129
[2023-11-12T18:39:59.458+0100][gc,metaspace  ] GC(827) Metaspace: 47980K(51968K)->47980K(51968K) NonClass: 42050K(44288K)->42050K(44288K) Class: 5930K(7680K)->5930K(7680K)
[2023-11-12T18:39:59.458+0100][gc            ] GC(827) Pause Young (Normal) (G1 Evacuation Pause) 883M->274M(1024M) 3,164ms
[2023-11-12T18:39:59.458+0100][gc,cpu        ] GC(827) User=0,02s Sys=0,02s Real=0,00s
[2023-11-12T18:40:00.888+0100][gc,start      ] GC(828) Pause Young (Normal) (G1 Evacuation Pause)
[2023-11-12T18:40:00.888+0100][gc,task       ] GC(828) Using 13 workers of 13 for evacuation
[2023-11-12T18:40:00.893+0100][gc,phases     ] GC(828)   Pre Evacuate Collection Set: 0,0ms
[2023-11-12T18:40:00.893+0100][gc,phases     ] GC(828)   Evacuate Collection Set: 3,9ms
[2023-11-12T18:40:00.893+0100][gc,phases     ] GC(828)   Post Evacuate Collection Set: 0,6ms
[2023-11-12T18:40:00.893+0100][gc,phases     ] GC(828)   Other: 0,2ms
[2023-11-12T18:40:00.893+0100][gc,heap       ] GC(828) Eden regions: 608->0(607)
[2023-11-12T18:40:00.893+0100][gc,heap       ] GC(828) Survivor regions: 6->7(77)
[2023-11-12T18:40:00.893+0100][gc,heap       ] GC(828) Old regions: 142->142
[2023-11-12T18:40:00.893+0100][gc,heap       ] GC(828) Humongous regions: 129->129
[2023-11-12T18:40:00.893+0100][gc,metaspace  ] GC(828) Metaspace: 47980K(51968K)->47980K(51968K) NonClass: 42050K(44288K)->42050K(44288K) Class: 5930K(7680K)->5930K(7680K)
[2023-11-12T18:40:00.893+0100][gc            ] GC(828) Pause Young (Normal) (G1 Evacuation Pause) 882M->275M(1024M) 4,906ms
[2023-11-12T18:40:00.893+0100][gc,cpu        ] GC(828) User=0,05s Sys=0,00s Real=0,00s
[2023-11-12T18:40:02.307+0100][gc,start      ] GC(829) Pause Young (Normal) (G1 Evacuation Pause)
[2023-11-12T18:40:02.307+0100][gc,task       ] GC(829) Using 13 workers of 13 for evacuation
[2023-11-12T18:40:02.313+0100][gc,phases     ] GC(829)   Pre Evacuate Collection Set: 0,0ms
[2023-11-12T18:40:02.313+0100][gc,phases     ] GC(829)   Evacuate Collection Set: 4,9ms
[2023-11-12T18:40:02.313+0100][gc,phases     ] GC(829)   Post Evacuate Collection Set: 1,0ms
[2023-11-12T18:40:02.313+0100][gc,phases     ] GC(829)   Other: 0,2ms
[2023-11-12T18:40:02.313+0100][gc,heap       ] GC(829) Eden regions: 607->0(605)
[2023-11-12T18:40:02.313+0100][gc,heap       ] GC(829) Survivor regions: 7->9(77)
[2023-11-12T18:40:02.313+0100][gc,heap       ] GC(829) Old regions: 142->142
[2023-11-12T18:40:02.313+0100][gc,heap       ] GC(829) Humongous regions: 129->129
[2023-11-12T18:40:02.313+0100][gc,metaspace  ] GC(829) Metaspace: 47980K(51968K)->47980K(51968K) NonClass: 42050K(44288K)->42050K(44288K) Class: 5930K(7680K)->5930K(7680K)
[2023-11-12T18:40:02.313+0100][gc            ] GC(829) Pause Young (Normal) (G1 Evacuation Pause) 882M->278M(1024M) 6,187ms
[2023-11-12T18:40:02.313+0100][gc,cpu        ] GC(829) User=0,05s Sys=0,01s Real=0,00s
[2023-11-12T18:40:03.719+0100][gc,start      ] GC(830) Pause Young (Normal) (G1 Evacuation Pause)
[2023-11-12T18:40:03.719+0100][gc,task       ] GC(830) Using 13 workers of 13 for evacuation
[2023-11-12T18:40:03.725+0100][gc,phases     ] GC(830)   Pre Evacuate Collection Set: 0,0ms
[2023-11-12T18:40:03.725+0100][gc,phases     ] GC(830)   Evacuate Collection Set: 4,9ms
[2023-11-12T18:40:03.725+0100][gc,phases     ] GC(830)   Post Evacuate Collection Set: 0,6ms
[2023-11-12T18:40:03.725+0100][gc,phases     ] GC(830)   Other: 0,2ms
[2023-11-12T18:40:03.725+0100][gc,heap       ] GC(830) Eden regions: 605->0(602)
[2023-11-12T18:40:03.725+0100][gc,heap       ] GC(830) Survivor regions: 9->12(77)
[2023-11-12T18:40:03.725+0100][gc,heap       ] GC(830) Old regions: 142->142
[2023-11-12T18:40:03.725+0100][gc,heap       ] GC(830) Humongous regions: 129->129
[2023-11-12T18:40:03.725+0100][gc,metaspace  ] GC(830) Metaspace: 47980K(51968K)->47980K(51968K) NonClass: 42050K(44288K)->42050K(44288K) Class: 5930K(7680K)->5930K(7680K)
[2023-11-12T18:40:03.725+0100][gc            ] GC(830) Pause Young (Normal) (G1 Evacuation Pause) 883M->281M(1024M) 5,747ms
[2023-11-12T18:40:03.725+0100][gc,cpu        ] GC(830) User=0,06s Sys=0,00s Real=0,01s
[2023-11-12T18:40:05.112+0100][gc,start      ] GC(831) Pause Young (Normal) (G1 Evacuation Pause)
[2023-11-12T18:40:05.112+0100][gc,task       ] GC(831) Using 13 workers of 13 for evacuation
[2023-11-12T18:40:05.119+0100][gc,phases     ] GC(831)   Pre Evacuate Collection Set: 0,0ms
[2023-11-12T18:40:05.119+0100][gc,phases     ] GC(831)   Evacuate Collection Set: 5,4ms
[2023-11-12T18:40:05.119+0100][gc,phases     ] GC(831)   Post Evacuate Collection Set: 0,7ms
[2023-11-12T18:40:05.119+0100][gc,phases     ] GC(831)   Other: 0,2ms
[2023-11-12T18:40:05.119+0100][gc,heap       ] GC(831) Eden regions: 602->0(599)
[2023-11-12T18:40:05.119+0100][gc,heap       ] GC(831) Survivor regions: 12->15(77)
[2023-11-12T18:40:05.119+0100][gc,heap       ] GC(831) Old regions: 142->143
[2023-11-12T18:40:05.119+0100][gc,heap       ] GC(831) Humongous regions: 129->129
[2023-11-12T18:40:05.119+0100][gc,metaspace  ] GC(831) Metaspace: 47980K(51968K)->47980K(51968K) NonClass: 42050K(44288K)->42050K(44288K) Class: 5930K(7680K)->5930K(7680K)
[2023-11-12T18:40:05.119+0100][gc            ] GC(831) Pause Young (Normal) (G1 Evacuation Pause) 883M->284M(1024M) 6,466ms
[2023-11-12T18:40:05.119+0100][gc,cpu        ] GC(831) User=0,07s Sys=0,00s Real=0,01s
[2023-11-12T18:40:06.481+0100][gc,start      ] GC(832) Pause Young (Normal) (G1 Evacuation Pause)
[2023-11-12T18:40:06.481+0100][gc,task       ] GC(832) Using 13 workers of 13 for evacuation
[2023-11-12T18:40:06.488+0100][gc,phases     ] GC(832)   Pre Evacuate Collection Set: 0,0ms
[2023-11-12T18:40:06.488+0100][gc,phases     ] GC(832)   Evacuate Collection Set: 6,4ms
[2023-11-12T18:40:06.488+0100][gc,phases     ] GC(832)   Post Evacuate Collection Set: 0,6ms
[2023-11-12T18:40:06.488+0100][gc,phases     ] GC(832)   Other: 0,3ms
[2023-11-12T18:40:06.488+0100][gc,heap       ] GC(832) Eden regions: 599->0(596)
[2023-11-12T18:40:06.488+0100][gc,heap       ] GC(832) Survivor regions: 15->18(77)
[2023-11-12T18:40:06.488+0100][gc,heap       ] GC(832) Old regions: 143->143
[2023-11-12T18:40:06.488+0100][gc,heap       ] GC(832) Humongous regions: 129->129
[2023-11-12T18:40:06.488+0100][gc,metaspace  ] GC(832) Metaspace: 47980K(51968K)->47980K(51968K) NonClass: 42050K(44288K)->42050K(44288K) Class: 5930K(7680K)->5930K(7680K)
[2023-11-12T18:40:06.488+0100][gc            ] GC(832) Pause Young (Normal) (G1 Evacuation Pause) 883M->287M(1024M) 7,390ms
[2023-11-12T18:40:06.488+0100][gc,cpu        ] GC(832) User=0,07s Sys=0,00s Real=0,01s
[2023-11-12T18:40:07.830+0100][gc,start      ] GC(833) Pause Young (Normal) (G1 Evacuation Pause)
[2023-11-12T18:40:07.830+0100][gc,task       ] GC(833) Using 13 workers of 13 for evacuation
[2023-11-12T18:40:07.837+0100][gc,phases     ] GC(833)   Pre Evacuate Collection Set: 0,0ms
[2023-11-12T18:40:07.837+0100][gc,phases     ] GC(833)   Evacuate Collection Set: 6,3ms
[2023-11-12T18:40:07.837+0100][gc,phases     ] GC(833)   Post Evacuate Collection Set: 0,6ms
[2023-11-12T18:40:07.837+0100][gc,phases     ] GC(833)   Other: 0,2ms
[2023-11-12T18:40:07.837+0100][gc,heap       ] GC(833) Eden regions: 596->0(593)
[2023-11-12T18:40:07.837+0100][gc,heap       ] GC(833) Survivor regions: 18->21(77)
[2023-11-12T18:40:07.837+0100][gc,heap       ] GC(833) Old regions: 143->143
[2023-11-12T18:40:07.837+0100][gc,heap       ] GC(833) Humongous regions: 129->129
[2023-11-12T18:40:07.837+0100][gc,metaspace  ] GC(833) Metaspace: 47980K(51968K)->47980K(51968K) NonClass: 42050K(44288K)->42050K(44288K) Class: 5930K(7680K)->5930K(7680K)
[2023-11-12T18:40:07.837+0100][gc            ] GC(833) Pause Young (Normal) (G1 Evacuation Pause) 883M->290M(1024M) 7,178ms
[2023-11-12T18:40:07.837+0100][gc,cpu        ] GC(833) User=0,06s Sys=0,02s Real=0,01s
[2023-11-12T18:40:09.199+0100][gc,start      ] GC(834) Pause Young (Normal) (G1 Evacuation Pause)
[2023-11-12T18:40:09.199+0100][gc,task       ] GC(834) Using 13 workers of 13 for evacuation
[2023-11-12T18:40:09.208+0100][gc,phases     ] GC(834)   Pre Evacuate Collection Set: 0,0ms
[2023-11-12T18:40:09.208+0100][gc,phases     ] GC(834)   Evacuate Collection Set: 7,7ms
[2023-11-12T18:40:09.208+0100][gc,phases     ] GC(834)   Post Evacuate Collection Set: 0,6ms
[2023-11-12T18:40:09.208+0100][gc,phases     ] GC(834)   Other: 0,3ms
[2023-11-12T18:40:09.208+0100][gc,heap       ] GC(834) Eden regions: 593->0(591)
[2023-11-12T18:40:09.208+0100][gc,heap       ] GC(834) Survivor regions: 21->23(77)
[2023-11-12T18:40:09.208+0100][gc,heap       ] GC(834) Old regions: 143->143
[2023-11-12T18:40:09.208+0100][gc,heap       ] GC(834) Humongous regions: 129->129
[2023-11-12T18:40:09.208+0100][gc,metaspace  ] GC(834) Metaspace: 47980K(51968K)->47980K(51968K) NonClass: 42050K(44288K)->42050K(44288K) Class: 5930K(7680K)->5930K(7680K)
[2023-11-12T18:40:09.208+0100][gc            ] GC(834) Pause Young (Normal) (G1 Evacuation Pause) 883M->292M(1024M) 8,781ms
[2023-11-12T18:40:09.208+0100][gc,cpu        ] GC(834) User=0,09s Sys=0,00s Real=0,01s
[2023-11-12T18:40:10.580+0100][gc,start      ] GC(835) Pause Young (Normal) (G1 Evacuation Pause)
[2023-11-12T18:40:10.580+0100][gc,task       ] GC(835) Using 13 workers of 13 for evacuation
[2023-11-12T18:40:10.589+0100][gc,phases     ] GC(835)   Pre Evacuate Collection Set: 0,0ms
[2023-11-12T18:40:10.589+0100][gc,phases     ] GC(835)   Evacuate Collection Set: 7,6ms
[2023-11-12T18:40:10.589+0100][gc,phases     ] GC(835)   Post Evacuate Collection Set: 0,6ms
[2023-11-12T18:40:10.589+0100][gc,phases     ] GC(835)   Other: 0,3ms
[2023-11-12T18:40:10.589+0100][gc,heap       ] GC(835) Eden regions: 591->0(588)
[2023-11-12T18:40:10.589+0100][gc,heap       ] GC(835) Survivor regions: 23->26(77)
[2023-11-12T18:40:10.589+0100][gc,heap       ] GC(835) Old regions: 143->143
[2023-11-12T18:40:10.589+0100][gc,heap       ] GC(835) Humongous regions: 129->129
[2023-11-12T18:40:10.589+0100][gc,metaspace  ] GC(835) Metaspace: 47980K(51968K)->47980K(51968K) NonClass: 42050K(44288K)->42050K(44288K) Class: 5930K(7680K)->5930K(7680K)
[2023-11-12T18:40:10.589+0100][gc            ] GC(835) Pause Young (Normal) (G1 Evacuation Pause) 883M->295M(1024M) 8,619ms
[2023-11-12T18:40:10.589+0100][gc,cpu        ] GC(835) User=0,10s Sys=0,00s Real=0,01s
[2023-11-12T18:40:11.937+0100][gc,start      ] GC(836) Pause Young (Normal) (G1 Evacuation Pause)
[2023-11-12T18:40:11.937+0100][gc,task       ] GC(836) Using 13 workers of 13 for evacuation
[2023-11-12T18:40:11.947+0100][gc,phases     ] GC(836)   Pre Evacuate Collection Set: 0,0ms
[2023-11-12T18:40:11.947+0100][gc,phases     ] GC(836)   Evacuate Collection Set: 8,4ms
[2023-11-12T18:40:11.947+0100][gc,phases     ] GC(836)   Post Evacuate Collection Set: 0,7ms
[2023-11-12T18:40:11.947+0100][gc,phases     ] GC(836)   Other: 0,3ms
[2023-11-12T18:40:11.947+0100][gc,heap       ] GC(836) Eden regions: 588->0(585)
[2023-11-12T18:40:11.947+0100][gc,heap       ] GC(836) Survivor regions: 26->29(77)
[2023-11-12T18:40:11.947+0100][gc,heap       ] GC(836) Old regions: 143->143
[2023-11-12T18:40:11.947+0100][gc,heap       ] GC(836) Humongous regions: 129->129
[2023-11-12T18:40:11.947+0100][gc,metaspace  ] GC(836) Metaspace: 47980K(51968K)->47980K(51968K) NonClass: 42050K(44288K)->42050K(44288K) Class: 5930K(7680K)->5930K(7680K)
[2023-11-12T18:40:11.947+0100][gc            ] GC(836) Pause Young (Normal) (G1 Evacuation Pause) 883M->298M(1024M) 9,708ms
[2023-11-12T18:40:11.947+0100][gc,cpu        ] GC(836) User=0,07s Sys=0,04s Real=0,01s
[2023-11-12T18:40:13.290+0100][gc,start      ] GC(837) Pause Young (Normal) (G1 Evacuation Pause)
[2023-11-12T18:40:13.290+0100][gc,task       ] GC(837) Using 13 workers of 13 for evacuation
[2023-11-12T18:40:13.300+0100][gc,phases     ] GC(837)   Pre Evacuate Collection Set: 0,0ms
[2023-11-12T18:40:13.300+0100][gc,phases     ] GC(837)   Evacuate Collection Set: 9,1ms
[2023-11-12T18:40:13.300+0100][gc,phases     ] GC(837)   Post Evacuate Collection Set: 0,6ms
[2023-11-12T18:40:13.300+0100][gc,phases     ] GC(837)   Other: 0,2ms
[2023-11-12T18:40:13.300+0100][gc,heap       ] GC(837) Eden regions: 585->0(582)
[2023-11-12T18:40:13.300+0100][gc,heap       ] GC(837) Survivor regions: 29->32(77)
[2023-11-12T18:40:13.300+0100][gc,heap       ] GC(837) Old regions: 143->143
[2023-11-12T18:40:13.300+0100][gc,heap       ] GC(837) Humongous regions: 129->129
[2023-11-12T18:40:13.300+0100][gc,metaspace  ] GC(837) Metaspace: 47980K(51968K)->47980K(51968K) NonClass: 42050K(44288K)->42050K(44288K) Class: 5930K(7680K)->5930K(7680K)
[2023-11-12T18:40:13.300+0100][gc            ] GC(837) Pause Young (Normal) (G1 Evacuation Pause) 883M->301M(1024M) 10,068ms
[2023-11-12T18:40:13.300+0100][gc,cpu        ] GC(837) User=0,11s Sys=0,01s Real=0,01s
[2023-11-12T18:40:14.646+0100][gc,start      ] GC(838) Pause Young (Normal) (G1 Evacuation Pause)
[2023-11-12T18:40:14.646+0100][gc,task       ] GC(838) Using 13 workers of 13 for evacuation
[2023-11-12T18:40:14.650+0100][gc,phases     ] GC(838)   Pre Evacuate Collection Set: 0,0ms
[2023-11-12T18:40:14.650+0100][gc,phases     ] GC(838)   Evacuate Collection Set: 3,2ms
[2023-11-12T18:40:14.650+0100][gc,phases     ] GC(838)   Post Evacuate Collection Set: 0,6ms
[2023-11-12T18:40:14.650+0100][gc,phases     ] GC(838)   Other: 0,2ms
[2023-11-12T18:40:14.650+0100][gc,heap       ] GC(838) Eden regions: 582->0(608)
[2023-11-12T18:40:14.650+0100][gc,heap       ] GC(838) Survivor regions: 32->6(77)
[2023-11-12T18:40:14.650+0100][gc,heap       ] GC(838) Old regions: 143->143
[2023-11-12T18:40:14.650+0100][gc,heap       ] GC(838) Humongous regions: 129->129
[2023-11-12T18:40:14.650+0100][gc,metaspace  ] GC(838) Metaspace: 47980K(51968K)->47980K(51968K) NonClass: 42050K(44288K)->42050K(44288K) Class: 5930K(7680K)->5930K(7680K)
[2023-11-12T18:40:14.650+0100][gc            ] GC(838) Pause Young (Normal) (G1 Evacuation Pause) 883M->275M(1024M) 4,044ms
[2023-11-12T18:40:14.650+0100][gc,cpu        ] GC(838) User=0,01s Sys=0,02s Real=0,00s
[2023-11-12T18:40:16.105+0100][gc,start      ] GC(839) Pause Young (Normal) (G1 Evacuation Pause)
[2023-11-12T18:40:16.105+0100][gc,task       ] GC(839) Using 13 workers of 13 for evacuation
[2023-11-12T18:40:16.109+0100][gc,phases     ] GC(839)   Pre Evacuate Collection Set: 0,0ms
[2023-11-12T18:40:16.109+0100][gc,phases     ] GC(839)   Evacuate Collection Set: 3,5ms
[2023-11-12T18:40:16.109+0100][gc,phases     ] GC(839)   Post Evacuate Collection Set: 0,5ms
[2023-11-12T18:40:16.109+0100][gc,phases     ] GC(839)   Other: 0,2ms
[2023-11-12T18:40:16.109+0100][gc,heap       ] GC(839) Eden regions: 608->0(607)
[2023-11-12T18:40:16.109+0100][gc,heap       ] GC(839) Survivor regions: 6->7(77)
[2023-11-12T18:40:16.109+0100][gc,heap       ] GC(839) Old regions: 143->143
[2023-11-12T18:40:16.109+0100][gc,heap       ] GC(839) Humongous regions: 129->129
[2023-11-12T18:40:16.109+0100][gc,metaspace  ] GC(839) Metaspace: 47980K(51968K)->47980K(51968K) NonClass: 42050K(44288K)->42050K(44288K) Class: 5930K(7680K)->5930K(7680K)
[2023-11-12T18:40:16.109+0100][gc            ] GC(839) Pause Young (Normal) (G1 Evacuation Pause) 883M->276M(1024M) 4,322ms
[2023-11-12T18:40:16.109+0100][gc,cpu        ] GC(839) User=0,05s Sys=0,00s Real=0,00s
[2023-11-12T18:40:17.532+0100][gc,start      ] GC(840) Pause Young (Normal) (G1 Evacuation Pause)
[2023-11-12T18:40:17.532+0100][gc,task       ] GC(840) Using 13 workers of 13 for evacuation
[2023-11-12T18:40:17.537+0100][gc,phases     ] GC(840)   Pre Evacuate Collection Set: 0,0ms
[2023-11-12T18:40:17.537+0100][gc,phases     ] GC(840)   Evacuate Collection Set: 3,8ms
[2023-11-12T18:40:17.537+0100][gc,phases     ] GC(840)   Post Evacuate Collection Set: 0,6ms
[2023-11-12T18:40:17.537+0100][gc,phases     ] GC(840)   Other: 0,3ms
[2023-11-12T18:40:17.537+0100][gc,heap       ] GC(840) Eden regions: 607->0(605)
[2023-11-12T18:40:17.537+0100][gc,heap       ] GC(840) Survivor regions: 7->9(77)
[2023-11-12T18:40:17.537+0100][gc,heap       ] GC(840) Old regions: 143->143
[2023-11-12T18:40:17.537+0100][gc,heap       ] GC(840) Humongous regions: 129->129
[2023-11-12T18:40:17.537+0100][gc,metaspace  ] GC(840) Metaspace: 47980K(51968K)->47980K(51968K) NonClass: 42050K(44288K)->42050K(44288K) Class: 5930K(7680K)->5930K(7680K)
[2023-11-12T18:40:17.537+0100][gc            ] GC(840) Pause Young (Normal) (G1 Evacuation Pause) 883M->278M(1024M) 4,793ms
[2023-11-12T18:40:17.537+0100][gc,cpu        ] GC(840) User=0,05s Sys=0,00s Real=0,01s
[2023-11-12T18:40:18.941+0100][gc,start      ] GC(841) Pause Young (Normal) (G1 Evacuation Pause)
[2023-11-12T18:40:18.941+0100][gc,task       ] GC(841) Using 13 workers of 13 for evacuation
[2023-11-12T18:40:18.946+0100][gc,phases     ] GC(841)   Pre Evacuate Collection Set: 0,0ms
[2023-11-12T18:40:18.946+0100][gc,phases     ] GC(841)   Evacuate Collection Set: 4,3ms
[2023-11-12T18:40:18.946+0100][gc,phases     ] GC(841)   Post Evacuate Collection Set: 0,6ms
[2023-11-12T18:40:18.946+0100][gc,phases     ] GC(841)   Other: 0,2ms
[2023-11-12T18:40:18.946+0100][gc,heap       ] GC(841) Eden regions: 605->0(602)
[2023-11-12T18:40:18.946+0100][gc,heap       ] GC(841) Survivor regions: 9->12(77)
[2023-11-12T18:40:18.946+0100][gc,heap       ] GC(841) Old regions: 143->143
[2023-11-12T18:40:18.946+0100][gc,heap       ] GC(841) Humongous regions: 129->129
[2023-11-12T18:40:18.946+0100][gc,metaspace  ] GC(841) Metaspace: 47980K(51968K)->47980K(51968K) NonClass: 42050K(44288K)->42050K(44288K) Class: 5930K(7680K)->5930K(7680K)
[2023-11-12T18:40:18.946+0100][gc            ] GC(841) Pause Young (Normal) (G1 Evacuation Pause) 883M->281M(1024M) 5,185ms
[2023-11-12T18:40:18.946+0100][gc,cpu        ] GC(841) User=0,06s Sys=0,00s Real=0,01s
[2023-11-12T18:40:20.325+0100][gc,start      ] GC(842) Pause Young (Normal) (G1 Evacuation Pause)
[2023-11-12T18:40:20.325+0100][gc,task       ] GC(842) Using 13 workers of 13 for evacuation
[2023-11-12T18:40:20.331+0100][gc,phases     ] GC(842)   Pre Evacuate Collection Set: 0,0ms
[2023-11-12T18:40:20.331+0100][gc,phases     ] GC(842)   Evacuate Collection Set: 5,0ms
[2023-11-12T18:40:20.331+0100][gc,phases     ] GC(842)   Post Evacuate Collection Set: 0,6ms
[2023-11-12T18:40:20.331+0100][gc,phases     ] GC(842)   Other: 0,2ms
[2023-11-12T18:40:20.331+0100][gc,heap       ] GC(842) Eden regions: 602->0(599)
[2023-11-12T18:40:20.331+0100][gc,heap       ] GC(842) Survivor regions: 12->15(77)
[2023-11-12T18:40:20.331+0100][gc,heap       ] GC(842) Old regions: 143->143
[2023-11-12T18:40:20.331+0100][gc,heap       ] GC(842) Humongous regions: 129->129
[2023-11-12T18:40:20.331+0100][gc,metaspace  ] GC(842) Metaspace: 47980K(51968K)->47980K(51968K) NonClass: 42050K(44288K)->42050K(44288K) Class: 5930K(7680K)->5930K(7680K)
[2023-11-12T18:40:20.331+0100][gc            ] GC(842) Pause Young (Normal) (G1 Evacuation Pause) 883M->284M(1024M) 6,053ms
[2023-11-12T18:40:20.331+0100][gc,cpu        ] GC(842) User=0,07s Sys=0,00s Real=0,00s
[2023-11-12T18:40:21.703+0100][gc,start      ] GC(843) Pause Young (Normal) (G1 Evacuation Pause)
[2023-11-12T18:40:21.703+0100][gc,task       ] GC(843) Using 13 workers of 13 for evacuation
[2023-11-12T18:40:21.710+0100][gc,phases     ] GC(843)   Pre Evacuate Collection Set: 0,0ms
[2023-11-12T18:40:21.710+0100][gc,phases     ] GC(843)   Evacuate Collection Set: 5,6ms
[2023-11-12T18:40:21.710+0100][gc,phases     ] GC(843)   Post Evacuate Collection Set: 0,7ms
[2023-11-12T18:40:21.710+0100][gc,phases     ] GC(843)   Other: 0,3ms
[2023-11-12T18:40:21.710+0100][gc,heap       ] GC(843) Eden regions: 599->0(597)
[2023-11-12T18:40:21.710+0100][gc,heap       ] GC(843) Survivor regions: 15->17(77)
[2023-11-12T18:40:21.710+0100][gc,heap       ] GC(843) Old regions: 143->143
[2023-11-12T18:40:21.710+0100][gc,heap       ] GC(843) Humongous regions: 129->129
[2023-11-12T18:40:21.710+0100][gc,metaspace  ] GC(843) Metaspace: 47980K(51968K)->47980K(51968K) NonClass: 42050K(44288K)->42050K(44288K) Class: 5930K(7680K)->5930K(7680K)
[2023-11-12T18:40:21.710+0100][gc            ] GC(843) Pause Young (Normal) (G1 Evacuation Pause) 883M->287M(1024M) 6,804ms
[2023-11-12T18:40:21.710+0100][gc,cpu        ] GC(843) User=0,06s Sys=0,01s Real=0,00s
[2023-11-12T18:40:23.119+0100][gc,start      ] GC(844) Pause Young (Normal) (G1 Evacuation Pause)
[2023-11-12T18:40:23.119+0100][gc,task       ] GC(844) Using 13 workers of 13 for evacuation
[2023-11-12T18:40:23.127+0100][gc,phases     ] GC(844)   Pre Evacuate Collection Set: 0,0ms
[2023-11-12T18:40:23.127+0100][gc,phases     ] GC(844)   Evacuate Collection Set: 6,6ms
[2023-11-12T18:40:23.127+0100][gc,phases     ] GC(844)   Post Evacuate Collection Set: 0,6ms
[2023-11-12T18:40:23.127+0100][gc,phases     ] GC(844)   Other: 0,2ms
[2023-11-12T18:40:23.127+0100][gc,heap       ] GC(844) Eden regions: 597->0(593)
[2023-11-12T18:40:23.127+0100][gc,heap       ] GC(844) Survivor regions: 17->21(77)
[2023-11-12T18:40:23.127+0100][gc,heap       ] GC(844) Old regions: 143->143
[2023-11-12T18:40:23.127+0100][gc,heap       ] GC(844) Humongous regions: 129->129
[2023-11-12T18:40:23.127+0100][gc,metaspace  ] GC(844) Metaspace: 47980K(51968K)->47980K(51968K) NonClass: 42050K(44288K)->42050K(44288K) Class: 5930K(7680K)->5930K(7680K)
[2023-11-12T18:40:23.127+0100][gc            ] GC(844) Pause Young (Normal) (G1 Evacuation Pause) 884M->291M(1024M) 7,566ms
[2023-11-12T18:40:23.127+0100][gc,cpu        ] GC(844) User=0,07s Sys=0,01s Real=0,01s
[2023-11-12T18:40:24.520+0100][gc,start      ] GC(845) Pause Young (Normal) (G1 Evacuation Pause)
[2023-11-12T18:40:24.520+0100][gc,task       ] GC(845) Using 13 workers of 13 for evacuation
[2023-11-12T18:40:24.545+0100][gc,mmu        ] GC(845) MMU target violated: 21,0ms (20,0ms/21,0ms)
[2023-11-12T18:40:24.545+0100][gc,phases     ] GC(845)   Pre Evacuate Collection Set: 0,0ms
[2023-11-12T18:40:24.545+0100][gc,phases     ] GC(845)   Evacuate Collection Set: 23,6ms
[2023-11-12T18:40:24.545+0100][gc,phases     ] GC(845)   Post Evacuate Collection Set: 0,7ms
[2023-11-12T18:40:24.545+0100][gc,phases     ] GC(845)   Other: 0,3ms
[2023-11-12T18:40:24.545+0100][gc,heap       ] GC(845) Eden regions: 593->0(591)
[2023-11-12T18:40:24.545+0100][gc,heap       ] GC(845) Survivor regions: 21->23(77)
[2023-11-12T18:40:24.545+0100][gc,heap       ] GC(845) Old regions: 143->143
[2023-11-12T18:40:24.545+0100][gc,heap       ] GC(845) Humongous regions: 129->129
[2023-11-12T18:40:24.545+0100][gc,metaspace  ] GC(845) Metaspace: 47980K(51968K)->47980K(51968K) NonClass: 42050K(44288K)->42050K(44288K) Class: 5930K(7680K)->5930K(7680K)
[2023-11-12T18:40:24.545+0100][gc            ] GC(845) Pause Young (Normal) (G1 Evacuation Pause) 884M->293M(1024M) 24,797ms
[2023-11-12T18:40:24.545+0100][gc,cpu        ] GC(845) User=0,29s Sys=0,00s Real=0,03s
[2023-11-12T18:40:25.940+0100][gc,start      ] GC(846) Pause Young (Normal) (G1 Evacuation Pause)
[2023-11-12T18:40:25.940+0100][gc,task       ] GC(846) Using 13 workers of 13 for evacuation
[2023-11-12T18:40:25.949+0100][gc,phases     ] GC(846)   Pre Evacuate Collection Set: 0,0ms
[2023-11-12T18:40:25.949+0100][gc,phases     ] GC(846)   Evacuate Collection Set: 8,1ms
[2023-11-12T18:40:25.949+0100][gc,phases     ] GC(846)   Post Evacuate Collection Set: 1,2ms
[2023-11-12T18:40:25.949+0100][gc,phases     ] GC(846)   Other: 0,2ms
[2023-11-12T18:40:25.949+0100][gc,heap       ] GC(846) Eden regions: 591->0(588)
[2023-11-12T18:40:25.949+0100][gc,heap       ] GC(846) Survivor regions: 23->26(77)
[2023-11-12T18:40:25.949+0100][gc,heap       ] GC(846) Old regions: 143->143
[2023-11-12T18:40:25.949+0100][gc,heap       ] GC(846) Humongous regions: 129->129
[2023-11-12T18:40:25.949+0100][gc,metaspace  ] GC(846) Metaspace: 47980K(51968K)->47980K(51968K) NonClass: 42050K(44288K)->42050K(44288K) Class: 5930K(7680K)->5930K(7680K)
[2023-11-12T18:40:25.949+0100][gc            ] GC(846) Pause Young (Normal) (G1 Evacuation Pause) 884M->296M(1024M) 9,578ms
[2023-11-12T18:40:25.949+0100][gc,cpu        ] GC(846) User=0,10s Sys=0,00s Real=0,01s
[2023-11-12T18:40:27.349+0100][gc,start      ] GC(847) Pause Young (Normal) (G1 Evacuation Pause)
[2023-11-12T18:40:27.349+0100][gc,task       ] GC(847) Using 13 workers of 13 for evacuation
[2023-11-12T18:40:27.359+0100][gc,phases     ] GC(847)   Pre Evacuate Collection Set: 0,0ms
[2023-11-12T18:40:27.359+0100][gc,phases     ] GC(847)   Evacuate Collection Set: 8,5ms
[2023-11-12T18:40:27.359+0100][gc,phases     ] GC(847)   Post Evacuate Collection Set: 0,6ms
[2023-11-12T18:40:27.359+0100][gc,phases     ] GC(847)   Other: 0,2ms
[2023-11-12T18:40:27.359+0100][gc,heap       ] GC(847) Eden regions: 588->0(585)
[2023-11-12T18:40:27.359+0100][gc,heap       ] GC(847) Survivor regions: 26->29(77)
[2023-11-12T18:40:27.359+0100][gc,heap       ] GC(847) Old regions: 143->143
[2023-11-12T18:40:27.359+0100][gc,heap       ] GC(847) Humongous regions: 129->129
[2023-11-12T18:40:27.359+0100][gc,metaspace  ] GC(847) Metaspace: 47980K(51968K)->47980K(51968K) NonClass: 42050K(44288K)->42050K(44288K) Class: 5930K(7680K)->5930K(7680K)
[2023-11-12T18:40:27.359+0100][gc            ] GC(847) Pause Young (Normal) (G1 Evacuation Pause) 884M->298M(1024M) 9,444ms
[2023-11-12T18:40:27.359+0100][gc,cpu        ] GC(847) User=0,08s Sys=0,02s Real=0,01s
[2023-11-12T18:40:28.780+0100][gc,start      ] GC(848) Pause Young (Normal) (G1 Evacuation Pause)
[2023-11-12T18:40:28.780+0100][gc,task       ] GC(848) Using 13 workers of 13 for evacuation
[2023-11-12T18:40:28.789+0100][gc,phases     ] GC(848)   Pre Evacuate Collection Set: 0,0ms
[2023-11-12T18:40:28.790+0100][gc,phases     ] GC(848)   Evacuate Collection Set: 9,1ms
[2023-11-12T18:40:28.790+0100][gc,phases     ] GC(848)   Post Evacuate Collection Set: 0,6ms
[2023-11-12T18:40:28.790+0100][gc,phases     ] GC(848)   Other: 0,2ms
[2023-11-12T18:40:28.790+0100][gc,heap       ] GC(848) Eden regions: 585->0(582)
[2023-11-12T18:40:28.790+0100][gc,heap       ] GC(848) Survivor regions: 29->32(77)
[2023-11-12T18:40:28.790+0100][gc,heap       ] GC(848) Old regions: 143->143
[2023-11-12T18:40:28.790+0100][gc,heap       ] GC(848) Humongous regions: 129->129
[2023-11-12T18:40:28.790+0100][gc,metaspace  ] GC(848) Metaspace: 47980K(51968K)->47980K(51968K) NonClass: 42050K(44288K)->42050K(44288K) Class: 5930K(7680K)->5930K(7680K)
[2023-11-12T18:40:28.790+0100][gc            ] GC(848) Pause Young (Normal) (G1 Evacuation Pause) 883M->302M(1024M) 10,084ms
[2023-11-12T18:40:28.790+0100][gc,cpu        ] GC(848) User=0,11s Sys=0,00s Real=0,01s
[2023-11-12T18:40:30.188+0100][gc,start      ] GC(849) Pause Young (Normal) (G1 Evacuation Pause)
[2023-11-12T18:40:30.188+0100][gc,task       ] GC(849) Using 13 workers of 13 for evacuation
[2023-11-12T18:40:30.192+0100][gc,phases     ] GC(849)   Pre Evacuate Collection Set: 0,0ms
[2023-11-12T18:40:30.192+0100][gc,phases     ] GC(849)   Evacuate Collection Set: 3,2ms
[2023-11-12T18:40:30.192+0100][gc,phases     ] GC(849)   Post Evacuate Collection Set: 0,6ms
[2023-11-12T18:40:30.192+0100][gc,phases     ] GC(849)   Other: 0,3ms
[2023-11-12T18:40:30.192+0100][gc,heap       ] GC(849) Eden regions: 582->0(608)
[2023-11-12T18:40:30.192+0100][gc,heap       ] GC(849) Survivor regions: 32->6(77)
[2023-11-12T18:40:30.192+0100][gc,heap       ] GC(849) Old regions: 143->143
[2023-11-12T18:40:30.192+0100][gc,heap       ] GC(849) Humongous regions: 129->129
[2023-11-12T18:40:30.192+0100][gc,metaspace  ] GC(849) Metaspace: 47980K(51968K)->47980K(51968K) NonClass: 42050K(44288K)->42050K(44288K) Class: 5930K(7680K)->5930K(7680K)
[2023-11-12T18:40:30.192+0100][gc            ] GC(849) Pause Young (Normal) (G1 Evacuation Pause) 884M->276M(1024M) 4,213ms
[2023-11-12T18:40:30.192+0100][gc,cpu        ] GC(849) User=0,04s Sys=0,00s Real=0,00s
[2023-11-12T18:40:31.651+0100][gc,start      ] GC(850) Pause Young (Normal) (G1 Evacuation Pause)
[2023-11-12T18:40:31.651+0100][gc,task       ] GC(850) Using 13 workers of 13 for evacuation
[2023-11-12T18:40:31.656+0100][gc,phases     ] GC(850)   Pre Evacuate Collection Set: 0,0ms
[2023-11-12T18:40:31.656+0100][gc,phases     ] GC(850)   Evacuate Collection Set: 4,0ms
[2023-11-12T18:40:31.656+0100][gc,phases     ] GC(850)   Post Evacuate Collection Set: 0,6ms
[2023-11-12T18:40:31.656+0100][gc,phases     ] GC(850)   Other: 0,2ms
[2023-11-12T18:40:31.656+0100][gc,heap       ] GC(850) Eden regions: 608->0(606)
[2023-11-12T18:40:31.656+0100][gc,heap       ] GC(850) Survivor regions: 6->8(77)
[2023-11-12T18:40:31.656+0100][gc,heap       ] GC(850) Old regions: 143->144
[2023-11-12T18:40:31.656+0100][gc,heap       ] GC(850) Humongous regions: 129->129
[2023-11-12T18:40:31.656+0100][gc,metaspace  ] GC(850) Metaspace: 47980K(51968K)->47980K(51968K) NonClass: 42050K(44288K)->42050K(44288K) Class: 5930K(7680K)->5930K(7680K)
[2023-11-12T18:40:31.656+0100][gc            ] GC(850) Pause Young (Normal) (G1 Evacuation Pause) 884M->278M(1024M) 4,882ms
[2023-11-12T18:40:31.656+0100][gc,cpu        ] GC(850) User=0,05s Sys=0,00s Real=0,01s
[2023-11-12T18:40:33.064+0100][gc,start      ] GC(851) Pause Young (Normal) (G1 Evacuation Pause)
[2023-11-12T18:40:33.064+0100][gc,task       ] GC(851) Using 13 workers of 13 for evacuation
[2023-11-12T18:40:33.069+0100][gc,phases     ] GC(851)   Pre Evacuate Collection Set: 0,0ms
[2023-11-12T18:40:33.069+0100][gc,phases     ] GC(851)   Evacuate Collection Set: 3,8ms
[2023-11-12T18:40:33.069+0100][gc,phases     ] GC(851)   Post Evacuate Collection Set: 0,6ms
[2023-11-12T18:40:33.069+0100][gc,phases     ] GC(851)   Other: 0,2ms
[2023-11-12T18:40:33.069+0100][gc,heap       ] GC(851) Eden regions: 606->0(604)
[2023-11-12T18:40:33.069+0100][gc,heap       ] GC(851) Survivor regions: 8->10(77)
[2023-11-12T18:40:33.069+0100][gc,heap       ] GC(851) Old regions: 144->144
[2023-11-12T18:40:33.069+0100][gc,heap       ] GC(851) Humongous regions: 129->129
[2023-11-12T18:40:33.069+0100][gc,metaspace  ] GC(851) Metaspace: 47980K(51968K)->47980K(51968K) NonClass: 42050K(44288K)->42050K(44288K) Class: 5930K(7680K)->5930K(7680K)
[2023-11-12T18:40:33.069+0100][gc            ] GC(851) Pause Young (Normal) (G1 Evacuation Pause) 884M->280M(1024M) 4,670ms
[2023-11-12T18:40:33.069+0100][gc,cpu        ] GC(851) User=0,05s Sys=0,00s Real=0,00s
[2023-11-12T18:40:34.460+0100][gc,start      ] GC(852) Pause Young (Normal) (G1 Evacuation Pause)
[2023-11-12T18:40:34.460+0100][gc,task       ] GC(852) Using 13 workers of 13 for evacuation
[2023-11-12T18:40:34.466+0100][gc,phases     ] GC(852)   Pre Evacuate Collection Set: 0,0ms
[2023-11-12T18:40:34.466+0100][gc,phases     ] GC(852)   Evacuate Collection Set: 5,1ms
[2023-11-12T18:40:34.466+0100][gc,phases     ] GC(852)   Post Evacuate Collection Set: 0,5ms
[2023-11-12T18:40:34.466+0100][gc,phases     ] GC(852)   Other: 0,2ms
[2023-11-12T18:40:34.466+0100][gc,heap       ] GC(852) Eden regions: 604->0(601)
[2023-11-12T18:40:34.466+0100][gc,heap       ] GC(852) Survivor regions: 10->13(77)
[2023-11-12T18:40:34.466+0100][gc,heap       ] GC(852) Old regions: 144->144
[2023-11-12T18:40:34.466+0100][gc,heap       ] GC(852) Humongous regions: 129->129
[2023-11-12T18:40:34.466+0100][gc,metaspace  ] GC(852) Metaspace: 47980K(51968K)->47980K(51968K) NonClass: 42050K(44288K)->42050K(44288K) Class: 5930K(7680K)->5930K(7680K)
[2023-11-12T18:40:34.466+0100][gc            ] GC(852) Pause Young (Normal) (G1 Evacuation Pause) 884M->283M(1024M) 5,962ms
[2023-11-12T18:40:34.466+0100][gc,cpu        ] GC(852) User=0,05s Sys=0,01s Real=0,01s
[2023-11-12T18:40:35.901+0100][gc,start      ] GC(853) Pause Young (Normal) (G1 Evacuation Pause)
[2023-11-12T18:40:35.901+0100][gc,task       ] GC(853) Using 13 workers of 13 for evacuation
[2023-11-12T18:40:35.908+0100][gc,phases     ] GC(853)   Pre Evacuate Collection Set: 0,0ms
[2023-11-12T18:40:35.908+0100][gc,phases     ] GC(853)   Evacuate Collection Set: 5,8ms
[2023-11-12T18:40:35.908+0100][gc,phases     ] GC(853)   Post Evacuate Collection Set: 0,5ms
[2023-11-12T18:40:35.908+0100][gc,phases     ] GC(853)   Other: 0,2ms
[2023-11-12T18:40:35.908+0100][gc,heap       ] GC(853) Eden regions: 601->0(599)
[2023-11-12T18:40:35.908+0100][gc,heap       ] GC(853) Survivor regions: 13->15(77)
[2023-11-12T18:40:35.908+0100][gc,heap       ] GC(853) Old regions: 144->144
[2023-11-12T18:40:35.908+0100][gc,heap       ] GC(853) Humongous regions: 129->129
[2023-11-12T18:40:35.908+0100][gc,metaspace  ] GC(853) Metaspace: 47980K(51968K)->47980K(51968K) NonClass: 42050K(44288K)->42050K(44288K) Class: 5930K(7680K)->5930K(7680K)
[2023-11-12T18:40:35.908+0100][gc            ] GC(853) Pause Young (Normal) (G1 Evacuation Pause) 884M->285M(1024M) 6,715ms
[2023-11-12T18:40:35.908+0100][gc,cpu        ] GC(853) User=0,06s Sys=0,02s Real=0,01s
[2023-11-12T18:40:37.301+0100][gc,start      ] GC(854) Pause Young (Normal) (G1 Evacuation Pause)
[2023-11-12T18:40:37.301+0100][gc,task       ] GC(854) Using 13 workers of 13 for evacuation
[2023-11-12T18:40:37.308+0100][gc,phases     ] GC(854)   Pre Evacuate Collection Set: 0,0ms
[2023-11-12T18:40:37.308+0100][gc,phases     ] GC(854)   Evacuate Collection Set: 6,0ms
[2023-11-12T18:40:37.308+0100][gc,phases     ] GC(854)   Post Evacuate Collection Set: 0,6ms
[2023-11-12T18:40:37.308+0100][gc,phases     ] GC(854)   Other: 0,2ms
[2023-11-12T18:40:37.308+0100][gc,heap       ] GC(854) Eden regions: 599->0(595)
[2023-11-12T18:40:37.308+0100][gc,heap       ] GC(854) Survivor regions: 15->19(77)
[2023-11-12T18:40:37.308+0100][gc,heap       ] GC(854) Old regions: 144->144
[2023-11-12T18:40:37.308+0100][gc,heap       ] GC(854) Humongous regions: 129->129
[2023-11-12T18:40:37.308+0100][gc,metaspace  ] GC(854) Metaspace: 47980K(51968K)->47980K(51968K) NonClass: 42050K(44288K)->42050K(44288K) Class: 5930K(7680K)->5930K(7680K)
[2023-11-12T18:40:37.308+0100][gc            ] GC(854) Pause Young (Normal) (G1 Evacuation Pause) 884M->289M(1024M) 6,957ms
[2023-11-12T18:40:37.308+0100][gc,cpu        ] GC(854) User=0,06s Sys=0,02s Real=0,01s
[2023-11-12T18:40:38.690+0100][gc,start      ] GC(855) Pause Young (Normal) (G1 Evacuation Pause)
[2023-11-12T18:40:38.690+0100][gc,task       ] GC(855) Using 13 workers of 13 for evacuation
[2023-11-12T18:40:38.698+0100][gc,phases     ] GC(855)   Pre Evacuate Collection Set: 0,0ms
[2023-11-12T18:40:38.698+0100][gc,phases     ] GC(855)   Evacuate Collection Set: 6,6ms
[2023-11-12T18:40:38.698+0100][gc,phases     ] GC(855)   Post Evacuate Collection Set: 0,6ms
[2023-11-12T18:40:38.698+0100][gc,phases     ] GC(855)   Other: 0,2ms
[2023-11-12T18:40:38.698+0100][gc,heap       ] GC(855) Eden regions: 595->0(592)
[2023-11-12T18:40:38.698+0100][gc,heap       ] GC(855) Survivor regions: 19->22(77)
[2023-11-12T18:40:38.698+0100][gc,heap       ] GC(855) Old regions: 144->144
[2023-11-12T18:40:38.698+0100][gc,heap       ] GC(855) Humongous regions: 129->129
[2023-11-12T18:40:38.698+0100][gc,metaspace  ] GC(855) Metaspace: 47980K(51968K)->47980K(51968K) NonClass: 42050K(44288K)->42050K(44288K) Class: 5930K(7680K)->5930K(7680K)
[2023-11-12T18:40:38.698+0100][gc            ] GC(855) Pause Young (Normal) (G1 Evacuation Pause) 884M->292M(1024M) 7,537ms
[2023-11-12T18:40:38.698+0100][gc,cpu        ] GC(855) User=0,06s Sys=0,02s Real=0,01s
[2023-11-12T18:40:40.056+0100][gc,start      ] GC(856) Pause Young (Normal) (G1 Evacuation Pause)
[2023-11-12T18:40:40.056+0100][gc,task       ] GC(856) Using 13 workers of 13 for evacuation
[2023-11-12T18:40:40.064+0100][gc,phases     ] GC(856)   Pre Evacuate Collection Set: 0,0ms
[2023-11-12T18:40:40.064+0100][gc,phases     ] GC(856)   Evacuate Collection Set: 7,3ms
[2023-11-12T18:40:40.064+0100][gc,phases     ] GC(856)   Post Evacuate Collection Set: 0,6ms
[2023-11-12T18:40:40.064+0100][gc,phases     ] GC(856)   Other: 0,2ms
[2023-11-12T18:40:40.064+0100][gc,heap       ] GC(856) Eden regions: 592->0(590)
[2023-11-12T18:40:40.064+0100][gc,heap       ] GC(856) Survivor regions: 22->24(77)
[2023-11-12T18:40:40.064+0100][gc,heap       ] GC(856) Old regions: 144->144
[2023-11-12T18:40:40.064+0100][gc,heap       ] GC(856) Humongous regions: 129->129
[2023-11-12T18:40:40.064+0100][gc,metaspace  ] GC(856) Metaspace: 47980K(51968K)->47980K(51968K) NonClass: 42050K(44288K)->42050K(44288K) Class: 5930K(7680K)->5930K(7680K)
[2023-11-12T18:40:40.064+0100][gc            ] GC(856) Pause Young (Normal) (G1 Evacuation Pause) 884M->294M(1024M) 8,216ms
[2023-11-12T18:40:40.064+0100][gc,cpu        ] GC(856) User=0,10s Sys=0,00s Real=0,01s
[2023-11-12T18:40:41.423+0100][gc,start      ] GC(857) Pause Young (Normal) (G1 Evacuation Pause)
[2023-11-12T18:40:41.423+0100][gc,task       ] GC(857) Using 13 workers of 13 for evacuation
[2023-11-12T18:40:41.432+0100][gc,phases     ] GC(857)   Pre Evacuate Collection Set: 0,0ms
[2023-11-12T18:40:41.432+0100][gc,phases     ] GC(857)   Evacuate Collection Set: 7,9ms
[2023-11-12T18:40:41.432+0100][gc,phases     ] GC(857)   Post Evacuate Collection Set: 0,6ms
[2023-11-12T18:40:41.432+0100][gc,phases     ] GC(857)   Other: 0,2ms
[2023-11-12T18:40:41.432+0100][gc,heap       ] GC(857) Eden regions: 590->0(587)
[2023-11-12T18:40:41.432+0100][gc,heap       ] GC(857) Survivor regions: 24->27(77)
[2023-11-12T18:40:41.432+0100][gc,heap       ] GC(857) Old regions: 144->144
[2023-11-12T18:40:41.432+0100][gc,heap       ] GC(857) Humongous regions: 129->129
[2023-11-12T18:40:41.432+0100][gc,metaspace  ] GC(857) Metaspace: 47980K(51968K)->47980K(51968K) NonClass: 42050K(44288K)->42050K(44288K) Class: 5930K(7680K)->5930K(7680K)
[2023-11-12T18:40:41.432+0100][gc            ] GC(857) Pause Young (Normal) (G1 Evacuation Pause) 884M->297M(1024M) 8,835ms
[2023-11-12T18:40:41.432+0100][gc,cpu        ] GC(857) User=0,10s Sys=0,00s Real=0,00s
[2023-11-12T18:40:42.820+0100][gc,start      ] GC(858) Pause Young (Normal) (G1 Evacuation Pause)
[2023-11-12T18:40:42.820+0100][gc,task       ] GC(858) Using 13 workers of 13 for evacuation
[2023-11-12T18:40:42.832+0100][gc,phases     ] GC(858)   Pre Evacuate Collection Set: 0,0ms
[2023-11-12T18:40:42.832+0100][gc,phases     ] GC(858)   Evacuate Collection Set: 11,1ms
[2023-11-12T18:40:42.832+0100][gc,phases     ] GC(858)   Post Evacuate Collection Set: 0,7ms
[2023-11-12T18:40:42.832+0100][gc,phases     ] GC(858)   Other: 0,3ms
[2023-11-12T18:40:42.832+0100][gc,heap       ] GC(858) Eden regions: 587->0(584)
[2023-11-12T18:40:42.832+0100][gc,heap       ] GC(858) Survivor regions: 27->30(77)
[2023-11-12T18:40:42.832+0100][gc,heap       ] GC(858) Old regions: 144->144
[2023-11-12T18:40:42.832+0100][gc,heap       ] GC(858) Humongous regions: 129->129
[2023-11-12T18:40:42.832+0100][gc,metaspace  ] GC(858) Metaspace: 47980K(51968K)->47980K(51968K) NonClass: 42050K(44288K)->42050K(44288K) Class: 5930K(7680K)->5930K(7680K)
[2023-11-12T18:40:42.832+0100][gc            ] GC(858) Pause Young (Normal) (G1 Evacuation Pause) 884M->301M(1024M) 12,160ms
[2023-11-12T18:40:42.832+0100][gc,cpu        ] GC(858) User=0,10s Sys=0,01s Real=0,01s
[2023-11-12T18:40:44.203+0100][gc,start      ] GC(859) Pause Young (Normal) (G1 Evacuation Pause)
[2023-11-12T18:40:44.203+0100][gc,task       ] GC(859) Using 13 workers of 13 for evacuation
[2023-11-12T18:40:44.213+0100][gc,phases     ] GC(859)   Pre Evacuate Collection Set: 0,0ms
[2023-11-12T18:40:44.213+0100][gc,phases     ] GC(859)   Evacuate Collection Set: 9,3ms
[2023-11-12T18:40:44.213+0100][gc,phases     ] GC(859)   Post Evacuate Collection Set: 0,6ms
[2023-11-12T18:40:44.213+0100][gc,phases     ] GC(859)   Other: 0,2ms
[2023-11-12T18:40:44.213+0100][gc,heap       ] GC(859) Eden regions: 584->0(581)
[2023-11-12T18:40:44.213+0100][gc,heap       ] GC(859) Survivor regions: 30->33(77)
[2023-11-12T18:40:44.213+0100][gc,heap       ] GC(859) Old regions: 144->144
[2023-11-12T18:40:44.213+0100][gc,heap       ] GC(859) Humongous regions: 129->129
[2023-11-12T18:40:44.213+0100][gc,metaspace  ] GC(859) Metaspace: 47980K(51968K)->47980K(51968K) NonClass: 42050K(44288K)->42050K(44288K) Class: 5930K(7680K)->5930K(7680K)
[2023-11-12T18:40:44.213+0100][gc            ] GC(859) Pause Young (Normal) (G1 Evacuation Pause) 885M->303M(1024M) 10,212ms
[2023-11-12T18:40:44.213+0100][gc,cpu        ] GC(859) User=0,11s Sys=0,01s Real=0,01s
[2023-11-12T18:40:45.538+0100][gc,start      ] GC(860) Pause Young (Normal) (G1 Evacuation Pause)
[2023-11-12T18:40:45.538+0100][gc,task       ] GC(860) Using 13 workers of 13 for evacuation
[2023-11-12T18:40:45.541+0100][gc,phases     ] GC(860)   Pre Evacuate Collection Set: 0,0ms
[2023-11-12T18:40:45.541+0100][gc,phases     ] GC(860)   Evacuate Collection Set: 2,5ms
[2023-11-12T18:40:45.541+0100][gc,phases     ] GC(860)   Post Evacuate Collection Set: 0,5ms
[2023-11-12T18:40:45.541+0100][gc,phases     ] GC(860)   Other: 0,2ms
[2023-11-12T18:40:45.541+0100][gc,heap       ] GC(860) Eden regions: 581->0(608)
[2023-11-12T18:40:45.541+0100][gc,heap       ] GC(860) Survivor regions: 33->6(77)
[2023-11-12T18:40:45.541+0100][gc,heap       ] GC(860) Old regions: 144->144
[2023-11-12T18:40:45.541+0100][gc,heap       ] GC(860) Humongous regions: 129->129
[2023-11-12T18:40:45.541+0100][gc,metaspace  ] GC(860) Metaspace: 47980K(51968K)->47980K(51968K) NonClass: 42050K(44288K)->42050K(44288K) Class: 5930K(7680K)->5930K(7680K)
[2023-11-12T18:40:45.541+0100][gc            ] GC(860) Pause Young (Normal) (G1 Evacuation Pause) 884M->277M(1024M) 3,388ms
[2023-11-12T18:40:45.541+0100][gc,cpu        ] GC(860) User=0,02s Sys=0,02s Real=0,00s
[2023-11-12T18:40:46.931+0100][gc,start      ] GC(861) Pause Young (Normal) (G1 Evacuation Pause)
[2023-11-12T18:40:46.931+0100][gc,task       ] GC(861) Using 13 workers of 13 for evacuation
[2023-11-12T18:40:46.935+0100][gc,phases     ] GC(861)   Pre Evacuate Collection Set: 0,0ms
[2023-11-12T18:40:46.935+0100][gc,phases     ] GC(861)   Evacuate Collection Set: 3,3ms
[2023-11-12T18:40:46.935+0100][gc,phases     ] GC(861)   Post Evacuate Collection Set: 0,6ms
[2023-11-12T18:40:46.935+0100][gc,phases     ] GC(861)   Other: 0,3ms
[2023-11-12T18:40:46.935+0100][gc,heap       ] GC(861) Eden regions: 608->0(606)
[2023-11-12T18:40:46.935+0100][gc,heap       ] GC(861) Survivor regions: 6->8(77)
[2023-11-12T18:40:46.935+0100][gc,heap       ] GC(861) Old regions: 144->144
[2023-11-12T18:40:46.935+0100][gc,heap       ] GC(861) Humongous regions: 129->129
[2023-11-12T18:40:46.935+0100][gc,metaspace  ] GC(861) Metaspace: 47980K(51968K)->47980K(51968K) NonClass: 42050K(44288K)->42050K(44288K) Class: 5930K(7680K)->5930K(7680K)
[2023-11-12T18:40:46.935+0100][gc            ] GC(861) Pause Young (Normal) (G1 Evacuation Pause) 885M->278M(1024M) 4,303ms
[2023-11-12T18:40:46.935+0100][gc,cpu        ] GC(861) User=0,05s Sys=0,00s Real=0,01s
[2023-11-12T18:40:48.345+0100][gc,start      ] GC(862) Pause Young (Normal) (G1 Evacuation Pause)
[2023-11-12T18:40:48.346+0100][gc,task       ] GC(862) Using 13 workers of 13 for evacuation
[2023-11-12T18:40:48.351+0100][gc,phases     ] GC(862)   Pre Evacuate Collection Set: 0,0ms
[2023-11-12T18:40:48.351+0100][gc,phases     ] GC(862)   Evacuate Collection Set: 4,5ms
[2023-11-12T18:40:48.351+0100][gc,phases     ] GC(862)   Post Evacuate Collection Set: 0,6ms
[2023-11-12T18:40:48.351+0100][gc,phases     ] GC(862)   Other: 0,2ms
[2023-11-12T18:40:48.351+0100][gc,heap       ] GC(862) Eden regions: 606->0(604)
[2023-11-12T18:40:48.351+0100][gc,heap       ] GC(862) Survivor regions: 8->10(77)
[2023-11-12T18:40:48.351+0100][gc,heap       ] GC(862) Old regions: 144->144
[2023-11-12T18:40:48.351+0100][gc,heap       ] GC(862) Humongous regions: 129->129
[2023-11-12T18:40:48.351+0100][gc,metaspace  ] GC(862) Metaspace: 47980K(51968K)->47980K(51968K) NonClass: 42050K(44288K)->42050K(44288K) Class: 5930K(7680K)->5930K(7680K)
[2023-11-12T18:40:48.351+0100][gc            ] GC(862) Pause Young (Normal) (G1 Evacuation Pause) 884M->281M(1024M) 5,387ms
[2023-11-12T18:40:48.351+0100][gc,cpu        ] GC(862) User=0,03s Sys=0,01s Real=0,00s
[2023-11-12T18:40:49.784+0100][gc,start      ] GC(863) Pause Young (Normal) (G1 Evacuation Pause)
[2023-11-12T18:40:49.784+0100][gc,task       ] GC(863) Using 13 workers of 13 for evacuation
[2023-11-12T18:40:49.790+0100][gc,phases     ] GC(863)   Pre Evacuate Collection Set: 0,0ms
[2023-11-12T18:40:49.790+0100][gc,phases     ] GC(863)   Evacuate Collection Set: 4,9ms
[2023-11-12T18:40:49.790+0100][gc,phases     ] GC(863)   Post Evacuate Collection Set: 0,6ms
[2023-11-12T18:40:49.790+0100][gc,phases     ] GC(863)   Other: 0,3ms
[2023-11-12T18:40:49.790+0100][gc,heap       ] GC(863) Eden regions: 604->0(601)
[2023-11-12T18:40:49.790+0100][gc,heap       ] GC(863) Survivor regions: 10->13(77)
[2023-11-12T18:40:49.790+0100][gc,heap       ] GC(863) Old regions: 144->144
[2023-11-12T18:40:49.790+0100][gc,heap       ] GC(863) Humongous regions: 129->129
[2023-11-12T18:40:49.790+0100][gc,metaspace  ] GC(863) Metaspace: 47980K(51968K)->47980K(51968K) NonClass: 42050K(44288K)->42050K(44288K) Class: 5930K(7680K)->5930K(7680K)
[2023-11-12T18:40:49.790+0100][gc            ] GC(863) Pause Young (Normal) (G1 Evacuation Pause) 885M->283M(1024M) 5,905ms
[2023-11-12T18:40:49.790+0100][gc,cpu        ] GC(863) User=0,04s Sys=0,01s Real=0,00s
[2023-11-12T18:40:51.184+0100][gc,start      ] GC(864) Pause Young (Normal) (G1 Evacuation Pause)
[2023-11-12T18:40:51.184+0100][gc,task       ] GC(864) Using 13 workers of 13 for evacuation
[2023-11-12T18:40:51.190+0100][gc,phases     ] GC(864)   Pre Evacuate Collection Set: 0,0ms
[2023-11-12T18:40:51.190+0100][gc,phases     ] GC(864)   Evacuate Collection Set: 5,4ms
[2023-11-12T18:40:51.190+0100][gc,phases     ] GC(864)   Post Evacuate Collection Set: 0,5ms
[2023-11-12T18:40:51.190+0100][gc,phases     ] GC(864)   Other: 0,2ms
[2023-11-12T18:40:51.190+0100][gc,heap       ] GC(864) Eden regions: 601->0(598)
[2023-11-12T18:40:51.190+0100][gc,heap       ] GC(864) Survivor regions: 13->16(77)
[2023-11-12T18:40:51.190+0100][gc,heap       ] GC(864) Old regions: 144->144
[2023-11-12T18:40:51.190+0100][gc,heap       ] GC(864) Humongous regions: 129->129
[2023-11-12T18:40:51.190+0100][gc,metaspace  ] GC(864) Metaspace: 47980K(51968K)->47980K(51968K) NonClass: 42050K(44288K)->42050K(44288K) Class: 5930K(7680K)->5930K(7680K)
[2023-11-12T18:40:51.190+0100][gc            ] GC(864) Pause Young (Normal) (G1 Evacuation Pause) 884M->287M(1024M) 6,270ms
[2023-11-12T18:40:51.190+0100][gc,cpu        ] GC(864) User=0,05s Sys=0,00s Real=0,00s
[2023-11-12T18:40:52.571+0100][gc,start      ] GC(865) Pause Young (Normal) (G1 Evacuation Pause)
[2023-11-12T18:40:52.571+0100][gc,task       ] GC(865) Using 13 workers of 13 for evacuation
[2023-11-12T18:40:52.578+0100][gc,phases     ] GC(865)   Pre Evacuate Collection Set: 0,0ms
[2023-11-12T18:40:52.578+0100][gc,phases     ] GC(865)   Evacuate Collection Set: 6,2ms
[2023-11-12T18:40:52.578+0100][gc,phases     ] GC(865)   Post Evacuate Collection Set: 0,6ms
[2023-11-12T18:40:52.578+0100][gc,phases     ] GC(865)   Other: 0,2ms
[2023-11-12T18:40:52.578+0100][gc,heap       ] GC(865) Eden regions: 598->0(596)
[2023-11-12T18:40:52.578+0100][gc,heap       ] GC(865) Survivor regions: 16->18(77)
[2023-11-12T18:40:52.578+0100][gc,heap       ] GC(865) Old regions: 144->144
[2023-11-12T18:40:52.578+0100][gc,heap       ] GC(865) Humongous regions: 129->129
[2023-11-12T18:40:52.578+0100][gc,metaspace  ] GC(865) Metaspace: 47980K(51968K)->47980K(51968K) NonClass: 42050K(44288K)->42050K(44288K) Class: 5930K(7680K)->5930K(7680K)
[2023-11-12T18:40:52.578+0100][gc            ] GC(865) Pause Young (Normal) (G1 Evacuation Pause) 885M->289M(1024M) 7,177ms
[2023-11-12T18:40:52.578+0100][gc,cpu        ] GC(865) User=0,08s Sys=0,00s Real=0,01s
[2023-11-12T18:40:53.955+0100][gc,start      ] GC(866) Pause Young (Normal) (G1 Evacuation Pause)
[2023-11-12T18:40:53.955+0100][gc,task       ] GC(866) Using 13 workers of 13 for evacuation
[2023-11-12T18:40:53.962+0100][gc,phases     ] GC(866)   Pre Evacuate Collection Set: 0,0ms
[2023-11-12T18:40:53.962+0100][gc,phases     ] GC(866)   Evacuate Collection Set: 6,6ms
[2023-11-12T18:40:53.962+0100][gc,phases     ] GC(866)   Post Evacuate Collection Set: 0,6ms
[2023-11-12T18:40:53.962+0100][gc,phases     ] GC(866)   Other: 0,2ms
[2023-11-12T18:40:53.962+0100][gc,heap       ] GC(866) Eden regions: 596->0(592)
[2023-11-12T18:40:53.962+0100][gc,heap       ] GC(866) Survivor regions: 18->22(77)
[2023-11-12T18:40:53.962+0100][gc,heap       ] GC(866) Old regions: 144->144
[2023-11-12T18:40:53.962+0100][gc,heap       ] GC(866) Humongous regions: 129->129
[2023-11-12T18:40:53.962+0100][gc,metaspace  ] GC(866) Metaspace: 47980K(51968K)->47980K(51968K) NonClass: 42050K(44288K)->42050K(44288K) Class: 5930K(7680K)->5930K(7680K)
[2023-11-12T18:40:53.962+0100][gc            ] GC(866) Pause Young (Normal) (G1 Evacuation Pause) 885M->293M(1024M) 7,523ms
[2023-11-12T18:40:53.962+0100][gc,cpu        ] GC(866) User=0,09s Sys=0,00s Real=0,01s
[2023-11-12T18:40:55.348+0100][gc,start      ] GC(867) Pause Young (Normal) (G1 Evacuation Pause)
[2023-11-12T18:40:55.348+0100][gc,task       ] GC(867) Using 13 workers of 13 for evacuation
[2023-11-12T18:40:55.357+0100][gc,phases     ] GC(867)   Pre Evacuate Collection Set: 0,0ms
[2023-11-12T18:40:55.357+0100][gc,phases     ] GC(867)   Evacuate Collection Set: 8,0ms
[2023-11-12T18:40:55.357+0100][gc,phases     ] GC(867)   Post Evacuate Collection Set: 0,5ms
[2023-11-12T18:40:55.357+0100][gc,phases     ] GC(867)   Other: 0,2ms
[2023-11-12T18:40:55.357+0100][gc,heap       ] GC(867) Eden regions: 592->0(589)
[2023-11-12T18:40:55.357+0100][gc,heap       ] GC(867) Survivor regions: 22->25(77)
[2023-11-12T18:40:55.357+0100][gc,heap       ] GC(867) Old regions: 144->144
[2023-11-12T18:40:55.357+0100][gc,heap       ] GC(867) Humongous regions: 129->129
[2023-11-12T18:40:55.357+0100][gc,metaspace  ] GC(867) Metaspace: 47980K(51968K)->47980K(51968K) NonClass: 42050K(44288K)->42050K(44288K) Class: 5930K(7680K)->5930K(7680K)
[2023-11-12T18:40:55.357+0100][gc            ] GC(867) Pause Young (Normal) (G1 Evacuation Pause) 885M->295M(1024M) 8,826ms
[2023-11-12T18:40:55.357+0100][gc,cpu        ] GC(867) User=0,10s Sys=0,00s Real=0,01s
[2023-11-12T18:40:56.699+0100][gc,start      ] GC(868) Pause Young (Normal) (G1 Evacuation Pause)
[2023-11-12T18:40:56.699+0100][gc,task       ] GC(868) Using 13 workers of 13 for evacuation
[2023-11-12T18:40:56.710+0100][gc,phases     ] GC(868)   Pre Evacuate Collection Set: 0,0ms
[2023-11-12T18:40:56.710+0100][gc,phases     ] GC(868)   Evacuate Collection Set: 9,1ms
[2023-11-12T18:40:56.710+0100][gc,phases     ] GC(868)   Post Evacuate Collection Set: 1,0ms
[2023-11-12T18:40:56.710+0100][gc,phases     ] GC(868)   Other: 0,2ms
[2023-11-12T18:40:56.710+0100][gc,heap       ] GC(868) Eden regions: 589->0(587)
[2023-11-12T18:40:56.710+0100][gc,heap       ] GC(868) Survivor regions: 25->27(77)
[2023-11-12T18:40:56.710+0100][gc,heap       ] GC(868) Old regions: 144->145
[2023-11-12T18:40:56.710+0100][gc,heap       ] GC(868) Humongous regions: 129->129
[2023-11-12T18:40:56.710+0100][gc,metaspace  ] GC(868) Metaspace: 47980K(51968K)->47980K(51968K) NonClass: 42050K(44288K)->42050K(44288K) Class: 5930K(7680K)->5930K(7680K)
[2023-11-12T18:40:56.710+0100][gc            ] GC(868) Pause Young (Normal) (G1 Evacuation Pause) 884M->298M(1024M) 10,390ms
[2023-11-12T18:40:56.710+0100][gc,cpu        ] GC(868) User=0,11s Sys=0,01s Real=0,01s
[2023-11-12T18:40:58.097+0100][gc,start      ] GC(869) Pause Young (Normal) (G1 Evacuation Pause)
[2023-11-12T18:40:58.097+0100][gc,task       ] GC(869) Using 13 workers of 13 for evacuation
[2023-11-12T18:40:58.107+0100][gc,phases     ] GC(869)   Pre Evacuate Collection Set: 0,0ms
[2023-11-12T18:40:58.107+0100][gc,phases     ] GC(869)   Evacuate Collection Set: 8,8ms
[2023-11-12T18:40:58.107+0100][gc,phases     ] GC(869)   Post Evacuate Collection Set: 0,6ms
[2023-11-12T18:40:58.107+0100][gc,phases     ] GC(869)   Other: 0,2ms
[2023-11-12T18:40:58.107+0100][gc,heap       ] GC(869) Eden regions: 587->0(584)
[2023-11-12T18:40:58.107+0100][gc,heap       ] GC(869) Survivor regions: 27->30(77)
[2023-11-12T18:40:58.107+0100][gc,heap       ] GC(869) Old regions: 145->145
[2023-11-12T18:40:58.107+0100][gc,heap       ] GC(869) Humongous regions: 129->129
[2023-11-12T18:40:58.107+0100][gc,metaspace  ] GC(869) Metaspace: 47980K(51968K)->47980K(51968K) NonClass: 42050K(44288K)->42050K(44288K) Class: 5930K(7680K)->5930K(7680K)
[2023-11-12T18:40:58.107+0100][gc            ] GC(869) Pause Young (Normal) (G1 Evacuation Pause) 885M->301M(1024M) 9,737ms
[2023-11-12T18:40:58.107+0100][gc,cpu        ] GC(869) User=0,12s Sys=0,00s Real=0,01s
[2023-11-12T18:40:59.501+0100][gc,start      ] GC(870) Pause Young (Normal) (G1 Evacuation Pause)
[2023-11-12T18:40:59.501+0100][gc,task       ] GC(870) Using 13 workers of 13 for evacuation
[2023-11-12T18:40:59.511+0100][gc,phases     ] GC(870)   Pre Evacuate Collection Set: 0,0ms
[2023-11-12T18:40:59.511+0100][gc,phases     ] GC(870)   Evacuate Collection Set: 9,5ms
[2023-11-12T18:40:59.511+0100][gc,phases     ] GC(870)   Post Evacuate Collection Set: 0,6ms
[2023-11-12T18:40:59.511+0100][gc,phases     ] GC(870)   Other: 0,3ms
[2023-11-12T18:40:59.511+0100][gc,heap       ] GC(870) Eden regions: 584->0(581)
[2023-11-12T18:40:59.511+0100][gc,heap       ] GC(870) Survivor regions: 30->33(77)
[2023-11-12T18:40:59.511+0100][gc,heap       ] GC(870) Old regions: 145->145
[2023-11-12T18:40:59.511+0100][gc,heap       ] GC(870) Humongous regions: 129->129
[2023-11-12T18:40:59.511+0100][gc,metaspace  ] GC(870) Metaspace: 47980K(51968K)->47980K(51968K) NonClass: 42050K(44288K)->42050K(44288K) Class: 5930K(7680K)->5930K(7680K)
[2023-11-12T18:40:59.511+0100][gc            ] GC(870) Pause Young (Normal) (G1 Evacuation Pause) 885M->304M(1024M) 10,436ms
[2023-11-12T18:40:59.511+0100][gc,cpu        ] GC(870) User=0,12s Sys=0,00s Real=0,01s
[2023-11-12T18:41:00.830+0100][gc,start      ] GC(871) Pause Young (Normal) (G1 Evacuation Pause)
[2023-11-12T18:41:00.830+0100][gc,task       ] GC(871) Using 13 workers of 13 for evacuation
[2023-11-12T18:41:00.834+0100][gc,phases     ] GC(871)   Pre Evacuate Collection Set: 0,0ms
[2023-11-12T18:41:00.834+0100][gc,phases     ] GC(871)   Evacuate Collection Set: 3,1ms
[2023-11-12T18:41:00.834+0100][gc,phases     ] GC(871)   Post Evacuate Collection Set: 0,6ms
[2023-11-12T18:41:00.834+0100][gc,phases     ] GC(871)   Other: 0,2ms
[2023-11-12T18:41:00.834+0100][gc,heap       ] GC(871) Eden regions: 581->0(608)
[2023-11-12T18:41:00.834+0100][gc,heap       ] GC(871) Survivor regions: 33->6(77)
[2023-11-12T18:41:00.834+0100][gc,heap       ] GC(871) Old regions: 145->145
[2023-11-12T18:41:00.834+0100][gc,heap       ] GC(871) Humongous regions: 129->129
[2023-11-12T18:41:00.834+0100][gc,metaspace  ] GC(871) Metaspace: 47980K(51968K)->47980K(51968K) NonClass: 42050K(44288K)->42050K(44288K) Class: 5930K(7680K)->5930K(7680K)
[2023-11-12T18:41:00.834+0100][gc            ] GC(871) Pause Young (Normal) (G1 Evacuation Pause) 885M->277M(1024M) 3,942ms
[2023-11-12T18:41:00.834+0100][gc,cpu        ] GC(871) User=0,01s Sys=0,03s Real=0,01s
[2023-11-12T18:41:02.255+0100][gc,start      ] GC(872) Pause Young (Normal) (G1 Evacuation Pause)
[2023-11-12T18:41:02.255+0100][gc,task       ] GC(872) Using 13 workers of 13 for evacuation
[2023-11-12T18:41:02.273+0100][gc,phases     ] GC(872)   Pre Evacuate Collection Set: 0,0ms
[2023-11-12T18:41:02.273+0100][gc,phases     ] GC(872)   Evacuate Collection Set: 14,4ms
[2023-11-12T18:41:02.273+0100][gc,phases     ] GC(872)   Post Evacuate Collection Set: 2,9ms
[2023-11-12T18:41:02.273+0100][gc,phases     ] GC(872)   Other: 0,4ms
[2023-11-12T18:41:02.273+0100][gc,heap       ] GC(872) Eden regions: 608->0(606)
[2023-11-12T18:41:02.274+0100][gc,heap       ] GC(872) Survivor regions: 6->8(77)
[2023-11-12T18:41:02.274+0100][gc,heap       ] GC(872) Old regions: 145->145
[2023-11-12T18:41:02.274+0100][gc,heap       ] GC(872) Humongous regions: 129->129
[2023-11-12T18:41:02.274+0100][gc,metaspace  ] GC(872) Metaspace: 47980K(51968K)->47980K(51968K) NonClass: 42050K(44288K)->42050K(44288K) Class: 5930K(7680K)->5930K(7680K)
[2023-11-12T18:41:02.274+0100][gc            ] GC(872) Pause Young (Normal) (G1 Evacuation Pause) 885M->279M(1024M) 18,250ms
[2023-11-12T18:41:02.274+0100][gc,cpu        ] GC(872) User=0,19s Sys=0,00s Real=0,02s
[2023-11-12T18:41:03.736+0100][gc,start      ] GC(873) Pause Young (Normal) (G1 Evacuation Pause)
[2023-11-12T18:41:03.736+0100][gc,task       ] GC(873) Using 13 workers of 13 for evacuation
[2023-11-12T18:41:03.740+0100][gc,phases     ] GC(873)   Pre Evacuate Collection Set: 0,0ms
[2023-11-12T18:41:03.740+0100][gc,phases     ] GC(873)   Evacuate Collection Set: 3,9ms
[2023-11-12T18:41:03.740+0100][gc,phases     ] GC(873)   Post Evacuate Collection Set: 0,6ms
[2023-11-12T18:41:03.740+0100][gc,phases     ] GC(873)   Other: 0,2ms
[2023-11-12T18:41:03.740+0100][gc,heap       ] GC(873) Eden regions: 606->0(604)
[2023-11-12T18:41:03.740+0100][gc,heap       ] GC(873) Survivor regions: 8->10(77)
[2023-11-12T18:41:03.740+0100][gc,heap       ] GC(873) Old regions: 145->145
[2023-11-12T18:41:03.740+0100][gc,heap       ] GC(873) Humongous regions: 129->129
[2023-11-12T18:41:03.740+0100][gc,metaspace  ] GC(873) Metaspace: 47980K(51968K)->47980K(51968K) NonClass: 42050K(44288K)->42050K(44288K) Class: 5930K(7680K)->5930K(7680K)
[2023-11-12T18:41:03.740+0100][gc            ] GC(873) Pause Young (Normal) (G1 Evacuation Pause) 885M->282M(1024M) 4,778ms
[2023-11-12T18:41:03.740+0100][gc,cpu        ] GC(873) User=0,04s Sys=0,00s Real=0,00s
[2023-11-12T18:41:05.197+0100][gc,start      ] GC(874) Pause Young (Normal) (G1 Evacuation Pause)
[2023-11-12T18:41:05.197+0100][gc,task       ] GC(874) Using 13 workers of 13 for evacuation
[2023-11-12T18:41:05.203+0100][gc,phases     ] GC(874)   Pre Evacuate Collection Set: 0,0ms
[2023-11-12T18:41:05.203+0100][gc,phases     ] GC(874)   Evacuate Collection Set: 4,9ms
[2023-11-12T18:41:05.203+0100][gc,phases     ] GC(874)   Post Evacuate Collection Set: 0,5ms
[2023-11-12T18:41:05.203+0100][gc,phases     ] GC(874)   Other: 0,2ms
[2023-11-12T18:41:05.203+0100][gc,heap       ] GC(874) Eden regions: 604->0(601)
[2023-11-12T18:41:05.203+0100][gc,heap       ] GC(874) Survivor regions: 10->13(77)
[2023-11-12T18:41:05.203+0100][gc,heap       ] GC(874) Old regions: 145->145
[2023-11-12T18:41:05.203+0100][gc,heap       ] GC(874) Humongous regions: 129->129
[2023-11-12T18:41:05.203+0100][gc,metaspace  ] GC(874) Metaspace: 47980K(51968K)->47980K(51968K) NonClass: 42050K(44288K)->42050K(44288K) Class: 5930K(7680K)->5930K(7680K)
[2023-11-12T18:41:05.203+0100][gc            ] GC(874) Pause Young (Normal) (G1 Evacuation Pause) 886M->285M(1024M) 5,760ms
[2023-11-12T18:41:05.203+0100][gc,cpu        ] GC(874) User=0,05s Sys=0,01s Real=0,01s
[2023-11-12T18:41:06.588+0100][gc,start      ] GC(875) Pause Young (Normal) (G1 Evacuation Pause)
[2023-11-12T18:41:06.588+0100][gc,task       ] GC(875) Using 13 workers of 13 for evacuation
[2023-11-12T18:41:06.594+0100][gc,phases     ] GC(875)   Pre Evacuate Collection Set: 0,0ms
[2023-11-12T18:41:06.594+0100][gc,phases     ] GC(875)   Evacuate Collection Set: 5,3ms
[2023-11-12T18:41:06.594+0100][gc,phases     ] GC(875)   Post Evacuate Collection Set: 0,5ms
[2023-11-12T18:41:06.594+0100][gc,phases     ] GC(875)   Other: 0,2ms
[2023-11-12T18:41:06.594+0100][gc,heap       ] GC(875) Eden regions: 601->0(598)
[2023-11-12T18:41:06.594+0100][gc,heap       ] GC(875) Survivor regions: 13->16(77)
[2023-11-12T18:41:06.594+0100][gc,heap       ] GC(875) Old regions: 145->145
[2023-11-12T18:41:06.594+0100][gc,heap       ] GC(875) Humongous regions: 129->129
[2023-11-12T18:41:06.594+0100][gc,metaspace  ] GC(875) Metaspace: 47980K(51968K)->47980K(51968K) NonClass: 42050K(44288K)->42050K(44288K) Class: 5930K(7680K)->5930K(7680K)
[2023-11-12T18:41:06.594+0100][gc            ] GC(875) Pause Young (Normal) (G1 Evacuation Pause) 886M->287M(1024M) 6,120ms
[2023-11-12T18:41:06.594+0100][gc,cpu        ] GC(875) User=0,05s Sys=0,02s Real=0,01s
[2023-11-12T18:41:08.027+0100][gc,start      ] GC(876) Pause Young (Normal) (G1 Evacuation Pause)
[2023-11-12T18:41:08.027+0100][gc,task       ] GC(876) Using 13 workers of 13 for evacuation
[2023-11-12T18:41:08.035+0100][gc,phases     ] GC(876)   Pre Evacuate Collection Set: 0,0ms
[2023-11-12T18:41:08.035+0100][gc,phases     ] GC(876)   Evacuate Collection Set: 7,2ms
[2023-11-12T18:41:08.035+0100][gc,phases     ] GC(876)   Post Evacuate Collection Set: 0,5ms
[2023-11-12T18:41:08.035+0100][gc,phases     ] GC(876)   Other: 0,2ms
[2023-11-12T18:41:08.035+0100][gc,heap       ] GC(876) Eden regions: 598->0(595)
[2023-11-12T18:41:08.035+0100][gc,heap       ] GC(876) Survivor regions: 16->19(77)
[2023-11-12T18:41:08.035+0100][gc,heap       ] GC(876) Old regions: 145->145
[2023-11-12T18:41:08.035+0100][gc,heap       ] GC(876) Humongous regions: 129->129
[2023-11-12T18:41:08.035+0100][gc,metaspace  ] GC(876) Metaspace: 47980K(51968K)->47980K(51968K) NonClass: 42050K(44288K)->42050K(44288K) Class: 5930K(7680K)->5930K(7680K)
[2023-11-12T18:41:08.036+0100][gc            ] GC(876) Pause Young (Normal) (G1 Evacuation Pause) 885M->291M(1024M) 8,081ms
[2023-11-12T18:41:08.036+0100][gc,cpu        ] GC(876) User=0,06s Sys=0,00s Real=0,01s
[2023-11-12T18:41:09.412+0100][gc,start      ] GC(877) Pause Young (Normal) (G1 Evacuation Pause)
[2023-11-12T18:41:09.412+0100][gc,task       ] GC(877) Using 13 workers of 13 for evacuation
[2023-11-12T18:41:09.419+0100][gc,phases     ] GC(877)   Pre Evacuate Collection Set: 0,0ms
[2023-11-12T18:41:09.420+0100][gc,phases     ] GC(877)   Evacuate Collection Set: 6,9ms
[2023-11-12T18:41:09.420+0100][gc,phases     ] GC(877)   Post Evacuate Collection Set: 0,6ms
[2023-11-12T18:41:09.420+0100][gc,phases     ] GC(877)   Other: 0,2ms
[2023-11-12T18:41:09.420+0100][gc,heap       ] GC(877) Eden regions: 595->0(592)
[2023-11-12T18:41:09.420+0100][gc,heap       ] GC(877) Survivor regions: 19->22(77)
[2023-11-12T18:41:09.420+0100][gc,heap       ] GC(877) Old regions: 145->145
[2023-11-12T18:41:09.420+0100][gc,heap       ] GC(877) Humongous regions: 129->129
[2023-11-12T18:41:09.420+0100][gc,metaspace  ] GC(877) Metaspace: 47980K(51968K)->47980K(51968K) NonClass: 42050K(44288K)->42050K(44288K) Class: 5930K(7680K)->5930K(7680K)
[2023-11-12T18:41:09.420+0100][gc            ] GC(877) Pause Young (Normal) (G1 Evacuation Pause) 886M->294M(1024M) 7,833ms
[2023-11-12T18:41:09.420+0100][gc,cpu        ] GC(877) User=0,09s Sys=0,00s Real=0,01s
[2023-11-12T18:41:10.780+0100][gc,start      ] GC(878) Pause Young (Normal) (G1 Evacuation Pause)
[2023-11-12T18:41:10.780+0100][gc,task       ] GC(878) Using 13 workers of 13 for evacuation
[2023-11-12T18:41:10.788+0100][gc,phases     ] GC(878)   Pre Evacuate Collection Set: 0,0ms
[2023-11-12T18:41:10.788+0100][gc,phases     ] GC(878)   Evacuate Collection Set: 7,5ms
[2023-11-12T18:41:10.788+0100][gc,phases     ] GC(878)   Post Evacuate Collection Set: 0,6ms
[2023-11-12T18:41:10.788+0100][gc,phases     ] GC(878)   Other: 0,2ms
[2023-11-12T18:41:10.788+0100][gc,heap       ] GC(878) Eden regions: 592->0(589)
[2023-11-12T18:41:10.788+0100][gc,heap       ] GC(878) Survivor regions: 22->25(77)
[2023-11-12T18:41:10.788+0100][gc,heap       ] GC(878) Old regions: 145->145
[2023-11-12T18:41:10.788+0100][gc,heap       ] GC(878) Humongous regions: 129->129
[2023-11-12T18:41:10.788+0100][gc,metaspace  ] GC(878) Metaspace: 47980K(51968K)->47980K(51968K) NonClass: 42050K(44288K)->42050K(44288K) Class: 5930K(7680K)->5930K(7680K)
[2023-11-12T18:41:10.788+0100][gc            ] GC(878) Pause Young (Normal) (G1 Evacuation Pause) 886M->296M(1024M) 8,421ms
[2023-11-12T18:41:10.788+0100][gc,cpu        ] GC(878) User=0,09s Sys=0,00s Real=0,01s
[2023-11-12T18:41:12.124+0100][gc,start      ] GC(879) Pause Young (Normal) (G1 Evacuation Pause)
[2023-11-12T18:41:12.124+0100][gc,task       ] GC(879) Using 13 workers of 13 for evacuation
[2023-11-12T18:41:12.134+0100][gc,phases     ] GC(879)   Pre Evacuate Collection Set: 0,0ms
[2023-11-12T18:41:12.134+0100][gc,phases     ] GC(879)   Evacuate Collection Set: 8,8ms
[2023-11-12T18:41:12.134+0100][gc,phases     ] GC(879)   Post Evacuate Collection Set: 0,7ms
[2023-11-12T18:41:12.134+0100][gc,phases     ] GC(879)   Other: 0,3ms
[2023-11-12T18:41:12.134+0100][gc,heap       ] GC(879) Eden regions: 589->0(586)
[2023-11-12T18:41:12.134+0100][gc,heap       ] GC(879) Survivor regions: 25->28(77)
[2023-11-12T18:41:12.134+0100][gc,heap       ] GC(879) Old regions: 145->145
[2023-11-12T18:41:12.134+0100][gc,heap       ] GC(879) Humongous regions: 129->129
[2023-11-12T18:41:12.134+0100][gc,metaspace  ] GC(879) Metaspace: 47980K(51968K)->47980K(51968K) NonClass: 42050K(44288K)->42050K(44288K) Class: 5930K(7680K)->5930K(7680K)
[2023-11-12T18:41:12.134+0100][gc            ] GC(879) Pause Young (Normal) (G1 Evacuation Pause) 885M->300M(1024M) 9,948ms
[2023-11-12T18:41:12.134+0100][gc,cpu        ] GC(879) User=0,10s Sys=0,01s Real=0,01s
[2023-11-12T18:41:13.725+0100][gc,start      ] GC(880) Pause Young (Normal) (G1 Evacuation Pause)
[2023-11-12T18:41:13.725+0100][gc,task       ] GC(880) Using 13 workers of 13 for evacuation
[2023-11-12T18:41:13.735+0100][gc,phases     ] GC(880)   Pre Evacuate Collection Set: 0,0ms
[2023-11-12T18:41:13.735+0100][gc,phases     ] GC(880)   Evacuate Collection Set: 9,5ms
[2023-11-12T18:41:13.735+0100][gc,phases     ] GC(880)   Post Evacuate Collection Set: 0,9ms
[2023-11-12T18:41:13.735+0100][gc,phases     ] GC(880)   Other: 0,2ms
[2023-11-12T18:41:13.735+0100][gc,heap       ] GC(880) Eden regions: 586->0(584)
[2023-11-12T18:41:13.736+0100][gc,heap       ] GC(880) Survivor regions: 28->30(77)
[2023-11-12T18:41:13.736+0100][gc,heap       ] GC(880) Old regions: 145->145
[2023-11-12T18:41:13.736+0100][gc,heap       ] GC(880) Humongous regions: 129->129
[2023-11-12T18:41:13.736+0100][gc,metaspace  ] GC(880) Metaspace: 47980K(51968K)->47980K(51968K) NonClass: 42050K(44288K)->42050K(44288K) Class: 5930K(7680K)->5930K(7680K)
[2023-11-12T18:41:13.736+0100][gc            ] GC(880) Pause Young (Normal) (G1 Evacuation Pause) 886M->302M(1024M) 10,769ms
[2023-11-12T18:41:13.736+0100][gc,cpu        ] GC(880) User=0,11s Sys=0,00s Real=0,01s
[2023-11-12T18:41:15.084+0100][gc,start      ] GC(881) Pause Young (Normal) (G1 Evacuation Pause)
[2023-11-12T18:41:15.084+0100][gc,task       ] GC(881) Using 13 workers of 13 for evacuation
[2023-11-12T18:41:15.087+0100][gc,phases     ] GC(881)   Pre Evacuate Collection Set: 0,0ms
[2023-11-12T18:41:15.087+0100][gc,phases     ] GC(881)   Evacuate Collection Set: 2,2ms
[2023-11-12T18:41:15.087+0100][gc,phases     ] GC(881)   Post Evacuate Collection Set: 0,6ms
[2023-11-12T18:41:15.087+0100][gc,phases     ] GC(881)   Other: 0,2ms
[2023-11-12T18:41:15.087+0100][gc,heap       ] GC(881) Eden regions: 584->0(608)
[2023-11-12T18:41:15.087+0100][gc,heap       ] GC(881) Survivor regions: 30->6(77)
[2023-11-12T18:41:15.087+0100][gc,heap       ] GC(881) Old regions: 145->145
[2023-11-12T18:41:15.087+0100][gc,heap       ] GC(881) Humongous regions: 129->129
[2023-11-12T18:41:15.087+0100][gc,metaspace  ] GC(881) Metaspace: 47980K(51968K)->47980K(51968K) NonClass: 42050K(44288K)->42050K(44288K) Class: 5930K(7680K)->5930K(7680K)
[2023-11-12T18:41:15.087+0100][gc            ] GC(881) Pause Young (Normal) (G1 Evacuation Pause) 886M->277M(1024M) 3,050ms
[2023-11-12T18:41:15.087+0100][gc,cpu        ] GC(881) User=0,03s Sys=0,00s Real=0,00s
[2023-11-12T18:41:16.501+0100][gc,start      ] GC(882) Pause Young (Normal) (G1 Evacuation Pause)
[2023-11-12T18:41:16.501+0100][gc,task       ] GC(882) Using 13 workers of 13 for evacuation
[2023-11-12T18:41:16.505+0100][gc,phases     ] GC(882)   Pre Evacuate Collection Set: 0,0ms
[2023-11-12T18:41:16.505+0100][gc,phases     ] GC(882)   Evacuate Collection Set: 2,9ms
[2023-11-12T18:41:16.505+0100][gc,phases     ] GC(882)   Post Evacuate Collection Set: 0,6ms
[2023-11-12T18:41:16.505+0100][gc,phases     ] GC(882)   Other: 0,2ms
[2023-11-12T18:41:16.505+0100][gc,heap       ] GC(882) Eden regions: 608->0(608)
[2023-11-12T18:41:16.505+0100][gc,heap       ] GC(882) Survivor regions: 6->6(77)
[2023-11-12T18:41:16.505+0100][gc,heap       ] GC(882) Old regions: 145->145
[2023-11-12T18:41:16.505+0100][gc,heap       ] GC(882) Humongous regions: 129->129
[2023-11-12T18:41:16.505+0100][gc,metaspace  ] GC(882) Metaspace: 47980K(51968K)->47980K(51968K) NonClass: 42050K(44288K)->42050K(44288K) Class: 5930K(7680K)->5930K(7680K)
[2023-11-12T18:41:16.505+0100][gc            ] GC(882) Pause Young (Normal) (G1 Evacuation Pause) 885M->277M(1024M) 3,863ms
[2023-11-12T18:41:16.505+0100][gc,cpu        ] GC(882) User=0,04s Sys=0,00s Real=0,01s
[2023-11-12T18:41:17.936+0100][gc,start      ] GC(883) Pause Young (Normal) (G1 Evacuation Pause)
[2023-11-12T18:41:17.936+0100][gc,task       ] GC(883) Using 13 workers of 13 for evacuation
[2023-11-12T18:41:17.941+0100][gc,phases     ] GC(883)   Pre Evacuate Collection Set: 0,0ms
[2023-11-12T18:41:17.941+0100][gc,phases     ] GC(883)   Evacuate Collection Set: 4,6ms
[2023-11-12T18:41:17.941+0100][gc,phases     ] GC(883)   Post Evacuate Collection Set: 0,6ms
[2023-11-12T18:41:17.942+0100][gc,phases     ] GC(883)   Other: 0,2ms
[2023-11-12T18:41:17.942+0100][gc,heap       ] GC(883) Eden regions: 608->0(606)
[2023-11-12T18:41:17.942+0100][gc,heap       ] GC(883) Survivor regions: 6->8(77)
[2023-11-12T18:41:17.942+0100][gc,heap       ] GC(883) Old regions: 145->145
[2023-11-12T18:41:17.942+0100][gc,heap       ] GC(883) Humongous regions: 129->129
[2023-11-12T18:41:17.942+0100][gc,metaspace  ] GC(883) Metaspace: 47980K(51968K)->47980K(51968K) NonClass: 42050K(44288K)->42050K(44288K) Class: 5930K(7680K)->5930K(7680K)
[2023-11-12T18:41:17.942+0100][gc            ] GC(883) Pause Young (Normal) (G1 Evacuation Pause) 885M->280M(1024M) 5,614ms
[2023-11-12T18:41:17.942+0100][gc,cpu        ] GC(883) User=0,04s Sys=0,01s Real=0,01s
[2023-11-12T18:41:19.370+0100][gc,start      ] GC(884) Pause Young (Normal) (G1 Evacuation Pause)
[2023-11-12T18:41:19.371+0100][gc,task       ] GC(884) Using 13 workers of 13 for evacuation
[2023-11-12T18:41:19.376+0100][gc,phases     ] GC(884)   Pre Evacuate Collection Set: 0,0ms
[2023-11-12T18:41:19.377+0100][gc,phases     ] GC(884)   Evacuate Collection Set: 5,0ms
[2023-11-12T18:41:19.377+0100][gc,phases     ] GC(884)   Post Evacuate Collection Set: 0,8ms
[2023-11-12T18:41:19.377+0100][gc,phases     ] GC(884)   Other: 0,2ms
[2023-11-12T18:41:19.377+0100][gc,heap       ] GC(884) Eden regions: 606->0(603)
[2023-11-12T18:41:19.377+0100][gc,heap       ] GC(884) Survivor regions: 8->11(77)
[2023-11-12T18:41:19.377+0100][gc,heap       ] GC(884) Old regions: 145->145
[2023-11-12T18:41:19.377+0100][gc,heap       ] GC(884) Humongous regions: 129->129
[2023-11-12T18:41:19.377+0100][gc,metaspace  ] GC(884) Metaspace: 47980K(51968K)->47980K(51968K) NonClass: 42050K(44288K)->42050K(44288K) Class: 5930K(7680K)->5930K(7680K)
[2023-11-12T18:41:19.377+0100][gc            ] GC(884) Pause Young (Normal) (G1 Evacuation Pause) 886M->283M(1024M) 6,110ms
[2023-11-12T18:41:19.377+0100][gc,cpu        ] GC(884) User=0,05s Sys=0,00s Real=0,01s
[2023-11-12T18:41:20.851+0100][gc,start      ] GC(885) Pause Young (Normal) (G1 Evacuation Pause)
[2023-11-12T18:41:20.851+0100][gc,task       ] GC(885) Using 13 workers of 13 for evacuation
[2023-11-12T18:41:20.857+0100][gc,phases     ] GC(885)   Pre Evacuate Collection Set: 0,0ms
[2023-11-12T18:41:20.857+0100][gc,phases     ] GC(885)   Evacuate Collection Set: 4,8ms
[2023-11-12T18:41:20.857+0100][gc,phases     ] GC(885)   Post Evacuate Collection Set: 0,6ms
[2023-11-12T18:41:20.857+0100][gc,phases     ] GC(885)   Other: 0,2ms
[2023-11-12T18:41:20.857+0100][gc,heap       ] GC(885) Eden regions: 603->0(600)
[2023-11-12T18:41:20.857+0100][gc,heap       ] GC(885) Survivor regions: 11->14(77)
[2023-11-12T18:41:20.857+0100][gc,heap       ] GC(885) Old regions: 145->146
[2023-11-12T18:41:20.857+0100][gc,heap       ] GC(885) Humongous regions: 129->129
[2023-11-12T18:41:20.857+0100][gc,metaspace  ] GC(885) Metaspace: 47980K(51968K)->47980K(51968K) NonClass: 42050K(44288K)->42050K(44288K) Class: 5930K(7680K)->5930K(7680K)
[2023-11-12T18:41:20.857+0100][gc            ] GC(885) Pause Young (Normal) (G1 Evacuation Pause) 886M->286M(1024M) 5,723ms
[2023-11-12T18:41:20.857+0100][gc,cpu        ] GC(885) User=0,06s Sys=0,01s Real=0,01s
[2023-11-12T18:41:22.264+0100][gc,start      ] GC(886) Pause Young (Normal) (G1 Evacuation Pause)
[2023-11-12T18:41:22.264+0100][gc,task       ] GC(886) Using 13 workers of 13 for evacuation
[2023-11-12T18:41:22.285+0100][gc,mmu        ] GC(886) MMU target violated: 20,9ms (20,0ms/21,0ms)
[2023-11-12T18:41:22.285+0100][gc,phases     ] GC(886)   Pre Evacuate Collection Set: 0,0ms
[2023-11-12T18:41:22.285+0100][gc,phases     ] GC(886)   Evacuate Collection Set: 19,9ms
[2023-11-12T18:41:22.285+0100][gc,phases     ] GC(886)   Post Evacuate Collection Set: 1,0ms
[2023-11-12T18:41:22.286+0100][gc,phases     ] GC(886)   Other: 0,3ms
[2023-11-12T18:41:22.286+0100][gc,heap       ] GC(886) Eden regions: 600->0(597)
[2023-11-12T18:41:22.286+0100][gc,heap       ] GC(886) Survivor regions: 14->17(77)
[2023-11-12T18:41:22.286+0100][gc,heap       ] GC(886) Old regions: 146->146
[2023-11-12T18:41:22.286+0100][gc,heap       ] GC(886) Humongous regions: 129->129
[2023-11-12T18:41:22.286+0100][gc,metaspace  ] GC(886) Metaspace: 47980K(51968K)->47980K(51968K) NonClass: 42050K(44288K)->42050K(44288K) Class: 5930K(7680K)->5930K(7680K)
[2023-11-12T18:41:22.286+0100][gc            ] GC(886) Pause Young (Normal) (G1 Evacuation Pause) 886M->289M(1024M) 21,343ms
[2023-11-12T18:41:22.286+0100][gc,cpu        ] GC(886) User=0,25s Sys=0,00s Real=0,02s
[2023-11-12T18:41:23.692+0100][gc,start      ] GC(887) Pause Young (Normal) (G1 Evacuation Pause)
[2023-11-12T18:41:23.693+0100][gc,task       ] GC(887) Using 13 workers of 13 for evacuation
[2023-11-12T18:41:23.700+0100][gc,phases     ] GC(887)   Pre Evacuate Collection Set: 0,0ms
[2023-11-12T18:41:23.700+0100][gc,phases     ] GC(887)   Evacuate Collection Set: 6,4ms
[2023-11-12T18:41:23.700+0100][gc,phases     ] GC(887)   Post Evacuate Collection Set: 0,6ms
[2023-11-12T18:41:23.700+0100][gc,phases     ] GC(887)   Other: 0,2ms
[2023-11-12T18:41:23.700+0100][gc,heap       ] GC(887) Eden regions: 597->0(594)
[2023-11-12T18:41:23.700+0100][gc,heap       ] GC(887) Survivor regions: 17->20(77)
[2023-11-12T18:41:23.700+0100][gc,heap       ] GC(887) Old regions: 146->146
[2023-11-12T18:41:23.700+0100][gc,heap       ] GC(887) Humongous regions: 129->129
[2023-11-12T18:41:23.700+0100][gc,metaspace  ] GC(887) Metaspace: 47980K(51968K)->47980K(51968K) NonClass: 42050K(44288K)->42050K(44288K) Class: 5930K(7680K)->5930K(7680K)
[2023-11-12T18:41:23.700+0100][gc            ] GC(887) Pause Young (Normal) (G1 Evacuation Pause) 886M->292M(1024M) 7,441ms
[2023-11-12T18:41:23.700+0100][gc,cpu        ] GC(887) User=0,08s Sys=0,00s Real=0,01s
[2023-11-12T18:41:25.098+0100][gc,start      ] GC(888) Pause Young (Normal) (G1 Evacuation Pause)
[2023-11-12T18:41:25.098+0100][gc,task       ] GC(888) Using 13 workers of 13 for evacuation
[2023-11-12T18:41:25.106+0100][gc,phases     ] GC(888)   Pre Evacuate Collection Set: 0,0ms
[2023-11-12T18:41:25.106+0100][gc,phases     ] GC(888)   Evacuate Collection Set: 7,2ms
[2023-11-12T18:41:25.106+0100][gc,phases     ] GC(888)   Post Evacuate Collection Set: 0,5ms
[2023-11-12T18:41:25.106+0100][gc,phases     ] GC(888)   Other: 0,2ms
[2023-11-12T18:41:25.106+0100][gc,heap       ] GC(888) Eden regions: 594->0(591)
[2023-11-12T18:41:25.106+0100][gc,heap       ] GC(888) Survivor regions: 20->23(77)
[2023-11-12T18:41:25.106+0100][gc,heap       ] GC(888) Old regions: 146->146
[2023-11-12T18:41:25.106+0100][gc,heap       ] GC(888) Humongous regions: 129->129
[2023-11-12T18:41:25.106+0100][gc,metaspace  ] GC(888) Metaspace: 47980K(51968K)->47980K(51968K) NonClass: 42050K(44288K)->42050K(44288K) Class: 5930K(7680K)->5930K(7680K)
[2023-11-12T18:41:25.106+0100][gc            ] GC(888) Pause Young (Normal) (G1 Evacuation Pause) 886M->295M(1024M) 8,070ms
[2023-11-12T18:41:25.106+0100][gc,cpu        ] GC(888) User=0,05s Sys=0,04s Real=0,01s
[2023-11-12T18:41:26.478+0100][gc,start      ] GC(889) Pause Young (Normal) (G1 Evacuation Pause)
[2023-11-12T18:41:26.478+0100][gc,task       ] GC(889) Using 13 workers of 13 for evacuation
[2023-11-12T18:41:26.486+0100][gc,phases     ] GC(889)   Pre Evacuate Collection Set: 0,0ms
[2023-11-12T18:41:26.486+0100][gc,phases     ] GC(889)   Evacuate Collection Set: 7,8ms
[2023-11-12T18:41:26.486+0100][gc,phases     ] GC(889)   Post Evacuate Collection Set: 0,5ms
[2023-11-12T18:41:26.486+0100][gc,phases     ] GC(889)   Other: 0,3ms
[2023-11-12T18:41:26.486+0100][gc,heap       ] GC(889) Eden regions: 591->0(588)
[2023-11-12T18:41:26.486+0100][gc,heap       ] GC(889) Survivor regions: 23->26(77)
[2023-11-12T18:41:26.486+0100][gc,heap       ] GC(889) Old regions: 146->146
[2023-11-12T18:41:26.486+0100][gc,heap       ] GC(889) Humongous regions: 129->129
[2023-11-12T18:41:26.486+0100][gc,metaspace  ] GC(889) Metaspace: 47980K(51968K)->47980K(51968K) NonClass: 42050K(44288K)->42050K(44288K) Class: 5930K(7680K)->5930K(7680K)
[2023-11-12T18:41:26.486+0100][gc            ] GC(889) Pause Young (Normal) (G1 Evacuation Pause) 886M->298M(1024M) 8,755ms
[2023-11-12T18:41:26.486+0100][gc,cpu        ] GC(889) User=0,06s Sys=0,04s Real=0,01s
[2023-11-12T18:41:27.821+0100][gc,start      ] GC(890) Pause Young (Normal) (G1 Evacuation Pause)
[2023-11-12T18:41:27.821+0100][gc,task       ] GC(890) Using 13 workers of 13 for evacuation
[2023-11-12T18:41:27.830+0100][gc,phases     ] GC(890)   Pre Evacuate Collection Set: 0,0ms
[2023-11-12T18:41:27.830+0100][gc,phases     ] GC(890)   Evacuate Collection Set: 8,3ms
[2023-11-12T18:41:27.830+0100][gc,phases     ] GC(890)   Post Evacuate Collection Set: 0,6ms
[2023-11-12T18:41:27.830+0100][gc,phases     ] GC(890)   Other: 0,3ms
[2023-11-12T18:41:27.830+0100][gc,heap       ] GC(890) Eden regions: 588->0(585)
[2023-11-12T18:41:27.830+0100][gc,heap       ] GC(890) Survivor regions: 26->29(77)
[2023-11-12T18:41:27.830+0100][gc,heap       ] GC(890) Old regions: 146->146
[2023-11-12T18:41:27.830+0100][gc,heap       ] GC(890) Humongous regions: 129->129
[2023-11-12T18:41:27.830+0100][gc,metaspace  ] GC(890) Metaspace: 47980K(51968K)->47980K(51968K) NonClass: 42050K(44288K)->42050K(44288K) Class: 5930K(7680K)->5930K(7680K)
[2023-11-12T18:41:27.830+0100][gc            ] GC(890) Pause Young (Normal) (G1 Evacuation Pause) 886M->302M(1024M) 9,246ms
[2023-11-12T18:41:27.830+0100][gc,cpu        ] GC(890) User=0,07s Sys=0,04s Real=0,01s
[2023-11-12T18:41:29.149+0100][gc,start      ] GC(891) Pause Young (Normal) (G1 Evacuation Pause)
[2023-11-12T18:41:29.149+0100][gc,task       ] GC(891) Using 13 workers of 13 for evacuation
[2023-11-12T18:41:29.159+0100][gc,phases     ] GC(891)   Pre Evacuate Collection Set: 0,0ms
[2023-11-12T18:41:29.159+0100][gc,phases     ] GC(891)   Evacuate Collection Set: 8,9ms
[2023-11-12T18:41:29.159+0100][gc,phases     ] GC(891)   Post Evacuate Collection Set: 0,6ms
[2023-11-12T18:41:29.159+0100][gc,phases     ] GC(891)   Other: 0,2ms
[2023-11-12T18:41:29.159+0100][gc,heap       ] GC(891) Eden regions: 585->0(583)
[2023-11-12T18:41:29.159+0100][gc,heap       ] GC(891) Survivor regions: 29->31(77)
[2023-11-12T18:41:29.159+0100][gc,heap       ] GC(891) Old regions: 146->146
[2023-11-12T18:41:29.159+0100][gc,heap       ] GC(891) Humongous regions: 129->129
[2023-11-12T18:41:29.159+0100][gc,metaspace  ] GC(891) Metaspace: 47980K(51968K)->47980K(51968K) NonClass: 42050K(44288K)->42050K(44288K) Class: 5930K(7680K)->5930K(7680K)
[2023-11-12T18:41:29.159+0100][gc            ] GC(891) Pause Young (Normal) (G1 Evacuation Pause) 887M->304M(1024M) 9,757ms
[2023-11-12T18:41:29.159+0100][gc,cpu        ] GC(891) User=0,10s Sys=0,01s Real=0,01s
[2023-11-12T18:41:30.494+0100][gc,start      ] GC(892) Pause Young (Normal) (G1 Evacuation Pause)
[2023-11-12T18:41:30.494+0100][gc,task       ] GC(892) Using 13 workers of 13 for evacuation
[2023-11-12T18:41:30.497+0100][gc,phases     ] GC(892)   Pre Evacuate Collection Set: 0,0ms
[2023-11-12T18:41:30.497+0100][gc,phases     ] GC(892)   Evacuate Collection Set: 2,3ms
[2023-11-12T18:41:30.497+0100][gc,phases     ] GC(892)   Post Evacuate Collection Set: 0,6ms
[2023-11-12T18:41:30.497+0100][gc,phases     ] GC(892)   Other: 0,2ms
[2023-11-12T18:41:30.497+0100][gc,heap       ] GC(892) Eden regions: 583->0(608)
[2023-11-12T18:41:30.497+0100][gc,heap       ] GC(892) Survivor regions: 31->6(77)
[2023-11-12T18:41:30.497+0100][gc,heap       ] GC(892) Old regions: 146->146
[2023-11-12T18:41:30.497+0100][gc,heap       ] GC(892) Humongous regions: 129->129
[2023-11-12T18:41:30.497+0100][gc,metaspace  ] GC(892) Metaspace: 47980K(51968K)->47980K(51968K) NonClass: 42050K(44288K)->42050K(44288K) Class: 5930K(7680K)->5930K(7680K)
[2023-11-12T18:41:30.497+0100][gc            ] GC(892) Pause Young (Normal) (G1 Evacuation Pause) 887M->278M(1024M) 3,217ms
[2023-11-12T18:41:30.498+0100][gc,cpu        ] GC(892) User=0,01s Sys=0,01s Real=0,00s
[2023-11-12T18:41:31.904+0100][gc,start      ] GC(893) Pause Young (Normal) (G1 Evacuation Pause)
[2023-11-12T18:41:31.904+0100][gc,task       ] GC(893) Using 13 workers of 13 for evacuation
[2023-11-12T18:41:31.908+0100][gc,phases     ] GC(893)   Pre Evacuate Collection Set: 0,0ms
[2023-11-12T18:41:31.908+0100][gc,phases     ] GC(893)   Evacuate Collection Set: 2,9ms
[2023-11-12T18:41:31.908+0100][gc,phases     ] GC(893)   Post Evacuate Collection Set: 0,6ms
[2023-11-12T18:41:31.908+0100][gc,phases     ] GC(893)   Other: 0,2ms
[2023-11-12T18:41:31.908+0100][gc,heap       ] GC(893) Eden regions: 608->0(608)
[2023-11-12T18:41:31.908+0100][gc,heap       ] GC(893) Survivor regions: 6->6(77)
[2023-11-12T18:41:31.908+0100][gc,heap       ] GC(893) Old regions: 146->146
[2023-11-12T18:41:31.908+0100][gc,heap       ] GC(893) Humongous regions: 129->129
[2023-11-12T18:41:31.908+0100][gc,metaspace  ] GC(893) Metaspace: 47980K(51968K)->47980K(51968K) NonClass: 42050K(44288K)->42050K(44288K) Class: 5930K(7680K)->5930K(7680K)
[2023-11-12T18:41:31.908+0100][gc            ] GC(893) Pause Young (Normal) (G1 Evacuation Pause) 886M->279M(1024M) 3,793ms
[2023-11-12T18:41:31.908+0100][gc,cpu        ] GC(893) User=0,04s Sys=0,00s Real=0,00s
[2023-11-12T18:41:33.309+0100][gc,start      ] GC(894) Pause Young (Normal) (G1 Evacuation Pause)
[2023-11-12T18:41:33.309+0100][gc,task       ] GC(894) Using 13 workers of 13 for evacuation
[2023-11-12T18:41:33.313+0100][gc,phases     ] GC(894)   Pre Evacuate Collection Set: 0,0ms
[2023-11-12T18:41:33.313+0100][gc,phases     ] GC(894)   Evacuate Collection Set: 3,7ms
[2023-11-12T18:41:33.313+0100][gc,phases     ] GC(894)   Post Evacuate Collection Set: 0,5ms
[2023-11-12T18:41:33.313+0100][gc,phases     ] GC(894)   Other: 0,2ms
[2023-11-12T18:41:33.313+0100][gc,heap       ] GC(894) Eden regions: 608->0(606)
[2023-11-12T18:41:33.313+0100][gc,heap       ] GC(894) Survivor regions: 6->8(77)
[2023-11-12T18:41:33.313+0100][gc,heap       ] GC(894) Old regions: 146->146
[2023-11-12T18:41:33.313+0100][gc,heap       ] GC(894) Humongous regions: 129->129
[2023-11-12T18:41:33.313+0100][gc,metaspace  ] GC(894) Metaspace: 47980K(51968K)->47980K(51968K) NonClass: 42050K(44288K)->42050K(44288K) Class: 5930K(7680K)->5930K(7680K)
[2023-11-12T18:41:33.313+0100][gc            ] GC(894) Pause Young (Normal) (G1 Evacuation Pause) 887M->281M(1024M) 4,587ms
[2023-11-12T18:41:33.313+0100][gc,cpu        ] GC(894) User=0,04s Sys=0,01s Real=0,01s
[2023-11-12T18:41:34.721+0100][gc,start      ] GC(895) Pause Young (Normal) (G1 Evacuation Pause)
[2023-11-12T18:41:34.721+0100][gc,task       ] GC(895) Using 13 workers of 13 for evacuation
[2023-11-12T18:41:34.726+0100][gc,phases     ] GC(895)   Pre Evacuate Collection Set: 0,0ms
[2023-11-12T18:41:34.726+0100][gc,phases     ] GC(895)   Evacuate Collection Set: 4,4ms
[2023-11-12T18:41:34.726+0100][gc,phases     ] GC(895)   Post Evacuate Collection Set: 0,6ms
[2023-11-12T18:41:34.726+0100][gc,phases     ] GC(895)   Other: 0,2ms
[2023-11-12T18:41:34.726+0100][gc,heap       ] GC(895) Eden regions: 606->0(603)
[2023-11-12T18:41:34.726+0100][gc,heap       ] GC(895) Survivor regions: 8->11(77)
[2023-11-12T18:41:34.726+0100][gc,heap       ] GC(895) Old regions: 146->146
[2023-11-12T18:41:34.726+0100][gc,heap       ] GC(895) Humongous regions: 129->129
[2023-11-12T18:41:34.726+0100][gc,metaspace  ] GC(895) Metaspace: 47980K(51968K)->47980K(51968K) NonClass: 42050K(44288K)->42050K(44288K) Class: 5930K(7680K)->5930K(7680K)
[2023-11-12T18:41:34.726+0100][gc            ] GC(895) Pause Young (Normal) (G1 Evacuation Pause) 887M->284M(1024M) 5,252ms
[2023-11-12T18:41:34.726+0100][gc,cpu        ] GC(895) User=0,02s Sys=0,03s Real=0,01s
[2023-11-12T18:41:36.087+0100][gc,start      ] GC(896) Pause Young (Normal) (G1 Evacuation Pause)
[2023-11-12T18:41:36.087+0100][gc,task       ] GC(896) Using 13 workers of 13 for evacuation
[2023-11-12T18:41:36.093+0100][gc,phases     ] GC(896)   Pre Evacuate Collection Set: 0,0ms
[2023-11-12T18:41:36.093+0100][gc,phases     ] GC(896)   Evacuate Collection Set: 5,0ms
[2023-11-12T18:41:36.093+0100][gc,phases     ] GC(896)   Post Evacuate Collection Set: 0,7ms
[2023-11-12T18:41:36.093+0100][gc,phases     ] GC(896)   Other: 0,3ms
[2023-11-12T18:41:36.093+0100][gc,heap       ] GC(896) Eden regions: 603->0(599)
[2023-11-12T18:41:36.093+0100][gc,heap       ] GC(896) Survivor regions: 11->15(77)
[2023-11-12T18:41:36.093+0100][gc,heap       ] GC(896) Old regions: 146->146
[2023-11-12T18:41:36.093+0100][gc,heap       ] GC(896) Humongous regions: 129->129
[2023-11-12T18:41:36.093+0100][gc,metaspace  ] GC(896) Metaspace: 47980K(51968K)->47980K(51968K) NonClass: 42050K(44288K)->42050K(44288K) Class: 5930K(7680K)->5930K(7680K)
[2023-11-12T18:41:36.093+0100][gc            ] GC(896) Pause Young (Normal) (G1 Evacuation Pause) 887M->287M(1024M) 6,182ms
[2023-11-12T18:41:36.094+0100][gc,cpu        ] GC(896) User=0,06s Sys=0,00s Real=0,01s
[2023-11-12T18:41:37.454+0100][gc,start      ] GC(897) Pause Young (Normal) (G1 Evacuation Pause)
[2023-11-12T18:41:37.454+0100][gc,task       ] GC(897) Using 13 workers of 13 for evacuation
[2023-11-12T18:41:37.461+0100][gc,phases     ] GC(897)   Pre Evacuate Collection Set: 0,0ms
[2023-11-12T18:41:37.461+0100][gc,phases     ] GC(897)   Evacuate Collection Set: 5,9ms
[2023-11-12T18:41:37.461+0100][gc,phases     ] GC(897)   Post Evacuate Collection Set: 0,6ms
[2023-11-12T18:41:37.461+0100][gc,phases     ] GC(897)   Other: 0,2ms
[2023-11-12T18:41:37.461+0100][gc,heap       ] GC(897) Eden regions: 599->0(597)
[2023-11-12T18:41:37.461+0100][gc,heap       ] GC(897) Survivor regions: 15->17(77)
[2023-11-12T18:41:37.461+0100][gc,heap       ] GC(897) Old regions: 146->146
[2023-11-12T18:41:37.461+0100][gc,heap       ] GC(897) Humongous regions: 129->129
[2023-11-12T18:41:37.461+0100][gc,metaspace  ] GC(897) Metaspace: 47981K(51968K)->47981K(51968K) NonClass: 42050K(44288K)->42050K(44288K) Class: 5930K(7680K)->5930K(7680K)
[2023-11-12T18:41:37.461+0100][gc            ] GC(897) Pause Young (Normal) (G1 Evacuation Pause) 886M->290M(1024M) 6,864ms
[2023-11-12T18:41:37.461+0100][gc,cpu        ] GC(897) User=0,06s Sys=0,01s Real=0,00s
[2023-11-12T18:41:38.876+0100][gc,start      ] GC(898) Pause Young (Normal) (G1 Evacuation Pause)
[2023-11-12T18:41:38.876+0100][gc,task       ] GC(898) Using 13 workers of 13 for evacuation
[2023-11-12T18:41:38.884+0100][gc,phases     ] GC(898)   Pre Evacuate Collection Set: 0,0ms
[2023-11-12T18:41:38.884+0100][gc,phases     ] GC(898)   Evacuate Collection Set: 7,2ms
[2023-11-12T18:41:38.884+0100][gc,phases     ] GC(898)   Post Evacuate Collection Set: 0,8ms
[2023-11-12T18:41:38.884+0100][gc,phases     ] GC(898)   Other: 0,3ms
[2023-11-12T18:41:38.884+0100][gc,heap       ] GC(898) Eden regions: 597->0(594)
[2023-11-12T18:41:38.884+0100][gc,heap       ] GC(898) Survivor regions: 17->20(77)
[2023-11-12T18:41:38.884+0100][gc,heap       ] GC(898) Old regions: 146->146
[2023-11-12T18:41:38.884+0100][gc,heap       ] GC(898) Humongous regions: 129->129
[2023-11-12T18:41:38.884+0100][gc,metaspace  ] GC(898) Metaspace: 47981K(51968K)->47981K(51968K) NonClass: 42050K(44288K)->42050K(44288K) Class: 5930K(7680K)->5930K(7680K)
[2023-11-12T18:41:38.884+0100][gc            ] GC(898) Pause Young (Normal) (G1 Evacuation Pause) 887M->293M(1024M) 8,463ms
[2023-11-12T18:41:38.884+0100][gc,cpu        ] GC(898) User=0,09s Sys=0,00s Real=0,01s
[2023-11-12T18:41:40.262+0100][gc,start      ] GC(899) Pause Young (Normal) (G1 Evacuation Pause)
[2023-11-12T18:41:40.262+0100][gc,task       ] GC(899) Using 13 workers of 13 for evacuation
[2023-11-12T18:41:40.270+0100][gc,phases     ] GC(899)   Pre Evacuate Collection Set: 0,0ms
[2023-11-12T18:41:40.270+0100][gc,phases     ] GC(899)   Evacuate Collection Set: 6,8ms
[2023-11-12T18:41:40.270+0100][gc,phases     ] GC(899)   Post Evacuate Collection Set: 0,6ms
[2023-11-12T18:41:40.270+0100][gc,phases     ] GC(899)   Other: 0,2ms
[2023-11-12T18:41:40.270+0100][gc,heap       ] GC(899) Eden regions: 594->0(592)
[2023-11-12T18:41:40.270+0100][gc,heap       ] GC(899) Survivor regions: 20->22(77)
[2023-11-12T18:41:40.270+0100][gc,heap       ] GC(899) Old regions: 146->146
[2023-11-12T18:41:40.270+0100][gc,heap       ] GC(899) Humongous regions: 129->129
[2023-11-12T18:41:40.270+0100][gc,metaspace  ] GC(899) Metaspace: 47981K(51968K)->47981K(51968K) NonClass: 42050K(44288K)->42050K(44288K) Class: 5930K(7680K)->5930K(7680K)
[2023-11-12T18:41:40.270+0100][gc            ] GC(899) Pause Young (Normal) (G1 Evacuation Pause) 887M->295M(1024M) 7,755ms
[2023-11-12T18:41:40.270+0100][gc,cpu        ] GC(899) User=0,07s Sys=0,02s Real=0,00s
[2023-11-12T18:41:41.627+0100][gc,start      ] GC(900) Pause Young (Normal) (G1 Evacuation Pause)
[2023-11-12T18:41:41.628+0100][gc,task       ] GC(900) Using 13 workers of 13 for evacuation
[2023-11-12T18:41:41.639+0100][gc,phases     ] GC(900)   Pre Evacuate Collection Set: 0,0ms
[2023-11-12T18:41:41.639+0100][gc,phases     ] GC(900)   Evacuate Collection Set: 10,3ms
[2023-11-12T18:41:41.639+0100][gc,phases     ] GC(900)   Post Evacuate Collection Set: 0,7ms
[2023-11-12T18:41:41.639+0100][gc,phases     ] GC(900)   Other: 0,3ms
[2023-11-12T18:41:41.639+0100][gc,heap       ] GC(900) Eden regions: 592->0(589)
[2023-11-12T18:41:41.639+0100][gc,heap       ] GC(900) Survivor regions: 22->25(77)
[2023-11-12T18:41:41.639+0100][gc,heap       ] GC(900) Old regions: 146->146
[2023-11-12T18:41:41.639+0100][gc,heap       ] GC(900) Humongous regions: 129->129
[2023-11-12T18:41:41.639+0100][gc,metaspace  ] GC(900) Metaspace: 47981K(51968K)->47981K(51968K) NonClass: 42050K(44288K)->42050K(44288K) Class: 5930K(7680K)->5930K(7680K)
[2023-11-12T18:41:41.639+0100][gc            ] GC(900) Pause Young (Normal) (G1 Evacuation Pause) 887M->298M(1024M) 11,326ms
[2023-11-12T18:41:41.639+0100][gc,cpu        ] GC(900) User=0,11s Sys=0,00s Real=0,01s
[2023-11-12T18:41:42.999+0100][gc,start      ] GC(901) Pause Young (Normal) (G1 Evacuation Pause)
[2023-11-12T18:41:42.999+0100][gc,task       ] GC(901) Using 13 workers of 13 for evacuation
[2023-11-12T18:41:43.008+0100][gc,phases     ] GC(901)   Pre Evacuate Collection Set: 0,0ms
[2023-11-12T18:41:43.008+0100][gc,phases     ] GC(901)   Evacuate Collection Set: 9,0ms
[2023-11-12T18:41:43.008+0100][gc,phases     ] GC(901)   Post Evacuate Collection Set: 0,6ms
[2023-11-12T18:41:43.009+0100][gc,phases     ] GC(901)   Other: 0,2ms
[2023-11-12T18:41:43.009+0100][gc,heap       ] GC(901) Eden regions: 589->0(586)
[2023-11-12T18:41:43.009+0100][gc,heap       ] GC(901) Survivor regions: 25->28(77)
[2023-11-12T18:41:43.009+0100][gc,heap       ] GC(901) Old regions: 146->146
[2023-11-12T18:41:43.009+0100][gc,heap       ] GC(901) Humongous regions: 129->129
[2023-11-12T18:41:43.009+0100][gc,metaspace  ] GC(901) Metaspace: 47981K(51968K)->47981K(51968K) NonClass: 42050K(44288K)->42050K(44288K) Class: 5930K(7680K)->5930K(7680K)
[2023-11-12T18:41:43.009+0100][gc            ] GC(901) Pause Young (Normal) (G1 Evacuation Pause) 887M->301M(1024M) 9,982ms
[2023-11-12T18:41:43.009+0100][gc,cpu        ] GC(901) User=0,11s Sys=0,01s Real=0,01s
[2023-11-12T18:41:44.397+0100][gc,start      ] GC(902) Pause Young (Normal) (G1 Evacuation Pause)
[2023-11-12T18:41:44.397+0100][gc,task       ] GC(902) Using 13 workers of 13 for evacuation
[2023-11-12T18:41:44.423+0100][gc,mmu        ] GC(902) MMU target violated: 21,0ms (20,0ms/21,0ms)
[2023-11-12T18:41:44.423+0100][gc,phases     ] GC(902)   Pre Evacuate Collection Set: 0,0ms
[2023-11-12T18:41:44.423+0100][gc,phases     ] GC(902)   Evacuate Collection Set: 25,0ms
[2023-11-12T18:41:44.423+0100][gc,phases     ] GC(902)   Post Evacuate Collection Set: 0,7ms
[2023-11-12T18:41:44.423+0100][gc,phases     ] GC(902)   Other: 0,3ms
[2023-11-12T18:41:44.423+0100][gc,heap       ] GC(902) Eden regions: 586->0(581)
[2023-11-12T18:41:44.423+0100][gc,heap       ] GC(902) Survivor regions: 28->32(77)
[2023-11-12T18:41:44.423+0100][gc,heap       ] GC(902) Old regions: 146->147
[2023-11-12T18:41:44.423+0100][gc,heap       ] GC(902) Humongous regions: 129->129
[2023-11-12T18:41:44.423+0100][gc,metaspace  ] GC(902) Metaspace: 47981K(51968K)->47981K(51968K) NonClass: 42050K(44288K)->42050K(44288K) Class: 5930K(7680K)->5930K(7680K)
[2023-11-12T18:41:44.423+0100][gc            ] GC(902) Pause Young (Normal) (G1 Evacuation Pause) 887M->305M(1024M) 26,136ms
[2023-11-12T18:41:44.423+0100][gc,cpu        ] GC(902) User=0,32s Sys=0,00s Real=0,03s
[2023-11-12T18:41:45.787+0100][gc,start      ] GC(903) Pause Young (Normal) (G1 Evacuation Pause)
[2023-11-12T18:41:45.787+0100][gc,task       ] GC(903) Using 13 workers of 13 for evacuation
[2023-11-12T18:41:45.791+0100][gc,phases     ] GC(903)   Pre Evacuate Collection Set: 0,0ms
[2023-11-12T18:41:45.791+0100][gc,phases     ] GC(903)   Evacuate Collection Set: 2,8ms
[2023-11-12T18:41:45.791+0100][gc,phases     ] GC(903)   Post Evacuate Collection Set: 0,6ms
[2023-11-12T18:41:45.791+0100][gc,phases     ] GC(903)   Other: 0,2ms
[2023-11-12T18:41:45.791+0100][gc,heap       ] GC(903) Eden regions: 581->0(609)
[2023-11-12T18:41:45.791+0100][gc,heap       ] GC(903) Survivor regions: 32->5(77)
[2023-11-12T18:41:45.791+0100][gc,heap       ] GC(903) Old regions: 147->147
[2023-11-12T18:41:45.791+0100][gc,heap       ] GC(903) Humongous regions: 129->129
[2023-11-12T18:41:45.791+0100][gc,metaspace  ] GC(903) Metaspace: 47981K(51968K)->47981K(51968K) NonClass: 42050K(44288K)->42050K(44288K) Class: 5930K(7680K)->5930K(7680K)
[2023-11-12T18:41:45.791+0100][gc            ] GC(903) Pause Young (Normal) (G1 Evacuation Pause) 886M->278M(1024M) 3,653ms
[2023-11-12T18:41:45.791+0100][gc,cpu        ] GC(903) User=0,03s Sys=0,00s Real=0,00s
[2023-11-12T18:41:47.207+0100][gc,start      ] GC(904) Pause Young (Normal) (G1 Evacuation Pause)
[2023-11-12T18:41:47.207+0100][gc,task       ] GC(904) Using 13 workers of 13 for evacuation
[2023-11-12T18:41:47.212+0100][gc,phases     ] GC(904)   Pre Evacuate Collection Set: 0,0ms
[2023-11-12T18:41:47.212+0100][gc,phases     ] GC(904)   Evacuate Collection Set: 4,7ms
[2023-11-12T18:41:47.212+0100][gc,phases     ] GC(904)   Post Evacuate Collection Set: 0,6ms
[2023-11-12T18:41:47.212+0100][gc,phases     ] GC(904)   Other: 0,3ms
[2023-11-12T18:41:47.212+0100][gc,heap       ] GC(904) Eden regions: 609->0(608)
[2023-11-12T18:41:47.212+0100][gc,heap       ] GC(904) Survivor regions: 5->6(77)
[2023-11-12T18:41:47.212+0100][gc,heap       ] GC(904) Old regions: 147->147
[2023-11-12T18:41:47.212+0100][gc,heap       ] GC(904) Humongous regions: 129->129
[2023-11-12T18:41:47.212+0100][gc,metaspace  ] GC(904) Metaspace: 47981K(51968K)->47981K(51968K) NonClass: 42050K(44288K)->42050K(44288K) Class: 5930K(7680K)->5930K(7680K)
[2023-11-12T18:41:47.212+0100][gc            ] GC(904) Pause Young (Normal) (G1 Evacuation Pause) 887M->279M(1024M) 5,754ms
[2023-11-12T18:41:47.212+0100][gc,cpu        ] GC(904) User=0,03s Sys=0,01s Real=0,00s
[2023-11-12T18:41:48.665+0100][gc,start      ] GC(905) Pause Young (Normal) (G1 Evacuation Pause)
[2023-11-12T18:41:48.665+0100][gc,task       ] GC(905) Using 13 workers of 13 for evacuation
[2023-11-12T18:41:48.683+0100][gc,phases     ] GC(905)   Pre Evacuate Collection Set: 0,0ms
[2023-11-12T18:41:48.683+0100][gc,phases     ] GC(905)   Evacuate Collection Set: 14,1ms
[2023-11-12T18:41:48.683+0100][gc,phases     ] GC(905)   Post Evacuate Collection Set: 2,7ms
[2023-11-12T18:41:48.683+0100][gc,phases     ] GC(905)   Other: 0,4ms
[2023-11-12T18:41:48.683+0100][gc,heap       ] GC(905) Eden regions: 608->0(605)
[2023-11-12T18:41:48.683+0100][gc,heap       ] GC(905) Survivor regions: 6->9(77)
[2023-11-12T18:41:48.683+0100][gc,heap       ] GC(905) Old regions: 147->147
[2023-11-12T18:41:48.683+0100][gc,heap       ] GC(905) Humongous regions: 129->129
[2023-11-12T18:41:48.683+0100][gc,metaspace  ] GC(905) Metaspace: 47981K(51968K)->47981K(51968K) NonClass: 42050K(44288K)->42050K(44288K) Class: 5930K(7680K)->5930K(7680K)
[2023-11-12T18:41:48.683+0100][gc            ] GC(905) Pause Young (Normal) (G1 Evacuation Pause) 887M->282M(1024M) 17,654ms
[2023-11-12T18:41:48.683+0100][gc,cpu        ] GC(905) User=0,14s Sys=0,04s Real=0,02s
[2023-11-12T18:41:50.100+0100][gc,start      ] GC(906) Pause Young (Normal) (G1 Evacuation Pause)
[2023-11-12T18:41:50.100+0100][gc,task       ] GC(906) Using 13 workers of 13 for evacuation
[2023-11-12T18:41:50.107+0100][gc,phases     ] GC(906)   Pre Evacuate Collection Set: 0,0ms
[2023-11-12T18:41:50.107+0100][gc,phases     ] GC(906)   Evacuate Collection Set: 6,3ms
[2023-11-12T18:41:50.107+0100][gc,phases     ] GC(906)   Post Evacuate Collection Set: 0,5ms
[2023-11-12T18:41:50.107+0100][gc,phases     ] GC(906)   Other: 0,2ms
[2023-11-12T18:41:50.107+0100][gc,heap       ] GC(906) Eden regions: 605->0(602)
[2023-11-12T18:41:50.107+0100][gc,heap       ] GC(906) Survivor regions: 9->12(77)
[2023-11-12T18:41:50.107+0100][gc,heap       ] GC(906) Old regions: 147->147
[2023-11-12T18:41:50.107+0100][gc,heap       ] GC(906) Humongous regions: 129->129
[2023-11-12T18:41:50.107+0100][gc,metaspace  ] GC(906) Metaspace: 47981K(51968K)->47981K(51968K) NonClass: 42050K(44288K)->42050K(44288K) Class: 5930K(7680K)->5930K(7680K)
[2023-11-12T18:41:50.107+0100][gc            ] GC(906) Pause Young (Normal) (G1 Evacuation Pause) 887M->285M(1024M) 7,169ms
[2023-11-12T18:41:50.107+0100][gc,cpu        ] GC(906) User=0,04s Sys=0,02s Real=0,01s
[2023-11-12T18:41:51.571+0100][gc,start      ] GC(907) Pause Young (Normal) (G1 Evacuation Pause)
[2023-11-12T18:41:51.571+0100][gc,task       ] GC(907) Using 13 workers of 13 for evacuation
[2023-11-12T18:41:51.577+0100][gc,phases     ] GC(907)   Pre Evacuate Collection Set: 0,0ms
[2023-11-12T18:41:51.577+0100][gc,phases     ] GC(907)   Evacuate Collection Set: 5,8ms
[2023-11-12T18:41:51.578+0100][gc,phases     ] GC(907)   Post Evacuate Collection Set: 0,7ms
[2023-11-12T18:41:51.578+0100][gc,phases     ] GC(907)   Other: 0,2ms
[2023-11-12T18:41:51.578+0100][gc,heap       ] GC(907) Eden regions: 602->0(599)
[2023-11-12T18:41:51.578+0100][gc,heap       ] GC(907) Survivor regions: 12->15(77)
[2023-11-12T18:41:51.578+0100][gc,heap       ] GC(907) Old regions: 147->147
[2023-11-12T18:41:51.578+0100][gc,heap       ] GC(907) Humongous regions: 129->129
[2023-11-12T18:41:51.578+0100][gc,metaspace  ] GC(907) Metaspace: 47981K(51968K)->47981K(51968K) NonClass: 42050K(44288K)->42050K(44288K) Class: 5930K(7680K)->5930K(7680K)
[2023-11-12T18:41:51.578+0100][gc            ] GC(907) Pause Young (Normal) (G1 Evacuation Pause) 887M->288M(1024M) 6,922ms
[2023-11-12T18:41:51.578+0100][gc,cpu        ] GC(907) User=0,04s Sys=0,03s Real=0,01s
[2023-11-12T18:41:52.950+0100][gc,start      ] GC(908) Pause Young (Normal) (G1 Evacuation Pause)
[2023-11-12T18:41:52.950+0100][gc,task       ] GC(908) Using 13 workers of 13 for evacuation
[2023-11-12T18:41:52.957+0100][gc,phases     ] GC(908)   Pre Evacuate Collection Set: 0,0ms
[2023-11-12T18:41:52.957+0100][gc,phases     ] GC(908)   Evacuate Collection Set: 6,2ms
[2023-11-12T18:41:52.957+0100][gc,phases     ] GC(908)   Post Evacuate Collection Set: 0,7ms
[2023-11-12T18:41:52.957+0100][gc,phases     ] GC(908)   Other: 0,2ms
[2023-11-12T18:41:52.957+0100][gc,heap       ] GC(908) Eden regions: 599->0(596)
[2023-11-12T18:41:52.957+0100][gc,heap       ] GC(908) Survivor regions: 15->18(77)
[2023-11-12T18:41:52.957+0100][gc,heap       ] GC(908) Old regions: 147->147
[2023-11-12T18:41:52.957+0100][gc,heap       ] GC(908) Humongous regions: 129->129
[2023-11-12T18:41:52.957+0100][gc,metaspace  ] GC(908) Metaspace: 47981K(51968K)->47981K(51968K) NonClass: 42050K(44288K)->42050K(44288K) Class: 5930K(7680K)->5930K(7680K)
[2023-11-12T18:41:52.957+0100][gc            ] GC(908) Pause Young (Normal) (G1 Evacuation Pause) 887M->291M(1024M) 7,208ms
[2023-11-12T18:41:52.957+0100][gc,cpu        ] GC(908) User=0,05s Sys=0,02s Real=0,01s
[2023-11-12T18:41:54.351+0100][gc,start      ] GC(909) Pause Young (Normal) (G1 Evacuation Pause)
[2023-11-12T18:41:54.351+0100][gc,task       ] GC(909) Using 13 workers of 13 for evacuation
[2023-11-12T18:41:54.358+0100][gc,phases     ] GC(909)   Pre Evacuate Collection Set: 0,0ms
[2023-11-12T18:41:54.358+0100][gc,phases     ] GC(909)   Evacuate Collection Set: 6,6ms
[2023-11-12T18:41:54.358+0100][gc,phases     ] GC(909)   Post Evacuate Collection Set: 0,5ms
[2023-11-12T18:41:54.358+0100][gc,phases     ] GC(909)   Other: 0,2ms
[2023-11-12T18:41:54.358+0100][gc,heap       ] GC(909) Eden regions: 596->0(593)
[2023-11-12T18:41:54.358+0100][gc,heap       ] GC(909) Survivor regions: 18->21(77)
[2023-11-12T18:41:54.358+0100][gc,heap       ] GC(909) Old regions: 147->147
[2023-11-12T18:41:54.358+0100][gc,heap       ] GC(909) Humongous regions: 129->129
[2023-11-12T18:41:54.358+0100][gc,metaspace  ] GC(909) Metaspace: 47981K(51968K)->47981K(51968K) NonClass: 42050K(44288K)->42050K(44288K) Class: 5930K(7680K)->5930K(7680K)
[2023-11-12T18:41:54.358+0100][gc            ] GC(909) Pause Young (Normal) (G1 Evacuation Pause) 887M->294M(1024M) 7,524ms
[2023-11-12T18:41:54.358+0100][gc,cpu        ] GC(909) User=0,08s Sys=0,00s Real=0,01s
[2023-11-12T18:41:55.754+0100][gc,start      ] GC(910) Pause Young (Normal) (G1 Evacuation Pause)
[2023-11-12T18:41:55.754+0100][gc,task       ] GC(910) Using 13 workers of 13 for evacuation
[2023-11-12T18:41:55.762+0100][gc,phases     ] GC(910)   Pre Evacuate Collection Set: 0,0ms
[2023-11-12T18:41:55.762+0100][gc,phases     ] GC(910)   Evacuate Collection Set: 7,0ms
[2023-11-12T18:41:55.762+0100][gc,phases     ] GC(910)   Post Evacuate Collection Set: 0,6ms
[2023-11-12T18:41:55.762+0100][gc,phases     ] GC(910)   Other: 0,2ms
[2023-11-12T18:41:55.762+0100][gc,heap       ] GC(910) Eden regions: 593->0(590)
[2023-11-12T18:41:55.762+0100][gc,heap       ] GC(910) Survivor regions: 21->24(77)
[2023-11-12T18:41:55.762+0100][gc,heap       ] GC(910) Old regions: 147->147
[2023-11-12T18:41:55.762+0100][gc,heap       ] GC(910) Humongous regions: 129->129
[2023-11-12T18:41:55.762+0100][gc,metaspace  ] GC(910) Metaspace: 47981K(51968K)->47981K(51968K) NonClass: 42050K(44288K)->42050K(44288K) Class: 5930K(7680K)->5930K(7680K)
[2023-11-12T18:41:55.762+0100][gc            ] GC(910) Pause Young (Normal) (G1 Evacuation Pause) 887M->297M(1024M) 7,900ms
[2023-11-12T18:41:55.762+0100][gc,cpu        ] GC(910) User=0,07s Sys=0,02s Real=0,01s
[2023-11-12T18:41:57.083+0100][gc,start      ] GC(911) Pause Young (Normal) (G1 Evacuation Pause)
[2023-11-12T18:41:57.083+0100][gc,task       ] GC(911) Using 13 workers of 13 for evacuation
[2023-11-12T18:41:57.092+0100][gc,phases     ] GC(911)   Pre Evacuate Collection Set: 0,0ms
[2023-11-12T18:41:57.092+0100][gc,phases     ] GC(911)   Evacuate Collection Set: 8,6ms
[2023-11-12T18:41:57.092+0100][gc,phases     ] GC(911)   Post Evacuate Collection Set: 0,6ms
[2023-11-12T18:41:57.092+0100][gc,phases     ] GC(911)   Other: 0,3ms
[2023-11-12T18:41:57.092+0100][gc,heap       ] GC(911) Eden regions: 590->0(588)
[2023-11-12T18:41:57.093+0100][gc,heap       ] GC(911) Survivor regions: 24->26(77)
[2023-11-12T18:41:57.093+0100][gc,heap       ] GC(911) Old regions: 147->147
[2023-11-12T18:41:57.093+0100][gc,heap       ] GC(911) Humongous regions: 129->129
[2023-11-12T18:41:57.093+0100][gc,metaspace  ] GC(911) Metaspace: 47981K(51968K)->47981K(51968K) NonClass: 42050K(44288K)->42050K(44288K) Class: 5930K(7680K)->5930K(7680K)
[2023-11-12T18:41:57.093+0100][gc            ] GC(911) Pause Young (Normal) (G1 Evacuation Pause) 887M->300M(1024M) 9,545ms
[2023-11-12T18:41:57.093+0100][gc,cpu        ] GC(911) User=0,09s Sys=0,00s Real=0,00s
[2023-11-12T18:41:58.436+0100][gc,start      ] GC(912) Pause Young (Normal) (G1 Evacuation Pause)
[2023-11-12T18:41:58.436+0100][gc,task       ] GC(912) Using 13 workers of 13 for evacuation
[2023-11-12T18:41:58.446+0100][gc,phases     ] GC(912)   Pre Evacuate Collection Set: 0,0ms
[2023-11-12T18:41:58.446+0100][gc,phases     ] GC(912)   Evacuate Collection Set: 8,5ms
[2023-11-12T18:41:58.446+0100][gc,phases     ] GC(912)   Post Evacuate Collection Set: 0,6ms
[2023-11-12T18:41:58.446+0100][gc,phases     ] GC(912)   Other: 0,2ms
[2023-11-12T18:41:58.446+0100][gc,heap       ] GC(912) Eden regions: 588->0(585)
[2023-11-12T18:41:58.446+0100][gc,heap       ] GC(912) Survivor regions: 26->29(77)
[2023-11-12T18:41:58.446+0100][gc,heap       ] GC(912) Old regions: 147->147
[2023-11-12T18:41:58.446+0100][gc,heap       ] GC(912) Humongous regions: 129->129
[2023-11-12T18:41:58.446+0100][gc,metaspace  ] GC(912) Metaspace: 47981K(51968K)->47981K(51968K) NonClass: 42050K(44288K)->42050K(44288K) Class: 5930K(7680K)->5930K(7680K)
[2023-11-12T18:41:58.446+0100][gc            ] GC(912) Pause Young (Normal) (G1 Evacuation Pause) 888M->303M(1024M) 9,393ms
[2023-11-12T18:41:58.446+0100][gc,cpu        ] GC(912) User=0,11s Sys=0,00s Real=0,01s
[2023-11-12T18:41:59.755+0100][gc,start      ] GC(913) Pause Young (Normal) (G1 Evacuation Pause)
[2023-11-12T18:41:59.755+0100][gc,task       ] GC(913) Using 13 workers of 13 for evacuation
[2023-11-12T18:41:59.766+0100][gc,phases     ] GC(913)   Pre Evacuate Collection Set: 0,0ms
[2023-11-12T18:41:59.766+0100][gc,phases     ] GC(913)   Evacuate Collection Set: 9,4ms
[2023-11-12T18:41:59.766+0100][gc,phases     ] GC(913)   Post Evacuate Collection Set: 0,7ms
[2023-11-12T18:41:59.766+0100][gc,phases     ] GC(913)   Other: 0,3ms
[2023-11-12T18:41:59.766+0100][gc,heap       ] GC(913) Eden regions: 585->0(583)
[2023-11-12T18:41:59.766+0100][gc,heap       ] GC(913) Survivor regions: 29->31(77)
[2023-11-12T18:41:59.766+0100][gc,heap       ] GC(913) Old regions: 147->147
[2023-11-12T18:41:59.766+0100][gc,heap       ] GC(913) Humongous regions: 129->129
[2023-11-12T18:41:59.766+0100][gc,metaspace  ] GC(913) Metaspace: 47981K(51968K)->47981K(51968K) NonClass: 42050K(44288K)->42050K(44288K) Class: 5930K(7680K)->5930K(7680K)
[2023-11-12T18:41:59.766+0100][gc            ] GC(913) Pause Young (Normal) (G1 Evacuation Pause) 888M->305M(1024M) 10,505ms
[2023-11-12T18:41:59.766+0100][gc,cpu        ] GC(913) User=0,09s Sys=0,02s Real=0,01s
[2023-11-12T18:42:01.139+0100][gc,start      ] GC(914) Pause Young (Normal) (G1 Evacuation Pause)
[2023-11-12T18:42:01.139+0100][gc,task       ] GC(914) Using 13 workers of 13 for evacuation
[2023-11-12T18:42:01.142+0100][gc,phases     ] GC(914)   Pre Evacuate Collection Set: 0,0ms
[2023-11-12T18:42:01.142+0100][gc,phases     ] GC(914)   Evacuate Collection Set: 3,2ms
[2023-11-12T18:42:01.142+0100][gc,phases     ] GC(914)   Post Evacuate Collection Set: 0,5ms
[2023-11-12T18:42:01.142+0100][gc,phases     ] GC(914)   Other: 0,2ms
[2023-11-12T18:42:01.142+0100][gc,heap       ] GC(914) Eden regions: 583->0(608)
[2023-11-12T18:42:01.142+0100][gc,heap       ] GC(914) Survivor regions: 31->6(77)
[2023-11-12T18:42:01.142+0100][gc,heap       ] GC(914) Old regions: 147->147
[2023-11-12T18:42:01.142+0100][gc,heap       ] GC(914) Humongous regions: 129->129
[2023-11-12T18:42:01.142+0100][gc,metaspace  ] GC(914) Metaspace: 47981K(51968K)->47981K(51968K) NonClass: 42050K(44288K)->42050K(44288K) Class: 5930K(7680K)->5930K(7680K)
[2023-11-12T18:42:01.143+0100][gc            ] GC(914) Pause Young (Normal) (G1 Evacuation Pause) 888M->279M(1024M) 3,989ms
[2023-11-12T18:42:01.143+0100][gc,cpu        ] GC(914) User=0,00s Sys=0,03s Real=0,01s
[2023-11-12T18:42:02.581+0100][gc,start      ] GC(915) Pause Young (Normal) (G1 Evacuation Pause)
[2023-11-12T18:42:02.581+0100][gc,task       ] GC(915) Using 13 workers of 13 for evacuation
[2023-11-12T18:42:02.585+0100][gc,phases     ] GC(915)   Pre Evacuate Collection Set: 0,0ms
[2023-11-12T18:42:02.585+0100][gc,phases     ] GC(915)   Evacuate Collection Set: 3,6ms
[2023-11-12T18:42:02.585+0100][gc,phases     ] GC(915)   Post Evacuate Collection Set: 0,6ms
[2023-11-12T18:42:02.585+0100][gc,phases     ] GC(915)   Other: 0,2ms
[2023-11-12T18:42:02.585+0100][gc,heap       ] GC(915) Eden regions: 608->0(607)
[2023-11-12T18:42:02.585+0100][gc,heap       ] GC(915) Survivor regions: 6->7(77)
[2023-11-12T18:42:02.585+0100][gc,heap       ] GC(915) Old regions: 147->147
[2023-11-12T18:42:02.585+0100][gc,heap       ] GC(915) Humongous regions: 129->129
[2023-11-12T18:42:02.585+0100][gc,metaspace  ] GC(915) Metaspace: 47981K(51968K)->47981K(51968K) NonClass: 42050K(44288K)->42050K(44288K) Class: 5930K(7680K)->5930K(7680K)
[2023-11-12T18:42:02.585+0100][gc            ] GC(915) Pause Young (Normal) (G1 Evacuation Pause) 887M->280M(1024M) 4,544ms
[2023-11-12T18:42:02.585+0100][gc,cpu        ] GC(915) User=0,05s Sys=0,00s Real=0,01s
[2023-11-12T18:42:04.007+0100][gc,start      ] GC(916) Pause Young (Normal) (G1 Evacuation Pause)
[2023-11-12T18:42:04.007+0100][gc,task       ] GC(916) Using 13 workers of 13 for evacuation
[2023-11-12T18:42:04.012+0100][gc,phases     ] GC(916)   Pre Evacuate Collection Set: 0,0ms
[2023-11-12T18:42:04.012+0100][gc,phases     ] GC(916)   Evacuate Collection Set: 4,6ms
[2023-11-12T18:42:04.012+0100][gc,phases     ] GC(916)   Post Evacuate Collection Set: 0,6ms
[2023-11-12T18:42:04.012+0100][gc,phases     ] GC(916)   Other: 0,2ms
[2023-11-12T18:42:04.012+0100][gc,heap       ] GC(916) Eden regions: 607->0(605)
[2023-11-12T18:42:04.012+0100][gc,heap       ] GC(916) Survivor regions: 7->9(77)
[2023-11-12T18:42:04.012+0100][gc,heap       ] GC(916) Old regions: 147->147
[2023-11-12T18:42:04.012+0100][gc,heap       ] GC(916) Humongous regions: 129->129
[2023-11-12T18:42:04.012+0100][gc,metaspace  ] GC(916) Metaspace: 47981K(51968K)->47981K(51968K) NonClass: 42050K(44288K)->42050K(44288K) Class: 5930K(7680K)->5930K(7680K)
[2023-11-12T18:42:04.012+0100][gc            ] GC(916) Pause Young (Normal) (G1 Evacuation Pause) 887M->283M(1024M) 5,465ms
[2023-11-12T18:42:04.012+0100][gc,cpu        ] GC(916) User=0,06s Sys=0,00s Real=0,00s
[2023-11-12T18:42:05.422+0100][gc,start      ] GC(917) Pause Young (Normal) (G1 Evacuation Pause)
[2023-11-12T18:42:05.422+0100][gc,task       ] GC(917) Using 13 workers of 13 for evacuation
[2023-11-12T18:42:05.428+0100][gc,phases     ] GC(917)   Pre Evacuate Collection Set: 0,0ms
[2023-11-12T18:42:05.428+0100][gc,phases     ] GC(917)   Evacuate Collection Set: 4,6ms
[2023-11-12T18:42:05.428+0100][gc,phases     ] GC(917)   Post Evacuate Collection Set: 0,6ms
[2023-11-12T18:42:05.428+0100][gc,phases     ] GC(917)   Other: 0,2ms
[2023-11-12T18:42:05.428+0100][gc,heap       ] GC(917) Eden regions: 605->0(602)
[2023-11-12T18:42:05.428+0100][gc,heap       ] GC(917) Survivor regions: 9->12(77)
[2023-11-12T18:42:05.428+0100][gc,heap       ] GC(917) Old regions: 147->147
[2023-11-12T18:42:05.428+0100][gc,heap       ] GC(917) Humongous regions: 129->129
[2023-11-12T18:42:05.428+0100][gc,metaspace  ] GC(917) Metaspace: 47981K(51968K)->47981K(51968K) NonClass: 42050K(44288K)->42050K(44288K) Class: 5930K(7680K)->5930K(7680K)
[2023-11-12T18:42:05.428+0100][gc            ] GC(917) Pause Young (Normal) (G1 Evacuation Pause) 888M->286M(1024M) 5,534ms
[2023-11-12T18:42:05.428+0100][gc,cpu        ] GC(917) User=0,06s Sys=0,01s Real=0,00s
[2023-11-12T18:42:06.814+0100][gc,start      ] GC(918) Pause Young (Normal) (G1 Evacuation Pause)
[2023-11-12T18:42:06.814+0100][gc,task       ] GC(918) Using 13 workers of 13 for evacuation
[2023-11-12T18:42:06.835+0100][gc,mmu        ] GC(918) MMU target violated: 20,3ms (20,0ms/21,0ms)
[2023-11-12T18:42:06.835+0100][gc,phases     ] GC(918)   Pre Evacuate Collection Set: 0,0ms
[2023-11-12T18:42:06.835+0100][gc,phases     ] GC(918)   Evacuate Collection Set: 19,1ms
[2023-11-12T18:42:06.835+0100][gc,phases     ] GC(918)   Post Evacuate Collection Set: 1,0ms
[2023-11-12T18:42:06.835+0100][gc,phases     ] GC(918)   Other: 0,3ms
[2023-11-12T18:42:06.835+0100][gc,heap       ] GC(918) Eden regions: 602->0(599)
[2023-11-12T18:42:06.835+0100][gc,heap       ] GC(918) Survivor regions: 12->15(77)
[2023-11-12T18:42:06.835+0100][gc,heap       ] GC(918) Old regions: 147->147
[2023-11-12T18:42:06.835+0100][gc,heap       ] GC(918) Humongous regions: 129->129
[2023-11-12T18:42:06.835+0100][gc,metaspace  ] GC(918) Metaspace: 47981K(51968K)->47981K(51968K) NonClass: 42050K(44288K)->42050K(44288K) Class: 5930K(7680K)->5930K(7680K)
[2023-11-12T18:42:06.835+0100][gc            ] GC(918) Pause Young (Normal) (G1 Evacuation Pause) 888M->288M(1024M) 20,670ms
[2023-11-12T18:42:06.835+0100][gc,cpu        ] GC(918) User=0,22s Sys=0,03s Real=0,02s
[2023-11-12T18:42:08.218+0100][gc,start      ] GC(919) Pause Young (Normal) (G1 Evacuation Pause)
[2023-11-12T18:42:08.218+0100][gc,task       ] GC(919) Using 13 workers of 13 for evacuation
[2023-11-12T18:42:08.225+0100][gc,phases     ] GC(919)   Pre Evacuate Collection Set: 0,0ms
[2023-11-12T18:42:08.225+0100][gc,phases     ] GC(919)   Evacuate Collection Set: 5,8ms
[2023-11-12T18:42:08.225+0100][gc,phases     ] GC(919)   Post Evacuate Collection Set: 0,6ms
[2023-11-12T18:42:08.225+0100][gc,phases     ] GC(919)   Other: 0,2ms
[2023-11-12T18:42:08.225+0100][gc,heap       ] GC(919) Eden regions: 599->0(596)
[2023-11-12T18:42:08.225+0100][gc,heap       ] GC(919) Survivor regions: 15->18(77)
[2023-11-12T18:42:08.225+0100][gc,heap       ] GC(919) Old regions: 147->148
[2023-11-12T18:42:08.225+0100][gc,heap       ] GC(919) Humongous regions: 129->129
[2023-11-12T18:42:08.225+0100][gc,metaspace  ] GC(919) Metaspace: 47981K(51968K)->47981K(51968K) NonClass: 42050K(44288K)->42050K(44288K) Class: 5930K(7680K)->5930K(7680K)
[2023-11-12T18:42:08.225+0100][gc            ] GC(919) Pause Young (Normal) (G1 Evacuation Pause) 887M->292M(1024M) 6,640ms
[2023-11-12T18:42:08.225+0100][gc,cpu        ] GC(919) User=0,06s Sys=0,02s Real=0,01s
[2023-11-12T18:42:09.611+0100][gc,start      ] GC(920) Pause Young (Normal) (G1 Evacuation Pause)
[2023-11-12T18:42:09.611+0100][gc,task       ] GC(920) Using 13 workers of 13 for evacuation
[2023-11-12T18:42:09.619+0100][gc,phases     ] GC(920)   Pre Evacuate Collection Set: 0,0ms
[2023-11-12T18:42:09.619+0100][gc,phases     ] GC(920)   Evacuate Collection Set: 6,7ms
[2023-11-12T18:42:09.619+0100][gc,phases     ] GC(920)   Post Evacuate Collection Set: 0,6ms
[2023-11-12T18:42:09.619+0100][gc,phases     ] GC(920)   Other: 0,3ms
[2023-11-12T18:42:09.619+0100][gc,heap       ] GC(920) Eden regions: 596->0(593)
[2023-11-12T18:42:09.619+0100][gc,heap       ] GC(920) Survivor regions: 18->21(77)
[2023-11-12T18:42:09.619+0100][gc,heap       ] GC(920) Old regions: 148->148
[2023-11-12T18:42:09.619+0100][gc,heap       ] GC(920) Humongous regions: 129->129
[2023-11-12T18:42:09.619+0100][gc,metaspace  ] GC(920) Metaspace: 47981K(51968K)->47981K(51968K) NonClass: 42050K(44288K)->42050K(44288K) Class: 5930K(7680K)->5930K(7680K)
[2023-11-12T18:42:09.619+0100][gc            ] GC(920) Pause Young (Normal) (G1 Evacuation Pause) 888M->295M(1024M) 7,772ms
[2023-11-12T18:42:09.619+0100][gc,cpu        ] GC(920) User=0,07s Sys=0,02s Real=0,01s
[2023-11-12T18:42:10.979+0100][gc,start      ] GC(921) Pause Young (Normal) (G1 Evacuation Pause)
[2023-11-12T18:42:10.979+0100][gc,task       ] GC(921) Using 13 workers of 13 for evacuation
[2023-11-12T18:42:10.988+0100][gc,phases     ] GC(921)   Pre Evacuate Collection Set: 0,0ms
[2023-11-12T18:42:10.988+0100][gc,phases     ] GC(921)   Evacuate Collection Set: 7,4ms
[2023-11-12T18:42:10.988+0100][gc,phases     ] GC(921)   Post Evacuate Collection Set: 0,5ms
[2023-11-12T18:42:10.988+0100][gc,phases     ] GC(921)   Other: 0,2ms
[2023-11-12T18:42:10.988+0100][gc,heap       ] GC(921) Eden regions: 593->0(591)
[2023-11-12T18:42:10.988+0100][gc,heap       ] GC(921) Survivor regions: 21->23(77)
[2023-11-12T18:42:10.988+0100][gc,heap       ] GC(921) Old regions: 148->148
[2023-11-12T18:42:10.988+0100][gc,heap       ] GC(921) Humongous regions: 129->129
[2023-11-12T18:42:10.988+0100][gc,metaspace  ] GC(921) Metaspace: 47981K(51968K)->47981K(51968K) NonClass: 42050K(44288K)->42050K(44288K) Class: 5930K(7680K)->5930K(7680K)
[2023-11-12T18:42:10.988+0100][gc            ] GC(921) Pause Young (Normal) (G1 Evacuation Pause) 888M->297M(1024M) 8,265ms
[2023-11-12T18:42:10.988+0100][gc,cpu        ] GC(921) User=0,09s Sys=0,00s Real=0,01s
[2023-11-12T18:42:12.345+0100][gc,start      ] GC(922) Pause Young (Normal) (G1 Evacuation Pause)
[2023-11-12T18:42:12.345+0100][gc,task       ] GC(922) Using 13 workers of 13 for evacuation
[2023-11-12T18:42:12.353+0100][gc,phases     ] GC(922)   Pre Evacuate Collection Set: 0,0ms
[2023-11-12T18:42:12.353+0100][gc,phases     ] GC(922)   Evacuate Collection Set: 7,7ms
[2023-11-12T18:42:12.353+0100][gc,phases     ] GC(922)   Post Evacuate Collection Set: 0,6ms
[2023-11-12T18:42:12.353+0100][gc,phases     ] GC(922)   Other: 0,2ms
[2023-11-12T18:42:12.353+0100][gc,heap       ] GC(922) Eden regions: 591->0(588)
[2023-11-12T18:42:12.353+0100][gc,heap       ] GC(922) Survivor regions: 23->26(77)
[2023-11-12T18:42:12.353+0100][gc,heap       ] GC(922) Old regions: 148->148
[2023-11-12T18:42:12.353+0100][gc,heap       ] GC(922) Humongous regions: 129->129
[2023-11-12T18:42:12.353+0100][gc,metaspace  ] GC(922) Metaspace: 47981K(51968K)->47981K(51968K) NonClass: 42050K(44288K)->42050K(44288K) Class: 5930K(7680K)->5930K(7680K)
[2023-11-12T18:42:12.353+0100][gc            ] GC(922) Pause Young (Normal) (G1 Evacuation Pause) 888M->300M(1024M) 8,667ms
[2023-11-12T18:42:12.353+0100][gc,cpu        ] GC(922) User=0,09s Sys=0,00s Real=0,01s
[2023-11-12T18:42:13.679+0100][gc,start      ] GC(923) Pause Young (Normal) (G1 Evacuation Pause)
[2023-11-12T18:42:13.679+0100][gc,task       ] GC(923) Using 13 workers of 13 for evacuation
[2023-11-12T18:42:13.688+0100][gc,phases     ] GC(923)   Pre Evacuate Collection Set: 0,0ms
[2023-11-12T18:42:13.688+0100][gc,phases     ] GC(923)   Evacuate Collection Set: 8,4ms
[2023-11-12T18:42:13.688+0100][gc,phases     ] GC(923)   Post Evacuate Collection Set: 0,6ms
[2023-11-12T18:42:13.688+0100][gc,phases     ] GC(923)   Other: 0,2ms
[2023-11-12T18:42:13.688+0100][gc,heap       ] GC(923) Eden regions: 588->0(585)
[2023-11-12T18:42:13.688+0100][gc,heap       ] GC(923) Survivor regions: 26->29(77)
[2023-11-12T18:42:13.688+0100][gc,heap       ] GC(923) Old regions: 148->148
[2023-11-12T18:42:13.688+0100][gc,heap       ] GC(923) Humongous regions: 129->129
[2023-11-12T18:42:13.688+0100][gc,metaspace  ] GC(923) Metaspace: 47981K(51968K)->47981K(51968K) NonClass: 42050K(44288K)->42050K(44288K) Class: 5930K(7680K)->5930K(7680K)
[2023-11-12T18:42:13.688+0100][gc            ] GC(923) Pause Young (Normal) (G1 Evacuation Pause) 888M->304M(1024M) 9,371ms
[2023-11-12T18:42:13.688+0100][gc,cpu        ] GC(923) User=0,08s Sys=0,01s Real=0,01s
[2023-11-12T18:42:15.022+0100][gc,start      ] GC(924) Pause Young (Normal) (G1 Evacuation Pause)
[2023-11-12T18:42:15.022+0100][gc,task       ] GC(924) Using 13 workers of 13 for evacuation
[2023-11-12T18:42:15.032+0100][gc,phases     ] GC(924)   Pre Evacuate Collection Set: 0,0ms
[2023-11-12T18:42:15.032+0100][gc,phases     ] GC(924)   Evacuate Collection Set: 9,5ms
[2023-11-12T18:42:15.032+0100][gc,phases     ] GC(924)   Post Evacuate Collection Set: 0,6ms
[2023-11-12T18:42:15.032+0100][gc,phases     ] GC(924)   Other: 0,2ms
[2023-11-12T18:42:15.032+0100][gc,heap       ] GC(924) Eden regions: 585->0(580)
[2023-11-12T18:42:15.032+0100][gc,heap       ] GC(924) Survivor regions: 29->32(77)
[2023-11-12T18:42:15.032+0100][gc,heap       ] GC(924) Old regions: 148->148
[2023-11-12T18:42:15.032+0100][gc,heap       ] GC(924) Humongous regions: 129->129
[2023-11-12T18:42:15.032+0100][gc,metaspace  ] GC(924) Metaspace: 47981K(51968K)->47981K(51968K) NonClass: 42050K(44288K)->42050K(44288K) Class: 5930K(7680K)->5930K(7680K)
[2023-11-12T18:42:15.032+0100][gc            ] GC(924) Pause Young (Normal) (G1 Evacuation Pause) 889M->306M(1024M) 10,454ms
[2023-11-12T18:42:15.032+0100][gc,cpu        ] GC(924) User=0,08s Sys=0,01s Real=0,00s
[2023-11-12T18:42:16.337+0100][gc,start      ] GC(925) Pause Young (Normal) (G1 Evacuation Pause)
[2023-11-12T18:42:16.337+0100][gc,task       ] GC(925) Using 13 workers of 13 for evacuation
[2023-11-12T18:42:16.342+0100][gc,phases     ] GC(925)   Pre Evacuate Collection Set: 0,0ms
[2023-11-12T18:42:16.342+0100][gc,phases     ] GC(925)   Evacuate Collection Set: 4,5ms
[2023-11-12T18:42:16.342+0100][gc,phases     ] GC(925)   Post Evacuate Collection Set: 0,5ms
[2023-11-12T18:42:16.342+0100][gc,phases     ] GC(925)   Other: 0,2ms
[2023-11-12T18:42:16.342+0100][gc,heap       ] GC(925) Eden regions: 580->0(609)
[2023-11-12T18:42:16.342+0100][gc,heap       ] GC(925) Survivor regions: 32->5(77)
[2023-11-12T18:42:16.342+0100][gc,heap       ] GC(925) Old regions: 148->148
[2023-11-12T18:42:16.342+0100][gc,heap       ] GC(925) Humongous regions: 129->129
[2023-11-12T18:42:16.342+0100][gc,metaspace  ] GC(925) Metaspace: 47981K(51968K)->47981K(51968K) NonClass: 42050K(44288K)->42050K(44288K) Class: 5930K(7680K)->5930K(7680K)
[2023-11-12T18:42:16.342+0100][gc            ] GC(925) Pause Young (Normal) (G1 Evacuation Pause) 886M->280M(1024M) 5,347ms
[2023-11-12T18:42:16.342+0100][gc,cpu        ] GC(925) User=0,03s Sys=0,00s Real=0,01s
[2023-11-12T18:42:17.686+0100][gc,start      ] GC(926) Pause Young (Normal) (G1 Evacuation Pause)
[2023-11-12T18:42:17.686+0100][gc,task       ] GC(926) Using 13 workers of 13 for evacuation
[2023-11-12T18:42:17.691+0100][gc,phases     ] GC(926)   Pre Evacuate Collection Set: 0,0ms
[2023-11-12T18:42:17.691+0100][gc,phases     ] GC(926)   Evacuate Collection Set: 4,4ms
[2023-11-12T18:42:17.691+0100][gc,phases     ] GC(926)   Post Evacuate Collection Set: 0,5ms
[2023-11-12T18:42:17.691+0100][gc,phases     ] GC(926)   Other: 0,2ms
[2023-11-12T18:42:17.691+0100][gc,heap       ] GC(926) Eden regions: 609->0(608)
[2023-11-12T18:42:17.691+0100][gc,heap       ] GC(926) Survivor regions: 5->6(77)
[2023-11-12T18:42:17.691+0100][gc,heap       ] GC(926) Old regions: 148->148
[2023-11-12T18:42:17.691+0100][gc,heap       ] GC(926) Humongous regions: 129->129
[2023-11-12T18:42:17.691+0100][gc,metaspace  ] GC(926) Metaspace: 47981K(51968K)->47981K(51968K) NonClass: 42050K(44288K)->42050K(44288K) Class: 5930K(7680K)->5930K(7680K)
[2023-11-12T18:42:17.691+0100][gc            ] GC(926) Pause Young (Normal) (G1 Evacuation Pause) 889M->281M(1024M) 5,271ms
[2023-11-12T18:42:17.691+0100][gc,cpu        ] GC(926) User=0,04s Sys=0,00s Real=0,00s
[2023-11-12T18:42:19.065+0100][gc,start      ] GC(927) Pause Young (Normal) (G1 Evacuation Pause)
[2023-11-12T18:42:19.065+0100][gc,task       ] GC(927) Using 13 workers of 13 for evacuation
[2023-11-12T18:42:19.070+0100][gc,phases     ] GC(927)   Pre Evacuate Collection Set: 0,0ms
[2023-11-12T18:42:19.070+0100][gc,phases     ] GC(927)   Evacuate Collection Set: 4,4ms
[2023-11-12T18:42:19.070+0100][gc,phases     ] GC(927)   Post Evacuate Collection Set: 0,5ms
[2023-11-12T18:42:19.070+0100][gc,phases     ] GC(927)   Other: 0,2ms
[2023-11-12T18:42:19.070+0100][gc,heap       ] GC(927) Eden regions: 608->0(605)
[2023-11-12T18:42:19.070+0100][gc,heap       ] GC(927) Survivor regions: 6->9(77)
[2023-11-12T18:42:19.070+0100][gc,heap       ] GC(927) Old regions: 148->148
[2023-11-12T18:42:19.070+0100][gc,heap       ] GC(927) Humongous regions: 129->129
[2023-11-12T18:42:19.070+0100][gc,metaspace  ] GC(927) Metaspace: 47981K(51968K)->47981K(51968K) NonClass: 42050K(44288K)->42050K(44288K) Class: 5930K(7680K)->5930K(7680K)
[2023-11-12T18:42:19.070+0100][gc            ] GC(927) Pause Young (Normal) (G1 Evacuation Pause) 889M->283M(1024M) 5,202ms
[2023-11-12T18:42:19.070+0100][gc,cpu        ] GC(927) User=0,00s Sys=0,04s Real=0,00s
[2023-11-12T18:42:20.472+0100][gc,start      ] GC(928) Pause Young (Normal) (G1 Evacuation Pause)
[2023-11-12T18:42:20.472+0100][gc,task       ] GC(928) Using 13 workers of 13 for evacuation
[2023-11-12T18:42:20.477+0100][gc,phases     ] GC(928)   Pre Evacuate Collection Set: 0,0ms
[2023-11-12T18:42:20.477+0100][gc,phases     ] GC(928)   Evacuate Collection Set: 4,4ms
[2023-11-12T18:42:20.477+0100][gc,phases     ] GC(928)   Post Evacuate Collection Set: 0,6ms
[2023-11-12T18:42:20.477+0100][gc,phases     ] GC(928)   Other: 0,3ms
[2023-11-12T18:42:20.477+0100][gc,heap       ] GC(928) Eden regions: 605->0(603)
[2023-11-12T18:42:20.477+0100][gc,heap       ] GC(928) Survivor regions: 9->11(77)
[2023-11-12T18:42:20.477+0100][gc,heap       ] GC(928) Old regions: 148->148
[2023-11-12T18:42:20.477+0100][gc,heap       ] GC(928) Humongous regions: 129->129
[2023-11-12T18:42:20.477+0100][gc,metaspace  ] GC(928) Metaspace: 47981K(51968K)->47981K(51968K) NonClass: 42050K(44288K)->42050K(44288K) Class: 5930K(7680K)->5930K(7680K)
[2023-11-12T18:42:20.477+0100][gc            ] GC(928) Pause Young (Normal) (G1 Evacuation Pause) 888M->286M(1024M) 5,412ms
[2023-11-12T18:42:20.477+0100][gc,cpu        ] GC(928) User=0,06s Sys=0,01s Real=0,01s
[2023-11-12T18:42:21.855+0100][gc,start      ] GC(929) Pause Young (Normal) (G1 Evacuation Pause)
[2023-11-12T18:42:21.855+0100][gc,task       ] GC(929) Using 13 workers of 13 for evacuation
[2023-11-12T18:42:21.861+0100][gc,phases     ] GC(929)   Pre Evacuate Collection Set: 0,0ms
[2023-11-12T18:42:21.861+0100][gc,phases     ] GC(929)   Evacuate Collection Set: 5,4ms
[2023-11-12T18:42:21.861+0100][gc,phases     ] GC(929)   Post Evacuate Collection Set: 0,5ms
[2023-11-12T18:42:21.861+0100][gc,phases     ] GC(929)   Other: 0,3ms
[2023-11-12T18:42:21.861+0100][gc,heap       ] GC(929) Eden regions: 603->0(600)
[2023-11-12T18:42:21.861+0100][gc,heap       ] GC(929) Survivor regions: 11->14(77)
[2023-11-12T18:42:21.861+0100][gc,heap       ] GC(929) Old regions: 148->148
[2023-11-12T18:42:21.861+0100][gc,heap       ] GC(929) Humongous regions: 129->129
[2023-11-12T18:42:21.861+0100][gc,metaspace  ] GC(929) Metaspace: 47981K(51968K)->47981K(51968K) NonClass: 42050K(44288K)->42050K(44288K) Class: 5930K(7680K)->5930K(7680K)
[2023-11-12T18:42:21.861+0100][gc            ] GC(929) Pause Young (Normal) (G1 Evacuation Pause) 889M->289M(1024M) 6,369ms
[2023-11-12T18:42:21.861+0100][gc,cpu        ] GC(929) User=0,05s Sys=0,01s Real=0,00s
[2023-11-12T18:42:23.275+0100][gc,start      ] GC(930) Pause Young (Normal) (G1 Evacuation Pause)
[2023-11-12T18:42:23.275+0100][gc,task       ] GC(930) Using 13 workers of 13 for evacuation
[2023-11-12T18:42:23.281+0100][gc,phases     ] GC(930)   Pre Evacuate Collection Set: 0,0ms
[2023-11-12T18:42:23.281+0100][gc,phases     ] GC(930)   Evacuate Collection Set: 5,7ms
[2023-11-12T18:42:23.281+0100][gc,phases     ] GC(930)   Post Evacuate Collection Set: 0,6ms
[2023-11-12T18:42:23.281+0100][gc,phases     ] GC(930)   Other: 0,2ms
[2023-11-12T18:42:23.281+0100][gc,heap       ] GC(930) Eden regions: 600->0(597)
[2023-11-12T18:42:23.281+0100][gc,heap       ] GC(930) Survivor regions: 14->17(77)
[2023-11-12T18:42:23.281+0100][gc,heap       ] GC(930) Old regions: 148->148
[2023-11-12T18:42:23.281+0100][gc,heap       ] GC(930) Humongous regions: 129->129
[2023-11-12T18:42:23.281+0100][gc,metaspace  ] GC(930) Metaspace: 47981K(51968K)->47981K(51968K) NonClass: 42050K(44288K)->42050K(44288K) Class: 5930K(7680K)->5930K(7680K)
[2023-11-12T18:42:23.281+0100][gc            ] GC(930) Pause Young (Normal) (G1 Evacuation Pause) 889M->292M(1024M) 6,581ms
[2023-11-12T18:42:23.281+0100][gc,cpu        ] GC(930) User=0,06s Sys=0,02s Real=0,01s
[2023-11-12T18:42:24.672+0100][gc,start      ] GC(931) Pause Young (Normal) (G1 Evacuation Pause)
[2023-11-12T18:42:24.672+0100][gc,task       ] GC(931) Using 13 workers of 13 for evacuation
[2023-11-12T18:42:24.679+0100][gc,phases     ] GC(931)   Pre Evacuate Collection Set: 0,0ms
[2023-11-12T18:42:24.679+0100][gc,phases     ] GC(931)   Evacuate Collection Set: 6,5ms
[2023-11-12T18:42:24.679+0100][gc,phases     ] GC(931)   Post Evacuate Collection Set: 0,6ms
[2023-11-12T18:42:24.679+0100][gc,phases     ] GC(931)   Other: 0,2ms
[2023-11-12T18:42:24.679+0100][gc,heap       ] GC(931) Eden regions: 597->0(593)
[2023-11-12T18:42:24.679+0100][gc,heap       ] GC(931) Survivor regions: 17->21(77)
[2023-11-12T18:42:24.679+0100][gc,heap       ] GC(931) Old regions: 148->148
[2023-11-12T18:42:24.679+0100][gc,heap       ] GC(931) Humongous regions: 129->129
[2023-11-12T18:42:24.679+0100][gc,metaspace  ] GC(931) Metaspace: 47981K(51968K)->47981K(51968K) NonClass: 42050K(44288K)->42050K(44288K) Class: 5930K(7680K)->5930K(7680K)
[2023-11-12T18:42:24.679+0100][gc            ] GC(931) Pause Young (Normal) (G1 Evacuation Pause) 889M->295M(1024M) 7,448ms
[2023-11-12T18:42:24.679+0100][gc,cpu        ] GC(931) User=0,08s Sys=0,00s Real=0,01s
[2023-11-12T18:42:26.134+0100][gc,start      ] GC(932) Pause Young (Normal) (G1 Evacuation Pause)
[2023-11-12T18:42:26.134+0100][gc,task       ] GC(932) Using 13 workers of 13 for evacuation
[2023-11-12T18:42:26.143+0100][gc,phases     ] GC(932)   Pre Evacuate Collection Set: 0,0ms
[2023-11-12T18:42:26.144+0100][gc,phases     ] GC(932)   Evacuate Collection Set: 8,1ms
[2023-11-12T18:42:26.144+0100][gc,phases     ] GC(932)   Post Evacuate Collection Set: 0,8ms
[2023-11-12T18:42:26.144+0100][gc,phases     ] GC(932)   Other: 0,3ms
[2023-11-12T18:42:26.144+0100][gc,heap       ] GC(932) Eden regions: 593->0(590)
[2023-11-12T18:42:26.144+0100][gc,heap       ] GC(932) Survivor regions: 21->24(77)
[2023-11-12T18:42:26.144+0100][gc,heap       ] GC(932) Old regions: 148->148
[2023-11-12T18:42:26.144+0100][gc,heap       ] GC(932) Humongous regions: 129->129
[2023-11-12T18:42:26.144+0100][gc,metaspace  ] GC(932) Metaspace: 47981K(51968K)->47981K(51968K) NonClass: 42050K(44288K)->42050K(44288K) Class: 5930K(7680K)->5930K(7680K)
[2023-11-12T18:42:26.144+0100][gc            ] GC(932) Pause Young (Normal) (G1 Evacuation Pause) 888M->298M(1024M) 9,354ms
[2023-11-12T18:42:26.144+0100][gc,cpu        ] GC(932) User=0,08s Sys=0,00s Real=0,01s
[2023-11-12T18:42:27.560+0100][gc,start      ] GC(933) Pause Young (Normal) (G1 Evacuation Pause)
[2023-11-12T18:42:27.560+0100][gc,task       ] GC(933) Using 13 workers of 13 for evacuation
[2023-11-12T18:42:27.569+0100][gc,phases     ] GC(933)   Pre Evacuate Collection Set: 0,0ms
[2023-11-12T18:42:27.569+0100][gc,phases     ] GC(933)   Evacuate Collection Set: 7,7ms
[2023-11-12T18:42:27.569+0100][gc,phases     ] GC(933)   Post Evacuate Collection Set: 0,6ms
[2023-11-12T18:42:27.569+0100][gc,phases     ] GC(933)   Other: 0,2ms
[2023-11-12T18:42:27.569+0100][gc,heap       ] GC(933) Eden regions: 590->0(588)
[2023-11-12T18:42:27.569+0100][gc,heap       ] GC(933) Survivor regions: 24->26(77)
[2023-11-12T18:42:27.569+0100][gc,heap       ] GC(933) Old regions: 148->148
[2023-11-12T18:42:27.569+0100][gc,heap       ] GC(933) Humongous regions: 129->129
[2023-11-12T18:42:27.569+0100][gc,metaspace  ] GC(933) Metaspace: 47981K(51968K)->47981K(51968K) NonClass: 42050K(44288K)->42050K(44288K) Class: 5930K(7680K)->5930K(7680K)
[2023-11-12T18:42:27.569+0100][gc            ] GC(933) Pause Young (Normal) (G1 Evacuation Pause) 888M->301M(1024M) 8,631ms
[2023-11-12T18:42:27.569+0100][gc,cpu        ] GC(933) User=0,10s Sys=0,00s Real=0,01s
[2023-11-12T18:42:28.983+0100][gc,start      ] GC(934) Pause Young (Normal) (G1 Evacuation Pause)
[2023-11-12T18:42:28.983+0100][gc,task       ] GC(934) Using 13 workers of 13 for evacuation
[2023-11-12T18:42:28.992+0100][gc,phases     ] GC(934)   Pre Evacuate Collection Set: 0,0ms
[2023-11-12T18:42:28.992+0100][gc,phases     ] GC(934)   Evacuate Collection Set: 8,4ms
[2023-11-12T18:42:28.992+0100][gc,phases     ] GC(934)   Post Evacuate Collection Set: 0,6ms
[2023-11-12T18:42:28.993+0100][gc,phases     ] GC(934)   Other: 0,2ms
[2023-11-12T18:42:28.993+0100][gc,heap       ] GC(934) Eden regions: 588->0(584)
[2023-11-12T18:42:28.993+0100][gc,heap       ] GC(934) Survivor regions: 26->30(77)
[2023-11-12T18:42:28.993+0100][gc,heap       ] GC(934) Old regions: 148->148
[2023-11-12T18:42:28.993+0100][gc,heap       ] GC(934) Humongous regions: 129->129
[2023-11-12T18:42:28.993+0100][gc,metaspace  ] GC(934) Metaspace: 47981K(51968K)->47981K(51968K) NonClass: 42050K(44288K)->42050K(44288K) Class: 5930K(7680K)->5930K(7680K)
[2023-11-12T18:42:28.993+0100][gc            ] GC(934) Pause Young (Normal) (G1 Evacuation Pause) 889M->305M(1024M) 9,350ms
[2023-11-12T18:42:28.993+0100][gc,cpu        ] GC(934) User=0,10s Sys=0,01s Real=0,00s
[2023-11-12T18:42:30.395+0100][gc,start      ] GC(935) Pause Young (Normal) (G1 Evacuation Pause)
[2023-11-12T18:42:30.395+0100][gc,task       ] GC(935) Using 13 workers of 13 for evacuation
[2023-11-12T18:42:30.405+0100][gc,phases     ] GC(935)   Pre Evacuate Collection Set: 0,0ms
[2023-11-12T18:42:30.405+0100][gc,phases     ] GC(935)   Evacuate Collection Set: 9,1ms
[2023-11-12T18:42:30.405+0100][gc,phases     ] GC(935)   Post Evacuate Collection Set: 0,6ms
[2023-11-12T18:42:30.405+0100][gc,phases     ] GC(935)   Other: 0,2ms
[2023-11-12T18:42:30.405+0100][gc,heap       ] GC(935) Eden regions: 584->0(579)
[2023-11-12T18:42:30.405+0100][gc,heap       ] GC(935) Survivor regions: 30->32(77)
[2023-11-12T18:42:30.405+0100][gc,heap       ] GC(935) Old regions: 148->149
[2023-11-12T18:42:30.405+0100][gc,heap       ] GC(935) Humongous regions: 129->129
[2023-11-12T18:42:30.405+0100][gc,metaspace  ] GC(935) Metaspace: 47981K(51968K)->47981K(51968K) NonClass: 42050K(44288K)->42050K(44288K) Class: 5930K(7680K)->5930K(7680K)
[2023-11-12T18:42:30.405+0100][gc            ] GC(935) Pause Young (Normal) (G1 Evacuation Pause) 889M->307M(1024M) 10,110ms
[2023-11-12T18:42:30.405+0100][gc,cpu        ] GC(935) User=0,10s Sys=0,01s Real=0,01s
[2023-11-12T18:42:31.749+0100][gc,start      ] GC(936) Pause Young (Normal) (G1 Evacuation Pause)
[2023-11-12T18:42:31.749+0100][gc,task       ] GC(936) Using 13 workers of 13 for evacuation
[2023-11-12T18:42:31.753+0100][gc,phases     ] GC(936)   Pre Evacuate Collection Set: 0,0ms
[2023-11-12T18:42:31.753+0100][gc,phases     ] GC(936)   Evacuate Collection Set: 3,3ms
[2023-11-12T18:42:31.753+0100][gc,phases     ] GC(936)   Post Evacuate Collection Set: 0,6ms
[2023-11-12T18:42:31.753+0100][gc,phases     ] GC(936)   Other: 0,2ms
[2023-11-12T18:42:31.753+0100][gc,heap       ] GC(936) Eden regions: 579->0(608)
[2023-11-12T18:42:31.753+0100][gc,heap       ] GC(936) Survivor regions: 32->6(77)
[2023-11-12T18:42:31.753+0100][gc,heap       ] GC(936) Old regions: 149->149
[2023-11-12T18:42:31.753+0100][gc,heap       ] GC(936) Humongous regions: 129->129
[2023-11-12T18:42:31.753+0100][gc,metaspace  ] GC(936) Metaspace: 47981K(51968K)->47981K(51968K) NonClass: 42050K(44288K)->42050K(44288K) Class: 5930K(7680K)->5930K(7680K)
[2023-11-12T18:42:31.753+0100][gc            ] GC(936) Pause Young (Normal) (G1 Evacuation Pause) 886M->281M(1024M) 4,166ms
[2023-11-12T18:42:31.753+0100][gc,cpu        ] GC(936) User=0,04s Sys=0,00s Real=0,00s
[2023-11-12T18:42:33.187+0100][gc,start      ] GC(937) Pause Young (Normal) (G1 Evacuation Pause)
[2023-11-12T18:42:33.187+0100][gc,task       ] GC(937) Using 13 workers of 13 for evacuation
[2023-11-12T18:42:33.193+0100][gc,phases     ] GC(937)   Pre Evacuate Collection Set: 0,0ms
[2023-11-12T18:42:33.193+0100][gc,phases     ] GC(937)   Evacuate Collection Set: 4,3ms
[2023-11-12T18:42:33.193+0100][gc,phases     ] GC(937)   Post Evacuate Collection Set: 1,4ms
[2023-11-12T18:42:33.193+0100][gc,phases     ] GC(937)   Other: 0,2ms
[2023-11-12T18:42:33.193+0100][gc,heap       ] GC(937) Eden regions: 608->0(606)
[2023-11-12T18:42:33.193+0100][gc,heap       ] GC(937) Survivor regions: 6->8(77)
[2023-11-12T18:42:33.193+0100][gc,heap       ] GC(937) Old regions: 149->149
[2023-11-12T18:42:33.193+0100][gc,heap       ] GC(937) Humongous regions: 129->129
[2023-11-12T18:42:33.193+0100][gc,metaspace  ] GC(937) Metaspace: 47981K(51968K)->47981K(51968K) NonClass: 42050K(44288K)->42050K(44288K) Class: 5930K(7680K)->5930K(7680K)
[2023-11-12T18:42:33.193+0100][gc            ] GC(937) Pause Young (Normal) (G1 Evacuation Pause) 889M->283M(1024M) 5,955ms
[2023-11-12T18:42:33.193+0100][gc,cpu        ] GC(937) User=0,04s Sys=0,01s Real=0,00s
[2023-11-12T18:42:34.604+0100][gc,start      ] GC(938) Pause Young (Normal) (G1 Evacuation Pause)
[2023-11-12T18:42:34.604+0100][gc,task       ] GC(938) Using 13 workers of 13 for evacuation
[2023-11-12T18:42:34.610+0100][gc,phases     ] GC(938)   Pre Evacuate Collection Set: 0,0ms
[2023-11-12T18:42:34.610+0100][gc,phases     ] GC(938)   Evacuate Collection Set: 5,1ms
[2023-11-12T18:42:34.610+0100][gc,phases     ] GC(938)   Post Evacuate Collection Set: 0,6ms
[2023-11-12T18:42:34.610+0100][gc,phases     ] GC(938)   Other: 0,2ms
[2023-11-12T18:42:34.610+0100][gc,heap       ] GC(938) Eden regions: 606->0(604)
[2023-11-12T18:42:34.610+0100][gc,heap       ] GC(938) Survivor regions: 8->10(77)
[2023-11-12T18:42:34.610+0100][gc,heap       ] GC(938) Old regions: 149->149
[2023-11-12T18:42:34.610+0100][gc,heap       ] GC(938) Humongous regions: 129->129
[2023-11-12T18:42:34.610+0100][gc,metaspace  ] GC(938) Metaspace: 47981K(51968K)->47981K(51968K) NonClass: 42050K(44288K)->42050K(44288K) Class: 5930K(7680K)->5930K(7680K)
[2023-11-12T18:42:34.610+0100][gc            ] GC(938) Pause Young (Normal) (G1 Evacuation Pause) 889M->285M(1024M) 6,047ms
[2023-11-12T18:42:34.610+0100][gc,cpu        ] GC(938) User=0,05s Sys=0,00s Real=0,00s
[2023-11-12T18:42:36.028+0100][gc,start      ] GC(939) Pause Young (Normal) (G1 Evacuation Pause)
[2023-11-12T18:42:36.028+0100][gc,task       ] GC(939) Using 13 workers of 13 for evacuation
[2023-11-12T18:42:36.033+0100][gc,phases     ] GC(939)   Pre Evacuate Collection Set: 0,0ms
[2023-11-12T18:42:36.034+0100][gc,phases     ] GC(939)   Evacuate Collection Set: 5,0ms
[2023-11-12T18:42:36.034+0100][gc,phases     ] GC(939)   Post Evacuate Collection Set: 0,6ms
[2023-11-12T18:42:36.034+0100][gc,phases     ] GC(939)   Other: 0,2ms
[2023-11-12T18:42:36.034+0100][gc,heap       ] GC(939) Eden regions: 604->0(602)
[2023-11-12T18:42:36.034+0100][gc,heap       ] GC(939) Survivor regions: 10->12(77)
[2023-11-12T18:42:36.034+0100][gc,heap       ] GC(939) Old regions: 149->149
[2023-11-12T18:42:36.034+0100][gc,heap       ] GC(939) Humongous regions: 129->129
[2023-11-12T18:42:36.034+0100][gc,metaspace  ] GC(939) Metaspace: 47981K(51968K)->47981K(51968K) NonClass: 42050K(44288K)->42050K(44288K) Class: 5930K(7680K)->5930K(7680K)
[2023-11-12T18:42:36.034+0100][gc            ] GC(939) Pause Young (Normal) (G1 Evacuation Pause) 889M->288M(1024M) 6,077ms
[2023-11-12T18:42:36.034+0100][gc,cpu        ] GC(939) User=0,04s Sys=0,01s Real=0,01s
[2023-11-12T18:42:37.440+0100][gc,start      ] GC(940) Pause Young (Normal) (G1 Evacuation Pause)
[2023-11-12T18:42:37.440+0100][gc,task       ] GC(940) Using 13 workers of 13 for evacuation
[2023-11-12T18:42:37.448+0100][gc,phases     ] GC(940)   Pre Evacuate Collection Set: 0,0ms
[2023-11-12T18:42:37.448+0100][gc,phases     ] GC(940)   Evacuate Collection Set: 6,4ms
[2023-11-12T18:42:37.448+0100][gc,phases     ] GC(940)   Post Evacuate Collection Set: 0,7ms
[2023-11-12T18:42:37.448+0100][gc,phases     ] GC(940)   Other: 0,2ms
[2023-11-12T18:42:37.448+0100][gc,heap       ] GC(940) Eden regions: 602->0(599)
[2023-11-12T18:42:37.448+0100][gc,heap       ] GC(940) Survivor regions: 12->15(77)
[2023-11-12T18:42:37.448+0100][gc,heap       ] GC(940) Old regions: 149->149
[2023-11-12T18:42:37.448+0100][gc,heap       ] GC(940) Humongous regions: 129->129
[2023-11-12T18:42:37.448+0100][gc,metaspace  ] GC(940) Metaspace: 47981K(51968K)->47981K(51968K) NonClass: 42050K(44288K)->42050K(44288K) Class: 5930K(7680K)->5930K(7680K)
[2023-11-12T18:42:37.448+0100][gc            ] GC(940) Pause Young (Normal) (G1 Evacuation Pause) 890M->291M(1024M) 7,544ms
[2023-11-12T18:42:37.448+0100][gc,cpu        ] GC(940) User=0,09s Sys=0,00s Real=0,01s
[2023-11-12T18:42:38.865+0100][gc,start      ] GC(941) Pause Young (Normal) (G1 Evacuation Pause)
[2023-11-12T18:42:38.865+0100][gc,task       ] GC(941) Using 13 workers of 13 for evacuation
[2023-11-12T18:42:38.872+0100][gc,phases     ] GC(941)   Pre Evacuate Collection Set: 0,0ms
[2023-11-12T18:42:38.872+0100][gc,phases     ] GC(941)   Evacuate Collection Set: 6,0ms
[2023-11-12T18:42:38.872+0100][gc,phases     ] GC(941)   Post Evacuate Collection Set: 0,6ms
[2023-11-12T18:42:38.872+0100][gc,phases     ] GC(941)   Other: 0,2ms
[2023-11-12T18:42:38.872+0100][gc,heap       ] GC(941) Eden regions: 599->0(596)
[2023-11-12T18:42:38.872+0100][gc,heap       ] GC(941) Survivor regions: 15->18(77)
[2023-11-12T18:42:38.872+0100][gc,heap       ] GC(941) Old regions: 149->149
[2023-11-12T18:42:38.872+0100][gc,heap       ] GC(941) Humongous regions: 129->129
[2023-11-12T18:42:38.872+0100][gc,metaspace  ] GC(941) Metaspace: 47981K(51968K)->47981K(51968K) NonClass: 42050K(44288K)->42050K(44288K) Class: 5930K(7680K)->5930K(7680K)
[2023-11-12T18:42:38.872+0100][gc            ] GC(941) Pause Young (Normal) (G1 Evacuation Pause) 890M->293M(1024M) 6,876ms
[2023-11-12T18:42:38.872+0100][gc,cpu        ] GC(941) User=0,07s Sys=0,01s Real=0,00s
[2023-11-12T18:42:40.286+0100][gc,start      ] GC(942) Pause Young (Normal) (G1 Evacuation Pause)
[2023-11-12T18:42:40.286+0100][gc,task       ] GC(942) Using 13 workers of 13 for evacuation
[2023-11-12T18:42:40.295+0100][gc,phases     ] GC(942)   Pre Evacuate Collection Set: 0,0ms
[2023-11-12T18:42:40.295+0100][gc,phases     ] GC(942)   Evacuate Collection Set: 7,9ms
[2023-11-12T18:42:40.295+0100][gc,phases     ] GC(942)   Post Evacuate Collection Set: 0,7ms
[2023-11-12T18:42:40.295+0100][gc,phases     ] GC(942)   Other: 0,3ms
[2023-11-12T18:42:40.295+0100][gc,heap       ] GC(942) Eden regions: 596->0(593)
[2023-11-12T18:42:40.295+0100][gc,heap       ] GC(942) Survivor regions: 18->21(77)
[2023-11-12T18:42:40.295+0100][gc,heap       ] GC(942) Old regions: 149->149
[2023-11-12T18:42:40.295+0100][gc,heap       ] GC(942) Humongous regions: 129->129
[2023-11-12T18:42:40.295+0100][gc,metaspace  ] GC(942) Metaspace: 47981K(51968K)->47981K(51968K) NonClass: 42050K(44288K)->42050K(44288K) Class: 5930K(7680K)->5930K(7680K)
[2023-11-12T18:42:40.295+0100][gc            ] GC(942) Pause Young (Normal) (G1 Evacuation Pause) 889M->297M(1024M) 9,077ms
[2023-11-12T18:42:40.295+0100][gc,cpu        ] GC(942) User=0,09s Sys=0,00s Real=0,01s
[2023-11-12T18:42:41.697+0100][gc,start      ] GC(943) Pause Young (Normal) (G1 Evacuation Pause)
[2023-11-12T18:42:41.697+0100][gc,task       ] GC(943) Using 13 workers of 13 for evacuation
[2023-11-12T18:42:41.706+0100][gc,phases     ] GC(943)   Pre Evacuate Collection Set: 0,0ms
[2023-11-12T18:42:41.706+0100][gc,phases     ] GC(943)   Evacuate Collection Set: 7,9ms
[2023-11-12T18:42:41.706+0100][gc,phases     ] GC(943)   Post Evacuate Collection Set: 0,6ms
[2023-11-12T18:42:41.706+0100][gc,phases     ] GC(943)   Other: 0,2ms
[2023-11-12T18:42:41.706+0100][gc,heap       ] GC(943) Eden regions: 593->0(590)
[2023-11-12T18:42:41.706+0100][gc,heap       ] GC(943) Survivor regions: 21->24(77)
[2023-11-12T18:42:41.706+0100][gc,heap       ] GC(943) Old regions: 149->149
[2023-11-12T18:42:41.706+0100][gc,heap       ] GC(943) Humongous regions: 129->129
[2023-11-12T18:42:41.706+0100][gc,metaspace  ] GC(943) Metaspace: 47981K(51968K)->47981K(51968K) NonClass: 42050K(44288K)->42050K(44288K) Class: 5930K(7680K)->5930K(7680K)
[2023-11-12T18:42:41.706+0100][gc            ] GC(943) Pause Young (Normal) (G1 Evacuation Pause) 890M->300M(1024M) 8,769ms
[2023-11-12T18:42:41.706+0100][gc,cpu        ] GC(943) User=0,09s Sys=0,00s Real=0,01s
[2023-11-12T18:42:43.101+0100][gc,start      ] GC(944) Pause Young (Normal) (G1 Evacuation Pause)
[2023-11-12T18:42:43.101+0100][gc,task       ] GC(944) Using 13 workers of 13 for evacuation
[2023-11-12T18:42:43.111+0100][gc,phases     ] GC(944)   Pre Evacuate Collection Set: 0,0ms
[2023-11-12T18:42:43.111+0100][gc,phases     ] GC(944)   Evacuate Collection Set: 8,6ms
[2023-11-12T18:42:43.111+0100][gc,phases     ] GC(944)   Post Evacuate Collection Set: 0,5ms
[2023-11-12T18:42:43.111+0100][gc,phases     ] GC(944)   Other: 0,2ms
[2023-11-12T18:42:43.111+0100][gc,heap       ] GC(944) Eden regions: 590->0(587)
[2023-11-12T18:42:43.111+0100][gc,heap       ] GC(944) Survivor regions: 24->27(77)
[2023-11-12T18:42:43.111+0100][gc,heap       ] GC(944) Old regions: 149->149
[2023-11-12T18:42:43.111+0100][gc,heap       ] GC(944) Humongous regions: 129->129
[2023-11-12T18:42:43.111+0100][gc,metaspace  ] GC(944) Metaspace: 47981K(51968K)->47981K(51968K) NonClass: 42050K(44288K)->42050K(44288K) Class: 5930K(7680K)->5930K(7680K)
[2023-11-12T18:42:43.111+0100][gc            ] GC(944) Pause Young (Normal) (G1 Evacuation Pause) 890M->303M(1024M) 9,541ms
[2023-11-12T18:42:43.111+0100][gc,cpu        ] GC(944) User=0,07s Sys=0,03s Real=0,01s
[2023-11-12T18:42:44.447+0100][gc,start      ] GC(945) Pause Young (Normal) (G1 Evacuation Pause)
[2023-11-12T18:42:44.447+0100][gc,task       ] GC(945) Using 13 workers of 13 for evacuation
[2023-11-12T18:42:44.458+0100][gc,phases     ] GC(945)   Pre Evacuate Collection Set: 0,0ms
[2023-11-12T18:42:44.458+0100][gc,phases     ] GC(945)   Evacuate Collection Set: 9,3ms
[2023-11-12T18:42:44.458+0100][gc,phases     ] GC(945)   Post Evacuate Collection Set: 0,6ms
[2023-11-12T18:42:44.458+0100][gc,phases     ] GC(945)   Other: 0,2ms
[2023-11-12T18:42:44.458+0100][gc,heap       ] GC(945) Eden regions: 587->0(585)
[2023-11-12T18:42:44.458+0100][gc,heap       ] GC(945) Survivor regions: 27->29(77)
[2023-11-12T18:42:44.458+0100][gc,heap       ] GC(945) Old regions: 149->149
[2023-11-12T18:42:44.458+0100][gc,heap       ] GC(945) Humongous regions: 129->129
[2023-11-12T18:42:44.458+0100][gc,metaspace  ] GC(945) Metaspace: 47981K(51968K)->47981K(51968K) NonClass: 42050K(44288K)->42050K(44288K) Class: 5930K(7680K)->5930K(7680K)
[2023-11-12T18:42:44.458+0100][gc            ] GC(945) Pause Young (Normal) (G1 Evacuation Pause) 890M->305M(1024M) 10,215ms
[2023-11-12T18:42:44.458+0100][gc,cpu        ] GC(945) User=0,09s Sys=0,01s Real=0,01s
[2023-11-12T18:42:45.787+0100][gc,start      ] GC(946) Pause Young (Normal) (G1 Evacuation Pause)
[2023-11-12T18:42:45.787+0100][gc,task       ] GC(946) Using 13 workers of 13 for evacuation
[2023-11-12T18:42:45.797+0100][gc,phases     ] GC(946)   Pre Evacuate Collection Set: 0,0ms
[2023-11-12T18:42:45.797+0100][gc,phases     ] GC(946)   Evacuate Collection Set: 9,7ms
[2023-11-12T18:42:45.797+0100][gc,phases     ] GC(946)   Post Evacuate Collection Set: 0,6ms
[2023-11-12T18:42:45.797+0100][gc,phases     ] GC(946)   Other: 0,2ms
[2023-11-12T18:42:45.797+0100][gc,heap       ] GC(946) Eden regions: 585->0(577)
[2023-11-12T18:42:45.797+0100][gc,heap       ] GC(946) Survivor regions: 29->33(77)
[2023-11-12T18:42:45.797+0100][gc,heap       ] GC(946) Old regions: 149->149
[2023-11-12T18:42:45.797+0100][gc,heap       ] GC(946) Humongous regions: 129->129
[2023-11-12T18:42:45.797+0100][gc,metaspace  ] GC(946) Metaspace: 47981K(51968K)->47981K(51968K) NonClass: 42050K(44288K)->42050K(44288K) Class: 5930K(7680K)->5930K(7680K)
[2023-11-12T18:42:45.797+0100][gc            ] GC(946) Pause Young (Normal) (G1 Evacuation Pause) 890M->308M(1024M) 10,662ms
[2023-11-12T18:42:45.797+0100][gc,cpu        ] GC(946) User=0,11s Sys=0,01s Real=0,01s
[2023-11-12T18:42:47.123+0100][gc,start      ] GC(947) Pause Young (Normal) (G1 Evacuation Pause)
[2023-11-12T18:42:47.123+0100][gc,task       ] GC(947) Using 13 workers of 13 for evacuation
[2023-11-12T18:42:47.127+0100][gc,phases     ] GC(947)   Pre Evacuate Collection Set: 0,0ms
[2023-11-12T18:42:47.127+0100][gc,phases     ] GC(947)   Evacuate Collection Set: 2,6ms
[2023-11-12T18:42:47.127+0100][gc,phases     ] GC(947)   Post Evacuate Collection Set: 0,6ms
[2023-11-12T18:42:47.127+0100][gc,phases     ] GC(947)   Other: 0,2ms
[2023-11-12T18:42:47.127+0100][gc,heap       ] GC(947) Eden regions: 577->0(608)
[2023-11-12T18:42:47.127+0100][gc,heap       ] GC(947) Survivor regions: 33->6(77)
[2023-11-12T18:42:47.127+0100][gc,heap       ] GC(947) Old regions: 149->149
[2023-11-12T18:42:47.127+0100][gc,heap       ] GC(947) Humongous regions: 129->129
[2023-11-12T18:42:47.127+0100][gc,metaspace  ] GC(947) Metaspace: 47981K(51968K)->47981K(51968K) NonClass: 42050K(44288K)->42050K(44288K) Class: 5930K(7680K)->5930K(7680K)
[2023-11-12T18:42:47.127+0100][gc            ] GC(947) Pause Young (Normal) (G1 Evacuation Pause) 885M->282M(1024M) 3,487ms
[2023-11-12T18:42:47.127+0100][gc,cpu        ] GC(947) User=0,04s Sys=0,00s Real=0,00s
[2023-11-12T18:42:48.502+0100][gc,start      ] GC(948) Pause Young (Normal) (G1 Evacuation Pause)
[2023-11-12T18:42:48.502+0100][gc,task       ] GC(948) Using 13 workers of 13 for evacuation
[2023-11-12T18:42:48.507+0100][gc,phases     ] GC(948)   Pre Evacuate Collection Set: 0,0ms
[2023-11-12T18:42:48.507+0100][gc,phases     ] GC(948)   Evacuate Collection Set: 4,6ms
[2023-11-12T18:42:48.507+0100][gc,phases     ] GC(948)   Post Evacuate Collection Set: 0,5ms
[2023-11-12T18:42:48.507+0100][gc,phases     ] GC(948)   Other: 0,2ms
[2023-11-12T18:42:48.507+0100][gc,heap       ] GC(948) Eden regions: 608->0(607)
[2023-11-12T18:42:48.507+0100][gc,heap       ] GC(948) Survivor regions: 6->7(77)
[2023-11-12T18:42:48.507+0100][gc,heap       ] GC(948) Old regions: 149->149
[2023-11-12T18:42:48.507+0100][gc,heap       ] GC(948) Humongous regions: 129->129
[2023-11-12T18:42:48.507+0100][gc,metaspace  ] GC(948) Metaspace: 47981K(51968K)->47981K(51968K) NonClass: 42050K(44288K)->42050K(44288K) Class: 5930K(7680K)->5930K(7680K)
[2023-11-12T18:42:48.507+0100][gc            ] GC(948) Pause Young (Normal) (G1 Evacuation Pause) 890M->283M(1024M) 5,474ms
[2023-11-12T18:42:48.507+0100][gc,cpu        ] GC(948) User=0,05s Sys=0,01s Real=0,00s
[2023-11-12T18:42:49.929+0100][gc,start      ] GC(949) Pause Young (Normal) (G1 Evacuation Pause)
[2023-11-12T18:42:49.929+0100][gc,task       ] GC(949) Using 13 workers of 13 for evacuation
[2023-11-12T18:42:49.934+0100][gc,phases     ] GC(949)   Pre Evacuate Collection Set: 0,0ms
[2023-11-12T18:42:49.934+0100][gc,phases     ] GC(949)   Evacuate Collection Set: 4,3ms
[2023-11-12T18:42:49.934+0100][gc,phases     ] GC(949)   Post Evacuate Collection Set: 0,6ms
[2023-11-12T18:42:49.934+0100][gc,phases     ] GC(949)   Other: 0,2ms
[2023-11-12T18:42:49.934+0100][gc,heap       ] GC(949) Eden regions: 607->0(604)
[2023-11-12T18:42:49.934+0100][gc,heap       ] GC(949) Survivor regions: 7->10(77)
[2023-11-12T18:42:49.934+0100][gc,heap       ] GC(949) Old regions: 149->149
[2023-11-12T18:42:49.934+0100][gc,heap       ] GC(949) Humongous regions: 129->129
[2023-11-12T18:42:49.934+0100][gc,metaspace  ] GC(949) Metaspace: 47981K(51968K)->47981K(51968K) NonClass: 42050K(44288K)->42050K(44288K) Class: 5930K(7680K)->5930K(7680K)
[2023-11-12T18:42:49.934+0100][gc            ] GC(949) Pause Young (Normal) (G1 Evacuation Pause) 890M->286M(1024M) 5,142ms
[2023-11-12T18:42:49.934+0100][gc,cpu        ] GC(949) User=0,02s Sys=0,01s Real=0,01s
[2023-11-12T18:42:51.303+0100][gc,start      ] GC(950) Pause Young (Normal) (G1 Evacuation Pause)
[2023-11-12T18:42:51.303+0100][gc,task       ] GC(950) Using 13 workers of 13 for evacuation
[2023-11-12T18:42:51.309+0100][gc,phases     ] GC(950)   Pre Evacuate Collection Set: 0,0ms
[2023-11-12T18:42:51.309+0100][gc,phases     ] GC(950)   Evacuate Collection Set: 4,8ms
[2023-11-12T18:42:51.309+0100][gc,phases     ] GC(950)   Post Evacuate Collection Set: 0,6ms
[2023-11-12T18:42:51.309+0100][gc,phases     ] GC(950)   Other: 0,2ms
[2023-11-12T18:42:51.309+0100][gc,heap       ] GC(950) Eden regions: 604->0(601)
[2023-11-12T18:42:51.309+0100][gc,heap       ] GC(950) Survivor regions: 10->13(77)
[2023-11-12T18:42:51.309+0100][gc,heap       ] GC(950) Old regions: 149->150
[2023-11-12T18:42:51.309+0100][gc,heap       ] GC(950) Humongous regions: 129->129
[2023-11-12T18:42:51.309+0100][gc,metaspace  ] GC(950) Metaspace: 47981K(51968K)->47981K(51968K) NonClass: 42050K(44288K)->42050K(44288K) Class: 5930K(7680K)->5930K(7680K)
[2023-11-12T18:42:51.309+0100][gc            ] GC(950) Pause Young (Normal) (G1 Evacuation Pause) 890M->289M(1024M) 5,669ms
[2023-11-12T18:42:51.309+0100][gc,cpu        ] GC(950) User=0,05s Sys=0,01s Real=0,00s
[2023-11-12T18:42:52.678+0100][gc,start      ] GC(951) Pause Young (Normal) (G1 Evacuation Pause)
[2023-11-12T18:42:52.678+0100][gc,task       ] GC(951) Using 13 workers of 13 for evacuation
[2023-11-12T18:42:52.686+0100][gc,phases     ] GC(951)   Pre Evacuate Collection Set: 0,0ms
[2023-11-12T18:42:52.686+0100][gc,phases     ] GC(951)   Evacuate Collection Set: 6,9ms
[2023-11-12T18:42:52.686+0100][gc,phases     ] GC(951)   Post Evacuate Collection Set: 0,7ms
[2023-11-12T18:42:52.686+0100][gc,phases     ] GC(951)   Other: 0,2ms
[2023-11-12T18:42:52.686+0100][gc,heap       ] GC(951) Eden regions: 601->0(599)
[2023-11-12T18:42:52.686+0100][gc,heap       ] GC(951) Survivor regions: 13->15(77)
[2023-11-12T18:42:52.686+0100][gc,heap       ] GC(951) Old regions: 150->150
[2023-11-12T18:42:52.686+0100][gc,heap       ] GC(951) Humongous regions: 129->129
[2023-11-12T18:42:52.686+0100][gc,metaspace  ] GC(951) Metaspace: 47981K(51968K)->47981K(51968K) NonClass: 42050K(44288K)->42050K(44288K) Class: 5930K(7680K)->5930K(7680K)
[2023-11-12T18:42:52.686+0100][gc            ] GC(951) Pause Young (Normal) (G1 Evacuation Pause) 890M->291M(1024M) 8,052ms
[2023-11-12T18:42:52.686+0100][gc,cpu        ] GC(951) User=0,04s Sys=0,02s Real=0,01s
[2023-11-12T18:42:54.096+0100][gc,start      ] GC(952) Pause Young (Normal) (G1 Evacuation Pause)
[2023-11-12T18:42:54.096+0100][gc,task       ] GC(952) Using 13 workers of 13 for evacuation
[2023-11-12T18:42:54.103+0100][gc,phases     ] GC(952)   Pre Evacuate Collection Set: 0,0ms
[2023-11-12T18:42:54.103+0100][gc,phases     ] GC(952)   Evacuate Collection Set: 6,1ms
[2023-11-12T18:42:54.103+0100][gc,phases     ] GC(952)   Post Evacuate Collection Set: 0,5ms
[2023-11-12T18:42:54.103+0100][gc,phases     ] GC(952)   Other: 0,3ms
[2023-11-12T18:42:54.103+0100][gc,heap       ] GC(952) Eden regions: 599->0(596)
[2023-11-12T18:42:54.103+0100][gc,heap       ] GC(952) Survivor regions: 15->18(77)
[2023-11-12T18:42:54.103+0100][gc,heap       ] GC(952) Old regions: 150->150
[2023-11-12T18:42:54.103+0100][gc,heap       ] GC(952) Humongous regions: 129->129
[2023-11-12T18:42:54.103+0100][gc,metaspace  ] GC(952) Metaspace: 47981K(51968K)->47981K(51968K) NonClass: 42050K(44288K)->42050K(44288K) Class: 5930K(7680K)->5930K(7680K)
[2023-11-12T18:42:54.103+0100][gc            ] GC(952) Pause Young (Normal) (G1 Evacuation Pause) 890M->294M(1024M) 7,080ms
[2023-11-12T18:42:54.103+0100][gc,cpu        ] GC(952) User=0,08s Sys=0,00s Real=0,01s
[2023-11-12T18:42:55.505+0100][gc,start      ] GC(953) Pause Young (Normal) (G1 Evacuation Pause)
[2023-11-12T18:42:55.505+0100][gc,task       ] GC(953) Using 13 workers of 13 for evacuation
[2023-11-12T18:42:55.528+0100][gc,mmu        ] GC(953) MMU target violated: 21,0ms (20,0ms/21,0ms)
[2023-11-12T18:42:55.529+0100][gc,phases     ] GC(953)   Pre Evacuate Collection Set: 0,0ms
[2023-11-12T18:42:55.529+0100][gc,phases     ] GC(953)   Evacuate Collection Set: 22,0ms
[2023-11-12T18:42:55.529+0100][gc,phases     ] GC(953)   Post Evacuate Collection Set: 0,8ms
[2023-11-12T18:42:55.529+0100][gc,phases     ] GC(953)   Other: 0,4ms
[2023-11-12T18:42:55.529+0100][gc,heap       ] GC(953) Eden regions: 596->0(593)
[2023-11-12T18:42:55.529+0100][gc,heap       ] GC(953) Survivor regions: 18->21(77)
[2023-11-12T18:42:55.529+0100][gc,heap       ] GC(953) Old regions: 150->150
[2023-11-12T18:42:55.529+0100][gc,heap       ] GC(953) Humongous regions: 129->129
[2023-11-12T18:42:55.529+0100][gc,metaspace  ] GC(953) Metaspace: 47981K(51968K)->47981K(51968K) NonClass: 42050K(44288K)->42050K(44288K) Class: 5930K(7680K)->5930K(7680K)
[2023-11-12T18:42:55.529+0100][gc            ] GC(953) Pause Young (Normal) (G1 Evacuation Pause) 890M->297M(1024M) 23,364ms
[2023-11-12T18:42:55.529+0100][gc,cpu        ] GC(953) User=0,27s Sys=0,02s Real=0,02s
[2023-11-12T18:42:56.912+0100][gc,start      ] GC(954) Pause Young (Normal) (G1 Evacuation Pause)
[2023-11-12T18:42:56.912+0100][gc,task       ] GC(954) Using 13 workers of 13 for evacuation
[2023-11-12T18:42:56.920+0100][gc,phases     ] GC(954)   Pre Evacuate Collection Set: 0,0ms
[2023-11-12T18:42:56.920+0100][gc,phases     ] GC(954)   Evacuate Collection Set: 7,5ms
[2023-11-12T18:42:56.920+0100][gc,phases     ] GC(954)   Post Evacuate Collection Set: 0,6ms
[2023-11-12T18:42:56.920+0100][gc,phases     ] GC(954)   Other: 0,2ms
[2023-11-12T18:42:56.920+0100][gc,heap       ] GC(954) Eden regions: 593->0(590)
[2023-11-12T18:42:56.920+0100][gc,heap       ] GC(954) Survivor regions: 21->24(77)
[2023-11-12T18:42:56.920+0100][gc,heap       ] GC(954) Old regions: 150->150
[2023-11-12T18:42:56.920+0100][gc,heap       ] GC(954) Humongous regions: 129->129
[2023-11-12T18:42:56.920+0100][gc,metaspace  ] GC(954) Metaspace: 47981K(51968K)->47981K(51968K) NonClass: 42050K(44288K)->42050K(44288K) Class: 5930K(7680K)->5930K(7680K)
[2023-11-12T18:42:56.920+0100][gc            ] GC(954) Pause Young (Normal) (G1 Evacuation Pause) 890M->300M(1024M) 8,449ms
[2023-11-12T18:42:56.920+0100][gc,cpu        ] GC(954) User=0,10s Sys=0,00s Real=0,01s
[2023-11-12T18:42:58.278+0100][gc,start      ] GC(955) Pause Young (Normal) (G1 Evacuation Pause)
[2023-11-12T18:42:58.278+0100][gc,task       ] GC(955) Using 13 workers of 13 for evacuation
[2023-11-12T18:42:58.287+0100][gc,phases     ] GC(955)   Pre Evacuate Collection Set: 0,0ms
[2023-11-12T18:42:58.287+0100][gc,phases     ] GC(955)   Evacuate Collection Set: 8,4ms
[2023-11-12T18:42:58.287+0100][gc,phases     ] GC(955)   Post Evacuate Collection Set: 0,6ms
[2023-11-12T18:42:58.287+0100][gc,phases     ] GC(955)   Other: 0,4ms
[2023-11-12T18:42:58.287+0100][gc,heap       ] GC(955) Eden regions: 590->0(587)
[2023-11-12T18:42:58.287+0100][gc,heap       ] GC(955) Survivor regions: 24->27(77)
[2023-11-12T18:42:58.287+0100][gc,heap       ] GC(955) Old regions: 150->150
[2023-11-12T18:42:58.287+0100][gc,heap       ] GC(955) Humongous regions: 129->129
[2023-11-12T18:42:58.287+0100][gc,metaspace  ] GC(955) Metaspace: 47981K(51968K)->47981K(51968K) NonClass: 42050K(44288K)->42050K(44288K) Class: 5930K(7680K)->5930K(7680K)
[2023-11-12T18:42:58.287+0100][gc            ] GC(955) Pause Young (Normal) (G1 Evacuation Pause) 890M->303M(1024M) 9,440ms
[2023-11-12T18:42:58.287+0100][gc,cpu        ] GC(955) User=0,10s Sys=0,00s Real=0,01s
[2023-11-12T18:42:59.614+0100][gc,start      ] GC(956) Pause Young (Normal) (G1 Evacuation Pause)
[2023-11-12T18:42:59.614+0100][gc,task       ] GC(956) Using 13 workers of 13 for evacuation
[2023-11-12T18:42:59.624+0100][gc,phases     ] GC(956)   Pre Evacuate Collection Set: 0,0ms
[2023-11-12T18:42:59.624+0100][gc,phases     ] GC(956)   Evacuate Collection Set: 8,7ms
[2023-11-12T18:42:59.624+0100][gc,phases     ] GC(956)   Post Evacuate Collection Set: 0,6ms
[2023-11-12T18:42:59.624+0100][gc,phases     ] GC(956)   Other: 0,2ms
[2023-11-12T18:42:59.624+0100][gc,heap       ] GC(956) Eden regions: 587->0(582)
[2023-11-12T18:42:59.624+0100][gc,heap       ] GC(956) Survivor regions: 27->30(77)
[2023-11-12T18:42:59.624+0100][gc,heap       ] GC(956) Old regions: 150->150
[2023-11-12T18:42:59.624+0100][gc,heap       ] GC(956) Humongous regions: 129->129
[2023-11-12T18:42:59.624+0100][gc,metaspace  ] GC(956) Metaspace: 47981K(51968K)->47981K(51968K) NonClass: 42050K(44288K)->42050K(44288K) Class: 5930K(7680K)->5930K(7680K)
[2023-11-12T18:42:59.624+0100][gc            ] GC(956) Pause Young (Normal) (G1 Evacuation Pause) 890M->307M(1024M) 9,597ms
[2023-11-12T18:42:59.624+0100][gc,cpu        ] GC(956) User=0,08s Sys=0,01s Real=0,01s
[2023-11-12T18:43:00.952+0100][gc,start      ] GC(957) Pause Young (Normal) (G1 Evacuation Pause)
[2023-11-12T18:43:00.952+0100][gc,task       ] GC(957) Using 13 workers of 13 for evacuation
[2023-11-12T18:43:00.963+0100][gc,phases     ] GC(957)   Pre Evacuate Collection Set: 0,0ms
[2023-11-12T18:43:00.963+0100][gc,phases     ] GC(957)   Evacuate Collection Set: 9,6ms
[2023-11-12T18:43:00.963+0100][gc,phases     ] GC(957)   Post Evacuate Collection Set: 0,6ms
[2023-11-12T18:43:00.963+0100][gc,phases     ] GC(957)   Other: 0,2ms
[2023-11-12T18:43:00.963+0100][gc,heap       ] GC(957) Eden regions: 582->0(578)
[2023-11-12T18:43:00.963+0100][gc,heap       ] GC(957) Survivor regions: 30->32(77)
[2023-11-12T18:43:00.963+0100][gc,heap       ] GC(957) Old regions: 150->150
[2023-11-12T18:43:00.963+0100][gc,heap       ] GC(957) Humongous regions: 129->129
[2023-11-12T18:43:00.963+0100][gc,metaspace  ] GC(957) Metaspace: 47981K(51968K)->47981K(51968K) NonClass: 42050K(44288K)->42050K(44288K) Class: 5930K(7680K)->5930K(7680K)
[2023-11-12T18:43:00.963+0100][gc            ] GC(957) Pause Young (Normal) (G1 Evacuation Pause) 889M->309M(1024M) 10,526ms
[2023-11-12T18:43:00.963+0100][gc,cpu        ] GC(957) User=0,11s Sys=0,00s Real=0,02s
[2023-11-12T18:43:02.306+0100][gc,start      ] GC(958) Pause Young (Normal) (G1 Evacuation Pause)
[2023-11-12T18:43:02.306+0100][gc,task       ] GC(958) Using 13 workers of 13 for evacuation
[2023-11-12T18:43:02.311+0100][gc,phases     ] GC(958)   Pre Evacuate Collection Set: 0,0ms
[2023-11-12T18:43:02.311+0100][gc,phases     ] GC(958)   Evacuate Collection Set: 3,7ms
[2023-11-12T18:43:02.311+0100][gc,phases     ] GC(958)   Post Evacuate Collection Set: 0,5ms
[2023-11-12T18:43:02.311+0100][gc,phases     ] GC(958)   Other: 0,3ms
[2023-11-12T18:43:02.311+0100][gc,heap       ] GC(958) Eden regions: 578->0(608)
[2023-11-12T18:43:02.311+0100][gc,heap       ] GC(958) Survivor regions: 32->6(77)
[2023-11-12T18:43:02.311+0100][gc,heap       ] GC(958) Old regions: 150->150
[2023-11-12T18:43:02.311+0100][gc,heap       ] GC(958) Humongous regions: 129->129
[2023-11-12T18:43:02.311+0100][gc,metaspace  ] GC(958) Metaspace: 47981K(51968K)->47981K(51968K) NonClass: 42050K(44288K)->42050K(44288K) Class: 5930K(7680K)->5930K(7680K)
[2023-11-12T18:43:02.311+0100][gc            ] GC(958) Pause Young (Normal) (G1 Evacuation Pause) 887M->282M(1024M) 4,700ms
[2023-11-12T18:43:02.311+0100][gc,cpu        ] GC(958) User=0,04s Sys=0,00s Real=0,00s
[2023-11-12T18:43:03.730+0100][gc,start      ] GC(959) Pause Young (Normal) (G1 Evacuation Pause)
[2023-11-12T18:43:03.730+0100][gc,task       ] GC(959) Using 13 workers of 13 for evacuation
[2023-11-12T18:43:03.735+0100][gc,phases     ] GC(959)   Pre Evacuate Collection Set: 0,0ms
[2023-11-12T18:43:03.735+0100][gc,phases     ] GC(959)   Evacuate Collection Set: 4,2ms
[2023-11-12T18:43:03.735+0100][gc,phases     ] GC(959)   Post Evacuate Collection Set: 0,5ms
[2023-11-12T18:43:03.735+0100][gc,phases     ] GC(959)   Other: 0,2ms
[2023-11-12T18:43:03.735+0100][gc,heap       ] GC(959) Eden regions: 608->0(606)
[2023-11-12T18:43:03.735+0100][gc,heap       ] GC(959) Survivor regions: 6->8(77)
[2023-11-12T18:43:03.735+0100][gc,heap       ] GC(959) Old regions: 150->150
[2023-11-12T18:43:03.735+0100][gc,heap       ] GC(959) Humongous regions: 129->129
[2023-11-12T18:43:03.735+0100][gc,metaspace  ] GC(959) Metaspace: 47981K(51968K)->47981K(51968K) NonClass: 42050K(44288K)->42050K(44288K) Class: 5930K(7680K)->5930K(7680K)
[2023-11-12T18:43:03.735+0100][gc            ] GC(959) Pause Young (Normal) (G1 Evacuation Pause) 890M->284M(1024M) 5,046ms
[2023-11-12T18:43:03.735+0100][gc,cpu        ] GC(959) User=0,02s Sys=0,02s Real=0,01s
[2023-11-12T18:43:05.139+0100][gc,start      ] GC(960) Pause Young (Normal) (G1 Evacuation Pause)
[2023-11-12T18:43:05.139+0100][gc,task       ] GC(960) Using 13 workers of 13 for evacuation
[2023-11-12T18:43:05.145+0100][gc,phases     ] GC(960)   Pre Evacuate Collection Set: 0,0ms
[2023-11-12T18:43:05.145+0100][gc,phases     ] GC(960)   Evacuate Collection Set: 4,5ms
[2023-11-12T18:43:05.145+0100][gc,phases     ] GC(960)   Post Evacuate Collection Set: 0,6ms
[2023-11-12T18:43:05.145+0100][gc,phases     ] GC(960)   Other: 0,2ms
[2023-11-12T18:43:05.145+0100][gc,heap       ] GC(960) Eden regions: 606->0(604)
[2023-11-12T18:43:05.145+0100][gc,heap       ] GC(960) Survivor regions: 8->10(77)
[2023-11-12T18:43:05.145+0100][gc,heap       ] GC(960) Old regions: 150->150
[2023-11-12T18:43:05.145+0100][gc,heap       ] GC(960) Humongous regions: 129->129
[2023-11-12T18:43:05.145+0100][gc,metaspace  ] GC(960) Metaspace: 47981K(51968K)->47981K(51968K) NonClass: 42050K(44288K)->42050K(44288K) Class: 5930K(7680K)->5930K(7680K)
[2023-11-12T18:43:05.145+0100][gc            ] GC(960) Pause Young (Normal) (G1 Evacuation Pause) 890M->286M(1024M) 5,406ms
[2023-11-12T18:43:05.145+0100][gc,cpu        ] GC(960) User=0,04s Sys=0,00s Real=0,01s
[2023-11-12T18:43:06.564+0100][gc,start      ] GC(961) Pause Young (Normal) (G1 Evacuation Pause)
[2023-11-12T18:43:06.564+0100][gc,task       ] GC(961) Using 13 workers of 13 for evacuation
[2023-11-12T18:43:06.569+0100][gc,phases     ] GC(961)   Pre Evacuate Collection Set: 0,0ms
[2023-11-12T18:43:06.569+0100][gc,phases     ] GC(961)   Evacuate Collection Set: 4,5ms
[2023-11-12T18:43:06.569+0100][gc,phases     ] GC(961)   Post Evacuate Collection Set: 0,6ms
[2023-11-12T18:43:06.569+0100][gc,phases     ] GC(961)   Other: 0,2ms
[2023-11-12T18:43:06.569+0100][gc,heap       ] GC(961) Eden regions: 604->0(601)
[2023-11-12T18:43:06.569+0100][gc,heap       ] GC(961) Survivor regions: 10->13(77)
[2023-11-12T18:43:06.569+0100][gc,heap       ] GC(961) Old regions: 150->150
[2023-11-12T18:43:06.569+0100][gc,heap       ] GC(961) Humongous regions: 129->129
[2023-11-12T18:43:06.569+0100][gc,metaspace  ] GC(961) Metaspace: 47981K(51968K)->47981K(51968K) NonClass: 42050K(44288K)->42050K(44288K) Class: 5930K(7680K)->5930K(7680K)
[2023-11-12T18:43:06.569+0100][gc            ] GC(961) Pause Young (Normal) (G1 Evacuation Pause) 890M->289M(1024M) 5,450ms
[2023-11-12T18:43:06.569+0100][gc,cpu        ] GC(961) User=0,05s Sys=0,00s Real=0,00s
[2023-11-12T18:43:07.977+0100][gc,start      ] GC(962) Pause Young (Normal) (G1 Evacuation Pause)
[2023-11-12T18:43:07.977+0100][gc,task       ] GC(962) Using 13 workers of 13 for evacuation
[2023-11-12T18:43:07.983+0100][gc,phases     ] GC(962)   Pre Evacuate Collection Set: 0,0ms
[2023-11-12T18:43:07.983+0100][gc,phases     ] GC(962)   Evacuate Collection Set: 5,2ms
[2023-11-12T18:43:07.983+0100][gc,phases     ] GC(962)   Post Evacuate Collection Set: 0,6ms
[2023-11-12T18:43:07.983+0100][gc,phases     ] GC(962)   Other: 0,2ms
[2023-11-12T18:43:07.983+0100][gc,heap       ] GC(962) Eden regions: 601->0(599)
[2023-11-12T18:43:07.983+0100][gc,heap       ] GC(962) Survivor regions: 13->15(77)
[2023-11-12T18:43:07.983+0100][gc,heap       ] GC(962) Old regions: 150->150
[2023-11-12T18:43:07.983+0100][gc,heap       ] GC(962) Humongous regions: 129->129
[2023-11-12T18:43:07.983+0100][gc,metaspace  ] GC(962) Metaspace: 47981K(51968K)->47981K(51968K) NonClass: 42050K(44288K)->42050K(44288K) Class: 5930K(7680K)->5930K(7680K)
[2023-11-12T18:43:07.983+0100][gc            ] GC(962) Pause Young (Normal) (G1 Evacuation Pause) 890M->292M(1024M) 6,058ms
[2023-11-12T18:43:07.983+0100][gc,cpu        ] GC(962) User=0,05s Sys=0,01s Real=0,01s
[2023-11-12T18:43:09.382+0100][gc,start      ] GC(963) Pause Young (Normal) (G1 Evacuation Pause)
[2023-11-12T18:43:09.382+0100][gc,task       ] GC(963) Using 13 workers of 13 for evacuation
[2023-11-12T18:43:09.389+0100][gc,phases     ] GC(963)   Pre Evacuate Collection Set: 0,0ms
[2023-11-12T18:43:09.389+0100][gc,phases     ] GC(963)   Evacuate Collection Set: 5,9ms
[2023-11-12T18:43:09.389+0100][gc,phases     ] GC(963)   Post Evacuate Collection Set: 0,6ms
[2023-11-12T18:43:09.389+0100][gc,phases     ] GC(963)   Other: 0,2ms
[2023-11-12T18:43:09.389+0100][gc,heap       ] GC(963) Eden regions: 599->0(596)
[2023-11-12T18:43:09.389+0100][gc,heap       ] GC(963) Survivor regions: 15->18(77)
[2023-11-12T18:43:09.389+0100][gc,heap       ] GC(963) Old regions: 150->150
[2023-11-12T18:43:09.389+0100][gc,heap       ] GC(963) Humongous regions: 129->129
[2023-11-12T18:43:09.389+0100][gc,metaspace  ] GC(963) Metaspace: 47981K(51968K)->47981K(51968K) NonClass: 42050K(44288K)->42050K(44288K) Class: 5930K(7680K)->5930K(7680K)
[2023-11-12T18:43:09.389+0100][gc            ] GC(963) Pause Young (Normal) (G1 Evacuation Pause) 891M->295M(1024M) 6,785ms
[2023-11-12T18:43:09.389+0100][gc,cpu        ] GC(963) User=0,06s Sys=0,02s Real=0,00s
[2023-11-12T18:43:10.827+0100][gc,start      ] GC(964) Pause Young (Normal) (G1 Evacuation Pause)
[2023-11-12T18:43:10.827+0100][gc,task       ] GC(964) Using 13 workers of 13 for evacuation
[2023-11-12T18:43:10.834+0100][gc,phases     ] GC(964)   Pre Evacuate Collection Set: 0,0ms
[2023-11-12T18:43:10.834+0100][gc,phases     ] GC(964)   Evacuate Collection Set: 6,9ms
[2023-11-12T18:43:10.834+0100][gc,phases     ] GC(964)   Post Evacuate Collection Set: 0,6ms
[2023-11-12T18:43:10.834+0100][gc,phases     ] GC(964)   Other: 0,2ms
[2023-11-12T18:43:10.834+0100][gc,heap       ] GC(964) Eden regions: 596->0(592)
[2023-11-12T18:43:10.834+0100][gc,heap       ] GC(964) Survivor regions: 18->22(77)
[2023-11-12T18:43:10.834+0100][gc,heap       ] GC(964) Old regions: 150->151
[2023-11-12T18:43:10.834+0100][gc,heap       ] GC(964) Humongous regions: 129->129
[2023-11-12T18:43:10.834+0100][gc,metaspace  ] GC(964) Metaspace: 47981K(51968K)->47981K(51968K) NonClass: 42050K(44288K)->42050K(44288K) Class: 5930K(7680K)->5930K(7680K)
[2023-11-12T18:43:10.834+0100][gc            ] GC(964) Pause Young (Normal) (G1 Evacuation Pause) 891M->299M(1024M) 7,889ms
[2023-11-12T18:43:10.834+0100][gc,cpu        ] GC(964) User=0,05s Sys=0,04s Real=0,01s
[2023-11-12T18:43:12.258+0100][gc,start      ] GC(965) Pause Young (Normal) (G1 Evacuation Pause)
[2023-11-12T18:43:12.258+0100][gc,task       ] GC(965) Using 13 workers of 13 for evacuation
[2023-11-12T18:43:12.267+0100][gc,phases     ] GC(965)   Pre Evacuate Collection Set: 0,0ms
[2023-11-12T18:43:12.267+0100][gc,phases     ] GC(965)   Evacuate Collection Set: 7,6ms
[2023-11-12T18:43:12.267+0100][gc,phases     ] GC(965)   Post Evacuate Collection Set: 0,6ms
[2023-11-12T18:43:12.267+0100][gc,phases     ] GC(965)   Other: 0,2ms
[2023-11-12T18:43:12.267+0100][gc,heap       ] GC(965) Eden regions: 592->0(590)
[2023-11-12T18:43:12.267+0100][gc,heap       ] GC(965) Survivor regions: 22->24(77)
[2023-11-12T18:43:12.267+0100][gc,heap       ] GC(965) Old regions: 151->151
[2023-11-12T18:43:12.267+0100][gc,heap       ] GC(965) Humongous regions: 129->129
[2023-11-12T18:43:12.267+0100][gc,metaspace  ] GC(965) Metaspace: 47981K(51968K)->47981K(51968K) NonClass: 42050K(44288K)->42050K(44288K) Class: 5930K(7680K)->5930K(7680K)
[2023-11-12T18:43:12.267+0100][gc            ] GC(965) Pause Young (Normal) (G1 Evacuation Pause) 891M->301M(1024M) 8,601ms
[2023-11-12T18:43:12.267+0100][gc,cpu        ] GC(965) User=0,07s Sys=0,02s Real=0,01s
[2023-11-12T18:43:13.651+0100][gc,start      ] GC(966) Pause Young (Normal) (G1 Evacuation Pause)
[2023-11-12T18:43:13.651+0100][gc,task       ] GC(966) Using 13 workers of 13 for evacuation
[2023-11-12T18:43:13.659+0100][gc,phases     ] GC(966)   Pre Evacuate Collection Set: 0,0ms
[2023-11-12T18:43:13.659+0100][gc,phases     ] GC(966)   Evacuate Collection Set: 8,0ms
[2023-11-12T18:43:13.659+0100][gc,phases     ] GC(966)   Post Evacuate Collection Set: 0,6ms
[2023-11-12T18:43:13.659+0100][gc,phases     ] GC(966)   Other: 0,2ms
[2023-11-12T18:43:13.659+0100][gc,heap       ] GC(966) Eden regions: 590->0(585)
[2023-11-12T18:43:13.659+0100][gc,heap       ] GC(966) Survivor regions: 24->28(77)
[2023-11-12T18:43:13.659+0100][gc,heap       ] GC(966) Old regions: 151->151
[2023-11-12T18:43:13.659+0100][gc,heap       ] GC(966) Humongous regions: 129->129
[2023-11-12T18:43:13.659+0100][gc,metaspace  ] GC(966) Metaspace: 47981K(51968K)->47981K(51968K) NonClass: 42050K(44288K)->42050K(44288K) Class: 5930K(7680K)->5930K(7680K)
[2023-11-12T18:43:13.659+0100][gc            ] GC(966) Pause Young (Normal) (G1 Evacuation Pause) 891M->305M(1024M) 8,840ms
[2023-11-12T18:43:13.659+0100][gc,cpu        ] GC(966) User=0,09s Sys=0,00s Real=0,01s
[2023-11-12T18:43:15.064+0100][gc,start      ] GC(967) Pause Young (Normal) (G1 Evacuation Pause)
[2023-11-12T18:43:15.064+0100][gc,task       ] GC(967) Using 13 workers of 13 for evacuation
[2023-11-12T18:43:15.090+0100][gc,mmu        ] GC(967) MMU target violated: 21,0ms (20,0ms/21,0ms)
[2023-11-12T18:43:15.091+0100][gc,phases     ] GC(967)   Pre Evacuate Collection Set: 0,0ms
[2023-11-12T18:43:15.091+0100][gc,phases     ] GC(967)   Evacuate Collection Set: 25,5ms
[2023-11-12T18:43:15.091+0100][gc,phases     ] GC(967)   Post Evacuate Collection Set: 0,7ms
[2023-11-12T18:43:15.091+0100][gc,phases     ] GC(967)   Other: 0,3ms
[2023-11-12T18:43:15.091+0100][gc,heap       ] GC(967) Eden regions: 585->0(581)
[2023-11-12T18:43:15.091+0100][gc,heap       ] GC(967) Survivor regions: 28->30(77)
[2023-11-12T18:43:15.091+0100][gc,heap       ] GC(967) Old regions: 151->151
[2023-11-12T18:43:15.091+0100][gc,heap       ] GC(967) Humongous regions: 129->129
[2023-11-12T18:43:15.091+0100][gc,metaspace  ] GC(967) Metaspace: 47981K(51968K)->47981K(51968K) NonClass: 42050K(44288K)->42050K(44288K) Class: 5930K(7680K)->5930K(7680K)
[2023-11-12T18:43:15.091+0100][gc            ] GC(967) Pause Young (Normal) (G1 Evacuation Pause) 890M->307M(1024M) 26,643ms
[2023-11-12T18:43:15.091+0100][gc,cpu        ] GC(967) User=0,29s Sys=0,02s Real=0,02s
[2023-11-12T18:43:16.454+0100][gc,start      ] GC(968) Pause Young (Normal) (G1 Evacuation Pause)
[2023-11-12T18:43:16.454+0100][gc,task       ] GC(968) Using 13 workers of 13 for evacuation
[2023-11-12T18:43:16.480+0100][gc,mmu        ] GC(968) MMU target violated: 21,0ms (20,0ms/21,0ms)
[2023-11-12T18:43:16.480+0100][gc,phases     ] GC(968)   Pre Evacuate Collection Set: 0,0ms
[2023-11-12T18:43:16.480+0100][gc,phases     ] GC(968)   Evacuate Collection Set: 24,6ms
[2023-11-12T18:43:16.480+0100][gc,phases     ] GC(968)   Post Evacuate Collection Set: 0,7ms
[2023-11-12T18:43:16.480+0100][gc,phases     ] GC(968)   Other: 0,3ms
[2023-11-12T18:43:16.480+0100][gc,heap       ] GC(968) Eden regions: 581->0(575)
[2023-11-12T18:43:16.480+0100][gc,heap       ] GC(968) Survivor regions: 30->33(77)
[2023-11-12T18:43:16.480+0100][gc,heap       ] GC(968) Old regions: 151->151
[2023-11-12T18:43:16.480+0100][gc,heap       ] GC(968) Humongous regions: 129->129
[2023-11-12T18:43:16.480+0100][gc,metaspace  ] GC(968) Metaspace: 47981K(51968K)->47981K(51968K) NonClass: 42050K(44288K)->42050K(44288K) Class: 5930K(7680K)->5930K(7680K)
[2023-11-12T18:43:16.480+0100][gc            ] GC(968) Pause Young (Normal) (G1 Evacuation Pause) 888M->310M(1024M) 25,756ms
[2023-11-12T18:43:16.480+0100][gc,cpu        ] GC(968) User=0,32s Sys=0,00s Real=0,02s
[2023-11-12T18:43:17.845+0100][gc,start      ] GC(969) Pause Young (Normal) (G1 Evacuation Pause)
[2023-11-12T18:43:17.845+0100][gc,task       ] GC(969) Using 13 workers of 13 for evacuation
[2023-11-12T18:43:17.848+0100][gc,phases     ] GC(969)   Pre Evacuate Collection Set: 0,0ms
[2023-11-12T18:43:17.848+0100][gc,phases     ] GC(969)   Evacuate Collection Set: 2,6ms
[2023-11-12T18:43:17.848+0100][gc,phases     ] GC(969)   Post Evacuate Collection Set: 0,6ms
[2023-11-12T18:43:17.848+0100][gc,phases     ] GC(969)   Other: 0,2ms
[2023-11-12T18:43:17.848+0100][gc,heap       ] GC(969) Eden regions: 575->0(607)
[2023-11-12T18:43:17.848+0100][gc,heap       ] GC(969) Survivor regions: 33->7(76)
[2023-11-12T18:43:17.848+0100][gc,heap       ] GC(969) Old regions: 151->151
[2023-11-12T18:43:17.848+0100][gc,heap       ] GC(969) Humongous regions: 129->129
[2023-11-12T18:43:17.848+0100][gc,metaspace  ] GC(969) Metaspace: 47981K(51968K)->47981K(51968K) NonClass: 42050K(44288K)->42050K(44288K) Class: 5930K(7680K)->5930K(7680K)
[2023-11-12T18:43:17.848+0100][gc            ] GC(969) Pause Young (Normal) (G1 Evacuation Pause) 885M->284M(1024M) 3,531ms
[2023-11-12T18:43:17.848+0100][gc,cpu        ] GC(969) User=0,00s Sys=0,03s Real=0,00s
[2023-11-12T18:43:19.304+0100][gc,start      ] GC(970) Pause Young (Normal) (G1 Evacuation Pause)
[2023-11-12T18:43:19.304+0100][gc,task       ] GC(970) Using 13 workers of 13 for evacuation
[2023-11-12T18:43:19.308+0100][gc,phases     ] GC(970)   Pre Evacuate Collection Set: 0,0ms
[2023-11-12T18:43:19.308+0100][gc,phases     ] GC(970)   Evacuate Collection Set: 3,4ms
[2023-11-12T18:43:19.308+0100][gc,phases     ] GC(970)   Post Evacuate Collection Set: 0,6ms
[2023-11-12T18:43:19.308+0100][gc,phases     ] GC(970)   Other: 0,2ms
[2023-11-12T18:43:19.308+0100][gc,heap       ] GC(970) Eden regions: 607->0(606)
[2023-11-12T18:43:19.308+0100][gc,heap       ] GC(970) Survivor regions: 7->8(77)
[2023-11-12T18:43:19.308+0100][gc,heap       ] GC(970) Old regions: 151->151
[2023-11-12T18:43:19.308+0100][gc,heap       ] GC(970) Humongous regions: 129->129
[2023-11-12T18:43:19.308+0100][gc,metaspace  ] GC(970) Metaspace: 47981K(51968K)->47981K(51968K) NonClass: 42050K(44288K)->42050K(44288K) Class: 5930K(7680K)->5930K(7680K)
[2023-11-12T18:43:19.308+0100][gc            ] GC(970) Pause Young (Normal) (G1 Evacuation Pause) 891M->286M(1024M) 4,259ms
[2023-11-12T18:43:19.308+0100][gc,cpu        ] GC(970) User=0,05s Sys=0,00s Real=0,00s
[2023-11-12T18:43:20.741+0100][gc,start      ] GC(971) Pause Young (Normal) (G1 Evacuation Pause)
[2023-11-12T18:43:20.741+0100][gc,task       ] GC(971) Using 13 workers of 13 for evacuation
[2023-11-12T18:43:20.748+0100][gc,phases     ] GC(971)   Pre Evacuate Collection Set: 0,0ms
[2023-11-12T18:43:20.748+0100][gc,phases     ] GC(971)   Evacuate Collection Set: 5,9ms
[2023-11-12T18:43:20.748+0100][gc,phases     ] GC(971)   Post Evacuate Collection Set: 0,8ms
[2023-11-12T18:43:20.748+0100][gc,phases     ] GC(971)   Other: 0,2ms
[2023-11-12T18:43:20.748+0100][gc,heap       ] GC(971) Eden regions: 606->0(604)
[2023-11-12T18:43:20.748+0100][gc,heap       ] GC(971) Survivor regions: 8->10(77)
[2023-11-12T18:43:20.748+0100][gc,heap       ] GC(971) Old regions: 151->151
[2023-11-12T18:43:20.748+0100][gc,heap       ] GC(971) Humongous regions: 129->129
[2023-11-12T18:43:20.748+0100][gc,metaspace  ] GC(971) Metaspace: 47981K(51968K)->47981K(51968K) NonClass: 42050K(44288K)->42050K(44288K) Class: 5930K(7680K)->5930K(7680K)
[2023-11-12T18:43:20.748+0100][gc            ] GC(971) Pause Young (Normal) (G1 Evacuation Pause) 892M->288M(1024M) 7,042ms
[2023-11-12T18:43:20.748+0100][gc,cpu        ] GC(971) User=0,08s Sys=0,00s Real=0,01s
[2023-11-12T18:43:22.089+0100][gc,start      ] GC(972) Pause Young (Normal) (G1 Evacuation Pause)
[2023-11-12T18:43:22.089+0100][gc,task       ] GC(972) Using 13 workers of 13 for evacuation
[2023-11-12T18:43:22.095+0100][gc,phases     ] GC(972)   Pre Evacuate Collection Set: 0,0ms
[2023-11-12T18:43:22.095+0100][gc,phases     ] GC(972)   Evacuate Collection Set: 5,6ms
[2023-11-12T18:43:22.095+0100][gc,phases     ] GC(972)   Post Evacuate Collection Set: 0,5ms
[2023-11-12T18:43:22.095+0100][gc,phases     ] GC(972)   Other: 0,2ms
[2023-11-12T18:43:22.095+0100][gc,heap       ] GC(972) Eden regions: 604->0(601)
[2023-11-12T18:43:22.095+0100][gc,heap       ] GC(972) Survivor regions: 10->13(77)
[2023-11-12T18:43:22.095+0100][gc,heap       ] GC(972) Old regions: 151->151
[2023-11-12T18:43:22.095+0100][gc,heap       ] GC(972) Humongous regions: 129->129
[2023-11-12T18:43:22.095+0100][gc,metaspace  ] GC(972) Metaspace: 47981K(51968K)->47981K(51968K) NonClass: 42050K(44288K)->42050K(44288K) Class: 5930K(7680K)->5930K(7680K)
[2023-11-12T18:43:22.095+0100][gc            ] GC(972) Pause Young (Normal) (G1 Evacuation Pause) 892M->290M(1024M) 6,460ms
[2023-11-12T18:43:22.095+0100][gc,cpu        ] GC(972) User=0,06s Sys=0,00s Real=0,01s
[2023-11-12T18:43:23.439+0100][gc,start      ] GC(973) Pause Young (Normal) (G1 Evacuation Pause)
[2023-11-12T18:43:23.439+0100][gc,task       ] GC(973) Using 13 workers of 13 for evacuation
[2023-11-12T18:43:23.446+0100][gc,phases     ] GC(973)   Pre Evacuate Collection Set: 0,0ms
[2023-11-12T18:43:23.446+0100][gc,phases     ] GC(973)   Evacuate Collection Set: 5,4ms
[2023-11-12T18:43:23.446+0100][gc,phases     ] GC(973)   Post Evacuate Collection Set: 0,6ms
[2023-11-12T18:43:23.446+0100][gc,phases     ] GC(973)   Other: 0,2ms
[2023-11-12T18:43:23.446+0100][gc,heap       ] GC(973) Eden regions: 601->0(598)
[2023-11-12T18:43:23.446+0100][gc,heap       ] GC(973) Survivor regions: 13->16(77)
[2023-11-12T18:43:23.446+0100][gc,heap       ] GC(973) Old regions: 151->151
[2023-11-12T18:43:23.446+0100][gc,heap       ] GC(973) Humongous regions: 129->129
[2023-11-12T18:43:23.446+0100][gc,metaspace  ] GC(973) Metaspace: 47981K(51968K)->47981K(51968K) NonClass: 42050K(44288K)->42050K(44288K) Class: 5930K(7680K)->5930K(7680K)
[2023-11-12T18:43:23.446+0100][gc            ] GC(973) Pause Young (Normal) (G1 Evacuation Pause) 891M->294M(1024M) 6,334ms
[2023-11-12T18:43:23.446+0100][gc,cpu        ] GC(973) User=0,06s Sys=0,01s Real=0,01s
[2023-11-12T18:43:24.835+0100][gc,start      ] GC(974) Pause Young (Normal) (G1 Evacuation Pause)
[2023-11-12T18:43:24.835+0100][gc,task       ] GC(974) Using 13 workers of 13 for evacuation
[2023-11-12T18:43:24.842+0100][gc,phases     ] GC(974)   Pre Evacuate Collection Set: 0,0ms
[2023-11-12T18:43:24.842+0100][gc,phases     ] GC(974)   Evacuate Collection Set: 6,1ms
[2023-11-12T18:43:24.842+0100][gc,phases     ] GC(974)   Post Evacuate Collection Set: 0,6ms
[2023-11-12T18:43:24.842+0100][gc,phases     ] GC(974)   Other: 0,3ms
[2023-11-12T18:43:24.842+0100][gc,heap       ] GC(974) Eden regions: 598->0(595)
[2023-11-12T18:43:24.842+0100][gc,heap       ] GC(974) Survivor regions: 16->19(77)
[2023-11-12T18:43:24.842+0100][gc,heap       ] GC(974) Old regions: 151->151
[2023-11-12T18:43:24.842+0100][gc,heap       ] GC(974) Humongous regions: 129->129
[2023-11-12T18:43:24.842+0100][gc,metaspace  ] GC(974) Metaspace: 47981K(51968K)->47981K(51968K) NonClass: 42050K(44288K)->42050K(44288K) Class: 5930K(7680K)->5930K(7680K)
[2023-11-12T18:43:24.842+0100][gc            ] GC(974) Pause Young (Normal) (G1 Evacuation Pause) 892M->297M(1024M) 7,108ms
[2023-11-12T18:43:24.842+0100][gc,cpu        ] GC(974) User=0,06s Sys=0,02s Real=0,01s
[2023-11-12T18:43:26.223+0100][gc,start      ] GC(975) Pause Young (Normal) (G1 Evacuation Pause)
[2023-11-12T18:43:26.223+0100][gc,task       ] GC(975) Using 13 workers of 13 for evacuation
[2023-11-12T18:43:26.231+0100][gc,phases     ] GC(975)   Pre Evacuate Collection Set: 0,0ms
[2023-11-12T18:43:26.231+0100][gc,phases     ] GC(975)   Evacuate Collection Set: 6,8ms
[2023-11-12T18:43:26.231+0100][gc,phases     ] GC(975)   Post Evacuate Collection Set: 0,6ms
[2023-11-12T18:43:26.231+0100][gc,phases     ] GC(975)   Other: 0,2ms
[2023-11-12T18:43:26.231+0100][gc,heap       ] GC(975) Eden regions: 595->0(593)
[2023-11-12T18:43:26.231+0100][gc,heap       ] GC(975) Survivor regions: 19->21(77)
[2023-11-12T18:43:26.231+0100][gc,heap       ] GC(975) Old regions: 151->151
[2023-11-12T18:43:26.231+0100][gc,heap       ] GC(975) Humongous regions: 129->129
[2023-11-12T18:43:26.231+0100][gc,metaspace  ] GC(975) Metaspace: 47981K(51968K)->47981K(51968K) NonClass: 42050K(44288K)->42050K(44288K) Class: 5930K(7680K)->5930K(7680K)
[2023-11-12T18:43:26.231+0100][gc            ] GC(975) Pause Young (Normal) (G1 Evacuation Pause) 892M->299M(1024M) 7,760ms
[2023-11-12T18:43:26.231+0100][gc,cpu        ] GC(975) User=0,09s Sys=0,00s Real=0,00s
[2023-11-12T18:43:27.619+0100][gc,start      ] GC(976) Pause Young (Normal) (G1 Evacuation Pause)
[2023-11-12T18:43:27.619+0100][gc,task       ] GC(976) Using 13 workers of 13 for evacuation
[2023-11-12T18:43:27.643+0100][gc,mmu        ] GC(976) MMU target violated: 21,0ms (20,0ms/21,0ms)
[2023-11-12T18:43:27.643+0100][gc,phases     ] GC(976)   Pre Evacuate Collection Set: 0,0ms
[2023-11-12T18:43:27.643+0100][gc,phases     ] GC(976)   Evacuate Collection Set: 23,3ms
[2023-11-12T18:43:27.643+0100][gc,phases     ] GC(976)   Post Evacuate Collection Set: 0,8ms
[2023-11-12T18:43:27.643+0100][gc,phases     ] GC(976)   Other: 0,3ms
[2023-11-12T18:43:27.643+0100][gc,heap       ] GC(976) Eden regions: 593->0(589)
[2023-11-12T18:43:27.643+0100][gc,heap       ] GC(976) Survivor regions: 21->25(77)
[2023-11-12T18:43:27.643+0100][gc,heap       ] GC(976) Old regions: 151->151
[2023-11-12T18:43:27.643+0100][gc,heap       ] GC(976) Humongous regions: 129->129
[2023-11-12T18:43:27.643+0100][gc,metaspace  ] GC(976) Metaspace: 47981K(51968K)->47981K(51968K) NonClass: 42050K(44288K)->42050K(44288K) Class: 5930K(7680K)->5930K(7680K)
[2023-11-12T18:43:27.643+0100][gc            ] GC(976) Pause Young (Normal) (G1 Evacuation Pause) 892M->302M(1024M) 24,496ms
[2023-11-12T18:43:27.644+0100][gc,cpu        ] GC(976) User=0,30s Sys=0,00s Real=0,03s
[2023-11-12T18:43:29.013+0100][gc,start      ] GC(977) Pause Young (Normal) (G1 Evacuation Pause)
[2023-11-12T18:43:29.013+0100][gc,task       ] GC(977) Using 13 workers of 13 for evacuation
[2023-11-12T18:43:29.023+0100][gc,phases     ] GC(977)   Pre Evacuate Collection Set: 0,0ms
[2023-11-12T18:43:29.023+0100][gc,phases     ] GC(977)   Evacuate Collection Set: 9,5ms
[2023-11-12T18:43:29.023+0100][gc,phases     ] GC(977)   Post Evacuate Collection Set: 0,6ms
[2023-11-12T18:43:29.023+0100][gc,phases     ] GC(977)   Other: 0,2ms
[2023-11-12T18:43:29.023+0100][gc,heap       ] GC(977) Eden regions: 589->0(585)
[2023-11-12T18:43:29.023+0100][gc,heap       ] GC(977) Survivor regions: 25->28(77)
[2023-11-12T18:43:29.023+0100][gc,heap       ] GC(977) Old regions: 151->151
[2023-11-12T18:43:29.023+0100][gc,heap       ] GC(977) Humongous regions: 129->129
[2023-11-12T18:43:29.023+0100][gc,metaspace  ] GC(977) Metaspace: 47981K(51968K)->47981K(51968K) NonClass: 42050K(44288K)->42050K(44288K) Class: 5930K(7680K)->5930K(7680K)
[2023-11-12T18:43:29.023+0100][gc            ] GC(977) Pause Young (Normal) (G1 Evacuation Pause) 891M->305M(1024M) 10,459ms
[2023-11-12T18:43:29.023+0100][gc,cpu        ] GC(977) User=0,13s Sys=0,00s Real=0,02s
[2023-11-12T18:43:30.452+0100][gc,start      ] GC(978) Pause Young (Normal) (G1 Evacuation Pause)
[2023-11-12T18:43:30.452+0100][gc,task       ] GC(978) Using 13 workers of 13 for evacuation
[2023-11-12T18:43:30.461+0100][gc,phases     ] GC(978)   Pre Evacuate Collection Set: 0,0ms
[2023-11-12T18:43:30.461+0100][gc,phases     ] GC(978)   Evacuate Collection Set: 8,9ms
[2023-11-12T18:43:30.461+0100][gc,phases     ] GC(978)   Post Evacuate Collection Set: 0,6ms
[2023-11-12T18:43:30.462+0100][gc,phases     ] GC(978)   Other: 0,2ms
[2023-11-12T18:43:30.462+0100][gc,heap       ] GC(978) Eden regions: 585->0(581)
[2023-11-12T18:43:30.462+0100][gc,heap       ] GC(978) Survivor regions: 28->30(77)
[2023-11-12T18:43:30.462+0100][gc,heap       ] GC(978) Old regions: 151->151
[2023-11-12T18:43:30.462+0100][gc,heap       ] GC(978) Humongous regions: 129->129
[2023-11-12T18:43:30.462+0100][gc,metaspace  ] GC(978) Metaspace: 47981K(51968K)->47981K(51968K) NonClass: 42050K(44288K)->42050K(44288K) Class: 5930K(7680K)->5930K(7680K)
[2023-11-12T18:43:30.462+0100][gc            ] GC(978) Pause Young (Normal) (G1 Evacuation Pause) 890M->308M(1024M) 9,793ms
[2023-11-12T18:43:30.462+0100][gc,cpu        ] GC(978) User=0,11s Sys=0,01s Real=0,02s
[2023-11-12T18:43:31.816+0100][gc,start      ] GC(979) Pause Young (Normal) (G1 Evacuation Pause)
[2023-11-12T18:43:31.816+0100][gc,task       ] GC(979) Using 13 workers of 13 for evacuation
[2023-11-12T18:43:31.827+0100][gc,phases     ] GC(979)   Pre Evacuate Collection Set: 0,0ms
[2023-11-12T18:43:31.827+0100][gc,phases     ] GC(979)   Evacuate Collection Set: 10,2ms
[2023-11-12T18:43:31.827+0100][gc,phases     ] GC(979)   Post Evacuate Collection Set: 0,5ms
[2023-11-12T18:43:31.827+0100][gc,phases     ] GC(979)   Other: 0,2ms
[2023-11-12T18:43:31.827+0100][gc,heap       ] GC(979) Eden regions: 581->0(574)
[2023-11-12T18:43:31.827+0100][gc,heap       ] GC(979) Survivor regions: 30->33(77)
[2023-11-12T18:43:31.827+0100][gc,heap       ] GC(979) Old regions: 151->152
[2023-11-12T18:43:31.827+0100][gc,heap       ] GC(979) Humongous regions: 129->129
[2023-11-12T18:43:31.827+0100][gc,metaspace  ] GC(979) Metaspace: 47981K(51968K)->47981K(51968K) NonClass: 42050K(44288K)->42050K(44288K) Class: 5930K(7680K)->5930K(7680K)
[2023-11-12T18:43:31.827+0100][gc            ] GC(979) Pause Young (Normal) (G1 Evacuation Pause) 889M->311M(1024M) 11,055ms
[2023-11-12T18:43:31.827+0100][gc,cpu        ] GC(979) User=0,14s Sys=0,00s Real=0,01s
[2023-11-12T18:43:33.146+0100][gc,start      ] GC(980) Pause Young (Normal) (G1 Evacuation Pause)
[2023-11-12T18:43:33.146+0100][gc,task       ] GC(980) Using 13 workers of 13 for evacuation
[2023-11-12T18:43:33.150+0100][gc,phases     ] GC(980)   Pre Evacuate Collection Set: 0,0ms
[2023-11-12T18:43:33.150+0100][gc,phases     ] GC(980)   Evacuate Collection Set: 3,1ms
[2023-11-12T18:43:33.150+0100][gc,phases     ] GC(980)   Post Evacuate Collection Set: 0,6ms
[2023-11-12T18:43:33.150+0100][gc,phases     ] GC(980)   Other: 0,3ms
[2023-11-12T18:43:33.150+0100][gc,heap       ] GC(980) Eden regions: 574->0(608)
[2023-11-12T18:43:33.150+0100][gc,heap       ] GC(980) Survivor regions: 33->6(76)
[2023-11-12T18:43:33.150+0100][gc,heap       ] GC(980) Old regions: 152->152
[2023-11-12T18:43:33.150+0100][gc,heap       ] GC(980) Humongous regions: 129->129
[2023-11-12T18:43:33.150+0100][gc,metaspace  ] GC(980) Metaspace: 47981K(51968K)->47981K(51968K) NonClass: 42050K(44288K)->42050K(44288K) Class: 5930K(7680K)->5930K(7680K)
[2023-11-12T18:43:33.150+0100][gc            ] GC(980) Pause Young (Normal) (G1 Evacuation Pause) 885M->284M(1024M) 4,094ms
[2023-11-12T18:43:33.150+0100][gc,cpu        ] GC(980) User=0,00s Sys=0,04s Real=0,00s
[2023-11-12T18:43:34.551+0100][gc,start      ] GC(981) Pause Young (Normal) (G1 Evacuation Pause)
[2023-11-12T18:43:34.551+0100][gc,task       ] GC(981) Using 13 workers of 13 for evacuation
[2023-11-12T18:43:34.556+0100][gc,phases     ] GC(981)   Pre Evacuate Collection Set: 0,0ms
[2023-11-12T18:43:34.556+0100][gc,phases     ] GC(981)   Evacuate Collection Set: 3,5ms
[2023-11-12T18:43:34.556+0100][gc,phases     ] GC(981)   Post Evacuate Collection Set: 0,6ms
[2023-11-12T18:43:34.556+0100][gc,phases     ] GC(981)   Other: 0,2ms
[2023-11-12T18:43:34.556+0100][gc,heap       ] GC(981) Eden regions: 608->0(606)
[2023-11-12T18:43:34.556+0100][gc,heap       ] GC(981) Survivor regions: 6->8(77)
[2023-11-12T18:43:34.556+0100][gc,heap       ] GC(981) Old regions: 152->152
[2023-11-12T18:43:34.556+0100][gc,heap       ] GC(981) Humongous regions: 129->129
[2023-11-12T18:43:34.556+0100][gc,metaspace  ] GC(981) Metaspace: 47981K(51968K)->47981K(51968K) NonClass: 42050K(44288K)->42050K(44288K) Class: 5930K(7680K)->5930K(7680K)
[2023-11-12T18:43:34.556+0100][gc            ] GC(981) Pause Young (Normal) (G1 Evacuation Pause) 892M->286M(1024M) 4,373ms
[2023-11-12T18:43:34.556+0100][gc,cpu        ] GC(981) User=0,04s Sys=0,00s Real=0,01s
[2023-11-12T18:43:35.984+0100][gc,start      ] GC(982) Pause Young (Normal) (G1 Evacuation Pause)
[2023-11-12T18:43:35.984+0100][gc,task       ] GC(982) Using 13 workers of 13 for evacuation
[2023-11-12T18:43:35.989+0100][gc,phases     ] GC(982)   Pre Evacuate Collection Set: 0,0ms
[2023-11-12T18:43:35.989+0100][gc,phases     ] GC(982)   Evacuate Collection Set: 4,5ms
[2023-11-12T18:43:35.989+0100][gc,phases     ] GC(982)   Post Evacuate Collection Set: 0,8ms
[2023-11-12T18:43:35.989+0100][gc,phases     ] GC(982)   Other: 0,3ms
[2023-11-12T18:43:35.989+0100][gc,heap       ] GC(982) Eden regions: 606->0(603)
[2023-11-12T18:43:35.989+0100][gc,heap       ] GC(982) Survivor regions: 8->11(77)
[2023-11-12T18:43:35.989+0100][gc,heap       ] GC(982) Old regions: 152->152
[2023-11-12T18:43:35.989+0100][gc,heap       ] GC(982) Humongous regions: 129->129
[2023-11-12T18:43:35.989+0100][gc,metaspace  ] GC(982) Metaspace: 47981K(51968K)->47981K(51968K) NonClass: 42050K(44288K)->42050K(44288K) Class: 5930K(7680K)->5930K(7680K)
[2023-11-12T18:43:35.990+0100][gc            ] GC(982) Pause Young (Normal) (G1 Evacuation Pause) 892M->289M(1024M) 5,817ms
[2023-11-12T18:43:35.990+0100][gc,cpu        ] GC(982) User=0,06s Sys=0,00s Real=0,00s
[2023-11-12T18:43:37.377+0100][gc,start      ] GC(983) Pause Young (Normal) (G1 Evacuation Pause)
[2023-11-12T18:43:37.377+0100][gc,task       ] GC(983) Using 13 workers of 13 for evacuation
[2023-11-12T18:43:37.382+0100][gc,phases     ] GC(983)   Pre Evacuate Collection Set: 0,0ms
[2023-11-12T18:43:37.382+0100][gc,phases     ] GC(983)   Evacuate Collection Set: 4,9ms
[2023-11-12T18:43:37.382+0100][gc,phases     ] GC(983)   Post Evacuate Collection Set: 0,6ms
[2023-11-12T18:43:37.382+0100][gc,phases     ] GC(983)   Other: 0,2ms
[2023-11-12T18:43:37.382+0100][gc,heap       ] GC(983) Eden regions: 603->0(601)
[2023-11-12T18:43:37.382+0100][gc,heap       ] GC(983) Survivor regions: 11->13(77)
[2023-11-12T18:43:37.382+0100][gc,heap       ] GC(983) Old regions: 152->152
[2023-11-12T18:43:37.382+0100][gc,heap       ] GC(983) Humongous regions: 129->129
[2023-11-12T18:43:37.383+0100][gc,metaspace  ] GC(983) Metaspace: 47981K(51968K)->47981K(51968K) NonClass: 42050K(44288K)->42050K(44288K) Class: 5930K(7680K)->5930K(7680K)
[2023-11-12T18:43:37.383+0100][gc            ] GC(983) Pause Young (Normal) (G1 Evacuation Pause) 892M->291M(1024M) 5,990ms
[2023-11-12T18:43:37.383+0100][gc,cpu        ] GC(983) User=0,06s Sys=0,00s Real=0,01s
[2023-11-12T18:43:38.796+0100][gc,start      ] GC(984) Pause Young (Normal) (G1 Evacuation Pause)
[2023-11-12T18:43:38.796+0100][gc,task       ] GC(984) Using 13 workers of 13 for evacuation
[2023-11-12T18:43:38.819+0100][gc,mmu        ] GC(984) MMU target violated: 21,0ms (20,0ms/21,0ms)
[2023-11-12T18:43:38.819+0100][gc,phases     ] GC(984)   Pre Evacuate Collection Set: 0,0ms
[2023-11-12T18:43:38.819+0100][gc,phases     ] GC(984)   Evacuate Collection Set: 21,5ms
[2023-11-12T18:43:38.819+0100][gc,phases     ] GC(984)   Post Evacuate Collection Set: 1,0ms
[2023-11-12T18:43:38.819+0100][gc,phases     ] GC(984)   Other: 0,3ms
[2023-11-12T18:43:38.819+0100][gc,heap       ] GC(984) Eden regions: 601->0(598)
[2023-11-12T18:43:38.819+0100][gc,heap       ] GC(984) Survivor regions: 13->16(77)
[2023-11-12T18:43:38.819+0100][gc,heap       ] GC(984) Old regions: 152->152
[2023-11-12T18:43:38.819+0100][gc,heap       ] GC(984) Humongous regions: 129->129
[2023-11-12T18:43:38.819+0100][gc,metaspace  ] GC(984) Metaspace: 47981K(51968K)->47981K(51968K) NonClass: 42050K(44288K)->42050K(44288K) Class: 5930K(7680K)->5930K(7680K)
[2023-11-12T18:43:38.819+0100][gc            ] GC(984) Pause Young (Normal) (G1 Evacuation Pause) 892M->294M(1024M) 23,104ms
[2023-11-12T18:43:38.819+0100][gc,cpu        ] GC(984) User=0,27s Sys=0,00s Real=0,02s
[2023-11-12T18:43:40.228+0100][gc,start      ] GC(985) Pause Young (Normal) (G1 Evacuation Pause)
[2023-11-12T18:43:40.228+0100][gc,task       ] GC(985) Using 13 workers of 13 for evacuation
[2023-11-12T18:43:40.235+0100][gc,phases     ] GC(985)   Pre Evacuate Collection Set: 0,0ms
[2023-11-12T18:43:40.236+0100][gc,phases     ] GC(985)   Evacuate Collection Set: 7,0ms
[2023-11-12T18:43:40.236+0100][gc,phases     ] GC(985)   Post Evacuate Collection Set: 0,5ms
[2023-11-12T18:43:40.236+0100][gc,phases     ] GC(985)   Other: 0,2ms
[2023-11-12T18:43:40.236+0100][gc,heap       ] GC(985) Eden regions: 598->0(595)
[2023-11-12T18:43:40.236+0100][gc,heap       ] GC(985) Survivor regions: 16->19(77)
[2023-11-12T18:43:40.236+0100][gc,heap       ] GC(985) Old regions: 152->152
[2023-11-12T18:43:40.236+0100][gc,heap       ] GC(985) Humongous regions: 129->129
[2023-11-12T18:43:40.236+0100][gc,metaspace  ] GC(985) Metaspace: 47981K(51968K)->47981K(51968K) NonClass: 42050K(44288K)->42050K(44288K) Class: 5930K(7680K)->5930K(7680K)
[2023-11-12T18:43:40.236+0100][gc            ] GC(985) Pause Young (Normal) (G1 Evacuation Pause) 892M->297M(1024M) 7,866ms
[2023-11-12T18:43:40.236+0100][gc,cpu        ] GC(985) User=0,09s Sys=0,00s Real=0,01s
[2023-11-12T18:43:41.596+0100][gc,start      ] GC(986) Pause Young (Normal) (G1 Evacuation Pause)
[2023-11-12T18:43:41.596+0100][gc,task       ] GC(986) Using 13 workers of 13 for evacuation
[2023-11-12T18:43:41.604+0100][gc,phases     ] GC(986)   Pre Evacuate Collection Set: 0,0ms
[2023-11-12T18:43:41.604+0100][gc,phases     ] GC(986)   Evacuate Collection Set: 7,1ms
[2023-11-12T18:43:41.604+0100][gc,phases     ] GC(986)   Post Evacuate Collection Set: 0,6ms
[2023-11-12T18:43:41.604+0100][gc,phases     ] GC(986)   Other: 0,2ms
[2023-11-12T18:43:41.604+0100][gc,heap       ] GC(986) Eden regions: 595->0(592)
[2023-11-12T18:43:41.604+0100][gc,heap       ] GC(986) Survivor regions: 19->22(77)
[2023-11-12T18:43:41.604+0100][gc,heap       ] GC(986) Old regions: 152->152
[2023-11-12T18:43:41.604+0100][gc,heap       ] GC(986) Humongous regions: 129->129
[2023-11-12T18:43:41.604+0100][gc,metaspace  ] GC(986) Metaspace: 47981K(51968K)->47981K(51968K) NonClass: 42050K(44288K)->42050K(44288K) Class: 5930K(7680K)->5930K(7680K)
[2023-11-12T18:43:41.604+0100][gc            ] GC(986) Pause Young (Normal) (G1 Evacuation Pause) 892M->301M(1024M) 7,976ms
[2023-11-12T18:43:41.604+0100][gc,cpu        ] GC(986) User=0,08s Sys=0,00s Real=0,01s
[2023-11-12T18:43:42.996+0100][gc,start      ] GC(987) Pause Young (Normal) (G1 Evacuation Pause)
[2023-11-12T18:43:42.996+0100][gc,task       ] GC(987) Using 13 workers of 13 for evacuation
[2023-11-12T18:43:43.005+0100][gc,phases     ] GC(987)   Pre Evacuate Collection Set: 0,0ms
[2023-11-12T18:43:43.005+0100][gc,phases     ] GC(987)   Evacuate Collection Set: 7,9ms
[2023-11-12T18:43:43.005+0100][gc,phases     ] GC(987)   Post Evacuate Collection Set: 0,9ms
[2023-11-12T18:43:43.005+0100][gc,phases     ] GC(987)   Other: 0,2ms
[2023-11-12T18:43:43.005+0100][gc,heap       ] GC(987) Eden regions: 592->0(589)
[2023-11-12T18:43:43.005+0100][gc,heap       ] GC(987) Survivor regions: 22->25(77)
[2023-11-12T18:43:43.005+0100][gc,heap       ] GC(987) Old regions: 152->152
[2023-11-12T18:43:43.005+0100][gc,heap       ] GC(987) Humongous regions: 129->129
[2023-11-12T18:43:43.005+0100][gc,metaspace  ] GC(987) Metaspace: 47981K(51968K)->47981K(51968K) NonClass: 42050K(44288K)->42050K(44288K) Class: 5930K(7680K)->5930K(7680K)
[2023-11-12T18:43:43.005+0100][gc            ] GC(987) Pause Young (Normal) (G1 Evacuation Pause) 893M->304M(1024M) 9,196ms
[2023-11-12T18:43:43.005+0100][gc,cpu        ] GC(987) User=0,07s Sys=0,01s Real=0,01s
[2023-11-12T18:43:44.347+0100][gc,start      ] GC(988) Pause Young (Normal) (G1 Evacuation Pause)
[2023-11-12T18:43:44.347+0100][gc,task       ] GC(988) Using 13 workers of 13 for evacuation
[2023-11-12T18:43:44.356+0100][gc,phases     ] GC(988)   Pre Evacuate Collection Set: 0,0ms
[2023-11-12T18:43:44.356+0100][gc,phases     ] GC(988)   Evacuate Collection Set: 8,2ms
[2023-11-12T18:43:44.356+0100][gc,phases     ] GC(988)   Post Evacuate Collection Set: 0,6ms
[2023-11-12T18:43:44.356+0100][gc,phases     ] GC(988)   Other: 0,2ms
[2023-11-12T18:43:44.356+0100][gc,heap       ] GC(988) Eden regions: 589->0(584)
[2023-11-12T18:43:44.356+0100][gc,heap       ] GC(988) Survivor regions: 25->28(77)
[2023-11-12T18:43:44.356+0100][gc,heap       ] GC(988) Old regions: 152->152
[2023-11-12T18:43:44.356+0100][gc,heap       ] GC(988) Humongous regions: 129->129
[2023-11-12T18:43:44.356+0100][gc,metaspace  ] GC(988) Metaspace: 47981K(51968K)->47981K(51968K) NonClass: 42050K(44288K)->42050K(44288K) Class: 5930K(7680K)->5930K(7680K)
[2023-11-12T18:43:44.356+0100][gc            ] GC(988) Pause Young (Normal) (G1 Evacuation Pause) 893M->307M(1024M) 9,118ms
[2023-11-12T18:43:44.356+0100][gc,cpu        ] GC(988) User=0,10s Sys=0,00s Real=0,01s
[2023-11-12T18:43:45.698+0100][gc,start      ] GC(989) Pause Young (Normal) (G1 Evacuation Pause)
[2023-11-12T18:43:45.698+0100][gc,task       ] GC(989) Using 13 workers of 13 for evacuation
[2023-11-12T18:43:45.708+0100][gc,phases     ] GC(989)   Pre Evacuate Collection Set: 0,0ms
[2023-11-12T18:43:45.708+0100][gc,phases     ] GC(989)   Evacuate Collection Set: 8,8ms
[2023-11-12T18:43:45.708+0100][gc,phases     ] GC(989)   Post Evacuate Collection Set: 0,6ms
[2023-11-12T18:43:45.708+0100][gc,phases     ] GC(989)   Other: 0,2ms
[2023-11-12T18:43:45.708+0100][gc,heap       ] GC(989) Eden regions: 584->0(580)
[2023-11-12T18:43:45.708+0100][gc,heap       ] GC(989) Survivor regions: 28->30(77)
[2023-11-12T18:43:45.708+0100][gc,heap       ] GC(989) Old regions: 152->152
[2023-11-12T18:43:45.708+0100][gc,heap       ] GC(989) Humongous regions: 129->129
[2023-11-12T18:43:45.708+0100][gc,metaspace  ] GC(989) Metaspace: 47981K(51968K)->47981K(51968K) NonClass: 42050K(44288K)->42050K(44288K) Class: 5930K(7680K)->5930K(7680K)
[2023-11-12T18:43:45.708+0100][gc            ] GC(989) Pause Young (Normal) (G1 Evacuation Pause) 891M->309M(1024M) 9,739ms
[2023-11-12T18:43:45.708+0100][gc,cpu        ] GC(989) User=0,11s Sys=0,00s Real=0,01s
[2023-11-12T18:43:47.027+0100][gc,start      ] GC(990) Pause Young (Normal) (G1 Evacuation Pause)
[2023-11-12T18:43:47.027+0100][gc,task       ] GC(990) Using 13 workers of 13 for evacuation
[2023-11-12T18:43:47.038+0100][gc,phases     ] GC(990)   Pre Evacuate Collection Set: 0,0ms
[2023-11-12T18:43:47.038+0100][gc,phases     ] GC(990)   Evacuate Collection Set: 9,5ms
[2023-11-12T18:43:47.038+0100][gc,phases     ] GC(990)   Post Evacuate Collection Set: 0,6ms
[2023-11-12T18:43:47.038+0100][gc,phases     ] GC(990)   Other: 0,2ms
[2023-11-12T18:43:47.038+0100][gc,heap       ] GC(990) Eden regions: 580->0(572)
[2023-11-12T18:43:47.038+0100][gc,heap       ] GC(990) Survivor regions: 30->34(77)
[2023-11-12T18:43:47.038+0100][gc,heap       ] GC(990) Old regions: 152->152
[2023-11-12T18:43:47.038+0100][gc,heap       ] GC(990) Humongous regions: 129->129
[2023-11-12T18:43:47.038+0100][gc,metaspace  ] GC(990) Metaspace: 47981K(51968K)->47981K(51968K) NonClass: 42050K(44288K)->42050K(44288K) Class: 5930K(7680K)->5930K(7680K)
[2023-11-12T18:43:47.038+0100][gc            ] GC(990) Pause Young (Normal) (G1 Evacuation Pause) 889M->313M(1024M) 10,384ms
[2023-11-12T18:43:47.038+0100][gc,cpu        ] GC(990) User=0,12s Sys=0,01s Real=0,01s
[2023-11-12T18:43:48.384+0100][gc,start      ] GC(991) Pause Young (Normal) (G1 Evacuation Pause)
[2023-11-12T18:43:48.384+0100][gc,task       ] GC(991) Using 13 workers of 13 for evacuation
[2023-11-12T18:43:48.387+0100][gc,phases     ] GC(991)   Pre Evacuate Collection Set: 0,0ms
[2023-11-12T18:43:48.387+0100][gc,phases     ] GC(991)   Evacuate Collection Set: 2,8ms
[2023-11-12T18:43:48.387+0100][gc,phases     ] GC(991)   Post Evacuate Collection Set: 0,6ms
[2023-11-12T18:43:48.387+0100][gc,phases     ] GC(991)   Other: 0,2ms
[2023-11-12T18:43:48.387+0100][gc,heap       ] GC(991) Eden regions: 572->0(607)
[2023-11-12T18:43:48.387+0100][gc,heap       ] GC(991) Survivor regions: 34->7(76)
[2023-11-12T18:43:48.387+0100][gc,heap       ] GC(991) Old regions: 152->152
[2023-11-12T18:43:48.387+0100][gc,heap       ] GC(991) Humongous regions: 129->129
[2023-11-12T18:43:48.387+0100][gc,metaspace  ] GC(991) Metaspace: 47981K(51968K)->47981K(51968K) NonClass: 42050K(44288K)->42050K(44288K) Class: 5930K(7680K)->5930K(7680K)
[2023-11-12T18:43:48.387+0100][gc            ] GC(991) Pause Young (Normal) (G1 Evacuation Pause) 885M->286M(1024M) 3,681ms
[2023-11-12T18:43:48.387+0100][gc,cpu        ] GC(991) User=0,04s Sys=0,00s Real=0,00s
[2023-11-12T18:43:49.809+0100][gc,start      ] GC(992) Pause Young (Normal) (G1 Evacuation Pause)
[2023-11-12T18:43:49.809+0100][gc,task       ] GC(992) Using 13 workers of 13 for evacuation
[2023-11-12T18:43:49.813+0100][gc,phases     ] GC(992)   Pre Evacuate Collection Set: 0,0ms
[2023-11-12T18:43:49.813+0100][gc,phases     ] GC(992)   Evacuate Collection Set: 3,2ms
[2023-11-12T18:43:49.813+0100][gc,phases     ] GC(992)   Post Evacuate Collection Set: 0,6ms
[2023-11-12T18:43:49.813+0100][gc,phases     ] GC(992)   Other: 0,2ms
[2023-11-12T18:43:49.813+0100][gc,heap       ] GC(992) Eden regions: 607->0(606)
[2023-11-12T18:43:49.813+0100][gc,heap       ] GC(992) Survivor regions: 7->8(77)
[2023-11-12T18:43:49.813+0100][gc,heap       ] GC(992) Old regions: 152->152
[2023-11-12T18:43:49.813+0100][gc,heap       ] GC(992) Humongous regions: 129->129
[2023-11-12T18:43:49.813+0100][gc,metaspace  ] GC(992) Metaspace: 47981K(51968K)->47981K(51968K) NonClass: 42050K(44288K)->42050K(44288K) Class: 5930K(7680K)->5930K(7680K)
[2023-11-12T18:43:49.813+0100][gc            ] GC(992) Pause Young (Normal) (G1 Evacuation Pause) 893M->287M(1024M) 4,147ms
[2023-11-12T18:43:49.813+0100][gc,cpu        ] GC(992) User=0,04s Sys=0,00s Real=0,00s
[2023-11-12T18:43:51.219+0100][gc,start      ] GC(993) Pause Young (Normal) (G1 Evacuation Pause)
[2023-11-12T18:43:51.219+0100][gc,task       ] GC(993) Using 13 workers of 13 for evacuation
[2023-11-12T18:43:51.224+0100][gc,phases     ] GC(993)   Pre Evacuate Collection Set: 0,0ms
[2023-11-12T18:43:51.224+0100][gc,phases     ] GC(993)   Evacuate Collection Set: 4,4ms
[2023-11-12T18:43:51.224+0100][gc,phases     ] GC(993)   Post Evacuate Collection Set: 0,6ms
[2023-11-12T18:43:51.224+0100][gc,phases     ] GC(993)   Other: 0,2ms
[2023-11-12T18:43:51.224+0100][gc,heap       ] GC(993) Eden regions: 606->0(603)
[2023-11-12T18:43:51.224+0100][gc,heap       ] GC(993) Survivor regions: 8->11(77)
[2023-11-12T18:43:51.224+0100][gc,heap       ] GC(993) Old regions: 152->153
[2023-11-12T18:43:51.224+0100][gc,heap       ] GC(993) Humongous regions: 129->129
[2023-11-12T18:43:51.224+0100][gc,metaspace  ] GC(993) Metaspace: 47981K(51968K)->47981K(51968K) NonClass: 42050K(44288K)->42050K(44288K) Class: 5930K(7680K)->5930K(7680K)
[2023-11-12T18:43:51.224+0100][gc            ] GC(993) Pause Young (Normal) (G1 Evacuation Pause) 893M->289M(1024M) 5,240ms
[2023-11-12T18:43:51.225+0100][gc,cpu        ] GC(993) User=0,05s Sys=0,00s Real=0,01s
[2023-11-12T18:43:52.642+0100][gc,start      ] GC(994) Pause Young (Normal) (G1 Evacuation Pause)
[2023-11-12T18:43:52.642+0100][gc,task       ] GC(994) Using 13 workers of 13 for evacuation
[2023-11-12T18:43:52.648+0100][gc,phases     ] GC(994)   Pre Evacuate Collection Set: 0,0ms
[2023-11-12T18:43:52.648+0100][gc,phases     ] GC(994)   Evacuate Collection Set: 5,4ms
[2023-11-12T18:43:52.648+0100][gc,phases     ] GC(994)   Post Evacuate Collection Set: 0,6ms
[2023-11-12T18:43:52.648+0100][gc,phases     ] GC(994)   Other: 0,3ms
[2023-11-12T18:43:52.648+0100][gc,heap       ] GC(994) Eden regions: 603->0(601)
[2023-11-12T18:43:52.648+0100][gc,heap       ] GC(994) Survivor regions: 11->13(77)
[2023-11-12T18:43:52.648+0100][gc,heap       ] GC(994) Old regions: 153->153
[2023-11-12T18:43:52.648+0100][gc,heap       ] GC(994) Humongous regions: 129->129
[2023-11-12T18:43:52.648+0100][gc,metaspace  ] GC(994) Metaspace: 47981K(51968K)->47981K(51968K) NonClass: 42050K(44288K)->42050K(44288K) Class: 5930K(7680K)->5930K(7680K)
[2023-11-12T18:43:52.648+0100][gc            ] GC(994) Pause Young (Normal) (G1 Evacuation Pause) 892M->292M(1024M) 6,475ms
[2023-11-12T18:43:52.648+0100][gc,cpu        ] GC(994) User=0,06s Sys=0,01s Real=0,00s
[2023-11-12T18:43:54.073+0100][gc,start      ] GC(995) Pause Young (Normal) (G1 Evacuation Pause)
[2023-11-12T18:43:54.073+0100][gc,task       ] GC(995) Using 13 workers of 13 for evacuation
[2023-11-12T18:43:54.079+0100][gc,phases     ] GC(995)   Pre Evacuate Collection Set: 0,0ms
[2023-11-12T18:43:54.079+0100][gc,phases     ] GC(995)   Evacuate Collection Set: 5,7ms
[2023-11-12T18:43:54.079+0100][gc,phases     ] GC(995)   Post Evacuate Collection Set: 0,6ms
[2023-11-12T18:43:54.079+0100][gc,phases     ] GC(995)   Other: 0,2ms
[2023-11-12T18:43:54.079+0100][gc,heap       ] GC(995) Eden regions: 601->0(597)
[2023-11-12T18:43:54.079+0100][gc,heap       ] GC(995) Survivor regions: 13->17(77)
[2023-11-12T18:43:54.079+0100][gc,heap       ] GC(995) Old regions: 153->153
[2023-11-12T18:43:54.079+0100][gc,heap       ] GC(995) Humongous regions: 129->129
[2023-11-12T18:43:54.079+0100][gc,metaspace  ] GC(995) Metaspace: 47981K(51968K)->47981K(51968K) NonClass: 42050K(44288K)->42050K(44288K) Class: 5930K(7680K)->5930K(7680K)
[2023-11-12T18:43:54.079+0100][gc            ] GC(995) Pause Young (Normal) (G1 Evacuation Pause) 893M->296M(1024M) 6,584ms
[2023-11-12T18:43:54.079+0100][gc,cpu        ] GC(995) User=0,06s Sys=0,00s Real=0,01s
[2023-11-12T18:43:55.483+0100][gc,start      ] GC(996) Pause Young (Normal) (G1 Evacuation Pause)
[2023-11-12T18:43:55.483+0100][gc,task       ] GC(996) Using 13 workers of 13 for evacuation
[2023-11-12T18:43:55.490+0100][gc,phases     ] GC(996)   Pre Evacuate Collection Set: 0,0ms
[2023-11-12T18:43:55.490+0100][gc,phases     ] GC(996)   Evacuate Collection Set: 6,5ms
[2023-11-12T18:43:55.490+0100][gc,phases     ] GC(996)   Post Evacuate Collection Set: 0,6ms
[2023-11-12T18:43:55.490+0100][gc,phases     ] GC(996)   Other: 0,3ms
[2023-11-12T18:43:55.490+0100][gc,heap       ] GC(996) Eden regions: 597->0(594)
[2023-11-12T18:43:55.490+0100][gc,heap       ] GC(996) Survivor regions: 17->20(77)
[2023-11-12T18:43:55.490+0100][gc,heap       ] GC(996) Old regions: 153->153
[2023-11-12T18:43:55.490+0100][gc,heap       ] GC(996) Humongous regions: 129->129
[2023-11-12T18:43:55.490+0100][gc,metaspace  ] GC(996) Metaspace: 47981K(51968K)->47981K(51968K) NonClass: 42050K(44288K)->42050K(44288K) Class: 5930K(7680K)->5930K(7680K)
[2023-11-12T18:43:55.490+0100][gc            ] GC(996) Pause Young (Normal) (G1 Evacuation Pause) 893M->299M(1024M) 7,419ms
[2023-11-12T18:43:55.490+0100][gc,cpu        ] GC(996) User=0,08s Sys=0,00s Real=0,00s
[2023-11-12T18:43:56.879+0100][gc,start      ] GC(997) Pause Young (Normal) (G1 Evacuation Pause)
[2023-11-12T18:43:56.879+0100][gc,task       ] GC(997) Using 13 workers of 13 for evacuation
[2023-11-12T18:43:56.886+0100][gc,phases     ] GC(997)   Pre Evacuate Collection Set: 0,0ms
[2023-11-12T18:43:56.886+0100][gc,phases     ] GC(997)   Evacuate Collection Set: 6,9ms
[2023-11-12T18:43:56.886+0100][gc,phases     ] GC(997)   Post Evacuate Collection Set: 0,6ms
[2023-11-12T18:43:56.886+0100][gc,phases     ] GC(997)   Other: 0,2ms
[2023-11-12T18:43:56.886+0100][gc,heap       ] GC(997) Eden regions: 594->0(592)
[2023-11-12T18:43:56.886+0100][gc,heap       ] GC(997) Survivor regions: 20->22(77)
[2023-11-12T18:43:56.886+0100][gc,heap       ] GC(997) Old regions: 153->153
[2023-11-12T18:43:56.886+0100][gc,heap       ] GC(997) Humongous regions: 129->129
[2023-11-12T18:43:56.886+0100][gc,metaspace  ] GC(997) Metaspace: 47981K(51968K)->47981K(51968K) NonClass: 42050K(44288K)->42050K(44288K) Class: 5930K(7680K)->5930K(7680K)
[2023-11-12T18:43:56.886+0100][gc            ] GC(997) Pause Young (Normal) (G1 Evacuation Pause) 893M->301M(1024M) 7,886ms
[2023-11-12T18:43:56.886+0100][gc,cpu        ] GC(997) User=0,06s Sys=0,03s Real=0,01s
[2023-11-12T18:43:58.272+0100][gc,start      ] GC(998) Pause Young (Normal) (G1 Evacuation Pause)
[2023-11-12T18:43:58.272+0100][gc,task       ] GC(998) Using 13 workers of 13 for evacuation
[2023-11-12T18:43:58.281+0100][gc,phases     ] GC(998)   Pre Evacuate Collection Set: 0,0ms
[2023-11-12T18:43:58.281+0100][gc,phases     ] GC(998)   Evacuate Collection Set: 7,7ms
[2023-11-12T18:43:58.281+0100][gc,phases     ] GC(998)   Post Evacuate Collection Set: 0,6ms
[2023-11-12T18:43:58.281+0100][gc,phases     ] GC(998)   Other: 0,3ms
[2023-11-12T18:43:58.281+0100][gc,heap       ] GC(998) Eden regions: 592->0(590)
[2023-11-12T18:43:58.281+0100][gc,heap       ] GC(998) Survivor regions: 22->24(77)
[2023-11-12T18:43:58.281+0100][gc,heap       ] GC(998) Old regions: 153->153
[2023-11-12T18:43:58.281+0100][gc,heap       ] GC(998) Humongous regions: 129->129
[2023-11-12T18:43:58.281+0100][gc,metaspace  ] GC(998) Metaspace: 47981K(51968K)->47981K(51968K) NonClass: 42050K(44288K)->42050K(44288K) Class: 5930K(7680K)->5930K(7680K)
[2023-11-12T18:43:58.281+0100][gc            ] GC(998) Pause Young (Normal) (G1 Evacuation Pause) 893M->304M(1024M) 8,675ms
[2023-11-12T18:43:58.281+0100][gc,cpu        ] GC(998) User=0,10s Sys=0,00s Real=0,01s
[2023-11-12T18:43:59.718+0100][gc,start      ] GC(999) Pause Young (Normal) (G1 Evacuation Pause)
[2023-11-12T18:43:59.718+0100][gc,task       ] GC(999) Using 13 workers of 13 for evacuation
[2023-11-12T18:43:59.727+0100][gc,phases     ] GC(999)   Pre Evacuate Collection Set: 0,0ms
[2023-11-12T18:43:59.727+0100][gc,phases     ] GC(999)   Evacuate Collection Set: 8,1ms
[2023-11-12T18:43:59.727+0100][gc,phases     ] GC(999)   Post Evacuate Collection Set: 0,6ms
[2023-11-12T18:43:59.727+0100][gc,phases     ] GC(999)   Other: 0,2ms
[2023-11-12T18:43:59.727+0100][gc,heap       ] GC(999) Eden regions: 590->0(585)
[2023-11-12T18:43:59.727+0100][gc,heap       ] GC(999) Survivor regions: 24->27(77)
[2023-11-12T18:43:59.727+0100][gc,heap       ] GC(999) Old regions: 153->153
[2023-11-12T18:43:59.727+0100][gc,heap       ] GC(999) Humongous regions: 129->129
[2023-11-12T18:43:59.727+0100][gc,metaspace  ] GC(999) Metaspace: 47981K(51968K)->47981K(51968K) NonClass: 42050K(44288K)->42050K(44288K) Class: 5930K(7680K)->5930K(7680K)
[2023-11-12T18:43:59.727+0100][gc            ] GC(999) Pause Young (Normal) (G1 Evacuation Pause) 894M->307M(1024M) 9,066ms
[2023-11-12T18:43:59.727+0100][gc,cpu        ] GC(999) User=0,10s Sys=0,00s Real=0,01s
[2023-11-12T18:44:01.140+0100][gc,start      ] GC(1000) Pause Young (Normal) (G1 Evacuation Pause)
[2023-11-12T18:44:01.140+0100][gc,task       ] GC(1000) Using 13 workers of 13 for evacuation
[2023-11-12T18:44:01.150+0100][gc,phases     ] GC(1000)   Pre Evacuate Collection Set: 0,0ms
[2023-11-12T18:44:01.150+0100][gc,phases     ] GC(1000)   Evacuate Collection Set: 9,2ms
[2023-11-12T18:44:01.150+0100][gc,phases     ] GC(1000)   Post Evacuate Collection Set: 0,6ms
[2023-11-12T18:44:01.150+0100][gc,phases     ] GC(1000)   Other: 0,2ms
[2023-11-12T18:44:01.150+0100][gc,heap       ] GC(1000) Eden regions: 585->0(581)
[2023-11-12T18:44:01.150+0100][gc,heap       ] GC(1000) Survivor regions: 27->29(77)
[2023-11-12T18:44:01.150+0100][gc,heap       ] GC(1000) Old regions: 153->153
[2023-11-12T18:44:01.150+0100][gc,heap       ] GC(1000) Humongous regions: 129->129
[2023-11-12T18:44:01.150+0100][gc,metaspace  ] GC(1000) Metaspace: 47981K(51968K)->47981K(51968K) NonClass: 42050K(44288K)->42050K(44288K) Class: 5930K(7680K)->5930K(7680K)
[2023-11-12T18:44:01.150+0100][gc            ] GC(1000) Pause Young (Normal) (G1 Evacuation Pause) 892M->308M(1024M) 10,087ms
[2023-11-12T18:44:01.150+0100][gc,cpu        ] GC(1000) User=0,10s Sys=0,03s Real=0,01s
[2023-11-12T18:44:02.547+0100][gc,start      ] GC(1001) Pause Young (Normal) (G1 Evacuation Pause)
[2023-11-12T18:44:02.547+0100][gc,task       ] GC(1001) Using 13 workers of 13 for evacuation
[2023-11-12T18:44:02.556+0100][gc,phases     ] GC(1001)   Pre Evacuate Collection Set: 0,0ms
[2023-11-12T18:44:02.556+0100][gc,phases     ] GC(1001)   Evacuate Collection Set: 8,9ms
[2023-11-12T18:44:02.556+0100][gc,phases     ] GC(1001)   Post Evacuate Collection Set: 0,6ms
[2023-11-12T18:44:02.556+0100][gc,phases     ] GC(1001)   Other: 0,2ms
[2023-11-12T18:44:02.556+0100][gc,heap       ] GC(1001) Eden regions: 581->0(577)
[2023-11-12T18:44:02.556+0100][gc,heap       ] GC(1001) Survivor regions: 29->31(77)
[2023-11-12T18:44:02.556+0100][gc,heap       ] GC(1001) Old regions: 153->153
[2023-11-12T18:44:02.556+0100][gc,heap       ] GC(1001) Humongous regions: 129->129
[2023-11-12T18:44:02.556+0100][gc,metaspace  ] GC(1001) Metaspace: 47981K(51968K)->47981K(51968K) NonClass: 42050K(44288K)->42050K(44288K) Class: 5930K(7680K)->5930K(7680K)
[2023-11-12T18:44:02.556+0100][gc            ] GC(1001) Pause Young (Normal) (G1 Evacuation Pause) 889M->311M(1024M) 9,873ms
[2023-11-12T18:44:02.556+0100][gc,cpu        ] GC(1001) User=0,11s Sys=0,01s Real=0,01s
[2023-11-12T18:44:04.017+0100][gc,start      ] GC(1002) Pause Young (Normal) (G1 Evacuation Pause)
[2023-11-12T18:44:04.017+0100][gc,task       ] GC(1002) Using 13 workers of 13 for evacuation
[2023-11-12T18:44:04.027+0100][gc,phases     ] GC(1002)   Pre Evacuate Collection Set: 0,0ms
[2023-11-12T18:44:04.027+0100][gc,phases     ] GC(1002)   Evacuate Collection Set: 9,6ms
[2023-11-12T18:44:04.027+0100][gc,phases     ] GC(1002)   Post Evacuate Collection Set: 0,6ms
[2023-11-12T18:44:04.027+0100][gc,phases     ] GC(1002)   Other: 0,2ms
[2023-11-12T18:44:04.027+0100][gc,heap       ] GC(1002) Eden regions: 577->0(573)
[2023-11-12T18:44:04.027+0100][gc,heap       ] GC(1002) Survivor regions: 31->33(76)
[2023-11-12T18:44:04.027+0100][gc,heap       ] GC(1002) Old regions: 153->153
[2023-11-12T18:44:04.027+0100][gc,heap       ] GC(1002) Humongous regions: 129->129
[2023-11-12T18:44:04.027+0100][gc,metaspace  ] GC(1002) Metaspace: 47981K(51968K)->47981K(51968K) NonClass: 42050K(44288K)->42050K(44288K) Class: 5930K(7680K)->5930K(7680K)
[2023-11-12T18:44:04.027+0100][gc            ] GC(1002) Pause Young (Normal) (G1 Evacuation Pause) 888M->312M(1024M) 10,498ms
[2023-11-12T18:44:04.027+0100][gc,cpu        ] GC(1002) User=0,12s Sys=0,00s Real=0,01s
[2023-11-12T18:44:05.591+0100][gc,start      ] GC(1003) Pause Young (Normal) (G1 Evacuation Pause)
[2023-11-12T18:44:05.591+0100][gc,task       ] GC(1003) Using 13 workers of 13 for evacuation
[2023-11-12T18:44:05.594+0100][gc,phases     ] GC(1003)   Pre Evacuate Collection Set: 0,0ms
[2023-11-12T18:44:05.594+0100][gc,phases     ] GC(1003)   Evacuate Collection Set: 2,6ms
[2023-11-12T18:44:05.594+0100][gc,phases     ] GC(1003)   Post Evacuate Collection Set: 0,6ms
[2023-11-12T18:44:05.594+0100][gc,phases     ] GC(1003)   Other: 0,3ms
[2023-11-12T18:44:05.594+0100][gc,heap       ] GC(1003) Eden regions: 573->0(608)
[2023-11-12T18:44:05.594+0100][gc,heap       ] GC(1003) Survivor regions: 33->6(76)
[2023-11-12T18:44:05.594+0100][gc,heap       ] GC(1003) Old regions: 153->153
[2023-11-12T18:44:05.595+0100][gc,heap       ] GC(1003) Humongous regions: 129->129
[2023-11-12T18:44:05.595+0100][gc,metaspace  ] GC(1003) Metaspace: 47981K(51968K)->47981K(51968K) NonClass: 42050K(44288K)->42050K(44288K) Class: 5930K(7680K)->5930K(7680K)
[2023-11-12T18:44:05.595+0100][gc            ] GC(1003) Pause Young (Normal) (G1 Evacuation Pause) 885M->286M(1024M) 3,571ms
[2023-11-12T18:44:05.595+0100][gc,cpu        ] GC(1003) User=0,03s Sys=0,01s Real=0,01s
[2023-11-12T18:44:07.318+0100][gc,start      ] GC(1004) Pause Young (Normal) (G1 Evacuation Pause)
[2023-11-12T18:44:07.318+0100][gc,task       ] GC(1004) Using 13 workers of 13 for evacuation
[2023-11-12T18:44:07.322+0100][gc,phases     ] GC(1004)   Pre Evacuate Collection Set: 0,0ms
[2023-11-12T18:44:07.322+0100][gc,phases     ] GC(1004)   Evacuate Collection Set: 3,0ms
[2023-11-12T18:44:07.322+0100][gc,phases     ] GC(1004)   Post Evacuate Collection Set: 0,5ms
[2023-11-12T18:44:07.322+0100][gc,phases     ] GC(1004)   Other: 0,2ms
[2023-11-12T18:44:07.322+0100][gc,heap       ] GC(1004) Eden regions: 608->0(609)
[2023-11-12T18:44:07.322+0100][gc,heap       ] GC(1004) Survivor regions: 6->5(77)
[2023-11-12T18:44:07.322+0100][gc,heap       ] GC(1004) Old regions: 153->153
[2023-11-12T18:44:07.322+0100][gc,heap       ] GC(1004) Humongous regions: 129->129
[2023-11-12T18:44:07.322+0100][gc,metaspace  ] GC(1004) Metaspace: 47981K(51968K)->47981K(51968K) NonClass: 42050K(44288K)->42050K(44288K) Class: 5930K(7680K)->5930K(7680K)
[2023-11-12T18:44:07.322+0100][gc            ] GC(1004) Pause Young (Normal) (G1 Evacuation Pause) 894M->285M(1024M) 3,903ms
[2023-11-12T18:44:07.322+0100][gc,cpu        ] GC(1004) User=0,03s Sys=0,00s Real=0,01s
[2023-11-12T18:44:09.350+0100][gc,start      ] GC(1005) Pause Young (Normal) (G1 Evacuation Pause)
[2023-11-12T18:44:09.350+0100][gc,task       ] GC(1005) Using 13 workers of 13 for evacuation
[2023-11-12T18:44:09.355+0100][gc,phases     ] GC(1005)   Pre Evacuate Collection Set: 0,0ms
[2023-11-12T18:44:09.355+0100][gc,phases     ] GC(1005)   Evacuate Collection Set: 3,9ms
[2023-11-12T18:44:09.355+0100][gc,phases     ] GC(1005)   Post Evacuate Collection Set: 0,5ms
[2023-11-12T18:44:09.355+0100][gc,phases     ] GC(1005)   Other: 0,3ms
[2023-11-12T18:44:09.355+0100][gc,heap       ] GC(1005) Eden regions: 609->0(608)
[2023-11-12T18:44:09.355+0100][gc,heap       ] GC(1005) Survivor regions: 5->6(77)
[2023-11-12T18:44:09.355+0100][gc,heap       ] GC(1005) Old regions: 153->153
[2023-11-12T18:44:09.355+0100][gc,heap       ] GC(1005) Humongous regions: 129->129
[2023-11-12T18:44:09.355+0100][gc,metaspace  ] GC(1005) Metaspace: 47981K(51968K)->47981K(51968K) NonClass: 42050K(44288K)->42050K(44288K) Class: 5930K(7680K)->5930K(7680K)
[2023-11-12T18:44:09.355+0100][gc            ] GC(1005) Pause Young (Normal) (G1 Evacuation Pause) 894M->285M(1024M) 4,840ms
[2023-11-12T18:44:09.355+0100][gc,cpu        ] GC(1005) User=0,00s Sys=0,05s Real=0,01s
[2023-11-12T18:44:11.861+0100][gc,start      ] GC(1006) Pause Young (Normal) (G1 Evacuation Pause)
[2023-11-12T18:44:11.861+0100][gc,task       ] GC(1006) Using 13 workers of 13 for evacuation
[2023-11-12T18:44:11.866+0100][gc,phases     ] GC(1006)   Pre Evacuate Collection Set: 0,0ms
[2023-11-12T18:44:11.866+0100][gc,phases     ] GC(1006)   Evacuate Collection Set: 3,2ms
[2023-11-12T18:44:11.866+0100][gc,phases     ] GC(1006)   Post Evacuate Collection Set: 0,7ms
[2023-11-12T18:44:11.866+0100][gc,phases     ] GC(1006)   Other: 0,3ms
[2023-11-12T18:44:11.866+0100][gc,heap       ] GC(1006) Eden regions: 608->0(608)
[2023-11-12T18:44:11.866+0100][gc,heap       ] GC(1006) Survivor regions: 6->6(77)
[2023-11-12T18:44:11.866+0100][gc,heap       ] GC(1006) Old regions: 153->153
[2023-11-12T18:44:11.866+0100][gc,heap       ] GC(1006) Humongous regions: 129->129
[2023-11-12T18:44:11.866+0100][gc,metaspace  ] GC(1006) Metaspace: 47981K(51968K)->47981K(51968K) NonClass: 42050K(44288K)->42050K(44288K) Class: 5930K(7680K)->5930K(7680K)
[2023-11-12T18:44:11.866+0100][gc            ] GC(1006) Pause Young (Normal) (G1 Evacuation Pause) 893M->286M(1024M) 4,405ms
[2023-11-12T18:44:11.866+0100][gc,cpu        ] GC(1006) User=0,02s Sys=0,02s Real=0,00s
[2023-11-12T18:44:14.390+0100][gc,start      ] GC(1007) Pause Young (Normal) (G1 Evacuation Pause)
[2023-11-12T18:44:14.390+0100][gc,task       ] GC(1007) Using 13 workers of 13 for evacuation
[2023-11-12T18:44:14.395+0100][gc,phases     ] GC(1007)   Pre Evacuate Collection Set: 0,0ms
[2023-11-12T18:44:14.395+0100][gc,phases     ] GC(1007)   Evacuate Collection Set: 4,2ms
[2023-11-12T18:44:14.395+0100][gc,phases     ] GC(1007)   Post Evacuate Collection Set: 0,6ms
[2023-11-12T18:44:14.395+0100][gc,phases     ] GC(1007)   Other: 0,3ms
[2023-11-12T18:44:14.395+0100][gc,heap       ] GC(1007) Eden regions: 608->0(607)
[2023-11-12T18:44:14.395+0100][gc,heap       ] GC(1007) Survivor regions: 6->7(77)
[2023-11-12T18:44:14.395+0100][gc,heap       ] GC(1007) Old regions: 153->154
[2023-11-12T18:44:14.395+0100][gc,heap       ] GC(1007) Humongous regions: 129->129
[2023-11-12T18:44:14.395+0100][gc,metaspace  ] GC(1007) Metaspace: 47981K(51968K)->47981K(51968K) NonClass: 42050K(44288K)->42050K(44288K) Class: 5930K(7680K)->5930K(7680K)
[2023-11-12T18:44:14.395+0100][gc            ] GC(1007) Pause Young (Normal) (G1 Evacuation Pause) 894M->287M(1024M) 5,173ms
[2023-11-12T18:44:14.395+0100][gc,cpu        ] GC(1007) User=0,03s Sys=0,01s Real=0,01s
[2023-11-12T18:46:04.177+0100][gc,start      ] GC(1008) Pause Young (Normal) (G1 Evacuation Pause)
[2023-11-12T18:46:04.177+0100][gc,task       ] GC(1008) Using 13 workers of 13 for evacuation
[2023-11-12T18:46:04.183+0100][gc,phases     ] GC(1008)   Pre Evacuate Collection Set: 0,0ms
[2023-11-12T18:46:04.183+0100][gc,phases     ] GC(1008)   Evacuate Collection Set: 5,2ms
[2023-11-12T18:46:04.183+0100][gc,phases     ] GC(1008)   Post Evacuate Collection Set: 0,7ms
[2023-11-12T18:46:04.183+0100][gc,phases     ] GC(1008)   Other: 0,3ms
[2023-11-12T18:46:04.183+0100][gc,heap       ] GC(1008) Eden regions: 607->0(606)
[2023-11-12T18:46:04.183+0100][gc,heap       ] GC(1008) Survivor regions: 7->8(77)
[2023-11-12T18:46:04.183+0100][gc,heap       ] GC(1008) Old regions: 154->154
[2023-11-12T18:46:04.183+0100][gc,heap       ] GC(1008) Humongous regions: 129->129
[2023-11-12T18:46:04.183+0100][gc,metaspace  ] GC(1008) Metaspace: 47993K(51968K)->47993K(51968K) NonClass: 42059K(44288K)->42059K(44288K) Class: 5933K(7680K)->5933K(7680K)
[2023-11-12T18:46:04.183+0100][gc            ] GC(1008) Pause Young (Normal) (G1 Evacuation Pause) 894M->288M(1024M) 6,381ms
[2023-11-12T18:46:04.183+0100][gc,cpu        ] GC(1008) User=0,07s Sys=0,00s Real=0,01s
[2023-11-12T18:46:07.979+0100][gc,start      ] GC(1009) Pause Young (Normal) (G1 Evacuation Pause)
[2023-11-12T18:46:07.979+0100][gc,task       ] GC(1009) Using 13 workers of 13 for evacuation
[2023-11-12T18:46:07.986+0100][gc,phases     ] GC(1009)   Pre Evacuate Collection Set: 0,0ms
[2023-11-12T18:46:07.986+0100][gc,phases     ] GC(1009)   Evacuate Collection Set: 6,2ms
[2023-11-12T18:46:07.986+0100][gc,phases     ] GC(1009)   Post Evacuate Collection Set: 0,7ms
[2023-11-12T18:46:07.986+0100][gc,phases     ] GC(1009)   Other: 0,3ms
[2023-11-12T18:46:07.986+0100][gc,heap       ] GC(1009) Eden regions: 606->0(605)
[2023-11-12T18:46:07.986+0100][gc,heap       ] GC(1009) Survivor regions: 8->9(77)
[2023-11-12T18:46:07.986+0100][gc,heap       ] GC(1009) Old regions: 154->154
[2023-11-12T18:46:07.986+0100][gc,heap       ] GC(1009) Humongous regions: 129->129
[2023-11-12T18:46:07.986+0100][gc,metaspace  ] GC(1009) Metaspace: 48002K(51968K)->48002K(51968K) NonClass: 42069K(44288K)->42069K(44288K) Class: 5933K(7680K)->5933K(7680K)
[2023-11-12T18:46:07.986+0100][gc            ] GC(1009) Pause Young (Normal) (G1 Evacuation Pause) 894M->289M(1024M) 7,400ms
[2023-11-12T18:46:07.987+0100][gc,cpu        ] GC(1009) User=0,08s Sys=0,00s Real=0,01s
[2023-11-12T18:46:10.582+0100][gc,start      ] GC(1010) Pause Young (Normal) (G1 Evacuation Pause)
[2023-11-12T18:46:10.582+0100][gc,task       ] GC(1010) Using 13 workers of 13 for evacuation
[2023-11-12T18:46:10.589+0100][gc,phases     ] GC(1010)   Pre Evacuate Collection Set: 0,0ms
[2023-11-12T18:46:10.589+0100][gc,phases     ] GC(1010)   Evacuate Collection Set: 6,6ms
[2023-11-12T18:46:10.589+0100][gc,phases     ] GC(1010)   Post Evacuate Collection Set: 0,7ms
[2023-11-12T18:46:10.589+0100][gc,phases     ] GC(1010)   Other: 0,3ms
[2023-11-12T18:46:10.589+0100][gc,heap       ] GC(1010) Eden regions: 605->0(604)
[2023-11-12T18:46:10.589+0100][gc,heap       ] GC(1010) Survivor regions: 9->10(77)
[2023-11-12T18:46:10.589+0100][gc,heap       ] GC(1010) Old regions: 154->154
[2023-11-12T18:46:10.589+0100][gc,heap       ] GC(1010) Humongous regions: 129->129
[2023-11-12T18:46:10.589+0100][gc,metaspace  ] GC(1010) Metaspace: 48003K(51968K)->48003K(51968K) NonClass: 42070K(44288K)->42070K(44288K) Class: 5933K(7680K)->5933K(7680K)
[2023-11-12T18:46:10.590+0100][gc            ] GC(1010) Pause Young (Normal) (G1 Evacuation Pause) 894M->290M(1024M) 7,742ms
[2023-11-12T18:46:10.590+0100][gc,cpu        ] GC(1010) User=0,04s Sys=0,04s Real=0,00s
[2023-11-12T18:46:12.786+0100][gc,start      ] GC(1011) Pause Young (Normal) (G1 Evacuation Pause)
[2023-11-12T18:46:12.786+0100][gc,task       ] GC(1011) Using 13 workers of 13 for evacuation
[2023-11-12T18:46:12.792+0100][gc,phases     ] GC(1011)   Pre Evacuate Collection Set: 0,0ms
[2023-11-12T18:46:12.792+0100][gc,phases     ] GC(1011)   Evacuate Collection Set: 5,6ms
[2023-11-12T18:46:12.792+0100][gc,phases     ] GC(1011)   Post Evacuate Collection Set: 0,6ms
[2023-11-12T18:46:12.792+0100][gc,phases     ] GC(1011)   Other: 0,2ms
[2023-11-12T18:46:12.792+0100][gc,heap       ] GC(1011) Eden regions: 604->0(602)
[2023-11-12T18:46:12.792+0100][gc,heap       ] GC(1011) Survivor regions: 10->12(77)
[2023-11-12T18:46:12.792+0100][gc,heap       ] GC(1011) Old regions: 154->154
[2023-11-12T18:46:12.792+0100][gc,heap       ] GC(1011) Humongous regions: 129->129
[2023-11-12T18:46:12.792+0100][gc,metaspace  ] GC(1011) Metaspace: 48003K(51968K)->48003K(51968K) NonClass: 42070K(44288K)->42070K(44288K) Class: 5933K(7680K)->5933K(7680K)
[2023-11-12T18:46:12.792+0100][gc            ] GC(1011) Pause Young (Normal) (G1 Evacuation Pause) 894M->292M(1024M) 6,571ms
[2023-11-12T18:46:12.792+0100][gc,cpu        ] GC(1011) User=0,06s Sys=0,02s Real=0,00s
[2023-11-12T18:46:14.477+0100][gc,start      ] GC(1012) Pause Young (Normal) (G1 Evacuation Pause)
[2023-11-12T18:46:14.477+0100][gc,task       ] GC(1012) Using 13 workers of 13 for evacuation
[2023-11-12T18:46:14.483+0100][gc,phases     ] GC(1012)   Pre Evacuate Collection Set: 0,0ms
[2023-11-12T18:46:14.483+0100][gc,phases     ] GC(1012)   Evacuate Collection Set: 5,2ms
[2023-11-12T18:46:14.483+0100][gc,phases     ] GC(1012)   Post Evacuate Collection Set: 0,6ms
[2023-11-12T18:46:14.483+0100][gc,phases     ] GC(1012)   Other: 0,2ms
[2023-11-12T18:46:14.483+0100][gc,heap       ] GC(1012) Eden regions: 602->0(601)
[2023-11-12T18:46:14.483+0100][gc,heap       ] GC(1012) Survivor regions: 12->13(77)
[2023-11-12T18:46:14.483+0100][gc,heap       ] GC(1012) Old regions: 154->154
[2023-11-12T18:46:14.483+0100][gc,heap       ] GC(1012) Humongous regions: 129->129
[2023-11-12T18:46:14.483+0100][gc,metaspace  ] GC(1012) Metaspace: 48003K(51968K)->48003K(51968K) NonClass: 42070K(44288K)->42070K(44288K) Class: 5933K(7680K)->5933K(7680K)
[2023-11-12T18:46:14.483+0100][gc            ] GC(1012) Pause Young (Normal) (G1 Evacuation Pause) 894M->293M(1024M) 6,112ms
[2023-11-12T18:46:14.483+0100][gc,cpu        ] GC(1012) User=0,07s Sys=0,00s Real=0,01s
[2023-11-12T18:46:16.173+0100][gc,start      ] GC(1013) Pause Young (Normal) (G1 Evacuation Pause)
[2023-11-12T18:46:16.174+0100][gc,task       ] GC(1013) Using 13 workers of 13 for evacuation
[2023-11-12T18:46:16.181+0100][gc,phases     ] GC(1013)   Pre Evacuate Collection Set: 0,0ms
[2023-11-12T18:46:16.181+0100][gc,phases     ] GC(1013)   Evacuate Collection Set: 6,2ms
[2023-11-12T18:46:16.181+0100][gc,phases     ] GC(1013)   Post Evacuate Collection Set: 0,7ms
[2023-11-12T18:46:16.181+0100][gc,phases     ] GC(1013)   Other: 0,2ms
[2023-11-12T18:46:16.181+0100][gc,heap       ] GC(1013) Eden regions: 601->0(600)
[2023-11-12T18:46:16.181+0100][gc,heap       ] GC(1013) Survivor regions: 13->14(77)
[2023-11-12T18:46:16.181+0100][gc,heap       ] GC(1013) Old regions: 154->154
[2023-11-12T18:46:16.181+0100][gc,heap       ] GC(1013) Humongous regions: 129->129
[2023-11-12T18:46:16.181+0100][gc,metaspace  ] GC(1013) Metaspace: 48003K(51968K)->48003K(51968K) NonClass: 42070K(44288K)->42070K(44288K) Class: 5933K(7680K)->5933K(7680K)
[2023-11-12T18:46:16.181+0100][gc            ] GC(1013) Pause Young (Normal) (G1 Evacuation Pause) 894M->294M(1024M) 7,316ms
[2023-11-12T18:46:16.181+0100][gc,cpu        ] GC(1013) User=0,05s Sys=0,03s Real=0,00s
[2023-11-12T18:46:17.792+0100][gc,start      ] GC(1014) Pause Young (Normal) (G1 Evacuation Pause)
[2023-11-12T18:46:17.792+0100][gc,task       ] GC(1014) Using 13 workers of 13 for evacuation
[2023-11-12T18:46:17.799+0100][gc,phases     ] GC(1014)   Pre Evacuate Collection Set: 0,0ms
[2023-11-12T18:46:17.799+0100][gc,phases     ] GC(1014)   Evacuate Collection Set: 6,2ms
[2023-11-12T18:46:17.799+0100][gc,phases     ] GC(1014)   Post Evacuate Collection Set: 0,5ms
[2023-11-12T18:46:17.799+0100][gc,phases     ] GC(1014)   Other: 0,2ms
[2023-11-12T18:46:17.799+0100][gc,heap       ] GC(1014) Eden regions: 600->0(598)
[2023-11-12T18:46:17.799+0100][gc,heap       ] GC(1014) Survivor regions: 14->16(77)
[2023-11-12T18:46:17.799+0100][gc,heap       ] GC(1014) Old regions: 154->154
[2023-11-12T18:46:17.799+0100][gc,heap       ] GC(1014) Humongous regions: 129->129
[2023-11-12T18:46:17.799+0100][gc,metaspace  ] GC(1014) Metaspace: 48003K(51968K)->48003K(51968K) NonClass: 42070K(44288K)->42070K(44288K) Class: 5933K(7680K)->5933K(7680K)
[2023-11-12T18:46:17.799+0100][gc            ] GC(1014) Pause Young (Normal) (G1 Evacuation Pause) 894M->296M(1024M) 7,062ms
[2023-11-12T18:46:17.799+0100][gc,cpu        ] GC(1014) User=0,07s Sys=0,01s Real=0,01s
[2023-11-12T18:46:19.341+0100][gc,start      ] GC(1015) Pause Young (Normal) (G1 Evacuation Pause)
[2023-11-12T18:46:19.341+0100][gc,task       ] GC(1015) Using 13 workers of 13 for evacuation
[2023-11-12T18:46:19.349+0100][gc,phases     ] GC(1015)   Pre Evacuate Collection Set: 0,0ms
[2023-11-12T18:46:19.349+0100][gc,phases     ] GC(1015)   Evacuate Collection Set: 6,8ms
[2023-11-12T18:46:19.349+0100][gc,phases     ] GC(1015)   Post Evacuate Collection Set: 0,5ms
[2023-11-12T18:46:19.349+0100][gc,phases     ] GC(1015)   Other: 0,2ms
[2023-11-12T18:46:19.349+0100][gc,heap       ] GC(1015) Eden regions: 598->0(597)
[2023-11-12T18:46:19.349+0100][gc,heap       ] GC(1015) Survivor regions: 16->17(77)
[2023-11-12T18:46:19.349+0100][gc,heap       ] GC(1015) Old regions: 154->154
[2023-11-12T18:46:19.349+0100][gc,heap       ] GC(1015) Humongous regions: 129->129
[2023-11-12T18:46:19.349+0100][gc,metaspace  ] GC(1015) Metaspace: 48003K(51968K)->48003K(51968K) NonClass: 42070K(44288K)->42070K(44288K) Class: 5933K(7680K)->5933K(7680K)
[2023-11-12T18:46:19.349+0100][gc            ] GC(1015) Pause Young (Normal) (G1 Evacuation Pause) 894M->297M(1024M) 7,681ms
[2023-11-12T18:46:19.349+0100][gc,cpu        ] GC(1015) User=0,06s Sys=0,02s Real=0,00s
[2023-11-12T18:46:20.885+0100][gc,start      ] GC(1016) Pause Young (Normal) (G1 Evacuation Pause)
[2023-11-12T18:46:20.885+0100][gc,task       ] GC(1016) Using 13 workers of 13 for evacuation
[2023-11-12T18:46:20.893+0100][gc,phases     ] GC(1016)   Pre Evacuate Collection Set: 0,0ms
[2023-11-12T18:46:20.893+0100][gc,phases     ] GC(1016)   Evacuate Collection Set: 7,3ms
[2023-11-12T18:46:20.893+0100][gc,phases     ] GC(1016)   Post Evacuate Collection Set: 0,6ms
[2023-11-12T18:46:20.893+0100][gc,phases     ] GC(1016)   Other: 0,2ms
[2023-11-12T18:46:20.893+0100][gc,heap       ] GC(1016) Eden regions: 597->0(595)
[2023-11-12T18:46:20.893+0100][gc,heap       ] GC(1016) Survivor regions: 17->19(77)
[2023-11-12T18:46:20.893+0100][gc,heap       ] GC(1016) Old regions: 154->154
[2023-11-12T18:46:20.893+0100][gc,heap       ] GC(1016) Humongous regions: 129->129
[2023-11-12T18:46:20.893+0100][gc,metaspace  ] GC(1016) Metaspace: 48003K(51968K)->48003K(51968K) NonClass: 42070K(44288K)->42070K(44288K) Class: 5933K(7680K)->5933K(7680K)
[2023-11-12T18:46:20.893+0100][gc            ] GC(1016) Pause Young (Normal) (G1 Evacuation Pause) 894M->300M(1024M) 8,251ms
[2023-11-12T18:46:20.893+0100][gc,cpu        ] GC(1016) User=0,09s Sys=0,01s Real=0,00s
[2023-11-12T18:46:22.432+0100][gc,start      ] GC(1017) Pause Young (Normal) (G1 Evacuation Pause)
[2023-11-12T18:46:22.432+0100][gc,task       ] GC(1017) Using 13 workers of 13 for evacuation
[2023-11-12T18:46:22.441+0100][gc,phases     ] GC(1017)   Pre Evacuate Collection Set: 0,0ms
[2023-11-12T18:46:22.441+0100][gc,phases     ] GC(1017)   Evacuate Collection Set: 7,6ms
[2023-11-12T18:46:22.441+0100][gc,phases     ] GC(1017)   Post Evacuate Collection Set: 0,6ms
[2023-11-12T18:46:22.441+0100][gc,phases     ] GC(1017)   Other: 0,3ms
[2023-11-12T18:46:22.441+0100][gc,heap       ] GC(1017) Eden regions: 595->0(594)
[2023-11-12T18:46:22.441+0100][gc,heap       ] GC(1017) Survivor regions: 19->20(77)
[2023-11-12T18:46:22.441+0100][gc,heap       ] GC(1017) Old regions: 154->154
[2023-11-12T18:46:22.441+0100][gc,heap       ] GC(1017) Humongous regions: 129->129
[2023-11-12T18:46:22.441+0100][gc,metaspace  ] GC(1017) Metaspace: 48003K(51968K)->48003K(51968K) NonClass: 42070K(44288K)->42070K(44288K) Class: 5933K(7680K)->5933K(7680K)
[2023-11-12T18:46:22.441+0100][gc            ] GC(1017) Pause Young (Normal) (G1 Evacuation Pause) 895M->301M(1024M) 8,667ms
[2023-11-12T18:46:22.441+0100][gc,cpu        ] GC(1017) User=0,09s Sys=0,00s Real=0,01s
[2023-11-12T18:46:23.911+0100][gc,start      ] GC(1018) Pause Young (Normal) (G1 Evacuation Pause)
[2023-11-12T18:46:23.911+0100][gc,task       ] GC(1018) Using 13 workers of 13 for evacuation
[2023-11-12T18:46:23.920+0100][gc,phases     ] GC(1018)   Pre Evacuate Collection Set: 0,0ms
[2023-11-12T18:46:23.920+0100][gc,phases     ] GC(1018)   Evacuate Collection Set: 8,3ms
[2023-11-12T18:46:23.920+0100][gc,phases     ] GC(1018)   Post Evacuate Collection Set: 0,7ms
[2023-11-12T18:46:23.920+0100][gc,phases     ] GC(1018)   Other: 0,2ms
[2023-11-12T18:46:23.920+0100][gc,heap       ] GC(1018) Eden regions: 594->0(593)
[2023-11-12T18:46:23.920+0100][gc,heap       ] GC(1018) Survivor regions: 20->21(77)
[2023-11-12T18:46:23.920+0100][gc,heap       ] GC(1018) Old regions: 154->156
[2023-11-12T18:46:23.920+0100][gc,heap       ] GC(1018) Humongous regions: 129->129
[2023-11-12T18:46:23.920+0100][gc,metaspace  ] GC(1018) Metaspace: 48003K(51968K)->48003K(51968K) NonClass: 42070K(44288K)->42070K(44288K) Class: 5933K(7680K)->5933K(7680K)
[2023-11-12T18:46:23.920+0100][gc            ] GC(1018) Pause Young (Normal) (G1 Evacuation Pause) 895M->303M(1024M) 9,328ms
[2023-11-12T18:46:23.920+0100][gc,cpu        ] GC(1018) User=0,08s Sys=0,00s Real=0,01s
[2023-11-12T18:46:25.315+0100][gc,start      ] GC(1019) Pause Young (Normal) (G1 Evacuation Pause)
[2023-11-12T18:46:25.315+0100][gc,task       ] GC(1019) Using 13 workers of 13 for evacuation
[2023-11-12T18:46:25.323+0100][gc,phases     ] GC(1019)   Pre Evacuate Collection Set: 0,0ms
[2023-11-12T18:46:25.323+0100][gc,phases     ] GC(1019)   Evacuate Collection Set: 7,9ms
[2023-11-12T18:46:25.323+0100][gc,phases     ] GC(1019)   Post Evacuate Collection Set: 0,6ms
[2023-11-12T18:46:25.323+0100][gc,phases     ] GC(1019)   Other: 0,2ms
[2023-11-12T18:46:25.323+0100][gc,heap       ] GC(1019) Eden regions: 593->0(593)
[2023-11-12T18:46:25.323+0100][gc,heap       ] GC(1019) Survivor regions: 21->21(77)
[2023-11-12T18:46:25.324+0100][gc,heap       ] GC(1019) Old regions: 156->157
[2023-11-12T18:46:25.324+0100][gc,heap       ] GC(1019) Humongous regions: 129->129
[2023-11-12T18:46:25.324+0100][gc,metaspace  ] GC(1019) Metaspace: 48003K(51968K)->48003K(51968K) NonClass: 42070K(44288K)->42070K(44288K) Class: 5933K(7680K)->5933K(7680K)
[2023-11-12T18:46:25.324+0100][gc            ] GC(1019) Pause Young (Normal) (G1 Evacuation Pause) 896M->304M(1024M) 8,860ms
[2023-11-12T18:46:25.324+0100][gc,cpu        ] GC(1019) User=0,09s Sys=0,00s Real=0,01s
[2023-11-12T18:46:26.729+0100][gc,start      ] GC(1020) Pause Young (Normal) (G1 Evacuation Pause)
[2023-11-12T18:46:26.729+0100][gc,task       ] GC(1020) Using 13 workers of 13 for evacuation
[2023-11-12T18:46:26.738+0100][gc,phases     ] GC(1020)   Pre Evacuate Collection Set: 0,0ms
[2023-11-12T18:46:26.738+0100][gc,phases     ] GC(1020)   Evacuate Collection Set: 7,9ms
[2023-11-12T18:46:26.738+0100][gc,phases     ] GC(1020)   Post Evacuate Collection Set: 0,7ms
[2023-11-12T18:46:26.738+0100][gc,phases     ] GC(1020)   Other: 0,3ms
[2023-11-12T18:46:26.738+0100][gc,heap       ] GC(1020) Eden regions: 593->0(590)
[2023-11-12T18:46:26.738+0100][gc,heap       ] GC(1020) Survivor regions: 21->22(77)
[2023-11-12T18:46:26.738+0100][gc,heap       ] GC(1020) Old regions: 157->158
[2023-11-12T18:46:26.738+0100][gc,heap       ] GC(1020) Humongous regions: 129->129
[2023-11-12T18:46:26.738+0100][gc,metaspace  ] GC(1020) Metaspace: 48003K(51968K)->48003K(51968K) NonClass: 42070K(44288K)->42070K(44288K) Class: 5933K(7680K)->5933K(7680K)
[2023-11-12T18:46:26.738+0100][gc            ] GC(1020) Pause Young (Normal) (G1 Evacuation Pause) 897M->307M(1024M) 8,937ms
[2023-11-12T18:46:26.738+0100][gc,cpu        ] GC(1020) User=0,08s Sys=0,02s Real=0,01s
[2023-11-12T18:46:28.026+0100][gc,start      ] GC(1021) Pause Young (Normal) (G1 Evacuation Pause)
[2023-11-12T18:46:28.026+0100][gc,task       ] GC(1021) Using 13 workers of 13 for evacuation
[2023-11-12T18:46:28.037+0100][gc,phases     ] GC(1021)   Pre Evacuate Collection Set: 0,0ms
[2023-11-12T18:46:28.037+0100][gc,phases     ] GC(1021)   Evacuate Collection Set: 9,6ms
[2023-11-12T18:46:28.037+0100][gc,phases     ] GC(1021)   Post Evacuate Collection Set: 0,6ms
[2023-11-12T18:46:28.037+0100][gc,phases     ] GC(1021)   Other: 0,3ms
[2023-11-12T18:46:28.037+0100][gc,heap       ] GC(1021) Eden regions: 590->0(587)
[2023-11-12T18:46:28.037+0100][gc,heap       ] GC(1021) Survivor regions: 22->23(77)
[2023-11-12T18:46:28.037+0100][gc,heap       ] GC(1021) Old regions: 158->159
[2023-11-12T18:46:28.037+0100][gc,heap       ] GC(1021) Humongous regions: 129->129
[2023-11-12T18:46:28.037+0100][gc,metaspace  ] GC(1021) Metaspace: 48003K(51968K)->48003K(51968K) NonClass: 42070K(44288K)->42070K(44288K) Class: 5933K(7680K)->5933K(7680K)
[2023-11-12T18:46:28.037+0100][gc            ] GC(1021) Pause Young (Normal) (G1 Evacuation Pause) 897M->309M(1024M) 10,527ms
[2023-11-12T18:46:28.037+0100][gc,cpu        ] GC(1021) User=0,11s Sys=0,02s Real=0,01s
[2023-11-12T18:46:29.321+0100][gc,start      ] GC(1022) Pause Young (Normal) (G1 Evacuation Pause)
[2023-11-12T18:46:29.321+0100][gc,task       ] GC(1022) Using 13 workers of 13 for evacuation
[2023-11-12T18:46:29.332+0100][gc,phases     ] GC(1022)   Pre Evacuate Collection Set: 0,0ms
[2023-11-12T18:46:29.332+0100][gc,phases     ] GC(1022)   Evacuate Collection Set: 9,5ms
[2023-11-12T18:46:29.332+0100][gc,phases     ] GC(1022)   Post Evacuate Collection Set: 0,6ms
[2023-11-12T18:46:29.332+0100][gc,phases     ] GC(1022)   Other: 0,2ms
[2023-11-12T18:46:29.332+0100][gc,heap       ] GC(1022) Eden regions: 587->0(584)
[2023-11-12T18:46:29.332+0100][gc,heap       ] GC(1022) Survivor regions: 23->24(77)
[2023-11-12T18:46:29.332+0100][gc,heap       ] GC(1022) Old regions: 159->160
[2023-11-12T18:46:29.332+0100][gc,heap       ] GC(1022) Humongous regions: 129->129
[2023-11-12T18:46:29.332+0100][gc,metaspace  ] GC(1022) Metaspace: 48003K(51968K)->48003K(51968K) NonClass: 42070K(44288K)->42070K(44288K) Class: 5933K(7680K)->5933K(7680K)
[2023-11-12T18:46:29.332+0100][gc            ] GC(1022) Pause Young (Normal) (G1 Evacuation Pause) 896M->310M(1024M) 10,453ms
[2023-11-12T18:46:29.332+0100][gc,cpu        ] GC(1022) User=0,09s Sys=0,01s Real=0,01s
[2023-11-12T18:46:30.647+0100][gc,start      ] GC(1023) Pause Young (Normal) (G1 Evacuation Pause)
[2023-11-12T18:46:30.647+0100][gc,task       ] GC(1023) Using 13 workers of 13 for evacuation
[2023-11-12T18:46:30.657+0100][gc,phases     ] GC(1023)   Pre Evacuate Collection Set: 0,0ms
[2023-11-12T18:46:30.657+0100][gc,phases     ] GC(1023)   Evacuate Collection Set: 9,2ms
[2023-11-12T18:46:30.657+0100][gc,phases     ] GC(1023)   Post Evacuate Collection Set: 0,7ms
[2023-11-12T18:46:30.657+0100][gc,phases     ] GC(1023)   Other: 0,2ms
[2023-11-12T18:46:30.657+0100][gc,heap       ] GC(1023) Eden regions: 584->0(583)
[2023-11-12T18:46:30.657+0100][gc,heap       ] GC(1023) Survivor regions: 24->24(76)
[2023-11-12T18:46:30.657+0100][gc,heap       ] GC(1023) Old regions: 160->161
[2023-11-12T18:46:30.657+0100][gc,heap       ] GC(1023) Humongous regions: 129->129
[2023-11-12T18:46:30.657+0100][gc,metaspace  ] GC(1023) Metaspace: 48003K(51968K)->48003K(51968K) NonClass: 42070K(44288K)->42070K(44288K) Class: 5933K(7680K)->5933K(7680K)
[2023-11-12T18:46:30.657+0100][gc            ] GC(1023) Pause Young (Normal) (G1 Evacuation Pause) 894M->312M(1024M) 10,335ms
[2023-11-12T18:46:30.657+0100][gc,cpu        ] GC(1023) User=0,09s Sys=0,01s Real=0,01s
[2023-11-12T18:46:32.007+0100][gc,start      ] GC(1024) Pause Young (Normal) (G1 Evacuation Pause)
[2023-11-12T18:46:32.007+0100][gc,task       ] GC(1024) Using 13 workers of 13 for evacuation
[2023-11-12T18:46:32.016+0100][gc,phases     ] GC(1024)   Pre Evacuate Collection Set: 0,0ms
[2023-11-12T18:46:32.016+0100][gc,phases     ] GC(1024)   Evacuate Collection Set: 8,4ms
[2023-11-12T18:46:32.016+0100][gc,phases     ] GC(1024)   Post Evacuate Collection Set: 0,6ms
[2023-11-12T18:46:32.016+0100][gc,phases     ] GC(1024)   Other: 0,4ms
[2023-11-12T18:46:32.016+0100][gc,heap       ] GC(1024) Eden regions: 583->0(580)
[2023-11-12T18:46:32.016+0100][gc,heap       ] GC(1024) Survivor regions: 24->25(76)
[2023-11-12T18:46:32.016+0100][gc,heap       ] GC(1024) Old regions: 161->162
[2023-11-12T18:46:32.016+0100][gc,heap       ] GC(1024) Humongous regions: 129->129
[2023-11-12T18:46:32.016+0100][gc,metaspace  ] GC(1024) Metaspace: 48003K(51968K)->48003K(51968K) NonClass: 42070K(44288K)->42070K(44288K) Class: 5933K(7680K)->5933K(7680K)
[2023-11-12T18:46:32.016+0100][gc            ] GC(1024) Pause Young (Normal) (G1 Evacuation Pause) 895M->314M(1024M) 9,522ms
[2023-11-12T18:46:32.016+0100][gc,cpu        ] GC(1024) User=0,09s Sys=0,01s Real=0,01s
[2023-11-12T18:46:33.344+0100][gc,start      ] GC(1025) Pause Young (Normal) (G1 Evacuation Pause)
[2023-11-12T18:46:33.344+0100][gc,task       ] GC(1025) Using 13 workers of 13 for evacuation
[2023-11-12T18:46:33.353+0100][gc,phases     ] GC(1025)   Pre Evacuate Collection Set: 0,0ms
[2023-11-12T18:46:33.353+0100][gc,phases     ] GC(1025)   Evacuate Collection Set: 8,6ms
[2023-11-12T18:46:33.353+0100][gc,phases     ] GC(1025)   Post Evacuate Collection Set: 0,7ms
[2023-11-12T18:46:33.353+0100][gc,phases     ] GC(1025)   Other: 0,3ms
[2023-11-12T18:46:33.353+0100][gc,heap       ] GC(1025) Eden regions: 580->0(576)
[2023-11-12T18:46:33.353+0100][gc,heap       ] GC(1025) Survivor regions: 25->26(76)
[2023-11-12T18:46:33.353+0100][gc,heap       ] GC(1025) Old regions: 162->164
[2023-11-12T18:46:33.353+0100][gc,heap       ] GC(1025) Humongous regions: 129->129
[2023-11-12T18:46:33.353+0100][gc,metaspace  ] GC(1025) Metaspace: 48003K(51968K)->48003K(51968K) NonClass: 42070K(44288K)->42070K(44288K) Class: 5933K(7680K)->5933K(7680K)
[2023-11-12T18:46:33.353+0100][gc            ] GC(1025) Pause Young (Normal) (G1 Evacuation Pause) 894M->316M(1024M) 9,727ms
[2023-11-12T18:46:33.353+0100][gc,cpu        ] GC(1025) User=0,10s Sys=0,01s Real=0,01s
[2023-11-12T18:46:34.684+0100][gc,start      ] GC(1026) Pause Young (Normal) (G1 Evacuation Pause)
[2023-11-12T18:46:34.684+0100][gc,task       ] GC(1026) Using 13 workers of 13 for evacuation
[2023-11-12T18:46:34.688+0100][gc,phases     ] GC(1026)   Pre Evacuate Collection Set: 0,0ms
[2023-11-12T18:46:34.688+0100][gc,phases     ] GC(1026)   Evacuate Collection Set: 3,6ms
[2023-11-12T18:46:34.688+0100][gc,phases     ] GC(1026)   Post Evacuate Collection Set: 0,7ms
[2023-11-12T18:46:34.688+0100][gc,phases     ] GC(1026)   Other: 0,2ms
[2023-11-12T18:46:34.688+0100][gc,heap       ] GC(1026) Eden regions: 576->0(606)
[2023-11-12T18:46:34.688+0100][gc,heap       ] GC(1026) Survivor regions: 26->8(76)
[2023-11-12T18:46:34.688+0100][gc,heap       ] GC(1026) Old regions: 164->164
[2023-11-12T18:46:34.688+0100][gc,heap       ] GC(1026) Humongous regions: 129->129
[2023-11-12T18:46:34.688+0100][gc,metaspace  ] GC(1026) Metaspace: 48003K(51968K)->48003K(51968K) NonClass: 42070K(44288K)->42070K(44288K) Class: 5933K(7680K)->5933K(7680K)
[2023-11-12T18:46:34.688+0100][gc            ] GC(1026) Pause Young (Normal) (G1 Evacuation Pause) 892M->299M(1024M) 4,746ms
[2023-11-12T18:46:34.688+0100][gc,cpu        ] GC(1026) User=0,05s Sys=0,00s Real=0,00s
[2023-11-12T18:46:36.132+0100][gc,start      ] GC(1027) Pause Young (Normal) (G1 Evacuation Pause)
[2023-11-12T18:46:36.132+0100][gc,task       ] GC(1027) Using 13 workers of 13 for evacuation
[2023-11-12T18:46:36.138+0100][gc,phases     ] GC(1027)   Pre Evacuate Collection Set: 0,0ms
[2023-11-12T18:46:36.138+0100][gc,phases     ] GC(1027)   Evacuate Collection Set: 4,2ms
[2023-11-12T18:46:36.138+0100][gc,phases     ] GC(1027)   Post Evacuate Collection Set: 0,7ms
[2023-11-12T18:46:36.138+0100][gc,phases     ] GC(1027)   Other: 0,3ms
[2023-11-12T18:46:36.138+0100][gc,heap       ] GC(1027) Eden regions: 606->0(606)
[2023-11-12T18:46:36.138+0100][gc,heap       ] GC(1027) Survivor regions: 8->8(77)
[2023-11-12T18:46:36.138+0100][gc,heap       ] GC(1027) Old regions: 164->165
[2023-11-12T18:46:36.138+0100][gc,heap       ] GC(1027) Humongous regions: 129->129
[2023-11-12T18:46:36.138+0100][gc,metaspace  ] GC(1027) Metaspace: 48003K(51968K)->48003K(51968K) NonClass: 42070K(44288K)->42070K(44288K) Class: 5933K(7680K)->5933K(7680K)
[2023-11-12T18:46:36.138+0100][gc            ] GC(1027) Pause Young (Normal) (G1 Evacuation Pause) 905M->299M(1024M) 5,407ms
[2023-11-12T18:46:36.138+0100][gc,cpu        ] GC(1027) User=0,05s Sys=0,00s Real=0,01s
[2023-11-12T18:46:37.566+0100][gc,start      ] GC(1028) Pause Young (Normal) (G1 Evacuation Pause)
[2023-11-12T18:46:37.566+0100][gc,task       ] GC(1028) Using 13 workers of 13 for evacuation
[2023-11-12T18:46:37.571+0100][gc,phases     ] GC(1028)   Pre Evacuate Collection Set: 0,0ms
[2023-11-12T18:46:37.571+0100][gc,phases     ] GC(1028)   Evacuate Collection Set: 4,5ms
[2023-11-12T18:46:37.571+0100][gc,phases     ] GC(1028)   Post Evacuate Collection Set: 0,6ms
[2023-11-12T18:46:37.571+0100][gc,phases     ] GC(1028)   Other: 0,2ms
[2023-11-12T18:46:37.571+0100][gc,heap       ] GC(1028) Eden regions: 606->0(605)
[2023-11-12T18:46:37.571+0100][gc,heap       ] GC(1028) Survivor regions: 8->9(77)
[2023-11-12T18:46:37.571+0100][gc,heap       ] GC(1028) Old regions: 165->165
[2023-11-12T18:46:37.571+0100][gc,heap       ] GC(1028) Humongous regions: 129->129
[2023-11-12T18:46:37.571+0100][gc,metaspace  ] GC(1028) Metaspace: 48003K(51968K)->48003K(51968K) NonClass: 42070K(44288K)->42070K(44288K) Class: 5933K(7680K)->5933K(7680K)
[2023-11-12T18:46:37.571+0100][gc            ] GC(1028) Pause Young (Normal) (G1 Evacuation Pause) 905M->301M(1024M) 5,458ms
[2023-11-12T18:46:37.571+0100][gc,cpu        ] GC(1028) User=0,05s Sys=0,00s Real=0,00s
[2023-11-12T18:46:38.977+0100][gc,start      ] GC(1029) Pause Young (Normal) (G1 Evacuation Pause)
[2023-11-12T18:46:38.977+0100][gc,task       ] GC(1029) Using 13 workers of 13 for evacuation
[2023-11-12T18:46:38.983+0100][gc,phases     ] GC(1029)   Pre Evacuate Collection Set: 0,0ms
[2023-11-12T18:46:38.983+0100][gc,phases     ] GC(1029)   Evacuate Collection Set: 5,5ms
[2023-11-12T18:46:38.983+0100][gc,phases     ] GC(1029)   Post Evacuate Collection Set: 0,7ms
[2023-11-12T18:46:38.983+0100][gc,phases     ] GC(1029)   Other: 0,3ms
[2023-11-12T18:46:38.983+0100][gc,heap       ] GC(1029) Eden regions: 605->0(603)
[2023-11-12T18:46:38.983+0100][gc,heap       ] GC(1029) Survivor regions: 9->11(77)
[2023-11-12T18:46:38.983+0100][gc,heap       ] GC(1029) Old regions: 165->165
[2023-11-12T18:46:38.983+0100][gc,heap       ] GC(1029) Humongous regions: 129->129
[2023-11-12T18:46:38.984+0100][gc,metaspace  ] GC(1029) Metaspace: 48003K(51968K)->48003K(51968K) NonClass: 42070K(44288K)->42070K(44288K) Class: 5933K(7680K)->5933K(7680K)
[2023-11-12T18:46:38.984+0100][gc            ] GC(1029) Pause Young (Normal) (G1 Evacuation Pause) 906M->303M(1024M) 6,673ms
[2023-11-12T18:46:38.984+0100][gc,cpu        ] GC(1029) User=0,07s Sys=0,00s Real=0,01s
[2023-11-12T18:46:40.370+0100][gc,start      ] GC(1030) Pause Young (Normal) (G1 Evacuation Pause)
[2023-11-12T18:46:40.370+0100][gc,task       ] GC(1030) Using 13 workers of 13 for evacuation
[2023-11-12T18:46:40.377+0100][gc,phases     ] GC(1030)   Pre Evacuate Collection Set: 0,0ms
[2023-11-12T18:46:40.377+0100][gc,phases     ] GC(1030)   Evacuate Collection Set: 6,0ms
[2023-11-12T18:46:40.377+0100][gc,phases     ] GC(1030)   Post Evacuate Collection Set: 0,6ms
[2023-11-12T18:46:40.377+0100][gc,phases     ] GC(1030)   Other: 0,2ms
[2023-11-12T18:46:40.377+0100][gc,heap       ] GC(1030) Eden regions: 603->0(598)
[2023-11-12T18:46:40.377+0100][gc,heap       ] GC(1030) Survivor regions: 11->14(77)
[2023-11-12T18:46:40.377+0100][gc,heap       ] GC(1030) Old regions: 165->166
[2023-11-12T18:46:40.377+0100][gc,heap       ] GC(1030) Humongous regions: 129->129
[2023-11-12T18:46:40.377+0100][gc,metaspace  ] GC(1030) Metaspace: 48003K(51968K)->48003K(51968K) NonClass: 42070K(44288K)->42070K(44288K) Class: 5933K(7680K)->5933K(7680K)
[2023-11-12T18:46:40.377+0100][gc            ] GC(1030) Pause Young (Normal) (G1 Evacuation Pause) 906M->306M(1024M) 6,962ms
[2023-11-12T18:46:40.377+0100][gc,cpu        ] GC(1030) User=0,04s Sys=0,02s Real=0,01s
[2023-11-12T18:46:41.822+0100][gc,start      ] GC(1031) Pause Young (Normal) (G1 Evacuation Pause)
[2023-11-12T18:46:41.822+0100][gc,task       ] GC(1031) Using 13 workers of 13 for evacuation
[2023-11-12T18:46:41.830+0100][gc,phases     ] GC(1031)   Pre Evacuate Collection Set: 0,0ms
[2023-11-12T18:46:41.830+0100][gc,phases     ] GC(1031)   Evacuate Collection Set: 6,5ms
[2023-11-12T18:46:41.830+0100][gc,phases     ] GC(1031)   Post Evacuate Collection Set: 0,6ms
[2023-11-12T18:46:41.830+0100][gc,phases     ] GC(1031)   Other: 0,2ms
[2023-11-12T18:46:41.830+0100][gc,heap       ] GC(1031) Eden regions: 598->0(592)
[2023-11-12T18:46:41.830+0100][gc,heap       ] GC(1031) Survivor regions: 14->17(77)
[2023-11-12T18:46:41.830+0100][gc,heap       ] GC(1031) Old regions: 166->166
[2023-11-12T18:46:41.830+0100][gc,heap       ] GC(1031) Humongous regions: 129->129
[2023-11-12T18:46:41.830+0100][gc,metaspace  ] GC(1031) Metaspace: 48003K(51968K)->48003K(51968K) NonClass: 42070K(44288K)->42070K(44288K) Class: 5933K(7680K)->5933K(7680K)
[2023-11-12T18:46:41.830+0100][gc            ] GC(1031) Pause Young (Normal) (G1 Evacuation Pause) 904M->309M(1024M) 7,463ms
[2023-11-12T18:46:41.830+0100][gc,cpu        ] GC(1031) User=0,06s Sys=0,02s Real=0,00s
[2023-11-12T18:46:43.219+0100][gc,start      ] GC(1032) Pause Young (Normal) (G1 Evacuation Pause)
[2023-11-12T18:46:43.219+0100][gc,task       ] GC(1032) Using 13 workers of 13 for evacuation
[2023-11-12T18:46:43.228+0100][gc,phases     ] GC(1032)   Pre Evacuate Collection Set: 0,0ms
[2023-11-12T18:46:43.228+0100][gc,phases     ] GC(1032)   Evacuate Collection Set: 8,5ms
[2023-11-12T18:46:43.228+0100][gc,phases     ] GC(1032)   Post Evacuate Collection Set: 0,7ms
[2023-11-12T18:46:43.228+0100][gc,phases     ] GC(1032)   Other: 0,2ms
[2023-11-12T18:46:43.228+0100][gc,heap       ] GC(1032) Eden regions: 592->0(585)
[2023-11-12T18:46:43.228+0100][gc,heap       ] GC(1032) Survivor regions: 17->20(77)
[2023-11-12T18:46:43.228+0100][gc,heap       ] GC(1032) Old regions: 166->167
[2023-11-12T18:46:43.228+0100][gc,heap       ] GC(1032) Humongous regions: 129->129
[2023-11-12T18:46:43.228+0100][gc,metaspace  ] GC(1032) Metaspace: 48003K(51968K)->48003K(51968K) NonClass: 42070K(44288K)->42070K(44288K) Class: 5933K(7680K)->5933K(7680K)
[2023-11-12T18:46:43.229+0100][gc            ] GC(1032) Pause Young (Normal) (G1 Evacuation Pause) 901M->313M(1024M) 9,616ms
[2023-11-12T18:46:43.229+0100][gc,cpu        ] GC(1032) User=0,08s Sys=0,01s Real=0,01s
[2023-11-12T18:46:44.600+0100][gc,start      ] GC(1033) Pause Young (Normal) (G1 Evacuation Pause)
[2023-11-12T18:46:44.600+0100][gc,task       ] GC(1033) Using 13 workers of 13 for evacuation
[2023-11-12T18:46:44.609+0100][gc,phases     ] GC(1033)   Pre Evacuate Collection Set: 0,0ms
[2023-11-12T18:46:44.609+0100][gc,phases     ] GC(1033)   Evacuate Collection Set: 8,2ms
[2023-11-12T18:46:44.609+0100][gc,phases     ] GC(1033)   Post Evacuate Collection Set: 0,6ms
[2023-11-12T18:46:44.609+0100][gc,phases     ] GC(1033)   Other: 0,2ms
[2023-11-12T18:46:44.609+0100][gc,heap       ] GC(1033) Eden regions: 585->0(581)
[2023-11-12T18:46:44.609+0100][gc,heap       ] GC(1033) Survivor regions: 20->22(76)
[2023-11-12T18:46:44.609+0100][gc,heap       ] GC(1033) Old regions: 167->167
[2023-11-12T18:46:44.609+0100][gc,heap       ] GC(1033) Humongous regions: 129->129
[2023-11-12T18:46:44.609+0100][gc,metaspace  ] GC(1033) Metaspace: 48003K(51968K)->48003K(51968K) NonClass: 42070K(44288K)->42070K(44288K) Class: 5933K(7680K)->5933K(7680K)
[2023-11-12T18:46:44.609+0100][gc            ] GC(1033) Pause Young (Normal) (G1 Evacuation Pause) 898M->316M(1024M) 9,072ms
[2023-11-12T18:46:44.609+0100][gc,cpu        ] GC(1033) User=0,09s Sys=0,00s Real=0,01s
[2023-11-12T18:46:45.991+0100][gc,start      ] GC(1034) Pause Young (Normal) (G1 Evacuation Pause)
[2023-11-12T18:46:45.991+0100][gc,task       ] GC(1034) Using 13 workers of 13 for evacuation
[2023-11-12T18:46:46.002+0100][gc,phases     ] GC(1034)   Pre Evacuate Collection Set: 0,0ms
[2023-11-12T18:46:46.002+0100][gc,phases     ] GC(1034)   Evacuate Collection Set: 9,7ms
[2023-11-12T18:46:46.002+0100][gc,phases     ] GC(1034)   Post Evacuate Collection Set: 0,7ms
[2023-11-12T18:46:46.002+0100][gc,phases     ] GC(1034)   Other: 0,3ms
[2023-11-12T18:46:46.002+0100][gc,heap       ] GC(1034) Eden regions: 581->0(575)
[2023-11-12T18:46:46.002+0100][gc,heap       ] GC(1034) Survivor regions: 22->25(76)
[2023-11-12T18:46:46.002+0100][gc,heap       ] GC(1034) Old regions: 167->167
[2023-11-12T18:46:46.002+0100][gc,heap       ] GC(1034) Humongous regions: 129->129
[2023-11-12T18:46:46.002+0100][gc,metaspace  ] GC(1034) Metaspace: 48003K(51968K)->48003K(51968K) NonClass: 42070K(44288K)->42070K(44288K) Class: 5933K(7680K)->5933K(7680K)
[2023-11-12T18:46:46.002+0100][gc            ] GC(1034) Pause Young (Normal) (G1 Evacuation Pause) 897M->319M(1024M) 10,918ms
[2023-11-12T18:46:46.002+0100][gc,cpu        ] GC(1034) User=0,07s Sys=0,04s Real=0,02s
[2023-11-12T18:46:47.355+0100][gc,start      ] GC(1035) Pause Young (Normal) (G1 Evacuation Pause)
[2023-11-12T18:46:47.355+0100][gc,task       ] GC(1035) Using 13 workers of 13 for evacuation
[2023-11-12T18:46:47.364+0100][gc,phases     ] GC(1035)   Pre Evacuate Collection Set: 0,0ms
[2023-11-12T18:46:47.364+0100][gc,phases     ] GC(1035)   Evacuate Collection Set: 8,8ms
[2023-11-12T18:46:47.364+0100][gc,phases     ] GC(1035)   Post Evacuate Collection Set: 0,6ms
[2023-11-12T18:46:47.364+0100][gc,phases     ] GC(1035)   Other: 0,2ms
[2023-11-12T18:46:47.364+0100][gc,heap       ] GC(1035) Eden regions: 575->0(572)
[2023-11-12T18:46:47.364+0100][gc,heap       ] GC(1035) Survivor regions: 25->26(75)
[2023-11-12T18:46:47.364+0100][gc,heap       ] GC(1035) Old regions: 167->168
[2023-11-12T18:46:47.364+0100][gc,heap       ] GC(1035) Humongous regions: 129->129
[2023-11-12T18:46:47.364+0100][gc,metaspace  ] GC(1035) Metaspace: 48003K(51968K)->48003K(51968K) NonClass: 42070K(44288K)->42070K(44288K) Class: 5933K(7680K)->5933K(7680K)
[2023-11-12T18:46:47.365+0100][gc            ] GC(1035) Pause Young (Normal) (G1 Evacuation Pause) 894M->320M(1024M) 9,745ms
[2023-11-12T18:46:47.365+0100][gc,cpu        ] GC(1035) User=0,10s Sys=0,01s Real=0,01s
[2023-11-12T18:46:48.714+0100][gc,start      ] GC(1036) Pause Young (Normal) (G1 Evacuation Pause)
[2023-11-12T18:46:48.714+0100][gc,task       ] GC(1036) Using 13 workers of 13 for evacuation
[2023-11-12T18:46:48.724+0100][gc,phases     ] GC(1036)   Pre Evacuate Collection Set: 0,0ms
[2023-11-12T18:46:48.724+0100][gc,phases     ] GC(1036)   Evacuate Collection Set: 9,5ms
[2023-11-12T18:46:48.724+0100][gc,phases     ] GC(1036)   Post Evacuate Collection Set: 0,6ms
[2023-11-12T18:46:48.724+0100][gc,phases     ] GC(1036)   Other: 0,2ms
[2023-11-12T18:46:48.724+0100][gc,heap       ] GC(1036) Eden regions: 572->0(566)
[2023-11-12T18:46:48.724+0100][gc,heap       ] GC(1036) Survivor regions: 26->29(75)
[2023-11-12T18:46:48.724+0100][gc,heap       ] GC(1036) Old regions: 168->168
[2023-11-12T18:46:48.724+0100][gc,heap       ] GC(1036) Humongous regions: 129->129
[2023-11-12T18:46:48.724+0100][gc,metaspace  ] GC(1036) Metaspace: 48003K(51968K)->48003K(51968K) NonClass: 42070K(44288K)->42070K(44288K) Class: 5933K(7680K)->5933K(7680K)
[2023-11-12T18:46:48.724+0100][gc            ] GC(1036) Pause Young (Normal) (G1 Evacuation Pause) 892M->323M(1024M) 10,543ms
[2023-11-12T18:46:48.724+0100][gc,cpu        ] GC(1036) User=0,10s Sys=0,01s Real=0,01s
[2023-11-12T18:46:50.152+0100][gc,start      ] GC(1037) Pause Young (Normal) (G1 Evacuation Pause)
[2023-11-12T18:46:50.152+0100][gc,task       ] GC(1037) Using 13 workers of 13 for evacuation
[2023-11-12T18:46:50.162+0100][gc,phases     ] GC(1037)   Pre Evacuate Collection Set: 0,0ms
[2023-11-12T18:46:50.162+0100][gc,phases     ] GC(1037)   Evacuate Collection Set: 10,0ms
[2023-11-12T18:46:50.162+0100][gc,phases     ] GC(1037)   Post Evacuate Collection Set: 0,6ms
[2023-11-12T18:46:50.162+0100][gc,phases     ] GC(1037)   Other: 0,2ms
[2023-11-12T18:46:50.162+0100][gc,heap       ] GC(1037) Eden regions: 566->0(560)
[2023-11-12T18:46:50.162+0100][gc,heap       ] GC(1037) Survivor regions: 29->32(75)
[2023-11-12T18:46:50.162+0100][gc,heap       ] GC(1037) Old regions: 168->168
[2023-11-12T18:46:50.162+0100][gc,heap       ] GC(1037) Humongous regions: 129->129
[2023-11-12T18:46:50.162+0100][gc,metaspace  ] GC(1037) Metaspace: 48003K(51968K)->48003K(51968K) NonClass: 42070K(44288K)->42070K(44288K) Class: 5933K(7680K)->5933K(7680K)
[2023-11-12T18:46:50.162+0100][gc            ] GC(1037) Pause Young (Normal) (G1 Evacuation Pause) 889M->326M(1024M) 10,878ms
[2023-11-12T18:46:50.162+0100][gc,cpu        ] GC(1037) User=0,13s Sys=0,00s Real=0,02s
[2023-11-12T18:46:51.494+0100][gc,start      ] GC(1038) Pause Young (Normal) (G1 Evacuation Pause)
[2023-11-12T18:46:51.494+0100][gc,task       ] GC(1038) Using 13 workers of 13 for evacuation
[2023-11-12T18:46:51.506+0100][gc,phases     ] GC(1038)   Pre Evacuate Collection Set: 0,0ms
[2023-11-12T18:46:51.506+0100][gc,phases     ] GC(1038)   Evacuate Collection Set: 11,1ms
[2023-11-12T18:46:51.506+0100][gc,phases     ] GC(1038)   Post Evacuate Collection Set: 0,7ms
[2023-11-12T18:46:51.506+0100][gc,phases     ] GC(1038)   Other: 0,2ms
[2023-11-12T18:46:51.506+0100][gc,heap       ] GC(1038) Eden regions: 560->0(556)
[2023-11-12T18:46:51.506+0100][gc,heap       ] GC(1038) Survivor regions: 32->34(74)
[2023-11-12T18:46:51.506+0100][gc,heap       ] GC(1038) Old regions: 168->168
[2023-11-12T18:46:51.506+0100][gc,heap       ] GC(1038) Humongous regions: 129->129
[2023-11-12T18:46:51.506+0100][gc,metaspace  ] GC(1038) Metaspace: 48003K(51968K)->48003K(51968K) NonClass: 42070K(44288K)->42070K(44288K) Class: 5933K(7680K)->5933K(7680K)
[2023-11-12T18:46:51.506+0100][gc            ] GC(1038) Pause Young (Normal) (G1 Evacuation Pause) 886M->329M(1024M) 12,166ms
[2023-11-12T18:46:51.506+0100][gc,cpu        ] GC(1038) User=0,13s Sys=0,01s Real=0,01s
[2023-11-12T18:46:52.795+0100][gc,start      ] GC(1039) Pause Young (Normal) (G1 Evacuation Pause)
[2023-11-12T18:46:52.795+0100][gc,task       ] GC(1039) Using 13 workers of 13 for evacuation
[2023-11-12T18:46:52.800+0100][gc,phases     ] GC(1039)   Pre Evacuate Collection Set: 0,0ms
[2023-11-12T18:46:52.800+0100][gc,phases     ] GC(1039)   Evacuate Collection Set: 4,3ms
[2023-11-12T18:46:52.800+0100][gc,phases     ] GC(1039)   Post Evacuate Collection Set: 0,6ms
[2023-11-12T18:46:52.800+0100][gc,phases     ] GC(1039)   Other: 0,2ms
[2023-11-12T18:46:52.800+0100][gc,heap       ] GC(1039) Eden regions: 556->0(597)
[2023-11-12T18:46:52.800+0100][gc,heap       ] GC(1039) Survivor regions: 34->9(74)
[2023-11-12T18:46:52.800+0100][gc,heap       ] GC(1039) Old regions: 168->169
[2023-11-12T18:46:52.800+0100][gc,heap       ] GC(1039) Humongous regions: 129->129
[2023-11-12T18:46:52.800+0100][gc,metaspace  ] GC(1039) Metaspace: 48003K(51968K)->48003K(51968K) NonClass: 42070K(44288K)->42070K(44288K) Class: 5933K(7680K)->5933K(7680K)
[2023-11-12T18:46:52.800+0100][gc            ] GC(1039) Pause Young (Normal) (G1 Evacuation Pause) 885M->304M(1024M) 5,167ms
[2023-11-12T18:46:52.800+0100][gc,cpu        ] GC(1039) User=0,05s Sys=0,00s Real=0,00s
[2023-11-12T18:46:54.140+0100][gc,start      ] GC(1040) Pause Young (Normal) (G1 Evacuation Pause)
[2023-11-12T18:46:54.140+0100][gc,task       ] GC(1040) Using 13 workers of 13 for evacuation
[2023-11-12T18:46:54.146+0100][gc,phases     ] GC(1040)   Pre Evacuate Collection Set: 0,0ms
[2023-11-12T18:46:54.146+0100][gc,phases     ] GC(1040)   Evacuate Collection Set: 5,0ms
[2023-11-12T18:46:54.146+0100][gc,phases     ] GC(1040)   Post Evacuate Collection Set: 0,6ms
[2023-11-12T18:46:54.146+0100][gc,phases     ] GC(1040)   Other: 0,2ms
[2023-11-12T18:46:54.146+0100][gc,heap       ] GC(1040) Eden regions: 597->0(597)
[2023-11-12T18:46:54.146+0100][gc,heap       ] GC(1040) Survivor regions: 9->10(76)
[2023-11-12T18:46:54.146+0100][gc,heap       ] GC(1040) Old regions: 169->169
[2023-11-12T18:46:54.146+0100][gc,heap       ] GC(1040) Humongous regions: 129->129
[2023-11-12T18:46:54.146+0100][gc,metaspace  ] GC(1040) Metaspace: 48003K(51968K)->48003K(51968K) NonClass: 42070K(44288K)->42070K(44288K) Class: 5933K(7680K)->5933K(7680K)
[2023-11-12T18:46:54.146+0100][gc            ] GC(1040) Pause Young (Normal) (G1 Evacuation Pause) 901M->305M(1024M) 5,917ms
[2023-11-12T18:46:54.146+0100][gc,cpu        ] GC(1040) User=0,06s Sys=0,00s Real=0,01s
[2023-11-12T18:46:55.485+0100][gc,start      ] GC(1041) Pause Young (Normal) (G1 Evacuation Pause)
[2023-11-12T18:46:55.485+0100][gc,task       ] GC(1041) Using 13 workers of 13 for evacuation
[2023-11-12T18:46:55.492+0100][gc,phases     ] GC(1041)   Pre Evacuate Collection Set: 0,0ms
[2023-11-12T18:46:55.492+0100][gc,phases     ] GC(1041)   Evacuate Collection Set: 6,1ms
[2023-11-12T18:46:55.492+0100][gc,phases     ] GC(1041)   Post Evacuate Collection Set: 0,6ms
[2023-11-12T18:46:55.492+0100][gc,phases     ] GC(1041)   Other: 0,2ms
[2023-11-12T18:46:55.492+0100][gc,heap       ] GC(1041) Eden regions: 597->0(598)
[2023-11-12T18:46:55.492+0100][gc,heap       ] GC(1041) Survivor regions: 10->11(76)
[2023-11-12T18:46:55.492+0100][gc,heap       ] GC(1041) Old regions: 169->169
[2023-11-12T18:46:55.492+0100][gc,heap       ] GC(1041) Humongous regions: 129->129
[2023-11-12T18:46:55.492+0100][gc,metaspace  ] GC(1041) Metaspace: 48003K(51968K)->48003K(51968K) NonClass: 42070K(44288K)->42070K(44288K) Class: 5933K(7680K)->5933K(7680K)
[2023-11-12T18:46:55.492+0100][gc            ] GC(1041) Pause Young (Normal) (G1 Evacuation Pause) 902M->307M(1024M) 6,982ms
[2023-11-12T18:46:55.492+0100][gc,cpu        ] GC(1041) User=0,05s Sys=0,02s Real=0,00s
[2023-11-12T18:46:56.792+0100][gc,start      ] GC(1042) Pause Young (Normal) (G1 Evacuation Pause)
[2023-11-12T18:46:56.792+0100][gc,task       ] GC(1042) Using 13 workers of 13 for evacuation
[2023-11-12T18:46:56.801+0100][gc,phases     ] GC(1042)   Pre Evacuate Collection Set: 0,0ms
[2023-11-12T18:46:56.801+0100][gc,phases     ] GC(1042)   Evacuate Collection Set: 8,1ms
[2023-11-12T18:46:56.801+0100][gc,phases     ] GC(1042)   Post Evacuate Collection Set: 0,5ms
[2023-11-12T18:46:56.801+0100][gc,phases     ] GC(1042)   Other: 0,2ms
[2023-11-12T18:46:56.801+0100][gc,heap       ] GC(1042) Eden regions: 598->0(587)
[2023-11-12T18:46:56.801+0100][gc,heap       ] GC(1042) Survivor regions: 11->18(77)
[2023-11-12T18:46:56.801+0100][gc,heap       ] GC(1042) Old regions: 169->169
[2023-11-12T18:46:56.801+0100][gc,heap       ] GC(1042) Humongous regions: 129->129
[2023-11-12T18:46:56.801+0100][gc,metaspace  ] GC(1042) Metaspace: 48004K(51968K)->48004K(51968K) NonClass: 42070K(44288K)->42070K(44288K) Class: 5933K(7680K)->5933K(7680K)
[2023-11-12T18:46:56.801+0100][gc            ] GC(1042) Pause Young (Normal) (G1 Evacuation Pause) 905M->313M(1024M) 8,966ms
[2023-11-12T18:46:56.801+0100][gc,cpu        ] GC(1042) User=0,07s Sys=0,00s Real=0,01s
[2023-11-12T18:46:58.076+0100][gc,start      ] GC(1043) Pause Young (Normal) (G1 Evacuation Pause)
[2023-11-12T18:46:58.077+0100][gc,task       ] GC(1043) Using 13 workers of 13 for evacuation
[2023-11-12T18:46:58.085+0100][gc,phases     ] GC(1043)   Pre Evacuate Collection Set: 0,0ms
[2023-11-12T18:46:58.085+0100][gc,phases     ] GC(1043)   Evacuate Collection Set: 7,9ms
[2023-11-12T18:46:58.085+0100][gc,phases     ] GC(1043)   Post Evacuate Collection Set: 0,6ms
[2023-11-12T18:46:58.085+0100][gc,phases     ] GC(1043)   Other: 0,2ms
[2023-11-12T18:46:58.085+0100][gc,heap       ] GC(1043) Eden regions: 587->0(580)
[2023-11-12T18:46:58.085+0100][gc,heap       ] GC(1043) Survivor regions: 18->21(76)
[2023-11-12T18:46:58.085+0100][gc,heap       ] GC(1043) Old regions: 169->170
[2023-11-12T18:46:58.085+0100][gc,heap       ] GC(1043) Humongous regions: 129->129
[2023-11-12T18:46:58.085+0100][gc,metaspace  ] GC(1043) Metaspace: 48004K(51968K)->48004K(51968K) NonClass: 42070K(44288K)->42070K(44288K) Class: 5933K(7680K)->5933K(7680K)
[2023-11-12T18:46:58.085+0100][gc            ] GC(1043) Pause Young (Normal) (G1 Evacuation Pause) 900M->317M(1024M) 8,935ms
[2023-11-12T18:46:58.085+0100][gc,cpu        ] GC(1043) User=0,10s Sys=0,00s Real=0,01s
[2023-11-12T18:46:59.324+0100][gc,start      ] GC(1044) Pause Young (Normal) (G1 Evacuation Pause)
[2023-11-12T18:46:59.324+0100][gc,task       ] GC(1044) Using 13 workers of 13 for evacuation
[2023-11-12T18:46:59.350+0100][gc,mmu        ] GC(1044) MMU target violated: 21,0ms (20,0ms/21,0ms)
[2023-11-12T18:46:59.350+0100][gc,phases     ] GC(1044)   Pre Evacuate Collection Set: 0,0ms
[2023-11-12T18:46:59.350+0100][gc,phases     ] GC(1044)   Evacuate Collection Set: 24,9ms
[2023-11-12T18:46:59.350+0100][gc,phases     ] GC(1044)   Post Evacuate Collection Set: 0,7ms
[2023-11-12T18:46:59.350+0100][gc,phases     ] GC(1044)   Other: 0,3ms
[2023-11-12T18:46:59.350+0100][gc,heap       ] GC(1044) Eden regions: 580->0(572)
[2023-11-12T18:46:59.350+0100][gc,heap       ] GC(1044) Survivor regions: 21->25(76)
[2023-11-12T18:46:59.350+0100][gc,heap       ] GC(1044) Old regions: 170->170
[2023-11-12T18:46:59.350+0100][gc,heap       ] GC(1044) Humongous regions: 129->129
[2023-11-12T18:46:59.350+0100][gc,metaspace  ] GC(1044) Metaspace: 48004K(51968K)->48004K(51968K) NonClass: 42070K(44288K)->42070K(44288K) Class: 5933K(7680K)->5933K(7680K)
[2023-11-12T18:46:59.350+0100][gc            ] GC(1044) Pause Young (Normal) (G1 Evacuation Pause) 897M->321M(1024M) 26,091ms
[2023-11-12T18:46:59.350+0100][gc,cpu        ] GC(1044) User=0,32s Sys=0,01s Real=0,02s
[2023-11-12T18:47:00.612+0100][gc,start      ] GC(1045) Pause Young (Normal) (G1 Evacuation Pause)
[2023-11-12T18:47:00.612+0100][gc,task       ] GC(1045) Using 13 workers of 13 for evacuation
[2023-11-12T18:47:00.622+0100][gc,phases     ] GC(1045)   Pre Evacuate Collection Set: 0,0ms
[2023-11-12T18:47:00.622+0100][gc,phases     ] GC(1045)   Evacuate Collection Set: 9,9ms
[2023-11-12T18:47:00.622+0100][gc,phases     ] GC(1045)   Post Evacuate Collection Set: 0,6ms
[2023-11-12T18:47:00.622+0100][gc,phases     ] GC(1045)   Other: 0,2ms
[2023-11-12T18:47:00.622+0100][gc,heap       ] GC(1045) Eden regions: 572->0(562)
[2023-11-12T18:47:00.622+0100][gc,heap       ] GC(1045) Survivor regions: 25->30(75)
[2023-11-12T18:47:00.622+0100][gc,heap       ] GC(1045) Old regions: 170->170
[2023-11-12T18:47:00.622+0100][gc,heap       ] GC(1045) Humongous regions: 129->129
[2023-11-12T18:47:00.622+0100][gc,metaspace  ] GC(1045) Metaspace: 48004K(51968K)->48004K(51968K) NonClass: 42070K(44288K)->42070K(44288K) Class: 5933K(7680K)->5933K(7680K)
[2023-11-12T18:47:00.622+0100][gc            ] GC(1045) Pause Young (Normal) (G1 Evacuation Pause) 893M->327M(1024M) 10,849ms
[2023-11-12T18:47:00.623+0100][gc,cpu        ] GC(1045) User=0,13s Sys=0,00s Real=0,02s
[2023-11-12T18:47:01.944+0100][gc,start      ] GC(1046) Pause Young (Normal) (G1 Evacuation Pause)
[2023-11-12T18:47:01.944+0100][gc,task       ] GC(1046) Using 13 workers of 13 for evacuation
[2023-11-12T18:47:01.972+0100][gc,mmu        ] GC(1046) MMU target violated: 21,0ms (20,0ms/21,0ms)
[2023-11-12T18:47:01.972+0100][gc,phases     ] GC(1046)   Pre Evacuate Collection Set: 0,0ms
[2023-11-12T18:47:01.972+0100][gc,phases     ] GC(1046)   Evacuate Collection Set: 27,2ms
[2023-11-12T18:47:01.972+0100][gc,phases     ] GC(1046)   Post Evacuate Collection Set: 0,7ms
[2023-11-12T18:47:01.972+0100][gc,phases     ] GC(1046)   Other: 0,3ms
[2023-11-12T18:47:01.972+0100][gc,heap       ] GC(1046) Eden regions: 562->0(374)
[2023-11-12T18:47:01.972+0100][gc,heap       ] GC(1046) Survivor regions: 30->33(74)
[2023-11-12T18:47:01.972+0100][gc,heap       ] GC(1046) Old regions: 170->171
[2023-11-12T18:47:01.972+0100][gc,heap       ] GC(1046) Humongous regions: 129->129
[2023-11-12T18:47:01.972+0100][gc,metaspace  ] GC(1046) Metaspace: 48005K(51968K)->48005K(51968K) NonClass: 42071K(44288K)->42071K(44288K) Class: 5933K(7680K)->5933K(7680K)
[2023-11-12T18:47:01.972+0100][gc            ] GC(1046) Pause Young (Normal) (G1 Evacuation Pause) 889M->330M(1024M) 28,321ms
[2023-11-12T18:47:01.972+0100][gc,cpu        ] GC(1046) User=0,35s Sys=0,00s Real=0,02s
[2023-11-12T18:47:02.426+0100][gc,start      ] GC(1047) Pause Young (Normal) (G1 Evacuation Pause)
[2023-11-12T18:47:02.426+0100][gc,task       ] GC(1047) Using 13 workers of 13 for evacuation
[2023-11-12T18:47:02.437+0100][gc,phases     ] GC(1047)   Pre Evacuate Collection Set: 0,0ms
[2023-11-12T18:47:02.437+0100][gc,phases     ] GC(1047)   Evacuate Collection Set: 10,4ms
[2023-11-12T18:47:02.437+0100][gc,phases     ] GC(1047)   Post Evacuate Collection Set: 0,5ms
[2023-11-12T18:47:02.437+0100][gc,phases     ] GC(1047)   Other: 0,2ms
[2023-11-12T18:47:02.437+0100][gc,heap       ] GC(1047) Eden regions: 184->0(550)
[2023-11-12T18:47:02.437+0100][gc,heap       ] GC(1047) Survivor regions: 33->17(28)
[2023-11-12T18:47:02.437+0100][gc,heap       ] GC(1047) Old regions: 171->189
[2023-11-12T18:47:02.437+0100][gc,heap       ] GC(1047) Humongous regions: 129->129
[2023-11-12T18:47:02.437+0100][gc,metaspace  ] GC(1047) Metaspace: 48005K(51968K)->48005K(51968K) NonClass: 42071K(44288K)->42071K(44288K) Class: 5933K(7680K)->5933K(7680K)
[2023-11-12T18:47:02.437+0100][gc            ] GC(1047) Pause Young (Normal) (G1 Evacuation Pause) 514M->332M(1024M) 11,237ms
[2023-11-12T18:47:02.437+0100][gc,cpu        ] GC(1047) User=0,11s Sys=0,02s Real=0,01s
[2023-11-12T18:47:03.725+0100][gc,start      ] GC(1048) Pause Young (Normal) (G1 Evacuation Pause)
[2023-11-12T18:47:03.725+0100][gc,task       ] GC(1048) Using 13 workers of 13 for evacuation
[2023-11-12T18:47:03.729+0100][gc,phases     ] GC(1048)   Pre Evacuate Collection Set: 0,0ms
[2023-11-12T18:47:03.729+0100][gc,phases     ] GC(1048)   Evacuate Collection Set: 2,7ms
[2023-11-12T18:47:03.729+0100][gc,phases     ] GC(1048)   Post Evacuate Collection Set: 0,5ms
[2023-11-12T18:47:03.729+0100][gc,phases     ] GC(1048)   Other: 0,2ms
[2023-11-12T18:47:03.729+0100][gc,heap       ] GC(1048) Eden regions: 550->0(566)
[2023-11-12T18:47:03.729+0100][gc,heap       ] GC(1048) Survivor regions: 17->6(71)
[2023-11-12T18:47:03.729+0100][gc,heap       ] GC(1048) Old regions: 189->189
[2023-11-12T18:47:03.729+0100][gc,heap       ] GC(1048) Humongous regions: 129->129
[2023-11-12T18:47:03.729+0100][gc,metaspace  ] GC(1048) Metaspace: 48005K(51968K)->48005K(51968K) NonClass: 42071K(44288K)->42071K(44288K) Class: 5933K(7680K)->5933K(7680K)
[2023-11-12T18:47:03.729+0100][gc            ] GC(1048) Pause Young (Normal) (G1 Evacuation Pause) 882M->321M(1024M) 3,513ms
[2023-11-12T18:47:03.729+0100][gc,cpu        ] GC(1048) User=0,02s Sys=0,02s Real=0,00s
[2023-11-12T18:47:05.104+0100][gc,start      ] GC(1049) Pause Young (Normal) (G1 Evacuation Pause)
[2023-11-12T18:47:05.104+0100][gc,task       ] GC(1049) Using 13 workers of 13 for evacuation
[2023-11-12T18:47:05.109+0100][gc,phases     ] GC(1049)   Pre Evacuate Collection Set: 0,0ms
[2023-11-12T18:47:05.109+0100][gc,phases     ] GC(1049)   Evacuate Collection Set: 3,7ms
[2023-11-12T18:47:05.109+0100][gc,phases     ] GC(1049)   Post Evacuate Collection Set: 0,6ms
[2023-11-12T18:47:05.109+0100][gc,phases     ] GC(1049)   Other: 0,3ms
[2023-11-12T18:47:05.109+0100][gc,heap       ] GC(1049) Eden regions: 566->0(570)
[2023-11-12T18:47:05.109+0100][gc,heap       ] GC(1049) Survivor regions: 6->7(72)
[2023-11-12T18:47:05.109+0100][gc,heap       ] GC(1049) Old regions: 189->189
[2023-11-12T18:47:05.109+0100][gc,heap       ] GC(1049) Humongous regions: 129->129
[2023-11-12T18:47:05.109+0100][gc,metaspace  ] GC(1049) Metaspace: 48005K(51968K)->48005K(51968K) NonClass: 42071K(44288K)->42071K(44288K) Class: 5933K(7680K)->5933K(7680K)
[2023-11-12T18:47:05.109+0100][gc            ] GC(1049) Pause Young (Normal) (G1 Evacuation Pause) 887M->322M(1024M) 4,772ms
[2023-11-12T18:47:05.109+0100][gc,cpu        ] GC(1049) User=0,04s Sys=0,00s Real=0,00s
[2023-11-12T18:47:06.423+0100][gc,start      ] GC(1050) Pause Young (Normal) (G1 Evacuation Pause)
[2023-11-12T18:47:06.423+0100][gc,task       ] GC(1050) Using 13 workers of 13 for evacuation
[2023-11-12T18:47:06.428+0100][gc,phases     ] GC(1050)   Pre Evacuate Collection Set: 0,0ms
[2023-11-12T18:47:06.428+0100][gc,phases     ] GC(1050)   Evacuate Collection Set: 4,3ms
[2023-11-12T18:47:06.428+0100][gc,phases     ] GC(1050)   Post Evacuate Collection Set: 0,6ms
[2023-11-12T18:47:06.428+0100][gc,phases     ] GC(1050)   Other: 0,2ms
[2023-11-12T18:47:06.428+0100][gc,heap       ] GC(1050) Eden regions: 570->0(570)
[2023-11-12T18:47:06.428+0100][gc,heap       ] GC(1050) Survivor regions: 7->10(73)
[2023-11-12T18:47:06.428+0100][gc,heap       ] GC(1050) Old regions: 189->189
[2023-11-12T18:47:06.428+0100][gc,heap       ] GC(1050) Humongous regions: 129->129
[2023-11-12T18:47:06.428+0100][gc,metaspace  ] GC(1050) Metaspace: 48005K(51968K)->48005K(51968K) NonClass: 42071K(44288K)->42071K(44288K) Class: 5933K(7680K)->5933K(7680K)
[2023-11-12T18:47:06.428+0100][gc            ] GC(1050) Pause Young (Normal) (G1 Evacuation Pause) 892M->324M(1024M) 5,223ms
[2023-11-12T18:47:06.428+0100][gc,cpu        ] GC(1050) User=0,05s Sys=0,01s Real=0,00s
[2023-11-12T18:47:07.729+0100][gc,start      ] GC(1051) Pause Young (Normal) (G1 Evacuation Pause)
[2023-11-12T18:47:07.729+0100][gc,task       ] GC(1051) Using 13 workers of 13 for evacuation
[2023-11-12T18:47:07.734+0100][gc,phases     ] GC(1051)   Pre Evacuate Collection Set: 0,0ms
[2023-11-12T18:47:07.734+0100][gc,phases     ] GC(1051)   Evacuate Collection Set: 4,3ms
[2023-11-12T18:47:07.734+0100][gc,phases     ] GC(1051)   Post Evacuate Collection Set: 0,6ms
[2023-11-12T18:47:07.734+0100][gc,phases     ] GC(1051)   Other: 0,2ms
[2023-11-12T18:47:07.734+0100][gc,heap       ] GC(1051) Eden regions: 570->0(571)
[2023-11-12T18:47:07.734+0100][gc,heap       ] GC(1051) Survivor regions: 10->12(73)
[2023-11-12T18:47:07.734+0100][gc,heap       ] GC(1051) Old regions: 189->189
[2023-11-12T18:47:07.734+0100][gc,heap       ] GC(1051) Humongous regions: 129->129
[2023-11-12T18:47:07.734+0100][gc,metaspace  ] GC(1051) Metaspace: 48005K(51968K)->48005K(51968K) NonClass: 42071K(44288K)->42071K(44288K) Class: 5933K(7680K)->5933K(7680K)
[2023-11-12T18:47:07.734+0100][gc            ] GC(1051) Pause Young (Normal) (G1 Evacuation Pause) 894M->327M(1024M) 5,175ms
[2023-11-12T18:47:07.734+0100][gc,cpu        ] GC(1051) User=0,01s Sys=0,04s Real=0,01s
[2023-11-12T18:47:09.000+0100][gc,start      ] GC(1052) Pause Young (Normal) (G1 Evacuation Pause)
[2023-11-12T18:47:09.000+0100][gc,task       ] GC(1052) Using 13 workers of 13 for evacuation
[2023-11-12T18:47:09.006+0100][gc,phases     ] GC(1052)   Pre Evacuate Collection Set: 0,0ms
[2023-11-12T18:47:09.007+0100][gc,phases     ] GC(1052)   Evacuate Collection Set: 5,7ms
[2023-11-12T18:47:09.007+0100][gc,phases     ] GC(1052)   Post Evacuate Collection Set: 0,6ms
[2023-11-12T18:47:09.007+0100][gc,phases     ] GC(1052)   Other: 0,2ms
[2023-11-12T18:47:09.007+0100][gc,heap       ] GC(1052) Eden regions: 571->0(569)
[2023-11-12T18:47:09.007+0100][gc,heap       ] GC(1052) Survivor regions: 12->16(73)
[2023-11-12T18:47:09.007+0100][gc,heap       ] GC(1052) Old regions: 189->189
[2023-11-12T18:47:09.007+0100][gc,heap       ] GC(1052) Humongous regions: 129->129
[2023-11-12T18:47:09.007+0100][gc,metaspace  ] GC(1052) Metaspace: 48005K(51968K)->48005K(51968K) NonClass: 42071K(44288K)->42071K(44288K) Class: 5933K(7680K)->5933K(7680K)
[2023-11-12T18:47:09.007+0100][gc            ] GC(1052) Pause Young (Normal) (G1 Evacuation Pause) 898M->330M(1024M) 6,573ms
[2023-11-12T18:47:09.007+0100][gc,cpu        ] GC(1052) User=0,07s Sys=0,00s Real=0,01s
[2023-11-12T18:47:10.387+0100][gc,start      ] GC(1053) Pause Young (Normal) (G1 Evacuation Pause)
[2023-11-12T18:47:10.387+0100][gc,task       ] GC(1053) Using 13 workers of 13 for evacuation
[2023-11-12T18:47:10.394+0100][gc,phases     ] GC(1053)   Pre Evacuate Collection Set: 0,0ms
[2023-11-12T18:47:10.395+0100][gc,phases     ] GC(1053)   Evacuate Collection Set: 6,4ms
[2023-11-12T18:47:10.395+0100][gc,phases     ] GC(1053)   Post Evacuate Collection Set: 0,6ms
[2023-11-12T18:47:10.395+0100][gc,phases     ] GC(1053)   Other: 0,2ms
[2023-11-12T18:47:10.395+0100][gc,heap       ] GC(1053) Eden regions: 569->0(565)
[2023-11-12T18:47:10.395+0100][gc,heap       ] GC(1053) Survivor regions: 16->19(74)
[2023-11-12T18:47:10.395+0100][gc,heap       ] GC(1053) Old regions: 189->189
[2023-11-12T18:47:10.395+0100][gc,heap       ] GC(1053) Humongous regions: 129->129
[2023-11-12T18:47:10.395+0100][gc,metaspace  ] GC(1053) Metaspace: 48005K(51968K)->48005K(51968K) NonClass: 42071K(44288K)->42071K(44288K) Class: 5933K(7680K)->5933K(7680K)
[2023-11-12T18:47:10.395+0100][gc            ] GC(1053) Pause Young (Normal) (G1 Evacuation Pause) 899M->334M(1024M) 7,326ms
[2023-11-12T18:47:10.395+0100][gc,cpu        ] GC(1053) User=0,08s Sys=0,00s Real=0,01s
[2023-11-12T18:47:11.705+0100][gc,start      ] GC(1054) Pause Young (Normal) (G1 Evacuation Pause)
[2023-11-12T18:47:11.705+0100][gc,task       ] GC(1054) Using 13 workers of 13 for evacuation
[2023-11-12T18:47:11.713+0100][gc,phases     ] GC(1054)   Pre Evacuate Collection Set: 0,0ms
[2023-11-12T18:47:11.713+0100][gc,phases     ] GC(1054)   Evacuate Collection Set: 7,5ms
[2023-11-12T18:47:11.713+0100][gc,phases     ] GC(1054)   Post Evacuate Collection Set: 0,7ms
[2023-11-12T18:47:11.714+0100][gc,phases     ] GC(1054)   Other: 0,2ms
[2023-11-12T18:47:11.714+0100][gc,heap       ] GC(1054) Eden regions: 565->0(559)
[2023-11-12T18:47:11.714+0100][gc,heap       ] GC(1054) Survivor regions: 19->22(73)
[2023-11-12T18:47:11.714+0100][gc,heap       ] GC(1054) Old regions: 189->189
[2023-11-12T18:47:11.714+0100][gc,heap       ] GC(1054) Humongous regions: 129->129
[2023-11-12T18:47:11.714+0100][gc,metaspace  ] GC(1054) Metaspace: 48005K(51968K)->48005K(51968K) NonClass: 42071K(44288K)->42071K(44288K) Class: 5933K(7680K)->5933K(7680K)
[2023-11-12T18:47:11.714+0100][gc            ] GC(1054) Pause Young (Normal) (G1 Evacuation Pause) 899M->337M(1024M) 8,541ms
[2023-11-12T18:47:11.714+0100][gc,cpu        ] GC(1054) User=0,09s Sys=0,00s Real=0,01s
[2023-11-12T18:47:12.950+0100][gc,start      ] GC(1055) Pause Young (Normal) (G1 Evacuation Pause)
[2023-11-12T18:47:12.950+0100][gc,task       ] GC(1055) Using 13 workers of 13 for evacuation
[2023-11-12T18:47:12.959+0100][gc,phases     ] GC(1055)   Pre Evacuate Collection Set: 0,0ms
[2023-11-12T18:47:12.959+0100][gc,phases     ] GC(1055)   Evacuate Collection Set: 8,7ms
[2023-11-12T18:47:12.959+0100][gc,phases     ] GC(1055)   Post Evacuate Collection Set: 0,6ms
[2023-11-12T18:47:12.959+0100][gc,phases     ] GC(1055)   Other: 0,3ms
[2023-11-12T18:47:12.959+0100][gc,heap       ] GC(1055) Eden regions: 559->0(549)
[2023-11-12T18:47:12.959+0100][gc,heap       ] GC(1055) Survivor regions: 22->27(73)
[2023-11-12T18:47:12.959+0100][gc,heap       ] GC(1055) Old regions: 189->189
[2023-11-12T18:47:12.959+0100][gc,heap       ] GC(1055) Humongous regions: 129->129
[2023-11-12T18:47:12.959+0100][gc,metaspace  ] GC(1055) Metaspace: 48005K(51968K)->48005K(51968K) NonClass: 42071K(44288K)->42071K(44288K) Class: 5933K(7680K)->5933K(7680K)
[2023-11-12T18:47:12.959+0100][gc            ] GC(1055) Pause Young (Normal) (G1 Evacuation Pause) 896M->342M(1024M) 9,756ms
[2023-11-12T18:47:12.959+0100][gc,cpu        ] GC(1055) User=0,10s Sys=0,01s Real=0,01s
[2023-11-12T18:47:14.192+0100][gc,start      ] GC(1056) Pause Young (Normal) (G1 Evacuation Pause)
[2023-11-12T18:47:14.192+0100][gc,task       ] GC(1056) Using 13 workers of 13 for evacuation
[2023-11-12T18:47:14.202+0100][gc,phases     ] GC(1056)   Pre Evacuate Collection Set: 0,0ms
[2023-11-12T18:47:14.202+0100][gc,phases     ] GC(1056)   Evacuate Collection Set: 9,8ms
[2023-11-12T18:47:14.202+0100][gc,phases     ] GC(1056)   Post Evacuate Collection Set: 0,7ms
[2023-11-12T18:47:14.202+0100][gc,phases     ] GC(1056)   Other: 0,2ms
[2023-11-12T18:47:14.202+0100][gc,heap       ] GC(1056) Eden regions: 549->0(541)
[2023-11-12T18:47:14.202+0100][gc,heap       ] GC(1056) Survivor regions: 27->31(72)
[2023-11-12T18:47:14.202+0100][gc,heap       ] GC(1056) Old regions: 189->189
[2023-11-12T18:47:14.202+0100][gc,heap       ] GC(1056) Humongous regions: 129->129
[2023-11-12T18:47:14.202+0100][gc,metaspace  ] GC(1056) Metaspace: 48009K(51968K)->48009K(51968K) NonClass: 42075K(44288K)->42075K(44288K) Class: 5933K(7680K)->5933K(7680K)
[2023-11-12T18:47:14.202+0100][gc            ] GC(1056) Pause Young (Normal) (G1 Evacuation Pause) 891M->346M(1024M) 10,839ms
[2023-11-12T18:47:14.203+0100][gc,cpu        ] GC(1056) User=0,10s Sys=0,03s Real=0,02s
[2023-11-12T18:47:15.505+0100][gc,start      ] GC(1057) Pause Young (Normal) (G1 Evacuation Pause)
[2023-11-12T18:47:15.505+0100][gc,task       ] GC(1057) Using 13 workers of 13 for evacuation
[2023-11-12T18:47:15.516+0100][gc,phases     ] GC(1057)   Pre Evacuate Collection Set: 0,0ms
[2023-11-12T18:47:15.516+0100][gc,phases     ] GC(1057)   Evacuate Collection Set: 10,3ms
[2023-11-12T18:47:15.516+0100][gc,phases     ] GC(1057)   Post Evacuate Collection Set: 0,6ms
[2023-11-12T18:47:15.516+0100][gc,phases     ] GC(1057)   Other: 0,2ms
[2023-11-12T18:47:15.516+0100][gc,heap       ] GC(1057) Eden regions: 541->0(537)
[2023-11-12T18:47:15.516+0100][gc,heap       ] GC(1057) Survivor regions: 31->33(72)
[2023-11-12T18:47:15.516+0100][gc,heap       ] GC(1057) Old regions: 189->189
[2023-11-12T18:47:15.516+0100][gc,heap       ] GC(1057) Humongous regions: 129->129
[2023-11-12T18:47:15.516+0100][gc,metaspace  ] GC(1057) Metaspace: 48009K(51968K)->48009K(51968K) NonClass: 42075K(44288K)->42075K(44288K) Class: 5933K(7680K)->5933K(7680K)
[2023-11-12T18:47:15.516+0100][gc            ] GC(1057) Pause Young (Normal) (G1 Evacuation Pause) 887M->348M(1024M) 11,255ms
[2023-11-12T18:47:15.516+0100][gc,cpu        ] GC(1057) User=0,12s Sys=0,00s Real=0,01s
[2023-11-12T18:47:16.772+0100][gc,start      ] GC(1058) Pause Young (Normal) (G1 Evacuation Pause)
[2023-11-12T18:47:16.772+0100][gc,task       ] GC(1058) Using 13 workers of 13 for evacuation
[2023-11-12T18:47:16.777+0100][gc,phases     ] GC(1058)   Pre Evacuate Collection Set: 0,0ms
[2023-11-12T18:47:16.777+0100][gc,phases     ] GC(1058)   Evacuate Collection Set: 4,6ms
[2023-11-12T18:47:16.777+0100][gc,phases     ] GC(1058)   Post Evacuate Collection Set: 0,5ms
[2023-11-12T18:47:16.777+0100][gc,phases     ] GC(1058)   Other: 0,2ms
[2023-11-12T18:47:16.777+0100][gc,heap       ] GC(1058) Eden regions: 537->0(571)
[2023-11-12T18:47:16.777+0100][gc,heap       ] GC(1058) Survivor regions: 33->10(72)
[2023-11-12T18:47:16.777+0100][gc,heap       ] GC(1058) Old regions: 189->189
[2023-11-12T18:47:16.777+0100][gc,heap       ] GC(1058) Humongous regions: 129->129
[2023-11-12T18:47:16.777+0100][gc,metaspace  ] GC(1058) Metaspace: 48011K(51968K)->48011K(51968K) NonClass: 42078K(44288K)->42078K(44288K) Class: 5933K(7680K)->5933K(7680K)
[2023-11-12T18:47:16.777+0100][gc            ] GC(1058) Pause Young (Normal) (G1 Evacuation Pause) 885M->325M(1024M) 5,439ms
[2023-11-12T18:47:16.777+0100][gc,cpu        ] GC(1058) User=0,05s Sys=0,00s Real=0,01s
[2023-11-12T18:47:18.117+0100][gc,start      ] GC(1059) Pause Young (Normal) (G1 Evacuation Pause)
[2023-11-12T18:47:18.117+0100][gc,task       ] GC(1059) Using 13 workers of 13 for evacuation
[2023-11-12T18:47:18.122+0100][gc,phases     ] GC(1059)   Pre Evacuate Collection Set: 0,0ms
[2023-11-12T18:47:18.122+0100][gc,phases     ] GC(1059)   Evacuate Collection Set: 4,8ms
[2023-11-12T18:47:18.122+0100][gc,phases     ] GC(1059)   Post Evacuate Collection Set: 0,6ms
[2023-11-12T18:47:18.122+0100][gc,phases     ] GC(1059)   Other: 0,2ms
[2023-11-12T18:47:18.122+0100][gc,heap       ] GC(1059) Eden regions: 571->0(573)
[2023-11-12T18:47:18.122+0100][gc,heap       ] GC(1059) Survivor regions: 10->10(73)
[2023-11-12T18:47:18.122+0100][gc,heap       ] GC(1059) Old regions: 189->189
[2023-11-12T18:47:18.123+0100][gc,heap       ] GC(1059) Humongous regions: 129->129
[2023-11-12T18:47:18.123+0100][gc,metaspace  ] GC(1059) Metaspace: 48011K(51968K)->48011K(51968K) NonClass: 42078K(44288K)->42078K(44288K) Class: 5933K(7680K)->5933K(7680K)
[2023-11-12T18:47:18.123+0100][gc            ] GC(1059) Pause Young (Normal) (G1 Evacuation Pause) 896M->326M(1024M) 5,721ms
[2023-11-12T18:47:18.123+0100][gc,cpu        ] GC(1059) User=0,05s Sys=0,02s Real=0,01s
[2023-11-12T18:47:19.465+0100][gc,start      ] GC(1060) Pause Young (Normal) (G1 Evacuation Pause)
[2023-11-12T18:47:19.465+0100][gc,task       ] GC(1060) Using 13 workers of 13 for evacuation
[2023-11-12T18:47:19.471+0100][gc,phases     ] GC(1060)   Pre Evacuate Collection Set: 0,0ms
[2023-11-12T18:47:19.471+0100][gc,phases     ] GC(1060)   Evacuate Collection Set: 5,6ms
[2023-11-12T18:47:19.471+0100][gc,phases     ] GC(1060)   Post Evacuate Collection Set: 0,6ms
[2023-11-12T18:47:19.471+0100][gc,phases     ] GC(1060)   Other: 0,2ms
[2023-11-12T18:47:19.471+0100][gc,heap       ] GC(1060) Eden regions: 573->0(571)
[2023-11-12T18:47:19.471+0100][gc,heap       ] GC(1060) Survivor regions: 10->13(73)
[2023-11-12T18:47:19.471+0100][gc,heap       ] GC(1060) Old regions: 189->190
[2023-11-12T18:47:19.471+0100][gc,heap       ] GC(1060) Humongous regions: 129->129
[2023-11-12T18:47:19.471+0100][gc,metaspace  ] GC(1060) Metaspace: 48011K(51968K)->48011K(51968K) NonClass: 42078K(44288K)->42078K(44288K) Class: 5933K(7680K)->5933K(7680K)
[2023-11-12T18:47:19.471+0100][gc            ] GC(1060) Pause Young (Normal) (G1 Evacuation Pause) 899M->329M(1024M) 6,472ms
[2023-11-12T18:47:19.471+0100][gc,cpu        ] GC(1060) User=0,08s Sys=0,00s Real=0,00s
[2023-11-12T18:47:20.834+0100][gc,start      ] GC(1061) Pause Young (Normal) (G1 Evacuation Pause)
[2023-11-12T18:47:20.834+0100][gc,task       ] GC(1061) Using 13 workers of 13 for evacuation
[2023-11-12T18:47:20.842+0100][gc,phases     ] GC(1061)   Pre Evacuate Collection Set: 0,0ms
[2023-11-12T18:47:20.842+0100][gc,phases     ] GC(1061)   Evacuate Collection Set: 6,9ms
[2023-11-12T18:47:20.842+0100][gc,phases     ] GC(1061)   Post Evacuate Collection Set: 0,5ms
[2023-11-12T18:47:20.842+0100][gc,phases     ] GC(1061)   Other: 0,2ms
[2023-11-12T18:47:20.842+0100][gc,heap       ] GC(1061) Eden regions: 571->0(569)
[2023-11-12T18:47:20.842+0100][gc,heap       ] GC(1061) Survivor regions: 13->16(73)
[2023-11-12T18:47:20.842+0100][gc,heap       ] GC(1061) Old regions: 190->190
[2023-11-12T18:47:20.842+0100][gc,heap       ] GC(1061) Humongous regions: 129->129
[2023-11-12T18:47:20.842+0100][gc,metaspace  ] GC(1061) Metaspace: 48011K(51968K)->48011K(51968K) NonClass: 42078K(44288K)->42078K(44288K) Class: 5933K(7680K)->5933K(7680K)
[2023-11-12T18:47:20.842+0100][gc            ] GC(1061) Pause Young (Normal) (G1 Evacuation Pause) 900M->333M(1024M) 7,823ms
[2023-11-12T18:47:20.842+0100][gc,cpu        ] GC(1061) User=0,05s Sys=0,03s Real=0,01s
[2023-11-12T18:47:22.238+0100][gc,start      ] GC(1062) Pause Young (Normal) (G1 Evacuation Pause)
[2023-11-12T18:47:22.238+0100][gc,task       ] GC(1062) Using 13 workers of 13 for evacuation
[2023-11-12T18:47:22.245+0100][gc,phases     ] GC(1062)   Pre Evacuate Collection Set: 0,0ms
[2023-11-12T18:47:22.245+0100][gc,phases     ] GC(1062)   Evacuate Collection Set: 6,5ms
[2023-11-12T18:47:22.245+0100][gc,phases     ] GC(1062)   Post Evacuate Collection Set: 0,6ms
[2023-11-12T18:47:22.245+0100][gc,phases     ] GC(1062)   Other: 0,2ms
[2023-11-12T18:47:22.245+0100][gc,heap       ] GC(1062) Eden regions: 569->0(566)
[2023-11-12T18:47:22.245+0100][gc,heap       ] GC(1062) Survivor regions: 16->18(74)
[2023-11-12T18:47:22.245+0100][gc,heap       ] GC(1062) Old regions: 190->190
[2023-11-12T18:47:22.245+0100][gc,heap       ] GC(1062) Humongous regions: 129->129
[2023-11-12T18:47:22.245+0100][gc,metaspace  ] GC(1062) Metaspace: 48011K(51968K)->48011K(51968K) NonClass: 42078K(44288K)->42078K(44288K) Class: 5933K(7680K)->5933K(7680K)
[2023-11-12T18:47:22.245+0100][gc            ] GC(1062) Pause Young (Normal) (G1 Evacuation Pause) 902M->335M(1024M) 7,492ms
[2023-11-12T18:47:22.245+0100][gc,cpu        ] GC(1062) User=0,05s Sys=0,03s Real=0,01s
[2023-11-12T18:47:23.578+0100][gc,start      ] GC(1063) Pause Young (Normal) (G1 Evacuation Pause)
[2023-11-12T18:47:23.578+0100][gc,task       ] GC(1063) Using 13 workers of 13 for evacuation
[2023-11-12T18:47:23.587+0100][gc,phases     ] GC(1063)   Pre Evacuate Collection Set: 0,0ms
[2023-11-12T18:47:23.587+0100][gc,phases     ] GC(1063)   Evacuate Collection Set: 8,1ms
[2023-11-12T18:47:23.587+0100][gc,phases     ] GC(1063)   Post Evacuate Collection Set: 0,6ms
[2023-11-12T18:47:23.587+0100][gc,phases     ] GC(1063)   Other: 0,2ms
[2023-11-12T18:47:23.587+0100][gc,heap       ] GC(1063) Eden regions: 566->0(557)
[2023-11-12T18:47:23.587+0100][gc,heap       ] GC(1063) Survivor regions: 18->22(73)
[2023-11-12T18:47:23.587+0100][gc,heap       ] GC(1063) Old regions: 190->191
[2023-11-12T18:47:23.587+0100][gc,heap       ] GC(1063) Humongous regions: 129->129
[2023-11-12T18:47:23.587+0100][gc,metaspace  ] GC(1063) Metaspace: 48011K(51968K)->48011K(51968K) NonClass: 42078K(44288K)->42078K(44288K) Class: 5933K(7680K)->5933K(7680K)
[2023-11-12T18:47:23.587+0100][gc            ] GC(1063) Pause Young (Normal) (G1 Evacuation Pause) 901M->339M(1024M) 9,124ms
[2023-11-12T18:47:23.587+0100][gc,cpu        ] GC(1063) User=0,09s Sys=0,00s Real=0,01s
[2023-11-12T18:47:24.908+0100][gc,start      ] GC(1064) Pause Young (Normal) (G1 Evacuation Pause)
[2023-11-12T18:47:24.908+0100][gc,task       ] GC(1064) Using 13 workers of 13 for evacuation
[2023-11-12T18:47:24.917+0100][gc,phases     ] GC(1064)   Pre Evacuate Collection Set: 0,0ms
[2023-11-12T18:47:24.917+0100][gc,phases     ] GC(1064)   Evacuate Collection Set: 8,3ms
[2023-11-12T18:47:24.917+0100][gc,phases     ] GC(1064)   Post Evacuate Collection Set: 0,6ms
[2023-11-12T18:47:24.917+0100][gc,phases     ] GC(1064)   Other: 0,3ms
[2023-11-12T18:47:24.917+0100][gc,heap       ] GC(1064) Eden regions: 557->0(551)
[2023-11-12T18:47:24.917+0100][gc,heap       ] GC(1064) Survivor regions: 22->25(73)
[2023-11-12T18:47:24.917+0100][gc,heap       ] GC(1064) Old regions: 191->191
[2023-11-12T18:47:24.917+0100][gc,heap       ] GC(1064) Humongous regions: 129->129
[2023-11-12T18:47:24.917+0100][gc,metaspace  ] GC(1064) Metaspace: 48011K(51968K)->48011K(51968K) NonClass: 42078K(44288K)->42078K(44288K) Class: 5933K(7680K)->5933K(7680K)
[2023-11-12T18:47:24.917+0100][gc            ] GC(1064) Pause Young (Normal) (G1 Evacuation Pause) 896M->342M(1024M) 9,368ms
[2023-11-12T18:47:24.917+0100][gc,cpu        ] GC(1064) User=0,09s Sys=0,01s Real=0,01s
[2023-11-12T18:47:26.189+0100][gc,start      ] GC(1065) Pause Young (Normal) (G1 Evacuation Pause)
[2023-11-12T18:47:26.189+0100][gc,task       ] GC(1065) Using 13 workers of 13 for evacuation
[2023-11-12T18:47:26.214+0100][gc,mmu        ] GC(1065) MMU target violated: 21,0ms (20,0ms/21,0ms)
[2023-11-12T18:47:26.214+0100][gc,phases     ] GC(1065)   Pre Evacuate Collection Set: 0,0ms
[2023-11-12T18:47:26.214+0100][gc,phases     ] GC(1065)   Evacuate Collection Set: 24,2ms
[2023-11-12T18:47:26.214+0100][gc,phases     ] GC(1065)   Post Evacuate Collection Set: 0,7ms
[2023-11-12T18:47:26.214+0100][gc,phases     ] GC(1065)   Other: 0,3ms
[2023-11-12T18:47:26.214+0100][gc,heap       ] GC(1065) Eden regions: 551->0(547)
[2023-11-12T18:47:26.214+0100][gc,heap       ] GC(1065) Survivor regions: 25->27(72)
[2023-11-12T18:47:26.214+0100][gc,heap       ] GC(1065) Old regions: 191->191
[2023-11-12T18:47:26.214+0100][gc,heap       ] GC(1065) Humongous regions: 129->129
[2023-11-12T18:47:26.214+0100][gc,metaspace  ] GC(1065) Metaspace: 48011K(51968K)->48011K(51968K) NonClass: 42078K(44288K)->42078K(44288K) Class: 5933K(7680K)->5933K(7680K)
[2023-11-12T18:47:26.214+0100][gc            ] GC(1065) Pause Young (Normal) (G1 Evacuation Pause) 893M->344M(1024M) 25,296ms
[2023-11-12T18:47:26.214+0100][gc,cpu        ] GC(1065) User=0,31s Sys=0,00s Real=0,03s
[2023-11-12T18:47:27.471+0100][gc,start      ] GC(1066) Pause Young (Normal) (G1 Evacuation Pause)
[2023-11-12T18:47:27.471+0100][gc,task       ] GC(1066) Using 13 workers of 13 for evacuation
[2023-11-12T18:47:27.482+0100][gc,phases     ] GC(1066)   Pre Evacuate Collection Set: 0,0ms
[2023-11-12T18:47:27.482+0100][gc,phases     ] GC(1066)   Evacuate Collection Set: 9,7ms
[2023-11-12T18:47:27.482+0100][gc,phases     ] GC(1066)   Post Evacuate Collection Set: 0,8ms
[2023-11-12T18:47:27.482+0100][gc,phases     ] GC(1066)   Other: 0,3ms
[2023-11-12T18:47:27.482+0100][gc,heap       ] GC(1066) Eden regions: 547->0(541)
[2023-11-12T18:47:27.482+0100][gc,heap       ] GC(1066) Survivor regions: 27->30(72)
[2023-11-12T18:47:27.482+0100][gc,heap       ] GC(1066) Old regions: 191->191
[2023-11-12T18:47:27.482+0100][gc,heap       ] GC(1066) Humongous regions: 129->129
[2023-11-12T18:47:27.482+0100][gc,metaspace  ] GC(1066) Metaspace: 48011K(51968K)->48011K(51968K) NonClass: 42078K(44288K)->42078K(44288K) Class: 5933K(7680K)->5933K(7680K)
[2023-11-12T18:47:27.482+0100][gc            ] GC(1066) Pause Young (Normal) (G1 Evacuation Pause) 891M->347M(1024M) 11,030ms
[2023-11-12T18:47:27.482+0100][gc,cpu        ] GC(1066) User=0,12s Sys=0,01s Real=0,02s
[2023-11-12T18:47:28.762+0100][gc,start      ] GC(1067) Pause Young (Normal) (G1 Evacuation Pause)
[2023-11-12T18:47:28.762+0100][gc,task       ] GC(1067) Using 13 workers of 13 for evacuation
[2023-11-12T18:47:28.766+0100][gc,phases     ] GC(1067)   Pre Evacuate Collection Set: 0,0ms
[2023-11-12T18:47:28.766+0100][gc,phases     ] GC(1067)   Evacuate Collection Set: 3,6ms
[2023-11-12T18:47:28.766+0100][gc,phases     ] GC(1067)   Post Evacuate Collection Set: 0,6ms
[2023-11-12T18:47:28.766+0100][gc,phases     ] GC(1067)   Other: 0,2ms
[2023-11-12T18:47:28.766+0100][gc,heap       ] GC(1067) Eden regions: 541->0(580)
[2023-11-12T18:47:28.766+0100][gc,heap       ] GC(1067) Survivor regions: 30->6(72)
[2023-11-12T18:47:28.766+0100][gc,heap       ] GC(1067) Old regions: 191->191
[2023-11-12T18:47:28.766+0100][gc,heap       ] GC(1067) Humongous regions: 129->129
[2023-11-12T18:47:28.766+0100][gc,metaspace  ] GC(1067) Metaspace: 48011K(51968K)->48011K(51968K) NonClass: 42078K(44288K)->42078K(44288K) Class: 5933K(7680K)->5933K(7680K)
[2023-11-12T18:47:28.766+0100][gc            ] GC(1067) Pause Young (Normal) (G1 Evacuation Pause) 888M->324M(1024M) 4,543ms
[2023-11-12T18:47:28.766+0100][gc,cpu        ] GC(1067) User=0,04s Sys=0,01s Real=0,00s
[2023-11-12T18:47:30.205+0100][gc,start      ] GC(1068) Pause Young (Normal) (G1 Evacuation Pause)
[2023-11-12T18:47:30.205+0100][gc,task       ] GC(1068) Using 13 workers of 13 for evacuation
[2023-11-12T18:47:30.210+0100][gc,phases     ] GC(1068)   Pre Evacuate Collection Set: 0,0ms
[2023-11-12T18:47:30.210+0100][gc,phases     ] GC(1068)   Evacuate Collection Set: 4,2ms
[2023-11-12T18:47:30.210+0100][gc,phases     ] GC(1068)   Post Evacuate Collection Set: 0,6ms
[2023-11-12T18:47:30.210+0100][gc,phases     ] GC(1068)   Other: 0,2ms
[2023-11-12T18:47:30.210+0100][gc,heap       ] GC(1068) Eden regions: 580->0(580)
[2023-11-12T18:47:30.210+0100][gc,heap       ] GC(1068) Survivor regions: 6->7(74)
[2023-11-12T18:47:30.210+0100][gc,heap       ] GC(1068) Old regions: 191->191
[2023-11-12T18:47:30.210+0100][gc,heap       ] GC(1068) Humongous regions: 129->129
[2023-11-12T18:47:30.210+0100][gc,metaspace  ] GC(1068) Metaspace: 48011K(51968K)->48011K(51968K) NonClass: 42078K(44288K)->42078K(44288K) Class: 5933K(7680K)->5933K(7680K)
[2023-11-12T18:47:30.211+0100][gc            ] GC(1068) Pause Young (Normal) (G1 Evacuation Pause) 904M->325M(1024M) 5,152ms
[2023-11-12T18:47:30.211+0100][gc,cpu        ] GC(1068) User=0,05s Sys=0,01s Real=0,00s
[2023-11-12T18:47:31.573+0100][gc,start      ] GC(1069) Pause Young (Normal) (G1 Evacuation Pause)
[2023-11-12T18:47:31.573+0100][gc,task       ] GC(1069) Using 13 workers of 13 for evacuation
[2023-11-12T18:47:31.579+0100][gc,phases     ] GC(1069)   Pre Evacuate Collection Set: 0,0ms
[2023-11-12T18:47:31.579+0100][gc,phases     ] GC(1069)   Evacuate Collection Set: 5,1ms
[2023-11-12T18:47:31.579+0100][gc,phases     ] GC(1069)   Post Evacuate Collection Set: 0,6ms
[2023-11-12T18:47:31.579+0100][gc,phases     ] GC(1069)   Other: 0,2ms
[2023-11-12T18:47:31.579+0100][gc,heap       ] GC(1069) Eden regions: 580->0(579)
[2023-11-12T18:47:31.579+0100][gc,heap       ] GC(1069) Survivor regions: 7->9(74)
[2023-11-12T18:47:31.579+0100][gc,heap       ] GC(1069) Old regions: 191->192
[2023-11-12T18:47:31.579+0100][gc,heap       ] GC(1069) Humongous regions: 129->129
[2023-11-12T18:47:31.579+0100][gc,metaspace  ] GC(1069) Metaspace: 48011K(51968K)->48011K(51968K) NonClass: 42078K(44288K)->42078K(44288K) Class: 5933K(7680K)->5933K(7680K)
[2023-11-12T18:47:31.579+0100][gc            ] GC(1069) Pause Young (Normal) (G1 Evacuation Pause) 905M->327M(1024M) 6,088ms
[2023-11-12T18:47:31.579+0100][gc,cpu        ] GC(1069) User=0,06s Sys=0,00s Real=0,01s
[2023-11-12T18:47:32.880+0100][gc,start      ] GC(1070) Pause Young (Normal) (G1 Evacuation Pause)
[2023-11-12T18:47:32.880+0100][gc,task       ] GC(1070) Using 13 workers of 13 for evacuation
[2023-11-12T18:47:32.886+0100][gc,phases     ] GC(1070)   Pre Evacuate Collection Set: 0,0ms
[2023-11-12T18:47:32.886+0100][gc,phases     ] GC(1070)   Evacuate Collection Set: 4,9ms
[2023-11-12T18:47:32.886+0100][gc,phases     ] GC(1070)   Post Evacuate Collection Set: 0,6ms
[2023-11-12T18:47:32.886+0100][gc,phases     ] GC(1070)   Other: 0,2ms
[2023-11-12T18:47:32.886+0100][gc,heap       ] GC(1070) Eden regions: 579->0(576)
[2023-11-12T18:47:32.886+0100][gc,heap       ] GC(1070) Survivor regions: 9->12(74)
[2023-11-12T18:47:32.886+0100][gc,heap       ] GC(1070) Old regions: 192->192
[2023-11-12T18:47:32.886+0100][gc,heap       ] GC(1070) Humongous regions: 129->129
[2023-11-12T18:47:32.886+0100][gc,metaspace  ] GC(1070) Metaspace: 48011K(51968K)->48011K(51968K) NonClass: 42078K(44288K)->42078K(44288K) Class: 5933K(7680K)->5933K(7680K)
[2023-11-12T18:47:32.886+0100][gc            ] GC(1070) Pause Young (Normal) (G1 Evacuation Pause) 906M->330M(1024M) 5,802ms
[2023-11-12T18:47:32.886+0100][gc,cpu        ] GC(1070) User=0,06s Sys=0,01s Real=0,01s
[2023-11-12T18:47:34.181+0100][gc,start      ] GC(1071) Pause Young (Normal) (G1 Evacuation Pause)
[2023-11-12T18:47:34.181+0100][gc,task       ] GC(1071) Using 13 workers of 13 for evacuation
[2023-11-12T18:47:34.188+0100][gc,phases     ] GC(1071)   Pre Evacuate Collection Set: 0,0ms
[2023-11-12T18:47:34.188+0100][gc,phases     ] GC(1071)   Evacuate Collection Set: 5,9ms
[2023-11-12T18:47:34.188+0100][gc,phases     ] GC(1071)   Post Evacuate Collection Set: 0,7ms
[2023-11-12T18:47:34.188+0100][gc,phases     ] GC(1071)   Other: 0,2ms
[2023-11-12T18:47:34.188+0100][gc,heap       ] GC(1071) Eden regions: 576->0(572)
[2023-11-12T18:47:34.188+0100][gc,heap       ] GC(1071) Survivor regions: 12->14(74)
[2023-11-12T18:47:34.188+0100][gc,heap       ] GC(1071) Old regions: 192->192
[2023-11-12T18:47:34.188+0100][gc,heap       ] GC(1071) Humongous regions: 129->129
[2023-11-12T18:47:34.188+0100][gc,metaspace  ] GC(1071) Metaspace: 48011K(51968K)->48011K(51968K) NonClass: 42078K(44288K)->42078K(44288K) Class: 5933K(7680K)->5933K(7680K)
[2023-11-12T18:47:34.188+0100][gc            ] GC(1071) Pause Young (Normal) (G1 Evacuation Pause) 906M->333M(1024M) 6,997ms
[2023-11-12T18:47:34.188+0100][gc,cpu        ] GC(1071) User=0,07s Sys=0,01s Real=0,00s
[2023-11-12T18:47:35.490+0100][gc,start      ] GC(1072) Pause Young (Normal) (G1 Evacuation Pause)
[2023-11-12T18:47:35.490+0100][gc,task       ] GC(1072) Using 13 workers of 13 for evacuation
[2023-11-12T18:47:35.497+0100][gc,phases     ] GC(1072)   Pre Evacuate Collection Set: 0,0ms
[2023-11-12T18:47:35.497+0100][gc,phases     ] GC(1072)   Evacuate Collection Set: 6,4ms
[2023-11-12T18:47:35.497+0100][gc,phases     ] GC(1072)   Post Evacuate Collection Set: 0,6ms
[2023-11-12T18:47:35.497+0100][gc,phases     ] GC(1072)   Other: 0,2ms
[2023-11-12T18:47:35.497+0100][gc,heap       ] GC(1072) Eden regions: 572->0(566)
[2023-11-12T18:47:35.497+0100][gc,heap       ] GC(1072) Survivor regions: 14->17(74)
[2023-11-12T18:47:35.497+0100][gc,heap       ] GC(1072) Old regions: 192->192
[2023-11-12T18:47:35.497+0100][gc,heap       ] GC(1072) Humongous regions: 129->129
[2023-11-12T18:47:35.497+0100][gc,metaspace  ] GC(1072) Metaspace: 48011K(51968K)->48011K(51968K) NonClass: 42078K(44288K)->42078K(44288K) Class: 5933K(7680K)->5933K(7680K)
[2023-11-12T18:47:35.497+0100][gc            ] GC(1072) Pause Young (Normal) (G1 Evacuation Pause) 905M->336M(1024M) 7,307ms
[2023-11-12T18:47:35.497+0100][gc,cpu        ] GC(1072) User=0,05s Sys=0,03s Real=0,01s
[2023-11-12T18:47:36.661+0100][gc,start      ] GC(1073) Pause Young (Normal) (G1 Evacuation Pause)
[2023-11-12T18:47:36.661+0100][gc,task       ] GC(1073) Using 13 workers of 13 for evacuation
[2023-11-12T18:47:36.671+0100][gc,phases     ] GC(1073)   Pre Evacuate Collection Set: 0,0ms
[2023-11-12T18:47:36.671+0100][gc,phases     ] GC(1073)   Evacuate Collection Set: 8,5ms
[2023-11-12T18:47:36.671+0100][gc,phases     ] GC(1073)   Post Evacuate Collection Set: 0,6ms
[2023-11-12T18:47:36.671+0100][gc,phases     ] GC(1073)   Other: 0,3ms
[2023-11-12T18:47:36.671+0100][gc,heap       ] GC(1073) Eden regions: 566->0(554)
[2023-11-12T18:47:36.671+0100][gc,heap       ] GC(1073) Survivor regions: 17->23(73)
[2023-11-12T18:47:36.671+0100][gc,heap       ] GC(1073) Old regions: 192->192
[2023-11-12T18:47:36.671+0100][gc,heap       ] GC(1073) Humongous regions: 129->129
[2023-11-12T18:47:36.671+0100][gc,metaspace  ] GC(1073) Metaspace: 48012K(51968K)->48012K(51968K) NonClass: 42079K(44288K)->42079K(44288K) Class: 5933K(7680K)->5933K(7680K)
[2023-11-12T18:47:36.671+0100][gc            ] GC(1073) Pause Young (Normal) (G1 Evacuation Pause) 902M->342M(1024M) 9,475ms
[2023-11-12T18:47:36.671+0100][gc,cpu        ] GC(1073) User=0,10s Sys=0,01s Real=0,00s
[2023-11-12T18:47:37.869+0100][gc,start      ] GC(1074) Pause Young (Normal) (G1 Evacuation Pause)
[2023-11-12T18:47:37.869+0100][gc,task       ] GC(1074) Using 13 workers of 13 for evacuation
[2023-11-12T18:47:37.879+0100][gc,phases     ] GC(1074)   Pre Evacuate Collection Set: 0,0ms
[2023-11-12T18:47:37.879+0100][gc,phases     ] GC(1074)   Evacuate Collection Set: 9,0ms
[2023-11-12T18:47:37.879+0100][gc,phases     ] GC(1074)   Post Evacuate Collection Set: 0,6ms
[2023-11-12T18:47:37.879+0100][gc,phases     ] GC(1074)   Other: 0,2ms
[2023-11-12T18:47:37.879+0100][gc,heap       ] GC(1074) Eden regions: 554->0(545)
[2023-11-12T18:47:37.879+0100][gc,heap       ] GC(1074) Survivor regions: 23->27(73)
[2023-11-12T18:47:37.879+0100][gc,heap       ] GC(1074) Old regions: 192->193
[2023-11-12T18:47:37.879+0100][gc,heap       ] GC(1074) Humongous regions: 129->129
[2023-11-12T18:47:37.879+0100][gc,metaspace  ] GC(1074) Metaspace: 48012K(51968K)->48012K(51968K) NonClass: 42079K(44288K)->42079K(44288K) Class: 5933K(7680K)->5933K(7680K)
[2023-11-12T18:47:37.879+0100][gc            ] GC(1074) Pause Young (Normal) (G1 Evacuation Pause) 896M->346M(1024M) 9,998ms
[2023-11-12T18:47:37.879+0100][gc,cpu        ] GC(1074) User=0,11s Sys=0,00s Real=0,01s
[2023-11-12T18:47:39.092+0100][gc,start      ] GC(1075) Pause Young (Normal) (G1 Evacuation Pause)
[2023-11-12T18:47:39.092+0100][gc,task       ] GC(1075) Using 13 workers of 13 for evacuation
[2023-11-12T18:47:39.104+0100][gc,phases     ] GC(1075)   Pre Evacuate Collection Set: 0,0ms
[2023-11-12T18:47:39.104+0100][gc,phases     ] GC(1075)   Evacuate Collection Set: 11,4ms
[2023-11-12T18:47:39.104+0100][gc,phases     ] GC(1075)   Post Evacuate Collection Set: 0,6ms
[2023-11-12T18:47:39.105+0100][gc,phases     ] GC(1075)   Other: 0,2ms
[2023-11-12T18:47:39.105+0100][gc,heap       ] GC(1075) Eden regions: 545->0(535)
[2023-11-12T18:47:39.105+0100][gc,heap       ] GC(1075) Survivor regions: 27->32(72)
[2023-11-12T18:47:39.105+0100][gc,heap       ] GC(1075) Old regions: 193->193
[2023-11-12T18:47:39.105+0100][gc,heap       ] GC(1075) Humongous regions: 129->129
[2023-11-12T18:47:39.105+0100][gc,metaspace  ] GC(1075) Metaspace: 48012K(51968K)->48012K(51968K) NonClass: 42079K(44288K)->42079K(44288K) Class: 5933K(7680K)->5933K(7680K)
[2023-11-12T18:47:39.105+0100][gc            ] GC(1075) Pause Young (Normal) (G1 Evacuation Pause) 891M->351M(1024M) 12,306ms
[2023-11-12T18:47:39.105+0100][gc,cpu        ] GC(1075) User=0,14s Sys=0,00s Real=0,02s
[2023-11-12T18:47:40.329+0100][gc,start      ] GC(1076) Pause Young (Normal) (G1 Evacuation Pause)
[2023-11-12T18:47:40.329+0100][gc,task       ] GC(1076) Using 13 workers of 13 for evacuation
[2023-11-12T18:47:40.334+0100][gc,phases     ] GC(1076)   Pre Evacuate Collection Set: 0,0ms
[2023-11-12T18:47:40.334+0100][gc,phases     ] GC(1076)   Evacuate Collection Set: 4,1ms
[2023-11-12T18:47:40.334+0100][gc,phases     ] GC(1076)   Post Evacuate Collection Set: 0,7ms
[2023-11-12T18:47:40.334+0100][gc,phases     ] GC(1076)   Other: 0,3ms
[2023-11-12T18:47:40.334+0100][gc,heap       ] GC(1076) Eden regions: 535->0(572)
[2023-11-12T18:47:40.334+0100][gc,heap       ] GC(1076) Survivor regions: 32->7(71)
[2023-11-12T18:47:40.334+0100][gc,heap       ] GC(1076) Old regions: 193->193
[2023-11-12T18:47:40.334+0100][gc,heap       ] GC(1076) Humongous regions: 129->129
[2023-11-12T18:47:40.334+0100][gc,metaspace  ] GC(1076) Metaspace: 48012K(51968K)->48012K(51968K) NonClass: 42079K(44288K)->42079K(44288K) Class: 5933K(7680K)->5933K(7680K)
[2023-11-12T18:47:40.334+0100][gc            ] GC(1076) Pause Young (Normal) (G1 Evacuation Pause) 886M->327M(1024M) 5,160ms
[2023-11-12T18:47:40.334+0100][gc,cpu        ] GC(1076) User=0,05s Sys=0,00s Real=0,01s
[2023-11-12T18:47:41.737+0100][gc,start      ] GC(1077) Pause Young (Normal) (G1 Evacuation Pause)
[2023-11-12T18:47:41.737+0100][gc,task       ] GC(1077) Using 13 workers of 13 for evacuation
[2023-11-12T18:47:41.742+0100][gc,phases     ] GC(1077)   Pre Evacuate Collection Set: 0,0ms
[2023-11-12T18:47:41.742+0100][gc,phases     ] GC(1077)   Evacuate Collection Set: 4,4ms
[2023-11-12T18:47:41.742+0100][gc,phases     ] GC(1077)   Post Evacuate Collection Set: 0,5ms
[2023-11-12T18:47:41.742+0100][gc,phases     ] GC(1077)   Other: 0,2ms
[2023-11-12T18:47:41.742+0100][gc,heap       ] GC(1077) Eden regions: 572->0(572)
[2023-11-12T18:47:41.742+0100][gc,heap       ] GC(1077) Survivor regions: 7->9(73)
[2023-11-12T18:47:41.742+0100][gc,heap       ] GC(1077) Old regions: 193->193
[2023-11-12T18:47:41.742+0100][gc,heap       ] GC(1077) Humongous regions: 129->129
[2023-11-12T18:47:41.742+0100][gc,metaspace  ] GC(1077) Metaspace: 48016K(51968K)->48016K(51968K) NonClass: 42082K(44288K)->42082K(44288K) Class: 5933K(7680K)->5933K(7680K)
[2023-11-12T18:47:41.742+0100][gc            ] GC(1077) Pause Young (Normal) (G1 Evacuation Pause) 899M->329M(1024M) 5,341ms
[2023-11-12T18:47:41.742+0100][gc,cpu        ] GC(1077) User=0,00s Sys=0,05s Real=0,01s
[2023-11-12T18:47:43.052+0100][gc,start      ] GC(1078) Pause Young (Normal) (G1 Evacuation Pause)
[2023-11-12T18:47:43.052+0100][gc,task       ] GC(1078) Using 13 workers of 13 for evacuation
[2023-11-12T18:47:43.058+0100][gc,phases     ] GC(1078)   Pre Evacuate Collection Set: 0,0ms
[2023-11-12T18:47:43.058+0100][gc,phases     ] GC(1078)   Evacuate Collection Set: 5,4ms
[2023-11-12T18:47:43.058+0100][gc,phases     ] GC(1078)   Post Evacuate Collection Set: 0,6ms
[2023-11-12T18:47:43.058+0100][gc,phases     ] GC(1078)   Other: 0,2ms
[2023-11-12T18:47:43.058+0100][gc,heap       ] GC(1078) Eden regions: 572->0(569)
[2023-11-12T18:47:43.058+0100][gc,heap       ] GC(1078) Survivor regions: 9->12(73)
[2023-11-12T18:47:43.058+0100][gc,heap       ] GC(1078) Old regions: 193->193
[2023-11-12T18:47:43.058+0100][gc,heap       ] GC(1078) Humongous regions: 129->129
[2023-11-12T18:47:43.058+0100][gc,metaspace  ] GC(1078) Metaspace: 48016K(51968K)->48016K(51968K) NonClass: 42082K(44288K)->42082K(44288K) Class: 5933K(7680K)->5933K(7680K)
[2023-11-12T18:47:43.058+0100][gc            ] GC(1078) Pause Young (Normal) (G1 Evacuation Pause) 901M->332M(1024M) 6,336ms
[2023-11-12T18:47:43.058+0100][gc,cpu        ] GC(1078) User=0,05s Sys=0,03s Real=0,01s
[2023-11-12T18:47:44.415+0100][gc,start      ] GC(1079) Pause Young (Normal) (G1 Evacuation Pause)
[2023-11-12T18:47:44.415+0100][gc,task       ] GC(1079) Using 13 workers of 13 for evacuation
[2023-11-12T18:47:44.423+0100][gc,phases     ] GC(1079)   Pre Evacuate Collection Set: 0,0ms
[2023-11-12T18:47:44.423+0100][gc,phases     ] GC(1079)   Evacuate Collection Set: 6,2ms
[2023-11-12T18:47:44.423+0100][gc,phases     ] GC(1079)   Post Evacuate Collection Set: 0,7ms
[2023-11-12T18:47:44.423+0100][gc,phases     ] GC(1079)   Other: 0,3ms
[2023-11-12T18:47:44.423+0100][gc,heap       ] GC(1079) Eden regions: 569->0(568)
[2023-11-12T18:47:44.423+0100][gc,heap       ] GC(1079) Survivor regions: 12->15(73)
[2023-11-12T18:47:44.423+0100][gc,heap       ] GC(1079) Old regions: 193->193
[2023-11-12T18:47:44.423+0100][gc,heap       ] GC(1079) Humongous regions: 129->129
[2023-11-12T18:47:44.423+0100][gc,metaspace  ] GC(1079) Metaspace: 48016K(51968K)->48016K(51968K) NonClass: 42082K(44288K)->42082K(44288K) Class: 5933K(7680K)->5933K(7680K)
[2023-11-12T18:47:44.423+0100][gc            ] GC(1079) Pause Young (Normal) (G1 Evacuation Pause) 901M->335M(1024M) 7,323ms
[2023-11-12T18:47:44.423+0100][gc,cpu        ] GC(1079) User=0,07s Sys=0,02s Real=0,01s
[2023-11-12T18:47:45.765+0100][gc,start      ] GC(1080) Pause Young (Normal) (G1 Evacuation Pause)
[2023-11-12T18:47:45.765+0100][gc,task       ] GC(1080) Using 13 workers of 13 for evacuation
[2023-11-12T18:47:45.773+0100][gc,phases     ] GC(1080)   Pre Evacuate Collection Set: 0,0ms
[2023-11-12T18:47:45.773+0100][gc,phases     ] GC(1080)   Evacuate Collection Set: 6,8ms
[2023-11-12T18:47:45.773+0100][gc,phases     ] GC(1080)   Post Evacuate Collection Set: 0,6ms
[2023-11-12T18:47:45.773+0100][gc,phases     ] GC(1080)   Other: 0,2ms
[2023-11-12T18:47:45.773+0100][gc,heap       ] GC(1080) Eden regions: 568->0(562)
[2023-11-12T18:47:45.773+0100][gc,heap       ] GC(1080) Survivor regions: 15->18(73)
[2023-11-12T18:47:45.773+0100][gc,heap       ] GC(1080) Old regions: 193->194
[2023-11-12T18:47:45.773+0100][gc,heap       ] GC(1080) Humongous regions: 129->129
[2023-11-12T18:47:45.773+0100][gc,metaspace  ] GC(1080) Metaspace: 48016K(51968K)->48016K(51968K) NonClass: 42082K(44288K)->42082K(44288K) Class: 5933K(7680K)->5933K(7680K)
[2023-11-12T18:47:45.773+0100][gc            ] GC(1080) Pause Young (Normal) (G1 Evacuation Pause) 903M->338M(1024M) 7,738ms
[2023-11-12T18:47:45.773+0100][gc,cpu        ] GC(1080) User=0,06s Sys=0,02s Real=0,00s
[2023-11-12T18:47:47.108+0100][gc,start      ] GC(1081) Pause Young (Normal) (G1 Evacuation Pause)
[2023-11-12T18:47:47.108+0100][gc,task       ] GC(1081) Using 13 workers of 13 for evacuation
[2023-11-12T18:47:47.119+0100][gc,phases     ] GC(1081)   Pre Evacuate Collection Set: 0,0ms
[2023-11-12T18:47:47.119+0100][gc,phases     ] GC(1081)   Evacuate Collection Set: 10,0ms
[2023-11-12T18:47:47.119+0100][gc,phases     ] GC(1081)   Post Evacuate Collection Set: 0,6ms
[2023-11-12T18:47:47.119+0100][gc,phases     ] GC(1081)   Other: 0,2ms
[2023-11-12T18:47:47.119+0100][gc,heap       ] GC(1081) Eden regions: 562->0(556)
[2023-11-12T18:47:47.119+0100][gc,heap       ] GC(1081) Survivor regions: 18->21(73)
[2023-11-12T18:47:47.119+0100][gc,heap       ] GC(1081) Old regions: 194->194
[2023-11-12T18:47:47.119+0100][gc,heap       ] GC(1081) Humongous regions: 129->129
[2023-11-12T18:47:47.119+0100][gc,metaspace  ] GC(1081) Metaspace: 48016K(51968K)->48016K(51968K) NonClass: 42082K(44288K)->42082K(44288K) Class: 5933K(7680K)->5933K(7680K)
[2023-11-12T18:47:47.119+0100][gc            ] GC(1081) Pause Young (Normal) (G1 Evacuation Pause) 900M->341M(1024M) 10,886ms
[2023-11-12T18:47:47.119+0100][gc,cpu        ] GC(1081) User=0,09s Sys=0,00s Real=0,01s
[2023-11-12T18:47:48.460+0100][gc,start      ] GC(1082) Pause Young (Normal) (G1 Evacuation Pause)
[2023-11-12T18:47:48.460+0100][gc,task       ] GC(1082) Using 13 workers of 13 for evacuation
[2023-11-12T18:47:48.470+0100][gc,phases     ] GC(1082)   Pre Evacuate Collection Set: 0,0ms
[2023-11-12T18:47:48.470+0100][gc,phases     ] GC(1082)   Evacuate Collection Set: 9,1ms
[2023-11-12T18:47:48.470+0100][gc,phases     ] GC(1082)   Post Evacuate Collection Set: 0,7ms
[2023-11-12T18:47:48.471+0100][gc,phases     ] GC(1082)   Other: 0,2ms
[2023-11-12T18:47:48.471+0100][gc,heap       ] GC(1082) Eden regions: 556->0(550)
[2023-11-12T18:47:48.471+0100][gc,heap       ] GC(1082) Survivor regions: 21->24(73)
[2023-11-12T18:47:48.471+0100][gc,heap       ] GC(1082) Old regions: 194->194
[2023-11-12T18:47:48.471+0100][gc,heap       ] GC(1082) Humongous regions: 129->129
[2023-11-12T18:47:48.471+0100][gc,metaspace  ] GC(1082) Metaspace: 48016K(51968K)->48016K(51968K) NonClass: 42082K(44288K)->42082K(44288K) Class: 5933K(7680K)->5933K(7680K)
[2023-11-12T18:47:48.471+0100][gc            ] GC(1082) Pause Young (Normal) (G1 Evacuation Pause) 897M->345M(1024M) 10,208ms
[2023-11-12T18:47:48.471+0100][gc,cpu        ] GC(1082) User=0,10s Sys=0,00s Real=0,01s
[2023-11-12T18:47:49.823+0100][gc,start      ] GC(1083) Pause Young (Normal) (G1 Evacuation Pause)
[2023-11-12T18:47:49.823+0100][gc,task       ] GC(1083) Using 13 workers of 13 for evacuation
[2023-11-12T18:47:49.836+0100][gc,phases     ] GC(1083)   Pre Evacuate Collection Set: 0,0ms
[2023-11-12T18:47:49.836+0100][gc,phases     ] GC(1083)   Evacuate Collection Set: 11,4ms
[2023-11-12T18:47:49.836+0100][gc,phases     ] GC(1083)   Post Evacuate Collection Set: 0,7ms
[2023-11-12T18:47:49.836+0100][gc,phases     ] GC(1083)   Other: 0,3ms
[2023-11-12T18:47:49.836+0100][gc,heap       ] GC(1083) Eden regions: 550->0(544)
[2023-11-12T18:47:49.836+0100][gc,heap       ] GC(1083) Survivor regions: 24->27(72)
[2023-11-12T18:47:49.836+0100][gc,heap       ] GC(1083) Old regions: 194->194
[2023-11-12T18:47:49.836+0100][gc,heap       ] GC(1083) Humongous regions: 129->129
[2023-11-12T18:47:49.836+0100][gc,metaspace  ] GC(1083) Metaspace: 48016K(51968K)->48016K(51968K) NonClass: 42082K(44288K)->42082K(44288K) Class: 5933K(7680K)->5933K(7680K)
[2023-11-12T18:47:49.836+0100][gc            ] GC(1083) Pause Young (Normal) (G1 Evacuation Pause) 895M->347M(1024M) 12,436ms
[2023-11-12T18:47:49.836+0100][gc,cpu        ] GC(1083) User=0,12s Sys=0,00s Real=0,01s
[2023-11-12T18:47:51.201+0100][gc,start      ] GC(1084) Pause Young (Normal) (G1 Evacuation Pause)
[2023-11-12T18:47:51.201+0100][gc,task       ] GC(1084) Using 13 workers of 13 for evacuation
[2023-11-12T18:47:51.227+0100][gc,mmu        ] GC(1084) MMU target violated: 21,0ms (20,0ms/21,0ms)
[2023-11-12T18:47:51.227+0100][gc,phases     ] GC(1084)   Pre Evacuate Collection Set: 0,0ms
[2023-11-12T18:47:51.227+0100][gc,phases     ] GC(1084)   Evacuate Collection Set: 24,9ms
[2023-11-12T18:47:51.227+0100][gc,phases     ] GC(1084)   Post Evacuate Collection Set: 0,7ms
[2023-11-12T18:47:51.227+0100][gc,phases     ] GC(1084)   Other: 0,3ms
[2023-11-12T18:47:51.227+0100][gc,heap       ] GC(1084) Eden regions: 544->0(540)
[2023-11-12T18:47:51.227+0100][gc,heap       ] GC(1084) Survivor regions: 27->29(72)
[2023-11-12T18:47:51.227+0100][gc,heap       ] GC(1084) Old regions: 194->194
[2023-11-12T18:47:51.227+0100][gc,heap       ] GC(1084) Humongous regions: 129->129
[2023-11-12T18:47:51.227+0100][gc,metaspace  ] GC(1084) Metaspace: 48016K(51968K)->48016K(51968K) NonClass: 42082K(44288K)->42082K(44288K) Class: 5933K(7680K)->5933K(7680K)
[2023-11-12T18:47:51.227+0100][gc            ] GC(1084) Pause Young (Normal) (G1 Evacuation Pause) 891M->349M(1024M) 26,031ms
[2023-11-12T18:47:51.227+0100][gc,cpu        ] GC(1084) User=0,28s Sys=0,05s Real=0,02s
[2023-11-12T18:47:52.461+0100][gc,start      ] GC(1085) Pause Young (Normal) (G1 Evacuation Pause)
[2023-11-12T18:47:52.461+0100][gc,task       ] GC(1085) Using 13 workers of 13 for evacuation
[2023-11-12T18:47:52.471+0100][gc,phases     ] GC(1085)   Pre Evacuate Collection Set: 0,0ms
[2023-11-12T18:47:52.471+0100][gc,phases     ] GC(1085)   Evacuate Collection Set: 9,9ms
[2023-11-12T18:47:52.471+0100][gc,phases     ] GC(1085)   Post Evacuate Collection Set: 0,7ms
[2023-11-12T18:47:52.471+0100][gc,phases     ] GC(1085)   Other: 0,2ms
[2023-11-12T18:47:52.471+0100][gc,heap       ] GC(1085) Eden regions: 540->0(536)
[2023-11-12T18:47:52.471+0100][gc,heap       ] GC(1085) Survivor regions: 29->31(72)
[2023-11-12T18:47:52.471+0100][gc,heap       ] GC(1085) Old regions: 194->194
[2023-11-12T18:47:52.471+0100][gc,heap       ] GC(1085) Humongous regions: 129->129
[2023-11-12T18:47:52.472+0100][gc,metaspace  ] GC(1085) Metaspace: 48016K(51968K)->48016K(51968K) NonClass: 42082K(44288K)->42082K(44288K) Class: 5933K(7680K)->5933K(7680K)
[2023-11-12T18:47:52.472+0100][gc            ] GC(1085) Pause Young (Normal) (G1 Evacuation Pause) 889M->352M(1024M) 10,946ms
[2023-11-12T18:47:52.472+0100][gc,cpu        ] GC(1085) User=0,11s Sys=0,01s Real=0,01s
[2023-11-12T18:47:53.728+0100][gc,start      ] GC(1086) Pause Young (Normal) (G1 Evacuation Pause)
[2023-11-12T18:47:53.728+0100][gc,task       ] GC(1086) Using 13 workers of 13 for evacuation
[2023-11-12T18:47:53.734+0100][gc,phases     ] GC(1086)   Pre Evacuate Collection Set: 0,0ms
[2023-11-12T18:47:53.734+0100][gc,phases     ] GC(1086)   Evacuate Collection Set: 4,1ms
[2023-11-12T18:47:53.734+0100][gc,phases     ] GC(1086)   Post Evacuate Collection Set: 0,7ms
[2023-11-12T18:47:53.734+0100][gc,phases     ] GC(1086)   Other: 0,2ms
[2023-11-12T18:47:53.734+0100][gc,heap       ] GC(1086) Eden regions: 536->0(573)
[2023-11-12T18:47:53.734+0100][gc,heap       ] GC(1086) Survivor regions: 31->8(71)
[2023-11-12T18:47:53.734+0100][gc,heap       ] GC(1086) Old regions: 194->194
[2023-11-12T18:47:53.734+0100][gc,heap       ] GC(1086) Humongous regions: 129->129
[2023-11-12T18:47:53.734+0100][gc,metaspace  ] GC(1086) Metaspace: 48016K(51968K)->48016K(51968K) NonClass: 42082K(44288K)->42082K(44288K) Class: 5933K(7680K)->5933K(7680K)
[2023-11-12T18:47:53.734+0100][gc            ] GC(1086) Pause Young (Normal) (G1 Evacuation Pause) 888M->329M(1024M) 5,178ms
[2023-11-12T18:47:53.734+0100][gc,cpu        ] GC(1086) User=0,05s Sys=0,00s Real=0,01s
[2023-11-12T18:47:55.028+0100][gc,start      ] GC(1087) Pause Young (Normal) (G1 Evacuation Pause)
[2023-11-12T18:47:55.028+0100][gc,task       ] GC(1087) Using 13 workers of 13 for evacuation
[2023-11-12T18:47:55.037+0100][gc,phases     ] GC(1087)   Pre Evacuate Collection Set: 0,0ms
[2023-11-12T18:47:55.038+0100][gc,phases     ] GC(1087)   Evacuate Collection Set: 8,6ms
[2023-11-12T18:47:55.038+0100][gc,phases     ] GC(1087)   Post Evacuate Collection Set: 0,5ms
[2023-11-12T18:47:55.038+0100][gc,phases     ] GC(1087)   Other: 0,2ms
[2023-11-12T18:47:55.038+0100][gc,heap       ] GC(1087) Eden regions: 573->0(570)
[2023-11-12T18:47:55.038+0100][gc,heap       ] GC(1087) Survivor regions: 8->10(73)
[2023-11-12T18:47:55.038+0100][gc,heap       ] GC(1087) Old regions: 194->195
[2023-11-12T18:47:55.038+0100][gc,heap       ] GC(1087) Humongous regions: 129->129
[2023-11-12T18:47:55.038+0100][gc,metaspace  ] GC(1087) Metaspace: 48016K(51968K)->48016K(51968K) NonClass: 42082K(44288K)->42082K(44288K) Class: 5933K(7680K)->5933K(7680K)
[2023-11-12T18:47:55.038+0100][gc            ] GC(1087) Pause Young (Normal) (G1 Evacuation Pause) 902M->331M(1024M) 9,442ms
[2023-11-12T18:47:55.038+0100][gc,cpu        ] GC(1087) User=0,08s Sys=0,00s Real=0,01s
[2023-11-12T18:47:56.287+0100][gc,start      ] GC(1088) Pause Young (Normal) (G1 Evacuation Pause)
[2023-11-12T18:47:56.287+0100][gc,task       ] GC(1088) Using 13 workers of 13 for evacuation
[2023-11-12T18:47:56.294+0100][gc,phases     ] GC(1088)   Pre Evacuate Collection Set: 0,0ms
[2023-11-12T18:47:56.295+0100][gc,phases     ] GC(1088)   Evacuate Collection Set: 6,6ms
[2023-11-12T18:47:56.295+0100][gc,phases     ] GC(1088)   Post Evacuate Collection Set: 0,6ms
[2023-11-12T18:47:56.295+0100][gc,phases     ] GC(1088)   Other: 0,2ms
[2023-11-12T18:47:56.295+0100][gc,heap       ] GC(1088) Eden regions: 570->0(563)
[2023-11-12T18:47:56.295+0100][gc,heap       ] GC(1088) Survivor regions: 10->16(73)
[2023-11-12T18:47:56.295+0100][gc,heap       ] GC(1088) Old regions: 195->195
[2023-11-12T18:47:56.295+0100][gc,heap       ] GC(1088) Humongous regions: 129->129
[2023-11-12T18:47:56.295+0100][gc,metaspace  ] GC(1088) Metaspace: 48016K(51968K)->48016K(51968K) NonClass: 42082K(44288K)->42082K(44288K) Class: 5933K(7680K)->5933K(7680K)
[2023-11-12T18:47:56.295+0100][gc            ] GC(1088) Pause Young (Normal) (G1 Evacuation Pause) 901M->337M(1024M) 7,552ms
[2023-11-12T18:47:56.295+0100][gc,cpu        ] GC(1088) User=0,05s Sys=0,03s Real=0,01s
[2023-11-12T18:47:57.586+0100][gc,start      ] GC(1089) Pause Young (Normal) (G1 Evacuation Pause)
[2023-11-12T18:47:57.586+0100][gc,task       ] GC(1089) Using 13 workers of 13 for evacuation
[2023-11-12T18:47:57.595+0100][gc,phases     ] GC(1089)   Pre Evacuate Collection Set: 0,0ms
[2023-11-12T18:47:57.595+0100][gc,phases     ] GC(1089)   Evacuate Collection Set: 8,6ms
[2023-11-12T18:47:57.595+0100][gc,phases     ] GC(1089)   Post Evacuate Collection Set: 0,6ms
[2023-11-12T18:47:57.595+0100][gc,phases     ] GC(1089)   Other: 0,3ms
[2023-11-12T18:47:57.595+0100][gc,heap       ] GC(1089) Eden regions: 563->0(555)
[2023-11-12T18:47:57.595+0100][gc,heap       ] GC(1089) Survivor regions: 16->21(73)
[2023-11-12T18:47:57.595+0100][gc,heap       ] GC(1089) Old regions: 195->195
[2023-11-12T18:47:57.595+0100][gc,heap       ] GC(1089) Humongous regions: 129->129
[2023-11-12T18:47:57.595+0100][gc,metaspace  ] GC(1089) Metaspace: 48016K(51968K)->48016K(51968K) NonClass: 42082K(44288K)->42082K(44288K) Class: 5933K(7680K)->5933K(7680K)
[2023-11-12T18:47:57.595+0100][gc            ] GC(1089) Pause Young (Normal) (G1 Evacuation Pause) 900M->342M(1024M) 9,558ms
[2023-11-12T18:47:57.595+0100][gc,cpu        ] GC(1089) User=0,09s Sys=0,01s Real=0,01s
[2023-11-12T18:47:58.898+0100][gc,start      ] GC(1090) Pause Young (Normal) (G1 Evacuation Pause)
[2023-11-12T18:47:58.898+0100][gc,task       ] GC(1090) Using 13 workers of 13 for evacuation
[2023-11-12T18:47:58.908+0100][gc,phases     ] GC(1090)   Pre Evacuate Collection Set: 0,0ms
[2023-11-12T18:47:58.908+0100][gc,phases     ] GC(1090)   Evacuate Collection Set: 8,6ms
[2023-11-12T18:47:58.908+0100][gc,phases     ] GC(1090)   Post Evacuate Collection Set: 0,6ms
[2023-11-12T18:47:58.908+0100][gc,phases     ] GC(1090)   Other: 0,2ms
[2023-11-12T18:47:58.908+0100][gc,heap       ] GC(1090) Eden regions: 555->0(547)
[2023-11-12T18:47:58.908+0100][gc,heap       ] GC(1090) Survivor regions: 21->25(72)
[2023-11-12T18:47:58.908+0100][gc,heap       ] GC(1090) Old regions: 195->195
[2023-11-12T18:47:58.908+0100][gc,heap       ] GC(1090) Humongous regions: 129->129
[2023-11-12T18:47:58.908+0100][gc,metaspace  ] GC(1090) Metaspace: 48016K(51968K)->48016K(51968K) NonClass: 42082K(44288K)->42082K(44288K) Class: 5933K(7680K)->5933K(7680K)
[2023-11-12T18:47:58.908+0100][gc            ] GC(1090) Pause Young (Normal) (G1 Evacuation Pause) 897M->346M(1024M) 9,498ms
[2023-11-12T18:47:58.908+0100][gc,cpu        ] GC(1090) User=0,08s Sys=0,01s Real=0,01s
[2023-11-12T18:48:00.272+0100][gc,start      ] GC(1091) Pause Young (Normal) (G1 Evacuation Pause)
[2023-11-12T18:48:00.272+0100][gc,task       ] GC(1091) Using 13 workers of 13 for evacuation
[2023-11-12T18:48:00.282+0100][gc,phases     ] GC(1091)   Pre Evacuate Collection Set: 0,0ms
[2023-11-12T18:48:00.282+0100][gc,phases     ] GC(1091)   Evacuate Collection Set: 9,4ms
[2023-11-12T18:48:00.282+0100][gc,phases     ] GC(1091)   Post Evacuate Collection Set: 0,6ms
[2023-11-12T18:48:00.282+0100][gc,phases     ] GC(1091)   Other: 0,2ms
[2023-11-12T18:48:00.282+0100][gc,heap       ] GC(1091) Eden regions: 547->0(541)
[2023-11-12T18:48:00.282+0100][gc,heap       ] GC(1091) Survivor regions: 25->28(72)
[2023-11-12T18:48:00.282+0100][gc,heap       ] GC(1091) Old regions: 195->195
[2023-11-12T18:48:00.282+0100][gc,heap       ] GC(1091) Humongous regions: 129->129
[2023-11-12T18:48:00.282+0100][gc,metaspace  ] GC(1091) Metaspace: 48016K(51968K)->48016K(51968K) NonClass: 42082K(44288K)->42082K(44288K) Class: 5933K(7680K)->5933K(7680K)
[2023-11-12T18:48:00.282+0100][gc            ] GC(1091) Pause Young (Normal) (G1 Evacuation Pause) 893M->350M(1024M) 10,324ms
[2023-11-12T18:48:00.282+0100][gc,cpu        ] GC(1091) User=0,11s Sys=0,02s Real=0,02s
[2023-11-12T18:48:01.524+0100][gc,start      ] GC(1092) Pause Young (Normal) (G1 Evacuation Pause)
[2023-11-12T18:48:01.524+0100][gc,task       ] GC(1092) Using 13 workers of 13 for evacuation
[2023-11-12T18:48:01.537+0100][gc,phases     ] GC(1092)   Pre Evacuate Collection Set: 0,0ms
[2023-11-12T18:48:01.537+0100][gc,phases     ] GC(1092)   Evacuate Collection Set: 11,8ms
[2023-11-12T18:48:01.537+0100][gc,phases     ] GC(1092)   Post Evacuate Collection Set: 0,6ms
[2023-11-12T18:48:01.537+0100][gc,phases     ] GC(1092)   Other: 0,3ms
[2023-11-12T18:48:01.537+0100][gc,heap       ] GC(1092) Eden regions: 541->0(531)
[2023-11-12T18:48:01.537+0100][gc,heap       ] GC(1092) Survivor regions: 28->33(72)
[2023-11-12T18:48:01.537+0100][gc,heap       ] GC(1092) Old regions: 195->195
[2023-11-12T18:48:01.537+0100][gc,heap       ] GC(1092) Humongous regions: 129->129
[2023-11-12T18:48:01.537+0100][gc,metaspace  ] GC(1092) Metaspace: 48016K(51968K)->48016K(51968K) NonClass: 42082K(44288K)->42082K(44288K) Class: 5933K(7680K)->5933K(7680K)
[2023-11-12T18:48:01.537+0100][gc            ] GC(1092) Pause Young (Normal) (G1 Evacuation Pause) 891M->354M(1024M) 12,745ms
[2023-11-12T18:48:01.537+0100][gc,cpu        ] GC(1092) User=0,14s Sys=0,00s Real=0,01s
[2023-11-12T18:48:02.978+0100][gc,start      ] GC(1093) Pause Young (Normal) (G1 Evacuation Pause)
[2023-11-12T18:48:02.978+0100][gc,task       ] GC(1093) Using 13 workers of 13 for evacuation
[2023-11-12T18:48:02.984+0100][gc,phases     ] GC(1093)   Pre Evacuate Collection Set: 0,0ms
[2023-11-12T18:48:02.984+0100][gc,phases     ] GC(1093)   Evacuate Collection Set: 4,9ms
[2023-11-12T18:48:02.984+0100][gc,phases     ] GC(1093)   Post Evacuate Collection Set: 0,7ms
[2023-11-12T18:48:02.984+0100][gc,phases     ] GC(1093)   Other: 0,2ms
[2023-11-12T18:48:02.984+0100][gc,heap       ] GC(1093) Eden regions: 531->0(571)
[2023-11-12T18:48:02.984+0100][gc,heap       ] GC(1093) Survivor regions: 33->6(71)
[2023-11-12T18:48:02.984+0100][gc,heap       ] GC(1093) Old regions: 195->195
[2023-11-12T18:48:02.984+0100][gc,heap       ] GC(1093) Humongous regions: 129->129
[2023-11-12T18:48:02.984+0100][gc,metaspace  ] GC(1093) Metaspace: 48016K(51968K)->48016K(51968K) NonClass: 42082K(44288K)->42082K(44288K) Class: 5933K(7680K)->5933K(7680K)
[2023-11-12T18:48:02.984+0100][gc            ] GC(1093) Pause Young (Normal) (G1 Evacuation Pause) 885M->328M(1024M) 5,856ms
[2023-11-12T18:48:02.984+0100][gc,cpu        ] GC(1093) User=0,04s Sys=0,00s Real=0,01s
[2023-11-12T18:48:04.329+0100][gc,start      ] GC(1094) Pause Young (Normal) (G1 Evacuation Pause)
[2023-11-12T18:48:04.329+0100][gc,task       ] GC(1094) Using 13 workers of 13 for evacuation
[2023-11-12T18:48:04.334+0100][gc,phases     ] GC(1094)   Pre Evacuate Collection Set: 0,0ms
[2023-11-12T18:48:04.334+0100][gc,phases     ] GC(1094)   Evacuate Collection Set: 4,2ms
[2023-11-12T18:48:04.334+0100][gc,phases     ] GC(1094)   Post Evacuate Collection Set: 0,6ms
[2023-11-12T18:48:04.334+0100][gc,phases     ] GC(1094)   Other: 0,3ms
[2023-11-12T18:48:04.334+0100][gc,heap       ] GC(1094) Eden regions: 571->0(571)
[2023-11-12T18:48:04.334+0100][gc,heap       ] GC(1094) Survivor regions: 6->7(73)
[2023-11-12T18:48:04.334+0100][gc,heap       ] GC(1094) Old regions: 195->196
[2023-11-12T18:48:04.334+0100][gc,heap       ] GC(1094) Humongous regions: 129->129
[2023-11-12T18:48:04.334+0100][gc,metaspace  ] GC(1094) Metaspace: 48016K(51968K)->48016K(51968K) NonClass: 42082K(44288K)->42082K(44288K) Class: 5933K(7680K)->5933K(7680K)
[2023-11-12T18:48:04.334+0100][gc            ] GC(1094) Pause Young (Normal) (G1 Evacuation Pause) 899M->329M(1024M) 5,238ms
[2023-11-12T18:48:04.334+0100][gc,cpu        ] GC(1094) User=0,05s Sys=0,02s Real=0,01s
[2023-11-12T18:48:05.641+0100][gc,start      ] GC(1095) Pause Young (Normal) (G1 Evacuation Pause)
[2023-11-12T18:48:05.641+0100][gc,task       ] GC(1095) Using 13 workers of 13 for evacuation
[2023-11-12T18:48:05.647+0100][gc,phases     ] GC(1095)   Pre Evacuate Collection Set: 0,0ms
[2023-11-12T18:48:05.647+0100][gc,phases     ] GC(1095)   Evacuate Collection Set: 4,9ms
[2023-11-12T18:48:05.647+0100][gc,phases     ] GC(1095)   Post Evacuate Collection Set: 0,7ms
[2023-11-12T18:48:05.647+0100][gc,phases     ] GC(1095)   Other: 0,3ms
[2023-11-12T18:48:05.647+0100][gc,heap       ] GC(1095) Eden regions: 571->0(571)
[2023-11-12T18:48:05.647+0100][gc,heap       ] GC(1095) Survivor regions: 7->9(73)
[2023-11-12T18:48:05.647+0100][gc,heap       ] GC(1095) Old regions: 196->196
[2023-11-12T18:48:05.647+0100][gc,heap       ] GC(1095) Humongous regions: 129->129
[2023-11-12T18:48:05.647+0100][gc,metaspace  ] GC(1095) Metaspace: 48016K(51968K)->48016K(51968K) NonClass: 42082K(44288K)->42082K(44288K) Class: 5933K(7680K)->5933K(7680K)
[2023-11-12T18:48:05.647+0100][gc            ] GC(1095) Pause Young (Normal) (G1 Evacuation Pause) 900M->331M(1024M) 6,028ms
[2023-11-12T18:48:05.647+0100][gc,cpu        ] GC(1095) User=0,07s Sys=0,00s Real=0,01s
[2023-11-12T18:48:06.982+0100][gc,start      ] GC(1096) Pause Young (Normal) (G1 Evacuation Pause)
[2023-11-12T18:48:06.982+0100][gc,task       ] GC(1096) Using 13 workers of 13 for evacuation
[2023-11-12T18:48:06.988+0100][gc,phases     ] GC(1096)   Pre Evacuate Collection Set: 0,0ms
[2023-11-12T18:48:06.988+0100][gc,phases     ] GC(1096)   Evacuate Collection Set: 5,1ms
[2023-11-12T18:48:06.988+0100][gc,phases     ] GC(1096)   Post Evacuate Collection Set: 0,6ms
[2023-11-12T18:48:06.988+0100][gc,phases     ] GC(1096)   Other: 0,2ms
[2023-11-12T18:48:06.988+0100][gc,heap       ] GC(1096) Eden regions: 571->0(570)
[2023-11-12T18:48:06.988+0100][gc,heap       ] GC(1096) Survivor regions: 9->11(73)
[2023-11-12T18:48:06.988+0100][gc,heap       ] GC(1096) Old regions: 196->196
[2023-11-12T18:48:06.988+0100][gc,heap       ] GC(1096) Humongous regions: 129->129
[2023-11-12T18:48:06.988+0100][gc,metaspace  ] GC(1096) Metaspace: 48016K(51968K)->48016K(51968K) NonClass: 42082K(44288K)->42082K(44288K) Class: 5933K(7680K)->5933K(7680K)
[2023-11-12T18:48:06.988+0100][gc            ] GC(1096) Pause Young (Normal) (G1 Evacuation Pause) 902M->334M(1024M) 5,978ms
[2023-11-12T18:48:06.988+0100][gc,cpu        ] GC(1096) User=0,05s Sys=0,01s Real=0,00s
[2023-11-12T18:48:08.320+0100][gc,start      ] GC(1097) Pause Young (Normal) (G1 Evacuation Pause)
[2023-11-12T18:48:08.320+0100][gc,task       ] GC(1097) Using 13 workers of 13 for evacuation
[2023-11-12T18:48:08.327+0100][gc,phases     ] GC(1097)   Pre Evacuate Collection Set: 0,0ms
[2023-11-12T18:48:08.327+0100][gc,phases     ] GC(1097)   Evacuate Collection Set: 5,8ms
[2023-11-12T18:48:08.327+0100][gc,phases     ] GC(1097)   Post Evacuate Collection Set: 0,6ms
[2023-11-12T18:48:08.327+0100][gc,phases     ] GC(1097)   Other: 0,2ms
[2023-11-12T18:48:08.327+0100][gc,heap       ] GC(1097) Eden regions: 570->0(566)
[2023-11-12T18:48:08.327+0100][gc,heap       ] GC(1097) Survivor regions: 11->15(73)
[2023-11-12T18:48:08.327+0100][gc,heap       ] GC(1097) Old regions: 196->196
[2023-11-12T18:48:08.327+0100][gc,heap       ] GC(1097) Humongous regions: 129->129
[2023-11-12T18:48:08.327+0100][gc,metaspace  ] GC(1097) Metaspace: 48016K(51968K)->48016K(51968K) NonClass: 42082K(44288K)->42082K(44288K) Class: 5933K(7680K)->5933K(7680K)
[2023-11-12T18:48:08.327+0100][gc            ] GC(1097) Pause Young (Normal) (G1 Evacuation Pause) 904M->337M(1024M) 6,780ms
[2023-11-12T18:48:08.327+0100][gc,cpu        ] GC(1097) User=0,08s Sys=0,00s Real=0,01s
[2023-11-12T18:48:09.648+0100][gc,start      ] GC(1098) Pause Young (Normal) (G1 Evacuation Pause)
[2023-11-12T18:48:09.648+0100][gc,task       ] GC(1098) Using 13 workers of 13 for evacuation
[2023-11-12T18:48:09.656+0100][gc,phases     ] GC(1098)   Pre Evacuate Collection Set: 0,0ms
[2023-11-12T18:48:09.657+0100][gc,phases     ] GC(1098)   Evacuate Collection Set: 7,7ms
[2023-11-12T18:48:09.657+0100][gc,phases     ] GC(1098)   Post Evacuate Collection Set: 0,7ms
[2023-11-12T18:48:09.657+0100][gc,phases     ] GC(1098)   Other: 0,2ms
[2023-11-12T18:48:09.657+0100][gc,heap       ] GC(1098) Eden regions: 566->0(558)
[2023-11-12T18:48:09.657+0100][gc,heap       ] GC(1098) Survivor regions: 15->19(73)
[2023-11-12T18:48:09.657+0100][gc,heap       ] GC(1098) Old regions: 196->196
[2023-11-12T18:48:09.657+0100][gc,heap       ] GC(1098) Humongous regions: 129->129
[2023-11-12T18:48:09.657+0100][gc,metaspace  ] GC(1098) Metaspace: 48016K(51968K)->48016K(51968K) NonClass: 42082K(44288K)->42082K(44288K) Class: 5933K(7680K)->5933K(7680K)
[2023-11-12T18:48:09.657+0100][gc            ] GC(1098) Pause Young (Normal) (G1 Evacuation Pause) 903M->342M(1024M) 8,773ms
[2023-11-12T18:48:09.657+0100][gc,cpu        ] GC(1098) User=0,10s Sys=0,00s Real=0,01s
[2023-11-12T18:48:10.978+0100][gc,start      ] GC(1099) Pause Young (Normal) (G1 Evacuation Pause)
[2023-11-12T18:48:10.978+0100][gc,task       ] GC(1099) Using 13 workers of 13 for evacuation
[2023-11-12T18:48:10.987+0100][gc,phases     ] GC(1099)   Pre Evacuate Collection Set: 0,0ms
[2023-11-12T18:48:10.987+0100][gc,phases     ] GC(1099)   Evacuate Collection Set: 7,9ms
[2023-11-12T18:48:10.987+0100][gc,phases     ] GC(1099)   Post Evacuate Collection Set: 0,6ms
[2023-11-12T18:48:10.987+0100][gc,phases     ] GC(1099)   Other: 0,2ms
[2023-11-12T18:48:10.987+0100][gc,heap       ] GC(1099) Eden regions: 558->0(550)
[2023-11-12T18:48:10.987+0100][gc,heap       ] GC(1099) Survivor regions: 19->23(73)
[2023-11-12T18:48:10.987+0100][gc,heap       ] GC(1099) Old regions: 196->196
[2023-11-12T18:48:10.987+0100][gc,heap       ] GC(1099) Humongous regions: 129->129
[2023-11-12T18:48:10.987+0100][gc,metaspace  ] GC(1099) Metaspace: 48016K(51968K)->48016K(51968K) NonClass: 42082K(44288K)->42082K(44288K) Class: 5933K(7680K)->5933K(7680K)
[2023-11-12T18:48:10.987+0100][gc            ] GC(1099) Pause Young (Normal) (G1 Evacuation Pause) 900M->346M(1024M) 8,873ms
[2023-11-12T18:48:10.987+0100][gc,cpu        ] GC(1099) User=0,09s Sys=0,00s Real=0,01s
[2023-11-12T18:48:12.234+0100][gc,start      ] GC(1100) Pause Young (Normal) (G1 Evacuation Pause)
[2023-11-12T18:48:12.234+0100][gc,task       ] GC(1100) Using 13 workers of 13 for evacuation
[2023-11-12T18:48:12.245+0100][gc,phases     ] GC(1100)   Pre Evacuate Collection Set: 0,0ms
[2023-11-12T18:48:12.245+0100][gc,phases     ] GC(1100)   Evacuate Collection Set: 9,7ms
[2023-11-12T18:48:12.245+0100][gc,phases     ] GC(1100)   Post Evacuate Collection Set: 0,9ms
[2023-11-12T18:48:12.245+0100][gc,phases     ] GC(1100)   Other: 0,2ms
[2023-11-12T18:48:12.245+0100][gc,heap       ] GC(1100) Eden regions: 550->0(542)
[2023-11-12T18:48:12.245+0100][gc,heap       ] GC(1100) Survivor regions: 23->27(72)
[2023-11-12T18:48:12.245+0100][gc,heap       ] GC(1100) Old regions: 196->196
[2023-11-12T18:48:12.245+0100][gc,heap       ] GC(1100) Humongous regions: 129->129
[2023-11-12T18:48:12.245+0100][gc,metaspace  ] GC(1100) Metaspace: 48016K(51968K)->48016K(51968K) NonClass: 42082K(44288K)->42082K(44288K) Class: 5933K(7680K)->5933K(7680K)
[2023-11-12T18:48:12.245+0100][gc            ] GC(1100) Pause Young (Normal) (G1 Evacuation Pause) 896M->350M(1024M) 10,923ms
[2023-11-12T18:48:12.245+0100][gc,cpu        ] GC(1100) User=0,10s Sys=0,01s Real=0,01s
[2023-11-12T18:48:13.492+0100][gc,start      ] GC(1101) Pause Young (Normal) (G1 Evacuation Pause)
[2023-11-12T18:48:13.492+0100][gc,task       ] GC(1101) Using 13 workers of 13 for evacuation
[2023-11-12T18:48:13.518+0100][gc,mmu        ] GC(1101) MMU target violated: 21,0ms (20,0ms/21,0ms)
[2023-11-12T18:48:13.518+0100][gc,phases     ] GC(1101)   Pre Evacuate Collection Set: 0,0ms
[2023-11-12T18:48:13.518+0100][gc,phases     ] GC(1101)   Evacuate Collection Set: 25,3ms
[2023-11-12T18:48:13.518+0100][gc,phases     ] GC(1101)   Post Evacuate Collection Set: 0,7ms
[2023-11-12T18:48:13.518+0100][gc,phases     ] GC(1101)   Other: 0,3ms
[2023-11-12T18:48:13.518+0100][gc,heap       ] GC(1101) Eden regions: 542->0(534)
[2023-11-12T18:48:13.518+0100][gc,heap       ] GC(1101) Survivor regions: 27->31(72)
[2023-11-12T18:48:13.518+0100][gc,heap       ] GC(1101) Old regions: 196->196
[2023-11-12T18:48:13.518+0100][gc,heap       ] GC(1101) Humongous regions: 129->129
[2023-11-12T18:48:13.518+0100][gc,metaspace  ] GC(1101) Metaspace: 48016K(51968K)->48016K(51968K) NonClass: 42082K(44288K)->42082K(44288K) Class: 5933K(7680K)->5933K(7680K)
[2023-11-12T18:48:13.518+0100][gc            ] GC(1101) Pause Young (Normal) (G1 Evacuation Pause) 892M->354M(1024M) 26,400ms
[2023-11-12T18:48:13.518+0100][gc,cpu        ] GC(1101) User=0,33s Sys=0,00s Real=0,03s
[2023-11-12T18:48:14.737+0100][gc,start      ] GC(1102) Pause Young (Normal) (G1 Evacuation Pause)
[2023-11-12T18:48:14.737+0100][gc,task       ] GC(1102) Using 13 workers of 13 for evacuation
[2023-11-12T18:48:14.742+0100][gc,phases     ] GC(1102)   Pre Evacuate Collection Set: 0,0ms
[2023-11-12T18:48:14.742+0100][gc,phases     ] GC(1102)   Evacuate Collection Set: 4,3ms
[2023-11-12T18:48:14.742+0100][gc,phases     ] GC(1102)   Post Evacuate Collection Set: 0,6ms
[2023-11-12T18:48:14.742+0100][gc,phases     ] GC(1102)   Other: 0,2ms
[2023-11-12T18:48:14.742+0100][gc,heap       ] GC(1102) Eden regions: 534->0(566)
[2023-11-12T18:48:14.742+0100][gc,heap       ] GC(1102) Survivor regions: 31->7(71)
[2023-11-12T18:48:14.742+0100][gc,heap       ] GC(1102) Old regions: 196->197
[2023-11-12T18:48:14.742+0100][gc,heap       ] GC(1102) Humongous regions: 129->129
[2023-11-12T18:48:14.742+0100][gc,metaspace  ] GC(1102) Metaspace: 48016K(51968K)->48016K(51968K) NonClass: 42082K(44288K)->42082K(44288K) Class: 5933K(7680K)->5933K(7680K)
[2023-11-12T18:48:14.742+0100][gc            ] GC(1102) Pause Young (Normal) (G1 Evacuation Pause) 888M->330M(1024M) 5,369ms
[2023-11-12T18:48:14.742+0100][gc,cpu        ] GC(1102) User=0,04s Sys=0,00s Real=0,01s
[2023-11-12T18:48:16.086+0100][gc,start      ] GC(1103) Pause Young (Normal) (G1 Evacuation Pause)
[2023-11-12T18:48:16.086+0100][gc,task       ] GC(1103) Using 13 workers of 13 for evacuation
[2023-11-12T18:48:16.092+0100][gc,phases     ] GC(1103)   Pre Evacuate Collection Set: 0,0ms
[2023-11-12T18:48:16.092+0100][gc,phases     ] GC(1103)   Evacuate Collection Set: 5,2ms
[2023-11-12T18:48:16.092+0100][gc,phases     ] GC(1103)   Post Evacuate Collection Set: 0,6ms
[2023-11-12T18:48:16.092+0100][gc,phases     ] GC(1103)   Other: 0,2ms
[2023-11-12T18:48:16.092+0100][gc,heap       ] GC(1103) Eden regions: 566->0(566)
[2023-11-12T18:48:16.092+0100][gc,heap       ] GC(1103) Survivor regions: 7->9(72)
[2023-11-12T18:48:16.092+0100][gc,heap       ] GC(1103) Old regions: 197->197
[2023-11-12T18:48:16.093+0100][gc,heap       ] GC(1103) Humongous regions: 129->129
[2023-11-12T18:48:16.093+0100][gc,metaspace  ] GC(1103) Metaspace: 48016K(51968K)->48016K(51968K) NonClass: 42082K(44288K)->42082K(44288K) Class: 5933K(7680K)->5933K(7680K)
[2023-11-12T18:48:16.093+0100][gc            ] GC(1103) Pause Young (Normal) (G1 Evacuation Pause) 896M->332M(1024M) 6,219ms
[2023-11-12T18:48:16.093+0100][gc,cpu        ] GC(1103) User=0,05s Sys=0,01s Real=0,00s
[2023-11-12T18:48:17.502+0100][gc,start      ] GC(1104) Pause Young (Normal) (G1 Evacuation Pause)
[2023-11-12T18:48:17.502+0100][gc,task       ] GC(1104) Using 13 workers of 13 for evacuation
[2023-11-12T18:48:17.508+0100][gc,phases     ] GC(1104)   Pre Evacuate Collection Set: 0,0ms
[2023-11-12T18:48:17.508+0100][gc,phases     ] GC(1104)   Evacuate Collection Set: 6,0ms
[2023-11-12T18:48:17.508+0100][gc,phases     ] GC(1104)   Post Evacuate Collection Set: 0,5ms
[2023-11-12T18:48:17.508+0100][gc,phases     ] GC(1104)   Other: 0,2ms
[2023-11-12T18:48:17.508+0100][gc,heap       ] GC(1104) Eden regions: 566->0(564)
[2023-11-12T18:48:17.508+0100][gc,heap       ] GC(1104) Survivor regions: 9->13(72)
[2023-11-12T18:48:17.508+0100][gc,heap       ] GC(1104) Old regions: 197->197
[2023-11-12T18:48:17.508+0100][gc,heap       ] GC(1104) Humongous regions: 129->129
[2023-11-12T18:48:17.508+0100][gc,metaspace  ] GC(1104) Metaspace: 48026K(51968K)->48026K(51968K) NonClass: 42092K(44288K)->42092K(44288K) Class: 5933K(7680K)->5933K(7680K)
[2023-11-12T18:48:17.508+0100][gc            ] GC(1104) Pause Young (Normal) (G1 Evacuation Pause) 898M->336M(1024M) 6,909ms
[2023-11-12T18:48:17.509+0100][gc,cpu        ] GC(1104) User=0,07s Sys=0,02s Real=0,00s
[2023-11-12T18:48:18.757+0100][gc,start      ] GC(1105) Pause Young (Normal) (G1 Evacuation Pause)
[2023-11-12T18:48:18.757+0100][gc,task       ] GC(1105) Using 13 workers of 13 for evacuation
[2023-11-12T18:48:18.765+0100][gc,phases     ] GC(1105)   Pre Evacuate Collection Set: 0,0ms
[2023-11-12T18:48:18.765+0100][gc,phases     ] GC(1105)   Evacuate Collection Set: 6,9ms
[2023-11-12T18:48:18.765+0100][gc,phases     ] GC(1105)   Post Evacuate Collection Set: 0,6ms
[2023-11-12T18:48:18.765+0100][gc,phases     ] GC(1105)   Other: 0,3ms
[2023-11-12T18:48:18.765+0100][gc,heap       ] GC(1105) Eden regions: 564->0(564)
[2023-11-12T18:48:18.765+0100][gc,heap       ] GC(1105) Survivor regions: 13->15(73)
[2023-11-12T18:48:18.765+0100][gc,heap       ] GC(1105) Old regions: 197->197
[2023-11-12T18:48:18.765+0100][gc,heap       ] GC(1105) Humongous regions: 129->129
[2023-11-12T18:48:18.765+0100][gc,metaspace  ] GC(1105) Metaspace: 48026K(51968K)->48026K(51968K) NonClass: 42092K(44288K)->42092K(44288K) Class: 5933K(7680K)->5933K(7680K)
[2023-11-12T18:48:18.765+0100][gc            ] GC(1105) Pause Young (Normal) (G1 Evacuation Pause) 900M->339M(1024M) 7,858ms
[2023-11-12T18:48:18.765+0100][gc,cpu        ] GC(1105) User=0,06s Sys=0,03s Real=0,01s
[2023-11-12T18:48:20.071+0100][gc,start      ] GC(1106) Pause Young (Normal) (G1 Evacuation Pause)
[2023-11-12T18:48:20.071+0100][gc,task       ] GC(1106) Using 13 workers of 13 for evacuation
[2023-11-12T18:48:20.079+0100][gc,phases     ] GC(1106)   Pre Evacuate Collection Set: 0,0ms
[2023-11-12T18:48:20.079+0100][gc,phases     ] GC(1106)   Evacuate Collection Set: 7,3ms
[2023-11-12T18:48:20.079+0100][gc,phases     ] GC(1106)   Post Evacuate Collection Set: 0,6ms
[2023-11-12T18:48:20.079+0100][gc,phases     ] GC(1106)   Other: 0,2ms
[2023-11-12T18:48:20.079+0100][gc,heap       ] GC(1106) Eden regions: 564->0(557)
[2023-11-12T18:48:20.079+0100][gc,heap       ] GC(1106) Survivor regions: 15->19(73)
[2023-11-12T18:48:20.079+0100][gc,heap       ] GC(1106) Old regions: 197->197
[2023-11-12T18:48:20.079+0100][gc,heap       ] GC(1106) Humongous regions: 129->129
[2023-11-12T18:48:20.079+0100][gc,metaspace  ] GC(1106) Metaspace: 48026K(51968K)->48026K(51968K) NonClass: 42092K(44288K)->42092K(44288K) Class: 5933K(7680K)->5933K(7680K)
[2023-11-12T18:48:20.079+0100][gc            ] GC(1106) Pause Young (Normal) (G1 Evacuation Pause) 903M->343M(1024M) 8,233ms
[2023-11-12T18:48:20.079+0100][gc,cpu        ] GC(1106) User=0,07s Sys=0,00s Real=0,01s
[2023-11-12T18:48:21.389+0100][gc,start      ] GC(1107) Pause Young (Normal) (G1 Evacuation Pause)
[2023-11-12T18:48:21.389+0100][gc,task       ] GC(1107) Using 13 workers of 13 for evacuation
[2023-11-12T18:48:21.398+0100][gc,phases     ] GC(1107)   Pre Evacuate Collection Set: 0,0ms
[2023-11-12T18:48:21.398+0100][gc,phases     ] GC(1107)   Evacuate Collection Set: 8,1ms
[2023-11-12T18:48:21.398+0100][gc,phases     ] GC(1107)   Post Evacuate Collection Set: 0,6ms
[2023-11-12T18:48:21.398+0100][gc,phases     ] GC(1107)   Other: 0,2ms
[2023-11-12T18:48:21.398+0100][gc,heap       ] GC(1107) Eden regions: 557->0(551)
[2023-11-12T18:48:21.398+0100][gc,heap       ] GC(1107) Survivor regions: 19->22(72)
[2023-11-12T18:48:21.398+0100][gc,heap       ] GC(1107) Old regions: 197->197
[2023-11-12T18:48:21.398+0100][gc,heap       ] GC(1107) Humongous regions: 129->129
[2023-11-12T18:48:21.398+0100][gc,metaspace  ] GC(1107) Metaspace: 48026K(51968K)->48026K(51968K) NonClass: 42092K(44288K)->42092K(44288K) Class: 5933K(7680K)->5933K(7680K)
[2023-11-12T18:48:21.398+0100][gc            ] GC(1107) Pause Young (Normal) (G1 Evacuation Pause) 900M->345M(1024M) 8,987ms
[2023-11-12T18:48:21.398+0100][gc,cpu        ] GC(1107) User=0,10s Sys=0,00s Real=0,01s
[2023-11-12T18:48:22.709+0100][gc,start      ] GC(1108) Pause Young (Normal) (G1 Evacuation Pause)
[2023-11-12T18:48:22.709+0100][gc,task       ] GC(1108) Using 13 workers of 13 for evacuation
[2023-11-12T18:48:22.736+0100][gc,mmu        ] GC(1108) MMU target violated: 21,0ms (20,0ms/21,0ms)
[2023-11-12T18:48:22.736+0100][gc,phases     ] GC(1108)   Pre Evacuate Collection Set: 0,0ms
[2023-11-12T18:48:22.736+0100][gc,phases     ] GC(1108)   Evacuate Collection Set: 25,4ms
[2023-11-12T18:48:22.736+0100][gc,phases     ] GC(1108)   Post Evacuate Collection Set: 0,9ms
[2023-11-12T18:48:22.736+0100][gc,phases     ] GC(1108)   Other: 0,3ms
[2023-11-12T18:48:22.736+0100][gc,heap       ] GC(1108) Eden regions: 551->0(545)
[2023-11-12T18:48:22.736+0100][gc,heap       ] GC(1108) Survivor regions: 22->25(72)
[2023-11-12T18:48:22.736+0100][gc,heap       ] GC(1108) Old regions: 197->197
[2023-11-12T18:48:22.736+0100][gc,heap       ] GC(1108) Humongous regions: 129->129
[2023-11-12T18:48:22.736+0100][gc,metaspace  ] GC(1108) Metaspace: 48026K(51968K)->48026K(51968K) NonClass: 42092K(44288K)->42092K(44288K) Class: 5933K(7680K)->5933K(7680K)
[2023-11-12T18:48:22.736+0100][gc            ] GC(1108) Pause Young (Normal) (G1 Evacuation Pause) 896M->348M(1024M) 26,674ms
[2023-11-12T18:48:22.736+0100][gc,cpu        ] GC(1108) User=0,31s Sys=0,01s Real=0,03s
[2023-11-12T18:48:24.018+0100][gc,start      ] GC(1109) Pause Young (Normal) (G1 Evacuation Pause)
[2023-11-12T18:48:24.018+0100][gc,task       ] GC(1109) Using 13 workers of 13 for evacuation
[2023-11-12T18:48:24.028+0100][gc,phases     ] GC(1109)   Pre Evacuate Collection Set: 0,0ms
[2023-11-12T18:48:24.028+0100][gc,phases     ] GC(1109)   Evacuate Collection Set: 9,4ms
[2023-11-12T18:48:24.028+0100][gc,phases     ] GC(1109)   Post Evacuate Collection Set: 0,6ms
[2023-11-12T18:48:24.028+0100][gc,phases     ] GC(1109)   Other: 0,2ms
[2023-11-12T18:48:24.028+0100][gc,heap       ] GC(1109) Eden regions: 545->0(541)
[2023-11-12T18:48:24.028+0100][gc,heap       ] GC(1109) Survivor regions: 25->27(72)
[2023-11-12T18:48:24.028+0100][gc,heap       ] GC(1109) Old regions: 197->197
[2023-11-12T18:48:24.028+0100][gc,heap       ] GC(1109) Humongous regions: 129->129
[2023-11-12T18:48:24.028+0100][gc,metaspace  ] GC(1109) Metaspace: 48026K(51968K)->48026K(51968K) NonClass: 42092K(44288K)->42092K(44288K) Class: 5933K(7680K)->5933K(7680K)
[2023-11-12T18:48:24.028+0100][gc            ] GC(1109) Pause Young (Normal) (G1 Evacuation Pause) 893M->351M(1024M) 10,306ms
[2023-11-12T18:48:24.028+0100][gc,cpu        ] GC(1109) User=0,10s Sys=0,01s Real=0,01s
[2023-11-12T18:48:25.276+0100][gc,start      ] GC(1110) Pause Young (Normal) (G1 Evacuation Pause)
[2023-11-12T18:48:25.276+0100][gc,task       ] GC(1110) Using 13 workers of 13 for evacuation
[2023-11-12T18:48:25.303+0100][gc,mmu        ] GC(1110) MMU target violated: 21,0ms (20,0ms/21,0ms)
[2023-11-12T18:48:25.303+0100][gc,phases     ] GC(1110)   Pre Evacuate Collection Set: 0,0ms
[2023-11-12T18:48:25.303+0100][gc,phases     ] GC(1110)   Evacuate Collection Set: 26,6ms
[2023-11-12T18:48:25.303+0100][gc,phases     ] GC(1110)   Post Evacuate Collection Set: 0,7ms
[2023-11-12T18:48:25.303+0100][gc,phases     ] GC(1110)   Other: 0,4ms
[2023-11-12T18:48:25.303+0100][gc,heap       ] GC(1110) Eden regions: 541->0(420)
[2023-11-12T18:48:25.303+0100][gc,heap       ] GC(1110) Survivor regions: 27->30(71)
[2023-11-12T18:48:25.303+0100][gc,heap       ] GC(1110) Old regions: 197->198
[2023-11-12T18:48:25.303+0100][gc,heap       ] GC(1110) Humongous regions: 129->129
[2023-11-12T18:48:25.303+0100][gc,metaspace  ] GC(1110) Metaspace: 48026K(51968K)->48026K(51968K) NonClass: 42092K(44288K)->42092K(44288K) Class: 5933K(7680K)->5933K(7680K)
[2023-11-12T18:48:25.303+0100][gc            ] GC(1110) Pause Young (Normal) (G1 Evacuation Pause) 892M->354M(1024M) 27,840ms
[2023-11-12T18:48:25.304+0100][gc,cpu        ] GC(1110) User=0,34s Sys=0,00s Real=0,03s
[2023-11-12T18:48:25.439+0100][gc,start      ] GC(1111) Pause Young (Normal) (G1 Evacuation Pause)
[2023-11-12T18:48:25.439+0100][gc,task       ] GC(1111) Using 13 workers of 13 for evacuation
[2023-11-12T18:48:25.449+0100][gc,phases     ] GC(1111)   Pre Evacuate Collection Set: 0,0ms
[2023-11-12T18:48:25.449+0100][gc,phases     ] GC(1111)   Evacuate Collection Set: 9,7ms
[2023-11-12T18:48:25.449+0100][gc,phases     ] GC(1111)   Post Evacuate Collection Set: 0,6ms
[2023-11-12T18:48:25.449+0100][gc,phases     ] GC(1111)   Other: 0,2ms
[2023-11-12T18:48:25.449+0100][gc,heap       ] GC(1111) Eden regions: 59->0(552)
[2023-11-12T18:48:25.449+0100][gc,heap       ] GC(1111) Survivor regions: 30->8(12)
[2023-11-12T18:48:25.449+0100][gc,heap       ] GC(1111) Old regions: 198->220
[2023-11-12T18:48:25.449+0100][gc,heap       ] GC(1111) Humongous regions: 129->129
[2023-11-12T18:48:25.449+0100][gc,metaspace  ] GC(1111) Metaspace: 48026K(51968K)->48026K(51968K) NonClass: 42092K(44288K)->42092K(44288K) Class: 5933K(7680K)->5933K(7680K)
[2023-11-12T18:48:25.450+0100][gc            ] GC(1111) Pause Young (Normal) (G1 Evacuation Pause) 413M->354M(1024M) 10,676ms
[2023-11-12T18:48:25.450+0100][gc,cpu        ] GC(1111) User=0,12s Sys=0,01s Real=0,01s
[2023-11-12T18:48:26.722+0100][gc,start      ] GC(1112) Pause Young (Normal) (G1 Evacuation Pause)
[2023-11-12T18:48:26.722+0100][gc,task       ] GC(1112) Using 13 workers of 13 for evacuation
[2023-11-12T18:48:26.725+0100][gc,phases     ] GC(1112)   Pre Evacuate Collection Set: 0,0ms
[2023-11-12T18:48:26.725+0100][gc,phases     ] GC(1112)   Evacuate Collection Set: 1,8ms
[2023-11-12T18:48:26.725+0100][gc,phases     ] GC(1112)   Post Evacuate Collection Set: 0,5ms
[2023-11-12T18:48:26.725+0100][gc,phases     ] GC(1112)   Other: 0,2ms
[2023-11-12T18:48:26.725+0100][gc,heap       ] GC(1112) Eden regions: 552->0(556)
[2023-11-12T18:48:26.725+0100][gc,heap       ] GC(1112) Survivor regions: 8->4(70)
[2023-11-12T18:48:26.725+0100][gc,heap       ] GC(1112) Old regions: 220->220
[2023-11-12T18:48:26.725+0100][gc,heap       ] GC(1112) Humongous regions: 129->129
[2023-11-12T18:48:26.725+0100][gc,metaspace  ] GC(1112) Metaspace: 48026K(51968K)->48026K(51968K) NonClass: 42092K(44288K)->42092K(44288K) Class: 5933K(7680K)->5933K(7680K)
[2023-11-12T18:48:26.725+0100][gc            ] GC(1112) Pause Young (Normal) (G1 Evacuation Pause) 906M->350M(1024M) 2,647ms
[2023-11-12T18:48:26.725+0100][gc,cpu        ] GC(1112) User=0,01s Sys=0,01s Real=0,00s
[2023-11-12T18:48:28.027+0100][gc,start      ] GC(1113) Pause Young (Normal) (G1 Evacuation Pause)
[2023-11-12T18:48:28.027+0100][gc,task       ] GC(1113) Using 13 workers of 13 for evacuation
[2023-11-12T18:48:28.030+0100][gc,phases     ] GC(1113)   Pre Evacuate Collection Set: 0,0ms
[2023-11-12T18:48:28.030+0100][gc,phases     ] GC(1113)   Evacuate Collection Set: 2,6ms
[2023-11-12T18:48:28.030+0100][gc,phases     ] GC(1113)   Post Evacuate Collection Set: 0,6ms
[2023-11-12T18:48:28.030+0100][gc,phases     ] GC(1113)   Other: 0,3ms
[2023-11-12T18:48:28.031+0100][gc,heap       ] GC(1113) Eden regions: 556->0(555)
[2023-11-12T18:48:28.031+0100][gc,heap       ] GC(1113) Survivor regions: 4->6(70)
[2023-11-12T18:48:28.031+0100][gc,heap       ] GC(1113) Old regions: 220->220
[2023-11-12T18:48:28.031+0100][gc,heap       ] GC(1113) Humongous regions: 129->129
[2023-11-12T18:48:28.031+0100][gc,metaspace  ] GC(1113) Metaspace: 48026K(51968K)->48026K(51968K) NonClass: 42092K(44288K)->42092K(44288K) Class: 5933K(7680K)->5933K(7680K)
[2023-11-12T18:48:28.031+0100][gc            ] GC(1113) Pause Young (Normal) (G1 Evacuation Pause) 906M->352M(1024M) 3,572ms
[2023-11-12T18:48:28.031+0100][gc,cpu        ] GC(1113) User=0,01s Sys=0,03s Real=0,00s
[2023-11-12T18:48:29.343+0100][gc,start      ] GC(1114) Pause Young (Normal) (G1 Evacuation Pause)
[2023-11-12T18:48:29.343+0100][gc,task       ] GC(1114) Using 13 workers of 13 for evacuation
[2023-11-12T18:48:29.348+0100][gc,phases     ] GC(1114)   Pre Evacuate Collection Set: 0,0ms
[2023-11-12T18:48:29.348+0100][gc,phases     ] GC(1114)   Evacuate Collection Set: 3,3ms
[2023-11-12T18:48:29.348+0100][gc,phases     ] GC(1114)   Post Evacuate Collection Set: 0,7ms
[2023-11-12T18:48:29.348+0100][gc,phases     ] GC(1114)   Other: 0,2ms
[2023-11-12T18:48:29.348+0100][gc,heap       ] GC(1114) Eden regions: 555->0(553)
[2023-11-12T18:48:29.348+0100][gc,heap       ] GC(1114) Survivor regions: 6->8(71)
[2023-11-12T18:48:29.348+0100][gc,heap       ] GC(1114) Old regions: 220->220
[2023-11-12T18:48:29.348+0100][gc,heap       ] GC(1114) Humongous regions: 129->129
[2023-11-12T18:48:29.348+0100][gc,metaspace  ] GC(1114) Metaspace: 48026K(51968K)->48026K(51968K) NonClass: 42092K(44288K)->42092K(44288K) Class: 5933K(7680K)->5933K(7680K)
[2023-11-12T18:48:29.348+0100][gc            ] GC(1114) Pause Young (Normal) (G1 Evacuation Pause) 907M->355M(1024M) 4,370ms
[2023-11-12T18:48:29.348+0100][gc,cpu        ] GC(1114) User=0,05s Sys=0,00s Real=0,00s
[2023-11-12T18:48:30.648+0100][gc,start      ] GC(1115) Pause Young (Normal) (G1 Evacuation Pause)
[2023-11-12T18:48:30.648+0100][gc,task       ] GC(1115) Using 13 workers of 13 for evacuation
[2023-11-12T18:48:30.653+0100][gc,phases     ] GC(1115)   Pre Evacuate Collection Set: 0,0ms
[2023-11-12T18:48:30.653+0100][gc,phases     ] GC(1115)   Evacuate Collection Set: 4,2ms
[2023-11-12T18:48:30.653+0100][gc,phases     ] GC(1115)   Post Evacuate Collection Set: 0,7ms
[2023-11-12T18:48:30.653+0100][gc,phases     ] GC(1115)   Other: 0,2ms
[2023-11-12T18:48:30.653+0100][gc,heap       ] GC(1115) Eden regions: 553->0(550)
[2023-11-12T18:48:30.653+0100][gc,heap       ] GC(1115) Survivor regions: 8->11(71)
[2023-11-12T18:48:30.653+0100][gc,heap       ] GC(1115) Old regions: 220->220
[2023-11-12T18:48:30.653+0100][gc,heap       ] GC(1115) Humongous regions: 129->129
[2023-11-12T18:48:30.653+0100][gc,metaspace  ] GC(1115) Metaspace: 48026K(51968K)->48026K(51968K) NonClass: 42092K(44288K)->42092K(44288K) Class: 5933K(7680K)->5933K(7680K)
[2023-11-12T18:48:30.653+0100][gc            ] GC(1115) Pause Young (Normal) (G1 Evacuation Pause) 908M->358M(1024M) 5,268ms
[2023-11-12T18:48:30.653+0100][gc,cpu        ] GC(1115) User=0,06s Sys=0,00s Real=0,00s
[2023-11-12T18:48:31.990+0100][gc,start      ] GC(1116) Pause Young (Normal) (G1 Evacuation Pause)
[2023-11-12T18:48:31.990+0100][gc,task       ] GC(1116) Using 13 workers of 13 for evacuation
[2023-11-12T18:48:31.996+0100][gc,phases     ] GC(1116)   Pre Evacuate Collection Set: 0,0ms
[2023-11-12T18:48:31.996+0100][gc,phases     ] GC(1116)   Evacuate Collection Set: 4,6ms
[2023-11-12T18:48:31.996+0100][gc,phases     ] GC(1116)   Post Evacuate Collection Set: 0,6ms
[2023-11-12T18:48:31.996+0100][gc,phases     ] GC(1116)   Other: 0,2ms
[2023-11-12T18:48:31.996+0100][gc,heap       ] GC(1116) Eden regions: 550->0(544)
[2023-11-12T18:48:31.996+0100][gc,heap       ] GC(1116) Survivor regions: 11->14(71)
[2023-11-12T18:48:31.996+0100][gc,heap       ] GC(1116) Old regions: 220->220
[2023-11-12T18:48:31.996+0100][gc,heap       ] GC(1116) Humongous regions: 129->129
[2023-11-12T18:48:31.996+0100][gc,metaspace  ] GC(1116) Metaspace: 48026K(51968K)->48026K(51968K) NonClass: 42092K(44288K)->42092K(44288K) Class: 5933K(7680K)->5933K(7680K)
[2023-11-12T18:48:31.996+0100][gc            ] GC(1116) Pause Young (Normal) (G1 Evacuation Pause) 908M->360M(1024M) 5,529ms
[2023-11-12T18:48:31.996+0100][gc,cpu        ] GC(1116) User=0,05s Sys=0,00s Real=0,01s
[2023-11-12T18:48:33.242+0100][gc,start      ] GC(1117) Pause Young (Normal) (G1 Evacuation Pause)
[2023-11-12T18:48:33.242+0100][gc,task       ] GC(1117) Using 13 workers of 13 for evacuation
[2023-11-12T18:48:33.250+0100][gc,phases     ] GC(1117)   Pre Evacuate Collection Set: 0,0ms
[2023-11-12T18:48:33.250+0100][gc,phases     ] GC(1117)   Evacuate Collection Set: 6,4ms
[2023-11-12T18:48:33.250+0100][gc,phases     ] GC(1117)   Post Evacuate Collection Set: 0,7ms
[2023-11-12T18:48:33.250+0100][gc,phases     ] GC(1117)   Other: 0,2ms
[2023-11-12T18:48:33.250+0100][gc,heap       ] GC(1117) Eden regions: 544->0(536)
[2023-11-12T18:48:33.250+0100][gc,heap       ] GC(1117) Survivor regions: 14->18(70)
[2023-11-12T18:48:33.250+0100][gc,heap       ] GC(1117) Old regions: 220->220
[2023-11-12T18:48:33.250+0100][gc,heap       ] GC(1117) Humongous regions: 129->129
[2023-11-12T18:48:33.250+0100][gc,metaspace  ] GC(1117) Metaspace: 48026K(51968K)->48026K(51968K) NonClass: 42092K(44288K)->42092K(44288K) Class: 5933K(7680K)->5933K(7680K)
[2023-11-12T18:48:33.250+0100][gc            ] GC(1117) Pause Young (Normal) (G1 Evacuation Pause) 904M->364M(1024M) 7,475ms
[2023-11-12T18:48:33.250+0100][gc,cpu        ] GC(1117) User=0,05s Sys=0,03s Real=0,00s
[2023-11-12T18:48:34.468+0100][gc,start      ] GC(1118) Pause Young (Normal) (G1 Evacuation Pause)
[2023-11-12T18:48:34.468+0100][gc,task       ] GC(1118) Using 13 workers of 13 for evacuation
[2023-11-12T18:48:34.475+0100][gc,phases     ] GC(1118)   Pre Evacuate Collection Set: 0,0ms
[2023-11-12T18:48:34.475+0100][gc,phases     ] GC(1118)   Evacuate Collection Set: 6,7ms
[2023-11-12T18:48:34.475+0100][gc,phases     ] GC(1118)   Post Evacuate Collection Set: 0,6ms
[2023-11-12T18:48:34.475+0100][gc,phases     ] GC(1118)   Other: 0,2ms
[2023-11-12T18:48:34.475+0100][gc,heap       ] GC(1118) Eden regions: 536->0(530)
[2023-11-12T18:48:34.475+0100][gc,heap       ] GC(1118) Survivor regions: 18->21(70)
[2023-11-12T18:48:34.475+0100][gc,heap       ] GC(1118) Old regions: 220->220
[2023-11-12T18:48:34.475+0100][gc,heap       ] GC(1118) Humongous regions: 129->129
[2023-11-12T18:48:34.475+0100][gc,metaspace  ] GC(1118) Metaspace: 48026K(51968K)->48026K(51968K) NonClass: 42092K(44288K)->42092K(44288K) Class: 5933K(7680K)->5933K(7680K)
[2023-11-12T18:48:34.475+0100][gc            ] GC(1118) Pause Young (Normal) (G1 Evacuation Pause) 900M->367M(1024M) 7,569ms
[2023-11-12T18:48:34.475+0100][gc,cpu        ] GC(1118) User=0,08s Sys=0,00s Real=0,01s
[2023-11-12T18:48:35.685+0100][gc,start      ] GC(1119) Pause Young (Normal) (G1 Evacuation Pause)
[2023-11-12T18:48:35.685+0100][gc,task       ] GC(1119) Using 13 workers of 13 for evacuation
[2023-11-12T18:48:35.695+0100][gc,phases     ] GC(1119)   Pre Evacuate Collection Set: 0,0ms
[2023-11-12T18:48:35.695+0100][gc,phases     ] GC(1119)   Evacuate Collection Set: 9,2ms
[2023-11-12T18:48:35.695+0100][gc,phases     ] GC(1119)   Post Evacuate Collection Set: 0,6ms
[2023-11-12T18:48:35.695+0100][gc,phases     ] GC(1119)   Other: 0,2ms
[2023-11-12T18:48:35.695+0100][gc,heap       ] GC(1119) Eden regions: 530->0(520)
[2023-11-12T18:48:35.695+0100][gc,heap       ] GC(1119) Survivor regions: 21->26(69)
[2023-11-12T18:48:35.695+0100][gc,heap       ] GC(1119) Old regions: 220->220
[2023-11-12T18:48:35.695+0100][gc,heap       ] GC(1119) Humongous regions: 129->129
[2023-11-12T18:48:35.695+0100][gc,metaspace  ] GC(1119) Metaspace: 48026K(51968K)->48026K(51968K) NonClass: 42092K(44288K)->42092K(44288K) Class: 5933K(7680K)->5933K(7680K)
[2023-11-12T18:48:35.695+0100][gc            ] GC(1119) Pause Young (Normal) (G1 Evacuation Pause) 897M->373M(1024M) 10,129ms
[2023-11-12T18:48:35.696+0100][gc,cpu        ] GC(1119) User=0,10s Sys=0,01s Real=0,01s
[2023-11-12T18:48:36.834+0100][gc,start      ] GC(1120) Pause Young (Normal) (G1 Evacuation Pause)
[2023-11-12T18:48:36.834+0100][gc,task       ] GC(1120) Using 13 workers of 13 for evacuation
[2023-11-12T18:48:36.844+0100][gc,phases     ] GC(1120)   Pre Evacuate Collection Set: 0,0ms
[2023-11-12T18:48:36.844+0100][gc,phases     ] GC(1120)   Evacuate Collection Set: 9,3ms
[2023-11-12T18:48:36.844+0100][gc,phases     ] GC(1120)   Post Evacuate Collection Set: 0,6ms
[2023-11-12T18:48:36.844+0100][gc,phases     ] GC(1120)   Other: 0,2ms
[2023-11-12T18:48:36.844+0100][gc,heap       ] GC(1120) Eden regions: 520->0(510)
[2023-11-12T18:48:36.844+0100][gc,heap       ] GC(1120) Survivor regions: 26->31(69)
[2023-11-12T18:48:36.844+0100][gc,heap       ] GC(1120) Old regions: 220->220
[2023-11-12T18:48:36.844+0100][gc,heap       ] GC(1120) Humongous regions: 129->129
[2023-11-12T18:48:36.844+0100][gc,metaspace  ] GC(1120) Metaspace: 48026K(51968K)->48026K(51968K) NonClass: 42092K(44288K)->42092K(44288K) Class: 5933K(7680K)->5933K(7680K)
[2023-11-12T18:48:36.844+0100][gc            ] GC(1120) Pause Young (Normal) (G1 Evacuation Pause) 893M->377M(1024M) 10,279ms
[2023-11-12T18:48:36.844+0100][gc,cpu        ] GC(1120) User=0,11s Sys=0,01s Real=0,01s
[2023-11-12T18:48:37.972+0100][gc,start      ] GC(1121) Pause Young (Normal) (G1 Evacuation Pause)
[2023-11-12T18:48:37.972+0100][gc,task       ] GC(1121) Using 13 workers of 13 for evacuation
[2023-11-12T18:48:37.975+0100][gc,phases     ] GC(1121)   Pre Evacuate Collection Set: 0,0ms
[2023-11-12T18:48:37.975+0100][gc,phases     ] GC(1121)   Evacuate Collection Set: 2,9ms
[2023-11-12T18:48:37.975+0100][gc,phases     ] GC(1121)   Post Evacuate Collection Set: 0,6ms
[2023-11-12T18:48:37.975+0100][gc,phases     ] GC(1121)   Other: 0,2ms
[2023-11-12T18:48:37.975+0100][gc,heap       ] GC(1121) Eden regions: 510->0(544)
[2023-11-12T18:48:37.975+0100][gc,heap       ] GC(1121) Survivor regions: 31->6(68)
[2023-11-12T18:48:37.975+0100][gc,heap       ] GC(1121) Old regions: 220->220
[2023-11-12T18:48:37.975+0100][gc,heap       ] GC(1121) Humongous regions: 129->129
[2023-11-12T18:48:37.975+0100][gc,metaspace  ] GC(1121) Metaspace: 48026K(51968K)->48026K(51968K) NonClass: 42092K(44288K)->42092K(44288K) Class: 5933K(7680K)->5933K(7680K)
[2023-11-12T18:48:37.975+0100][gc            ] GC(1121) Pause Young (Normal) (G1 Evacuation Pause) 887M->353M(1024M) 3,824ms
[2023-11-12T18:48:37.975+0100][gc,cpu        ] GC(1121) User=0,04s Sys=0,00s Real=0,01s
[2023-11-12T18:48:39.238+0100][gc,start      ] GC(1122) Pause Young (Normal) (G1 Evacuation Pause)
[2023-11-12T18:48:39.238+0100][gc,task       ] GC(1122) Using 13 workers of 13 for evacuation
[2023-11-12T18:48:39.246+0100][gc,phases     ] GC(1122)   Pre Evacuate Collection Set: 0,0ms
[2023-11-12T18:48:39.246+0100][gc,phases     ] GC(1122)   Evacuate Collection Set: 6,9ms
[2023-11-12T18:48:39.246+0100][gc,phases     ] GC(1122)   Post Evacuate Collection Set: 0,6ms
[2023-11-12T18:48:39.246+0100][gc,phases     ] GC(1122)   Other: 0,2ms
[2023-11-12T18:48:39.246+0100][gc,heap       ] GC(1122) Eden regions: 544->0(541)
[2023-11-12T18:48:39.246+0100][gc,heap       ] GC(1122) Survivor regions: 6->10(69)
[2023-11-12T18:48:39.246+0100][gc,heap       ] GC(1122) Old regions: 220->220
[2023-11-12T18:48:39.246+0100][gc,heap       ] GC(1122) Humongous regions: 129->129
[2023-11-12T18:48:39.246+0100][gc,metaspace  ] GC(1122) Metaspace: 48026K(51968K)->48026K(51968K) NonClass: 42092K(44288K)->42092K(44288K) Class: 5933K(7680K)->5933K(7680K)
[2023-11-12T18:48:39.246+0100][gc            ] GC(1122) Pause Young (Normal) (G1 Evacuation Pause) 897M->356M(1024M) 7,836ms
[2023-11-12T18:48:39.246+0100][gc,cpu        ] GC(1122) User=0,06s Sys=0,00s Real=0,01s
[2023-11-12T18:48:40.417+0100][gc,start      ] GC(1123) Pause Young (Normal) (G1 Evacuation Pause)
[2023-11-12T18:48:40.417+0100][gc,task       ] GC(1123) Using 13 workers of 13 for evacuation
[2023-11-12T18:48:40.423+0100][gc,phases     ] GC(1123)   Pre Evacuate Collection Set: 0,0ms
[2023-11-12T18:48:40.423+0100][gc,phases     ] GC(1123)   Evacuate Collection Set: 5,9ms
[2023-11-12T18:48:40.423+0100][gc,phases     ] GC(1123)   Post Evacuate Collection Set: 0,6ms
[2023-11-12T18:48:40.423+0100][gc,phases     ] GC(1123)   Other: 0,2ms
[2023-11-12T18:48:40.423+0100][gc,heap       ] GC(1123) Eden regions: 541->0(537)
[2023-11-12T18:48:40.423+0100][gc,heap       ] GC(1123) Survivor regions: 10->15(69)
[2023-11-12T18:48:40.423+0100][gc,heap       ] GC(1123) Old regions: 220->220
[2023-11-12T18:48:40.423+0100][gc,heap       ] GC(1123) Humongous regions: 129->129
[2023-11-12T18:48:40.423+0100][gc,metaspace  ] GC(1123) Metaspace: 48026K(51968K)->48026K(51968K) NonClass: 42092K(44288K)->42092K(44288K) Class: 5933K(7680K)->5933K(7680K)
[2023-11-12T18:48:40.423+0100][gc            ] GC(1123) Pause Young (Normal) (G1 Evacuation Pause) 897M->361M(1024M) 6,893ms
[2023-11-12T18:48:40.423+0100][gc,cpu        ] GC(1123) User=0,07s Sys=0,00s Real=0,01s
[2023-11-12T18:48:41.628+0100][gc,start      ] GC(1124) Pause Young (Normal) (G1 Evacuation Pause)
[2023-11-12T18:48:41.628+0100][gc,task       ] GC(1124) Using 13 workers of 13 for evacuation
[2023-11-12T18:48:41.637+0100][gc,phases     ] GC(1124)   Pre Evacuate Collection Set: 0,0ms
[2023-11-12T18:48:41.637+0100][gc,phases     ] GC(1124)   Evacuate Collection Set: 7,8ms
[2023-11-12T18:48:41.637+0100][gc,phases     ] GC(1124)   Post Evacuate Collection Set: 0,6ms
[2023-11-12T18:48:41.637+0100][gc,phases     ] GC(1124)   Other: 0,2ms
[2023-11-12T18:48:41.637+0100][gc,heap       ] GC(1124) Eden regions: 537->0(535)
[2023-11-12T18:48:41.637+0100][gc,heap       ] GC(1124) Survivor regions: 15->18(69)
[2023-11-12T18:48:41.637+0100][gc,heap       ] GC(1124) Old regions: 220->220
[2023-11-12T18:48:41.637+0100][gc,heap       ] GC(1124) Humongous regions: 129->129
[2023-11-12T18:48:41.637+0100][gc,metaspace  ] GC(1124) Metaspace: 48026K(51968K)->48026K(51968K) NonClass: 42092K(44288K)->42092K(44288K) Class: 5933K(7680K)->5933K(7680K)
[2023-11-12T18:48:41.637+0100][gc            ] GC(1124) Pause Young (Normal) (G1 Evacuation Pause) 898M->365M(1024M) 8,719ms
[2023-11-12T18:48:41.637+0100][gc,cpu        ] GC(1124) User=0,08s Sys=0,00s Real=0,01s
[2023-11-12T18:48:42.888+0100][gc,start      ] GC(1125) Pause Young (Normal) (G1 Evacuation Pause)
[2023-11-12T18:48:42.888+0100][gc,task       ] GC(1125) Using 13 workers of 13 for evacuation
[2023-11-12T18:48:42.897+0100][gc,phases     ] GC(1125)   Pre Evacuate Collection Set: 0,0ms
[2023-11-12T18:48:42.897+0100][gc,phases     ] GC(1125)   Evacuate Collection Set: 7,7ms
[2023-11-12T18:48:42.897+0100][gc,phases     ] GC(1125)   Post Evacuate Collection Set: 0,6ms
[2023-11-12T18:48:42.897+0100][gc,phases     ] GC(1125)   Other: 0,2ms
[2023-11-12T18:48:42.897+0100][gc,heap       ] GC(1125) Eden regions: 535->0(527)
[2023-11-12T18:48:42.897+0100][gc,heap       ] GC(1125) Survivor regions: 18->22(70)
[2023-11-12T18:48:42.897+0100][gc,heap       ] GC(1125) Old regions: 220->221
[2023-11-12T18:48:42.897+0100][gc,heap       ] GC(1125) Humongous regions: 129->129
[2023-11-12T18:48:42.897+0100][gc,metaspace  ] GC(1125) Metaspace: 48026K(51968K)->48026K(51968K) NonClass: 42092K(44288K)->42092K(44288K) Class: 5933K(7680K)->5933K(7680K)
[2023-11-12T18:48:42.897+0100][gc            ] GC(1125) Pause Young (Normal) (G1 Evacuation Pause) 900M->369M(1024M) 8,555ms
[2023-11-12T18:48:42.897+0100][gc,cpu        ] GC(1125) User=0,09s Sys=0,00s Real=0,01s
[2023-11-12T18:48:44.062+0100][gc,start      ] GC(1126) Pause Young (Normal) (G1 Evacuation Pause)
[2023-11-12T18:48:44.062+0100][gc,task       ] GC(1126) Using 13 workers of 13 for evacuation
[2023-11-12T18:48:44.072+0100][gc,phases     ] GC(1126)   Pre Evacuate Collection Set: 0,0ms
[2023-11-12T18:48:44.072+0100][gc,phases     ] GC(1126)   Evacuate Collection Set: 8,6ms
[2023-11-12T18:48:44.072+0100][gc,phases     ] GC(1126)   Post Evacuate Collection Set: 0,6ms
[2023-11-12T18:48:44.072+0100][gc,phases     ] GC(1126)   Other: 0,2ms
[2023-11-12T18:48:44.072+0100][gc,heap       ] GC(1126) Eden regions: 527->0(517)
[2023-11-12T18:48:44.072+0100][gc,heap       ] GC(1126) Survivor regions: 22->27(69)
[2023-11-12T18:48:44.072+0100][gc,heap       ] GC(1126) Old regions: 221->221
[2023-11-12T18:48:44.072+0100][gc,heap       ] GC(1126) Humongous regions: 129->129
[2023-11-12T18:48:44.072+0100][gc,metaspace  ] GC(1126) Metaspace: 48026K(51968K)->48026K(51968K) NonClass: 42092K(44288K)->42092K(44288K) Class: 5933K(7680K)->5933K(7680K)
[2023-11-12T18:48:44.072+0100][gc            ] GC(1126) Pause Young (Normal) (G1 Evacuation Pause) 896M->374M(1024M) 9,540ms
[2023-11-12T18:48:44.072+0100][gc,cpu        ] GC(1126) User=0,10s Sys=0,00s Real=0,00s
[2023-11-12T18:48:45.351+0100][gc,start      ] GC(1127) Pause Young (Normal) (G1 Evacuation Pause)
[2023-11-12T18:48:45.351+0100][gc,task       ] GC(1127) Using 13 workers of 13 for evacuation
[2023-11-12T18:48:45.364+0100][gc,phases     ] GC(1127)   Pre Evacuate Collection Set: 0,0ms
[2023-11-12T18:48:45.365+0100][gc,phases     ] GC(1127)   Evacuate Collection Set: 12,2ms
[2023-11-12T18:48:45.365+0100][gc,phases     ] GC(1127)   Post Evacuate Collection Set: 0,7ms
[2023-11-12T18:48:45.365+0100][gc,phases     ] GC(1127)   Other: 0,2ms
[2023-11-12T18:48:45.365+0100][gc,heap       ] GC(1127) Eden regions: 517->0(511)
[2023-11-12T18:48:45.365+0100][gc,heap       ] GC(1127) Survivor regions: 27->30(68)
[2023-11-12T18:48:45.365+0100][gc,heap       ] GC(1127) Old regions: 221->221
[2023-11-12T18:48:45.365+0100][gc,heap       ] GC(1127) Humongous regions: 129->129
[2023-11-12T18:48:45.365+0100][gc,metaspace  ] GC(1127) Metaspace: 48026K(51968K)->48026K(51968K) NonClass: 42092K(44288K)->42092K(44288K) Class: 5933K(7680K)->5933K(7680K)
[2023-11-12T18:48:45.365+0100][gc            ] GC(1127) Pause Young (Normal) (G1 Evacuation Pause) 891M->377M(1024M) 13,265ms
[2023-11-12T18:48:45.365+0100][gc,cpu        ] GC(1127) User=0,13s Sys=0,00s Real=0,02s
[2023-11-12T18:48:46.594+0100][gc,start      ] GC(1128) Pause Young (Normal) (G1 Evacuation Pause)
[2023-11-12T18:48:46.594+0100][gc,task       ] GC(1128) Using 13 workers of 13 for evacuation
[2023-11-12T18:48:46.598+0100][gc,phases     ] GC(1128)   Pre Evacuate Collection Set: 0,0ms
[2023-11-12T18:48:46.598+0100][gc,phases     ] GC(1128)   Evacuate Collection Set: 3,1ms
[2023-11-12T18:48:46.598+0100][gc,phases     ] GC(1128)   Post Evacuate Collection Set: 0,6ms
[2023-11-12T18:48:46.598+0100][gc,phases     ] GC(1128)   Other: 0,2ms
[2023-11-12T18:48:46.598+0100][gc,heap       ] GC(1128) Eden regions: 511->0(548)
[2023-11-12T18:48:46.598+0100][gc,heap       ] GC(1128) Survivor regions: 30->5(68)
[2023-11-12T18:48:46.598+0100][gc,heap       ] GC(1128) Old regions: 221->221
[2023-11-12T18:48:46.598+0100][gc,heap       ] GC(1128) Humongous regions: 129->129
[2023-11-12T18:48:46.598+0100][gc,metaspace  ] GC(1128) Metaspace: 48026K(51968K)->48026K(51968K) NonClass: 42092K(44288K)->42092K(44288K) Class: 5933K(7680K)->5933K(7680K)
[2023-11-12T18:48:46.598+0100][gc            ] GC(1128) Pause Young (Normal) (G1 Evacuation Pause) 888M->353M(1024M) 4,020ms
[2023-11-12T18:48:46.598+0100][gc,cpu        ] GC(1128) User=0,01s Sys=0,03s Real=0,00s
[2023-11-12T18:48:47.900+0100][gc,start      ] GC(1129) Pause Young (Normal) (G1 Evacuation Pause)
[2023-11-12T18:48:47.900+0100][gc,task       ] GC(1129) Using 13 workers of 13 for evacuation
[2023-11-12T18:48:47.904+0100][gc,phases     ] GC(1129)   Pre Evacuate Collection Set: 0,0ms
[2023-11-12T18:48:47.904+0100][gc,phases     ] GC(1129)   Evacuate Collection Set: 4,2ms
[2023-11-12T18:48:47.904+0100][gc,phases     ] GC(1129)   Post Evacuate Collection Set: 0,5ms
[2023-11-12T18:48:47.904+0100][gc,phases     ] GC(1129)   Other: 0,2ms
[2023-11-12T18:48:47.904+0100][gc,heap       ] GC(1129) Eden regions: 548->0(547)
[2023-11-12T18:48:47.904+0100][gc,heap       ] GC(1129) Survivor regions: 5->7(70)
[2023-11-12T18:48:47.904+0100][gc,heap       ] GC(1129) Old regions: 221->221
[2023-11-12T18:48:47.904+0100][gc,heap       ] GC(1129) Humongous regions: 129->129
[2023-11-12T18:48:47.904+0100][gc,metaspace  ] GC(1129) Metaspace: 48026K(51968K)->48026K(51968K) NonClass: 42092K(44288K)->42092K(44288K) Class: 5933K(7680K)->5933K(7680K)
[2023-11-12T18:48:47.905+0100][gc            ] GC(1129) Pause Young (Normal) (G1 Evacuation Pause) 901M->354M(1024M) 5,006ms
[2023-11-12T18:48:47.905+0100][gc,cpu        ] GC(1129) User=0,05s Sys=0,01s Real=0,01s
[2023-11-12T18:48:49.220+0100][gc,start      ] GC(1130) Pause Young (Normal) (G1 Evacuation Pause)
[2023-11-12T18:48:49.220+0100][gc,task       ] GC(1130) Using 13 workers of 13 for evacuation
[2023-11-12T18:48:49.226+0100][gc,phases     ] GC(1130)   Pre Evacuate Collection Set: 0,0ms
[2023-11-12T18:48:49.226+0100][gc,phases     ] GC(1130)   Evacuate Collection Set: 4,6ms
[2023-11-12T18:48:49.226+0100][gc,phases     ] GC(1130)   Post Evacuate Collection Set: 0,6ms
[2023-11-12T18:48:49.226+0100][gc,phases     ] GC(1130)   Other: 0,2ms
[2023-11-12T18:48:49.226+0100][gc,heap       ] GC(1130) Eden regions: 547->0(547)
[2023-11-12T18:48:49.226+0100][gc,heap       ] GC(1130) Survivor regions: 7->9(70)
[2023-11-12T18:48:49.226+0100][gc,heap       ] GC(1130) Old regions: 221->221
[2023-11-12T18:48:49.226+0100][gc,heap       ] GC(1130) Humongous regions: 129->129
[2023-11-12T18:48:49.226+0100][gc,metaspace  ] GC(1130) Metaspace: 48026K(51968K)->48026K(51968K) NonClass: 42092K(44288K)->42092K(44288K) Class: 5933K(7680K)->5933K(7680K)
[2023-11-12T18:48:49.226+0100][gc            ] GC(1130) Pause Young (Normal) (G1 Evacuation Pause) 901M->356M(1024M) 5,518ms
[2023-11-12T18:48:49.226+0100][gc,cpu        ] GC(1130) User=0,05s Sys=0,01s Real=0,01s
[2023-11-12T18:48:50.557+0100][gc,start      ] GC(1131) Pause Young (Normal) (G1 Evacuation Pause)
[2023-11-12T18:48:50.557+0100][gc,task       ] GC(1131) Using 13 workers of 13 for evacuation
[2023-11-12T18:48:50.578+0100][gc,mmu        ] GC(1131) MMU target violated: 21,0ms (20,0ms/21,0ms)
[2023-11-12T18:48:50.579+0100][gc,phases     ] GC(1131)   Pre Evacuate Collection Set: 0,0ms
[2023-11-12T18:48:50.579+0100][gc,phases     ] GC(1131)   Evacuate Collection Set: 19,9ms
[2023-11-12T18:48:50.579+0100][gc,phases     ] GC(1131)   Post Evacuate Collection Set: 1,0ms
[2023-11-12T18:48:50.579+0100][gc,phases     ] GC(1131)   Other: 0,3ms
[2023-11-12T18:48:50.579+0100][gc,heap       ] GC(1131) Eden regions: 547->0(547)
[2023-11-12T18:48:50.579+0100][gc,heap       ] GC(1131) Survivor regions: 9->11(70)
[2023-11-12T18:48:50.579+0100][gc,heap       ] GC(1131) Old regions: 221->221
[2023-11-12T18:48:50.579+0100][gc,heap       ] GC(1131) Humongous regions: 129->129
[2023-11-12T18:48:50.579+0100][gc,metaspace  ] GC(1131) Metaspace: 48026K(51968K)->48026K(51968K) NonClass: 42092K(44288K)->42092K(44288K) Class: 5933K(7680K)->5933K(7680K)
[2023-11-12T18:48:50.579+0100][gc            ] GC(1131) Pause Young (Normal) (G1 Evacuation Pause) 903M->358M(1024M) 21,451ms
[2023-11-12T18:48:50.579+0100][gc,cpu        ] GC(1131) User=0,24s Sys=0,01s Real=0,02s
[2023-11-12T18:48:51.893+0100][gc,start      ] GC(1132) Pause Young (Normal) (G1 Evacuation Pause)
[2023-11-12T18:48:51.893+0100][gc,task       ] GC(1132) Using 13 workers of 13 for evacuation
[2023-11-12T18:48:51.900+0100][gc,phases     ] GC(1132)   Pre Evacuate Collection Set: 0,0ms
[2023-11-12T18:48:51.900+0100][gc,phases     ] GC(1132)   Evacuate Collection Set: 5,8ms
[2023-11-12T18:48:51.900+0100][gc,phases     ] GC(1132)   Post Evacuate Collection Set: 0,6ms
[2023-11-12T18:48:51.900+0100][gc,phases     ] GC(1132)   Other: 0,2ms
[2023-11-12T18:48:51.900+0100][gc,heap       ] GC(1132) Eden regions: 547->0(545)
[2023-11-12T18:48:51.900+0100][gc,heap       ] GC(1132) Survivor regions: 11->13(70)
[2023-11-12T18:48:51.900+0100][gc,heap       ] GC(1132) Old regions: 221->221
[2023-11-12T18:48:51.900+0100][gc,heap       ] GC(1132) Humongous regions: 129->129
[2023-11-12T18:48:51.900+0100][gc,metaspace  ] GC(1132) Metaspace: 48026K(51968K)->48026K(51968K) NonClass: 42092K(44288K)->42092K(44288K) Class: 5933K(7680K)->5933K(7680K)
[2023-11-12T18:48:51.900+0100][gc            ] GC(1132) Pause Young (Normal) (G1 Evacuation Pause) 905M->361M(1024M) 6,825ms
[2023-11-12T18:48:51.900+0100][gc,cpu        ] GC(1132) User=0,05s Sys=0,01s Real=0,00s
[2023-11-12T18:48:53.171+0100][gc,start      ] GC(1133) Pause Young (Normal) (G1 Evacuation Pause)
[2023-11-12T18:48:53.171+0100][gc,task       ] GC(1133) Using 13 workers of 13 for evacuation
[2023-11-12T18:48:53.178+0100][gc,phases     ] GC(1133)   Pre Evacuate Collection Set: 0,0ms
[2023-11-12T18:48:53.178+0100][gc,phases     ] GC(1133)   Evacuate Collection Set: 6,3ms
[2023-11-12T18:48:53.178+0100][gc,phases     ] GC(1133)   Post Evacuate Collection Set: 0,7ms
[2023-11-12T18:48:53.178+0100][gc,phases     ] GC(1133)   Other: 0,3ms
[2023-11-12T18:48:53.178+0100][gc,heap       ] GC(1133) Eden regions: 545->0(539)
[2023-11-12T18:48:53.178+0100][gc,heap       ] GC(1133) Survivor regions: 13->16(70)
[2023-11-12T18:48:53.178+0100][gc,heap       ] GC(1133) Old regions: 221->221
[2023-11-12T18:48:53.178+0100][gc,heap       ] GC(1133) Humongous regions: 129->129
[2023-11-12T18:48:53.178+0100][gc,metaspace  ] GC(1133) Metaspace: 48026K(51968K)->48026K(51968K) NonClass: 42092K(44288K)->42092K(44288K) Class: 5933K(7680K)->5933K(7680K)
[2023-11-12T18:48:53.178+0100][gc            ] GC(1133) Pause Young (Normal) (G1 Evacuation Pause) 906M->364M(1024M) 7,398ms
[2023-11-12T18:48:53.178+0100][gc,cpu        ] GC(1133) User=0,06s Sys=0,02s Real=0,01s
[2023-11-12T18:48:54.438+0100][gc,start      ] GC(1134) Pause Young (Normal) (G1 Evacuation Pause)
[2023-11-12T18:48:54.438+0100][gc,task       ] GC(1134) Using 13 workers of 13 for evacuation
[2023-11-12T18:48:54.445+0100][gc,phases     ] GC(1134)   Pre Evacuate Collection Set: 0,0ms
[2023-11-12T18:48:54.445+0100][gc,phases     ] GC(1134)   Evacuate Collection Set: 6,6ms
[2023-11-12T18:48:54.445+0100][gc,phases     ] GC(1134)   Post Evacuate Collection Set: 0,6ms
[2023-11-12T18:48:54.445+0100][gc,phases     ] GC(1134)   Other: 0,2ms
[2023-11-12T18:48:54.445+0100][gc,heap       ] GC(1134) Eden regions: 539->0(533)
[2023-11-12T18:48:54.445+0100][gc,heap       ] GC(1134) Survivor regions: 16->19(70)
[2023-11-12T18:48:54.445+0100][gc,heap       ] GC(1134) Old regions: 221->221
[2023-11-12T18:48:54.445+0100][gc,heap       ] GC(1134) Humongous regions: 129->129
[2023-11-12T18:48:54.445+0100][gc,metaspace  ] GC(1134) Metaspace: 48026K(51968K)->48026K(51968K) NonClass: 42092K(44288K)->42092K(44288K) Class: 5933K(7680K)->5933K(7680K)
[2023-11-12T18:48:54.445+0100][gc            ] GC(1134) Pause Young (Normal) (G1 Evacuation Pause) 903M->366M(1024M) 7,507ms
[2023-11-12T18:48:54.446+0100][gc,cpu        ] GC(1134) User=0,07s Sys=0,01s Real=0,01s
[2023-11-12T18:48:55.689+0100][gc,start      ] GC(1135) Pause Young (Normal) (G1 Evacuation Pause)
[2023-11-12T18:48:55.689+0100][gc,task       ] GC(1135) Using 13 workers of 13 for evacuation
[2023-11-12T18:48:55.697+0100][gc,phases     ] GC(1135)   Pre Evacuate Collection Set: 0,0ms
[2023-11-12T18:48:55.697+0100][gc,phases     ] GC(1135)   Evacuate Collection Set: 7,3ms
[2023-11-12T18:48:55.697+0100][gc,phases     ] GC(1135)   Post Evacuate Collection Set: 0,8ms
[2023-11-12T18:48:55.697+0100][gc,phases     ] GC(1135)   Other: 0,2ms
[2023-11-12T18:48:55.697+0100][gc,heap       ] GC(1135) Eden regions: 533->0(529)
[2023-11-12T18:48:55.697+0100][gc,heap       ] GC(1135) Survivor regions: 19->21(69)
[2023-11-12T18:48:55.697+0100][gc,heap       ] GC(1135) Old regions: 221->221
[2023-11-12T18:48:55.697+0100][gc,heap       ] GC(1135) Humongous regions: 129->129
[2023-11-12T18:48:55.697+0100][gc,metaspace  ] GC(1135) Metaspace: 48026K(51968K)->48026K(51968K) NonClass: 42092K(44288K)->42092K(44288K) Class: 5933K(7680K)->5933K(7680K)
[2023-11-12T18:48:55.697+0100][gc            ] GC(1135) Pause Young (Normal) (G1 Evacuation Pause) 899M->369M(1024M) 8,380ms
[2023-11-12T18:48:55.697+0100][gc,cpu        ] GC(1135) User=0,10s Sys=0,00s Real=0,01s
[2023-11-12T18:48:56.924+0100][gc,start      ] GC(1136) Pause Young (Normal) (G1 Evacuation Pause)
[2023-11-12T18:48:56.924+0100][gc,task       ] GC(1136) Using 13 workers of 13 for evacuation
[2023-11-12T18:48:56.932+0100][gc,phases     ] GC(1136)   Pre Evacuate Collection Set: 0,0ms
[2023-11-12T18:48:56.932+0100][gc,phases     ] GC(1136)   Evacuate Collection Set: 7,7ms
[2023-11-12T18:48:56.932+0100][gc,phases     ] GC(1136)   Post Evacuate Collection Set: 0,6ms
[2023-11-12T18:48:56.932+0100][gc,phases     ] GC(1136)   Other: 0,2ms
[2023-11-12T18:48:56.932+0100][gc,heap       ] GC(1136) Eden regions: 529->0(522)
[2023-11-12T18:48:56.932+0100][gc,heap       ] GC(1136) Survivor regions: 21->24(69)
[2023-11-12T18:48:56.932+0100][gc,heap       ] GC(1136) Old regions: 221->222
[2023-11-12T18:48:56.932+0100][gc,heap       ] GC(1136) Humongous regions: 129->129
[2023-11-12T18:48:56.933+0100][gc,metaspace  ] GC(1136) Metaspace: 48026K(51968K)->48026K(51968K) NonClass: 42092K(44288K)->42092K(44288K) Class: 5933K(7680K)->5933K(7680K)
[2023-11-12T18:48:56.933+0100][gc            ] GC(1136) Pause Young (Normal) (G1 Evacuation Pause) 898M->372M(1024M) 8,571ms
[2023-11-12T18:48:56.933+0100][gc,cpu        ] GC(1136) User=0,10s Sys=0,00s Real=0,00s
[2023-11-12T18:48:58.148+0100][gc,start      ] GC(1137) Pause Young (Normal) (G1 Evacuation Pause)
[2023-11-12T18:48:58.148+0100][gc,task       ] GC(1137) Using 13 workers of 13 for evacuation
[2023-11-12T18:48:58.157+0100][gc,phases     ] GC(1137)   Pre Evacuate Collection Set: 0,0ms
[2023-11-12T18:48:58.157+0100][gc,phases     ] GC(1137)   Evacuate Collection Set: 8,4ms
[2023-11-12T18:48:58.157+0100][gc,phases     ] GC(1137)   Post Evacuate Collection Set: 0,7ms
[2023-11-12T18:48:58.157+0100][gc,phases     ] GC(1137)   Other: 0,2ms
[2023-11-12T18:48:58.157+0100][gc,heap       ] GC(1137) Eden regions: 522->0(518)
[2023-11-12T18:48:58.157+0100][gc,heap       ] GC(1137) Survivor regions: 24->26(69)
[2023-11-12T18:48:58.157+0100][gc,heap       ] GC(1137) Old regions: 222->222
[2023-11-12T18:48:58.157+0100][gc,heap       ] GC(1137) Humongous regions: 129->129
[2023-11-12T18:48:58.157+0100][gc,metaspace  ] GC(1137) Metaspace: 48026K(51968K)->48026K(51968K) NonClass: 42092K(44288K)->42092K(44288K) Class: 5933K(7680K)->5933K(7680K)
[2023-11-12T18:48:58.157+0100][gc            ] GC(1137) Pause Young (Normal) (G1 Evacuation Pause) 894M->374M(1024M) 9,442ms
[2023-11-12T18:48:58.157+0100][gc,cpu        ] GC(1137) User=0,10s Sys=0,00s Real=0,01s
[2023-11-12T18:48:59.402+0100][gc,start      ] GC(1138) Pause Young (Normal) (G1 Evacuation Pause)
[2023-11-12T18:48:59.402+0100][gc,task       ] GC(1138) Using 13 workers of 13 for evacuation
[2023-11-12T18:48:59.412+0100][gc,phases     ] GC(1138)   Pre Evacuate Collection Set: 0,0ms
[2023-11-12T18:48:59.412+0100][gc,phases     ] GC(1138)   Evacuate Collection Set: 8,9ms
[2023-11-12T18:48:59.412+0100][gc,phases     ] GC(1138)   Post Evacuate Collection Set: 0,6ms
[2023-11-12T18:48:59.412+0100][gc,phases     ] GC(1138)   Other: 0,2ms
[2023-11-12T18:48:59.412+0100][gc,heap       ] GC(1138) Eden regions: 518->0(514)
[2023-11-12T18:48:59.412+0100][gc,heap       ] GC(1138) Survivor regions: 26->28(68)
[2023-11-12T18:48:59.412+0100][gc,heap       ] GC(1138) Old regions: 222->222
[2023-11-12T18:48:59.412+0100][gc,heap       ] GC(1138) Humongous regions: 129->129
[2023-11-12T18:48:59.412+0100][gc,metaspace  ] GC(1138) Metaspace: 48026K(51968K)->48026K(51968K) NonClass: 42092K(44288K)->42092K(44288K) Class: 5933K(7680K)->5933K(7680K)
[2023-11-12T18:48:59.412+0100][gc            ] GC(1138) Pause Young (Normal) (G1 Evacuation Pause) 892M->376M(1024M) 9,902ms
[2023-11-12T18:48:59.412+0100][gc,cpu        ] GC(1138) User=0,10s Sys=0,01s Real=0,00s
[2023-11-12T18:49:00.623+0100][gc,start      ] GC(1139) Pause Young (Normal) (G1 Evacuation Pause)
[2023-11-12T18:49:00.623+0100][gc,task       ] GC(1139) Using 13 workers of 13 for evacuation
[2023-11-12T18:49:00.633+0100][gc,phases     ] GC(1139)   Pre Evacuate Collection Set: 0,0ms
[2023-11-12T18:49:00.633+0100][gc,phases     ] GC(1139)   Evacuate Collection Set: 9,4ms
[2023-11-12T18:49:00.633+0100][gc,phases     ] GC(1139)   Post Evacuate Collection Set: 0,6ms
[2023-11-12T18:49:00.633+0100][gc,phases     ] GC(1139)   Other: 0,2ms
[2023-11-12T18:49:00.633+0100][gc,heap       ] GC(1139) Eden regions: 514->0(508)
[2023-11-12T18:49:00.633+0100][gc,heap       ] GC(1139) Survivor regions: 28->31(68)
[2023-11-12T18:49:00.633+0100][gc,heap       ] GC(1139) Old regions: 222->222
[2023-11-12T18:49:00.633+0100][gc,heap       ] GC(1139) Humongous regions: 129->129
[2023-11-12T18:49:00.633+0100][gc,metaspace  ] GC(1139) Metaspace: 48026K(51968K)->48026K(51968K) NonClass: 42092K(44288K)->42092K(44288K) Class: 5933K(7680K)->5933K(7680K)
[2023-11-12T18:49:00.633+0100][gc            ] GC(1139) Pause Young (Normal) (G1 Evacuation Pause) 890M->380M(1024M) 10,342ms
[2023-11-12T18:49:00.633+0100][gc,cpu        ] GC(1139) User=0,12s Sys=0,01s Real=0,00s
[2023-11-12T18:49:01.793+0100][gc,start      ] GC(1140) Pause Young (Normal) (G1 Evacuation Pause)
[2023-11-12T18:49:01.793+0100][gc,task       ] GC(1140) Using 13 workers of 13 for evacuation
[2023-11-12T18:49:01.797+0100][gc,phases     ] GC(1140)   Pre Evacuate Collection Set: 0,0ms
[2023-11-12T18:49:01.797+0100][gc,phases     ] GC(1140)   Evacuate Collection Set: 2,8ms
[2023-11-12T18:49:01.797+0100][gc,phases     ] GC(1140)   Post Evacuate Collection Set: 0,6ms
[2023-11-12T18:49:01.797+0100][gc,phases     ] GC(1140)   Other: 0,2ms
[2023-11-12T18:49:01.797+0100][gc,heap       ] GC(1140) Eden regions: 508->0(545)
[2023-11-12T18:49:01.797+0100][gc,heap       ] GC(1140) Survivor regions: 31->6(68)
[2023-11-12T18:49:01.797+0100][gc,heap       ] GC(1140) Old regions: 222->222
[2023-11-12T18:49:01.797+0100][gc,heap       ] GC(1140) Humongous regions: 129->129
[2023-11-12T18:49:01.797+0100][gc,metaspace  ] GC(1140) Metaspace: 48026K(51968K)->48026K(51968K) NonClass: 42092K(44288K)->42092K(44288K) Class: 5933K(7680K)->5933K(7680K)
[2023-11-12T18:49:01.797+0100][gc            ] GC(1140) Pause Young (Normal) (G1 Evacuation Pause) 888M->354M(1024M) 3,710ms
[2023-11-12T18:49:01.797+0100][gc,cpu        ] GC(1140) User=0,02s Sys=0,03s Real=0,00s
[2023-11-12T18:49:03.057+0100][gc,start      ] GC(1141) Pause Young (Normal) (G1 Evacuation Pause)
[2023-11-12T18:49:03.057+0100][gc,task       ] GC(1141) Using 13 workers of 13 for evacuation
[2023-11-12T18:49:03.062+0100][gc,phases     ] GC(1141)   Pre Evacuate Collection Set: 0,0ms
[2023-11-12T18:49:03.062+0100][gc,phases     ] GC(1141)   Evacuate Collection Set: 4,0ms
[2023-11-12T18:49:03.062+0100][gc,phases     ] GC(1141)   Post Evacuate Collection Set: 0,5ms
[2023-11-12T18:49:03.062+0100][gc,phases     ] GC(1141)   Other: 0,2ms
[2023-11-12T18:49:03.062+0100][gc,heap       ] GC(1141) Eden regions: 545->0(547)
[2023-11-12T18:49:03.062+0100][gc,heap       ] GC(1141) Survivor regions: 6->6(69)
[2023-11-12T18:49:03.062+0100][gc,heap       ] GC(1141) Old regions: 222->222
[2023-11-12T18:49:03.062+0100][gc,heap       ] GC(1141) Humongous regions: 129->129
[2023-11-12T18:49:03.062+0100][gc,metaspace  ] GC(1141) Metaspace: 48026K(51968K)->48026K(51968K) NonClass: 42092K(44288K)->42092K(44288K) Class: 5933K(7680K)->5933K(7680K)
[2023-11-12T18:49:03.062+0100][gc            ] GC(1141) Pause Young (Normal) (G1 Evacuation Pause) 899M->354M(1024M) 4,857ms
[2023-11-12T18:49:03.062+0100][gc,cpu        ] GC(1141) User=0,05s Sys=0,00s Real=0,01s
[2023-11-12T18:49:04.321+0100][gc,start      ] GC(1142) Pause Young (Normal) (G1 Evacuation Pause)
[2023-11-12T18:49:04.322+0100][gc,task       ] GC(1142) Using 13 workers of 13 for evacuation
[2023-11-12T18:49:04.326+0100][gc,phases     ] GC(1142)   Pre Evacuate Collection Set: 0,0ms
[2023-11-12T18:49:04.326+0100][gc,phases     ] GC(1142)   Evacuate Collection Set: 3,9ms
[2023-11-12T18:49:04.326+0100][gc,phases     ] GC(1142)   Post Evacuate Collection Set: 0,6ms
[2023-11-12T18:49:04.326+0100][gc,phases     ] GC(1142)   Other: 0,2ms
[2023-11-12T18:49:04.326+0100][gc,heap       ] GC(1142) Eden regions: 547->0(546)
[2023-11-12T18:49:04.326+0100][gc,heap       ] GC(1142) Survivor regions: 6->9(70)
[2023-11-12T18:49:04.326+0100][gc,heap       ] GC(1142) Old regions: 222->222
[2023-11-12T18:49:04.326+0100][gc,heap       ] GC(1142) Humongous regions: 129->129
[2023-11-12T18:49:04.326+0100][gc,metaspace  ] GC(1142) Metaspace: 48026K(51968K)->48026K(51968K) NonClass: 42092K(44288K)->42092K(44288K) Class: 5933K(7680K)->5933K(7680K)
[2023-11-12T18:49:04.326+0100][gc            ] GC(1142) Pause Young (Normal) (G1 Evacuation Pause) 901M->357M(1024M) 4,839ms
[2023-11-12T18:49:04.326+0100][gc,cpu        ] GC(1142) User=0,01s Sys=0,04s Real=0,00s
[2023-11-12T18:49:05.623+0100][gc,start      ] GC(1143) Pause Young (Normal) (G1 Evacuation Pause)
[2023-11-12T18:49:05.623+0100][gc,task       ] GC(1143) Using 13 workers of 13 for evacuation
[2023-11-12T18:49:05.629+0100][gc,phases     ] GC(1143)   Pre Evacuate Collection Set: 0,0ms
[2023-11-12T18:49:05.629+0100][gc,phases     ] GC(1143)   Evacuate Collection Set: 4,5ms
[2023-11-12T18:49:05.629+0100][gc,phases     ] GC(1143)   Post Evacuate Collection Set: 0,5ms
[2023-11-12T18:49:05.629+0100][gc,phases     ] GC(1143)   Other: 0,2ms
[2023-11-12T18:49:05.629+0100][gc,heap       ] GC(1143) Eden regions: 546->0(545)
[2023-11-12T18:49:05.629+0100][gc,heap       ] GC(1143) Survivor regions: 9->11(70)
[2023-11-12T18:49:05.629+0100][gc,heap       ] GC(1143) Old regions: 222->222
[2023-11-12T18:49:05.629+0100][gc,heap       ] GC(1143) Humongous regions: 129->129
[2023-11-12T18:49:05.629+0100][gc,metaspace  ] GC(1143) Metaspace: 48026K(51968K)->48026K(51968K) NonClass: 42092K(44288K)->42092K(44288K) Class: 5933K(7680K)->5933K(7680K)
[2023-11-12T18:49:05.629+0100][gc            ] GC(1143) Pause Young (Normal) (G1 Evacuation Pause) 903M->359M(1024M) 5,372ms
[2023-11-12T18:49:05.629+0100][gc,cpu        ] GC(1143) User=0,05s Sys=0,00s Real=0,00s
[2023-11-12T18:49:06.881+0100][gc,start      ] GC(1144) Pause Young (Normal) (G1 Evacuation Pause)
[2023-11-12T18:49:06.881+0100][gc,task       ] GC(1144) Using 13 workers of 13 for evacuation
[2023-11-12T18:49:06.902+0100][gc,mmu        ] GC(1144) MMU target violated: 21,0ms (20,0ms/21,0ms)
[2023-11-12T18:49:06.902+0100][gc,phases     ] GC(1144)   Pre Evacuate Collection Set: 0,0ms
[2023-11-12T18:49:06.902+0100][gc,phases     ] GC(1144)   Evacuate Collection Set: 19,9ms
[2023-11-12T18:49:06.902+0100][gc,phases     ] GC(1144)   Post Evacuate Collection Set: 1,0ms
[2023-11-12T18:49:06.902+0100][gc,phases     ] GC(1144)   Other: 0,3ms
[2023-11-12T18:49:06.902+0100][gc,heap       ] GC(1144) Eden regions: 545->0(544)
[2023-11-12T18:49:06.903+0100][gc,heap       ] GC(1144) Survivor regions: 11->13(70)
[2023-11-12T18:49:06.903+0100][gc,heap       ] GC(1144) Old regions: 222->222
[2023-11-12T18:49:06.903+0100][gc,heap       ] GC(1144) Humongous regions: 129->129
[2023-11-12T18:49:06.903+0100][gc,metaspace  ] GC(1144) Metaspace: 48026K(51968K)->48026K(51968K) NonClass: 42092K(44288K)->42092K(44288K) Class: 5933K(7680K)->5933K(7680K)
[2023-11-12T18:49:06.903+0100][gc            ] GC(1144) Pause Young (Normal) (G1 Evacuation Pause) 904M->362M(1024M) 21,541ms
[2023-11-12T18:49:06.903+0100][gc,cpu        ] GC(1144) User=0,21s Sys=0,04s Real=0,03s
[2023-11-12T18:49:08.162+0100][gc,start      ] GC(1145) Pause Young (Normal) (G1 Evacuation Pause)
[2023-11-12T18:49:08.162+0100][gc,task       ] GC(1145) Using 13 workers of 13 for evacuation
[2023-11-12T18:49:08.169+0100][gc,phases     ] GC(1145)   Pre Evacuate Collection Set: 0,0ms
[2023-11-12T18:49:08.169+0100][gc,phases     ] GC(1145)   Evacuate Collection Set: 6,2ms
[2023-11-12T18:49:08.169+0100][gc,phases     ] GC(1145)   Post Evacuate Collection Set: 0,7ms
[2023-11-12T18:49:08.169+0100][gc,phases     ] GC(1145)   Other: 0,2ms
[2023-11-12T18:49:08.169+0100][gc,heap       ] GC(1145) Eden regions: 544->0(537)
[2023-11-12T18:49:08.169+0100][gc,heap       ] GC(1145) Survivor regions: 13->16(70)
[2023-11-12T18:49:08.169+0100][gc,heap       ] GC(1145) Old regions: 222->223
[2023-11-12T18:49:08.169+0100][gc,heap       ] GC(1145) Humongous regions: 129->129
[2023-11-12T18:49:08.169+0100][gc,metaspace  ] GC(1145) Metaspace: 48026K(51968K)->48026K(51968K) NonClass: 42092K(44288K)->42092K(44288K) Class: 5933K(7680K)->5933K(7680K)
[2023-11-12T18:49:08.169+0100][gc            ] GC(1145) Pause Young (Normal) (G1 Evacuation Pause) 906M->365M(1024M) 7,208ms
[2023-11-12T18:49:08.169+0100][gc,cpu        ] GC(1145) User=0,05s Sys=0,03s Real=0,00s
[2023-11-12T18:49:09.417+0100][gc,start      ] GC(1146) Pause Young (Normal) (G1 Evacuation Pause)
[2023-11-12T18:49:09.417+0100][gc,task       ] GC(1146) Using 13 workers of 13 for evacuation
[2023-11-12T18:49:09.424+0100][gc,phases     ] GC(1146)   Pre Evacuate Collection Set: 0,0ms
[2023-11-12T18:49:09.424+0100][gc,phases     ] GC(1146)   Evacuate Collection Set: 6,3ms
[2023-11-12T18:49:09.424+0100][gc,phases     ] GC(1146)   Post Evacuate Collection Set: 0,6ms
[2023-11-12T18:49:09.424+0100][gc,phases     ] GC(1146)   Other: 0,2ms
[2023-11-12T18:49:09.424+0100][gc,heap       ] GC(1146) Eden regions: 537->0(531)
[2023-11-12T18:49:09.424+0100][gc,heap       ] GC(1146) Survivor regions: 16->19(70)
[2023-11-12T18:49:09.424+0100][gc,heap       ] GC(1146) Old regions: 223->223
[2023-11-12T18:49:09.424+0100][gc,heap       ] GC(1146) Humongous regions: 129->129
[2023-11-12T18:49:09.424+0100][gc,metaspace  ] GC(1146) Metaspace: 48026K(51968K)->48026K(51968K) NonClass: 42092K(44288K)->42092K(44288K) Class: 5933K(7680K)->5933K(7680K)
[2023-11-12T18:49:09.424+0100][gc            ] GC(1146) Pause Young (Normal) (G1 Evacuation Pause) 902M->368M(1024M) 7,324ms
[2023-11-12T18:49:09.424+0100][gc,cpu        ] GC(1146) User=0,07s Sys=0,00s Real=0,01s
[2023-11-12T18:49:10.699+0100][gc,start      ] GC(1147) Pause Young (Normal) (G1 Evacuation Pause)
[2023-11-12T18:49:10.699+0100][gc,task       ] GC(1147) Using 13 workers of 13 for evacuation
[2023-11-12T18:49:10.707+0100][gc,phases     ] GC(1147)   Pre Evacuate Collection Set: 0,0ms
[2023-11-12T18:49:10.707+0100][gc,phases     ] GC(1147)   Evacuate Collection Set: 6,7ms
[2023-11-12T18:49:10.707+0100][gc,phases     ] GC(1147)   Post Evacuate Collection Set: 0,7ms
[2023-11-12T18:49:10.707+0100][gc,phases     ] GC(1147)   Other: 0,3ms
[2023-11-12T18:49:10.707+0100][gc,heap       ] GC(1147) Eden regions: 531->0(527)
[2023-11-12T18:49:10.707+0100][gc,heap       ] GC(1147) Survivor regions: 19->21(69)
[2023-11-12T18:49:10.707+0100][gc,heap       ] GC(1147) Old regions: 223->223
[2023-11-12T18:49:10.707+0100][gc,heap       ] GC(1147) Humongous regions: 129->129
[2023-11-12T18:49:10.707+0100][gc,metaspace  ] GC(1147) Metaspace: 48026K(51968K)->48026K(51968K) NonClass: 42092K(44288K)->42092K(44288K) Class: 5933K(7680K)->5933K(7680K)
[2023-11-12T18:49:10.707+0100][gc            ] GC(1147) Pause Young (Normal) (G1 Evacuation Pause) 899M->370M(1024M) 7,944ms
[2023-11-12T18:49:10.707+0100][gc,cpu        ] GC(1147) User=0,08s Sys=0,00s Real=0,01s
[2023-11-12T18:49:11.935+0100][gc,start      ] GC(1148) Pause Young (Normal) (G1 Evacuation Pause)
[2023-11-12T18:49:11.935+0100][gc,task       ] GC(1148) Using 13 workers of 13 for evacuation
[2023-11-12T18:49:11.943+0100][gc,phases     ] GC(1148)   Pre Evacuate Collection Set: 0,0ms
[2023-11-12T18:49:11.943+0100][gc,phases     ] GC(1148)   Evacuate Collection Set: 7,2ms
[2023-11-12T18:49:11.943+0100][gc,phases     ] GC(1148)   Post Evacuate Collection Set: 0,6ms
[2023-11-12T18:49:11.943+0100][gc,phases     ] GC(1148)   Other: 0,2ms
[2023-11-12T18:49:11.943+0100][gc,heap       ] GC(1148) Eden regions: 527->0(521)
[2023-11-12T18:49:11.944+0100][gc,heap       ] GC(1148) Survivor regions: 21->24(69)
[2023-11-12T18:49:11.944+0100][gc,heap       ] GC(1148) Old regions: 223->223
[2023-11-12T18:49:11.944+0100][gc,heap       ] GC(1148) Humongous regions: 129->129
[2023-11-12T18:49:11.944+0100][gc,metaspace  ] GC(1148) Metaspace: 48026K(51968K)->48026K(51968K) NonClass: 42092K(44288K)->42092K(44288K) Class: 5933K(7680K)->5933K(7680K)
[2023-11-12T18:49:11.944+0100][gc            ] GC(1148) Pause Young (Normal) (G1 Evacuation Pause) 897M->373M(1024M) 8,229ms
[2023-11-12T18:49:11.944+0100][gc,cpu        ] GC(1148) User=0,09s Sys=0,00s Real=0,01s
[2023-11-12T18:49:13.182+0100][gc,start      ] GC(1149) Pause Young (Normal) (G1 Evacuation Pause)
[2023-11-12T18:49:13.182+0100][gc,task       ] GC(1149) Using 13 workers of 13 for evacuation
[2023-11-12T18:49:13.191+0100][gc,phases     ] GC(1149)   Pre Evacuate Collection Set: 0,0ms
[2023-11-12T18:49:13.191+0100][gc,phases     ] GC(1149)   Evacuate Collection Set: 8,3ms
[2023-11-12T18:49:13.191+0100][gc,phases     ] GC(1149)   Post Evacuate Collection Set: 0,5ms
[2023-11-12T18:49:13.191+0100][gc,phases     ] GC(1149)   Other: 0,2ms
[2023-11-12T18:49:13.191+0100][gc,heap       ] GC(1149) Eden regions: 521->0(517)
[2023-11-12T18:49:13.191+0100][gc,heap       ] GC(1149) Survivor regions: 24->26(69)
[2023-11-12T18:49:13.191+0100][gc,heap       ] GC(1149) Old regions: 223->223
[2023-11-12T18:49:13.191+0100][gc,heap       ] GC(1149) Humongous regions: 129->129
[2023-11-12T18:49:13.191+0100][gc,metaspace  ] GC(1149) Metaspace: 48026K(51968K)->48026K(51968K) NonClass: 42092K(44288K)->42092K(44288K) Class: 5933K(7680K)->5933K(7680K)
[2023-11-12T18:49:13.191+0100][gc            ] GC(1149) Pause Young (Normal) (G1 Evacuation Pause) 894M->376M(1024M) 9,141ms
[2023-11-12T18:49:13.191+0100][gc,cpu        ] GC(1149) User=0,07s Sys=0,03s Real=0,00s
[2023-11-12T18:49:14.444+0100][gc,start      ] GC(1150) Pause Young (Normal) (G1 Evacuation Pause)
[2023-11-12T18:49:14.444+0100][gc,task       ] GC(1150) Using 13 workers of 13 for evacuation
[2023-11-12T18:49:14.455+0100][gc,phases     ] GC(1150)   Pre Evacuate Collection Set: 0,0ms
[2023-11-12T18:49:14.455+0100][gc,phases     ] GC(1150)   Evacuate Collection Set: 9,3ms
[2023-11-12T18:49:14.455+0100][gc,phases     ] GC(1150)   Post Evacuate Collection Set: 0,7ms
[2023-11-12T18:49:14.455+0100][gc,phases     ] GC(1150)   Other: 0,3ms
[2023-11-12T18:49:14.455+0100][gc,heap       ] GC(1150) Eden regions: 517->0(511)
[2023-11-12T18:49:14.455+0100][gc,heap       ] GC(1150) Survivor regions: 26->29(68)
[2023-11-12T18:49:14.455+0100][gc,heap       ] GC(1150) Old regions: 223->223
[2023-11-12T18:49:14.455+0100][gc,heap       ] GC(1150) Humongous regions: 129->129
[2023-11-12T18:49:14.455+0100][gc,metaspace  ] GC(1150) Metaspace: 48026K(51968K)->48026K(51968K) NonClass: 42092K(44288K)->42092K(44288K) Class: 5933K(7680K)->5933K(7680K)
[2023-11-12T18:49:14.455+0100][gc            ] GC(1150) Pause Young (Normal) (G1 Evacuation Pause) 893M->379M(1024M) 10,428ms
[2023-11-12T18:49:14.455+0100][gc,cpu        ] GC(1150) User=0,08s Sys=0,04s Real=0,01s
[2023-11-12T18:49:15.733+0100][gc,start      ] GC(1151) Pause Young (Normal) (G1 Evacuation Pause)
[2023-11-12T18:49:15.733+0100][gc,task       ] GC(1151) Using 13 workers of 13 for evacuation
[2023-11-12T18:49:15.743+0100][gc,phases     ] GC(1151)   Pre Evacuate Collection Set: 0,0ms
[2023-11-12T18:49:15.743+0100][gc,phases     ] GC(1151)   Evacuate Collection Set: 8,8ms
[2023-11-12T18:49:15.743+0100][gc,phases     ] GC(1151)   Post Evacuate Collection Set: 0,6ms
[2023-11-12T18:49:15.743+0100][gc,phases     ] GC(1151)   Other: 0,2ms
[2023-11-12T18:49:15.743+0100][gc,heap       ] GC(1151) Eden regions: 511->0(507)
[2023-11-12T18:49:15.743+0100][gc,heap       ] GC(1151) Survivor regions: 29->31(68)
[2023-11-12T18:49:15.743+0100][gc,heap       ] GC(1151) Old regions: 223->223
[2023-11-12T18:49:15.743+0100][gc,heap       ] GC(1151) Humongous regions: 129->129
[2023-11-12T18:49:15.743+0100][gc,metaspace  ] GC(1151) Metaspace: 48026K(51968K)->48026K(51968K) NonClass: 42092K(44288K)->42092K(44288K) Class: 5933K(7680K)->5933K(7680K)
[2023-11-12T18:49:15.743+0100][gc            ] GC(1151) Pause Young (Normal) (G1 Evacuation Pause) 890M->381M(1024M) 9,766ms
[2023-11-12T18:49:15.743+0100][gc,cpu        ] GC(1151) User=0,10s Sys=0,01s Real=0,02s
[2023-11-12T18:49:16.899+0100][gc,start      ] GC(1152) Pause Young (Normal) (G1 Evacuation Pause)
[2023-11-12T18:49:16.899+0100][gc,task       ] GC(1152) Using 13 workers of 13 for evacuation
[2023-11-12T18:49:16.905+0100][gc,phases     ] GC(1152)   Pre Evacuate Collection Set: 0,0ms
[2023-11-12T18:49:16.905+0100][gc,phases     ] GC(1152)   Evacuate Collection Set: 4,5ms
[2023-11-12T18:49:16.905+0100][gc,phases     ] GC(1152)   Post Evacuate Collection Set: 0,5ms
[2023-11-12T18:49:16.905+0100][gc,phases     ] GC(1152)   Other: 0,2ms
[2023-11-12T18:49:16.905+0100][gc,heap       ] GC(1152) Eden regions: 507->0(548)
[2023-11-12T18:49:16.905+0100][gc,heap       ] GC(1152) Survivor regions: 31->5(68)
[2023-11-12T18:49:16.905+0100][gc,heap       ] GC(1152) Old regions: 223->223
[2023-11-12T18:49:16.905+0100][gc,heap       ] GC(1152) Humongous regions: 129->129
[2023-11-12T18:49:16.905+0100][gc,metaspace  ] GC(1152) Metaspace: 48026K(51968K)->48026K(51968K) NonClass: 42092K(44288K)->42092K(44288K) Class: 5933K(7680K)->5933K(7680K)
[2023-11-12T18:49:16.905+0100][gc            ] GC(1152) Pause Young (Normal) (G1 Evacuation Pause) 888M->355M(1024M) 5,354ms
[2023-11-12T18:49:16.905+0100][gc,cpu        ] GC(1152) User=0,05s Sys=0,00s Real=0,01s
[2023-11-12T18:49:18.178+0100][gc,start      ] GC(1153) Pause Young (Normal) (G1 Evacuation Pause)
[2023-11-12T18:49:18.178+0100][gc,task       ] GC(1153) Using 13 workers of 13 for evacuation
[2023-11-12T18:49:18.182+0100][gc,phases     ] GC(1153)   Pre Evacuate Collection Set: 0,0ms
[2023-11-12T18:49:18.182+0100][gc,phases     ] GC(1153)   Evacuate Collection Set: 3,2ms
[2023-11-12T18:49:18.182+0100][gc,phases     ] GC(1153)   Post Evacuate Collection Set: 0,5ms
[2023-11-12T18:49:18.182+0100][gc,phases     ] GC(1153)   Other: 0,2ms
[2023-11-12T18:49:18.182+0100][gc,heap       ] GC(1153) Eden regions: 548->0(549)
[2023-11-12T18:49:18.182+0100][gc,heap       ] GC(1153) Survivor regions: 5->5(70)
[2023-11-12T18:49:18.182+0100][gc,heap       ] GC(1153) Old regions: 223->223
[2023-11-12T18:49:18.182+0100][gc,heap       ] GC(1153) Humongous regions: 129->129
[2023-11-12T18:49:18.182+0100][gc,metaspace  ] GC(1153) Metaspace: 48026K(51968K)->48026K(51968K) NonClass: 42092K(44288K)->42092K(44288K) Class: 5933K(7680K)->5933K(7680K)
[2023-11-12T18:49:18.182+0100][gc            ] GC(1153) Pause Young (Normal) (G1 Evacuation Pause) 903M->355M(1024M) 4,082ms
[2023-11-12T18:49:18.182+0100][gc,cpu        ] GC(1153) User=0,04s Sys=0,00s Real=0,01s
[2023-11-12T18:49:19.413+0100][gc,start      ] GC(1154) Pause Young (Normal) (G1 Evacuation Pause)
[2023-11-12T18:49:19.413+0100][gc,task       ] GC(1154) Using 13 workers of 13 for evacuation
[2023-11-12T18:49:19.418+0100][gc,phases     ] GC(1154)   Pre Evacuate Collection Set: 0,0ms
[2023-11-12T18:49:19.418+0100][gc,phases     ] GC(1154)   Evacuate Collection Set: 3,9ms
[2023-11-12T18:49:19.418+0100][gc,phases     ] GC(1154)   Post Evacuate Collection Set: 0,6ms
[2023-11-12T18:49:19.418+0100][gc,phases     ] GC(1154)   Other: 0,2ms
[2023-11-12T18:49:19.418+0100][gc,heap       ] GC(1154) Eden regions: 549->0(548)
[2023-11-12T18:49:19.418+0100][gc,heap       ] GC(1154) Survivor regions: 5->8(70)
[2023-11-12T18:49:19.418+0100][gc,heap       ] GC(1154) Old regions: 223->223
[2023-11-12T18:49:19.418+0100][gc,heap       ] GC(1154) Humongous regions: 129->129
[2023-11-12T18:49:19.418+0100][gc,metaspace  ] GC(1154) Metaspace: 48026K(51968K)->48026K(51968K) NonClass: 42092K(44288K)->42092K(44288K) Class: 5933K(7680K)->5933K(7680K)
[2023-11-12T18:49:19.418+0100][gc            ] GC(1154) Pause Young (Normal) (G1 Evacuation Pause) 904M->357M(1024M) 4,790ms
[2023-11-12T18:49:19.418+0100][gc,cpu        ] GC(1154) User=0,04s Sys=0,00s Real=0,00s
[2023-11-12T18:49:20.733+0100][gc,start      ] GC(1155) Pause Young (Normal) (G1 Evacuation Pause)
[2023-11-12T18:49:20.733+0100][gc,task       ] GC(1155) Using 13 workers of 13 for evacuation
[2023-11-12T18:49:20.738+0100][gc,phases     ] GC(1155)   Pre Evacuate Collection Set: 0,0ms
[2023-11-12T18:49:20.738+0100][gc,phases     ] GC(1155)   Evacuate Collection Set: 4,2ms
[2023-11-12T18:49:20.738+0100][gc,phases     ] GC(1155)   Post Evacuate Collection Set: 0,6ms
[2023-11-12T18:49:20.738+0100][gc,phases     ] GC(1155)   Other: 0,2ms
[2023-11-12T18:49:20.738+0100][gc,heap       ] GC(1155) Eden regions: 548->0(547)
[2023-11-12T18:49:20.738+0100][gc,heap       ] GC(1155) Survivor regions: 8->10(70)
[2023-11-12T18:49:20.738+0100][gc,heap       ] GC(1155) Old regions: 223->223
[2023-11-12T18:49:20.738+0100][gc,heap       ] GC(1155) Humongous regions: 129->129
[2023-11-12T18:49:20.738+0100][gc,metaspace  ] GC(1155) Metaspace: 48026K(51968K)->48026K(51968K) NonClass: 42092K(44288K)->42092K(44288K) Class: 5933K(7680K)->5933K(7680K)
[2023-11-12T18:49:20.738+0100][gc            ] GC(1155) Pause Young (Normal) (G1 Evacuation Pause) 905M->360M(1024M) 5,130ms
[2023-11-12T18:49:20.738+0100][gc,cpu        ] GC(1155) User=0,05s Sys=0,00s Real=0,01s
[2023-11-12T18:49:21.977+0100][gc,start      ] GC(1156) Pause Young (Normal) (G1 Evacuation Pause)
[2023-11-12T18:49:21.977+0100][gc,task       ] GC(1156) Using 13 workers of 13 for evacuation
[2023-11-12T18:49:21.983+0100][gc,phases     ] GC(1156)   Pre Evacuate Collection Set: 0,0ms
[2023-11-12T18:49:21.983+0100][gc,phases     ] GC(1156)   Evacuate Collection Set: 5,3ms
[2023-11-12T18:49:21.983+0100][gc,phases     ] GC(1156)   Post Evacuate Collection Set: 0,5ms
[2023-11-12T18:49:21.983+0100][gc,phases     ] GC(1156)   Other: 0,2ms
[2023-11-12T18:49:21.983+0100][gc,heap       ] GC(1156) Eden regions: 547->0(543)
[2023-11-12T18:49:21.983+0100][gc,heap       ] GC(1156) Survivor regions: 10->13(70)
[2023-11-12T18:49:21.984+0100][gc,heap       ] GC(1156) Old regions: 223->223
[2023-11-12T18:49:21.984+0100][gc,heap       ] GC(1156) Humongous regions: 129->129
[2023-11-12T18:49:21.984+0100][gc,metaspace  ] GC(1156) Metaspace: 48026K(51968K)->48026K(51968K) NonClass: 42092K(44288K)->42092K(44288K) Class: 5933K(7680K)->5933K(7680K)
[2023-11-12T18:49:21.984+0100][gc            ] GC(1156) Pause Young (Normal) (G1 Evacuation Pause) 907M->363M(1024M) 6,165ms
[2023-11-12T18:49:21.984+0100][gc,cpu        ] GC(1156) User=0,05s Sys=0,01s Real=0,01s
[2023-11-12T18:49:23.240+0100][gc,start      ] GC(1157) Pause Young (Normal) (G1 Evacuation Pause)
[2023-11-12T18:49:23.240+0100][gc,task       ] GC(1157) Using 13 workers of 13 for evacuation
[2023-11-12T18:49:23.246+0100][gc,phases     ] GC(1157)   Pre Evacuate Collection Set: 0,0ms
[2023-11-12T18:49:23.246+0100][gc,phases     ] GC(1157)   Evacuate Collection Set: 5,1ms
[2023-11-12T18:49:23.246+0100][gc,phases     ] GC(1157)   Post Evacuate Collection Set: 0,6ms
[2023-11-12T18:49:23.246+0100][gc,phases     ] GC(1157)   Other: 0,2ms
[2023-11-12T18:49:23.246+0100][gc,heap       ] GC(1157) Eden regions: 543->0(537)
[2023-11-12T18:49:23.246+0100][gc,heap       ] GC(1157) Survivor regions: 13->16(70)
[2023-11-12T18:49:23.246+0100][gc,heap       ] GC(1157) Old regions: 223->223
[2023-11-12T18:49:23.246+0100][gc,heap       ] GC(1157) Humongous regions: 129->129
[2023-11-12T18:49:23.246+0100][gc,metaspace  ] GC(1157) Metaspace: 48026K(51968K)->48026K(51968K) NonClass: 42092K(44288K)->42092K(44288K) Class: 5933K(7680K)->5933K(7680K)
[2023-11-12T18:49:23.246+0100][gc            ] GC(1157) Pause Young (Normal) (G1 Evacuation Pause) 906M->365M(1024M) 5,927ms
[2023-11-12T18:49:23.246+0100][gc,cpu        ] GC(1157) User=0,07s Sys=0,00s Real=0,01s
[2023-11-12T18:49:24.462+0100][gc,start      ] GC(1158) Pause Young (Normal) (G1 Evacuation Pause)
[2023-11-12T18:49:24.462+0100][gc,task       ] GC(1158) Using 13 workers of 13 for evacuation
[2023-11-12T18:49:24.470+0100][gc,phases     ] GC(1158)   Pre Evacuate Collection Set: 0,0ms
[2023-11-12T18:49:24.471+0100][gc,phases     ] GC(1158)   Evacuate Collection Set: 7,6ms
[2023-11-12T18:49:24.471+0100][gc,phases     ] GC(1158)   Post Evacuate Collection Set: 0,6ms
[2023-11-12T18:49:24.471+0100][gc,phases     ] GC(1158)   Other: 0,2ms
[2023-11-12T18:49:24.471+0100][gc,heap       ] GC(1158) Eden regions: 537->0(531)
[2023-11-12T18:49:24.471+0100][gc,heap       ] GC(1158) Survivor regions: 16->19(70)
[2023-11-12T18:49:24.471+0100][gc,heap       ] GC(1158) Old regions: 223->223
[2023-11-12T18:49:24.471+0100][gc,heap       ] GC(1158) Humongous regions: 129->129
[2023-11-12T18:49:24.471+0100][gc,metaspace  ] GC(1158) Metaspace: 48026K(51968K)->48026K(51968K) NonClass: 42092K(44288K)->42092K(44288K) Class: 5933K(7680K)->5933K(7680K)
[2023-11-12T18:49:24.471+0100][gc            ] GC(1158) Pause Young (Normal) (G1 Evacuation Pause) 902M->368M(1024M) 8,571ms
[2023-11-12T18:49:24.471+0100][gc,cpu        ] GC(1158) User=0,07s Sys=0,01s Real=0,00s
[2023-11-12T18:49:25.697+0100][gc,start      ] GC(1159) Pause Young (Normal) (G1 Evacuation Pause)
[2023-11-12T18:49:25.697+0100][gc,task       ] GC(1159) Using 13 workers of 13 for evacuation
[2023-11-12T18:49:25.705+0100][gc,phases     ] GC(1159)   Pre Evacuate Collection Set: 0,0ms
[2023-11-12T18:49:25.705+0100][gc,phases     ] GC(1159)   Evacuate Collection Set: 6,9ms
[2023-11-12T18:49:25.705+0100][gc,phases     ] GC(1159)   Post Evacuate Collection Set: 0,5ms
[2023-11-12T18:49:25.705+0100][gc,phases     ] GC(1159)   Other: 0,2ms
[2023-11-12T18:49:25.705+0100][gc,heap       ] GC(1159) Eden regions: 531->0(529)
[2023-11-12T18:49:25.705+0100][gc,heap       ] GC(1159) Survivor regions: 19->20(69)
[2023-11-12T18:49:25.705+0100][gc,heap       ] GC(1159) Old regions: 223->223
[2023-11-12T18:49:25.705+0100][gc,heap       ] GC(1159) Humongous regions: 129->129
[2023-11-12T18:49:25.705+0100][gc,metaspace  ] GC(1159) Metaspace: 48026K(51968K)->48026K(51968K) NonClass: 42092K(44288K)->42092K(44288K) Class: 5933K(7680K)->5933K(7680K)
[2023-11-12T18:49:25.705+0100][gc            ] GC(1159) Pause Young (Normal) (G1 Evacuation Pause) 899M->370M(1024M) 7,771ms
[2023-11-12T18:49:25.705+0100][gc,cpu        ] GC(1159) User=0,05s Sys=0,02s Real=0,01s
[2023-11-12T18:49:26.932+0100][gc,start      ] GC(1160) Pause Young (Normal) (G1 Evacuation Pause)
[2023-11-12T18:49:26.932+0100][gc,task       ] GC(1160) Using 13 workers of 13 for evacuation
[2023-11-12T18:49:26.941+0100][gc,phases     ] GC(1160)   Pre Evacuate Collection Set: 0,0ms
[2023-11-12T18:49:26.941+0100][gc,phases     ] GC(1160)   Evacuate Collection Set: 8,5ms
[2023-11-12T18:49:26.941+0100][gc,phases     ] GC(1160)   Post Evacuate Collection Set: 0,6ms
[2023-11-12T18:49:26.941+0100][gc,phases     ] GC(1160)   Other: 0,2ms
[2023-11-12T18:49:26.941+0100][gc,heap       ] GC(1160) Eden regions: 529->0(521)
[2023-11-12T18:49:26.941+0100][gc,heap       ] GC(1160) Survivor regions: 20->24(69)
[2023-11-12T18:49:26.941+0100][gc,heap       ] GC(1160) Old regions: 223->223
[2023-11-12T18:49:26.941+0100][gc,heap       ] GC(1160) Humongous regions: 129->129
[2023-11-12T18:49:26.941+0100][gc,metaspace  ] GC(1160) Metaspace: 48026K(51968K)->48026K(51968K) NonClass: 42092K(44288K)->42092K(44288K) Class: 5933K(7680K)->5933K(7680K)
[2023-11-12T18:49:26.941+0100][gc            ] GC(1160) Pause Young (Normal) (G1 Evacuation Pause) 899M->373M(1024M) 9,462ms
[2023-11-12T18:49:26.941+0100][gc,cpu        ] GC(1160) User=0,10s Sys=0,01s Real=0,01s
[2023-11-12T18:49:28.153+0100][gc,start      ] GC(1161) Pause Young (Normal) (G1 Evacuation Pause)
[2023-11-12T18:49:28.153+0100][gc,task       ] GC(1161) Using 13 workers of 13 for evacuation
[2023-11-12T18:49:28.162+0100][gc,phases     ] GC(1161)   Pre Evacuate Collection Set: 0,0ms
[2023-11-12T18:49:28.162+0100][gc,phases     ] GC(1161)   Evacuate Collection Set: 7,8ms
[2023-11-12T18:49:28.162+0100][gc,phases     ] GC(1161)   Post Evacuate Collection Set: 0,6ms
[2023-11-12T18:49:28.162+0100][gc,phases     ] GC(1161)   Other: 0,2ms
[2023-11-12T18:49:28.162+0100][gc,heap       ] GC(1161) Eden regions: 521->0(516)
[2023-11-12T18:49:28.162+0100][gc,heap       ] GC(1161) Survivor regions: 24->26(69)
[2023-11-12T18:49:28.162+0100][gc,heap       ] GC(1161) Old regions: 223->224
[2023-11-12T18:49:28.162+0100][gc,heap       ] GC(1161) Humongous regions: 129->129
[2023-11-12T18:49:28.162+0100][gc,metaspace  ] GC(1161) Metaspace: 48026K(51968K)->48026K(51968K) NonClass: 42092K(44288K)->42092K(44288K) Class: 5933K(7680K)->5933K(7680K)
[2023-11-12T18:49:28.162+0100][gc            ] GC(1161) Pause Young (Normal) (G1 Evacuation Pause) 894M->376M(1024M) 8,773ms
[2023-11-12T18:49:28.162+0100][gc,cpu        ] GC(1161) User=0,08s Sys=0,02s Real=0,02s
[2023-11-12T18:49:29.400+0100][gc,start      ] GC(1162) Pause Young (Normal) (G1 Evacuation Pause)
[2023-11-12T18:49:29.400+0100][gc,task       ] GC(1162) Using 13 workers of 13 for evacuation
[2023-11-12T18:49:29.410+0100][gc,phases     ] GC(1162)   Pre Evacuate Collection Set: 0,0ms
[2023-11-12T18:49:29.410+0100][gc,phases     ] GC(1162)   Evacuate Collection Set: 8,4ms
[2023-11-12T18:49:29.410+0100][gc,phases     ] GC(1162)   Post Evacuate Collection Set: 0,6ms
[2023-11-12T18:49:29.410+0100][gc,phases     ] GC(1162)   Other: 0,2ms
[2023-11-12T18:49:29.410+0100][gc,heap       ] GC(1162) Eden regions: 516->0(510)
[2023-11-12T18:49:29.410+0100][gc,heap       ] GC(1162) Survivor regions: 26->29(68)
[2023-11-12T18:49:29.410+0100][gc,heap       ] GC(1162) Old regions: 224->224
[2023-11-12T18:49:29.410+0100][gc,heap       ] GC(1162) Humongous regions: 129->129
[2023-11-12T18:49:29.410+0100][gc,metaspace  ] GC(1162) Metaspace: 48026K(51968K)->48026K(51968K) NonClass: 42092K(44288K)->42092K(44288K) Class: 5933K(7680K)->5933K(7680K)
[2023-11-12T18:49:29.410+0100][gc            ] GC(1162) Pause Young (Normal) (G1 Evacuation Pause) 892M->379M(1024M) 9,302ms
[2023-11-12T18:49:29.410+0100][gc,cpu        ] GC(1162) User=0,10s Sys=0,00s Real=0,01s
[2023-11-12T18:49:30.637+0100][gc,start      ] GC(1163) Pause Young (Normal) (G1 Evacuation Pause)
[2023-11-12T18:49:30.637+0100][gc,task       ] GC(1163) Using 13 workers of 13 for evacuation
[2023-11-12T18:49:30.652+0100][gc,phases     ] GC(1163)   Pre Evacuate Collection Set: 0,0ms
[2023-11-12T18:49:30.652+0100][gc,phases     ] GC(1163)   Evacuate Collection Set: 14,3ms
[2023-11-12T18:49:30.652+0100][gc,phases     ] GC(1163)   Post Evacuate Collection Set: 0,6ms
[2023-11-12T18:49:30.652+0100][gc,phases     ] GC(1163)   Other: 0,2ms
[2023-11-12T18:49:30.652+0100][gc,heap       ] GC(1163) Eden regions: 510->0(506)
[2023-11-12T18:49:30.652+0100][gc,heap       ] GC(1163) Survivor regions: 29->31(68)
[2023-11-12T18:49:30.652+0100][gc,heap       ] GC(1163) Old regions: 224->224
[2023-11-12T18:49:30.652+0100][gc,heap       ] GC(1163) Humongous regions: 129->129
[2023-11-12T18:49:30.652+0100][gc,metaspace  ] GC(1163) Metaspace: 48026K(51968K)->48026K(51968K) NonClass: 42092K(44288K)->42092K(44288K) Class: 5933K(7680K)->5933K(7680K)
[2023-11-12T18:49:30.652+0100][gc            ] GC(1163) Pause Young (Normal) (G1 Evacuation Pause) 889M->381M(1024M) 15,161ms
[2023-11-12T18:49:30.652+0100][gc,cpu        ] GC(1163) User=0,14s Sys=0,02s Real=0,01s
[2023-11-12T18:49:31.863+0100][gc,start      ] GC(1164) Pause Young (Normal) (G1 Evacuation Pause)
[2023-11-12T18:49:31.863+0100][gc,task       ] GC(1164) Using 13 workers of 13 for evacuation
[2023-11-12T18:49:31.874+0100][gc,phases     ] GC(1164)   Pre Evacuate Collection Set: 0,0ms
[2023-11-12T18:49:31.874+0100][gc,phases     ] GC(1164)   Evacuate Collection Set: 9,8ms
[2023-11-12T18:49:31.874+0100][gc,phases     ] GC(1164)   Post Evacuate Collection Set: 0,6ms
[2023-11-12T18:49:31.874+0100][gc,phases     ] GC(1164)   Other: 0,2ms
[2023-11-12T18:49:31.874+0100][gc,heap       ] GC(1164) Eden regions: 506->0(502)
[2023-11-12T18:49:31.874+0100][gc,heap       ] GC(1164) Survivor regions: 31->33(68)
[2023-11-12T18:49:31.874+0100][gc,heap       ] GC(1164) Old regions: 224->224
[2023-11-12T18:49:31.874+0100][gc,heap       ] GC(1164) Humongous regions: 129->129
[2023-11-12T18:49:31.874+0100][gc,metaspace  ] GC(1164) Metaspace: 48026K(51968K)->48026K(51968K) NonClass: 42092K(44288K)->42092K(44288K) Class: 5933K(7680K)->5933K(7680K)
[2023-11-12T18:49:31.874+0100][gc            ] GC(1164) Pause Young (Normal) (G1 Evacuation Pause) 887M->383M(1024M) 10,791ms
[2023-11-12T18:49:31.874+0100][gc,cpu        ] GC(1164) User=0,09s Sys=0,00s Real=0,01s
[2023-11-12T18:49:33.085+0100][gc,start      ] GC(1165) Pause Young (Normal) (G1 Evacuation Pause)
[2023-11-12T18:49:33.085+0100][gc,task       ] GC(1165) Using 13 workers of 13 for evacuation
[2023-11-12T18:49:33.090+0100][gc,phases     ] GC(1165)   Pre Evacuate Collection Set: 0,0ms
[2023-11-12T18:49:33.090+0100][gc,phases     ] GC(1165)   Evacuate Collection Set: 3,9ms
[2023-11-12T18:49:33.090+0100][gc,phases     ] GC(1165)   Post Evacuate Collection Set: 0,7ms
[2023-11-12T18:49:33.090+0100][gc,phases     ] GC(1165)   Other: 0,2ms
[2023-11-12T18:49:33.090+0100][gc,heap       ] GC(1165) Eden regions: 502->0(550)
[2023-11-12T18:49:33.090+0100][gc,heap       ] GC(1165) Survivor regions: 33->6(67)
[2023-11-12T18:49:33.090+0100][gc,heap       ] GC(1165) Old regions: 224->224
[2023-11-12T18:49:33.090+0100][gc,heap       ] GC(1165) Humongous regions: 129->129
[2023-11-12T18:49:33.090+0100][gc,metaspace  ] GC(1165) Metaspace: 48026K(51968K)->48026K(51968K) NonClass: 42092K(44288K)->42092K(44288K) Class: 5933K(7680K)->5933K(7680K)
[2023-11-12T18:49:33.090+0100][gc            ] GC(1165) Pause Young (Normal) (G1 Evacuation Pause) 885M->356M(1024M) 5,057ms
[2023-11-12T18:49:33.090+0100][gc,cpu        ] GC(1165) User=0,02s Sys=0,02s Real=0,00s
[2023-11-12T18:49:34.506+0100][gc,start      ] GC(1166) Pause Young (Normal) (G1 Evacuation Pause)
[2023-11-12T18:49:34.506+0100][gc,task       ] GC(1166) Using 13 workers of 13 for evacuation
[2023-11-12T18:49:34.510+0100][gc,phases     ] GC(1166)   Pre Evacuate Collection Set: 0,0ms
[2023-11-12T18:49:34.510+0100][gc,phases     ] GC(1166)   Evacuate Collection Set: 3,2ms
[2023-11-12T18:49:34.510+0100][gc,phases     ] GC(1166)   Post Evacuate Collection Set: 0,6ms
[2023-11-12T18:49:34.510+0100][gc,phases     ] GC(1166)   Other: 0,2ms
[2023-11-12T18:49:34.510+0100][gc,heap       ] GC(1166) Eden regions: 550->0(548)
[2023-11-12T18:49:34.510+0100][gc,heap       ] GC(1166) Survivor regions: 6->8(70)
[2023-11-12T18:49:34.510+0100][gc,heap       ] GC(1166) Old regions: 224->224
[2023-11-12T18:49:34.510+0100][gc,heap       ] GC(1166) Humongous regions: 129->129
[2023-11-12T18:49:34.510+0100][gc,metaspace  ] GC(1166) Metaspace: 48026K(51968K)->48026K(51968K) NonClass: 42092K(44288K)->42092K(44288K) Class: 5933K(7680K)->5933K(7680K)
[2023-11-12T18:49:34.510+0100][gc            ] GC(1166) Pause Young (Normal) (G1 Evacuation Pause) 906M->358M(1024M) 4,099ms
[2023-11-12T18:49:34.511+0100][gc,cpu        ] GC(1166) User=0,03s Sys=0,01s Real=0,00s
[2023-11-12T18:49:35.814+0100][gc,start      ] GC(1167) Pause Young (Normal) (G1 Evacuation Pause)
[2023-11-12T18:49:35.814+0100][gc,task       ] GC(1167) Using 13 workers of 13 for evacuation
[2023-11-12T18:49:35.819+0100][gc,phases     ] GC(1167)   Pre Evacuate Collection Set: 0,0ms
[2023-11-12T18:49:35.819+0100][gc,phases     ] GC(1167)   Evacuate Collection Set: 4,3ms
[2023-11-12T18:49:35.819+0100][gc,phases     ] GC(1167)   Post Evacuate Collection Set: 0,5ms
[2023-11-12T18:49:35.819+0100][gc,phases     ] GC(1167)   Other: 0,2ms
[2023-11-12T18:49:35.819+0100][gc,heap       ] GC(1167) Eden regions: 548->0(547)
[2023-11-12T18:49:35.819+0100][gc,heap       ] GC(1167) Survivor regions: 8->10(70)
[2023-11-12T18:49:35.819+0100][gc,heap       ] GC(1167) Old regions: 224->224
[2023-11-12T18:49:35.819+0100][gc,heap       ] GC(1167) Humongous regions: 129->129
[2023-11-12T18:49:35.819+0100][gc,metaspace  ] GC(1167) Metaspace: 48026K(51968K)->48026K(51968K) NonClass: 42092K(44288K)->42092K(44288K) Class: 5933K(7680K)->5933K(7680K)
[2023-11-12T18:49:35.819+0100][gc            ] GC(1167) Pause Young (Normal) (G1 Evacuation Pause) 906M->360M(1024M) 5,226ms
[2023-11-12T18:49:35.819+0100][gc,cpu        ] GC(1167) User=0,05s Sys=0,00s Real=0,00s
[2023-11-12T18:49:37.100+0100][gc,start      ] GC(1168) Pause Young (Normal) (G1 Evacuation Pause)
[2023-11-12T18:49:37.100+0100][gc,task       ] GC(1168) Using 13 workers of 13 for evacuation
[2023-11-12T18:49:37.106+0100][gc,phases     ] GC(1168)   Pre Evacuate Collection Set: 0,0ms
[2023-11-12T18:49:37.106+0100][gc,phases     ] GC(1168)   Evacuate Collection Set: 5,1ms
[2023-11-12T18:49:37.106+0100][gc,phases     ] GC(1168)   Post Evacuate Collection Set: 0,6ms
[2023-11-12T18:49:37.106+0100][gc,phases     ] GC(1168)   Other: 0,2ms
[2023-11-12T18:49:37.106+0100][gc,heap       ] GC(1168) Eden regions: 547->0(542)
[2023-11-12T18:49:37.106+0100][gc,heap       ] GC(1168) Survivor regions: 10->13(70)
[2023-11-12T18:49:37.106+0100][gc,heap       ] GC(1168) Old regions: 224->224
[2023-11-12T18:49:37.106+0100][gc,heap       ] GC(1168) Humongous regions: 129->129
[2023-11-12T18:49:37.106+0100][gc,metaspace  ] GC(1168) Metaspace: 48026K(51968K)->48026K(51968K) NonClass: 42092K(44288K)->42092K(44288K) Class: 5933K(7680K)->5933K(7680K)
[2023-11-12T18:49:37.106+0100][gc            ] GC(1168) Pause Young (Normal) (G1 Evacuation Pause) 907M->363M(1024M) 5,975ms
[2023-11-12T18:49:37.106+0100][gc,cpu        ] GC(1168) User=0,04s Sys=0,03s Real=0,01s
[2023-11-12T18:49:38.366+0100][gc,start      ] GC(1169) Pause Young (Normal) (G1 Evacuation Pause)
[2023-11-12T18:49:38.366+0100][gc,task       ] GC(1169) Using 13 workers of 13 for evacuation
[2023-11-12T18:49:38.373+0100][gc,phases     ] GC(1169)   Pre Evacuate Collection Set: 0,0ms
[2023-11-12T18:49:38.373+0100][gc,phases     ] GC(1169)   Evacuate Collection Set: 6,0ms
[2023-11-12T18:49:38.373+0100][gc,phases     ] GC(1169)   Post Evacuate Collection Set: 0,6ms
[2023-11-12T18:49:38.373+0100][gc,phases     ] GC(1169)   Other: 0,2ms
[2023-11-12T18:49:38.373+0100][gc,heap       ] GC(1169) Eden regions: 542->0(536)
[2023-11-12T18:49:38.373+0100][gc,heap       ] GC(1169) Survivor regions: 13->16(70)
[2023-11-12T18:49:38.373+0100][gc,heap       ] GC(1169) Old regions: 224->224
[2023-11-12T18:49:38.373+0100][gc,heap       ] GC(1169) Humongous regions: 129->129
[2023-11-12T18:49:38.373+0100][gc,metaspace  ] GC(1169) Metaspace: 48026K(51968K)->48026K(51968K) NonClass: 42092K(44288K)->42092K(44288K) Class: 5933K(7680K)->5933K(7680K)
[2023-11-12T18:49:38.373+0100][gc            ] GC(1169) Pause Young (Normal) (G1 Evacuation Pause) 905M->366M(1024M) 6,969ms
[2023-11-12T18:49:38.373+0100][gc,cpu        ] GC(1169) User=0,06s Sys=0,02s Real=0,00s
[2023-11-12T18:49:39.601+0100][gc,start      ] GC(1170) Pause Young (Normal) (G1 Evacuation Pause)
[2023-11-12T18:49:39.601+0100][gc,task       ] GC(1170) Using 13 workers of 13 for evacuation
[2023-11-12T18:49:39.607+0100][gc,phases     ] GC(1170)   Pre Evacuate Collection Set: 0,0ms
[2023-11-12T18:49:39.607+0100][gc,phases     ] GC(1170)   Evacuate Collection Set: 5,9ms
[2023-11-12T18:49:39.607+0100][gc,phases     ] GC(1170)   Post Evacuate Collection Set: 0,6ms
[2023-11-12T18:49:39.607+0100][gc,phases     ] GC(1170)   Other: 0,2ms
[2023-11-12T18:49:39.607+0100][gc,heap       ] GC(1170) Eden regions: 536->0(532)
[2023-11-12T18:49:39.607+0100][gc,heap       ] GC(1170) Survivor regions: 16->18(69)
[2023-11-12T18:49:39.607+0100][gc,heap       ] GC(1170) Old regions: 224->224
[2023-11-12T18:49:39.607+0100][gc,heap       ] GC(1170) Humongous regions: 129->129
[2023-11-12T18:49:39.607+0100][gc,metaspace  ] GC(1170) Metaspace: 48026K(51968K)->48026K(51968K) NonClass: 42092K(44288K)->42092K(44288K) Class: 5933K(7680K)->5933K(7680K)
[2023-11-12T18:49:39.607+0100][gc            ] GC(1170) Pause Young (Normal) (G1 Evacuation Pause) 902M->369M(1024M) 6,813ms
[2023-11-12T18:49:39.607+0100][gc,cpu        ] GC(1170) User=0,08s Sys=0,00s Real=0,01s
[2023-11-12T18:49:40.818+0100][gc,start      ] GC(1171) Pause Young (Normal) (G1 Evacuation Pause)
[2023-11-12T18:49:40.818+0100][gc,task       ] GC(1171) Using 13 workers of 13 for evacuation
[2023-11-12T18:49:40.825+0100][gc,phases     ] GC(1171)   Pre Evacuate Collection Set: 0,0ms
[2023-11-12T18:49:40.825+0100][gc,phases     ] GC(1171)   Evacuate Collection Set: 6,6ms
[2023-11-12T18:49:40.825+0100][gc,phases     ] GC(1171)   Post Evacuate Collection Set: 0,6ms
[2023-11-12T18:49:40.825+0100][gc,phases     ] GC(1171)   Other: 0,2ms
[2023-11-12T18:49:40.825+0100][gc,heap       ] GC(1171) Eden regions: 532->0(526)
[2023-11-12T18:49:40.825+0100][gc,heap       ] GC(1171) Survivor regions: 18->21(69)
[2023-11-12T18:49:40.825+0100][gc,heap       ] GC(1171) Old regions: 224->224
[2023-11-12T18:49:40.825+0100][gc,heap       ] GC(1171) Humongous regions: 129->129
[2023-11-12T18:49:40.825+0100][gc,metaspace  ] GC(1171) Metaspace: 48026K(51968K)->48026K(51968K) NonClass: 42092K(44288K)->42092K(44288K) Class: 5933K(7680K)->5933K(7680K)
[2023-11-12T18:49:40.825+0100][gc            ] GC(1171) Pause Young (Normal) (G1 Evacuation Pause) 901M->372M(1024M) 7,495ms
[2023-11-12T18:49:40.825+0100][gc,cpu        ] GC(1171) User=0,06s Sys=0,02s Real=0,01s
[2023-11-12T18:49:41.992+0100][gc,start      ] GC(1172) Pause Young (Normal) (G1 Evacuation Pause)
[2023-11-12T18:49:41.993+0100][gc,task       ] GC(1172) Using 13 workers of 13 for evacuation
[2023-11-12T18:49:42.000+0100][gc,phases     ] GC(1172)   Pre Evacuate Collection Set: 0,0ms
[2023-11-12T18:49:42.000+0100][gc,phases     ] GC(1172)   Evacuate Collection Set: 7,2ms
[2023-11-12T18:49:42.000+0100][gc,phases     ] GC(1172)   Post Evacuate Collection Set: 0,6ms
[2023-11-12T18:49:42.001+0100][gc,phases     ] GC(1172)   Other: 0,2ms
[2023-11-12T18:49:42.001+0100][gc,heap       ] GC(1172) Eden regions: 526->0(520)
[2023-11-12T18:49:42.001+0100][gc,heap       ] GC(1172) Survivor regions: 21->24(69)
[2023-11-12T18:49:42.001+0100][gc,heap       ] GC(1172) Old regions: 224->224
[2023-11-12T18:49:42.001+0100][gc,heap       ] GC(1172) Humongous regions: 129->129
[2023-11-12T18:49:42.001+0100][gc,metaspace  ] GC(1172) Metaspace: 48026K(51968K)->48026K(51968K) NonClass: 42092K(44288K)->42092K(44288K) Class: 5933K(7680K)->5933K(7680K)
[2023-11-12T18:49:42.001+0100][gc            ] GC(1172) Pause Young (Normal) (G1 Evacuation Pause) 898M->374M(1024M) 8,065ms
[2023-11-12T18:49:42.001+0100][gc,cpu        ] GC(1172) User=0,09s Sys=0,00s Real=0,01s
[2023-11-12T18:49:43.209+0100][gc,start      ] GC(1173) Pause Young (Normal) (G1 Evacuation Pause)
[2023-11-12T18:49:43.209+0100][gc,task       ] GC(1173) Using 13 workers of 13 for evacuation
[2023-11-12T18:49:43.218+0100][gc,phases     ] GC(1173)   Pre Evacuate Collection Set: 0,0ms
[2023-11-12T18:49:43.218+0100][gc,phases     ] GC(1173)   Evacuate Collection Set: 8,0ms
[2023-11-12T18:49:43.218+0100][gc,phases     ] GC(1173)   Post Evacuate Collection Set: 0,8ms
[2023-11-12T18:49:43.218+0100][gc,phases     ] GC(1173)   Other: 0,2ms
[2023-11-12T18:49:43.218+0100][gc,heap       ] GC(1173) Eden regions: 520->0(514)
[2023-11-12T18:49:43.218+0100][gc,heap       ] GC(1173) Survivor regions: 24->27(68)
[2023-11-12T18:49:43.218+0100][gc,heap       ] GC(1173) Old regions: 224->224
[2023-11-12T18:49:43.218+0100][gc,heap       ] GC(1173) Humongous regions: 129->129
[2023-11-12T18:49:43.218+0100][gc,metaspace  ] GC(1173) Metaspace: 48026K(51968K)->48026K(51968K) NonClass: 42092K(44288K)->42092K(44288K) Class: 5933K(7680K)->5933K(7680K)
[2023-11-12T18:49:43.218+0100][gc            ] GC(1173) Pause Young (Normal) (G1 Evacuation Pause) 894M->377M(1024M) 9,170ms
[2023-11-12T18:49:43.218+0100][gc,cpu        ] GC(1173) User=0,09s Sys=0,02s Real=0,01s
[2023-11-12T18:49:44.371+0100][gc,start      ] GC(1174) Pause Young (Normal) (G1 Evacuation Pause)
[2023-11-12T18:49:44.371+0100][gc,task       ] GC(1174) Using 13 workers of 13 for evacuation
[2023-11-12T18:49:44.381+0100][gc,phases     ] GC(1174)   Pre Evacuate Collection Set: 0,0ms
[2023-11-12T18:49:44.381+0100][gc,phases     ] GC(1174)   Evacuate Collection Set: 9,1ms
[2023-11-12T18:49:44.381+0100][gc,phases     ] GC(1174)   Post Evacuate Collection Set: 0,7ms
[2023-11-12T18:49:44.381+0100][gc,phases     ] GC(1174)   Other: 0,2ms
[2023-11-12T18:49:44.381+0100][gc,heap       ] GC(1174) Eden regions: 514->0(510)
[2023-11-12T18:49:44.381+0100][gc,heap       ] GC(1174) Survivor regions: 27->29(68)
[2023-11-12T18:49:44.381+0100][gc,heap       ] GC(1174) Old regions: 224->224
[2023-11-12T18:49:44.381+0100][gc,heap       ] GC(1174) Humongous regions: 129->129
[2023-11-12T18:49:44.381+0100][gc,metaspace  ] GC(1174) Metaspace: 48026K(51968K)->48026K(51968K) NonClass: 42092K(44288K)->42092K(44288K) Class: 5933K(7680K)->5933K(7680K)
[2023-11-12T18:49:44.381+0100][gc            ] GC(1174) Pause Young (Normal) (G1 Evacuation Pause) 891M->379M(1024M) 10,108ms
[2023-11-12T18:49:44.381+0100][gc,cpu        ] GC(1174) User=0,09s Sys=0,02s Real=0,02s
[2023-11-12T18:49:45.543+0100][gc,start      ] GC(1175) Pause Young (Normal) (G1 Evacuation Pause)
[2023-11-12T18:49:45.543+0100][gc,task       ] GC(1175) Using 13 workers of 13 for evacuation
[2023-11-12T18:49:45.554+0100][gc,phases     ] GC(1175)   Pre Evacuate Collection Set: 0,0ms
[2023-11-12T18:49:45.554+0100][gc,phases     ] GC(1175)   Evacuate Collection Set: 9,7ms
[2023-11-12T18:49:45.554+0100][gc,phases     ] GC(1175)   Post Evacuate Collection Set: 0,6ms
[2023-11-12T18:49:45.554+0100][gc,phases     ] GC(1175)   Other: 0,2ms
[2023-11-12T18:49:45.554+0100][gc,heap       ] GC(1175) Eden regions: 510->0(506)
[2023-11-12T18:49:45.554+0100][gc,heap       ] GC(1175) Survivor regions: 29->31(68)
[2023-11-12T18:49:45.554+0100][gc,heap       ] GC(1175) Old regions: 224->224
[2023-11-12T18:49:45.554+0100][gc,heap       ] GC(1175) Humongous regions: 129->129
[2023-11-12T18:49:45.554+0100][gc,metaspace  ] GC(1175) Metaspace: 48026K(51968K)->48026K(51968K) NonClass: 42092K(44288K)->42092K(44288K) Class: 5933K(7680K)->5933K(7680K)
[2023-11-12T18:49:45.554+0100][gc            ] GC(1175) Pause Young (Normal) (G1 Evacuation Pause) 889M->382M(1024M) 10,598ms
[2023-11-12T18:49:45.554+0100][gc,cpu        ] GC(1175) User=0,09s Sys=0,01s Real=0,01s
[2023-11-12T18:49:46.745+0100][gc,start      ] GC(1176) Pause Young (Normal) (G1 Evacuation Pause)
[2023-11-12T18:49:46.745+0100][gc,task       ] GC(1176) Using 13 workers of 13 for evacuation
[2023-11-12T18:49:46.748+0100][gc,phases     ] GC(1176)   Pre Evacuate Collection Set: 0,0ms
[2023-11-12T18:49:46.748+0100][gc,phases     ] GC(1176)   Evacuate Collection Set: 2,2ms
[2023-11-12T18:49:46.748+0100][gc,phases     ] GC(1176)   Post Evacuate Collection Set: 0,5ms
[2023-11-12T18:49:46.748+0100][gc,phases     ] GC(1176)   Other: 0,2ms
[2023-11-12T18:49:46.748+0100][gc,heap       ] GC(1176) Eden regions: 506->0(550)
[2023-11-12T18:49:46.748+0100][gc,heap       ] GC(1176) Survivor regions: 31->5(68)
[2023-11-12T18:49:46.748+0100][gc,heap       ] GC(1176) Old regions: 224->224
[2023-11-12T18:49:46.748+0100][gc,heap       ] GC(1176) Humongous regions: 129->129
[2023-11-12T18:49:46.748+0100][gc,metaspace  ] GC(1176) Metaspace: 48026K(51968K)->48026K(51968K) NonClass: 42092K(44288K)->42092K(44288K) Class: 5933K(7680K)->5933K(7680K)
[2023-11-12T18:49:46.748+0100][gc            ] GC(1176) Pause Young (Normal) (G1 Evacuation Pause) 888M->356M(1024M) 3,109ms
[2023-11-12T18:49:46.748+0100][gc,cpu        ] GC(1176) User=0,02s Sys=0,02s Real=0,00s
[2023-11-12T18:49:48.069+0100][gc,start      ] GC(1177) Pause Young (Normal) (G1 Evacuation Pause)
[2023-11-12T18:49:48.069+0100][gc,task       ] GC(1177) Using 13 workers of 13 for evacuation
[2023-11-12T18:49:48.073+0100][gc,phases     ] GC(1177)   Pre Evacuate Collection Set: 0,0ms
[2023-11-12T18:49:48.073+0100][gc,phases     ] GC(1177)   Evacuate Collection Set: 2,9ms
[2023-11-12T18:49:48.073+0100][gc,phases     ] GC(1177)   Post Evacuate Collection Set: 0,6ms
[2023-11-12T18:49:48.073+0100][gc,phases     ] GC(1177)   Other: 0,2ms
[2023-11-12T18:49:48.073+0100][gc,heap       ] GC(1177) Eden regions: 550->0(549)
[2023-11-12T18:49:48.073+0100][gc,heap       ] GC(1177) Survivor regions: 5->6(70)
[2023-11-12T18:49:48.073+0100][gc,heap       ] GC(1177) Old regions: 224->224
[2023-11-12T18:49:48.073+0100][gc,heap       ] GC(1177) Humongous regions: 129->129
[2023-11-12T18:49:48.073+0100][gc,metaspace  ] GC(1177) Metaspace: 48026K(51968K)->48026K(51968K) NonClass: 42092K(44288K)->42092K(44288K) Class: 5933K(7680K)->5933K(7680K)
[2023-11-12T18:49:48.073+0100][gc            ] GC(1177) Pause Young (Normal) (G1 Evacuation Pause) 906M->357M(1024M) 3,881ms
[2023-11-12T18:49:48.073+0100][gc,cpu        ] GC(1177) User=0,02s Sys=0,02s Real=0,00s
[2023-11-12T18:49:49.356+0100][gc,start      ] GC(1178) Pause Young (Normal) (G1 Evacuation Pause)
[2023-11-12T18:49:49.356+0100][gc,task       ] GC(1178) Using 13 workers of 13 for evacuation
[2023-11-12T18:49:49.360+0100][gc,phases     ] GC(1178)   Pre Evacuate Collection Set: 0,0ms
[2023-11-12T18:49:49.360+0100][gc,phases     ] GC(1178)   Evacuate Collection Set: 3,4ms
[2023-11-12T18:49:49.360+0100][gc,phases     ] GC(1178)   Post Evacuate Collection Set: 0,6ms
[2023-11-12T18:49:49.360+0100][gc,phases     ] GC(1178)   Other: 0,2ms
[2023-11-12T18:49:49.360+0100][gc,heap       ] GC(1178) Eden regions: 549->0(547)
[2023-11-12T18:49:49.360+0100][gc,heap       ] GC(1178) Survivor regions: 6->8(70)
[2023-11-12T18:49:49.360+0100][gc,heap       ] GC(1178) Old regions: 224->225
[2023-11-12T18:49:49.360+0100][gc,heap       ] GC(1178) Humongous regions: 129->129
[2023-11-12T18:49:49.360+0100][gc,metaspace  ] GC(1178) Metaspace: 48026K(51968K)->48026K(51968K) NonClass: 42092K(44288K)->42092K(44288K) Class: 5933K(7680K)->5933K(7680K)
[2023-11-12T18:49:49.360+0100][gc            ] GC(1178) Pause Young (Normal) (G1 Evacuation Pause) 906M->359M(1024M) 4,321ms
[2023-11-12T18:49:49.360+0100][gc,cpu        ] GC(1178) User=0,05s Sys=0,00s Real=0,00s
[2023-11-12T18:49:50.628+0100][gc,start      ] GC(1179) Pause Young (Normal) (G1 Evacuation Pause)
[2023-11-12T18:49:50.628+0100][gc,task       ] GC(1179) Using 13 workers of 13 for evacuation
[2023-11-12T18:49:50.634+0100][gc,phases     ] GC(1179)   Pre Evacuate Collection Set: 0,0ms
[2023-11-12T18:49:50.634+0100][gc,phases     ] GC(1179)   Evacuate Collection Set: 4,2ms
[2023-11-12T18:49:50.634+0100][gc,phases     ] GC(1179)   Post Evacuate Collection Set: 0,7ms
[2023-11-12T18:49:50.634+0100][gc,phases     ] GC(1179)   Other: 0,3ms
[2023-11-12T18:49:50.634+0100][gc,heap       ] GC(1179) Eden regions: 547->0(545)
[2023-11-12T18:49:50.634+0100][gc,heap       ] GC(1179) Survivor regions: 8->11(70)
[2023-11-12T18:49:50.634+0100][gc,heap       ] GC(1179) Old regions: 225->225
[2023-11-12T18:49:50.634+0100][gc,heap       ] GC(1179) Humongous regions: 129->129
[2023-11-12T18:49:50.634+0100][gc,metaspace  ] GC(1179) Metaspace: 48026K(51968K)->48026K(51968K) NonClass: 42092K(44288K)->42092K(44288K) Class: 5933K(7680K)->5933K(7680K)
[2023-11-12T18:49:50.634+0100][gc            ] GC(1179) Pause Young (Normal) (G1 Evacuation Pause) 906M->361M(1024M) 5,412ms
[2023-11-12T18:49:50.634+0100][gc,cpu        ] GC(1179) User=0,05s Sys=0,00s Real=0,01s
[2023-11-12T18:49:51.927+0100][gc,start      ] GC(1180) Pause Young (Normal) (G1 Evacuation Pause)
[2023-11-12T18:49:51.927+0100][gc,task       ] GC(1180) Using 13 workers of 13 for evacuation
[2023-11-12T18:49:51.932+0100][gc,phases     ] GC(1180)   Pre Evacuate Collection Set: 0,0ms
[2023-11-12T18:49:51.932+0100][gc,phases     ] GC(1180)   Evacuate Collection Set: 4,9ms
[2023-11-12T18:49:51.932+0100][gc,phases     ] GC(1180)   Post Evacuate Collection Set: 0,6ms
[2023-11-12T18:49:51.932+0100][gc,phases     ] GC(1180)   Other: 0,3ms
[2023-11-12T18:49:51.932+0100][gc,heap       ] GC(1180) Eden regions: 545->0(541)
[2023-11-12T18:49:51.932+0100][gc,heap       ] GC(1180) Survivor regions: 11->13(70)
[2023-11-12T18:49:51.932+0100][gc,heap       ] GC(1180) Old regions: 225->225
[2023-11-12T18:49:51.932+0100][gc,heap       ] GC(1180) Humongous regions: 129->129
[2023-11-12T18:49:51.932+0100][gc,metaspace  ] GC(1180) Metaspace: 48026K(51968K)->48026K(51968K) NonClass: 42092K(44288K)->42092K(44288K) Class: 5933K(7680K)->5933K(7680K)
[2023-11-12T18:49:51.932+0100][gc            ] GC(1180) Pause Young (Normal) (G1 Evacuation Pause) 906M->364M(1024M) 5,831ms
[2023-11-12T18:49:51.933+0100][gc,cpu        ] GC(1180) User=0,05s Sys=0,01s Real=0,00s
[2023-11-12T18:49:53.236+0100][gc,start      ] GC(1181) Pause Young (Normal) (G1 Evacuation Pause)
[2023-11-12T18:49:53.236+0100][gc,task       ] GC(1181) Using 13 workers of 13 for evacuation
[2023-11-12T18:49:53.243+0100][gc,phases     ] GC(1181)   Pre Evacuate Collection Set: 0,0ms
[2023-11-12T18:49:53.243+0100][gc,phases     ] GC(1181)   Evacuate Collection Set: 6,4ms
[2023-11-12T18:49:53.243+0100][gc,phases     ] GC(1181)   Post Evacuate Collection Set: 0,5ms
[2023-11-12T18:49:53.243+0100][gc,phases     ] GC(1181)   Other: 0,2ms
[2023-11-12T18:49:53.243+0100][gc,heap       ] GC(1181) Eden regions: 541->0(535)
[2023-11-12T18:49:53.243+0100][gc,heap       ] GC(1181) Survivor regions: 13->16(70)
[2023-11-12T18:49:53.243+0100][gc,heap       ] GC(1181) Old regions: 225->225
[2023-11-12T18:49:53.243+0100][gc,heap       ] GC(1181) Humongous regions: 129->129
[2023-11-12T18:49:53.243+0100][gc,metaspace  ] GC(1181) Metaspace: 48026K(51968K)->48026K(51968K) NonClass: 42092K(44288K)->42092K(44288K) Class: 5933K(7680K)->5933K(7680K)
[2023-11-12T18:49:53.243+0100][gc            ] GC(1181) Pause Young (Normal) (G1 Evacuation Pause) 905M->367M(1024M) 7,202ms
[2023-11-12T18:49:53.243+0100][gc,cpu        ] GC(1181) User=0,08s Sys=0,00s Real=0,01s
[2023-11-12T18:49:54.536+0100][gc,start      ] GC(1182) Pause Young (Normal) (G1 Evacuation Pause)
[2023-11-12T18:49:54.536+0100][gc,task       ] GC(1182) Using 13 workers of 13 for evacuation
[2023-11-12T18:49:54.543+0100][gc,phases     ] GC(1182)   Pre Evacuate Collection Set: 0,0ms
[2023-11-12T18:49:54.543+0100][gc,phases     ] GC(1182)   Evacuate Collection Set: 6,4ms
[2023-11-12T18:49:54.543+0100][gc,phases     ] GC(1182)   Post Evacuate Collection Set: 0,6ms
[2023-11-12T18:49:54.544+0100][gc,phases     ] GC(1182)   Other: 0,3ms
[2023-11-12T18:49:54.544+0100][gc,heap       ] GC(1182) Eden regions: 535->0(531)
[2023-11-12T18:49:54.544+0100][gc,heap       ] GC(1182) Survivor regions: 16->18(69)
[2023-11-12T18:49:54.544+0100][gc,heap       ] GC(1182) Old regions: 225->225
[2023-11-12T18:49:54.544+0100][gc,heap       ] GC(1182) Humongous regions: 129->129
[2023-11-12T18:49:54.544+0100][gc,metaspace  ] GC(1182) Metaspace: 48026K(51968K)->48026K(51968K) NonClass: 42092K(44288K)->42092K(44288K) Class: 5933K(7680K)->5933K(7680K)
[2023-11-12T18:49:54.544+0100][gc            ] GC(1182) Pause Young (Normal) (G1 Evacuation Pause) 902M->369M(1024M) 7,417ms
[2023-11-12T18:49:54.544+0100][gc,cpu        ] GC(1182) User=0,07s Sys=0,00s Real=0,01s
[2023-11-12T18:49:55.865+0100][gc,start      ] GC(1183) Pause Young (Normal) (G1 Evacuation Pause)
[2023-11-12T18:49:55.865+0100][gc,task       ] GC(1183) Using 13 workers of 13 for evacuation
[2023-11-12T18:49:55.872+0100][gc,phases     ] GC(1183)   Pre Evacuate Collection Set: 0,0ms
[2023-11-12T18:49:55.872+0100][gc,phases     ] GC(1183)   Evacuate Collection Set: 6,3ms
[2023-11-12T18:49:55.872+0100][gc,phases     ] GC(1183)   Post Evacuate Collection Set: 0,6ms
[2023-11-12T18:49:55.872+0100][gc,phases     ] GC(1183)   Other: 0,2ms
[2023-11-12T18:49:55.872+0100][gc,heap       ] GC(1183) Eden regions: 531->0(529)
[2023-11-12T18:49:55.872+0100][gc,heap       ] GC(1183) Survivor regions: 18->19(69)
[2023-11-12T18:49:55.872+0100][gc,heap       ] GC(1183) Old regions: 225->225
[2023-11-12T18:49:55.872+0100][gc,heap       ] GC(1183) Humongous regions: 129->129
[2023-11-12T18:49:55.872+0100][gc,metaspace  ] GC(1183) Metaspace: 48026K(51968K)->48026K(51968K) NonClass: 42092K(44288K)->42092K(44288K) Class: 5933K(7680K)->5933K(7680K)
[2023-11-12T18:49:55.872+0100][gc            ] GC(1183) Pause Young (Normal) (G1 Evacuation Pause) 900M->371M(1024M) 7,225ms
[2023-11-12T18:49:55.872+0100][gc,cpu        ] GC(1183) User=0,06s Sys=0,02s Real=0,00s
[2023-11-12T18:49:57.237+0100][gc,start      ] GC(1184) Pause Young (Normal) (G1 Evacuation Pause)
[2023-11-12T18:49:57.237+0100][gc,task       ] GC(1184) Using 13 workers of 13 for evacuation
[2023-11-12T18:49:57.244+0100][gc,phases     ] GC(1184)   Pre Evacuate Collection Set: 0,0ms
[2023-11-12T18:49:57.244+0100][gc,phases     ] GC(1184)   Evacuate Collection Set: 6,4ms
[2023-11-12T18:49:57.244+0100][gc,phases     ] GC(1184)   Post Evacuate Collection Set: 0,5ms
[2023-11-12T18:49:57.244+0100][gc,phases     ] GC(1184)   Other: 0,2ms
[2023-11-12T18:49:57.244+0100][gc,heap       ] GC(1184) Eden regions: 529->0(525)
[2023-11-12T18:49:57.244+0100][gc,heap       ] GC(1184) Survivor regions: 19->21(69)
[2023-11-12T18:49:57.244+0100][gc,heap       ] GC(1184) Old regions: 225->225
[2023-11-12T18:49:57.244+0100][gc,heap       ] GC(1184) Humongous regions: 129->129
[2023-11-12T18:49:57.244+0100][gc,metaspace  ] GC(1184) Metaspace: 48026K(51968K)->48026K(51968K) NonClass: 42092K(44288K)->42092K(44288K) Class: 5933K(7680K)->5933K(7680K)
[2023-11-12T18:49:57.244+0100][gc            ] GC(1184) Pause Young (Normal) (G1 Evacuation Pause) 900M->372M(1024M) 7,285ms
[2023-11-12T18:49:57.244+0100][gc,cpu        ] GC(1184) User=0,08s Sys=0,00s Real=0,01s
[2023-11-12T18:49:58.589+0100][gc,start      ] GC(1185) Pause Young (Normal) (G1 Evacuation Pause)
[2023-11-12T18:49:58.589+0100][gc,task       ] GC(1185) Using 13 workers of 13 for evacuation
[2023-11-12T18:49:58.597+0100][gc,phases     ] GC(1185)   Pre Evacuate Collection Set: 0,0ms
[2023-11-12T18:49:58.597+0100][gc,phases     ] GC(1185)   Evacuate Collection Set: 7,2ms
[2023-11-12T18:49:58.597+0100][gc,phases     ] GC(1185)   Post Evacuate Collection Set: 0,6ms
[2023-11-12T18:49:58.597+0100][gc,phases     ] GC(1185)   Other: 0,2ms
[2023-11-12T18:49:58.597+0100][gc,heap       ] GC(1185) Eden regions: 525->0(521)
[2023-11-12T18:49:58.597+0100][gc,heap       ] GC(1185) Survivor regions: 21->23(69)
[2023-11-12T18:49:58.597+0100][gc,heap       ] GC(1185) Old regions: 225->225
[2023-11-12T18:49:58.597+0100][gc,heap       ] GC(1185) Humongous regions: 129->129
[2023-11-12T18:49:58.597+0100][gc,metaspace  ] GC(1185) Metaspace: 48026K(51968K)->48026K(51968K) NonClass: 42092K(44288K)->42092K(44288K) Class: 5933K(7680K)->5933K(7680K)
[2023-11-12T18:49:58.597+0100][gc            ] GC(1185) Pause Young (Normal) (G1 Evacuation Pause) 897M->374M(1024M) 8,063ms
[2023-11-12T18:49:58.597+0100][gc,cpu        ] GC(1185) User=0,09s Sys=0,01s Real=0,01s
[2023-11-12T18:49:59.972+0100][gc,start      ] GC(1186) Pause Young (Normal) (G1 Evacuation Pause)
[2023-11-12T18:49:59.972+0100][gc,task       ] GC(1186) Using 13 workers of 13 for evacuation
[2023-11-12T18:49:59.980+0100][gc,phases     ] GC(1186)   Pre Evacuate Collection Set: 0,0ms
[2023-11-12T18:49:59.980+0100][gc,phases     ] GC(1186)   Evacuate Collection Set: 7,2ms
[2023-11-12T18:49:59.980+0100][gc,phases     ] GC(1186)   Post Evacuate Collection Set: 0,6ms
[2023-11-12T18:49:59.980+0100][gc,phases     ] GC(1186)   Other: 0,2ms
[2023-11-12T18:49:59.980+0100][gc,heap       ] GC(1186) Eden regions: 521->0(517)
[2023-11-12T18:49:59.980+0100][gc,heap       ] GC(1186) Survivor regions: 23->25(68)
[2023-11-12T18:49:59.980+0100][gc,heap       ] GC(1186) Old regions: 225->225
[2023-11-12T18:49:59.980+0100][gc,heap       ] GC(1186) Humongous regions: 129->129
[2023-11-12T18:49:59.980+0100][gc,metaspace  ] GC(1186) Metaspace: 48026K(51968K)->48026K(51968K) NonClass: 42092K(44288K)->42092K(44288K) Class: 5933K(7680K)->5933K(7680K)
[2023-11-12T18:49:59.980+0100][gc            ] GC(1186) Pause Young (Normal) (G1 Evacuation Pause) 895M->376M(1024M) 8,101ms
[2023-11-12T18:49:59.980+0100][gc,cpu        ] GC(1186) User=0,09s Sys=0,00s Real=0,01s
[2023-11-12T18:50:01.305+0100][gc,start      ] GC(1187) Pause Young (Normal) (G1 Evacuation Pause)
[2023-11-12T18:50:01.305+0100][gc,task       ] GC(1187) Using 13 workers of 13 for evacuation
[2023-11-12T18:50:01.314+0100][gc,phases     ] GC(1187)   Pre Evacuate Collection Set: 0,0ms
[2023-11-12T18:50:01.314+0100][gc,phases     ] GC(1187)   Evacuate Collection Set: 7,8ms
[2023-11-12T18:50:01.314+0100][gc,phases     ] GC(1187)   Post Evacuate Collection Set: 0,6ms
[2023-11-12T18:50:01.314+0100][gc,phases     ] GC(1187)   Other: 0,2ms
[2023-11-12T18:50:01.314+0100][gc,heap       ] GC(1187) Eden regions: 517->0(515)
[2023-11-12T18:50:01.314+0100][gc,heap       ] GC(1187) Survivor regions: 25->26(68)
[2023-11-12T18:50:01.314+0100][gc,heap       ] GC(1187) Old regions: 225->225
[2023-11-12T18:50:01.314+0100][gc,heap       ] GC(1187) Humongous regions: 129->129
[2023-11-12T18:50:01.314+0100][gc,metaspace  ] GC(1187) Metaspace: 48026K(51968K)->48026K(51968K) NonClass: 42092K(44288K)->42092K(44288K) Class: 5933K(7680K)->5933K(7680K)
[2023-11-12T18:50:01.314+0100][gc            ] GC(1187) Pause Young (Normal) (G1 Evacuation Pause) 893M->377M(1024M) 8,726ms
[2023-11-12T18:50:01.314+0100][gc,cpu        ] GC(1187) User=0,09s Sys=0,00s Real=0,01s
[2023-11-12T18:50:02.626+0100][gc,start      ] GC(1188) Pause Young (Normal) (G1 Evacuation Pause)
[2023-11-12T18:50:02.626+0100][gc,task       ] GC(1188) Using 13 workers of 13 for evacuation
[2023-11-12T18:50:02.635+0100][gc,phases     ] GC(1188)   Pre Evacuate Collection Set: 0,0ms
[2023-11-12T18:50:02.635+0100][gc,phases     ] GC(1188)   Evacuate Collection Set: 7,9ms
[2023-11-12T18:50:02.635+0100][gc,phases     ] GC(1188)   Post Evacuate Collection Set: 0,6ms
[2023-11-12T18:50:02.635+0100][gc,phases     ] GC(1188)   Other: 0,2ms
[2023-11-12T18:50:02.635+0100][gc,heap       ] GC(1188) Eden regions: 515->0(511)
[2023-11-12T18:50:02.635+0100][gc,heap       ] GC(1188) Survivor regions: 26->28(68)
[2023-11-12T18:50:02.635+0100][gc,heap       ] GC(1188) Old regions: 225->225
[2023-11-12T18:50:02.635+0100][gc,heap       ] GC(1188) Humongous regions: 129->129
[2023-11-12T18:50:02.635+0100][gc,metaspace  ] GC(1188) Metaspace: 48026K(51968K)->48026K(51968K) NonClass: 42092K(44288K)->42092K(44288K) Class: 5933K(7680K)->5933K(7680K)
[2023-11-12T18:50:02.635+0100][gc            ] GC(1188) Pause Young (Normal) (G1 Evacuation Pause) 892M->379M(1024M) 8,816ms
[2023-11-12T18:50:02.635+0100][gc,cpu        ] GC(1188) User=0,08s Sys=0,02s Real=0,01s
[2023-11-12T18:50:03.941+0100][gc,start      ] GC(1189) Pause Young (Normal) (G1 Evacuation Pause)
[2023-11-12T18:50:03.941+0100][gc,task       ] GC(1189) Using 13 workers of 13 for evacuation
[2023-11-12T18:50:03.952+0100][gc,phases     ] GC(1189)   Pre Evacuate Collection Set: 0,0ms
[2023-11-12T18:50:03.952+0100][gc,phases     ] GC(1189)   Evacuate Collection Set: 9,8ms
[2023-11-12T18:50:03.952+0100][gc,phases     ] GC(1189)   Post Evacuate Collection Set: 0,6ms
[2023-11-12T18:50:03.952+0100][gc,phases     ] GC(1189)   Other: 0,2ms
[2023-11-12T18:50:03.952+0100][gc,heap       ] GC(1189) Eden regions: 511->0(509)
[2023-11-12T18:50:03.952+0100][gc,heap       ] GC(1189) Survivor regions: 28->29(68)
[2023-11-12T18:50:03.952+0100][gc,heap       ] GC(1189) Old regions: 225->225
[2023-11-12T18:50:03.952+0100][gc,heap       ] GC(1189) Humongous regions: 129->129
[2023-11-12T18:50:03.952+0100][gc,metaspace  ] GC(1189) Metaspace: 48026K(51968K)->48026K(51968K) NonClass: 42092K(44288K)->42092K(44288K) Class: 5933K(7680K)->5933K(7680K)
[2023-11-12T18:50:03.952+0100][gc            ] GC(1189) Pause Young (Normal) (G1 Evacuation Pause) 890M->381M(1024M) 10,747ms
[2023-11-12T18:50:03.952+0100][gc,cpu        ] GC(1189) User=0,12s Sys=0,00s Real=0,01s
[2023-11-12T18:50:05.253+0100][gc,start      ] GC(1190) Pause Young (Normal) (G1 Evacuation Pause)
[2023-11-12T18:50:05.253+0100][gc,task       ] GC(1190) Using 13 workers of 13 for evacuation
[2023-11-12T18:50:05.263+0100][gc,phases     ] GC(1190)   Pre Evacuate Collection Set: 0,0ms
[2023-11-12T18:50:05.263+0100][gc,phases     ] GC(1190)   Evacuate Collection Set: 8,7ms
[2023-11-12T18:50:05.263+0100][gc,phases     ] GC(1190)   Post Evacuate Collection Set: 0,6ms
[2023-11-12T18:50:05.263+0100][gc,phases     ] GC(1190)   Other: 0,2ms
[2023-11-12T18:50:05.263+0100][gc,heap       ] GC(1190) Eden regions: 509->0(505)
[2023-11-12T18:50:05.263+0100][gc,heap       ] GC(1190) Survivor regions: 29->31(68)
[2023-11-12T18:50:05.263+0100][gc,heap       ] GC(1190) Old regions: 225->225
[2023-11-12T18:50:05.263+0100][gc,heap       ] GC(1190) Humongous regions: 129->129
[2023-11-12T18:50:05.263+0100][gc,metaspace  ] GC(1190) Metaspace: 48026K(51968K)->48026K(51968K) NonClass: 42092K(44288K)->42092K(44288K) Class: 5933K(7680K)->5933K(7680K)
[2023-11-12T18:50:05.263+0100][gc            ] GC(1190) Pause Young (Normal) (G1 Evacuation Pause) 890M->383M(1024M) 9,623ms
[2023-11-12T18:50:05.263+0100][gc,cpu        ] GC(1190) User=0,11s Sys=0,00s Real=0,01s
[2023-11-12T18:50:06.570+0100][gc,start      ] GC(1191) Pause Young (Normal) (G1 Evacuation Pause)
[2023-11-12T18:50:06.570+0100][gc,task       ] GC(1191) Using 13 workers of 13 for evacuation
[2023-11-12T18:50:06.595+0100][gc,mmu        ] GC(1191) MMU target violated: 21,0ms (20,0ms/21,0ms)
[2023-11-12T18:50:06.595+0100][gc,phases     ] GC(1191)   Pre Evacuate Collection Set: 0,0ms
[2023-11-12T18:50:06.595+0100][gc,phases     ] GC(1191)   Evacuate Collection Set: 24,1ms
[2023-11-12T18:50:06.595+0100][gc,phases     ] GC(1191)   Post Evacuate Collection Set: 0,7ms
[2023-11-12T18:50:06.595+0100][gc,phases     ] GC(1191)   Other: 0,3ms
[2023-11-12T18:50:06.595+0100][gc,heap       ] GC(1191) Eden regions: 505->0(503)
[2023-11-12T18:50:06.595+0100][gc,heap       ] GC(1191) Survivor regions: 31->31(67)
[2023-11-12T18:50:06.595+0100][gc,heap       ] GC(1191) Old regions: 225->227
[2023-11-12T18:50:06.595+0100][gc,heap       ] GC(1191) Humongous regions: 129->129
[2023-11-12T18:50:06.595+0100][gc,metaspace  ] GC(1191) Metaspace: 48026K(51968K)->48026K(51968K) NonClass: 42092K(44288K)->42092K(44288K) Class: 5933K(7680K)->5933K(7680K)
[2023-11-12T18:50:06.595+0100][gc            ] GC(1191) Pause Young (Normal) (G1 Evacuation Pause) 888M->384M(1024M) 25,222ms
[2023-11-12T18:50:06.595+0100][gc,cpu        ] GC(1191) User=0,30s Sys=0,01s Real=0,03s
[2023-11-12T18:50:07.903+0100][gc,start      ] GC(1192) Pause Young (Normal) (G1 Evacuation Pause)
[2023-11-12T18:50:07.903+0100][gc,task       ] GC(1192) Using 13 workers of 13 for evacuation
[2023-11-12T18:50:07.906+0100][gc,phases     ] GC(1192)   Pre Evacuate Collection Set: 0,0ms
[2023-11-12T18:50:07.906+0100][gc,phases     ] GC(1192)   Evacuate Collection Set: 3,0ms
[2023-11-12T18:50:07.906+0100][gc,phases     ] GC(1192)   Post Evacuate Collection Set: 0,6ms
[2023-11-12T18:50:07.907+0100][gc,phases     ] GC(1192)   Other: 0,2ms
[2023-11-12T18:50:07.907+0100][gc,heap       ] GC(1192) Eden regions: 503->0(546)
[2023-11-12T18:50:07.907+0100][gc,heap       ] GC(1192) Survivor regions: 31->7(67)
[2023-11-12T18:50:07.907+0100][gc,heap       ] GC(1192) Old regions: 227->227
[2023-11-12T18:50:07.907+0100][gc,heap       ] GC(1192) Humongous regions: 129->129
[2023-11-12T18:50:07.907+0100][gc,metaspace  ] GC(1192) Metaspace: 48026K(51968K)->48026K(51968K) NonClass: 42092K(44288K)->42092K(44288K) Class: 5933K(7680K)->5933K(7680K)
[2023-11-12T18:50:07.907+0100][gc            ] GC(1192) Pause Young (Normal) (G1 Evacuation Pause) 887M->361M(1024M) 3,831ms
[2023-11-12T18:50:07.907+0100][gc,cpu        ] GC(1192) User=0,03s Sys=0,00s Real=0,00s
[2023-11-12T18:50:09.313+0100][gc,start      ] GC(1193) Pause Young (Normal) (G1 Evacuation Pause)
[2023-11-12T18:50:09.313+0100][gc,task       ] GC(1193) Using 13 workers of 13 for evacuation
[2023-11-12T18:50:09.317+0100][gc,phases     ] GC(1193)   Pre Evacuate Collection Set: 0,0ms
[2023-11-12T18:50:09.317+0100][gc,phases     ] GC(1193)   Evacuate Collection Set: 3,4ms
[2023-11-12T18:50:09.317+0100][gc,phases     ] GC(1193)   Post Evacuate Collection Set: 0,6ms
[2023-11-12T18:50:09.317+0100][gc,phases     ] GC(1193)   Other: 0,2ms
[2023-11-12T18:50:09.317+0100][gc,heap       ] GC(1193) Eden regions: 546->0(547)
[2023-11-12T18:50:09.317+0100][gc,heap       ] GC(1193) Survivor regions: 7->7(70)
[2023-11-12T18:50:09.317+0100][gc,heap       ] GC(1193) Old regions: 227->227
[2023-11-12T18:50:09.317+0100][gc,heap       ] GC(1193) Humongous regions: 129->129
[2023-11-12T18:50:09.317+0100][gc,metaspace  ] GC(1193) Metaspace: 48026K(51968K)->48026K(51968K) NonClass: 42092K(44288K)->42092K(44288K) Class: 5933K(7680K)->5933K(7680K)
[2023-11-12T18:50:09.317+0100][gc            ] GC(1193) Pause Young (Normal) (G1 Evacuation Pause) 907M->360M(1024M) 4,403ms
[2023-11-12T18:50:09.317+0100][gc,cpu        ] GC(1193) User=0,04s Sys=0,01s Real=0,01s
[2023-11-12T18:50:10.688+0100][gc,start      ] GC(1194) Pause Young (Normal) (G1 Evacuation Pause)
[2023-11-12T18:50:10.688+0100][gc,task       ] GC(1194) Using 13 workers of 13 for evacuation
[2023-11-12T18:50:10.692+0100][gc,phases     ] GC(1194)   Pre Evacuate Collection Set: 0,0ms
[2023-11-12T18:50:10.692+0100][gc,phases     ] GC(1194)   Evacuate Collection Set: 3,5ms
[2023-11-12T18:50:10.692+0100][gc,phases     ] GC(1194)   Post Evacuate Collection Set: 0,6ms
[2023-11-12T18:50:10.692+0100][gc,phases     ] GC(1194)   Other: 0,2ms
[2023-11-12T18:50:10.692+0100][gc,heap       ] GC(1194) Eden regions: 547->0(546)
[2023-11-12T18:50:10.692+0100][gc,heap       ] GC(1194) Survivor regions: 7->8(70)
[2023-11-12T18:50:10.692+0100][gc,heap       ] GC(1194) Old regions: 227->228
[2023-11-12T18:50:10.692+0100][gc,heap       ] GC(1194) Humongous regions: 129->129
[2023-11-12T18:50:10.692+0100][gc,metaspace  ] GC(1194) Metaspace: 48026K(51968K)->48026K(51968K) NonClass: 42092K(44288K)->42092K(44288K) Class: 5933K(7680K)->5933K(7680K)
[2023-11-12T18:50:10.692+0100][gc            ] GC(1194) Pause Young (Normal) (G1 Evacuation Pause) 907M->362M(1024M) 4,345ms
[2023-11-12T18:50:10.692+0100][gc,cpu        ] GC(1194) User=0,04s Sys=0,00s Real=0,00s
[2023-11-12T18:50:12.052+0100][gc,start      ] GC(1195) Pause Young (Normal) (G1 Evacuation Pause)
[2023-11-12T18:50:12.052+0100][gc,task       ] GC(1195) Using 13 workers of 13 for evacuation
[2023-11-12T18:50:12.070+0100][gc,phases     ] GC(1195)   Pre Evacuate Collection Set: 0,0ms
[2023-11-12T18:50:12.071+0100][gc,phases     ] GC(1195)   Evacuate Collection Set: 16,0ms
[2023-11-12T18:50:12.071+0100][gc,phases     ] GC(1195)   Post Evacuate Collection Set: 1,9ms
[2023-11-12T18:50:12.071+0100][gc,phases     ] GC(1195)   Other: 0,3ms
[2023-11-12T18:50:12.071+0100][gc,heap       ] GC(1195) Eden regions: 546->0(546)
[2023-11-12T18:50:12.071+0100][gc,heap       ] GC(1195) Survivor regions: 8->9(70)
[2023-11-12T18:50:12.071+0100][gc,heap       ] GC(1195) Old regions: 228->228
[2023-11-12T18:50:12.071+0100][gc,heap       ] GC(1195) Humongous regions: 129->129
[2023-11-12T18:50:12.071+0100][gc,metaspace  ] GC(1195) Metaspace: 48026K(51968K)->48026K(51968K) NonClass: 42092K(44288K)->42092K(44288K) Class: 5933K(7680K)->5933K(7680K)
[2023-11-12T18:50:12.071+0100][gc            ] GC(1195) Pause Young (Normal) (G1 Evacuation Pause) 908M->363M(1024M) 18,621ms
[2023-11-12T18:50:12.071+0100][gc,cpu        ] GC(1195) User=0,18s Sys=0,01s Real=0,02s
[2023-11-12T18:50:13.468+0100][gc,start      ] GC(1196) Pause Young (Normal) (G1 Evacuation Pause)
[2023-11-12T18:50:13.468+0100][gc,task       ] GC(1196) Using 13 workers of 13 for evacuation
[2023-11-12T18:50:13.473+0100][gc,phases     ] GC(1196)   Pre Evacuate Collection Set: 0,0ms
[2023-11-12T18:50:13.473+0100][gc,phases     ] GC(1196)   Evacuate Collection Set: 4,0ms
[2023-11-12T18:50:13.473+0100][gc,phases     ] GC(1196)   Post Evacuate Collection Set: 0,6ms
[2023-11-12T18:50:13.473+0100][gc,phases     ] GC(1196)   Other: 0,2ms
[2023-11-12T18:50:13.473+0100][gc,heap       ] GC(1196) Eden regions: 546->0(542)
[2023-11-12T18:50:13.473+0100][gc,heap       ] GC(1196) Survivor regions: 9->11(70)
[2023-11-12T18:50:13.473+0100][gc,heap       ] GC(1196) Old regions: 228->228
[2023-11-12T18:50:13.473+0100][gc,heap       ] GC(1196) Humongous regions: 129->129
[2023-11-12T18:50:13.473+0100][gc,metaspace  ] GC(1196) Metaspace: 48026K(51968K)->48026K(51968K) NonClass: 42092K(44288K)->42092K(44288K) Class: 5933K(7680K)->5933K(7680K)
[2023-11-12T18:50:13.473+0100][gc            ] GC(1196) Pause Young (Normal) (G1 Evacuation Pause) 909M->365M(1024M) 4,895ms
[2023-11-12T18:50:13.473+0100][gc,cpu        ] GC(1196) User=0,04s Sys=0,01s Real=0,00s
[2023-11-12T18:50:14.852+0100][gc,start      ] GC(1197) Pause Young (Normal) (G1 Evacuation Pause)
[2023-11-12T18:50:14.852+0100][gc,task       ] GC(1197) Using 13 workers of 13 for evacuation
[2023-11-12T18:50:14.857+0100][gc,phases     ] GC(1197)   Pre Evacuate Collection Set: 0,0ms
[2023-11-12T18:50:14.857+0100][gc,phases     ] GC(1197)   Evacuate Collection Set: 4,1ms
[2023-11-12T18:50:14.857+0100][gc,phases     ] GC(1197)   Post Evacuate Collection Set: 0,6ms
[2023-11-12T18:50:14.857+0100][gc,phases     ] GC(1197)   Other: 0,2ms
[2023-11-12T18:50:14.857+0100][gc,heap       ] GC(1197) Eden regions: 542->0(540)
[2023-11-12T18:50:14.857+0100][gc,heap       ] GC(1197) Survivor regions: 11->12(70)
[2023-11-12T18:50:14.857+0100][gc,heap       ] GC(1197) Old regions: 228->228
[2023-11-12T18:50:14.857+0100][gc,heap       ] GC(1197) Humongous regions: 129->129
[2023-11-12T18:50:14.857+0100][gc,metaspace  ] GC(1197) Metaspace: 48026K(51968K)->48026K(51968K) NonClass: 42092K(44288K)->42092K(44288K) Class: 5933K(7680K)->5933K(7680K)
[2023-11-12T18:50:14.857+0100][gc            ] GC(1197) Pause Young (Normal) (G1 Evacuation Pause) 907M->367M(1024M) 4,983ms
[2023-11-12T18:50:14.857+0100][gc,cpu        ] GC(1197) User=0,05s Sys=0,01s Real=0,01s
[2023-11-12T18:50:16.310+0100][gc,start      ] GC(1198) Pause Young (Normal) (G1 Evacuation Pause)
[2023-11-12T18:50:16.310+0100][gc,task       ] GC(1198) Using 13 workers of 13 for evacuation
[2023-11-12T18:50:16.316+0100][gc,phases     ] GC(1198)   Pre Evacuate Collection Set: 0,0ms
[2023-11-12T18:50:16.316+0100][gc,phases     ] GC(1198)   Evacuate Collection Set: 4,9ms
[2023-11-12T18:50:16.316+0100][gc,phases     ] GC(1198)   Post Evacuate Collection Set: 0,6ms
[2023-11-12T18:50:16.316+0100][gc,phases     ] GC(1198)   Other: 0,3ms
[2023-11-12T18:50:16.316+0100][gc,heap       ] GC(1198) Eden regions: 540->0(538)
[2023-11-12T18:50:16.316+0100][gc,heap       ] GC(1198) Survivor regions: 12->13(69)
[2023-11-12T18:50:16.316+0100][gc,heap       ] GC(1198) Old regions: 228->228
[2023-11-12T18:50:16.316+0100][gc,heap       ] GC(1198) Humongous regions: 129->129
[2023-11-12T18:50:16.316+0100][gc,metaspace  ] GC(1198) Metaspace: 48026K(51968K)->48026K(51968K) NonClass: 42092K(44288K)->42092K(44288K) Class: 5933K(7680K)->5933K(7680K)
[2023-11-12T18:50:16.316+0100][gc            ] GC(1198) Pause Young (Normal) (G1 Evacuation Pause) 907M->368M(1024M) 5,864ms
[2023-11-12T18:50:16.316+0100][gc,cpu        ] GC(1198) User=0,05s Sys=0,01s Real=0,01s
[2023-11-12T18:50:17.954+0100][gc,start      ] GC(1199) Pause Young (Normal) (G1 Evacuation Pause)
[2023-11-12T18:50:17.954+0100][gc,task       ] GC(1199) Using 13 workers of 13 for evacuation
[2023-11-12T18:50:17.974+0100][gc,phases     ] GC(1199)   Pre Evacuate Collection Set: 0,0ms
[2023-11-12T18:50:17.974+0100][gc,phases     ] GC(1199)   Evacuate Collection Set: 18,6ms
[2023-11-12T18:50:17.974+0100][gc,phases     ] GC(1199)   Post Evacuate Collection Set: 1,1ms
[2023-11-12T18:50:17.974+0100][gc,phases     ] GC(1199)   Other: 0,3ms
[2023-11-12T18:50:17.974+0100][gc,heap       ] GC(1199) Eden regions: 538->0(533)
[2023-11-12T18:50:17.974+0100][gc,heap       ] GC(1199) Survivor regions: 13->15(69)
[2023-11-12T18:50:17.974+0100][gc,heap       ] GC(1199) Old regions: 228->229
[2023-11-12T18:50:17.974+0100][gc,heap       ] GC(1199) Humongous regions: 129->129
[2023-11-12T18:50:17.974+0100][gc,metaspace  ] GC(1199) Metaspace: 48026K(51968K)->48026K(51968K) NonClass: 42092K(44288K)->42092K(44288K) Class: 5933K(7680K)->5933K(7680K)
[2023-11-12T18:50:17.974+0100][gc            ] GC(1199) Pause Young (Normal) (G1 Evacuation Pause) 906M->370M(1024M) 20,240ms
[2023-11-12T18:50:17.974+0100][gc,cpu        ] GC(1199) User=0,22s Sys=0,02s Real=0,02s
[2023-11-12T18:50:19.953+0100][gc,start      ] GC(1200) Pause Young (Normal) (G1 Evacuation Pause)
[2023-11-12T18:50:19.953+0100][gc,task       ] GC(1200) Using 13 workers of 13 for evacuation
[2023-11-12T18:50:19.959+0100][gc,phases     ] GC(1200)   Pre Evacuate Collection Set: 0,0ms
[2023-11-12T18:50:19.959+0100][gc,phases     ] GC(1200)   Evacuate Collection Set: 5,5ms
[2023-11-12T18:50:19.959+0100][gc,phases     ] GC(1200)   Post Evacuate Collection Set: 0,5ms
[2023-11-12T18:50:19.959+0100][gc,phases     ] GC(1200)   Other: 0,3ms
[2023-11-12T18:50:19.959+0100][gc,heap       ] GC(1200) Eden regions: 533->0(533)
[2023-11-12T18:50:19.959+0100][gc,heap       ] GC(1200) Survivor regions: 15->15(69)
[2023-11-12T18:50:19.959+0100][gc,heap       ] GC(1200) Old regions: 229->229
[2023-11-12T18:50:19.959+0100][gc,heap       ] GC(1200) Humongous regions: 129->129
[2023-11-12T18:50:19.959+0100][gc,metaspace  ] GC(1200) Metaspace: 48026K(51968K)->48026K(51968K) NonClass: 42092K(44288K)->42092K(44288K) Class: 5933K(7680K)->5933K(7680K)
[2023-11-12T18:50:19.959+0100][gc            ] GC(1200) Pause Young (Normal) (G1 Evacuation Pause) 903M->370M(1024M) 6,438ms
[2023-11-12T18:50:19.959+0100][gc,cpu        ] GC(1200) User=0,06s Sys=0,01s Real=0,01s
[2023-11-12T18:50:21.982+0100][gc,start      ] GC(1201) Pause Young (Normal) (G1 Evacuation Pause)
[2023-11-12T18:50:21.982+0100][gc,task       ] GC(1201) Using 13 workers of 13 for evacuation
[2023-11-12T18:50:21.989+0100][gc,phases     ] GC(1201)   Pre Evacuate Collection Set: 0,0ms
[2023-11-12T18:50:21.990+0100][gc,phases     ] GC(1201)   Evacuate Collection Set: 6,0ms
[2023-11-12T18:50:21.990+0100][gc,phases     ] GC(1201)   Post Evacuate Collection Set: 0,8ms
[2023-11-12T18:50:21.990+0100][gc,phases     ] GC(1201)   Other: 0,3ms
[2023-11-12T18:50:21.990+0100][gc,heap       ] GC(1201) Eden regions: 533->0(529)
[2023-11-12T18:50:21.990+0100][gc,heap       ] GC(1201) Survivor regions: 15->17(69)
[2023-11-12T18:50:21.990+0100][gc,heap       ] GC(1201) Old regions: 229->229
[2023-11-12T18:50:21.990+0100][gc,heap       ] GC(1201) Humongous regions: 129->129
[2023-11-12T18:50:21.990+0100][gc,metaspace  ] GC(1201) Metaspace: 48026K(51968K)->48026K(51968K) NonClass: 42092K(44288K)->42092K(44288K) Class: 5933K(7680K)->5933K(7680K)
[2023-11-12T18:50:21.990+0100][gc            ] GC(1201) Pause Young (Normal) (G1 Evacuation Pause) 903M->372M(1024M) 7,283ms
[2023-11-12T18:50:21.990+0100][gc,cpu        ] GC(1201) User=0,06s Sys=0,02s Real=0,00s
[2023-11-12T18:50:23.665+0100][gc,start      ] GC(1202) Pause Young (Normal) (G1 Evacuation Pause)
[2023-11-12T18:50:23.665+0100][gc,task       ] GC(1202) Using 13 workers of 13 for evacuation
[2023-11-12T18:50:23.673+0100][gc,phases     ] GC(1202)   Pre Evacuate Collection Set: 0,0ms
[2023-11-12T18:50:23.673+0100][gc,phases     ] GC(1202)   Evacuate Collection Set: 7,6ms
[2023-11-12T18:50:23.673+0100][gc,phases     ] GC(1202)   Post Evacuate Collection Set: 0,8ms
[2023-11-12T18:50:23.673+0100][gc,phases     ] GC(1202)   Other: 0,3ms
[2023-11-12T18:50:23.673+0100][gc,heap       ] GC(1202) Eden regions: 402->0(529)
[2023-11-12T18:50:23.673+0100][gc,heap       ] GC(1202) Survivor regions: 17->17(53)
[2023-11-12T18:50:23.673+0100][gc,heap       ] GC(1202) Old regions: 229->229
[2023-11-12T18:50:23.673+0100][gc,heap       ] GC(1202) Humongous regions: 129->129
[2023-11-12T18:50:23.673+0100][gc,metaspace  ] GC(1202) Metaspace: 48572K(52224K)->48572K(52224K) NonClass: 42478K(44544K)->42478K(44544K) Class: 6093K(7680K)->6093K(7680K)
[2023-11-12T18:50:23.673+0100][gc            ] GC(1202) Pause Young (Normal) (G1 Evacuation Pause) 774M->373M(1024M) 8,873ms
[2023-11-12T18:50:23.673+0100][gc,cpu        ] GC(1202) User=0,10s Sys=0,00s Real=0,01s
[2023-11-12T18:50:25.443+0100][gc,heap,exit  ] Heap
[2023-11-12T18:50:25.443+0100][gc,heap,exit  ]  garbage-first heap   total 1048576K, used 390491K [0x00000000c0000000, 0x0000000100000000)
[2023-11-12T18:50:25.443+0100][gc,heap,exit  ]   region size 1024K, 26 young (26624K), 17 survivors (17408K)
[2023-11-12T18:50:25.443+0100][gc,heap,exit  ]  Metaspace       used 48825K, capacity 52342K, committed 52608K, reserved 1093632K
[2023-11-12T18:50:25.443+0100][gc,heap,exit  ]   class space    used 6145K, capacity 7717K, committed 7808K, reserved 1048576K
