[2023-11-04T10:02:57.357+0100][gc,heap] Heap region size: 1M
[2023-11-04T10:02:57.364+0100][gc     ] Using G1
[2023-11-04T10:02:57.364+0100][gc,heap,coops] Heap address: 0x00000000e0000000, size: 512 MB, Compressed Oops mode: 32-bit
[2023-11-04T10:02:57.364+0100][gc,cds       ] Mark closed archive regions in map: [0x00000000fff00000, 0x00000000fff6bff8]
[2023-11-04T10:02:57.364+0100][gc,cds       ] Mark open archive regions in map: [0x00000000ffe00000, 0x00000000ffe47ff8]
[2023-11-04T10:02:58.080+0100][gc,start     ] GC(0) Pause Young (Normal) (G1 Evacuation Pause)
[2023-11-04T10:02:58.081+0100][gc,task      ] GC(0) Using 12 workers of 13 for evacuation
[2023-11-04T10:02:58.093+0100][gc,phases    ] GC(0)   Pre Evacuate Collection Set: 0,0ms
[2023-11-04T10:02:58.093+0100][gc,phases    ] GC(0)   Evacuate Collection Set: 10,6ms
[2023-11-04T10:02:58.093+0100][gc,phases    ] GC(0)   Post Evacuate Collection Set: 0,6ms
[2023-11-04T10:02:58.093+0100][gc,phases    ] GC(0)   Other: 1,5ms
[2023-11-04T10:02:58.093+0100][gc,heap      ] GC(0) Eden regions: 25->0(21)
[2023-11-04T10:02:58.093+0100][gc,heap      ] GC(0) Survivor regions: 0->4(4)
[2023-11-04T10:02:58.093+0100][gc,heap      ] GC(0) Old regions: 2->5
[2023-11-04T10:02:58.093+0100][gc,heap      ] GC(0) Humongous regions: 0->0
[2023-11-04T10:02:58.093+0100][gc,metaspace ] GC(0) Metaspace: 7350K(7936K)->7350K(7936K) NonClass: 6529K(6912K)->6529K(6912K) Class: 820K(1024K)->820K(1024K)
[2023-11-04T10:02:58.093+0100][gc           ] GC(0) Pause Young (Normal) (G1 Evacuation Pause) 25M->7M(512M) 12,863ms
[2023-11-04T10:02:58.093+0100][gc,cpu       ] GC(0) User=0,11s Sys=0,02s Real=0,01s
[2023-11-04T10:05:03.920+0100][gc,start     ] GC(1) Pause Young (Normal) (G1 Evacuation Pause)
[2023-11-04T10:05:03.920+0100][gc,task      ] GC(1) Using 12 workers of 13 for evacuation
[2023-11-04T10:05:03.925+0100][gc,phases    ] GC(1)   Pre Evacuate Collection Set: 0,0ms
[2023-11-04T10:05:03.926+0100][gc,phases    ] GC(1)   Evacuate Collection Set: 5,0ms
[2023-11-04T10:05:03.926+0100][gc,phases    ] GC(1)   Post Evacuate Collection Set: 0,6ms
[2023-11-04T10:05:03.926+0100][gc,phases    ] GC(1)   Other: 0,2ms
[2023-11-04T10:05:03.926+0100][gc,heap      ] GC(1) Eden regions: 21->0(23)
[2023-11-04T10:05:03.926+0100][gc,heap      ] GC(1) Survivor regions: 4->2(4)
[2023-11-04T10:05:03.926+0100][gc,heap      ] GC(1) Old regions: 5->9
[2023-11-04T10:05:03.926+0100][gc,heap      ] GC(1) Humongous regions: 0->0
[2023-11-04T10:05:03.926+0100][gc,metaspace ] GC(1) Metaspace: 9537K(10240K)->9537K(10240K) NonClass: 8557K(8960K)->8557K(8960K) Class: 980K(1280K)->980K(1280K)
[2023-11-04T10:05:03.926+0100][gc           ] GC(1) Pause Young (Normal) (G1 Evacuation Pause) 28M->8M(512M) 5,905ms
[2023-11-04T10:05:03.926+0100][gc,cpu       ] GC(1) User=0,06s Sys=0,00s Real=0,01s
[2023-11-04T11:20:59.336+0100][gc,heap,exit ] Heap
[2023-11-04T11:20:59.336+0100][gc,heap,exit ]  garbage-first heap   total 524288K, used 25389K [0x00000000e0000000, 0x0000000100000000)
[2023-11-04T11:20:59.336+0100][gc,heap,exit ]   region size 1024K, 19 young (19456K), 2 survivors (2048K)
[2023-11-04T11:20:59.336+0100][gc,heap,exit ]  Metaspace       used 9592K, capacity 10017K, committed 10240K, reserved 1058816K
[2023-11-04T11:20:59.336+0100][gc,heap,exit ]   class space    used 981K, capacity 1153K, committed 1280K, reserved 1048576K
