[2023-11-02T10:08:50.655+0100][gc,heap] Heap region size: 1M
[2023-11-02T10:08:50.662+0100][gc     ] Using G1
[2023-11-02T10:08:50.662+0100][gc,heap,coops] Heap address: 0x00000000e0000000, size: 512 MB, Compressed Oops mode: 32-bit
[2023-11-02T10:08:50.662+0100][gc,cds       ] Mark closed archive regions in map: [0x00000000fff00000, 0x00000000fff6bff8]
[2023-11-02T10:08:50.662+0100][gc,cds       ] Mark open archive regions in map: [0x00000000ffe00000, 0x00000000ffe47ff8]
[2023-11-02T10:08:51.402+0100][gc,start     ] GC(0) Pause Young (Normal) (G1 Evacuation Pause)
[2023-11-02T10:08:51.403+0100][gc,task      ] GC(0) Using 12 workers of 13 for evacuation
[2023-11-02T10:08:51.413+0100][gc,phases    ] GC(0)   Pre Evacuate Collection Set: 0,0ms
[2023-11-02T10:08:51.413+0100][gc,phases    ] GC(0)   Evacuate Collection Set: 9,0ms
[2023-11-02T10:08:51.413+0100][gc,phases    ] GC(0)   Post Evacuate Collection Set: 0,6ms
[2023-11-02T10:08:51.413+0100][gc,phases    ] GC(0)   Other: 1,3ms
[2023-11-02T10:08:51.413+0100][gc,heap      ] GC(0) Eden regions: 25->0(21)
[2023-11-02T10:08:51.413+0100][gc,heap      ] GC(0) Survivor regions: 0->4(4)
[2023-11-02T10:08:51.413+0100][gc,heap      ] GC(0) Old regions: 2->6
[2023-11-02T10:08:51.413+0100][gc,heap      ] GC(0) Humongous regions: 0->0
[2023-11-02T10:08:51.413+0100][gc,metaspace ] GC(0) Metaspace: 7432K(7936K)->7432K(7936K) NonClass: 6606K(6912K)->6606K(6912K) Class: 825K(1024K)->825K(1024K)
[2023-11-02T10:08:51.413+0100][gc           ] GC(0) Pause Young (Normal) (G1 Evacuation Pause) 25M->7M(512M) 11,050ms
[2023-11-02T10:08:51.413+0100][gc,cpu       ] GC(0) User=0,10s Sys=0,01s Real=0,01s
[2023-11-02T10:12:58.175+0100][gc,start     ] GC(1) Pause Young (Normal) (G1 Evacuation Pause)
[2023-11-02T10:12:58.175+0100][gc,task      ] GC(1) Using 12 workers of 13 for evacuation
[2023-11-02T10:12:58.181+0100][gc,phases    ] GC(1)   Pre Evacuate Collection Set: 0,0ms
[2023-11-02T10:12:58.181+0100][gc,phases    ] GC(1)   Evacuate Collection Set: 5,3ms
[2023-11-02T10:12:58.181+0100][gc,phases    ] GC(1)   Post Evacuate Collection Set: 0,6ms
[2023-11-02T10:12:58.181+0100][gc,phases    ] GC(1)   Other: 0,2ms
[2023-11-02T10:12:58.181+0100][gc,heap      ] GC(1) Eden regions: 21->0(23)
[2023-11-02T10:12:58.181+0100][gc,heap      ] GC(1) Survivor regions: 4->2(4)
[2023-11-02T10:12:58.181+0100][gc,heap      ] GC(1) Old regions: 6->9
[2023-11-02T10:12:58.181+0100][gc,heap      ] GC(1) Humongous regions: 0->0
[2023-11-02T10:12:58.181+0100][gc,metaspace ] GC(1) Metaspace: 9530K(10240K)->9530K(10240K) NonClass: 8549K(8960K)->8549K(8960K) Class: 980K(1280K)->980K(1280K)
[2023-11-02T10:12:58.181+0100][gc           ] GC(1) Pause Young (Normal) (G1 Evacuation Pause) 28M->8M(512M) 6,220ms
[2023-11-02T10:12:58.181+0100][gc,cpu       ] GC(1) User=0,04s Sys=0,00s Real=0,01s
[2023-11-02T12:42:42.736+0100][gc,heap,exit ] Heap
[2023-11-02T12:42:42.736+0100][gc,heap,exit ]  garbage-first heap   total 524288K, used 23195K [0x00000000e0000000, 0x0000000100000000)
[2023-11-02T12:42:42.736+0100][gc,heap,exit ]   region size 1024K, 17 young (17408K), 2 survivors (2048K)
[2023-11-02T12:42:42.736+0100][gc,heap,exit ]  Metaspace       used 9601K, capacity 10081K, committed 10496K, reserved 1058816K
[2023-11-02T12:42:42.736+0100][gc,heap,exit ]   class space    used 981K, capacity 1153K, committed 1280K, reserved 1048576K
