[2023-11-10T08:57:08.857+0100][gc,heap] Heap region size: 1M
[2023-11-10T08:57:08.864+0100][gc     ] Using G1
[2023-11-10T08:57:08.864+0100][gc,heap,coops] Heap address: 0x00000000e0000000, size: 512 MB, Compressed Oops mode: 32-bit
[2023-11-10T08:57:08.865+0100][gc,cds       ] Mark closed archive regions in map: [0x00000000fff00000, 0x00000000fff6bff8]
[2023-11-10T08:57:08.865+0100][gc,cds       ] Mark open archive regions in map: [0x00000000ffe00000, 0x00000000ffe47ff8]
[2023-11-10T08:57:09.588+0100][gc,start     ] GC(0) Pause Young (Normal) (G1 Evacuation Pause)
[2023-11-10T08:57:09.589+0100][gc,task      ] GC(0) Using 12 workers of 13 for evacuation
[2023-11-10T08:57:09.602+0100][gc,phases    ] GC(0)   Pre Evacuate Collection Set: 0,0ms
[2023-11-10T08:57:09.602+0100][gc,phases    ] GC(0)   Evacuate Collection Set: 11,9ms
[2023-11-10T08:57:09.602+0100][gc,phases    ] GC(0)   Post Evacuate Collection Set: 0,5ms
[2023-11-10T08:57:09.602+0100][gc,phases    ] GC(0)   Other: 1,5ms
[2023-11-10T08:57:09.602+0100][gc,heap      ] GC(0) Eden regions: 25->0(21)
[2023-11-10T08:57:09.602+0100][gc,heap      ] GC(0) Survivor regions: 0->4(4)
[2023-11-10T08:57:09.602+0100][gc,heap      ] GC(0) Old regions: 2->5
[2023-11-10T08:57:09.602+0100][gc,heap      ] GC(0) Humongous regions: 0->0
[2023-11-10T08:57:09.602+0100][gc,metaspace ] GC(0) Metaspace: 7346K(7936K)->7346K(7936K) NonClass: 6525K(6912K)->6525K(6912K) Class: 820K(1024K)->820K(1024K)
[2023-11-10T08:57:09.602+0100][gc           ] GC(0) Pause Young (Normal) (G1 Evacuation Pause) 25M->7M(512M) 14,049ms
[2023-11-10T08:57:09.602+0100][gc,cpu       ] GC(0) User=0,12s Sys=0,01s Real=0,02s
[2023-11-10T08:57:32.932+0100][gc,start     ] GC(1) Pause Young (Normal) (G1 Evacuation Pause)
[2023-11-10T08:57:32.932+0100][gc,task      ] GC(1) Using 12 workers of 13 for evacuation
[2023-11-10T08:57:32.938+0100][gc,phases    ] GC(1)   Pre Evacuate Collection Set: 0,0ms
[2023-11-10T08:57:32.939+0100][gc,phases    ] GC(1)   Evacuate Collection Set: 5,9ms
[2023-11-10T08:57:32.939+0100][gc,phases    ] GC(1)   Post Evacuate Collection Set: 0,6ms
[2023-11-10T08:57:32.939+0100][gc,phases    ] GC(1)   Other: 0,3ms
[2023-11-10T08:57:32.939+0100][gc,heap      ] GC(1) Eden regions: 21->0(23)
[2023-11-10T08:57:32.939+0100][gc,heap      ] GC(1) Survivor regions: 4->2(4)
[2023-11-10T08:57:32.939+0100][gc,heap      ] GC(1) Old regions: 5->10
[2023-11-10T08:57:32.939+0100][gc,heap      ] GC(1) Humongous regions: 0->0
[2023-11-10T08:57:32.939+0100][gc,metaspace ] GC(1) Metaspace: 9531K(10240K)->9531K(10240K) NonClass: 8550K(8960K)->8550K(8960K) Class: 980K(1280K)->980K(1280K)
[2023-11-10T08:57:32.939+0100][gc           ] GC(1) Pause Young (Normal) (G1 Evacuation Pause) 28M->8M(512M) 6,868ms
[2023-11-10T08:57:32.939+0100][gc,cpu       ] GC(1) User=0,04s Sys=0,01s Real=0,00s
[2023-11-10T10:17:55.216+0100][gc,start     ] GC(2) Pause Young (Normal) (G1 Evacuation Pause)
[2023-11-10T10:17:55.216+0100][gc,task      ] GC(2) Using 12 workers of 13 for evacuation
[2023-11-10T10:17:55.219+0100][gc,phases    ] GC(2)   Pre Evacuate Collection Set: 0,0ms
[2023-11-10T10:17:55.219+0100][gc,phases    ] GC(2)   Evacuate Collection Set: 2,0ms
[2023-11-10T10:17:55.219+0100][gc,phases    ] GC(2)   Post Evacuate Collection Set: 0,4ms
[2023-11-10T10:17:55.219+0100][gc,phases    ] GC(2)   Other: 0,3ms
[2023-11-10T10:17:55.219+0100][gc,heap      ] GC(2) Eden regions: 23->0(23)
[2023-11-10T10:17:55.219+0100][gc,heap      ] GC(2) Survivor regions: 2->2(4)
[2023-11-10T10:17:55.219+0100][gc,heap      ] GC(2) Old regions: 10->10
[2023-11-10T10:17:55.219+0100][gc,heap      ] GC(2) Humongous regions: 0->0
[2023-11-10T10:17:55.219+0100][gc,metaspace ] GC(2) Metaspace: 9581K(10240K)->9581K(10240K) NonClass: 8600K(8960K)->8600K(8960K) Class: 980K(1280K)->980K(1280K)
[2023-11-10T10:17:55.219+0100][gc           ] GC(2) Pause Young (Normal) (G1 Evacuation Pause) 31M->9M(512M) 2,816ms
[2023-11-10T10:17:55.219+0100][gc,cpu       ] GC(2) User=0,01s Sys=0,00s Real=0,00s
[2023-11-10T10:26:01.608+0100][gc,heap,exit ] Heap
[2023-11-10T10:26:01.608+0100][gc,heap,exit ]  garbage-first heap   total 524288K, used 24992K [0x00000000e0000000, 0x0000000100000000)
[2023-11-10T10:26:01.608+0100][gc,heap,exit ]   region size 1024K, 18 young (18432K), 2 survivors (2048K)
[2023-11-10T10:26:01.608+0100][gc,heap,exit ]  Metaspace       used 9598K, capacity 10017K, committed 10240K, reserved 1058816K
[2023-11-10T10:26:01.608+0100][gc,heap,exit ]   class space    used 981K, capacity 1153K, committed 1280K, reserved 1048576K
