[2023-11-12T17:34:56.296+0100][gc,heap] Heap region size: 1M
[2023-11-12T17:34:56.304+0100][gc     ] Using G1
[2023-11-12T17:34:56.304+0100][gc,heap,coops] Heap address: 0x00000000e0000000, size: 512 MB, Compressed Oops mode: 32-bit
[2023-11-12T17:34:56.305+0100][gc,cds       ] Mark closed archive regions in map: [0x00000000fff00000, 0x00000000fff6bff8]
[2023-11-12T17:34:56.305+0100][gc,cds       ] Mark open archive regions in map: [0x00000000ffe00000, 0x00000000ffe47ff8]
[2023-11-12T17:34:57.079+0100][gc,start     ] GC(0) Pause Young (Normal) (G1 Evacuation Pause)
[2023-11-12T17:34:57.080+0100][gc,task      ] GC(0) Using 12 workers of 13 for evacuation
[2023-11-12T17:34:57.091+0100][gc,phases    ] GC(0)   Pre Evacuate Collection Set: 0,0ms
[2023-11-12T17:34:57.092+0100][gc,phases    ] GC(0)   Evacuate Collection Set: 10,1ms
[2023-11-12T17:34:57.092+0100][gc,phases    ] GC(0)   Post Evacuate Collection Set: 0,7ms
[2023-11-12T17:34:57.092+0100][gc,phases    ] GC(0)   Other: 1,8ms
[2023-11-12T17:34:57.092+0100][gc,heap      ] GC(0) Eden regions: 25->0(21)
[2023-11-12T17:34:57.092+0100][gc,heap      ] GC(0) Survivor regions: 0->4(4)
[2023-11-12T17:34:57.092+0100][gc,heap      ] GC(0) Old regions: 2->5
[2023-11-12T17:34:57.092+0100][gc,heap      ] GC(0) Humongous regions: 0->0
[2023-11-12T17:34:57.092+0100][gc,metaspace ] GC(0) Metaspace: 7411K(7936K)->7411K(7936K) NonClass: 6588K(6912K)->6588K(6912K) Class: 823K(1024K)->823K(1024K)
[2023-11-12T17:34:57.092+0100][gc           ] GC(0) Pause Young (Normal) (G1 Evacuation Pause) 25M->7M(512M) 12,772ms
[2023-11-12T17:34:57.092+0100][gc,cpu       ] GC(0) User=0,11s Sys=0,01s Real=0,01s
[2023-11-12T17:35:28.813+0100][gc,start     ] GC(1) Pause Young (Normal) (G1 Evacuation Pause)
[2023-11-12T17:35:28.813+0100][gc,task      ] GC(1) Using 12 workers of 13 for evacuation
[2023-11-12T17:35:28.819+0100][gc,phases    ] GC(1)   Pre Evacuate Collection Set: 0,0ms
[2023-11-12T17:35:28.819+0100][gc,phases    ] GC(1)   Evacuate Collection Set: 5,2ms
[2023-11-12T17:35:28.819+0100][gc,phases    ] GC(1)   Post Evacuate Collection Set: 0,8ms
[2023-11-12T17:35:28.819+0100][gc,phases    ] GC(1)   Other: 0,3ms
[2023-11-12T17:35:28.819+0100][gc,heap      ] GC(1) Eden regions: 21->0(23)
[2023-11-12T17:35:28.819+0100][gc,heap      ] GC(1) Survivor regions: 4->2(4)
[2023-11-12T17:35:28.819+0100][gc,heap      ] GC(1) Old regions: 5->9
[2023-11-12T17:35:28.819+0100][gc,heap      ] GC(1) Humongous regions: 0->0
[2023-11-12T17:35:28.819+0100][gc,metaspace ] GC(1) Metaspace: 9513K(10240K)->9513K(10240K) NonClass: 8532K(8960K)->8532K(8960K) Class: 980K(1280K)->980K(1280K)
[2023-11-12T17:35:28.819+0100][gc           ] GC(1) Pause Young (Normal) (G1 Evacuation Pause) 28M->8M(512M) 6,481ms
[2023-11-12T17:35:28.819+0100][gc,cpu       ] GC(1) User=0,04s Sys=0,03s Real=0,01s
[2023-11-12T18:33:39.585+0100][gc,start     ] GC(2) Pause Young (Normal) (G1 Evacuation Pause)
[2023-11-12T18:33:39.585+0100][gc,task      ] GC(2) Using 12 workers of 13 for evacuation
[2023-11-12T18:33:39.587+0100][gc,phases    ] GC(2)   Pre Evacuate Collection Set: 0,0ms
[2023-11-12T18:33:39.587+0100][gc,phases    ] GC(2)   Evacuate Collection Set: 1,2ms
[2023-11-12T18:33:39.587+0100][gc,phases    ] GC(2)   Post Evacuate Collection Set: 0,4ms
[2023-11-12T18:33:39.587+0100][gc,phases    ] GC(2)   Other: 0,3ms
[2023-11-12T18:33:39.587+0100][gc,heap      ] GC(2) Eden regions: 23->0(23)
[2023-11-12T18:33:39.587+0100][gc,heap      ] GC(2) Survivor regions: 2->2(4)
[2023-11-12T18:33:39.587+0100][gc,heap      ] GC(2) Old regions: 9->9
[2023-11-12T18:33:39.587+0100][gc,heap      ] GC(2) Humongous regions: 0->0
[2023-11-12T18:33:39.587+0100][gc,metaspace ] GC(2) Metaspace: 9585K(10240K)->9585K(10240K) NonClass: 8604K(8960K)->8604K(8960K) Class: 980K(1280K)->980K(1280K)
[2023-11-12T18:33:39.587+0100][gc           ] GC(2) Pause Young (Normal) (G1 Evacuation Pause) 31M->9M(512M) 2,107ms
[2023-11-12T18:33:39.587+0100][gc,cpu       ] GC(2) User=0,01s Sys=0,01s Real=0,00s
[2023-11-12T18:33:51.466+0100][gc,start     ] GC(3) Pause Young (Normal) (G1 Evacuation Pause)
[2023-11-12T18:33:51.466+0100][gc,task      ] GC(3) Using 12 workers of 13 for evacuation
[2023-11-12T18:33:51.470+0100][gc,phases    ] GC(3)   Pre Evacuate Collection Set: 0,0ms
[2023-11-12T18:33:51.470+0100][gc,phases    ] GC(3)   Evacuate Collection Set: 2,2ms
[2023-11-12T18:33:51.470+0100][gc,phases    ] GC(3)   Post Evacuate Collection Set: 1,6ms
[2023-11-12T18:33:51.470+0100][gc,phases    ] GC(3)   Other: 0,3ms
[2023-11-12T18:33:51.470+0100][gc,heap      ] GC(3) Eden regions: 23->0(23)
[2023-11-12T18:33:51.470+0100][gc,heap      ] GC(3) Survivor regions: 2->2(4)
[2023-11-12T18:33:51.471+0100][gc,heap      ] GC(3) Old regions: 9->9
[2023-11-12T18:33:51.471+0100][gc,heap      ] GC(3) Humongous regions: 0->0
[2023-11-12T18:33:51.471+0100][gc,metaspace ] GC(3) Metaspace: 9604K(10240K)->9604K(10240K) NonClass: 8623K(8960K)->8623K(8960K) Class: 981K(1280K)->981K(1280K)
[2023-11-12T18:33:51.471+0100][gc           ] GC(3) Pause Young (Normal) (G1 Evacuation Pause) 32M->9M(512M) 4,323ms
[2023-11-12T18:33:51.471+0100][gc,cpu       ] GC(3) User=0,03s Sys=0,00s Real=0,00s
[2023-11-12T18:34:15.483+0100][gc,start     ] GC(4) Pause Young (Normal) (G1 Evacuation Pause)
[2023-11-12T18:34:15.483+0100][gc,task      ] GC(4) Using 12 workers of 13 for evacuation
[2023-11-12T18:34:15.485+0100][gc,phases    ] GC(4)   Pre Evacuate Collection Set: 0,0ms
[2023-11-12T18:34:15.485+0100][gc,phases    ] GC(4)   Evacuate Collection Set: 1,1ms
[2023-11-12T18:34:15.485+0100][gc,phases    ] GC(4)   Post Evacuate Collection Set: 1,3ms
[2023-11-12T18:34:15.485+0100][gc,phases    ] GC(4)   Other: 0,4ms
[2023-11-12T18:34:15.485+0100][gc,heap      ] GC(4) Eden regions: 23->0(23)
[2023-11-12T18:34:15.485+0100][gc,heap      ] GC(4) Survivor regions: 2->2(4)
[2023-11-12T18:34:15.485+0100][gc,heap      ] GC(4) Old regions: 9->9
[2023-11-12T18:34:15.485+0100][gc,heap      ] GC(4) Humongous regions: 0->0
[2023-11-12T18:34:15.485+0100][gc,metaspace ] GC(4) Metaspace: 9606K(10240K)->9606K(10240K) NonClass: 8625K(8960K)->8625K(8960K) Class: 981K(1280K)->981K(1280K)
[2023-11-12T18:34:15.486+0100][gc           ] GC(4) Pause Young (Normal) (G1 Evacuation Pause) 32M->9M(512M) 3,024ms
[2023-11-12T18:34:15.486+0100][gc,cpu       ] GC(4) User=0,02s Sys=0,00s Real=0,00s
[2023-11-12T18:50:22.255+0100][gc,heap,exit ] Heap
[2023-11-12T18:50:22.255+0100][gc,heap,exit ]  garbage-first heap   total 524288K, used 23742K [0x00000000e0000000, 0x0000000100000000)
[2023-11-12T18:50:22.255+0100][gc,heap,exit ]   region size 1024K, 17 young (17408K), 2 survivors (2048K)
[2023-11-12T18:50:22.255+0100][gc,heap,exit ]  Metaspace       used 9612K, capacity 10017K, committed 10240K, reserved 1058816K
[2023-11-12T18:50:22.255+0100][gc,heap,exit ]   class space    used 981K, capacity 1153K, committed 1280K, reserved 1048576K
