[2023-11-01T17:51:29.171+0100][gc,heap] Heap region size: 1M
[2023-11-01T17:51:29.179+0100][gc     ] Using G1
[2023-11-01T17:51:29.179+0100][gc,heap,coops] Heap address: 0x00000000e0000000, size: 512 MB, Compressed Oops mode: 32-bit
[2023-11-01T17:51:29.180+0100][gc,cds       ] Mark closed archive regions in map: [0x00000000fff00000, 0x00000000fff6bff8]
[2023-11-01T17:51:29.180+0100][gc,cds       ] Mark open archive regions in map: [0x00000000ffe00000, 0x00000000ffe47ff8]
[2023-11-01T17:51:29.795+0100][gc,start     ] GC(0) Pause Young (Normal) (G1 Evacuation Pause)
[2023-11-01T17:51:29.796+0100][gc,task      ] GC(0) Using 12 workers of 13 for evacuation
[2023-11-01T17:51:29.808+0100][gc,phases    ] GC(0)   Pre Evacuate Collection Set: 0,0ms
[2023-11-01T17:51:29.808+0100][gc,phases    ] GC(0)   Evacuate Collection Set: 10,7ms
[2023-11-01T17:51:29.808+0100][gc,phases    ] GC(0)   Post Evacuate Collection Set: 0,6ms
[2023-11-01T17:51:29.808+0100][gc,phases    ] GC(0)   Other: 1,2ms
[2023-11-01T17:51:29.808+0100][gc,heap      ] GC(0) Eden regions: 25->0(21)
[2023-11-01T17:51:29.808+0100][gc,heap      ] GC(0) Survivor regions: 0->4(4)
[2023-11-01T17:51:29.808+0100][gc,heap      ] GC(0) Old regions: 2->5
[2023-11-01T17:51:29.808+0100][gc,heap      ] GC(0) Humongous regions: 0->0
[2023-11-01T17:51:29.808+0100][gc,metaspace ] GC(0) Metaspace: 7419K(7936K)->7419K(7936K) NonClass: 6595K(6912K)->6595K(6912K) Class: 824K(1024K)->824K(1024K)
[2023-11-01T17:51:29.808+0100][gc           ] GC(0) Pause Young (Normal) (G1 Evacuation Pause) 25M->7M(512M) 12,609ms
[2023-11-01T17:51:29.808+0100][gc,cpu       ] GC(0) User=0,12s Sys=0,00s Real=0,01s
[2023-11-01T19:39:59.798+0100][gc,start     ] GC(1) Pause Young (Normal) (G1 Evacuation Pause)
[2023-11-01T19:39:59.798+0100][gc,task      ] GC(1) Using 12 workers of 13 for evacuation
[2023-11-01T19:39:59.805+0100][gc,phases    ] GC(1)   Pre Evacuate Collection Set: 0,0ms
[2023-11-01T19:39:59.805+0100][gc,phases    ] GC(1)   Evacuate Collection Set: 6,4ms
[2023-11-01T19:39:59.805+0100][gc,phases    ] GC(1)   Post Evacuate Collection Set: 0,5ms
[2023-11-01T19:39:59.805+0100][gc,phases    ] GC(1)   Other: 0,2ms
[2023-11-01T19:39:59.805+0100][gc,heap      ] GC(1) Eden regions: 21->0(23)
[2023-11-01T19:39:59.805+0100][gc,heap      ] GC(1) Survivor regions: 4->2(4)
[2023-11-01T19:39:59.805+0100][gc,heap      ] GC(1) Old regions: 5->9
[2023-11-01T19:39:59.805+0100][gc,heap      ] GC(1) Humongous regions: 0->0
[2023-11-01T19:39:59.805+0100][gc,metaspace ] GC(1) Metaspace: 9416K(10240K)->9416K(10240K) NonClass: 8433K(8960K)->8433K(8960K) Class: 982K(1280K)->982K(1280K)
[2023-11-01T19:39:59.805+0100][gc           ] GC(1) Pause Young (Normal) (G1 Evacuation Pause) 28M->8M(512M) 7,248ms
[2023-11-01T19:39:59.805+0100][gc,cpu       ] GC(1) User=0,06s Sys=0,02s Real=0,01s
[2023-11-01T21:08:25.292+0100][gc,heap,exit ] Heap
[2023-11-01T21:08:25.292+0100][gc,heap,exit ]  garbage-first heap   total 524288K, used 15050K [0x00000000e0000000, 0x0000000100000000)
[2023-11-01T21:08:25.292+0100][gc,heap,exit ]   region size 1024K, 9 young (9216K), 2 survivors (2048K)
[2023-11-01T21:08:25.292+0100][gc,heap,exit ]  Metaspace       used 9427K, capacity 9824K, committed 10240K, reserved 1058816K
[2023-11-01T21:08:25.292+0100][gc,heap,exit ]   class space    used 983K, capacity 1153K, committed 1280K, reserved 1048576K
