[2023-10-31T10:31:02.290+0100][gc,heap] Heap region size: 1M
[2023-10-31T10:31:02.297+0100][gc     ] Using G1
[2023-10-31T10:31:02.297+0100][gc,heap,coops] Heap address: 0x00000000e0000000, size: 512 MB, Compressed Oops mode: 32-bit
[2023-10-31T10:31:02.298+0100][gc,cds       ] Mark closed archive regions in map: [0x00000000fff00000, 0x00000000fff6aff8]
[2023-10-31T10:31:02.298+0100][gc,cds       ] Mark open archive regions in map: [0x00000000ffe00000, 0x00000000ffe46ff8]
[2023-10-31T10:31:03.040+0100][gc,start     ] GC(0) Pause Young (Normal) (G1 Evacuation Pause)
[2023-10-31T10:31:03.042+0100][gc,task      ] GC(0) Using 12 workers of 13 for evacuation
[2023-10-31T10:31:03.055+0100][gc,phases    ] GC(0)   Pre Evacuate Collection Set: 0,0ms
[2023-10-31T10:31:03.055+0100][gc,phases    ] GC(0)   Evacuate Collection Set: 12,4ms
[2023-10-31T10:31:03.055+0100][gc,phases    ] GC(0)   Post Evacuate Collection Set: 0,6ms
[2023-10-31T10:31:03.055+0100][gc,phases    ] GC(0)   Other: 1,5ms
[2023-10-31T10:31:03.055+0100][gc,heap      ] GC(0) Eden regions: 25->0(21)
[2023-10-31T10:31:03.055+0100][gc,heap      ] GC(0) Survivor regions: 0->4(4)
[2023-10-31T10:31:03.055+0100][gc,heap      ] GC(0) Old regions: 2->5
[2023-10-31T10:31:03.055+0100][gc,heap      ] GC(0) Humongous regions: 0->0
[2023-10-31T10:31:03.055+0100][gc,metaspace ] GC(0) Metaspace: 7427K(7936K)->7427K(7936K) NonClass: 6602K(6912K)->6602K(6912K) Class: 824K(1024K)->824K(1024K)
[2023-10-31T10:31:03.055+0100][gc           ] GC(0) Pause Young (Normal) (G1 Evacuation Pause) 25M->7M(512M) 14,572ms
[2023-10-31T10:31:03.055+0100][gc,cpu       ] GC(0) User=0,12s Sys=0,02s Real=0,02s
[2023-10-31T10:45:17.281+0100][gc,heap,exit ] Heap
[2023-10-31T10:45:17.281+0100][gc,heap,exit ]  garbage-first heap   total 524288K, used 20955K [0x00000000e0000000, 0x0000000100000000)
[2023-10-31T10:45:17.281+0100][gc,heap,exit ]   region size 1024K, 18 young (18432K), 4 survivors (4096K)
[2023-10-31T10:45:17.281+0100][gc,heap,exit ]  Metaspace       used 9076K, capacity 9504K, committed 9728K, reserved 1058816K
[2023-10-31T10:45:17.281+0100][gc,heap,exit ]   class space    used 981K, capacity 1153K, committed 1280K, reserved 1048576K
